--------- beginning of main
08-18 19:46:01.259  2043  2043 D AndroidRuntime: >>>>>> START com.android.internal.os.RuntimeInit uid 0 <<<<<<
08-18 19:46:01.260  2043  2043 D AndroidRuntime: CheckJNI is OFF
08-18 19:46:01.272  2043  2043 D ICU     : No timezone override file found: /data/misc/zoneinfo/current/icu/icu_tzdata.dat
08-18 19:46:01.287  2043  2043 E memtrack: Couldn't load memtrack module (No such file or directory)
08-18 19:46:01.287  2043  2043 E android.os.Debug: failed to load memtrack module: -2
08-18 19:46:01.289  2043  2043 I Radio-JNI: register_android_hardware_Radio DONE
08-18 19:46:01.296  2043  2043 D AndroidRuntime: Calling main entry com.android.commands.pm.Pm
08-18 19:46:01.302   623  1856 I PackageManager: Package doesn't exist in get block uninstall com.uberspot.a2048
--------- beginning of system
08-18 19:46:01.303   623   646 W PackageManager: Package named 'com.uberspot.a2048' doesn't exist.
08-18 19:46:01.303   623   646 I art     : Starting a blocking GC Explicit
08-18 19:46:01.312   623   646 I art     : Explicit concurrent mark sweep GC freed 31174(1835KB) AllocSpace objects, 3(72KB) LOS objects, 33% free, 5MB/8MB, paused 409us total 8.942ms
08-18 19:46:01.313  2043  2043 E Pm      : Failure details: Bundle[{android.content.pm.extra.STATUS=1, android.content.pm.extra.PACKAGE_NAME=com.uberspot.a2048, android.content.pm.extra.LEGACY_STATUS=-1, android.content.pm.extra.STATUS_MESSAGE=DELETE_FAILED_INTERNAL_ERROR}]
08-18 19:46:01.319  2043  2043 I art     : System.exit called, status: 1
08-18 19:46:01.319  2043  2043 I AndroidRuntime: VM exiting with result code 1.
08-18 19:46:01.634  2056  2056 D AndroidRuntime: >>>>>> START com.android.internal.os.RuntimeInit uid 0 <<<<<<
08-18 19:46:01.636  2056  2056 D AndroidRuntime: CheckJNI is OFF
08-18 19:46:01.647  2056  2056 D ICU     : No timezone override file found: /data/misc/zoneinfo/current/icu/icu_tzdata.dat
08-18 19:46:01.663  2056  2056 E memtrack: Couldn't load memtrack module (No such file or directory)
08-18 19:46:01.663  2056  2056 E android.os.Debug: failed to load memtrack module: -2
08-18 19:46:01.664  2056  2056 I Radio-JNI: register_android_hardware_Radio DONE
08-18 19:46:01.675  2056  2056 D AndroidRuntime: Calling main entry com.android.commands.pm.Pm
08-18 19:46:01.694   623   646 I ActivityManager: Start proc 2064:com.android.defcontainer/u0a4 for service com.android.defcontainer/.DefaultContainerService
08-18 19:46:01.722  2064  2064 E libprocessgroup: failed to make and chown /acct/uid_10004: Read-only file system
08-18 19:46:01.722  2064  2064 W Zygote  : createProcessGroup failed, kernel missing CONFIG_CGROUP_CPUACCT?
08-18 19:46:01.743  2064  2075 D DefContainer: Copying /data/local/tmp/2048-debug_TAINT.apk to base.apk
08-18 19:46:01.762   623   646 I PackageManager.DexOptimizer: Running dexopt (dex2oat) on: /data/app/vmdl2053676562.tmp/base.apk pkg=com.uberspot.a2048 isa=x86 vmSafeMode=false debuggable=true oatDir = /data/app/vmdl2053676562.tmp/oat
08-18 19:46:01.770  2078  2078 W dex2oat : Unexpected CPU variant for X86 using defaults: x86
08-18 19:46:01.770  2078  2078 I dex2oat : /system/bin/dex2oat --debuggable
08-18 19:46:01.771  2078  2078 E cutils-trace: Error opening trace file: Permission denied (13)
08-18 19:46:02.098  2078  2078 I dex2oat : dex2oat took 327.541ms (threads: 4) arena alloc=205KB java alloc=1302KB native alloc=7MB free=2MB
08-18 19:46:02.136   623   646 V BackupManagerService: restoreAtInstall pkg=com.uberspot.a2048 token=1 restoreSet=0
08-18 19:46:02.137   623   646 V BackupManagerService: Finishing install immediately
08-18 19:46:02.137   623   646 W Settings: Setting install_non_market_apps has moved from android.provider.Settings.Global to android.provider.Settings.Secure, returning read-only value.
08-18 19:46:02.137   623   646 I art     : Starting a blocking GC Explicit
08-18 19:46:02.145   623   646 I art     : Explicit concurrent mark sweep GC freed 16397(1022KB) AllocSpace objects, 7(140KB) LOS objects, 33% free, 5MB/8MB, paused 236us total 7.913ms
08-18 19:46:02.154   623   675 I InputReader: Reconfiguring input devices.  changes=0x00000010
08-18 19:46:02.154  2056  2056 I art     : System.exit called, status: 0
08-18 19:46:02.154  2056  2056 I AndroidRuntime: VM exiting with result code 0.
08-18 19:46:02.172  1040  1040 D CarrierServiceBindHelper: Receive action: android.intent.action.PACKAGE_ADDED
08-18 19:46:02.193  1040  1040 D CarrierServiceBindHelper: mHandler: 3
08-18 19:46:02.196  1040  1040 D CarrierConfigLoader: mHandler: 9 phoneId: 0
08-18 19:46:02.232   623  1429 I ActivityManager: Start proc 2099:com.svox.pico/u0a50 for broadcast com.svox.pico/.VoiceDataInstallerReceiver
08-18 19:46:02.235   623   636 W VoiceInteractionManagerService: no available voice recognition services found for user 0
08-18 19:46:02.269  2099  2099 E libprocessgroup: failed to make and chown /acct/uid_10050: Read-only file system
08-18 19:46:02.269  2099  2099 W Zygote  : createProcessGroup failed, kernel missing CONFIG_CGROUP_CPUACCT?
08-18 19:46:02.319   623  1428 I ActivityManager: Killing 1821:com.android.managedprovisioning/u0a9 (adj 15): empty #17
08-18 19:46:02.319   623  1428 W libprocessgroup: failed to open /acct/uid_10009/pid_1821/cgroup.procs: No such file or directory
08-18 19:46:02.429  2105  2105 D AndroidRuntime: >>>>>> START com.android.internal.os.RuntimeInit uid 0 <<<<<<
08-18 19:46:02.430  2105  2105 D AndroidRuntime: CheckJNI is OFF
08-18 19:46:02.444  2105  2105 D ICU     : No timezone override file found: /data/misc/zoneinfo/current/icu/icu_tzdata.dat
08-18 19:46:02.456  2105  2105 E memtrack: Couldn't load memtrack module (No such file or directory)
08-18 19:46:02.456  2105  2105 E android.os.Debug: failed to load memtrack module: -2
08-18 19:46:02.457  2105  2105 I Radio-JNI: register_android_hardware_Radio DONE
08-18 19:46:02.463  2105  2105 D AndroidRuntime: Calling main entry com.android.commands.monkey.Monkey
08-18 19:46:02.472   623   637 W BroadcastQueue: Skipping deliver [background] BroadcastRecord{2834c62 u-1 android.net.conn.CONNECTIVITY_CHANGE} to ReceiverList{8f991f3 2105 (unknown name)/0/u-1 remote:a4a6244}: process crashing
08-18 19:46:02.477   623   635 I ActivityManager: START u0 {act=android.intent.action.MAIN cat=[android.intent.category.LAUNCHER] flg=0x10200000 cmp=com.uberspot.a2048/.MainActivity} from uid 0 on display 0
08-18 19:46:02.498   623   764 I ActivityManager: Start proc 2125:com.uberspot.a2048/u0a60 for activity com.uberspot.a2048/.MainActivity
08-18 19:46:02.511  2105  2105 I art     : System.exit called, status: 0
08-18 19:46:02.513  2105  2105 I AndroidRuntime: VM exiting with result code 0.
08-18 19:46:02.556  2125  2125 E libprocessgroup: failed to make and chown /acct/uid_10060: Read-only file system
08-18 19:46:02.556  2125  2125 W Zygote  : createProcessGroup failed, kernel missing CONFIG_CGROUP_CPUACCT?
08-18 19:46:02.556  2125  2125 I art     : Late-enabling -Xcheck:jni
08-18 19:46:03.059  2125  2125 W System  : ClassLoader referenced unknown path: /data/app/com.uberspot.a2048-1/lib/x86
08-18 19:46:03.125  2125  2125 D leak-0-0: 0
08-18 19:46:03.125  2125  2125 D leak-2-0: 2
08-18 19:46:03.125  2125  2125 D leak-3-0: 3
08-18 19:46:03.125  2125  2125 D leak-4-0: 4
08-18 19:46:03.125  2125  2125 D leak-5-0: 5
08-18 19:46:03.125  2125  2125 D leak-6-0: 6
08-18 19:46:03.125  2125  2125 D leak-0-4: Eastern Standard Time
08-18 19:46:03.125  2125  2125 D leak-2-4: 2
08-18 19:46:03.125  2125  2125 D leak-3-4: 3
08-18 19:46:03.125  2125  2125 D leak-4-4: 4
08-18 19:46:03.125  2125  2125 D leak-5-4: 5
08-18 19:46:03.125  2125  2125 D leak-6-4: 6
08-18 19:46:03.136  2125  2125 D leak-0-5: Eastern Standard Time
08-18 19:46:03.142  2125  2125 D leak-2-5: 2
08-18 19:46:03.142  2125  2125 D leak-3-5: 3
08-18 19:46:03.142  2125  2125 D leak-4-5: 4
08-18 19:46:03.142  2125  2125 D leak-5-5: 5
08-18 19:46:03.142  2125  2125 D leak-6-5: 6
08-18 19:46:03.360  2125  2125 V WebViewFactory: webViewPackageName: com.android.webview
08-18 19:46:03.365  2125  2125 I WebViewFactory: Loading com.android.webview version 44.0.2403.119 (code 246011910)
08-18 19:46:03.429  2125  2125 W System  : ClassLoader referenced unknown path: /system/app/webview/lib/x86
08-18 19:46:03.556  2125  2136 I art     : Background sticky concurrent mark sweep GC freed 8975(422KB) AllocSpace objects, 0(0B) LOS objects, 70% free, 659KB/2MB, paused 23.115ms total 61.682ms
08-18 19:46:03.799  2125  2125 I LibraryLoader: Time to load native libraries: 122 ms (timestamps 7420-7542)
08-18 19:46:03.837  2125  2125 I LibraryLoader: Expected native library version number "",actual native library version number ""
08-18 19:46:03.961  2125  2125 V WebViewChromiumFactoryProvider: Binding Chromium to main looper Looper (main, tid 1) {60fd951}
08-18 19:46:03.967  2125  2125 I LibraryLoader: Expected native library version number "",actual native library version number ""
08-18 19:46:04.077  2125  2125 I chromium: [INFO:library_loader_hooks.cc(120)] Chromium logging enabled: level = 0, default verbosity = 0
08-18 19:46:04.124  2125  2125 I BrowserStartupController: Initializing chromium process, singleProcess=true
08-18 19:46:04.139  2125  2125 W art     : Attempt to remove non-JNI local reference, dumping thread
08-18 19:46:04.163  2125  2125 E SysUtils: ApplicationContext is null in ApplicationStatus
08-18 19:46:04.661  2125  2125 W chromium: [WARNING:resource_bundle.cc(285)] locale_file_path.empty()
08-18 19:46:04.667  2125  2125 D libEGL  : loaded /system/lib/egl/libEGL_emulation.so
08-18 19:46:04.668  2125  2125 D libEGL  : loaded /system/lib/egl/libGLESv1_CM_emulation.so
08-18 19:46:04.673  2125  2125 D libEGL  : loaded /system/lib/egl/libGLESv2_emulation.so
08-18 19:46:04.678  2125  2125 E libEGL  : validate_display:255 error 3008 (EGL_BAD_DISPLAY)
08-18 19:46:04.678  2125  2125 E libEGL  : validate_display:255 error 3008 (EGL_BAD_DISPLAY)
08-18 19:46:04.679  2125  2125 D         : HostConnection::get() New Host Connection established 0xe9b1fae0, tid 2125
08-18 19:46:04.702  2125  2125 E eglCodecCommon: glUtilsParamSize: unknow param 0x00008d57
08-18 19:46:04.960  2125  2156 W AudioManagerAndroid: Requires BLUETOOTH permission
08-18 19:46:05.058  2125  2125 E DataReductionProxySettingListener: No DRP key due to exception:java.lang.ClassNotFoundException: com.android.webview.chromium.Drp
08-18 19:46:05.896  2125  2125 W art     : Attempt to remove non-JNI local reference, dumping thread
08-18 19:46:06.132  2125  2125 W AwContents: onDetachedFromWindow called when already detached. Ignoring
08-18 19:46:06.240  2125  2125 W art     : Attempt to remove non-JNI local reference, dumping thread
08-18 19:46:06.241  2125  2125 W AwContents: onDetachedFromWindow called when already detached. Ignoring
08-18 19:46:07.349  2125  2166 D OpenGLRenderer: Use EGL_SWAP_BEHAVIOR_PRESERVED: true
08-18 19:46:07.367  1537  1679 E Surface : getSlotFromBufferLocked: unknown buffer: 0xe0f9bab0
08-18 19:46:07.603  2125  2154 W chromium: [WARNING:data_reduction_proxy_config.cc(423)] SPDY proxy OFF at startup
08-18 19:46:07.787  2125  2166 I OpenGLRenderer: Initialized EGL, version 1.4
08-18 19:46:07.788  2125  2166 D         : HostConnection::get() New Host Connection established 0xdef635a0, tid 2166
08-18 19:46:07.873  2125  2166 W EGL_emulation: eglSurfaceAttrib not implemented
08-18 19:46:07.873  2125  2166 W OpenGLRenderer: Failed to set EGL_SWAP_BEHAVIOR on surface 0xde95bb80, error=EGL_SUCCESS
08-18 19:46:07.927  2125  2166 W EGL_emulation: eglSurfaceAttrib not implemented
08-18 19:46:07.927  2125  2166 W OpenGLRenderer: Failed to set EGL_SWAP_BEHAVIOR on surface 0xde95bba0, error=EGL_SUCCESS
08-18 19:46:07.971  2167  2167 D AndroidRuntime: >>>>>> START com.android.internal.os.RuntimeInit uid 0 <<<<<<
08-18 19:46:07.973  2167  2167 D AndroidRuntime: CheckJNI is OFF
08-18 19:46:07.997  2167  2167 D ICU     : No timezone override file found: /data/misc/zoneinfo/current/icu/icu_tzdata.dat
08-18 19:46:08.202  2167  2167 E memtrack: Couldn't load memtrack module (No such file or directory)
08-18 19:46:08.202  2167  2167 E android.os.Debug: failed to load memtrack module: -2
08-18 19:46:08.202  2167  2167 I Radio-JNI: register_android_hardware_Radio DONE
08-18 19:46:08.212  2167  2167 D AndroidRuntime: Calling main entry com.android.commands.content.Content
08-18 19:46:08.239  2167  2167 D AndroidRuntime: Shutting down VM
08-18 19:46:08.322  2125  2125 W art     : Attempt to remove non-JNI local reference, dumping thread
08-18 19:46:08.323  2125  2125 W art     : Attempt to remove non-JNI local reference, dumping thread
08-18 19:46:09.474  2177  2177 D AndroidRuntime: >>>>>> START com.android.internal.os.RuntimeInit uid 0 <<<<<<
08-18 19:46:09.476  2177  2177 D AndroidRuntime: CheckJNI is OFF
08-18 19:46:09.494   623   642 I ActivityManager: Displayed com.uberspot.a2048/.MainActivity: +7s7ms
08-18 19:46:09.501  2177  2177 D ICU     : No timezone override file found: /data/misc/zoneinfo/current/icu/icu_tzdata.dat
08-18 19:46:09.503  2125  2166 W EGL_emulation: eglSurfaceAttrib not implemented
08-18 19:46:09.503  2125  2166 W OpenGLRenderer: Failed to set EGL_SWAP_BEHAVIOR on surface 0xde97c440, error=EGL_SUCCESS
08-18 19:46:09.520  2125  2125 I Choreographer: Skipped 71 frames!  The application may be doing too much work on its main thread.
08-18 19:46:09.521  2125  2125 W art     : Attempt to remove non-JNI local reference, dumping thread
08-18 19:46:09.580  2177  2177 E memtrack: Couldn't load memtrack module (No such file or directory)
08-18 19:46:09.580  2177  2177 E android.os.Debug: failed to load memtrack module: -2
08-18 19:46:09.581  2177  2177 I Radio-JNI: register_android_hardware_Radio DONE
08-18 19:46:09.670  2177  2177 D AndroidRuntime: Calling main entry com.android.commands.content.Content
08-18 19:46:09.851  2177  2177 D AndroidRuntime: Shutting down VM
08-18 19:46:10.869   623   642 I Choreographer: Skipped 74 frames!  The application may be doing too much work on its main thread.
08-18 19:46:11.167  2125  2166 V RenderScript: 0xde3a5000 Launching thread(s), CPUs 4
08-18 19:46:11.209  2125  2166 E Surface : getSlotFromBufferLocked: unknown buffer: 0xf3d133b0
08-18 19:46:11.216  2125  2125 I Choreographer: Skipped 101 frames!  The application may be doing too much work on its main thread.
08-18 19:46:11.217  2125  2125 W art     : Attempt to remove non-JNI local reference, dumping thread
08-18 19:46:11.893   623   721 I ActivityManager: Killing 1232:android.process.media/u0a6 (adj 15): empty #17
08-18 19:46:11.923   623   721 W libprocessgroup: failed to open /acct/uid_10006/pid_1232/cgroup.procs: No such file or directory
08-18 19:46:12.020  2125  2200 D         : HostConnection::get() New Host Connection established 0xe9b1f640, tid 2200
08-18 19:46:12.104  2125  2125 I Choreographer: Skipped 52 frames!  The application may be doing too much work on its main thread.
08-18 19:46:12.104  2125  2125 W art     : Attempt to remove non-JNI local reference, dumping thread
08-18 19:46:12.489   623   637 W ActivityManager: Launch timeout has expired, giving up wake lock!
08-18 19:46:12.760   623   634 W art     : Long monitor contention event with owner method=void com.android.server.wm.WindowAnimator$1.doFrame(long) from WindowAnimator.java:121 waiters=0 for 417ms
08-18 19:46:12.787   623   675 I InputReader: Reconfiguring input devices.  changes=0x00000010
08-18 19:46:13.101  2125  2125 W BindingManager: Cannot call determinedVisibility() - never saw a connection for the pid: 2125
08-18 19:46:13.101  2125  2125 I Choreographer: Skipped 58 frames!  The application may be doing too much work on its main thread.
08-18 19:46:13.120  2125  2125 W art     : Attempt to remove non-JNI local reference, dumping thread
08-18 19:46:13.181  2125  2160 E AndroidProtocolHandler: Unable to open asset URL: file:///android_asset/2048/index.html?lang=en
08-18 19:46:13.245  2125  2136 I art     : Background sticky concurrent mark sweep GC freed 127(7KB) AllocSpace objects, 0(0B) LOS objects, 0% free, 17MB/17MB, paused 33.530ms total 132.091ms
08-18 19:46:13.463   623   642 I Choreographer: Skipped 33 frames!  The application may be doing too much work on its main thread.
08-18 19:46:13.465   623   634 W art     : Long monitor contention event with owner method=void com.android.server.wm.WindowAnimator$1.doFrame(long) from WindowAnimator.java:121 waiters=0 for 705ms
08-18 19:46:13.990   623   637 W art     : Long monitor contention event with owner method=void com.android.server.wm.WindowAnimator$1.doFrame(long) from WindowAnimator.java:121 waiters=1 for 1.058s
08-18 19:46:14.017   623   634 W art     : Long monitor contention event with owner method=void com.android.server.wm.WindowAnimator$1.doFrame(long) from WindowAnimator.java:121 waiters=1 for 515ms
08-18 19:46:14.023   623  1003 W art     : Long monitor contention event with owner method=void com.android.server.am.ActivityStackSupervisor$ActivityStackSupervisorHandler.activityIdleInternal(com.android.server.am.ActivityRecord) from ActivityStackSupervisor.java:4011 waiters=0 for 950ms
08-18 19:46:14.048   623  1856 W art     : Long monitor contention event with owner method=void com.android.server.am.ActivityStackSupervisor$ActivityStackSupervisorHandler.activityIdleInternal(com.android.server.am.ActivityRecord) from ActivityStackSupervisor.java:4011 waiters=1 for 923ms
08-18 19:46:14.370  2125  2125 W BindingManager: Cannot call determinedVisibility() - never saw a connection for the pid: 2125
08-18 19:46:14.377  2125  2125 W art     : Attempt to remove non-JNI local reference, dumping thread
08-18 19:46:14.580  2208  2208 D AndroidRuntime: >>>>>> START com.android.internal.os.RuntimeInit uid 0 <<<<<<
08-18 19:46:14.588  2208  2208 D AndroidRuntime: CheckJNI is OFF
08-18 19:46:14.612  2125  2136 I art     : Background partial concurrent mark sweep GC freed 78(7KB) AllocSpace objects, 1(8MB) LOS objects, 39% free, 9MB/15MB, paused 248us total 215.151ms
08-18 19:46:14.642  2208  2208 D ICU     : No timezone override file found: /data/misc/zoneinfo/current/icu/icu_tzdata.dat
08-18 19:46:14.869  2208  2208 E memtrack: Couldn't load memtrack module (No such file or directory)
08-18 19:46:14.869  2208  2208 E android.os.Debug: failed to load memtrack module: -2
08-18 19:46:14.870  2208  2208 I Radio-JNI: register_android_hardware_Radio DONE
08-18 19:46:14.893  2208  2208 D AndroidRuntime: Calling main entry com.android.commands.uiautomator.Launcher
08-18 19:46:15.153  2125  2125 I Choreographer: Skipped 45 frames!  The application may be doing too much work on its main thread.
08-18 19:46:15.170  2125  2125 W art     : Attempt to remove non-JNI local reference, dumping thread
08-18 19:46:15.656  2125  2125 W BindingManager: Cannot call determinedVisibility() - never saw a connection for the pid: 2125
08-18 19:46:15.712  2125  2125 W art     : Attempt to remove non-JNI local reference, dumping thread
08-18 19:46:16.479   623  1094 W WindowManager: Attempted to remove non-existing token: android.os.Binder@1ce9e9c
08-18 19:46:16.506  2125  2125 I chromium: [INFO:CONSOLE(0)] "Not allowed to load local resource: file:///android_asset/webkit/android-weberror.png", source: data:text/html,chromewebdata (0)
08-18 19:46:16.506  2125  2125 I Choreographer: Skipped 46 frames!  The application may be doing too much work on its main thread.
08-18 19:46:16.508  2208  2208 D AndroidRuntime: Shutting down VM
08-18 19:46:16.570  2125  2166 E Surface : getSlotFromBufferLocked: unknown buffer: 0xf3d17da0
08-18 19:46:16.593  2125  2166 W EGL_emulation: eglSurfaceAttrib not implemented
08-18 19:46:16.593  2125  2166 W OpenGLRenderer: Failed to set EGL_SWAP_BEHAVIOR on surface 0xde95bb80, error=EGL_SUCCESS
08-18 19:46:16.602  2125  2125 W art     : Attempt to remove non-JNI local reference, dumping thread
08-18 19:46:16.811  2125  2125 W art     : Attempt to remove non-JNI local reference, dumping thread
08-18 19:46:17.300  2125  2125 I Choreographer: Skipped 47 frames!  The application may be doing too much work on its main thread.
08-18 19:46:17.348  2125  2125 W art     : Attempt to remove non-JNI local reference, dumping thread
08-18 19:46:17.429  2125  2125 W art     : Attempt to remove non-JNI local reference, dumping thread
08-18 19:46:17.963  2125  2125 I Choreographer: Skipped 39 frames!  The application may be doing too much work on its main thread.
08-18 19:46:17.993  2125  2125 W art     : Attempt to remove non-JNI local reference, dumping thread
08-18 19:46:18.250  2223  2223 D AndroidRuntime: >>>>>> START com.android.internal.os.RuntimeInit uid 0 <<<<<<
08-18 19:46:18.281  2223  2223 D AndroidRuntime: CheckJNI is OFF
08-18 19:46:18.353  2125  2125 W art     : Attempt to remove non-JNI local reference, dumping thread
08-18 19:46:18.376  2223  2223 D ICU     : No timezone override file found: /data/misc/zoneinfo/current/icu/icu_tzdata.dat
08-18 19:46:18.522  2223  2223 E memtrack: Couldn't load memtrack module (No such file or directory)
08-18 19:46:18.529  2223  2223 E android.os.Debug: failed to load memtrack module: -2
08-18 19:46:18.536  2223  2223 I Radio-JNI: register_android_hardware_Radio DONE
08-18 19:46:18.558  2223  2223 D AndroidRuntime: Calling main entry com.android.commands.uiautomator.Launcher
08-18 19:46:18.973  2125  2125 I Choreographer: Skipped 40 frames!  The application may be doing too much work on its main thread.
08-18 19:46:19.024  2125  2125 W art     : Attempt to remove non-JNI local reference, dumping thread
08-18 19:46:20.020  2223  2223 I AccessibilityNodeInfoDumper: Skipping invisible child: android.view.accessibility.AccessibilityNodeInfo@8000a8da; boundsInParent: Rect(0, 0 - 274, 0); boundsInScreen: Rect(875, 1422 - 1149, 1422); packageName: com.uberspot.a2048; className: android.widget.LinearLayout; text: null; error: null; maxTextLength: -1; contentDescription: null; viewIdResName: android:id/rightSpacer; checkable: false; checked: false; focusable: false; focused: false; selected: false; clickable: false; longClickable: false; contextClickable: false; enabled: true; password: false; scrollable: false; actions: [AccessibilityAction: ACTION_SELECT - null, AccessibilityAction: ACTION_CLEAR_SELECTION - null, AccessibilityAction: ACTION_ACCESSIBILITY_FOCUS - null, AccessibilityAction: ACTION_UNKNOWN - null]
08-18 19:46:20.032  2125  2125 W art     : Attempt to remove non-JNI local reference, dumping thread
08-18 19:46:20.395  2125  2125 W art     : Attempt to remove non-JNI local reference, dumping thread
08-18 19:46:20.683  2223  2223 I AccessibilityNodeInfoDumper: Skipping invisible child: android.view.accessibility.AccessibilityNodeInfo@8000ac9b; boundsInParent: Rect(0, 0 - 273, 0); boundsInScreen: Rect(55, 1422 - 328, 1422); packageName: com.uberspot.a2048; className: android.widget.LinearLayout; text: null; error: null; maxTextLength: -1; contentDescription: null; viewIdResName: android:id/leftSpacer; checkable: false; checked: false; focusable: false; focused: false; selected: false; clickable: false; longClickable: false; contextClickable: false; enabled: true; password: false; scrollable: false; actions: [AccessibilityAction: ACTION_SELECT - null, AccessibilityAction: ACTION_CLEAR_SELECTION - null, AccessibilityAction: ACTION_ACCESSIBILITY_FOCUS - null, AccessibilityAction: ACTION_UNKNOWN - null]
08-18 19:46:20.691  2223  2223 W AccessibilityNodeInfoDumper: Fetch time: 680ms
08-18 19:46:20.691   623  1429 W WindowManager: Attempted to remove non-existing token: android.os.Binder@5750888
08-18 19:46:20.720  2223  2223 D AndroidRuntime: Shutting down VM
08-18 19:46:20.733  2125  2125 W art     : Attempt to remove non-JNI local reference, dumping thread
08-18 19:46:20.939  2125  2125 W art     : Attempt to remove non-JNI local reference, dumping thread
08-18 19:46:21.894  2242  2242 D AndroidRuntime: >>>>>> START com.android.internal.os.RuntimeInit uid 0 <<<<<<
08-18 19:46:21.897  2242  2242 D AndroidRuntime: CheckJNI is OFF
08-18 19:46:21.908  2242  2242 D ICU     : No timezone override file found: /data/misc/zoneinfo/current/icu/icu_tzdata.dat
08-18 19:46:21.926  2242  2242 E memtrack: Couldn't load memtrack module (No such file or directory)
08-18 19:46:21.926  2242  2242 E android.os.Debug: failed to load memtrack module: -2
08-18 19:46:21.929  2242  2242 I Radio-JNI: register_android_hardware_Radio DONE
08-18 19:46:21.937  2242  2242 D AndroidRuntime: Calling main entry com.android.commands.uiautomator.Launcher
08-18 19:46:22.955  2242  2242 I AccessibilityNodeInfoDumper: Skipping invisible child: android.view.accessibility.AccessibilityNodeInfo@8000a8de; boundsInParent: Rect(0, 0 - 274, 0); boundsInScreen: Rect(875, 1422 - 1149, 1422); packageName: com.uberspot.a2048; className: android.widget.LinearLayout; text: null; error: null; maxTextLength: -1; contentDescription: null; viewIdResName: android:id/rightSpacer; checkable: false; checked: false; focusable: false; focused: false; selected: false; clickable: false; longClickable: false; contextClickable: false; enabled: true; password: false; scrollable: false; actions: [AccessibilityAction: ACTION_SELECT - null, AccessibilityAction: ACTION_CLEAR_SELECTION - null, AccessibilityAction: ACTION_ACCESSIBILITY_FOCUS - null, AccessibilityAction: ACTION_UNKNOWN - null]
08-18 19:46:22.955  2242  2242 I AccessibilityNodeInfoDumper: Skipping invisible child: android.view.accessibility.AccessibilityNodeInfo@8000ac9f; boundsInParent: Rect(0, 0 - 273, 0); boundsInScreen: Rect(55, 1422 - 328, 1422); packageName: com.uberspot.a2048; className: android.widget.LinearLayout; text: null; error: null; maxTextLength: -1; contentDescription: null; viewIdResName: android:id/leftSpacer; checkable: false; checked: false; focusable: false; focused: false; selected: false; clickable: false; longClickable: false; contextClickable: false; enabled: true; password: false; scrollable: false; actions: [AccessibilityAction: ACTION_SELECT - null, AccessibilityAction: ACTION_CLEAR_SELECTION - null, AccessibilityAction: ACTION_ACCESSIBILITY_FOCUS - null, AccessibilityAction: ACTION_UNKNOWN - null]
08-18 19:46:22.957  2242  2242 W AccessibilityNodeInfoDumper: Fetch time: 9ms
08-18 19:46:22.958   623   721 W WindowManager: Attempted to remove non-existing token: android.os.Binder@c9e4221
08-18 19:46:22.968  2242  2242 D AndroidRuntime: Shutting down VM
08-18 19:46:24.153  2265  2265 D AndroidRuntime: >>>>>> START com.android.internal.os.RuntimeInit uid 0 <<<<<<
08-18 19:46:24.155  2265  2265 D AndroidRuntime: CheckJNI is OFF
08-18 19:46:24.166  2265  2265 D ICU     : No timezone override file found: /data/misc/zoneinfo/current/icu/icu_tzdata.dat
08-18 19:46:24.184  2265  2265 E memtrack: Couldn't load memtrack module (No such file or directory)
08-18 19:46:24.184  2265  2265 E android.os.Debug: failed to load memtrack module: -2
08-18 19:46:24.185  2265  2265 I Radio-JNI: register_android_hardware_Radio DONE
08-18 19:46:24.193  2265  2265 D AndroidRuntime: Calling main entry com.android.commands.uiautomator.Launcher
08-18 19:46:25.217  2265  2265 I AccessibilityNodeInfoDumper: Skipping invisible child: android.view.accessibility.AccessibilityNodeInfo@8000a8e6; boundsInParent: Rect(0, 0 - 274, 0); boundsInScreen: Rect(875, 1422 - 1149, 1422); packageName: com.uberspot.a2048; className: android.widget.LinearLayout; text: null; error: null; maxTextLength: -1; contentDescription: null; viewIdResName: android:id/rightSpacer; checkable: false; checked: false; focusable: false; focused: false; selected: false; clickable: false; longClickable: false; contextClickable: false; enabled: true; password: false; scrollable: false; actions: [AccessibilityAction: ACTION_SELECT - null, AccessibilityAction: ACTION_CLEAR_SELECTION - null, AccessibilityAction: ACTION_ACCESSIBILITY_FOCUS - null, AccessibilityAction: ACTION_UNKNOWN - null]
08-18 19:46:25.217  2265  2265 I AccessibilityNodeInfoDumper: Skipping invisible child: android.view.accessibility.AccessibilityNodeInfo@8000aca7; boundsInParent: Rect(0, 0 - 273, 0); boundsInScreen: Rect(55, 1422 - 328, 1422); packageName: com.uberspot.a2048; className: android.widget.LinearLayout; text: null; error: null; maxTextLength: -1; contentDescription: null; viewIdResName: android:id/leftSpacer; checkable: false; checked: false; focusable: false; focused: false; selected: false; clickable: false; longClickable: false; contextClickable: false; enabled: true; password: false; scrollable: false; actions: [AccessibilityAction: ACTION_SELECT - null, AccessibilityAction: ACTION_CLEAR_SELECTION - null, AccessibilityAction: ACTION_ACCESSIBILITY_FOCUS - null, AccessibilityAction: ACTION_UNKNOWN - null]
08-18 19:46:25.218  2265  2265 W AccessibilityNodeInfoDumper: Fetch time: 8ms
08-18 19:46:25.219   623  1003 W WindowManager: Attempted to remove non-existing token: android.os.Binder@e0e6646
08-18 19:46:25.223  2265  2265 D AndroidRuntime: Shutting down VM
08-18 19:46:26.460  2293  2293 D AndroidRuntime: >>>>>> START com.android.internal.os.RuntimeInit uid 0 <<<<<<
08-18 19:46:26.462  2293  2293 D AndroidRuntime: CheckJNI is OFF
08-18 19:46:26.472  2293  2293 D ICU     : No timezone override file found: /data/misc/zoneinfo/current/icu/icu_tzdata.dat
08-18 19:46:26.486  2293  2293 E memtrack: Couldn't load memtrack module (No such file or directory)
08-18 19:46:26.486  2293  2293 E android.os.Debug: failed to load memtrack module: -2
08-18 19:46:26.487  2293  2293 I Radio-JNI: register_android_hardware_Radio DONE
08-18 19:46:26.494  2293  2293 D AndroidRuntime: Calling main entry com.android.commands.uiautomator.Launcher
08-18 19:46:27.513  2293  2293 I AccessibilityNodeInfoDumper: Skipping invisible child: android.view.accessibility.AccessibilityNodeInfo@8000a8eb; boundsInParent: Rect(0, 0 - 274, 0); boundsInScreen: Rect(875, 1422 - 1149, 1422); packageName: com.uberspot.a2048; className: android.widget.LinearLayout; text: null; error: null; maxTextLength: -1; contentDescription: null; viewIdResName: android:id/rightSpacer; checkable: false; checked: false; focusable: false; focused: false; selected: false; clickable: false; longClickable: false; contextClickable: false; enabled: true; password: false; scrollable: false; actions: [AccessibilityAction: ACTION_SELECT - null, AccessibilityAction: ACTION_CLEAR_SELECTION - null, AccessibilityAction: ACTION_ACCESSIBILITY_FOCUS - null, AccessibilityAction: ACTION_UNKNOWN - null]
08-18 19:46:27.513  2293  2293 I AccessibilityNodeInfoDumper: Skipping invisible child: android.view.accessibility.AccessibilityNodeInfo@8000acac; boundsInParent: Rect(0, 0 - 273, 0); boundsInScreen: Rect(55, 1422 - 328, 1422); packageName: com.uberspot.a2048; className: android.widget.LinearLayout; text: null; error: null; maxTextLength: -1; contentDescription: null; viewIdResName: android:id/leftSpacer; checkable: false; checked: false; focusable: false; focused: false; selected: false; clickable: false; longClickable: false; contextClickable: false; enabled: true; password: false; scrollable: false; actions: [AccessibilityAction: ACTION_SELECT - null, AccessibilityAction: ACTION_CLEAR_SELECTION - null, AccessibilityAction: ACTION_ACCESSIBILITY_FOCUS - null, AccessibilityAction: ACTION_UNKNOWN - null]
08-18 19:46:27.515  2293  2293 W AccessibilityNodeInfoDumper: Fetch time: 8ms
08-18 19:46:27.515   623  1856 W WindowManager: Attempted to remove non-existing token: android.os.Binder@5962534
08-18 19:46:27.518  2293  2293 D AndroidRuntime: Shutting down VM
08-18 19:46:28.664  2319  2319 D AndroidRuntime: >>>>>> START com.android.internal.os.RuntimeInit uid 0 <<<<<<
08-18 19:46:28.665  2319  2319 D AndroidRuntime: CheckJNI is OFF
08-18 19:46:28.683  2319  2319 D ICU     : No timezone override file found: /data/misc/zoneinfo/current/icu/icu_tzdata.dat
08-18 19:46:28.698  2319  2319 E memtrack: Couldn't load memtrack module (No such file or directory)
08-18 19:46:28.698  2319  2319 E android.os.Debug: failed to load memtrack module: -2
08-18 19:46:28.699  2319  2319 I Radio-JNI: register_android_hardware_Radio DONE
08-18 19:46:28.709  2319  2319 D AndroidRuntime: Calling main entry com.android.commands.uiautomator.Launcher
08-18 19:46:29.730  2319  2319 I AccessibilityNodeInfoDumper: Skipping invisible child: android.view.accessibility.AccessibilityNodeInfo@8000a8f3; boundsInParent: Rect(0, 0 - 274, 0); boundsInScreen: Rect(875, 1422 - 1149, 1422); packageName: com.uberspot.a2048; className: android.widget.LinearLayout; text: null; error: null; maxTextLength: -1; contentDescription: null; viewIdResName: android:id/rightSpacer; checkable: false; checked: false; focusable: false; focused: false; selected: false; clickable: false; longClickable: false; contextClickable: false; enabled: true; password: false; scrollable: false; actions: [AccessibilityAction: ACTION_SELECT - null, AccessibilityAction: ACTION_CLEAR_SELECTION - null, AccessibilityAction: ACTION_ACCESSIBILITY_FOCUS - null, AccessibilityAction: ACTION_UNKNOWN - null]
08-18 19:46:29.730  2319  2319 I AccessibilityNodeInfoDumper: Skipping invisible child: android.view.accessibility.AccessibilityNodeInfo@8000acb4; boundsInParent: Rect(0, 0 - 273, 0); boundsInScreen: Rect(55, 1422 - 328, 1422); packageName: com.uberspot.a2048; className: android.widget.LinearLayout; text: null; error: null; maxTextLength: -1; contentDescription: null; viewIdResName: android:id/leftSpacer; checkable: false; checked: false; focusable: false; focused: false; selected: false; clickable: false; longClickable: false; contextClickable: false; enabled: true; password: false; scrollable: false; actions: [AccessibilityAction: ACTION_SELECT - null, AccessibilityAction: ACTION_CLEAR_SELECTION - null, AccessibilityAction: ACTION_ACCESSIBILITY_FOCUS - null, AccessibilityAction: ACTION_UNKNOWN - null]
08-18 19:46:29.731  2319  2319 W AccessibilityNodeInfoDumper: Fetch time: 8ms
08-18 19:46:29.731   623  1430 W WindowManager: Attempted to remove non-existing token: android.os.Binder@a7bdf5d
08-18 19:46:29.736  2319  2319 D AndroidRuntime: Shutting down VM
08-18 19:46:30.246  2337  2337 D AndroidRuntime: >>>>>> START com.android.internal.os.RuntimeInit uid 0 <<<<<<
08-18 19:46:30.249  2337  2337 D AndroidRuntime: CheckJNI is OFF
08-18 19:46:30.258  2337  2337 D ICU     : No timezone override file found: /data/misc/zoneinfo/current/icu/icu_tzdata.dat
08-18 19:46:30.273  2337  2337 E memtrack: Couldn't load memtrack module (No such file or directory)
08-18 19:46:30.273  2337  2337 E android.os.Debug: failed to load memtrack module: -2
08-18 19:46:30.274  2337  2337 I Radio-JNI: register_android_hardware_Radio DONE
08-18 19:46:30.281  2337  2337 D AndroidRuntime: Calling main entry com.android.commands.uiautomator.Launcher
08-18 19:46:31.307  2337  2337 I AccessibilityNodeInfoDumper: Skipping invisible child: android.view.accessibility.AccessibilityNodeInfo@8000a8fa; boundsInParent: Rect(0, 0 - 274, 0); boundsInScreen: Rect(875, 1422 - 1149, 1422); packageName: com.uberspot.a2048; className: android.widget.LinearLayout; text: null; error: null; maxTextLength: -1; contentDescription: null; viewIdResName: android:id/rightSpacer; checkable: false; checked: false; focusable: false; focused: false; selected: false; clickable: false; longClickable: false; contextClickable: false; enabled: true; password: false; scrollable: false; actions: [AccessibilityAction: ACTION_SELECT - null, AccessibilityAction: ACTION_CLEAR_SELECTION - null, AccessibilityAction: ACTION_ACCESSIBILITY_FOCUS - null, AccessibilityAction: ACTION_UNKNOWN - null]
08-18 19:46:31.307  2337  2337 I AccessibilityNodeInfoDumper: Skipping invisible child: android.view.accessibility.AccessibilityNodeInfo@8000acbb; boundsInParent: Rect(0, 0 - 273, 0); boundsInScreen: Rect(55, 1422 - 328, 1422); packageName: com.uberspot.a2048; className: android.widget.LinearLayout; text: null; error: null; maxTextLength: -1; contentDescription: null; viewIdResName: android:id/leftSpacer; checkable: false; checked: false; focusable: false; focused: false; selected: false; clickable: false; longClickable: false; contextClickable: false; enabled: true; password: false; scrollable: false; actions: [AccessibilityAction: ACTION_SELECT - null, AccessibilityAction: ACTION_CLEAR_SELECTION - null, AccessibilityAction: ACTION_ACCESSIBILITY_FOCUS - null, AccessibilityAction: ACTION_UNKNOWN - null]
08-18 19:46:31.307  2337  2337 W AccessibilityNodeInfoDumper: Fetch time: 9ms
08-18 19:46:31.308   623  1428 W WindowManager: Attempted to remove non-existing token: android.os.Binder@3baa0d2
08-18 19:46:31.319  2337  2337 D AndroidRuntime: Shutting down VM
08-18 19:46:32.461  2360  2360 D AndroidRuntime: >>>>>> START com.android.internal.os.RuntimeInit uid 0 <<<<<<
08-18 19:46:32.463  2360  2360 D AndroidRuntime: CheckJNI is OFF
08-18 19:46:32.474  2360  2360 D ICU     : No timezone override file found: /data/misc/zoneinfo/current/icu/icu_tzdata.dat
08-18 19:46:32.487  2360  2360 E memtrack: Couldn't load memtrack module (No such file or directory)
08-18 19:46:32.487  2360  2360 E android.os.Debug: failed to load memtrack module: -2
08-18 19:46:32.488  2360  2360 I Radio-JNI: register_android_hardware_Radio DONE
08-18 19:46:32.494  2360  2360 D AndroidRuntime: Calling main entry com.android.commands.uiautomator.Launcher
08-18 19:46:33.520  2360  2360 I AccessibilityNodeInfoDumper: Skipping invisible child: android.view.accessibility.AccessibilityNodeInfo@8000a901; boundsInParent: Rect(0, 0 - 274, 0); boundsInScreen: Rect(875, 1422 - 1149, 1422); packageName: com.uberspot.a2048; className: android.widget.LinearLayout; text: null; error: null; maxTextLength: -1; contentDescription: null; viewIdResName: android:id/rightSpacer; checkable: false; checked: false; focusable: false; focused: false; selected: false; clickable: false; longClickable: false; contextClickable: false; enabled: true; password: false; scrollable: false; actions: [AccessibilityAction: ACTION_SELECT - null, AccessibilityAction: ACTION_CLEAR_SELECTION - null, AccessibilityAction: ACTION_ACCESSIBILITY_FOCUS - null, AccessibilityAction: ACTION_UNKNOWN - null]
08-18 19:46:33.520  2360  2360 I AccessibilityNodeInfoDumper: Skipping invisible child: android.view.accessibility.AccessibilityNodeInfo@8000acc2; boundsInParent: Rect(0, 0 - 273, 0); boundsInScreen: Rect(55, 1422 - 328, 1422); packageName: com.uberspot.a2048; className: android.widget.LinearLayout; text: null; error: null; maxTextLength: -1; contentDescription: null; viewIdResName: android:id/leftSpacer; checkable: false; checked: false; focusable: false; focused: false; selected: false; clickable: false; longClickable: false; contextClickable: false; enabled: true; password: false; scrollable: false; actions: [AccessibilityAction: ACTION_SELECT - null, AccessibilityAction: ACTION_CLEAR_SELECTION - null, AccessibilityAction: ACTION_ACCESSIBILITY_FOCUS - null, AccessibilityAction: ACTION_UNKNOWN - null]
08-18 19:46:33.521  2360  2360 W AccessibilityNodeInfoDumper: Fetch time: 8ms
08-18 19:46:33.522   623  1159 W WindowManager: Attempted to remove non-existing token: android.os.Binder@7e2a5a3
08-18 19:46:33.525  2360  2360 D AndroidRuntime: Shutting down VM
08-18 19:46:34.026  2378  2378 D AndroidRuntime: >>>>>> START com.android.internal.os.RuntimeInit uid 0 <<<<<<
08-18 19:46:34.027  2378  2378 D AndroidRuntime: CheckJNI is OFF
08-18 19:46:34.037  2378  2378 D ICU     : No timezone override file found: /data/misc/zoneinfo/current/icu/icu_tzdata.dat
08-18 19:46:34.057  2378  2378 E memtrack: Couldn't load memtrack module (No such file or directory)
08-18 19:46:34.057  2378  2378 E android.os.Debug: failed to load memtrack module: -2
08-18 19:46:34.058  2378  2378 I Radio-JNI: register_android_hardware_Radio DONE
08-18 19:46:34.064  2378  2378 D AndroidRuntime: Calling main entry com.android.commands.uiautomator.Launcher
08-18 19:46:35.104  2378  2378 I AccessibilityNodeInfoDumper: Skipping invisible child: android.view.accessibility.AccessibilityNodeInfo@8000a908; boundsInParent: Rect(0, 0 - 274, 0); boundsInScreen: Rect(875, 1422 - 1149, 1422); packageName: com.uberspot.a2048; className: android.widget.LinearLayout; text: null; error: null; maxTextLength: -1; contentDescription: null; viewIdResName: android:id/rightSpacer; checkable: false; checked: false; focusable: false; focused: false; selected: false; clickable: false; longClickable: false; contextClickable: false; enabled: true; password: false; scrollable: false; actions: [AccessibilityAction: ACTION_SELECT - null, AccessibilityAction: ACTION_CLEAR_SELECTION - null, AccessibilityAction: ACTION_ACCESSIBILITY_FOCUS - null, AccessibilityAction: ACTION_UNKNOWN - null]
08-18 19:46:35.104  2378  2378 I AccessibilityNodeInfoDumper: Skipping invisible child: android.view.accessibility.AccessibilityNodeInfo@8000acc9; boundsInParent: Rect(0, 0 - 273, 0); boundsInScreen: Rect(55, 1422 - 328, 1422); packageName: com.uberspot.a2048; className: android.widget.LinearLayout; text: null; error: null; maxTextLength: -1; contentDescription: null; viewIdResName: android:id/leftSpacer; checkable: false; checked: false; focusable: false; focused: false; selected: false; clickable: false; longClickable: false; contextClickable: false; enabled: true; password: false; scrollable: false; actions: [AccessibilityAction: ACTION_SELECT - null, AccessibilityAction: ACTION_CLEAR_SELECTION - null, AccessibilityAction: ACTION_ACCESSIBILITY_FOCUS - null, AccessibilityAction: ACTION_UNKNOWN - null]
08-18 19:46:35.114  2378  2378 W AccessibilityNodeInfoDumper: Fetch time: 24ms
08-18 19:46:35.115   623   721 W WindowManager: Attempted to remove non-existing token: android.os.Binder@90a60a0
08-18 19:46:35.118  2378  2378 D AndroidRuntime: Shutting down VM
08-18 19:46:36.496  2401  2401 D AndroidRuntime: >>>>>> START com.android.internal.os.RuntimeInit uid 0 <<<<<<
08-18 19:46:36.498  2401  2401 D AndroidRuntime: CheckJNI is OFF
08-18 19:46:36.509  2401  2401 D ICU     : No timezone override file found: /data/misc/zoneinfo/current/icu/icu_tzdata.dat
08-18 19:46:36.524  2401  2401 E memtrack: Couldn't load memtrack module (No such file or directory)
08-18 19:46:36.524  2401  2401 E android.os.Debug: failed to load memtrack module: -2
08-18 19:46:36.525  2401  2401 I Radio-JNI: register_android_hardware_Radio DONE
08-18 19:46:36.531  2401  2401 D AndroidRuntime: Calling main entry com.android.commands.uiautomator.Launcher
08-18 19:46:37.564  2401  2401 I AccessibilityNodeInfoDumper: Skipping invisible child: android.view.accessibility.AccessibilityNodeInfo@8000a90f; boundsInParent: Rect(0, 0 - 274, 0); boundsInScreen: Rect(875, 1422 - 1149, 1422); packageName: com.uberspot.a2048; className: android.widget.LinearLayout; text: null; error: null; maxTextLength: -1; contentDescription: null; viewIdResName: android:id/rightSpacer; checkable: false; checked: false; focusable: false; focused: false; selected: false; clickable: false; longClickable: false; contextClickable: false; enabled: true; password: false; scrollable: false; actions: [AccessibilityAction: ACTION_SELECT - null, AccessibilityAction: ACTION_CLEAR_SELECTION - null, AccessibilityAction: ACTION_ACCESSIBILITY_FOCUS - null, AccessibilityAction: ACTION_UNKNOWN - null]
08-18 19:46:37.564  2401  2401 I AccessibilityNodeInfoDumper: Skipping invisible child: android.view.accessibility.AccessibilityNodeInfo@8000acd0; boundsInParent: Rect(0, 0 - 273, 0); boundsInScreen: Rect(55, 1422 - 328, 1422); packageName: com.uberspot.a2048; className: android.widget.LinearLayout; text: null; error: null; maxTextLength: -1; contentDescription: null; viewIdResName: android:id/leftSpacer; checkable: false; checked: false; focusable: false; focused: false; selected: false; clickable: false; longClickable: false; contextClickable: false; enabled: true; password: false; scrollable: false; actions: [AccessibilityAction: ACTION_SELECT - null, AccessibilityAction: ACTION_CLEAR_SELECTION - null, AccessibilityAction: ACTION_ACCESSIBILITY_FOCUS - null, AccessibilityAction: ACTION_UNKNOWN - null]
08-18 19:46:37.566  2401  2401 W AccessibilityNodeInfoDumper: Fetch time: 10ms
08-18 19:46:37.568   623  1094 W WindowManager: Attempted to remove non-existing token: android.os.Binder@e9c1459
08-18 19:46:37.574  2401  2401 D AndroidRuntime: Shutting down VM
08-18 19:46:38.150  2419  2419 D AndroidRuntime: >>>>>> START com.android.internal.os.RuntimeInit uid 0 <<<<<<
08-18 19:46:38.153  2419  2419 D AndroidRuntime: CheckJNI is OFF
08-18 19:46:38.166  2419  2419 D ICU     : No timezone override file found: /data/misc/zoneinfo/current/icu/icu_tzdata.dat
08-18 19:46:38.187  2419  2419 E memtrack: Couldn't load memtrack module (No such file or directory)
08-18 19:46:38.187  2419  2419 E android.os.Debug: failed to load memtrack module: -2
08-18 19:46:38.188  2419  2419 I Radio-JNI: register_android_hardware_Radio DONE
08-18 19:46:38.211  2419  2419 D AndroidRuntime: Calling main entry com.android.commands.uiautomator.Launcher
08-18 19:46:39.254  2419  2419 I AccessibilityNodeInfoDumper: Skipping invisible child: android.view.accessibility.AccessibilityNodeInfo@8000a916; boundsInParent: Rect(0, 0 - 274, 0); boundsInScreen: Rect(875, 1422 - 1149, 1422); packageName: com.uberspot.a2048; className: android.widget.LinearLayout; text: null; error: null; maxTextLength: -1; contentDescription: null; viewIdResName: android:id/rightSpacer; checkable: false; checked: false; focusable: false; focused: false; selected: false; clickable: false; longClickable: false; contextClickable: false; enabled: true; password: false; scrollable: false; actions: [AccessibilityAction: ACTION_SELECT - null, AccessibilityAction: ACTION_CLEAR_SELECTION - null, AccessibilityAction: ACTION_ACCESSIBILITY_FOCUS - null, AccessibilityAction: ACTION_UNKNOWN - null]
08-18 19:46:39.255  2419  2419 I AccessibilityNodeInfoDumper: Skipping invisible child: android.view.accessibility.AccessibilityNodeInfo@8000acd7; boundsInParent: Rect(0, 0 - 273, 0); boundsInScreen: Rect(55, 1422 - 328, 1422); packageName: com.uberspot.a2048; className: android.widget.LinearLayout; text: null; error: null; maxTextLength: -1; contentDescription: null; viewIdResName: android:id/leftSpacer; checkable: false; checked: false; focusable: false; focused: false; selected: false; clickable: false; longClickable: false; contextClickable: false; enabled: true; password: false; scrollable: false; actions: [AccessibilityAction: ACTION_SELECT - null, AccessibilityAction: ACTION_CLEAR_SELECTION - null, AccessibilityAction: ACTION_ACCESSIBILITY_FOCUS - null, AccessibilityAction: ACTION_UNKNOWN - null]
08-18 19:46:39.260  2419  2419 W AccessibilityNodeInfoDumper: Fetch time: 12ms
08-18 19:46:39.261   623  1427 W WindowManager: Attempted to remove non-existing token: android.os.Binder@86ff8ff
08-18 19:46:39.264  2419  2419 D AndroidRuntime: Shutting down VM
08-18 19:46:40.368  2443  2443 D AndroidRuntime: >>>>>> START com.android.internal.os.RuntimeInit uid 0 <<<<<<
08-18 19:46:40.371  2443  2443 D AndroidRuntime: CheckJNI is OFF
08-18 19:46:40.381  2443  2443 D ICU     : No timezone override file found: /data/misc/zoneinfo/current/icu/icu_tzdata.dat
08-18 19:46:40.395  2443  2443 E memtrack: Couldn't load memtrack module (No such file or directory)
08-18 19:46:40.395  2443  2443 E android.os.Debug: failed to load memtrack module: -2
08-18 19:46:40.396  2443  2443 I Radio-JNI: register_android_hardware_Radio DONE
08-18 19:46:40.409  2443  2443 D AndroidRuntime: Calling main entry com.android.commands.uiautomator.Launcher
08-18 19:46:41.438  2443  2443 I AccessibilityNodeInfoDumper: Skipping invisible child: android.view.accessibility.AccessibilityNodeInfo@8000a91c; boundsInParent: Rect(0, 0 - 274, 0); boundsInScreen: Rect(875, 1422 - 1149, 1422); packageName: com.uberspot.a2048; className: android.widget.LinearLayout; text: null; error: null; maxTextLength: -1; contentDescription: null; viewIdResName: android:id/rightSpacer; checkable: false; checked: false; focusable: false; focused: false; selected: false; clickable: false; longClickable: false; contextClickable: false; enabled: true; password: false; scrollable: false; actions: [AccessibilityAction: ACTION_SELECT - null, AccessibilityAction: ACTION_CLEAR_SELECTION - null, AccessibilityAction: ACTION_ACCESSIBILITY_FOCUS - null, AccessibilityAction: ACTION_UNKNOWN - null]
08-18 19:46:41.438  2443  2443 I AccessibilityNodeInfoDumper: Skipping invisible child: android.view.accessibility.AccessibilityNodeInfo@8000acdd; boundsInParent: Rect(0, 0 - 273, 0); boundsInScreen: Rect(55, 1422 - 328, 1422); packageName: com.uberspot.a2048; className: android.widget.LinearLayout; text: null; error: null; maxTextLength: -1; contentDescription: null; viewIdResName: android:id/leftSpacer; checkable: false; checked: false; focusable: false; focused: false; selected: false; clickable: false; longClickable: false; contextClickable: false; enabled: true; password: false; scrollable: false; actions: [AccessibilityAction: ACTION_SELECT - null, AccessibilityAction: ACTION_CLEAR_SELECTION - null, AccessibilityAction: ACTION_ACCESSIBILITY_FOCUS - null, AccessibilityAction: ACTION_UNKNOWN - null]
08-18 19:46:41.444  2443  2443 W AccessibilityNodeInfoDumper: Fetch time: 14ms
08-18 19:46:41.445   623  1159 W WindowManager: Attempted to remove non-existing token: android.os.Binder@9c4e6cc
08-18 19:46:41.450  2443  2443 D AndroidRuntime: Shutting down VM
08-18 19:46:41.978  2461  2461 D AndroidRuntime: >>>>>> START com.android.internal.os.RuntimeInit uid 0 <<<<<<
08-18 19:46:41.979  2461  2461 D AndroidRuntime: CheckJNI is OFF
08-18 19:46:41.990  2461  2461 D ICU     : No timezone override file found: /data/misc/zoneinfo/current/icu/icu_tzdata.dat
08-18 19:46:42.003  2461  2461 E memtrack: Couldn't load memtrack module (No such file or directory)
