08-02 15:31:49.498  1491  1555 W OpenGLRenderer: Incorrectly called buildLayer on View: ShortcutAndWidgetContainer, destroying layer...
08-02 15:31:54.804  5551  5551 D AndroidRuntime: >>>>>> START com.android.internal.os.RuntimeInit uid 0 <<<<<<
08-02 15:31:54.806  5551  5551 D AndroidRuntime: CheckJNI is OFF
08-02 15:31:54.815  5551  5551 D ICU     : No timezone override file found: /data/misc/zoneinfo/current/icu/icu_tzdata.dat
08-02 15:31:54.829  5551  5551 E memtrack: Couldn't load memtrack module (No such file or directory)
08-02 15:31:54.829  5551  5551 E android.os.Debug: failed to load memtrack module: -2
08-02 15:31:54.830  5551  5551 I Radio-JNI: register_android_hardware_Radio DONE
08-02 15:31:54.835  5551  5551 D AndroidRuntime: Calling main entry com.android.commands.uiautomator.Launcher
08-02 15:31:55.845  5551  5551 W AccessibilityNodeInfoDumper: Fetch time: 1ms
08-02 15:31:55.846   626   638 W WindowManager: Attempted to remove non-existing token: android.os.Binder@f478dbb
08-02 15:31:55.852  5551  5551 D AndroidRuntime: Shutting down VM
08-02 15:31:56.351  5568  5568 D AndroidRuntime: >>>>>> START com.android.internal.os.RuntimeInit uid 0 <<<<<<
08-02 15:31:56.354  5568  5568 D AndroidRuntime: CheckJNI is OFF
08-02 15:31:56.364  5568  5568 D ICU     : No timezone override file found: /data/misc/zoneinfo/current/icu/icu_tzdata.dat
08-02 15:31:56.377  5568  5568 E memtrack: Couldn't load memtrack module (No such file or directory)
08-02 15:31:56.377  5568  5568 E android.os.Debug: failed to load memtrack module: -2
08-02 15:31:56.378  5568  5568 I Radio-JNI: register_android_hardware_Radio DONE
08-02 15:31:56.384  5568  5568 D AndroidRuntime: Calling main entry com.android.commands.uiautomator.Launcher
08-02 15:31:57.402  5568  5568 W AccessibilityNodeInfoDumper: Fetch time: 3ms
08-02 15:31:57.402   626  1331 W WindowManager: Attempted to remove non-existing token: android.os.Binder@753ccee
08-02 15:31:57.428  5568  5568 D AndroidRuntime: Shutting down VM
08-02 15:31:58.505  5591  5591 D AndroidRuntime: >>>>>> START com.android.internal.os.RuntimeInit uid 0 <<<<<<
08-02 15:31:58.508  5591  5591 D AndroidRuntime: CheckJNI is OFF
08-02 15:31:58.521  5591  5591 D ICU     : No timezone override file found: /data/misc/zoneinfo/current/icu/icu_tzdata.dat
08-02 15:31:58.543  5591  5591 E memtrack: Couldn't load memtrack module (No such file or directory)
08-02 15:31:58.543  5591  5591 E android.os.Debug: failed to load memtrack module: -2
08-02 15:31:58.544  5591  5591 I Radio-JNI: register_android_hardware_Radio DONE
08-02 15:31:58.551  5591  5591 D AndroidRuntime: Calling main entry com.android.commands.uiautomator.Launcher
08-02 15:31:58.933   626   640 W ActivityManager: Activity destroy timeout for ActivityRecord{225891a u0 com.iamtrk.androidexplorer/com.iamtrk.ItemListActivity t6 f}
08-02 15:31:59.566  5591  5591 W AccessibilityNodeInfoDumper: Fetch time: 2ms
08-02 15:31:59.566   626  1105 W WindowManager: Attempted to remove non-existing token: android.os.Binder@532f58f
08-02 15:31:59.583  5591  5591 D AndroidRuntime: Shutting down VM
08-02 15:32:00.765  5618  5618 D AndroidRuntime: >>>>>> START com.android.internal.os.RuntimeInit uid 0 <<<<<<
08-02 15:32:00.766  5618  5618 D AndroidRuntime: CheckJNI is OFF
08-02 15:32:00.777  5618  5618 D ICU     : No timezone override file found: /data/misc/zoneinfo/current/icu/icu_tzdata.dat
08-02 15:32:00.789  5618  5618 E memtrack: Couldn't load memtrack module (No such file or directory)
08-02 15:32:00.789  5618  5618 E android.os.Debug: failed to load memtrack module: -2
08-02 15:32:00.790  5618  5618 I Radio-JNI: register_android_hardware_Radio DONE
08-02 15:32:00.797  5618  5618 D AndroidRuntime: Calling main entry com.android.commands.uiautomator.Launcher
08-02 15:32:01.812  5618  5618 W AccessibilityNodeInfoDumper: Fetch time: 1ms
08-02 15:32:01.812   626  1331 W WindowManager: Attempted to remove non-existing token: android.os.Binder@91e501c
08-02 15:32:01.824  5618  5618 D AndroidRuntime: Shutting down VM
08-02 15:32:02.968  5644  5644 D AndroidRuntime: >>>>>> START com.android.internal.os.RuntimeInit uid 0 <<<<<<
08-02 15:32:02.970  5644  5644 D AndroidRuntime: CheckJNI is OFF
08-02 15:32:02.985  5644  5644 D ICU     : No timezone override file found: /data/misc/zoneinfo/current/icu/icu_tzdata.dat
08-02 15:32:03.004  5644  5644 E memtrack: Couldn't load memtrack module (No such file or directory)
08-02 15:32:03.004  5644  5644 E android.os.Debug: failed to load memtrack module: -2
08-02 15:32:03.006  5644  5644 I Radio-JNI: register_android_hardware_Radio DONE
08-02 15:32:03.023  5644  5644 D AndroidRuntime: Calling main entry com.android.commands.uiautomator.Launcher
08-02 15:32:04.033  5644  5644 W AccessibilityNodeInfoDumper: Fetch time: 1ms
08-02 15:32:04.034   626  1105 W WindowManager: Attempted to remove non-existing token: android.os.Binder@ff8d425
08-02 15:32:04.067  5644  5644 D AndroidRuntime: Shutting down VM
08-02 15:32:04.574  5661  5661 D AndroidRuntime: >>>>>> START com.android.internal.os.RuntimeInit uid 0 <<<<<<
08-02 15:32:04.576  5661  5661 D AndroidRuntime: CheckJNI is OFF
08-02 15:32:04.585  5661  5661 D ICU     : No timezone override file found: /data/misc/zoneinfo/current/icu/icu_tzdata.dat
08-02 15:32:04.602  5661  5661 E memtrack: Couldn't load memtrack module (No such file or directory)
08-02 15:32:04.602  5661  5661 E android.os.Debug: failed to load memtrack module: -2
08-02 15:32:04.603  5661  5661 I Radio-JNI: register_android_hardware_Radio DONE
08-02 15:32:04.620  5661  5661 D AndroidRuntime: Calling main entry com.android.commands.uiautomator.Launcher
08-02 15:32:05.638  5661  5661 W AccessibilityNodeInfoDumper: Fetch time: 2ms
08-02 15:32:05.638   626  1331 W WindowManager: Attempted to remove non-existing token: android.os.Binder@733c9fa
08-02 15:32:05.646  5661  5661 D AndroidRuntime: Shutting down VM
08-02 15:32:06.787  5684  5684 D AndroidRuntime: >>>>>> START com.android.internal.os.RuntimeInit uid 0 <<<<<<
08-02 15:32:06.789  5684  5684 D AndroidRuntime: CheckJNI is OFF
08-02 15:32:06.799  5684  5684 D ICU     : No timezone override file found: /data/misc/zoneinfo/current/icu/icu_tzdata.dat
08-02 15:32:06.812  5684  5684 E memtrack: Couldn't load memtrack module (No such file or directory)
08-02 15:32:06.812  5684  5684 E android.os.Debug: failed to load memtrack module: -2
08-02 15:32:06.813  5684  5684 I Radio-JNI: register_android_hardware_Radio DONE
08-02 15:32:06.820  5684  5684 D AndroidRuntime: Calling main entry com.android.commands.uiautomator.Launcher
08-02 15:32:07.834  5684  5684 W AccessibilityNodeInfoDumper: Fetch time: 2ms
08-02 15:32:07.834   626   956 W WindowManager: Attempted to remove non-existing token: android.os.Binder@9f35bab
08-02 15:32:07.865  5684  5684 D AndroidRuntime: Shutting down VM
08-02 15:32:08.387  5701  5701 D AndroidRuntime: >>>>>> START com.android.internal.os.RuntimeInit uid 0 <<<<<<
08-02 15:32:08.390  5701  5701 D AndroidRuntime: CheckJNI is OFF
08-02 15:32:08.401  5701  5701 D ICU     : No timezone override file found: /data/misc/zoneinfo/current/icu/icu_tzdata.dat
08-02 15:32:08.415  5701  5701 E memtrack: Couldn't load memtrack module (No such file or directory)
08-02 15:32:08.415  5701  5701 E android.os.Debug: failed to load memtrack module: -2
08-02 15:32:08.417  5701  5701 I Radio-JNI: register_android_hardware_Radio DONE
08-02 15:32:08.425  5701  5701 D AndroidRuntime: Calling main entry com.android.commands.uiautomator.Launcher
08-02 15:32:09.439  5701  5701 W AccessibilityNodeInfoDumper: Fetch time: 2ms
08-02 15:32:09.439   626   956 W WindowManager: Attempted to remove non-existing token: android.os.Binder@6078da1
08-02 15:32:09.465  5701  5701 D AndroidRuntime: Shutting down VM
08-02 15:32:10.626  5724  5724 D AndroidRuntime: >>>>>> START com.android.internal.os.RuntimeInit uid 0 <<<<<<
08-02 15:32:10.628  5724  5724 D AndroidRuntime: CheckJNI is OFF
08-02 15:32:10.639  5724  5724 D ICU     : No timezone override file found: /data/misc/zoneinfo/current/icu/icu_tzdata.dat
08-02 15:32:10.652  5724  5724 E memtrack: Couldn't load memtrack module (No such file or directory)
08-02 15:32:10.652  5724  5724 E android.os.Debug: failed to load memtrack module: -2
08-02 15:32:10.653  5724  5724 I Radio-JNI: register_android_hardware_Radio DONE
08-02 15:32:10.660  5724  5724 D AndroidRuntime: Calling main entry com.android.commands.uiautomator.Launcher
08-02 15:32:11.676  5724  5724 W AccessibilityNodeInfoDumper: Fetch time: 2ms
08-02 15:32:11.677   626   760 W WindowManager: Attempted to remove non-existing token: android.os.Binder@9e48bc6
08-02 15:32:11.687  5724  5724 D AndroidRuntime: Shutting down VM
08-02 15:32:12.193  5741  5741 D AndroidRuntime: >>>>>> START com.android.internal.os.RuntimeInit uid 0 <<<<<<
08-02 15:32:12.194  5741  5741 D AndroidRuntime: CheckJNI is OFF
08-02 15:32:12.204  5741  5741 D ICU     : No timezone override file found: /data/misc/zoneinfo/current/icu/icu_tzdata.dat
08-02 15:32:12.216  5741  5741 E memtrack: Couldn't load memtrack module (No such file or directory)
08-02 15:32:12.216  5741  5741 E android.os.Debug: failed to load memtrack module: -2
08-02 15:32:12.217  5741  5741 I Radio-JNI: register_android_hardware_Radio DONE
08-02 15:32:12.225  5741  5741 D AndroidRuntime: Calling main entry com.android.commands.uiautomator.Launcher
08-02 15:32:13.248  5741  5741 W AccessibilityNodeInfoDumper: Fetch time: 1ms
08-02 15:32:13.248   626  1103 W WindowManager: Attempted to remove non-existing token: android.os.Binder@a0a0787
08-02 15:32:13.256  5741  5741 D AndroidRuntime: Shutting down VM
08-02 15:32:14.368  5764  5764 D AndroidRuntime: >>>>>> START com.android.internal.os.RuntimeInit uid 0 <<<<<<
08-02 15:32:14.370  5764  5764 D AndroidRuntime: CheckJNI is OFF
08-02 15:32:14.380  5764  5764 D ICU     : No timezone override file found: /data/misc/zoneinfo/current/icu/icu_tzdata.dat
08-02 15:32:14.393  5764  5764 E memtrack: Couldn't load memtrack module (No such file or directory)
08-02 15:32:14.393  5764  5764 E android.os.Debug: failed to load memtrack module: -2
08-02 15:32:14.394  5764  5764 I Radio-JNI: register_android_hardware_Radio DONE
08-02 15:32:14.400  5764  5764 D AndroidRuntime: Calling main entry com.android.commands.uiautomator.Launcher
08-02 15:32:15.412  5764  5764 W AccessibilityNodeInfoDumper: Fetch time: 1ms
08-02 15:32:15.413   626   759 W WindowManager: Attempted to remove non-existing token: android.os.Binder@dfa86b4
08-02 15:32:15.428  5764  5764 D AndroidRuntime: Shutting down VM
08-02 15:32:15.982  5781  5781 D AndroidRuntime: >>>>>> START com.android.internal.os.RuntimeInit uid 0 <<<<<<
08-02 15:32:15.983  5781  5781 D AndroidRuntime: CheckJNI is OFF
08-02 15:32:15.994  5781  5781 D ICU     : No timezone override file found: /data/misc/zoneinfo/current/icu/icu_tzdata.dat
08-02 15:32:16.011  5781  5781 E memtrack: Couldn't load memtrack module (No such file or directory)
08-02 15:32:16.011  5781  5781 E android.os.Debug: failed to load memtrack module: -2
08-02 15:32:16.013  5781  5781 I Radio-JNI: register_android_hardware_Radio DONE
08-02 15:32:16.019  5781  5781 D AndroidRuntime: Calling main entry com.android.commands.uiautomator.Launcher
08-02 15:32:17.030  5781  5781 W AccessibilityNodeInfoDumper: Fetch time: 1ms
08-02 15:32:17.031   626   759 W WindowManager: Attempted to remove non-existing token: android.os.Binder@bee62dd
08-02 15:32:17.042  5781  5781 D AndroidRuntime: Shutting down VM
08-02 15:32:22.641  5801  5801 D AndroidRuntime: >>>>>> START com.android.internal.os.RuntimeInit uid 0 <<<<<<
08-02 15:32:22.644  5801  5801 D AndroidRuntime: CheckJNI is OFF
08-02 15:32:22.654  5801  5801 D ICU     : No timezone override file found: /data/misc/zoneinfo/current/icu/icu_tzdata.dat
08-02 15:32:22.669  5801  5801 E memtrack: Couldn't load memtrack module (No such file or directory)
08-02 15:32:22.669  5801  5801 E android.os.Debug: failed to load memtrack module: -2
08-02 15:32:22.669  5801  5801 I Radio-JNI: register_android_hardware_Radio DONE
08-02 15:32:22.677  5801  5801 D AndroidRuntime: Calling main entry com.android.commands.monkey.Monkey
08-02 15:32:22.689   626   640 W BroadcastQueue: Skipping deliver [background] BroadcastRecord{d135a20 u-1 android.net.conn.CONNECTIVITY_CHANGE} to ReceiverList{b734fd9 5801 (unknown name)/0/u-1 remote:a8d9e52}: process crashing
08-02 15:32:22.701   626  1103 I ActivityManager: START u0 {act=android.intent.action.MAIN cat=[android.intent.category.LAUNCHER] flg=0x10200000 cmp=com.iamtrk.androidexplorer/com.iamtrk.ItemListActivity} from uid 0 on display 0
08-02 15:32:22.806   626   641 D Sensors : batch handle 1, but there is no batch sensor in genymotion
08-02 15:32:22.807  5801  5801 I art     : System.exit called, status: 0
08-02 15:32:22.807  5801  5801 I AndroidRuntime: VM exiting with result code 0.
08-02 15:32:24.457   626   645 I Choreographer: Skipped 99 frames!  The application may be doing too much work on its main thread.
08-02 15:32:24.481  1491  1555 E Surface : getSlotFromBufferLocked: unknown buffer: 0xde5c21c0
08-02 15:32:29.058  5813  5813 D AndroidRuntime: >>>>>> START com.android.internal.os.RuntimeInit uid 0 <<<<<<
08-02 15:32:29.059  5813  5813 D AndroidRuntime: CheckJNI is OFF
08-02 15:32:29.070  5813  5813 D ICU     : No timezone override file found: /data/misc/zoneinfo/current/icu/icu_tzdata.dat
08-02 15:32:29.086  5813  5813 E memtrack: Couldn't load memtrack module (No such file or directory)
08-02 15:32:29.086  5813  5813 E android.os.Debug: failed to load memtrack module: -2
08-02 15:32:29.087  5813  5813 I Radio-JNI: register_android_hardware_Radio DONE
08-02 15:32:29.098  5813  5813 D AndroidRuntime: Calling main entry com.android.commands.uiautomator.Launcher
08-02 15:32:30.134  5813  5813 W AccessibilityNodeInfoDumper: Fetch time: 6ms
08-02 15:32:30.134   626   759 W WindowManager: Attempted to remove non-existing token: android.os.Binder@1418b50
08-02 15:32:30.159  5813  5813 D AndroidRuntime: Shutting down VM
08-02 15:32:30.744  5826  5826 D AndroidRuntime: >>>>>> START com.android.internal.os.RuntimeInit uid 0 <<<<<<
08-02 15:32:30.748  5826  5826 D AndroidRuntime: CheckJNI is OFF
08-02 15:32:30.761  5826  5826 D ICU     : No timezone override file found: /data/misc/zoneinfo/current/icu/icu_tzdata.dat
08-02 15:32:30.772  5826  5826 E memtrack: Couldn't load memtrack module (No such file or directory)
08-02 15:32:30.772  5826  5826 E android.os.Debug: failed to load memtrack module: -2
08-02 15:32:30.774  5826  5826 I Radio-JNI: register_android_hardware_Radio DONE
08-02 15:32:30.781  5826  5826 D AndroidRuntime: Calling main entry com.android.commands.input.Input
08-02 15:32:30.783  5826  5826 I Input   : injectMotionEvent: MotionEvent { action=ACTION_DOWN, actionButton=0, id[0]=0, x[0]=959.0, y[0]=984.0, toolType[0]=TOOL_TYPE_UNKNOWN, buttonState=0, metaState=0, flags=0x0, edgeFlags=0x0, pointerCount=1, historySize=0, eventTime=708802, downTime=708802, deviceId=0, source=0x1002 }
08-02 15:32:30.789  5826  5826 I Input   : injectMotionEvent: MotionEvent { action=ACTION_UP, actionButton=0, id[0]=0, x[0]=959.0, y[0]=984.0, toolType[0]=TOOL_TYPE_UNKNOWN, buttonState=0, metaState=0, flags=0x0, edgeFlags=0x0, pointerCount=1, historySize=0, eventTime=708802, downTime=708802, deviceId=0, source=0x1002 }
08-02 15:32:30.790  5826  5826 D AndroidRuntime: Shutting down VM
08-02 15:32:30.801  3369  3369 I Process : Sending signal. PID: 3369 SIG: 9
08-02 15:32:30.805   626  1105 D GraphicsStats: Buffer count: 4
08-02 15:32:30.805   626   638 W libprocessgroup: failed to open /acct/uid_10060/pid_3369/cgroup.procs: No such file or directory
08-02 15:32:30.805   626   638 I ActivityManager: Process com.iamtrk.androidexplorer (pid 3369) has died
08-02 15:32:30.816   626  2961 E Surface : getSlotFromBufferLocked: unknown buffer: 0xdf50b4b0
08-02 15:32:30.873   626   638 I ActivityManager: Start proc 5835:com.iamtrk.androidexplorer/u0a60 for activity com.iamtrk.androidexplorer/com.iamtrk.ItemListActivity
08-02 15:32:30.880  5835  5835 E libprocessgroup: failed to make and chown /acct/uid_10060: Read-only file system
08-02 15:32:30.880  5835  5835 W Zygote  : createProcessGroup failed, kernel missing CONFIG_CGROUP_CPUACCT?
08-02 15:32:30.908  5835  5835 W System  : ClassLoader referenced unknown path: /data/app/com.iamtrk.androidexplorer-1/lib/x86
08-02 15:32:30.917  5835  5835 D leak-2-6: 2
08-02 15:32:30.917  5835  5835 D leak-4-6: 4
08-02 15:32:30.917  5835  5835 D leak-6-6: 6
08-02 15:32:30.917  5835  5835 D leak-7-6: 7
08-02 15:32:30.917  5835  5835 D leak-8-6: 8
08-02 15:32:30.917  5835  5835 D leak-10-6: 10
08-02 15:32:30.917  5835  5835 D leak-13-6: 13
08-02 15:32:30.917  5835  5835 D leak-14-6: 14
08-02 15:32:30.918  5835  5835 D leak-2-2: 2
08-02 15:32:30.918  5835  5835 D leak-4-2: 4
08-02 15:32:30.918  5835  5835 D leak-6-2: 6
08-02 15:32:30.918  5835  5835 D leak-7-2: Eastern Standard Time
08-02 15:32:30.918  5835  5835 D leak-8-2: 8
08-02 15:32:30.918  5835  5835 D leak-10-2: 10
08-02 15:32:30.918  5835  5835 D leak-13-2: 13
08-02 15:32:30.918  5835  5835 D leak-14-2: 14
08-02 15:32:30.929   626  1103 I ActivityManager: START u0 {act=android.content.pm.action.REQUEST_PERMISSIONS pkg=com.android.packageinstaller cmp=com.android.packageinstaller/.permission.ui.GrantPermissionsActivity (has extras)} from uid 10060 on display 0
08-02 15:32:30.955  5835  5835 D leak-2-3: 2
08-02 15:32:30.955  5835  5835 D leak-4-3: 4
08-02 15:32:30.955  5835  5835 D leak-6-3: 6
08-02 15:32:30.955  5835  5835 D leak-7-3: Eastern Standard Time
08-02 15:32:30.955  5835  5835 D leak-8-3: 8
08-02 15:32:30.955  5835  5835 D leak-10-3: 10
08-02 15:32:30.956  5835  5835 D leak-13-3: 13
08-02 15:32:30.956  5835  5835 D leak-14-3: 14
08-02 15:32:30.956  5835  5835 D leak-2-5: 2
08-02 15:32:30.956  5835  5835 D leak-4-5: 4
08-02 15:32:30.956  5835  5835 D leak-6-5: 6
08-02 15:32:30.956  5835  5835 D leak-7-5: Eastern Standard Time
08-02 15:32:30.956  5835  5835 D leak-8-5: 8
08-02 15:32:30.956  5835  5835 D leak-10-5: 10
08-02 15:32:30.956  5835  5835 D leak-13-5: 13
08-02 15:32:30.956  5835  5835 D leak-14-5: 14
08-02 15:32:30.996  5835  5848 D OpenGLRenderer: Use EGL_SWAP_BEHAVIOR_PRESERVED: true
08-02 15:32:31.002  5835  5835 D         : HostConnection::get() New Host Connection established 0xe7fff770, tid 5835
08-02 15:32:31.126   626   645 W AppOps  : Finishing op nesting under-run: uid 1000 pkg android code 24 time=0 duration=0 nesting=0
08-02 15:32:31.194  5835  5848 D libEGL  : loaded /system/lib/egl/libEGL_emulation.so
08-02 15:32:31.196  5835  5848 D libEGL  : loaded /system/lib/egl/libGLESv1_CM_emulation.so
08-02 15:32:31.207  5835  5848 D libEGL  : loaded /system/lib/egl/libGLESv2_emulation.so
08-02 15:32:31.225  5835  5848 D         : HostConnection::get() New Host Connection established 0xeebd2b10, tid 5848
08-02 15:32:31.277  5835  5848 I OpenGLRenderer: Initialized EGL, version 1.4
08-02 15:32:31.337  5835  5848 W EGL_emulation: eglSurfaceAttrib not implemented
08-02 15:32:31.337  5835  5848 W OpenGLRenderer: Failed to set EGL_SWAP_BEHAVIOR on surface 0xe9bfa240, error=EGL_SUCCESS
08-02 15:32:31.402   626   759 W InputMethodManagerService: Got RemoteException sending setActive(false) notification to pid 3369 uid 10060
08-02 15:32:31.404  5835  5835 D leak-2-4: 2
08-02 15:32:31.404  5835  5835 D leak-4-4: 4
08-02 15:32:31.404  5835  5835 D leak-6-4: 6
08-02 15:32:31.404  5835  5835 D leak-7-4: Eastern Standard Time
08-02 15:32:31.404  5835  5835 D leak-8-4: 8
08-02 15:32:31.404  5835  5835 D leak-10-4: 10
08-02 15:32:31.405  5835  5835 D leak-13-4: 13
08-02 15:32:31.405  5835  5835 D leak-14-4: 14
08-02 15:32:31.409  5835  5835 I AppCompatDelegate: The Activity's LayoutInflater already has a Factory installed so we can not install AppCompat's
08-02 15:32:31.722  5835  5848 W EGL_emulation: eglSurfaceAttrib not implemented
08-02 15:32:31.722  5835  5848 W OpenGLRenderer: Failed to set EGL_SWAP_BEHAVIOR on surface 0xe9bfa2a0, error=EGL_SUCCESS
08-02 15:32:32.111  5854  5854 D AndroidRuntime: >>>>>> START com.android.internal.os.RuntimeInit uid 0 <<<<<<
08-02 15:32:32.114  5854  5854 D AndroidRuntime: CheckJNI is OFF
08-02 15:32:32.139  5854  5854 D ICU     : No timezone override file found: /data/misc/zoneinfo/current/icu/icu_tzdata.dat
08-02 15:32:32.164  5854  5854 E memtrack: Couldn't load memtrack module (No such file or directory)
08-02 15:32:32.164  5854  5854 E android.os.Debug: failed to load memtrack module: -2
08-02 15:32:32.166  5854  5854 I Radio-JNI: register_android_hardware_Radio DONE
08-02 15:32:32.182  5854  5854 D AndroidRuntime: Calling main entry com.android.commands.am.Am
08-02 15:32:32.187   626  1331 I ActivityManager: Force stopping com.iamtrk.androidexplorer appid=10060 user=0: from pid 5854
08-02 15:32:32.188   626  1331 I ActivityManager: Killing 5835:com.iamtrk.androidexplorer/u0a60 (adj 0): stop com.iamtrk.androidexplorer
08-02 15:32:32.188   626  1331 W libprocessgroup: failed to open /acct/uid_10060/pid_5835/cgroup.procs: No such file or directory
08-02 15:32:32.188   626  1331 W ActivityManager: Force removing ActivityRecord{d434d9e u0 com.iamtrk.androidexplorer/com.iamtrk.ItemListActivity t7}: app died, no saved state
08-02 15:32:32.210   626   676 W InputDispatcher: channel '2057d75 com.iamtrk.androidexplorer/com.iamtrk.ItemListActivity (server)' ~ Consumer closed input channel or an error occurred.  events=0x9
08-02 15:32:32.210   626   676 E InputDispatcher: channel '2057d75 com.iamtrk.androidexplorer/com.iamtrk.ItemListActivity (server)' ~ Channel is unrecoverably broken and will be disposed!
08-02 15:32:32.210   626   676 W InputDispatcher: channel 'ea2adb2 com.iamtrk.androidexplorer/com.iamtrk.ItemListActivity (server)' ~ Consumer closed input channel or an error occurred.  events=0x9
08-02 15:32:32.210   626   676 E InputDispatcher: channel 'ea2adb2 com.iamtrk.androidexplorer/com.iamtrk.ItemListActivity (server)' ~ Channel is unrecoverably broken and will be disposed!
08-02 15:32:32.212   626  1103 D GraphicsStats: Buffer count: 4
08-02 15:32:32.221  5854  5854 D AndroidRuntime: Shutting down VM
08-02 15:32:32.223   626  1103 I WindowState: WIN DEATH: Window{ea2adb2 u0 com.iamtrk.androidexplorer/com.iamtrk.ItemListActivity}
08-02 15:32:32.223   626  1103 W InputDispatcher: Attempted to unregister already unregistered input channel 'ea2adb2 com.iamtrk.androidexplorer/com.iamtrk.ItemListActivity (server)'
08-02 15:32:32.231   626  1099 I WindowState: WIN DEATH: Window{2057d75 u0 com.iamtrk.androidexplorer/com.iamtrk.ItemListActivity}
08-02 15:32:32.231   626  1099 W InputDispatcher: Attempted to unregister already unregistered input channel '2057d75 com.iamtrk.androidexplorer/com.iamtrk.ItemListActivity (server)'
08-02 15:32:32.326  1491  1555 W EGL_emulation: eglSurfaceAttrib not implemented
08-02 15:32:32.326  1491  1555 W OpenGLRenderer: Failed to set EGL_SWAP_BEHAVIOR on surface 0xe8ed2040, error=EGL_SUCCESS
08-02 15:32:32.364   626   637 W InputMethodManagerService: Got RemoteException sending setActive(false) notification to pid 5835 uid 10060
08-02 15:32:32.445   626   645 W WindowAnimator: Failed to dispatch window animation state change.
08-02 15:32:32.445   626   645 W WindowAnimator: android.os.DeadObjectException
08-02 15:32:32.445   626   645 W WindowAnimator: 	at android.os.BinderProxy.transactNative(Native Method)
08-02 15:32:32.445   626   645 W WindowAnimator: 	at android.os.BinderProxy.transact(Binder.java:557)
08-02 15:32:32.445   626   645 W WindowAnimator: 	at android.view.IWindow$Stub$Proxy.onAnimationStopped(IWindow.java:534)
08-02 15:32:32.445   626   645 W WindowAnimator: 	at com.android.server.wm.WindowAnimator.updateWindowsLocked(WindowAnimator.java:286)
08-02 15:32:32.445   626   645 W WindowAnimator: 	at com.android.server.wm.WindowAnimator.animateLocked(WindowAnimator.java:678)
08-02 15:32:32.445   626   645 W WindowAnimator: 	at com.android.server.wm.WindowAnimator.-wrap0(WindowAnimator.java)
08-02 15:32:32.445   626   645 W WindowAnimator: 	at com.android.server.wm.WindowAnimator$1.doFrame(WindowAnimator.java:123)
08-02 15:32:32.445   626   645 W WindowAnimator: 	at android.view.Choreographer$CallbackRecord.run(Choreographer.java:856)
08-02 15:32:32.445   626   645 W WindowAnimator: 	at android.view.Choreographer.doCallbacks(Choreographer.java:670)
08-02 15:32:32.445   626   645 W WindowAnimator: 	at android.view.Choreographer.doFrame(Choreographer.java:603)
08-02 15:32:32.445   626   645 W WindowAnimator: 	at android.view.Choreographer$FrameDisplayEventReceiver.run(Choreographer.java:844)
08-02 15:32:32.445   626   645 W WindowAnimator: 	at android.os.Handler.handleCallback(Handler.java:739)
08-02 15:32:32.445   626   645 W WindowAnimator: 	at android.os.Handler.dispatchMessage(Handler.java:95)
08-02 15:32:32.445   626   645 W WindowAnimator: 	at android.os.Looper.loop(Looper.java:148)
08-02 15:32:32.445   626   645 W WindowAnimator: 	at android.os.HandlerThread.run(HandlerThread.java:61)
08-02 15:32:32.445   626   645 W WindowAnimator: 	at com.android.server.ServiceThread.run(ServiceThread.java:46)
08-02 15:32:33.031  1491  1555 W OpenGLRenderer: Incorrectly called buildLayer on View: ShortcutAndWidgetContainer, destroying layer...
08-02 15:32:33.031  1491  1555 W OpenGLRenderer: Incorrectly called buildLayer on View: ShortcutAndWidgetContainer, destroying layer...
08-02 15:32:34.819  5867  5867 D AndroidRuntime: >>>>>> START com.android.internal.os.RuntimeInit uid 0 <<<<<<
08-02 15:32:34.822  5867  5867 D AndroidRuntime: CheckJNI is OFF
08-02 15:32:34.834  5867  5867 D ICU     : No timezone override file found: /data/misc/zoneinfo/current/icu/icu_tzdata.dat
08-02 15:32:34.846  5867  5867 E memtrack: Couldn't load memtrack module (No such file or directory)
08-02 15:32:34.846  5867  5867 E android.os.Debug: failed to load memtrack module: -2
08-02 15:32:34.847  5867  5867 I Radio-JNI: register_android_hardware_Radio DONE
08-02 15:32:34.854  5867  5867 D AndroidRuntime: Calling main entry com.android.commands.monkey.Monkey
08-02 15:32:34.879   626   640 W BroadcastQueue: Skipping deliver [background] BroadcastRecord{da790f3 u-1 android.net.conn.CONNECTIVITY_CHANGE} to ReceiverList{d74f1b0 5867 (unknown name)/0/u-1 remote:11ce62d}: process crashing
08-02 15:32:34.886   626  1103 I ActivityManager: START u0 {act=android.intent.action.MAIN cat=[android.intent.category.LAUNCHER] flg=0x10200000 cmp=com.iamtrk.androidexplorer/com.iamtrk.ItemListActivity} from uid 0 on display 0
08-02 15:32:34.904   626   637 I ActivityManager: Start proc 5876:com.iamtrk.androidexplorer/u0a60 for activity com.iamtrk.androidexplorer/com.iamtrk.ItemListActivity
08-02 15:32:34.917  5867  5867 I art     : System.exit called, status: 0
08-02 15:32:34.917  5867  5867 I AndroidRuntime: VM exiting with result code 0.
08-02 15:32:34.953  5876  5876 E libprocessgroup: failed to make and chown /acct/uid_10060: Read-only file system
08-02 15:32:34.953  5876  5876 W Zygote  : createProcessGroup failed, kernel missing CONFIG_CGROUP_CPUACCT?
08-02 15:32:35.431   626   640 W art     : Long monitor contention event with owner method=void com.android.server.am.ActivityManagerService.attachApplication(android.app.IApplicationThread) from ActivityManagerService.java:6235 waiters=1 for 175ms
08-02 15:32:35.627  5876  5876 W System  : ClassLoader referenced unknown path: /data/app/com.iamtrk.androidexplorer-1/lib/x86
08-02 15:32:35.819  5876  5876 D leak-2-6: 2
08-02 15:32:35.824  5876  5876 D leak-4-6: 4
08-02 15:32:35.824  5876  5876 D leak-6-6: 6
08-02 15:32:35.824  5876  5876 D leak-7-6: 7
08-02 15:32:35.824  5876  5876 D leak-8-6: 8
08-02 15:32:35.824  5876  5876 D leak-10-6: 10
08-02 15:32:35.824  5876  5876 D leak-13-6: 13
08-02 15:32:35.824  5876  5876 D leak-14-6: 14
08-02 15:32:35.824  5876  5876 D leak-2-2: 2
08-02 15:32:35.824  5876  5876 D leak-4-2: 4
08-02 15:32:35.824  5876  5876 D leak-6-2: 6
08-02 15:32:35.824  5876  5876 D leak-7-2: Eastern Standard Time
08-02 15:32:35.824  5876  5876 D leak-8-2: 8
08-02 15:32:35.824  5876  5876 D leak-10-2: 10
08-02 15:32:35.824  5876  5876 D leak-13-2: 13
08-02 15:32:35.824  5876  5876 D leak-14-2: 14
08-02 15:32:35.842   626   637 I ActivityManager: START u0 {act=android.content.pm.action.REQUEST_PERMISSIONS pkg=com.android.packageinstaller cmp=com.android.packageinstaller/.permission.ui.GrantPermissionsActivity (has extras)} from uid 10060 on display 0
08-02 15:32:36.073  5876  5876 D leak-2-3: 2
08-02 15:32:36.073  5876  5876 D leak-4-3: 4
08-02 15:32:36.073  5876  5876 D leak-6-3: 6
08-02 15:32:36.073  5876  5876 D leak-7-3: Eastern Standard Time
08-02 15:32:36.073  5876  5876 D leak-8-3: 8
08-02 15:32:36.073  5876  5876 D leak-10-3: 10
08-02 15:32:36.073  5876  5876 D leak-13-3: 13
08-02 15:32:36.084  5876  5876 D leak-14-3: 14
08-02 15:32:36.084  5876  5876 D leak-2-5: 2
08-02 15:32:36.084  5876  5876 D leak-4-5: 4
08-02 15:32:36.084  5876  5876 D leak-6-5: 6
08-02 15:32:36.084  5876  5876 D leak-7-5: Eastern Standard Time
08-02 15:32:36.084  5876  5876 D leak-8-5: 8
08-02 15:32:36.084  5876  5876 D leak-10-5: 10
08-02 15:32:36.085  5876  5876 D leak-13-5: 13
08-02 15:32:36.085  5876  5876 D leak-14-5: 14
08-02 15:32:36.102   626   733 W art     : Long monitor contention event with owner method=int com.android.server.am.ActivityStackSupervisor.startActivityMayWait(android.app.IApplicationThread, int, java.lang.String, android.content.Intent, java.lang.String, android.service.voice.IVoiceInteractionSession, com.android.internal.app.IVoiceInteractor, android.os.IBinder, java.lang.String, int, int, android.app.ProfilerInfo, android.app.IActivityManager$WaitResult, android.content.res.Configuration, android.os.Bundle, boolean, int, android.app.IActivityContainer, com.android.server.am.TaskRecord) from ActivityStackSupervisor.java:946 waiters=1 for 199ms
08-02 15:32:36.418  5876  5887 I art     : Background sticky concurrent mark sweep GC freed 5770(396KB) AllocSpace objects, 0(0B) LOS objects, 70% free, 655KB/2MB, paused 102us total 187.027ms
08-02 15:32:36.482   626   640 W ActivityManager: Activity pause timeout for ActivityRecord{a8eb829 u0 com.iamtrk.androidexplorer/com.iamtrk.ItemListActivity t8}
08-02 15:32:36.904  5876  5890 D OpenGLRenderer: Use EGL_SWAP_BEHAVIOR_PRESERVED: true
08-02 15:32:37.115  5876  5876 D         : HostConnection::get() New Host Connection established 0xe7fff810, tid 5876
08-02 15:32:37.751  5876  5876 D leak-2-4: 2
08-02 15:32:37.751  5876  5876 D leak-4-4: 4
08-02 15:32:37.751  5876  5876 D leak-6-4: 6
08-02 15:32:37.751  5876  5876 D leak-7-4: Eastern Standard Time
08-02 15:32:37.751  5876  5876 D leak-8-4: 8
08-02 15:32:37.751  5876  5876 D leak-10-4: 10
08-02 15:32:37.751  5876  5876 D leak-13-4: 13
08-02 15:32:37.751  5876  5876 D leak-14-4: 14
08-02 15:32:37.752  5876  5876 I AppCompatDelegate: The Activity's LayoutInflater already has a Factory installed so we can not install AppCompat's
08-02 15:32:37.789  5876  5890 D libEGL  : loaded /system/lib/egl/libEGL_emulation.so
08-02 15:32:37.790  5876  5890 D libEGL  : loaded /system/lib/egl/libGLESv1_CM_emulation.so
08-02 15:32:37.800  5876  5890 D libEGL  : loaded /system/lib/egl/libGLESv2_emulation.so
08-02 15:32:37.807  5876  5890 D         : HostConnection::get() New Host Connection established 0xeebd2ab0, tid 5890
08-02 15:32:37.825  5876  5890 I OpenGLRenderer: Initialized EGL, version 1.4
08-02 15:32:37.847  5876  5890 W EGL_emulation: eglSurfaceAttrib not implemented
08-02 15:32:37.847  5876  5890 W OpenGLRenderer: Failed to set EGL_SWAP_BEHAVIOR on surface 0xe9bfcc20, error=EGL_SUCCESS
08-02 15:32:37.888  5876  5890 W EGL_emulation: eglSurfaceAttrib not implemented
08-02 15:32:37.888  5876  5890 W OpenGLRenderer: Failed to set EGL_SWAP_BEHAVIOR on surface 0xe9bfcc40, error=EGL_SUCCESS
08-02 15:32:38.117  1491  1555 E Surface : getSlotFromBufferLocked: unknown buffer: 0xe07773f0
08-02 15:32:42.009  5910  5910 D AndroidRuntime: >>>>>> START com.android.internal.os.RuntimeInit uid 0 <<<<<<
08-02 15:32:42.010  5910  5910 D AndroidRuntime: CheckJNI is OFF
08-02 15:32:42.022  5910  5910 D ICU     : No timezone override file found: /data/misc/zoneinfo/current/icu/icu_tzdata.dat
08-02 15:32:42.036  5910  5910 E memtrack: Couldn't load memtrack module (No such file or directory)
08-02 15:32:42.036  5910  5910 E android.os.Debug: failed to load memtrack module: -2
08-02 15:32:42.037  5910  5910 I Radio-JNI: register_android_hardware_Radio DONE
08-02 15:32:42.044  5910  5910 D AndroidRuntime: Calling main entry com.android.commands.uiautomator.Launcher
08-02 15:32:43.061  5910  5910 W AccessibilityNodeInfoDumper: Fetch time: 2ms
08-02 15:32:43.062   626  1331 W WindowManager: Attempted to remove non-existing token: android.os.Binder@6d77f09
08-02 15:32:43.076  5910  5910 D AndroidRuntime: Shutting down VM
08-02 15:32:43.584  5928  5928 D AndroidRuntime: >>>>>> START com.android.internal.os.RuntimeInit uid 0 <<<<<<
08-02 15:32:43.586  5928  5928 D AndroidRuntime: CheckJNI is OFF
08-02 15:32:43.596  5928  5928 D ICU     : No timezone override file found: /data/misc/zoneinfo/current/icu/icu_tzdata.dat
08-02 15:32:43.611  5928  5928 E memtrack: Couldn't load memtrack module (No such file or directory)
08-02 15:32:43.611  5928  5928 E android.os.Debug: failed to load memtrack module: -2
08-02 15:32:43.612  5928  5928 I Radio-JNI: register_android_hardware_Radio DONE
08-02 15:32:43.618  5928  5928 D AndroidRuntime: Calling main entry com.android.commands.uiautomator.Launcher
08-02 15:32:44.640  5928  5928 W AccessibilityNodeInfoDumper: Fetch time: 2ms
08-02 15:32:44.641   626  1105 W WindowManager: Attempted to remove non-existing token: android.os.Binder@a5c9b2f
08-02 15:32:44.665  5928  5928 D AndroidRuntime: Shutting down VM
08-02 15:32:45.835  5951  5951 D AndroidRuntime: >>>>>> START com.android.internal.os.RuntimeInit uid 0 <<<<<<
08-02 15:32:45.838  5951  5951 D AndroidRuntime: CheckJNI is OFF
08-02 15:32:45.853  5951  5951 D ICU     : No timezone override file found: /data/misc/zoneinfo/current/icu/icu_tzdata.dat
08-02 15:32:45.879  5951  5951 E memtrack: Couldn't load memtrack module (No such file or directory)
08-02 15:32:45.879  5951  5951 E android.os.Debug: failed to load memtrack module: -2
08-02 15:32:45.883  5951  5951 I Radio-JNI: register_android_hardware_Radio DONE
08-02 15:32:45.897  5951  5951 D AndroidRuntime: Calling main entry com.android.commands.uiautomator.Launcher
08-02 15:32:46.911  5951  5951 W AccessibilityNodeInfoDumper: Fetch time: 1ms
08-02 15:32:46.911   626   760 W WindowManager: Attempted to remove non-existing token: android.os.Binder@610953c
08-02 15:32:46.926  5951  5951 D AndroidRuntime: Shutting down VM
08-02 15:32:48.205  5978  5978 D AndroidRuntime: >>>>>> START com.android.internal.os.RuntimeInit uid 0 <<<<<<
08-02 15:32:48.207  5978  5978 D AndroidRuntime: CheckJNI is OFF
08-02 15:32:48.219  5978  5978 D ICU     : No timezone override file found: /data/misc/zoneinfo/current/icu/icu_tzdata.dat
08-02 15:32:48.233  5978  5978 E memtrack: Couldn't load memtrack module (No such file or directory)
08-02 15:32:48.233  5978  5978 E android.os.Debug: failed to load memtrack module: -2
08-02 15:32:48.234  5978  5978 I Radio-JNI: register_android_hardware_Radio DONE
08-02 15:32:48.246  5978  5978 D AndroidRuntime: Calling main entry com.android.commands.uiautomator.Launcher
08-02 15:32:49.267  5978  5978 W AccessibilityNodeInfoDumper: Fetch time: 2ms
08-02 15:32:49.267   626  1099 W WindowManager: Attempted to remove non-existing token: android.os.Binder@af002c5
08-02 15:32:49.275  5978  5978 D AndroidRuntime: Shutting down VM
08-02 15:32:50.534  6009  6009 D AndroidRuntime: >>>>>> START com.android.internal.os.RuntimeInit uid 0 <<<<<<
08-02 15:32:50.536  6009  6009 D AndroidRuntime: CheckJNI is OFF
08-02 15:32:50.545  6009  6009 D ICU     : No timezone override file found: /data/misc/zoneinfo/current/icu/icu_tzdata.dat
08-02 15:32:50.556  6009  6009 E memtrack: Couldn't load memtrack module (No such file or directory)
08-02 15:32:50.556  6009  6009 E android.os.Debug: failed to load memtrack module: -2
08-02 15:32:50.557  6009  6009 I Radio-JNI: register_android_hardware_Radio DONE
08-02 15:32:50.563  6009  6009 D AndroidRuntime: Calling main entry com.android.commands.pm.Pm
08-02 15:32:50.565   626   640 I ActivityManager: Force stopping com.iamtrk.androidexplorer appid=10060 user=-1: uninstall pkg
08-02 15:32:50.566   626   640 I ActivityManager: Killing 5876:com.iamtrk.androidexplorer/u0a60 (adj 0): stop com.iamtrk.androidexplorer
08-02 15:32:50.566   626   640 W libprocessgroup: failed to open /acct/uid_10060/pid_5876/cgroup.procs: No such file or directory
08-02 15:32:50.566   626   640 W ActivityManager: Force removing ActivityRecord{a8eb829 u0 com.iamtrk.androidexplorer/com.iamtrk.ItemListActivity t8}: app died, no saved state
08-02 15:32:50.587   626   676 W InputDispatcher: channel 'd30d10c com.iamtrk.androidexplorer/com.iamtrk.ItemListActivity (server)' ~ Consumer closed input channel or an error occurred.  events=0x9
08-02 15:32:50.587   626   676 E InputDispatcher: channel 'd30d10c com.iamtrk.androidexplorer/com.iamtrk.ItemListActivity (server)' ~ Channel is unrecoverably broken and will be disposed!
08-02 15:32:50.587   626   676 W InputDispatcher: channel '54ec85e com.iamtrk.androidexplorer/com.iamtrk.ItemListActivity (server)' ~ Consumer closed input channel or an error occurred.  events=0x9
08-02 15:32:50.587   626   676 E InputDispatcher: channel '54ec85e com.iamtrk.androidexplorer/com.iamtrk.ItemListActivity (server)' ~ Channel is unrecoverably broken and will be disposed!
08-02 15:32:50.587   626   759 D GraphicsStats: Buffer count: 4
08-02 15:32:50.587   626   638 I WindowState: WIN DEATH: Window{54ec85e u0 com.iamtrk.androidexplorer/com.iamtrk.ItemListActivity}
08-02 15:32:50.587   626   638 W InputDispatcher: Attempted to unregister already unregistered input channel '54ec85e com.iamtrk.androidexplorer/com.iamtrk.ItemListActivity (server)'
08-02 15:32:50.594   626   759 I WindowState: WIN DEATH: Window{d30d10c u0 com.iamtrk.androidexplorer/com.iamtrk.ItemListActivity}
08-02 15:32:50.594   626   759 W InputDispatcher: Attempted to unregister already unregistered input channel 'd30d10c com.iamtrk.androidexplorer/com.iamtrk.ItemListActivity (server)'
08-02 15:32:50.604   626   645 W WindowAnimator: Failed to dispatch window animation state change.
08-02 15:32:50.604   626   645 W WindowAnimator: android.os.DeadObjectException
08-02 15:32:50.604   626   645 W WindowAnimator: 	at android.os.BinderProxy.transactNative(Native Method)
08-02 15:32:50.604   626   645 W WindowAnimator: 	at android.os.BinderProxy.transact(Binder.java:557)
08-02 15:32:50.604   626   645 W WindowAnimator: 	at android.view.IWindow$Stub$Proxy.onAnimationStarted(IWindow.java:520)
08-02 15:32:50.604   626   645 W WindowAnimator: 	at com.android.server.wm.WindowAnimator.updateWindowsLocked(WindowAnimator.java:282)
08-02 15:32:50.604   626   645 W WindowAnimator: 	at com.android.server.wm.WindowAnimator.animateLocked(WindowAnimator.java:678)
08-02 15:32:50.604   626   645 W WindowAnimator: 	at com.android.server.wm.WindowAnimator.-wrap0(WindowAnimator.java)
08-02 15:32:50.604   626   645 W WindowAnimator: 	at com.android.server.wm.WindowAnimator$1.doFrame(WindowAnimator.java:123)
08-02 15:32:50.604   626   645 W WindowAnimator: 	at android.view.Choreographer$CallbackRecord.run(Choreographer.java:856)
08-02 15:32:50.604   626   645 W WindowAnimator: 	at android.view.Choreographer.doCallbacks(Choreographer.java:670)
08-02 15:32:50.604   626   645 W WindowAnimator: 	at android.view.Choreographer.doFrame(Choreographer.java:603)
08-02 15:32:50.604   626   645 W WindowAnimator: 	at android.view.Choreographer$FrameDisplayEventReceiver.run(Choreographer.java:844)
08-02 15:32:50.604   626   645 W WindowAnimator: 	at android.os.Handler.handleCallback(Handler.java:739)
08-02 15:32:50.604   626   645 W WindowAnimator: 	at android.os.Handler.dispatchMessage(Handler.java:95)
08-02 15:32:50.604   626   645 W WindowAnimator: 	at android.os.Looper.loop(Looper.java:148)
08-02 15:32:50.604   626   645 W WindowAnimator: 	at android.os.HandlerThread.run(HandlerThread.java:61)
08-02 15:32:50.604   626   645 W WindowAnimator: 	at com.android.server.ServiceThread.run(ServiceThread.java:46)
08-02 15:32:50.619   626   649 I art     : Starting a blocking GC Explicit
08-02 15:32:50.631   626   649 I art     : Explicit concurrent mark sweep GC freed 12152(880KB) AllocSpace objects, 12(268KB) LOS objects, 33% free, 6MB/9MB, paused 659us total 11.293ms
08-02 15:32:50.644   626   649 W PackageManager: Couldn't remove dex file for package:  at location /data/app/com.iamtrk.androidexplorer-1/base.apk, retcode=-1
08-02 15:32:50.653  6009  6009 I art     : System.exit called, status: 0
08-02 15:32:50.653  6009  6009 I AndroidRuntime: VM exiting with result code 0.
08-02 15:32:50.670   626   649 I ActivityManager: Force stopping com.iamtrk.androidexplorer appid=10060 user=0: pkg removed
08-02 15:32:50.752   967  1155 I LatinIME:LogUtils: Dictionary info: dictionary = main:en ; version = 54 ; date = 1414726273
08-02 15:32:50.919   626   733 W art     : Long monitor contention event with owner method=android.content.ComponentName com.android.server.am.ActivityManagerService.startService(android.app.IApplicationThread, android.content.Intent, java.lang.String, java.lang.String, int) from ActivityManagerService.java:15718 waiters=0 for 172ms
08-02 15:32:50.983   626   677 I InputReader: Reconfiguring input devices.  changes=0x00000010
08-02 15:32:51.027   871  6023 D VoicemailCleanupService: Cleaning up data for package: com.iamtrk.androidexplorer
08-02 15:32:51.165  1491  1555 W EGL_emulation: eglSurfaceAttrib not implemented
08-02 15:32:51.171  1491  1555 W OpenGLRenderer: Failed to set EGL_SWAP_BEHAVIOR on surface 0xf3d49280, error=EGL_SUCCESS
08-02 15:32:51.172   626   626 D JobSchedulerService: Receieved: android.intent.action.PACKAGE_REMOVED
08-02 15:32:51.316   626   640 W art     : Long monitor contention event with owner method=android.content.ComponentName com.android.server.am.ActivityManagerService.startService(android.app.IApplicationThread, android.content.Intent, java.lang.String, java.lang.String, int) from ActivityManagerService.java:15718 waiters=1 for 193ms
08-02 15:32:51.480  1061  1090 I art     : Background sticky concurrent mark sweep GC freed 1201(109KB) AllocSpace objects, 0(0B) LOS objects, 10% free, 2MB/2MB, paused 6.747ms total 52.044ms
08-02 15:32:51.560   626   645 I Choreographer: Skipped 34 frames!  The application may be doing too much work on its main thread.
08-02 15:32:51.560   626   645 W WindowAnimator: Failed to dispatch window animation state change.
08-02 15:32:51.560   626   645 W WindowAnimator: android.os.DeadObjectException
08-02 15:32:51.560   626   645 W WindowAnimator: 	at android.os.BinderProxy.transactNative(Native Method)
08-02 15:32:51.560   626   645 W WindowAnimator: 	at android.os.BinderProxy.transact(Binder.java:557)
08-02 15:32:51.560   626   645 W WindowAnimator: 	at android.view.IWindow$Stub$Proxy.onAnimationStopped(IWindow.java:534)
08-02 15:32:51.560   626   645 W WindowAnimator: 	at com.android.server.wm.WindowAnimator.updateWindowsLocked(WindowAnimator.java:286)
08-02 15:32:51.560   626   645 W WindowAnimator: 	at com.android.server.wm.WindowAnimator.animateLocked(WindowAnimator.java:678)
08-02 15:32:51.560   626   645 W WindowAnimator: 	at com.android.server.wm.WindowAnimator.-wrap0(WindowAnimator.java)
08-02 15:32:51.560   626   645 W WindowAnimator: 	at com.android.server.wm.WindowAnimator$1.doFrame(WindowAnimator.java:123)
08-02 15:32:51.560   626   645 W WindowAnimator: 	at android.view.Choreographer$CallbackRecord.run(Choreographer.java:856)
08-02 15:32:51.560   626   645 W WindowAnimator: 	at android.view.Choreographer.doCallbacks(Choreographer.java:670)
08-02 15:32:51.560   626   645 W WindowAnimator: 	at android.view.Choreographer.doFrame(Choreographer.java:603)
08-02 15:32:51.560   626   645 W WindowAnimator: 	at android.view.Choreographer$FrameDisplayEventReceiver.run(Choreographer.java:844)
08-02 15:32:51.560   626   645 W WindowAnimator: 	at android.os.Handler.handleCallback(Handler.java:739)
08-02 15:32:51.560   626   645 W WindowAnimator: 	at android.os.Handler.dispatchMessage(Handler.java:95)
08-02 15:32:51.560   626   645 W WindowAnimator: 	at android.os.Looper.loop(Looper.java:148)
08-02 15:32:51.560   626   645 W WindowAnimator: 	at android.os.HandlerThread.run(HandlerThread.java:61)
08-02 15:32:51.560   626   645 W WindowAnimator: 	at com.android.server.ServiceThread.run(ServiceThread.java:46)
08-02 15:32:51.614   626  1099 W InputMethodManagerService: Window already focused, ignoring focus gain of: com.android.internal.view.IInputMethodClient$Stub$Proxy@34d35e9 attribute=null, token = android.os.BinderProxy@8fd8145
08-02 15:32:51.625  1061  1061 D CarrierServiceBindHelper: Receive action: android.intent.action.PACKAGE_REMOVED
08-02 15:32:51.748   626   760 I ActivityManager: Start proc 6029:com.android.keychain/1000 for broadcast com.android.keychain/.KeyChainBroadcastReceiver
08-02 15:32:51.804  6029  6029 E libprocessgroup: failed to make and chown /acct/uid_1000: Read-only file system
08-02 15:32:51.804  6029  6029 W Zygote  : createProcessGroup failed, kernel missing CONFIG_CGROUP_CPUACCT?
08-02 15:32:51.947   626   640 W art     : Long monitor contention event with owner method=boolean com.android.server.am.ActivityManagerService.stopServiceToken(android.content.ComponentName, android.os.IBinder, int) from ActivityManagerService.java:15777 waiters=1 for 112ms
08-02 15:32:52.186   626   645 I Choreographer: Skipped 33 frames!  The application may be doing too much work on its main thread.
08-02 15:32:52.228  6029  6029 W System  : ClassLoader referenced unknown path: /system/app/KeyChain/lib/x86
08-02 15:32:52.229  6029  6029 W ContextImpl: Calling a method in the system process without a qualified user: android.app.ContextImpl.startService:1221 android.content.ContextWrapper.startService:581 android.content.ContextWrapper.startService:581 com.android.keychain.KeyChainBroadcastReceiver.onReceive:12 android.app.ActivityThread.handleReceiver:2725 
08-02 15:32:52.250  1491  1491 I Choreographer: Skipped 37 frames!  The application may be doing too much work on its main thread.
08-02 15:32:52.294  6027  6027 D AndroidRuntime: >>>>>> START com.android.internal.os.RuntimeInit uid 0 <<<<<<
08-02 15:32:52.297   626   626 I ActivityManager: Start proc 6044:com.android.documentsui/u0a33 for broadcast com.android.documentsui/.PackageReceiver
08-02 15:32:52.298  6027  6027 D AndroidRuntime: CheckJNI is OFF
08-02 15:32:52.330  6027  6027 D ICU     : No timezone override file found: /data/misc/zoneinfo/current/icu/icu_tzdata.dat
08-02 15:32:52.341  6027  6027 E memtrack: Couldn't load memtrack module (No such file or directory)
08-02 15:32:52.341  6027  6027 E android.os.Debug: failed to load memtrack module: -2
08-02 15:32:52.343  6027  6027 I Radio-JNI: register_android_hardware_Radio DONE
08-02 15:32:52.344  6044  6044 E libprocessgroup: failed to make and chown /acct/uid_10033: Read-only file system
08-02 15:32:52.344  6044  6044 W Zygote  : createProcessGroup failed, kernel missing CONFIG_CGROUP_CPUACCT?
08-02 15:32:52.378  6027  6027 D AndroidRuntime: Calling main entry com.android.commands.pm.Pm
08-02 15:32:52.401  1902  1913 D DefContainer: Copying /data/local/tmp/device_explorer-release-unsigned_TAINT.apk to base.apk
08-02 15:32:52.406  6044  6044 W System  : ClassLoader referenced unknown path: /system/app/DocumentsUI/lib/x86
08-02 15:32:52.456   626   649 I PackageManager.DexOptimizer: Running dexopt (dex2oat) on: /data/app/vmdl678743125.tmp/base.apk pkg=com.iamtrk.androidexplorer isa=x86 vmSafeMode=false debuggable=false oatDir = /data/app/vmdl678743125.tmp/oat
08-02 15:32:52.460   626  1103 I ActivityManager: Start proc 6067:android.process.media/u0a6 for content provider com.android.providers.downloads/.DownloadStorageProvider
08-02 15:32:52.489  6066  6066 W dex2oat : Unexpected CPU variant for X86 using defaults: x86
08-02 15:32:52.489  6066  6066 I dex2oat : Starting dex2oat.
08-02 15:32:52.489  6066  6066 E cutils-trace: Error opening trace file: Permission denied (13)
08-02 15:32:52.499  1491  1555 W OpenGLRenderer: Incorrectly called buildLayer on View: ShortcutAndWidgetContainer, destroying layer...
08-02 15:32:52.499  1491  1555 W OpenGLRenderer: Incorrectly called buildLayer on View: ShortcutAndWidgetContainer, destroying layer...
08-02 15:32:52.524  6067  6067 E libprocessgroup: failed to make and chown /acct/uid_10006: Read-only file system
08-02 15:32:52.524  6067  6067 W Zygote  : createProcessGroup failed, kernel missing CONFIG_CGROUP_CPUACCT?
08-02 15:32:52.561  6067  6067 W System  : ClassLoader referenced unknown path: /system/priv-app/DownloadProvider/lib/x86
08-02 15:32:52.570  6067  6067 W System  : ClassLoader referenced unknown path: /system/priv-app/MediaProvider/lib/x86
08-02 15:32:52.625   626   759 I ActivityManager: Start proc 6090:com.android.externalstorage/u0a7 for content provider com.android.externalstorage/.ExternalStorageProvider
08-02 15:32:52.627   626  1103 I ActivityManager: Killing 1776:com.android.camera2/u0a25 (adj 15): empty #17
08-02 15:32:52.627   626  1103 W libprocessgroup: failed to open /acct/uid_10025/pid_1776/cgroup.procs: No such file or directory
08-02 15:32:52.656  6090  6090 E libprocessgroup: failed to make and chown /acct/uid_10007: Read-only file system
08-02 15:32:52.656  6090  6090 W Zygote  : createProcessGroup failed, kernel missing CONFIG_CGROUP_CPUACCT?
08-02 15:32:52.671   626  1105 I ActivityManager: Killing 1794:com.android.exchange/u0a35 (adj 15): empty #17
