08-02 16:06:01.946  6928  6928 I Input   : injectKeyEvent: KeyEvent { action=ACTION_DOWN, keyCode=KEYCODE_DEL, scanCode=0, metaState=0, flags=0x0, repeatCount=0, eventTime=364430, downTime=364430, deviceId=-1, source=0x101 }
08-02 16:06:01.963  6928  6928 I Input   : injectKeyEvent: KeyEvent { action=ACTION_UP, keyCode=KEYCODE_DEL, scanCode=0, metaState=0, flags=0x0, repeatCount=0, eventTime=364430, downTime=364430, deviceId=-1, source=0x101 }
08-02 16:06:01.964  6928  6928 I Input   : injectKeyEvent: KeyEvent { action=ACTION_DOWN, keyCode=KEYCODE_DEL, scanCode=0, metaState=0, flags=0x0, repeatCount=0, eventTime=364448, downTime=364448, deviceId=-1, source=0x101 }
08-02 16:06:01.966  6928  6928 I Input   : injectKeyEvent: KeyEvent { action=ACTION_UP, keyCode=KEYCODE_DEL, scanCode=0, metaState=0, flags=0x0, repeatCount=0, eventTime=364448, downTime=364448, deviceId=-1, source=0x101 }
08-02 16:06:01.971  6928  6928 I Input   : injectKeyEvent: KeyEvent { action=ACTION_DOWN, keyCode=KEYCODE_DEL, scanCode=0, metaState=0, flags=0x0, repeatCount=0, eventTime=364455, downTime=364455, deviceId=-1, source=0x101 }
08-02 16:06:01.972  6928  6928 I Input   : injectKeyEvent: KeyEvent { action=ACTION_UP, keyCode=KEYCODE_DEL, scanCode=0, metaState=0, flags=0x0, repeatCount=0, eventTime=364455, downTime=364455, deviceId=-1, source=0x101 }
08-02 16:06:01.972  6928  6928 I Input   : injectKeyEvent: KeyEvent { action=ACTION_DOWN, keyCode=KEYCODE_DEL, scanCode=0, metaState=0, flags=0x0, repeatCount=0, eventTime=364456, downTime=364456, deviceId=-1, source=0x101 }
08-02 16:06:01.973  6928  6928 I Input   : injectKeyEvent: KeyEvent { action=ACTION_UP, keyCode=KEYCODE_DEL, scanCode=0, metaState=0, flags=0x0, repeatCount=0, eventTime=364456, downTime=364456, deviceId=-1, source=0x101 }
08-02 16:06:01.974  6928  6928 I Input   : injectKeyEvent: KeyEvent { action=ACTION_DOWN, keyCode=KEYCODE_DEL, scanCode=0, metaState=0, flags=0x0, repeatCount=0, eventTime=364458, downTime=364458, deviceId=-1, source=0x101 }
08-02 16:06:01.980  6928  6928 I Input   : injectKeyEvent: KeyEvent { action=ACTION_UP, keyCode=KEYCODE_DEL, scanCode=0, metaState=0, flags=0x0, repeatCount=0, eventTime=364458, downTime=364458, deviceId=-1, source=0x101 }
08-02 16:06:01.995  6928  6928 I Input   : injectKeyEvent: KeyEvent { action=ACTION_DOWN, keyCode=KEYCODE_DEL, scanCode=0, metaState=0, flags=0x0, repeatCount=0, eventTime=364479, downTime=364479, deviceId=-1, source=0x101 }
08-02 16:06:01.995  6928  6928 I Input   : injectKeyEvent: KeyEvent { action=ACTION_UP, keyCode=KEYCODE_DEL, scanCode=0, metaState=0, flags=0x0, repeatCount=0, eventTime=364479, downTime=364479, deviceId=-1, source=0x101 }
08-02 16:06:02.004  6928  6928 I Input   : injectKeyEvent: KeyEvent { action=ACTION_DOWN, keyCode=KEYCODE_DEL, scanCode=0, metaState=0, flags=0x0, repeatCount=0, eventTime=364488, downTime=364488, deviceId=-1, source=0x101 }
08-02 16:06:02.005  6928  6928 I Input   : injectKeyEvent: KeyEvent { action=ACTION_UP, keyCode=KEYCODE_DEL, scanCode=0, metaState=0, flags=0x0, repeatCount=0, eventTime=364488, downTime=364488, deviceId=-1, source=0x101 }
08-02 16:06:02.006  6928  6928 I Input   : injectKeyEvent: KeyEvent { action=ACTION_DOWN, keyCode=KEYCODE_DEL, scanCode=0, metaState=0, flags=0x0, repeatCount=0, eventTime=364490, downTime=364490, deviceId=-1, source=0x101 }
08-02 16:06:02.017  6928  6928 I Input   : injectKeyEvent: KeyEvent { action=ACTION_UP, keyCode=KEYCODE_DEL, scanCode=0, metaState=0, flags=0x0, repeatCount=0, eventTime=364490, downTime=364490, deviceId=-1, source=0x101 }
08-02 16:06:02.021  6928  6928 I Input   : injectKeyEvent: KeyEvent { action=ACTION_DOWN, keyCode=KEYCODE_DEL, scanCode=0, metaState=0, flags=0x0, repeatCount=0, eventTime=364505, downTime=364505, deviceId=-1, source=0x101 }
08-02 16:06:02.040  6928  6928 I Input   : injectKeyEvent: KeyEvent { action=ACTION_UP, keyCode=KEYCODE_DEL, scanCode=0, metaState=0, flags=0x0, repeatCount=0, eventTime=364505, downTime=364505, deviceId=-1, source=0x101 }
08-02 16:06:02.043  6928  6928 I Input   : injectKeyEvent: KeyEvent { action=ACTION_DOWN, keyCode=KEYCODE_DEL, scanCode=0, metaState=0, flags=0x0, repeatCount=0, eventTime=364527, downTime=364527, deviceId=-1, source=0x101 }
08-02 16:06:02.044  6928  6928 I Input   : injectKeyEvent: KeyEvent { action=ACTION_UP, keyCode=KEYCODE_DEL, scanCode=0, metaState=0, flags=0x0, repeatCount=0, eventTime=364527, downTime=364527, deviceId=-1, source=0x101 }
08-02 16:06:02.055  6928  6928 I Input   : injectKeyEvent: KeyEvent { action=ACTION_DOWN, keyCode=KEYCODE_DEL, scanCode=0, metaState=0, flags=0x0, repeatCount=0, eventTime=364539, downTime=364539, deviceId=-1, source=0x101 }
08-02 16:06:02.056  6928  6928 I Input   : injectKeyEvent: KeyEvent { action=ACTION_UP, keyCode=KEYCODE_DEL, scanCode=0, metaState=0, flags=0x0, repeatCount=0, eventTime=364539, downTime=364539, deviceId=-1, source=0x101 }
08-02 16:06:02.059  6928  6928 I Input   : injectKeyEvent: KeyEvent { action=ACTION_DOWN, keyCode=KEYCODE_DEL, scanCode=0, metaState=0, flags=0x0, repeatCount=0, eventTime=364543, downTime=364543, deviceId=-1, source=0x101 }
08-02 16:06:02.060  6928  6928 I Input   : injectKeyEvent: KeyEvent { action=ACTION_UP, keyCode=KEYCODE_DEL, scanCode=0, metaState=0, flags=0x0, repeatCount=0, eventTime=364543, downTime=364543, deviceId=-1, source=0x101 }
08-02 16:06:02.061  6928  6928 I Input   : injectKeyEvent: KeyEvent { action=ACTION_DOWN, keyCode=KEYCODE_DEL, scanCode=0, metaState=0, flags=0x0, repeatCount=0, eventTime=364545, downTime=364545, deviceId=-1, source=0x101 }
08-02 16:06:02.065  6928  6928 I Input   : injectKeyEvent: KeyEvent { action=ACTION_UP, keyCode=KEYCODE_DEL, scanCode=0, metaState=0, flags=0x0, repeatCount=0, eventTime=364545, downTime=364545, deviceId=-1, source=0x101 }
08-02 16:06:02.074  6928  6928 I Input   : injectKeyEvent: KeyEvent { action=ACTION_DOWN, keyCode=KEYCODE_DEL, scanCode=0, metaState=0, flags=0x0, repeatCount=0, eventTime=364558, downTime=364558, deviceId=-1, source=0x101 }
08-02 16:06:02.079  6928  6928 I Input   : injectKeyEvent: KeyEvent { action=ACTION_UP, keyCode=KEYCODE_DEL, scanCode=0, metaState=0, flags=0x0, repeatCount=0, eventTime=364558, downTime=364558, deviceId=-1, source=0x101 }
08-02 16:06:02.088  6928  6928 I Input   : injectKeyEvent: KeyEvent { action=ACTION_DOWN, keyCode=KEYCODE_DEL, scanCode=0, metaState=0, flags=0x0, repeatCount=0, eventTime=364572, downTime=364572, deviceId=-1, source=0x101 }
08-02 16:06:02.089  6928  6928 I Input   : injectKeyEvent: KeyEvent { action=ACTION_UP, keyCode=KEYCODE_DEL, scanCode=0, metaState=0, flags=0x0, repeatCount=0, eventTime=364572, downTime=364572, deviceId=-1, source=0x101 }
08-02 16:06:02.089  6928  6928 I Input   : injectKeyEvent: KeyEvent { action=ACTION_DOWN, keyCode=KEYCODE_DEL, scanCode=0, metaState=0, flags=0x0, repeatCount=0, eventTime=364573, downTime=364573, deviceId=-1, source=0x101 }
08-02 16:06:02.096  6928  6928 I Input   : injectKeyEvent: KeyEvent { action=ACTION_UP, keyCode=KEYCODE_DEL, scanCode=0, metaState=0, flags=0x0, repeatCount=0, eventTime=364573, downTime=364573, deviceId=-1, source=0x101 }
08-02 16:06:02.097  6928  6928 I Input   : injectKeyEvent: KeyEvent { action=ACTION_DOWN, keyCode=KEYCODE_DEL, scanCode=0, metaState=0, flags=0x0, repeatCount=0, eventTime=364581, downTime=364581, deviceId=-1, source=0x101 }
08-02 16:06:02.103  6928  6928 I Input   : injectKeyEvent: KeyEvent { action=ACTION_UP, keyCode=KEYCODE_DEL, scanCode=0, metaState=0, flags=0x0, repeatCount=0, eventTime=364581, downTime=364581, deviceId=-1, source=0x101 }
08-02 16:06:02.106  6928  6928 I Input   : injectKeyEvent: KeyEvent { action=ACTION_DOWN, keyCode=KEYCODE_DEL, scanCode=0, metaState=0, flags=0x0, repeatCount=0, eventTime=364590, downTime=364590, deviceId=-1, source=0x101 }
08-02 16:06:02.107  6928  6928 I Input   : injectKeyEvent: KeyEvent { action=ACTION_UP, keyCode=KEYCODE_DEL, scanCode=0, metaState=0, flags=0x0, repeatCount=0, eventTime=364590, downTime=364590, deviceId=-1, source=0x101 }
08-02 16:06:02.112  6928  6928 I Input   : injectKeyEvent: KeyEvent { action=ACTION_DOWN, keyCode=KEYCODE_DEL, scanCode=0, metaState=0, flags=0x0, repeatCount=0, eventTime=364596, downTime=364596, deviceId=-1, source=0x101 }
08-02 16:06:02.124  6928  6928 I Input   : injectKeyEvent: KeyEvent { action=ACTION_UP, keyCode=KEYCODE_DEL, scanCode=0, metaState=0, flags=0x0, repeatCount=0, eventTime=364596, downTime=364596, deviceId=-1, source=0x101 }
08-02 16:06:02.126  6928  6928 I Input   : injectKeyEvent: KeyEvent { action=ACTION_DOWN, keyCode=KEYCODE_DEL, scanCode=0, metaState=0, flags=0x0, repeatCount=0, eventTime=364610, downTime=364610, deviceId=-1, source=0x101 }
08-02 16:06:02.126  6928  6928 I Input   : injectKeyEvent: KeyEvent { action=ACTION_UP, keyCode=KEYCODE_DEL, scanCode=0, metaState=0, flags=0x0, repeatCount=0, eventTime=364610, downTime=364610, deviceId=-1, source=0x101 }
08-02 16:06:02.127  6928  6928 I Input   : injectKeyEvent: KeyEvent { action=ACTION_DOWN, keyCode=KEYCODE_DEL, scanCode=0, metaState=0, flags=0x0, repeatCount=0, eventTime=364611, downTime=364611, deviceId=-1, source=0x101 }
08-02 16:06:02.138  6928  6928 I Input   : injectKeyEvent: KeyEvent { action=ACTION_UP, keyCode=KEYCODE_DEL, scanCode=0, metaState=0, flags=0x0, repeatCount=0, eventTime=364611, downTime=364611, deviceId=-1, source=0x101 }
08-02 16:06:02.173  6928  6928 I Input   : injectKeyEvent: KeyEvent { action=ACTION_DOWN, keyCode=KEYCODE_DEL, scanCode=0, metaState=0, flags=0x0, repeatCount=0, eventTime=364657, downTime=364657, deviceId=-1, source=0x101 }
08-02 16:06:02.178  6928  6928 I Input   : injectKeyEvent: KeyEvent { action=ACTION_UP, keyCode=KEYCODE_DEL, scanCode=0, metaState=0, flags=0x0, repeatCount=0, eventTime=364657, downTime=364657, deviceId=-1, source=0x101 }
08-02 16:06:02.183  6928  6928 I Input   : injectKeyEvent: KeyEvent { action=ACTION_DOWN, keyCode=KEYCODE_DEL, scanCode=0, metaState=0, flags=0x0, repeatCount=0, eventTime=364667, downTime=364667, deviceId=-1, source=0x101 }
08-02 16:06:02.186  6928  6928 I Input   : injectKeyEvent: KeyEvent { action=ACTION_UP, keyCode=KEYCODE_DEL, scanCode=0, metaState=0, flags=0x0, repeatCount=0, eventTime=364667, downTime=364667, deviceId=-1, source=0x101 }
08-02 16:06:02.187  6928  6928 I Input   : injectKeyEvent: KeyEvent { action=ACTION_DOWN, keyCode=KEYCODE_DEL, scanCode=0, metaState=0, flags=0x0, repeatCount=0, eventTime=364671, downTime=364671, deviceId=-1, source=0x101 }
08-02 16:06:02.198  6928  6928 I Input   : injectKeyEvent: KeyEvent { action=ACTION_UP, keyCode=KEYCODE_DEL, scanCode=0, metaState=0, flags=0x0, repeatCount=0, eventTime=364671, downTime=364671, deviceId=-1, source=0x101 }
08-02 16:06:02.199  6928  6928 I Input   : injectKeyEvent: KeyEvent { action=ACTION_DOWN, keyCode=KEYCODE_DEL, scanCode=0, metaState=0, flags=0x0, repeatCount=0, eventTime=364683, downTime=364683, deviceId=-1, source=0x101 }
08-02 16:06:02.203  6928  6928 I Input   : injectKeyEvent: KeyEvent { action=ACTION_UP, keyCode=KEYCODE_DEL, scanCode=0, metaState=0, flags=0x0, repeatCount=0, eventTime=364683, downTime=364683, deviceId=-1, source=0x101 }
08-02 16:06:02.208  6928  6928 I Input   : injectKeyEvent: KeyEvent { action=ACTION_DOWN, keyCode=KEYCODE_DEL, scanCode=0, metaState=0, flags=0x0, repeatCount=0, eventTime=364692, downTime=364692, deviceId=-1, source=0x101 }
08-02 16:06:02.213  6928  6928 I Input   : injectKeyEvent: KeyEvent { action=ACTION_UP, keyCode=KEYCODE_DEL, scanCode=0, metaState=0, flags=0x0, repeatCount=0, eventTime=364692, downTime=364692, deviceId=-1, source=0x101 }
08-02 16:06:02.214  6928  6928 I Input   : injectKeyEvent: KeyEvent { action=ACTION_DOWN, keyCode=KEYCODE_DEL, scanCode=0, metaState=0, flags=0x0, repeatCount=0, eventTime=364698, downTime=364698, deviceId=-1, source=0x101 }
08-02 16:06:02.215  6928  6928 I Input   : injectKeyEvent: KeyEvent { action=ACTION_UP, keyCode=KEYCODE_DEL, scanCode=0, metaState=0, flags=0x0, repeatCount=0, eventTime=364698, downTime=364698, deviceId=-1, source=0x101 }
08-02 16:06:02.216  6928  6928 I Input   : injectKeyEvent: KeyEvent { action=ACTION_DOWN, keyCode=KEYCODE_DEL, scanCode=0, metaState=0, flags=0x0, repeatCount=0, eventTime=364700, downTime=364700, deviceId=-1, source=0x101 }
08-02 16:06:02.228  6928  6928 I Input   : injectKeyEvent: KeyEvent { action=ACTION_UP, keyCode=KEYCODE_DEL, scanCode=0, metaState=0, flags=0x0, repeatCount=0, eventTime=364700, downTime=364700, deviceId=-1, source=0x101 }
08-02 16:06:02.238  6928  6928 I Input   : injectKeyEvent: KeyEvent { action=ACTION_DOWN, keyCode=KEYCODE_DEL, scanCode=0, metaState=0, flags=0x0, repeatCount=0, eventTime=364722, downTime=364722, deviceId=-1, source=0x101 }
08-02 16:06:02.248  6928  6928 I Input   : injectKeyEvent: KeyEvent { action=ACTION_UP, keyCode=KEYCODE_DEL, scanCode=0, metaState=0, flags=0x0, repeatCount=0, eventTime=364722, downTime=364722, deviceId=-1, source=0x101 }
08-02 16:06:02.250  6928  6928 I Input   : injectKeyEvent: KeyEvent { action=ACTION_DOWN, keyCode=KEYCODE_DEL, scanCode=0, metaState=0, flags=0x0, repeatCount=0, eventTime=364734, downTime=364734, deviceId=-1, source=0x101 }
08-02 16:06:02.251  6928  6928 I Input   : injectKeyEvent: KeyEvent { action=ACTION_UP, keyCode=KEYCODE_DEL, scanCode=0, metaState=0, flags=0x0, repeatCount=0, eventTime=364734, downTime=364734, deviceId=-1, source=0x101 }
08-02 16:06:02.252  6928  6928 I Input   : injectKeyEvent: KeyEvent { action=ACTION_DOWN, keyCode=KEYCODE_DEL, scanCode=0, metaState=0, flags=0x0, repeatCount=0, eventTime=364736, downTime=364736, deviceId=-1, source=0x101 }
08-02 16:06:02.254  6928  6928 I Input   : injectKeyEvent: KeyEvent { action=ACTION_UP, keyCode=KEYCODE_DEL, scanCode=0, metaState=0, flags=0x0, repeatCount=0, eventTime=364736, downTime=364736, deviceId=-1, source=0x101 }
08-02 16:06:02.255  6928  6928 I Input   : injectKeyEvent: KeyEvent { action=ACTION_DOWN, keyCode=KEYCODE_DEL, scanCode=0, metaState=0, flags=0x0, repeatCount=0, eventTime=364739, downTime=364739, deviceId=-1, source=0x101 }
08-02 16:06:02.258  6928  6928 I Input   : injectKeyEvent: KeyEvent { action=ACTION_UP, keyCode=KEYCODE_DEL, scanCode=0, metaState=0, flags=0x0, repeatCount=0, eventTime=364739, downTime=364739, deviceId=-1, source=0x101 }
08-02 16:06:02.263  6928  6928 I Input   : injectKeyEvent: KeyEvent { action=ACTION_DOWN, keyCode=KEYCODE_DEL, scanCode=0, metaState=0, flags=0x0, repeatCount=0, eventTime=364747, downTime=364747, deviceId=-1, source=0x101 }
08-02 16:06:02.267  6928  6928 I Input   : injectKeyEvent: KeyEvent { action=ACTION_UP, keyCode=KEYCODE_DEL, scanCode=0, metaState=0, flags=0x0, repeatCount=0, eventTime=364747, downTime=364747, deviceId=-1, source=0x101 }
08-02 16:06:02.276  6928  6928 I Input   : injectKeyEvent: KeyEvent { action=ACTION_DOWN, keyCode=KEYCODE_DEL, scanCode=0, metaState=0, flags=0x0, repeatCount=0, eventTime=364760, downTime=364760, deviceId=-1, source=0x101 }
08-02 16:06:02.281  6928  6928 I Input   : injectKeyEvent: KeyEvent { action=ACTION_UP, keyCode=KEYCODE_DEL, scanCode=0, metaState=0, flags=0x0, repeatCount=0, eventTime=364760, downTime=364760, deviceId=-1, source=0x101 }
08-02 16:06:02.282  6928  6928 I Input   : injectKeyEvent: KeyEvent { action=ACTION_DOWN, keyCode=KEYCODE_DEL, scanCode=0, metaState=0, flags=0x0, repeatCount=0, eventTime=364766, downTime=364766, deviceId=-1, source=0x101 }
08-02 16:06:02.284  6928  6928 I Input   : injectKeyEvent: KeyEvent { action=ACTION_UP, keyCode=KEYCODE_DEL, scanCode=0, metaState=0, flags=0x0, repeatCount=0, eventTime=364766, downTime=364766, deviceId=-1, source=0x101 }
08-02 16:06:02.288  6928  6928 I Input   : injectKeyEvent: KeyEvent { action=ACTION_DOWN, keyCode=KEYCODE_DEL, scanCode=0, metaState=0, flags=0x0, repeatCount=0, eventTime=364772, downTime=364772, deviceId=-1, source=0x101 }
08-02 16:06:02.289  6928  6928 I Input   : injectKeyEvent: KeyEvent { action=ACTION_UP, keyCode=KEYCODE_DEL, scanCode=0, metaState=0, flags=0x0, repeatCount=0, eventTime=364772, downTime=364772, deviceId=-1, source=0x101 }
08-02 16:06:02.293  6928  6928 I Input   : injectKeyEvent: KeyEvent { action=ACTION_DOWN, keyCode=KEYCODE_DEL, scanCode=0, metaState=0, flags=0x0, repeatCount=0, eventTime=364777, downTime=364777, deviceId=-1, source=0x101 }
08-02 16:06:02.297  6928  6928 I Input   : injectKeyEvent: KeyEvent { action=ACTION_UP, keyCode=KEYCODE_DEL, scanCode=0, metaState=0, flags=0x0, repeatCount=0, eventTime=364777, downTime=364777, deviceId=-1, source=0x101 }
08-02 16:06:02.297  6928  6928 I Input   : injectKeyEvent: KeyEvent { action=ACTION_DOWN, keyCode=KEYCODE_DEL, scanCode=0, metaState=0, flags=0x0, repeatCount=0, eventTime=364781, downTime=364781, deviceId=-1, source=0x101 }
08-02 16:06:02.302  6928  6928 I Input   : injectKeyEvent: KeyEvent { action=ACTION_UP, keyCode=KEYCODE_DEL, scanCode=0, metaState=0, flags=0x0, repeatCount=0, eventTime=364781, downTime=364781, deviceId=-1, source=0x101 }
08-02 16:06:02.308  6928  6928 I Input   : injectKeyEvent: KeyEvent { action=ACTION_DOWN, keyCode=KEYCODE_DEL, scanCode=0, metaState=0, flags=0x0, repeatCount=0, eventTime=364792, downTime=364792, deviceId=-1, source=0x101 }
08-02 16:06:02.315  6928  6928 I Input   : injectKeyEvent: KeyEvent { action=ACTION_UP, keyCode=KEYCODE_DEL, scanCode=0, metaState=0, flags=0x0, repeatCount=0, eventTime=364792, downTime=364792, deviceId=-1, source=0x101 }
08-02 16:06:02.316  6928  6928 I Input   : injectKeyEvent: KeyEvent { action=ACTION_DOWN, keyCode=KEYCODE_DEL, scanCode=0, metaState=0, flags=0x0, repeatCount=0, eventTime=364800, downTime=364800, deviceId=-1, source=0x101 }
08-02 16:06:02.317  6928  6928 I Input   : injectKeyEvent: KeyEvent { action=ACTION_UP, keyCode=KEYCODE_DEL, scanCode=0, metaState=0, flags=0x0, repeatCount=0, eventTime=364800, downTime=364800, deviceId=-1, source=0x101 }
08-02 16:06:02.318  6928  6928 I Input   : injectKeyEvent: KeyEvent { action=ACTION_DOWN, keyCode=KEYCODE_DEL, scanCode=0, metaState=0, flags=0x0, repeatCount=0, eventTime=364802, downTime=364802, deviceId=-1, source=0x101 }
08-02 16:06:02.333  6928  6928 I Input   : injectKeyEvent: KeyEvent { action=ACTION_UP, keyCode=KEYCODE_DEL, scanCode=0, metaState=0, flags=0x0, repeatCount=0, eventTime=364802, downTime=364802, deviceId=-1, source=0x101 }
08-02 16:06:02.339  6928  6928 I Input   : injectKeyEvent: KeyEvent { action=ACTION_DOWN, keyCode=KEYCODE_DEL, scanCode=0, metaState=0, flags=0x0, repeatCount=0, eventTime=364823, downTime=364823, deviceId=-1, source=0x101 }
08-02 16:06:02.341  6928  6928 I Input   : injectKeyEvent: KeyEvent { action=ACTION_UP, keyCode=KEYCODE_DEL, scanCode=0, metaState=0, flags=0x0, repeatCount=0, eventTime=364823, downTime=364823, deviceId=-1, source=0x101 }
08-02 16:06:02.344  6928  6928 I Input   : injectKeyEvent: KeyEvent { action=ACTION_DOWN, keyCode=KEYCODE_DEL, scanCode=0, metaState=0, flags=0x0, repeatCount=0, eventTime=364828, downTime=364828, deviceId=-1, source=0x101 }
08-02 16:06:02.345  6928  6928 I Input   : injectKeyEvent: KeyEvent { action=ACTION_UP, keyCode=KEYCODE_DEL, scanCode=0, metaState=0, flags=0x0, repeatCount=0, eventTime=364828, downTime=364828, deviceId=-1, source=0x101 }
08-02 16:06:02.345  6928  6928 I Input   : injectKeyEvent: KeyEvent { action=ACTION_DOWN, keyCode=KEYCODE_DEL, scanCode=0, metaState=0, flags=0x0, repeatCount=0, eventTime=364829, downTime=364829, deviceId=-1, source=0x101 }
08-02 16:06:02.346  6928  6928 I Input   : injectKeyEvent: KeyEvent { action=ACTION_UP, keyCode=KEYCODE_DEL, scanCode=0, metaState=0, flags=0x0, repeatCount=0, eventTime=364829, downTime=364829, deviceId=-1, source=0x101 }
08-02 16:06:02.347  6928  6928 I Input   : injectKeyEvent: KeyEvent { action=ACTION_DOWN, keyCode=KEYCODE_DEL, scanCode=0, metaState=0, flags=0x0, repeatCount=0, eventTime=364831, downTime=364831, deviceId=-1, source=0x101 }
08-02 16:06:02.356  6928  6928 I Input   : injectKeyEvent: KeyEvent { action=ACTION_UP, keyCode=KEYCODE_DEL, scanCode=0, metaState=0, flags=0x0, repeatCount=0, eventTime=364831, downTime=364831, deviceId=-1, source=0x101 }
08-02 16:06:02.365  6928  6928 I Input   : injectKeyEvent: KeyEvent { action=ACTION_DOWN, keyCode=KEYCODE_DEL, scanCode=0, metaState=0, flags=0x0, repeatCount=0, eventTime=364849, downTime=364849, deviceId=-1, source=0x101 }
08-02 16:06:02.373  6928  6928 I Input   : injectKeyEvent: KeyEvent { action=ACTION_UP, keyCode=KEYCODE_DEL, scanCode=0, metaState=0, flags=0x0, repeatCount=0, eventTime=364849, downTime=364849, deviceId=-1, source=0x101 }
08-02 16:06:02.377  6928  6928 I Input   : injectKeyEvent: KeyEvent { action=ACTION_DOWN, keyCode=KEYCODE_DEL, scanCode=0, metaState=0, flags=0x0, repeatCount=0, eventTime=364861, downTime=364861, deviceId=-1, source=0x101 }
08-02 16:06:02.383  6928  6928 I Input   : injectKeyEvent: KeyEvent { action=ACTION_UP, keyCode=KEYCODE_DEL, scanCode=0, metaState=0, flags=0x0, repeatCount=0, eventTime=364861, downTime=364861, deviceId=-1, source=0x101 }
08-02 16:06:02.387  6928  6928 I Input   : injectKeyEvent: KeyEvent { action=ACTION_DOWN, keyCode=KEYCODE_DEL, scanCode=0, metaState=0, flags=0x0, repeatCount=0, eventTime=364871, downTime=364871, deviceId=-1, source=0x101 }
08-02 16:06:02.392  6928  6928 I Input   : injectKeyEvent: KeyEvent { action=ACTION_UP, keyCode=KEYCODE_DEL, scanCode=0, metaState=0, flags=0x0, repeatCount=0, eventTime=364871, downTime=364871, deviceId=-1, source=0x101 }
08-02 16:06:02.393  6928  6928 I Input   : injectKeyEvent: KeyEvent { action=ACTION_DOWN, keyCode=KEYCODE_DEL, scanCode=0, metaState=0, flags=0x0, repeatCount=0, eventTime=364877, downTime=364877, deviceId=-1, source=0x101 }
08-02 16:06:02.395  6928  6928 I Input   : injectKeyEvent: KeyEvent { action=ACTION_UP, keyCode=KEYCODE_DEL, scanCode=0, metaState=0, flags=0x0, repeatCount=0, eventTime=364877, downTime=364877, deviceId=-1, source=0x101 }
08-02 16:06:02.399  6928  6928 I Input   : injectKeyEvent: KeyEvent { action=ACTION_DOWN, keyCode=KEYCODE_DEL, scanCode=0, metaState=0, flags=0x0, repeatCount=0, eventTime=364883, downTime=364883, deviceId=-1, source=0x101 }
08-02 16:06:02.406  6928  6928 I Input   : injectKeyEvent: KeyEvent { action=ACTION_UP, keyCode=KEYCODE_DEL, scanCode=0, metaState=0, flags=0x0, repeatCount=0, eventTime=364883, downTime=364883, deviceId=-1, source=0x101 }
08-02 16:06:02.410  6928  6928 D AndroidRuntime: Shutting down VM
08-02 16:06:02.769  6937  6937 D AndroidRuntime: >>>>>> START com.android.internal.os.RuntimeInit uid 0 <<<<<<
08-02 16:06:02.772  6937  6937 D AndroidRuntime: CheckJNI is OFF
08-02 16:06:02.782  6937  6937 D ICU     : No timezone override file found: /data/misc/zoneinfo/current/icu/icu_tzdata.dat
08-02 16:06:02.796  6937  6937 E memtrack: Couldn't load memtrack module (No such file or directory)
08-02 16:06:02.796  6937  6937 E android.os.Debug: failed to load memtrack module: -2
08-02 16:06:02.798  6937  6937 I Radio-JNI: register_android_hardware_Radio DONE
08-02 16:06:02.806  6937  6937 D AndroidRuntime: Calling main entry com.android.commands.input.Input
08-02 16:06:02.809  6937  6937 I Input   : injectKeyEvent: KeyEvent { action=ACTION_DOWN, keyCode=KEYCODE_N, scanCode=0, metaState=0, flags=0x0, repeatCount=0, eventTime=365293, downTime=365293, deviceId=-1, source=0x101 }
08-02 16:06:02.810  6937  6937 I Input   : injectKeyEvent: KeyEvent { action=ACTION_UP, keyCode=KEYCODE_N, scanCode=0, metaState=0, flags=0x0, repeatCount=0, eventTime=365293, downTime=365293, deviceId=-1, source=0x101 }
08-02 16:06:02.811  6937  6937 I Input   : injectKeyEvent: KeyEvent { action=ACTION_DOWN, keyCode=KEYCODE_U, scanCode=0, metaState=0, flags=0x0, repeatCount=0, eventTime=365293, downTime=365293, deviceId=-1, source=0x101 }
08-02 16:06:02.813  6937  6937 I Input   : injectKeyEvent: KeyEvent { action=ACTION_UP, keyCode=KEYCODE_U, scanCode=0, metaState=0, flags=0x0, repeatCount=0, eventTime=365293, downTime=365293, deviceId=-1, source=0x101 }
08-02 16:06:02.815  6937  6937 I Input   : injectKeyEvent: KeyEvent { action=ACTION_DOWN, keyCode=KEYCODE_L, scanCode=0, metaState=0, flags=0x0, repeatCount=0, eventTime=365293, downTime=365293, deviceId=-1, source=0x101 }
08-02 16:06:02.819  6937  6937 I Input   : injectKeyEvent: KeyEvent { action=ACTION_UP, keyCode=KEYCODE_L, scanCode=0, metaState=0, flags=0x0, repeatCount=0, eventTime=365293, downTime=365293, deviceId=-1, source=0x101 }
08-02 16:06:02.820  6937  6937 I Input   : injectKeyEvent: KeyEvent { action=ACTION_DOWN, keyCode=KEYCODE_L, scanCode=0, metaState=0, flags=0x0, repeatCount=0, eventTime=365293, downTime=365293, deviceId=-1, source=0x101 }
08-02 16:06:02.826  6937  6937 I Input   : injectKeyEvent: KeyEvent { action=ACTION_UP, keyCode=KEYCODE_L, scanCode=0, metaState=0, flags=0x0, repeatCount=0, eventTime=365293, downTime=365293, deviceId=-1, source=0x101 }
08-02 16:06:02.827  6937  6937 D AndroidRuntime: Shutting down VM
08-02 16:06:04.684  7267  7267 D AndroidRuntime: >>>>>> START com.android.internal.os.RuntimeInit uid 0 <<<<<<
08-02 16:06:04.685  7267  7267 D AndroidRuntime: CheckJNI is OFF
08-02 16:06:04.695  7267  7267 D ICU     : No timezone override file found: /data/misc/zoneinfo/current/icu/icu_tzdata.dat
08-02 16:06:04.707  7267  7267 E memtrack: Couldn't load memtrack module (No such file or directory)
08-02 16:06:04.707  7267  7267 E android.os.Debug: failed to load memtrack module: -2
08-02 16:06:04.708  7267  7267 I Radio-JNI: register_android_hardware_Radio DONE
08-02 16:06:04.714  7267  7267 D AndroidRuntime: Calling main entry com.android.commands.uiautomator.Launcher
08-02 16:06:05.744  7267  7267 I AccessibilityNodeInfoDumper: Skipping invisible child: android.view.accessibility.AccessibilityNodeInfo@8000c1f8; boundsInParent: Rect(0, 0 - 1200, 1540); boundsInScreen: Rect(1200, 278 - 1200, 1818); packageName: com.adonai.manman; className: android.widget.FrameLayout; text: null; error: null; maxTextLength: -1; contentDescription: null; viewIdResName: com.adonai.manman:id/chapter_fragment_frame; checkable: false; checked: false; focusable: true; focused: false; selected: false; clickable: false; longClickable: false; contextClickable: false; enabled: true; password: false; scrollable: false; actions: [AccessibilityAction: ACTION_FOCUS - null, AccessibilityAction: ACTION_SELECT - null, AccessibilityAction: ACTION_CLEAR_SELECTION - null, AccessibilityAction: ACTION_ACCESSIBILITY_FOCUS - null, AccessibilityAction: ACTION_UNKNOWN - null]
08-02 16:06:05.745  7267  7267 W AccessibilityNodeInfoDumper: Fetch time: 10ms
08-02 16:06:05.745   626   638 W WindowManager: Attempted to remove non-existing token: android.os.Binder@92858d9
08-02 16:06:05.762  7267  7267 D AndroidRuntime: Shutting down VM
08-02 16:06:06.845  7290  7290 D AndroidRuntime: >>>>>> START com.android.internal.os.RuntimeInit uid 0 <<<<<<
08-02 16:06:06.848  7290  7290 D AndroidRuntime: CheckJNI is OFF
08-02 16:06:06.858  7290  7290 D ICU     : No timezone override file found: /data/misc/zoneinfo/current/icu/icu_tzdata.dat
08-02 16:06:06.869  7290  7290 E memtrack: Couldn't load memtrack module (No such file or directory)
08-02 16:06:06.869  7290  7290 E android.os.Debug: failed to load memtrack module: -2
08-02 16:06:06.870  7290  7290 I Radio-JNI: register_android_hardware_Radio DONE
08-02 16:06:06.876  7290  7290 D AndroidRuntime: Calling main entry com.android.commands.uiautomator.Launcher
08-02 16:06:07.907  7290  7290 I AccessibilityNodeInfoDumper: Skipping invisible child: android.view.accessibility.AccessibilityNodeInfo@8000c1fd; boundsInParent: Rect(0, 0 - 1200, 1540); boundsInScreen: Rect(1200, 278 - 1200, 1818); packageName: com.adonai.manman; className: android.widget.FrameLayout; text: null; error: null; maxTextLength: -1; contentDescription: null; viewIdResName: com.adonai.manman:id/chapter_fragment_frame; checkable: false; checked: false; focusable: true; focused: false; selected: false; clickable: false; longClickable: false; contextClickable: false; enabled: true; password: false; scrollable: false; actions: [AccessibilityAction: ACTION_FOCUS - null, AccessibilityAction: ACTION_SELECT - null, AccessibilityAction: ACTION_CLEAR_SELECTION - null, AccessibilityAction: ACTION_ACCESSIBILITY_FOCUS - null, AccessibilityAction: ACTION_UNKNOWN - null]
08-02 16:06:07.909  7290  7290 W AccessibilityNodeInfoDumper: Fetch time: 9ms
08-02 16:06:07.910   626  1060 W WindowManager: Attempted to remove non-existing token: android.os.Binder@216229e
08-02 16:06:07.914  7290  7290 D AndroidRuntime: Shutting down VM
08-02 16:06:08.398  7308  7308 D AndroidRuntime: >>>>>> START com.android.internal.os.RuntimeInit uid 0 <<<<<<
08-02 16:06:08.400  7308  7308 D AndroidRuntime: CheckJNI is OFF
08-02 16:06:08.410  7308  7308 D ICU     : No timezone override file found: /data/misc/zoneinfo/current/icu/icu_tzdata.dat
08-02 16:06:08.423  7308  7308 E memtrack: Couldn't load memtrack module (No such file or directory)
08-02 16:06:08.423  7308  7308 E android.os.Debug: failed to load memtrack module: -2
08-02 16:06:08.424  7308  7308 I Radio-JNI: register_android_hardware_Radio DONE
08-02 16:06:08.430  7308  7308 D AndroidRuntime: Calling main entry com.android.commands.uiautomator.Launcher
08-02 16:06:09.454  7308  7308 I AccessibilityNodeInfoDumper: Skipping invisible child: android.view.accessibility.AccessibilityNodeInfo@8000c203; boundsInParent: Rect(0, 0 - 1200, 1540); boundsInScreen: Rect(1200, 278 - 1200, 1818); packageName: com.adonai.manman; className: android.widget.FrameLayout; text: null; error: null; maxTextLength: -1; contentDescription: null; viewIdResName: com.adonai.manman:id/chapter_fragment_frame; checkable: false; checked: false; focusable: true; focused: false; selected: false; clickable: false; longClickable: false; contextClickable: false; enabled: true; password: false; scrollable: false; actions: [AccessibilityAction: ACTION_FOCUS - null, AccessibilityAction: ACTION_SELECT - null, AccessibilityAction: ACTION_CLEAR_SELECTION - null, AccessibilityAction: ACTION_ACCESSIBILITY_FOCUS - null, AccessibilityAction: ACTION_UNKNOWN - null]
08-02 16:06:09.455  7308  7308 W AccessibilityNodeInfoDumper: Fetch time: 7ms
08-02 16:06:09.456   626   638 W WindowManager: Attempted to remove non-existing token: android.os.Binder@62d117f
08-02 16:06:09.465  7308  7308 D AndroidRuntime: Shutting down VM
08-02 16:06:10.609  7333  7333 D AndroidRuntime: >>>>>> START com.android.internal.os.RuntimeInit uid 0 <<<<<<
08-02 16:06:10.610  7333  7333 D AndroidRuntime: CheckJNI is OFF
08-02 16:06:10.618  7333  7333 D ICU     : No timezone override file found: /data/misc/zoneinfo/current/icu/icu_tzdata.dat
08-02 16:06:10.631  7333  7333 E memtrack: Couldn't load memtrack module (No such file or directory)
08-02 16:06:10.631  7333  7333 E android.os.Debug: failed to load memtrack module: -2
08-02 16:06:10.632  7333  7333 I Radio-JNI: register_android_hardware_Radio DONE
08-02 16:06:10.638  7333  7333 D AndroidRuntime: Calling main entry com.android.commands.uiautomator.Launcher
08-02 16:06:11.655  7333  7333 I AccessibilityNodeInfoDumper: Skipping invisible child: android.view.accessibility.AccessibilityNodeInfo@8000c20a; boundsInParent: Rect(0, 0 - 1200, 1540); boundsInScreen: Rect(1200, 278 - 1200, 1818); packageName: com.adonai.manman; className: android.widget.FrameLayout; text: null; error: null; maxTextLength: -1; contentDescription: null; viewIdResName: com.adonai.manman:id/chapter_fragment_frame; checkable: false; checked: false; focusable: true; focused: false; selected: false; clickable: false; longClickable: false; contextClickable: false; enabled: true; password: false; scrollable: false; actions: [AccessibilityAction: ACTION_FOCUS - null, AccessibilityAction: ACTION_SELECT - null, AccessibilityAction: ACTION_CLEAR_SELECTION - null, AccessibilityAction: ACTION_ACCESSIBILITY_FOCUS - null, AccessibilityAction: ACTION_UNKNOWN - null]
08-02 16:06:11.657  7333  7333 W AccessibilityNodeInfoDumper: Fetch time: 8ms
08-02 16:06:11.658   626   637 W WindowManager: Attempted to remove non-existing token: android.os.Binder@3bf554c
08-02 16:06:11.661  7333  7333 D AndroidRuntime: Shutting down VM
08-02 16:06:12.166  7351  7351 D AndroidRuntime: >>>>>> START com.android.internal.os.RuntimeInit uid 0 <<<<<<
08-02 16:06:12.168  7351  7351 D AndroidRuntime: CheckJNI is OFF
08-02 16:06:12.177  7351  7351 D ICU     : No timezone override file found: /data/misc/zoneinfo/current/icu/icu_tzdata.dat
08-02 16:06:12.189  7351  7351 E memtrack: Couldn't load memtrack module (No such file or directory)
08-02 16:06:12.189  7351  7351 E android.os.Debug: failed to load memtrack module: -2
08-02 16:06:12.191  7351  7351 I Radio-JNI: register_android_hardware_Radio DONE
08-02 16:06:12.197  7351  7351 D AndroidRuntime: Calling main entry com.android.commands.uiautomator.Launcher
08-02 16:06:13.215  7351  7351 I AccessibilityNodeInfoDumper: Skipping invisible child: android.view.accessibility.AccessibilityNodeInfo@8000c212; boundsInParent: Rect(0, 0 - 1200, 1540); boundsInScreen: Rect(1200, 278 - 1200, 1818); packageName: com.adonai.manman; className: android.widget.FrameLayout; text: null; error: null; maxTextLength: -1; contentDescription: null; viewIdResName: com.adonai.manman:id/chapter_fragment_frame; checkable: false; checked: false; focusable: true; focused: false; selected: false; clickable: false; longClickable: false; contextClickable: false; enabled: true; password: false; scrollable: false; actions: [AccessibilityAction: ACTION_FOCUS - null, AccessibilityAction: ACTION_SELECT - null, AccessibilityAction: ACTION_CLEAR_SELECTION - null, AccessibilityAction: ACTION_ACCESSIBILITY_FOCUS - null, AccessibilityAction: ACTION_UNKNOWN - null]
08-02 16:06:13.216  7351  7351 W AccessibilityNodeInfoDumper: Fetch time: 6ms
08-02 16:06:13.216   626  1070 W WindowManager: Attempted to remove non-existing token: android.os.Binder@93ca995
08-02 16:06:13.222  7351  7351 D AndroidRuntime: Shutting down VM
08-02 16:06:13.696  7364  7364 D AndroidRuntime: >>>>>> START com.android.internal.os.RuntimeInit uid 0 <<<<<<
08-02 16:06:13.697  7364  7364 D AndroidRuntime: CheckJNI is OFF
08-02 16:06:13.711  7364  7364 D ICU     : No timezone override file found: /data/misc/zoneinfo/current/icu/icu_tzdata.dat
08-02 16:06:13.733  7364  7364 E memtrack: Couldn't load memtrack module (No such file or directory)
08-02 16:06:13.733  7364  7364 E android.os.Debug: failed to load memtrack module: -2
08-02 16:06:13.735  7364  7364 I Radio-JNI: register_android_hardware_Radio DONE
08-02 16:06:13.744  7364  7364 D AndroidRuntime: Calling main entry com.android.commands.input.Input
08-02 16:06:13.745  7364  7364 I Input   : injectMotionEvent: MotionEvent { action=ACTION_DOWN, actionButton=0, id[0]=0, x[0]=450.0, y[0]=222.0, toolType[0]=TOOL_TYPE_UNKNOWN, buttonState=0, metaState=0, flags=0x0, edgeFlags=0x0, pointerCount=1, historySize=0, eventTime=376228, downTime=376228, deviceId=0, source=0x1002 }
08-02 16:06:13.749  7364  7364 I Input   : injectMotionEvent: MotionEvent { action=ACTION_UP, actionButton=0, id[0]=0, x[0]=450.0, y[0]=222.0, toolType[0]=TOOL_TYPE_UNKNOWN, buttonState=0, metaState=0, flags=0x0, edgeFlags=0x0, pointerCount=1, historySize=0, eventTime=376228, downTime=376228, deviceId=0, source=0x1002 }
08-02 16:06:13.754  7364  7364 D AndroidRuntime: Shutting down VM
08-02 16:06:18.310  7699  7699 D AndroidRuntime: >>>>>> START com.android.internal.os.RuntimeInit uid 0 <<<<<<
08-02 16:06:18.312  7699  7699 D AndroidRuntime: CheckJNI is OFF
08-02 16:06:18.320  7699  7699 D ICU     : No timezone override file found: /data/misc/zoneinfo/current/icu/icu_tzdata.dat
08-02 16:06:18.332  7699  7699 E memtrack: Couldn't load memtrack module (No such file or directory)
08-02 16:06:18.332  7699  7699 E android.os.Debug: failed to load memtrack module: -2
08-02 16:06:18.333  7699  7699 I Radio-JNI: register_android_hardware_Radio DONE
08-02 16:06:18.339  7699  7699 D AndroidRuntime: Calling main entry com.android.commands.uiautomator.Launcher
08-02 16:06:19.367  7699  7699 I AccessibilityNodeInfoDumper: Skipping invisible child: android.view.accessibility.AccessibilityNodeInfo@800089c9; boundsInParent: Rect(0, 0 - 1200, 1540); boundsInScreen: Rect(0, 278 - 0, 1818); packageName: com.adonai.manman; className: android.widget.LinearLayout; text: null; error: null; maxTextLength: -1; contentDescription: null; viewIdResName: null; checkable: false; checked: false; focusable: true; focused: false; selected: false; clickable: false; longClickable: false; contextClickable: false; enabled: true; password: false; scrollable: false; actions: [AccessibilityAction: ACTION_FOCUS - null, AccessibilityAction: ACTION_SELECT - null, AccessibilityAction: ACTION_CLEAR_SELECTION - null, AccessibilityAction: ACTION_ACCESSIBILITY_FOCUS - null, AccessibilityAction: ACTION_UNKNOWN - null]
08-02 16:06:19.377  7699  7699 I AccessibilityNodeInfoDumper: Skipping invisible child: android.view.accessibility.AccessibilityNodeInfo@8001c8de; boundsInParent: Rect(0, 0 - 1200, 1540); boundsInScreen: Rect(1200, 278 - 1200, 1818); packageName: com.adonai.manman; className: android.widget.LinearLayout; text: null; error: null; maxTextLength: -1; contentDescription: null; viewIdResName: null; checkable: false; checked: false; focusable: true; focused: false; selected: false; clickable: false; longClickable: false; contextClickable: false; enabled: true; password: false; scrollable: false; actions: [AccessibilityAction: ACTION_FOCUS - null, AccessibilityAction: ACTION_SELECT - null, AccessibilityAction: ACTION_CLEAR_SELECTION - null, AccessibilityAction: ACTION_ACCESSIBILITY_FOCUS - null, AccessibilityAction: ACTION_UNKNOWN - null]
08-02 16:06:19.378  7699  7699 W AccessibilityNodeInfoDumper: Fetch time: 17ms
08-02 16:06:19.380   626  1119 W WindowManager: Attempted to remove non-existing token: android.os.Binder@8bdcaaa
08-02 16:06:19.386  7699  7699 D AndroidRuntime: Shutting down VM
08-02 16:06:20.493  7722  7722 D AndroidRuntime: >>>>>> START com.android.internal.os.RuntimeInit uid 0 <<<<<<
08-02 16:06:20.495  7722  7722 D AndroidRuntime: CheckJNI is OFF
08-02 16:06:20.504  7722  7722 D ICU     : No timezone override file found: /data/misc/zoneinfo/current/icu/icu_tzdata.dat
08-02 16:06:20.516  7722  7722 E memtrack: Couldn't load memtrack module (No such file or directory)
08-02 16:06:20.516  7722  7722 E android.os.Debug: failed to load memtrack module: -2
08-02 16:06:20.517  7722  7722 I Radio-JNI: register_android_hardware_Radio DONE
08-02 16:06:20.523  7722  7722 D AndroidRuntime: Calling main entry com.android.commands.uiautomator.Launcher
08-02 16:06:21.549  7722  7722 I AccessibilityNodeInfoDumper: Skipping invisible child: android.view.accessibility.AccessibilityNodeInfo@800089d0; boundsInParent: Rect(0, 0 - 1200, 1540); boundsInScreen: Rect(0, 278 - 0, 1818); packageName: com.adonai.manman; className: android.widget.LinearLayout; text: null; error: null; maxTextLength: -1; contentDescription: null; viewIdResName: null; checkable: false; checked: false; focusable: true; focused: false; selected: false; clickable: false; longClickable: false; contextClickable: false; enabled: true; password: false; scrollable: false; actions: [AccessibilityAction: ACTION_FOCUS - null, AccessibilityAction: ACTION_SELECT - null, AccessibilityAction: ACTION_CLEAR_SELECTION - null, AccessibilityAction: ACTION_ACCESSIBILITY_FOCUS - null, AccessibilityAction: ACTION_UNKNOWN - null]
08-02 16:06:21.558  7722  7722 I AccessibilityNodeInfoDumper: Skipping invisible child: android.view.accessibility.AccessibilityNodeInfo@8001c8e5; boundsInParent: Rect(0, 0 - 1200, 1540); boundsInScreen: Rect(1200, 278 - 1200, 1818); packageName: com.adonai.manman; className: android.widget.LinearLayout; text: null; error: null; maxTextLength: -1; contentDescription: null; viewIdResName: null; checkable: false; checked: false; focusable: true; focused: false; selected: false; clickable: false; longClickable: false; contextClickable: false; enabled: true; password: false; scrollable: false; actions: [AccessibilityAction: ACTION_FOCUS - null, AccessibilityAction: ACTION_SELECT - null, AccessibilityAction: ACTION_CLEAR_SELECTION - null, AccessibilityAction: ACTION_ACCESSIBILITY_FOCUS - null, AccessibilityAction: ACTION_UNKNOWN - null]
08-02 16:06:21.560  7722  7722 W AccessibilityNodeInfoDumper: Fetch time: 18ms
08-02 16:06:21.561   626   637 W WindowManager: Attempted to remove non-existing token: android.os.Binder@60b469b
08-02 16:06:21.564  7722  7722 D AndroidRuntime: Shutting down VM
08-02 16:06:22.055  7740  7740 D AndroidRuntime: >>>>>> START com.android.internal.os.RuntimeInit uid 0 <<<<<<
08-02 16:06:22.056  7740  7740 D AndroidRuntime: CheckJNI is OFF
08-02 16:06:22.065  7740  7740 D ICU     : No timezone override file found: /data/misc/zoneinfo/current/icu/icu_tzdata.dat
08-02 16:06:22.076  7740  7740 E memtrack: Couldn't load memtrack module (No such file or directory)
08-02 16:06:22.076  7740  7740 E android.os.Debug: failed to load memtrack module: -2
08-02 16:06:22.077  7740  7740 I Radio-JNI: register_android_hardware_Radio DONE
08-02 16:06:22.083  7740  7740 D AndroidRuntime: Calling main entry com.android.commands.uiautomator.Launcher
08-02 16:06:23.107  7740  7740 I AccessibilityNodeInfoDumper: Skipping invisible child: android.view.accessibility.AccessibilityNodeInfo@800089da; boundsInParent: Rect(0, 0 - 1200, 1540); boundsInScreen: Rect(0, 278 - 0, 1818); packageName: com.adonai.manman; className: android.widget.LinearLayout; text: null; error: null; maxTextLength: -1; contentDescription: null; viewIdResName: null; checkable: false; checked: false; focusable: true; focused: false; selected: false; clickable: false; longClickable: false; contextClickable: false; enabled: true; password: false; scrollable: false; actions: [AccessibilityAction: ACTION_FOCUS - null, AccessibilityAction: ACTION_SELECT - null, AccessibilityAction: ACTION_CLEAR_SELECTION - null, AccessibilityAction: ACTION_ACCESSIBILITY_FOCUS - null, AccessibilityAction: ACTION_UNKNOWN - null]
08-02 16:06:23.116  7740  7740 I AccessibilityNodeInfoDumper: Skipping invisible child: android.view.accessibility.AccessibilityNodeInfo@8001c8ef; boundsInParent: Rect(0, 0 - 1200, 1540); boundsInScreen: Rect(1200, 278 - 1200, 1818); packageName: com.adonai.manman; className: android.widget.LinearLayout; text: null; error: null; maxTextLength: -1; contentDescription: null; viewIdResName: null; checkable: false; checked: false; focusable: true; focused: false; selected: false; clickable: false; longClickable: false; contextClickable: false; enabled: true; password: false; scrollable: false; actions: [AccessibilityAction: ACTION_FOCUS - null, AccessibilityAction: ACTION_SELECT - null, AccessibilityAction: ACTION_CLEAR_SELECTION - null, AccessibilityAction: ACTION_ACCESSIBILITY_FOCUS - null, AccessibilityAction: ACTION_UNKNOWN - null]
08-02 16:06:23.117  7740  7740 W AccessibilityNodeInfoDumper: Fetch time: 16ms
08-02 16:06:23.118   626   962 W WindowManager: Attempted to remove non-existing token: android.os.Binder@b0b4a11
08-02 16:06:23.121  7740  7740 D AndroidRuntime: Shutting down VM
08-02 16:06:24.204  7763  7763 D AndroidRuntime: >>>>>> START com.android.internal.os.RuntimeInit uid 0 <<<<<<
08-02 16:06:24.206  7763  7763 D AndroidRuntime: CheckJNI is OFF
08-02 16:06:24.214  7763  7763 D ICU     : No timezone override file found: /data/misc/zoneinfo/current/icu/icu_tzdata.dat
08-02 16:06:24.226  7763  7763 E memtrack: Couldn't load memtrack module (No such file or directory)
08-02 16:06:24.226  7763  7763 E android.os.Debug: failed to load memtrack module: -2
08-02 16:06:24.226  7763  7763 I Radio-JNI: register_android_hardware_Radio DONE
08-02 16:06:24.235  7763  7763 D AndroidRuntime: Calling main entry com.android.commands.uiautomator.Launcher
08-02 16:06:25.256  7763  7763 I AccessibilityNodeInfoDumper: Skipping invisible child: android.view.accessibility.AccessibilityNodeInfo@800089df; boundsInParent: Rect(0, 0 - 1200, 1540); boundsInScreen: Rect(0, 278 - 0, 1818); packageName: com.adonai.manman; className: android.widget.LinearLayout; text: null; error: null; maxTextLength: -1; contentDescription: null; viewIdResName: null; checkable: false; checked: false; focusable: true; focused: false; selected: false; clickable: false; longClickable: false; contextClickable: false; enabled: true; password: false; scrollable: false; actions: [AccessibilityAction: ACTION_FOCUS - null, AccessibilityAction: ACTION_SELECT - null, AccessibilityAction: ACTION_CLEAR_SELECTION - null, AccessibilityAction: ACTION_ACCESSIBILITY_FOCUS - null, AccessibilityAction: ACTION_UNKNOWN - null]
08-02 16:06:25.263  7763  7763 I AccessibilityNodeInfoDumper: Skipping invisible child: android.view.accessibility.AccessibilityNodeInfo@8001c8f4; boundsInParent: Rect(0, 0 - 1200, 1540); boundsInScreen: Rect(1200, 278 - 1200, 1818); packageName: com.adonai.manman; className: android.widget.LinearLayout; text: null; error: null; maxTextLength: -1; contentDescription: null; viewIdResName: null; checkable: false; checked: false; focusable: true; focused: false; selected: false; clickable: false; longClickable: false; contextClickable: false; enabled: true; password: false; scrollable: false; actions: [AccessibilityAction: ACTION_FOCUS - null, AccessibilityAction: ACTION_SELECT - null, AccessibilityAction: ACTION_CLEAR_SELECTION - null, AccessibilityAction: ACTION_ACCESSIBILITY_FOCUS - null, AccessibilityAction: ACTION_UNKNOWN - null]
08-02 16:06:25.265  7763  7763 W AccessibilityNodeInfoDumper: Fetch time: 14ms
08-02 16:06:25.271   626   762 W WindowManager: Attempted to remove non-existing token: android.os.Binder@e85e776
08-02 16:06:25.277  7763  7763 D AndroidRuntime: Shutting down VM
08-02 16:06:26.442  7791  7791 D AndroidRuntime: >>>>>> START com.android.internal.os.RuntimeInit uid 0 <<<<<<
08-02 16:06:26.443  7791  7791 D AndroidRuntime: CheckJNI is OFF
08-02 16:06:26.453  7791  7791 D ICU     : No timezone override file found: /data/misc/zoneinfo/current/icu/icu_tzdata.dat
08-02 16:06:26.467  7791  7791 E memtrack: Couldn't load memtrack module (No such file or directory)
08-02 16:06:26.467  7791  7791 E android.os.Debug: failed to load memtrack module: -2
08-02 16:06:26.468  7791  7791 I Radio-JNI: register_android_hardware_Radio DONE
08-02 16:06:26.476  7791  7791 D AndroidRuntime: Calling main entry com.android.commands.uiautomator.Launcher
08-02 16:06:27.505  7791  7791 I AccessibilityNodeInfoDumper: Skipping invisible child: android.view.accessibility.AccessibilityNodeInfo@800089e6; boundsInParent: Rect(0, 0 - 1200, 1540); boundsInScreen: Rect(0, 278 - 0, 1818); packageName: com.adonai.manman; className: android.widget.LinearLayout; text: null; error: null; maxTextLength: -1; contentDescription: null; viewIdResName: null; checkable: false; checked: false; focusable: true; focused: false; selected: false; clickable: false; longClickable: false; contextClickable: false; enabled: true; password: false; scrollable: false; actions: [AccessibilityAction: ACTION_FOCUS - null, AccessibilityAction: ACTION_SELECT - null, AccessibilityAction: ACTION_CLEAR_SELECTION - null, AccessibilityAction: ACTION_ACCESSIBILITY_FOCUS - null, AccessibilityAction: ACTION_UNKNOWN - null]
08-02 16:06:27.512  7791  7791 I AccessibilityNodeInfoDumper: Skipping invisible child: android.view.accessibility.AccessibilityNodeInfo@8001c8fb; boundsInParent: Rect(0, 0 - 1200, 1540); boundsInScreen: Rect(1200, 278 - 1200, 1818); packageName: com.adonai.manman; className: android.widget.LinearLayout; text: null; error: null; maxTextLength: -1; contentDescription: null; viewIdResName: null; checkable: false; checked: false; focusable: true; focused: false; selected: false; clickable: false; longClickable: false; contextClickable: false; enabled: true; password: false; scrollable: false; actions: [AccessibilityAction: ACTION_FOCUS - null, AccessibilityAction: ACTION_SELECT - null, AccessibilityAction: ACTION_CLEAR_SELECTION - null, AccessibilityAction: ACTION_ACCESSIBILITY_FOCUS - null, AccessibilityAction: ACTION_UNKNOWN - null]
08-02 16:06:27.512  7791  7791 W AccessibilityNodeInfoDumper: Fetch time: 15ms
08-02 16:06:27.513   626   637 W WindowManager: Attempted to remove non-existing token: android.os.Binder@6cdb177
08-02 16:06:27.524  7791  7791 D AndroidRuntime: Shutting down VM
08-02 16:06:28.695  7817  7817 D AndroidRuntime: >>>>>> START com.android.internal.os.RuntimeInit uid 0 <<<<<<
08-02 16:06:28.697  7817  7817 D AndroidRuntime: CheckJNI is OFF
08-02 16:06:28.706  7817  7817 D ICU     : No timezone override file found: /data/misc/zoneinfo/current/icu/icu_tzdata.dat
08-02 16:06:28.719  7817  7817 E memtrack: Couldn't load memtrack module (No such file or directory)
08-02 16:06:28.719  7817  7817 E android.os.Debug: failed to load memtrack module: -2
08-02 16:06:28.720  7817  7817 I Radio-JNI: register_android_hardware_Radio DONE
08-02 16:06:28.726  7817  7817 D AndroidRuntime: Calling main entry com.android.commands.uiautomator.Launcher
