08-02 15:29:04.142  1962  1962 D leak-51-94: 51
08-02 15:29:04.144  1962  1962 D leak-15-10: Eastern Standard Time
08-02 15:29:04.144  1962  1962 D leak-16-10: 16
08-02 15:29:04.144  1962  1962 D leak-17-10: 17
08-02 15:29:04.144  1962  1962 D leak-18-10: 18
08-02 15:29:04.144  1962  1962 D leak-19-10: 19
08-02 15:29:04.144  1962  1962 D leak-15-14: Eastern Standard Time
08-02 15:29:04.144  1962  1962 D leak-16-14: 16
08-02 15:29:04.144  1962  1962 D leak-17-14: 17
08-02 15:29:04.144  1962  1962 D leak-18-14: 18
08-02 15:29:04.144  1962  1962 D leak-19-14: 19
08-02 15:29:04.144  1962  1962 D leak-23-79: 23
08-02 15:29:04.144  1962  1962 D leak-24-79: 24
08-02 15:29:04.144  1962  1962 D leak-25-79: Eastern Standard Time
08-02 15:29:04.144  1962  1962 D leak-27-79: 27
08-02 15:29:04.144  1962  1962 D leak-28-79: 28
08-02 15:29:04.144  1962  1962 D leak-29-79: 29
08-02 15:29:04.144  1962  1962 D leak-30-79: 30
08-02 15:29:04.144  1962  1962 D leak-24-79: 24
08-02 15:29:04.144  1962  1962 D leak-25-79: Eastern Standard Time
08-02 15:29:04.144  1962  1962 D leak-27-79: 27
08-02 15:29:04.144  1962  1962 D leak-28-79: 28
08-02 15:29:04.144  1962  1962 D leak-29-79: 29
08-02 15:29:04.144  1962  1962 D leak-30-79: 30
08-02 15:29:04.144  1962  1962 D leak-40-95: 40
08-02 15:29:04.144  1962  1962 D leak-42-95: 42
08-02 15:29:04.144  1962  1962 D leak-43-95: Eastern Standard Time
08-02 15:29:04.144  1962  1962 D leak-44-95: Eastern Standard Time
08-02 15:29:04.144  1962  1962 D leak-46-95: 46
08-02 15:29:04.144  1962  1962 D leak-47-95: 47
08-02 15:29:04.144  1962  1962 D leak-48-95: Eastern Standard Time
08-02 15:29:04.144  1962  1962 D leak-49-95: 49
08-02 15:29:04.144  1962  1962 D leak-50-95: 50
08-02 15:29:04.144  1962  1962 D leak-51-95: 51
08-02 15:29:04.144  1962  1962 D leak-40-95: 40
08-02 15:29:04.144  1962  1962 D leak-42-95: 42
08-02 15:29:04.144  1962  1962 D leak-43-95: Eastern Standard Time
08-02 15:29:04.144  1962  1962 D leak-44-95: Eastern Standard Time
08-02 15:29:04.144  1962  1962 D leak-46-95: 46
08-02 15:29:04.144  1962  1962 D leak-47-95: 47
08-02 15:29:04.144  1962  1962 D leak-48-95: Eastern Standard Time
08-02 15:29:04.144  1962  1962 D leak-49-95: 49
08-02 15:29:04.144  1962  1962 D leak-50-95: 50
08-02 15:29:04.144  1962  1962 D leak-51-95: 51
08-02 15:29:04.145  1962  1962 D leak-20-75: Eastern Standard Time
08-02 15:29:04.145  1962  1962 D leak-21-75: 21
08-02 15:29:04.145  1962  1962 D leak-22-75: 22
08-02 15:29:04.145  1962  1962 D leak-31-83: Eastern Standard Time
08-02 15:29:04.145  1962  1962 D leak-32-83: 32
08-02 15:29:04.145  1962  1962 D leak-33-83: 33
08-02 15:29:04.145  1962  1962 D AndroidRuntime: Shutting down VM
--------- beginning of crash
08-02 15:29:04.151  1962  1962 E AndroidRuntime: FATAL EXCEPTION: main
08-02 15:29:04.151  1962  1962 E AndroidRuntime: Process: com.iamtrk.androidexplorer, PID: 1962
08-02 15:29:04.151  1962  1962 E AndroidRuntime: java.lang.RuntimeException: java.io.FileNotFoundException: /sys/devices/system/cpu/cpu0/cpufreq/scaling_cur_freq: open failed: ENOENT (No such file or directory)
08-02 15:29:04.151  1962  1962 E AndroidRuntime: 	at com.iamtrk.a.c.<init>(Unknown Source)
08-02 15:29:04.151  1962  1962 E AndroidRuntime: 	at com.iamtrk.ItemListActivity.k(Unknown Source)
08-02 15:29:04.151  1962  1962 E AndroidRuntime: 	at com.iamtrk.ItemListActivity$1.onClick(Unknown Source)
08-02 15:29:04.151  1962  1962 E AndroidRuntime: 	at android.support.v7.a.b$b.handleMessage(Unknown Source)
08-02 15:29:04.151  1962  1962 E AndroidRuntime: 	at android.os.Handler.dispatchMessage(Handler.java:102)
08-02 15:29:04.151  1962  1962 E AndroidRuntime: 	at android.os.Looper.loop(Looper.java:148)
08-02 15:29:04.151  1962  1962 E AndroidRuntime: 	at android.app.ActivityThread.main(ActivityThread.java:5417)
08-02 15:29:04.151  1962  1962 E AndroidRuntime: 	at java.lang.reflect.Method.invoke(Native Method)
08-02 15:29:04.151  1962  1962 E AndroidRuntime: 	at com.android.internal.os.ZygoteInit$MethodAndArgsCaller.run(ZygoteInit.java:726)
08-02 15:29:04.151  1962  1962 E AndroidRuntime: 	at com.android.internal.os.ZygoteInit.main(ZygoteInit.java:616)
08-02 15:29:04.151  1962  1962 E AndroidRuntime: Caused by: java.io.FileNotFoundException: /sys/devices/system/cpu/cpu0/cpufreq/scaling_cur_freq: open failed: ENOENT (No such file or directory)
08-02 15:29:04.151  1962  1962 E AndroidRuntime: 	at libcore.io.IoBridge.open(IoBridge.java:452)
08-02 15:29:04.151  1962  1962 E AndroidRuntime: 	at java.io.RandomAccessFile.<init>(RandomAccessFile.java:117)
08-02 15:29:04.151  1962  1962 E AndroidRuntime: 	at java.io.RandomAccessFile.<init>(RandomAccessFile.java:149)
08-02 15:29:04.151  1962  1962 E AndroidRuntime: 	... 10 more
08-02 15:29:04.151  1962  1962 E AndroidRuntime: Caused by: android.system.ErrnoException: open failed: ENOENT (No such file or directory)
08-02 15:29:04.151  1962  1962 E AndroidRuntime: 	at libcore.io.Posix.open(Native Method)
08-02 15:29:04.151  1962  1962 E AndroidRuntime: 	at libcore.io.BlockGuardOs.open(BlockGuardOs.java:186)
08-02 15:29:04.151  1962  1962 E AndroidRuntime: 	at libcore.io.IoBridge.open(IoBridge.java:438)
08-02 15:29:04.151  1962  1962 E AndroidRuntime: 	... 12 more
08-02 15:29:04.152   626  1105 W ActivityManager:   Force finishing activity com.iamtrk.androidexplorer/com.iamtrk.ItemListActivity
08-02 15:29:04.183   397   411 D PermissionCache: checking android.permission.READ_FRAME_BUFFER for uid=1000 => granted (29699 us)
08-02 15:29:04.214   626  1105 D         : HostConnection::get() New Host Connection established 0xdb5eeaa0, tid 1105
08-02 15:29:04.230   397   397 E EGL_emulation: tid 397: eglCreateSyncKHR(1215): error 0x3004 (EGL_BAD_ATTRIBUTE)
08-02 15:29:05.320   626   956 W art     : Long monitor contention event with owner method=android.graphics.Bitmap com.android.server.wm.WindowManagerService.screenshotApplicationsInner(android.os.IBinder, int, int, int, boolean) from WindowManagerService.java:6223 waiters=0 for 799ms
08-02 15:29:05.339   626   626 W art     : Long monitor contention event with owner method=void com.android.server.am.ActivityManagerService.crashApplication(com.android.server.am.ProcessRecord, android.app.ApplicationErrorReport$CrashInfo) from ActivityManagerService.java:12568 waiters=0 for 1.143s
08-02 15:29:05.354   626  2961 D OpenGLRenderer: Use EGL_SWAP_BEHAVIOR_PRESERVED: true
08-02 15:29:05.383   626  2961 I OpenGLRenderer: Initialized EGL, version 1.4
08-02 15:29:05.392   626  2961 D         : HostConnection::get() New Host Connection established 0xdb5eeb20, tid 2961
08-02 15:29:05.447   626  2961 W EGL_emulation: eglSurfaceAttrib not implemented
08-02 15:29:05.447   626  2961 W OpenGLRenderer: Failed to set EGL_SWAP_BEHAVIOR on surface 0xdb742440, error=EGL_SUCCESS
08-02 15:29:05.839   626   640 W ActivityManager: Activity pause timeout for ActivityRecord{6185532 u0 com.iamtrk.androidexplorer/com.iamtrk.ItemListActivity t4 f}
08-02 15:29:05.905   626   640 I ActivityManager: Killing 1760:com.android.onetimeinitializer/u0a11 (adj 15): empty #17
08-02 15:29:05.906   626   640 W libprocessgroup: failed to open /acct/uid_10011/pid_1760/cgroup.procs: No such file or directory
08-02 15:29:05.963  1491  1555 W EGL_emulation: eglSurfaceAttrib not implemented
08-02 15:29:05.963  1491  1555 W OpenGLRenderer: Failed to set EGL_SWAP_BEHAVIOR on surface 0xe82beb20, error=EGL_SUCCESS
08-02 15:29:05.979   397  2350 D         : HostConnection::get() New Host Connection established 0xf6c7e910, tid 2350
08-02 15:29:06.594  1491  1555 V RenderScript: 0xde6b1000 Launching thread(s), CPUs 4
08-02 15:29:06.609  1491  1555 W OpenGLRenderer: Incorrectly called buildLayer on View: ShortcutAndWidgetContainer, destroying layer...
08-02 15:29:06.609  1491  1555 W OpenGLRenderer: Incorrectly called buildLayer on View: ShortcutAndWidgetContainer, destroying layer...
08-02 15:29:14.708  3293  3293 D AndroidRuntime: >>>>>> START com.android.internal.os.RuntimeInit uid 0 <<<<<<
08-02 15:29:14.709  3293  3293 D AndroidRuntime: CheckJNI is OFF
08-02 15:29:14.718  3293  3293 D ICU     : No timezone override file found: /data/misc/zoneinfo/current/icu/icu_tzdata.dat
08-02 15:29:14.733  3293  3293 E memtrack: Couldn't load memtrack module (No such file or directory)
08-02 15:29:14.733  3293  3293 E android.os.Debug: failed to load memtrack module: -2
08-02 15:29:14.735  3293  3293 I Radio-JNI: register_android_hardware_Radio DONE
08-02 15:29:14.747  3293  3293 D AndroidRuntime: Calling main entry com.android.commands.monkey.Monkey
08-02 15:29:14.766   626   640 W BroadcastQueue: Skipping deliver [background] BroadcastRecord{68f7b9 u-1 android.net.conn.CONNECTIVITY_CHANGE} to ReceiverList{a4207fe 3293 (unknown name)/0/u-1 remote:b664203}: process crashing
08-02 15:29:14.779   626  1099 I ActivityManager: START u0 {act=android.intent.action.MAIN cat=[android.intent.category.LAUNCHER] flg=0x10200000 cmp=com.iamtrk.androidexplorer/com.iamtrk.ItemListActivity} from uid 0 on display 0
08-02 15:29:14.789  3293  3293 I art     : System.exit called, status: 0
08-02 15:29:14.790  3293  3293 I AndroidRuntime: VM exiting with result code 0.
08-02 15:29:15.913   626   640 W ActivityManager: Activity destroy timeout for ActivityRecord{6185532 u0 com.iamtrk.androidexplorer/com.iamtrk.ItemListActivity t4 f}
08-02 15:29:17.211   626   645 I Choreographer: Skipped 142 frames!  The application may be doing too much work on its main thread.
08-02 15:29:17.221  1491  1555 E Surface : getSlotFromBufferLocked: unknown buffer: 0xde5c21c0
08-02 15:29:21.020  3306  3306 D AndroidRuntime: >>>>>> START com.android.internal.os.RuntimeInit uid 0 <<<<<<
08-02 15:29:21.023  3306  3306 D AndroidRuntime: CheckJNI is OFF
08-02 15:29:21.033  3306  3306 D ICU     : No timezone override file found: /data/misc/zoneinfo/current/icu/icu_tzdata.dat
08-02 15:29:21.047  3306  3306 E memtrack: Couldn't load memtrack module (No such file or directory)
08-02 15:29:21.047  3306  3306 E android.os.Debug: failed to load memtrack module: -2
08-02 15:29:21.049  3306  3306 I Radio-JNI: register_android_hardware_Radio DONE
08-02 15:29:21.056  3306  3306 D AndroidRuntime: Calling main entry com.android.commands.uiautomator.Launcher
08-02 15:29:22.075  3306  3306 W AccessibilityNodeInfoDumper: Fetch time: 3ms
08-02 15:29:22.076   626  1099 W WindowManager: Attempted to remove non-existing token: android.os.Binder@45a4129
08-02 15:29:22.106  3306  3306 D AndroidRuntime: Shutting down VM
08-02 15:29:22.557  3320  3320 D AndroidRuntime: >>>>>> START com.android.internal.os.RuntimeInit uid 0 <<<<<<
08-02 15:29:22.559  3320  3320 D AndroidRuntime: CheckJNI is OFF
08-02 15:29:22.569  3320  3320 D ICU     : No timezone override file found: /data/misc/zoneinfo/current/icu/icu_tzdata.dat
08-02 15:29:22.582  3320  3320 E memtrack: Couldn't load memtrack module (No such file or directory)
08-02 15:29:22.582  3320  3320 E android.os.Debug: failed to load memtrack module: -2
08-02 15:29:22.582  3320  3320 I Radio-JNI: register_android_hardware_Radio DONE
08-02 15:29:22.588  3320  3320 D AndroidRuntime: Calling main entry com.android.commands.input.Input
08-02 15:29:22.590  3320  3320 I Input   : injectMotionEvent: MotionEvent { action=ACTION_DOWN, actionButton=0, id[0]=0, x[0]=959.0, y[0]=984.0, toolType[0]=TOOL_TYPE_UNKNOWN, buttonState=0, metaState=0, flags=0x0, edgeFlags=0x0, pointerCount=1, historySize=0, eventTime=520609, downTime=520609, deviceId=0, source=0x1002 }
08-02 15:29:22.592  3320  3320 I Input   : injectMotionEvent: MotionEvent { action=ACTION_UP, actionButton=0, id[0]=0, x[0]=959.0, y[0]=984.0, toolType[0]=TOOL_TYPE_UNKNOWN, buttonState=0, metaState=0, flags=0x0, edgeFlags=0x0, pointerCount=1, historySize=0, eventTime=520609, downTime=520609, deviceId=0, source=0x1002 }
08-02 15:29:22.592  3320  3320 D AndroidRuntime: Shutting down VM
08-02 15:29:22.598  1962  1962 I Process : Sending signal. PID: 1962 SIG: 9
08-02 15:29:22.614   626  2961 E Surface : getSlotFromBufferLocked: unknown buffer: 0xdf50bb40
08-02 15:29:22.686   626  1105 W libprocessgroup: failed to open /acct/uid_10060/pid_1962/cgroup.procs: No such file or directory
08-02 15:29:22.686   626  1105 I ActivityManager: Process com.iamtrk.androidexplorer (pid 1962) has died
08-02 15:29:22.690   626  1331 D GraphicsStats: Buffer count: 4
08-02 15:29:22.719   626  1105 I ActivityManager: Start proc 3329:com.iamtrk.androidexplorer/u0a60 for activity com.iamtrk.androidexplorer/com.iamtrk.ItemListActivity
08-02 15:29:22.752  3329  3329 E libprocessgroup: failed to make and chown /acct/uid_10060: Read-only file system
08-02 15:29:22.752  3329  3329 W Zygote  : createProcessGroup failed, kernel missing CONFIG_CGROUP_CPUACCT?
08-02 15:29:22.779  3329  3329 W System  : ClassLoader referenced unknown path: /data/app/com.iamtrk.androidexplorer-1/lib/x86
08-02 15:29:22.804  3329  3329 D leak-2-6: 2
08-02 15:29:22.804  3329  3329 D leak-4-6: 4
08-02 15:29:22.805  3329  3329 D leak-6-6: 6
08-02 15:29:22.805  3329  3329 D leak-7-6: 7
08-02 15:29:22.805  3329  3329 D leak-8-6: 8
08-02 15:29:22.805  3329  3329 D leak-10-6: 10
08-02 15:29:22.805  3329  3329 D leak-13-6: 13
08-02 15:29:22.807  3329  3329 D leak-14-6: 14
08-02 15:29:22.807  3329  3329 D leak-2-2: 2
08-02 15:29:22.807  3329  3329 D leak-4-2: 4
08-02 15:29:22.807  3329  3329 D leak-6-2: 6
08-02 15:29:22.807  3329  3329 D leak-7-2: Eastern Standard Time
08-02 15:29:22.807  3329  3329 D leak-8-2: 8
08-02 15:29:22.807  3329  3329 D leak-10-2: 10
08-02 15:29:22.807  3329  3329 D leak-13-2: 13
08-02 15:29:22.807  3329  3329 D leak-14-2: 14
08-02 15:29:22.842  3329  3329 I AppCompatDelegate: The Activity's LayoutInflater already has a Factory installed so we can not install AppCompat's
08-02 15:29:22.952   626   645 W AppOps  : Finishing op nesting under-run: uid 1000 pkg android code 24 time=0 duration=0 nesting=0
08-02 15:29:22.958  3329  3344 D OpenGLRenderer: Use EGL_SWAP_BEHAVIOR_PRESERVED: true
08-02 15:29:22.963  3329  3329 D         : HostConnection::get() New Host Connection established 0xe7fff7b0, tid 3329
08-02 15:29:22.989  3329  3329 D leak-2-5: 2
08-02 15:29:22.989  3329  3329 D leak-4-5: 4
08-02 15:29:22.989  3329  3329 D leak-6-5: 6
08-02 15:29:22.989  3329  3329 D leak-7-5: Eastern Standard Time
08-02 15:29:22.989  3329  3329 D leak-8-5: 8
08-02 15:29:22.989  3329  3329 D leak-10-5: 10
08-02 15:29:22.989  3329  3329 D leak-13-5: 13
08-02 15:29:22.989  3329  3329 D leak-14-5: 14
08-02 15:29:23.039  3329  3344 D libEGL  : loaded /system/lib/egl/libEGL_emulation.so
08-02 15:29:23.039  3329  3344 D libEGL  : loaded /system/lib/egl/libGLESv1_CM_emulation.so
08-02 15:29:23.056  3329  3344 D libEGL  : loaded /system/lib/egl/libGLESv2_emulation.so
08-02 15:29:23.061  3329  3344 D         : HostConnection::get() New Host Connection established 0xeebd2ad0, tid 3344
08-02 15:29:23.079  3329  3344 I OpenGLRenderer: Initialized EGL, version 1.4
08-02 15:29:23.100  3329  3344 W EGL_emulation: eglSurfaceAttrib not implemented
08-02 15:29:23.100  3329  3344 W OpenGLRenderer: Failed to set EGL_SWAP_BEHAVIOR on surface 0xe9bfa280, error=EGL_SUCCESS
08-02 15:29:23.127  3329  3344 W EGL_emulation: eglSurfaceAttrib not implemented
08-02 15:29:23.127  3329  3344 W OpenGLRenderer: Failed to set EGL_SWAP_BEHAVIOR on surface 0xe9bfa2a0, error=EGL_SUCCESS
08-02 15:29:23.446   626   645 I ActivityManager: Displayed com.iamtrk.androidexplorer/com.iamtrk.ItemListActivity: +8s661ms
08-02 15:29:23.686  3349  3349 D AndroidRuntime: >>>>>> START com.android.internal.os.RuntimeInit uid 0 <<<<<<
08-02 15:29:23.688  3349  3349 D AndroidRuntime: CheckJNI is OFF
08-02 15:29:23.701  3349  3349 D ICU     : No timezone override file found: /data/misc/zoneinfo/current/icu/icu_tzdata.dat
08-02 15:29:23.715  3349  3349 E memtrack: Couldn't load memtrack module (No such file or directory)
08-02 15:29:23.715  3349  3349 E android.os.Debug: failed to load memtrack module: -2
08-02 15:29:23.716  3349  3349 I Radio-JNI: register_android_hardware_Radio DONE
08-02 15:29:23.724  3349  3349 D AndroidRuntime: Calling main entry com.android.commands.am.Am
08-02 15:29:23.734   626  1103 I ActivityManager: Force stopping com.iamtrk.androidexplorer appid=10060 user=0: from pid 3349
08-02 15:29:23.734   626  1103 I ActivityManager: Killing 3329:com.iamtrk.androidexplorer/u0a60 (adj 0): stop com.iamtrk.androidexplorer
08-02 15:29:23.734   626  1103 W libprocessgroup: failed to open /acct/uid_10060/pid_3329/cgroup.procs: No such file or directory
08-02 15:29:23.734   626  1103 W ActivityManager: Force removing ActivityRecord{900fb5f u0 com.iamtrk.androidexplorer/com.iamtrk.ItemListActivity t5}: app died, no saved state
08-02 15:29:23.745   626   676 W InputDispatcher: channel '5d4ed37 com.iamtrk.androidexplorer/com.iamtrk.ItemListActivity (server)' ~ Consumer closed input channel or an error occurred.  events=0x9
08-02 15:29:23.745   626   676 E InputDispatcher: channel '5d4ed37 com.iamtrk.androidexplorer/com.iamtrk.ItemListActivity (server)' ~ Channel is unrecoverably broken and will be disposed!
08-02 15:29:23.745   626   676 W InputDispatcher: channel '2f3afd1 com.iamtrk.androidexplorer/com.iamtrk.ItemListActivity (server)' ~ Consumer closed input channel or an error occurred.  events=0x9
08-02 15:29:23.745   626   676 E InputDispatcher: channel '2f3afd1 com.iamtrk.androidexplorer/com.iamtrk.ItemListActivity (server)' ~ Channel is unrecoverably broken and will be disposed!
08-02 15:29:23.745   626  1331 D GraphicsStats: Buffer count: 4
08-02 15:29:23.745   626  1099 I WindowState: WIN DEATH: Window{2f3afd1 u0 com.iamtrk.androidexplorer/com.iamtrk.ItemListActivity}
08-02 15:29:23.746   626  1099 W InputDispatcher: Attempted to unregister already unregistered input channel '2f3afd1 com.iamtrk.androidexplorer/com.iamtrk.ItemListActivity (server)'
08-02 15:29:23.760  3349  3349 D AndroidRuntime: Shutting down VM
08-02 15:29:23.784   626  1105 I WindowState: WIN DEATH: Window{5d4ed37 u0 com.iamtrk.androidexplorer/com.iamtrk.ItemListActivity}
08-02 15:29:23.784   626  1105 W InputDispatcher: Attempted to unregister already unregistered input channel '5d4ed37 com.iamtrk.androidexplorer/com.iamtrk.ItemListActivity (server)'
08-02 15:29:23.798   626   645 W WindowAnimator: Failed to dispatch window animation state change.
08-02 15:29:23.798   626   645 W WindowAnimator: android.os.DeadObjectException
08-02 15:29:23.798   626   645 W WindowAnimator: 	at android.os.BinderProxy.transactNative(Native Method)
08-02 15:29:23.798   626   645 W WindowAnimator: 	at android.os.BinderProxy.transact(Binder.java:557)
08-02 15:29:23.798   626   645 W WindowAnimator: 	at android.view.IWindow$Stub$Proxy.onAnimationStarted(IWindow.java:520)
08-02 15:29:23.798   626   645 W WindowAnimator: 	at com.android.server.wm.WindowAnimator.updateWindowsLocked(WindowAnimator.java:282)
08-02 15:29:23.798   626   645 W WindowAnimator: 	at com.android.server.wm.WindowAnimator.animateLocked(WindowAnimator.java:678)
08-02 15:29:23.798   626   645 W WindowAnimator: 	at com.android.server.wm.WindowAnimator.-wrap0(WindowAnimator.java)
08-02 15:29:23.798   626   645 W WindowAnimator: 	at com.android.server.wm.WindowAnimator$1.doFrame(WindowAnimator.java:123)
08-02 15:29:23.798   626   645 W WindowAnimator: 	at android.view.Choreographer$CallbackRecord.run(Choreographer.java:856)
08-02 15:29:23.798   626   645 W WindowAnimator: 	at android.view.Choreographer.doCallbacks(Choreographer.java:670)
08-02 15:29:23.798   626   645 W WindowAnimator: 	at android.view.Choreographer.doFrame(Choreographer.java:603)
08-02 15:29:23.798   626   645 W WindowAnimator: 	at android.view.Choreographer$FrameDisplayEventReceiver.run(Choreographer.java:844)
08-02 15:29:23.798   626   645 W WindowAnimator: 	at android.os.Handler.handleCallback(Handler.java:739)
08-02 15:29:23.798   626   645 W WindowAnimator: 	at android.os.Handler.dispatchMessage(Handler.java:95)
08-02 15:29:23.798   626   645 W WindowAnimator: 	at android.os.Looper.loop(Looper.java:148)
08-02 15:29:23.798   626   645 W WindowAnimator: 	at android.os.HandlerThread.run(HandlerThread.java:61)
08-02 15:29:23.798   626   645 W WindowAnimator: 	at com.android.server.ServiceThread.run(ServiceThread.java:46)
08-02 15:29:23.871  1491  1555 W EGL_emulation: eglSurfaceAttrib not implemented
08-02 15:29:23.871  1491  1555 W OpenGLRenderer: Failed to set EGL_SWAP_BEHAVIOR on surface 0xde5fe1e0, error=EGL_SUCCESS
08-02 15:29:23.890   626   760 W InputMethodManagerService: Got RemoteException sending setActive(false) notification to pid 1962 uid 10060
08-02 15:29:24.195   626   645 W WindowAnimator: Failed to dispatch window animation state change.
08-02 15:29:24.195   626   645 W WindowAnimator: android.os.DeadObjectException
08-02 15:29:24.195   626   645 W WindowAnimator: 	at android.os.BinderProxy.transactNative(Native Method)
08-02 15:29:24.195   626   645 W WindowAnimator: 	at android.os.BinderProxy.transact(Binder.java:557)
08-02 15:29:24.195   626   645 W WindowAnimator: 	at android.view.IWindow$Stub$Proxy.onAnimationStopped(IWindow.java:534)
08-02 15:29:24.195   626   645 W WindowAnimator: 	at com.android.server.wm.WindowAnimator.updateWindowsLocked(WindowAnimator.java:286)
08-02 15:29:24.195   626   645 W WindowAnimator: 	at com.android.server.wm.WindowAnimator.animateLocked(WindowAnimator.java:678)
08-02 15:29:24.195   626   645 W WindowAnimator: 	at com.android.server.wm.WindowAnimator.-wrap0(WindowAnimator.java)
08-02 15:29:24.195   626   645 W WindowAnimator: 	at com.android.server.wm.WindowAnimator$1.doFrame(WindowAnimator.java:123)
08-02 15:29:24.195   626   645 W WindowAnimator: 	at android.view.Choreographer$CallbackRecord.run(Choreographer.java:856)
08-02 15:29:24.195   626   645 W WindowAnimator: 	at android.view.Choreographer.doCallbacks(Choreographer.java:670)
08-02 15:29:24.195   626   645 W WindowAnimator: 	at android.view.Choreographer.doFrame(Choreographer.java:603)
08-02 15:29:24.195   626   645 W WindowAnimator: 	at android.view.Choreographer$FrameDisplayEventReceiver.run(Choreographer.java:844)
08-02 15:29:24.195   626   645 W WindowAnimator: 	at android.os.Handler.handleCallback(Handler.java:739)
08-02 15:29:24.195   626   645 W WindowAnimator: 	at android.os.Handler.dispatchMessage(Handler.java:95)
08-02 15:29:24.195   626   645 W WindowAnimator: 	at android.os.Looper.loop(Looper.java:148)
08-02 15:29:24.195   626   645 W WindowAnimator: 	at android.os.HandlerThread.run(HandlerThread.java:61)
08-02 15:29:24.195   626   645 W WindowAnimator: 	at com.android.server.ServiceThread.run(ServiceThread.java:46)
08-02 15:29:24.580  1491  1555 W OpenGLRenderer: Incorrectly called buildLayer on View: ShortcutAndWidgetContainer, destroying layer...
08-02 15:29:24.580  1491  1555 W OpenGLRenderer: Incorrectly called buildLayer on View: ShortcutAndWidgetContainer, destroying layer...
08-02 15:29:26.253  3360  3360 D AndroidRuntime: >>>>>> START com.android.internal.os.RuntimeInit uid 0 <<<<<<
08-02 15:29:26.256  3360  3360 D AndroidRuntime: CheckJNI is OFF
08-02 15:29:26.266  3360  3360 D ICU     : No timezone override file found: /data/misc/zoneinfo/current/icu/icu_tzdata.dat
08-02 15:29:26.278  3360  3360 E memtrack: Couldn't load memtrack module (No such file or directory)
08-02 15:29:26.278  3360  3360 E android.os.Debug: failed to load memtrack module: -2
08-02 15:29:26.279  3360  3360 I Radio-JNI: register_android_hardware_Radio DONE
08-02 15:29:26.285  3360  3360 D AndroidRuntime: Calling main entry com.android.commands.monkey.Monkey
08-02 15:29:26.299   626   640 W BroadcastQueue: Skipping deliver [background] BroadcastRecord{5c6f23c u-1 android.net.conn.CONNECTIVITY_CHANGE} to ReceiverList{9eb9bc5 3360 (unknown name)/0/u-1 remote:e21da0e}: process crashing
08-02 15:29:26.306   626  1105 I ActivityManager: START u0 {act=android.intent.action.MAIN cat=[android.intent.category.LAUNCHER] flg=0x10200000 cmp=com.iamtrk.androidexplorer/com.iamtrk.ItemListActivity} from uid 0 on display 0
08-02 15:29:26.331   626   956 I ActivityManager: Start proc 3369:com.iamtrk.androidexplorer/u0a60 for activity com.iamtrk.androidexplorer/com.iamtrk.ItemListActivity
08-02 15:29:26.361  3369  3369 E libprocessgroup: failed to make and chown /acct/uid_10060: Read-only file system
08-02 15:29:26.361  3369  3369 W Zygote  : createProcessGroup failed, kernel missing CONFIG_CGROUP_CPUACCT?
08-02 15:29:26.378   626   641 D Sensors : batch handle 1, but there is no batch sensor in genymotion
08-02 15:29:26.403  3360  3360 I art     : System.exit called, status: 0
08-02 15:29:26.403  3360  3360 I AndroidRuntime: VM exiting with result code 0.
08-02 15:29:26.852  3369  3369 W System  : ClassLoader referenced unknown path: /data/app/com.iamtrk.androidexplorer-1/lib/x86
08-02 15:29:26.972  3369  3369 D leak-2-6: 2
08-02 15:29:26.972  3369  3369 D leak-4-6: 4
08-02 15:29:26.972  3369  3369 D leak-6-6: 6
08-02 15:29:26.972  3369  3369 D leak-7-6: 7
08-02 15:29:26.972  3369  3369 D leak-8-6: 8
08-02 15:29:26.972  3369  3369 D leak-10-6: 10
08-02 15:29:26.973  3369  3369 D leak-13-6: 13
08-02 15:29:26.973  3369  3369 D leak-14-6: 14
08-02 15:29:26.975  3369  3369 D leak-2-2: 2
08-02 15:29:26.975  3369  3369 D leak-4-2: 4
08-02 15:29:26.975  3369  3369 D leak-6-2: 6
08-02 15:29:26.975  3369  3369 D leak-7-2: Eastern Standard Time
08-02 15:29:26.975  3369  3369 D leak-8-2: 8
08-02 15:29:26.975  3369  3369 D leak-10-2: 10
08-02 15:29:26.975  3369  3369 D leak-13-2: 13
08-02 15:29:26.975  3369  3369 D leak-14-2: 14
08-02 15:29:27.031  3369  3369 I AppCompatDelegate: The Activity's LayoutInflater already has a Factory installed so we can not install AppCompat's
08-02 15:29:27.442  3369  3383 D OpenGLRenderer: Use EGL_SWAP_BEHAVIOR_PRESERVED: true
08-02 15:29:27.627  3369  3369 D         : HostConnection::get() New Host Connection established 0xe7fff450, tid 3369
08-02 15:29:27.938  3369  3369 D leak-2-5: 2
08-02 15:29:27.938  3369  3369 D leak-4-5: 4
08-02 15:29:27.938  3369  3369 D leak-6-5: 6
08-02 15:29:27.938  3369  3369 D leak-7-5: Eastern Standard Time
08-02 15:29:27.938  3369  3369 D leak-8-5: 8
08-02 15:29:27.938  3369  3369 D leak-10-5: 10
08-02 15:29:27.938  3369  3369 D leak-13-5: 13
08-02 15:29:27.938  3369  3369 D leak-14-5: 14
08-02 15:29:28.771  3369  3383 D libEGL  : loaded /system/lib/egl/libEGL_emulation.so
08-02 15:29:28.780  3369  3383 D libEGL  : loaded /system/lib/egl/libGLESv1_CM_emulation.so
08-02 15:29:28.796  3369  3383 D libEGL  : loaded /system/lib/egl/libGLESv2_emulation.so
08-02 15:29:28.815  3369  3383 D         : HostConnection::get() New Host Connection established 0xeebd2ac0, tid 3383
08-02 15:29:29.175  3369  3383 I OpenGLRenderer: Initialized EGL, version 1.4
08-02 15:29:29.825  3369  3383 W EGL_emulation: eglSurfaceAttrib not implemented
08-02 15:29:29.825  3369  3383 W OpenGLRenderer: Failed to set EGL_SWAP_BEHAVIOR on surface 0xe9bfa200, error=EGL_SUCCESS
08-02 15:29:29.860  1491  1555 E Surface : getSlotFromBufferLocked: unknown buffer: 0xeebf5f00
08-02 15:29:29.938  3369  3383 W EGL_emulation: eglSurfaceAttrib not implemented
08-02 15:29:29.938  3369  3383 W OpenGLRenderer: Failed to set EGL_SWAP_BEHAVIOR on surface 0xe9bfa220, error=EGL_SUCCESS
08-02 15:29:30.497   626   645 I ActivityManager: Displayed com.iamtrk.androidexplorer/com.iamtrk.ItemListActivity: +4s178ms
08-02 15:29:32.270  3399  3399 D AndroidRuntime: >>>>>> START com.android.internal.os.RuntimeInit uid 0 <<<<<<
08-02 15:29:32.275  3399  3399 D AndroidRuntime: CheckJNI is OFF
08-02 15:29:32.288  3399  3399 D ICU     : No timezone override file found: /data/misc/zoneinfo/current/icu/icu_tzdata.dat
08-02 15:29:32.300  3399  3399 E memtrack: Couldn't load memtrack module (No such file or directory)
08-02 15:29:32.300  3399  3399 E android.os.Debug: failed to load memtrack module: -2
08-02 15:29:32.301  3399  3399 I Radio-JNI: register_android_hardware_Radio DONE
08-02 15:29:32.307  3399  3399 D AndroidRuntime: Calling main entry com.android.commands.uiautomator.Launcher
08-02 15:29:33.329  3399  3399 W AccessibilityNodeInfoDumper: Fetch time: 2ms
08-02 15:29:33.329   626  1331 W WindowManager: Attempted to remove non-existing token: android.os.Binder@8658e0f
08-02 15:29:33.342  3399  3399 D AndroidRuntime: Shutting down VM
08-02 15:29:33.852  3416  3416 D AndroidRuntime: >>>>>> START com.android.internal.os.RuntimeInit uid 0 <<<<<<
08-02 15:29:33.854  3416  3416 D AndroidRuntime: CheckJNI is OFF
08-02 15:29:33.865  3416  3416 D ICU     : No timezone override file found: /data/misc/zoneinfo/current/icu/icu_tzdata.dat
08-02 15:29:33.879  3416  3416 E memtrack: Couldn't load memtrack module (No such file or directory)
08-02 15:29:33.879  3416  3416 E android.os.Debug: failed to load memtrack module: -2
08-02 15:29:33.880  3416  3416 I Radio-JNI: register_android_hardware_Radio DONE
08-02 15:29:33.887  3416  3416 D AndroidRuntime: Calling main entry com.android.commands.uiautomator.Launcher
08-02 15:29:34.910  3416  3416 W AccessibilityNodeInfoDumper: Fetch time: 2ms
08-02 15:29:34.910   626   638 W WindowManager: Attempted to remove non-existing token: android.os.Binder@3203e9c
08-02 15:29:34.920  3416  3416 D AndroidRuntime: Shutting down VM
08-02 15:29:36.066  3439  3439 D AndroidRuntime: >>>>>> START com.android.internal.os.RuntimeInit uid 0 <<<<<<
08-02 15:29:36.068  3439  3439 D AndroidRuntime: CheckJNI is OFF
08-02 15:29:36.086  3439  3439 D ICU     : No timezone override file found: /data/misc/zoneinfo/current/icu/icu_tzdata.dat
08-02 15:29:36.112  3439  3439 E memtrack: Couldn't load memtrack module (No such file or directory)
08-02 15:29:36.112  3439  3439 E android.os.Debug: failed to load memtrack module: -2
08-02 15:29:36.114  3439  3439 I Radio-JNI: register_android_hardware_Radio DONE
08-02 15:29:36.127  3439  3439 D AndroidRuntime: Calling main entry com.android.commands.uiautomator.Launcher
08-02 15:29:37.141  3439  3439 W AccessibilityNodeInfoDumper: Fetch time: 1ms
08-02 15:29:37.141   626  1331 W WindowManager: Attempted to remove non-existing token: android.os.Binder@7660a5
08-02 15:29:37.153  3439  3439 D AndroidRuntime: Shutting down VM
08-02 15:29:38.366  3466  3466 D AndroidRuntime: >>>>>> START com.android.internal.os.RuntimeInit uid 0 <<<<<<
08-02 15:29:38.368  3466  3466 D AndroidRuntime: CheckJNI is OFF
08-02 15:29:38.376  3466  3466 D ICU     : No timezone override file found: /data/misc/zoneinfo/current/icu/icu_tzdata.dat
08-02 15:29:38.389  3466  3466 E memtrack: Couldn't load memtrack module (No such file or directory)
08-02 15:29:38.389  3466  3466 E android.os.Debug: failed to load memtrack module: -2
08-02 15:29:38.390  3466  3466 I Radio-JNI: register_android_hardware_Radio DONE
08-02 15:29:38.397  3466  3466 D AndroidRuntime: Calling main entry com.android.commands.uiautomator.Launcher
08-02 15:29:39.418  3466  3466 W AccessibilityNodeInfoDumper: Fetch time: 6ms
08-02 15:29:39.420   626  1099 W WindowManager: Attempted to remove non-existing token: android.os.Binder@8779c7a
08-02 15:29:39.438  3466  3466 D AndroidRuntime: Shutting down VM
08-02 15:29:41.248  3499  3499 D AndroidRuntime: >>>>>> START com.android.internal.os.RuntimeInit uid 0 <<<<<<
08-02 15:29:41.249  3499  3499 D AndroidRuntime: CheckJNI is OFF
08-02 15:29:41.259  3499  3499 D ICU     : No timezone override file found: /data/misc/zoneinfo/current/icu/icu_tzdata.dat
08-02 15:29:41.271  3499  3499 E memtrack: Couldn't load memtrack module (No such file or directory)
08-02 15:29:41.271  3499  3499 E android.os.Debug: failed to load memtrack module: -2
08-02 15:29:41.275  3499  3499 I Radio-JNI: register_android_hardware_Radio DONE
08-02 15:29:41.281  3499  3499 D AndroidRuntime: Calling main entry com.android.commands.uiautomator.Launcher
08-02 15:29:42.295  3499  3499 W AccessibilityNodeInfoDumper: Fetch time: 2ms
08-02 15:29:42.296   626   637 W WindowManager: Attempted to remove non-existing token: android.os.Binder@a40a888
08-02 15:29:42.307  3499  3499 D AndroidRuntime: Shutting down VM
08-02 15:29:42.792  3517  3517 D AndroidRuntime: >>>>>> START com.android.internal.os.RuntimeInit uid 0 <<<<<<
08-02 15:29:42.795  3517  3517 D AndroidRuntime: CheckJNI is OFF
08-02 15:29:42.806  3517  3517 D ICU     : No timezone override file found: /data/misc/zoneinfo/current/icu/icu_tzdata.dat
08-02 15:29:42.828  3517  3517 E memtrack: Couldn't load memtrack module (No such file or directory)
08-02 15:29:42.828  3517  3517 E android.os.Debug: failed to load memtrack module: -2
08-02 15:29:42.829  3517  3517 I Radio-JNI: register_android_hardware_Radio DONE
08-02 15:29:42.845  3517  3517 D AndroidRuntime: Calling main entry com.android.commands.uiautomator.Launcher
08-02 15:29:43.859  3517  3517 W AccessibilityNodeInfoDumper: Fetch time: 2ms
08-02 15:29:43.859   626  1103 W WindowManager: Attempted to remove non-existing token: android.os.Binder@2116221
08-02 15:29:43.880  3517  3517 D AndroidRuntime: Shutting down VM
08-02 15:29:44.994  3540  3540 D AndroidRuntime: >>>>>> START com.android.internal.os.RuntimeInit uid 0 <<<<<<
08-02 15:29:44.996  3540  3540 D AndroidRuntime: CheckJNI is OFF
08-02 15:29:45.005  3540  3540 D ICU     : No timezone override file found: /data/misc/zoneinfo/current/icu/icu_tzdata.dat
08-02 15:29:45.018  3540  3540 E memtrack: Couldn't load memtrack module (No such file or directory)
08-02 15:29:45.018  3540  3540 E android.os.Debug: failed to load memtrack module: -2
08-02 15:29:45.019  3540  3540 I Radio-JNI: register_android_hardware_Radio DONE
08-02 15:29:45.025  3540  3540 D AndroidRuntime: Calling main entry com.android.commands.uiautomator.Launcher
08-02 15:29:46.163  3540  3540 W AccessibilityNodeInfoDumper: Fetch time: 3ms
08-02 15:29:46.164   626   638 W WindowManager: Attempted to remove non-existing token: android.os.Binder@3d30646
08-02 15:29:46.191  3540  3540 D AndroidRuntime: Shutting down VM
08-02 15:29:46.709  3557  3557 D AndroidRuntime: >>>>>> START com.android.internal.os.RuntimeInit uid 0 <<<<<<
08-02 15:29:46.710  3557  3557 D AndroidRuntime: CheckJNI is OFF
08-02 15:29:46.726  3557  3557 D ICU     : No timezone override file found: /data/misc/zoneinfo/current/icu/icu_tzdata.dat
08-02 15:29:46.747  3557  3557 E memtrack: Couldn't load memtrack module (No such file or directory)
08-02 15:29:46.747  3557  3557 E android.os.Debug: failed to load memtrack module: -2
08-02 15:29:46.748  3557  3557 I Radio-JNI: register_android_hardware_Radio DONE
08-02 15:29:46.757  3557  3557 D AndroidRuntime: Calling main entry com.android.commands.uiautomator.Launcher
08-02 15:29:47.771  3557  3557 W AccessibilityNodeInfoDumper: Fetch time: 1ms
08-02 15:29:47.771   626  1331 W WindowManager: Attempted to remove non-existing token: android.os.Binder@ce73007
08-02 15:29:47.782  3557  3557 D AndroidRuntime: Shutting down VM
08-02 15:29:48.872  3580  3580 D AndroidRuntime: >>>>>> START com.android.internal.os.RuntimeInit uid 0 <<<<<<
08-02 15:29:48.873  3580  3580 D AndroidRuntime: CheckJNI is OFF
08-02 15:29:48.882  3580  3580 D ICU     : No timezone override file found: /data/misc/zoneinfo/current/icu/icu_tzdata.dat
08-02 15:29:48.893  3580  3580 E memtrack: Couldn't load memtrack module (No such file or directory)
08-02 15:29:48.893  3580  3580 E android.os.Debug: failed to load memtrack module: -2
08-02 15:29:48.894  3580  3580 I Radio-JNI: register_android_hardware_Radio DONE
08-02 15:29:48.899  3580  3580 D AndroidRuntime: Calling main entry com.android.commands.uiautomator.Launcher
08-02 15:29:49.911  3580  3580 W AccessibilityNodeInfoDumper: Fetch time: 2ms
08-02 15:29:49.911   626  1331 W WindowManager: Attempted to remove non-existing token: android.os.Binder@b7bc534
08-02 15:29:49.935  3580  3580 D AndroidRuntime: Shutting down VM
08-02 15:29:50.419  3597  3597 D AndroidRuntime: >>>>>> START com.android.internal.os.RuntimeInit uid 0 <<<<<<
08-02 15:29:50.420  3597  3597 D AndroidRuntime: CheckJNI is OFF
08-02 15:29:50.432  3597  3597 D ICU     : No timezone override file found: /data/misc/zoneinfo/current/icu/icu_tzdata.dat
08-02 15:29:50.443  3597  3597 E memtrack: Couldn't load memtrack module (No such file or directory)
08-02 15:29:50.443  3597  3597 E android.os.Debug: failed to load memtrack module: -2
08-02 15:29:50.443  3597  3597 I Radio-JNI: register_android_hardware_Radio DONE
08-02 15:29:50.450  3597  3597 D AndroidRuntime: Calling main entry com.android.commands.uiautomator.Launcher
08-02 15:29:51.470  3597  3597 W AccessibilityNodeInfoDumper: Fetch time: 2ms
08-02 15:29:51.470   626  1331 W WindowManager: Attempted to remove non-existing token: android.os.Binder@400ff5d
08-02 15:29:51.483  3597  3597 D AndroidRuntime: Shutting down VM
08-02 15:29:52.592  3622  3622 D AndroidRuntime: >>>>>> START com.android.internal.os.RuntimeInit uid 0 <<<<<<
08-02 15:29:52.593  3622  3622 D AndroidRuntime: CheckJNI is OFF
08-02 15:29:52.603  3622  3622 D ICU     : No timezone override file found: /data/misc/zoneinfo/current/icu/icu_tzdata.dat
08-02 15:29:52.614  3622  3622 E memtrack: Couldn't load memtrack module (No such file or directory)
08-02 15:29:52.614  3622  3622 E android.os.Debug: failed to load memtrack module: -2
08-02 15:29:52.615  3622  3622 I Radio-JNI: register_android_hardware_Radio DONE
08-02 15:29:52.621  3622  3622 D AndroidRuntime: Calling main entry com.android.commands.uiautomator.Launcher
08-02 15:29:53.639  3622  3622 W AccessibilityNodeInfoDumper: Fetch time: 2ms
08-02 15:29:53.639   626  1099 W WindowManager: Attempted to remove non-existing token: android.os.Binder@4bcc5a3
08-02 15:29:53.649  3622  3622 D AndroidRuntime: Shutting down VM
08-02 15:29:54.157  3639  3639 D AndroidRuntime: >>>>>> START com.android.internal.os.RuntimeInit uid 0 <<<<<<
08-02 15:29:54.159  3639  3639 D AndroidRuntime: CheckJNI is OFF
08-02 15:29:54.168  3639  3639 D ICU     : No timezone override file found: /data/misc/zoneinfo/current/icu/icu_tzdata.dat
08-02 15:29:54.181  3639  3639 E memtrack: Couldn't load memtrack module (No such file or directory)
08-02 15:29:54.181  3639  3639 E android.os.Debug: failed to load memtrack module: -2
08-02 15:29:54.182  3639  3639 I Radio-JNI: register_android_hardware_Radio DONE
08-02 15:29:54.188  3639  3639 D AndroidRuntime: Calling main entry com.android.commands.uiautomator.Launcher
08-02 15:29:55.206  3639  3639 W AccessibilityNodeInfoDumper: Fetch time: 2ms
08-02 15:29:55.207   626  1103 W WindowManager: Attempted to remove non-existing token: android.os.Binder@7aa00a0
08-02 15:29:55.218  3639  3639 D AndroidRuntime: Shutting down VM
08-02 15:29:55.642  3652  3652 D AndroidRuntime: >>>>>> START com.android.internal.os.RuntimeInit uid 0 <<<<<<
08-02 15:29:55.643  3652  3652 D AndroidRuntime: CheckJNI is OFF
08-02 15:29:55.653  3652  3652 D ICU     : No timezone override file found: /data/misc/zoneinfo/current/icu/icu_tzdata.dat
08-02 15:29:55.670  3652  3652 E memtrack: Couldn't load memtrack module (No such file or directory)
08-02 15:29:55.670  3652  3652 E android.os.Debug: failed to load memtrack module: -2
08-02 15:29:55.671  3652  3652 I Radio-JNI: register_android_hardware_Radio DONE
08-02 15:29:55.678  3652  3652 D AndroidRuntime: Calling main entry com.android.commands.input.Input
08-02 15:29:55.679  3652  3652 I Input   : injectMotionEvent: MotionEvent { action=ACTION_DOWN, actionButton=0, id[0]=0, x[0]=959.0, y[0]=1029.0, toolType[0]=TOOL_TYPE_UNKNOWN, buttonState=0, metaState=0, flags=0x0, edgeFlags=0x0, pointerCount=1, historySize=0, eventTime=553698, downTime=553698, deviceId=0, source=0x1002 }
08-02 15:29:55.682  3652  3652 I Input   : injectMotionEvent: MotionEvent { action=ACTION_UP, actionButton=0, id[0]=0, x[0]=959.0, y[0]=1029.0, toolType[0]=TOOL_TYPE_UNKNOWN, buttonState=0, metaState=0, flags=0x0, edgeFlags=0x0, pointerCount=1, historySize=0, eventTime=553698, downTime=553698, deviceId=0, source=0x1002 }
08-02 15:29:55.682  3652  3652 D AndroidRuntime: Shutting down VM
08-02 15:29:55.702   626  1331 I ActivityManager: START u0 {act=android.content.pm.action.REQUEST_PERMISSIONS pkg=com.android.packageinstaller cmp=com.android.packageinstaller/.permission.ui.GrantPermissionsActivity (has extras)} from uid 10060 on display 0
08-02 15:29:55.708  3369  3369 D leak-2-3: 2
08-02 15:29:55.708  3369  3369 D leak-4-3: 4
08-02 15:29:55.708  3369  3369 D leak-6-3: Eastern Standard Time
08-02 15:29:55.708  3369  3369 D leak-7-3: Eastern Standard Time
08-02 15:29:55.708  3369  3369 D leak-8-3: 8
08-02 15:29:55.708  3369  3369 D leak-10-3: 10
08-02 15:29:55.708  3369  3369 D leak-13-3: 13
08-02 15:29:55.708  3369  3369 D leak-14-3: 14
08-02 15:29:55.720  3369  3383 E Surface : getSlotFromBufferLocked: unknown buffer: 0xeebf2150
08-02 15:29:55.828  1979  1993 W EGL_emulation: eglSurfaceAttrib not implemented
08-02 15:29:55.828  1979  1993 W OpenGLRenderer: Failed to set EGL_SWAP_BEHAVIOR on surface 0xf04adc40, error=EGL_SUCCESS
08-02 15:29:56.105   626   645 I ActivityManager: Displayed com.android.packageinstaller/.permission.ui.GrantPermissionsActivity: +344ms
08-02 15:30:00.808  3988  3988 D AndroidRuntime: >>>>>> START com.android.internal.os.RuntimeInit uid 0 <<<<<<
08-02 15:30:00.809  3988  3988 D AndroidRuntime: CheckJNI is OFF
08-02 15:30:00.820  3988  3988 D ICU     : No timezone override file found: /data/misc/zoneinfo/current/icu/icu_tzdata.dat
08-02 15:30:00.833  3988  3988 E memtrack: Couldn't load memtrack module (No such file or directory)
08-02 15:30:00.833  3988  3988 E android.os.Debug: failed to load memtrack module: -2
08-02 15:30:00.834  3988  3988 I Radio-JNI: register_android_hardware_Radio DONE
08-02 15:30:00.844  3988  3988 D AndroidRuntime: Calling main entry com.android.commands.monkey.Monkey
08-02 15:30:00.854   626   640 W BroadcastQueue: Skipping deliver [background] BroadcastRecord{3a5d93 u-1 android.net.conn.CONNECTIVITY_CHANGE} to ReceiverList{40ed1d0 3988 (unknown name)/0/u-1 remote:42579cd}: process crashing
08-02 15:30:00.857   626  1103 I ActivityManager: START u0 {act=android.intent.action.MAIN cat=[android.intent.category.LAUNCHER] flg=0x10200000 cmp=com.iamtrk.androidexplorer/com.iamtrk.ItemListActivity} from uid 0 on display 0
08-02 15:30:00.862   626   641 D Sensors : batch handle 1, but there is no batch sensor in genymotion
08-02 15:30:00.870  3988  3988 I art     : System.exit called, status: 0
08-02 15:30:00.870  3988  3988 I AndroidRuntime: VM exiting with result code 0.
08-02 15:30:07.057  4001  4001 D AndroidRuntime: >>>>>> START com.android.internal.os.RuntimeInit uid 0 <<<<<<
08-02 15:30:07.059  4001  4001 D AndroidRuntime: CheckJNI is OFF
08-02 15:30:07.068  4001  4001 D ICU     : No timezone override file found: /data/misc/zoneinfo/current/icu/icu_tzdata.dat
08-02 15:30:07.080  4001  4001 E memtrack: Couldn't load memtrack module (No such file or directory)
08-02 15:30:07.080  4001  4001 E android.os.Debug: failed to load memtrack module: -2
08-02 15:30:07.081  4001  4001 I Radio-JNI: register_android_hardware_Radio DONE
08-02 15:30:07.088  4001  4001 D AndroidRuntime: Calling main entry com.android.commands.uiautomator.Launcher
08-02 15:30:08.110  4001  4001 W AccessibilityNodeInfoDumper: Fetch time: 1ms
08-02 15:30:08.111   626   760 W WindowManager: Attempted to remove non-existing token: android.os.Binder@51ce5c9
08-02 15:30:08.124  4001  4001 D AndroidRuntime: Shutting down VM
08-02 15:30:09.202  4024  4024 D AndroidRuntime: >>>>>> START com.android.internal.os.RuntimeInit uid 0 <<<<<<
08-02 15:30:09.203  4024  4024 D AndroidRuntime: CheckJNI is OFF
08-02 15:30:09.212  4024  4024 D ICU     : No timezone override file found: /data/misc/zoneinfo/current/icu/icu_tzdata.dat
08-02 15:30:09.225  4024  4024 E memtrack: Couldn't load memtrack module (No such file or directory)
08-02 15:30:09.225  4024  4024 E android.os.Debug: failed to load memtrack module: -2
08-02 15:30:09.226  4024  4024 I Radio-JNI: register_android_hardware_Radio DONE
08-02 15:30:09.236  4024  4024 D AndroidRuntime: Calling main entry com.android.commands.uiautomator.Launcher
08-02 15:30:10.259  4024  4024 W AccessibilityNodeInfoDumper: Fetch time: 2ms
08-02 15:30:10.259   626   956 W WindowManager: Attempted to remove non-existing token: android.os.Binder@dc744ce
08-02 15:30:10.274  4024  4024 D AndroidRuntime: Shutting down VM
08-02 15:30:10.753  4042  4042 D AndroidRuntime: >>>>>> START com.android.internal.os.RuntimeInit uid 0 <<<<<<
08-02 15:30:10.755  4042  4042 D AndroidRuntime: CheckJNI is OFF
08-02 15:30:10.765  4042  4042 D ICU     : No timezone override file found: /data/misc/zoneinfo/current/icu/icu_tzdata.dat
08-02 15:30:10.778  4042  4042 E memtrack: Couldn't load memtrack module (No such file or directory)
08-02 15:30:10.778  4042  4042 E android.os.Debug: failed to load memtrack module: -2
08-02 15:30:10.783  4042  4042 I Radio-JNI: register_android_hardware_Radio DONE
08-02 15:30:10.792  4042  4042 D AndroidRuntime: Calling main entry com.android.commands.uiautomator.Launcher
08-02 15:30:11.804  4042  4042 W AccessibilityNodeInfoDumper: Fetch time: 1ms
08-02 15:30:11.805   626   638 W WindowManager: Attempted to remove non-existing token: android.os.Binder@a233fef
08-02 15:30:11.826  4042  4042 D AndroidRuntime: Shutting down VM
08-02 15:30:12.923  4065  4065 D AndroidRuntime: >>>>>> START com.android.internal.os.RuntimeInit uid 0 <<<<<<
08-02 15:30:12.924  4065  4065 D AndroidRuntime: CheckJNI is OFF
08-02 15:30:12.933  4065  4065 D ICU     : No timezone override file found: /data/misc/zoneinfo/current/icu/icu_tzdata.dat
08-02 15:30:12.947  4065  4065 E memtrack: Couldn't load memtrack module (No such file or directory)
08-02 15:30:12.947  4065  4065 E android.os.Debug: failed to load memtrack module: -2
08-02 15:30:12.948  4065  4065 I Radio-JNI: register_android_hardware_Radio DONE
08-02 15:30:12.956  4065  4065 D AndroidRuntime: Calling main entry com.android.commands.uiautomator.Launcher
08-02 15:30:13.982  4065  4065 W AccessibilityNodeInfoDumper: Fetch time: 1ms
08-02 15:30:13.982   626   759 W WindowManager: Attempted to remove non-existing token: android.os.Binder@573afc
08-02 15:30:13.996  4065  4065 D AndroidRuntime: Shutting down VM
08-02 15:30:15.132  4093  4093 D AndroidRuntime: >>>>>> START com.android.internal.os.RuntimeInit uid 0 <<<<<<
08-02 15:30:15.134  4093  4093 D AndroidRuntime: CheckJNI is OFF
08-02 15:30:15.144  4093  4093 D ICU     : No timezone override file found: /data/misc/zoneinfo/current/icu/icu_tzdata.dat
08-02 15:30:15.157  4093  4093 E memtrack: Couldn't load memtrack module (No such file or directory)
08-02 15:30:15.157  4093  4093 E android.os.Debug: failed to load memtrack module: -2
08-02 15:30:15.158  4093  4093 I Radio-JNI: register_android_hardware_Radio DONE
08-02 15:30:15.165  4093  4093 D AndroidRuntime: Calling main entry com.android.commands.uiautomator.Launcher
08-02 15:30:16.176  4093  4093 W AccessibilityNodeInfoDumper: Fetch time: 1ms
08-02 15:30:16.176   626  1331 W WindowManager: Attempted to remove non-existing token: android.os.Binder@c96dfda
08-02 15:30:16.183  4093  4093 D AndroidRuntime: Shutting down VM
08-02 15:30:17.303  4119  4119 D AndroidRuntime: >>>>>> START com.android.internal.os.RuntimeInit uid 0 <<<<<<
08-02 15:30:17.305  4119  4119 D AndroidRuntime: CheckJNI is OFF
08-02 15:30:17.315  4119  4119 D ICU     : No timezone override file found: /data/misc/zoneinfo/current/icu/icu_tzdata.dat
08-02 15:30:17.332  4119  4119 E memtrack: Couldn't load memtrack module (No such file or directory)
08-02 15:30:17.332  4119  4119 E android.os.Debug: failed to load memtrack module: -2
08-02 15:30:17.333  4119  4119 I Radio-JNI: register_android_hardware_Radio DONE
08-02 15:30:17.339  4119  4119 D AndroidRuntime: Calling main entry com.android.commands.uiautomator.Launcher
08-02 15:30:18.359  4119  4119 W AccessibilityNodeInfoDumper: Fetch time: 1ms
08-02 15:30:18.360   626  1099 W WindowManager: Attempted to remove non-existing token: android.os.Binder@10dec0b
08-02 15:30:18.371  4119  4119 D AndroidRuntime: Shutting down VM
08-02 15:30:18.843  4137  4137 D AndroidRuntime: >>>>>> START com.android.internal.os.RuntimeInit uid 0 <<<<<<
08-02 15:30:18.844  4137  4137 D AndroidRuntime: CheckJNI is OFF
08-02 15:30:18.855  4137  4137 D ICU     : No timezone override file found: /data/misc/zoneinfo/current/icu/icu_tzdata.dat
08-02 15:30:18.870  4137  4137 E memtrack: Couldn't load memtrack module (No such file or directory)
08-02 15:30:18.870  4137  4137 E android.os.Debug: failed to load memtrack module: -2
08-02 15:30:18.871  4137  4137 I Radio-JNI: register_android_hardware_Radio DONE
08-02 15:30:18.880  4137  4137 D AndroidRuntime: Calling main entry com.android.commands.uiautomator.Launcher
08-02 15:30:19.891  4137  4137 W AccessibilityNodeInfoDumper: Fetch time: 2ms
08-02 15:30:19.891   626   637 W WindowManager: Attempted to remove non-existing token: android.os.Binder@c5b0ae8
08-02 15:30:19.899  4137  4137 D AndroidRuntime: Shutting down VM
08-02 15:30:20.964  4160  4160 D AndroidRuntime: >>>>>> START com.android.internal.os.RuntimeInit uid 0 <<<<<<
08-02 15:30:20.965  4160  4160 D AndroidRuntime: CheckJNI is OFF
08-02 15:30:20.976  4160  4160 D ICU     : No timezone override file found: /data/misc/zoneinfo/current/icu/icu_tzdata.dat
08-02 15:30:20.990  4160  4160 E memtrack: Couldn't load memtrack module (No such file or directory)
08-02 15:30:20.990  4160  4160 E android.os.Debug: failed to load memtrack module: -2
08-02 15:30:20.991  4160  4160 I Radio-JNI: register_android_hardware_Radio DONE
08-02 15:30:20.997  4160  4160 D AndroidRuntime: Calling main entry com.android.commands.uiautomator.Launcher
08-02 15:30:22.009  4160  4160 W AccessibilityNodeInfoDumper: Fetch time: 2ms
08-02 15:30:22.009   626   956 W WindowManager: Attempted to remove non-existing token: android.os.Binder@7868501
08-02 15:30:22.017  4160  4160 D AndroidRuntime: Shutting down VM
