08-02 16:04:07.862  4486  4486 I Input   : injectMotionEvent: MotionEvent { action=ACTION_DOWN, actionButton=0, id[0]=0, x[0]=1144.0, y[0]=112.0, toolType[0]=TOOL_TYPE_UNKNOWN, buttonState=0, metaState=0, flags=0x0, edgeFlags=0x0, pointerCount=1, historySize=0, eventTime=250346, downTime=250346, deviceId=0, source=0x1002 }
08-02 16:04:07.867  4486  4486 I Input   : injectMotionEvent: MotionEvent { action=ACTION_MOVE, actionButton=0, id[0]=0, x[0]=1144.0, y[0]=112.0, toolType[0]=TOOL_TYPE_UNKNOWN, buttonState=0, metaState=0, flags=0x0, edgeFlags=0x0, pointerCount=1, historySize=0, eventTime=250346, downTime=250346, deviceId=0, source=0x1002 }
08-02 16:04:07.889  4486  4486 I Input   : injectMotionEvent: MotionEvent { action=ACTION_MOVE, actionButton=0, id[0]=0, x[0]=1144.0, y[0]=112.0, toolType[0]=TOOL_TYPE_UNKNOWN, buttonState=0, metaState=0, flags=0x0, edgeFlags=0x0, pointerCount=1, historySize=0, eventTime=250373, downTime=250373, deviceId=0, source=0x1002 }
08-02 16:04:07.900  4486  4486 I Input   : injectMotionEvent: MotionEvent { action=ACTION_MOVE, actionButton=0, id[0]=0, x[0]=1144.0, y[0]=112.0, toolType[0]=TOOL_TYPE_UNKNOWN, buttonState=0, metaState=0, flags=0x0, edgeFlags=0x0, pointerCount=1, historySize=0, eventTime=250384, downTime=250384, deviceId=0, source=0x1002 }
08-02 16:04:07.916  4486  4486 I Input   : injectMotionEvent: MotionEvent { action=ACTION_MOVE, actionButton=0, id[0]=0, x[0]=1144.0, y[0]=112.0, toolType[0]=TOOL_TYPE_UNKNOWN, buttonState=0, metaState=0, flags=0x0, edgeFlags=0x0, pointerCount=1, historySize=0, eventTime=250400, downTime=250400, deviceId=0, source=0x1002 }
08-02 16:04:07.934  4486  4486 I Input   : injectMotionEvent: MotionEvent { action=ACTION_MOVE, actionButton=0, id[0]=0, x[0]=1144.0, y[0]=112.0, toolType[0]=TOOL_TYPE_UNKNOWN, buttonState=0, metaState=0, flags=0x0, edgeFlags=0x0, pointerCount=1, historySize=0, eventTime=250418, downTime=250418, deviceId=0, source=0x1002 }
08-02 16:04:07.950  4486  4486 I Input   : injectMotionEvent: MotionEvent { action=ACTION_MOVE, actionButton=0, id[0]=0, x[0]=1144.0, y[0]=112.0, toolType[0]=TOOL_TYPE_UNKNOWN, buttonState=0, metaState=0, flags=0x0, edgeFlags=0x0, pointerCount=1, historySize=0, eventTime=250434, downTime=250434, deviceId=0, source=0x1002 }
08-02 16:04:07.968  4486  4486 I Input   : injectMotionEvent: MotionEvent { action=ACTION_MOVE, actionButton=0, id[0]=0, x[0]=1144.0, y[0]=112.0, toolType[0]=TOOL_TYPE_UNKNOWN, buttonState=0, metaState=0, flags=0x0, edgeFlags=0x0, pointerCount=1, historySize=0, eventTime=250452, downTime=250452, deviceId=0, source=0x1002 }
08-02 16:04:07.985  4486  4486 I Input   : injectMotionEvent: MotionEvent { action=ACTION_MOVE, actionButton=0, id[0]=0, x[0]=1144.0, y[0]=112.0, toolType[0]=TOOL_TYPE_UNKNOWN, buttonState=0, metaState=0, flags=0x0, edgeFlags=0x0, pointerCount=1, historySize=0, eventTime=250469, downTime=250469, deviceId=0, source=0x1002 }
08-02 16:04:08.000  4486  4486 I Input   : injectMotionEvent: MotionEvent { action=ACTION_MOVE, actionButton=0, id[0]=0, x[0]=1144.0, y[0]=112.0, toolType[0]=TOOL_TYPE_UNKNOWN, buttonState=0, metaState=0, flags=0x0, edgeFlags=0x0, pointerCount=1, historySize=0, eventTime=250484, downTime=250484, deviceId=0, source=0x1002 }
08-02 16:04:08.016  4486  4486 I Input   : injectMotionEvent: MotionEvent { action=ACTION_MOVE, actionButton=0, id[0]=0, x[0]=1144.0, y[0]=112.0, toolType[0]=TOOL_TYPE_UNKNOWN, buttonState=0, metaState=0, flags=0x0, edgeFlags=0x0, pointerCount=1, historySize=0, eventTime=250500, downTime=250500, deviceId=0, source=0x1002 }
08-02 16:04:08.062  4486  4486 I Input   : injectMotionEvent: MotionEvent { action=ACTION_MOVE, actionButton=0, id[0]=0, x[0]=1144.0, y[0]=112.0, toolType[0]=TOOL_TYPE_UNKNOWN, buttonState=0, metaState=0, flags=0x0, edgeFlags=0x0, pointerCount=1, historySize=0, eventTime=250546, downTime=250546, deviceId=0, source=0x1002 }
08-02 16:04:08.096  4486  4486 I Input   : injectMotionEvent: MotionEvent { action=ACTION_MOVE, actionButton=0, id[0]=0, x[0]=1144.0, y[0]=112.0, toolType[0]=TOOL_TYPE_UNKNOWN, buttonState=0, metaState=0, flags=0x0, edgeFlags=0x0, pointerCount=1, historySize=0, eventTime=250580, downTime=250580, deviceId=0, source=0x1002 }
08-02 16:04:08.119  4486  4486 I Input   : injectMotionEvent: MotionEvent { action=ACTION_MOVE, actionButton=0, id[0]=0, x[0]=1144.0, y[0]=112.0, toolType[0]=TOOL_TYPE_UNKNOWN, buttonState=0, metaState=0, flags=0x0, edgeFlags=0x0, pointerCount=1, historySize=0, eventTime=250603, downTime=250603, deviceId=0, source=0x1002 }
08-02 16:04:08.142  4486  4486 I Input   : injectMotionEvent: MotionEvent { action=ACTION_MOVE, actionButton=0, id[0]=0, x[0]=1144.0, y[0]=112.0, toolType[0]=TOOL_TYPE_UNKNOWN, buttonState=0, metaState=0, flags=0x0, edgeFlags=0x0, pointerCount=1, historySize=0, eventTime=250626, downTime=250626, deviceId=0, source=0x1002 }
08-02 16:04:08.169  4486  4486 I Input   : injectMotionEvent: MotionEvent { action=ACTION_MOVE, actionButton=0, id[0]=0, x[0]=1144.0, y[0]=112.0, toolType[0]=TOOL_TYPE_UNKNOWN, buttonState=0, metaState=0, flags=0x0, edgeFlags=0x0, pointerCount=1, historySize=0, eventTime=250653, downTime=250653, deviceId=0, source=0x1002 }
08-02 16:04:08.195  4486  4486 I Input   : injectMotionEvent: MotionEvent { action=ACTION_MOVE, actionButton=0, id[0]=0, x[0]=1144.0, y[0]=112.0, toolType[0]=TOOL_TYPE_UNKNOWN, buttonState=0, metaState=0, flags=0x0, edgeFlags=0x0, pointerCount=1, historySize=0, eventTime=250679, downTime=250679, deviceId=0, source=0x1002 }
08-02 16:04:08.234  4486  4486 I Input   : injectMotionEvent: MotionEvent { action=ACTION_MOVE, actionButton=0, id[0]=0, x[0]=1144.0, y[0]=112.0, toolType[0]=TOOL_TYPE_UNKNOWN, buttonState=0, metaState=0, flags=0x0, edgeFlags=0x0, pointerCount=1, historySize=0, eventTime=250718, downTime=250718, deviceId=0, source=0x1002 }
08-02 16:04:08.259  4486  4486 I Input   : injectMotionEvent: MotionEvent { action=ACTION_MOVE, actionButton=0, id[0]=0, x[0]=1144.0, y[0]=112.0, toolType[0]=TOOL_TYPE_UNKNOWN, buttonState=0, metaState=0, flags=0x0, edgeFlags=0x0, pointerCount=1, historySize=0, eventTime=250743, downTime=250743, deviceId=0, source=0x1002 }
08-02 16:04:08.304  4486  4486 I Input   : injectMotionEvent: MotionEvent { action=ACTION_MOVE, actionButton=0, id[0]=0, x[0]=1144.0, y[0]=112.0, toolType[0]=TOOL_TYPE_UNKNOWN, buttonState=0, metaState=0, flags=0x0, edgeFlags=0x0, pointerCount=1, historySize=0, eventTime=250788, downTime=250788, deviceId=0, source=0x1002 }
08-02 16:04:08.316  4486  4486 I Input   : injectMotionEvent: MotionEvent { action=ACTION_MOVE, actionButton=0, id[0]=0, x[0]=1144.0, y[0]=112.0, toolType[0]=TOOL_TYPE_UNKNOWN, buttonState=0, metaState=0, flags=0x0, edgeFlags=0x0, pointerCount=1, historySize=0, eventTime=250800, downTime=250800, deviceId=0, source=0x1002 }
08-02 16:04:08.333  4486  4486 I Input   : injectMotionEvent: MotionEvent { action=ACTION_MOVE, actionButton=0, id[0]=0, x[0]=1144.0, y[0]=112.0, toolType[0]=TOOL_TYPE_UNKNOWN, buttonState=0, metaState=0, flags=0x0, edgeFlags=0x0, pointerCount=1, historySize=0, eventTime=250817, downTime=250817, deviceId=0, source=0x1002 }
08-02 16:04:08.350  4486  4486 I Input   : injectMotionEvent: MotionEvent { action=ACTION_MOVE, actionButton=0, id[0]=0, x[0]=1144.0, y[0]=112.0, toolType[0]=TOOL_TYPE_UNKNOWN, buttonState=0, metaState=0, flags=0x0, edgeFlags=0x0, pointerCount=1, historySize=0, eventTime=250834, downTime=250834, deviceId=0, source=0x1002 }
08-02 16:04:08.383  4486  4486 I Input   : injectMotionEvent: MotionEvent { action=ACTION_MOVE, actionButton=0, id[0]=0, x[0]=1144.0, y[0]=112.0, toolType[0]=TOOL_TYPE_UNKNOWN, buttonState=0, metaState=0, flags=0x0, edgeFlags=0x0, pointerCount=1, historySize=0, eventTime=250867, downTime=250867, deviceId=0, source=0x1002 }
08-02 16:04:08.401  4486  4486 I Input   : injectMotionEvent: MotionEvent { action=ACTION_MOVE, actionButton=0, id[0]=0, x[0]=1144.0, y[0]=112.0, toolType[0]=TOOL_TYPE_UNKNOWN, buttonState=0, metaState=0, flags=0x0, edgeFlags=0x0, pointerCount=1, historySize=0, eventTime=250885, downTime=250885, deviceId=0, source=0x1002 }
08-02 16:04:08.429  4486  4486 I Input   : injectMotionEvent: MotionEvent { action=ACTION_MOVE, actionButton=0, id[0]=0, x[0]=1144.0, y[0]=112.0, toolType[0]=TOOL_TYPE_UNKNOWN, buttonState=0, metaState=0, flags=0x0, edgeFlags=0x0, pointerCount=1, historySize=0, eventTime=250913, downTime=250913, deviceId=0, source=0x1002 }
08-02 16:04:08.456  4486  4486 I Input   : injectMotionEvent: MotionEvent { action=ACTION_MOVE, actionButton=0, id[0]=0, x[0]=1144.0, y[0]=112.0, toolType[0]=TOOL_TYPE_UNKNOWN, buttonState=0, metaState=0, flags=0x0, edgeFlags=0x0, pointerCount=1, historySize=0, eventTime=250939, downTime=250939, deviceId=0, source=0x1002 }
08-02 16:04:08.476  4486  4486 I Input   : injectMotionEvent: MotionEvent { action=ACTION_MOVE, actionButton=0, id[0]=0, x[0]=1144.0, y[0]=112.0, toolType[0]=TOOL_TYPE_UNKNOWN, buttonState=0, metaState=0, flags=0x0, edgeFlags=0x0, pointerCount=1, historySize=0, eventTime=250960, downTime=250960, deviceId=0, source=0x1002 }
08-02 16:04:08.498  4486  4486 I Input   : injectMotionEvent: MotionEvent { action=ACTION_MOVE, actionButton=0, id[0]=0, x[0]=1144.0, y[0]=112.0, toolType[0]=TOOL_TYPE_UNKNOWN, buttonState=0, metaState=0, flags=0x0, edgeFlags=0x0, pointerCount=1, historySize=0, eventTime=250982, downTime=250982, deviceId=0, source=0x1002 }
08-02 16:04:08.518  4486  4486 I Input   : injectMotionEvent: MotionEvent { action=ACTION_MOVE, actionButton=0, id[0]=0, x[0]=1144.0, y[0]=112.0, toolType[0]=TOOL_TYPE_UNKNOWN, buttonState=0, metaState=0, flags=0x0, edgeFlags=0x0, pointerCount=1, historySize=0, eventTime=251002, downTime=251002, deviceId=0, source=0x1002 }
08-02 16:04:08.552  4486  4486 I Input   : injectMotionEvent: MotionEvent { action=ACTION_MOVE, actionButton=0, id[0]=0, x[0]=1144.0, y[0]=112.0, toolType[0]=TOOL_TYPE_UNKNOWN, buttonState=0, metaState=0, flags=0x0, edgeFlags=0x0, pointerCount=1, historySize=0, eventTime=251036, downTime=251036, deviceId=0, source=0x1002 }
08-02 16:04:08.600  4486  4486 I Input   : injectMotionEvent: MotionEvent { action=ACTION_MOVE, actionButton=0, id[0]=0, x[0]=1144.0, y[0]=112.0, toolType[0]=TOOL_TYPE_UNKNOWN, buttonState=0, metaState=0, flags=0x0, edgeFlags=0x0, pointerCount=1, historySize=0, eventTime=251084, downTime=251084, deviceId=0, source=0x1002 }
08-02 16:04:08.616  4486  4486 I Input   : injectMotionEvent: MotionEvent { action=ACTION_MOVE, actionButton=0, id[0]=0, x[0]=1144.0, y[0]=112.0, toolType[0]=TOOL_TYPE_UNKNOWN, buttonState=0, metaState=0, flags=0x0, edgeFlags=0x0, pointerCount=1, historySize=0, eventTime=251100, downTime=251100, deviceId=0, source=0x1002 }
08-02 16:04:08.634  4486  4486 I Input   : injectMotionEvent: MotionEvent { action=ACTION_MOVE, actionButton=0, id[0]=0, x[0]=1144.0, y[0]=112.0, toolType[0]=TOOL_TYPE_UNKNOWN, buttonState=0, metaState=0, flags=0x0, edgeFlags=0x0, pointerCount=1, historySize=0, eventTime=251118, downTime=251118, deviceId=0, source=0x1002 }
08-02 16:04:08.651  4486  4486 I Input   : injectMotionEvent: MotionEvent { action=ACTION_MOVE, actionButton=0, id[0]=0, x[0]=1144.0, y[0]=112.0, toolType[0]=TOOL_TYPE_UNKNOWN, buttonState=0, metaState=0, flags=0x0, edgeFlags=0x0, pointerCount=1, historySize=0, eventTime=251135, downTime=251135, deviceId=0, source=0x1002 }
08-02 16:04:08.669  4486  4486 I Input   : injectMotionEvent: MotionEvent { action=ACTION_MOVE, actionButton=0, id[0]=0, x[0]=1144.0, y[0]=112.0, toolType[0]=TOOL_TYPE_UNKNOWN, buttonState=0, metaState=0, flags=0x0, edgeFlags=0x0, pointerCount=1, historySize=0, eventTime=251153, downTime=251153, deviceId=0, source=0x1002 }
08-02 16:04:08.684  4486  4486 I Input   : injectMotionEvent: MotionEvent { action=ACTION_MOVE, actionButton=0, id[0]=0, x[0]=1144.0, y[0]=112.0, toolType[0]=TOOL_TYPE_UNKNOWN, buttonState=0, metaState=0, flags=0x0, edgeFlags=0x0, pointerCount=1, historySize=0, eventTime=251168, downTime=251168, deviceId=0, source=0x1002 }
08-02 16:04:08.705  4486  4486 I Input   : injectMotionEvent: MotionEvent { action=ACTION_MOVE, actionButton=0, id[0]=0, x[0]=1144.0, y[0]=112.0, toolType[0]=TOOL_TYPE_UNKNOWN, buttonState=0, metaState=0, flags=0x0, edgeFlags=0x0, pointerCount=1, historySize=0, eventTime=251189, downTime=251189, deviceId=0, source=0x1002 }
08-02 16:04:08.717  4486  4486 I Input   : injectMotionEvent: MotionEvent { action=ACTION_MOVE, actionButton=0, id[0]=0, x[0]=1144.0, y[0]=112.0, toolType[0]=TOOL_TYPE_UNKNOWN, buttonState=0, metaState=0, flags=0x0, edgeFlags=0x0, pointerCount=1, historySize=0, eventTime=251201, downTime=251201, deviceId=0, source=0x1002 }
08-02 16:04:08.734  4486  4486 I Input   : injectMotionEvent: MotionEvent { action=ACTION_MOVE, actionButton=0, id[0]=0, x[0]=1144.0, y[0]=112.0, toolType[0]=TOOL_TYPE_UNKNOWN, buttonState=0, metaState=0, flags=0x0, edgeFlags=0x0, pointerCount=1, historySize=0, eventTime=251218, downTime=251218, deviceId=0, source=0x1002 }
08-02 16:04:08.755  4486  4486 I Input   : injectMotionEvent: MotionEvent { action=ACTION_MOVE, actionButton=0, id[0]=0, x[0]=1144.0, y[0]=112.0, toolType[0]=TOOL_TYPE_UNKNOWN, buttonState=0, metaState=0, flags=0x0, edgeFlags=0x0, pointerCount=1, historySize=0, eventTime=251239, downTime=251239, deviceId=0, source=0x1002 }
08-02 16:04:08.766  4486  4486 I Input   : injectMotionEvent: MotionEvent { action=ACTION_MOVE, actionButton=0, id[0]=0, x[0]=1144.0, y[0]=112.0, toolType[0]=TOOL_TYPE_UNKNOWN, buttonState=0, metaState=0, flags=0x0, edgeFlags=0x0, pointerCount=1, historySize=0, eventTime=251250, downTime=251250, deviceId=0, source=0x1002 }
08-02 16:04:08.784  4486  4486 I Input   : injectMotionEvent: MotionEvent { action=ACTION_MOVE, actionButton=0, id[0]=0, x[0]=1144.0, y[0]=112.0, toolType[0]=TOOL_TYPE_UNKNOWN, buttonState=0, metaState=0, flags=0x0, edgeFlags=0x0, pointerCount=1, historySize=0, eventTime=251268, downTime=251268, deviceId=0, source=0x1002 }
08-02 16:04:08.804  4486  4486 I Input   : injectMotionEvent: MotionEvent { action=ACTION_MOVE, actionButton=0, id[0]=0, x[0]=1144.0, y[0]=112.0, toolType[0]=TOOL_TYPE_UNKNOWN, buttonState=0, metaState=0, flags=0x0, edgeFlags=0x0, pointerCount=1, historySize=0, eventTime=251288, downTime=251288, deviceId=0, source=0x1002 }
08-02 16:04:08.816  4486  4486 I Input   : injectMotionEvent: MotionEvent { action=ACTION_MOVE, actionButton=0, id[0]=0, x[0]=1144.0, y[0]=112.0, toolType[0]=TOOL_TYPE_UNKNOWN, buttonState=0, metaState=0, flags=0x0, edgeFlags=0x0, pointerCount=1, historySize=0, eventTime=251300, downTime=251300, deviceId=0, source=0x1002 }
08-02 16:04:08.833  4486  4486 I Input   : injectMotionEvent: MotionEvent { action=ACTION_MOVE, actionButton=0, id[0]=0, x[0]=1144.0, y[0]=112.0, toolType[0]=TOOL_TYPE_UNKNOWN, buttonState=0, metaState=0, flags=0x0, edgeFlags=0x0, pointerCount=1, historySize=0, eventTime=251317, downTime=251317, deviceId=0, source=0x1002 }
08-02 16:04:08.850  4486  4486 I Input   : injectMotionEvent: MotionEvent { action=ACTION_MOVE, actionButton=0, id[0]=0, x[0]=1144.0, y[0]=112.0, toolType[0]=TOOL_TYPE_UNKNOWN, buttonState=0, metaState=0, flags=0x0, edgeFlags=0x0, pointerCount=1, historySize=0, eventTime=251334, downTime=251334, deviceId=0, source=0x1002 }
08-02 16:04:08.866  4486  4486 I Input   : injectMotionEvent: MotionEvent { action=ACTION_MOVE, actionButton=0, id[0]=0, x[0]=1144.0, y[0]=112.0, toolType[0]=TOOL_TYPE_UNKNOWN, buttonState=0, metaState=0, flags=0x0, edgeFlags=0x0, pointerCount=1, historySize=0, eventTime=251350, downTime=251350, deviceId=0, source=0x1002 }
08-02 16:04:08.883  4486  4486 I Input   : injectMotionEvent: MotionEvent { action=ACTION_MOVE, actionButton=0, id[0]=0, x[0]=1144.0, y[0]=112.0, toolType[0]=TOOL_TYPE_UNKNOWN, buttonState=0, metaState=0, flags=0x0, edgeFlags=0x0, pointerCount=1, historySize=0, eventTime=251367, downTime=251367, deviceId=0, source=0x1002 }
08-02 16:04:08.903  4486  4486 I Input   : injectMotionEvent: MotionEvent { action=ACTION_MOVE, actionButton=0, id[0]=0, x[0]=1144.0, y[0]=112.0, toolType[0]=TOOL_TYPE_UNKNOWN, buttonState=0, metaState=0, flags=0x0, edgeFlags=0x0, pointerCount=1, historySize=0, eventTime=251387, downTime=251387, deviceId=0, source=0x1002 }
08-02 16:04:08.918  4486  4486 I Input   : injectMotionEvent: MotionEvent { action=ACTION_MOVE, actionButton=0, id[0]=0, x[0]=1144.0, y[0]=112.0, toolType[0]=TOOL_TYPE_UNKNOWN, buttonState=0, metaState=0, flags=0x0, edgeFlags=0x0, pointerCount=1, historySize=0, eventTime=251402, downTime=251402, deviceId=0, source=0x1002 }
08-02 16:04:08.933  4486  4486 I Input   : injectMotionEvent: MotionEvent { action=ACTION_MOVE, actionButton=0, id[0]=0, x[0]=1144.0, y[0]=112.0, toolType[0]=TOOL_TYPE_UNKNOWN, buttonState=0, metaState=0, flags=0x0, edgeFlags=0x0, pointerCount=1, historySize=0, eventTime=251417, downTime=251417, deviceId=0, source=0x1002 }
08-02 16:04:08.951  4486  4486 I Input   : injectMotionEvent: MotionEvent { action=ACTION_MOVE, actionButton=0, id[0]=0, x[0]=1144.0, y[0]=112.0, toolType[0]=TOOL_TYPE_UNKNOWN, buttonState=0, metaState=0, flags=0x0, edgeFlags=0x0, pointerCount=1, historySize=0, eventTime=251435, downTime=251435, deviceId=0, source=0x1002 }
08-02 16:04:08.966  4486  4486 I Input   : injectMotionEvent: MotionEvent { action=ACTION_MOVE, actionButton=0, id[0]=0, x[0]=1144.0, y[0]=112.0, toolType[0]=TOOL_TYPE_UNKNOWN, buttonState=0, metaState=0, flags=0x0, edgeFlags=0x0, pointerCount=1, historySize=0, eventTime=251450, downTime=251450, deviceId=0, source=0x1002 }
08-02 16:04:08.984  4486  4486 I Input   : injectMotionEvent: MotionEvent { action=ACTION_MOVE, actionButton=0, id[0]=0, x[0]=1144.0, y[0]=112.0, toolType[0]=TOOL_TYPE_UNKNOWN, buttonState=0, metaState=0, flags=0x0, edgeFlags=0x0, pointerCount=1, historySize=0, eventTime=251468, downTime=251468, deviceId=0, source=0x1002 }
08-02 16:04:09.004  4486  4486 I Input   : injectMotionEvent: MotionEvent { action=ACTION_MOVE, actionButton=0, id[0]=0, x[0]=1144.0, y[0]=112.0, toolType[0]=TOOL_TYPE_UNKNOWN, buttonState=0, metaState=0, flags=0x0, edgeFlags=0x0, pointerCount=1, historySize=0, eventTime=251488, downTime=251488, deviceId=0, source=0x1002 }
08-02 16:04:09.017  4486  4486 I Input   : injectMotionEvent: MotionEvent { action=ACTION_MOVE, actionButton=0, id[0]=0, x[0]=1144.0, y[0]=112.0, toolType[0]=TOOL_TYPE_UNKNOWN, buttonState=0, metaState=0, flags=0x0, edgeFlags=0x0, pointerCount=1, historySize=0, eventTime=251501, downTime=251501, deviceId=0, source=0x1002 }
08-02 16:04:09.033  4486  4486 I Input   : injectMotionEvent: MotionEvent { action=ACTION_MOVE, actionButton=0, id[0]=0, x[0]=1144.0, y[0]=112.0, toolType[0]=TOOL_TYPE_UNKNOWN, buttonState=0, metaState=0, flags=0x0, edgeFlags=0x0, pointerCount=1, historySize=0, eventTime=251517, downTime=251517, deviceId=0, source=0x1002 }
08-02 16:04:09.050  4486  4486 I Input   : injectMotionEvent: MotionEvent { action=ACTION_MOVE, actionButton=0, id[0]=0, x[0]=1144.0, y[0]=112.0, toolType[0]=TOOL_TYPE_UNKNOWN, buttonState=0, metaState=0, flags=0x0, edgeFlags=0x0, pointerCount=1, historySize=0, eventTime=251534, downTime=251534, deviceId=0, source=0x1002 }
08-02 16:04:09.067  4486  4486 I Input   : injectMotionEvent: MotionEvent { action=ACTION_MOVE, actionButton=0, id[0]=0, x[0]=1144.0, y[0]=112.0, toolType[0]=TOOL_TYPE_UNKNOWN, buttonState=0, metaState=0, flags=0x0, edgeFlags=0x0, pointerCount=1, historySize=0, eventTime=251551, downTime=251551, deviceId=0, source=0x1002 }
08-02 16:04:09.083  4486  4486 I Input   : injectMotionEvent: MotionEvent { action=ACTION_MOVE, actionButton=0, id[0]=0, x[0]=1144.0, y[0]=112.0, toolType[0]=TOOL_TYPE_UNKNOWN, buttonState=0, metaState=0, flags=0x0, edgeFlags=0x0, pointerCount=1, historySize=0, eventTime=251567, downTime=251567, deviceId=0, source=0x1002 }
08-02 16:04:09.102  4486  4486 I Input   : injectMotionEvent: MotionEvent { action=ACTION_MOVE, actionButton=0, id[0]=0, x[0]=1144.0, y[0]=112.0, toolType[0]=TOOL_TYPE_UNKNOWN, buttonState=0, metaState=0, flags=0x0, edgeFlags=0x0, pointerCount=1, historySize=0, eventTime=251586, downTime=251586, deviceId=0, source=0x1002 }
08-02 16:04:09.117  4486  4486 I Input   : injectMotionEvent: MotionEvent { action=ACTION_MOVE, actionButton=0, id[0]=0, x[0]=1144.0, y[0]=112.0, toolType[0]=TOOL_TYPE_UNKNOWN, buttonState=0, metaState=0, flags=0x0, edgeFlags=0x0, pointerCount=1, historySize=0, eventTime=251601, downTime=251601, deviceId=0, source=0x1002 }
08-02 16:04:09.133  4486  4486 I Input   : injectMotionEvent: MotionEvent { action=ACTION_MOVE, actionButton=0, id[0]=0, x[0]=1144.0, y[0]=112.0, toolType[0]=TOOL_TYPE_UNKNOWN, buttonState=0, metaState=0, flags=0x0, edgeFlags=0x0, pointerCount=1, historySize=0, eventTime=251617, downTime=251617, deviceId=0, source=0x1002 }
08-02 16:04:09.150  4486  4486 I Input   : injectMotionEvent: MotionEvent { action=ACTION_MOVE, actionButton=0, id[0]=0, x[0]=1144.0, y[0]=112.0, toolType[0]=TOOL_TYPE_UNKNOWN, buttonState=0, metaState=0, flags=0x0, edgeFlags=0x0, pointerCount=1, historySize=0, eventTime=251634, downTime=251634, deviceId=0, source=0x1002 }
08-02 16:04:09.166  4486  4486 I Input   : injectMotionEvent: MotionEvent { action=ACTION_MOVE, actionButton=0, id[0]=0, x[0]=1144.0, y[0]=112.0, toolType[0]=TOOL_TYPE_UNKNOWN, buttonState=0, metaState=0, flags=0x0, edgeFlags=0x0, pointerCount=1, historySize=0, eventTime=251650, downTime=251650, deviceId=0, source=0x1002 }
08-02 16:04:09.183  4486  4486 I Input   : injectMotionEvent: MotionEvent { action=ACTION_MOVE, actionButton=0, id[0]=0, x[0]=1144.0, y[0]=112.0, toolType[0]=TOOL_TYPE_UNKNOWN, buttonState=0, metaState=0, flags=0x0, edgeFlags=0x0, pointerCount=1, historySize=0, eventTime=251667, downTime=251667, deviceId=0, source=0x1002 }
08-02 16:04:09.203  4486  4486 I Input   : injectMotionEvent: MotionEvent { action=ACTION_MOVE, actionButton=0, id[0]=0, x[0]=1144.0, y[0]=112.0, toolType[0]=TOOL_TYPE_UNKNOWN, buttonState=0, metaState=0, flags=0x0, edgeFlags=0x0, pointerCount=1, historySize=0, eventTime=251687, downTime=251687, deviceId=0, source=0x1002 }
08-02 16:04:09.216  4486  4486 I Input   : injectMotionEvent: MotionEvent { action=ACTION_MOVE, actionButton=0, id[0]=0, x[0]=1144.0, y[0]=112.0, toolType[0]=TOOL_TYPE_UNKNOWN, buttonState=0, metaState=0, flags=0x0, edgeFlags=0x0, pointerCount=1, historySize=0, eventTime=251700, downTime=251700, deviceId=0, source=0x1002 }
08-02 16:04:09.233  4486  4486 I Input   : injectMotionEvent: MotionEvent { action=ACTION_MOVE, actionButton=0, id[0]=0, x[0]=1144.0, y[0]=112.0, toolType[0]=TOOL_TYPE_UNKNOWN, buttonState=0, metaState=0, flags=0x0, edgeFlags=0x0, pointerCount=1, historySize=0, eventTime=251717, downTime=251717, deviceId=0, source=0x1002 }
08-02 16:04:09.250  4486  4486 I Input   : injectMotionEvent: MotionEvent { action=ACTION_MOVE, actionButton=0, id[0]=0, x[0]=1144.0, y[0]=112.0, toolType[0]=TOOL_TYPE_UNKNOWN, buttonState=0, metaState=0, flags=0x0, edgeFlags=0x0, pointerCount=1, historySize=0, eventTime=251734, downTime=251734, deviceId=0, source=0x1002 }
08-02 16:04:09.266  4486  4486 I Input   : injectMotionEvent: MotionEvent { action=ACTION_MOVE, actionButton=0, id[0]=0, x[0]=1144.0, y[0]=112.0, toolType[0]=TOOL_TYPE_UNKNOWN, buttonState=0, metaState=0, flags=0x0, edgeFlags=0x0, pointerCount=1, historySize=0, eventTime=251750, downTime=251750, deviceId=0, source=0x1002 }
08-02 16:04:09.283  4486  4486 I Input   : injectMotionEvent: MotionEvent { action=ACTION_MOVE, actionButton=0, id[0]=0, x[0]=1144.0, y[0]=112.0, toolType[0]=TOOL_TYPE_UNKNOWN, buttonState=0, metaState=0, flags=0x0, edgeFlags=0x0, pointerCount=1, historySize=0, eventTime=251767, downTime=251767, deviceId=0, source=0x1002 }
08-02 16:04:09.300  4486  4486 I Input   : injectMotionEvent: MotionEvent { action=ACTION_MOVE, actionButton=0, id[0]=0, x[0]=1144.0, y[0]=112.0, toolType[0]=TOOL_TYPE_UNKNOWN, buttonState=0, metaState=0, flags=0x0, edgeFlags=0x0, pointerCount=1, historySize=0, eventTime=251784, downTime=251784, deviceId=0, source=0x1002 }
08-02 16:04:09.316  4486  4486 I Input   : injectMotionEvent: MotionEvent { action=ACTION_MOVE, actionButton=0, id[0]=0, x[0]=1144.0, y[0]=112.0, toolType[0]=TOOL_TYPE_UNKNOWN, buttonState=0, metaState=0, flags=0x0, edgeFlags=0x0, pointerCount=1, historySize=0, eventTime=251800, downTime=251800, deviceId=0, source=0x1002 }
08-02 16:04:09.333  4486  4486 I Input   : injectMotionEvent: MotionEvent { action=ACTION_MOVE, actionButton=0, id[0]=0, x[0]=1144.0, y[0]=112.0, toolType[0]=TOOL_TYPE_UNKNOWN, buttonState=0, metaState=0, flags=0x0, edgeFlags=0x0, pointerCount=1, historySize=0, eventTime=251817, downTime=251817, deviceId=0, source=0x1002 }
08-02 16:04:09.350  4486  4486 I Input   : injectMotionEvent: MotionEvent { action=ACTION_MOVE, actionButton=0, id[0]=0, x[0]=1144.0, y[0]=112.0, toolType[0]=TOOL_TYPE_UNKNOWN, buttonState=0, metaState=0, flags=0x0, edgeFlags=0x0, pointerCount=1, historySize=0, eventTime=251834, downTime=251834, deviceId=0, source=0x1002 }
08-02 16:04:09.366  4486  4486 I Input   : injectMotionEvent: MotionEvent { action=ACTION_MOVE, actionButton=0, id[0]=0, x[0]=1144.0, y[0]=112.0, toolType[0]=TOOL_TYPE_UNKNOWN, buttonState=0, metaState=0, flags=0x0, edgeFlags=0x0, pointerCount=1, historySize=0, eventTime=251850, downTime=251850, deviceId=0, source=0x1002 }
08-02 16:04:09.383  4486  4486 I Input   : injectMotionEvent: MotionEvent { action=ACTION_MOVE, actionButton=0, id[0]=0, x[0]=1144.0, y[0]=112.0, toolType[0]=TOOL_TYPE_UNKNOWN, buttonState=0, metaState=0, flags=0x0, edgeFlags=0x0, pointerCount=1, historySize=0, eventTime=251867, downTime=251867, deviceId=0, source=0x1002 }
08-02 16:04:09.400  4486  4486 I Input   : injectMotionEvent: MotionEvent { action=ACTION_MOVE, actionButton=0, id[0]=0, x[0]=1144.0, y[0]=112.0, toolType[0]=TOOL_TYPE_UNKNOWN, buttonState=0, metaState=0, flags=0x0, edgeFlags=0x0, pointerCount=1, historySize=0, eventTime=251884, downTime=251884, deviceId=0, source=0x1002 }
08-02 16:04:09.416  4486  4486 I Input   : injectMotionEvent: MotionEvent { action=ACTION_MOVE, actionButton=0, id[0]=0, x[0]=1144.0, y[0]=112.0, toolType[0]=TOOL_TYPE_UNKNOWN, buttonState=0, metaState=0, flags=0x0, edgeFlags=0x0, pointerCount=1, historySize=0, eventTime=251900, downTime=251900, deviceId=0, source=0x1002 }
08-02 16:04:09.434  4486  4486 I Input   : injectMotionEvent: MotionEvent { action=ACTION_MOVE, actionButton=0, id[0]=0, x[0]=1144.0, y[0]=112.0, toolType[0]=TOOL_TYPE_UNKNOWN, buttonState=0, metaState=0, flags=0x0, edgeFlags=0x0, pointerCount=1, historySize=0, eventTime=251917, downTime=251917, deviceId=0, source=0x1002 }
08-02 16:04:09.450  4486  4486 I Input   : injectMotionEvent: MotionEvent { action=ACTION_MOVE, actionButton=0, id[0]=0, x[0]=1144.0, y[0]=112.0, toolType[0]=TOOL_TYPE_UNKNOWN, buttonState=0, metaState=0, flags=0x0, edgeFlags=0x0, pointerCount=1, historySize=0, eventTime=251934, downTime=251934, deviceId=0, source=0x1002 }
08-02 16:04:09.466  4486  4486 I Input   : injectMotionEvent: MotionEvent { action=ACTION_MOVE, actionButton=0, id[0]=0, x[0]=1144.0, y[0]=112.0, toolType[0]=TOOL_TYPE_UNKNOWN, buttonState=0, metaState=0, flags=0x0, edgeFlags=0x0, pointerCount=1, historySize=0, eventTime=251950, downTime=251950, deviceId=0, source=0x1002 }
08-02 16:04:09.483  4486  4486 I Input   : injectMotionEvent: MotionEvent { action=ACTION_MOVE, actionButton=0, id[0]=0, x[0]=1144.0, y[0]=112.0, toolType[0]=TOOL_TYPE_UNKNOWN, buttonState=0, metaState=0, flags=0x0, edgeFlags=0x0, pointerCount=1, historySize=0, eventTime=251967, downTime=251967, deviceId=0, source=0x1002 }
08-02 16:04:09.500  4486  4486 I Input   : injectMotionEvent: MotionEvent { action=ACTION_MOVE, actionButton=0, id[0]=0, x[0]=1144.0, y[0]=112.0, toolType[0]=TOOL_TYPE_UNKNOWN, buttonState=0, metaState=0, flags=0x0, edgeFlags=0x0, pointerCount=1, historySize=0, eventTime=251984, downTime=251984, deviceId=0, source=0x1002 }
08-02 16:04:09.516  4486  4486 I Input   : injectMotionEvent: MotionEvent { action=ACTION_MOVE, actionButton=0, id[0]=0, x[0]=1144.0, y[0]=112.0, toolType[0]=TOOL_TYPE_UNKNOWN, buttonState=0, metaState=0, flags=0x0, edgeFlags=0x0, pointerCount=1, historySize=0, eventTime=252000, downTime=252000, deviceId=0, source=0x1002 }
08-02 16:04:09.534  4486  4486 I Input   : injectMotionEvent: MotionEvent { action=ACTION_MOVE, actionButton=0, id[0]=0, x[0]=1144.0, y[0]=112.0, toolType[0]=TOOL_TYPE_UNKNOWN, buttonState=0, metaState=0, flags=0x0, edgeFlags=0x0, pointerCount=1, historySize=0, eventTime=252018, downTime=252018, deviceId=0, source=0x1002 }
08-02 16:04:09.550  4486  4486 I Input   : injectMotionEvent: MotionEvent { action=ACTION_MOVE, actionButton=0, id[0]=0, x[0]=1144.0, y[0]=112.0, toolType[0]=TOOL_TYPE_UNKNOWN, buttonState=0, metaState=0, flags=0x0, edgeFlags=0x0, pointerCount=1, historySize=0, eventTime=252034, downTime=252034, deviceId=0, source=0x1002 }
08-02 16:04:09.568  4486  4486 I Input   : injectMotionEvent: MotionEvent { action=ACTION_MOVE, actionButton=0, id[0]=0, x[0]=1144.0, y[0]=112.0, toolType[0]=TOOL_TYPE_UNKNOWN, buttonState=0, metaState=0, flags=0x0, edgeFlags=0x0, pointerCount=1, historySize=0, eventTime=252052, downTime=252052, deviceId=0, source=0x1002 }
08-02 16:04:09.583  4486  4486 I Input   : injectMotionEvent: MotionEvent { action=ACTION_MOVE, actionButton=0, id[0]=0, x[0]=1144.0, y[0]=112.0, toolType[0]=TOOL_TYPE_UNKNOWN, buttonState=0, metaState=0, flags=0x0, edgeFlags=0x0, pointerCount=1, historySize=0, eventTime=252067, downTime=252067, deviceId=0, source=0x1002 }
08-02 16:04:09.601  4486  4486 I Input   : injectMotionEvent: MotionEvent { action=ACTION_MOVE, actionButton=0, id[0]=0, x[0]=1144.0, y[0]=112.0, toolType[0]=TOOL_TYPE_UNKNOWN, buttonState=0, metaState=0, flags=0x0, edgeFlags=0x0, pointerCount=1, historySize=0, eventTime=252085, downTime=252085, deviceId=0, source=0x1002 }
08-02 16:04:09.617  4486  4486 I Input   : injectMotionEvent: MotionEvent { action=ACTION_MOVE, actionButton=0, id[0]=0, x[0]=1144.0, y[0]=112.0, toolType[0]=TOOL_TYPE_UNKNOWN, buttonState=0, metaState=0, flags=0x0, edgeFlags=0x0, pointerCount=1, historySize=0, eventTime=252101, downTime=252101, deviceId=0, source=0x1002 }
08-02 16:04:09.633  4486  4486 I Input   : injectMotionEvent: MotionEvent { action=ACTION_MOVE, actionButton=0, id[0]=0, x[0]=1144.0, y[0]=112.0, toolType[0]=TOOL_TYPE_UNKNOWN, buttonState=0, metaState=0, flags=0x0, edgeFlags=0x0, pointerCount=1, historySize=0, eventTime=252117, downTime=252117, deviceId=0, source=0x1002 }
08-02 16:04:09.651  4486  4486 I Input   : injectMotionEvent: MotionEvent { action=ACTION_MOVE, actionButton=0, id[0]=0, x[0]=1144.0, y[0]=112.0, toolType[0]=TOOL_TYPE_UNKNOWN, buttonState=0, metaState=0, flags=0x0, edgeFlags=0x0, pointerCount=1, historySize=0, eventTime=252135, downTime=252135, deviceId=0, source=0x1002 }
08-02 16:04:09.666  4486  4486 I Input   : injectMotionEvent: MotionEvent { action=ACTION_MOVE, actionButton=0, id[0]=0, x[0]=1144.0, y[0]=112.0, toolType[0]=TOOL_TYPE_UNKNOWN, buttonState=0, metaState=0, flags=0x0, edgeFlags=0x0, pointerCount=1, historySize=0, eventTime=252150, downTime=252150, deviceId=0, source=0x1002 }
08-02 16:04:09.684  4486  4486 I Input   : injectMotionEvent: MotionEvent { action=ACTION_MOVE, actionButton=0, id[0]=0, x[0]=1144.0, y[0]=112.0, toolType[0]=TOOL_TYPE_UNKNOWN, buttonState=0, metaState=0, flags=0x0, edgeFlags=0x0, pointerCount=1, historySize=0, eventTime=252168, downTime=252168, deviceId=0, source=0x1002 }
08-02 16:04:09.701  4486  4486 I Input   : injectMotionEvent: MotionEvent { action=ACTION_MOVE, actionButton=0, id[0]=0, x[0]=1144.0, y[0]=112.0, toolType[0]=TOOL_TYPE_UNKNOWN, buttonState=0, metaState=0, flags=0x0, edgeFlags=0x0, pointerCount=1, historySize=0, eventTime=252185, downTime=252185, deviceId=0, source=0x1002 }
08-02 16:04:09.717  4486  4486 I Input   : injectMotionEvent: MotionEvent { action=ACTION_MOVE, actionButton=0, id[0]=0, x[0]=1144.0, y[0]=112.0, toolType[0]=TOOL_TYPE_UNKNOWN, buttonState=0, metaState=0, flags=0x0, edgeFlags=0x0, pointerCount=1, historySize=0, eventTime=252201, downTime=252201, deviceId=0, source=0x1002 }
08-02 16:04:09.734  4486  4486 I Input   : injectMotionEvent: MotionEvent { action=ACTION_MOVE, actionButton=0, id[0]=0, x[0]=1144.0, y[0]=112.0, toolType[0]=TOOL_TYPE_UNKNOWN, buttonState=0, metaState=0, flags=0x0, edgeFlags=0x0, pointerCount=1, historySize=0, eventTime=252218, downTime=252218, deviceId=0, source=0x1002 }
08-02 16:04:09.756  4486  4486 I Input   : injectMotionEvent: MotionEvent { action=ACTION_MOVE, actionButton=0, id[0]=0, x[0]=1144.0, y[0]=112.0, toolType[0]=TOOL_TYPE_UNKNOWN, buttonState=0, metaState=0, flags=0x0, edgeFlags=0x0, pointerCount=1, historySize=0, eventTime=252240, downTime=252240, deviceId=0, source=0x1002 }
08-02 16:04:09.767  4486  4486 I Input   : injectMotionEvent: MotionEvent { action=ACTION_MOVE, actionButton=0, id[0]=0, x[0]=1144.0, y[0]=112.0, toolType[0]=TOOL_TYPE_UNKNOWN, buttonState=0, metaState=0, flags=0x0, edgeFlags=0x0, pointerCount=1, historySize=0, eventTime=252251, downTime=252251, deviceId=0, source=0x1002 }
08-02 16:04:09.783  4486  4486 I Input   : injectMotionEvent: MotionEvent { action=ACTION_MOVE, actionButton=0, id[0]=0, x[0]=1144.0, y[0]=112.0, toolType[0]=TOOL_TYPE_UNKNOWN, buttonState=0, metaState=0, flags=0x0, edgeFlags=0x0, pointerCount=1, historySize=0, eventTime=252267, downTime=252267, deviceId=0, source=0x1002 }
08-02 16:04:09.800  4486  4486 I Input   : injectMotionEvent: MotionEvent { action=ACTION_MOVE, actionButton=0, id[0]=0, x[0]=1144.0, y[0]=112.0, toolType[0]=TOOL_TYPE_UNKNOWN, buttonState=0, metaState=0, flags=0x0, edgeFlags=0x0, pointerCount=1, historySize=0, eventTime=252284, downTime=252284, deviceId=0, source=0x1002 }
08-02 16:04:09.818  4486  4486 I Input   : injectMotionEvent: MotionEvent { action=ACTION_MOVE, actionButton=0, id[0]=0, x[0]=1144.0, y[0]=112.0, toolType[0]=TOOL_TYPE_UNKNOWN, buttonState=0, metaState=0, flags=0x0, edgeFlags=0x0, pointerCount=1, historySize=0, eventTime=252302, downTime=252302, deviceId=0, source=0x1002 }
08-02 16:04:09.833  4486  4486 I Input   : injectMotionEvent: MotionEvent { action=ACTION_MOVE, actionButton=0, id[0]=0, x[0]=1144.0, y[0]=112.0, toolType[0]=TOOL_TYPE_UNKNOWN, buttonState=0, metaState=0, flags=0x0, edgeFlags=0x0, pointerCount=1, historySize=0, eventTime=252317, downTime=252317, deviceId=0, source=0x1002 }
08-02 16:04:09.851  4486  4486 I Input   : injectMotionEvent: MotionEvent { action=ACTION_MOVE, actionButton=0, id[0]=0, x[0]=1144.0, y[0]=112.0, toolType[0]=TOOL_TYPE_UNKNOWN, buttonState=0, metaState=0, flags=0x0, edgeFlags=0x0, pointerCount=1, historySize=0, eventTime=252335, downTime=252335, deviceId=0, source=0x1002 }
08-02 16:04:09.866  4486  4486 I Input   : injectMotionEvent: MotionEvent { action=ACTION_UP, actionButton=0, id[0]=0, x[0]=1144.0, y[0]=112.0, toolType[0]=TOOL_TYPE_UNKNOWN, buttonState=0, metaState=0, flags=0x0, edgeFlags=0x0, pointerCount=1, historySize=0, eventTime=252350, downTime=252350, deviceId=0, source=0x1002 }
08-02 16:04:09.874  4486  4486 D AndroidRuntime: Shutting down VM
08-02 16:04:09.921  2038  2055 W EGL_emulation: eglSurfaceAttrib not implemented
08-02 16:04:09.921  2038  2055 W OpenGLRenderer: Failed to set EGL_SWAP_BEHAVIOR on surface 0xed6d8e60, error=EGL_SUCCESS
08-02 16:04:14.327  4824  4824 D AndroidRuntime: >>>>>> START com.android.internal.os.RuntimeInit uid 0 <<<<<<
08-02 16:04:14.329  4824  4824 D AndroidRuntime: CheckJNI is OFF
08-02 16:04:14.338  4824  4824 D ICU     : No timezone override file found: /data/misc/zoneinfo/current/icu/icu_tzdata.dat
08-02 16:04:14.349  4824  4824 E memtrack: Couldn't load memtrack module (No such file or directory)
08-02 16:04:14.349  4824  4824 E android.os.Debug: failed to load memtrack module: -2
08-02 16:04:14.350  4824  4824 I Radio-JNI: register_android_hardware_Radio DONE
08-02 16:04:14.360  4824  4824 D AndroidRuntime: Calling main entry com.android.commands.uiautomator.Launcher
08-02 16:04:15.372  4824  4824 W AccessibilityNodeInfoDumper: Fetch time: 2ms
08-02 16:04:15.372   626  1119 W WindowManager: Attempted to remove non-existing token: android.os.Binder@59680e1
08-02 16:04:15.380  4824  4824 D AndroidRuntime: Shutting down VM
08-02 16:04:16.488  4848  4848 D AndroidRuntime: >>>>>> START com.android.internal.os.RuntimeInit uid 0 <<<<<<
08-02 16:04:16.489  4848  4848 D AndroidRuntime: CheckJNI is OFF
08-02 16:04:16.499  4848  4848 D ICU     : No timezone override file found: /data/misc/zoneinfo/current/icu/icu_tzdata.dat
08-02 16:04:16.510  4848  4848 E memtrack: Couldn't load memtrack module (No such file or directory)
08-02 16:04:16.510  4848  4848 E android.os.Debug: failed to load memtrack module: -2
08-02 16:04:16.511  4848  4848 I Radio-JNI: register_android_hardware_Radio DONE
08-02 16:04:16.517  4848  4848 D AndroidRuntime: Calling main entry com.android.commands.uiautomator.Launcher
08-02 16:04:17.541  4848  4848 W AccessibilityNodeInfoDumper: Fetch time: 1ms
08-02 16:04:17.542   626  1640 W WindowManager: Attempted to remove non-existing token: android.os.Binder@b5f9e06
08-02 16:04:17.556  4848  4848 D AndroidRuntime: Shutting down VM
08-02 16:04:18.045  4866  4866 D AndroidRuntime: >>>>>> START com.android.internal.os.RuntimeInit uid 0 <<<<<<
08-02 16:04:18.047  4866  4866 D AndroidRuntime: CheckJNI is OFF
08-02 16:04:18.055  4866  4866 D ICU     : No timezone override file found: /data/misc/zoneinfo/current/icu/icu_tzdata.dat
08-02 16:04:18.067  4866  4866 E memtrack: Couldn't load memtrack module (No such file or directory)
08-02 16:04:18.067  4866  4866 E android.os.Debug: failed to load memtrack module: -2
08-02 16:04:18.068  4866  4866 I Radio-JNI: register_android_hardware_Radio DONE
08-02 16:04:18.074  4866  4866 D AndroidRuntime: Calling main entry com.android.commands.uiautomator.Launcher
08-02 16:04:19.085  4866  4866 W AccessibilityNodeInfoDumper: Fetch time: 1ms
08-02 16:04:19.085   626  1640 W WindowManager: Attempted to remove non-existing token: android.os.Binder@eef82f4
08-02 16:04:19.109  4866  4866 D AndroidRuntime: Shutting down VM
08-02 16:04:20.190  4889  4889 D AndroidRuntime: >>>>>> START com.android.internal.os.RuntimeInit uid 0 <<<<<<
08-02 16:04:20.191  4889  4889 D AndroidRuntime: CheckJNI is OFF
08-02 16:04:20.202  4889  4889 D ICU     : No timezone override file found: /data/misc/zoneinfo/current/icu/icu_tzdata.dat
08-02 16:04:20.220  4889  4889 E memtrack: Couldn't load memtrack module (No such file or directory)
08-02 16:04:20.221  4889  4889 E android.os.Debug: failed to load memtrack module: -2
08-02 16:04:20.222  4889  4889 I Radio-JNI: register_android_hardware_Radio DONE
08-02 16:04:20.232  4889  4889 D AndroidRuntime: Calling main entry com.android.commands.uiautomator.Launcher
08-02 16:04:21.252  4889  4889 W AccessibilityNodeInfoDumper: Fetch time: 1ms
08-02 16:04:21.253   626   637 W WindowManager: Attempted to remove non-existing token: android.os.Binder@2994a1d
08-02 16:04:21.263  4889  4889 D AndroidRuntime: Shutting down VM
08-02 16:04:22.440  4917  4917 D AndroidRuntime: >>>>>> START com.android.internal.os.RuntimeInit uid 0 <<<<<<
08-02 16:04:22.442  4917  4917 D AndroidRuntime: CheckJNI is OFF
08-02 16:04:22.451  4917  4917 D ICU     : No timezone override file found: /data/misc/zoneinfo/current/icu/icu_tzdata.dat
08-02 16:04:22.464  4917  4917 E memtrack: Couldn't load memtrack module (No such file or directory)
08-02 16:04:22.464  4917  4917 E android.os.Debug: failed to load memtrack module: -2
08-02 16:04:22.465  4917  4917 I Radio-JNI: register_android_hardware_Radio DONE
08-02 16:04:22.472  4917  4917 D AndroidRuntime: Calling main entry com.android.commands.uiautomator.Launcher
08-02 16:04:23.495  4917  4917 W AccessibilityNodeInfoDumper: Fetch time: 3ms
08-02 16:04:23.496   626  1119 W WindowManager: Attempted to remove non-existing token: android.os.Binder@f479492
08-02 16:04:23.512  4917  4917 D AndroidRuntime: Shutting down VM
08-02 16:04:24.641  4943  4943 D AndroidRuntime: >>>>>> START com.android.internal.os.RuntimeInit uid 0 <<<<<<
08-02 16:04:24.642  4943  4943 D AndroidRuntime: CheckJNI is OFF
08-02 16:04:24.651  4943  4943 D ICU     : No timezone override file found: /data/misc/zoneinfo/current/icu/icu_tzdata.dat
08-02 16:04:24.663  4943  4943 E memtrack: Couldn't load memtrack module (No such file or directory)
08-02 16:04:24.663  4943  4943 E android.os.Debug: failed to load memtrack module: -2
08-02 16:04:24.663  4943  4943 I Radio-JNI: register_android_hardware_Radio DONE
08-02 16:04:24.669  4943  4943 D AndroidRuntime: Calling main entry com.android.commands.uiautomator.Launcher
08-02 16:04:25.680  4943  4943 W AccessibilityNodeInfoDumper: Fetch time: 1ms
08-02 16:04:25.680   626   762 W WindowManager: Attempted to remove non-existing token: android.os.Binder@baaee63
08-02 16:04:25.706  4943  4943 D AndroidRuntime: Shutting down VM
08-02 16:04:26.695  4961  4961 D AndroidRuntime: >>>>>> START com.android.internal.os.RuntimeInit uid 0 <<<<<<
08-02 16:04:26.696  4961  4961 D AndroidRuntime: CheckJNI is OFF
08-02 16:04:26.705  4961  4961 D ICU     : No timezone override file found: /data/misc/zoneinfo/current/icu/icu_tzdata.dat
08-02 16:04:26.719  4961  4961 E memtrack: Couldn't load memtrack module (No such file or directory)
08-02 16:04:26.719  4961  4961 E android.os.Debug: failed to load memtrack module: -2
08-02 16:04:26.719  4961  4961 I Radio-JNI: register_android_hardware_Radio DONE
08-02 16:04:26.730  4961  4961 D AndroidRuntime: Calling main entry com.android.commands.uiautomator.Launcher
08-02 16:04:27.756  4961  4961 W AccessibilityNodeInfoDumper: Fetch time: 1ms
08-02 16:04:27.756   626  1097 W WindowManager: Attempted to remove non-existing token: android.os.Binder@ffbda60
08-02 16:04:27.786  4961  4961 D AndroidRuntime: Shutting down VM
08-02 16:04:28.868  4984  4984 D AndroidRuntime: >>>>>> START com.android.internal.os.RuntimeInit uid 0 <<<<<<
08-02 16:04:28.870  4984  4984 D AndroidRuntime: CheckJNI is OFF
08-02 16:04:28.878  4984  4984 D ICU     : No timezone override file found: /data/misc/zoneinfo/current/icu/icu_tzdata.dat
08-02 16:04:28.890  4984  4984 E memtrack: Couldn't load memtrack module (No such file or directory)
08-02 16:04:28.890  4984  4984 E android.os.Debug: failed to load memtrack module: -2
08-02 16:04:28.891  4984  4984 I Radio-JNI: register_android_hardware_Radio DONE
08-02 16:04:28.898  4984  4984 D AndroidRuntime: Calling main entry com.android.commands.uiautomator.Launcher
08-02 16:04:29.912  4984  4984 W AccessibilityNodeInfoDumper: Fetch time: 2ms
08-02 16:04:29.912   626   637 W WindowManager: Attempted to remove non-existing token: android.os.Binder@1056b19
08-02 16:04:29.927  4984  4984 D AndroidRuntime: Shutting down VM
08-02 16:04:30.419  5002  5002 D AndroidRuntime: >>>>>> START com.android.internal.os.RuntimeInit uid 0 <<<<<<
08-02 16:04:30.420  5002  5002 D AndroidRuntime: CheckJNI is OFF
08-02 16:04:30.429  5002  5002 D ICU     : No timezone override file found: /data/misc/zoneinfo/current/icu/icu_tzdata.dat
08-02 16:04:30.441  5002  5002 E memtrack: Couldn't load memtrack module (No such file or directory)
08-02 16:04:30.441  5002  5002 E android.os.Debug: failed to load memtrack module: -2
08-02 16:04:30.442  5002  5002 I Radio-JNI: register_android_hardware_Radio DONE
08-02 16:04:30.448  5002  5002 D AndroidRuntime: Calling main entry com.android.commands.uiautomator.Launcher
08-02 16:04:31.459  5002  5002 W AccessibilityNodeInfoDumper: Fetch time: 1ms
08-02 16:04:31.460   626  1640 W WindowManager: Attempted to remove non-existing token: android.os.Binder@9540dbf
08-02 16:04:31.471  5002  5002 D AndroidRuntime: Shutting down VM
08-02 16:04:32.561  5025  5025 D AndroidRuntime: >>>>>> START com.android.internal.os.RuntimeInit uid 0 <<<<<<
08-02 16:04:32.563  5025  5025 D AndroidRuntime: CheckJNI is OFF
08-02 16:04:32.572  5025  5025 D ICU     : No timezone override file found: /data/misc/zoneinfo/current/icu/icu_tzdata.dat
08-02 16:04:32.584  5025  5025 E memtrack: Couldn't load memtrack module (No such file or directory)
08-02 16:04:32.584  5025  5025 E android.os.Debug: failed to load memtrack module: -2
08-02 16:04:32.585  5025  5025 I Radio-JNI: register_android_hardware_Radio DONE
08-02 16:04:32.596  5025  5025 D AndroidRuntime: Calling main entry com.android.commands.uiautomator.Launcher
08-02 16:04:33.622  5025  5025 W AccessibilityNodeInfoDumper: Fetch time: 1ms
08-02 16:04:33.622   626  1097 W WindowManager: Attempted to remove non-existing token: android.os.Binder@5b43c8c
08-02 16:04:33.634  5025  5025 D AndroidRuntime: Shutting down VM
08-02 16:04:34.151  5043  5043 D AndroidRuntime: >>>>>> START com.android.internal.os.RuntimeInit uid 0 <<<<<<
08-02 16:04:34.152  5043  5043 D AndroidRuntime: CheckJNI is OFF
08-02 16:04:34.161  5043  5043 D ICU     : No timezone override file found: /data/misc/zoneinfo/current/icu/icu_tzdata.dat
08-02 16:04:34.175  5043  5043 E memtrack: Couldn't load memtrack module (No such file or directory)
08-02 16:04:34.175  5043  5043 E android.os.Debug: failed to load memtrack module: -2
08-02 16:04:34.176  5043  5043 I Radio-JNI: register_android_hardware_Radio DONE
08-02 16:04:34.182  5043  5043 D AndroidRuntime: Calling main entry com.android.commands.uiautomator.Launcher
08-02 16:04:35.197  5043  5043 W AccessibilityNodeInfoDumper: Fetch time: 1ms
08-02 16:04:35.198   626   962 W WindowManager: Attempted to remove non-existing token: android.os.Binder@8789fd5
08-02 16:04:35.209  5043  5043 D AndroidRuntime: Shutting down VM
08-02 16:04:36.280   626  1325 D NetlinkSocketObserver: NeighborEvent{elapsedMs=278764, 10.0.3.2, [525400123502], RTM_NEWNEIGH, NUD_PROBE}
08-02 16:04:36.280   626  1325 D NetlinkSocketObserver: NeighborEvent{elapsedMs=278764, 10.0.3.2, [525400123502], RTM_NEWNEIGH, NUD_REACHABLE}
08-02 16:04:36.282  5066  5066 D AndroidRuntime: >>>>>> START com.android.internal.os.RuntimeInit uid 0 <<<<<<
08-02 16:04:36.285  5066  5066 D AndroidRuntime: CheckJNI is OFF
08-02 16:04:36.295  5066  5066 D ICU     : No timezone override file found: /data/misc/zoneinfo/current/icu/icu_tzdata.dat
08-02 16:04:36.308  5066  5066 E memtrack: Couldn't load memtrack module (No such file or directory)
08-02 16:04:36.308  5066  5066 E android.os.Debug: failed to load memtrack module: -2
08-02 16:04:36.311  5066  5066 I Radio-JNI: register_android_hardware_Radio DONE
08-02 16:04:36.319  5066  5066 D AndroidRuntime: Calling main entry com.android.commands.uiautomator.Launcher
08-02 16:04:37.332  5066  5066 W AccessibilityNodeInfoDumper: Fetch time: 2ms
08-02 16:04:37.332   626   762 W WindowManager: Attempted to remove non-existing token: android.os.Binder@fcd23ea
08-02 16:04:37.343  5066  5066 D AndroidRuntime: Shutting down VM
08-02 16:04:37.836  5085  5085 D AndroidRuntime: >>>>>> START com.android.internal.os.RuntimeInit uid 0 <<<<<<
08-02 16:04:37.837  5085  5085 D AndroidRuntime: CheckJNI is OFF
08-02 16:04:37.847  5085  5085 D ICU     : No timezone override file found: /data/misc/zoneinfo/current/icu/icu_tzdata.dat
08-02 16:04:37.859  5085  5085 E memtrack: Couldn't load memtrack module (No such file or directory)
08-02 16:04:37.859  5085  5085 E android.os.Debug: failed to load memtrack module: -2
08-02 16:04:37.860  5085  5085 I Radio-JNI: register_android_hardware_Radio DONE
08-02 16:04:37.867  5085  5085 D AndroidRuntime: Calling main entry com.android.commands.uiautomator.Launcher
08-02 16:04:38.882  5085  5085 W AccessibilityNodeInfoDumper: Fetch time: 4ms
08-02 16:04:38.883   626   729 W WindowManager: Attempted to remove non-existing token: android.os.Binder@c45c6db
08-02 16:04:38.893  5085  5085 D AndroidRuntime: Shutting down VM
08-02 16:04:39.323  5098  5098 D AndroidRuntime: >>>>>> START com.android.internal.os.RuntimeInit uid 0 <<<<<<
08-02 16:04:39.325  5098  5098 D AndroidRuntime: CheckJNI is OFF
08-02 16:04:39.342  5098  5098 D ICU     : No timezone override file found: /data/misc/zoneinfo/current/icu/icu_tzdata.dat
08-02 16:04:39.358  5098  5098 E memtrack: Couldn't load memtrack module (No such file or directory)
08-02 16:04:39.358  5098  5098 E android.os.Debug: failed to load memtrack module: -2
08-02 16:04:39.359  5098  5098 I Radio-JNI: register_android_hardware_Radio DONE
08-02 16:04:39.366  5098  5098 D AndroidRuntime: Calling main entry com.android.commands.input.Input
08-02 16:04:39.369  5098  5098 I Input   : injectMotionEvent: MotionEvent { action=ACTION_DOWN, actionButton=0, id[0]=0, x[0]=980.0, y[0]=208.0, toolType[0]=TOOL_TYPE_UNKNOWN, buttonState=0, metaState=0, flags=0x0, edgeFlags=0x0, pointerCount=1, historySize=0, eventTime=281850, downTime=281850, deviceId=0, source=0x1002 }
08-02 16:04:39.372  5098  5098 I Input   : injectMotionEvent: MotionEvent { action=ACTION_UP, actionButton=0, id[0]=0, x[0]=980.0, y[0]=208.0, toolType[0]=TOOL_TYPE_UNKNOWN, buttonState=0, metaState=0, flags=0x0, edgeFlags=0x0, pointerCount=1, historySize=0, eventTime=281850, downTime=281850, deviceId=0, source=0x1002 }
08-02 16:04:39.373  5098  5098 D AndroidRuntime: Shutting down VM
08-02 16:04:39.808  2038  2055 E Surface : getSlotFromBufferLocked: unknown buffer: 0xf2c6bc30
08-02 16:04:39.822  2038  2055 D OpenGLRenderer: endAllStagingAnimators on 0xe11e6480 (av$a) with handle 0xee952db0
08-02 16:04:41.005  5121  5121 D AndroidRuntime: >>>>>> START com.android.internal.os.RuntimeInit uid 0 <<<<<<
08-02 16:04:41.007  5121  5121 D AndroidRuntime: CheckJNI is OFF
08-02 16:04:41.019  5121  5121 D ICU     : No timezone override file found: /data/misc/zoneinfo/current/icu/icu_tzdata.dat
08-02 16:04:41.033  5121  5121 E memtrack: Couldn't load memtrack module (No such file or directory)
08-02 16:04:41.033  5121  5121 E android.os.Debug: failed to load memtrack module: -2
08-02 16:04:41.034  5121  5121 I Radio-JNI: register_android_hardware_Radio DONE
