08-02 15:30:22.492  4179  4179 D AndroidRuntime: >>>>>> START com.android.internal.os.RuntimeInit uid 0 <<<<<<
08-02 15:30:22.492  4179  4179 D AndroidRuntime: CheckJNI is OFF
08-02 15:30:22.501  4179  4179 D ICU     : No timezone override file found: /data/misc/zoneinfo/current/icu/icu_tzdata.dat
08-02 15:30:22.513  4179  4179 E memtrack: Couldn't load memtrack module (No such file or directory)
08-02 15:30:22.513  4179  4179 E android.os.Debug: failed to load memtrack module: -2
08-02 15:30:22.514  4179  4179 I Radio-JNI: register_android_hardware_Radio DONE
08-02 15:30:22.520  4179  4179 D AndroidRuntime: Calling main entry com.android.commands.uiautomator.Launcher
08-02 15:30:23.534  4179  4179 W AccessibilityNodeInfoDumper: Fetch time: 2ms
08-02 15:30:23.534   626   637 W WindowManager: Attempted to remove non-existing token: android.os.Binder@931fa6
08-02 15:30:23.541  4179  4179 D AndroidRuntime: Shutting down VM
08-02 15:30:24.628  4202  4202 D AndroidRuntime: >>>>>> START com.android.internal.os.RuntimeInit uid 0 <<<<<<
08-02 15:30:24.629  4202  4202 D AndroidRuntime: CheckJNI is OFF
08-02 15:30:24.638  4202  4202 D ICU     : No timezone override file found: /data/misc/zoneinfo/current/icu/icu_tzdata.dat
08-02 15:30:24.651  4202  4202 E memtrack: Couldn't load memtrack module (No such file or directory)
08-02 15:30:24.651  4202  4202 E android.os.Debug: failed to load memtrack module: -2
08-02 15:30:24.652  4202  4202 I Radio-JNI: register_android_hardware_Radio DONE
08-02 15:30:24.657  4202  4202 D AndroidRuntime: Calling main entry com.android.commands.uiautomator.Launcher
08-02 15:30:25.670  4202  4202 W AccessibilityNodeInfoDumper: Fetch time: 2ms
08-02 15:30:25.670   626  1103 W WindowManager: Attempted to remove non-existing token: android.os.Binder@2ad3de7
08-02 15:30:25.690  4202  4202 D AndroidRuntime: Shutting down VM
08-02 15:30:26.163  4220  4220 D AndroidRuntime: >>>>>> START com.android.internal.os.RuntimeInit uid 0 <<<<<<
08-02 15:30:26.165  4220  4220 D AndroidRuntime: CheckJNI is OFF
08-02 15:30:26.173  4220  4220 D ICU     : No timezone override file found: /data/misc/zoneinfo/current/icu/icu_tzdata.dat
08-02 15:30:26.186  4220  4220 E memtrack: Couldn't load memtrack module (No such file or directory)
08-02 15:30:26.186  4220  4220 E android.os.Debug: failed to load memtrack module: -2
08-02 15:30:26.187  4220  4220 I Radio-JNI: register_android_hardware_Radio DONE
08-02 15:30:26.199  4220  4220 D AndroidRuntime: Calling main entry com.android.commands.uiautomator.Launcher
08-02 15:30:27.216  4220  4220 W AccessibilityNodeInfoDumper: Fetch time: 2ms
08-02 15:30:27.216   626   956 W WindowManager: Attempted to remove non-existing token: android.os.Binder@e55703d
08-02 15:30:27.228  4220  4220 D AndroidRuntime: Shutting down VM
08-02 15:30:27.740  4237  4237 D AndroidRuntime: >>>>>> START com.android.internal.os.RuntimeInit uid 0 <<<<<<
08-02 15:30:27.741  4237  4237 D AndroidRuntime: CheckJNI is OFF
08-02 15:30:27.751  4237  4237 D ICU     : No timezone override file found: /data/misc/zoneinfo/current/icu/icu_tzdata.dat
08-02 15:30:27.761  4237  4237 E memtrack: Couldn't load memtrack module (No such file or directory)
08-02 15:30:27.761  4237  4237 E android.os.Debug: failed to load memtrack module: -2
08-02 15:30:27.762  4237  4237 I Radio-JNI: register_android_hardware_Radio DONE
08-02 15:30:27.768  4237  4237 D AndroidRuntime: Calling main entry com.android.commands.monkey.Monkey
08-02 15:30:27.776   626   640 W BroadcastQueue: Skipping deliver [background] BroadcastRecord{5a24f00 u-1 android.net.conn.CONNECTIVITY_CHANGE} to ReceiverList{42dd339 4237 (unknown name)/0/u-1 remote:ec19032}: process crashing
08-02 15:30:27.781   626   637 I ActivityManager: START u0 {act=android.intent.action.MAIN cat=[android.intent.category.LAUNCHER] flg=0x10200000 cmp=com.iamtrk.androidexplorer/com.iamtrk.ItemListActivity} from uid 0 on display 0
08-02 15:30:27.787   626   641 D Sensors : batch handle 1, but there is no batch sensor in genymotion
08-02 15:30:27.790  4237  4237 I art     : System.exit called, status: 0
08-02 15:30:27.790  4237  4237 I AndroidRuntime: VM exiting with result code 0.
08-02 15:30:33.623  4257  4257 D AndroidRuntime: >>>>>> START com.android.internal.os.RuntimeInit uid 0 <<<<<<
08-02 15:30:33.625  4257  4257 D AndroidRuntime: CheckJNI is OFF
08-02 15:30:33.635  4257  4257 D ICU     : No timezone override file found: /data/misc/zoneinfo/current/icu/icu_tzdata.dat
08-02 15:30:33.650  4257  4257 E memtrack: Couldn't load memtrack module (No such file or directory)
08-02 15:30:33.650  4257  4257 E android.os.Debug: failed to load memtrack module: -2
08-02 15:30:33.651  4257  4257 I Radio-JNI: register_android_hardware_Radio DONE
08-02 15:30:33.657  4257  4257 D AndroidRuntime: Calling main entry com.android.commands.uiautomator.Launcher
08-02 15:30:34.669  4257  4257 W AccessibilityNodeInfoDumper: Fetch time: 1ms
08-02 15:30:34.669   626   638 W WindowManager: Attempted to remove non-existing token: android.os.Binder@4f47d7e
08-02 15:30:34.678  4257  4257 D AndroidRuntime: Shutting down VM
08-02 15:30:35.161  4275  4275 D AndroidRuntime: >>>>>> START com.android.internal.os.RuntimeInit uid 0 <<<<<<
08-02 15:30:35.162  4275  4275 D AndroidRuntime: CheckJNI is OFF
08-02 15:30:35.171  4275  4275 D ICU     : No timezone override file found: /data/misc/zoneinfo/current/icu/icu_tzdata.dat
08-02 15:30:35.185  4275  4275 E memtrack: Couldn't load memtrack module (No such file or directory)
08-02 15:30:35.185  4275  4275 E android.os.Debug: failed to load memtrack module: -2
08-02 15:30:35.186  4275  4275 I Radio-JNI: register_android_hardware_Radio DONE
08-02 15:30:35.199  4275  4275 D AndroidRuntime: Calling main entry com.android.commands.uiautomator.Launcher
08-02 15:30:36.219  4275  4275 W AccessibilityNodeInfoDumper: Fetch time: 1ms
08-02 15:30:36.220   626   638 W WindowManager: Attempted to remove non-existing token: android.os.Binder@7ca02df
08-02 15:30:36.233  4275  4275 D AndroidRuntime: Shutting down VM
08-02 15:30:36.642  4288  4288 D AndroidRuntime: >>>>>> START com.android.internal.os.RuntimeInit uid 0 <<<<<<
08-02 15:30:36.643  4288  4288 D AndroidRuntime: CheckJNI is OFF
08-02 15:30:36.654  4288  4288 D ICU     : No timezone override file found: /data/misc/zoneinfo/current/icu/icu_tzdata.dat
08-02 15:30:36.664  4288  4288 E memtrack: Couldn't load memtrack module (No such file or directory)
08-02 15:30:36.664  4288  4288 E android.os.Debug: failed to load memtrack module: -2
08-02 15:30:36.665  4288  4288 I Radio-JNI: register_android_hardware_Radio DONE
08-02 15:30:36.671  4288  4288 D AndroidRuntime: Calling main entry com.android.commands.input.Input
08-02 15:30:36.673  4288  4288 I Input   : injectMotionEvent: MotionEvent { action=ACTION_DOWN, actionButton=0, id[0]=0, x[0]=606.0, y[0]=944.0, toolType[0]=TOOL_TYPE_UNKNOWN, buttonState=0, metaState=0, flags=0x0, edgeFlags=0x0, pointerCount=1, historySize=0, eventTime=594691, downTime=594691, deviceId=0, source=0x1002 }
08-02 15:30:36.675  4288  4288 I Input   : injectMotionEvent: MotionEvent { action=ACTION_UP, actionButton=0, id[0]=0, x[0]=606.0, y[0]=944.0, toolType[0]=TOOL_TYPE_UNKNOWN, buttonState=0, metaState=0, flags=0x0, edgeFlags=0x0, pointerCount=1, historySize=0, eventTime=594691, downTime=594691, deviceId=0, source=0x1002 }
08-02 15:30:36.676  4288  4288 D AndroidRuntime: Shutting down VM
08-02 15:30:41.227  4622  4622 D AndroidRuntime: >>>>>> START com.android.internal.os.RuntimeInit uid 0 <<<<<<
08-02 15:30:41.229  4622  4622 D AndroidRuntime: CheckJNI is OFF
08-02 15:30:41.239  4622  4622 D ICU     : No timezone override file found: /data/misc/zoneinfo/current/icu/icu_tzdata.dat
08-02 15:30:41.250  4622  4622 E memtrack: Couldn't load memtrack module (No such file or directory)
08-02 15:30:41.250  4622  4622 E android.os.Debug: failed to load memtrack module: -2
08-02 15:30:41.251  4622  4622 I Radio-JNI: register_android_hardware_Radio DONE
08-02 15:30:41.258  4622  4622 D AndroidRuntime: Calling main entry com.android.commands.monkey.Monkey
08-02 15:30:41.269   626   640 W BroadcastQueue: Skipping deliver [background] BroadcastRecord{9d6f38a u-1 android.net.conn.CONNECTIVITY_CHANGE} to ReceiverList{575edfb 4622 (unknown name)/0/u-1 remote:55d5b2c}: process crashing
08-02 15:30:41.273   626   956 I ActivityManager: START u0 {act=android.intent.action.MAIN cat=[android.intent.category.LAUNCHER] flg=0x10200000 cmp=com.iamtrk.androidexplorer/com.iamtrk.ItemListActivity} from uid 0 on display 0
08-02 15:30:41.279   626   641 D Sensors : batch handle 1, but there is no batch sensor in genymotion
08-02 15:30:41.283  4622  4622 I art     : System.exit called, status: 0
08-02 15:30:41.283  4622  4622 I AndroidRuntime: VM exiting with result code 0.
08-02 15:30:47.475  4635  4635 D AndroidRuntime: >>>>>> START com.android.internal.os.RuntimeInit uid 0 <<<<<<
08-02 15:30:47.477  4635  4635 D AndroidRuntime: CheckJNI is OFF
08-02 15:30:47.490  4635  4635 D ICU     : No timezone override file found: /data/misc/zoneinfo/current/icu/icu_tzdata.dat
08-02 15:30:47.505  4635  4635 E memtrack: Couldn't load memtrack module (No such file or directory)
08-02 15:30:47.505  4635  4635 E android.os.Debug: failed to load memtrack module: -2
08-02 15:30:47.507  4635  4635 I Radio-JNI: register_android_hardware_Radio DONE
08-02 15:30:47.513  4635  4635 D AndroidRuntime: Calling main entry com.android.commands.uiautomator.Launcher
08-02 15:30:48.529  4635  4635 W AccessibilityNodeInfoDumper: Fetch time: 1ms
08-02 15:30:48.530   626  1099 W WindowManager: Attempted to remove non-existing token: android.os.Binder@cdafe18
08-02 15:30:48.542  4635  4635 D AndroidRuntime: Shutting down VM
08-02 15:30:49.637  4658  4658 D AndroidRuntime: >>>>>> START com.android.internal.os.RuntimeInit uid 0 <<<<<<
08-02 15:30:49.638  4658  4658 D AndroidRuntime: CheckJNI is OFF
08-02 15:30:49.647  4658  4658 D ICU     : No timezone override file found: /data/misc/zoneinfo/current/icu/icu_tzdata.dat
08-02 15:30:49.659  4658  4658 E memtrack: Couldn't load memtrack module (No such file or directory)
08-02 15:30:49.659  4658  4658 E android.os.Debug: failed to load memtrack module: -2
08-02 15:30:49.660  4658  4658 I Radio-JNI: register_android_hardware_Radio DONE
08-02 15:30:49.666  4658  4658 D AndroidRuntime: Calling main entry com.android.commands.uiautomator.Launcher
08-02 15:30:50.681  4658  4658 W AccessibilityNodeInfoDumper: Fetch time: 2ms
08-02 15:30:50.682   626   638 W WindowManager: Attempted to remove non-existing token: android.os.Binder@139b071
08-02 15:30:50.699  4658  4658 D AndroidRuntime: Shutting down VM
08-02 15:30:51.169  4676  4676 D AndroidRuntime: >>>>>> START com.android.internal.os.RuntimeInit uid 0 <<<<<<
08-02 15:30:51.169  4676  4676 D AndroidRuntime: CheckJNI is OFF
08-02 15:30:51.178  4676  4676 D ICU     : No timezone override file found: /data/misc/zoneinfo/current/icu/icu_tzdata.dat
08-02 15:30:51.190  4676  4676 E memtrack: Couldn't load memtrack module (No such file or directory)
08-02 15:30:51.190  4676  4676 E android.os.Debug: failed to load memtrack module: -2
08-02 15:30:51.191  4676  4676 I Radio-JNI: register_android_hardware_Radio DONE
08-02 15:30:51.198  4676  4676 D AndroidRuntime: Calling main entry com.android.commands.uiautomator.Launcher
08-02 15:30:52.210  4676  4676 W AccessibilityNodeInfoDumper: Fetch time: 1ms
08-02 15:30:52.210   626   956 W WindowManager: Attempted to remove non-existing token: android.os.Binder@22b6ed7
08-02 15:30:52.220  4676  4676 D AndroidRuntime: Shutting down VM
08-02 15:30:53.301  4699  4699 D AndroidRuntime: >>>>>> START com.android.internal.os.RuntimeInit uid 0 <<<<<<
08-02 15:30:53.302  4699  4699 D AndroidRuntime: CheckJNI is OFF
08-02 15:30:53.311  4699  4699 D ICU     : No timezone override file found: /data/misc/zoneinfo/current/icu/icu_tzdata.dat
08-02 15:30:53.325  4699  4699 E memtrack: Couldn't load memtrack module (No such file or directory)
08-02 15:30:53.325  4699  4699 E android.os.Debug: failed to load memtrack module: -2
08-02 15:30:53.326  4699  4699 I Radio-JNI: register_android_hardware_Radio DONE
08-02 15:30:53.333  4699  4699 D AndroidRuntime: Calling main entry com.android.commands.uiautomator.Launcher
08-02 15:30:54.346  4699  4699 W AccessibilityNodeInfoDumper: Fetch time: 3ms
08-02 15:30:54.347   626  1103 W WindowManager: Attempted to remove non-existing token: android.os.Binder@98de3c4
08-02 15:30:54.359  4699  4699 D AndroidRuntime: Shutting down VM
08-02 15:30:55.491  4727  4727 D AndroidRuntime: >>>>>> START com.android.internal.os.RuntimeInit uid 0 <<<<<<
08-02 15:30:55.493  4727  4727 D AndroidRuntime: CheckJNI is OFF
08-02 15:30:55.504  4727  4727 D ICU     : No timezone override file found: /data/misc/zoneinfo/current/icu/icu_tzdata.dat
08-02 15:30:55.515  4727  4727 E memtrack: Couldn't load memtrack module (No such file or directory)
08-02 15:30:55.515  4727  4727 E android.os.Debug: failed to load memtrack module: -2
08-02 15:30:55.515  4727  4727 I Radio-JNI: register_android_hardware_Radio DONE
08-02 15:30:55.522  4727  4727 D AndroidRuntime: Calling main entry com.android.commands.uiautomator.Launcher
08-02 15:30:56.540  4727  4727 W AccessibilityNodeInfoDumper: Fetch time: 0ms
08-02 15:30:56.540   626  1105 W WindowManager: Attempted to remove non-existing token: android.os.Binder@a67e2ad
08-02 15:30:56.563  4727  4727 D AndroidRuntime: Shutting down VM
08-02 15:30:57.662  4753  4753 D AndroidRuntime: >>>>>> START com.android.internal.os.RuntimeInit uid 0 <<<<<<
08-02 15:30:57.663  4753  4753 D AndroidRuntime: CheckJNI is OFF
08-02 15:30:57.672  4753  4753 D ICU     : No timezone override file found: /data/misc/zoneinfo/current/icu/icu_tzdata.dat
08-02 15:30:57.684  4753  4753 E memtrack: Couldn't load memtrack module (No such file or directory)
08-02 15:30:57.684  4753  4753 E android.os.Debug: failed to load memtrack module: -2
08-02 15:30:57.685  4753  4753 I Radio-JNI: register_android_hardware_Radio DONE
08-02 15:30:57.692  4753  4753 D AndroidRuntime: Calling main entry com.android.commands.uiautomator.Launcher
08-02 15:30:58.709  4753  4753 W AccessibilityNodeInfoDumper: Fetch time: 2ms
08-02 15:30:58.709   626  1103 W WindowManager: Attempted to remove non-existing token: android.os.Binder@41a69e2
08-02 15:30:58.721  4753  4753 D AndroidRuntime: Shutting down VM
08-02 15:30:59.186  4771  4771 D AndroidRuntime: >>>>>> START com.android.internal.os.RuntimeInit uid 0 <<<<<<
08-02 15:30:59.187  4771  4771 D AndroidRuntime: CheckJNI is OFF
08-02 15:30:59.197  4771  4771 D ICU     : No timezone override file found: /data/misc/zoneinfo/current/icu/icu_tzdata.dat
08-02 15:30:59.210  4771  4771 E memtrack: Couldn't load memtrack module (No such file or directory)
08-02 15:30:59.210  4771  4771 E android.os.Debug: failed to load memtrack module: -2
08-02 15:30:59.211  4771  4771 I Radio-JNI: register_android_hardware_Radio DONE
08-02 15:30:59.219  4771  4771 D AndroidRuntime: Calling main entry com.android.commands.uiautomator.Launcher
08-02 15:31:00.239  4771  4771 W AccessibilityNodeInfoDumper: Fetch time: 1ms
08-02 15:31:00.239   626   759 W WindowManager: Attempted to remove non-existing token: android.os.Binder@24e2173
08-02 15:31:00.262  4771  4771 D AndroidRuntime: Shutting down VM
08-02 15:31:01.381  4794  4794 D AndroidRuntime: >>>>>> START com.android.internal.os.RuntimeInit uid 0 <<<<<<
08-02 15:31:01.383  4794  4794 D AndroidRuntime: CheckJNI is OFF
08-02 15:31:01.393  4794  4794 D ICU     : No timezone override file found: /data/misc/zoneinfo/current/icu/icu_tzdata.dat
08-02 15:31:01.405  4794  4794 E memtrack: Couldn't load memtrack module (No such file or directory)
08-02 15:31:01.405  4794  4794 E android.os.Debug: failed to load memtrack module: -2
08-02 15:31:01.406  4794  4794 I Radio-JNI: register_android_hardware_Radio DONE
08-02 15:31:01.412  4794  4794 D AndroidRuntime: Calling main entry com.android.commands.uiautomator.Launcher
08-02 15:31:02.423  4794  4794 W AccessibilityNodeInfoDumper: Fetch time: 1ms
08-02 15:31:02.424   626  1099 W WindowManager: Attempted to remove non-existing token: android.os.Binder@b677830
08-02 15:31:02.435  4794  4794 D AndroidRuntime: Shutting down VM
08-02 15:31:02.932  4813  4813 D AndroidRuntime: >>>>>> START com.android.internal.os.RuntimeInit uid 0 <<<<<<
08-02 15:31:02.934  4813  4813 D AndroidRuntime: CheckJNI is OFF
08-02 15:31:02.950  4813  4813 D ICU     : No timezone override file found: /data/misc/zoneinfo/current/icu/icu_tzdata.dat
08-02 15:31:02.979  4813  4813 E memtrack: Couldn't load memtrack module (No such file or directory)
08-02 15:31:02.979  4813  4813 E android.os.Debug: failed to load memtrack module: -2
08-02 15:31:02.981  4813  4813 I Radio-JNI: register_android_hardware_Radio DONE
08-02 15:31:02.989  4813  4813 D AndroidRuntime: Calling main entry com.android.commands.uiautomator.Launcher
08-02 15:31:04.015  4813  4813 W AccessibilityNodeInfoDumper: Fetch time: 3ms
08-02 15:31:04.016   626   759 W WindowManager: Attempted to remove non-existing token: android.os.Binder@df9422e
08-02 15:31:04.034  4813  4813 D AndroidRuntime: Shutting down VM
08-02 15:31:05.188  4836  4836 D AndroidRuntime: >>>>>> START com.android.internal.os.RuntimeInit uid 0 <<<<<<
08-02 15:31:05.190  4836  4836 D AndroidRuntime: CheckJNI is OFF
08-02 15:31:05.207  4836  4836 D ICU     : No timezone override file found: /data/misc/zoneinfo/current/icu/icu_tzdata.dat
08-02 15:31:05.227  4836  4836 E memtrack: Couldn't load memtrack module (No such file or directory)
08-02 15:31:05.227  4836  4836 E android.os.Debug: failed to load memtrack module: -2
08-02 15:31:05.231  4836  4836 I Radio-JNI: register_android_hardware_Radio DONE
08-02 15:31:05.240  4836  4836 D AndroidRuntime: Calling main entry com.android.commands.uiautomator.Launcher
08-02 15:31:06.259  4836  4836 W AccessibilityNodeInfoDumper: Fetch time: 2ms
08-02 15:31:06.259   626  1099 W WindowManager: Attempted to remove non-existing token: android.os.Binder@2df61cf
08-02 15:31:06.271  4836  4836 D AndroidRuntime: Shutting down VM
08-02 15:31:06.739  4854  4854 D AndroidRuntime: >>>>>> START com.android.internal.os.RuntimeInit uid 0 <<<<<<
08-02 15:31:06.741  4854  4854 D AndroidRuntime: CheckJNI is OFF
08-02 15:31:06.755  4854  4854 D ICU     : No timezone override file found: /data/misc/zoneinfo/current/icu/icu_tzdata.dat
08-02 15:31:06.778  4854  4854 E memtrack: Couldn't load memtrack module (No such file or directory)
08-02 15:31:06.778  4854  4854 E android.os.Debug: failed to load memtrack module: -2
08-02 15:31:06.779  4854  4854 I Radio-JNI: register_android_hardware_Radio DONE
08-02 15:31:06.786  4854  4854 D AndroidRuntime: Calling main entry com.android.commands.uiautomator.Launcher
08-02 15:31:07.800  4854  4854 W AccessibilityNodeInfoDumper: Fetch time: 1ms
08-02 15:31:07.800   626  1103 W WindowManager: Attempted to remove non-existing token: android.os.Binder@e03e75c
08-02 15:31:07.807  4854  4854 D AndroidRuntime: Shutting down VM
08-02 15:31:08.309  4871  4871 D AndroidRuntime: >>>>>> START com.android.internal.os.RuntimeInit uid 0 <<<<<<
08-02 15:31:08.309  4871  4871 D AndroidRuntime: CheckJNI is OFF
08-02 15:31:08.319  4871  4871 D ICU     : No timezone override file found: /data/misc/zoneinfo/current/icu/icu_tzdata.dat
08-02 15:31:08.329  4871  4871 E memtrack: Couldn't load memtrack module (No such file or directory)
08-02 15:31:08.329  4871  4871 E android.os.Debug: failed to load memtrack module: -2
08-02 15:31:08.329  4871  4871 I Radio-JNI: register_android_hardware_Radio DONE
08-02 15:31:08.336  4871  4871 D AndroidRuntime: Calling main entry com.android.commands.monkey.Monkey
08-02 15:31:08.343   626   640 W BroadcastQueue: Skipping deliver [background] BroadcastRecord{59a4beb u-1 android.net.conn.CONNECTIVITY_CHANGE} to ReceiverList{8961d48 4871 (unknown name)/0/u-1 remote:54fba65}: process crashing
08-02 15:31:08.348   626   638 I ActivityManager: START u0 {act=android.intent.action.MAIN cat=[android.intent.category.LAUNCHER] flg=0x10200000 cmp=com.iamtrk.androidexplorer/com.iamtrk.ItemListActivity} from uid 0 on display 0
08-02 15:31:08.357   626   641 D Sensors : batch handle 1, but there is no batch sensor in genymotion
08-02 15:31:08.365  4871  4871 I art     : System.exit called, status: 0
08-02 15:31:08.365  4871  4871 I AndroidRuntime: VM exiting with result code 0.
08-02 15:31:14.226  4891  4891 D AndroidRuntime: >>>>>> START com.android.internal.os.RuntimeInit uid 0 <<<<<<
08-02 15:31:14.227  4891  4891 D AndroidRuntime: CheckJNI is OFF
08-02 15:31:14.237  4891  4891 D ICU     : No timezone override file found: /data/misc/zoneinfo/current/icu/icu_tzdata.dat
08-02 15:31:14.250  4891  4891 E memtrack: Couldn't load memtrack module (No such file or directory)
08-02 15:31:14.250  4891  4891 E android.os.Debug: failed to load memtrack module: -2
08-02 15:31:14.250  4891  4891 I Radio-JNI: register_android_hardware_Radio DONE
08-02 15:31:14.256  4891  4891 D AndroidRuntime: Calling main entry com.android.commands.uiautomator.Launcher
08-02 15:31:15.277  4891  4891 W AccessibilityNodeInfoDumper: Fetch time: 2ms
08-02 15:31:15.277   626   760 W WindowManager: Attempted to remove non-existing token: android.os.Binder@28697e1
08-02 15:31:15.287  4891  4891 D AndroidRuntime: Shutting down VM
08-02 15:31:15.837  4909  4909 D AndroidRuntime: >>>>>> START com.android.internal.os.RuntimeInit uid 0 <<<<<<
08-02 15:31:15.839  4909  4909 D AndroidRuntime: CheckJNI is OFF
08-02 15:31:15.862  4909  4909 D ICU     : No timezone override file found: /data/misc/zoneinfo/current/icu/icu_tzdata.dat
08-02 15:31:15.880  4909  4909 E memtrack: Couldn't load memtrack module (No such file or directory)
08-02 15:31:15.880  4909  4909 E android.os.Debug: failed to load memtrack module: -2
08-02 15:31:15.881  4909  4909 I Radio-JNI: register_android_hardware_Radio DONE
08-02 15:31:15.898  4909  4909 D AndroidRuntime: Calling main entry com.android.commands.uiautomator.Launcher
08-02 15:31:16.924  4909  4909 W AccessibilityNodeInfoDumper: Fetch time: 1ms
08-02 15:31:16.924   626   638 W WindowManager: Attempted to remove non-existing token: android.os.Binder@e9b6906
08-02 15:31:16.955  4909  4909 D AndroidRuntime: Shutting down VM
08-02 15:31:17.386  4922  4922 D AndroidRuntime: >>>>>> START com.android.internal.os.RuntimeInit uid 0 <<<<<<
08-02 15:31:17.388  4922  4922 D AndroidRuntime: CheckJNI is OFF
08-02 15:31:17.400  4922  4922 D ICU     : No timezone override file found: /data/misc/zoneinfo/current/icu/icu_tzdata.dat
08-02 15:31:17.413  4922  4922 E memtrack: Couldn't load memtrack module (No such file or directory)
08-02 15:31:17.413  4922  4922 E android.os.Debug: failed to load memtrack module: -2
08-02 15:31:17.414  4922  4922 I Radio-JNI: register_android_hardware_Radio DONE
08-02 15:31:17.428  4922  4922 D AndroidRuntime: Calling main entry com.android.commands.input.Input
08-02 15:31:17.437  4922  4922 I Input   : injectMotionEvent: MotionEvent { action=ACTION_DOWN, actionButton=0, id[0]=0, x[0]=896.0, y[0]=1062.0, toolType[0]=TOOL_TYPE_UNKNOWN, buttonState=0, metaState=0, flags=0x0, edgeFlags=0x0, pointerCount=1, historySize=0, eventTime=635449, downTime=635449, deviceId=0, source=0x1002 }
08-02 15:31:17.448  4922  4922 I Input   : injectMotionEvent: MotionEvent { action=ACTION_UP, actionButton=0, id[0]=0, x[0]=896.0, y[0]=1062.0, toolType[0]=TOOL_TYPE_UNKNOWN, buttonState=0, metaState=0, flags=0x0, edgeFlags=0x0, pointerCount=1, historySize=0, eventTime=635449, downTime=635449, deviceId=0, source=0x1002 }
08-02 15:31:17.449  4922  4922 D AndroidRuntime: Shutting down VM
08-02 15:31:17.483  3369  3369 D leak-2-4: 2
08-02 15:31:17.483  3369  3369 D leak-4-4: 4
08-02 15:31:17.483  3369  3369 D leak-6-4: Eastern Standard Time
08-02 15:31:17.483  3369  3369 D leak-7-4: Eastern Standard Time
08-02 15:31:17.483  3369  3369 D leak-8-4: 8
08-02 15:31:17.484  3369  3369 D leak-10-4: 10
08-02 15:31:17.484  3369  3369 D leak-13-4: 13
08-02 15:31:17.484  3369  3369 D leak-14-4: 14
08-02 15:31:17.510  3369  3369 I AppCompatDelegate: The Activity's LayoutInflater already has a Factory installed so we can not install AppCompat's
08-02 15:31:17.550  1979  1993 E Surface : getSlotFromBufferLocked: unknown buffer: 0xf3dd5170
08-02 15:31:17.584  1979  1993 D OpenGLRenderer: endAllStagingAnimators on 0xf3d9b780 (RippleDrawable) with handle 0xeebd2fa0
08-02 15:31:17.618  3369  3383 W EGL_emulation: eglSurfaceAttrib not implemented
08-02 15:31:17.618  3369  3383 W OpenGLRenderer: Failed to set EGL_SWAP_BEHAVIOR on surface 0xeece4980, error=EGL_SUCCESS
08-02 15:31:17.814   397   397 W SurfaceFlinger: couldn't log to binary event log: overflow.
08-02 15:31:22.543  5259  5259 D AndroidRuntime: >>>>>> START com.android.internal.os.RuntimeInit uid 0 <<<<<<
08-02 15:31:22.544  5259  5259 D AndroidRuntime: CheckJNI is OFF
08-02 15:31:22.558  5259  5259 D ICU     : No timezone override file found: /data/misc/zoneinfo/current/icu/icu_tzdata.dat
08-02 15:31:22.583  5259  5259 E memtrack: Couldn't load memtrack module (No such file or directory)
08-02 15:31:22.583  5259  5259 E android.os.Debug: failed to load memtrack module: -2
08-02 15:31:22.585  5259  5259 I Radio-JNI: register_android_hardware_Radio DONE
08-02 15:31:22.594  5259  5259 D AndroidRuntime: Calling main entry com.android.commands.uiautomator.Launcher
08-02 15:31:23.605  5259  5259 W AccessibilityNodeInfoDumper: Fetch time: 2ms
08-02 15:31:23.606   626   638 W WindowManager: Attempted to remove non-existing token: android.os.Binder@54efeea
08-02 15:31:23.622  5259  5259 D AndroidRuntime: Shutting down VM
08-02 15:31:24.709  5282  5282 D AndroidRuntime: >>>>>> START com.android.internal.os.RuntimeInit uid 0 <<<<<<
08-02 15:31:24.710  5282  5282 D AndroidRuntime: CheckJNI is OFF
08-02 15:31:24.718  5282  5282 D ICU     : No timezone override file found: /data/misc/zoneinfo/current/icu/icu_tzdata.dat
08-02 15:31:24.730  5282  5282 E memtrack: Couldn't load memtrack module (No such file or directory)
08-02 15:31:24.730  5282  5282 E android.os.Debug: failed to load memtrack module: -2
08-02 15:31:24.731  5282  5282 I Radio-JNI: register_android_hardware_Radio DONE
08-02 15:31:24.742  5282  5282 D AndroidRuntime: Calling main entry com.android.commands.uiautomator.Launcher
08-02 15:31:25.760  5282  5282 W AccessibilityNodeInfoDumper: Fetch time: 2ms
08-02 15:31:25.760   626  1331 W WindowManager: Attempted to remove non-existing token: android.os.Binder@aaf6878
08-02 15:31:25.784  5282  5282 D AndroidRuntime: Shutting down VM
08-02 15:31:26.282  5299  5299 D AndroidRuntime: >>>>>> START com.android.internal.os.RuntimeInit uid 0 <<<<<<
08-02 15:31:26.283  5299  5299 D AndroidRuntime: CheckJNI is OFF
08-02 15:31:26.293  5299  5299 D ICU     : No timezone override file found: /data/misc/zoneinfo/current/icu/icu_tzdata.dat
08-02 15:31:26.306  5299  5299 E memtrack: Couldn't load memtrack module (No such file or directory)
08-02 15:31:26.306  5299  5299 E android.os.Debug: failed to load memtrack module: -2
08-02 15:31:26.306  5299  5299 I Radio-JNI: register_android_hardware_Radio DONE
08-02 15:31:26.312  5299  5299 D AndroidRuntime: Calling main entry com.android.commands.uiautomator.Launcher
08-02 15:31:27.350  5299  5299 W AccessibilityNodeInfoDumper: Fetch time: 2ms
08-02 15:31:27.350   626  1331 W WindowManager: Attempted to remove non-existing token: android.os.Binder@3543b51
08-02 15:31:27.361  5299  5299 D AndroidRuntime: Shutting down VM
08-02 15:31:28.445  5322  5322 D AndroidRuntime: >>>>>> START com.android.internal.os.RuntimeInit uid 0 <<<<<<
08-02 15:31:28.446  5322  5322 D AndroidRuntime: CheckJNI is OFF
08-02 15:31:28.455  5322  5322 D ICU     : No timezone override file found: /data/misc/zoneinfo/current/icu/icu_tzdata.dat
08-02 15:31:28.467  5322  5322 E memtrack: Couldn't load memtrack module (No such file or directory)
08-02 15:31:28.467  5322  5322 E android.os.Debug: failed to load memtrack module: -2
08-02 15:31:28.469  5322  5322 I Radio-JNI: register_android_hardware_Radio DONE
08-02 15:31:28.475  5322  5322 D AndroidRuntime: Calling main entry com.android.commands.uiautomator.Launcher
08-02 15:31:29.495  5322  5322 W AccessibilityNodeInfoDumper: Fetch time: 2ms
08-02 15:31:29.495   626   638 W WindowManager: Attempted to remove non-existing token: android.os.Binder@6961fb6
08-02 15:31:29.516  5322  5322 D AndroidRuntime: Shutting down VM
08-02 15:31:30.679  5349  5349 D AndroidRuntime: >>>>>> START com.android.internal.os.RuntimeInit uid 0 <<<<<<
08-02 15:31:30.681  5349  5349 D AndroidRuntime: CheckJNI is OFF
08-02 15:31:30.693  5349  5349 D ICU     : No timezone override file found: /data/misc/zoneinfo/current/icu/icu_tzdata.dat
08-02 15:31:30.706  5349  5349 E memtrack: Couldn't load memtrack module (No such file or directory)
08-02 15:31:30.706  5349  5349 E android.os.Debug: failed to load memtrack module: -2
08-02 15:31:30.706  5349  5349 I Radio-JNI: register_android_hardware_Radio DONE
08-02 15:31:30.717  5349  5349 D AndroidRuntime: Calling main entry com.android.commands.uiautomator.Launcher
08-02 15:31:31.732  5349  5349 W AccessibilityNodeInfoDumper: Fetch time: 1ms
08-02 15:31:31.732   626  1099 W WindowManager: Attempted to remove non-existing token: android.os.Binder@85924b7
08-02 15:31:31.740  5349  5349 D AndroidRuntime: Shutting down VM
08-02 15:31:32.852  5374  5374 D AndroidRuntime: >>>>>> START com.android.internal.os.RuntimeInit uid 0 <<<<<<
08-02 15:31:32.854  5374  5374 D AndroidRuntime: CheckJNI is OFF
08-02 15:31:32.862  5374  5374 D ICU     : No timezone override file found: /data/misc/zoneinfo/current/icu/icu_tzdata.dat
08-02 15:31:32.874  5374  5374 E memtrack: Couldn't load memtrack module (No such file or directory)
08-02 15:31:32.874  5374  5374 E android.os.Debug: failed to load memtrack module: -2
08-02 15:31:32.875  5374  5374 I Radio-JNI: register_android_hardware_Radio DONE
08-02 15:31:32.881  5374  5374 D AndroidRuntime: Calling main entry com.android.commands.uiautomator.Launcher
08-02 15:31:33.899  5374  5374 W AccessibilityNodeInfoDumper: Fetch time: 2ms
08-02 15:31:33.899   626  1099 W WindowManager: Attempted to remove non-existing token: android.os.Binder@a503b8d
08-02 15:31:33.909  5374  5374 D AndroidRuntime: Shutting down VM
08-02 15:31:34.403  5391  5391 D AndroidRuntime: >>>>>> START com.android.internal.os.RuntimeInit uid 0 <<<<<<
08-02 15:31:34.405  5391  5391 D AndroidRuntime: CheckJNI is OFF
08-02 15:31:34.415  5391  5391 D ICU     : No timezone override file found: /data/misc/zoneinfo/current/icu/icu_tzdata.dat
08-02 15:31:34.427  5391  5391 E memtrack: Couldn't load memtrack module (No such file or directory)
08-02 15:31:34.427  5391  5391 E android.os.Debug: failed to load memtrack module: -2
08-02 15:31:34.428  5391  5391 I Radio-JNI: register_android_hardware_Radio DONE
08-02 15:31:34.433  5391  5391 D AndroidRuntime: Calling main entry com.android.commands.uiautomator.Launcher
08-02 15:31:35.456  5391  5391 W AccessibilityNodeInfoDumper: Fetch time: 5ms
08-02 15:31:35.457   626  1099 W WindowManager: Attempted to remove non-existing token: android.os.Binder@25c8142
08-02 15:31:35.469  5391  5391 D AndroidRuntime: Shutting down VM
08-02 15:31:36.580  5414  5414 D AndroidRuntime: >>>>>> START com.android.internal.os.RuntimeInit uid 0 <<<<<<
08-02 15:31:36.582  5414  5414 D AndroidRuntime: CheckJNI is OFF
08-02 15:31:36.591  5414  5414 D ICU     : No timezone override file found: /data/misc/zoneinfo/current/icu/icu_tzdata.dat
08-02 15:31:36.602  5414  5414 E memtrack: Couldn't load memtrack module (No such file or directory)
08-02 15:31:36.602  5414  5414 E android.os.Debug: failed to load memtrack module: -2
08-02 15:31:36.603  5414  5414 I Radio-JNI: register_android_hardware_Radio DONE
08-02 15:31:36.608  5414  5414 D AndroidRuntime: Calling main entry com.android.commands.uiautomator.Launcher
08-02 15:31:37.624  5414  5414 W AccessibilityNodeInfoDumper: Fetch time: 1ms
08-02 15:31:37.624   626  1103 W WindowManager: Attempted to remove non-existing token: android.os.Binder@bd15553
08-02 15:31:37.634  5414  5414 D AndroidRuntime: Shutting down VM
08-02 15:31:38.102  5431  5431 D AndroidRuntime: >>>>>> START com.android.internal.os.RuntimeInit uid 0 <<<<<<
08-02 15:31:38.103  5431  5431 D AndroidRuntime: CheckJNI is OFF
08-02 15:31:38.113  5431  5431 D ICU     : No timezone override file found: /data/misc/zoneinfo/current/icu/icu_tzdata.dat
08-02 15:31:38.130  5431  5431 E memtrack: Couldn't load memtrack module (No such file or directory)
08-02 15:31:38.130  5431  5431 E android.os.Debug: failed to load memtrack module: -2
08-02 15:31:38.132  5431  5431 I Radio-JNI: register_android_hardware_Radio DONE
08-02 15:31:38.141  5431  5431 D AndroidRuntime: Calling main entry com.android.commands.uiautomator.Launcher
08-02 15:31:39.159  5431  5431 W AccessibilityNodeInfoDumper: Fetch time: 2ms
08-02 15:31:39.159   626   956 W WindowManager: Attempted to remove non-existing token: android.os.Binder@152ce90
08-02 15:31:39.173  5431  5431 D AndroidRuntime: Shutting down VM
08-02 15:31:40.288  5454  5454 D AndroidRuntime: >>>>>> START com.android.internal.os.RuntimeInit uid 0 <<<<<<
08-02 15:31:40.289  5454  5454 D AndroidRuntime: CheckJNI is OFF
08-02 15:31:40.301  5454  5454 D ICU     : No timezone override file found: /data/misc/zoneinfo/current/icu/icu_tzdata.dat
08-02 15:31:40.316  5454  5454 E memtrack: Couldn't load memtrack module (No such file or directory)
08-02 15:31:40.316  5454  5454 E android.os.Debug: failed to load memtrack module: -2
08-02 15:31:40.318  5454  5454 I Radio-JNI: register_android_hardware_Radio DONE
08-02 15:31:40.327  5454  5454 D AndroidRuntime: Calling main entry com.android.commands.uiautomator.Launcher
08-02 15:31:41.349  5454  5454 W AccessibilityNodeInfoDumper: Fetch time: 1ms
08-02 15:31:41.350   626  1105 W WindowManager: Attempted to remove non-existing token: android.os.Binder@e920389
08-02 15:31:41.356  5454  5454 D AndroidRuntime: Shutting down VM
08-02 15:31:41.834  5471  5471 D AndroidRuntime: >>>>>> START com.android.internal.os.RuntimeInit uid 0 <<<<<<
08-02 15:31:41.837  5471  5471 D AndroidRuntime: CheckJNI is OFF
08-02 15:31:41.849  5471  5471 D ICU     : No timezone override file found: /data/misc/zoneinfo/current/icu/icu_tzdata.dat
08-02 15:31:41.862  5471  5471 E memtrack: Couldn't load memtrack module (No such file or directory)
08-02 15:31:41.862  5471  5471 E android.os.Debug: failed to load memtrack module: -2
08-02 15:31:41.863  5471  5471 I Radio-JNI: register_android_hardware_Radio DONE
08-02 15:31:41.869  5471  5471 D AndroidRuntime: Calling main entry com.android.commands.uiautomator.Launcher
08-02 15:31:42.889  5471  5471 W AccessibilityNodeInfoDumper: Fetch time: 2ms
08-02 15:31:42.889   626   956 W WindowManager: Attempted to remove non-existing token: android.os.Binder@6356f8e
08-02 15:31:42.905  5471  5471 D AndroidRuntime: Shutting down VM
08-02 15:31:43.979  5495  5495 D AndroidRuntime: >>>>>> START com.android.internal.os.RuntimeInit uid 0 <<<<<<
08-02 15:31:43.981  5495  5495 D AndroidRuntime: CheckJNI is OFF
08-02 15:31:43.995  5495  5495 D ICU     : No timezone override file found: /data/misc/zoneinfo/current/icu/icu_tzdata.dat
08-02 15:31:44.012  5495  5495 E memtrack: Couldn't load memtrack module (No such file or directory)
08-02 15:31:44.012  5495  5495 E android.os.Debug: failed to load memtrack module: -2
08-02 15:31:44.013  5495  5495 I Radio-JNI: register_android_hardware_Radio DONE
08-02 15:31:44.024  5495  5495 D AndroidRuntime: Calling main entry com.android.commands.uiautomator.Launcher
08-02 15:31:45.040  5495  5495 W AccessibilityNodeInfoDumper: Fetch time: 1ms
08-02 15:31:45.040   626   637 W WindowManager: Attempted to remove non-existing token: android.os.Binder@8be43bc
08-02 15:31:45.050  5495  5495 D AndroidRuntime: Shutting down VM
08-02 15:31:45.550  5512  5512 D AndroidRuntime: >>>>>> START com.android.internal.os.RuntimeInit uid 0 <<<<<<
08-02 15:31:45.551  5512  5512 D AndroidRuntime: CheckJNI is OFF
08-02 15:31:45.566  5512  5512 D ICU     : No timezone override file found: /data/misc/zoneinfo/current/icu/icu_tzdata.dat
08-02 15:31:45.579  5512  5512 E memtrack: Couldn't load memtrack module (No such file or directory)
08-02 15:31:45.579  5512  5512 E android.os.Debug: failed to load memtrack module: -2
08-02 15:31:45.580  5512  5512 I Radio-JNI: register_android_hardware_Radio DONE
08-02 15:31:45.586  5512  5512 D AndroidRuntime: Calling main entry com.android.commands.uiautomator.Launcher
08-02 15:31:46.599  5512  5512 W AccessibilityNodeInfoDumper: Fetch time: 2ms
08-02 15:31:46.600   626   759 W WindowManager: Attempted to remove non-existing token: android.os.Binder@10e4f45
08-02 15:31:46.615  5512  5512 D AndroidRuntime: Shutting down VM
08-02 15:31:47.150  5525  5525 D AndroidRuntime: >>>>>> START com.android.internal.os.RuntimeInit uid 0 <<<<<<
08-02 15:31:47.151  5525  5525 D AndroidRuntime: CheckJNI is OFF
08-02 15:31:47.166  5525  5525 D ICU     : No timezone override file found: /data/misc/zoneinfo/current/icu/icu_tzdata.dat
08-02 15:31:47.187  5525  5525 E memtrack: Couldn't load memtrack module (No such file or directory)
08-02 15:31:47.188  5525  5525 E android.os.Debug: failed to load memtrack module: -2
08-02 15:31:47.189  5525  5525 I Radio-JNI: register_android_hardware_Radio DONE
08-02 15:31:47.197  5525  5525 D AndroidRuntime: Calling main entry com.android.commands.input.Input
08-02 15:31:47.198  5525  5525 I Input   : injectMotionEvent: MotionEvent { action=ACTION_DOWN, actionButton=0, id[0]=0, x[0]=959.0, y[0]=1029.0, toolType[0]=TOOL_TYPE_UNKNOWN, buttonState=0, metaState=0, flags=0x0, edgeFlags=0x0, pointerCount=1, historySize=0, eventTime=665217, downTime=665217, deviceId=0, source=0x1002 }
08-02 15:31:47.201  5525  5525 I Input   : injectMotionEvent: MotionEvent { action=ACTION_UP, actionButton=0, id[0]=0, x[0]=959.0, y[0]=1029.0, toolType[0]=TOOL_TYPE_UNKNOWN, buttonState=0, metaState=0, flags=0x0, edgeFlags=0x0, pointerCount=1, historySize=0, eventTime=665217, downTime=665217, deviceId=0, source=0x1002 }
08-02 15:31:47.201  5525  5525 D AndroidRuntime: Shutting down VM
08-02 15:31:47.215  3369  3369 D leak-2-8: Eastern Standard Time
08-02 15:31:47.215  3369  3369 D leak-4-8: Eastern Standard Time
08-02 15:31:47.215  3369  3369 D leak-6-8: Eastern Standard Time
08-02 15:31:47.215  3369  3369 D leak-7-8: Eastern Standard Time
08-02 15:31:47.215  3369  3369 D leak-8-8: Eastern Standard Time
08-02 15:31:47.215  3369  3369 D leak-10-8: 10
08-02 15:31:47.215  3369  3369 D leak-13-8: 13
08-02 15:31:47.215  3369  3369 D leak-14-8: 14
08-02 15:31:47.221  3369  3369 I ConfigItem: Config: {1.0 310mcc270mnc en_US ldltr sw600dp w600dp h888dp 320dpi lrg port finger -keyb/v/h dpad/v s.7}
08-02 15:31:47.221  3369  3369 I ConfigItem: fontScale: 1.00000
08-02 15:31:47.221  3369  3369 I ConfigItem: hardKeyboardHidden: 2
08-02 15:31:47.221  3369  3369 I ConfigItem: keyboard: 1
08-02 15:31:47.221  3369  3369 I ConfigItem: keyboardHidden: 1
08-02 15:31:47.221  3369  3369 I ConfigItem: locale: en_US
08-02 15:31:47.221  3369  3369 I ConfigItem: mcc: 310
08-02 15:31:47.221  3369  3369 I ConfigItem: mnc: 270
08-02 15:31:47.221  3369  3369 I ConfigItem: navigation: 2
08-02 15:31:47.221  3369  3369 I ConfigItem: navigationHidden: 1
08-02 15:31:47.221  3369  3369 I ConfigItem: orientation: 1
08-02 15:31:47.221  3369  3369 I ConfigItem: screenHeightDp: 888
08-02 15:31:47.221  3369  3369 I ConfigItem: screenLayout: 0x10000153
08-02 15:31:47.221  3369  3369 I ConfigItem: screenWidthDp: 600
08-02 15:31:47.221  3369  3369 I ConfigItem: smallestScreenWidthDp: 600
08-02 15:31:47.221  3369  3369 I ConfigItem: touchscreen: 3
08-02 15:31:47.221  3369  3369 I ConfigItem: uiMode: UI_MODE_TYPE_NORMAL|UI_MODE_NIGHT_NO
08-02 15:31:47.232  3369  3369 D leak-40-93: 40
08-02 15:31:47.233  3369  3369 D leak-42-93: 42
08-02 15:31:47.233  3369  3369 D leak-43-93: Eastern Standard Time
08-02 15:31:47.233  3369  3369 D leak-44-93: 44
08-02 15:31:47.233  3369  3369 D leak-46-93: 46
08-02 15:31:47.233  3369  3369 D leak-47-93: 47
08-02 15:31:47.233  3369  3369 D leak-48-93: 48
08-02 15:31:47.233  3369  3369 D leak-49-93: 49
08-02 15:31:47.233  3369  3369 D leak-50-93: 50
08-02 15:31:47.233  3369  3369 D leak-51-93: 51
08-02 15:31:47.233  3369  3369 D leak-40-93: 40
08-02 15:31:47.233  3369  3369 D leak-42-93: 42
08-02 15:31:47.233  3369  3369 D leak-43-93: Eastern Standard Time
08-02 15:31:47.233  3369  3369 D leak-44-93: 44
08-02 15:31:47.233  3369  3369 D leak-46-93: 46
08-02 15:31:47.233  3369  3369 D leak-47-93: 47
08-02 15:31:47.233  3369  3369 D leak-48-93: 48
08-02 15:31:47.233  3369  3369 D leak-49-93: 49
08-02 15:31:47.233  3369  3369 D leak-50-93: 50
08-02 15:31:47.233  3369  3369 D leak-51-93: 51
08-02 15:31:47.233  3369  3369 D leak-40-96: 40
08-02 15:31:47.233  3369  3369 D leak-42-96: 42
08-02 15:31:47.233  3369  3369 D leak-43-96: Eastern Standard Time
08-02 15:31:47.233  3369  3369 D leak-44-96: 44
08-02 15:31:47.233  3369  3369 D leak-46-96: 46
08-02 15:31:47.233  3369  3369 D leak-47-96: 47
08-02 15:31:47.233  3369  3369 D leak-48-96: 48
08-02 15:31:47.233  3369  3369 D leak-49-96: 49
08-02 15:31:47.233  3369  3369 D leak-50-96: 50
08-02 15:31:47.233  3369  3369 D leak-51-96: 51
08-02 15:31:47.233  3369  3369 D leak-40-96: 40
08-02 15:31:47.233  3369  3369 D leak-42-96: 42
08-02 15:31:47.233  3369  3369 D leak-43-96: Eastern Standard Time
08-02 15:31:47.233  3369  3369 D leak-44-96: 44
08-02 15:31:47.233  3369  3369 D leak-46-96: 46
08-02 15:31:47.233  3369  3369 D leak-47-96: 47
08-02 15:31:47.233  3369  3369 D leak-48-96: 48
08-02 15:31:47.233  3369  3369 D leak-49-96: 49
08-02 15:31:47.233  3369  3369 D leak-50-96: 50
08-02 15:31:47.233  3369  3369 D leak-51-96: 51
08-02 15:31:47.234  3369  3369 D leak-40-94: 40
08-02 15:31:47.234  3369  3369 D leak-42-94: 42
08-02 15:31:47.234  3369  3369 D leak-43-94: Eastern Standard Time
08-02 15:31:47.234  3369  3369 D leak-44-94: Eastern Standard Time
08-02 15:31:47.234  3369  3369 D leak-46-94: 46
08-02 15:31:47.234  3369  3369 D leak-47-94: 47
08-02 15:31:47.234  3369  3369 D leak-48-94: Eastern Standard Time
08-02 15:31:47.234  3369  3369 D leak-49-94: 49
08-02 15:31:47.234  3369  3369 D leak-50-94: 50
08-02 15:31:47.234  3369  3369 D leak-51-94: 51
08-02 15:31:47.234  3369  3369 D leak-40-94: 40
08-02 15:31:47.234  3369  3369 D leak-42-94: 42
08-02 15:31:47.234  3369  3369 D leak-43-94: Eastern Standard Time
08-02 15:31:47.234  3369  3369 D leak-44-94: Eastern Standard Time
08-02 15:31:47.234  3369  3369 D leak-46-94: 46
08-02 15:31:47.234  3369  3369 D leak-47-94: 47
08-02 15:31:47.234  3369  3369 D leak-48-94: Eastern Standard Time
08-02 15:31:47.234  3369  3369 D leak-49-94: 49
08-02 15:31:47.234  3369  3369 D leak-50-94: 50
08-02 15:31:47.234  3369  3369 D leak-51-94: 51
08-02 15:31:47.284  3369  3369 D leak-15-10: Eastern Standard Time
08-02 15:31:47.284  3369  3369 D leak-16-10: 16
08-02 15:31:47.284  3369  3369 D leak-17-10: 17
08-02 15:31:47.284  3369  3369 D leak-18-10: 18
08-02 15:31:47.284  3369  3369 D leak-19-10: 19
08-02 15:31:47.284  3369  3369 D leak-15-14: Eastern Standard Time
08-02 15:31:47.284  3369  3369 D leak-16-14: 16
08-02 15:31:47.284  3369  3369 D leak-17-14: 17
08-02 15:31:47.284  3369  3369 D leak-18-14: 18
08-02 15:31:47.284  3369  3369 D leak-19-14: 19
08-02 15:31:47.285  3369  3369 D leak-23-79: 23
08-02 15:31:47.285  3369  3369 D leak-24-79: 24
08-02 15:31:47.285  3369  3369 D leak-25-79: Eastern Standard Time
08-02 15:31:47.285  3369  3369 D leak-27-79: 27
08-02 15:31:47.285  3369  3369 D leak-28-79: 28
08-02 15:31:47.285  3369  3369 D leak-29-79: 29
08-02 15:31:47.285  3369  3369 D leak-30-79: 30
08-02 15:31:47.285  3369  3369 D leak-24-79: 24
08-02 15:31:47.285  3369  3369 D leak-25-79: Eastern Standard Time
08-02 15:31:47.285  3369  3369 D leak-27-79: 27
08-02 15:31:47.285  3369  3369 D leak-28-79: 28
08-02 15:31:47.285  3369  3369 D leak-29-79: 29
08-02 15:31:47.285  3369  3369 D leak-30-79: 30
08-02 15:31:47.285  3369  3369 D leak-40-95: 40
08-02 15:31:47.285  3369  3369 D leak-42-95: 42
08-02 15:31:47.285  3369  3369 D leak-43-95: Eastern Standard Time
08-02 15:31:47.285  3369  3369 D leak-44-95: Eastern Standard Time
08-02 15:31:47.285  3369  3369 D leak-46-95: 46
08-02 15:31:47.285  3369  3369 D leak-47-95: 47
08-02 15:31:47.285  3369  3369 D leak-48-95: Eastern Standard Time
08-02 15:31:47.285  3369  3369 D leak-49-95: 49
08-02 15:31:47.285  3369  3369 D leak-50-95: 50
08-02 15:31:47.285  3369  3369 D leak-51-95: 51
08-02 15:31:47.285  3369  3369 D leak-40-95: 40
08-02 15:31:47.285  3369  3369 D leak-42-95: 42
08-02 15:31:47.285  3369  3369 D leak-43-95: Eastern Standard Time
08-02 15:31:47.285  3369  3369 D leak-44-95: Eastern Standard Time
08-02 15:31:47.285  3369  3369 D leak-46-95: 46
08-02 15:31:47.285  3369  3369 D leak-47-95: 47
08-02 15:31:47.285  3369  3369 D leak-48-95: Eastern Standard Time
08-02 15:31:47.285  3369  3369 D leak-49-95: 49
08-02 15:31:47.285  3369  3369 D leak-50-95: 50
08-02 15:31:47.285  3369  3369 D leak-51-95: 51
08-02 15:31:47.286  3369  3369 D leak-20-75: Eastern Standard Time
08-02 15:31:47.286  3369  3369 D leak-21-75: 21
08-02 15:31:47.286  3369  3369 D leak-22-75: 22
08-02 15:31:47.286  3369  3369 D leak-31-83: Eastern Standard Time
08-02 15:31:47.286  3369  3369 D leak-32-83: 32
08-02 15:31:47.286  3369  3369 D leak-33-83: 33
08-02 15:31:47.286  3369  3369 D AndroidRuntime: Shutting down VM
08-02 15:31:47.286  3369  3369 E AndroidRuntime: FATAL EXCEPTION: main
08-02 15:31:47.286  3369  3369 E AndroidRuntime: Process: com.iamtrk.androidexplorer, PID: 3369
08-02 15:31:47.286  3369  3369 E AndroidRuntime: java.lang.RuntimeException: java.io.FileNotFoundException: /sys/devices/system/cpu/cpu0/cpufreq/scaling_cur_freq: open failed: ENOENT (No such file or directory)
08-02 15:31:47.286  3369  3369 E AndroidRuntime: 	at com.iamtrk.a.c.<init>(Unknown Source)
08-02 15:31:47.286  3369  3369 E AndroidRuntime: 	at com.iamtrk.ItemListActivity.k(Unknown Source)
08-02 15:31:47.286  3369  3369 E AndroidRuntime: 	at com.iamtrk.ItemListActivity$1.onClick(Unknown Source)
08-02 15:31:47.286  3369  3369 E AndroidRuntime: 	at android.support.v7.a.b$b.handleMessage(Unknown Source)
08-02 15:31:47.286  3369  3369 E AndroidRuntime: 	at android.os.Handler.dispatchMessage(Handler.java:102)
08-02 15:31:47.286  3369  3369 E AndroidRuntime: 	at android.os.Looper.loop(Looper.java:148)
08-02 15:31:47.286  3369  3369 E AndroidRuntime: 	at android.app.ActivityThread.main(ActivityThread.java:5417)
08-02 15:31:47.286  3369  3369 E AndroidRuntime: 	at java.lang.reflect.Method.invoke(Native Method)
08-02 15:31:47.286  3369  3369 E AndroidRuntime: 	at com.android.internal.os.ZygoteInit$MethodAndArgsCaller.run(ZygoteInit.java:726)
08-02 15:31:47.286  3369  3369 E AndroidRuntime: 	at com.android.internal.os.ZygoteInit.main(ZygoteInit.java:616)
08-02 15:31:47.286  3369  3369 E AndroidRuntime: Caused by: java.io.FileNotFoundException: /sys/devices/system/cpu/cpu0/cpufreq/scaling_cur_freq: open failed: ENOENT (No such file or directory)
08-02 15:31:47.286  3369  3369 E AndroidRuntime: 	at libcore.io.IoBridge.open(IoBridge.java:452)
08-02 15:31:47.286  3369  3369 E AndroidRuntime: 	at java.io.RandomAccessFile.<init>(RandomAccessFile.java:117)
08-02 15:31:47.286  3369  3369 E AndroidRuntime: 	at java.io.RandomAccessFile.<init>(RandomAccessFile.java:149)
08-02 15:31:47.286  3369  3369 E AndroidRuntime: 	... 10 more
08-02 15:31:47.286  3369  3369 E AndroidRuntime: Caused by: android.system.ErrnoException: open failed: ENOENT (No such file or directory)
08-02 15:31:47.286  3369  3369 E AndroidRuntime: 	at libcore.io.Posix.open(Native Method)
08-02 15:31:47.286  3369  3369 E AndroidRuntime: 	at libcore.io.BlockGuardOs.open(BlockGuardOs.java:186)
08-02 15:31:47.286  3369  3369 E AndroidRuntime: 	at libcore.io.IoBridge.open(IoBridge.java:438)
08-02 15:31:47.286  3369  3369 E AndroidRuntime: 	... 12 more
08-02 15:31:47.294   626  1099 W ActivityManager:   Force finishing activity com.iamtrk.androidexplorer/com.iamtrk.ItemListActivity
08-02 15:31:47.313   626  1099 D         : HostConnection::get() New Host Connection established 0xdb5ee600, tid 1099
08-02 15:31:47.333   397   397 E EGL_emulation: tid 397: eglCreateSyncKHR(1215): error 0x3004 (EGL_BAD_ATTRIBUTE)
08-02 15:31:48.335   626   637 W art     : Long monitor contention event with owner method=android.graphics.Bitmap com.android.server.wm.WindowManagerService.screenshotApplicationsInner(android.os.IBinder, int, int, int, boolean) from WindowManagerService.java:6223 waiters=0 for 764ms
08-02 15:31:48.382   626   626 W art     : Long monitor contention event with owner method=void com.android.server.am.ActivityManagerService.crashApplication(com.android.server.am.ProcessRecord, android.app.ApplicationErrorReport$CrashInfo) from ActivityManagerService.java:12568 waiters=0 for 1.072s
08-02 15:31:48.417   626  2961 I OpenGLRenderer: Initialized EGL, version 1.4
08-02 15:31:48.461   626  2961 W EGL_emulation: eglSurfaceAttrib not implemented
08-02 15:31:48.461   626  2961 W OpenGLRenderer: Failed to set EGL_SWAP_BEHAVIOR on surface 0xdb7424e0, error=EGL_SUCCESS
08-02 15:31:48.870   626   640 W ActivityManager: Activity pause timeout for ActivityRecord{225891a u0 com.iamtrk.androidexplorer/com.iamtrk.ItemListActivity t6 f}
08-02 15:31:48.950  1491  1555 W EGL_emulation: eglSurfaceAttrib not implemented
08-02 15:31:48.950  1491  1555 W OpenGLRenderer: Failed to set EGL_SWAP_BEHAVIOR on surface 0xde6bb620, error=EGL_SUCCESS
08-02 15:31:49.498  1491  1555 W OpenGLRenderer: Incorrectly called buildLayer on View: ShortcutAndWidgetContainer, destroying layer...
