--------- beginning of main
08-02 15:49:20.286  2732  2732 D AndroidRuntime: >>>>>> START com.android.internal.os.RuntimeInit uid 0 <<<<<<
08-02 15:49:20.287  2732  2732 D AndroidRuntime: CheckJNI is OFF
08-02 15:49:20.301  2732  2732 D ICU     : No timezone override file found: /data/misc/zoneinfo/current/icu/icu_tzdata.dat
08-02 15:49:20.317  2732  2732 E memtrack: Couldn't load memtrack module (No such file or directory)
08-02 15:49:20.317  2732  2732 E android.os.Debug: failed to load memtrack module: -2
08-02 15:49:20.319  2732  2732 I Radio-JNI: register_android_hardware_Radio DONE
08-02 15:49:20.326  2732  2732 D AndroidRuntime: Calling main entry com.android.commands.pm.Pm
08-02 15:49:20.334  1708  2180 I PackageManager: Package doesn't exist in get block uninstall com.oF2pks.kalturadeviceinfos
--------- beginning of system
08-02 15:49:20.335  1708  1801 W PackageManager: Package named 'com.oF2pks.kalturadeviceinfos' doesn't exist.
08-02 15:49:20.335  1708  1801 I art     : Starting a blocking GC Explicit
08-02 15:49:20.345  1708  1801 I art     : Explicit concurrent mark sweep GC freed 14297(930KB) AllocSpace objects, 10(200KB) LOS objects, 33% free, 5MB/8MB, paused 258us total 10.239ms
08-02 15:49:20.348  2732  2732 E Pm      : Failure details: Bundle[{android.content.pm.extra.STATUS=1, android.content.pm.extra.PACKAGE_NAME=com.oF2pks.kalturadeviceinfos, android.content.pm.extra.LEGACY_STATUS=-1, android.content.pm.extra.STATUS_MESSAGE=DELETE_FAILED_INTERNAL_ERROR}]
08-02 15:49:20.356  2732  2732 I art     : System.exit called, status: 1
08-02 15:49:20.356  2732  2732 I AndroidRuntime: VM exiting with result code 1.
08-02 15:49:20.733  2745  2745 D AndroidRuntime: >>>>>> START com.android.internal.os.RuntimeInit uid 0 <<<<<<
08-02 15:49:20.734  2745  2745 D AndroidRuntime: CheckJNI is OFF
08-02 15:49:20.744  2745  2745 D ICU     : No timezone override file found: /data/misc/zoneinfo/current/icu/icu_tzdata.dat
08-02 15:49:20.754  2745  2745 E memtrack: Couldn't load memtrack module (No such file or directory)
08-02 15:49:20.754  2745  2745 E android.os.Debug: failed to load memtrack module: -2
08-02 15:49:20.755  2745  2745 I Radio-JNI: register_android_hardware_Radio DONE
08-02 15:49:20.764  2745  2745 D AndroidRuntime: Calling main entry com.android.commands.pm.Pm
08-02 15:49:20.782  1708  1801 I ActivityManager: Start proc 2753:com.android.defcontainer/u0a4 for service com.android.defcontainer/.DefaultContainerService
08-02 15:49:20.824  2753  2753 E libprocessgroup: failed to make and chown /acct/uid_10004: Read-only file system
08-02 15:49:20.824  2753  2753 W Zygote  : createProcessGroup failed, kernel missing CONFIG_CGROUP_CPUACCT?
08-02 15:49:20.852  2753  2764 D DefContainer: Copying /data/local/tmp/kaltura-release-unsigned_TAINT.apk to base.apk
08-02 15:49:20.938  1708  1801 I PackageManager.DexOptimizer: Running dexopt (dex2oat) on: /data/app/vmdl285200934.tmp/base.apk pkg=com.oF2pks.kalturadeviceinfos isa=x86 vmSafeMode=false debuggable=false oatDir = /data/app/vmdl285200934.tmp/oat
08-02 15:49:20.947  2767  2767 W dex2oat : Unexpected CPU variant for X86 using defaults: x86
08-02 15:49:20.947  2767  2767 I dex2oat : Starting dex2oat.
08-02 15:49:20.947  2767  2767 E cutils-trace: Error opening trace file: Permission denied (13)
08-02 15:49:21.039  2767  2770 W dex2oat : Before Android 4.1, method int android.support.v7.widget.DropDownListView.lookForSelectablePosition(int, boolean) would have incorrectly overridden the package-private method in android.widget.ListView
08-02 15:49:21.049  2767  2770 W dex2oat : Before Android 4.1, method int android.support.v7.widget.MenuPopupWindow$MenuDropDownListView.lookForSelectablePosition(int, boolean) would have incorrectly overridden the package-private method in android.widget.ListView
08-02 15:49:21.059  2767  2770 W dex2oat : Before Android 4.1, method android.graphics.PorterDuffColorFilter android.support.graphics.drawable.VectorDrawableCompat.updateTintFilter(android.graphics.PorterDuffColorFilter, android.content.res.ColorStateList, android.graphics.PorterDuff$Mode) would have incorrectly overridden the package-private method in android.graphics.drawable.Drawable
08-02 15:49:22.055  2767  2767 I dex2oat : dex2oat took 1.107s (threads: 4) arena alloc=11MB java alloc=3MB native alloc=22MB free=6MB
08-02 15:49:22.087  1708  1801 W PackageManager: Unknown permission com.google.android.providers.gsf.permission.READ_GSERVICES in package com.oF2pks.kalturadeviceinfos
08-02 15:49:22.096  1708  1801 V BackupManagerService: restoreAtInstall pkg=com.oF2pks.kalturadeviceinfos token=1 restoreSet=0
08-02 15:49:22.096  1708  1801 V BackupManagerService: Finishing install immediately
08-02 15:49:22.096  1708  1801 W Settings: Setting install_non_market_apps has moved from android.provider.Settings.Global to android.provider.Settings.Secure, returning read-only value.
08-02 15:49:22.096  1708  1801 I art     : Starting a blocking GC Explicit
08-02 15:49:22.105  1708  1801 I art     : Explicit concurrent mark sweep GC freed 30883(1803KB) AllocSpace objects, 10(340KB) LOS objects, 33% free, 5MB/8MB, paused 256us total 8.364ms
08-02 15:49:22.114  2745  2745 I art     : System.exit called, status: 0
08-02 15:49:22.114  2745  2745 I AndroidRuntime: VM exiting with result code 0.
08-02 15:49:22.124  1708  1891 I InputReader: Reconfiguring input devices.  changes=0x00000010
08-02 15:49:22.132  2148  2148 D CarrierServiceBindHelper: Receive action: android.intent.action.PACKAGE_ADDED
08-02 15:49:22.137  2148  2148 D CarrierServiceBindHelper: mHandler: 3
08-02 15:49:22.137  2148  2148 D CarrierConfigLoader: mHandler: 9 phoneId: 0
08-02 15:49:22.148  1708  1759 W VoiceInteractionManagerService: no available voice recognition services found for user 0
08-02 15:49:22.365  2786  2786 D AndroidRuntime: >>>>>> START com.android.internal.os.RuntimeInit uid 0 <<<<<<
08-02 15:49:22.367  2786  2786 D AndroidRuntime: CheckJNI is OFF
08-02 15:49:22.380  2786  2786 D ICU     : No timezone override file found: /data/misc/zoneinfo/current/icu/icu_tzdata.dat
08-02 15:49:22.403  2786  2786 E memtrack: Couldn't load memtrack module (No such file or directory)
08-02 15:49:22.403  2786  2786 E android.os.Debug: failed to load memtrack module: -2
08-02 15:49:22.406  2786  2786 I Radio-JNI: register_android_hardware_Radio DONE
08-02 15:49:22.418  2786  2786 D AndroidRuntime: Calling main entry com.android.commands.monkey.Monkey
08-02 15:49:22.444  1708  1760 W BroadcastQueue: Skipping deliver [background] BroadcastRecord{6291c58 u-1 android.net.conn.CONNECTIVITY_CHANGE} to ReceiverList{a3411b1 2786 (unknown name)/0/u-1 remote:7a9d7ca}: process crashing
08-02 15:49:22.449  1708  1972 I ActivityManager: START u0 {act=android.intent.action.MAIN cat=[android.intent.category.LAUNCHER] flg=0x10200000 cmp=com.oF2pks.kalturadeviceinfos/.MainActivity} from uid 0 on display 0
08-02 15:49:22.501  1708  1740 I ActivityManager: Start proc 2796:com.oF2pks.kalturadeviceinfos/u0a60 for activity com.oF2pks.kalturadeviceinfos/.MainActivity
08-02 15:49:22.504  1708  1761 D Sensors : batch handle 1, but there is no batch sensor in genymotion
08-02 15:49:22.513  2786  2786 I art     : System.exit called, status: 0
08-02 15:49:22.513  2786  2786 I AndroidRuntime: VM exiting with result code 0.
08-02 15:49:22.552  2796  2796 E libprocessgroup: failed to make and chown /acct/uid_10060: Read-only file system
08-02 15:49:22.573  2796  2796 W Zygote  : createProcessGroup failed, kernel missing CONFIG_CGROUP_CPUACCT?
08-02 15:49:23.104  2796  2796 W System  : ClassLoader referenced unknown path: /data/app/com.oF2pks.kalturadeviceinfos-1/lib/x86
08-02 15:49:23.192  2796  2796 W art     : Before Android 4.1, method android.graphics.PorterDuffColorFilter android.support.graphics.drawable.VectorDrawableCompat.updateTintFilter(android.graphics.PorterDuffColorFilter, android.content.res.ColorStateList, android.graphics.PorterDuff$Mode) would have incorrectly overridden the package-private method in android.graphics.drawable.Drawable
08-02 15:49:23.219  2796  2796 D leak-6-25: 6
08-02 15:49:23.219  2796  2796 D leak-8-25: 8
08-02 15:49:23.219  2796  2796 D leak-9-25: 9
08-02 15:49:23.219  2796  2796 D leak-10-25: 10
08-02 15:49:23.219  2796  2796 D leak-12-25: 12
08-02 15:49:23.457  2796  2811 D leak-0-0: Eastern Standard Time
08-02 15:49:23.457  2796  2811 D leak-1-0: 1
08-02 15:49:23.457  2796  2811 D leak-3-0: 3
08-02 15:49:23.457  2796  2811 D leak-5-0: 5
08-02 15:49:23.457  2796  2811 D leak-0-1: Eastern Standard Time
08-02 15:49:23.457  2796  2811 D leak-1-1: Eastern Standard Time
08-02 15:49:23.457  2796  2811 D leak-3-1: 3
08-02 15:49:23.457  2796  2811 D leak-5-1: 5
08-02 15:49:23.457  2796  2811 D leak-0-10: Eastern Standard Time
08-02 15:49:23.457  2796  2811 D leak-1-10: Eastern Standard Time
08-02 15:49:23.457  2796  2811 D leak-3-10: 3
08-02 15:49:23.457  2796  2811 D leak-5-10: 5
08-02 15:49:23.462  2796  2811 D leak-0-9: Eastern Standard Time
08-02 15:49:23.462  2796  2811 D leak-1-9: Eastern Standard Time
08-02 15:49:23.462  2796  2811 D leak-3-9: 3
08-02 15:49:23.462  2796  2811 D leak-5-9: 5
08-02 15:49:23.739  2796  2811 D leak-0-12: Eastern Standard Time
08-02 15:49:23.741  2796  2811 D leak-1-12: Eastern Standard Time
08-02 15:49:23.741  2796  2811 D leak-3-12: 3
08-02 15:49:23.741  2796  2811 D leak-5-12: 5
08-02 15:49:23.755  2796  2811 D leak-0-17: Eastern Standard Time
08-02 15:49:23.755  2796  2811 D leak-1-17: Eastern Standard Time
08-02 15:49:23.905  1548  1914 E Drm     : Failed to find drm plugin
08-02 15:49:23.908  2796  2807 I art     : Background sticky concurrent mark sweep GC freed 6431(500KB) AllocSpace objects, 1(20KB) LOS objects, 54% free, 1027KB/2MB, paused 8.722ms total 320.327ms
08-02 15:49:23.941  2796  2811 D leak-0-13: Eastern Standard Time
08-02 15:49:23.946  2796  2811 D leak-1-13: Eastern Standard Time
08-02 15:49:23.946  2796  2811 D leak-3-13: 3
08-02 15:49:23.946  2796  2811 D leak-5-13: 5
08-02 15:49:23.972  2796  2814 D OpenGLRenderer: Use EGL_SWAP_BEHAVIOR_PRESERVED: true
08-02 15:49:24.091  2796  2796 D         : HostConnection::get() New Host Connection established 0xeb167480, tid 2796
08-02 15:49:24.113  2796  2811 D leak-0-14: Eastern Standard Time
08-02 15:49:24.113  2796  2811 D leak-1-14: Eastern Standard Time
08-02 15:49:24.113  2796  2811 D leak-3-14: 3
08-02 15:49:24.113  2796  2811 D leak-5-14: 5
08-02 15:49:24.137  2796  2811 D leak-0-19: Eastern Standard Time
08-02 15:49:24.137  2796  2811 D leak-1-19: Eastern Standard Time
08-02 15:49:24.137  2796  2811 D leak-3-19: 3
08-02 15:49:24.137  2796  2811 D leak-5-19: 5
08-02 15:49:24.320  2796  2811 D leak-0-20: Eastern Standard Time
08-02 15:49:24.320  2796  2811 D leak-1-20: Eastern Standard Time
08-02 15:49:24.320  2796  2811 D leak-3-20: 3
08-02 15:49:24.320  2796  2811 D leak-5-20: 5
08-02 15:49:24.554  2796  2811 D leak-0-11: Eastern Standard Time
08-02 15:49:24.559  2796  2811 D leak-1-11: Eastern Standard Time
08-02 15:49:24.559  2796  2811 D leak-3-11: 3
08-02 15:49:24.559  2796  2811 D leak-5-11: 5
08-02 15:49:24.659  2796  2811 D leak-0-16: Eastern Standard Time
08-02 15:49:24.659  2796  2811 D leak-1-16: Eastern Standard Time
08-02 15:49:24.659  2796  2811 D leak-3-16: 3
08-02 15:49:24.659  2796  2811 D leak-5-16: 5
08-02 15:49:24.802  2796  2811 W AudioCapabilities: Unsupported mime audio/x-ms-wma
08-02 15:49:24.856  2796  2811 W AudioCapabilities: Unsupported mime audio/vnd.rn-realaudio
08-02 15:49:24.925  2796  2811 W AudioCapabilities: Unsupported mime audio/mpeg-L2
08-02 15:49:24.988  2796  2811 W AudioCapabilities: Unsupported mime audio/ac3
08-02 15:49:24.991  2796  2811 W AudioCapabilities: Unsupported mime audio/x-ape
08-02 15:49:24.993  2796  2811 W AudioCapabilities: Unsupported mime audio/vnd.dts
08-02 15:49:25.030  2796  2811 W AudioCapabilities: Unsupported mime audio/x-pcm
08-02 15:49:25.077  2796  2814 D libEGL  : loaded /system/lib/egl/libEGL_emulation.so
08-02 15:49:25.083  2796  2814 D libEGL  : loaded /system/lib/egl/libGLESv1_CM_emulation.so
08-02 15:49:25.105  2796  2811 W AudioCapabilities: Unsupported mime audio/ffmpeg
08-02 15:49:25.140  2796  2814 D libEGL  : loaded /system/lib/egl/libGLESv2_emulation.so
08-02 15:49:25.159  2796  2814 D         : HostConnection::get() New Host Connection established 0xed720c60, tid 2814
08-02 15:49:25.334  2796  2811 W VideoCapabilities: Unsupported mime video/x-ms-wmv
08-02 15:49:25.438  2796  2811 W VideoCapabilities: Unsupported mime video/vnd.rn-realvideo
08-02 15:49:25.509  2796  2811 W VideoCapabilities: Unsupported mime video/vc1
08-02 15:49:25.553  2796  2811 W VideoCapabilities: Unsupported mime video/x-flv
08-02 15:49:25.568  2796  2811 W VideoCapabilities: Unsupported mime video/divx
08-02 15:49:25.638  2796  2811 W VideoCapabilities: Unsupported mime video/ffmpeg
08-02 15:49:26.213  2796  2811 I VideoCapabilities: Unsupported profile 4 for video/mp4v-es
08-02 15:49:26.261  2796  2811 D leak-0-15: Eastern Standard Time
08-02 15:49:26.266  2796  2811 D leak-1-15: Eastern Standard Time
08-02 15:49:26.273  2796  2811 D leak-3-15: Eastern Standard Time
08-02 15:49:26.273  2796  2811 D leak-5-15: 5
08-02 15:49:26.273  2796  2811 D leak-0-15: Eastern Standard Time
08-02 15:49:26.273  2796  2811 D leak-1-15: Eastern Standard Time
08-02 15:49:26.273  2796  2811 D leak-3-15: Eastern Standard Time
08-02 15:49:26.273  2796  2811 D leak-5-15: 5
08-02 15:49:26.273  2796  2811 D leak-0-15: Eastern Standard Time
08-02 15:49:26.274  2796  2811 D leak-1-15: Eastern Standard Time
08-02 15:49:26.274  2796  2811 D leak-3-15: Eastern Standard Time
08-02 15:49:26.274  2796  2811 D leak-5-15: 5
08-02 15:49:26.274  2796  2811 D leak-0-15: Eastern Standard Time
08-02 15:49:26.274  2796  2811 D leak-1-15: Eastern Standard Time
08-02 15:49:26.274  2796  2811 D leak-3-15: Eastern Standard Time
08-02 15:49:26.274  2796  2811 D leak-5-15: 5
08-02 15:49:26.274  2796  2811 D leak-0-15: Eastern Standard Time
08-02 15:49:26.274  2796  2811 D leak-1-15: Eastern Standard Time
08-02 15:49:26.274  2796  2811 D leak-3-15: Eastern Standard Time
08-02 15:49:26.274  2796  2811 D leak-5-15: 5
08-02 15:49:26.274  2796  2811 D leak-0-15: Eastern Standard Time
08-02 15:49:26.274  2796  2811 D leak-1-15: Eastern Standard Time
08-02 15:49:26.274  2796  2811 D leak-3-15: Eastern Standard Time
08-02 15:49:26.274  2796  2811 D leak-5-15: 5
08-02 15:49:26.274  2796  2811 D leak-0-15: Eastern Standard Time
08-02 15:49:26.274  2796  2811 D leak-1-15: Eastern Standard Time
08-02 15:49:26.274  2796  2811 D leak-3-15: Eastern Standard Time
08-02 15:49:26.274  2796  2811 D leak-5-15: 5
08-02 15:49:26.274  2796  2811 D leak-0-15: Eastern Standard Time
08-02 15:49:26.274  2796  2811 D leak-1-15: Eastern Standard Time
08-02 15:49:26.274  2796  2811 D leak-3-15: Eastern Standard Time
08-02 15:49:26.274  2796  2811 D leak-5-15: 5
08-02 15:49:26.274  2796  2811 D leak-0-15: Eastern Standard Time
08-02 15:49:26.274  2796  2811 D leak-1-15: Eastern Standard Time
08-02 15:49:26.274  2796  2811 D leak-3-15: Eastern Standard Time
08-02 15:49:26.274  2796  2811 D leak-5-15: 5
08-02 15:49:26.281  2796  2811 D leak-0-15: Eastern Standard Time
08-02 15:49:26.281  2796  2811 D leak-1-15: Eastern Standard Time
08-02 15:49:26.281  2796  2811 D leak-3-15: Eastern Standard Time
08-02 15:49:26.281  2796  2811 D leak-5-15: 5
08-02 15:49:26.281  2796  2811 D leak-0-15: Eastern Standard Time
08-02 15:49:26.281  2796  2811 D leak-1-15: Eastern Standard Time
08-02 15:49:26.281  2796  2811 D leak-3-15: Eastern Standard Time
08-02 15:49:26.281  2796  2811 D leak-5-15: 5
08-02 15:49:26.281  2796  2811 D leak-0-15: Eastern Standard Time
08-02 15:49:26.281  2796  2811 D leak-1-15: Eastern Standard Time
08-02 15:49:26.281  2796  2811 D leak-3-15: Eastern Standard Time
08-02 15:49:26.281  2796  2811 D leak-5-15: 5
08-02 15:49:26.281  2796  2811 D leak-0-15: Eastern Standard Time
08-02 15:49:26.281  2796  2811 D leak-1-15: Eastern Standard Time
08-02 15:49:26.281  2796  2811 D leak-3-15: Eastern Standard Time
08-02 15:49:26.281  2796  2811 D leak-5-15: 5
08-02 15:49:26.281  2796  2811 D leak-0-15: Eastern Standard Time
08-02 15:49:26.281  2796  2811 D leak-1-15: Eastern Standard Time
08-02 15:49:26.281  2796  2811 D leak-3-15: Eastern Standard Time
08-02 15:49:26.281  2796  2811 D leak-5-15: 5
08-02 15:49:26.281  2796  2811 D leak-0-15: Eastern Standard Time
08-02 15:49:26.281  2796  2811 D leak-1-15: Eastern Standard Time
08-02 15:49:26.281  2796  2811 D leak-3-15: Eastern Standard Time
08-02 15:49:26.281  2796  2811 D leak-5-15: 5
08-02 15:49:26.281  2796  2811 D leak-0-15: Eastern Standard Time
08-02 15:49:26.281  2796  2811 D leak-1-15: Eastern Standard Time
08-02 15:49:26.281  2796  2811 D leak-3-15: Eastern Standard Time
08-02 15:49:26.281  2796  2811 D leak-5-15: 5
08-02 15:49:26.281  2796  2811 D leak-0-15: Eastern Standard Time
08-02 15:49:26.281  2796  2811 D leak-1-15: Eastern Standard Time
08-02 15:49:26.281  2796  2811 D leak-3-15: Eastern Standard Time
08-02 15:49:26.281  2796  2811 D leak-5-15: 5
08-02 15:49:26.281  2796  2811 D leak-0-15: Eastern Standard Time
08-02 15:49:26.281  2796  2811 D leak-1-15: Eastern Standard Time
08-02 15:49:26.281  2796  2811 D leak-3-15: Eastern Standard Time
08-02 15:49:26.281  2796  2811 D leak-5-15: 5
08-02 15:49:26.281  2796  2811 D leak-0-15: Eastern Standard Time
08-02 15:49:26.281  2796  2811 D leak-1-15: Eastern Standard Time
08-02 15:49:26.281  2796  2811 D leak-3-15: Eastern Standard Time
08-02 15:49:26.281  2796  2811 D leak-5-15: 5
08-02 15:49:26.281  2796  2811 D leak-0-15: Eastern Standard Time
08-02 15:49:26.281  2796  2811 D leak-1-15: Eastern Standard Time
08-02 15:49:26.281  2796  2811 D leak-3-15: Eastern Standard Time
08-02 15:49:26.281  2796  2811 D leak-5-15: 5
08-02 15:49:26.281  2796  2811 D leak-0-15: Eastern Standard Time
08-02 15:49:26.281  2796  2811 D leak-1-15: Eastern Standard Time
08-02 15:49:26.281  2796  2811 D leak-3-15: Eastern Standard Time
08-02 15:49:26.281  2796  2811 D leak-5-15: 5
08-02 15:49:26.281  2796  2811 D leak-0-15: Eastern Standard Time
08-02 15:49:26.281  2796  2811 D leak-1-15: Eastern Standard Time
08-02 15:49:26.281  2796  2811 D leak-3-15: Eastern Standard Time
08-02 15:49:26.281  2796  2811 D leak-5-15: 5
08-02 15:49:26.281  2796  2811 D leak-0-15: Eastern Standard Time
08-02 15:49:26.281  2796  2811 D leak-1-15: Eastern Standard Time
08-02 15:49:26.281  2796  2811 D leak-3-15: Eastern Standard Time
08-02 15:49:26.281  2796  2811 D leak-5-15: 5
08-02 15:49:26.281  2796  2811 D leak-0-15: Eastern Standard Time
08-02 15:49:26.281  2796  2811 D leak-1-15: Eastern Standard Time
08-02 15:49:26.281  2796  2811 D leak-3-15: Eastern Standard Time
08-02 15:49:26.281  2796  2811 D leak-5-15: 5
08-02 15:49:26.285  2796  2811 D leak-0-15: Eastern Standard Time
08-02 15:49:26.285  2796  2811 D leak-1-15: Eastern Standard Time
08-02 15:49:26.285  2796  2811 D leak-3-15: Eastern Standard Time
08-02 15:49:26.285  2796  2811 D leak-5-15: 5
08-02 15:49:26.285  2796  2811 D leak-0-15: Eastern Standard Time
08-02 15:49:26.285  2796  2811 D leak-1-15: Eastern Standard Time
08-02 15:49:26.285  2796  2811 D leak-3-15: Eastern Standard Time
08-02 15:49:26.285  2796  2811 D leak-5-15: 5
08-02 15:49:26.285  2796  2811 D leak-0-15: Eastern Standard Time
08-02 15:49:26.285  2796  2811 D leak-1-15: Eastern Standard Time
08-02 15:49:26.285  2796  2811 D leak-3-15: Eastern Standard Time
08-02 15:49:26.285  2796  2811 D leak-5-15: 5
08-02 15:49:26.285  2796  2811 D leak-0-15: Eastern Standard Time
08-02 15:49:26.285  2796  2811 D leak-1-15: Eastern Standard Time
08-02 15:49:26.285  2796  2811 D leak-3-15: Eastern Standard Time
08-02 15:49:26.285  2796  2811 D leak-5-15: 5
08-02 15:49:26.285  2796  2811 D leak-0-15: Eastern Standard Time
08-02 15:49:26.285  2796  2811 D leak-1-15: Eastern Standard Time
08-02 15:49:26.285  2796  2811 D leak-3-15: Eastern Standard Time
08-02 15:49:26.285  2796  2811 D leak-5-15: 5
08-02 15:49:26.285  2796  2811 D leak-0-15: Eastern Standard Time
08-02 15:49:26.285  2796  2811 D leak-1-15: Eastern Standard Time
08-02 15:49:26.285  2796  2811 D leak-3-15: Eastern Standard Time
08-02 15:49:26.285  2796  2811 D leak-5-15: 5
08-02 15:49:26.285  2796  2811 D leak-0-15: Eastern Standard Time
08-02 15:49:26.285  2796  2811 D leak-1-15: Eastern Standard Time
08-02 15:49:26.285  2796  2811 D leak-3-15: Eastern Standard Time
08-02 15:49:26.285  2796  2811 D leak-5-15: 5
08-02 15:49:26.285  2796  2811 D leak-0-15: Eastern Standard Time
08-02 15:49:26.285  2796  2811 D leak-1-15: Eastern Standard Time
08-02 15:49:26.285  2796  2811 D leak-3-15: Eastern Standard Time
08-02 15:49:26.285  2796  2811 D leak-5-15: 5
08-02 15:49:26.285  2796  2811 D leak-0-15: Eastern Standard Time
08-02 15:49:26.285  2796  2811 D leak-1-15: Eastern Standard Time
08-02 15:49:26.285  2796  2811 D leak-3-15: Eastern Standard Time
08-02 15:49:26.285  2796  2811 D leak-5-15: 5
08-02 15:49:26.285  2796  2811 D leak-0-15: Eastern Standard Time
08-02 15:49:26.285  2796  2811 D leak-1-15: Eastern Standard Time
08-02 15:49:26.285  2796  2811 D leak-3-15: Eastern Standard Time
08-02 15:49:26.285  2796  2811 D leak-5-15: 5
08-02 15:49:26.285  2796  2811 D leak-0-15: Eastern Standard Time
08-02 15:49:26.285  2796  2811 D leak-1-15: Eastern Standard Time
08-02 15:49:26.285  2796  2811 D leak-3-15: Eastern Standard Time
08-02 15:49:26.285  2796  2811 D leak-5-15: 5
08-02 15:49:26.285  2796  2811 D leak-0-15: Eastern Standard Time
08-02 15:49:26.285  2796  2811 D leak-1-15: Eastern Standard Time
08-02 15:49:26.285  2796  2811 D leak-3-15: Eastern Standard Time
08-02 15:49:26.285  2796  2811 D leak-5-15: 5
08-02 15:49:26.285  2796  2811 D leak-0-15: Eastern Standard Time
08-02 15:49:26.285  2796  2811 D leak-1-15: Eastern Standard Time
08-02 15:49:26.285  2796  2811 D leak-3-15: Eastern Standard Time
08-02 15:49:26.285  2796  2811 D leak-5-15: 5
08-02 15:49:26.285  2796  2811 D leak-0-15: Eastern Standard Time
08-02 15:49:26.285  2796  2811 D leak-1-15: Eastern Standard Time
08-02 15:49:26.285  2796  2811 D leak-3-15: Eastern Standard Time
08-02 15:49:26.285  2796  2811 D leak-5-15: 5
08-02 15:49:26.293  2796  2811 D leak-0-15: Eastern Standard Time
08-02 15:49:26.293  2796  2811 D leak-1-15: Eastern Standard Time
08-02 15:49:26.293  2796  2811 D leak-3-15: Eastern Standard Time
08-02 15:49:26.293  2796  2811 D leak-5-15: 5
08-02 15:49:26.293  2796  2811 D leak-0-15: Eastern Standard Time
08-02 15:49:26.293  2796  2811 D leak-1-15: Eastern Standard Time
08-02 15:49:26.293  2796  2811 D leak-3-15: Eastern Standard Time
08-02 15:49:26.293  2796  2811 D leak-5-15: 5
08-02 15:49:26.293  2796  2811 D leak-0-21: Eastern Standard Time
08-02 15:49:26.293  2796  2811 D leak-1-21: Eastern Standard Time
08-02 15:49:26.293  2796  2811 D leak-3-21: Eastern Standard Time
08-02 15:49:26.293  2796  2811 D leak-5-21: 5
08-02 15:49:26.293  2796  2811 D leak-0-3: Eastern Standard Time
08-02 15:49:26.293  2796  2811 D leak-1-3: Eastern Standard Time
08-02 15:49:26.293  2796  2811 D leak-3-3: Eastern Standard Time
08-02 15:49:26.293  2796  2811 D leak-5-3: 5
08-02 15:49:26.356  1548  2118 V EmulatedCamera_Camera: getCameraInfo
08-02 15:49:26.356  1548  2118 V EmulatedCamera_BaseCamera: getCameraInfo
08-02 15:49:26.392  1548  1548 W ServiceManager: Permission failure: android.permission.CAMERA from uid=10060 pid=2796
08-02 15:49:26.392  1548  1548 E CameraService: Permission Denial: can't use the camera pid=2796, uid=10060
08-02 15:49:26.393  2796  2811 W CameraBase: An error occurred while connecting to camera: 0
08-02 15:49:26.401  1548  1914 V EmulatedCamera_Camera: getCameraInfo
08-02 15:49:26.401  1548  1914 V EmulatedCamera_BaseCamera: getCameraInfo
08-02 15:49:26.449  1548  2117 W ServiceManager: Permission failure: android.permission.CAMERA from uid=10060 pid=2796
08-02 15:49:26.449  1548  2117 E CameraService: Permission Denial: can't use the camera pid=2796, uid=10060
08-02 15:49:26.449  2796  2811 W CameraBase: An error occurred while connecting to camera: 1
08-02 15:49:26.449  2796  2811 D leak-0-4: Eastern Standard Time
08-02 15:49:26.449  2796  2811 D leak-1-4: Eastern Standard Time
08-02 15:49:26.449  2796  2811 D leak-3-4: Eastern Standard Time
08-02 15:49:26.449  2796  2811 D leak-5-4: 5
08-02 15:49:26.450  2796  2811 I CameraManagerGlobal: Connecting to camera service
08-02 15:49:26.450  2796  2814 I OpenGLRenderer: Initialized EGL, version 1.4
08-02 15:49:26.464  1548  1914 V EmulatedCamera_Camera: getCameraInfo
08-02 15:49:26.464  1548  1914 V EmulatedCamera_BaseCamera: getCameraInfo
08-02 15:49:26.464  1548  1914 I CameraService: getCameraCharacteristics: Switching to HAL1 shim implementation...
08-02 15:49:26.464  1548  1914 V EmulatedCamera_Camera: getCameraInfo
08-02 15:49:26.464  1548  1914 V EmulatedCamera_BaseCamera: getCameraInfo
08-02 15:49:26.464  1548  2117 V EmulatedCamera_Camera: getCameraInfo
08-02 15:49:26.464  1548  2117 V EmulatedCamera_BaseCamera: getCameraInfo
08-02 15:49:26.464  1548  2117 I CameraService: getCameraCharacteristics: Switching to HAL1 shim implementation...
08-02 15:49:26.464  1548  2117 V EmulatedCamera_Camera: getCameraInfo
08-02 15:49:26.464  1548  2117 V EmulatedCamera_BaseCamera: getCameraInfo
08-02 15:49:26.464  1548  2118 V EmulatedCamera_Camera: getCameraInfo
08-02 15:49:26.464  1548  2118 V EmulatedCamera_BaseCamera: getCameraInfo
08-02 15:49:26.465  1548  1915 V EmulatedCamera_Camera: getCameraInfo
08-02 15:49:26.470  1548  1915 V EmulatedCamera_BaseCamera: getCameraInfo
08-02 15:49:26.485  2796  2811 D leak-0-5: Eastern Standard Time
08-02 15:49:26.485  2796  2811 D leak-1-5: Eastern Standard Time
08-02 15:49:26.485  2796  2811 D leak-3-5: Eastern Standard Time
08-02 15:49:26.485  2796  2811 D leak-5-5: 5
08-02 15:49:26.504  1548  1914 V EmulatedCamera_Camera: getCameraInfo
08-02 15:49:26.505  1548  1914 V EmulatedCamera_BaseCamera: getCameraInfo
08-02 15:49:26.529  1548  2118 V EmulatedCamera_Camera: getCameraInfo
08-02 15:49:26.529  1548  2118 V EmulatedCamera_BaseCamera: getCameraInfo
08-02 15:49:26.532  2796  2811 D leak-0-5: Eastern Standard Time
08-02 15:49:26.532  2796  2811 D leak-1-5: Eastern Standard Time
08-02 15:49:26.532  2796  2811 D leak-3-5: Eastern Standard Time
08-02 15:49:26.532  2796  2811 D leak-5-5: 5
08-02 15:49:26.571  2796  2811 D leak-0-8: Eastern Standard Time
08-02 15:49:26.571  2796  2811 D leak-1-8: Eastern Standard Time
08-02 15:49:26.571  2796  2811 D leak-3-8: Eastern Standard Time
08-02 15:49:26.571  2796  2811 D leak-5-8: 5
08-02 15:49:26.574  2796  2811 D leak-0-7: Eastern Standard Time
08-02 15:49:26.574  2796  2811 D leak-1-7: Eastern Standard Time
08-02 15:49:26.574  2796  2811 D leak-3-7: Eastern Standard Time
08-02 15:49:26.574  2796  2811 D leak-5-7: 5
08-02 15:49:26.592  2796  2814 W EGL_emulation: eglSurfaceAttrib not implemented
08-02 15:49:26.592  2796  2814 W OpenGLRenderer: Failed to set EGL_SWAP_BEHAVIOR on surface 0xe9bc8480, error=EGL_SUCCESS
08-02 15:49:26.620  2796  2811 D leak-0-22: Eastern Standard Time
08-02 15:49:26.620  2796  2811 D leak-1-22: Eastern Standard Time
08-02 15:49:26.620  2796  2811 D leak-3-22: Eastern Standard Time
08-02 15:49:26.620  2796  2811 D leak-5-22: 5
08-02 15:49:26.621  2796  2811 D leak-0-6: Eastern Standard Time
08-02 15:49:26.621  2796  2811 D leak-1-6: Eastern Standard Time
08-02 15:49:26.621  2796  2811 D leak-3-6: Eastern Standard Time
08-02 15:49:26.621  2796  2811 D leak-5-6: 5
08-02 15:49:26.625  2796  2796 I Choreographer: Skipped 113 frames!  The application may be doing too much work on its main thread.
08-02 15:49:27.977  2830  2830 D AndroidRuntime: >>>>>> START com.android.internal.os.RuntimeInit uid 0 <<<<<<
08-02 15:49:27.980  2830  2830 D AndroidRuntime: CheckJNI is OFF
08-02 15:49:28.053  2830  2830 D ICU     : No timezone override file found: /data/misc/zoneinfo/current/icu/icu_tzdata.dat
08-02 15:49:28.273  2830  2830 E memtrack: Couldn't load memtrack module (No such file or directory)
08-02 15:49:28.273  2830  2830 E android.os.Debug: failed to load memtrack module: -2
08-02 15:49:28.355  2830  2830 I Radio-JNI: register_android_hardware_Radio DONE
08-02 15:49:28.477  2830  2830 D AndroidRuntime: Calling main entry com.android.commands.content.Content
08-02 15:49:28.611  2830  2830 D AndroidRuntime: Shutting down VM
08-02 15:49:29.628  1708  1773 I ActivityManager: Displayed com.oF2pks.kalturadeviceinfos/.MainActivity: +7s138ms
08-02 15:49:29.630  2796  2796 D leak-6-26: Eastern Standard Time
08-02 15:49:29.630  2796  2796 D leak-8-26: 8
08-02 15:49:29.630  2796  2796 D leak-9-26: Eastern Standard Time
08-02 15:49:29.630  2796  2796 D leak-10-26: 10
08-02 15:49:29.630  2796  2796 D leak-12-26: 12
08-02 15:49:29.630  2796  2796 I Choreographer: Skipped 179 frames!  The application may be doing too much work on its main thread.
08-02 15:49:29.651  2181  2351 E Surface : getSlotFromBufferLocked: unknown buffer: 0xf2c02c40
08-02 15:49:29.716  2796  2796 D leak-6-24: Eastern Standard Time
08-02 15:49:29.717  2796  2796 D leak-8-24: 8
08-02 15:49:29.717  2796  2796 D leak-9-24: Eastern Standard Time
08-02 15:49:29.717  2796  2796 D leak-10-24: 10
08-02 15:49:29.717  2796  2796 D leak-12-24: 12
08-02 15:49:29.753  2840  2840 D AndroidRuntime: >>>>>> START com.android.internal.os.RuntimeInit uid 0 <<<<<<
08-02 15:49:29.754  2840  2840 D AndroidRuntime: CheckJNI is OFF
08-02 15:49:29.763  2840  2840 D ICU     : No timezone override file found: /data/misc/zoneinfo/current/icu/icu_tzdata.dat
08-02 15:49:29.776  2840  2840 E memtrack: Couldn't load memtrack module (No such file or directory)
08-02 15:49:29.776  2840  2840 E android.os.Debug: failed to load memtrack module: -2
08-02 15:49:29.776  2840  2840 I Radio-JNI: register_android_hardware_Radio DONE
08-02 15:49:29.783  2840  2840 D AndroidRuntime: Calling main entry com.android.commands.content.Content
08-02 15:49:29.785  2840  2840 D AndroidRuntime: Shutting down VM
08-02 15:49:29.828  1708  2202 D VoldConnector: SND -> {7 volume mkdirs /storage/emulated/0/Android/data/com.oF2pks.kalturadeviceinfos/files/}
08-02 15:49:29.834  1708  1893 D VoldConnector: RCV <- {200 7 Command succeeded}
08-02 15:49:29.981  2796  2814 W EGL_emulation: eglSurfaceAttrib not implemented
08-02 15:49:29.981  2796  2814 W OpenGLRenderer: Failed to set EGL_SWAP_BEHAVIOR on surface 0xe9be08a0, error=EGL_SUCCESS
08-02 15:49:30.076  2796  2814 V RenderScript: 0xdfdf7000 Launching thread(s), CPUs 4
08-02 15:49:31.514  2867  2867 D AndroidRuntime: >>>>>> START com.android.internal.os.RuntimeInit uid 0 <<<<<<
08-02 15:49:31.515  2867  2867 D AndroidRuntime: CheckJNI is OFF
08-02 15:49:31.528  2867  2867 D ICU     : No timezone override file found: /data/misc/zoneinfo/current/icu/icu_tzdata.dat
08-02 15:49:31.543  2867  2867 E memtrack: Couldn't load memtrack module (No such file or directory)
08-02 15:49:31.543  2867  2867 E android.os.Debug: failed to load memtrack module: -2
08-02 15:49:31.545  2867  2867 I Radio-JNI: register_android_hardware_Radio DONE
08-02 15:49:31.552  2867  2867 D AndroidRuntime: Calling main entry com.android.commands.uiautomator.Launcher
08-02 15:49:32.586  2867  2867 W AccessibilityNodeInfoDumper: Fetch time: 4ms
08-02 15:49:32.587  1708  2539 W WindowManager: Attempted to remove non-existing token: android.os.Binder@585bb0b
08-02 15:49:32.598  2867  2867 D AndroidRuntime: Shutting down VM
08-02 15:49:33.150  2885  2885 D AndroidRuntime: >>>>>> START com.android.internal.os.RuntimeInit uid 0 <<<<<<
08-02 15:49:33.152  2885  2885 D AndroidRuntime: CheckJNI is OFF
08-02 15:49:33.162  2885  2885 D ICU     : No timezone override file found: /data/misc/zoneinfo/current/icu/icu_tzdata.dat
08-02 15:49:33.174  2885  2885 E memtrack: Couldn't load memtrack module (No such file or directory)
08-02 15:49:33.174  2885  2885 E android.os.Debug: failed to load memtrack module: -2
08-02 15:49:33.175  2885  2885 I Radio-JNI: register_android_hardware_Radio DONE
08-02 15:49:33.180  2885  2885 D AndroidRuntime: Calling main entry com.android.commands.uiautomator.Launcher
08-02 15:49:33.341  2796  2814 E Surface : getSlotFromBufferLocked: unknown buffer: 0xdfd2bd20
08-02 15:49:34.202  2885  2885 W AccessibilityNodeInfoDumper: Fetch time: 4ms
08-02 15:49:34.203  1708  1972 W WindowManager: Attempted to remove non-existing token: android.os.Binder@e702de8
08-02 15:49:34.219  2885  2885 D AndroidRuntime: Shutting down VM
08-02 15:49:35.324  2908  2908 D AndroidRuntime: >>>>>> START com.android.internal.os.RuntimeInit uid 0 <<<<<<
08-02 15:49:35.326  2908  2908 D AndroidRuntime: CheckJNI is OFF
08-02 15:49:35.336  2908  2908 D ICU     : No timezone override file found: /data/misc/zoneinfo/current/icu/icu_tzdata.dat
08-02 15:49:35.349  2908  2908 E memtrack: Couldn't load memtrack module (No such file or directory)
08-02 15:49:35.349  2908  2908 E android.os.Debug: failed to load memtrack module: -2
08-02 15:49:35.350  2908  2908 I Radio-JNI: register_android_hardware_Radio DONE
08-02 15:49:35.355  2908  2908 D AndroidRuntime: Calling main entry com.android.commands.uiautomator.Launcher
08-02 15:49:35.929  1708  1760 W BroadcastQueue: Timeout of broadcast BroadcastRecord{60e4094 u0 android.intent.action.BOOT_COMPLETED} - receiver=android.os.BinderProxy@621eac4, started 60001ms ago
08-02 15:49:35.929  1708  1760 W BroadcastQueue: Receiver during timeout: BroadcastFilter{70748e2 u0 ReceiverList{990ddad 1946 com.android.systemui/10016/u0 remote:621eac4}}
08-02 15:49:35.929  2541  2554 W Binder  : Binder call failed.
08-02 15:49:35.929  2541  2554 W Binder  : android.os.DeadObjectException
08-02 15:49:35.929  2541  2554 W Binder  : 	at android.os.BinderProxy.transactNative(Native Method)
08-02 15:49:35.929  2541  2554 W Binder  : 	at android.os.BinderProxy.transact(Binder.java:557)
08-02 15:49:35.929  2541  2554 W Binder  : 	at android.content.IIntentReceiver$Stub$Proxy.performReceive(IIntentReceiver.java:124)
08-02 15:49:35.929  2541  2554 W Binder  : 	at android.app.ActivityThread$ApplicationThread.scheduleRegisteredReceiver(ActivityThread.java:897)
08-02 15:49:35.929  2541  2554 W Binder  : 	at android.app.ApplicationThreadNative.onTransact(ApplicationThreadNative.java:399)
08-02 15:49:35.929  2541  2554 W Binder  : 	at android.os.Binder.execTransact(Binder.java:507)
08-02 15:49:36.380  2908  2908 W AccessibilityNodeInfoDumper: Fetch time: 4ms
08-02 15:49:36.382  1708  1972 W WindowManager: Attempted to remove non-existing token: android.os.Binder@852fce7
08-02 15:49:36.393  2908  2908 D AndroidRuntime: Shutting down VM
08-02 15:49:37.646  2936  2936 D AndroidRuntime: >>>>>> START com.android.internal.os.RuntimeInit uid 0 <<<<<<
08-02 15:49:37.647  2936  2936 D AndroidRuntime: CheckJNI is OFF
08-02 15:49:37.658  2936  2936 D ICU     : No timezone override file found: /data/misc/zoneinfo/current/icu/icu_tzdata.dat
08-02 15:49:37.674  2936  2936 E memtrack: Couldn't load memtrack module (No such file or directory)
08-02 15:49:37.674  2936  2936 E android.os.Debug: failed to load memtrack module: -2
08-02 15:49:37.675  2936  2936 I Radio-JNI: register_android_hardware_Radio DONE
08-02 15:49:37.683  2936  2936 D AndroidRuntime: Calling main entry com.android.commands.uiautomator.Launcher
08-02 15:49:38.705  2936  2936 W AccessibilityNodeInfoDumper: Fetch time: 3ms
08-02 15:49:38.705  1708  1745 W WindowManager: Attempted to remove non-existing token: android.os.Binder@8359b32
08-02 15:49:38.717  2936  2936 D AndroidRuntime: Shutting down VM
08-02 15:49:39.852  2962  2962 D AndroidRuntime: >>>>>> START com.android.internal.os.RuntimeInit uid 0 <<<<<<
08-02 15:49:39.855  2962  2962 D AndroidRuntime: CheckJNI is OFF
08-02 15:49:39.875  2962  2962 D ICU     : No timezone override file found: /data/misc/zoneinfo/current/icu/icu_tzdata.dat
08-02 15:49:39.887  2962  2962 E memtrack: Couldn't load memtrack module (No such file or directory)
08-02 15:49:39.887  2962  2962 E android.os.Debug: failed to load memtrack module: -2
08-02 15:49:39.888  2962  2962 I Radio-JNI: register_android_hardware_Radio DONE
08-02 15:49:39.897  2962  2962 D AndroidRuntime: Calling main entry com.android.commands.uiautomator.Launcher
08-02 15:49:40.911  2962  2962 W AccessibilityNodeInfoDumper: Fetch time: 4ms
08-02 15:49:40.912  1708  2202 W WindowManager: Attempted to remove non-existing token: android.os.Binder@ec88083
08-02 15:49:40.929  2962  2962 D AndroidRuntime: Shutting down VM
08-02 15:49:41.418  2980  2980 D AndroidRuntime: >>>>>> START com.android.internal.os.RuntimeInit uid 0 <<<<<<
08-02 15:49:41.420  2980  2980 D AndroidRuntime: CheckJNI is OFF
08-02 15:49:41.429  2980  2980 D ICU     : No timezone override file found: /data/misc/zoneinfo/current/icu/icu_tzdata.dat
08-02 15:49:41.440  2980  2980 E memtrack: Couldn't load memtrack module (No such file or directory)
08-02 15:49:41.440  2980  2980 E android.os.Debug: failed to load memtrack module: -2
08-02 15:49:41.441  2980  2980 I Radio-JNI: register_android_hardware_Radio DONE
08-02 15:49:41.447  2980  2980 D AndroidRuntime: Calling main entry com.android.commands.uiautomator.Launcher
08-02 15:49:42.466  2980  2980 W AccessibilityNodeInfoDumper: Fetch time: 5ms
08-02 15:49:42.466  1708  2180 W WindowManager: Attempted to remove non-existing token: android.os.Binder@ad8d200
08-02 15:49:42.489  2980  2980 D AndroidRuntime: Shutting down VM
08-02 15:49:43.593  3003  3003 D AndroidRuntime: >>>>>> START com.android.internal.os.RuntimeInit uid 0 <<<<<<
08-02 15:49:43.594  3003  3003 D AndroidRuntime: CheckJNI is OFF
08-02 15:49:43.606  3003  3003 D ICU     : No timezone override file found: /data/misc/zoneinfo/current/icu/icu_tzdata.dat
08-02 15:49:43.619  3003  3003 E memtrack: Couldn't load memtrack module (No such file or directory)
08-02 15:49:43.619  3003  3003 E android.os.Debug: failed to load memtrack module: -2
08-02 15:49:43.620  3003  3003 I Radio-JNI: register_android_hardware_Radio DONE
08-02 15:49:43.626  3003  3003 D AndroidRuntime: Calling main entry com.android.commands.uiautomator.Launcher
08-02 15:49:44.652  3003  3003 W AccessibilityNodeInfoDumper: Fetch time: 4ms
08-02 15:49:44.652  1708  2202 W WindowManager: Attempted to remove non-existing token: android.os.Binder@a4d9a39
08-02 15:49:44.668  3003  3003 D AndroidRuntime: Shutting down VM
08-02 15:49:45.143  3021  3021 D AndroidRuntime: >>>>>> START com.android.internal.os.RuntimeInit uid 0 <<<<<<
08-02 15:49:45.146  3021  3021 D AndroidRuntime: CheckJNI is OFF
08-02 15:49:45.157  3021  3021 D ICU     : No timezone override file found: /data/misc/zoneinfo/current/icu/icu_tzdata.dat
08-02 15:49:45.175  3021  3021 E memtrack: Couldn't load memtrack module (No such file or directory)
08-02 15:49:45.175  3021  3021 E android.os.Debug: failed to load memtrack module: -2
08-02 15:49:45.177  3021  3021 I Radio-JNI: register_android_hardware_Radio DONE
08-02 15:49:45.185  3021  3021 D AndroidRuntime: Calling main entry com.android.commands.uiautomator.Launcher
08-02 15:49:46.200  3021  3021 W AccessibilityNodeInfoDumper: Fetch time: 3ms
08-02 15:49:46.201  1708  1972 W WindowManager: Attempted to remove non-existing token: android.os.Binder@91e387e
08-02 15:49:46.214  3021  3021 D AndroidRuntime: Shutting down VM
08-02 15:49:47.285  3044  3044 D AndroidRuntime: >>>>>> START com.android.internal.os.RuntimeInit uid 0 <<<<<<
08-02 15:49:47.286  3044  3044 D AndroidRuntime: CheckJNI is OFF
08-02 15:49:47.296  3044  3044 D ICU     : No timezone override file found: /data/misc/zoneinfo/current/icu/icu_tzdata.dat
08-02 15:49:47.307  3044  3044 E memtrack: Couldn't load memtrack module (No such file or directory)
08-02 15:49:47.307  3044  3044 E android.os.Debug: failed to load memtrack module: -2
08-02 15:49:47.307  3044  3044 I Radio-JNI: register_android_hardware_Radio DONE
08-02 15:49:47.314  3044  3044 D AndroidRuntime: Calling main entry com.android.commands.uiautomator.Launcher
08-02 15:49:48.334  3044  3044 W AccessibilityNodeInfoDumper: Fetch time: 4ms
08-02 15:49:48.336  1708  2539 W WindowManager: Attempted to remove non-existing token: android.os.Binder@af90e2c
08-02 15:49:48.343  3044  3044 D AndroidRuntime: Shutting down VM
08-02 15:49:48.803  3062  3062 D AndroidRuntime: >>>>>> START com.android.internal.os.RuntimeInit uid 0 <<<<<<
08-02 15:49:48.804  3062  3062 D AndroidRuntime: CheckJNI is OFF
08-02 15:49:48.812  3062  3062 D ICU     : No timezone override file found: /data/misc/zoneinfo/current/icu/icu_tzdata.dat
08-02 15:49:48.834  3062  3062 E memtrack: Couldn't load memtrack module (No such file or directory)
08-02 15:49:48.834  3062  3062 E android.os.Debug: failed to load memtrack module: -2
08-02 15:49:48.835  3062  3062 I Radio-JNI: register_android_hardware_Radio DONE
08-02 15:49:48.846  3062  3062 D AndroidRuntime: Calling main entry com.android.commands.uiautomator.Launcher
08-02 15:49:49.869  3062  3062 W AccessibilityNodeInfoDumper: Fetch time: 3ms
08-02 15:49:49.869  1708  2202 W WindowManager: Attempted to remove non-existing token: android.os.Binder@64a0f5
08-02 15:49:49.915  3062  3062 D AndroidRuntime: Shutting down VM
08-02 15:49:51.005  3086  3086 D AndroidRuntime: >>>>>> START com.android.internal.os.RuntimeInit uid 0 <<<<<<
08-02 15:49:51.006  3086  3086 D AndroidRuntime: CheckJNI is OFF
08-02 15:49:51.017  3086  3086 D ICU     : No timezone override file found: /data/misc/zoneinfo/current/icu/icu_tzdata.dat
08-02 15:49:51.037  3086  3086 E memtrack: Couldn't load memtrack module (No such file or directory)
08-02 15:49:51.037  3086  3086 E android.os.Debug: failed to load memtrack module: -2
08-02 15:49:51.038  3086  3086 I Radio-JNI: register_android_hardware_Radio DONE
08-02 15:49:51.045  3086  3086 D AndroidRuntime: Calling main entry com.android.commands.uiautomator.Launcher
08-02 15:49:52.064  3086  3086 W AccessibilityNodeInfoDumper: Fetch time: 4ms
08-02 15:49:52.065  1708  2202 W WindowManager: Attempted to remove non-existing token: android.os.Binder@6615e8a
08-02 15:49:52.082  3086  3086 D AndroidRuntime: Shutting down VM
08-02 15:49:52.590  3104  3104 D AndroidRuntime: >>>>>> START com.android.internal.os.RuntimeInit uid 0 <<<<<<
08-02 15:49:52.591  3104  3104 D AndroidRuntime: CheckJNI is OFF
08-02 15:49:52.601  3104  3104 D ICU     : No timezone override file found: /data/misc/zoneinfo/current/icu/icu_tzdata.dat
08-02 15:49:52.614  3104  3104 E memtrack: Couldn't load memtrack module (No such file or directory)
08-02 15:49:52.614  3104  3104 E android.os.Debug: failed to load memtrack module: -2
08-02 15:49:52.615  3104  3104 I Radio-JNI: register_android_hardware_Radio DONE
08-02 15:49:52.621  3104  3104 D AndroidRuntime: Calling main entry com.android.commands.uiautomator.Launcher
08-02 15:49:53.642  3104  3104 W AccessibilityNodeInfoDumper: Fetch time: 4ms
08-02 15:49:53.643  1708  2245 W WindowManager: Attempted to remove non-existing token: android.os.Binder@aff7cfb
08-02 15:49:53.658  3104  3104 D AndroidRuntime: Shutting down VM
08-02 15:49:54.777  3129  3129 D AndroidRuntime: >>>>>> START com.android.internal.os.RuntimeInit uid 0 <<<<<<
08-02 15:49:54.779  3129  3129 D AndroidRuntime: CheckJNI is OFF
08-02 15:49:54.788  3129  3129 D ICU     : No timezone override file found: /data/misc/zoneinfo/current/icu/icu_tzdata.dat
08-02 15:49:54.798  3129  3129 E memtrack: Couldn't load memtrack module (No such file or directory)
08-02 15:49:54.798  3129  3129 E android.os.Debug: failed to load memtrack module: -2
08-02 15:49:54.799  3129  3129 I Radio-JNI: register_android_hardware_Radio DONE
08-02 15:49:54.807  3129  3129 D AndroidRuntime: Calling main entry com.android.commands.uiautomator.Launcher
08-02 15:49:55.893  3129  3129 W AccessibilityNodeInfoDumper: Fetch time: 4ms
08-02 15:49:55.893  1708  2539 W WindowManager: Attempted to remove non-existing token: android.os.Binder@bfee118
08-02 15:49:55.905  3129  3129 D AndroidRuntime: Shutting down VM
08-02 15:49:56.403  3147  3147 D AndroidRuntime: >>>>>> START com.android.internal.os.RuntimeInit uid 0 <<<<<<
08-02 15:49:56.406  3147  3147 D AndroidRuntime: CheckJNI is OFF
08-02 15:49:56.415  3147  3147 D ICU     : No timezone override file found: /data/misc/zoneinfo/current/icu/icu_tzdata.dat
08-02 15:49:56.427  3147  3147 E memtrack: Couldn't load memtrack module (No such file or directory)
08-02 15:49:56.427  3147  3147 E android.os.Debug: failed to load memtrack module: -2
08-02 15:49:56.428  3147  3147 I Radio-JNI: register_android_hardware_Radio DONE
08-02 15:49:56.435  3147  3147 D AndroidRuntime: Calling main entry com.android.commands.uiautomator.Launcher
08-02 15:49:57.455  3147  3147 W AccessibilityNodeInfoDumper: Fetch time: 8ms
08-02 15:49:57.455  1708  2245 W WindowManager: Attempted to remove non-existing token: android.os.Binder@4ab5771
08-02 15:49:57.494  3147  3147 D AndroidRuntime: Shutting down VM
08-02 15:49:58.150  3160  3160 D AndroidRuntime: >>>>>> START com.android.internal.os.RuntimeInit uid 0 <<<<<<
08-02 15:49:58.156  3160  3160 D AndroidRuntime: CheckJNI is OFF
08-02 15:49:58.182  3160  3160 D ICU     : No timezone override file found: /data/misc/zoneinfo/current/icu/icu_tzdata.dat
08-02 15:49:58.202  3160  3160 E memtrack: Couldn't load memtrack module (No such file or directory)
08-02 15:49:58.202  3160  3160 E android.os.Debug: failed to load memtrack module: -2
08-02 15:49:58.205  3160  3160 I Radio-JNI: register_android_hardware_Radio DONE
08-02 15:49:58.217  3160  3160 D AndroidRuntime: Calling main entry com.android.commands.input.Input
08-02 15:49:58.220  3160  3160 I Input   : injectMotionEvent: MotionEvent { action=ACTION_DOWN, actionButton=0, id[0]=0, x[0]=1144.0, y[0]=112.0, toolType[0]=TOOL_TYPE_UNKNOWN, buttonState=0, metaState=0, flags=0x0, edgeFlags=0x0, pointerCount=1, historySize=0, eventTime=208829, downTime=208829, deviceId=0, source=0x1002 }
08-02 15:49:58.222  3160  3160 I Input   : injectMotionEvent: MotionEvent { action=ACTION_UP, actionButton=0, id[0]=0, x[0]=1144.0, y[0]=112.0, toolType[0]=TOOL_TYPE_UNKNOWN, buttonState=0, metaState=0, flags=0x0, edgeFlags=0x0, pointerCount=1, historySize=0, eventTime=208829, downTime=208829, deviceId=0, source=0x1002 }
08-02 15:49:58.224  3160  3160 D AndroidRuntime: Shutting down VM
08-02 15:49:58.244  2796  2796 I ListPopupWindow: Could not find method setEpicenterBounds(Rect) on PopupWindow. Oh well.
08-02 15:49:58.253  2796  2796 W art     : Before Android 4.1, method int android.support.v7.widget.DropDownListView.lookForSelectablePosition(int, boolean) would have incorrectly overridden the package-private method in android.widget.ListView
08-02 15:49:58.253  2796  2796 W art     : Before Android 4.1, method int android.support.v7.widget.MenuPopupWindow$MenuDropDownListView.lookForSelectablePosition(int, boolean) would have incorrectly overridden the package-private method in android.widget.ListView
08-02 15:49:58.354  2796  2814 W EGL_emulation: eglSurfaceAttrib not implemented
08-02 15:49:58.354  2796  2814 W OpenGLRenderer: Failed to set EGL_SWAP_BEHAVIOR on surface 0xee9932e0, error=EGL_SUCCESS
08-02 15:50:03.099  3494  3494 D AndroidRuntime: >>>>>> START com.android.internal.os.RuntimeInit uid 0 <<<<<<
08-02 15:50:03.101  3494  3494 D AndroidRuntime: CheckJNI is OFF
08-02 15:50:03.111  3494  3494 D ICU     : No timezone override file found: /data/misc/zoneinfo/current/icu/icu_tzdata.dat
08-02 15:50:03.124  3494  3494 E memtrack: Couldn't load memtrack module (No such file or directory)
08-02 15:50:03.124  3494  3494 E android.os.Debug: failed to load memtrack module: -2
08-02 15:50:03.127  3494  3494 I Radio-JNI: register_android_hardware_Radio DONE
08-02 15:50:03.137  3494  3494 D AndroidRuntime: Calling main entry com.android.commands.uiautomator.Launcher
08-02 15:50:04.160  3494  3494 W AccessibilityNodeInfoDumper: Fetch time: 2ms
08-02 15:50:04.161  1708  2539 W WindowManager: Attempted to remove non-existing token: android.os.Binder@f9a9073
08-02 15:50:04.172  3494  3494 D AndroidRuntime: Shutting down VM
08-02 15:50:05.279  3517  3517 D AndroidRuntime: >>>>>> START com.android.internal.os.RuntimeInit uid 0 <<<<<<
08-02 15:50:05.285  3517  3517 D AndroidRuntime: CheckJNI is OFF
08-02 15:50:05.296  3517  3517 D ICU     : No timezone override file found: /data/misc/zoneinfo/current/icu/icu_tzdata.dat
08-02 15:50:05.308  3517  3517 E memtrack: Couldn't load memtrack module (No such file or directory)
08-02 15:50:05.308  3517  3517 E android.os.Debug: failed to load memtrack module: -2
08-02 15:50:05.309  3517  3517 I Radio-JNI: register_android_hardware_Radio DONE
08-02 15:50:05.314  3517  3517 D AndroidRuntime: Calling main entry com.android.commands.uiautomator.Launcher
08-02 15:50:06.338  3517  3517 W AccessibilityNodeInfoDumper: Fetch time: 1ms
08-02 15:50:06.338  1708  2202 W WindowManager: Attempted to remove non-existing token: android.os.Binder@8c4bb30
08-02 15:50:06.367  3517  3517 D AndroidRuntime: Shutting down VM
08-02 15:50:06.863  3535  3535 D AndroidRuntime: >>>>>> START com.android.internal.os.RuntimeInit uid 0 <<<<<<
08-02 15:50:06.864  3535  3535 D AndroidRuntime: CheckJNI is OFF
08-02 15:50:06.873  3535  3535 D ICU     : No timezone override file found: /data/misc/zoneinfo/current/icu/icu_tzdata.dat
08-02 15:50:06.885  3535  3535 E memtrack: Couldn't load memtrack module (No such file or directory)
08-02 15:50:06.885  3535  3535 E android.os.Debug: failed to load memtrack module: -2
08-02 15:50:06.886  3535  3535 I Radio-JNI: register_android_hardware_Radio DONE
08-02 15:50:06.895  3535  3535 D AndroidRuntime: Calling main entry com.android.commands.uiautomator.Launcher
08-02 15:50:07.911  3535  3535 W AccessibilityNodeInfoDumper: Fetch time: 2ms
08-02 15:50:07.911  1708  1740 W WindowManager: Attempted to remove non-existing token: android.os.Binder@3ec83a9
