--------- beginning of main
08-02 15:27:47.028   265   661 D AudioFlinger: mixer(0xf1d80000) throttle end: throttle time(5)
08-02 15:27:53.298  1881  1881 D AndroidRuntime: >>>>>> START com.android.internal.os.RuntimeInit uid 0 <<<<<<
08-02 15:27:53.299  1881  1881 D AndroidRuntime: CheckJNI is OFF
08-02 15:27:53.311  1881  1881 D ICU     : No timezone override file found: /data/misc/zoneinfo/current/icu/icu_tzdata.dat
08-02 15:27:53.322  1881  1881 E memtrack: Couldn't load memtrack module (No such file or directory)
08-02 15:27:53.322  1881  1881 E android.os.Debug: failed to load memtrack module: -2
08-02 15:27:53.323  1881  1881 I Radio-JNI: register_android_hardware_Radio DONE
08-02 15:27:53.330  1881  1881 D AndroidRuntime: Calling main entry com.android.commands.pm.Pm
08-02 15:27:53.335   626  1105 I PackageManager: Package doesn't exist in get block uninstall com.iamtrk.androidexplorer
--------- beginning of system
08-02 15:27:53.335   626   649 W PackageManager: Package named 'com.iamtrk.androidexplorer' doesn't exist.
08-02 15:27:53.335   626   649 I art     : Starting a blocking GC Explicit
08-02 15:27:53.350   626   649 I art     : Explicit concurrent mark sweep GC freed 36565(1970KB) AllocSpace objects, 4(88KB) LOS objects, 33% free, 5MB/8MB, paused 215us total 14.616ms
08-02 15:27:53.351  1881  1881 E Pm      : Failure details: Bundle[{android.content.pm.extra.STATUS=1, android.content.pm.extra.PACKAGE_NAME=com.iamtrk.androidexplorer, android.content.pm.extra.LEGACY_STATUS=-1, android.content.pm.extra.STATUS_MESSAGE=DELETE_FAILED_INTERNAL_ERROR}]
08-02 15:27:53.352  1881  1881 I art     : System.exit called, status: 1
08-02 15:27:53.352  1881  1881 I AndroidRuntime: VM exiting with result code 1.
08-02 15:27:53.725  1894  1894 D AndroidRuntime: >>>>>> START com.android.internal.os.RuntimeInit uid 0 <<<<<<
08-02 15:27:53.728  1894  1894 D AndroidRuntime: CheckJNI is OFF
08-02 15:27:53.743  1894  1894 D ICU     : No timezone override file found: /data/misc/zoneinfo/current/icu/icu_tzdata.dat
08-02 15:27:53.758  1894  1894 E memtrack: Couldn't load memtrack module (No such file or directory)
08-02 15:27:53.758  1894  1894 E android.os.Debug: failed to load memtrack module: -2
08-02 15:27:53.759  1894  1894 I Radio-JNI: register_android_hardware_Radio DONE
08-02 15:27:53.765  1894  1894 D AndroidRuntime: Calling main entry com.android.commands.pm.Pm
08-02 15:27:53.785   626   649 I ActivityManager: Start proc 1902:com.android.defcontainer/u0a4 for service com.android.defcontainer/.DefaultContainerService
08-02 15:27:53.815  1902  1902 E libprocessgroup: failed to make and chown /acct/uid_10004: Read-only file system
08-02 15:27:53.815  1902  1902 W Zygote  : createProcessGroup failed, kernel missing CONFIG_CGROUP_CPUACCT?
08-02 15:27:53.834  1902  1914 D DefContainer: Copying /data/local/tmp/device_explorer-release-unsigned_TAINT.apk to base.apk
08-02 15:27:53.878   626   649 I PackageManager.DexOptimizer: Running dexopt (dex2oat) on: /data/app/vmdl1092333956.tmp/base.apk pkg=com.iamtrk.androidexplorer isa=x86 vmSafeMode=false debuggable=false oatDir = /data/app/vmdl1092333956.tmp/oat
08-02 15:27:53.885  1916  1916 W dex2oat : Unexpected CPU variant for X86 using defaults: x86
08-02 15:27:53.885  1916  1916 I dex2oat : Starting dex2oat.
08-02 15:27:53.885  1916  1916 E cutils-trace: Error opening trace file: Permission denied (13)
08-02 15:27:54.283  1916  1916 I dex2oat : dex2oat took 397.928ms (threads: 4) arena alloc=2MB java alloc=1670KB native alloc=6MB free=1779KB
08-02 15:27:54.320   626   649 V BackupManagerService: restoreAtInstall pkg=com.iamtrk.androidexplorer token=1 restoreSet=0
08-02 15:27:54.320   626   649 V BackupManagerService: Finishing install immediately
08-02 15:27:54.320   626   649 W Settings: Setting install_non_market_apps has moved from android.provider.Settings.Global to android.provider.Settings.Secure, returning read-only value.
08-02 15:27:54.320   626   649 I art     : Starting a blocking GC Explicit
08-02 15:27:54.330   626   649 I art     : Explicit concurrent mark sweep GC freed 22429(1322KB) AllocSpace objects, 7(180KB) LOS objects, 33% free, 5MB/8MB, paused 210us total 9.036ms
08-02 15:27:54.335  1894  1894 I art     : System.exit called, status: 0
08-02 15:27:54.335  1894  1894 I AndroidRuntime: VM exiting with result code 0.
08-02 15:27:54.339   626   677 I InputReader: Reconfiguring input devices.  changes=0x00000010
08-02 15:27:54.376  1061  1061 D CarrierServiceBindHelper: Receive action: android.intent.action.PACKAGE_ADDED
08-02 15:27:54.388  1061  1061 D CarrierServiceBindHelper: mHandler: 3
08-02 15:27:54.392  1061  1061 D CarrierConfigLoader: mHandler: 9 phoneId: 0
08-02 15:27:54.503   626  1103 I ActivityManager: Start proc 1939:com.svox.pico/u0a50 for broadcast com.svox.pico/.VoiceDataInstallerReceiver
08-02 15:27:54.511   626   639 W VoiceInteractionManagerService: no available voice recognition services found for user 0
08-02 15:27:54.532  1939  1939 E libprocessgroup: failed to make and chown /acct/uid_10050: Read-only file system
08-02 15:27:54.532  1939  1939 W Zygote  : createProcessGroup failed, kernel missing CONFIG_CGROUP_CPUACCT?
08-02 15:27:54.558   626   637 I ActivityManager: Killing 1718:com.android.dialer/u0a5 (adj 15): empty #17
08-02 15:27:54.558   626   637 W libprocessgroup: failed to open /acct/uid_10005/pid_1718/cgroup.procs: No such file or directory
08-02 15:27:54.675  1944  1944 D AndroidRuntime: >>>>>> START com.android.internal.os.RuntimeInit uid 0 <<<<<<
08-02 15:27:54.676  1944  1944 D AndroidRuntime: CheckJNI is OFF
08-02 15:27:54.685  1944  1944 D ICU     : No timezone override file found: /data/misc/zoneinfo/current/icu/icu_tzdata.dat
08-02 15:27:54.696  1944  1944 E memtrack: Couldn't load memtrack module (No such file or directory)
08-02 15:27:54.697  1944  1944 E android.os.Debug: failed to load memtrack module: -2
08-02 15:27:54.698  1944  1944 I Radio-JNI: register_android_hardware_Radio DONE
08-02 15:27:54.704  1944  1944 D AndroidRuntime: Calling main entry com.android.commands.monkey.Monkey
08-02 15:27:54.713   626   640 W BroadcastQueue: Skipping deliver [background] BroadcastRecord{97fea94 u-1 android.net.conn.CONNECTIVITY_CHANGE} to ReceiverList{768293d 1944 (unknown name)/0/u-1 remote:39794a6}: process crashing
08-02 15:27:54.716   626  1099 I ActivityManager: START u0 {act=android.intent.action.MAIN cat=[android.intent.category.LAUNCHER] flg=0x10200000 cmp=com.iamtrk.androidexplorer/com.iamtrk.ItemListActivity} from uid 0 on display 0
08-02 15:27:54.736   626   637 I ActivityManager: Start proc 1962:com.iamtrk.androidexplorer/u0a60 for activity com.iamtrk.androidexplorer/com.iamtrk.ItemListActivity
08-02 15:27:54.750   626   641 D Sensors : batch handle 1, but there is no batch sensor in genymotion
08-02 15:27:54.750  1944  1944 I art     : System.exit called, status: 0
08-02 15:27:54.750  1944  1944 I AndroidRuntime: VM exiting with result code 0.
08-02 15:27:54.775  1962  1962 E libprocessgroup: failed to make and chown /acct/uid_10060: Read-only file system
08-02 15:27:54.775  1962  1962 W Zygote  : createProcessGroup failed, kernel missing CONFIG_CGROUP_CPUACCT?
08-02 15:27:55.059  1962  1962 W System  : ClassLoader referenced unknown path: /data/app/com.iamtrk.androidexplorer-1/lib/x86
08-02 15:27:55.123  1962  1962 D leak-2-6: 2
08-02 15:27:55.128  1962  1962 D leak-4-6: 4
08-02 15:27:55.136  1962  1962 D leak-6-6: 6
08-02 15:27:55.140  1962  1962 D leak-7-6: 7
08-02 15:27:55.142  1962  1962 D leak-8-6: 8
08-02 15:27:55.142  1962  1962 D leak-10-6: 10
08-02 15:27:55.142  1962  1962 D leak-13-6: 13
08-02 15:27:55.143  1962  1962 D leak-14-6: 14
08-02 15:27:55.143  1962  1962 D leak-2-2: 2
08-02 15:27:55.143  1962  1962 D leak-4-2: 4
08-02 15:27:55.143  1962  1962 D leak-6-2: 6
08-02 15:27:55.143  1962  1962 D leak-7-2: Eastern Standard Time
08-02 15:27:55.143  1962  1962 D leak-8-2: 8
08-02 15:27:55.143  1962  1962 D leak-10-2: 10
08-02 15:27:55.143  1962  1962 D leak-13-2: 13
08-02 15:27:55.143  1962  1962 D leak-14-2: 14
08-02 15:27:55.199   626  1103 I ActivityManager: START u0 {act=android.content.pm.action.REQUEST_PERMISSIONS pkg=com.android.packageinstaller cmp=com.android.packageinstaller/.permission.ui.GrantPermissionsActivity (has extras)} from uid 10060 on display 0
08-02 15:27:55.309  1962  1962 D leak-2-3: 2
08-02 15:27:55.309  1962  1962 D leak-4-3: 4
08-02 15:27:55.309  1962  1962 D leak-6-3: 6
08-02 15:27:55.309  1962  1962 D leak-7-3: Eastern Standard Time
08-02 15:27:55.309  1962  1962 D leak-8-3: 8
08-02 15:27:55.309  1962  1962 D leak-10-3: 10
08-02 15:27:55.310  1962  1962 D leak-13-3: 13
08-02 15:27:55.310  1962  1962 D leak-14-3: 14
08-02 15:27:55.310  1962  1962 D leak-2-5: 2
08-02 15:27:55.310  1962  1962 D leak-4-5: 4
08-02 15:27:55.310  1962  1962 D leak-6-5: 6
08-02 15:27:55.310  1962  1962 D leak-7-5: Eastern Standard Time
08-02 15:27:55.310  1962  1962 D leak-8-5: 8
08-02 15:27:55.310  1962  1962 D leak-10-5: 10
08-02 15:27:55.310  1962  1962 D leak-13-5: 13
08-02 15:27:55.310  1962  1962 D leak-14-5: 14
08-02 15:27:55.545  1962  1977 D OpenGLRenderer: Use EGL_SWAP_BEHAVIOR_PRESERVED: true
08-02 15:27:55.612  1962  1962 D         : HostConnection::get() New Host Connection established 0xe7fff740, tid 1962
08-02 15:27:55.793   626   640 W ActivityManager: Activity pause timeout for ActivityRecord{6185532 u0 com.iamtrk.androidexplorer/com.iamtrk.ItemListActivity t4}
08-02 15:27:56.009  1979  1979 E libprocessgroup: failed to make and chown /acct/uid_10012: Read-only file system
08-02 15:27:56.009  1979  1979 W Zygote  : createProcessGroup failed, kernel missing CONFIG_CGROUP_CPUACCT?
08-02 15:27:56.067   626   640 I ActivityManager: Start proc 1979:com.android.packageinstaller/u0a12 for activity com.android.packageinstaller/.permission.ui.GrantPermissionsActivity
08-02 15:27:56.110   626   637 W art     : Long monitor contention event with owner method=void com.android.server.am.ActivityStack$ActivityStackHandler.handleMessage(android.os.Message) from ActivityStack.java:283 waiters=1 for 256ms
08-02 15:27:56.448  1962  1977 D libEGL  : loaded /system/lib/egl/libEGL_emulation.so
08-02 15:27:56.466  1962  1977 D libEGL  : loaded /system/lib/egl/libGLESv1_CM_emulation.so
08-02 15:27:56.484  1962  1977 D libEGL  : loaded /system/lib/egl/libGLESv2_emulation.so
08-02 15:27:56.520  1962  1977 D         : HostConnection::get() New Host Connection established 0xeebd2a90, tid 1977
08-02 15:27:56.532   626   641 W art     : Long monitor contention event with owner method=void com.android.server.am.ActivityManagerService.attachApplication(android.app.IApplicationThread) from ActivityManagerService.java:6235 waiters=0 for 288ms
08-02 15:27:56.547   626  1103 W art     : Long monitor contention event with owner method=void com.android.server.am.ActivityManagerService.attachApplication(android.app.IApplicationThread) from ActivityManagerService.java:6235 waiters=1 for 222ms
08-02 15:27:56.652  1979  1979 W System  : ClassLoader referenced unknown path: /system/priv-app/PackageInstaller/lib/x86
08-02 15:27:57.076  1979  1989 I art     : Background sticky concurrent mark sweep GC freed 16505(748KB) AllocSpace objects, 0(0B) LOS objects, 72% free, 623KB/2MB, paused 6.113ms total 71.688ms
08-02 15:27:57.293  1979  1993 D OpenGLRenderer: Use EGL_SWAP_BEHAVIOR_PRESERVED: true
08-02 15:27:57.364  1979  1979 D         : HostConnection::get() New Host Connection established 0xe7fffa40, tid 1979
08-02 15:27:57.698  1962  1977 I OpenGLRenderer: Initialized EGL, version 1.4
08-02 15:27:58.262  1979  1993 D libEGL  : loaded /system/lib/egl/libEGL_emulation.so
08-02 15:27:58.262  1979  1993 D libEGL  : loaded /system/lib/egl/libGLESv1_CM_emulation.so
08-02 15:27:58.266  1979  1993 D libEGL  : loaded /system/lib/egl/libGLESv2_emulation.so
08-02 15:27:58.283  1979  1993 D         : HostConnection::get() New Host Connection established 0xeebd2a00, tid 1993
08-02 15:27:58.349  1979  1993 I OpenGLRenderer: Initialized EGL, version 1.4
08-02 15:27:58.385  1962  1977 W EGL_emulation: eglSurfaceAttrib not implemented
08-02 15:27:58.385  1962  1977 W OpenGLRenderer: Failed to set EGL_SWAP_BEHAVIOR on surface 0xe9bfa240, error=EGL_SUCCESS
08-02 15:27:58.395  1979  1993 W EGL_emulation: eglSurfaceAttrib not implemented
08-02 15:27:58.395  1979  1993 W OpenGLRenderer: Failed to set EGL_SWAP_BEHAVIOR on surface 0xe9bfda60, error=EGL_SUCCESS
08-02 15:27:59.282  1979  1979 I Choreographer: Skipped 50 frames!  The application may be doing too much work on its main thread.
08-02 15:28:00.467  1999  1999 D AndroidRuntime: >>>>>> START com.android.internal.os.RuntimeInit uid 0 <<<<<<
08-02 15:28:00.468  1999  1999 D AndroidRuntime: CheckJNI is OFF
08-02 15:28:00.603  1999  1999 D ICU     : No timezone override file found: /data/misc/zoneinfo/current/icu/icu_tzdata.dat
08-02 15:28:00.759   626   645 I ActivityManager: Displayed com.android.packageinstaller/.permission.ui.GrantPermissionsActivity: +4s966ms (total +6s34ms)
08-02 15:28:00.776  1999  1999 E memtrack: Couldn't load memtrack module (No such file or directory)
08-02 15:28:00.776  1999  1999 E android.os.Debug: failed to load memtrack module: -2
08-02 15:28:00.778  1999  1999 I Radio-JNI: register_android_hardware_Radio DONE
08-02 15:28:00.789  1491  1555 E Surface : getSlotFromBufferLocked: unknown buffer: 0xeebf5e90
08-02 15:28:00.797  1999  1999 D AndroidRuntime: Calling main entry com.android.commands.content.Content
08-02 15:28:00.835  1999  1999 D AndroidRuntime: Shutting down VM
08-02 15:28:01.247  2009  2009 D AndroidRuntime: >>>>>> START com.android.internal.os.RuntimeInit uid 0 <<<<<<
08-02 15:28:01.253  2009  2009 D AndroidRuntime: CheckJNI is OFF
08-02 15:28:01.280  2009  2009 D ICU     : No timezone override file found: /data/misc/zoneinfo/current/icu/icu_tzdata.dat
08-02 15:28:01.326  2009  2009 E memtrack: Couldn't load memtrack module (No such file or directory)
08-02 15:28:01.326  2009  2009 E android.os.Debug: failed to load memtrack module: -2
08-02 15:28:01.331  2009  2009 I Radio-JNI: register_android_hardware_Radio DONE
08-02 15:28:01.351  2009  2009 D AndroidRuntime: Calling main entry com.android.commands.content.Content
08-02 15:28:01.379  2009  2009 D AndroidRuntime: Shutting down VM
08-02 15:28:02.483  2032  2032 D AndroidRuntime: >>>>>> START com.android.internal.os.RuntimeInit uid 0 <<<<<<
08-02 15:28:02.484  2032  2032 D AndroidRuntime: CheckJNI is OFF
08-02 15:28:02.497  2032  2032 D ICU     : No timezone override file found: /data/misc/zoneinfo/current/icu/icu_tzdata.dat
08-02 15:28:02.509  2032  2032 E memtrack: Couldn't load memtrack module (No such file or directory)
08-02 15:28:02.509  2032  2032 E android.os.Debug: failed to load memtrack module: -2
08-02 15:28:02.510  2032  2032 I Radio-JNI: register_android_hardware_Radio DONE
08-02 15:28:02.517  2032  2032 D AndroidRuntime: Calling main entry com.android.commands.uiautomator.Launcher
08-02 15:28:03.624  2032  2032 W AccessibilityNodeInfoDumper: Fetch time: 2ms
08-02 15:28:03.624   626   637 W WindowManager: Attempted to remove non-existing token: android.os.Binder@8011b9a
08-02 15:28:03.636  2032  2032 D AndroidRuntime: Shutting down VM
08-02 15:28:03.846   626   760 I ActivityManager: Killing 1742:com.android.managedprovisioning/u0a9 (adj 15): empty #17
08-02 15:28:03.847   626   760 W libprocessgroup: failed to open /acct/uid_10009/pid_1742/cgroup.procs: No such file or directory
08-02 15:28:04.160  2050  2050 D AndroidRuntime: >>>>>> START com.android.internal.os.RuntimeInit uid 0 <<<<<<
08-02 15:28:04.162  2050  2050 D AndroidRuntime: CheckJNI is OFF
08-02 15:28:04.174  2050  2050 D ICU     : No timezone override file found: /data/misc/zoneinfo/current/icu/icu_tzdata.dat
08-02 15:28:04.185  2050  2050 E memtrack: Couldn't load memtrack module (No such file or directory)
08-02 15:28:04.185  2050  2050 E android.os.Debug: failed to load memtrack module: -2
08-02 15:28:04.186  2050  2050 I Radio-JNI: register_android_hardware_Radio DONE
08-02 15:28:04.191  2050  2050 D AndroidRuntime: Calling main entry com.android.commands.uiautomator.Launcher
08-02 15:28:04.349   626   677 I InputReader: Reconfiguring input devices.  changes=0x00000010
08-02 15:28:05.202  2050  2050 W AccessibilityNodeInfoDumper: Fetch time: 1ms
08-02 15:28:05.203   626   956 W WindowManager: Attempted to remove non-existing token: android.os.Binder@1fddccb
08-02 15:28:05.211  2050  2050 D AndroidRuntime: Shutting down VM
08-02 15:28:06.331  2074  2074 D AndroidRuntime: >>>>>> START com.android.internal.os.RuntimeInit uid 0 <<<<<<
08-02 15:28:06.332  2074  2074 D AndroidRuntime: CheckJNI is OFF
08-02 15:28:06.341  2074  2074 D ICU     : No timezone override file found: /data/misc/zoneinfo/current/icu/icu_tzdata.dat
08-02 15:28:06.353  2074  2074 E memtrack: Couldn't load memtrack module (No such file or directory)
08-02 15:28:06.353  2074  2074 E android.os.Debug: failed to load memtrack module: -2
08-02 15:28:06.354  2074  2074 I Radio-JNI: register_android_hardware_Radio DONE
08-02 15:28:06.360  2074  2074 D AndroidRuntime: Calling main entry com.android.commands.uiautomator.Launcher
08-02 15:28:07.371  2074  2074 W AccessibilityNodeInfoDumper: Fetch time: 1ms
08-02 15:28:07.371   626   760 W WindowManager: Attempted to remove non-existing token: android.os.Binder@63f83f2
08-02 15:28:07.382  2074  2074 D AndroidRuntime: Shutting down VM
08-02 15:28:08.547  2102  2102 D AndroidRuntime: >>>>>> START com.android.internal.os.RuntimeInit uid 0 <<<<<<
08-02 15:28:08.549  2102  2102 D AndroidRuntime: CheckJNI is OFF
08-02 15:28:08.558  2102  2102 D ICU     : No timezone override file found: /data/misc/zoneinfo/current/icu/icu_tzdata.dat
08-02 15:28:08.570  2102  2102 E memtrack: Couldn't load memtrack module (No such file or directory)
08-02 15:28:08.570  2102  2102 E android.os.Debug: failed to load memtrack module: -2
08-02 15:28:08.571  2102  2102 I Radio-JNI: register_android_hardware_Radio DONE
08-02 15:28:08.577  2102  2102 D AndroidRuntime: Calling main entry com.android.commands.uiautomator.Launcher
08-02 15:28:09.590  2102  2102 W AccessibilityNodeInfoDumper: Fetch time: 1ms
08-02 15:28:09.590   626  1331 W WindowManager: Attempted to remove non-existing token: android.os.Binder@c6cc8c0
08-02 15:28:09.603  2102  2102 D AndroidRuntime: Shutting down VM
08-02 15:28:10.726  2128  2128 D AndroidRuntime: >>>>>> START com.android.internal.os.RuntimeInit uid 0 <<<<<<
08-02 15:28:10.728  2128  2128 D AndroidRuntime: CheckJNI is OFF
08-02 15:28:10.739  2128  2128 D ICU     : No timezone override file found: /data/misc/zoneinfo/current/icu/icu_tzdata.dat
08-02 15:28:10.757  2128  2128 E memtrack: Couldn't load memtrack module (No such file or directory)
08-02 15:28:10.757  2128  2128 E android.os.Debug: failed to load memtrack module: -2
08-02 15:28:10.758  2128  2128 I Radio-JNI: register_android_hardware_Radio DONE
08-02 15:28:10.764  2128  2128 D AndroidRuntime: Calling main entry com.android.commands.uiautomator.Launcher
08-02 15:28:11.777  2128  2128 W AccessibilityNodeInfoDumper: Fetch time: 3ms
08-02 15:28:11.777   626  1105 W WindowManager: Attempted to remove non-existing token: android.os.Binder@3fc29f9
08-02 15:28:11.794  2128  2128 D AndroidRuntime: Shutting down VM
08-02 15:28:12.274  2146  2146 D AndroidRuntime: >>>>>> START com.android.internal.os.RuntimeInit uid 0 <<<<<<
08-02 15:28:12.275  2146  2146 D AndroidRuntime: CheckJNI is OFF
08-02 15:28:12.287  2146  2146 D ICU     : No timezone override file found: /data/misc/zoneinfo/current/icu/icu_tzdata.dat
08-02 15:28:12.300  2146  2146 E memtrack: Couldn't load memtrack module (No such file or directory)
08-02 15:28:12.300  2146  2146 E android.os.Debug: failed to load memtrack module: -2
08-02 15:28:12.301  2146  2146 I Radio-JNI: register_android_hardware_Radio DONE
08-02 15:28:12.310  2146  2146 D AndroidRuntime: Calling main entry com.android.commands.uiautomator.Launcher
08-02 15:28:13.323  2146  2146 W AccessibilityNodeInfoDumper: Fetch time: 2ms
08-02 15:28:13.324   626   637 W WindowManager: Attempted to remove non-existing token: android.os.Binder@6bded3e
08-02 15:28:13.356  2146  2146 D AndroidRuntime: Shutting down VM
08-02 15:28:14.454  2169  2169 D AndroidRuntime: >>>>>> START com.android.internal.os.RuntimeInit uid 0 <<<<<<
08-02 15:28:14.457  2169  2169 D AndroidRuntime: CheckJNI is OFF
08-02 15:28:14.469  2169  2169 D ICU     : No timezone override file found: /data/misc/zoneinfo/current/icu/icu_tzdata.dat
08-02 15:28:14.484  2169  2169 E memtrack: Couldn't load memtrack module (No such file or directory)
08-02 15:28:14.484  2169  2169 E android.os.Debug: failed to load memtrack module: -2
08-02 15:28:14.484  2169  2169 I Radio-JNI: register_android_hardware_Radio DONE
08-02 15:28:14.492  2169  2169 D AndroidRuntime: Calling main entry com.android.commands.uiautomator.Launcher
08-02 15:28:15.511  2169  2169 W AccessibilityNodeInfoDumper: Fetch time: 2ms
08-02 15:28:15.513   626  1105 W WindowManager: Attempted to remove non-existing token: android.os.Binder@91b179f
08-02 15:28:15.526  2169  2169 D AndroidRuntime: Shutting down VM
08-02 15:28:16.010  2187  2187 D AndroidRuntime: >>>>>> START com.android.internal.os.RuntimeInit uid 0 <<<<<<
08-02 15:28:16.011  2187  2187 D AndroidRuntime: CheckJNI is OFF
08-02 15:28:16.022  2187  2187 D ICU     : No timezone override file found: /data/misc/zoneinfo/current/icu/icu_tzdata.dat
08-02 15:28:16.040  2187  2187 E memtrack: Couldn't load memtrack module (No such file or directory)
08-02 15:28:16.040  2187  2187 E android.os.Debug: failed to load memtrack module: -2
08-02 15:28:16.041  2187  2187 I Radio-JNI: register_android_hardware_Radio DONE
08-02 15:28:16.050  2187  2187 D AndroidRuntime: Calling main entry com.android.commands.uiautomator.Launcher
08-02 15:28:17.080  2187  2187 W AccessibilityNodeInfoDumper: Fetch time: 1ms
08-02 15:28:17.080   626   637 W WindowManager: Attempted to remove non-existing token: android.os.Binder@5b5b0ec
08-02 15:28:17.092  2187  2187 D AndroidRuntime: Shutting down VM
08-02 15:28:18.249  2210  2210 D AndroidRuntime: >>>>>> START com.android.internal.os.RuntimeInit uid 0 <<<<<<
08-02 15:28:18.251  2210  2210 D AndroidRuntime: CheckJNI is OFF
08-02 15:28:18.261  2210  2210 D ICU     : No timezone override file found: /data/misc/zoneinfo/current/icu/icu_tzdata.dat
08-02 15:28:18.274  2210  2210 E memtrack: Couldn't load memtrack module (No such file or directory)
08-02 15:28:18.274  2210  2210 E android.os.Debug: failed to load memtrack module: -2
08-02 15:28:18.275  2210  2210 I Radio-JNI: register_android_hardware_Radio DONE
08-02 15:28:18.282  2210  2210 D AndroidRuntime: Calling main entry com.android.commands.uiautomator.Launcher
08-02 15:28:19.299  2210  2210 W AccessibilityNodeInfoDumper: Fetch time: 1ms
08-02 15:28:19.299   626   760 W WindowManager: Attempted to remove non-existing token: android.os.Binder@ccc6cb5
08-02 15:28:19.308  2210  2210 D AndroidRuntime: Shutting down VM
08-02 15:28:19.792  2228  2228 D AndroidRuntime: >>>>>> START com.android.internal.os.RuntimeInit uid 0 <<<<<<
08-02 15:28:19.794  2228  2228 D AndroidRuntime: CheckJNI is OFF
08-02 15:28:19.809  2228  2228 D ICU     : No timezone override file found: /data/misc/zoneinfo/current/icu/icu_tzdata.dat
08-02 15:28:19.830  2228  2228 E memtrack: Couldn't load memtrack module (No such file or directory)
08-02 15:28:19.830  2228  2228 E android.os.Debug: failed to load memtrack module: -2
08-02 15:28:19.833  2228  2228 I Radio-JNI: register_android_hardware_Radio DONE
08-02 15:28:19.841  2228  2228 D AndroidRuntime: Calling main entry com.android.commands.uiautomator.Launcher
08-02 15:28:20.860  2228  2228 W AccessibilityNodeInfoDumper: Fetch time: 2ms
08-02 15:28:20.860   626   637 W WindowManager: Attempted to remove non-existing token: android.os.Binder@1a38ebb
08-02 15:28:20.881  2228  2228 D AndroidRuntime: Shutting down VM
08-02 15:28:21.990  2253  2253 D AndroidRuntime: >>>>>> START com.android.internal.os.RuntimeInit uid 0 <<<<<<
08-02 15:28:21.992  2253  2253 D AndroidRuntime: CheckJNI is OFF
08-02 15:28:22.001  2253  2253 D ICU     : No timezone override file found: /data/misc/zoneinfo/current/icu/icu_tzdata.dat
08-02 15:28:22.014  2253  2253 E memtrack: Couldn't load memtrack module (No such file or directory)
08-02 15:28:22.014  2253  2253 E android.os.Debug: failed to load memtrack module: -2
08-02 15:28:22.015  2253  2253 I Radio-JNI: register_android_hardware_Radio DONE
08-02 15:28:22.023  2253  2253 D AndroidRuntime: Calling main entry com.android.commands.uiautomator.Launcher
08-02 15:28:23.039  2253  2253 W AccessibilityNodeInfoDumper: Fetch time: 1ms
08-02 15:28:23.040   626  1103 W WindowManager: Attempted to remove non-existing token: android.os.Binder@7c2efd8
08-02 15:28:23.066  2253  2253 D AndroidRuntime: Shutting down VM
08-02 15:28:23.557  2271  2271 D AndroidRuntime: >>>>>> START com.android.internal.os.RuntimeInit uid 0 <<<<<<
08-02 15:28:23.560  2271  2271 D AndroidRuntime: CheckJNI is OFF
08-02 15:28:23.574  2271  2271 D ICU     : No timezone override file found: /data/misc/zoneinfo/current/icu/icu_tzdata.dat
08-02 15:28:23.590  2271  2271 E memtrack: Couldn't load memtrack module (No such file or directory)
08-02 15:28:23.590  2271  2271 E android.os.Debug: failed to load memtrack module: -2
08-02 15:28:23.591  2271  2271 I Radio-JNI: register_android_hardware_Radio DONE
08-02 15:28:23.598  2271  2271 D AndroidRuntime: Calling main entry com.android.commands.uiautomator.Launcher
08-02 15:28:24.610  2271  2271 W AccessibilityNodeInfoDumper: Fetch time: 1ms
08-02 15:28:24.610   626  1103 W WindowManager: Attempted to remove non-existing token: android.os.Binder@c241f31
08-02 15:28:24.622  2271  2271 D AndroidRuntime: Shutting down VM
08-02 15:28:25.139  2288  2288 D AndroidRuntime: >>>>>> START com.android.internal.os.RuntimeInit uid 0 <<<<<<
08-02 15:28:25.140  2288  2288 D AndroidRuntime: CheckJNI is OFF
08-02 15:28:25.149  2288  2288 D ICU     : No timezone override file found: /data/misc/zoneinfo/current/icu/icu_tzdata.dat
08-02 15:28:25.161  2288  2288 E memtrack: Couldn't load memtrack module (No such file or directory)
08-02 15:28:25.162  2288  2288 E android.os.Debug: failed to load memtrack module: -2
08-02 15:28:25.162  2288  2288 I Radio-JNI: register_android_hardware_Radio DONE
08-02 15:28:25.168  2288  2288 D AndroidRuntime: Calling main entry com.android.commands.monkey.Monkey
08-02 15:28:25.181   626   640 W BroadcastQueue: Skipping deliver [background] BroadcastRecord{e633184 u-1 android.net.conn.CONNECTIVITY_CHANGE} to ReceiverList{96a7d6d 2288 (unknown name)/0/u-1 remote:dc86616}: process crashing
08-02 15:28:25.185   626   759 I ActivityManager: START u0 {act=android.intent.action.MAIN cat=[android.intent.category.LAUNCHER] flg=0x10200000 cmp=com.iamtrk.androidexplorer/com.iamtrk.ItemListActivity} from uid 0 on display 0
08-02 15:28:25.188   626   641 D Sensors : batch handle 1, but there is no batch sensor in genymotion
08-02 15:28:25.195  2288  2288 I art     : System.exit called, status: 0
08-02 15:28:25.199  2288  2288 I AndroidRuntime: VM exiting with result code 0.
08-02 15:28:31.015  2309  2309 D AndroidRuntime: >>>>>> START com.android.internal.os.RuntimeInit uid 0 <<<<<<
08-02 15:28:31.017  2309  2309 D AndroidRuntime: CheckJNI is OFF
08-02 15:28:31.025  2309  2309 D ICU     : No timezone override file found: /data/misc/zoneinfo/current/icu/icu_tzdata.dat
08-02 15:28:31.038  2309  2309 E memtrack: Couldn't load memtrack module (No such file or directory)
08-02 15:28:31.038  2309  2309 E android.os.Debug: failed to load memtrack module: -2
08-02 15:28:31.039  2309  2309 I Radio-JNI: register_android_hardware_Radio DONE
08-02 15:28:31.049  2309  2309 D AndroidRuntime: Calling main entry com.android.commands.uiautomator.Launcher
08-02 15:28:32.068  2309  2309 W AccessibilityNodeInfoDumper: Fetch time: 1ms
08-02 15:28:32.068   626   956 W WindowManager: Attempted to remove non-existing token: android.os.Binder@3dccda2
08-02 15:28:32.078  2309  2309 D AndroidRuntime: Shutting down VM
08-02 15:28:32.572  2327  2327 D AndroidRuntime: >>>>>> START com.android.internal.os.RuntimeInit uid 0 <<<<<<
08-02 15:28:32.574  2327  2327 D AndroidRuntime: CheckJNI is OFF
08-02 15:28:32.582  2327  2327 D ICU     : No timezone override file found: /data/misc/zoneinfo/current/icu/icu_tzdata.dat
08-02 15:28:32.593  2327  2327 E memtrack: Couldn't load memtrack module (No such file or directory)
08-02 15:28:32.593  2327  2327 E android.os.Debug: failed to load memtrack module: -2
08-02 15:28:32.594  2327  2327 I Radio-JNI: register_android_hardware_Radio DONE
08-02 15:28:32.599  2327  2327 D AndroidRuntime: Calling main entry com.android.commands.uiautomator.Launcher
08-02 15:28:33.618  2327  2327 W AccessibilityNodeInfoDumper: Fetch time: 3ms
08-02 15:28:33.618   626   759 W WindowManager: Attempted to remove non-existing token: android.os.Binder@8f71a33
08-02 15:28:33.645  2327  2327 D AndroidRuntime: Shutting down VM
08-02 15:28:34.147  2340  2340 D AndroidRuntime: >>>>>> START com.android.internal.os.RuntimeInit uid 0 <<<<<<
08-02 15:28:34.150  2340  2340 D AndroidRuntime: CheckJNI is OFF
08-02 15:28:34.162  2340  2340 D ICU     : No timezone override file found: /data/misc/zoneinfo/current/icu/icu_tzdata.dat
08-02 15:28:34.184  2340  2340 E memtrack: Couldn't load memtrack module (No such file or directory)
08-02 15:28:34.184  2340  2340 E android.os.Debug: failed to load memtrack module: -2
08-02 15:28:34.186  2340  2340 I Radio-JNI: register_android_hardware_Radio DONE
08-02 15:28:34.195  2340  2340 D AndroidRuntime: Calling main entry com.android.commands.input.Input
08-02 15:28:34.196  2340  2340 I Input   : injectMotionEvent: MotionEvent { action=ACTION_DOWN, actionButton=0, id[0]=0, x[0]=896.0, y[0]=1014.0, toolType[0]=TOOL_TYPE_UNKNOWN, buttonState=0, metaState=0, flags=0x0, edgeFlags=0x0, pointerCount=1, historySize=0, eventTime=472215, downTime=472215, deviceId=0, source=0x1002 }
08-02 15:28:34.206  2340  2340 I Input   : injectMotionEvent: MotionEvent { action=ACTION_UP, actionButton=0, id[0]=0, x[0]=896.0, y[0]=1014.0, toolType[0]=TOOL_TYPE_UNKNOWN, buttonState=0, metaState=0, flags=0x0, edgeFlags=0x0, pointerCount=1, historySize=0, eventTime=472215, downTime=472215, deviceId=0, source=0x1002 }
08-02 15:28:34.206  2340  2340 D AndroidRuntime: Shutting down VM
08-02 15:28:34.226  1962  1962 D leak-2-4: 2
08-02 15:28:34.226  1962  1962 D leak-4-4: 4
08-02 15:28:34.226  1962  1962 D leak-6-4: 6
08-02 15:28:34.226  1962  1962 D leak-7-4: Eastern Standard Time
08-02 15:28:34.226  1962  1962 D leak-8-4: 8
08-02 15:28:34.226  1962  1962 D leak-10-4: 10
08-02 15:28:34.226  1962  1962 D leak-13-4: 13
08-02 15:28:34.226  1962  1962 D leak-14-4: 14
08-02 15:28:34.228  1962  1962 I AppCompatDelegate: The Activity's LayoutInflater already has a Factory installed so we can not install AppCompat's
08-02 15:28:34.279  1979  1993 E Surface : getSlotFromBufferLocked: unknown buffer: 0xeebf3960
08-02 15:28:34.301  1979  1993 D OpenGLRenderer: endAllStagingAnimators on 0xf2c5f100 (RippleDrawable) with handle 0xeebd2d70
08-02 15:28:34.399  1962  1977 W EGL_emulation: eglSurfaceAttrib not implemented
08-02 15:28:34.399  1962  1977 W OpenGLRenderer: Failed to set EGL_SWAP_BEHAVIOR on surface 0xe9bfa260, error=EGL_SUCCESS
08-02 15:28:34.613   397   397 W SurfaceFlinger: couldn't log to binary event log: overflow.
08-02 15:28:34.650   626  1105 I ActivityManager: Killing 1183:android.process.media/u0a6 (adj 15): empty #17
08-02 15:28:34.651   626  1105 W libprocessgroup: failed to open /acct/uid_10006/pid_1183/cgroup.procs: No such file or directory
08-02 15:28:39.387  2679  2679 D AndroidRuntime: >>>>>> START com.android.internal.os.RuntimeInit uid 0 <<<<<<
08-02 15:28:39.391  2679  2679 D AndroidRuntime: CheckJNI is OFF
08-02 15:28:39.409  2679  2679 D ICU     : No timezone override file found: /data/misc/zoneinfo/current/icu/icu_tzdata.dat
08-02 15:28:39.430  2679  2679 E memtrack: Couldn't load memtrack module (No such file or directory)
08-02 15:28:39.430  2679  2679 E android.os.Debug: failed to load memtrack module: -2
08-02 15:28:39.432  2679  2679 I Radio-JNI: register_android_hardware_Radio DONE
08-02 15:28:39.440  2679  2679 D AndroidRuntime: Calling main entry com.android.commands.uiautomator.Launcher
08-02 15:28:40.458  2679  2679 W AccessibilityNodeInfoDumper: Fetch time: 1ms
08-02 15:28:40.458   626   956 W WindowManager: Attempted to remove non-existing token: android.os.Binder@73803b4
08-02 15:28:40.473  2679  2679 D AndroidRuntime: Shutting down VM
08-02 15:28:41.558  2702  2702 D AndroidRuntime: >>>>>> START com.android.internal.os.RuntimeInit uid 0 <<<<<<
08-02 15:28:41.559  2702  2702 D AndroidRuntime: CheckJNI is OFF
08-02 15:28:41.571  2702  2702 D ICU     : No timezone override file found: /data/misc/zoneinfo/current/icu/icu_tzdata.dat
08-02 15:28:41.584  2702  2702 E memtrack: Couldn't load memtrack module (No such file or directory)
08-02 15:28:41.584  2702  2702 E android.os.Debug: failed to load memtrack module: -2
08-02 15:28:41.586  2702  2702 I Radio-JNI: register_android_hardware_Radio DONE
08-02 15:28:41.592  2702  2702 D AndroidRuntime: Calling main entry com.android.commands.uiautomator.Launcher
08-02 15:28:42.609  2702  2702 W AccessibilityNodeInfoDumper: Fetch time: 2ms
08-02 15:28:42.610   626  1105 W WindowManager: Attempted to remove non-existing token: android.os.Binder@bf7e352
08-02 15:28:42.622  2702  2702 D AndroidRuntime: Shutting down VM
08-02 15:28:43.092  2720  2720 D AndroidRuntime: >>>>>> START com.android.internal.os.RuntimeInit uid 0 <<<<<<
08-02 15:28:43.094  2720  2720 D AndroidRuntime: CheckJNI is OFF
08-02 15:28:43.102  2720  2720 D ICU     : No timezone override file found: /data/misc/zoneinfo/current/icu/icu_tzdata.dat
08-02 15:28:43.117  2720  2720 E memtrack: Couldn't load memtrack module (No such file or directory)
08-02 15:28:43.117  2720  2720 E android.os.Debug: failed to load memtrack module: -2
08-02 15:28:43.117  2720  2720 I Radio-JNI: register_android_hardware_Radio DONE
08-02 15:28:43.125  2720  2720 D AndroidRuntime: Calling main entry com.android.commands.uiautomator.Launcher
08-02 15:28:44.151  2720  2720 W AccessibilityNodeInfoDumper: Fetch time: 2ms
08-02 15:28:44.151   626  1331 W WindowManager: Attempted to remove non-existing token: android.os.Binder@33af623
08-02 15:28:44.160  2720  2720 D AndroidRuntime: Shutting down VM
08-02 15:28:45.238  2743  2743 D AndroidRuntime: >>>>>> START com.android.internal.os.RuntimeInit uid 0 <<<<<<
08-02 15:28:45.240  2743  2743 D AndroidRuntime: CheckJNI is OFF
08-02 15:28:45.249  2743  2743 D ICU     : No timezone override file found: /data/misc/zoneinfo/current/icu/icu_tzdata.dat
08-02 15:28:45.261  2743  2743 E memtrack: Couldn't load memtrack module (No such file or directory)
08-02 15:28:45.261  2743  2743 E android.os.Debug: failed to load memtrack module: -2
08-02 15:28:45.261  2743  2743 I Radio-JNI: register_android_hardware_Radio DONE
08-02 15:28:45.267  2743  2743 D AndroidRuntime: Calling main entry com.android.commands.uiautomator.Launcher
08-02 15:28:46.284  2743  2743 W AccessibilityNodeInfoDumper: Fetch time: 2ms
08-02 15:28:46.284   626   956 W WindowManager: Attempted to remove non-existing token: android.os.Binder@92ba720
08-02 15:28:46.295  2743  2743 D AndroidRuntime: Shutting down VM
08-02 15:28:47.420  2770  2770 D AndroidRuntime: >>>>>> START com.android.internal.os.RuntimeInit uid 0 <<<<<<
08-02 15:28:47.422  2770  2770 D AndroidRuntime: CheckJNI is OFF
08-02 15:28:47.430  2770  2770 D ICU     : No timezone override file found: /data/misc/zoneinfo/current/icu/icu_tzdata.dat
08-02 15:28:47.443  2770  2770 E memtrack: Couldn't load memtrack module (No such file or directory)
08-02 15:28:47.443  2770  2770 E android.os.Debug: failed to load memtrack module: -2
08-02 15:28:47.444  2770  2770 I Radio-JNI: register_android_hardware_Radio DONE
08-02 15:28:47.455  2770  2770 D AndroidRuntime: Calling main entry com.android.commands.uiautomator.Launcher
08-02 15:28:48.474  2770  2770 W AccessibilityNodeInfoDumper: Fetch time: 2ms
08-02 15:28:48.474   626  1105 W WindowManager: Attempted to remove non-existing token: android.os.Binder@74218d9
08-02 15:28:48.482  2770  2770 D AndroidRuntime: Shutting down VM
08-02 15:28:49.595  2795  2795 D AndroidRuntime: >>>>>> START com.android.internal.os.RuntimeInit uid 0 <<<<<<
08-02 15:28:49.597  2795  2795 D AndroidRuntime: CheckJNI is OFF
08-02 15:28:49.607  2795  2795 D ICU     : No timezone override file found: /data/misc/zoneinfo/current/icu/icu_tzdata.dat
08-02 15:28:49.619  2795  2795 E memtrack: Couldn't load memtrack module (No such file or directory)
08-02 15:28:49.619  2795  2795 E android.os.Debug: failed to load memtrack module: -2
08-02 15:28:49.620  2795  2795 I Radio-JNI: register_android_hardware_Radio DONE
08-02 15:28:49.627  2795  2795 D AndroidRuntime: Calling main entry com.android.commands.uiautomator.Launcher
08-02 15:28:50.649  2795  2795 W AccessibilityNodeInfoDumper: Fetch time: 2ms
08-02 15:28:50.649   626   760 W WindowManager: Attempted to remove non-existing token: android.os.Binder@b8ce29e
08-02 15:28:50.657  2795  2795 D AndroidRuntime: Shutting down VM
08-02 15:28:51.160  2812  2812 D AndroidRuntime: >>>>>> START com.android.internal.os.RuntimeInit uid 0 <<<<<<
08-02 15:28:51.161  2812  2812 D AndroidRuntime: CheckJNI is OFF
08-02 15:28:51.171  2812  2812 D ICU     : No timezone override file found: /data/misc/zoneinfo/current/icu/icu_tzdata.dat
08-02 15:28:51.183  2812  2812 E memtrack: Couldn't load memtrack module (No such file or directory)
08-02 15:28:51.183  2812  2812 E android.os.Debug: failed to load memtrack module: -2
08-02 15:28:51.184  2812  2812 I Radio-JNI: register_android_hardware_Radio DONE
08-02 15:28:51.190  2812  2812 D AndroidRuntime: Calling main entry com.android.commands.uiautomator.Launcher
08-02 15:28:52.207  2812  2812 W AccessibilityNodeInfoDumper: Fetch time: 2ms
08-02 15:28:52.208   626   760 W WindowManager: Attempted to remove non-existing token: android.os.Binder@c3cd17f
08-02 15:28:52.235  2812  2812 D AndroidRuntime: Shutting down VM
08-02 15:28:53.359  2835  2835 D AndroidRuntime: >>>>>> START com.android.internal.os.RuntimeInit uid 0 <<<<<<
08-02 15:28:53.360  2835  2835 D AndroidRuntime: CheckJNI is OFF
08-02 15:28:53.369  2835  2835 D ICU     : No timezone override file found: /data/misc/zoneinfo/current/icu/icu_tzdata.dat
08-02 15:28:53.383  2835  2835 E memtrack: Couldn't load memtrack module (No such file or directory)
08-02 15:28:53.383  2835  2835 E android.os.Debug: failed to load memtrack module: -2
08-02 15:28:53.384  2835  2835 I Radio-JNI: register_android_hardware_Radio DONE
08-02 15:28:53.393  2835  2835 D AndroidRuntime: Calling main entry com.android.commands.uiautomator.Launcher
08-02 15:28:54.408  2835  2835 W AccessibilityNodeInfoDumper: Fetch time: 2ms
08-02 15:28:54.408   626   956 W WindowManager: Attempted to remove non-existing token: android.os.Binder@f326995
08-02 15:28:54.415  2835  2835 D AndroidRuntime: Shutting down VM
08-02 15:28:54.886  2852  2852 D AndroidRuntime: >>>>>> START com.android.internal.os.RuntimeInit uid 0 <<<<<<
08-02 15:28:54.888  2852  2852 D AndroidRuntime: CheckJNI is OFF
08-02 15:28:54.897  2852  2852 D ICU     : No timezone override file found: /data/misc/zoneinfo/current/icu/icu_tzdata.dat
08-02 15:28:54.908  2852  2852 E memtrack: Couldn't load memtrack module (No such file or directory)
08-02 15:28:54.908  2852  2852 E android.os.Debug: failed to load memtrack module: -2
08-02 15:28:54.909  2852  2852 I Radio-JNI: register_android_hardware_Radio DONE
08-02 15:28:54.916  2852  2852 D AndroidRuntime: Calling main entry com.android.commands.uiautomator.Launcher
08-02 15:28:55.933  2852  2852 W AccessibilityNodeInfoDumper: Fetch time: 3ms
08-02 15:28:55.934   626  1099 W WindowManager: Attempted to remove non-existing token: android.os.Binder@2e08aaa
08-02 15:28:55.949  2852  2852 D AndroidRuntime: Shutting down VM
08-02 15:28:57.083  2875  2875 D AndroidRuntime: >>>>>> START com.android.internal.os.RuntimeInit uid 0 <<<<<<
08-02 15:28:57.085  2875  2875 D AndroidRuntime: CheckJNI is OFF
08-02 15:28:57.094  2875  2875 D ICU     : No timezone override file found: /data/misc/zoneinfo/current/icu/icu_tzdata.dat
08-02 15:28:57.106  2875  2875 E memtrack: Couldn't load memtrack module (No such file or directory)
08-02 15:28:57.106  2875  2875 E android.os.Debug: failed to load memtrack module: -2
08-02 15:28:57.106  2875  2875 I Radio-JNI: register_android_hardware_Radio DONE
08-02 15:28:57.118  2875  2875 D AndroidRuntime: Calling main entry com.android.commands.uiautomator.Launcher
08-02 15:28:58.151  2875  2875 W AccessibilityNodeInfoDumper: Fetch time: 2ms
08-02 15:28:58.152   626   760 W WindowManager: Attempted to remove non-existing token: android.os.Binder@d57069b
08-02 15:28:58.165  2875  2875 D AndroidRuntime: Shutting down VM
08-02 15:28:58.640  2892  2892 D AndroidRuntime: >>>>>> START com.android.internal.os.RuntimeInit uid 0 <<<<<<
08-02 15:28:58.640  2892  2892 D AndroidRuntime: CheckJNI is OFF
08-02 15:28:58.650  2892  2892 D ICU     : No timezone override file found: /data/misc/zoneinfo/current/icu/icu_tzdata.dat
08-02 15:28:58.663  2892  2892 E memtrack: Couldn't load memtrack module (No such file or directory)
08-02 15:28:58.663  2892  2892 E android.os.Debug: failed to load memtrack module: -2
08-02 15:28:58.664  2892  2892 I Radio-JNI: register_android_hardware_Radio DONE
08-02 15:28:58.669  2892  2892 D AndroidRuntime: Calling main entry com.android.commands.uiautomator.Launcher
08-02 15:28:59.688  2892  2892 W AccessibilityNodeInfoDumper: Fetch time: 1ms
08-02 15:28:59.691   626   956 W WindowManager: Attempted to remove non-existing token: android.os.Binder@8f33a38
08-02 15:28:59.710  2892  2892 D AndroidRuntime: Shutting down VM
08-02 15:29:00.879  2917  2917 D AndroidRuntime: >>>>>> START com.android.internal.os.RuntimeInit uid 0 <<<<<<
08-02 15:29:00.882  2917  2917 D AndroidRuntime: CheckJNI is OFF
08-02 15:29:00.901  2917  2917 D ICU     : No timezone override file found: /data/misc/zoneinfo/current/icu/icu_tzdata.dat
08-02 15:29:00.924  2917  2917 E memtrack: Couldn't load memtrack module (No such file or directory)
08-02 15:29:00.924  2917  2917 E android.os.Debug: failed to load memtrack module: -2
08-02 15:29:00.926  2917  2917 I Radio-JNI: register_android_hardware_Radio DONE
08-02 15:29:00.936  2917  2917 D AndroidRuntime: Calling main entry com.android.commands.uiautomator.Launcher
08-02 15:29:01.960  2917  2917 W AccessibilityNodeInfoDumper: Fetch time: 1ms
08-02 15:29:01.960   626  1105 W WindowManager: Attempted to remove non-existing token: android.os.Binder@a9d0a11
08-02 15:29:01.977  2917  2917 D AndroidRuntime: Shutting down VM
08-02 15:29:02.506  2935  2935 D AndroidRuntime: >>>>>> START com.android.internal.os.RuntimeInit uid 0 <<<<<<
08-02 15:29:02.508  2935  2935 D AndroidRuntime: CheckJNI is OFF
08-02 15:29:02.523  2935  2935 D ICU     : No timezone override file found: /data/misc/zoneinfo/current/icu/icu_tzdata.dat
08-02 15:29:02.536  2935  2935 E memtrack: Couldn't load memtrack module (No such file or directory)
08-02 15:29:02.537  2935  2935 E android.os.Debug: failed to load memtrack module: -2
08-02 15:29:02.537  2935  2935 I Radio-JNI: register_android_hardware_Radio DONE
08-02 15:29:02.544  2935  2935 D AndroidRuntime: Calling main entry com.android.commands.uiautomator.Launcher
08-02 15:29:03.560  2935  2935 W AccessibilityNodeInfoDumper: Fetch time: 1ms
08-02 15:29:03.560   626  1103 W WindowManager: Attempted to remove non-existing token: android.os.Binder@814a776
08-02 15:29:03.591  2935  2935 D AndroidRuntime: Shutting down VM
08-02 15:29:04.083  2948  2948 D AndroidRuntime: >>>>>> START com.android.internal.os.RuntimeInit uid 0 <<<<<<
08-02 15:29:04.086  2948  2948 D AndroidRuntime: CheckJNI is OFF
08-02 15:29:04.098  2948  2948 D ICU     : No timezone override file found: /data/misc/zoneinfo/current/icu/icu_tzdata.dat
08-02 15:29:04.113  2948  2948 E memtrack: Couldn't load memtrack module (No such file or directory)
08-02 15:29:04.113  2948  2948 E android.os.Debug: failed to load memtrack module: -2
08-02 15:29:04.114  2948  2948 I Radio-JNI: register_android_hardware_Radio DONE
08-02 15:29:04.125  2948  2948 D AndroidRuntime: Calling main entry com.android.commands.input.Input
08-02 15:29:04.126  2948  2948 I Input   : injectMotionEvent: MotionEvent { action=ACTION_DOWN, actionButton=0, id[0]=0, x[0]=959.0, y[0]=1029.0, toolType[0]=TOOL_TYPE_UNKNOWN, buttonState=0, metaState=0, flags=0x0, edgeFlags=0x0, pointerCount=1, historySize=0, eventTime=502145, downTime=502145, deviceId=0, source=0x1002 }
08-02 15:29:04.128  2948  2948 I Input   : injectMotionEvent: MotionEvent { action=ACTION_UP, actionButton=0, id[0]=0, x[0]=959.0, y[0]=1029.0, toolType[0]=TOOL_TYPE_UNKNOWN, buttonState=0, metaState=0, flags=0x0, edgeFlags=0x0, pointerCount=1, historySize=0, eventTime=502145, downTime=502145, deviceId=0, source=0x1002 }
08-02 15:29:04.129  2948  2948 D AndroidRuntime: Shutting down VM
08-02 15:29:04.132  1962  1962 D leak-2-8: Eastern Standard Time
08-02 15:29:04.132  1962  1962 D leak-4-8: Eastern Standard Time
08-02 15:29:04.133  1962  1962 D leak-6-8: 6
08-02 15:29:04.133  1962  1962 D leak-7-8: Eastern Standard Time
08-02 15:29:04.133  1962  1962 D leak-8-8: Eastern Standard Time
08-02 15:29:04.133  1962  1962 D leak-10-8: 10
08-02 15:29:04.133  1962  1962 D leak-13-8: 13
08-02 15:29:04.133  1962  1962 D leak-14-8: 14
08-02 15:29:04.135  1962  1962 I ConfigItem: Config: {1.0 310mcc270mnc en_US ldltr sw600dp w600dp h888dp 320dpi lrg port finger -keyb/v/h dpad/v s.7}
08-02 15:29:04.135  1962  1962 I ConfigItem: fontScale: 1.00000
08-02 15:29:04.135  1962  1962 I ConfigItem: hardKeyboardHidden: 2
08-02 15:29:04.135  1962  1962 I ConfigItem: keyboard: 1
08-02 15:29:04.135  1962  1962 I ConfigItem: keyboardHidden: 1
08-02 15:29:04.135  1962  1962 I ConfigItem: locale: en_US
08-02 15:29:04.135  1962  1962 I ConfigItem: mcc: 310
08-02 15:29:04.135  1962  1962 I ConfigItem: mnc: 270
08-02 15:29:04.135  1962  1962 I ConfigItem: navigation: 2
08-02 15:29:04.135  1962  1962 I ConfigItem: navigationHidden: 1
08-02 15:29:04.135  1962  1962 I ConfigItem: orientation: 1
08-02 15:29:04.135  1962  1962 I ConfigItem: screenHeightDp: 888
08-02 15:29:04.135  1962  1962 I ConfigItem: screenLayout: 0x10000153
08-02 15:29:04.135  1962  1962 I ConfigItem: screenWidthDp: 600
08-02 15:29:04.135  1962  1962 I ConfigItem: smallestScreenWidthDp: 600
08-02 15:29:04.135  1962  1962 I ConfigItem: touchscreen: 3
08-02 15:29:04.135  1962  1962 I ConfigItem: uiMode: UI_MODE_TYPE_NORMAL|UI_MODE_NIGHT_NO
08-02 15:29:04.142  1962  1962 D leak-40-93: 40
08-02 15:29:04.142  1962  1962 D leak-42-93: 42
08-02 15:29:04.142  1962  1962 D leak-43-93: Eastern Standard Time
08-02 15:29:04.142  1962  1962 D leak-44-93: 44
08-02 15:29:04.142  1962  1962 D leak-46-93: 46
08-02 15:29:04.142  1962  1962 D leak-47-93: 47
08-02 15:29:04.142  1962  1962 D leak-48-93: 48
08-02 15:29:04.142  1962  1962 D leak-49-93: 49
08-02 15:29:04.142  1962  1962 D leak-50-93: 50
08-02 15:29:04.142  1962  1962 D leak-51-93: 51
08-02 15:29:04.142  1962  1962 D leak-40-93: 40
08-02 15:29:04.142  1962  1962 D leak-42-93: 42
08-02 15:29:04.142  1962  1962 D leak-43-93: Eastern Standard Time
08-02 15:29:04.142  1962  1962 D leak-44-93: 44
08-02 15:29:04.142  1962  1962 D leak-46-93: 46
08-02 15:29:04.142  1962  1962 D leak-47-93: 47
08-02 15:29:04.142  1962  1962 D leak-48-93: 48
08-02 15:29:04.142  1962  1962 D leak-49-93: 49
08-02 15:29:04.142  1962  1962 D leak-50-93: 50
08-02 15:29:04.142  1962  1962 D leak-51-93: 51
08-02 15:29:04.142  1962  1962 D leak-40-96: 40
08-02 15:29:04.142  1962  1962 D leak-42-96: 42
08-02 15:29:04.142  1962  1962 D leak-43-96: Eastern Standard Time
08-02 15:29:04.142  1962  1962 D leak-44-96: 44
08-02 15:29:04.142  1962  1962 D leak-46-96: 46
08-02 15:29:04.142  1962  1962 D leak-47-96: 47
08-02 15:29:04.142  1962  1962 D leak-48-96: 48
08-02 15:29:04.142  1962  1962 D leak-49-96: 49
08-02 15:29:04.142  1962  1962 D leak-50-96: 50
08-02 15:29:04.142  1962  1962 D leak-51-96: 51
08-02 15:29:04.142  1962  1962 D leak-40-96: 40
08-02 15:29:04.142  1962  1962 D leak-42-96: 42
08-02 15:29:04.142  1962  1962 D leak-43-96: Eastern Standard Time
08-02 15:29:04.142  1962  1962 D leak-44-96: 44
08-02 15:29:04.142  1962  1962 D leak-46-96: 46
08-02 15:29:04.142  1962  1962 D leak-47-96: 47
08-02 15:29:04.142  1962  1962 D leak-48-96: 48
08-02 15:29:04.142  1962  1962 D leak-49-96: 49
08-02 15:29:04.142  1962  1962 D leak-50-96: 50
08-02 15:29:04.142  1962  1962 D leak-51-96: 51
08-02 15:29:04.142  1962  1962 D leak-40-94: 40
08-02 15:29:04.142  1962  1962 D leak-42-94: 42
08-02 15:29:04.142  1962  1962 D leak-43-94: Eastern Standard Time
08-02 15:29:04.142  1962  1962 D leak-44-94: Eastern Standard Time
08-02 15:29:04.142  1962  1962 D leak-46-94: 46
08-02 15:29:04.142  1962  1962 D leak-47-94: 47
08-02 15:29:04.142  1962  1962 D leak-48-94: Eastern Standard Time
08-02 15:29:04.142  1962  1962 D leak-49-94: 49
08-02 15:29:04.142  1962  1962 D leak-50-94: 50
08-02 15:29:04.142  1962  1962 D leak-51-94: 51
08-02 15:29:04.142  1962  1962 D leak-40-94: 40
08-02 15:29:04.142  1962  1962 D leak-42-94: 42
08-02 15:29:04.142  1962  1962 D leak-43-94: Eastern Standard Time
08-02 15:29:04.142  1962  1962 D leak-44-94: Eastern Standard Time
08-02 15:29:04.142  1962  1962 D leak-46-94: 46
08-02 15:29:04.142  1962  1962 D leak-47-94: 47
08-02 15:29:04.142  1962  1962 D leak-48-94: Eastern Standard Time
08-02 15:29:04.142  1962  1962 D leak-49-94: 49
08-02 15:29:04.142  1962  1962 D leak-50-94: 50
