08-02 16:03:44.582  3899  3899 I AccessibilityNodeInfoDumper: Skipping invisible child: android.view.accessibility.AccessibilityNodeInfo@8000c04e; boundsInParent: Rect(0, 0 - 1200, 1540); boundsInScreen: Rect(1200, 278 - 1200, 1818); packageName: com.adonai.manman; className: android.widget.FrameLayout; text: null; error: null; maxTextLength: -1; contentDescription: null; viewIdResName: com.adonai.manman:id/chapter_fragment_frame; checkable: false; checked: false; focusable: true; focused: false; selected: false; clickable: false; longClickable: false; contextClickable: false; enabled: true; password: false; scrollable: false; actions: [AccessibilityAction: ACTION_FOCUS - null, AccessibilityAction: ACTION_SELECT - null, AccessibilityAction: ACTION_CLEAR_SELECTION - null, AccessibilityAction: ACTION_ACCESSIBILITY_FOCUS - null, AccessibilityAction: ACTION_UNKNOWN - null]
08-02 16:03:44.584  3899  3899 W AccessibilityNodeInfoDumper: Fetch time: 10ms
08-02 16:03:44.585   626  1060 W WindowManager: Attempted to remove non-existing token: android.os.Binder@b725c00
08-02 16:03:44.589  3899  3899 D AndroidRuntime: Shutting down VM
08-02 16:03:45.049  3917  3917 D AndroidRuntime: >>>>>> START com.android.internal.os.RuntimeInit uid 0 <<<<<<
08-02 16:03:45.050  3917  3917 D AndroidRuntime: CheckJNI is OFF
08-02 16:03:45.058  3917  3917 D ICU     : No timezone override file found: /data/misc/zoneinfo/current/icu/icu_tzdata.dat
08-02 16:03:45.070  3917  3917 E memtrack: Couldn't load memtrack module (No such file or directory)
08-02 16:03:45.070  3917  3917 E android.os.Debug: failed to load memtrack module: -2
08-02 16:03:45.070  3917  3917 I Radio-JNI: register_android_hardware_Radio DONE
08-02 16:03:45.080  3917  3917 D AndroidRuntime: Calling main entry com.android.commands.uiautomator.Launcher
08-02 16:03:46.104  3917  3917 I AccessibilityNodeInfoDumper: Skipping invisible child: android.view.accessibility.AccessibilityNodeInfo@8000c053; boundsInParent: Rect(0, 0 - 1200, 1540); boundsInScreen: Rect(1200, 278 - 1200, 1818); packageName: com.adonai.manman; className: android.widget.FrameLayout; text: null; error: null; maxTextLength: -1; contentDescription: null; viewIdResName: com.adonai.manman:id/chapter_fragment_frame; checkable: false; checked: false; focusable: true; focused: false; selected: false; clickable: false; longClickable: false; contextClickable: false; enabled: true; password: false; scrollable: false; actions: [AccessibilityAction: ACTION_FOCUS - null, AccessibilityAction: ACTION_SELECT - null, AccessibilityAction: ACTION_CLEAR_SELECTION - null, AccessibilityAction: ACTION_ACCESSIBILITY_FOCUS - null, AccessibilityAction: ACTION_UNKNOWN - null]
08-02 16:03:46.104  3917  3917 W AccessibilityNodeInfoDumper: Fetch time: 6ms
08-02 16:03:46.104   626  1097 W WindowManager: Attempted to remove non-existing token: android.os.Binder@fb95c39
08-02 16:03:46.107  3917  3917 D AndroidRuntime: Shutting down VM
08-02 16:03:47.199  3940  3940 D AndroidRuntime: >>>>>> START com.android.internal.os.RuntimeInit uid 0 <<<<<<
08-02 16:03:47.201  3940  3940 D AndroidRuntime: CheckJNI is OFF
08-02 16:03:47.211  3940  3940 D ICU     : No timezone override file found: /data/misc/zoneinfo/current/icu/icu_tzdata.dat
08-02 16:03:47.224  3940  3940 E memtrack: Couldn't load memtrack module (No such file or directory)
08-02 16:03:47.224  3940  3940 E android.os.Debug: failed to load memtrack module: -2
08-02 16:03:47.225  3940  3940 I Radio-JNI: register_android_hardware_Radio DONE
08-02 16:03:47.230  3940  3940 D AndroidRuntime: Calling main entry com.android.commands.uiautomator.Launcher
08-02 16:03:48.252  3940  3940 I AccessibilityNodeInfoDumper: Skipping invisible child: android.view.accessibility.AccessibilityNodeInfo@8000c05a; boundsInParent: Rect(0, 0 - 1200, 1540); boundsInScreen: Rect(1200, 278 - 1200, 1818); packageName: com.adonai.manman; className: android.widget.FrameLayout; text: null; error: null; maxTextLength: -1; contentDescription: null; viewIdResName: com.adonai.manman:id/chapter_fragment_frame; checkable: false; checked: false; focusable: true; focused: false; selected: false; clickable: false; longClickable: false; contextClickable: false; enabled: true; password: false; scrollable: false; actions: [AccessibilityAction: ACTION_FOCUS - null, AccessibilityAction: ACTION_SELECT - null, AccessibilityAction: ACTION_CLEAR_SELECTION - null, AccessibilityAction: ACTION_ACCESSIBILITY_FOCUS - null, AccessibilityAction: ACTION_UNKNOWN - null]
08-02 16:03:48.253  3940  3940 W AccessibilityNodeInfoDumper: Fetch time: 8ms
08-02 16:03:48.255   626  1097 W WindowManager: Attempted to remove non-existing token: android.os.Binder@91bd27e
08-02 16:03:48.261  3940  3940 D AndroidRuntime: Shutting down VM
08-02 16:03:48.747  3958  3958 D AndroidRuntime: >>>>>> START com.android.internal.os.RuntimeInit uid 0 <<<<<<
08-02 16:03:48.748  3958  3958 D AndroidRuntime: CheckJNI is OFF
08-02 16:03:48.764  3958  3958 D ICU     : No timezone override file found: /data/misc/zoneinfo/current/icu/icu_tzdata.dat
08-02 16:03:48.785  3958  3958 E memtrack: Couldn't load memtrack module (No such file or directory)
08-02 16:03:48.785  3958  3958 E android.os.Debug: failed to load memtrack module: -2
08-02 16:03:48.786  3958  3958 I Radio-JNI: register_android_hardware_Radio DONE
08-02 16:03:48.797  3958  3958 D AndroidRuntime: Calling main entry com.android.commands.uiautomator.Launcher
08-02 16:03:49.818  3958  3958 I AccessibilityNodeInfoDumper: Skipping invisible child: android.view.accessibility.AccessibilityNodeInfo@8000c060; boundsInParent: Rect(0, 0 - 1200, 1540); boundsInScreen: Rect(1200, 278 - 1200, 1818); packageName: com.adonai.manman; className: android.widget.FrameLayout; text: null; error: null; maxTextLength: -1; contentDescription: null; viewIdResName: com.adonai.manman:id/chapter_fragment_frame; checkable: false; checked: false; focusable: true; focused: false; selected: false; clickable: false; longClickable: false; contextClickable: false; enabled: true; password: false; scrollable: false; actions: [AccessibilityAction: ACTION_FOCUS - null, AccessibilityAction: ACTION_SELECT - null, AccessibilityAction: ACTION_CLEAR_SELECTION - null, AccessibilityAction: ACTION_ACCESSIBILITY_FOCUS - null, AccessibilityAction: ACTION_UNKNOWN - null]
08-02 16:03:49.818  3958  3958 W AccessibilityNodeInfoDumper: Fetch time: 6ms
08-02 16:03:49.824   626   637 W WindowManager: Attempted to remove non-existing token: android.os.Binder@66f33df
08-02 16:03:49.831  3958  3958 D AndroidRuntime: Shutting down VM
08-02 16:03:50.959  3981  3981 D AndroidRuntime: >>>>>> START com.android.internal.os.RuntimeInit uid 0 <<<<<<
08-02 16:03:50.962  3981  3981 D AndroidRuntime: CheckJNI is OFF
08-02 16:03:50.974  3981  3981 D ICU     : No timezone override file found: /data/misc/zoneinfo/current/icu/icu_tzdata.dat
08-02 16:03:50.993  3981  3981 E memtrack: Couldn't load memtrack module (No such file or directory)
08-02 16:03:50.993  3981  3981 E android.os.Debug: failed to load memtrack module: -2
08-02 16:03:50.995  3981  3981 I Radio-JNI: register_android_hardware_Radio DONE
08-02 16:03:51.002  3981  3981 D AndroidRuntime: Calling main entry com.android.commands.uiautomator.Launcher
08-02 16:03:52.022  3981  3981 I AccessibilityNodeInfoDumper: Skipping invisible child: android.view.accessibility.AccessibilityNodeInfo@8000c068; boundsInParent: Rect(0, 0 - 1200, 1540); boundsInScreen: Rect(1200, 278 - 1200, 1818); packageName: com.adonai.manman; className: android.widget.FrameLayout; text: null; error: null; maxTextLength: -1; contentDescription: null; viewIdResName: com.adonai.manman:id/chapter_fragment_frame; checkable: false; checked: false; focusable: true; focused: false; selected: false; clickable: false; longClickable: false; contextClickable: false; enabled: true; password: false; scrollable: false; actions: [AccessibilityAction: ACTION_FOCUS - null, AccessibilityAction: ACTION_SELECT - null, AccessibilityAction: ACTION_CLEAR_SELECTION - null, AccessibilityAction: ACTION_ACCESSIBILITY_FOCUS - null, AccessibilityAction: ACTION_UNKNOWN - null]
08-02 16:03:52.023  3981  3981 W AccessibilityNodeInfoDumper: Fetch time: 7ms
08-02 16:03:52.023   626  1060 W WindowManager: Attempted to remove non-existing token: android.os.Binder@ca1382c
08-02 16:03:52.029  3981  3981 D AndroidRuntime: Shutting down VM
08-02 16:03:52.509  3999  3999 D AndroidRuntime: >>>>>> START com.android.internal.os.RuntimeInit uid 0 <<<<<<
08-02 16:03:52.511  3999  3999 D AndroidRuntime: CheckJNI is OFF
08-02 16:03:52.521  3999  3999 D ICU     : No timezone override file found: /data/misc/zoneinfo/current/icu/icu_tzdata.dat
08-02 16:03:52.534  3999  3999 E memtrack: Couldn't load memtrack module (No such file or directory)
08-02 16:03:52.534  3999  3999 E android.os.Debug: failed to load memtrack module: -2
08-02 16:03:52.535  3999  3999 I Radio-JNI: register_android_hardware_Radio DONE
08-02 16:03:52.551  3999  3999 D AndroidRuntime: Calling main entry com.android.commands.uiautomator.Launcher
08-02 16:03:53.571  3999  3999 I AccessibilityNodeInfoDumper: Skipping invisible child: android.view.accessibility.AccessibilityNodeInfo@8000c06e; boundsInParent: Rect(0, 0 - 1200, 1540); boundsInScreen: Rect(1200, 278 - 1200, 1818); packageName: com.adonai.manman; className: android.widget.FrameLayout; text: null; error: null; maxTextLength: -1; contentDescription: null; viewIdResName: com.adonai.manman:id/chapter_fragment_frame; checkable: false; checked: false; focusable: true; focused: false; selected: false; clickable: false; longClickable: false; contextClickable: false; enabled: true; password: false; scrollable: false; actions: [AccessibilityAction: ACTION_FOCUS - null, AccessibilityAction: ACTION_SELECT - null, AccessibilityAction: ACTION_CLEAR_SELECTION - null, AccessibilityAction: ACTION_ACCESSIBILITY_FOCUS - null, AccessibilityAction: ACTION_UNKNOWN - null]
08-02 16:03:53.572  3999  3999 W AccessibilityNodeInfoDumper: Fetch time: 7ms
08-02 16:03:53.573   626   729 W WindowManager: Attempted to remove non-existing token: android.os.Binder@dca82f5
08-02 16:03:53.581  3999  3999 D AndroidRuntime: Shutting down VM
08-02 16:03:54.009  4012  4012 D AndroidRuntime: >>>>>> START com.android.internal.os.RuntimeInit uid 0 <<<<<<
08-02 16:03:54.011  4012  4012 D AndroidRuntime: CheckJNI is OFF
08-02 16:03:54.023  4012  4012 D ICU     : No timezone override file found: /data/misc/zoneinfo/current/icu/icu_tzdata.dat
08-02 16:03:54.038  4012  4012 E memtrack: Couldn't load memtrack module (No such file or directory)
08-02 16:03:54.038  4012  4012 E android.os.Debug: failed to load memtrack module: -2
08-02 16:03:54.041  4012  4012 I Radio-JNI: register_android_hardware_Radio DONE
08-02 16:03:54.049  4012  4012 D AndroidRuntime: Calling main entry com.android.commands.input.Input
08-02 16:03:54.050  4012  4012 I Input   : injectMotionEvent: MotionEvent { action=ACTION_DOWN, actionButton=0, id[0]=0, x[0]=640.0, y[0]=322.0, toolType[0]=TOOL_TYPE_UNKNOWN, buttonState=0, metaState=0, flags=0x0, edgeFlags=0x0, pointerCount=1, historySize=0, eventTime=236534, downTime=236534, deviceId=0, source=0x1002 }
08-02 16:03:54.064  4012  4012 I Input   : injectMotionEvent: MotionEvent { action=ACTION_UP, actionButton=0, id[0]=0, x[0]=640.0, y[0]=322.0, toolType[0]=TOOL_TYPE_UNKNOWN, buttonState=0, metaState=0, flags=0x0, edgeFlags=0x0, pointerCount=1, historySize=0, eventTime=236534, downTime=236534, deviceId=0, source=0x1002 }
08-02 16:03:54.066  4012  4012 D AndroidRuntime: Shutting down VM
08-02 16:03:54.071   980   980 I LatinIME: Starting input. Cursor position = 0,0
08-02 16:03:54.126   980  2356 W EGL_emulation: eglSurfaceAttrib not implemented
08-02 16:03:54.126   980  2356 W OpenGLRenderer: Failed to set EGL_SWAP_BEHAVIOR on surface 0xee953a40, error=EGL_SUCCESS
08-02 16:03:54.506  4023  4023 D AndroidRuntime: >>>>>> START com.android.internal.os.RuntimeInit uid 0 <<<<<<
08-02 16:03:54.508  4023  4023 D AndroidRuntime: CheckJNI is OFF
08-02 16:03:54.517  4023  4023 D ICU     : No timezone override file found: /data/misc/zoneinfo/current/icu/icu_tzdata.dat
08-02 16:03:54.531  4023  4023 E memtrack: Couldn't load memtrack module (No such file or directory)
08-02 16:03:54.531  4023  4023 E android.os.Debug: failed to load memtrack module: -2
08-02 16:03:54.532  4023  4023 I Radio-JNI: register_android_hardware_Radio DONE
08-02 16:03:54.539  4023  4023 D AndroidRuntime: Calling main entry com.android.commands.input.Input
08-02 16:03:54.544  4023  4023 I Input   : injectKeyEvent: KeyEvent { action=ACTION_DOWN, keyCode=KEYCODE_ESCAPE, scanCode=0, metaState=0, flags=0x0, repeatCount=0, eventTime=237023, downTime=237023, deviceId=-1, source=0x101 }
08-02 16:03:54.546  4023  4023 I Input   : injectKeyEvent: KeyEvent { action=ACTION_UP, keyCode=KEYCODE_ESCAPE, scanCode=0, metaState=0, flags=0x0, repeatCount=0, eventTime=237023, downTime=237023, deviceId=-1, source=0x101 }
08-02 16:03:54.553  4023  4023 D AndroidRuntime: Shutting down VM
08-02 16:03:54.574   980  2356 E Surface : getSlotFromBufferLocked: unknown buffer: 0xe87829a0
08-02 16:03:55.543  4036  4036 D AndroidRuntime: >>>>>> START com.android.internal.os.RuntimeInit uid 0 <<<<<<
08-02 16:03:55.545  4036  4036 D AndroidRuntime: CheckJNI is OFF
08-02 16:03:55.555  4036  4036 D ICU     : No timezone override file found: /data/misc/zoneinfo/current/icu/icu_tzdata.dat
08-02 16:03:55.568  4036  4036 E memtrack: Couldn't load memtrack module (No such file or directory)
08-02 16:03:55.568  4036  4036 E android.os.Debug: failed to load memtrack module: -2
08-02 16:03:55.569  4036  4036 I Radio-JNI: register_android_hardware_Radio DONE
08-02 16:03:55.574  4036  4036 D AndroidRuntime: Calling main entry com.android.commands.input.Input
08-02 16:03:55.575  4036  4036 I Input   : injectKeyEvent: KeyEvent { action=ACTION_DOWN, keyCode=KEYCODE_MOVE_END, scanCode=0, metaState=0, flags=0x0, repeatCount=0, eventTime=238059, downTime=238059, deviceId=-1, source=0x101 }
08-02 16:03:55.590  4036  4036 I Input   : injectKeyEvent: KeyEvent { action=ACTION_UP, keyCode=KEYCODE_MOVE_END, scanCode=0, metaState=0, flags=0x0, repeatCount=0, eventTime=238059, downTime=238059, deviceId=-1, source=0x101 }
08-02 16:03:55.591  4036  4036 D AndroidRuntime: Shutting down VM
08-02 16:03:55.954  4045  4045 D AndroidRuntime: >>>>>> START com.android.internal.os.RuntimeInit uid 0 <<<<<<
08-02 16:03:55.956  4045  4045 D AndroidRuntime: CheckJNI is OFF
08-02 16:03:55.966  4045  4045 D ICU     : No timezone override file found: /data/misc/zoneinfo/current/icu/icu_tzdata.dat
08-02 16:03:55.977  4045  4045 E memtrack: Couldn't load memtrack module (No such file or directory)
08-02 16:03:55.977  4045  4045 E android.os.Debug: failed to load memtrack module: -2
08-02 16:03:55.978  4045  4045 I Radio-JNI: register_android_hardware_Radio DONE
08-02 16:03:55.984  4045  4045 D AndroidRuntime: Calling main entry com.android.commands.input.Input
08-02 16:03:55.985  4045  4045 I Input   : injectKeyEvent: KeyEvent { action=ACTION_DOWN, keyCode=KEYCODE_DEL, scanCode=0, metaState=0, flags=0x0, repeatCount=0, eventTime=238468, downTime=238468, deviceId=-1, source=0x101 }
08-02 16:03:56.000  4045  4045 I Input   : injectKeyEvent: KeyEvent { action=ACTION_UP, keyCode=KEYCODE_DEL, scanCode=0, metaState=0, flags=0x0, repeatCount=0, eventTime=238468, downTime=238468, deviceId=-1, source=0x101 }
08-02 16:03:56.003  4045  4045 I Input   : injectKeyEvent: KeyEvent { action=ACTION_DOWN, keyCode=KEYCODE_DEL, scanCode=0, metaState=0, flags=0x0, repeatCount=0, eventTime=238487, downTime=238487, deviceId=-1, source=0x101 }
08-02 16:03:56.004  4045  4045 I Input   : injectKeyEvent: KeyEvent { action=ACTION_UP, keyCode=KEYCODE_DEL, scanCode=0, metaState=0, flags=0x0, repeatCount=0, eventTime=238487, downTime=238487, deviceId=-1, source=0x101 }
08-02 16:03:56.020  4045  4045 I Input   : injectKeyEvent: KeyEvent { action=ACTION_DOWN, keyCode=KEYCODE_DEL, scanCode=0, metaState=0, flags=0x0, repeatCount=0, eventTime=238504, downTime=238504, deviceId=-1, source=0x101 }
08-02 16:03:56.022  4045  4045 I Input   : injectKeyEvent: KeyEvent { action=ACTION_UP, keyCode=KEYCODE_DEL, scanCode=0, metaState=0, flags=0x0, repeatCount=0, eventTime=238504, downTime=238504, deviceId=-1, source=0x101 }
08-02 16:03:56.022  4045  4045 I Input   : injectKeyEvent: KeyEvent { action=ACTION_DOWN, keyCode=KEYCODE_DEL, scanCode=0, metaState=0, flags=0x0, repeatCount=0, eventTime=238506, downTime=238506, deviceId=-1, source=0x101 }
08-02 16:03:56.031  4045  4045 I Input   : injectKeyEvent: KeyEvent { action=ACTION_UP, keyCode=KEYCODE_DEL, scanCode=0, metaState=0, flags=0x0, repeatCount=0, eventTime=238506, downTime=238506, deviceId=-1, source=0x101 }
08-02 16:03:56.036  4045  4045 I Input   : injectKeyEvent: KeyEvent { action=ACTION_DOWN, keyCode=KEYCODE_DEL, scanCode=0, metaState=0, flags=0x0, repeatCount=0, eventTime=238520, downTime=238520, deviceId=-1, source=0x101 }
08-02 16:03:56.036  4045  4045 I Input   : injectKeyEvent: KeyEvent { action=ACTION_UP, keyCode=KEYCODE_DEL, scanCode=0, metaState=0, flags=0x0, repeatCount=0, eventTime=238520, downTime=238520, deviceId=-1, source=0x101 }
08-02 16:03:56.040  4045  4045 I Input   : injectKeyEvent: KeyEvent { action=ACTION_DOWN, keyCode=KEYCODE_DEL, scanCode=0, metaState=0, flags=0x0, repeatCount=0, eventTime=238524, downTime=238524, deviceId=-1, source=0x101 }
08-02 16:03:56.040  4045  4045 I Input   : injectKeyEvent: KeyEvent { action=ACTION_UP, keyCode=KEYCODE_DEL, scanCode=0, metaState=0, flags=0x0, repeatCount=0, eventTime=238524, downTime=238524, deviceId=-1, source=0x101 }
08-02 16:03:56.041  4045  4045 I Input   : injectKeyEvent: KeyEvent { action=ACTION_DOWN, keyCode=KEYCODE_DEL, scanCode=0, metaState=0, flags=0x0, repeatCount=0, eventTime=238525, downTime=238525, deviceId=-1, source=0x101 }
08-02 16:03:56.047  4045  4045 I Input   : injectKeyEvent: KeyEvent { action=ACTION_UP, keyCode=KEYCODE_DEL, scanCode=0, metaState=0, flags=0x0, repeatCount=0, eventTime=238525, downTime=238525, deviceId=-1, source=0x101 }
08-02 16:03:56.061  4045  4045 I Input   : injectKeyEvent: KeyEvent { action=ACTION_DOWN, keyCode=KEYCODE_DEL, scanCode=0, metaState=0, flags=0x0, repeatCount=0, eventTime=238545, downTime=238545, deviceId=-1, source=0x101 }
08-02 16:03:56.062  4045  4045 I Input   : injectKeyEvent: KeyEvent { action=ACTION_UP, keyCode=KEYCODE_DEL, scanCode=0, metaState=0, flags=0x0, repeatCount=0, eventTime=238545, downTime=238545, deviceId=-1, source=0x101 }
08-02 16:03:56.063  4045  4045 I Input   : injectKeyEvent: KeyEvent { action=ACTION_DOWN, keyCode=KEYCODE_DEL, scanCode=0, metaState=0, flags=0x0, repeatCount=0, eventTime=238547, downTime=238547, deviceId=-1, source=0x101 }
08-02 16:03:56.067  4045  4045 I Input   : injectKeyEvent: KeyEvent { action=ACTION_UP, keyCode=KEYCODE_DEL, scanCode=0, metaState=0, flags=0x0, repeatCount=0, eventTime=238547, downTime=238547, deviceId=-1, source=0x101 }
08-02 16:03:56.069  4045  4045 I Input   : injectKeyEvent: KeyEvent { action=ACTION_DOWN, keyCode=KEYCODE_DEL, scanCode=0, metaState=0, flags=0x0, repeatCount=0, eventTime=238553, downTime=238553, deviceId=-1, source=0x101 }
08-02 16:03:56.070  4045  4045 I Input   : injectKeyEvent: KeyEvent { action=ACTION_UP, keyCode=KEYCODE_DEL, scanCode=0, metaState=0, flags=0x0, repeatCount=0, eventTime=238553, downTime=238553, deviceId=-1, source=0x101 }
08-02 16:03:56.077  4045  4045 I Input   : injectKeyEvent: KeyEvent { action=ACTION_DOWN, keyCode=KEYCODE_DEL, scanCode=0, metaState=0, flags=0x0, repeatCount=0, eventTime=238561, downTime=238561, deviceId=-1, source=0x101 }
08-02 16:03:56.079  4045  4045 I Input   : injectKeyEvent: KeyEvent { action=ACTION_UP, keyCode=KEYCODE_DEL, scanCode=0, metaState=0, flags=0x0, repeatCount=0, eventTime=238561, downTime=238561, deviceId=-1, source=0x101 }
08-02 16:03:56.080  4045  4045 I Input   : injectKeyEvent: KeyEvent { action=ACTION_DOWN, keyCode=KEYCODE_DEL, scanCode=0, metaState=0, flags=0x0, repeatCount=0, eventTime=238564, downTime=238564, deviceId=-1, source=0x101 }
08-02 16:03:56.086  4045  4045 I Input   : injectKeyEvent: KeyEvent { action=ACTION_UP, keyCode=KEYCODE_DEL, scanCode=0, metaState=0, flags=0x0, repeatCount=0, eventTime=238564, downTime=238564, deviceId=-1, source=0x101 }
08-02 16:03:56.087  4045  4045 I Input   : injectKeyEvent: KeyEvent { action=ACTION_DOWN, keyCode=KEYCODE_DEL, scanCode=0, metaState=0, flags=0x0, repeatCount=0, eventTime=238571, downTime=238571, deviceId=-1, source=0x101 }
08-02 16:03:56.089  4045  4045 I Input   : injectKeyEvent: KeyEvent { action=ACTION_UP, keyCode=KEYCODE_DEL, scanCode=0, metaState=0, flags=0x0, repeatCount=0, eventTime=238571, downTime=238571, deviceId=-1, source=0x101 }
08-02 16:03:56.089  4045  4045 I Input   : injectKeyEvent: KeyEvent { action=ACTION_DOWN, keyCode=KEYCODE_DEL, scanCode=0, metaState=0, flags=0x0, repeatCount=0, eventTime=238573, downTime=238573, deviceId=-1, source=0x101 }
08-02 16:03:56.090  4045  4045 I Input   : injectKeyEvent: KeyEvent { action=ACTION_UP, keyCode=KEYCODE_DEL, scanCode=0, metaState=0, flags=0x0, repeatCount=0, eventTime=238573, downTime=238573, deviceId=-1, source=0x101 }
08-02 16:03:56.103  4045  4045 I Input   : injectKeyEvent: KeyEvent { action=ACTION_DOWN, keyCode=KEYCODE_DEL, scanCode=0, metaState=0, flags=0x0, repeatCount=0, eventTime=238587, downTime=238587, deviceId=-1, source=0x101 }
08-02 16:03:56.104  4045  4045 I Input   : injectKeyEvent: KeyEvent { action=ACTION_UP, keyCode=KEYCODE_DEL, scanCode=0, metaState=0, flags=0x0, repeatCount=0, eventTime=238587, downTime=238587, deviceId=-1, source=0x101 }
08-02 16:03:56.110  4045  4045 I Input   : injectKeyEvent: KeyEvent { action=ACTION_DOWN, keyCode=KEYCODE_DEL, scanCode=0, metaState=0, flags=0x0, repeatCount=0, eventTime=238594, downTime=238594, deviceId=-1, source=0x101 }
08-02 16:03:56.118  4045  4045 I Input   : injectKeyEvent: KeyEvent { action=ACTION_UP, keyCode=KEYCODE_DEL, scanCode=0, metaState=0, flags=0x0, repeatCount=0, eventTime=238594, downTime=238594, deviceId=-1, source=0x101 }
08-02 16:03:56.124  4045  4045 I Input   : injectKeyEvent: KeyEvent { action=ACTION_DOWN, keyCode=KEYCODE_DEL, scanCode=0, metaState=0, flags=0x0, repeatCount=0, eventTime=238608, downTime=238608, deviceId=-1, source=0x101 }
08-02 16:03:56.129  4045  4045 I Input   : injectKeyEvent: KeyEvent { action=ACTION_UP, keyCode=KEYCODE_DEL, scanCode=0, metaState=0, flags=0x0, repeatCount=0, eventTime=238608, downTime=238608, deviceId=-1, source=0x101 }
08-02 16:03:56.132  4045  4045 I Input   : injectKeyEvent: KeyEvent { action=ACTION_DOWN, keyCode=KEYCODE_DEL, scanCode=0, metaState=0, flags=0x0, repeatCount=0, eventTime=238616, downTime=238616, deviceId=-1, source=0x101 }
08-02 16:03:56.136  4045  4045 I Input   : injectKeyEvent: KeyEvent { action=ACTION_UP, keyCode=KEYCODE_DEL, scanCode=0, metaState=0, flags=0x0, repeatCount=0, eventTime=238616, downTime=238616, deviceId=-1, source=0x101 }
08-02 16:03:56.139  4045  4045 I Input   : injectKeyEvent: KeyEvent { action=ACTION_DOWN, keyCode=KEYCODE_DEL, scanCode=0, metaState=0, flags=0x0, repeatCount=0, eventTime=238623, downTime=238623, deviceId=-1, source=0x101 }
08-02 16:03:56.140  4045  4045 I Input   : injectKeyEvent: KeyEvent { action=ACTION_UP, keyCode=KEYCODE_DEL, scanCode=0, metaState=0, flags=0x0, repeatCount=0, eventTime=238623, downTime=238623, deviceId=-1, source=0x101 }
08-02 16:03:56.143  4045  4045 I Input   : injectKeyEvent: KeyEvent { action=ACTION_DOWN, keyCode=KEYCODE_DEL, scanCode=0, metaState=0, flags=0x0, repeatCount=0, eventTime=238627, downTime=238627, deviceId=-1, source=0x101 }
08-02 16:03:56.148  4045  4045 I Input   : injectKeyEvent: KeyEvent { action=ACTION_UP, keyCode=KEYCODE_DEL, scanCode=0, metaState=0, flags=0x0, repeatCount=0, eventTime=238627, downTime=238627, deviceId=-1, source=0x101 }
08-02 16:03:56.155  4045  4045 I Input   : injectKeyEvent: KeyEvent { action=ACTION_DOWN, keyCode=KEYCODE_DEL, scanCode=0, metaState=0, flags=0x0, repeatCount=0, eventTime=238639, downTime=238639, deviceId=-1, source=0x101 }
08-02 16:03:56.159  4045  4045 I Input   : injectKeyEvent: KeyEvent { action=ACTION_UP, keyCode=KEYCODE_DEL, scanCode=0, metaState=0, flags=0x0, repeatCount=0, eventTime=238639, downTime=238639, deviceId=-1, source=0x101 }
08-02 16:03:56.162  4045  4045 I Input   : injectKeyEvent: KeyEvent { action=ACTION_DOWN, keyCode=KEYCODE_DEL, scanCode=0, metaState=0, flags=0x0, repeatCount=0, eventTime=238646, downTime=238646, deviceId=-1, source=0x101 }
08-02 16:03:56.167  4045  4045 I Input   : injectKeyEvent: KeyEvent { action=ACTION_UP, keyCode=KEYCODE_DEL, scanCode=0, metaState=0, flags=0x0, repeatCount=0, eventTime=238646, downTime=238646, deviceId=-1, source=0x101 }
08-02 16:03:56.167  4045  4045 I Input   : injectKeyEvent: KeyEvent { action=ACTION_DOWN, keyCode=KEYCODE_DEL, scanCode=0, metaState=0, flags=0x0, repeatCount=0, eventTime=238651, downTime=238651, deviceId=-1, source=0x101 }
08-02 16:03:56.168  4045  4045 I Input   : injectKeyEvent: KeyEvent { action=ACTION_UP, keyCode=KEYCODE_DEL, scanCode=0, metaState=0, flags=0x0, repeatCount=0, eventTime=238651, downTime=238651, deviceId=-1, source=0x101 }
08-02 16:03:56.171  4045  4045 I Input   : injectKeyEvent: KeyEvent { action=ACTION_DOWN, keyCode=KEYCODE_DEL, scanCode=0, metaState=0, flags=0x0, repeatCount=0, eventTime=238655, downTime=238655, deviceId=-1, source=0x101 }
08-02 16:03:56.172  4045  4045 I Input   : injectKeyEvent: KeyEvent { action=ACTION_UP, keyCode=KEYCODE_DEL, scanCode=0, metaState=0, flags=0x0, repeatCount=0, eventTime=238655, downTime=238655, deviceId=-1, source=0x101 }
08-02 16:03:56.178  4045  4045 I Input   : injectKeyEvent: KeyEvent { action=ACTION_DOWN, keyCode=KEYCODE_DEL, scanCode=0, metaState=0, flags=0x0, repeatCount=0, eventTime=238662, downTime=238662, deviceId=-1, source=0x101 }
08-02 16:03:56.179  4045  4045 I Input   : injectKeyEvent: KeyEvent { action=ACTION_UP, keyCode=KEYCODE_DEL, scanCode=0, metaState=0, flags=0x0, repeatCount=0, eventTime=238662, downTime=238662, deviceId=-1, source=0x101 }
08-02 16:03:56.181  4045  4045 I Input   : injectKeyEvent: KeyEvent { action=ACTION_DOWN, keyCode=KEYCODE_DEL, scanCode=0, metaState=0, flags=0x0, repeatCount=0, eventTime=238665, downTime=238665, deviceId=-1, source=0x101 }
08-02 16:03:56.182  4045  4045 I Input   : injectKeyEvent: KeyEvent { action=ACTION_UP, keyCode=KEYCODE_DEL, scanCode=0, metaState=0, flags=0x0, repeatCount=0, eventTime=238665, downTime=238665, deviceId=-1, source=0x101 }
08-02 16:03:56.187  4045  4045 I Input   : injectKeyEvent: KeyEvent { action=ACTION_DOWN, keyCode=KEYCODE_DEL, scanCode=0, metaState=0, flags=0x0, repeatCount=0, eventTime=238671, downTime=238671, deviceId=-1, source=0x101 }
08-02 16:03:56.195  4045  4045 I Input   : injectKeyEvent: KeyEvent { action=ACTION_UP, keyCode=KEYCODE_DEL, scanCode=0, metaState=0, flags=0x0, repeatCount=0, eventTime=238671, downTime=238671, deviceId=-1, source=0x101 }
08-02 16:03:56.196  4045  4045 I Input   : injectKeyEvent: KeyEvent { action=ACTION_DOWN, keyCode=KEYCODE_DEL, scanCode=0, metaState=0, flags=0x0, repeatCount=0, eventTime=238680, downTime=238680, deviceId=-1, source=0x101 }
08-02 16:03:56.197  4045  4045 I Input   : injectKeyEvent: KeyEvent { action=ACTION_UP, keyCode=KEYCODE_DEL, scanCode=0, metaState=0, flags=0x0, repeatCount=0, eventTime=238680, downTime=238680, deviceId=-1, source=0x101 }
08-02 16:03:56.204  4045  4045 I Input   : injectKeyEvent: KeyEvent { action=ACTION_DOWN, keyCode=KEYCODE_DEL, scanCode=0, metaState=0, flags=0x0, repeatCount=0, eventTime=238688, downTime=238688, deviceId=-1, source=0x101 }
08-02 16:03:56.209  4045  4045 I Input   : injectKeyEvent: KeyEvent { action=ACTION_UP, keyCode=KEYCODE_DEL, scanCode=0, metaState=0, flags=0x0, repeatCount=0, eventTime=238688, downTime=238688, deviceId=-1, source=0x101 }
08-02 16:03:56.213  4045  4045 I Input   : injectKeyEvent: KeyEvent { action=ACTION_DOWN, keyCode=KEYCODE_DEL, scanCode=0, metaState=0, flags=0x0, repeatCount=0, eventTime=238697, downTime=238697, deviceId=-1, source=0x101 }
08-02 16:03:56.217  4045  4045 I Input   : injectKeyEvent: KeyEvent { action=ACTION_UP, keyCode=KEYCODE_DEL, scanCode=0, metaState=0, flags=0x0, repeatCount=0, eventTime=238697, downTime=238697, deviceId=-1, source=0x101 }
08-02 16:03:56.218  4045  4045 I Input   : injectKeyEvent: KeyEvent { action=ACTION_DOWN, keyCode=KEYCODE_DEL, scanCode=0, metaState=0, flags=0x0, repeatCount=0, eventTime=238702, downTime=238702, deviceId=-1, source=0x101 }
08-02 16:03:56.224  4045  4045 I Input   : injectKeyEvent: KeyEvent { action=ACTION_UP, keyCode=KEYCODE_DEL, scanCode=0, metaState=0, flags=0x0, repeatCount=0, eventTime=238702, downTime=238702, deviceId=-1, source=0x101 }
08-02 16:03:56.230  4045  4045 I Input   : injectKeyEvent: KeyEvent { action=ACTION_DOWN, keyCode=KEYCODE_DEL, scanCode=0, metaState=0, flags=0x0, repeatCount=0, eventTime=238714, downTime=238714, deviceId=-1, source=0x101 }
08-02 16:03:56.232  4045  4045 I Input   : injectKeyEvent: KeyEvent { action=ACTION_UP, keyCode=KEYCODE_DEL, scanCode=0, metaState=0, flags=0x0, repeatCount=0, eventTime=238714, downTime=238714, deviceId=-1, source=0x101 }
08-02 16:03:56.236  4045  4045 I Input   : injectKeyEvent: KeyEvent { action=ACTION_DOWN, keyCode=KEYCODE_DEL, scanCode=0, metaState=0, flags=0x0, repeatCount=0, eventTime=238720, downTime=238720, deviceId=-1, source=0x101 }
08-02 16:03:56.237  4045  4045 I Input   : injectKeyEvent: KeyEvent { action=ACTION_UP, keyCode=KEYCODE_DEL, scanCode=0, metaState=0, flags=0x0, repeatCount=0, eventTime=238720, downTime=238720, deviceId=-1, source=0x101 }
08-02 16:03:56.238  4045  4045 I Input   : injectKeyEvent: KeyEvent { action=ACTION_DOWN, keyCode=KEYCODE_DEL, scanCode=0, metaState=0, flags=0x0, repeatCount=0, eventTime=238722, downTime=238722, deviceId=-1, source=0x101 }
08-02 16:03:56.239  4045  4045 I Input   : injectKeyEvent: KeyEvent { action=ACTION_UP, keyCode=KEYCODE_DEL, scanCode=0, metaState=0, flags=0x0, repeatCount=0, eventTime=238722, downTime=238722, deviceId=-1, source=0x101 }
08-02 16:03:56.246  4045  4045 I Input   : injectKeyEvent: KeyEvent { action=ACTION_DOWN, keyCode=KEYCODE_DEL, scanCode=0, metaState=0, flags=0x0, repeatCount=0, eventTime=238730, downTime=238730, deviceId=-1, source=0x101 }
08-02 16:03:56.256  4045  4045 I Input   : injectKeyEvent: KeyEvent { action=ACTION_UP, keyCode=KEYCODE_DEL, scanCode=0, metaState=0, flags=0x0, repeatCount=0, eventTime=238730, downTime=238730, deviceId=-1, source=0x101 }
08-02 16:03:56.265  4045  4045 I Input   : injectKeyEvent: KeyEvent { action=ACTION_DOWN, keyCode=KEYCODE_DEL, scanCode=0, metaState=0, flags=0x0, repeatCount=0, eventTime=238749, downTime=238749, deviceId=-1, source=0x101 }
08-02 16:03:56.267  4045  4045 I Input   : injectKeyEvent: KeyEvent { action=ACTION_UP, keyCode=KEYCODE_DEL, scanCode=0, metaState=0, flags=0x0, repeatCount=0, eventTime=238749, downTime=238749, deviceId=-1, source=0x101 }
08-02 16:03:56.280  4045  4045 I Input   : injectKeyEvent: KeyEvent { action=ACTION_DOWN, keyCode=KEYCODE_DEL, scanCode=0, metaState=0, flags=0x0, repeatCount=0, eventTime=238764, downTime=238764, deviceId=-1, source=0x101 }
08-02 16:03:56.282  4045  4045 I Input   : injectKeyEvent: KeyEvent { action=ACTION_UP, keyCode=KEYCODE_DEL, scanCode=0, metaState=0, flags=0x0, repeatCount=0, eventTime=238764, downTime=238764, deviceId=-1, source=0x101 }
08-02 16:03:56.286  4045  4045 I Input   : injectKeyEvent: KeyEvent { action=ACTION_DOWN, keyCode=KEYCODE_DEL, scanCode=0, metaState=0, flags=0x0, repeatCount=0, eventTime=238770, downTime=238770, deviceId=-1, source=0x101 }
08-02 16:03:56.291  4045  4045 I Input   : injectKeyEvent: KeyEvent { action=ACTION_UP, keyCode=KEYCODE_DEL, scanCode=0, metaState=0, flags=0x0, repeatCount=0, eventTime=238770, downTime=238770, deviceId=-1, source=0x101 }
08-02 16:03:56.307  4045  4045 I Input   : injectKeyEvent: KeyEvent { action=ACTION_DOWN, keyCode=KEYCODE_DEL, scanCode=0, metaState=0, flags=0x0, repeatCount=0, eventTime=238791, downTime=238791, deviceId=-1, source=0x101 }
08-02 16:03:56.308  4045  4045 I Input   : injectKeyEvent: KeyEvent { action=ACTION_UP, keyCode=KEYCODE_DEL, scanCode=0, metaState=0, flags=0x0, repeatCount=0, eventTime=238791, downTime=238791, deviceId=-1, source=0x101 }
08-02 16:03:56.308  4045  4045 I Input   : injectKeyEvent: KeyEvent { action=ACTION_DOWN, keyCode=KEYCODE_DEL, scanCode=0, metaState=0, flags=0x0, repeatCount=0, eventTime=238792, downTime=238792, deviceId=-1, source=0x101 }
08-02 16:03:56.316  4045  4045 I Input   : injectKeyEvent: KeyEvent { action=ACTION_UP, keyCode=KEYCODE_DEL, scanCode=0, metaState=0, flags=0x0, repeatCount=0, eventTime=238792, downTime=238792, deviceId=-1, source=0x101 }
08-02 16:03:56.321  4045  4045 I Input   : injectKeyEvent: KeyEvent { action=ACTION_DOWN, keyCode=KEYCODE_DEL, scanCode=0, metaState=0, flags=0x0, repeatCount=0, eventTime=238805, downTime=238805, deviceId=-1, source=0x101 }
08-02 16:03:56.323  4045  4045 I Input   : injectKeyEvent: KeyEvent { action=ACTION_UP, keyCode=KEYCODE_DEL, scanCode=0, metaState=0, flags=0x0, repeatCount=0, eventTime=238805, downTime=238805, deviceId=-1, source=0x101 }
08-02 16:03:56.325  4045  4045 I Input   : injectKeyEvent: KeyEvent { action=ACTION_DOWN, keyCode=KEYCODE_DEL, scanCode=0, metaState=0, flags=0x0, repeatCount=0, eventTime=238809, downTime=238809, deviceId=-1, source=0x101 }
08-02 16:03:56.326  4045  4045 I Input   : injectKeyEvent: KeyEvent { action=ACTION_UP, keyCode=KEYCODE_DEL, scanCode=0, metaState=0, flags=0x0, repeatCount=0, eventTime=238809, downTime=238809, deviceId=-1, source=0x101 }
08-02 16:03:56.327  4045  4045 I Input   : injectKeyEvent: KeyEvent { action=ACTION_DOWN, keyCode=KEYCODE_DEL, scanCode=0, metaState=0, flags=0x0, repeatCount=0, eventTime=238811, downTime=238811, deviceId=-1, source=0x101 }
08-02 16:03:56.332  4045  4045 I Input   : injectKeyEvent: KeyEvent { action=ACTION_UP, keyCode=KEYCODE_DEL, scanCode=0, metaState=0, flags=0x0, repeatCount=0, eventTime=238811, downTime=238811, deviceId=-1, source=0x101 }
08-02 16:03:56.342  4045  4045 I Input   : injectKeyEvent: KeyEvent { action=ACTION_DOWN, keyCode=KEYCODE_DEL, scanCode=0, metaState=0, flags=0x0, repeatCount=0, eventTime=238826, downTime=238826, deviceId=-1, source=0x101 }
08-02 16:03:56.343  4045  4045 I Input   : injectKeyEvent: KeyEvent { action=ACTION_UP, keyCode=KEYCODE_DEL, scanCode=0, metaState=0, flags=0x0, repeatCount=0, eventTime=238826, downTime=238826, deviceId=-1, source=0x101 }
08-02 16:03:56.343  4045  4045 I Input   : injectKeyEvent: KeyEvent { action=ACTION_DOWN, keyCode=KEYCODE_DEL, scanCode=0, metaState=0, flags=0x0, repeatCount=0, eventTime=238827, downTime=238827, deviceId=-1, source=0x101 }
08-02 16:03:56.344  4045  4045 I Input   : injectKeyEvent: KeyEvent { action=ACTION_UP, keyCode=KEYCODE_DEL, scanCode=0, metaState=0, flags=0x0, repeatCount=0, eventTime=238827, downTime=238827, deviceId=-1, source=0x101 }
08-02 16:03:56.348  4045  4045 I Input   : injectKeyEvent: KeyEvent { action=ACTION_DOWN, keyCode=KEYCODE_DEL, scanCode=0, metaState=0, flags=0x0, repeatCount=0, eventTime=238832, downTime=238832, deviceId=-1, source=0x101 }
08-02 16:03:56.350  4045  4045 I Input   : injectKeyEvent: KeyEvent { action=ACTION_UP, keyCode=KEYCODE_DEL, scanCode=0, metaState=0, flags=0x0, repeatCount=0, eventTime=238832, downTime=238832, deviceId=-1, source=0x101 }
08-02 16:03:56.361  4045  4045 I Input   : injectKeyEvent: KeyEvent { action=ACTION_DOWN, keyCode=KEYCODE_DEL, scanCode=0, metaState=0, flags=0x0, repeatCount=0, eventTime=238845, downTime=238845, deviceId=-1, source=0x101 }
08-02 16:03:56.368  4045  4045 I Input   : injectKeyEvent: KeyEvent { action=ACTION_UP, keyCode=KEYCODE_DEL, scanCode=0, metaState=0, flags=0x0, repeatCount=0, eventTime=238845, downTime=238845, deviceId=-1, source=0x101 }
08-02 16:03:56.369  4045  4045 I Input   : injectKeyEvent: KeyEvent { action=ACTION_DOWN, keyCode=KEYCODE_DEL, scanCode=0, metaState=0, flags=0x0, repeatCount=0, eventTime=238853, downTime=238853, deviceId=-1, source=0x101 }
08-02 16:03:56.370  4045  4045 I Input   : injectKeyEvent: KeyEvent { action=ACTION_UP, keyCode=KEYCODE_DEL, scanCode=0, metaState=0, flags=0x0, repeatCount=0, eventTime=238853, downTime=238853, deviceId=-1, source=0x101 }
08-02 16:03:56.370  4045  4045 I Input   : injectKeyEvent: KeyEvent { action=ACTION_DOWN, keyCode=KEYCODE_DEL, scanCode=0, metaState=0, flags=0x0, repeatCount=0, eventTime=238854, downTime=238854, deviceId=-1, source=0x101 }
08-02 16:03:56.377  4045  4045 I Input   : injectKeyEvent: KeyEvent { action=ACTION_UP, keyCode=KEYCODE_DEL, scanCode=0, metaState=0, flags=0x0, repeatCount=0, eventTime=238854, downTime=238854, deviceId=-1, source=0x101 }
08-02 16:03:56.392  4045  4045 I Input   : injectKeyEvent: KeyEvent { action=ACTION_DOWN, keyCode=KEYCODE_DEL, scanCode=0, metaState=0, flags=0x0, repeatCount=0, eventTime=238876, downTime=238876, deviceId=-1, source=0x101 }
08-02 16:03:56.393  4045  4045 I Input   : injectKeyEvent: KeyEvent { action=ACTION_UP, keyCode=KEYCODE_DEL, scanCode=0, metaState=0, flags=0x0, repeatCount=0, eventTime=238876, downTime=238876, deviceId=-1, source=0x101 }
08-02 16:03:56.404  4045  4045 D AndroidRuntime: Shutting down VM
08-02 16:03:56.791  4055  4055 D AndroidRuntime: >>>>>> START com.android.internal.os.RuntimeInit uid 0 <<<<<<
08-02 16:03:56.793  4055  4055 D AndroidRuntime: CheckJNI is OFF
08-02 16:03:56.804  4055  4055 D ICU     : No timezone override file found: /data/misc/zoneinfo/current/icu/icu_tzdata.dat
08-02 16:03:56.816  4055  4055 E memtrack: Couldn't load memtrack module (No such file or directory)
08-02 16:03:56.816  4055  4055 E android.os.Debug: failed to load memtrack module: -2
08-02 16:03:56.817  4055  4055 I Radio-JNI: register_android_hardware_Radio DONE
08-02 16:03:56.823  4055  4055 D AndroidRuntime: Calling main entry com.android.commands.input.Input
08-02 16:03:56.832  4055  4055 I Input   : injectKeyEvent: KeyEvent { action=ACTION_DOWN, keyCode=KEYCODE_N, scanCode=0, metaState=0, flags=0x0, repeatCount=0, eventTime=239316, downTime=239316, deviceId=-1, source=0x101 }
08-02 16:03:56.836  4055  4055 I Input   : injectKeyEvent: KeyEvent { action=ACTION_UP, keyCode=KEYCODE_N, scanCode=0, metaState=0, flags=0x0, repeatCount=0, eventTime=239316, downTime=239316, deviceId=-1, source=0x101 }
08-02 16:03:56.837  4055  4055 I Input   : injectKeyEvent: KeyEvent { action=ACTION_DOWN, keyCode=KEYCODE_U, scanCode=0, metaState=0, flags=0x0, repeatCount=0, eventTime=239316, downTime=239316, deviceId=-1, source=0x101 }
08-02 16:03:56.841  4055  4055 I Input   : injectKeyEvent: KeyEvent { action=ACTION_UP, keyCode=KEYCODE_U, scanCode=0, metaState=0, flags=0x0, repeatCount=0, eventTime=239316, downTime=239316, deviceId=-1, source=0x101 }
08-02 16:03:56.842  4055  4055 I Input   : injectKeyEvent: KeyEvent { action=ACTION_DOWN, keyCode=KEYCODE_L, scanCode=0, metaState=0, flags=0x0, repeatCount=0, eventTime=239316, downTime=239316, deviceId=-1, source=0x101 }
08-02 16:03:56.847  4055  4055 I Input   : injectKeyEvent: KeyEvent { action=ACTION_UP, keyCode=KEYCODE_L, scanCode=0, metaState=0, flags=0x0, repeatCount=0, eventTime=239316, downTime=239316, deviceId=-1, source=0x101 }
08-02 16:03:56.849  4055  4055 I Input   : injectKeyEvent: KeyEvent { action=ACTION_DOWN, keyCode=KEYCODE_L, scanCode=0, metaState=0, flags=0x0, repeatCount=0, eventTime=239316, downTime=239316, deviceId=-1, source=0x101 }
08-02 16:03:56.850  4055  4055 I Input   : injectKeyEvent: KeyEvent { action=ACTION_UP, keyCode=KEYCODE_L, scanCode=0, metaState=0, flags=0x0, repeatCount=0, eventTime=239316, downTime=239316, deviceId=-1, source=0x101 }
08-02 16:03:56.851  4055  4055 D AndroidRuntime: Shutting down VM
08-02 16:03:58.729  4389  4389 D AndroidRuntime: >>>>>> START com.android.internal.os.RuntimeInit uid 0 <<<<<<
08-02 16:03:58.731  4389  4389 D AndroidRuntime: CheckJNI is OFF
08-02 16:03:58.741  4389  4389 D ICU     : No timezone override file found: /data/misc/zoneinfo/current/icu/icu_tzdata.dat
08-02 16:03:58.755  4389  4389 E memtrack: Couldn't load memtrack module (No such file or directory)
08-02 16:03:58.755  4389  4389 E android.os.Debug: failed to load memtrack module: -2
08-02 16:03:58.757  4389  4389 I Radio-JNI: register_android_hardware_Radio DONE
08-02 16:03:58.767  4389  4389 D AndroidRuntime: Calling main entry com.android.commands.uiautomator.Launcher
08-02 16:03:59.788  4389  4389 I AccessibilityNodeInfoDumper: Skipping invisible child: android.view.accessibility.AccessibilityNodeInfo@8000c074; boundsInParent: Rect(0, 0 - 1200, 1540); boundsInScreen: Rect(1200, 278 - 1200, 1818); packageName: com.adonai.manman; className: android.widget.FrameLayout; text: null; error: null; maxTextLength: -1; contentDescription: null; viewIdResName: com.adonai.manman:id/chapter_fragment_frame; checkable: false; checked: false; focusable: true; focused: false; selected: false; clickable: false; longClickable: false; contextClickable: false; enabled: true; password: false; scrollable: false; actions: [AccessibilityAction: ACTION_FOCUS - null, AccessibilityAction: ACTION_SELECT - null, AccessibilityAction: ACTION_CLEAR_SELECTION - null, AccessibilityAction: ACTION_ACCESSIBILITY_FOCUS - null, AccessibilityAction: ACTION_UNKNOWN - null]
08-02 16:03:59.788  4389  4389 W AccessibilityNodeInfoDumper: Fetch time: 6ms
08-02 16:03:59.790   626   962 W WindowManager: Attempted to remove non-existing token: android.os.Binder@c1c8273
08-02 16:03:59.798  4389  4389 D AndroidRuntime: Shutting down VM
08-02 16:04:00.956  4412  4412 D AndroidRuntime: >>>>>> START com.android.internal.os.RuntimeInit uid 0 <<<<<<
08-02 16:04:00.958  4412  4412 D AndroidRuntime: CheckJNI is OFF
08-02 16:04:00.971  4412  4412 D ICU     : No timezone override file found: /data/misc/zoneinfo/current/icu/icu_tzdata.dat
08-02 16:04:00.994  4412  4412 E memtrack: Couldn't load memtrack module (No such file or directory)
08-02 16:04:00.994  4412  4412 E android.os.Debug: failed to load memtrack module: -2
08-02 16:04:00.995  4412  4412 I Radio-JNI: register_android_hardware_Radio DONE
08-02 16:04:01.001  4412  4412 D AndroidRuntime: Calling main entry com.android.commands.uiautomator.Launcher
08-02 16:04:02.022  4412  4412 I AccessibilityNodeInfoDumper: Skipping invisible child: android.view.accessibility.AccessibilityNodeInfo@8000c07d; boundsInParent: Rect(0, 0 - 1200, 1540); boundsInScreen: Rect(1200, 278 - 1200, 1818); packageName: com.adonai.manman; className: android.widget.FrameLayout; text: null; error: null; maxTextLength: -1; contentDescription: null; viewIdResName: com.adonai.manman:id/chapter_fragment_frame; checkable: false; checked: false; focusable: true; focused: false; selected: false; clickable: false; longClickable: false; contextClickable: false; enabled: true; password: false; scrollable: false; actions: [AccessibilityAction: ACTION_FOCUS - null, AccessibilityAction: ACTION_SELECT - null, AccessibilityAction: ACTION_CLEAR_SELECTION - null, AccessibilityAction: ACTION_ACCESSIBILITY_FOCUS - null, AccessibilityAction: ACTION_UNKNOWN - null]
08-02 16:04:02.023  4412  4412 W AccessibilityNodeInfoDumper: Fetch time: 6ms
08-02 16:04:02.023   626   638 W WindowManager: Attempted to remove non-existing token: android.os.Binder@4ccc5a9
08-02 16:04:02.032  4412  4412 D AndroidRuntime: Shutting down VM
08-02 16:04:02.534  4430  4430 D AndroidRuntime: >>>>>> START com.android.internal.os.RuntimeInit uid 0 <<<<<<
08-02 16:04:02.535  4430  4430 D AndroidRuntime: CheckJNI is OFF
08-02 16:04:02.544  4430  4430 D ICU     : No timezone override file found: /data/misc/zoneinfo/current/icu/icu_tzdata.dat
08-02 16:04:02.555  4430  4430 E memtrack: Couldn't load memtrack module (No such file or directory)
08-02 16:04:02.556  4430  4430 E android.os.Debug: failed to load memtrack module: -2
08-02 16:04:02.557  4430  4430 I Radio-JNI: register_android_hardware_Radio DONE
08-02 16:04:02.564  4430  4430 D AndroidRuntime: Calling main entry com.android.commands.uiautomator.Launcher
08-02 16:04:03.587  4430  4430 I AccessibilityNodeInfoDumper: Skipping invisible child: android.view.accessibility.AccessibilityNodeInfo@8000c086; boundsInParent: Rect(0, 0 - 1200, 1540); boundsInScreen: Rect(1200, 278 - 1200, 1818); packageName: com.adonai.manman; className: android.widget.FrameLayout; text: null; error: null; maxTextLength: -1; contentDescription: null; viewIdResName: com.adonai.manman:id/chapter_fragment_frame; checkable: false; checked: false; focusable: true; focused: false; selected: false; clickable: false; longClickable: false; contextClickable: false; enabled: true; password: false; scrollable: false; actions: [AccessibilityAction: ACTION_FOCUS - null, AccessibilityAction: ACTION_SELECT - null, AccessibilityAction: ACTION_CLEAR_SELECTION - null, AccessibilityAction: ACTION_ACCESSIBILITY_FOCUS - null, AccessibilityAction: ACTION_UNKNOWN - null]
08-02 16:04:03.587  4430  4430 W AccessibilityNodeInfoDumper: Fetch time: 6ms
08-02 16:04:03.588   626  1640 W WindowManager: Attempted to remove non-existing token: android.os.Binder@91fd72e
08-02 16:04:03.595  4430  4430 D AndroidRuntime: Shutting down VM
08-02 16:04:04.715  4455  4455 D AndroidRuntime: >>>>>> START com.android.internal.os.RuntimeInit uid 0 <<<<<<
08-02 16:04:04.717  4455  4455 D AndroidRuntime: CheckJNI is OFF
08-02 16:04:04.729  4455  4455 D ICU     : No timezone override file found: /data/misc/zoneinfo/current/icu/icu_tzdata.dat
08-02 16:04:04.743  4455  4455 E memtrack: Couldn't load memtrack module (No such file or directory)
08-02 16:04:04.743  4455  4455 E android.os.Debug: failed to load memtrack module: -2
08-02 16:04:04.746  4455  4455 I Radio-JNI: register_android_hardware_Radio DONE
08-02 16:04:04.754  4455  4455 D AndroidRuntime: Calling main entry com.android.commands.uiautomator.Launcher
08-02 16:04:05.786  4455  4455 I AccessibilityNodeInfoDumper: Skipping invisible child: android.view.accessibility.AccessibilityNodeInfo@8000c08c; boundsInParent: Rect(0, 0 - 1200, 1540); boundsInScreen: Rect(1200, 278 - 1200, 1818); packageName: com.adonai.manman; className: android.widget.FrameLayout; text: null; error: null; maxTextLength: -1; contentDescription: null; viewIdResName: com.adonai.manman:id/chapter_fragment_frame; checkable: false; checked: false; focusable: true; focused: false; selected: false; clickable: false; longClickable: false; contextClickable: false; enabled: true; password: false; scrollable: false; actions: [AccessibilityAction: ACTION_FOCUS - null, AccessibilityAction: ACTION_SELECT - null, AccessibilityAction: ACTION_CLEAR_SELECTION - null, AccessibilityAction: ACTION_ACCESSIBILITY_FOCUS - null, AccessibilityAction: ACTION_UNKNOWN - null]
08-02 16:04:05.788  4455  4455 W AccessibilityNodeInfoDumper: Fetch time: 15ms
08-02 16:04:05.789   626  1119 W WindowManager: Attempted to remove non-existing token: android.os.Binder@1b2d2cf
08-02 16:04:05.791  4455  4455 D AndroidRuntime: Shutting down VM
08-02 16:04:06.249  4473  4473 D AndroidRuntime: >>>>>> START com.android.internal.os.RuntimeInit uid 0 <<<<<<
08-02 16:04:06.250  4473  4473 D AndroidRuntime: CheckJNI is OFF
08-02 16:04:06.259  4473  4473 D ICU     : No timezone override file found: /data/misc/zoneinfo/current/icu/icu_tzdata.dat
08-02 16:04:06.270  4473  4473 E memtrack: Couldn't load memtrack module (No such file or directory)
08-02 16:04:06.270  4473  4473 E android.os.Debug: failed to load memtrack module: -2
08-02 16:04:06.271  4473  4473 I Radio-JNI: register_android_hardware_Radio DONE
08-02 16:04:06.277  4473  4473 D AndroidRuntime: Calling main entry com.android.commands.uiautomator.Launcher
08-02 16:04:07.309  4473  4473 I AccessibilityNodeInfoDumper: Skipping invisible child: android.view.accessibility.AccessibilityNodeInfo@8000c092; boundsInParent: Rect(0, 0 - 1200, 1540); boundsInScreen: Rect(1200, 278 - 1200, 1818); packageName: com.adonai.manman; className: android.widget.FrameLayout; text: null; error: null; maxTextLength: -1; contentDescription: null; viewIdResName: com.adonai.manman:id/chapter_fragment_frame; checkable: false; checked: false; focusable: true; focused: false; selected: false; clickable: false; longClickable: false; contextClickable: false; enabled: true; password: false; scrollable: false; actions: [AccessibilityAction: ACTION_FOCUS - null, AccessibilityAction: ACTION_SELECT - null, AccessibilityAction: ACTION_CLEAR_SELECTION - null, AccessibilityAction: ACTION_ACCESSIBILITY_FOCUS - null, AccessibilityAction: ACTION_UNKNOWN - null]
08-02 16:04:07.311  4473  4473 W AccessibilityNodeInfoDumper: Fetch time: 9ms
08-02 16:04:07.312   626  1097 W WindowManager: Attempted to remove non-existing token: android.os.Binder@79045c
08-02 16:04:07.333  4473  4473 D AndroidRuntime: Shutting down VM
08-02 16:04:07.812  4486  4486 D AndroidRuntime: >>>>>> START com.android.internal.os.RuntimeInit uid 0 <<<<<<
08-02 16:04:07.816  4486  4486 D AndroidRuntime: CheckJNI is OFF
08-02 16:04:07.827  4486  4486 D ICU     : No timezone override file found: /data/misc/zoneinfo/current/icu/icu_tzdata.dat
08-02 16:04:07.846  4486  4486 E memtrack: Couldn't load memtrack module (No such file or directory)
08-02 16:04:07.846  4486  4486 E android.os.Debug: failed to load memtrack module: -2
08-02 16:04:07.848  4486  4486 I Radio-JNI: register_android_hardware_Radio DONE
08-02 16:04:07.861  4486  4486 D AndroidRuntime: Calling main entry com.android.commands.input.Input
