--------- beginning of main
08-02 12:54:38.199  1766  1766 D AndroidRuntime: >>>>>> START com.android.internal.os.RuntimeInit uid 0 <<<<<<
08-02 12:54:38.200  1766  1766 D AndroidRuntime: CheckJNI is OFF
08-02 12:54:38.209  1766  1766 D ICU     : No timezone override file found: /data/misc/zoneinfo/current/icu/icu_tzdata.dat
08-02 12:54:38.222  1766  1766 E memtrack: Couldn't load memtrack module (No such file or directory)
08-02 12:54:38.222  1766  1766 E android.os.Debug: failed to load memtrack module: -2
08-02 12:54:38.225  1766  1766 I Radio-JNI: register_android_hardware_Radio DONE
08-02 12:54:38.240  1766  1766 D AndroidRuntime: Calling main entry com.android.commands.pm.Pm
08-02 12:54:38.246   625   636 I PackageManager: Package doesn't exist in get block uninstall com.zola.bmi
--------- beginning of system
08-02 12:54:38.246   625   648 W PackageManager: Package named 'com.zola.bmi' doesn't exist.
08-02 12:54:38.246   625   648 I art     : Starting a blocking GC Explicit
08-02 12:54:38.264   625   648 I art     : Explicit concurrent mark sweep GC freed 13485(892KB) AllocSpace objects, 10(1728KB) LOS objects, 33% free, 5MB/8MB, paused 497us total 17.915ms
08-02 12:54:38.266  1766  1766 E Pm      : Failure details: Bundle[{android.content.pm.extra.STATUS=1, android.content.pm.extra.PACKAGE_NAME=com.zola.bmi, android.content.pm.extra.LEGACY_STATUS=-1, android.content.pm.extra.STATUS_MESSAGE=DELETE_FAILED_INTERNAL_ERROR}]
08-02 12:54:38.268  1766  1766 I art     : System.exit called, status: 1
08-02 12:54:38.268  1766  1766 I AndroidRuntime: VM exiting with result code 1.
08-02 12:54:38.836  1779  1779 D AndroidRuntime: >>>>>> START com.android.internal.os.RuntimeInit uid 0 <<<<<<
08-02 12:54:38.838  1779  1779 D AndroidRuntime: CheckJNI is OFF
08-02 12:54:38.847  1779  1779 D ICU     : No timezone override file found: /data/misc/zoneinfo/current/icu/icu_tzdata.dat
08-02 12:54:38.858  1779  1779 E memtrack: Couldn't load memtrack module (No such file or directory)
08-02 12:54:38.858  1779  1779 E android.os.Debug: failed to load memtrack module: -2
08-02 12:54:38.859  1779  1779 I Radio-JNI: register_android_hardware_Radio DONE
08-02 12:54:38.866  1779  1779 D AndroidRuntime: Calling main entry com.android.commands.pm.Pm
08-02 12:54:38.886   625   648 I ActivityManager: Start proc 1787:com.android.defcontainer/u0a4 for service com.android.defcontainer/.DefaultContainerService
08-02 12:54:38.915  1787  1787 E libprocessgroup: failed to make and chown /acct/uid_10004: Read-only file system
08-02 12:54:38.915  1787  1787 W Zygote  : createProcessGroup failed, kernel missing CONFIG_CGROUP_CPUACCT?
08-02 12:54:38.962  1787  1798 D DefContainer: Copying /data/local/tmp/BMI-release-unsigned_TAINT.apk to base.apk
08-02 12:54:39.027   625   648 I PackageManager.DexOptimizer: Running dexopt (dex2oat) on: /data/app/vmdl1660422192.tmp/base.apk pkg=com.zola.bmi isa=x86 vmSafeMode=false debuggable=false oatDir = /data/app/vmdl1660422192.tmp/oat
08-02 12:54:39.035  1801  1801 W dex2oat : Unexpected CPU variant for X86 using defaults: x86
08-02 12:54:39.035  1801  1801 I dex2oat : Starting dex2oat.
08-02 12:54:39.035  1801  1801 E cutils-trace: Error opening trace file: Permission denied (13)
08-02 12:54:39.103  1801  1801 W dex2oat : Before Android 4.1, method int android.support.v7.widget.ListViewCompat.lookForSelectablePosition(int, boolean) would have incorrectly overridden the package-private method in android.widget.ListView
08-02 12:54:39.118  1801  1804 W dex2oat : Before Android 4.1, method android.graphics.PorterDuffColorFilter android.support.graphics.drawable.VectorDrawableCompat.updateTintFilter(android.graphics.PorterDuffColorFilter, android.content.res.ColorStateList, android.graphics.PorterDuff$Mode) would have incorrectly overridden the package-private method in android.graphics.drawable.Drawable
08-02 12:54:39.800  1801  1801 I dex2oat : dex2oat took 765.519ms (threads: 4) arena alloc=1872KB java alloc=2MB native alloc=10MB free=2MB
08-02 12:54:39.865   625   648 V BackupManagerService: restoreAtInstall pkg=com.zola.bmi token=1 restoreSet=0
08-02 12:54:39.865   625   648 V BackupManagerService: Finishing install immediately
08-02 12:54:39.865   625   648 W Settings: Setting install_non_market_apps has moved from android.provider.Settings.Global to android.provider.Settings.Secure, returning read-only value.
08-02 12:54:39.865   625   648 I art     : Starting a blocking GC Explicit
08-02 12:54:39.875   625   648 I art     : Explicit concurrent mark sweep GC freed 26023(1546KB) AllocSpace objects, 9(252KB) LOS objects, 33% free, 5MB/8MB, paused 209us total 9.697ms
08-02 12:54:39.881  1779  1779 I art     : System.exit called, status: 0
08-02 12:54:39.881  1779  1779 I AndroidRuntime: VM exiting with result code 0.
08-02 12:54:39.907   625   676 I InputReader: Reconfiguring input devices.  changes=0x00000010
08-02 12:54:39.931   988   988 D CarrierServiceBindHelper: Receive action: android.intent.action.PACKAGE_ADDED
08-02 12:54:39.932   988   988 D CarrierServiceBindHelper: mHandler: 3
08-02 12:54:39.932   988   988 D CarrierConfigLoader: mHandler: 9 phoneId: 0
08-02 12:54:40.053   625   638 W VoiceInteractionManagerService: no available voice recognition services found for user 0
08-02 12:54:40.226  1820  1820 D AndroidRuntime: >>>>>> START com.android.internal.os.RuntimeInit uid 0 <<<<<<
08-02 12:54:40.229  1820  1820 D AndroidRuntime: CheckJNI is OFF
08-02 12:54:40.242  1820  1820 D ICU     : No timezone override file found: /data/misc/zoneinfo/current/icu/icu_tzdata.dat
08-02 12:54:40.266  1820  1820 E memtrack: Couldn't load memtrack module (No such file or directory)
08-02 12:54:40.266  1820  1820 E android.os.Debug: failed to load memtrack module: -2
08-02 12:54:40.268  1820  1820 I Radio-JNI: register_android_hardware_Radio DONE
08-02 12:54:40.280  1820  1820 D AndroidRuntime: Calling main entry com.android.commands.monkey.Monkey
08-02 12:54:40.297   625   639 W BroadcastQueue: Skipping deliver [background] BroadcastRecord{2526362 u-1 android.net.conn.CONNECTIVITY_CHANGE} to ReceiverList{7285cf3 1820 (unknown name)/0/u-1 remote:d37e144}: process crashing
08-02 12:54:40.309   625   752 I ActivityManager: START u0 {act=android.intent.action.MAIN cat=[android.intent.category.LAUNCHER] flg=0x10200000 cmp=com.zola.bmi/.BMIMain} from uid 0 on display 0
08-02 12:54:40.357   625  1085 I ActivityManager: Start proc 1830:com.zola.bmi/u0a60 for activity com.zola.bmi/.BMIMain
08-02 12:54:40.371  1820  1820 I art     : System.exit called, status: 0
08-02 12:54:40.371  1820  1820 I AndroidRuntime: VM exiting with result code 0.
08-02 12:54:40.379  1830  1830 E libprocessgroup: failed to make and chown /acct/uid_10060: Read-only file system
08-02 12:54:40.400  1830  1830 W Zygote  : createProcessGroup failed, kernel missing CONFIG_CGROUP_CPUACCT?
08-02 12:54:40.732  1830  1830 W System  : ClassLoader referenced unknown path: /data/app/com.zola.bmi-1/lib/x86
08-02 12:54:40.791  1830  1830 W art     : Before Android 4.1, method android.graphics.PorterDuffColorFilter android.support.graphics.drawable.VectorDrawableCompat.updateTintFilter(android.graphics.PorterDuffColorFilter, android.content.res.ColorStateList, android.graphics.PorterDuff$Mode) would have incorrectly overridden the package-private method in android.graphics.drawable.Drawable
08-02 12:54:40.833  1830  1830 D leak-0-0: Eastern Standard Time
08-02 12:54:40.838  1830  1830 D leak-1-0: 1
08-02 12:54:41.205  1830  1844 D OpenGLRenderer: Use EGL_SWAP_BEHAVIOR_PRESERVED: true
08-02 12:54:41.284  1830  1830 D         : HostConnection::get() New Host Connection established 0xed6fce50, tid 1830
08-02 12:54:41.846  1830  1844 D libEGL  : loaded /system/lib/egl/libEGL_emulation.so
08-02 12:54:41.851  1830  1844 D libEGL  : loaded /system/lib/egl/libGLESv1_CM_emulation.so
08-02 12:54:41.858  1830  1844 D libEGL  : loaded /system/lib/egl/libGLESv2_emulation.so
08-02 12:54:41.874  1830  1844 D         : HostConnection::get() New Host Connection established 0xee992950, tid 1844
08-02 12:54:42.337  1830  1844 I OpenGLRenderer: Initialized EGL, version 1.4
08-02 12:54:44.139  1830  1844 W EGL_emulation: eglSurfaceAttrib not implemented
08-02 12:54:44.139  1830  1844 W OpenGLRenderer: Failed to set EGL_SWAP_BEHAVIOR on surface 0xe9bfa220, error=EGL_SUCCESS
08-02 12:54:44.357  1830  1830 I Choreographer: Skipped 162 frames!  The application may be doing too much work on its main thread.
08-02 12:54:45.112  1447  1592 E Surface : getSlotFromBufferLocked: unknown buffer: 0xe1014e80
08-02 12:54:45.370  1830  1830 I Choreographer: Skipped 59 frames!  The application may be doing too much work on its main thread.
08-02 12:54:45.407   625   644 I ActivityManager: Displayed com.zola.bmi/.BMIMain: +5s69ms
08-02 12:54:45.471   930   930 W RichInputMethodSubtype: Can't find emoji subtype
08-02 12:54:45.471   930   930 W RichInputMethodSubtype: No input method subtype found; returning dummy subtype: Multi-lingual subtype: android.view.inputmethod.InputMethodSubtype@d78b2ed0, zz
08-02 12:54:45.546   930   930 W ViewPager: Requested offscreen page limit 0 too small; defaulting to 1
08-02 12:54:45.549   625   704 W AudioTrack: AUDIO_OUTPUT_FLAG_FAST denied by client; transfer 4, track 48000 Hz, output 44100 Hz
08-02 12:54:45.570   930   930 I LatinIME: Starting input. Cursor position = -1,-1
08-02 12:54:45.591   930   930 E RichInputConnection: Unable to connect to the editor to retrieve text.
08-02 12:54:45.591   930   930 D RichInputConnection: Will try to retrieve text later.
08-02 12:54:45.593   930   930 I InputAttributes: InputType.TYPE_NULL is specified
08-02 12:54:45.695   930  1857 D OpenGLRenderer: Use EGL_SWAP_BEHAVIOR_PRESERVED: true
08-02 12:54:45.713   930   930 D         : HostConnection::get() New Host Connection established 0xf2c26970, tid 930
08-02 12:54:45.732  1849  1849 D AndroidRuntime: >>>>>> START com.android.internal.os.RuntimeInit uid 0 <<<<<<
08-02 12:54:45.733  1849  1849 D AndroidRuntime: CheckJNI is OFF
08-02 12:54:45.744  1849  1849 D ICU     : No timezone override file found: /data/misc/zoneinfo/current/icu/icu_tzdata.dat
08-02 12:54:45.757  1849  1849 E memtrack: Couldn't load memtrack module (No such file or directory)
08-02 12:54:45.757  1849  1849 E android.os.Debug: failed to load memtrack module: -2
08-02 12:54:45.759  1849  1849 I Radio-JNI: register_android_hardware_Radio DONE
08-02 12:54:45.767  1849  1849 D AndroidRuntime: Calling main entry com.android.commands.content.Content
08-02 12:54:45.770  1849  1849 D AndroidRuntime: Shutting down VM
08-02 12:54:45.808   930   930 I LatinIME: Starting input. Cursor position = 0,0
08-02 12:54:45.869   930  1857 D libEGL  : loaded /system/lib/egl/libEGL_emulation.so
08-02 12:54:45.871   930  1857 D libEGL  : loaded /system/lib/egl/libGLESv1_CM_emulation.so
08-02 12:54:45.882   930  1857 D libEGL  : loaded /system/lib/egl/libGLESv2_emulation.so
08-02 12:54:45.886   930  1857 D         : HostConnection::get() New Host Connection established 0xee992800, tid 1857
08-02 12:54:45.910   930  1857 I OpenGLRenderer: Initialized EGL, version 1.4
08-02 12:54:45.946   930  1857 W EGL_emulation: eglSurfaceAttrib not implemented
08-02 12:54:45.946   930  1857 W OpenGLRenderer: Failed to set EGL_SWAP_BEHAVIOR on surface 0xe9bfa4a0, error=EGL_SUCCESS
08-02 12:54:45.997   266   661 W AudioFlinger: write blocked for 19960 msecs, 1 delayed writes, thread 0xf1e00000
08-02 12:54:46.317  1869  1869 D AndroidRuntime: >>>>>> START com.android.internal.os.RuntimeInit uid 0 <<<<<<
08-02 12:54:46.321  1869  1869 D AndroidRuntime: CheckJNI is OFF
08-02 12:54:46.341  1869  1869 D ICU     : No timezone override file found: /data/misc/zoneinfo/current/icu/icu_tzdata.dat
08-02 12:54:46.360  1869  1869 E memtrack: Couldn't load memtrack module (No such file or directory)
08-02 12:54:46.360  1869  1869 E android.os.Debug: failed to load memtrack module: -2
08-02 12:54:46.362  1869  1869 I Radio-JNI: register_android_hardware_Radio DONE
08-02 12:54:46.382  1869  1869 D AndroidRuntime: Calling main entry com.android.commands.content.Content
08-02 12:54:46.386  1869  1869 D AndroidRuntime: Shutting down VM
08-02 12:54:46.800  1881  1881 D AndroidRuntime: >>>>>> START com.android.internal.os.RuntimeInit uid 0 <<<<<<
08-02 12:54:46.801  1881  1881 D AndroidRuntime: CheckJNI is OFF
08-02 12:54:46.810  1881  1881 D ICU     : No timezone override file found: /data/misc/zoneinfo/current/icu/icu_tzdata.dat
08-02 12:54:46.821  1881  1881 E memtrack: Couldn't load memtrack module (No such file or directory)
08-02 12:54:46.821  1881  1881 E android.os.Debug: failed to load memtrack module: -2
08-02 12:54:46.822  1881  1881 I Radio-JNI: register_android_hardware_Radio DONE
08-02 12:54:46.832  1881  1881 D AndroidRuntime: Calling main entry com.android.commands.input.Input
08-02 12:54:46.833  1881  1881 I Input   : injectKeyEvent: KeyEvent { action=ACTION_DOWN, keyCode=KEYCODE_ESCAPE, scanCode=0, metaState=0, flags=0x0, repeatCount=0, eventTime=171077, downTime=171077, deviceId=-1, source=0x101 }
08-02 12:54:46.841  1881  1881 I Input   : injectKeyEvent: KeyEvent { action=ACTION_UP, keyCode=KEYCODE_ESCAPE, scanCode=0, metaState=0, flags=0x0, repeatCount=0, eventTime=171077, downTime=171077, deviceId=-1, source=0x101 }
08-02 12:54:46.847  1881  1881 D AndroidRuntime: Shutting down VM
08-02 12:54:46.861   930  1857 E Surface : getSlotFromBufferLocked: unknown buffer: 0xee9b2a10
08-02 12:54:48.501  1902  1902 D AndroidRuntime: >>>>>> START com.android.internal.os.RuntimeInit uid 0 <<<<<<
08-02 12:54:48.504  1902  1902 D AndroidRuntime: CheckJNI is OFF
08-02 12:54:48.537  1902  1902 D ICU     : No timezone override file found: /data/misc/zoneinfo/current/icu/icu_tzdata.dat
08-02 12:54:48.553  1902  1902 E memtrack: Couldn't load memtrack module (No such file or directory)
08-02 12:54:48.554  1902  1902 E android.os.Debug: failed to load memtrack module: -2
08-02 12:54:48.554  1902  1902 I Radio-JNI: register_android_hardware_Radio DONE
08-02 12:54:48.565  1902  1902 D AndroidRuntime: Calling main entry com.android.commands.uiautomator.Launcher
08-02 12:54:48.971   625  1086 I ActivityManager: Killing 1060:com.android.externalstorage/u0a7 (adj 15): empty #17
08-02 12:54:48.972   625  1086 W libprocessgroup: failed to open /acct/uid_10007/pid_1060/cgroup.procs: No such file or directory
08-02 12:54:49.610  1902  1902 I AccessibilityNodeInfoDumper: Skipping invisible child: android.view.accessibility.AccessibilityNodeInfo@8000bf55; boundsInParent: Rect(0, 0 - 0, 128); boundsInScreen: Rect(1184, 48 - 1184, 176); packageName: com.zola.bmi; className: android.support.v7.widget.LinearLayoutCompat; text: null; error: null; maxTextLength: -1; contentDescription: null; viewIdResName: null; checkable: false; checked: false; focusable: false; focused: false; selected: false; clickable: false; longClickable: false; contextClickable: false; enabled: true; password: false; scrollable: false; actions: [AccessibilityAction: ACTION_SELECT - null, AccessibilityAction: ACTION_CLEAR_SELECTION - null, AccessibilityAction: ACTION_ACCESSIBILITY_FOCUS - null, AccessibilityAction: ACTION_UNKNOWN - null]
08-02 12:54:49.611  1902  1902 I AccessibilityNodeInfoDumper: Skipping invisible child: android.view.accessibility.AccessibilityNodeInfo@80008e88; boundsInParent: Rect(0, 0 - 0, 54); boundsInScreen: Rect(72, 662 - 72, 716); packageName: com.zola.bmi; className: android.widget.TextView; text: null; error: null; maxTextLength: -1; contentDescription: null; viewIdResName: com.zola.bmi:id/resultLabel; checkable: false; checked: false; focusable: false; focused: false; selected: false; clickable: false; longClickable: false; contextClickable: false; enabled: true; password: false; scrollable: false; actions: [AccessibilityAction: ACTION_SELECT - null, AccessibilityAction: ACTION_CLEAR_SELECTION - null, AccessibilityAction: ACTION_ACCESSIBILITY_FOCUS - null, AccessibilityAction: ACTION_UNKNOWN - null]
08-02 12:54:49.613  1902  1902 W AccessibilityNodeInfoDumper: Fetch time: 19ms
08-02 12:54:49.613   625  1085 W WindowManager: Attempted to remove non-existing token: android.os.Binder@5a09296
08-02 12:54:49.623  1902  1902 D AndroidRuntime: Shutting down VM
08-02 12:54:50.217  1921  1921 D AndroidRuntime: >>>>>> START com.android.internal.os.RuntimeInit uid 0 <<<<<<
08-02 12:54:50.220  1921  1921 D AndroidRuntime: CheckJNI is OFF
08-02 12:54:50.230  1921  1921 D ICU     : No timezone override file found: /data/misc/zoneinfo/current/icu/icu_tzdata.dat
08-02 12:54:50.253  1921  1921 E memtrack: Couldn't load memtrack module (No such file or directory)
08-02 12:54:50.253  1921  1921 E android.os.Debug: failed to load memtrack module: -2
08-02 12:54:50.255  1921  1921 I Radio-JNI: register_android_hardware_Radio DONE
08-02 12:54:50.266  1921  1921 D AndroidRuntime: Calling main entry com.android.commands.uiautomator.Launcher
08-02 12:54:51.296  1921  1921 I AccessibilityNodeInfoDumper: Skipping invisible child: android.view.accessibility.AccessibilityNodeInfo@8000bf5d; boundsInParent: Rect(0, 0 - 0, 128); boundsInScreen: Rect(1184, 48 - 1184, 176); packageName: com.zola.bmi; className: android.support.v7.widget.LinearLayoutCompat; text: null; error: null; maxTextLength: -1; contentDescription: null; viewIdResName: null; checkable: false; checked: false; focusable: false; focused: false; selected: false; clickable: false; longClickable: false; contextClickable: false; enabled: true; password: false; scrollable: false; actions: [AccessibilityAction: ACTION_SELECT - null, AccessibilityAction: ACTION_CLEAR_SELECTION - null, AccessibilityAction: ACTION_ACCESSIBILITY_FOCUS - null, AccessibilityAction: ACTION_UNKNOWN - null]
08-02 12:54:51.296  1921  1921 I AccessibilityNodeInfoDumper: Skipping invisible child: android.view.accessibility.AccessibilityNodeInfo@80008e90; boundsInParent: Rect(0, 0 - 0, 54); boundsInScreen: Rect(72, 662 - 72, 716); packageName: com.zola.bmi; className: android.widget.TextView; text: null; error: null; maxTextLength: -1; contentDescription: null; viewIdResName: com.zola.bmi:id/resultLabel; checkable: false; checked: false; focusable: false; focused: false; selected: false; clickable: false; longClickable: false; contextClickable: false; enabled: true; password: false; scrollable: false; actions: [AccessibilityAction: ACTION_SELECT - null, AccessibilityAction: ACTION_CLEAR_SELECTION - null, AccessibilityAction: ACTION_ACCESSIBILITY_FOCUS - null, AccessibilityAction: ACTION_UNKNOWN - null]
08-02 12:54:51.296  1921  1921 W AccessibilityNodeInfoDumper: Fetch time: 9ms
08-02 12:54:51.299   625  1085 W WindowManager: Attempted to remove non-existing token: android.os.Binder@80c4e17
08-02 12:54:51.312  1921  1921 D AndroidRuntime: Shutting down VM
08-02 12:54:52.464  1944  1944 D AndroidRuntime: >>>>>> START com.android.internal.os.RuntimeInit uid 0 <<<<<<
08-02 12:54:52.467  1944  1944 D AndroidRuntime: CheckJNI is OFF
08-02 12:54:52.479  1944  1944 D ICU     : No timezone override file found: /data/misc/zoneinfo/current/icu/icu_tzdata.dat
08-02 12:54:52.509  1944  1944 E memtrack: Couldn't load memtrack module (No such file or directory)
08-02 12:54:52.509  1944  1944 E android.os.Debug: failed to load memtrack module: -2
08-02 12:54:52.514  1944  1944 I Radio-JNI: register_android_hardware_Radio DONE
08-02 12:54:52.531  1944  1944 D AndroidRuntime: Calling main entry com.android.commands.uiautomator.Launcher
08-02 12:54:53.553  1944  1944 I AccessibilityNodeInfoDumper: Skipping invisible child: android.view.accessibility.AccessibilityNodeInfo@8000bf64; boundsInParent: Rect(0, 0 - 0, 128); boundsInScreen: Rect(1184, 48 - 1184, 176); packageName: com.zola.bmi; className: android.support.v7.widget.LinearLayoutCompat; text: null; error: null; maxTextLength: -1; contentDescription: null; viewIdResName: null; checkable: false; checked: false; focusable: false; focused: false; selected: false; clickable: false; longClickable: false; contextClickable: false; enabled: true; password: false; scrollable: false; actions: [AccessibilityAction: ACTION_SELECT - null, AccessibilityAction: ACTION_CLEAR_SELECTION - null, AccessibilityAction: ACTION_ACCESSIBILITY_FOCUS - null, AccessibilityAction: ACTION_UNKNOWN - null]
08-02 12:54:53.554  1944  1944 I AccessibilityNodeInfoDumper: Skipping invisible child: android.view.accessibility.AccessibilityNodeInfo@80008e97; boundsInParent: Rect(0, 0 - 0, 54); boundsInScreen: Rect(72, 662 - 72, 716); packageName: com.zola.bmi; className: android.widget.TextView; text: null; error: null; maxTextLength: -1; contentDescription: null; viewIdResName: com.zola.bmi:id/resultLabel; checkable: false; checked: false; focusable: false; focused: false; selected: false; clickable: false; longClickable: false; contextClickable: false; enabled: true; password: false; scrollable: false; actions: [AccessibilityAction: ACTION_SELECT - null, AccessibilityAction: ACTION_CLEAR_SELECTION - null, AccessibilityAction: ACTION_ACCESSIBILITY_FOCUS - null, AccessibilityAction: ACTION_UNKNOWN - null]
08-02 12:54:53.554  1944  1944 W AccessibilityNodeInfoDumper: Fetch time: 7ms
08-02 12:54:53.555   625  1662 W WindowManager: Attempted to remove non-existing token: android.os.Binder@9d27204
08-02 12:54:53.567  1944  1944 D AndroidRuntime: Shutting down VM
08-02 12:54:54.761  1972  1972 D AndroidRuntime: >>>>>> START com.android.internal.os.RuntimeInit uid 0 <<<<<<
08-02 12:54:54.764  1972  1972 D AndroidRuntime: CheckJNI is OFF
08-02 12:54:54.773  1972  1972 D ICU     : No timezone override file found: /data/misc/zoneinfo/current/icu/icu_tzdata.dat
08-02 12:54:54.786  1972  1972 E memtrack: Couldn't load memtrack module (No such file or directory)
08-02 12:54:54.786  1972  1972 E android.os.Debug: failed to load memtrack module: -2
08-02 12:54:54.787  1972  1972 I Radio-JNI: register_android_hardware_Radio DONE
08-02 12:54:54.795  1972  1972 D AndroidRuntime: Calling main entry com.android.commands.uiautomator.Launcher
08-02 12:54:55.812  1972  1972 I AccessibilityNodeInfoDumper: Skipping invisible child: android.view.accessibility.AccessibilityNodeInfo@8000bf6a; boundsInParent: Rect(0, 0 - 0, 128); boundsInScreen: Rect(1184, 48 - 1184, 176); packageName: com.zola.bmi; className: android.support.v7.widget.LinearLayoutCompat; text: null; error: null; maxTextLength: -1; contentDescription: null; viewIdResName: null; checkable: false; checked: false; focusable: false; focused: false; selected: false; clickable: false; longClickable: false; contextClickable: false; enabled: true; password: false; scrollable: false; actions: [AccessibilityAction: ACTION_SELECT - null, AccessibilityAction: ACTION_CLEAR_SELECTION - null, AccessibilityAction: ACTION_ACCESSIBILITY_FOCUS - null, AccessibilityAction: ACTION_UNKNOWN - null]
08-02 12:54:55.812  1972  1972 I AccessibilityNodeInfoDumper: Skipping invisible child: android.view.accessibility.AccessibilityNodeInfo@80008e9d; boundsInParent: Rect(0, 0 - 0, 54); boundsInScreen: Rect(72, 662 - 72, 716); packageName: com.zola.bmi; className: android.widget.TextView; text: null; error: null; maxTextLength: -1; contentDescription: null; viewIdResName: com.zola.bmi:id/resultLabel; checkable: false; checked: false; focusable: false; focused: false; selected: false; clickable: false; longClickable: false; contextClickable: false; enabled: true; password: false; scrollable: false; actions: [AccessibilityAction: ACTION_SELECT - null, AccessibilityAction: ACTION_CLEAR_SELECTION - null, AccessibilityAction: ACTION_ACCESSIBILITY_FOCUS - null, AccessibilityAction: ACTION_UNKNOWN - null]
08-02 12:54:55.814  1972  1972 W AccessibilityNodeInfoDumper: Fetch time: 7ms
08-02 12:54:55.817   625  1662 W WindowManager: Attempted to remove non-existing token: android.os.Binder@24b4222
08-02 12:54:55.832  1972  1972 D AndroidRuntime: Shutting down VM
08-02 12:54:56.965  1998  1998 D AndroidRuntime: >>>>>> START com.android.internal.os.RuntimeInit uid 0 <<<<<<
08-02 12:54:56.966  1998  1998 D AndroidRuntime: CheckJNI is OFF
08-02 12:54:56.978  1998  1998 D ICU     : No timezone override file found: /data/misc/zoneinfo/current/icu/icu_tzdata.dat
08-02 12:54:56.989  1998  1998 E memtrack: Couldn't load memtrack module (No such file or directory)
08-02 12:54:56.989  1998  1998 E android.os.Debug: failed to load memtrack module: -2
08-02 12:54:56.990  1998  1998 I Radio-JNI: register_android_hardware_Radio DONE
08-02 12:54:56.996  1998  1998 D AndroidRuntime: Calling main entry com.android.commands.uiautomator.Launcher
08-02 12:54:58.022  1998  1998 I AccessibilityNodeInfoDumper: Skipping invisible child: android.view.accessibility.AccessibilityNodeInfo@8000bf71; boundsInParent: Rect(0, 0 - 0, 128); boundsInScreen: Rect(1184, 48 - 1184, 176); packageName: com.zola.bmi; className: android.support.v7.widget.LinearLayoutCompat; text: null; error: null; maxTextLength: -1; contentDescription: null; viewIdResName: null; checkable: false; checked: false; focusable: false; focused: false; selected: false; clickable: false; longClickable: false; contextClickable: false; enabled: true; password: false; scrollable: false; actions: [AccessibilityAction: ACTION_SELECT - null, AccessibilityAction: ACTION_CLEAR_SELECTION - null, AccessibilityAction: ACTION_ACCESSIBILITY_FOCUS - null, AccessibilityAction: ACTION_UNKNOWN - null]
08-02 12:54:58.022  1998  1998 I AccessibilityNodeInfoDumper: Skipping invisible child: android.view.accessibility.AccessibilityNodeInfo@80008ea4; boundsInParent: Rect(0, 0 - 0, 54); boundsInScreen: Rect(72, 662 - 72, 716); packageName: com.zola.bmi; className: android.widget.TextView; text: null; error: null; maxTextLength: -1; contentDescription: null; viewIdResName: com.zola.bmi:id/resultLabel; checkable: false; checked: false; focusable: false; focused: false; selected: false; clickable: false; longClickable: false; contextClickable: false; enabled: true; password: false; scrollable: false; actions: [AccessibilityAction: ACTION_SELECT - null, AccessibilityAction: ACTION_CLEAR_SELECTION - null, AccessibilityAction: ACTION_ACCESSIBILITY_FOCUS - null, AccessibilityAction: ACTION_UNKNOWN - null]
08-02 12:54:58.023  1998  1998 W AccessibilityNodeInfoDumper: Fetch time: 6ms
08-02 12:54:58.026   625  1662 W WindowManager: Attempted to remove non-existing token: android.os.Binder@7db4b3
08-02 12:54:58.034  1998  1998 D AndroidRuntime: Shutting down VM
08-02 12:54:58.552  2016  2016 D AndroidRuntime: >>>>>> START com.android.internal.os.RuntimeInit uid 0 <<<<<<
08-02 12:54:58.554  2016  2016 D AndroidRuntime: CheckJNI is OFF
08-02 12:54:58.565  2016  2016 D ICU     : No timezone override file found: /data/misc/zoneinfo/current/icu/icu_tzdata.dat
08-02 12:54:58.578  2016  2016 E memtrack: Couldn't load memtrack module (No such file or directory)
08-02 12:54:58.578  2016  2016 E android.os.Debug: failed to load memtrack module: -2
08-02 12:54:58.578  2016  2016 I Radio-JNI: register_android_hardware_Radio DONE
08-02 12:54:58.586  2016  2016 D AndroidRuntime: Calling main entry com.android.commands.uiautomator.Launcher
08-02 12:54:59.617  2016  2016 I AccessibilityNodeInfoDumper: Skipping invisible child: android.view.accessibility.AccessibilityNodeInfo@8000bf78; boundsInParent: Rect(0, 0 - 0, 128); boundsInScreen: Rect(1184, 48 - 1184, 176); packageName: com.zola.bmi; className: android.support.v7.widget.LinearLayoutCompat; text: null; error: null; maxTextLength: -1; contentDescription: null; viewIdResName: null; checkable: false; checked: false; focusable: false; focused: false; selected: false; clickable: false; longClickable: false; contextClickable: false; enabled: true; password: false; scrollable: false; actions: [AccessibilityAction: ACTION_SELECT - null, AccessibilityAction: ACTION_CLEAR_SELECTION - null, AccessibilityAction: ACTION_ACCESSIBILITY_FOCUS - null, AccessibilityAction: ACTION_UNKNOWN - null]
08-02 12:54:59.618  2016  2016 I AccessibilityNodeInfoDumper: Skipping invisible child: android.view.accessibility.AccessibilityNodeInfo@80008eab; boundsInParent: Rect(0, 0 - 0, 54); boundsInScreen: Rect(72, 662 - 72, 716); packageName: com.zola.bmi; className: android.widget.TextView; text: null; error: null; maxTextLength: -1; contentDescription: null; viewIdResName: com.zola.bmi:id/resultLabel; checkable: false; checked: false; focusable: false; focused: false; selected: false; clickable: false; longClickable: false; contextClickable: false; enabled: true; password: false; scrollable: false; actions: [AccessibilityAction: ACTION_SELECT - null, AccessibilityAction: ACTION_CLEAR_SELECTION - null, AccessibilityAction: ACTION_ACCESSIBILITY_FOCUS - null, AccessibilityAction: ACTION_UNKNOWN - null]
08-02 12:54:59.627  2016  2016 W AccessibilityNodeInfoDumper: Fetch time: 21ms
08-02 12:54:59.628   625  1085 W WindowManager: Attempted to remove non-existing token: android.os.Binder@806aa70
08-02 12:54:59.631  2016  2016 D AndroidRuntime: Shutting down VM
08-02 12:55:00.774  2039  2039 D AndroidRuntime: >>>>>> START com.android.internal.os.RuntimeInit uid 0 <<<<<<
08-02 12:55:00.776  2039  2039 D AndroidRuntime: CheckJNI is OFF
08-02 12:55:00.786  2039  2039 D ICU     : No timezone override file found: /data/misc/zoneinfo/current/icu/icu_tzdata.dat
08-02 12:55:00.798  2039  2039 E memtrack: Couldn't load memtrack module (No such file or directory)
08-02 12:55:00.798  2039  2039 E android.os.Debug: failed to load memtrack module: -2
08-02 12:55:00.799  2039  2039 I Radio-JNI: register_android_hardware_Radio DONE
08-02 12:55:00.808  2039  2039 D AndroidRuntime: Calling main entry com.android.commands.uiautomator.Launcher
08-02 12:55:01.824  2039  2039 I AccessibilityNodeInfoDumper: Skipping invisible child: android.view.accessibility.AccessibilityNodeInfo@8000bf81; boundsInParent: Rect(0, 0 - 0, 128); boundsInScreen: Rect(1184, 48 - 1184, 176); packageName: com.zola.bmi; className: android.support.v7.widget.LinearLayoutCompat; text: null; error: null; maxTextLength: -1; contentDescription: null; viewIdResName: null; checkable: false; checked: false; focusable: false; focused: false; selected: false; clickable: false; longClickable: false; contextClickable: false; enabled: true; password: false; scrollable: false; actions: [AccessibilityAction: ACTION_SELECT - null, AccessibilityAction: ACTION_CLEAR_SELECTION - null, AccessibilityAction: ACTION_ACCESSIBILITY_FOCUS - null, AccessibilityAction: ACTION_UNKNOWN - null]
08-02 12:55:01.825  2039  2039 I AccessibilityNodeInfoDumper: Skipping invisible child: android.view.accessibility.AccessibilityNodeInfo@80008eb4; boundsInParent: Rect(0, 0 - 0, 54); boundsInScreen: Rect(72, 662 - 72, 716); packageName: com.zola.bmi; className: android.widget.TextView; text: null; error: null; maxTextLength: -1; contentDescription: null; viewIdResName: com.zola.bmi:id/resultLabel; checkable: false; checked: false; focusable: false; focused: false; selected: false; clickable: false; longClickable: false; contextClickable: false; enabled: true; password: false; scrollable: false; actions: [AccessibilityAction: ACTION_SELECT - null, AccessibilityAction: ACTION_CLEAR_SELECTION - null, AccessibilityAction: ACTION_ACCESSIBILITY_FOCUS - null, AccessibilityAction: ACTION_UNKNOWN - null]
08-02 12:55:01.831  2039  2039 W AccessibilityNodeInfoDumper: Fetch time: 11ms
08-02 12:55:01.838   625  1085 W WindowManager: Attempted to remove non-existing token: android.os.Binder@564e1e9
08-02 12:55:01.848  2039  2039 D AndroidRuntime: Shutting down VM
08-02 12:55:02.373  2057  2057 D AndroidRuntime: >>>>>> START com.android.internal.os.RuntimeInit uid 0 <<<<<<
08-02 12:55:02.376  2057  2057 D AndroidRuntime: CheckJNI is OFF
08-02 12:55:02.392  2057  2057 D ICU     : No timezone override file found: /data/misc/zoneinfo/current/icu/icu_tzdata.dat
08-02 12:55:02.407  2057  2057 E memtrack: Couldn't load memtrack module (No such file or directory)
08-02 12:55:02.407  2057  2057 E android.os.Debug: failed to load memtrack module: -2
08-02 12:55:02.407  2057  2057 I Radio-JNI: register_android_hardware_Radio DONE
08-02 12:55:02.416  2057  2057 D AndroidRuntime: Calling main entry com.android.commands.uiautomator.Launcher
08-02 12:55:03.436  2057  2057 I AccessibilityNodeInfoDumper: Skipping invisible child: android.view.accessibility.AccessibilityNodeInfo@8000bf86; boundsInParent: Rect(0, 0 - 0, 128); boundsInScreen: Rect(1184, 48 - 1184, 176); packageName: com.zola.bmi; className: android.support.v7.widget.LinearLayoutCompat; text: null; error: null; maxTextLength: -1; contentDescription: null; viewIdResName: null; checkable: false; checked: false; focusable: false; focused: false; selected: false; clickable: false; longClickable: false; contextClickable: false; enabled: true; password: false; scrollable: false; actions: [AccessibilityAction: ACTION_SELECT - null, AccessibilityAction: ACTION_CLEAR_SELECTION - null, AccessibilityAction: ACTION_ACCESSIBILITY_FOCUS - null, AccessibilityAction: ACTION_UNKNOWN - null]
08-02 12:55:03.437  2057  2057 I AccessibilityNodeInfoDumper: Skipping invisible child: android.view.accessibility.AccessibilityNodeInfo@80008eb9; boundsInParent: Rect(0, 0 - 0, 54); boundsInScreen: Rect(72, 662 - 72, 716); packageName: com.zola.bmi; className: android.widget.TextView; text: null; error: null; maxTextLength: -1; contentDescription: null; viewIdResName: com.zola.bmi:id/resultLabel; checkable: false; checked: false; focusable: false; focused: false; selected: false; clickable: false; longClickable: false; contextClickable: false; enabled: true; password: false; scrollable: false; actions: [AccessibilityAction: ACTION_SELECT - null, AccessibilityAction: ACTION_CLEAR_SELECTION - null, AccessibilityAction: ACTION_ACCESSIBILITY_FOCUS - null, AccessibilityAction: ACTION_UNKNOWN - null]
08-02 12:55:03.437  2057  2057 W AccessibilityNodeInfoDumper: Fetch time: 5ms
08-02 12:55:03.442   625  1085 W WindowManager: Attempted to remove non-existing token: android.os.Binder@bff5e6e
08-02 12:55:03.455  2057  2057 D AndroidRuntime: Shutting down VM
08-02 12:55:04.627  2080  2080 D AndroidRuntime: >>>>>> START com.android.internal.os.RuntimeInit uid 0 <<<<<<
08-02 12:55:04.629  2080  2080 D AndroidRuntime: CheckJNI is OFF
08-02 12:55:04.638  2080  2080 D ICU     : No timezone override file found: /data/misc/zoneinfo/current/icu/icu_tzdata.dat
08-02 12:55:04.650  2080  2080 E memtrack: Couldn't load memtrack module (No such file or directory)
08-02 12:55:04.650  2080  2080 E android.os.Debug: failed to load memtrack module: -2
08-02 12:55:04.654  2080  2080 I Radio-JNI: register_android_hardware_Radio DONE
08-02 12:55:04.660  2080  2080 D AndroidRuntime: Calling main entry com.android.commands.uiautomator.Launcher
08-02 12:55:05.684  2080  2080 I AccessibilityNodeInfoDumper: Skipping invisible child: android.view.accessibility.AccessibilityNodeInfo@8000bf8e; boundsInParent: Rect(0, 0 - 0, 128); boundsInScreen: Rect(1184, 48 - 1184, 176); packageName: com.zola.bmi; className: android.support.v7.widget.LinearLayoutCompat; text: null; error: null; maxTextLength: -1; contentDescription: null; viewIdResName: null; checkable: false; checked: false; focusable: false; focused: false; selected: false; clickable: false; longClickable: false; contextClickable: false; enabled: true; password: false; scrollable: false; actions: [AccessibilityAction: ACTION_SELECT - null, AccessibilityAction: ACTION_CLEAR_SELECTION - null, AccessibilityAction: ACTION_ACCESSIBILITY_FOCUS - null, AccessibilityAction: ACTION_UNKNOWN - null]
08-02 12:55:05.684  2080  2080 I AccessibilityNodeInfoDumper: Skipping invisible child: android.view.accessibility.AccessibilityNodeInfo@80008ec1; boundsInParent: Rect(0, 0 - 0, 54); boundsInScreen: Rect(72, 662 - 72, 716); packageName: com.zola.bmi; className: android.widget.TextView; text: null; error: null; maxTextLength: -1; contentDescription: null; viewIdResName: com.zola.bmi:id/resultLabel; checkable: false; checked: false; focusable: false; focused: false; selected: false; clickable: false; longClickable: false; contextClickable: false; enabled: true; password: false; scrollable: false; actions: [AccessibilityAction: ACTION_SELECT - null, AccessibilityAction: ACTION_CLEAR_SELECTION - null, AccessibilityAction: ACTION_ACCESSIBILITY_FOCUS - null, AccessibilityAction: ACTION_UNKNOWN - null]
08-02 12:55:05.688  2080  2080 W AccessibilityNodeInfoDumper: Fetch time: 9ms
08-02 12:55:05.689   625  1086 W WindowManager: Attempted to remove non-existing token: android.os.Binder@194e90f
08-02 12:55:05.693  2080  2080 D AndroidRuntime: Shutting down VM
08-02 12:55:06.182   266   661 W AudioFlinger: write blocked for 10008 msecs, 2 delayed writes, thread 0xf1e00000
08-02 12:55:06.242  2098  2098 D AndroidRuntime: >>>>>> START com.android.internal.os.RuntimeInit uid 0 <<<<<<
08-02 12:55:06.245  2098  2098 D AndroidRuntime: CheckJNI is OFF
08-02 12:55:06.255  2098  2098 D ICU     : No timezone override file found: /data/misc/zoneinfo/current/icu/icu_tzdata.dat
08-02 12:55:06.268  2098  2098 E memtrack: Couldn't load memtrack module (No such file or directory)
08-02 12:55:06.268  2098  2098 E android.os.Debug: failed to load memtrack module: -2
08-02 12:55:06.269  2098  2098 I Radio-JNI: register_android_hardware_Radio DONE
08-02 12:55:06.276  2098  2098 D AndroidRuntime: Calling main entry com.android.commands.uiautomator.Launcher
08-02 12:55:07.307  2098  2098 I AccessibilityNodeInfoDumper: Skipping invisible child: android.view.accessibility.AccessibilityNodeInfo@8000bf94; boundsInParent: Rect(0, 0 - 0, 128); boundsInScreen: Rect(1184, 48 - 1184, 176); packageName: com.zola.bmi; className: android.support.v7.widget.LinearLayoutCompat; text: null; error: null; maxTextLength: -1; contentDescription: null; viewIdResName: null; checkable: false; checked: false; focusable: false; focused: false; selected: false; clickable: false; longClickable: false; contextClickable: false; enabled: true; password: false; scrollable: false; actions: [AccessibilityAction: ACTION_SELECT - null, AccessibilityAction: ACTION_CLEAR_SELECTION - null, AccessibilityAction: ACTION_ACCESSIBILITY_FOCUS - null, AccessibilityAction: ACTION_UNKNOWN - null]
08-02 12:55:07.307  2098  2098 I AccessibilityNodeInfoDumper: Skipping invisible child: android.view.accessibility.AccessibilityNodeInfo@80008ec7; boundsInParent: Rect(0, 0 - 0, 54); boundsInScreen: Rect(72, 662 - 72, 716); packageName: com.zola.bmi; className: android.widget.TextView; text: null; error: null; maxTextLength: -1; contentDescription: null; viewIdResName: com.zola.bmi:id/resultLabel; checkable: false; checked: false; focusable: false; focused: false; selected: false; clickable: false; longClickable: false; contextClickable: false; enabled: true; password: false; scrollable: false; actions: [AccessibilityAction: ACTION_SELECT - null, AccessibilityAction: ACTION_CLEAR_SELECTION - null, AccessibilityAction: ACTION_ACCESSIBILITY_FOCUS - null, AccessibilityAction: ACTION_UNKNOWN - null]
08-02 12:55:07.313  2098  2098 W AccessibilityNodeInfoDumper: Fetch time: 11ms
08-02 12:55:07.315   625   776 W WindowManager: Attempted to remove non-existing token: android.os.Binder@7a0b3a5
08-02 12:55:07.323  2098  2098 D AndroidRuntime: Shutting down VM
08-02 12:55:08.487  2121  2121 D AndroidRuntime: >>>>>> START com.android.internal.os.RuntimeInit uid 0 <<<<<<
08-02 12:55:08.490  2121  2121 D AndroidRuntime: CheckJNI is OFF
08-02 12:55:08.522  2121  2121 D ICU     : No timezone override file found: /data/misc/zoneinfo/current/icu/icu_tzdata.dat
08-02 12:55:08.535  2121  2121 E memtrack: Couldn't load memtrack module (No such file or directory)
08-02 12:55:08.535  2121  2121 E android.os.Debug: failed to load memtrack module: -2
08-02 12:55:08.536  2121  2121 I Radio-JNI: register_android_hardware_Radio DONE
08-02 12:55:08.543  2121  2121 D AndroidRuntime: Calling main entry com.android.commands.uiautomator.Launcher
08-02 12:55:09.505   625   639 W BroadcastQueue: Timeout of broadcast BroadcastRecord{586a2b4 u0 android.intent.action.BOOT_COMPLETED} - receiver=android.os.BinderProxy@c1a38b3, started 60010ms ago
08-02 12:55:09.505   625   639 W BroadcastQueue: Receiver during timeout: BroadcastFilter{698b26e u0 ReceiverList{1e2de70 839 com.android.systemui/10016/u0 remote:c1a38b3}}
08-02 12:55:09.509   625  2131 I RecoverySystem: No recovery log file
08-02 12:55:09.512   625  2131 I BootReceiver: Copying audit failures to DropBox
08-02 12:55:09.512   625  2131 I BootReceiver: Checking for fsck errors
08-02 12:55:09.520   625  1085 I ActivityManager: Start proc 2133:com.android.dialer/u0a5 for broadcast com.android.dialer/.calllog.CallLogReceiver
08-02 12:55:09.550  2133  2133 E libprocessgroup: failed to make and chown /acct/uid_10005: Read-only file system
08-02 12:55:09.551  2133  2133 W Zygote  : createProcessGroup failed, kernel missing CONFIG_CGROUP_CPUACCT?
08-02 12:55:09.566  2133  2133 W System  : ClassLoader referenced unknown path: /system/priv-app/Dialer/lib/x86
08-02 12:55:09.572  2121  2121 I AccessibilityNodeInfoDumper: Skipping invisible child: android.view.accessibility.AccessibilityNodeInfo@8000bf9c; boundsInParent: Rect(0, 0 - 0, 128); boundsInScreen: Rect(1184, 48 - 1184, 176); packageName: com.zola.bmi; className: android.support.v7.widget.LinearLayoutCompat; text: null; error: null; maxTextLength: -1; contentDescription: null; viewIdResName: null; checkable: false; checked: false; focusable: false; focused: false; selected: false; clickable: false; longClickable: false; contextClickable: false; enabled: true; password: false; scrollable: false; actions: [AccessibilityAction: ACTION_SELECT - null, AccessibilityAction: ACTION_CLEAR_SELECTION - null, AccessibilityAction: ACTION_ACCESSIBILITY_FOCUS - null, AccessibilityAction: ACTION_UNKNOWN - null]
08-02 12:55:09.573  2121  2121 I AccessibilityNodeInfoDumper: Skipping invisible child: android.view.accessibility.AccessibilityNodeInfo@80008ecf; boundsInParent: Rect(0, 0 - 0, 54); boundsInScreen: Rect(72, 662 - 72, 716); packageName: com.zola.bmi; className: android.widget.TextView; text: null; error: null; maxTextLength: -1; contentDescription: null; viewIdResName: com.zola.bmi:id/resultLabel; checkable: false; checked: false; focusable: false; focused: false; selected: false; clickable: false; longClickable: false; contextClickable: false; enabled: true; password: false; scrollable: false; actions: [AccessibilityAction: ACTION_SELECT - null, AccessibilityAction: ACTION_CLEAR_SELECTION - null, AccessibilityAction: ACTION_ACCESSIBILITY_FOCUS - null, AccessibilityAction: ACTION_UNKNOWN - null]
08-02 12:55:09.573  2121  2121 W AccessibilityNodeInfoDumper: Fetch time: 7ms
08-02 12:55:09.579   625  1085 W WindowManager: Attempted to remove non-existing token: android.os.Binder@cc6f37a
08-02 12:55:09.623  2121  2121 D AndroidRuntime: Shutting down VM
08-02 12:55:09.646  2133  2133 D ExtensionsFactory: No custom extensions.
08-02 12:55:09.656   988   988 V OtaStartupReceiver: onOtaspChanged: mOtaspMode=3
08-02 12:55:09.676   625   753 I ActivityManager: Start proc 2150:com.android.managedprovisioning/u0a9 for broadcast com.android.managedprovisioning/.BootReminder
08-02 12:55:09.679   625   753 I ActivityManager: Killing 1252:com.android.music/u0a44 (adj 15): empty #17
08-02 12:55:09.679   625   753 W libprocessgroup: failed to open /acct/uid_10044/pid_1252/cgroup.procs: No such file or directory
08-02 12:55:09.694  2150  2150 E libprocessgroup: failed to make and chown /acct/uid_10009: Read-only file system
08-02 12:55:09.694  2150  2150 W Zygote  : createProcessGroup failed, kernel missing CONFIG_CGROUP_CPUACCT?
08-02 12:55:09.695   625   625 W MediaSessionRecord: Removing dead callback in pushEvent.
08-02 12:55:09.695   625   625 W MediaSessionRecord: android.os.DeadObjectException
08-02 12:55:09.695   625   625 W MediaSessionRecord: 	at android.os.BinderProxy.transactNative(Native Method)
08-02 12:55:09.695   625   625 W MediaSessionRecord: 	at android.os.BinderProxy.transact(Binder.java:557)
08-02 12:55:09.695   625   625 W MediaSessionRecord: 	at android.media.session.ISessionControllerCallback$Stub$Proxy.onSessionDestroyed(ISessionControllerCallback.java:189)
08-02 12:55:09.695   625   625 W MediaSessionRecord: 	at com.android.server.media.MediaSessionRecord.pushSessionDestroyed(MediaSessionRecord.java:626)
08-02 12:55:09.695   625   625 W MediaSessionRecord: 	at com.android.server.media.MediaSessionRecord.-wrap8(MediaSessionRecord.java)
08-02 12:55:09.695   625   625 W MediaSessionRecord: 	at com.android.server.media.MediaSessionRecord$MessageHandler.handleMessage(MediaSessionRecord.java:1259)
08-02 12:55:09.695   625   625 W MediaSessionRecord: 	at android.os.Handler.dispatchMessage(Handler.java:102)
08-02 12:55:09.695   625   625 W MediaSessionRecord: 	at android.os.Looper.loop(Looper.java:148)
08-02 12:55:09.695   625   625 W MediaSessionRecord: 	at com.android.server.SystemServer.run(SystemServer.java:283)
08-02 12:55:09.695   625   625 W MediaSessionRecord: 	at com.android.server.SystemServer.main(SystemServer.java:168)
08-02 12:55:09.695   625   625 W MediaSessionRecord: 	at java.lang.reflect.Method.invoke(Native Method)
08-02 12:55:09.695   625   625 W MediaSessionRecord: 	at com.android.internal.os.ZygoteInit$MethodAndArgsCaller.run(ZygoteInit.java:726)
08-02 12:55:09.695   625   625 W MediaSessionRecord: 	at com.android.internal.os.ZygoteInit.main(ZygoteInit.java:616)
08-02 12:55:09.715  2150  2150 W System  : ClassLoader referenced unknown path: /system/priv-app/ManagedProvisioning/lib/x86
08-02 12:55:09.834   625   752 I ActivityManager: Start proc 2167:com.android.onetimeinitializer/u0a11 for broadcast com.android.onetimeinitializer/.OneTimeInitializerReceiver
08-02 12:55:09.858  1110  2166 I MediaProvider: Upgrading media database from version 0 to 800, which will destroy all old data
08-02 12:55:09.864  2167  2167 E libprocessgroup: failed to make and chown /acct/uid_10011: Read-only file system
08-02 12:55:09.864  2167  2167 W Zygote  : createProcessGroup failed, kernel missing CONFIG_CGROUP_CPUACCT?
08-02 12:55:09.890  2167  2167 W System  : ClassLoader referenced unknown path: /system/priv-app/OneTimeInitializer/lib/x86
08-02 12:55:09.890  2167  2167 V OneTimeInitializerRece: OneTimeInitializerReceiver.onReceive
08-02 12:55:09.907  2167  2181 I OneTimeInitializerServ: Updating to version 1.
08-02 12:55:09.911  1579  1579 D AlertReceiver: onReceive: a=android.intent.action.BOOT_COMPLETED Intent { act=android.intent.action.BOOT_COMPLETED flg=0x8000010 cmp=com.android.calendar/.alerts.AlertReceiver (has extras) }
08-02 12:55:09.911  2167  2181 E ActivityThread: Failed to find provider info for com.android.launcher2.settings
08-02 12:55:09.920  1110  2166 D MediaProvider: Adjusting external storage paths to: /storage/emulated/0
08-02 12:55:09.924  1579  1579 D AlertUtils: Flushing old alerts from shared prefs table
08-02 12:55:09.927   625   776 I ActivityManager: Start proc 2185:com.android.camera2/u0a25 for broadcast com.android.camera2/com.android.camera.DisableCameraReceiver
08-02 12:55:09.929  1579  2184 D AlertService: 0 Action = android.intent.action.BOOT_COMPLETED
08-02 12:55:09.931  1579  2184 D AlertService: Scheduling next alarm with AlarmScheduler. sEventReminderReceived: null
08-02 12:55:09.948  1110  2166 E SQLiteLog: (1) no such table: files
08-02 12:55:09.950  1579  2184 D AlarmScheduler: No events found starting within 1 week.
08-02 12:55:09.958  2185  2185 E libprocessgroup: failed to make and chown /acct/uid_10025: Read-only file system
08-02 12:55:09.959  2185  2185 W Zygote  : createProcessGroup failed, kernel missing CONFIG_CGROUP_CPUACCT?
08-02 12:55:09.971   266   266 V FFmpegExtractor: SniffFFMPEG
08-02 12:55:09.971   266   266 I FFmpegExtractor: android-source:0xf1aebb80
08-02 12:55:09.971   266   266 D FFMPEG  : android source begin open
08-02 12:55:09.971   266   266 D FFMPEG  : android open, url: android-source:0xf1aebb80
08-02 12:55:09.971   266   266 D FFMPEG  : ffmpeg open android data source success, source ptr: 0xf1aebb80
08-02 12:55:09.971   266   266 D FFMPEG  : android source open success
08-02 12:55:09.972   266   266 I FFMPEG  : Input #0, ogg, from 'android-source:0xf1aebb80':
08-02 12:55:09.972   266   266 I FFMPEG  :   Duration: 00:00:02.11, start: 0.000000, bitrate: 61 kb/s
08-02 12:55:09.972   266   266 I FFMPEG  :     Stream #0:0: Audio: vorbis, 44100 Hz, mono, fltp, 54 kb/s
08-02 12:55:09.972   266   266 I FFMPEG  :     Metadata:
08-02 12:55:09.972   266   266 I FFMPEG  :       TITLE           : Piezo Alarm
08-02 12:55:09.972   266   266 I FFmpegExtractor: FFmpegExtrator, url: android-source:0xf1aebb80, format_name: ogg, format_long_name: Ogg
08-02 12:55:09.972   266   266 I FFmpegExtractor: list the formats suppoted by ffmpeg: 
08-02 12:55:09.972   266   266 I FFmpegExtractor: ========================================
08-02 12:55:09.972   266   266 V FFmpegExtractor: format_names[00]: mpeg
08-02 12:55:09.972   266   266 V FFmpegExtractor: format_names[01]: mpegts
08-02 12:55:09.972   266   266 V FFmpegExtractor: format_names[02]: mov,mp4,m4a,3gp,3g2,mj2
08-02 12:55:09.972   266   266 V FFmpegExtractor: format_names[03]: matroska,webm
08-02 12:55:09.972   266   266 V FFmpegExtractor: format_names[04]: asf
08-02 12:55:09.972   266   266 V FFmpegExtractor: format_names[05]: rm
08-02 12:55:09.972   266   266 V FFmpegExtractor: format_names[06]: flv
08-02 12:55:09.972   266   266 V FFmpegExtractor: format_names[07]: swf
08-02 12:55:09.972   266   266 V FFmpegExtractor: format_names[08]: avi
08-02 12:55:09.972   266   266 V FFmpegExtractor: format_names[09]: ape
08-02 12:55:09.972   266   266 V FFmpegExtractor: format_names[10]: dts
08-02 12:55:09.972   266   266 V FFmpegExtractor: format_names[11]: flac
