08-02 15:09:30.417  3522  3522 I AccessibilityNodeInfoDumper: Skipping invisible child: android.view.accessibility.AccessibilityNodeInfo@8000807b; boundsInParent: Rect(0, 0 - 1136, 0); boundsInScreen: Rect(32, 208 - 1168, 208); packageName: org.afhdownloader; className: android.widget.ListView; text: null; error: null; maxTextLength: -1; contentDescription: null; viewIdResName: org.afhdownloader:id/listView; checkable: false; checked: false; focusable: false; focused: false; selected: false; clickable: true; longClickable: false; contextClickable: false; enabled: true; password: false; scrollable: false; actions: [AccessibilityAction: ACTION_SELECT - null, AccessibilityAction: ACTION_CLEAR_SELECTION - null, AccessibilityAction: ACTION_CLICK - null, AccessibilityAction: ACTION_ACCESSIBILITY_FOCUS - null, AccessibilityAction: ACTION_UNKNOWN - null]
08-02 15:09:30.417  3522  3522 W AccessibilityNodeInfoDumper: Fetch time: 5ms
08-02 15:09:30.421   603  1109 W WindowManager: Attempted to remove non-existing token: android.os.Binder@92a35af
08-02 15:09:30.429  3522  3522 D AndroidRuntime: Shutting down VM
08-02 15:09:30.845  3535  3535 D AndroidRuntime: >>>>>> START com.android.internal.os.RuntimeInit uid 0 <<<<<<
08-02 15:09:30.847  3535  3535 D AndroidRuntime: CheckJNI is OFF
08-02 15:09:30.857  3535  3535 D ICU     : No timezone override file found: /data/misc/zoneinfo/current/icu/icu_tzdata.dat
08-02 15:09:30.868  3535  3535 E memtrack: Couldn't load memtrack module (No such file or directory)
08-02 15:09:30.868  3535  3535 E android.os.Debug: failed to load memtrack module: -2
08-02 15:09:30.869  3535  3535 I Radio-JNI: register_android_hardware_Radio DONE
08-02 15:09:30.875  3535  3535 D AndroidRuntime: Calling main entry com.android.commands.input.Input
08-02 15:09:30.878  3535  3535 I Input   : injectMotionEvent: MotionEvent { action=ACTION_DOWN, actionButton=0, id[0]=0, x[0]=1144.0, y[0]=112.0, toolType[0]=TOOL_TYPE_UNKNOWN, buttonState=0, metaState=0, flags=0x0, edgeFlags=0x0, pointerCount=1, historySize=0, eventTime=170771, downTime=170771, deviceId=0, source=0x1002 }
08-02 15:09:30.884  3535  3535 I Input   : injectMotionEvent: MotionEvent { action=ACTION_MOVE, actionButton=0, id[0]=0, x[0]=1144.0, y[0]=112.0, toolType[0]=TOOL_TYPE_UNKNOWN, buttonState=0, metaState=0, flags=0x0, edgeFlags=0x0, pointerCount=1, historySize=0, eventTime=170771, downTime=170771, deviceId=0, source=0x1002 }
08-02 15:09:30.890  3535  3535 I Input   : injectMotionEvent: MotionEvent { action=ACTION_MOVE, actionButton=0, id[0]=0, x[0]=1144.0, y[0]=112.0, toolType[0]=TOOL_TYPE_UNKNOWN, buttonState=0, metaState=0, flags=0x0, edgeFlags=0x0, pointerCount=1, historySize=0, eventTime=170783, downTime=170783, deviceId=0, source=0x1002 }
08-02 15:09:30.908  3535  3535 I Input   : injectMotionEvent: MotionEvent { action=ACTION_MOVE, actionButton=0, id[0]=0, x[0]=1144.0, y[0]=112.0, toolType[0]=TOOL_TYPE_UNKNOWN, buttonState=0, metaState=0, flags=0x0, edgeFlags=0x0, pointerCount=1, historySize=0, eventTime=170801, downTime=170801, deviceId=0, source=0x1002 }
08-02 15:09:30.924  3535  3535 I Input   : injectMotionEvent: MotionEvent { action=ACTION_MOVE, actionButton=0, id[0]=0, x[0]=1144.0, y[0]=112.0, toolType[0]=TOOL_TYPE_UNKNOWN, buttonState=0, metaState=0, flags=0x0, edgeFlags=0x0, pointerCount=1, historySize=0, eventTime=170817, downTime=170817, deviceId=0, source=0x1002 }
08-02 15:09:30.941  3535  3535 I Input   : injectMotionEvent: MotionEvent { action=ACTION_MOVE, actionButton=0, id[0]=0, x[0]=1144.0, y[0]=112.0, toolType[0]=TOOL_TYPE_UNKNOWN, buttonState=0, metaState=0, flags=0x0, edgeFlags=0x0, pointerCount=1, historySize=0, eventTime=170833, downTime=170833, deviceId=0, source=0x1002 }
08-02 15:09:30.957  3535  3535 I Input   : injectMotionEvent: MotionEvent { action=ACTION_MOVE, actionButton=0, id[0]=0, x[0]=1144.0, y[0]=112.0, toolType[0]=TOOL_TYPE_UNKNOWN, buttonState=0, metaState=0, flags=0x0, edgeFlags=0x0, pointerCount=1, historySize=0, eventTime=170850, downTime=170850, deviceId=0, source=0x1002 }
08-02 15:09:30.974  3535  3535 I Input   : injectMotionEvent: MotionEvent { action=ACTION_MOVE, actionButton=0, id[0]=0, x[0]=1144.0, y[0]=112.0, toolType[0]=TOOL_TYPE_UNKNOWN, buttonState=0, metaState=0, flags=0x0, edgeFlags=0x0, pointerCount=1, historySize=0, eventTime=170867, downTime=170867, deviceId=0, source=0x1002 }
08-02 15:09:30.991  3535  3535 I Input   : injectMotionEvent: MotionEvent { action=ACTION_MOVE, actionButton=0, id[0]=0, x[0]=1144.0, y[0]=112.0, toolType[0]=TOOL_TYPE_UNKNOWN, buttonState=0, metaState=0, flags=0x0, edgeFlags=0x0, pointerCount=1, historySize=0, eventTime=170884, downTime=170884, deviceId=0, source=0x1002 }
08-02 15:09:31.007  3535  3535 I Input   : injectMotionEvent: MotionEvent { action=ACTION_MOVE, actionButton=0, id[0]=0, x[0]=1144.0, y[0]=112.0, toolType[0]=TOOL_TYPE_UNKNOWN, buttonState=0, metaState=0, flags=0x0, edgeFlags=0x0, pointerCount=1, historySize=0, eventTime=170900, downTime=170900, deviceId=0, source=0x1002 }
08-02 15:09:31.024  3535  3535 I Input   : injectMotionEvent: MotionEvent { action=ACTION_MOVE, actionButton=0, id[0]=0, x[0]=1144.0, y[0]=112.0, toolType[0]=TOOL_TYPE_UNKNOWN, buttonState=0, metaState=0, flags=0x0, edgeFlags=0x0, pointerCount=1, historySize=0, eventTime=170917, downTime=170917, deviceId=0, source=0x1002 }
08-02 15:09:31.041  3535  3535 I Input   : injectMotionEvent: MotionEvent { action=ACTION_MOVE, actionButton=0, id[0]=0, x[0]=1144.0, y[0]=112.0, toolType[0]=TOOL_TYPE_UNKNOWN, buttonState=0, metaState=0, flags=0x0, edgeFlags=0x0, pointerCount=1, historySize=0, eventTime=170934, downTime=170934, deviceId=0, source=0x1002 }
08-02 15:09:31.066  3535  3535 I Input   : injectMotionEvent: MotionEvent { action=ACTION_MOVE, actionButton=0, id[0]=0, x[0]=1144.0, y[0]=112.0, toolType[0]=TOOL_TYPE_UNKNOWN, buttonState=0, metaState=0, flags=0x0, edgeFlags=0x0, pointerCount=1, historySize=0, eventTime=170959, downTime=170959, deviceId=0, source=0x1002 }
08-02 15:09:31.094  3535  3535 I Input   : injectMotionEvent: MotionEvent { action=ACTION_MOVE, actionButton=0, id[0]=0, x[0]=1144.0, y[0]=112.0, toolType[0]=TOOL_TYPE_UNKNOWN, buttonState=0, metaState=0, flags=0x0, edgeFlags=0x0, pointerCount=1, historySize=0, eventTime=170987, downTime=170987, deviceId=0, source=0x1002 }
08-02 15:09:31.109  3535  3535 I Input   : injectMotionEvent: MotionEvent { action=ACTION_MOVE, actionButton=0, id[0]=0, x[0]=1144.0, y[0]=112.0, toolType[0]=TOOL_TYPE_UNKNOWN, buttonState=0, metaState=0, flags=0x0, edgeFlags=0x0, pointerCount=1, historySize=0, eventTime=171002, downTime=171002, deviceId=0, source=0x1002 }
08-02 15:09:31.139  3535  3535 I Input   : injectMotionEvent: MotionEvent { action=ACTION_MOVE, actionButton=0, id[0]=0, x[0]=1144.0, y[0]=112.0, toolType[0]=TOOL_TYPE_UNKNOWN, buttonState=0, metaState=0, flags=0x0, edgeFlags=0x0, pointerCount=1, historySize=0, eventTime=171032, downTime=171032, deviceId=0, source=0x1002 }
08-02 15:09:31.161  3535  3535 I Input   : injectMotionEvent: MotionEvent { action=ACTION_MOVE, actionButton=0, id[0]=0, x[0]=1144.0, y[0]=112.0, toolType[0]=TOOL_TYPE_UNKNOWN, buttonState=0, metaState=0, flags=0x0, edgeFlags=0x0, pointerCount=1, historySize=0, eventTime=171054, downTime=171054, deviceId=0, source=0x1002 }
08-02 15:09:31.184  3535  3535 I Input   : injectMotionEvent: MotionEvent { action=ACTION_MOVE, actionButton=0, id[0]=0, x[0]=1144.0, y[0]=112.0, toolType[0]=TOOL_TYPE_UNKNOWN, buttonState=0, metaState=0, flags=0x0, edgeFlags=0x0, pointerCount=1, historySize=0, eventTime=171077, downTime=171077, deviceId=0, source=0x1002 }
08-02 15:09:31.197  3535  3535 I Input   : injectMotionEvent: MotionEvent { action=ACTION_MOVE, actionButton=0, id[0]=0, x[0]=1144.0, y[0]=112.0, toolType[0]=TOOL_TYPE_UNKNOWN, buttonState=0, metaState=0, flags=0x0, edgeFlags=0x0, pointerCount=1, historySize=0, eventTime=171090, downTime=171090, deviceId=0, source=0x1002 }
08-02 15:09:31.212  3535  3535 I Input   : injectMotionEvent: MotionEvent { action=ACTION_MOVE, actionButton=0, id[0]=0, x[0]=1144.0, y[0]=112.0, toolType[0]=TOOL_TYPE_UNKNOWN, buttonState=0, metaState=0, flags=0x0, edgeFlags=0x0, pointerCount=1, historySize=0, eventTime=171105, downTime=171105, deviceId=0, source=0x1002 }
08-02 15:09:31.225  3535  3535 I Input   : injectMotionEvent: MotionEvent { action=ACTION_MOVE, actionButton=0, id[0]=0, x[0]=1144.0, y[0]=112.0, toolType[0]=TOOL_TYPE_UNKNOWN, buttonState=0, metaState=0, flags=0x0, edgeFlags=0x0, pointerCount=1, historySize=0, eventTime=171118, downTime=171118, deviceId=0, source=0x1002 }
08-02 15:09:31.241  3535  3535 I Input   : injectMotionEvent: MotionEvent { action=ACTION_MOVE, actionButton=0, id[0]=0, x[0]=1144.0, y[0]=112.0, toolType[0]=TOOL_TYPE_UNKNOWN, buttonState=0, metaState=0, flags=0x0, edgeFlags=0x0, pointerCount=1, historySize=0, eventTime=171134, downTime=171134, deviceId=0, source=0x1002 }
08-02 15:09:31.272  3535  3535 I Input   : injectMotionEvent: MotionEvent { action=ACTION_MOVE, actionButton=0, id[0]=0, x[0]=1144.0, y[0]=112.0, toolType[0]=TOOL_TYPE_UNKNOWN, buttonState=0, metaState=0, flags=0x0, edgeFlags=0x0, pointerCount=1, historySize=0, eventTime=171165, downTime=171165, deviceId=0, source=0x1002 }
08-02 15:09:31.323  3535  3535 I Input   : injectMotionEvent: MotionEvent { action=ACTION_MOVE, actionButton=0, id[0]=0, x[0]=1144.0, y[0]=112.0, toolType[0]=TOOL_TYPE_UNKNOWN, buttonState=0, metaState=0, flags=0x0, edgeFlags=0x0, pointerCount=1, historySize=0, eventTime=171216, downTime=171216, deviceId=0, source=0x1002 }
08-02 15:09:31.366  3535  3535 I Input   : injectMotionEvent: MotionEvent { action=ACTION_MOVE, actionButton=0, id[0]=0, x[0]=1144.0, y[0]=112.0, toolType[0]=TOOL_TYPE_UNKNOWN, buttonState=0, metaState=0, flags=0x0, edgeFlags=0x0, pointerCount=1, historySize=0, eventTime=171259, downTime=171259, deviceId=0, source=0x1002 }
08-02 15:09:31.376  3535  3535 I Input   : injectMotionEvent: MotionEvent { action=ACTION_MOVE, actionButton=0, id[0]=0, x[0]=1144.0, y[0]=112.0, toolType[0]=TOOL_TYPE_UNKNOWN, buttonState=0, metaState=0, flags=0x0, edgeFlags=0x0, pointerCount=1, historySize=0, eventTime=171269, downTime=171269, deviceId=0, source=0x1002 }
08-02 15:09:31.394  3535  3535 I Input   : injectMotionEvent: MotionEvent { action=ACTION_MOVE, actionButton=0, id[0]=0, x[0]=1144.0, y[0]=112.0, toolType[0]=TOOL_TYPE_UNKNOWN, buttonState=0, metaState=0, flags=0x0, edgeFlags=0x0, pointerCount=1, historySize=0, eventTime=171287, downTime=171287, deviceId=0, source=0x1002 }
08-02 15:09:31.408  3535  3535 I Input   : injectMotionEvent: MotionEvent { action=ACTION_MOVE, actionButton=0, id[0]=0, x[0]=1144.0, y[0]=112.0, toolType[0]=TOOL_TYPE_UNKNOWN, buttonState=0, metaState=0, flags=0x0, edgeFlags=0x0, pointerCount=1, historySize=0, eventTime=171301, downTime=171301, deviceId=0, source=0x1002 }
08-02 15:09:31.424  3535  3535 I Input   : injectMotionEvent: MotionEvent { action=ACTION_MOVE, actionButton=0, id[0]=0, x[0]=1144.0, y[0]=112.0, toolType[0]=TOOL_TYPE_UNKNOWN, buttonState=0, metaState=0, flags=0x0, edgeFlags=0x0, pointerCount=1, historySize=0, eventTime=171317, downTime=171317, deviceId=0, source=0x1002 }
08-02 15:09:31.441  3535  3535 I Input   : injectMotionEvent: MotionEvent { action=ACTION_MOVE, actionButton=0, id[0]=0, x[0]=1144.0, y[0]=112.0, toolType[0]=TOOL_TYPE_UNKNOWN, buttonState=0, metaState=0, flags=0x0, edgeFlags=0x0, pointerCount=1, historySize=0, eventTime=171334, downTime=171334, deviceId=0, source=0x1002 }
08-02 15:09:31.463  3535  3535 I Input   : injectMotionEvent: MotionEvent { action=ACTION_MOVE, actionButton=0, id[0]=0, x[0]=1144.0, y[0]=112.0, toolType[0]=TOOL_TYPE_UNKNOWN, buttonState=0, metaState=0, flags=0x0, edgeFlags=0x0, pointerCount=1, historySize=0, eventTime=171356, downTime=171356, deviceId=0, source=0x1002 }
08-02 15:09:31.500  3535  3535 I Input   : injectMotionEvent: MotionEvent { action=ACTION_MOVE, actionButton=0, id[0]=0, x[0]=1144.0, y[0]=112.0, toolType[0]=TOOL_TYPE_UNKNOWN, buttonState=0, metaState=0, flags=0x0, edgeFlags=0x0, pointerCount=1, historySize=0, eventTime=171393, downTime=171393, deviceId=0, source=0x1002 }
08-02 15:09:31.509  3535  3535 I Input   : injectMotionEvent: MotionEvent { action=ACTION_MOVE, actionButton=0, id[0]=0, x[0]=1144.0, y[0]=112.0, toolType[0]=TOOL_TYPE_UNKNOWN, buttonState=0, metaState=0, flags=0x0, edgeFlags=0x0, pointerCount=1, historySize=0, eventTime=171402, downTime=171402, deviceId=0, source=0x1002 }
08-02 15:09:31.525  3535  3535 I Input   : injectMotionEvent: MotionEvent { action=ACTION_MOVE, actionButton=0, id[0]=0, x[0]=1144.0, y[0]=112.0, toolType[0]=TOOL_TYPE_UNKNOWN, buttonState=0, metaState=0, flags=0x0, edgeFlags=0x0, pointerCount=1, historySize=0, eventTime=171418, downTime=171418, deviceId=0, source=0x1002 }
08-02 15:09:31.545  3535  3535 I Input   : injectMotionEvent: MotionEvent { action=ACTION_MOVE, actionButton=0, id[0]=0, x[0]=1144.0, y[0]=112.0, toolType[0]=TOOL_TYPE_UNKNOWN, buttonState=0, metaState=0, flags=0x0, edgeFlags=0x0, pointerCount=1, historySize=0, eventTime=171438, downTime=171438, deviceId=0, source=0x1002 }
08-02 15:09:31.558  3535  3535 I Input   : injectMotionEvent: MotionEvent { action=ACTION_MOVE, actionButton=0, id[0]=0, x[0]=1144.0, y[0]=112.0, toolType[0]=TOOL_TYPE_UNKNOWN, buttonState=0, metaState=0, flags=0x0, edgeFlags=0x0, pointerCount=1, historySize=0, eventTime=171451, downTime=171451, deviceId=0, source=0x1002 }
08-02 15:09:31.575  3535  3535 I Input   : injectMotionEvent: MotionEvent { action=ACTION_MOVE, actionButton=0, id[0]=0, x[0]=1144.0, y[0]=112.0, toolType[0]=TOOL_TYPE_UNKNOWN, buttonState=0, metaState=0, flags=0x0, edgeFlags=0x0, pointerCount=1, historySize=0, eventTime=171468, downTime=171468, deviceId=0, source=0x1002 }
08-02 15:09:31.606  3535  3535 I Input   : injectMotionEvent: MotionEvent { action=ACTION_MOVE, actionButton=0, id[0]=0, x[0]=1144.0, y[0]=112.0, toolType[0]=TOOL_TYPE_UNKNOWN, buttonState=0, metaState=0, flags=0x0, edgeFlags=0x0, pointerCount=1, historySize=0, eventTime=171499, downTime=171499, deviceId=0, source=0x1002 }
08-02 15:09:31.625  3535  3535 I Input   : injectMotionEvent: MotionEvent { action=ACTION_MOVE, actionButton=0, id[0]=0, x[0]=1144.0, y[0]=112.0, toolType[0]=TOOL_TYPE_UNKNOWN, buttonState=0, metaState=0, flags=0x0, edgeFlags=0x0, pointerCount=1, historySize=0, eventTime=171518, downTime=171518, deviceId=0, source=0x1002 }
08-02 15:09:31.648  3535  3535 I Input   : injectMotionEvent: MotionEvent { action=ACTION_MOVE, actionButton=0, id[0]=0, x[0]=1144.0, y[0]=112.0, toolType[0]=TOOL_TYPE_UNKNOWN, buttonState=0, metaState=0, flags=0x0, edgeFlags=0x0, pointerCount=1, historySize=0, eventTime=171541, downTime=171541, deviceId=0, source=0x1002 }
08-02 15:09:31.657  3535  3535 I Input   : injectMotionEvent: MotionEvent { action=ACTION_MOVE, actionButton=0, id[0]=0, x[0]=1144.0, y[0]=112.0, toolType[0]=TOOL_TYPE_UNKNOWN, buttonState=0, metaState=0, flags=0x0, edgeFlags=0x0, pointerCount=1, historySize=0, eventTime=171550, downTime=171550, deviceId=0, source=0x1002 }
08-02 15:09:31.675  3535  3535 I Input   : injectMotionEvent: MotionEvent { action=ACTION_MOVE, actionButton=0, id[0]=0, x[0]=1144.0, y[0]=112.0, toolType[0]=TOOL_TYPE_UNKNOWN, buttonState=0, metaState=0, flags=0x0, edgeFlags=0x0, pointerCount=1, historySize=0, eventTime=171568, downTime=171568, deviceId=0, source=0x1002 }
08-02 15:09:31.691  3535  3535 I Input   : injectMotionEvent: MotionEvent { action=ACTION_MOVE, actionButton=0, id[0]=0, x[0]=1144.0, y[0]=112.0, toolType[0]=TOOL_TYPE_UNKNOWN, buttonState=0, metaState=0, flags=0x0, edgeFlags=0x0, pointerCount=1, historySize=0, eventTime=171584, downTime=171584, deviceId=0, source=0x1002 }
08-02 15:09:31.707  3535  3535 I Input   : injectMotionEvent: MotionEvent { action=ACTION_MOVE, actionButton=0, id[0]=0, x[0]=1144.0, y[0]=112.0, toolType[0]=TOOL_TYPE_UNKNOWN, buttonState=0, metaState=0, flags=0x0, edgeFlags=0x0, pointerCount=1, historySize=0, eventTime=171600, downTime=171600, deviceId=0, source=0x1002 }
08-02 15:09:31.724  3535  3535 I Input   : injectMotionEvent: MotionEvent { action=ACTION_MOVE, actionButton=0, id[0]=0, x[0]=1144.0, y[0]=112.0, toolType[0]=TOOL_TYPE_UNKNOWN, buttonState=0, metaState=0, flags=0x0, edgeFlags=0x0, pointerCount=1, historySize=0, eventTime=171617, downTime=171617, deviceId=0, source=0x1002 }
08-02 15:09:31.747  3535  3535 I Input   : injectMotionEvent: MotionEvent { action=ACTION_MOVE, actionButton=0, id[0]=0, x[0]=1144.0, y[0]=112.0, toolType[0]=TOOL_TYPE_UNKNOWN, buttonState=0, metaState=0, flags=0x0, edgeFlags=0x0, pointerCount=1, historySize=0, eventTime=171640, downTime=171640, deviceId=0, source=0x1002 }
08-02 15:09:31.757  3535  3535 I Input   : injectMotionEvent: MotionEvent { action=ACTION_MOVE, actionButton=0, id[0]=0, x[0]=1144.0, y[0]=112.0, toolType[0]=TOOL_TYPE_UNKNOWN, buttonState=0, metaState=0, flags=0x0, edgeFlags=0x0, pointerCount=1, historySize=0, eventTime=171650, downTime=171650, deviceId=0, source=0x1002 }
08-02 15:09:31.774  3535  3535 I Input   : injectMotionEvent: MotionEvent { action=ACTION_MOVE, actionButton=0, id[0]=0, x[0]=1144.0, y[0]=112.0, toolType[0]=TOOL_TYPE_UNKNOWN, buttonState=0, metaState=0, flags=0x0, edgeFlags=0x0, pointerCount=1, historySize=0, eventTime=171667, downTime=171667, deviceId=0, source=0x1002 }
08-02 15:09:31.791  3535  3535 I Input   : injectMotionEvent: MotionEvent { action=ACTION_MOVE, actionButton=0, id[0]=0, x[0]=1144.0, y[0]=112.0, toolType[0]=TOOL_TYPE_UNKNOWN, buttonState=0, metaState=0, flags=0x0, edgeFlags=0x0, pointerCount=1, historySize=0, eventTime=171684, downTime=171684, deviceId=0, source=0x1002 }
08-02 15:09:31.807  3535  3535 I Input   : injectMotionEvent: MotionEvent { action=ACTION_MOVE, actionButton=0, id[0]=0, x[0]=1144.0, y[0]=112.0, toolType[0]=TOOL_TYPE_UNKNOWN, buttonState=0, metaState=0, flags=0x0, edgeFlags=0x0, pointerCount=1, historySize=0, eventTime=171700, downTime=171700, deviceId=0, source=0x1002 }
08-02 15:09:31.824  3535  3535 I Input   : injectMotionEvent: MotionEvent { action=ACTION_MOVE, actionButton=0, id[0]=0, x[0]=1144.0, y[0]=112.0, toolType[0]=TOOL_TYPE_UNKNOWN, buttonState=0, metaState=0, flags=0x0, edgeFlags=0x0, pointerCount=1, historySize=0, eventTime=171717, downTime=171717, deviceId=0, source=0x1002 }
08-02 15:09:31.847  3535  3535 I Input   : injectMotionEvent: MotionEvent { action=ACTION_MOVE, actionButton=0, id[0]=0, x[0]=1144.0, y[0]=112.0, toolType[0]=TOOL_TYPE_UNKNOWN, buttonState=0, metaState=0, flags=0x0, edgeFlags=0x0, pointerCount=1, historySize=0, eventTime=171740, downTime=171740, deviceId=0, source=0x1002 }
08-02 15:09:31.857  3535  3535 I Input   : injectMotionEvent: MotionEvent { action=ACTION_MOVE, actionButton=0, id[0]=0, x[0]=1144.0, y[0]=112.0, toolType[0]=TOOL_TYPE_UNKNOWN, buttonState=0, metaState=0, flags=0x0, edgeFlags=0x0, pointerCount=1, historySize=0, eventTime=171750, downTime=171750, deviceId=0, source=0x1002 }
08-02 15:09:31.874  3535  3535 I Input   : injectMotionEvent: MotionEvent { action=ACTION_MOVE, actionButton=0, id[0]=0, x[0]=1144.0, y[0]=112.0, toolType[0]=TOOL_TYPE_UNKNOWN, buttonState=0, metaState=0, flags=0x0, edgeFlags=0x0, pointerCount=1, historySize=0, eventTime=171767, downTime=171767, deviceId=0, source=0x1002 }
08-02 15:09:31.890  3535  3535 I Input   : injectMotionEvent: MotionEvent { action=ACTION_MOVE, actionButton=0, id[0]=0, x[0]=1144.0, y[0]=112.0, toolType[0]=TOOL_TYPE_UNKNOWN, buttonState=0, metaState=0, flags=0x0, edgeFlags=0x0, pointerCount=1, historySize=0, eventTime=171783, downTime=171783, deviceId=0, source=0x1002 }
08-02 15:09:31.911  3535  3535 I Input   : injectMotionEvent: MotionEvent { action=ACTION_MOVE, actionButton=0, id[0]=0, x[0]=1144.0, y[0]=112.0, toolType[0]=TOOL_TYPE_UNKNOWN, buttonState=0, metaState=0, flags=0x0, edgeFlags=0x0, pointerCount=1, historySize=0, eventTime=171804, downTime=171804, deviceId=0, source=0x1002 }
08-02 15:09:31.924  3535  3535 I Input   : injectMotionEvent: MotionEvent { action=ACTION_MOVE, actionButton=0, id[0]=0, x[0]=1144.0, y[0]=112.0, toolType[0]=TOOL_TYPE_UNKNOWN, buttonState=0, metaState=0, flags=0x0, edgeFlags=0x0, pointerCount=1, historySize=0, eventTime=171817, downTime=171817, deviceId=0, source=0x1002 }
08-02 15:09:31.947  3535  3535 I Input   : injectMotionEvent: MotionEvent { action=ACTION_MOVE, actionButton=0, id[0]=0, x[0]=1144.0, y[0]=112.0, toolType[0]=TOOL_TYPE_UNKNOWN, buttonState=0, metaState=0, flags=0x0, edgeFlags=0x0, pointerCount=1, historySize=0, eventTime=171840, downTime=171840, deviceId=0, source=0x1002 }
08-02 15:09:31.957  3535  3535 I Input   : injectMotionEvent: MotionEvent { action=ACTION_MOVE, actionButton=0, id[0]=0, x[0]=1144.0, y[0]=112.0, toolType[0]=TOOL_TYPE_UNKNOWN, buttonState=0, metaState=0, flags=0x0, edgeFlags=0x0, pointerCount=1, historySize=0, eventTime=171850, downTime=171850, deviceId=0, source=0x1002 }
08-02 15:09:31.975  3535  3535 I Input   : injectMotionEvent: MotionEvent { action=ACTION_MOVE, actionButton=0, id[0]=0, x[0]=1144.0, y[0]=112.0, toolType[0]=TOOL_TYPE_UNKNOWN, buttonState=0, metaState=0, flags=0x0, edgeFlags=0x0, pointerCount=1, historySize=0, eventTime=171868, downTime=171868, deviceId=0, source=0x1002 }
08-02 15:09:31.990  3535  3535 I Input   : injectMotionEvent: MotionEvent { action=ACTION_MOVE, actionButton=0, id[0]=0, x[0]=1144.0, y[0]=112.0, toolType[0]=TOOL_TYPE_UNKNOWN, buttonState=0, metaState=0, flags=0x0, edgeFlags=0x0, pointerCount=1, historySize=0, eventTime=171883, downTime=171883, deviceId=0, source=0x1002 }
08-02 15:09:32.007  3535  3535 I Input   : injectMotionEvent: MotionEvent { action=ACTION_MOVE, actionButton=0, id[0]=0, x[0]=1144.0, y[0]=112.0, toolType[0]=TOOL_TYPE_UNKNOWN, buttonState=0, metaState=0, flags=0x0, edgeFlags=0x0, pointerCount=1, historySize=0, eventTime=171900, downTime=171900, deviceId=0, source=0x1002 }
08-02 15:09:32.024  3535  3535 I Input   : injectMotionEvent: MotionEvent { action=ACTION_MOVE, actionButton=0, id[0]=0, x[0]=1144.0, y[0]=112.0, toolType[0]=TOOL_TYPE_UNKNOWN, buttonState=0, metaState=0, flags=0x0, edgeFlags=0x0, pointerCount=1, historySize=0, eventTime=171917, downTime=171917, deviceId=0, source=0x1002 }
08-02 15:09:32.047  3535  3535 I Input   : injectMotionEvent: MotionEvent { action=ACTION_MOVE, actionButton=0, id[0]=0, x[0]=1144.0, y[0]=112.0, toolType[0]=TOOL_TYPE_UNKNOWN, buttonState=0, metaState=0, flags=0x0, edgeFlags=0x0, pointerCount=1, historySize=0, eventTime=171940, downTime=171940, deviceId=0, source=0x1002 }
08-02 15:09:32.057  3535  3535 I Input   : injectMotionEvent: MotionEvent { action=ACTION_MOVE, actionButton=0, id[0]=0, x[0]=1144.0, y[0]=112.0, toolType[0]=TOOL_TYPE_UNKNOWN, buttonState=0, metaState=0, flags=0x0, edgeFlags=0x0, pointerCount=1, historySize=0, eventTime=171950, downTime=171950, deviceId=0, source=0x1002 }
08-02 15:09:32.075  3535  3535 I Input   : injectMotionEvent: MotionEvent { action=ACTION_MOVE, actionButton=0, id[0]=0, x[0]=1144.0, y[0]=112.0, toolType[0]=TOOL_TYPE_UNKNOWN, buttonState=0, metaState=0, flags=0x0, edgeFlags=0x0, pointerCount=1, historySize=0, eventTime=171968, downTime=171968, deviceId=0, source=0x1002 }
08-02 15:09:32.091  3535  3535 I Input   : injectMotionEvent: MotionEvent { action=ACTION_MOVE, actionButton=0, id[0]=0, x[0]=1144.0, y[0]=112.0, toolType[0]=TOOL_TYPE_UNKNOWN, buttonState=0, metaState=0, flags=0x0, edgeFlags=0x0, pointerCount=1, historySize=0, eventTime=171984, downTime=171984, deviceId=0, source=0x1002 }
08-02 15:09:32.107  3535  3535 I Input   : injectMotionEvent: MotionEvent { action=ACTION_MOVE, actionButton=0, id[0]=0, x[0]=1144.0, y[0]=112.0, toolType[0]=TOOL_TYPE_UNKNOWN, buttonState=0, metaState=0, flags=0x0, edgeFlags=0x0, pointerCount=1, historySize=0, eventTime=172000, downTime=172000, deviceId=0, source=0x1002 }
08-02 15:09:32.124  3535  3535 I Input   : injectMotionEvent: MotionEvent { action=ACTION_MOVE, actionButton=0, id[0]=0, x[0]=1144.0, y[0]=112.0, toolType[0]=TOOL_TYPE_UNKNOWN, buttonState=0, metaState=0, flags=0x0, edgeFlags=0x0, pointerCount=1, historySize=0, eventTime=172017, downTime=172017, deviceId=0, source=0x1002 }
08-02 15:09:32.147  3535  3535 I Input   : injectMotionEvent: MotionEvent { action=ACTION_MOVE, actionButton=0, id[0]=0, x[0]=1144.0, y[0]=112.0, toolType[0]=TOOL_TYPE_UNKNOWN, buttonState=0, metaState=0, flags=0x0, edgeFlags=0x0, pointerCount=1, historySize=0, eventTime=172040, downTime=172040, deviceId=0, source=0x1002 }
08-02 15:09:32.167  3535  3535 I Input   : injectMotionEvent: MotionEvent { action=ACTION_MOVE, actionButton=0, id[0]=0, x[0]=1144.0, y[0]=112.0, toolType[0]=TOOL_TYPE_UNKNOWN, buttonState=0, metaState=0, flags=0x0, edgeFlags=0x0, pointerCount=1, historySize=0, eventTime=172060, downTime=172060, deviceId=0, source=0x1002 }
08-02 15:09:32.174  3535  3535 I Input   : injectMotionEvent: MotionEvent { action=ACTION_MOVE, actionButton=0, id[0]=0, x[0]=1144.0, y[0]=112.0, toolType[0]=TOOL_TYPE_UNKNOWN, buttonState=0, metaState=0, flags=0x0, edgeFlags=0x0, pointerCount=1, historySize=0, eventTime=172067, downTime=172067, deviceId=0, source=0x1002 }
08-02 15:09:32.190  3535  3535 I Input   : injectMotionEvent: MotionEvent { action=ACTION_MOVE, actionButton=0, id[0]=0, x[0]=1144.0, y[0]=112.0, toolType[0]=TOOL_TYPE_UNKNOWN, buttonState=0, metaState=0, flags=0x0, edgeFlags=0x0, pointerCount=1, historySize=0, eventTime=172083, downTime=172083, deviceId=0, source=0x1002 }
08-02 15:09:32.208  3535  3535 I Input   : injectMotionEvent: MotionEvent { action=ACTION_MOVE, actionButton=0, id[0]=0, x[0]=1144.0, y[0]=112.0, toolType[0]=TOOL_TYPE_UNKNOWN, buttonState=0, metaState=0, flags=0x0, edgeFlags=0x0, pointerCount=1, historySize=0, eventTime=172101, downTime=172101, deviceId=0, source=0x1002 }
08-02 15:09:32.224  3535  3535 I Input   : injectMotionEvent: MotionEvent { action=ACTION_MOVE, actionButton=0, id[0]=0, x[0]=1144.0, y[0]=112.0, toolType[0]=TOOL_TYPE_UNKNOWN, buttonState=0, metaState=0, flags=0x0, edgeFlags=0x0, pointerCount=1, historySize=0, eventTime=172117, downTime=172117, deviceId=0, source=0x1002 }
08-02 15:09:32.266  3535  3535 I Input   : injectMotionEvent: MotionEvent { action=ACTION_MOVE, actionButton=0, id[0]=0, x[0]=1144.0, y[0]=112.0, toolType[0]=TOOL_TYPE_UNKNOWN, buttonState=0, metaState=0, flags=0x0, edgeFlags=0x0, pointerCount=1, historySize=0, eventTime=172159, downTime=172159, deviceId=0, source=0x1002 }
08-02 15:09:32.275  3535  3535 I Input   : injectMotionEvent: MotionEvent { action=ACTION_MOVE, actionButton=0, id[0]=0, x[0]=1144.0, y[0]=112.0, toolType[0]=TOOL_TYPE_UNKNOWN, buttonState=0, metaState=0, flags=0x0, edgeFlags=0x0, pointerCount=1, historySize=0, eventTime=172168, downTime=172168, deviceId=0, source=0x1002 }
08-02 15:09:32.287  3535  3535 I Input   : injectMotionEvent: MotionEvent { action=ACTION_MOVE, actionButton=0, id[0]=0, x[0]=1144.0, y[0]=112.0, toolType[0]=TOOL_TYPE_UNKNOWN, buttonState=0, metaState=0, flags=0x0, edgeFlags=0x0, pointerCount=1, historySize=0, eventTime=172180, downTime=172180, deviceId=0, source=0x1002 }
08-02 15:09:32.307  3535  3535 I Input   : injectMotionEvent: MotionEvent { action=ACTION_MOVE, actionButton=0, id[0]=0, x[0]=1144.0, y[0]=112.0, toolType[0]=TOOL_TYPE_UNKNOWN, buttonState=0, metaState=0, flags=0x0, edgeFlags=0x0, pointerCount=1, historySize=0, eventTime=172200, downTime=172200, deviceId=0, source=0x1002 }
08-02 15:09:32.321  3535  3535 I Input   : injectMotionEvent: MotionEvent { action=ACTION_MOVE, actionButton=0, id[0]=0, x[0]=1144.0, y[0]=112.0, toolType[0]=TOOL_TYPE_UNKNOWN, buttonState=0, metaState=0, flags=0x0, edgeFlags=0x0, pointerCount=1, historySize=0, eventTime=172215, downTime=172215, deviceId=0, source=0x1002 }
08-02 15:09:32.347  3535  3535 I Input   : injectMotionEvent: MotionEvent { action=ACTION_MOVE, actionButton=0, id[0]=0, x[0]=1144.0, y[0]=112.0, toolType[0]=TOOL_TYPE_UNKNOWN, buttonState=0, metaState=0, flags=0x0, edgeFlags=0x0, pointerCount=1, historySize=0, eventTime=172240, downTime=172240, deviceId=0, source=0x1002 }
08-02 15:09:32.355  3535  3535 I Input   : injectMotionEvent: MotionEvent { action=ACTION_MOVE, actionButton=0, id[0]=0, x[0]=1144.0, y[0]=112.0, toolType[0]=TOOL_TYPE_UNKNOWN, buttonState=0, metaState=0, flags=0x0, edgeFlags=0x0, pointerCount=1, historySize=0, eventTime=172248, downTime=172248, deviceId=0, source=0x1002 }
08-02 15:09:32.377  3535  3535 I Input   : injectMotionEvent: MotionEvent { action=ACTION_MOVE, actionButton=0, id[0]=0, x[0]=1144.0, y[0]=112.0, toolType[0]=TOOL_TYPE_UNKNOWN, buttonState=0, metaState=0, flags=0x0, edgeFlags=0x0, pointerCount=1, historySize=0, eventTime=172270, downTime=172270, deviceId=0, source=0x1002 }
08-02 15:09:32.388  3535  3535 I Input   : injectMotionEvent: MotionEvent { action=ACTION_MOVE, actionButton=0, id[0]=0, x[0]=1144.0, y[0]=112.0, toolType[0]=TOOL_TYPE_UNKNOWN, buttonState=0, metaState=0, flags=0x0, edgeFlags=0x0, pointerCount=1, historySize=0, eventTime=172281, downTime=172281, deviceId=0, source=0x1002 }
08-02 15:09:32.407  3535  3535 I Input   : injectMotionEvent: MotionEvent { action=ACTION_MOVE, actionButton=0, id[0]=0, x[0]=1144.0, y[0]=112.0, toolType[0]=TOOL_TYPE_UNKNOWN, buttonState=0, metaState=0, flags=0x0, edgeFlags=0x0, pointerCount=1, historySize=0, eventTime=172300, downTime=172300, deviceId=0, source=0x1002 }
08-02 15:09:32.422  3535  3535 I Input   : injectMotionEvent: MotionEvent { action=ACTION_MOVE, actionButton=0, id[0]=0, x[0]=1144.0, y[0]=112.0, toolType[0]=TOOL_TYPE_UNKNOWN, buttonState=0, metaState=0, flags=0x0, edgeFlags=0x0, pointerCount=1, historySize=0, eventTime=172315, downTime=172315, deviceId=0, source=0x1002 }
08-02 15:09:32.442  3535  3535 I Input   : injectMotionEvent: MotionEvent { action=ACTION_MOVE, actionButton=0, id[0]=0, x[0]=1144.0, y[0]=112.0, toolType[0]=TOOL_TYPE_UNKNOWN, buttonState=0, metaState=0, flags=0x0, edgeFlags=0x0, pointerCount=1, historySize=0, eventTime=172335, downTime=172335, deviceId=0, source=0x1002 }
08-02 15:09:32.456  3535  3535 I Input   : injectMotionEvent: MotionEvent { action=ACTION_MOVE, actionButton=0, id[0]=0, x[0]=1144.0, y[0]=112.0, toolType[0]=TOOL_TYPE_UNKNOWN, buttonState=0, metaState=0, flags=0x0, edgeFlags=0x0, pointerCount=1, historySize=0, eventTime=172349, downTime=172349, deviceId=0, source=0x1002 }
08-02 15:09:32.473  3535  3535 I Input   : injectMotionEvent: MotionEvent { action=ACTION_MOVE, actionButton=0, id[0]=0, x[0]=1144.0, y[0]=112.0, toolType[0]=TOOL_TYPE_UNKNOWN, buttonState=0, metaState=0, flags=0x0, edgeFlags=0x0, pointerCount=1, historySize=0, eventTime=172366, downTime=172366, deviceId=0, source=0x1002 }
08-02 15:09:32.490  3535  3535 I Input   : injectMotionEvent: MotionEvent { action=ACTION_MOVE, actionButton=0, id[0]=0, x[0]=1144.0, y[0]=112.0, toolType[0]=TOOL_TYPE_UNKNOWN, buttonState=0, metaState=0, flags=0x0, edgeFlags=0x0, pointerCount=1, historySize=0, eventTime=172383, downTime=172383, deviceId=0, source=0x1002 }
08-02 15:09:32.514  3535  3535 I Input   : injectMotionEvent: MotionEvent { action=ACTION_MOVE, actionButton=0, id[0]=0, x[0]=1144.0, y[0]=112.0, toolType[0]=TOOL_TYPE_UNKNOWN, buttonState=0, metaState=0, flags=0x0, edgeFlags=0x0, pointerCount=1, historySize=0, eventTime=172407, downTime=172407, deviceId=0, source=0x1002 }
08-02 15:09:32.523  3535  3535 I Input   : injectMotionEvent: MotionEvent { action=ACTION_MOVE, actionButton=0, id[0]=0, x[0]=1144.0, y[0]=112.0, toolType[0]=TOOL_TYPE_UNKNOWN, buttonState=0, metaState=0, flags=0x0, edgeFlags=0x0, pointerCount=1, historySize=0, eventTime=172417, downTime=172417, deviceId=0, source=0x1002 }
08-02 15:09:32.544  3535  3535 I Input   : injectMotionEvent: MotionEvent { action=ACTION_MOVE, actionButton=0, id[0]=0, x[0]=1144.0, y[0]=112.0, toolType[0]=TOOL_TYPE_UNKNOWN, buttonState=0, metaState=0, flags=0x0, edgeFlags=0x0, pointerCount=1, historySize=0, eventTime=172437, downTime=172437, deviceId=0, source=0x1002 }
08-02 15:09:32.558  3535  3535 I Input   : injectMotionEvent: MotionEvent { action=ACTION_MOVE, actionButton=0, id[0]=0, x[0]=1144.0, y[0]=112.0, toolType[0]=TOOL_TYPE_UNKNOWN, buttonState=0, metaState=0, flags=0x0, edgeFlags=0x0, pointerCount=1, historySize=0, eventTime=172451, downTime=172451, deviceId=0, source=0x1002 }
08-02 15:09:32.575  3535  3535 I Input   : injectMotionEvent: MotionEvent { action=ACTION_MOVE, actionButton=0, id[0]=0, x[0]=1144.0, y[0]=112.0, toolType[0]=TOOL_TYPE_UNKNOWN, buttonState=0, metaState=0, flags=0x0, edgeFlags=0x0, pointerCount=1, historySize=0, eventTime=172468, downTime=172468, deviceId=0, source=0x1002 }
08-02 15:09:32.593  3535  3535 I Input   : injectMotionEvent: MotionEvent { action=ACTION_MOVE, actionButton=0, id[0]=0, x[0]=1144.0, y[0]=112.0, toolType[0]=TOOL_TYPE_UNKNOWN, buttonState=0, metaState=0, flags=0x0, edgeFlags=0x0, pointerCount=1, historySize=0, eventTime=172486, downTime=172486, deviceId=0, source=0x1002 }
08-02 15:09:32.610  3535  3535 I Input   : injectMotionEvent: MotionEvent { action=ACTION_MOVE, actionButton=0, id[0]=0, x[0]=1144.0, y[0]=112.0, toolType[0]=TOOL_TYPE_UNKNOWN, buttonState=0, metaState=0, flags=0x0, edgeFlags=0x0, pointerCount=1, historySize=0, eventTime=172503, downTime=172503, deviceId=0, source=0x1002 }
08-02 15:09:32.625  3535  3535 I Input   : injectMotionEvent: MotionEvent { action=ACTION_MOVE, actionButton=0, id[0]=0, x[0]=1144.0, y[0]=112.0, toolType[0]=TOOL_TYPE_UNKNOWN, buttonState=0, metaState=0, flags=0x0, edgeFlags=0x0, pointerCount=1, historySize=0, eventTime=172518, downTime=172518, deviceId=0, source=0x1002 }
08-02 15:09:32.645  3535  3535 I Input   : injectMotionEvent: MotionEvent { action=ACTION_MOVE, actionButton=0, id[0]=0, x[0]=1144.0, y[0]=112.0, toolType[0]=TOOL_TYPE_UNKNOWN, buttonState=0, metaState=0, flags=0x0, edgeFlags=0x0, pointerCount=1, historySize=0, eventTime=172538, downTime=172538, deviceId=0, source=0x1002 }
08-02 15:09:32.660  3535  3535 I Input   : injectMotionEvent: MotionEvent { action=ACTION_MOVE, actionButton=0, id[0]=0, x[0]=1144.0, y[0]=112.0, toolType[0]=TOOL_TYPE_UNKNOWN, buttonState=0, metaState=0, flags=0x0, edgeFlags=0x0, pointerCount=1, historySize=0, eventTime=172553, downTime=172553, deviceId=0, source=0x1002 }
08-02 15:09:32.676  3535  3535 I Input   : injectMotionEvent: MotionEvent { action=ACTION_MOVE, actionButton=0, id[0]=0, x[0]=1144.0, y[0]=112.0, toolType[0]=TOOL_TYPE_UNKNOWN, buttonState=0, metaState=0, flags=0x0, edgeFlags=0x0, pointerCount=1, historySize=0, eventTime=172569, downTime=172569, deviceId=0, source=0x1002 }
08-02 15:09:32.697  3535  3535 I Input   : injectMotionEvent: MotionEvent { action=ACTION_MOVE, actionButton=0, id[0]=0, x[0]=1144.0, y[0]=112.0, toolType[0]=TOOL_TYPE_UNKNOWN, buttonState=0, metaState=0, flags=0x0, edgeFlags=0x0, pointerCount=1, historySize=0, eventTime=172590, downTime=172590, deviceId=0, source=0x1002 }
08-02 15:09:32.717  3535  3535 I Input   : injectMotionEvent: MotionEvent { action=ACTION_MOVE, actionButton=0, id[0]=0, x[0]=1144.0, y[0]=112.0, toolType[0]=TOOL_TYPE_UNKNOWN, buttonState=0, metaState=0, flags=0x0, edgeFlags=0x0, pointerCount=1, historySize=0, eventTime=172610, downTime=172610, deviceId=0, source=0x1002 }
08-02 15:09:32.727  3535  3535 I Input   : injectMotionEvent: MotionEvent { action=ACTION_MOVE, actionButton=0, id[0]=0, x[0]=1144.0, y[0]=112.0, toolType[0]=TOOL_TYPE_UNKNOWN, buttonState=0, metaState=0, flags=0x0, edgeFlags=0x0, pointerCount=1, historySize=0, eventTime=172620, downTime=172620, deviceId=0, source=0x1002 }
08-02 15:09:32.744  3535  3535 I Input   : injectMotionEvent: MotionEvent { action=ACTION_MOVE, actionButton=0, id[0]=0, x[0]=1144.0, y[0]=112.0, toolType[0]=TOOL_TYPE_UNKNOWN, buttonState=0, metaState=0, flags=0x0, edgeFlags=0x0, pointerCount=1, historySize=0, eventTime=172637, downTime=172637, deviceId=0, source=0x1002 }
08-02 15:09:32.762  3535  3535 I Input   : injectMotionEvent: MotionEvent { action=ACTION_MOVE, actionButton=0, id[0]=0, x[0]=1144.0, y[0]=112.0, toolType[0]=TOOL_TYPE_UNKNOWN, buttonState=0, metaState=0, flags=0x0, edgeFlags=0x0, pointerCount=1, historySize=0, eventTime=172655, downTime=172655, deviceId=0, source=0x1002 }
08-02 15:09:32.778  3535  3535 I Input   : injectMotionEvent: MotionEvent { action=ACTION_MOVE, actionButton=0, id[0]=0, x[0]=1144.0, y[0]=112.0, toolType[0]=TOOL_TYPE_UNKNOWN, buttonState=0, metaState=0, flags=0x0, edgeFlags=0x0, pointerCount=1, historySize=0, eventTime=172671, downTime=172671, deviceId=0, source=0x1002 }
08-02 15:09:32.791  3535  3535 I Input   : injectMotionEvent: MotionEvent { action=ACTION_MOVE, actionButton=0, id[0]=0, x[0]=1144.0, y[0]=112.0, toolType[0]=TOOL_TYPE_UNKNOWN, buttonState=0, metaState=0, flags=0x0, edgeFlags=0x0, pointerCount=1, historySize=0, eventTime=172684, downTime=172684, deviceId=0, source=0x1002 }
08-02 15:09:32.808  3535  3535 I Input   : injectMotionEvent: MotionEvent { action=ACTION_MOVE, actionButton=0, id[0]=0, x[0]=1144.0, y[0]=112.0, toolType[0]=TOOL_TYPE_UNKNOWN, buttonState=0, metaState=0, flags=0x0, edgeFlags=0x0, pointerCount=1, historySize=0, eventTime=172701, downTime=172701, deviceId=0, source=0x1002 }
08-02 15:09:32.825  3535  3535 I Input   : injectMotionEvent: MotionEvent { action=ACTION_MOVE, actionButton=0, id[0]=0, x[0]=1144.0, y[0]=112.0, toolType[0]=TOOL_TYPE_UNKNOWN, buttonState=0, metaState=0, flags=0x0, edgeFlags=0x0, pointerCount=1, historySize=0, eventTime=172718, downTime=172718, deviceId=0, source=0x1002 }
08-02 15:09:32.844  3535  3535 I Input   : injectMotionEvent: MotionEvent { action=ACTION_MOVE, actionButton=0, id[0]=0, x[0]=1144.0, y[0]=112.0, toolType[0]=TOOL_TYPE_UNKNOWN, buttonState=0, metaState=0, flags=0x0, edgeFlags=0x0, pointerCount=1, historySize=0, eventTime=172737, downTime=172737, deviceId=0, source=0x1002 }
08-02 15:09:32.857  3535  3535 I Input   : injectMotionEvent: MotionEvent { action=ACTION_MOVE, actionButton=0, id[0]=0, x[0]=1144.0, y[0]=112.0, toolType[0]=TOOL_TYPE_UNKNOWN, buttonState=0, metaState=0, flags=0x0, edgeFlags=0x0, pointerCount=1, historySize=0, eventTime=172750, downTime=172750, deviceId=0, source=0x1002 }
08-02 15:09:32.874  3535  3535 I Input   : injectMotionEvent: MotionEvent { action=ACTION_MOVE, actionButton=0, id[0]=0, x[0]=1144.0, y[0]=112.0, toolType[0]=TOOL_TYPE_UNKNOWN, buttonState=0, metaState=0, flags=0x0, edgeFlags=0x0, pointerCount=1, historySize=0, eventTime=172767, downTime=172767, deviceId=0, source=0x1002 }
08-02 15:09:32.891  3535  3535 I Input   : injectMotionEvent: MotionEvent { action=ACTION_UP, actionButton=0, id[0]=0, x[0]=1144.0, y[0]=112.0, toolType[0]=TOOL_TYPE_UNKNOWN, buttonState=0, metaState=0, flags=0x0, edgeFlags=0x0, pointerCount=1, historySize=0, eventTime=172784, downTime=172784, deviceId=0, source=0x1002 }
08-02 15:09:32.899  3535  3535 D AndroidRuntime: Shutting down VM
08-02 15:09:33.065  1954  1971 W EGL_emulation: eglSurfaceAttrib not implemented
08-02 15:09:33.065  1954  1971 W OpenGLRenderer: Failed to set EGL_SWAP_BEHAVIOR on surface 0xdfb83480, error=EGL_SUCCESS
08-02 15:09:37.322  3871  3871 D AndroidRuntime: >>>>>> START com.android.internal.os.RuntimeInit uid 0 <<<<<<
08-02 15:09:37.323  3871  3871 D AndroidRuntime: CheckJNI is OFF
08-02 15:09:37.332  3871  3871 D ICU     : No timezone override file found: /data/misc/zoneinfo/current/icu/icu_tzdata.dat
08-02 15:09:37.345  3871  3871 E memtrack: Couldn't load memtrack module (No such file or directory)
08-02 15:09:37.345  3871  3871 E android.os.Debug: failed to load memtrack module: -2
08-02 15:09:37.346  3871  3871 I Radio-JNI: register_android_hardware_Radio DONE
08-02 15:09:37.352  3871  3871 D AndroidRuntime: Calling main entry com.android.commands.uiautomator.Launcher
08-02 15:09:38.367  3871  3871 W AccessibilityNodeInfoDumper: Fetch time: 2ms
08-02 15:09:38.368   603  1109 W WindowManager: Attempted to remove non-existing token: android.os.Binder@3cfccc1
08-02 15:09:38.377  3871  3871 D AndroidRuntime: Shutting down VM
08-02 15:09:39.420  3894  3894 D AndroidRuntime: >>>>>> START com.android.internal.os.RuntimeInit uid 0 <<<<<<
08-02 15:09:39.422  3894  3894 D AndroidRuntime: CheckJNI is OFF
08-02 15:09:39.430  3894  3894 D ICU     : No timezone override file found: /data/misc/zoneinfo/current/icu/icu_tzdata.dat
08-02 15:09:39.443  3894  3894 E memtrack: Couldn't load memtrack module (No such file or directory)
08-02 15:09:39.443  3894  3894 E android.os.Debug: failed to load memtrack module: -2
08-02 15:09:39.443  3894  3894 I Radio-JNI: register_android_hardware_Radio DONE
08-02 15:09:39.450  3894  3894 D AndroidRuntime: Calling main entry com.android.commands.uiautomator.Launcher
08-02 15:09:40.475  3894  3894 W AccessibilityNodeInfoDumper: Fetch time: 1ms
08-02 15:09:40.476   603   615 W WindowManager: Attempted to remove non-existing token: android.os.Binder@e232c66
08-02 15:09:40.488  3894  3894 D AndroidRuntime: Shutting down VM
08-02 15:09:40.968  3912  3912 D AndroidRuntime: >>>>>> START com.android.internal.os.RuntimeInit uid 0 <<<<<<
08-02 15:09:40.970  3912  3912 D AndroidRuntime: CheckJNI is OFF
08-02 15:09:40.979  3912  3912 D ICU     : No timezone override file found: /data/misc/zoneinfo/current/icu/icu_tzdata.dat
08-02 15:09:40.990  3912  3912 E memtrack: Couldn't load memtrack module (No such file or directory)
08-02 15:09:40.990  3912  3912 E android.os.Debug: failed to load memtrack module: -2
08-02 15:09:40.991  3912  3912 I Radio-JNI: register_android_hardware_Radio DONE
08-02 15:09:40.998  3912  3912 D AndroidRuntime: Calling main entry com.android.commands.uiautomator.Launcher
08-02 15:09:42.009  3912  3912 W AccessibilityNodeInfoDumper: Fetch time: 2ms
08-02 15:09:42.009   603  1173 W WindowManager: Attempted to remove non-existing token: android.os.Binder@9652ba7
08-02 15:09:42.015  3912  3912 D AndroidRuntime: Shutting down VM
08-02 15:09:43.076  3935  3935 D AndroidRuntime: >>>>>> START com.android.internal.os.RuntimeInit uid 0 <<<<<<
08-02 15:09:43.078  3935  3935 D AndroidRuntime: CheckJNI is OFF
08-02 15:09:43.090  3935  3935 D ICU     : No timezone override file found: /data/misc/zoneinfo/current/icu/icu_tzdata.dat
08-02 15:09:43.111  3935  3935 E memtrack: Couldn't load memtrack module (No such file or directory)
08-02 15:09:43.111  3935  3935 E android.os.Debug: failed to load memtrack module: -2
08-02 15:09:43.112  3935  3935 I Radio-JNI: register_android_hardware_Radio DONE
08-02 15:09:43.118  3935  3935 D AndroidRuntime: Calling main entry com.android.commands.uiautomator.Launcher
08-02 15:09:44.135  3935  3935 W AccessibilityNodeInfoDumper: Fetch time: 1ms
08-02 15:09:44.135   603  1173 W WindowManager: Attempted to remove non-existing token: android.os.Binder@d8aa854
08-02 15:09:44.152  3935  3935 D AndroidRuntime: Shutting down VM
08-02 15:09:45.241  3963  3963 D AndroidRuntime: >>>>>> START com.android.internal.os.RuntimeInit uid 0 <<<<<<
08-02 15:09:45.243  3963  3963 D AndroidRuntime: CheckJNI is OFF
08-02 15:09:45.252  3963  3963 D ICU     : No timezone override file found: /data/misc/zoneinfo/current/icu/icu_tzdata.dat
08-02 15:09:45.263  3963  3963 E memtrack: Couldn't load memtrack module (No such file or directory)
08-02 15:09:45.263  3963  3963 E android.os.Debug: failed to load memtrack module: -2
08-02 15:09:45.264  3963  3963 I Radio-JNI: register_android_hardware_Radio DONE
08-02 15:09:45.269  3963  3963 D AndroidRuntime: Calling main entry com.android.commands.uiautomator.Launcher
08-02 15:09:46.290  3963  3963 W AccessibilityNodeInfoDumper: Fetch time: 1ms
08-02 15:09:46.290   603  1109 W WindowManager: Attempted to remove non-existing token: android.os.Binder@84b73fd
08-02 15:09:46.302  3963  3963 D AndroidRuntime: Shutting down VM
08-02 15:09:47.361  3989  3989 D AndroidRuntime: >>>>>> START com.android.internal.os.RuntimeInit uid 0 <<<<<<
08-02 15:09:47.362  3989  3989 D AndroidRuntime: CheckJNI is OFF
08-02 15:09:47.371  3989  3989 D ICU     : No timezone override file found: /data/misc/zoneinfo/current/icu/icu_tzdata.dat
08-02 15:09:47.382  3989  3989 E memtrack: Couldn't load memtrack module (No such file or directory)
08-02 15:09:47.382  3989  3989 E android.os.Debug: failed to load memtrack module: -2
08-02 15:09:47.382  3989  3989 I Radio-JNI: register_android_hardware_Radio DONE
08-02 15:09:47.389  3989  3989 D AndroidRuntime: Calling main entry com.android.commands.uiautomator.Launcher
08-02 15:09:48.410  3989  3989 W AccessibilityNodeInfoDumper: Fetch time: 1ms
08-02 15:09:48.411   603  1143 W WindowManager: Attempted to remove non-existing token: android.os.Binder@eaedb43
08-02 15:09:48.421  3989  3989 D AndroidRuntime: Shutting down VM
08-02 15:09:48.888  4008  4008 D AndroidRuntime: >>>>>> START com.android.internal.os.RuntimeInit uid 0 <<<<<<
08-02 15:09:48.890  4008  4008 D AndroidRuntime: CheckJNI is OFF
08-02 15:09:48.901  4008  4008 D ICU     : No timezone override file found: /data/misc/zoneinfo/current/icu/icu_tzdata.dat
08-02 15:09:48.912  4008  4008 E memtrack: Couldn't load memtrack module (No such file or directory)
08-02 15:09:48.912  4008  4008 E android.os.Debug: failed to load memtrack module: -2
08-02 15:09:48.913  4008  4008 I Radio-JNI: register_android_hardware_Radio DONE
08-02 15:09:48.923  4008  4008 D AndroidRuntime: Calling main entry com.android.commands.uiautomator.Launcher
08-02 15:09:49.935  4008  4008 W AccessibilityNodeInfoDumper: Fetch time: 1ms
08-02 15:09:49.935   603  1109 W WindowManager: Attempted to remove non-existing token: android.os.Binder@13f5c0
08-02 15:09:49.946  4008  4008 D AndroidRuntime: Shutting down VM
08-02 15:09:50.364  4021  4021 D AndroidRuntime: >>>>>> START com.android.internal.os.RuntimeInit uid 0 <<<<<<
08-02 15:09:50.366  4021  4021 D AndroidRuntime: CheckJNI is OFF
08-02 15:09:50.376  4021  4021 D ICU     : No timezone override file found: /data/misc/zoneinfo/current/icu/icu_tzdata.dat
08-02 15:09:50.386  4021  4021 E memtrack: Couldn't load memtrack module (No such file or directory)
08-02 15:09:50.386  4021  4021 E android.os.Debug: failed to load memtrack module: -2
08-02 15:09:50.387  4021  4021 I Radio-JNI: register_android_hardware_Radio DONE
08-02 15:09:50.393  4021  4021 D AndroidRuntime: Calling main entry com.android.commands.am.Am
08-02 15:09:50.394   603   614 I ActivityManager: Force stopping org.afhdownloader appid=10060 user=0: from pid 4021
08-02 15:09:50.394   603   614 I ActivityManager: Killing 1954:org.afhdownloader/u0a60 (adj 0): stop org.afhdownloader
08-02 15:09:50.394   603   614 W libprocessgroup: failed to open /acct/uid_10060/pid_1954/cgroup.procs: No such file or directory
08-02 15:09:50.395   603   614 W ActivityManager: Scheduling restart of crashed service org.afhdownloader/.Download in 1000ms
08-02 15:09:50.395   603   614 W ActivityManager: Force removing ActivityRecord{e08816e u0 org.afhdownloader/.MainActivity t4}: app died, no saved state
08-02 15:09:50.402   603   653 W InputDispatcher: channel '8caa659 org.afhdownloader/org.afhdownloader.MainActivity (server)' ~ Consumer closed input channel or an error occurred.  events=0x9
08-02 15:09:50.402   603   653 E InputDispatcher: channel '8caa659 org.afhdownloader/org.afhdownloader.MainActivity (server)' ~ Channel is unrecoverably broken and will be disposed!
08-02 15:09:50.414   603   614 W InputDispatcher: Attempted to unregister already unregistered input channel '8caa659 org.afhdownloader/org.afhdownloader.MainActivity (server)'
08-02 15:09:50.414   603   973 D GraphicsStats: Buffer count: 2
08-02 15:09:50.449   603   840 W WindowManager: Failed looking up window
08-02 15:09:50.449   603   840 W WindowManager: java.lang.IllegalArgumentException: Requested window android.os.BinderProxy@f6ffaa0 does not exist
08-02 15:09:50.449   603   840 W WindowManager: 	at com.android.server.wm.WindowManagerService.windowForClientLocked(WindowManagerService.java:8733)
08-02 15:09:50.449   603   840 W WindowManager: 	at com.android.server.wm.WindowManagerService.windowForClientLocked(WindowManagerService.java:8724)
08-02 15:09:50.449   603   840 W WindowManager: 	at com.android.server.wm.WindowState$DeathRecipient.binderDied(WindowState.java:1209)
08-02 15:09:50.449   603   840 W WindowManager: 	at android.os.BinderProxy.sendDeathNotice(Binder.java:630)
08-02 15:09:50.449   603   840 I WindowState: WIN DEATH: null
08-02 15:09:50.478  4021  4021 D AndroidRuntime: Shutting down VM
08-02 15:09:50.529  1554  1620 W EGL_emulation: eglSurfaceAttrib not implemented
08-02 15:09:50.529  1554  1620 W OpenGLRenderer: Failed to set EGL_SWAP_BEHAVIOR on surface 0xe07e9020, error=EGL_SUCCESS
08-02 15:09:50.548   603   754 W InputMethodManagerService: Got RemoteException sending setActive(false) notification to pid 1954 uid 10060
08-02 15:09:51.138  1554  1620 V RenderScript: 0xe01be000 Launching thread(s), CPUs 4
08-02 15:09:51.154  1554  1620 W OpenGLRenderer: Incorrectly called buildLayer on View: ShortcutAndWidgetContainer, destroying layer...
08-02 15:09:51.154  1554  1620 W OpenGLRenderer: Incorrectly called buildLayer on View: ShortcutAndWidgetContainer, destroying layer...
08-02 15:09:53.412  4044  4044 D AndroidRuntime: >>>>>> START com.android.internal.os.RuntimeInit uid 0 <<<<<<
08-02 15:09:53.414  4044  4044 D AndroidRuntime: CheckJNI is OFF
08-02 15:09:53.424  4044  4044 D ICU     : No timezone override file found: /data/misc/zoneinfo/current/icu/icu_tzdata.dat
08-02 15:09:53.434  4044  4044 E memtrack: Couldn't load memtrack module (No such file or directory)
08-02 15:09:53.434  4044  4044 E android.os.Debug: failed to load memtrack module: -2
08-02 15:09:53.436  4044  4044 I Radio-JNI: register_android_hardware_Radio DONE
08-02 15:09:53.441  4044  4044 D AndroidRuntime: Calling main entry com.android.commands.pm.Pm
08-02 15:09:53.446   603   617 I ActivityManager: Force stopping org.afhdownloader appid=10060 user=-1: uninstall pkg
