08-02 15:08:29.743  2276  2276 D ICU     : No timezone override file found: /data/misc/zoneinfo/current/icu/icu_tzdata.dat
08-02 15:08:29.755  2276  2276 E memtrack: Couldn't load memtrack module (No such file or directory)
08-02 15:08:29.755  2276  2276 E android.os.Debug: failed to load memtrack module: -2
08-02 15:08:29.756  2276  2276 I Radio-JNI: register_android_hardware_Radio DONE
08-02 15:08:29.762  2276  2276 D AndroidRuntime: Calling main entry com.android.commands.uiautomator.Launcher
08-02 15:08:30.777  2276  2276 I AccessibilityNodeInfoDumper: Skipping invisible child: android.view.accessibility.AccessibilityNodeInfo@80007fcd; boundsInParent: Rect(0, 0 - 1136, 0); boundsInScreen: Rect(32, 208 - 1168, 208); packageName: org.afhdownloader; className: android.widget.ListView; text: null; error: null; maxTextLength: -1; contentDescription: null; viewIdResName: org.afhdownloader:id/listView; checkable: false; checked: false; focusable: false; focused: false; selected: false; clickable: true; longClickable: false; contextClickable: false; enabled: true; password: false; scrollable: false; actions: [AccessibilityAction: ACTION_SELECT - null, AccessibilityAction: ACTION_CLEAR_SELECTION - null, AccessibilityAction: ACTION_CLICK - null, AccessibilityAction: ACTION_ACCESSIBILITY_FOCUS - null, AccessibilityAction: ACTION_UNKNOWN - null]
08-02 15:08:30.777  2276  2276 W AccessibilityNodeInfoDumper: Fetch time: 6ms
08-02 15:08:30.779   603   615 W WindowManager: Attempted to remove non-existing token: android.os.Binder@764f230
08-02 15:08:30.781  2276  2276 D AndroidRuntime: Shutting down VM
08-02 15:08:31.251  2294  2294 D AndroidRuntime: >>>>>> START com.android.internal.os.RuntimeInit uid 0 <<<<<<
08-02 15:08:31.252  2294  2294 D AndroidRuntime: CheckJNI is OFF
08-02 15:08:31.260  2294  2294 D ICU     : No timezone override file found: /data/misc/zoneinfo/current/icu/icu_tzdata.dat
08-02 15:08:31.275  2294  2294 E memtrack: Couldn't load memtrack module (No such file or directory)
08-02 15:08:31.275  2294  2294 E android.os.Debug: failed to load memtrack module: -2
08-02 15:08:31.276  2294  2294 I Radio-JNI: register_android_hardware_Radio DONE
08-02 15:08:31.282  2294  2294 D AndroidRuntime: Calling main entry com.android.commands.uiautomator.Launcher
08-02 15:08:32.306  2294  2294 I AccessibilityNodeInfoDumper: Skipping invisible child: android.view.accessibility.AccessibilityNodeInfo@80007fd3; boundsInParent: Rect(0, 0 - 1136, 0); boundsInScreen: Rect(32, 208 - 1168, 208); packageName: org.afhdownloader; className: android.widget.ListView; text: null; error: null; maxTextLength: -1; contentDescription: null; viewIdResName: org.afhdownloader:id/listView; checkable: false; checked: false; focusable: false; focused: false; selected: false; clickable: true; longClickable: false; contextClickable: false; enabled: true; password: false; scrollable: false; actions: [AccessibilityAction: ACTION_SELECT - null, AccessibilityAction: ACTION_CLEAR_SELECTION - null, AccessibilityAction: ACTION_CLICK - null, AccessibilityAction: ACTION_ACCESSIBILITY_FOCUS - null, AccessibilityAction: ACTION_UNKNOWN - null]
08-02 15:08:32.308  2294  2294 W AccessibilityNodeInfoDumper: Fetch time: 6ms
08-02 15:08:32.309   603   997 W WindowManager: Attempted to remove non-existing token: android.os.Binder@8e5eea9
08-02 15:08:32.312  2294  2294 D AndroidRuntime: Shutting down VM
08-02 15:08:32.725  2307  2307 D AndroidRuntime: >>>>>> START com.android.internal.os.RuntimeInit uid 0 <<<<<<
08-02 15:08:32.726  2307  2307 D AndroidRuntime: CheckJNI is OFF
08-02 15:08:32.735  2307  2307 D ICU     : No timezone override file found: /data/misc/zoneinfo/current/icu/icu_tzdata.dat
08-02 15:08:32.745  2307  2307 E memtrack: Couldn't load memtrack module (No such file or directory)
08-02 15:08:32.745  2307  2307 E android.os.Debug: failed to load memtrack module: -2
08-02 15:08:32.746  2307  2307 I Radio-JNI: register_android_hardware_Radio DONE
08-02 15:08:32.751  2307  2307 D AndroidRuntime: Calling main entry com.android.commands.input.Input
08-02 15:08:32.753  2307  2307 I Input   : injectMotionEvent: MotionEvent { action=ACTION_DOWN, actionButton=0, id[0]=0, x[0]=1144.0, y[0]=112.0, toolType[0]=TOOL_TYPE_UNKNOWN, buttonState=0, metaState=0, flags=0x0, edgeFlags=0x0, pointerCount=1, historySize=0, eventTime=112645, downTime=112645, deviceId=0, source=0x1002 }
08-02 15:08:32.755  2307  2307 I Input   : injectMotionEvent: MotionEvent { action=ACTION_UP, actionButton=0, id[0]=0, x[0]=1144.0, y[0]=112.0, toolType[0]=TOOL_TYPE_UNKNOWN, buttonState=0, metaState=0, flags=0x0, edgeFlags=0x0, pointerCount=1, historySize=0, eventTime=112645, downTime=112645, deviceId=0, source=0x1002 }
08-02 15:08:32.756  2307  2307 D AndroidRuntime: Shutting down VM
08-02 15:08:32.759  1954  1954 I ListPopupWindow: Could not find method setEpicenterBounds(Rect) on PopupWindow. Oh well.
08-02 15:08:32.762  1954  1954 W art     : Before Android 4.1, method int android.support.v7.widget.ListViewCompat.lookForSelectablePosition(int, boolean) would have incorrectly overridden the package-private method in android.widget.ListView
08-02 15:08:32.912  1954  1971 W EGL_emulation: eglSurfaceAttrib not implemented
08-02 15:08:32.912  1954  1971 W OpenGLRenderer: Failed to set EGL_SWAP_BEHAVIOR on surface 0xe0670b20, error=EGL_SUCCESS
08-02 15:08:37.250  2646  2646 D AndroidRuntime: >>>>>> START com.android.internal.os.RuntimeInit uid 0 <<<<<<
08-02 15:08:37.252  2646  2646 D AndroidRuntime: CheckJNI is OFF
08-02 15:08:37.260  2646  2646 D ICU     : No timezone override file found: /data/misc/zoneinfo/current/icu/icu_tzdata.dat
08-02 15:08:37.273  2646  2646 E memtrack: Couldn't load memtrack module (No such file or directory)
08-02 15:08:37.273  2646  2646 E android.os.Debug: failed to load memtrack module: -2
08-02 15:08:37.274  2646  2646 I Radio-JNI: register_android_hardware_Radio DONE
08-02 15:08:37.280  2646  2646 D AndroidRuntime: Calling main entry com.android.commands.uiautomator.Launcher
08-02 15:08:38.297  2646  2646 W AccessibilityNodeInfoDumper: Fetch time: 1ms
08-02 15:08:38.297   603  1143 W WindowManager: Attempted to remove non-existing token: android.os.Binder@2dcfd3a
08-02 15:08:38.306  2646  2646 D AndroidRuntime: Shutting down VM
08-02 15:08:39.366  2669  2669 D AndroidRuntime: >>>>>> START com.android.internal.os.RuntimeInit uid 0 <<<<<<
08-02 15:08:39.368  2669  2669 D AndroidRuntime: CheckJNI is OFF
08-02 15:08:39.377  2669  2669 D ICU     : No timezone override file found: /data/misc/zoneinfo/current/icu/icu_tzdata.dat
08-02 15:08:39.393  2669  2669 E memtrack: Couldn't load memtrack module (No such file or directory)
08-02 15:08:39.393  2669  2669 E android.os.Debug: failed to load memtrack module: -2
08-02 15:08:39.396  2669  2669 I Radio-JNI: register_android_hardware_Radio DONE
08-02 15:08:39.401  2669  2669 D AndroidRuntime: Calling main entry com.android.commands.uiautomator.Launcher
08-02 15:08:40.465  2669  2669 W AccessibilityNodeInfoDumper: Fetch time: 1ms
08-02 15:08:40.466   603   840 W WindowManager: Attempted to remove non-existing token: android.os.Binder@21badeb
08-02 15:08:40.472  2669  2669 D AndroidRuntime: Shutting down VM
08-02 15:08:40.911  2687  2687 D AndroidRuntime: >>>>>> START com.android.internal.os.RuntimeInit uid 0 <<<<<<
08-02 15:08:40.912  2687  2687 D AndroidRuntime: CheckJNI is OFF
08-02 15:08:40.923  2687  2687 D ICU     : No timezone override file found: /data/misc/zoneinfo/current/icu/icu_tzdata.dat
08-02 15:08:40.934  2687  2687 E memtrack: Couldn't load memtrack module (No such file or directory)
08-02 15:08:40.935  2687  2687 E android.os.Debug: failed to load memtrack module: -2
08-02 15:08:40.935  2687  2687 I Radio-JNI: register_android_hardware_Radio DONE
08-02 15:08:40.941  2687  2687 D AndroidRuntime: Calling main entry com.android.commands.uiautomator.Launcher
08-02 15:08:41.966  2687  2687 W AccessibilityNodeInfoDumper: Fetch time: 1ms
08-02 15:08:41.967   603  1143 W WindowManager: Attempted to remove non-existing token: android.os.Binder@c8bc9e1
08-02 15:08:41.973  2687  2687 D AndroidRuntime: Shutting down VM
08-02 15:08:43.027  2710  2710 D AndroidRuntime: >>>>>> START com.android.internal.os.RuntimeInit uid 0 <<<<<<
08-02 15:08:43.028  2710  2710 D AndroidRuntime: CheckJNI is OFF
08-02 15:08:43.039  2710  2710 D ICU     : No timezone override file found: /data/misc/zoneinfo/current/icu/icu_tzdata.dat
08-02 15:08:43.051  2710  2710 E memtrack: Couldn't load memtrack module (No such file or directory)
08-02 15:08:43.051  2710  2710 E android.os.Debug: failed to load memtrack module: -2
08-02 15:08:43.052  2710  2710 I Radio-JNI: register_android_hardware_Radio DONE
08-02 15:08:43.058  2710  2710 D AndroidRuntime: Calling main entry com.android.commands.uiautomator.Launcher
08-02 15:08:44.088  2710  2710 W AccessibilityNodeInfoDumper: Fetch time: 2ms
08-02 15:08:44.089   603  1173 W WindowManager: Attempted to remove non-existing token: android.os.Binder@40db306
08-02 15:08:44.105  2710  2710 D AndroidRuntime: Shutting down VM
08-02 15:08:45.223  2738  2738 D AndroidRuntime: >>>>>> START com.android.internal.os.RuntimeInit uid 0 <<<<<<
08-02 15:08:45.225  2738  2738 D AndroidRuntime: CheckJNI is OFF
08-02 15:08:45.233  2738  2738 D ICU     : No timezone override file found: /data/misc/zoneinfo/current/icu/icu_tzdata.dat
08-02 15:08:45.245  2738  2738 E memtrack: Couldn't load memtrack module (No such file or directory)
08-02 15:08:45.245  2738  2738 E android.os.Debug: failed to load memtrack module: -2
08-02 15:08:45.246  2738  2738 I Radio-JNI: register_android_hardware_Radio DONE
08-02 15:08:45.251  2738  2738 D AndroidRuntime: Calling main entry com.android.commands.uiautomator.Launcher
08-02 15:08:46.269  2738  2738 W AccessibilityNodeInfoDumper: Fetch time: 1ms
08-02 15:08:46.270   603  1173 W WindowManager: Attempted to remove non-existing token: android.os.Binder@3053dc7
08-02 15:08:46.285  2738  2738 D AndroidRuntime: Shutting down VM
08-02 15:08:47.359  2764  2764 D AndroidRuntime: >>>>>> START com.android.internal.os.RuntimeInit uid 0 <<<<<<
08-02 15:08:47.360  2764  2764 D AndroidRuntime: CheckJNI is OFF
08-02 15:08:47.369  2764  2764 D ICU     : No timezone override file found: /data/misc/zoneinfo/current/icu/icu_tzdata.dat
08-02 15:08:47.380  2764  2764 E memtrack: Couldn't load memtrack module (No such file or directory)
08-02 15:08:47.380  2764  2764 E android.os.Debug: failed to load memtrack module: -2
08-02 15:08:47.380  2764  2764 I Radio-JNI: register_android_hardware_Radio DONE
08-02 15:08:47.389  2764  2764 D AndroidRuntime: Calling main entry com.android.commands.uiautomator.Launcher
08-02 15:08:48.399  2764  2764 W AccessibilityNodeInfoDumper: Fetch time: 0ms
08-02 15:08:48.400   603   840 W WindowManager: Attempted to remove non-existing token: android.os.Binder@f81ff4
08-02 15:08:48.406  2764  2764 D AndroidRuntime: Shutting down VM
08-02 15:08:48.847  2783  2783 D AndroidRuntime: >>>>>> START com.android.internal.os.RuntimeInit uid 0 <<<<<<
08-02 15:08:48.849  2783  2783 D AndroidRuntime: CheckJNI is OFF
08-02 15:08:48.856  2783  2783 D ICU     : No timezone override file found: /data/misc/zoneinfo/current/icu/icu_tzdata.dat
08-02 15:08:48.868  2783  2783 E memtrack: Couldn't load memtrack module (No such file or directory)
08-02 15:08:48.868  2783  2783 E android.os.Debug: failed to load memtrack module: -2
08-02 15:08:48.869  2783  2783 I Radio-JNI: register_android_hardware_Radio DONE
08-02 15:08:48.874  2783  2783 D AndroidRuntime: Calling main entry com.android.commands.uiautomator.Launcher
08-02 15:08:49.884  2783  2783 W AccessibilityNodeInfoDumper: Fetch time: 1ms
08-02 15:08:49.884   603  1143 W WindowManager: Attempted to remove non-existing token: android.os.Binder@e1a231d
08-02 15:08:49.891  2783  2783 D AndroidRuntime: Shutting down VM
08-02 15:08:50.949  2806  2806 D AndroidRuntime: >>>>>> START com.android.internal.os.RuntimeInit uid 0 <<<<<<
08-02 15:08:50.951  2806  2806 D AndroidRuntime: CheckJNI is OFF
08-02 15:08:50.960  2806  2806 D ICU     : No timezone override file found: /data/misc/zoneinfo/current/icu/icu_tzdata.dat
08-02 15:08:50.972  2806  2806 E memtrack: Couldn't load memtrack module (No such file or directory)
08-02 15:08:50.972  2806  2806 E android.os.Debug: failed to load memtrack module: -2
08-02 15:08:50.973  2806  2806 I Radio-JNI: register_android_hardware_Radio DONE
08-02 15:08:50.980  2806  2806 D AndroidRuntime: Calling main entry com.android.commands.uiautomator.Launcher
08-02 15:08:51.999  2806  2806 W AccessibilityNodeInfoDumper: Fetch time: 1ms
08-02 15:08:51.999   603   973 W WindowManager: Attempted to remove non-existing token: android.os.Binder@d41f992
08-02 15:08:52.006  2806  2806 D AndroidRuntime: Shutting down VM
08-02 15:08:52.494  2824  2824 D AndroidRuntime: >>>>>> START com.android.internal.os.RuntimeInit uid 0 <<<<<<
08-02 15:08:52.496  2824  2824 D AndroidRuntime: CheckJNI is OFF
08-02 15:08:52.515  2824  2824 D ICU     : No timezone override file found: /data/misc/zoneinfo/current/icu/icu_tzdata.dat
08-02 15:08:52.528  2824  2824 E memtrack: Couldn't load memtrack module (No such file or directory)
08-02 15:08:52.528  2824  2824 E android.os.Debug: failed to load memtrack module: -2
08-02 15:08:52.529  2824  2824 I Radio-JNI: register_android_hardware_Radio DONE
08-02 15:08:52.534  2824  2824 D AndroidRuntime: Calling main entry com.android.commands.uiautomator.Launcher
08-02 15:08:53.622  2824  2824 W AccessibilityNodeInfoDumper: Fetch time: 1ms
08-02 15:08:53.622   603  1143 W WindowManager: Attempted to remove non-existing token: android.os.Binder@6714760
08-02 15:08:53.632  2824  2824 D AndroidRuntime: Shutting down VM
08-02 15:08:54.685  2847  2847 D AndroidRuntime: >>>>>> START com.android.internal.os.RuntimeInit uid 0 <<<<<<
08-02 15:08:54.687  2847  2847 D AndroidRuntime: CheckJNI is OFF
08-02 15:08:54.696  2847  2847 D ICU     : No timezone override file found: /data/misc/zoneinfo/current/icu/icu_tzdata.dat
08-02 15:08:54.709  2847  2847 E memtrack: Couldn't load memtrack module (No such file or directory)
08-02 15:08:54.709  2847  2847 E android.os.Debug: failed to load memtrack module: -2
08-02 15:08:54.710  2847  2847 I Radio-JNI: register_android_hardware_Radio DONE
08-02 15:08:54.716  2847  2847 D AndroidRuntime: Calling main entry com.android.commands.uiautomator.Launcher
08-02 15:08:55.729  2847  2847 W AccessibilityNodeInfoDumper: Fetch time: 1ms
08-02 15:08:55.730   603  1173 W WindowManager: Attempted to remove non-existing token: android.os.Binder@63ad419
08-02 15:08:55.738  2847  2847 D AndroidRuntime: Shutting down VM
08-02 15:08:56.196  2865  2865 D AndroidRuntime: >>>>>> START com.android.internal.os.RuntimeInit uid 0 <<<<<<
08-02 15:08:56.197  2865  2865 D AndroidRuntime: CheckJNI is OFF
08-02 15:08:56.206  2865  2865 D ICU     : No timezone override file found: /data/misc/zoneinfo/current/icu/icu_tzdata.dat
08-02 15:08:56.216  2865  2865 E memtrack: Couldn't load memtrack module (No such file or directory)
08-02 15:08:56.217  2865  2865 E android.os.Debug: failed to load memtrack module: -2
08-02 15:08:56.217  2865  2865 I Radio-JNI: register_android_hardware_Radio DONE
08-02 15:08:56.222  2865  2865 D AndroidRuntime: Calling main entry com.android.commands.uiautomator.Launcher
08-02 15:08:57.236  2865  2865 W AccessibilityNodeInfoDumper: Fetch time: 1ms
08-02 15:08:57.237   603   840 W WindowManager: Attempted to remove non-existing token: android.os.Binder@8021cde
08-02 15:08:57.246  2865  2865 D AndroidRuntime: Shutting down VM
08-02 15:08:58.302  2890  2890 D AndroidRuntime: >>>>>> START com.android.internal.os.RuntimeInit uid 0 <<<<<<
08-02 15:08:58.304  2890  2890 D AndroidRuntime: CheckJNI is OFF
08-02 15:08:58.312  2890  2890 D ICU     : No timezone override file found: /data/misc/zoneinfo/current/icu/icu_tzdata.dat
08-02 15:08:58.323  2890  2890 E memtrack: Couldn't load memtrack module (No such file or directory)
08-02 15:08:58.323  2890  2890 E android.os.Debug: failed to load memtrack module: -2
08-02 15:08:58.324  2890  2890 I Radio-JNI: register_android_hardware_Radio DONE
08-02 15:08:58.333  2890  2890 D AndroidRuntime: Calling main entry com.android.commands.uiautomator.Launcher
08-02 15:08:59.342  2890  2890 W AccessibilityNodeInfoDumper: Fetch time: 1ms
08-02 15:08:59.343   603  1173 W WindowManager: Attempted to remove non-existing token: android.os.Binder@f661ebf
08-02 15:08:59.354  2890  2890 D AndroidRuntime: Shutting down VM
08-02 15:08:59.810  2908  2908 D AndroidRuntime: >>>>>> START com.android.internal.os.RuntimeInit uid 0 <<<<<<
08-02 15:08:59.811  2908  2908 D AndroidRuntime: CheckJNI is OFF
08-02 15:08:59.820  2908  2908 D ICU     : No timezone override file found: /data/misc/zoneinfo/current/icu/icu_tzdata.dat
08-02 15:08:59.832  2908  2908 E memtrack: Couldn't load memtrack module (No such file or directory)
08-02 15:08:59.832  2908  2908 E android.os.Debug: failed to load memtrack module: -2
08-02 15:08:59.833  2908  2908 I Radio-JNI: register_android_hardware_Radio DONE
08-02 15:08:59.840  2908  2908 D AndroidRuntime: Calling main entry com.android.commands.uiautomator.Launcher
08-02 15:09:00.858  2908  2908 W AccessibilityNodeInfoDumper: Fetch time: 1ms
08-02 15:09:00.859   603   997 W WindowManager: Attempted to remove non-existing token: android.os.Binder@293798c
08-02 15:09:00.867  2908  2908 D AndroidRuntime: Shutting down VM
08-02 15:09:01.302  2921  2921 D AndroidRuntime: >>>>>> START com.android.internal.os.RuntimeInit uid 0 <<<<<<
08-02 15:09:01.306  2921  2921 D AndroidRuntime: CheckJNI is OFF
08-02 15:09:01.315  2921  2921 D ICU     : No timezone override file found: /data/misc/zoneinfo/current/icu/icu_tzdata.dat
08-02 15:09:01.327  2921  2921 E memtrack: Couldn't load memtrack module (No such file or directory)
08-02 15:09:01.327  2921  2921 E android.os.Debug: failed to load memtrack module: -2
08-02 15:09:01.328  2921  2921 I Radio-JNI: register_android_hardware_Radio DONE
08-02 15:09:01.335  2921  2921 D AndroidRuntime: Calling main entry com.android.commands.input.Input
08-02 15:09:01.336  2921  2921 I Input   : injectMotionEvent: MotionEvent { action=ACTION_DOWN, actionButton=0, id[0]=0, x[0]=980.0, y[0]=208.0, toolType[0]=TOOL_TYPE_UNKNOWN, buttonState=0, metaState=0, flags=0x0, edgeFlags=0x0, pointerCount=1, historySize=0, eventTime=141228, downTime=141228, deviceId=0, source=0x1002 }
08-02 15:09:01.348  2921  2921 I Input   : injectMotionEvent: MotionEvent { action=ACTION_UP, actionButton=0, id[0]=0, x[0]=980.0, y[0]=208.0, toolType[0]=TOOL_TYPE_UNKNOWN, buttonState=0, metaState=0, flags=0x0, edgeFlags=0x0, pointerCount=1, historySize=0, eventTime=141228, downTime=141228, deviceId=0, source=0x1002 }
08-02 15:09:01.350  2921  2921 D AndroidRuntime: Shutting down VM
08-02 15:09:01.414  1954  1954 D leak-23-34: Eastern Standard Time
08-02 15:09:01.414  1954  1954 D leak-24-34: 24
08-02 15:09:01.414  1954  1954 D leak-25-34: Eastern Standard Time
08-02 15:09:01.414  1954  1954 D leak-26-34: 26
08-02 15:09:01.414  1954  1954 D leak-27-34: 27
08-02 15:09:01.414  1954  1954 D leak-28-34: Eastern Standard Time
08-02 15:09:01.414  1954  1954 D leak-29-34: Eastern Standard Time
08-02 15:09:01.414  1954  1954 D leak-30-34: Eastern Standard Time
08-02 15:09:01.414  1954  1954 D leak-31-34: Eastern Standard Time
08-02 15:09:01.414  1954  1954 D leak-32-34: Eastern Standard Time
08-02 15:09:01.414  1954  1954 D leak-34-34: 34
08-02 15:09:01.414  1954  1954 D leak-35-34: 35
08-02 15:09:01.414  1954  1954 D leak-36-34: 36
08-02 15:09:01.414  1954  1954 D leak-37-34: 37
08-02 15:09:01.414  1954  1954 D leak-38-34: 38
08-02 15:09:01.414  1954  1954 D leak-39-34: 39
08-02 15:09:01.414  1954  1954 D leak-40-34: 40
08-02 15:09:01.414  1954  1954 D leak-41-34: Eastern Standard Time
08-02 15:09:01.414  1954  1954 D leak-43-34: 43
08-02 15:09:01.414  1954  1954 D leak-45-34: 45
08-02 15:09:01.414  1954  1954 D leak-48-34: 48
08-02 15:09:01.414  1954  1954 D leak-50-34: 50
08-02 15:09:01.414  1954  1954 D leak-51-34: 51
08-02 15:09:01.414  1954  1954 D leak-53-34: 53
08-02 15:09:01.414  1954  1954 D leak-55-34: 55
08-02 15:09:01.414  1954  1954 D leak-57-34: 57
08-02 15:09:01.414  1954  1954 D leak-58-34: Eastern Standard Time
08-02 15:09:01.414  1954  1954 D leak-59-34: 59
08-02 15:09:01.414  1954  1954 D leak-23-31: Eastern Standard Time
08-02 15:09:01.414  1954  1954 D leak-24-31: 24
08-02 15:09:01.414  1954  1954 D leak-25-31: Eastern Standard Time
08-02 15:09:01.414  1954  1954 D leak-26-31: 26
08-02 15:09:01.414  1954  1954 D leak-27-31: 27
08-02 15:09:01.414  1954  1954 D leak-28-31: Eastern Standard Time
08-02 15:09:01.414  1954  1954 D leak-29-31: Eastern Standard Time
08-02 15:09:01.414  1954  1954 D leak-30-31: Eastern Standard Time
08-02 15:09:01.414  1954  1954 D leak-31-31: Eastern Standard Time
08-02 15:09:01.414  1954  1954 D leak-32-31: Eastern Standard Time
08-02 15:09:01.414  1954  1954 D leak-34-31: 34
08-02 15:09:01.414  1954  1954 D leak-35-31: 35
08-02 15:09:01.414  1954  1954 D leak-36-31: 36
08-02 15:09:01.414  1954  1954 D leak-37-31: 37
08-02 15:09:01.414  1954  1954 D leak-38-31: 38
08-02 15:09:01.414  1954  1954 D leak-39-31: 39
08-02 15:09:01.414  1954  1954 D leak-40-31: 40
08-02 15:09:01.414  1954  1954 D leak-41-31: Eastern Standard Time
08-02 15:09:01.414  1954  1954 D leak-43-31: 43
08-02 15:09:01.414  1954  1954 D leak-45-31: 45
08-02 15:09:01.414  1954  1954 D leak-48-31: 48
08-02 15:09:01.414  1954  1954 D leak-50-31: 50
08-02 15:09:01.414  1954  1954 D leak-51-31: 51
08-02 15:09:01.414  1954  1954 D leak-53-31: 53
08-02 15:09:01.414  1954  1954 D leak-55-31: 55
08-02 15:09:01.414  1954  1954 D leak-57-31: 57
08-02 15:09:01.414  1954  1954 D leak-58-31: Eastern Standard Time
08-02 15:09:01.414  1954  1954 D leak-59-31: 59
08-02 15:09:01.414  1954  1954 D leak-23-32: Eastern Standard Time
08-02 15:09:01.414  1954  1954 D leak-24-32: 24
08-02 15:09:01.414  1954  1954 D leak-25-32: Eastern Standard Time
08-02 15:09:01.414  1954  1954 D leak-26-32: 26
08-02 15:09:01.414  1954  1954 D leak-27-32: 27
08-02 15:09:01.414  1954  1954 D leak-28-32: Eastern Standard Time
08-02 15:09:01.414  1954  1954 D leak-29-32: Eastern Standard Time
08-02 15:09:01.414  1954  1954 D leak-30-32: Eastern Standard Time
08-02 15:09:01.414  1954  1954 D leak-31-32: Eastern Standard Time
08-02 15:09:01.414  1954  1954 D leak-32-32: Eastern Standard Time
08-02 15:09:01.414  1954  1954 D leak-34-32: 34
08-02 15:09:01.414  1954  1954 D leak-35-32: 35
08-02 15:09:01.414  1954  1954 D leak-36-32: 36
08-02 15:09:01.414  1954  1954 D leak-37-32: 37
08-02 15:09:01.414  1954  1954 D leak-38-32: 38
08-02 15:09:01.414  1954  1954 D leak-39-32: 39
08-02 15:09:01.414  1954  1954 D leak-40-32: 40
08-02 15:09:01.414  1954  1954 D leak-41-32: Eastern Standard Time
08-02 15:09:01.414  1954  1954 D leak-43-32: 43
08-02 15:09:01.414  1954  1954 D leak-45-32: 45
08-02 15:09:01.414  1954  1954 D leak-48-32: 48
08-02 15:09:01.414  1954  1954 D leak-50-32: 50
08-02 15:09:01.414  1954  1954 D leak-51-32: 51
08-02 15:09:01.414  1954  1954 D leak-53-32: 53
08-02 15:09:01.414  1954  1954 D leak-55-32: 55
08-02 15:09:01.414  1954  1954 D leak-57-32: 57
08-02 15:09:01.415  1954  1954 D leak-58-32: Eastern Standard Time
08-02 15:09:01.415  1954  1954 D leak-59-32: 59
08-02 15:09:01.437  1954  1954 D leak-3-3: Eastern Standard Time
08-02 15:09:01.437  1954  1954 D leak-4-3: 4
08-02 15:09:01.437  1954  1954 D leak-5-3: Eastern Standard Time
08-02 15:09:01.437  1954  1954 D leak-6-3: 6
08-02 15:09:01.437  1954  1954 D leak-7-3: 7
08-02 15:09:01.437  1954  1954 D leak-8-3: 8
08-02 15:09:01.438  1954  1954 D leak-9-3: 9
08-02 15:09:01.438  1954  1954 D leak-10-3: 10
08-02 15:09:01.442  1954  2930 D leak-3-7: Eastern Standard Time
08-02 15:09:01.442  1954  2930 D leak-4-7: 4
08-02 15:09:01.442  1954  2930 D leak-5-7: Eastern Standard Time
08-02 15:09:01.442  1954  2930 D leak-6-7: 6
08-02 15:09:01.442  1954  2930 D leak-7-7: 7
08-02 15:09:01.442  1954  2930 D leak-8-7: 8
08-02 15:09:01.442  1954  2930 D leak-9-7: 9
08-02 15:09:01.442  1954  2930 D leak-10-7: 10
08-02 15:09:01.442  1954  2930 D afhdownloader_Download: Fetch: https://androidfilehost.com/?w=files&flid=39788
08-02 15:09:01.668  1954  1954 D leak-23-41: Eastern Standard Time
08-02 15:09:01.668  1954  1954 D leak-24-41: 24
08-02 15:09:01.668  1954  1954 D leak-25-41: Eastern Standard Time
08-02 15:09:01.668  1954  1954 D leak-26-41: 26
08-02 15:09:01.668  1954  1954 D leak-27-41: 27
08-02 15:09:01.668  1954  1954 D leak-28-41: Eastern Standard Time
08-02 15:09:01.668  1954  1954 D leak-29-41: Eastern Standard Time
08-02 15:09:01.668  1954  1954 D leak-30-41: Eastern Standard Time
08-02 15:09:01.668  1954  1954 D leak-31-41: Eastern Standard Time
08-02 15:09:01.668  1954  1954 D leak-32-41: Eastern Standard Time
08-02 15:09:01.668  1954  1954 D leak-34-41: 34
08-02 15:09:01.668  1954  1954 D leak-35-41: 35
08-02 15:09:01.668  1954  1954 D leak-36-41: 36
08-02 15:09:01.668  1954  1954 D leak-37-41: 37
08-02 15:09:01.668  1954  1954 D leak-38-41: 38
08-02 15:09:01.668  1954  1954 D leak-39-41: 39
08-02 15:09:01.668  1954  1954 D leak-40-41: 40
08-02 15:09:01.668  1954  1954 D leak-41-41: Eastern Standard Time
08-02 15:09:01.668  1954  1954 D leak-43-41: 43
08-02 15:09:01.668  1954  1954 D leak-45-41: 45
08-02 15:09:01.668  1954  1954 D leak-48-41: 48
08-02 15:09:01.668  1954  1954 D leak-50-41: 50
08-02 15:09:01.668  1954  1954 D leak-51-41: 51
08-02 15:09:01.668  1954  1954 D leak-53-41: 53
08-02 15:09:01.668  1954  1954 D leak-55-41: 55
08-02 15:09:01.668  1954  1954 D leak-57-41: 57
08-02 15:09:01.668  1954  1954 D leak-58-41: Eastern Standard Time
08-02 15:09:01.668  1954  1954 D leak-59-41: 59
08-02 15:09:01.670  1954  1954 W afhdownloader_MainActivity: Download
08-02 15:09:01.677  1954  1954 D leak-106-67: 106
08-02 15:09:01.677  1954  1954 D leak-107-67: 107
08-02 15:09:01.677  1954  1954 D leak-85-60: 85
08-02 15:09:01.677  1954  1954 D leak-87-60: 87
08-02 15:09:01.677  1954  1954 D leak-88-60: Eastern Standard Time
08-02 15:09:01.677  1954  1954 D leak-89-60: 89
08-02 15:09:01.677  1954  1954 D leak-90-60: 90
08-02 15:09:01.677  1954  1954 D leak-92-60: 92
08-02 15:09:01.677  1954  1954 D leak-94-60: 94
08-02 15:09:01.677  1954  1954 D leak-95-60: 95
08-02 15:09:01.677  1954  1954 D leak-97-60: 97
08-02 15:09:01.677  1954  1954 D leak-99-60: 99
08-02 15:09:01.677  1954  1954 D leak-101-60: 101
08-02 15:09:01.677  1954  1954 D leak-103-60: 103
08-02 15:09:01.677  1954  1954 D leak-105-60: 105
08-02 15:09:01.906  1954  1971 E Surface : getSlotFromBufferLocked: unknown buffer: 0xf3d18970
08-02 15:09:01.914  1954  1971 D OpenGLRenderer: endAllStagingAnimators on 0xdfd13c00 (MenuPopupWindow$MenuDropDownListView) with handle 0xf0433e30
08-02 15:09:05.748  3259  3259 D AndroidRuntime: >>>>>> START com.android.internal.os.RuntimeInit uid 0 <<<<<<
08-02 15:09:05.749  3259  3259 D AndroidRuntime: CheckJNI is OFF
08-02 15:09:05.757  3259  3259 D ICU     : No timezone override file found: /data/misc/zoneinfo/current/icu/icu_tzdata.dat
08-02 15:09:05.767  3259  3259 E memtrack: Couldn't load memtrack module (No such file or directory)
08-02 15:09:05.767  3259  3259 E android.os.Debug: failed to load memtrack module: -2
08-02 15:09:05.768  3259  3259 I Radio-JNI: register_android_hardware_Radio DONE
08-02 15:09:05.773  3259  3259 D AndroidRuntime: Calling main entry com.android.commands.uiautomator.Launcher
08-02 15:09:06.250   603   603 W art     : Long monitor contention event with owner method=void com.android.server.accessibility.AccessibilityManagerService.registerUiTestAutomationService(android.os.IBinder, android.accessibilityservice.IAccessibilityServiceClient, android.accessibilityservice.AccessibilityServiceInfo) from AccessibilityManagerService.java:632 waiters=0 for 466ms
08-02 15:09:06.587   603  1389 D NetlinkSocketObserver: NeighborEvent{elapsedMs=146480, 10.0.3.2, [525400123502], RTM_NEWNEIGH, NUD_REACHABLE}
08-02 15:09:07.268  3259  3259 I AccessibilityNodeInfoDumper: Skipping invisible child: android.view.accessibility.AccessibilityNodeInfo@80008033; boundsInParent: Rect(0, 0 - 1136, 0); boundsInScreen: Rect(32, 208 - 1168, 208); packageName: org.afhdownloader; className: android.widget.ListView; text: null; error: null; maxTextLength: -1; contentDescription: null; viewIdResName: org.afhdownloader:id/listView; checkable: false; checked: false; focusable: false; focused: false; selected: false; clickable: true; longClickable: false; contextClickable: false; enabled: true; password: false; scrollable: false; actions: [AccessibilityAction: ACTION_SELECT - null, AccessibilityAction: ACTION_CLEAR_SELECTION - null, AccessibilityAction: ACTION_CLICK - null, AccessibilityAction: ACTION_ACCESSIBILITY_FOCUS - null, AccessibilityAction: ACTION_UNKNOWN - null]
08-02 15:09:07.269  3259  3259 W AccessibilityNodeInfoDumper: Fetch time: 7ms
08-02 15:09:07.269   603   997 W WindowManager: Attempted to remove non-existing token: android.os.Binder@61b98d5
08-02 15:09:07.277  3259  3259 D AndroidRuntime: Shutting down VM
08-02 15:09:08.848  3283  3283 D AndroidRuntime: >>>>>> START com.android.internal.os.RuntimeInit uid 0 <<<<<<
08-02 15:09:08.849  3283  3283 D AndroidRuntime: CheckJNI is OFF
08-02 15:09:08.858  3283  3283 D ICU     : No timezone override file found: /data/misc/zoneinfo/current/icu/icu_tzdata.dat
08-02 15:09:08.870  3283  3283 E memtrack: Couldn't load memtrack module (No such file or directory)
08-02 15:09:08.870  3283  3283 E android.os.Debug: failed to load memtrack module: -2
08-02 15:09:08.872  3283  3283 I Radio-JNI: register_android_hardware_Radio DONE
08-02 15:09:08.879  3283  3283 D AndroidRuntime: Calling main entry com.android.commands.uiautomator.Launcher
08-02 15:09:09.898  3283  3283 I AccessibilityNodeInfoDumper: Skipping invisible child: android.view.accessibility.AccessibilityNodeInfo@8000803a; boundsInParent: Rect(0, 0 - 1136, 0); boundsInScreen: Rect(32, 208 - 1168, 208); packageName: org.afhdownloader; className: android.widget.ListView; text: null; error: null; maxTextLength: -1; contentDescription: null; viewIdResName: org.afhdownloader:id/listView; checkable: false; checked: false; focusable: false; focused: false; selected: false; clickable: true; longClickable: false; contextClickable: false; enabled: true; password: false; scrollable: false; actions: [AccessibilityAction: ACTION_SELECT - null, AccessibilityAction: ACTION_CLEAR_SELECTION - null, AccessibilityAction: ACTION_CLICK - null, AccessibilityAction: ACTION_ACCESSIBILITY_FOCUS - null, AccessibilityAction: ACTION_UNKNOWN - null]
08-02 15:09:09.900  3283  3283 W AccessibilityNodeInfoDumper: Fetch time: 7ms
08-02 15:09:09.900   603   754 W WindowManager: Attempted to remove non-existing token: android.os.Binder@fe7e7db
08-02 15:09:09.903  3283  3283 D AndroidRuntime: Shutting down VM
08-02 15:09:10.370  3301  3301 D AndroidRuntime: >>>>>> START com.android.internal.os.RuntimeInit uid 0 <<<<<<
08-02 15:09:10.372  3301  3301 D AndroidRuntime: CheckJNI is OFF
08-02 15:09:10.381  3301  3301 D ICU     : No timezone override file found: /data/misc/zoneinfo/current/icu/icu_tzdata.dat
08-02 15:09:10.392  3301  3301 E memtrack: Couldn't load memtrack module (No such file or directory)
08-02 15:09:10.392  3301  3301 E android.os.Debug: failed to load memtrack module: -2
08-02 15:09:10.393  3301  3301 I Radio-JNI: register_android_hardware_Radio DONE
08-02 15:09:10.401  3301  3301 D AndroidRuntime: Calling main entry com.android.commands.uiautomator.Launcher
08-02 15:09:11.419  3301  3301 I AccessibilityNodeInfoDumper: Skipping invisible child: android.view.accessibility.AccessibilityNodeInfo@80008040; boundsInParent: Rect(0, 0 - 1136, 0); boundsInScreen: Rect(32, 208 - 1168, 208); packageName: org.afhdownloader; className: android.widget.ListView; text: null; error: null; maxTextLength: -1; contentDescription: null; viewIdResName: org.afhdownloader:id/listView; checkable: false; checked: false; focusable: false; focused: false; selected: false; clickable: true; longClickable: false; contextClickable: false; enabled: true; password: false; scrollable: false; actions: [AccessibilityAction: ACTION_SELECT - null, AccessibilityAction: ACTION_CLEAR_SELECTION - null, AccessibilityAction: ACTION_CLICK - null, AccessibilityAction: ACTION_ACCESSIBILITY_FOCUS - null, AccessibilityAction: ACTION_UNKNOWN - null]
08-02 15:09:11.419  3301  3301 W AccessibilityNodeInfoDumper: Fetch time: 7ms
08-02 15:09:11.420   603   615 W WindowManager: Attempted to remove non-existing token: android.os.Binder@cc4a278
08-02 15:09:11.429  3301  3301 D AndroidRuntime: Shutting down VM
08-02 15:09:12.108   603  1389 D NetlinkSocketObserver: NeighborEvent{elapsedMs=152001, 10.0.3.2, [525400123502], RTM_NEWNEIGH, NUD_STALE}
08-02 15:09:12.494  3324  3324 D AndroidRuntime: >>>>>> START com.android.internal.os.RuntimeInit uid 0 <<<<<<
08-02 15:09:12.496  3324  3324 D AndroidRuntime: CheckJNI is OFF
08-02 15:09:12.504  3324  3324 D ICU     : No timezone override file found: /data/misc/zoneinfo/current/icu/icu_tzdata.dat
08-02 15:09:12.517  3324  3324 E memtrack: Couldn't load memtrack module (No such file or directory)
08-02 15:09:12.517  3324  3324 E android.os.Debug: failed to load memtrack module: -2
08-02 15:09:12.518  3324  3324 I Radio-JNI: register_android_hardware_Radio DONE
08-02 15:09:12.523  3324  3324 D AndroidRuntime: Calling main entry com.android.commands.uiautomator.Launcher
08-02 15:09:13.538  3324  3324 I AccessibilityNodeInfoDumper: Skipping invisible child: android.view.accessibility.AccessibilityNodeInfo@80008046; boundsInParent: Rect(0, 0 - 1136, 0); boundsInScreen: Rect(32, 208 - 1168, 208); packageName: org.afhdownloader; className: android.widget.ListView; text: null; error: null; maxTextLength: -1; contentDescription: null; viewIdResName: org.afhdownloader:id/listView; checkable: false; checked: false; focusable: false; focused: false; selected: false; clickable: true; longClickable: false; contextClickable: false; enabled: true; password: false; scrollable: false; actions: [AccessibilityAction: ACTION_SELECT - null, AccessibilityAction: ACTION_CLEAR_SELECTION - null, AccessibilityAction: ACTION_CLICK - null, AccessibilityAction: ACTION_ACCESSIBILITY_FOCUS - null, AccessibilityAction: ACTION_UNKNOWN - null]
08-02 15:09:13.539  3324  3324 W AccessibilityNodeInfoDumper: Fetch time: 6ms
08-02 15:09:13.539   603  1109 W WindowManager: Attempted to remove non-existing token: android.os.Binder@a09ed51
08-02 15:09:13.542  3324  3324 D AndroidRuntime: Shutting down VM
08-02 15:09:14.650  3352  3352 D AndroidRuntime: >>>>>> START com.android.internal.os.RuntimeInit uid 0 <<<<<<
08-02 15:09:14.651  3352  3352 D AndroidRuntime: CheckJNI is OFF
08-02 15:09:14.659  3352  3352 D ICU     : No timezone override file found: /data/misc/zoneinfo/current/icu/icu_tzdata.dat
08-02 15:09:14.670  3352  3352 E memtrack: Couldn't load memtrack module (No such file or directory)
08-02 15:09:14.670  3352  3352 E android.os.Debug: failed to load memtrack module: -2
08-02 15:09:14.671  3352  3352 I Radio-JNI: register_android_hardware_Radio DONE
08-02 15:09:14.678  3352  3352 D AndroidRuntime: Calling main entry com.android.commands.uiautomator.Launcher
08-02 15:09:15.708  3352  3352 I AccessibilityNodeInfoDumper: Skipping invisible child: android.view.accessibility.AccessibilityNodeInfo@8000804c; boundsInParent: Rect(0, 0 - 1136, 0); boundsInScreen: Rect(32, 208 - 1168, 208); packageName: org.afhdownloader; className: android.widget.ListView; text: null; error: null; maxTextLength: -1; contentDescription: null; viewIdResName: org.afhdownloader:id/listView; checkable: false; checked: false; focusable: false; focused: false; selected: false; clickable: true; longClickable: false; contextClickable: false; enabled: true; password: false; scrollable: false; actions: [AccessibilityAction: ACTION_SELECT - null, AccessibilityAction: ACTION_CLEAR_SELECTION - null, AccessibilityAction: ACTION_CLICK - null, AccessibilityAction: ACTION_ACCESSIBILITY_FOCUS - null, AccessibilityAction: ACTION_UNKNOWN - null]
08-02 15:09:15.708  3352  3352 W AccessibilityNodeInfoDumper: Fetch time: 5ms
08-02 15:09:15.713   603   614 W WindowManager: Attempted to remove non-existing token: android.os.Binder@a2ee9b6
08-02 15:09:15.727  3352  3352 D AndroidRuntime: Shutting down VM
08-02 15:09:16.792  3378  3378 D AndroidRuntime: >>>>>> START com.android.internal.os.RuntimeInit uid 0 <<<<<<
08-02 15:09:16.793  3378  3378 D AndroidRuntime: CheckJNI is OFF
08-02 15:09:16.801  3378  3378 D ICU     : No timezone override file found: /data/misc/zoneinfo/current/icu/icu_tzdata.dat
08-02 15:09:16.814  3378  3378 E memtrack: Couldn't load memtrack module (No such file or directory)
08-02 15:09:16.814  3378  3378 E android.os.Debug: failed to load memtrack module: -2
08-02 15:09:16.815  3378  3378 I Radio-JNI: register_android_hardware_Radio DONE
08-02 15:09:16.820  3378  3378 D AndroidRuntime: Calling main entry com.android.commands.uiautomator.Launcher
08-02 15:09:17.862  3378  3378 I AccessibilityNodeInfoDumper: Skipping invisible child: android.view.accessibility.AccessibilityNodeInfo@80008053; boundsInParent: Rect(0, 0 - 1136, 0); boundsInScreen: Rect(32, 208 - 1168, 208); packageName: org.afhdownloader; className: android.widget.ListView; text: null; error: null; maxTextLength: -1; contentDescription: null; viewIdResName: org.afhdownloader:id/listView; checkable: false; checked: false; focusable: false; focused: false; selected: false; clickable: true; longClickable: false; contextClickable: false; enabled: true; password: false; scrollable: false; actions: [AccessibilityAction: ACTION_SELECT - null, AccessibilityAction: ACTION_CLEAR_SELECTION - null, AccessibilityAction: ACTION_CLICK - null, AccessibilityAction: ACTION_ACCESSIBILITY_FOCUS - null, AccessibilityAction: ACTION_UNKNOWN - null]
08-02 15:09:17.863  3378  3378 W AccessibilityNodeInfoDumper: Fetch time: 6ms
08-02 15:09:17.864   603   614 W WindowManager: Attempted to remove non-existing token: android.os.Binder@9f326b7
08-02 15:09:17.875  3378  3378 D AndroidRuntime: Shutting down VM
08-02 15:09:18.324  3396  3396 D AndroidRuntime: >>>>>> START com.android.internal.os.RuntimeInit uid 0 <<<<<<
08-02 15:09:18.325  3396  3396 D AndroidRuntime: CheckJNI is OFF
08-02 15:09:18.334  3396  3396 D ICU     : No timezone override file found: /data/misc/zoneinfo/current/icu/icu_tzdata.dat
08-02 15:09:18.347  3396  3396 E memtrack: Couldn't load memtrack module (No such file or directory)
08-02 15:09:18.347  3396  3396 E android.os.Debug: failed to load memtrack module: -2
08-02 15:09:18.348  3396  3396 I Radio-JNI: register_android_hardware_Radio DONE
08-02 15:09:18.354  3396  3396 D AndroidRuntime: Calling main entry com.android.commands.uiautomator.Launcher
08-02 15:09:19.369  3396  3396 I AccessibilityNodeInfoDumper: Skipping invisible child: android.view.accessibility.AccessibilityNodeInfo@80008058; boundsInParent: Rect(0, 0 - 1136, 0); boundsInScreen: Rect(32, 208 - 1168, 208); packageName: org.afhdownloader; className: android.widget.ListView; text: null; error: null; maxTextLength: -1; contentDescription: null; viewIdResName: org.afhdownloader:id/listView; checkable: false; checked: false; focusable: false; focused: false; selected: false; clickable: true; longClickable: false; contextClickable: false; enabled: true; password: false; scrollable: false; actions: [AccessibilityAction: ACTION_SELECT - null, AccessibilityAction: ACTION_CLEAR_SELECTION - null, AccessibilityAction: ACTION_CLICK - null, AccessibilityAction: ACTION_ACCESSIBILITY_FOCUS - null, AccessibilityAction: ACTION_UNKNOWN - null]
08-02 15:09:19.370  3396  3396 W AccessibilityNodeInfoDumper: Fetch time: 5ms
08-02 15:09:19.371   603   997 W WindowManager: Attempted to remove non-existing token: android.os.Binder@baf0d8d
08-02 15:09:19.373  3396  3396 D AndroidRuntime: Shutting down VM
08-02 15:09:20.449  3419  3419 D AndroidRuntime: >>>>>> START com.android.internal.os.RuntimeInit uid 0 <<<<<<
08-02 15:09:20.452  3419  3419 D AndroidRuntime: CheckJNI is OFF
08-02 15:09:20.460  3419  3419 D ICU     : No timezone override file found: /data/misc/zoneinfo/current/icu/icu_tzdata.dat
08-02 15:09:20.474  3419  3419 E memtrack: Couldn't load memtrack module (No such file or directory)
08-02 15:09:20.475  3419  3419 E android.os.Debug: failed to load memtrack module: -2
08-02 15:09:20.476  3419  3419 I Radio-JNI: register_android_hardware_Radio DONE
08-02 15:09:20.482  3419  3419 D AndroidRuntime: Calling main entry com.android.commands.uiautomator.Launcher
08-02 15:09:21.505  3419  3419 I AccessibilityNodeInfoDumper: Skipping invisible child: android.view.accessibility.AccessibilityNodeInfo@8000805f; boundsInParent: Rect(0, 0 - 1136, 0); boundsInScreen: Rect(32, 208 - 1168, 208); packageName: org.afhdownloader; className: android.widget.ListView; text: null; error: null; maxTextLength: -1; contentDescription: null; viewIdResName: org.afhdownloader:id/listView; checkable: false; checked: false; focusable: false; focused: false; selected: false; clickable: true; longClickable: false; contextClickable: false; enabled: true; password: false; scrollable: false; actions: [AccessibilityAction: ACTION_SELECT - null, AccessibilityAction: ACTION_CLEAR_SELECTION - null, AccessibilityAction: ACTION_CLICK - null, AccessibilityAction: ACTION_ACCESSIBILITY_FOCUS - null, AccessibilityAction: ACTION_UNKNOWN - null]
08-02 15:09:21.506  3419  3419 W AccessibilityNodeInfoDumper: Fetch time: 5ms
08-02 15:09:21.506   603   615 W WindowManager: Attempted to remove non-existing token: android.os.Binder@7b7eb42
08-02 15:09:21.512  3419  3419 D AndroidRuntime: Shutting down VM
08-02 15:09:21.961  3437  3437 D AndroidRuntime: >>>>>> START com.android.internal.os.RuntimeInit uid 0 <<<<<<
08-02 15:09:21.965  3437  3437 D AndroidRuntime: CheckJNI is OFF
08-02 15:09:21.978  3437  3437 D ICU     : No timezone override file found: /data/misc/zoneinfo/current/icu/icu_tzdata.dat
08-02 15:09:21.993  3437  3437 E memtrack: Couldn't load memtrack module (No such file or directory)
08-02 15:09:21.993  3437  3437 E android.os.Debug: failed to load memtrack module: -2
08-02 15:09:21.994  3437  3437 I Radio-JNI: register_android_hardware_Radio DONE
08-02 15:09:22.004  3437  3437 D AndroidRuntime: Calling main entry com.android.commands.uiautomator.Launcher
08-02 15:09:23.019  3437  3437 I AccessibilityNodeInfoDumper: Skipping invisible child: android.view.accessibility.AccessibilityNodeInfo@80008064; boundsInParent: Rect(0, 0 - 1136, 0); boundsInScreen: Rect(32, 208 - 1168, 208); packageName: org.afhdownloader; className: android.widget.ListView; text: null; error: null; maxTextLength: -1; contentDescription: null; viewIdResName: org.afhdownloader:id/listView; checkable: false; checked: false; focusable: false; focused: false; selected: false; clickable: true; longClickable: false; contextClickable: false; enabled: true; password: false; scrollable: false; actions: [AccessibilityAction: ACTION_SELECT - null, AccessibilityAction: ACTION_CLEAR_SELECTION - null, AccessibilityAction: ACTION_CLICK - null, AccessibilityAction: ACTION_ACCESSIBILITY_FOCUS - null, AccessibilityAction: ACTION_UNKNOWN - null]
08-02 15:09:23.019  3437  3437 W AccessibilityNodeInfoDumper: Fetch time: 5ms
08-02 15:09:23.019   603  1109 W WindowManager: Attempted to remove non-existing token: android.os.Binder@a097753
08-02 15:09:23.039  3437  3437 D AndroidRuntime: Shutting down VM
08-02 15:09:24.083  3460  3460 D AndroidRuntime: >>>>>> START com.android.internal.os.RuntimeInit uid 0 <<<<<<
08-02 15:09:24.085  3460  3460 D AndroidRuntime: CheckJNI is OFF
08-02 15:09:24.095  3460  3460 D ICU     : No timezone override file found: /data/misc/zoneinfo/current/icu/icu_tzdata.dat
08-02 15:09:24.106  3460  3460 E memtrack: Couldn't load memtrack module (No such file or directory)
08-02 15:09:24.106  3460  3460 E android.os.Debug: failed to load memtrack module: -2
08-02 15:09:24.108  3460  3460 I Radio-JNI: register_android_hardware_Radio DONE
08-02 15:09:24.114  3460  3460 D AndroidRuntime: Calling main entry com.android.commands.uiautomator.Launcher
08-02 15:09:25.128  3460  3460 I AccessibilityNodeInfoDumper: Skipping invisible child: android.view.accessibility.AccessibilityNodeInfo@8000806a; boundsInParent: Rect(0, 0 - 1136, 0); boundsInScreen: Rect(32, 208 - 1168, 208); packageName: org.afhdownloader; className: android.widget.ListView; text: null; error: null; maxTextLength: -1; contentDescription: null; viewIdResName: org.afhdownloader:id/listView; checkable: false; checked: false; focusable: false; focused: false; selected: false; clickable: true; longClickable: false; contextClickable: false; enabled: true; password: false; scrollable: false; actions: [AccessibilityAction: ACTION_SELECT - null, AccessibilityAction: ACTION_CLEAR_SELECTION - null, AccessibilityAction: ACTION_CLICK - null, AccessibilityAction: ACTION_ACCESSIBILITY_FOCUS - null, AccessibilityAction: ACTION_UNKNOWN - null]
08-02 15:09:25.129  3460  3460 W AccessibilityNodeInfoDumper: Fetch time: 6ms
08-02 15:09:25.130   603   997 W WindowManager: Attempted to remove non-existing token: android.os.Binder@5954890
08-02 15:09:25.138  3460  3460 D AndroidRuntime: Shutting down VM
08-02 15:09:25.627  3478  3478 D AndroidRuntime: >>>>>> START com.android.internal.os.RuntimeInit uid 0 <<<<<<
08-02 15:09:25.628  3478  3478 D AndroidRuntime: CheckJNI is OFF
08-02 15:09:25.641  3478  3478 D ICU     : No timezone override file found: /data/misc/zoneinfo/current/icu/icu_tzdata.dat
08-02 15:09:25.654  3478  3478 E memtrack: Couldn't load memtrack module (No such file or directory)
08-02 15:09:25.654  3478  3478 E android.os.Debug: failed to load memtrack module: -2
08-02 15:09:25.655  3478  3478 I Radio-JNI: register_android_hardware_Radio DONE
08-02 15:09:25.660  3478  3478 D AndroidRuntime: Calling main entry com.android.commands.uiautomator.Launcher
08-02 15:09:26.725  3478  3478 I AccessibilityNodeInfoDumper: Skipping invisible child: android.view.accessibility.AccessibilityNodeInfo@8000806f; boundsInParent: Rect(0, 0 - 1136, 0); boundsInScreen: Rect(32, 208 - 1168, 208); packageName: org.afhdownloader; className: android.widget.ListView; text: null; error: null; maxTextLength: -1; contentDescription: null; viewIdResName: org.afhdownloader:id/listView; checkable: false; checked: false; focusable: false; focused: false; selected: false; clickable: true; longClickable: false; contextClickable: false; enabled: true; password: false; scrollable: false; actions: [AccessibilityAction: ACTION_SELECT - null, AccessibilityAction: ACTION_CLEAR_SELECTION - null, AccessibilityAction: ACTION_CLICK - null, AccessibilityAction: ACTION_ACCESSIBILITY_FOCUS - null, AccessibilityAction: ACTION_UNKNOWN - null]
08-02 15:09:26.726  3478  3478 W AccessibilityNodeInfoDumper: Fetch time: 6ms
08-02 15:09:26.726   603   615 W WindowManager: Attempted to remove non-existing token: android.os.Binder@c0bf589
08-02 15:09:26.733  3478  3478 D AndroidRuntime: Shutting down VM
08-02 15:09:27.796  3503  3503 D AndroidRuntime: >>>>>> START com.android.internal.os.RuntimeInit uid 0 <<<<<<
08-02 15:09:27.798  3503  3503 D AndroidRuntime: CheckJNI is OFF
08-02 15:09:27.806  3503  3503 D ICU     : No timezone override file found: /data/misc/zoneinfo/current/icu/icu_tzdata.dat
08-02 15:09:27.817  3503  3503 E memtrack: Couldn't load memtrack module (No such file or directory)
08-02 15:09:27.817  3503  3503 E android.os.Debug: failed to load memtrack module: -2
08-02 15:09:27.818  3503  3503 I Radio-JNI: register_android_hardware_Radio DONE
08-02 15:09:27.823  3503  3503 D AndroidRuntime: Calling main entry com.android.commands.uiautomator.Launcher
08-02 15:09:28.844  3503  3503 I AccessibilityNodeInfoDumper: Skipping invisible child: android.view.accessibility.AccessibilityNodeInfo@80008075; boundsInParent: Rect(0, 0 - 1136, 0); boundsInScreen: Rect(32, 208 - 1168, 208); packageName: org.afhdownloader; className: android.widget.ListView; text: null; error: null; maxTextLength: -1; contentDescription: null; viewIdResName: org.afhdownloader:id/listView; checkable: false; checked: false; focusable: false; focused: false; selected: false; clickable: true; longClickable: false; contextClickable: false; enabled: true; password: false; scrollable: false; actions: [AccessibilityAction: ACTION_SELECT - null, AccessibilityAction: ACTION_CLEAR_SELECTION - null, AccessibilityAction: ACTION_CLICK - null, AccessibilityAction: ACTION_ACCESSIBILITY_FOCUS - null, AccessibilityAction: ACTION_UNKNOWN - null]
08-02 15:09:28.844  3503  3503 W AccessibilityNodeInfoDumper: Fetch time: 5ms
08-02 15:09:28.845   603  1109 W WindowManager: Attempted to remove non-existing token: android.os.Binder@6dd798e
08-02 15:09:28.862  3503  3503 D AndroidRuntime: Shutting down VM
08-02 15:09:29.370  3522  3522 D AndroidRuntime: >>>>>> START com.android.internal.os.RuntimeInit uid 0 <<<<<<
08-02 15:09:29.370  3522  3522 D AndroidRuntime: CheckJNI is OFF
08-02 15:09:29.380  3522  3522 D ICU     : No timezone override file found: /data/misc/zoneinfo/current/icu/icu_tzdata.dat
08-02 15:09:29.393  3522  3522 E memtrack: Couldn't load memtrack module (No such file or directory)
08-02 15:09:29.393  3522  3522 E android.os.Debug: failed to load memtrack module: -2
08-02 15:09:29.394  3522  3522 I Radio-JNI: register_android_hardware_Radio DONE
08-02 15:09:29.400  3522  3522 D AndroidRuntime: Calling main entry com.android.commands.uiautomator.Launcher
