08-02 15:11:24.868  5725  5725 I AccessibilityNodeInfoDumper: Skipping invisible child: android.view.accessibility.AccessibilityNodeInfo@800081a9; boundsInParent: Rect(0, 0 - 1136, 0); boundsInScreen: Rect(32, 208 - 1168, 208); packageName: org.afhdownloader; className: android.widget.ListView; text: null; error: null; maxTextLength: -1; contentDescription: null; viewIdResName: org.afhdownloader:id/listView; checkable: false; checked: false; focusable: false; focused: false; selected: false; clickable: true; longClickable: false; contextClickable: false; enabled: true; password: false; scrollable: false; actions: [AccessibilityAction: ACTION_SELECT - null, AccessibilityAction: ACTION_CLEAR_SELECTION - null, AccessibilityAction: ACTION_CLICK - null, AccessibilityAction: ACTION_ACCESSIBILITY_FOCUS - null, AccessibilityAction: ACTION_UNKNOWN - null]
08-02 15:11:24.868  5725  5725 W AccessibilityNodeInfoDumper: Fetch time: 9ms
08-02 15:11:24.870   603   754 W WindowManager: Attempted to remove non-existing token: android.os.Binder@207185d
08-02 15:11:24.885  5725  5725 D AndroidRuntime: Shutting down VM
08-02 15:11:25.314  5738  5738 D AndroidRuntime: >>>>>> START com.android.internal.os.RuntimeInit uid 0 <<<<<<
08-02 15:11:25.315  5738  5738 D AndroidRuntime: CheckJNI is OFF
08-02 15:11:25.325  5738  5738 D ICU     : No timezone override file found: /data/misc/zoneinfo/current/icu/icu_tzdata.dat
08-02 15:11:25.337  5738  5738 E memtrack: Couldn't load memtrack module (No such file or directory)
08-02 15:11:25.337  5738  5738 E android.os.Debug: failed to load memtrack module: -2
08-02 15:11:25.338  5738  5738 I Radio-JNI: register_android_hardware_Radio DONE
08-02 15:11:25.342   603  1389 D NetlinkSocketObserver: NeighborEvent{elapsedMs=285235, 10.0.3.2, [525400123502], RTM_NEWNEIGH, NUD_PROBE}
08-02 15:11:25.347   603  1389 D NetlinkSocketObserver: NeighborEvent{elapsedMs=285240, 10.0.3.2, [525400123502], RTM_NEWNEIGH, NUD_REACHABLE}
08-02 15:11:25.353  5738  5738 D AndroidRuntime: Calling main entry com.android.commands.input.Input
08-02 15:11:25.354  5738  5738 I Input   : injectMotionEvent: MotionEvent { action=ACTION_DOWN, actionButton=0, id[0]=0, x[0]=1144.0, y[0]=112.0, toolType[0]=TOOL_TYPE_UNKNOWN, buttonState=0, metaState=0, flags=0x0, edgeFlags=0x0, pointerCount=1, historySize=0, eventTime=285247, downTime=285247, deviceId=0, source=0x1002 }
08-02 15:11:25.355  5738  5738 I Input   : injectMotionEvent: MotionEvent { action=ACTION_MOVE, actionButton=0, id[0]=0, x[0]=1144.0, y[0]=112.0, toolType[0]=TOOL_TYPE_UNKNOWN, buttonState=0, metaState=0, flags=0x0, edgeFlags=0x0, pointerCount=1, historySize=0, eventTime=285247, downTime=285247, deviceId=0, source=0x1002 }
08-02 15:11:25.375  5738  5738 I Input   : injectMotionEvent: MotionEvent { action=ACTION_MOVE, actionButton=0, id[0]=0, x[0]=1144.0, y[0]=112.0, toolType[0]=TOOL_TYPE_UNKNOWN, buttonState=0, metaState=0, flags=0x0, edgeFlags=0x0, pointerCount=1, historySize=0, eventTime=285268, downTime=285268, deviceId=0, source=0x1002 }
08-02 15:11:25.391  5738  5738 I Input   : injectMotionEvent: MotionEvent { action=ACTION_MOVE, actionButton=0, id[0]=0, x[0]=1144.0, y[0]=112.0, toolType[0]=TOOL_TYPE_UNKNOWN, buttonState=0, metaState=0, flags=0x0, edgeFlags=0x0, pointerCount=1, historySize=0, eventTime=285284, downTime=285284, deviceId=0, source=0x1002 }
08-02 15:11:25.407  5738  5738 I Input   : injectMotionEvent: MotionEvent { action=ACTION_MOVE, actionButton=0, id[0]=0, x[0]=1144.0, y[0]=112.0, toolType[0]=TOOL_TYPE_UNKNOWN, buttonState=0, metaState=0, flags=0x0, edgeFlags=0x0, pointerCount=1, historySize=0, eventTime=285300, downTime=285300, deviceId=0, source=0x1002 }
08-02 15:11:25.424  5738  5738 I Input   : injectMotionEvent: MotionEvent { action=ACTION_MOVE, actionButton=0, id[0]=0, x[0]=1144.0, y[0]=112.0, toolType[0]=TOOL_TYPE_UNKNOWN, buttonState=0, metaState=0, flags=0x0, edgeFlags=0x0, pointerCount=1, historySize=0, eventTime=285317, downTime=285317, deviceId=0, source=0x1002 }
08-02 15:11:25.442  5738  5738 I Input   : injectMotionEvent: MotionEvent { action=ACTION_MOVE, actionButton=0, id[0]=0, x[0]=1144.0, y[0]=112.0, toolType[0]=TOOL_TYPE_UNKNOWN, buttonState=0, metaState=0, flags=0x0, edgeFlags=0x0, pointerCount=1, historySize=0, eventTime=285335, downTime=285335, deviceId=0, source=0x1002 }
08-02 15:11:25.457  5738  5738 I Input   : injectMotionEvent: MotionEvent { action=ACTION_MOVE, actionButton=0, id[0]=0, x[0]=1144.0, y[0]=112.0, toolType[0]=TOOL_TYPE_UNKNOWN, buttonState=0, metaState=0, flags=0x0, edgeFlags=0x0, pointerCount=1, historySize=0, eventTime=285350, downTime=285350, deviceId=0, source=0x1002 }
08-02 15:11:25.475  5738  5738 I Input   : injectMotionEvent: MotionEvent { action=ACTION_MOVE, actionButton=0, id[0]=0, x[0]=1144.0, y[0]=112.0, toolType[0]=TOOL_TYPE_UNKNOWN, buttonState=0, metaState=0, flags=0x0, edgeFlags=0x0, pointerCount=1, historySize=0, eventTime=285368, downTime=285368, deviceId=0, source=0x1002 }
08-02 15:11:25.491  5738  5738 I Input   : injectMotionEvent: MotionEvent { action=ACTION_MOVE, actionButton=0, id[0]=0, x[0]=1144.0, y[0]=112.0, toolType[0]=TOOL_TYPE_UNKNOWN, buttonState=0, metaState=0, flags=0x0, edgeFlags=0x0, pointerCount=1, historySize=0, eventTime=285384, downTime=285384, deviceId=0, source=0x1002 }
08-02 15:11:25.507  5738  5738 I Input   : injectMotionEvent: MotionEvent { action=ACTION_MOVE, actionButton=0, id[0]=0, x[0]=1144.0, y[0]=112.0, toolType[0]=TOOL_TYPE_UNKNOWN, buttonState=0, metaState=0, flags=0x0, edgeFlags=0x0, pointerCount=1, historySize=0, eventTime=285400, downTime=285400, deviceId=0, source=0x1002 }
08-02 15:11:25.524  5738  5738 I Input   : injectMotionEvent: MotionEvent { action=ACTION_MOVE, actionButton=0, id[0]=0, x[0]=1144.0, y[0]=112.0, toolType[0]=TOOL_TYPE_UNKNOWN, buttonState=0, metaState=0, flags=0x0, edgeFlags=0x0, pointerCount=1, historySize=0, eventTime=285417, downTime=285417, deviceId=0, source=0x1002 }
08-02 15:11:25.541  5738  5738 I Input   : injectMotionEvent: MotionEvent { action=ACTION_MOVE, actionButton=0, id[0]=0, x[0]=1144.0, y[0]=112.0, toolType[0]=TOOL_TYPE_UNKNOWN, buttonState=0, metaState=0, flags=0x0, edgeFlags=0x0, pointerCount=1, historySize=0, eventTime=285434, downTime=285434, deviceId=0, source=0x1002 }
08-02 15:11:25.561  5738  5738 I Input   : injectMotionEvent: MotionEvent { action=ACTION_MOVE, actionButton=0, id[0]=0, x[0]=1144.0, y[0]=112.0, toolType[0]=TOOL_TYPE_UNKNOWN, buttonState=0, metaState=0, flags=0x0, edgeFlags=0x0, pointerCount=1, historySize=0, eventTime=285454, downTime=285454, deviceId=0, source=0x1002 }
08-02 15:11:25.575  5738  5738 I Input   : injectMotionEvent: MotionEvent { action=ACTION_MOVE, actionButton=0, id[0]=0, x[0]=1144.0, y[0]=112.0, toolType[0]=TOOL_TYPE_UNKNOWN, buttonState=0, metaState=0, flags=0x0, edgeFlags=0x0, pointerCount=1, historySize=0, eventTime=285468, downTime=285468, deviceId=0, source=0x1002 }
08-02 15:11:25.592  5738  5738 I Input   : injectMotionEvent: MotionEvent { action=ACTION_MOVE, actionButton=0, id[0]=0, x[0]=1144.0, y[0]=112.0, toolType[0]=TOOL_TYPE_UNKNOWN, buttonState=0, metaState=0, flags=0x0, edgeFlags=0x0, pointerCount=1, historySize=0, eventTime=285485, downTime=285485, deviceId=0, source=0x1002 }
08-02 15:11:25.608  5738  5738 I Input   : injectMotionEvent: MotionEvent { action=ACTION_MOVE, actionButton=0, id[0]=0, x[0]=1144.0, y[0]=112.0, toolType[0]=TOOL_TYPE_UNKNOWN, buttonState=0, metaState=0, flags=0x0, edgeFlags=0x0, pointerCount=1, historySize=0, eventTime=285501, downTime=285501, deviceId=0, source=0x1002 }
08-02 15:11:25.625  5738  5738 I Input   : injectMotionEvent: MotionEvent { action=ACTION_MOVE, actionButton=0, id[0]=0, x[0]=1144.0, y[0]=112.0, toolType[0]=TOOL_TYPE_UNKNOWN, buttonState=0, metaState=0, flags=0x0, edgeFlags=0x0, pointerCount=1, historySize=0, eventTime=285518, downTime=285518, deviceId=0, source=0x1002 }
08-02 15:11:25.640  5738  5738 I Input   : injectMotionEvent: MotionEvent { action=ACTION_MOVE, actionButton=0, id[0]=0, x[0]=1144.0, y[0]=112.0, toolType[0]=TOOL_TYPE_UNKNOWN, buttonState=0, metaState=0, flags=0x0, edgeFlags=0x0, pointerCount=1, historySize=0, eventTime=285533, downTime=285533, deviceId=0, source=0x1002 }
08-02 15:11:25.657  5738  5738 I Input   : injectMotionEvent: MotionEvent { action=ACTION_MOVE, actionButton=0, id[0]=0, x[0]=1144.0, y[0]=112.0, toolType[0]=TOOL_TYPE_UNKNOWN, buttonState=0, metaState=0, flags=0x0, edgeFlags=0x0, pointerCount=1, historySize=0, eventTime=285550, downTime=285550, deviceId=0, source=0x1002 }
08-02 15:11:25.675  5738  5738 I Input   : injectMotionEvent: MotionEvent { action=ACTION_MOVE, actionButton=0, id[0]=0, x[0]=1144.0, y[0]=112.0, toolType[0]=TOOL_TYPE_UNKNOWN, buttonState=0, metaState=0, flags=0x0, edgeFlags=0x0, pointerCount=1, historySize=0, eventTime=285568, downTime=285568, deviceId=0, source=0x1002 }
08-02 15:11:25.692  5738  5738 I Input   : injectMotionEvent: MotionEvent { action=ACTION_MOVE, actionButton=0, id[0]=0, x[0]=1144.0, y[0]=112.0, toolType[0]=TOOL_TYPE_UNKNOWN, buttonState=0, metaState=0, flags=0x0, edgeFlags=0x0, pointerCount=1, historySize=0, eventTime=285585, downTime=285585, deviceId=0, source=0x1002 }
08-02 15:11:25.710  5738  5738 I Input   : injectMotionEvent: MotionEvent { action=ACTION_MOVE, actionButton=0, id[0]=0, x[0]=1144.0, y[0]=112.0, toolType[0]=TOOL_TYPE_UNKNOWN, buttonState=0, metaState=0, flags=0x0, edgeFlags=0x0, pointerCount=1, historySize=0, eventTime=285603, downTime=285603, deviceId=0, source=0x1002 }
08-02 15:11:25.733  5738  5738 I Input   : injectMotionEvent: MotionEvent { action=ACTION_MOVE, actionButton=0, id[0]=0, x[0]=1144.0, y[0]=112.0, toolType[0]=TOOL_TYPE_UNKNOWN, buttonState=0, metaState=0, flags=0x0, edgeFlags=0x0, pointerCount=1, historySize=0, eventTime=285626, downTime=285626, deviceId=0, source=0x1002 }
08-02 15:11:25.749  5738  5738 I Input   : injectMotionEvent: MotionEvent { action=ACTION_MOVE, actionButton=0, id[0]=0, x[0]=1144.0, y[0]=112.0, toolType[0]=TOOL_TYPE_UNKNOWN, buttonState=0, metaState=0, flags=0x0, edgeFlags=0x0, pointerCount=1, historySize=0, eventTime=285642, downTime=285642, deviceId=0, source=0x1002 }
08-02 15:11:25.775  5738  5738 I Input   : injectMotionEvent: MotionEvent { action=ACTION_MOVE, actionButton=0, id[0]=0, x[0]=1144.0, y[0]=112.0, toolType[0]=TOOL_TYPE_UNKNOWN, buttonState=0, metaState=0, flags=0x0, edgeFlags=0x0, pointerCount=1, historySize=0, eventTime=285667, downTime=285667, deviceId=0, source=0x1002 }
08-02 15:11:25.792  5738  5738 I Input   : injectMotionEvent: MotionEvent { action=ACTION_MOVE, actionButton=0, id[0]=0, x[0]=1144.0, y[0]=112.0, toolType[0]=TOOL_TYPE_UNKNOWN, buttonState=0, metaState=0, flags=0x0, edgeFlags=0x0, pointerCount=1, historySize=0, eventTime=285685, downTime=285685, deviceId=0, source=0x1002 }
08-02 15:11:25.809  5738  5738 I Input   : injectMotionEvent: MotionEvent { action=ACTION_MOVE, actionButton=0, id[0]=0, x[0]=1144.0, y[0]=112.0, toolType[0]=TOOL_TYPE_UNKNOWN, buttonState=0, metaState=0, flags=0x0, edgeFlags=0x0, pointerCount=1, historySize=0, eventTime=285702, downTime=285702, deviceId=0, source=0x1002 }
08-02 15:11:25.827  5738  5738 I Input   : injectMotionEvent: MotionEvent { action=ACTION_MOVE, actionButton=0, id[0]=0, x[0]=1144.0, y[0]=112.0, toolType[0]=TOOL_TYPE_UNKNOWN, buttonState=0, metaState=0, flags=0x0, edgeFlags=0x0, pointerCount=1, historySize=0, eventTime=285720, downTime=285720, deviceId=0, source=0x1002 }
08-02 15:11:25.854  5738  5738 I Input   : injectMotionEvent: MotionEvent { action=ACTION_MOVE, actionButton=0, id[0]=0, x[0]=1144.0, y[0]=112.0, toolType[0]=TOOL_TYPE_UNKNOWN, buttonState=0, metaState=0, flags=0x0, edgeFlags=0x0, pointerCount=1, historySize=0, eventTime=285747, downTime=285747, deviceId=0, source=0x1002 }
08-02 15:11:25.891  5738  5738 I Input   : injectMotionEvent: MotionEvent { action=ACTION_MOVE, actionButton=0, id[0]=0, x[0]=1144.0, y[0]=112.0, toolType[0]=TOOL_TYPE_UNKNOWN, buttonState=0, metaState=0, flags=0x0, edgeFlags=0x0, pointerCount=1, historySize=0, eventTime=285784, downTime=285784, deviceId=0, source=0x1002 }
08-02 15:11:25.907  5738  5738 I Input   : injectMotionEvent: MotionEvent { action=ACTION_MOVE, actionButton=0, id[0]=0, x[0]=1144.0, y[0]=112.0, toolType[0]=TOOL_TYPE_UNKNOWN, buttonState=0, metaState=0, flags=0x0, edgeFlags=0x0, pointerCount=1, historySize=0, eventTime=285800, downTime=285800, deviceId=0, source=0x1002 }
08-02 15:11:25.924  5738  5738 I Input   : injectMotionEvent: MotionEvent { action=ACTION_MOVE, actionButton=0, id[0]=0, x[0]=1144.0, y[0]=112.0, toolType[0]=TOOL_TYPE_UNKNOWN, buttonState=0, metaState=0, flags=0x0, edgeFlags=0x0, pointerCount=1, historySize=0, eventTime=285817, downTime=285817, deviceId=0, source=0x1002 }
08-02 15:11:25.947  5738  5738 I Input   : injectMotionEvent: MotionEvent { action=ACTION_MOVE, actionButton=0, id[0]=0, x[0]=1144.0, y[0]=112.0, toolType[0]=TOOL_TYPE_UNKNOWN, buttonState=0, metaState=0, flags=0x0, edgeFlags=0x0, pointerCount=1, historySize=0, eventTime=285840, downTime=285840, deviceId=0, source=0x1002 }
08-02 15:11:25.968  5738  5738 I Input   : injectMotionEvent: MotionEvent { action=ACTION_MOVE, actionButton=0, id[0]=0, x[0]=1144.0, y[0]=112.0, toolType[0]=TOOL_TYPE_UNKNOWN, buttonState=0, metaState=0, flags=0x0, edgeFlags=0x0, pointerCount=1, historySize=0, eventTime=285861, downTime=285861, deviceId=0, source=0x1002 }
08-02 15:11:26.012  5738  5738 I Input   : injectMotionEvent: MotionEvent { action=ACTION_MOVE, actionButton=0, id[0]=0, x[0]=1144.0, y[0]=112.0, toolType[0]=TOOL_TYPE_UNKNOWN, buttonState=0, metaState=0, flags=0x0, edgeFlags=0x0, pointerCount=1, historySize=0, eventTime=285905, downTime=285905, deviceId=0, source=0x1002 }
08-02 15:11:26.031  5738  5738 I Input   : injectMotionEvent: MotionEvent { action=ACTION_MOVE, actionButton=0, id[0]=0, x[0]=1144.0, y[0]=112.0, toolType[0]=TOOL_TYPE_UNKNOWN, buttonState=0, metaState=0, flags=0x0, edgeFlags=0x0, pointerCount=1, historySize=0, eventTime=285924, downTime=285924, deviceId=0, source=0x1002 }
08-02 15:11:26.053  5738  5738 I Input   : injectMotionEvent: MotionEvent { action=ACTION_MOVE, actionButton=0, id[0]=0, x[0]=1144.0, y[0]=112.0, toolType[0]=TOOL_TYPE_UNKNOWN, buttonState=0, metaState=0, flags=0x0, edgeFlags=0x0, pointerCount=1, historySize=0, eventTime=285946, downTime=285946, deviceId=0, source=0x1002 }
08-02 15:11:26.078  5738  5738 I Input   : injectMotionEvent: MotionEvent { action=ACTION_MOVE, actionButton=0, id[0]=0, x[0]=1144.0, y[0]=112.0, toolType[0]=TOOL_TYPE_UNKNOWN, buttonState=0, metaState=0, flags=0x0, edgeFlags=0x0, pointerCount=1, historySize=0, eventTime=285971, downTime=285971, deviceId=0, source=0x1002 }
08-02 15:11:26.101  5738  5738 I Input   : injectMotionEvent: MotionEvent { action=ACTION_MOVE, actionButton=0, id[0]=0, x[0]=1144.0, y[0]=112.0, toolType[0]=TOOL_TYPE_UNKNOWN, buttonState=0, metaState=0, flags=0x0, edgeFlags=0x0, pointerCount=1, historySize=0, eventTime=285994, downTime=285994, deviceId=0, source=0x1002 }
08-02 15:11:26.133  5738  5738 I Input   : injectMotionEvent: MotionEvent { action=ACTION_MOVE, actionButton=0, id[0]=0, x[0]=1144.0, y[0]=112.0, toolType[0]=TOOL_TYPE_UNKNOWN, buttonState=0, metaState=0, flags=0x0, edgeFlags=0x0, pointerCount=1, historySize=0, eventTime=286026, downTime=286026, deviceId=0, source=0x1002 }
08-02 15:11:26.167  5738  5738 I Input   : injectMotionEvent: MotionEvent { action=ACTION_MOVE, actionButton=0, id[0]=0, x[0]=1144.0, y[0]=112.0, toolType[0]=TOOL_TYPE_UNKNOWN, buttonState=0, metaState=0, flags=0x0, edgeFlags=0x0, pointerCount=1, historySize=0, eventTime=286060, downTime=286060, deviceId=0, source=0x1002 }
08-02 15:11:26.209  5738  5738 I Input   : injectMotionEvent: MotionEvent { action=ACTION_MOVE, actionButton=0, id[0]=0, x[0]=1144.0, y[0]=112.0, toolType[0]=TOOL_TYPE_UNKNOWN, buttonState=0, metaState=0, flags=0x0, edgeFlags=0x0, pointerCount=1, historySize=0, eventTime=286102, downTime=286102, deviceId=0, source=0x1002 }
08-02 15:11:26.227  5738  5738 I Input   : injectMotionEvent: MotionEvent { action=ACTION_MOVE, actionButton=0, id[0]=0, x[0]=1144.0, y[0]=112.0, toolType[0]=TOOL_TYPE_UNKNOWN, buttonState=0, metaState=0, flags=0x0, edgeFlags=0x0, pointerCount=1, historySize=0, eventTime=286120, downTime=286120, deviceId=0, source=0x1002 }
08-02 15:11:26.241  5738  5738 I Input   : injectMotionEvent: MotionEvent { action=ACTION_MOVE, actionButton=0, id[0]=0, x[0]=1144.0, y[0]=112.0, toolType[0]=TOOL_TYPE_UNKNOWN, buttonState=0, metaState=0, flags=0x0, edgeFlags=0x0, pointerCount=1, historySize=0, eventTime=286134, downTime=286134, deviceId=0, source=0x1002 }
08-02 15:11:26.267  5738  5738 I Input   : injectMotionEvent: MotionEvent { action=ACTION_MOVE, actionButton=0, id[0]=0, x[0]=1144.0, y[0]=112.0, toolType[0]=TOOL_TYPE_UNKNOWN, buttonState=0, metaState=0, flags=0x0, edgeFlags=0x0, pointerCount=1, historySize=0, eventTime=286160, downTime=286160, deviceId=0, source=0x1002 }
08-02 15:11:26.273  5738  5738 I Input   : injectMotionEvent: MotionEvent { action=ACTION_MOVE, actionButton=0, id[0]=0, x[0]=1144.0, y[0]=112.0, toolType[0]=TOOL_TYPE_UNKNOWN, buttonState=0, metaState=0, flags=0x0, edgeFlags=0x0, pointerCount=1, historySize=0, eventTime=286167, downTime=286167, deviceId=0, source=0x1002 }
08-02 15:11:26.291  5738  5738 I Input   : injectMotionEvent: MotionEvent { action=ACTION_MOVE, actionButton=0, id[0]=0, x[0]=1144.0, y[0]=112.0, toolType[0]=TOOL_TYPE_UNKNOWN, buttonState=0, metaState=0, flags=0x0, edgeFlags=0x0, pointerCount=1, historySize=0, eventTime=286184, downTime=286184, deviceId=0, source=0x1002 }
08-02 15:11:26.307  5738  5738 I Input   : injectMotionEvent: MotionEvent { action=ACTION_MOVE, actionButton=0, id[0]=0, x[0]=1144.0, y[0]=112.0, toolType[0]=TOOL_TYPE_UNKNOWN, buttonState=0, metaState=0, flags=0x0, edgeFlags=0x0, pointerCount=1, historySize=0, eventTime=286200, downTime=286200, deviceId=0, source=0x1002 }
08-02 15:11:26.323  5738  5738 I Input   : injectMotionEvent: MotionEvent { action=ACTION_MOVE, actionButton=0, id[0]=0, x[0]=1144.0, y[0]=112.0, toolType[0]=TOOL_TYPE_UNKNOWN, buttonState=0, metaState=0, flags=0x0, edgeFlags=0x0, pointerCount=1, historySize=0, eventTime=286216, downTime=286216, deviceId=0, source=0x1002 }
08-02 15:11:26.341  5738  5738 I Input   : injectMotionEvent: MotionEvent { action=ACTION_MOVE, actionButton=0, id[0]=0, x[0]=1144.0, y[0]=112.0, toolType[0]=TOOL_TYPE_UNKNOWN, buttonState=0, metaState=0, flags=0x0, edgeFlags=0x0, pointerCount=1, historySize=0, eventTime=286234, downTime=286234, deviceId=0, source=0x1002 }
08-02 15:11:26.357  5738  5738 I Input   : injectMotionEvent: MotionEvent { action=ACTION_MOVE, actionButton=0, id[0]=0, x[0]=1144.0, y[0]=112.0, toolType[0]=TOOL_TYPE_UNKNOWN, buttonState=0, metaState=0, flags=0x0, edgeFlags=0x0, pointerCount=1, historySize=0, eventTime=286250, downTime=286250, deviceId=0, source=0x1002 }
08-02 15:11:26.374  5738  5738 I Input   : injectMotionEvent: MotionEvent { action=ACTION_MOVE, actionButton=0, id[0]=0, x[0]=1144.0, y[0]=112.0, toolType[0]=TOOL_TYPE_UNKNOWN, buttonState=0, metaState=0, flags=0x0, edgeFlags=0x0, pointerCount=1, historySize=0, eventTime=286267, downTime=286267, deviceId=0, source=0x1002 }
08-02 15:11:26.390  5738  5738 I Input   : injectMotionEvent: MotionEvent { action=ACTION_MOVE, actionButton=0, id[0]=0, x[0]=1144.0, y[0]=112.0, toolType[0]=TOOL_TYPE_UNKNOWN, buttonState=0, metaState=0, flags=0x0, edgeFlags=0x0, pointerCount=1, historySize=0, eventTime=286283, downTime=286283, deviceId=0, source=0x1002 }
08-02 15:11:26.407  5738  5738 I Input   : injectMotionEvent: MotionEvent { action=ACTION_MOVE, actionButton=0, id[0]=0, x[0]=1144.0, y[0]=112.0, toolType[0]=TOOL_TYPE_UNKNOWN, buttonState=0, metaState=0, flags=0x0, edgeFlags=0x0, pointerCount=1, historySize=0, eventTime=286300, downTime=286300, deviceId=0, source=0x1002 }
08-02 15:11:26.425  5738  5738 I Input   : injectMotionEvent: MotionEvent { action=ACTION_MOVE, actionButton=0, id[0]=0, x[0]=1144.0, y[0]=112.0, toolType[0]=TOOL_TYPE_UNKNOWN, buttonState=0, metaState=0, flags=0x0, edgeFlags=0x0, pointerCount=1, historySize=0, eventTime=286318, downTime=286318, deviceId=0, source=0x1002 }
08-02 15:11:26.441  5738  5738 I Input   : injectMotionEvent: MotionEvent { action=ACTION_MOVE, actionButton=0, id[0]=0, x[0]=1144.0, y[0]=112.0, toolType[0]=TOOL_TYPE_UNKNOWN, buttonState=0, metaState=0, flags=0x0, edgeFlags=0x0, pointerCount=1, historySize=0, eventTime=286334, downTime=286334, deviceId=0, source=0x1002 }
08-02 15:11:26.458  5738  5738 I Input   : injectMotionEvent: MotionEvent { action=ACTION_MOVE, actionButton=0, id[0]=0, x[0]=1144.0, y[0]=112.0, toolType[0]=TOOL_TYPE_UNKNOWN, buttonState=0, metaState=0, flags=0x0, edgeFlags=0x0, pointerCount=1, historySize=0, eventTime=286351, downTime=286351, deviceId=0, source=0x1002 }
08-02 15:11:26.474  5738  5738 I Input   : injectMotionEvent: MotionEvent { action=ACTION_MOVE, actionButton=0, id[0]=0, x[0]=1144.0, y[0]=112.0, toolType[0]=TOOL_TYPE_UNKNOWN, buttonState=0, metaState=0, flags=0x0, edgeFlags=0x0, pointerCount=1, historySize=0, eventTime=286367, downTime=286367, deviceId=0, source=0x1002 }
08-02 15:11:26.491  5738  5738 I Input   : injectMotionEvent: MotionEvent { action=ACTION_MOVE, actionButton=0, id[0]=0, x[0]=1144.0, y[0]=112.0, toolType[0]=TOOL_TYPE_UNKNOWN, buttonState=0, metaState=0, flags=0x0, edgeFlags=0x0, pointerCount=1, historySize=0, eventTime=286384, downTime=286384, deviceId=0, source=0x1002 }
08-02 15:11:26.507  5738  5738 I Input   : injectMotionEvent: MotionEvent { action=ACTION_MOVE, actionButton=0, id[0]=0, x[0]=1144.0, y[0]=112.0, toolType[0]=TOOL_TYPE_UNKNOWN, buttonState=0, metaState=0, flags=0x0, edgeFlags=0x0, pointerCount=1, historySize=0, eventTime=286400, downTime=286400, deviceId=0, source=0x1002 }
08-02 15:11:26.524  5738  5738 I Input   : injectMotionEvent: MotionEvent { action=ACTION_MOVE, actionButton=0, id[0]=0, x[0]=1144.0, y[0]=112.0, toolType[0]=TOOL_TYPE_UNKNOWN, buttonState=0, metaState=0, flags=0x0, edgeFlags=0x0, pointerCount=1, historySize=0, eventTime=286417, downTime=286417, deviceId=0, source=0x1002 }
08-02 15:11:26.540  5738  5738 I Input   : injectMotionEvent: MotionEvent { action=ACTION_MOVE, actionButton=0, id[0]=0, x[0]=1144.0, y[0]=112.0, toolType[0]=TOOL_TYPE_UNKNOWN, buttonState=0, metaState=0, flags=0x0, edgeFlags=0x0, pointerCount=1, historySize=0, eventTime=286433, downTime=286433, deviceId=0, source=0x1002 }
08-02 15:11:26.557  5738  5738 I Input   : injectMotionEvent: MotionEvent { action=ACTION_MOVE, actionButton=0, id[0]=0, x[0]=1144.0, y[0]=112.0, toolType[0]=TOOL_TYPE_UNKNOWN, buttonState=0, metaState=0, flags=0x0, edgeFlags=0x0, pointerCount=1, historySize=0, eventTime=286450, downTime=286450, deviceId=0, source=0x1002 }
08-02 15:11:26.574  5738  5738 I Input   : injectMotionEvent: MotionEvent { action=ACTION_MOVE, actionButton=0, id[0]=0, x[0]=1144.0, y[0]=112.0, toolType[0]=TOOL_TYPE_UNKNOWN, buttonState=0, metaState=0, flags=0x0, edgeFlags=0x0, pointerCount=1, historySize=0, eventTime=286467, downTime=286467, deviceId=0, source=0x1002 }
08-02 15:11:26.591  5738  5738 I Input   : injectMotionEvent: MotionEvent { action=ACTION_MOVE, actionButton=0, id[0]=0, x[0]=1144.0, y[0]=112.0, toolType[0]=TOOL_TYPE_UNKNOWN, buttonState=0, metaState=0, flags=0x0, edgeFlags=0x0, pointerCount=1, historySize=0, eventTime=286484, downTime=286484, deviceId=0, source=0x1002 }
08-02 15:11:26.607  5738  5738 I Input   : injectMotionEvent: MotionEvent { action=ACTION_MOVE, actionButton=0, id[0]=0, x[0]=1144.0, y[0]=112.0, toolType[0]=TOOL_TYPE_UNKNOWN, buttonState=0, metaState=0, flags=0x0, edgeFlags=0x0, pointerCount=1, historySize=0, eventTime=286500, downTime=286500, deviceId=0, source=0x1002 }
08-02 15:11:26.624  5738  5738 I Input   : injectMotionEvent: MotionEvent { action=ACTION_MOVE, actionButton=0, id[0]=0, x[0]=1144.0, y[0]=112.0, toolType[0]=TOOL_TYPE_UNKNOWN, buttonState=0, metaState=0, flags=0x0, edgeFlags=0x0, pointerCount=1, historySize=0, eventTime=286517, downTime=286517, deviceId=0, source=0x1002 }
08-02 15:11:26.642  5738  5738 I Input   : injectMotionEvent: MotionEvent { action=ACTION_MOVE, actionButton=0, id[0]=0, x[0]=1144.0, y[0]=112.0, toolType[0]=TOOL_TYPE_UNKNOWN, buttonState=0, metaState=0, flags=0x0, edgeFlags=0x0, pointerCount=1, historySize=0, eventTime=286536, downTime=286536, deviceId=0, source=0x1002 }
08-02 15:11:26.657  5738  5738 I Input   : injectMotionEvent: MotionEvent { action=ACTION_MOVE, actionButton=0, id[0]=0, x[0]=1144.0, y[0]=112.0, toolType[0]=TOOL_TYPE_UNKNOWN, buttonState=0, metaState=0, flags=0x0, edgeFlags=0x0, pointerCount=1, historySize=0, eventTime=286550, downTime=286550, deviceId=0, source=0x1002 }
08-02 15:11:26.674  5738  5738 I Input   : injectMotionEvent: MotionEvent { action=ACTION_MOVE, actionButton=0, id[0]=0, x[0]=1144.0, y[0]=112.0, toolType[0]=TOOL_TYPE_UNKNOWN, buttonState=0, metaState=0, flags=0x0, edgeFlags=0x0, pointerCount=1, historySize=0, eventTime=286567, downTime=286567, deviceId=0, source=0x1002 }
08-02 15:11:26.690  5738  5738 I Input   : injectMotionEvent: MotionEvent { action=ACTION_MOVE, actionButton=0, id[0]=0, x[0]=1144.0, y[0]=112.0, toolType[0]=TOOL_TYPE_UNKNOWN, buttonState=0, metaState=0, flags=0x0, edgeFlags=0x0, pointerCount=1, historySize=0, eventTime=286583, downTime=286583, deviceId=0, source=0x1002 }
08-02 15:11:26.707  5738  5738 I Input   : injectMotionEvent: MotionEvent { action=ACTION_MOVE, actionButton=0, id[0]=0, x[0]=1144.0, y[0]=112.0, toolType[0]=TOOL_TYPE_UNKNOWN, buttonState=0, metaState=0, flags=0x0, edgeFlags=0x0, pointerCount=1, historySize=0, eventTime=286600, downTime=286600, deviceId=0, source=0x1002 }
08-02 15:11:26.725  5738  5738 I Input   : injectMotionEvent: MotionEvent { action=ACTION_MOVE, actionButton=0, id[0]=0, x[0]=1144.0, y[0]=112.0, toolType[0]=TOOL_TYPE_UNKNOWN, buttonState=0, metaState=0, flags=0x0, edgeFlags=0x0, pointerCount=1, historySize=0, eventTime=286618, downTime=286618, deviceId=0, source=0x1002 }
08-02 15:11:26.741  5738  5738 I Input   : injectMotionEvent: MotionEvent { action=ACTION_MOVE, actionButton=0, id[0]=0, x[0]=1144.0, y[0]=112.0, toolType[0]=TOOL_TYPE_UNKNOWN, buttonState=0, metaState=0, flags=0x0, edgeFlags=0x0, pointerCount=1, historySize=0, eventTime=286634, downTime=286634, deviceId=0, source=0x1002 }
08-02 15:11:26.757  5738  5738 I Input   : injectMotionEvent: MotionEvent { action=ACTION_MOVE, actionButton=0, id[0]=0, x[0]=1144.0, y[0]=112.0, toolType[0]=TOOL_TYPE_UNKNOWN, buttonState=0, metaState=0, flags=0x0, edgeFlags=0x0, pointerCount=1, historySize=0, eventTime=286650, downTime=286650, deviceId=0, source=0x1002 }
08-02 15:11:26.774  5738  5738 I Input   : injectMotionEvent: MotionEvent { action=ACTION_MOVE, actionButton=0, id[0]=0, x[0]=1144.0, y[0]=112.0, toolType[0]=TOOL_TYPE_UNKNOWN, buttonState=0, metaState=0, flags=0x0, edgeFlags=0x0, pointerCount=1, historySize=0, eventTime=286667, downTime=286667, deviceId=0, source=0x1002 }
08-02 15:11:26.790  5738  5738 I Input   : injectMotionEvent: MotionEvent { action=ACTION_MOVE, actionButton=0, id[0]=0, x[0]=1144.0, y[0]=112.0, toolType[0]=TOOL_TYPE_UNKNOWN, buttonState=0, metaState=0, flags=0x0, edgeFlags=0x0, pointerCount=1, historySize=0, eventTime=286683, downTime=286683, deviceId=0, source=0x1002 }
08-02 15:11:26.807  5738  5738 I Input   : injectMotionEvent: MotionEvent { action=ACTION_MOVE, actionButton=0, id[0]=0, x[0]=1144.0, y[0]=112.0, toolType[0]=TOOL_TYPE_UNKNOWN, buttonState=0, metaState=0, flags=0x0, edgeFlags=0x0, pointerCount=1, historySize=0, eventTime=286700, downTime=286700, deviceId=0, source=0x1002 }
08-02 15:11:26.824  5738  5738 I Input   : injectMotionEvent: MotionEvent { action=ACTION_MOVE, actionButton=0, id[0]=0, x[0]=1144.0, y[0]=112.0, toolType[0]=TOOL_TYPE_UNKNOWN, buttonState=0, metaState=0, flags=0x0, edgeFlags=0x0, pointerCount=1, historySize=0, eventTime=286717, downTime=286717, deviceId=0, source=0x1002 }
08-02 15:11:26.841  5738  5738 I Input   : injectMotionEvent: MotionEvent { action=ACTION_MOVE, actionButton=0, id[0]=0, x[0]=1144.0, y[0]=112.0, toolType[0]=TOOL_TYPE_UNKNOWN, buttonState=0, metaState=0, flags=0x0, edgeFlags=0x0, pointerCount=1, historySize=0, eventTime=286734, downTime=286734, deviceId=0, source=0x1002 }
08-02 15:11:26.857  5738  5738 I Input   : injectMotionEvent: MotionEvent { action=ACTION_MOVE, actionButton=0, id[0]=0, x[0]=1144.0, y[0]=112.0, toolType[0]=TOOL_TYPE_UNKNOWN, buttonState=0, metaState=0, flags=0x0, edgeFlags=0x0, pointerCount=1, historySize=0, eventTime=286750, downTime=286750, deviceId=0, source=0x1002 }
08-02 15:11:26.874  5738  5738 I Input   : injectMotionEvent: MotionEvent { action=ACTION_MOVE, actionButton=0, id[0]=0, x[0]=1144.0, y[0]=112.0, toolType[0]=TOOL_TYPE_UNKNOWN, buttonState=0, metaState=0, flags=0x0, edgeFlags=0x0, pointerCount=1, historySize=0, eventTime=286767, downTime=286767, deviceId=0, source=0x1002 }
08-02 15:11:26.891  5738  5738 I Input   : injectMotionEvent: MotionEvent { action=ACTION_MOVE, actionButton=0, id[0]=0, x[0]=1144.0, y[0]=112.0, toolType[0]=TOOL_TYPE_UNKNOWN, buttonState=0, metaState=0, flags=0x0, edgeFlags=0x0, pointerCount=1, historySize=0, eventTime=286784, downTime=286784, deviceId=0, source=0x1002 }
08-02 15:11:26.909  5738  5738 I Input   : injectMotionEvent: MotionEvent { action=ACTION_MOVE, actionButton=0, id[0]=0, x[0]=1144.0, y[0]=112.0, toolType[0]=TOOL_TYPE_UNKNOWN, buttonState=0, metaState=0, flags=0x0, edgeFlags=0x0, pointerCount=1, historySize=0, eventTime=286802, downTime=286802, deviceId=0, source=0x1002 }
08-02 15:11:26.924  5738  5738 I Input   : injectMotionEvent: MotionEvent { action=ACTION_MOVE, actionButton=0, id[0]=0, x[0]=1144.0, y[0]=112.0, toolType[0]=TOOL_TYPE_UNKNOWN, buttonState=0, metaState=0, flags=0x0, edgeFlags=0x0, pointerCount=1, historySize=0, eventTime=286817, downTime=286817, deviceId=0, source=0x1002 }
08-02 15:11:26.942  5738  5738 I Input   : injectMotionEvent: MotionEvent { action=ACTION_MOVE, actionButton=0, id[0]=0, x[0]=1144.0, y[0]=112.0, toolType[0]=TOOL_TYPE_UNKNOWN, buttonState=0, metaState=0, flags=0x0, edgeFlags=0x0, pointerCount=1, historySize=0, eventTime=286835, downTime=286835, deviceId=0, source=0x1002 }
08-02 15:11:26.967  5738  5738 I Input   : injectMotionEvent: MotionEvent { action=ACTION_MOVE, actionButton=0, id[0]=0, x[0]=1144.0, y[0]=112.0, toolType[0]=TOOL_TYPE_UNKNOWN, buttonState=0, metaState=0, flags=0x0, edgeFlags=0x0, pointerCount=1, historySize=0, eventTime=286860, downTime=286860, deviceId=0, source=0x1002 }
08-02 15:11:26.974  5738  5738 I Input   : injectMotionEvent: MotionEvent { action=ACTION_MOVE, actionButton=0, id[0]=0, x[0]=1144.0, y[0]=112.0, toolType[0]=TOOL_TYPE_UNKNOWN, buttonState=0, metaState=0, flags=0x0, edgeFlags=0x0, pointerCount=1, historySize=0, eventTime=286867, downTime=286867, deviceId=0, source=0x1002 }
08-02 15:11:26.991  5738  5738 I Input   : injectMotionEvent: MotionEvent { action=ACTION_MOVE, actionButton=0, id[0]=0, x[0]=1144.0, y[0]=112.0, toolType[0]=TOOL_TYPE_UNKNOWN, buttonState=0, metaState=0, flags=0x0, edgeFlags=0x0, pointerCount=1, historySize=0, eventTime=286884, downTime=286884, deviceId=0, source=0x1002 }
08-02 15:11:27.007  5738  5738 I Input   : injectMotionEvent: MotionEvent { action=ACTION_MOVE, actionButton=0, id[0]=0, x[0]=1144.0, y[0]=112.0, toolType[0]=TOOL_TYPE_UNKNOWN, buttonState=0, metaState=0, flags=0x0, edgeFlags=0x0, pointerCount=1, historySize=0, eventTime=286900, downTime=286900, deviceId=0, source=0x1002 }
08-02 15:11:27.024  5738  5738 I Input   : injectMotionEvent: MotionEvent { action=ACTION_MOVE, actionButton=0, id[0]=0, x[0]=1144.0, y[0]=112.0, toolType[0]=TOOL_TYPE_UNKNOWN, buttonState=0, metaState=0, flags=0x0, edgeFlags=0x0, pointerCount=1, historySize=0, eventTime=286917, downTime=286917, deviceId=0, source=0x1002 }
08-02 15:11:27.040  5738  5738 I Input   : injectMotionEvent: MotionEvent { action=ACTION_MOVE, actionButton=0, id[0]=0, x[0]=1144.0, y[0]=112.0, toolType[0]=TOOL_TYPE_UNKNOWN, buttonState=0, metaState=0, flags=0x0, edgeFlags=0x0, pointerCount=1, historySize=0, eventTime=286933, downTime=286933, deviceId=0, source=0x1002 }
08-02 15:11:27.059  5738  5738 I Input   : injectMotionEvent: MotionEvent { action=ACTION_MOVE, actionButton=0, id[0]=0, x[0]=1144.0, y[0]=112.0, toolType[0]=TOOL_TYPE_UNKNOWN, buttonState=0, metaState=0, flags=0x0, edgeFlags=0x0, pointerCount=1, historySize=0, eventTime=286952, downTime=286952, deviceId=0, source=0x1002 }
08-02 15:11:27.074  5738  5738 I Input   : injectMotionEvent: MotionEvent { action=ACTION_MOVE, actionButton=0, id[0]=0, x[0]=1144.0, y[0]=112.0, toolType[0]=TOOL_TYPE_UNKNOWN, buttonState=0, metaState=0, flags=0x0, edgeFlags=0x0, pointerCount=1, historySize=0, eventTime=286967, downTime=286967, deviceId=0, source=0x1002 }
08-02 15:11:27.090  5738  5738 I Input   : injectMotionEvent: MotionEvent { action=ACTION_MOVE, actionButton=0, id[0]=0, x[0]=1144.0, y[0]=112.0, toolType[0]=TOOL_TYPE_UNKNOWN, buttonState=0, metaState=0, flags=0x0, edgeFlags=0x0, pointerCount=1, historySize=0, eventTime=286983, downTime=286983, deviceId=0, source=0x1002 }
08-02 15:11:27.107  5738  5738 I Input   : injectMotionEvent: MotionEvent { action=ACTION_MOVE, actionButton=0, id[0]=0, x[0]=1144.0, y[0]=112.0, toolType[0]=TOOL_TYPE_UNKNOWN, buttonState=0, metaState=0, flags=0x0, edgeFlags=0x0, pointerCount=1, historySize=0, eventTime=287000, downTime=287000, deviceId=0, source=0x1002 }
08-02 15:11:27.125  5738  5738 I Input   : injectMotionEvent: MotionEvent { action=ACTION_MOVE, actionButton=0, id[0]=0, x[0]=1144.0, y[0]=112.0, toolType[0]=TOOL_TYPE_UNKNOWN, buttonState=0, metaState=0, flags=0x0, edgeFlags=0x0, pointerCount=1, historySize=0, eventTime=287018, downTime=287018, deviceId=0, source=0x1002 }
08-02 15:11:27.140  5738  5738 I Input   : injectMotionEvent: MotionEvent { action=ACTION_MOVE, actionButton=0, id[0]=0, x[0]=1144.0, y[0]=112.0, toolType[0]=TOOL_TYPE_UNKNOWN, buttonState=0, metaState=0, flags=0x0, edgeFlags=0x0, pointerCount=1, historySize=0, eventTime=287033, downTime=287033, deviceId=0, source=0x1002 }
08-02 15:11:27.158  5738  5738 I Input   : injectMotionEvent: MotionEvent { action=ACTION_MOVE, actionButton=0, id[0]=0, x[0]=1144.0, y[0]=112.0, toolType[0]=TOOL_TYPE_UNKNOWN, buttonState=0, metaState=0, flags=0x0, edgeFlags=0x0, pointerCount=1, historySize=0, eventTime=287051, downTime=287051, deviceId=0, source=0x1002 }
08-02 15:11:27.177  5738  5738 I Input   : injectMotionEvent: MotionEvent { action=ACTION_MOVE, actionButton=0, id[0]=0, x[0]=1144.0, y[0]=112.0, toolType[0]=TOOL_TYPE_UNKNOWN, buttonState=0, metaState=0, flags=0x0, edgeFlags=0x0, pointerCount=1, historySize=0, eventTime=287070, downTime=287070, deviceId=0, source=0x1002 }
08-02 15:11:27.190  5738  5738 I Input   : injectMotionEvent: MotionEvent { action=ACTION_MOVE, actionButton=0, id[0]=0, x[0]=1144.0, y[0]=112.0, toolType[0]=TOOL_TYPE_UNKNOWN, buttonState=0, metaState=0, flags=0x0, edgeFlags=0x0, pointerCount=1, historySize=0, eventTime=287083, downTime=287083, deviceId=0, source=0x1002 }
08-02 15:11:27.207  5738  5738 I Input   : injectMotionEvent: MotionEvent { action=ACTION_MOVE, actionButton=0, id[0]=0, x[0]=1144.0, y[0]=112.0, toolType[0]=TOOL_TYPE_UNKNOWN, buttonState=0, metaState=0, flags=0x0, edgeFlags=0x0, pointerCount=1, historySize=0, eventTime=287100, downTime=287100, deviceId=0, source=0x1002 }
08-02 15:11:27.224  5738  5738 I Input   : injectMotionEvent: MotionEvent { action=ACTION_MOVE, actionButton=0, id[0]=0, x[0]=1144.0, y[0]=112.0, toolType[0]=TOOL_TYPE_UNKNOWN, buttonState=0, metaState=0, flags=0x0, edgeFlags=0x0, pointerCount=1, historySize=0, eventTime=287117, downTime=287117, deviceId=0, source=0x1002 }
08-02 15:11:27.240  5738  5738 I Input   : injectMotionEvent: MotionEvent { action=ACTION_MOVE, actionButton=0, id[0]=0, x[0]=1144.0, y[0]=112.0, toolType[0]=TOOL_TYPE_UNKNOWN, buttonState=0, metaState=0, flags=0x0, edgeFlags=0x0, pointerCount=1, historySize=0, eventTime=287133, downTime=287133, deviceId=0, source=0x1002 }
08-02 15:11:27.258  5738  5738 I Input   : injectMotionEvent: MotionEvent { action=ACTION_MOVE, actionButton=0, id[0]=0, x[0]=1144.0, y[0]=112.0, toolType[0]=TOOL_TYPE_UNKNOWN, buttonState=0, metaState=0, flags=0x0, edgeFlags=0x0, pointerCount=1, historySize=0, eventTime=287151, downTime=287151, deviceId=0, source=0x1002 }
08-02 15:11:27.274  5738  5738 I Input   : injectMotionEvent: MotionEvent { action=ACTION_MOVE, actionButton=0, id[0]=0, x[0]=1144.0, y[0]=112.0, toolType[0]=TOOL_TYPE_UNKNOWN, buttonState=0, metaState=0, flags=0x0, edgeFlags=0x0, pointerCount=1, historySize=0, eventTime=287167, downTime=287167, deviceId=0, source=0x1002 }
08-02 15:11:27.290  5738  5738 I Input   : injectMotionEvent: MotionEvent { action=ACTION_MOVE, actionButton=0, id[0]=0, x[0]=1144.0, y[0]=112.0, toolType[0]=TOOL_TYPE_UNKNOWN, buttonState=0, metaState=0, flags=0x0, edgeFlags=0x0, pointerCount=1, historySize=0, eventTime=287183, downTime=287183, deviceId=0, source=0x1002 }
08-02 15:11:27.307  5738  5738 I Input   : injectMotionEvent: MotionEvent { action=ACTION_MOVE, actionButton=0, id[0]=0, x[0]=1144.0, y[0]=112.0, toolType[0]=TOOL_TYPE_UNKNOWN, buttonState=0, metaState=0, flags=0x0, edgeFlags=0x0, pointerCount=1, historySize=0, eventTime=287200, downTime=287200, deviceId=0, source=0x1002 }
08-02 15:11:27.323  5738  5738 I Input   : injectMotionEvent: MotionEvent { action=ACTION_MOVE, actionButton=0, id[0]=0, x[0]=1144.0, y[0]=112.0, toolType[0]=TOOL_TYPE_UNKNOWN, buttonState=0, metaState=0, flags=0x0, edgeFlags=0x0, pointerCount=1, historySize=0, eventTime=287217, downTime=287217, deviceId=0, source=0x1002 }
08-02 15:11:27.340  5738  5738 I Input   : injectMotionEvent: MotionEvent { action=ACTION_MOVE, actionButton=0, id[0]=0, x[0]=1144.0, y[0]=112.0, toolType[0]=TOOL_TYPE_UNKNOWN, buttonState=0, metaState=0, flags=0x0, edgeFlags=0x0, pointerCount=1, historySize=0, eventTime=287233, downTime=287233, deviceId=0, source=0x1002 }
08-02 15:11:27.360  5738  5738 I Input   : injectMotionEvent: MotionEvent { action=ACTION_UP, actionButton=0, id[0]=0, x[0]=1144.0, y[0]=112.0, toolType[0]=TOOL_TYPE_UNKNOWN, buttonState=0, metaState=0, flags=0x0, edgeFlags=0x0, pointerCount=1, historySize=0, eventTime=287253, downTime=287253, deviceId=0, source=0x1002 }
08-02 15:11:27.361  5738  5738 D AndroidRuntime: Shutting down VM
08-02 15:11:27.514  4158  4175 W EGL_emulation: eglSurfaceAttrib not implemented
08-02 15:11:27.514  4158  4175 W OpenGLRenderer: Failed to set EGL_SWAP_BEHAVIOR on surface 0xdfdcb420, error=EGL_SUCCESS
08-02 15:11:31.806  6075  6075 D AndroidRuntime: >>>>>> START com.android.internal.os.RuntimeInit uid 0 <<<<<<
08-02 15:11:31.808  6075  6075 D AndroidRuntime: CheckJNI is OFF
08-02 15:11:31.818  6075  6075 D ICU     : No timezone override file found: /data/misc/zoneinfo/current/icu/icu_tzdata.dat
08-02 15:11:31.830  6075  6075 E memtrack: Couldn't load memtrack module (No such file or directory)
08-02 15:11:31.830  6075  6075 E android.os.Debug: failed to load memtrack module: -2
08-02 15:11:31.832  6075  6075 I Radio-JNI: register_android_hardware_Radio DONE
08-02 15:11:31.840  6075  6075 D AndroidRuntime: Calling main entry com.android.commands.uiautomator.Launcher
08-02 15:11:32.859  6075  6075 W AccessibilityNodeInfoDumper: Fetch time: 1ms
08-02 15:11:32.859   603   997 W WindowManager: Attempted to remove non-existing token: android.os.Binder@9b28d1e
08-02 15:11:32.868  6075  6075 D AndroidRuntime: Shutting down VM
08-02 15:11:33.921  6098  6098 D AndroidRuntime: >>>>>> START com.android.internal.os.RuntimeInit uid 0 <<<<<<
08-02 15:11:33.922  6098  6098 D AndroidRuntime: CheckJNI is OFF
08-02 15:11:33.931  6098  6098 D ICU     : No timezone override file found: /data/misc/zoneinfo/current/icu/icu_tzdata.dat
08-02 15:11:33.945  6098  6098 E memtrack: Couldn't load memtrack module (No such file or directory)
08-02 15:11:33.945  6098  6098 E android.os.Debug: failed to load memtrack module: -2
08-02 15:11:33.946  6098  6098 I Radio-JNI: register_android_hardware_Radio DONE
08-02 15:11:33.951  6098  6098 D AndroidRuntime: Calling main entry com.android.commands.uiautomator.Launcher
08-02 15:11:34.968  6098  6098 W AccessibilityNodeInfoDumper: Fetch time: 1ms
08-02 15:11:34.968   603   615 W WindowManager: Attempted to remove non-existing token: android.os.Binder@b3969ff
08-02 15:11:34.984  6098  6098 D AndroidRuntime: Shutting down VM
08-02 15:11:35.447  6116  6116 D AndroidRuntime: >>>>>> START com.android.internal.os.RuntimeInit uid 0 <<<<<<
08-02 15:11:35.448  6116  6116 D AndroidRuntime: CheckJNI is OFF
08-02 15:11:35.458  6116  6116 D ICU     : No timezone override file found: /data/misc/zoneinfo/current/icu/icu_tzdata.dat
08-02 15:11:35.468  6116  6116 E memtrack: Couldn't load memtrack module (No such file or directory)
08-02 15:11:35.468  6116  6116 E android.os.Debug: failed to load memtrack module: -2
08-02 15:11:35.469  6116  6116 I Radio-JNI: register_android_hardware_Radio DONE
08-02 15:11:35.478  6116  6116 D AndroidRuntime: Calling main entry com.android.commands.uiautomator.Launcher
08-02 15:11:35.787   603  1389 D NetlinkSocketObserver: NeighborEvent{elapsedMs=295680, 10.0.3.2, [525400123502], RTM_NEWNEIGH, NUD_STALE}
08-02 15:11:36.491  6116  6116 W AccessibilityNodeInfoDumper: Fetch time: 1ms
08-02 15:11:36.491   603  1109 W WindowManager: Attempted to remove non-existing token: android.os.Binder@ff803cc
08-02 15:11:36.503  6116  6116 D AndroidRuntime: Shutting down VM
08-02 15:11:37.574  6139  6139 D AndroidRuntime: >>>>>> START com.android.internal.os.RuntimeInit uid 0 <<<<<<
08-02 15:11:37.576  6139  6139 D AndroidRuntime: CheckJNI is OFF
08-02 15:11:37.585  6139  6139 D ICU     : No timezone override file found: /data/misc/zoneinfo/current/icu/icu_tzdata.dat
08-02 15:11:37.596  6139  6139 E memtrack: Couldn't load memtrack module (No such file or directory)
08-02 15:11:37.596  6139  6139 E android.os.Debug: failed to load memtrack module: -2
08-02 15:11:37.597  6139  6139 I Radio-JNI: register_android_hardware_Radio DONE
08-02 15:11:37.602  6139  6139 D AndroidRuntime: Calling main entry com.android.commands.uiautomator.Launcher
08-02 15:11:38.613  6139  6139 W AccessibilityNodeInfoDumper: Fetch time: 1ms
08-02 15:11:38.614   603   614 W WindowManager: Attempted to remove non-existing token: android.os.Binder@1f65d2a
08-02 15:11:38.630  6139  6139 D AndroidRuntime: Shutting down VM
08-02 15:11:39.735  6167  6167 D AndroidRuntime: >>>>>> START com.android.internal.os.RuntimeInit uid 0 <<<<<<
08-02 15:11:39.737  6167  6167 D AndroidRuntime: CheckJNI is OFF
08-02 15:11:39.746  6167  6167 D ICU     : No timezone override file found: /data/misc/zoneinfo/current/icu/icu_tzdata.dat
08-02 15:11:39.759  6167  6167 E memtrack: Couldn't load memtrack module (No such file or directory)
08-02 15:11:39.759  6167  6167 E android.os.Debug: failed to load memtrack module: -2
08-02 15:11:39.761  6167  6167 I Radio-JNI: register_android_hardware_Radio DONE
08-02 15:11:39.767  6167  6167 D AndroidRuntime: Calling main entry com.android.commands.uiautomator.Launcher
08-02 15:11:40.790  6167  6167 W AccessibilityNodeInfoDumper: Fetch time: 1ms
08-02 15:11:40.790   603   973 W WindowManager: Attempted to remove non-existing token: android.os.Binder@ec4a71b
08-02 15:11:40.799  6167  6167 D AndroidRuntime: Shutting down VM
08-02 15:11:41.851  6193  6193 D AndroidRuntime: >>>>>> START com.android.internal.os.RuntimeInit uid 0 <<<<<<
08-02 15:11:41.852  6193  6193 D AndroidRuntime: CheckJNI is OFF
08-02 15:11:41.861  6193  6193 D ICU     : No timezone override file found: /data/misc/zoneinfo/current/icu/icu_tzdata.dat
08-02 15:11:41.872  6193  6193 E memtrack: Couldn't load memtrack module (No such file or directory)
08-02 15:11:41.872  6193  6193 E android.os.Debug: failed to load memtrack module: -2
08-02 15:11:41.872  6193  6193 I Radio-JNI: register_android_hardware_Radio DONE
08-02 15:11:41.879  6193  6193 D AndroidRuntime: Calling main entry com.android.commands.uiautomator.Launcher
08-02 15:11:42.889  6193  6193 W AccessibilityNodeInfoDumper: Fetch time: 1ms
08-02 15:11:42.890   603  1109 W WindowManager: Attempted to remove non-existing token: android.os.Binder@e8790b8
08-02 15:11:42.897  6193  6193 D AndroidRuntime: Shutting down VM
08-02 15:11:43.354  6211  6211 D AndroidRuntime: >>>>>> START com.android.internal.os.RuntimeInit uid 0 <<<<<<
08-02 15:11:43.356  6211  6211 D AndroidRuntime: CheckJNI is OFF
08-02 15:11:43.365  6211  6211 D ICU     : No timezone override file found: /data/misc/zoneinfo/current/icu/icu_tzdata.dat
08-02 15:11:43.377  6211  6211 E memtrack: Couldn't load memtrack module (No such file or directory)
08-02 15:11:43.377  6211  6211 E android.os.Debug: failed to load memtrack module: -2
08-02 15:11:43.378  6211  6211 I Radio-JNI: register_android_hardware_Radio DONE
08-02 15:11:43.391  6211  6211 D AndroidRuntime: Calling main entry com.android.commands.uiautomator.Launcher
08-02 15:11:44.410  6211  6211 W AccessibilityNodeInfoDumper: Fetch time: 1ms
08-02 15:11:44.410   603   614 W WindowManager: Attempted to remove non-existing token: android.os.Binder@420de91
08-02 15:11:44.424  6211  6211 D AndroidRuntime: Shutting down VM
08-02 15:11:45.054  6224  6224 D AndroidRuntime: >>>>>> START com.android.internal.os.RuntimeInit uid 0 <<<<<<
08-02 15:11:45.056  6224  6224 D AndroidRuntime: CheckJNI is OFF
08-02 15:11:45.064  6224  6224 D ICU     : No timezone override file found: /data/misc/zoneinfo/current/icu/icu_tzdata.dat
08-02 15:11:45.074  6224  6224 E memtrack: Couldn't load memtrack module (No such file or directory)
08-02 15:11:45.074  6224  6224 E android.os.Debug: failed to load memtrack module: -2
08-02 15:11:45.075  6224  6224 I Radio-JNI: register_android_hardware_Radio DONE
08-02 15:11:45.080  6224  6224 D AndroidRuntime: Calling main entry com.android.commands.am.Am
08-02 15:11:45.084   603   614 I ActivityManager: Force stopping org.afhdownloader appid=10061 user=0: from pid 6224
08-02 15:11:45.085   603   614 I ActivityManager: Killing 4158:org.afhdownloader/u0a61 (adj 0): stop org.afhdownloader
08-02 15:11:45.085   603   614 W libprocessgroup: failed to open /acct/uid_10061/pid_4158/cgroup.procs: No such file or directory
08-02 15:11:45.085   603   614 W ActivityManager: Scheduling restart of crashed service org.afhdownloader/.Download in 1000ms
08-02 15:11:45.085   603   614 W ActivityManager: Force removing ActivityRecord{8bc9f44 u0 org.afhdownloader/.MainActivity t5}: app died, no saved state
08-02 15:11:45.088   603   622 E JavaBinder: !!! FAILED BINDER TRANSACTION !!!  (parcel size = 60)
08-02 15:11:45.095  6224  6224 D AndroidRuntime: Shutting down VM
08-02 15:11:45.104   603   840 D GraphicsStats: Buffer count: 2
08-02 15:11:45.141  1554  1620 W EGL_emulation: eglSurfaceAttrib not implemented
08-02 15:11:45.141  1554  1620 W OpenGLRenderer: Failed to set EGL_SWAP_BEHAVIOR on surface 0xe07e9020, error=EGL_SUCCESS
08-02 15:11:45.156   603  1109 W InputMethodManagerService: Got RemoteException sending setActive(false) notification to pid 4158 uid 10061
08-02 15:11:45.676  1554  1620 W OpenGLRenderer: Incorrectly called buildLayer on View: ShortcutAndWidgetContainer, destroying layer...
08-02 15:11:45.676  1554  1620 W OpenGLRenderer: Incorrectly called buildLayer on View: ShortcutAndWidgetContainer, destroying layer...
Elapsed Time: 230839
