08-02 15:09:53.457   603   626 I art     : Starting a blocking GC Explicit
08-02 15:09:53.465   603   626 I art     : Explicit concurrent mark sweep GC freed 27969(1739KB) AllocSpace objects, 22(472KB) LOS objects, 33% free, 5MB/8MB, paused 216us total 7.986ms
08-02 15:09:53.468   603   626 W PackageManager: Couldn't remove dex file for package:  at location /data/app/org.afhdownloader-1/base.apk, retcode=-1
08-02 15:09:53.470  4044  4044 I art     : System.exit called, status: 0
08-02 15:09:53.470  4044  4044 I AndroidRuntime: VM exiting with result code 0.
08-02 15:09:53.473   603   626 I ActivityManager: Force stopping org.afhdownloader appid=10060 user=0: pkg removed
08-02 15:09:53.493   603   654 I InputReader: Reconfiguring input devices.  changes=0x00000010
08-02 15:09:53.495   603   603 D JobSchedulerService: Receieved: android.intent.action.PACKAGE_REMOVED
08-02 15:09:53.499  1005  1215 I LatinIME:LogUtils: Dictionary info: dictionary = main:en ; version = 54 ; date = 1414726273
08-02 15:09:53.531   866  4058 D VoicemailCleanupService: Cleaning up data for package: org.afhdownloader
08-02 15:09:53.875   603   754 I ActivityManager: Start proc 4061:com.android.keychain/1000 for broadcast com.android.keychain/.KeyChainBroadcastReceiver
08-02 15:09:53.951  1072  1072 D CarrierServiceBindHelper: Receive action: android.intent.action.PACKAGE_REMOVED
08-02 15:09:53.993  4061  4061 E libprocessgroup: failed to make and chown /acct/uid_1000: Read-only file system
08-02 15:09:53.993  4061  4061 W Zygote  : createProcessGroup failed, kernel missing CONFIG_CGROUP_CPUACCT?
08-02 15:09:54.590  4061  4061 W System  : ClassLoader referenced unknown path: /system/app/KeyChain/lib/x86
08-02 15:09:54.715  4061  4061 W ContextImpl: Calling a method in the system process without a qualified user: android.app.ContextImpl.startService:1221 android.content.ContextWrapper.startService:581 android.content.ContextWrapper.startService:581 com.android.keychain.KeyChainBroadcastReceiver.onReceive:12 android.app.ActivityThread.handleReceiver:2725 
08-02 15:09:54.776   603   603 I ActivityManager: Start proc 4078:com.android.documentsui/u0a33 for broadcast com.android.documentsui/.PackageReceiver
08-02 15:09:54.804   603  1143 I ActivityManager: Killing 1218:android.process.media/u0a6 (adj 15): empty #17
08-02 15:09:54.804   603  1143 W libprocessgroup: failed to open /acct/uid_10006/pid_1218/cgroup.procs: No such file or directory
08-02 15:09:54.827  4078  4078 E libprocessgroup: failed to make and chown /acct/uid_10033: Read-only file system
08-02 15:09:54.827  4078  4078 W Zygote  : createProcessGroup failed, kernel missing CONFIG_CGROUP_CPUACCT?
08-02 15:09:54.842  4078  4078 W System  : ClassLoader referenced unknown path: /system/app/DocumentsUI/lib/x86
08-02 15:09:54.868   603   997 I ActivityManager: Start proc 4093:android.process.media/u0a6 for content provider com.android.providers.downloads/.DownloadStorageProvider
08-02 15:09:54.875   603   840 I ActivityManager: Killing 1771:com.android.onetimeinitializer/u0a11 (adj 15): empty #17
08-02 15:09:54.875   603   840 W libprocessgroup: failed to open /acct/uid_10011/pid_1771/cgroup.procs: No such file or directory
08-02 15:09:54.899  4093  4093 E libprocessgroup: failed to make and chown /acct/uid_10006: Read-only file system
08-02 15:09:54.899  4093  4093 W Zygote  : createProcessGroup failed, kernel missing CONFIG_CGROUP_CPUACCT?
08-02 15:09:54.913  4093  4093 W System  : ClassLoader referenced unknown path: /system/priv-app/DownloadProvider/lib/x86
08-02 15:09:54.914  4093  4093 W System  : ClassLoader referenced unknown path: /system/priv-app/MediaProvider/lib/x86
08-02 15:09:54.942  4083  4083 D AndroidRuntime: >>>>>> START com.android.internal.os.RuntimeInit uid 0 <<<<<<
08-02 15:09:54.943  4083  4083 D AndroidRuntime: CheckJNI is OFF
08-02 15:09:54.945   603  1109 I ActivityManager: Start proc 4112:com.android.externalstorage/u0a7 for content provider com.android.externalstorage/.ExternalStorageProvider
08-02 15:09:54.947   603   614 I ActivityManager: Killing 1786:com.android.camera2/u0a25 (adj 15): empty #17
08-02 15:09:54.947   603   614 W libprocessgroup: failed to open /acct/uid_10025/pid_1786/cgroup.procs: No such file or directory
08-02 15:09:54.954  4083  4083 D ICU     : No timezone override file found: /data/misc/zoneinfo/current/icu/icu_tzdata.dat
08-02 15:09:54.965  4083  4083 E memtrack: Couldn't load memtrack module (No such file or directory)
08-02 15:09:54.965  4083  4083 E android.os.Debug: failed to load memtrack module: -2
08-02 15:09:54.967  4083  4083 I Radio-JNI: register_android_hardware_Radio DONE
08-02 15:09:54.972  4083  4083 D AndroidRuntime: Calling main entry com.android.commands.pm.Pm
08-02 15:09:54.977  4112  4112 E libprocessgroup: failed to make and chown /acct/uid_10007: Read-only file system
08-02 15:09:54.977  4112  4112 W Zygote  : createProcessGroup failed, kernel missing CONFIG_CGROUP_CPUACCT?
08-02 15:09:54.987  1882  1893 D DefContainer: Copying /data/local/tmp/afh-download-release-unsigned_TAINT.apk to base.apk
08-02 15:09:54.991  4112  4112 W System  : ClassLoader referenced unknown path: /system/priv-app/ExternalStorageProvider/lib/x86
08-02 15:09:54.994   603   626 W PackageParser: Unknown element under <manifest>: meta-data at /data/app/vmdl825376256.tmp/base.apk Binary XML file line #16
08-02 15:09:54.995  4112  4112 D ExternalStorage: After updating volumes, found 1 active roots
08-02 15:09:55.005  4078  4092 D Documents: Update found 6 roots in 149ms
08-02 15:09:55.009  4078  4133 D Documents: Update found 6 roots in 10ms
08-02 15:09:55.062   603   626 I PackageManager.DexOptimizer: Running dexopt (dex2oat) on: /data/app/vmdl825376256.tmp/base.apk pkg=org.afhdownloader isa=x86 vmSafeMode=false debuggable=false oatDir = /data/app/vmdl825376256.tmp/oat
08-02 15:09:55.068  4134  4134 W dex2oat : Unexpected CPU variant for X86 using defaults: x86
08-02 15:09:55.069  4134  4134 I dex2oat : Starting dex2oat.
08-02 15:09:55.069  4134  4134 E cutils-trace: Error opening trace file: Permission denied (13)
08-02 15:09:55.148  4134  4138 W dex2oat : Before Android 4.1, method int android.support.v7.widget.ListViewCompat.lookForSelectablePosition(int, boolean) would have incorrectly overridden the package-private method in android.widget.ListView
08-02 15:09:55.164  4134  4134 W dex2oat : Before Android 4.1, method android.graphics.PorterDuffColorFilter android.support.graphics.drawable.VectorDrawableCompat.updateTintFilter(android.graphics.PorterDuffColorFilter, android.content.res.ColorStateList, android.graphics.PorterDuff$Mode) would have incorrectly overridden the package-private method in android.graphics.drawable.Drawable
08-02 15:09:55.403   603  1389 D NetlinkSocketObserver: NeighborEvent{elapsedMs=195296, 10.0.3.2, [525400123502], RTM_NEWNEIGH, NUD_PROBE}
08-02 15:09:55.403   603  1389 D NetlinkSocketObserver: NeighborEvent{elapsedMs=195296, 10.0.3.2, [525400123502], RTM_NEWNEIGH, NUD_REACHABLE}
08-02 15:09:55.880  4134  4134 I dex2oat : dex2oat took 811.409ms (threads: 4) arena alloc=8MB java alloc=3MB native alloc=20MB free=3MB
08-02 15:09:55.928   603   626 W Settings: Setting install_non_market_apps has moved from android.provider.Settings.Global to android.provider.Settings.Secure, returning read-only value.
08-02 15:09:55.928   603   626 I art     : Starting a blocking GC Explicit
08-02 15:09:55.936   603   626 I art     : Explicit concurrent mark sweep GC freed 22835(1330KB) AllocSpace objects, 5(132KB) LOS objects, 33% free, 5MB/8MB, paused 252us total 7.892ms
08-02 15:09:55.937  4083  4083 I art     : System.exit called, status: 0
08-02 15:09:55.957  4083  4083 I AndroidRuntime: VM exiting with result code 0.
08-02 15:09:55.966   603   654 I InputReader: Reconfiguring input devices.  changes=0x00000010
08-02 15:09:55.972  4078  4140 D Documents: Update found 6 roots in 15ms
08-02 15:09:56.011   603   616 W VoiceInteractionManagerService: no available voice recognition services found for user 0
08-02 15:09:56.024  1072  1072 D CarrierServiceBindHelper: Receive action: android.intent.action.PACKAGE_ADDED
08-02 15:09:56.025  1072  1072 D CarrierServiceBindHelper: mHandler: 3
08-02 15:09:56.025  1072  1072 D CarrierConfigLoader: mHandler: 9 phoneId: 0
08-02 15:09:56.206  4149  4149 D AndroidRuntime: >>>>>> START com.android.internal.os.RuntimeInit uid 0 <<<<<<
08-02 15:09:56.208  4149  4149 D AndroidRuntime: CheckJNI is OFF
08-02 15:09:56.218  4149  4149 D ICU     : No timezone override file found: /data/misc/zoneinfo/current/icu/icu_tzdata.dat
08-02 15:09:56.228  4149  4149 E memtrack: Couldn't load memtrack module (No such file or directory)
08-02 15:09:56.228  4149  4149 E android.os.Debug: failed to load memtrack module: -2
08-02 15:09:56.229  4149  4149 I Radio-JNI: register_android_hardware_Radio DONE
08-02 15:09:56.239  4149  4149 D AndroidRuntime: Calling main entry com.android.commands.monkey.Monkey
08-02 15:09:56.249   603   617 W BroadcastQueue: Skipping deliver [background] BroadcastRecord{d772dd6 u-1 android.net.conn.CONNECTIVITY_CHANGE} to ReceiverList{539e857 4149 (unknown name)/0/u-1 remote:22d0198}: process crashing
08-02 15:09:56.257   603  1109 I ActivityManager: START u0 {act=android.intent.action.MAIN cat=[android.intent.category.LAUNCHER] flg=0x10200000 cmp=org.afhdownloader/.MainActivity} from uid 0 on display 0
08-02 15:09:56.273   603   615 I ActivityManager: Start proc 4158:org.afhdownloader/u0a61 for activity org.afhdownloader/.MainActivity
08-02 15:09:56.274   603   618 D Sensors : batch handle 1, but there is no batch sensor in genymotion
08-02 15:09:56.283  4149  4149 I art     : System.exit called, status: 0
08-02 15:09:56.283  4149  4149 I AndroidRuntime: VM exiting with result code 0.
08-02 15:09:56.293  4158  4158 E libprocessgroup: failed to make and chown /acct/uid_10061: Read-only file system
08-02 15:09:56.305  4158  4158 W Zygote  : createProcessGroup failed, kernel missing CONFIG_CGROUP_CPUACCT?
08-02 15:09:56.345  4158  4158 W System  : ClassLoader referenced unknown path: /data/app/org.afhdownloader-1/lib/x86
08-02 15:09:56.355  4158  4158 W art     : Before Android 4.1, method android.graphics.PorterDuffColorFilter android.support.graphics.drawable.VectorDrawableCompat.updateTintFilter(android.graphics.PorterDuffColorFilter, android.content.res.ColorStateList, android.graphics.PorterDuff$Mode) would have incorrectly overridden the package-private method in android.graphics.drawable.Drawable
08-02 15:09:56.379  4158  4158 D leak-23-25: 23
08-02 15:09:56.379  4158  4158 D leak-24-25: 24
08-02 15:09:56.379  4158  4158 D leak-25-25: 25
08-02 15:09:56.379  4158  4158 D leak-26-25: 26
08-02 15:09:56.379  4158  4158 D leak-27-25: 27
08-02 15:09:56.379  4158  4158 D leak-28-25: 28
08-02 15:09:56.379  4158  4158 D leak-29-25: 29
08-02 15:09:56.379  4158  4158 D leak-30-25: 30
08-02 15:09:56.379  4158  4158 D leak-31-25: 31
08-02 15:09:56.379  4158  4158 D leak-32-25: 32
08-02 15:09:56.379  4158  4158 D leak-34-25: 34
08-02 15:09:56.379  4158  4158 D leak-35-25: 35
08-02 15:09:56.379  4158  4158 D leak-36-25: 36
08-02 15:09:56.379  4158  4158 D leak-37-25: 37
08-02 15:09:56.379  4158  4158 D leak-38-25: 38
08-02 15:09:56.379  4158  4158 D leak-39-25: 39
08-02 15:09:56.379  4158  4158 D leak-40-25: 40
08-02 15:09:56.379  4158  4158 D leak-41-25: 41
08-02 15:09:56.379  4158  4158 D leak-43-25: 43
08-02 15:09:56.379  4158  4158 D leak-45-25: 45
08-02 15:09:56.379  4158  4158 D leak-48-25: 48
08-02 15:09:56.379  4158  4158 D leak-50-25: 50
08-02 15:09:56.379  4158  4158 D leak-51-25: 51
08-02 15:09:56.379  4158  4158 D leak-53-25: 53
08-02 15:09:56.379  4158  4158 D leak-55-25: 55
08-02 15:09:56.379  4158  4158 D leak-57-25: 57
08-02 15:09:56.381  4158  4158 D leak-58-25: 58
08-02 15:09:56.381  4158  4158 D leak-59-25: 59
08-02 15:09:56.442  4158  4158 D leak-62-49: Eastern Standard Time
08-02 15:09:56.447  4158  4158 D leak-63-49: 63
08-02 15:09:56.447  4158  4158 D leak-62-50: Eastern Standard Time
08-02 15:09:56.451  4158  4158 D leak-63-50: Eastern Standard Time
08-02 15:09:56.604  4158  4158 D leak-23-27: Eastern Standard Time
08-02 15:09:56.607  4158  4158 D leak-24-27: 24
08-02 15:09:56.607  4158  4158 D leak-25-27: Eastern Standard Time
08-02 15:09:56.607  4158  4158 D leak-26-27: 26
08-02 15:09:56.607  4158  4158 D leak-27-27: 27
08-02 15:09:56.607  4158  4158 D leak-28-27: 28
08-02 15:09:56.607  4158  4158 D leak-29-27: 29
08-02 15:09:56.607  4158  4158 D leak-30-27: 30
08-02 15:09:56.607  4158  4158 D leak-31-27: 31
08-02 15:09:56.607  4158  4158 D leak-32-27: 32
08-02 15:09:56.607  4158  4158 D leak-34-27: 34
08-02 15:09:56.607  4158  4158 D leak-35-27: 35
08-02 15:09:56.607  4158  4158 D leak-36-27: 36
08-02 15:09:56.607  4158  4158 D leak-37-27: 37
08-02 15:09:56.607  4158  4158 D leak-38-27: 38
08-02 15:09:56.607  4158  4158 D leak-39-27: 39
08-02 15:09:56.607  4158  4158 D leak-40-27: 40
08-02 15:09:56.607  4158  4158 D leak-41-27: 41
08-02 15:09:56.607  4158  4158 D leak-43-27: 43
08-02 15:09:56.607  4158  4158 D leak-45-27: 45
08-02 15:09:56.607  4158  4158 D leak-48-27: 48
08-02 15:09:56.607  4158  4158 D leak-50-27: 50
08-02 15:09:56.607  4158  4158 D leak-51-27: 51
08-02 15:09:56.607  4158  4158 D leak-53-27: 53
08-02 15:09:56.607  4158  4158 D leak-55-27: 55
08-02 15:09:56.607  4158  4158 D leak-57-27: 57
08-02 15:09:56.607  4158  4158 D leak-58-27: 58
08-02 15:09:56.607  4158  4158 D leak-59-27: 59
08-02 15:09:56.607  4158  4158 D leak-23-30: Eastern Standard Time
08-02 15:09:56.607  4158  4158 D leak-24-30: 24
08-02 15:09:56.607  4158  4158 D leak-25-30: Eastern Standard Time
08-02 15:09:56.607  4158  4158 D leak-26-30: 26
08-02 15:09:56.607  4158  4158 D leak-27-30: 27
08-02 15:09:56.607  4158  4158 D leak-28-30: Eastern Standard Time
08-02 15:09:56.607  4158  4158 D leak-29-30: 29
08-02 15:09:56.607  4158  4158 D leak-30-30: 30
08-02 15:09:56.607  4158  4158 D leak-31-30: 31
08-02 15:09:56.607  4158  4158 D leak-32-30: 32
08-02 15:09:56.607  4158  4158 D leak-34-30: 34
08-02 15:09:56.607  4158  4158 D leak-35-30: 35
08-02 15:09:56.607  4158  4158 D leak-36-30: 36
08-02 15:09:56.607  4158  4158 D leak-37-30: 37
08-02 15:09:56.607  4158  4158 D leak-38-30: 38
08-02 15:09:56.607  4158  4158 D leak-39-30: 39
08-02 15:09:56.607  4158  4158 D leak-40-30: 40
08-02 15:09:56.607  4158  4158 D leak-41-30: 41
08-02 15:09:56.607  4158  4158 D leak-43-30: 43
08-02 15:09:56.607  4158  4158 D leak-45-30: 45
08-02 15:09:56.607  4158  4158 D leak-48-30: 48
08-02 15:09:56.607  4158  4158 D leak-50-30: 50
08-02 15:09:56.607  4158  4158 D leak-51-30: 51
08-02 15:09:56.607  4158  4158 D leak-53-30: 53
08-02 15:09:56.607  4158  4158 D leak-55-30: 55
08-02 15:09:56.607  4158  4158 D leak-57-30: 57
08-02 15:09:56.607  4158  4158 D leak-58-30: 58
08-02 15:09:56.607  4158  4158 D leak-59-30: 59
08-02 15:09:56.659  4158  4158 D leak-23-31: Eastern Standard Time
08-02 15:09:56.659  4158  4158 D leak-24-31: 24
08-02 15:09:56.659  4158  4158 D leak-25-31: Eastern Standard Time
08-02 15:09:56.659  4158  4158 D leak-26-31: 26
08-02 15:09:56.659  4158  4158 D leak-27-31: 27
08-02 15:09:56.659  4158  4158 D leak-28-31: Eastern Standard Time
08-02 15:09:56.659  4158  4158 D leak-29-31: Eastern Standard Time
08-02 15:09:56.659  4158  4158 D leak-30-31: 30
08-02 15:09:56.659  4158  4158 D leak-31-31: 31
08-02 15:09:56.659  4158  4158 D leak-32-31: 32
08-02 15:09:56.659  4158  4158 D leak-34-31: 34
08-02 15:09:56.659  4158  4158 D leak-35-31: 35
08-02 15:09:56.659  4158  4158 D leak-36-31: 36
08-02 15:09:56.659  4158  4158 D leak-37-31: 37
08-02 15:09:56.659  4158  4158 D leak-38-31: 38
08-02 15:09:56.659  4158  4158 D leak-39-31: 39
08-02 15:09:56.659  4158  4158 D leak-40-31: 40
08-02 15:09:56.659  4158  4158 D leak-41-31: 41
08-02 15:09:56.659  4158  4158 D leak-43-31: 43
08-02 15:09:56.659  4158  4158 D leak-45-31: 45
08-02 15:09:56.659  4158  4158 D leak-48-31: 48
08-02 15:09:56.659  4158  4158 D leak-50-31: 50
08-02 15:09:56.659  4158  4158 D leak-51-31: 51
08-02 15:09:56.659  4158  4158 D leak-53-31: 53
08-02 15:09:56.659  4158  4158 D leak-55-31: 55
08-02 15:09:56.659  4158  4158 D leak-57-31: 57
08-02 15:09:56.659  4158  4158 D leak-58-31: 58
08-02 15:09:56.659  4158  4158 D leak-59-31: 59
08-02 15:09:56.661  4158  4158 D leak-23-32: Eastern Standard Time
08-02 15:09:56.666  4158  4158 D leak-24-32: 24
08-02 15:09:56.666  4158  4158 D leak-25-32: Eastern Standard Time
08-02 15:09:56.666  4158  4158 D leak-26-32: 26
08-02 15:09:56.666  4158  4158 D leak-27-32: 27
08-02 15:09:56.666  4158  4158 D leak-28-32: Eastern Standard Time
08-02 15:09:56.666  4158  4158 D leak-29-32: Eastern Standard Time
08-02 15:09:56.666  4158  4158 D leak-30-32: Eastern Standard Time
08-02 15:09:56.666  4158  4158 D leak-31-32: 31
08-02 15:09:56.666  4158  4158 D leak-32-32: 32
08-02 15:09:56.666  4158  4158 D leak-34-32: 34
08-02 15:09:56.666  4158  4158 D leak-35-32: 35
08-02 15:09:56.666  4158  4158 D leak-36-32: 36
08-02 15:09:56.666  4158  4158 D leak-37-32: 37
08-02 15:09:56.666  4158  4158 D leak-38-32: 38
08-02 15:09:56.666  4158  4158 D leak-39-32: 39
08-02 15:09:56.666  4158  4158 D leak-40-32: 40
08-02 15:09:56.666  4158  4158 D leak-41-32: 41
08-02 15:09:56.666  4158  4158 D leak-43-32: 43
08-02 15:09:56.666  4158  4158 D leak-45-32: 45
08-02 15:09:56.666  4158  4158 D leak-48-32: 48
08-02 15:09:56.666  4158  4158 D leak-50-32: 50
08-02 15:09:56.666  4158  4158 D leak-51-32: 51
08-02 15:09:56.666  4158  4158 D leak-53-32: 53
08-02 15:09:56.666  4158  4158 D leak-55-32: 55
08-02 15:09:56.666  4158  4158 D leak-57-32: 57
08-02 15:09:56.666  4158  4158 D leak-58-32: 58
08-02 15:09:56.666  4158  4158 D leak-59-32: 59
08-02 15:09:56.734  4158  4158 D leak-23-45: Eastern Standard Time
08-02 15:09:56.750  4158  4158 D leak-24-45: 24
08-02 15:09:56.750  4158  4158 D leak-25-45: Eastern Standard Time
08-02 15:09:56.750  4158  4158 D leak-26-45: 26
08-02 15:09:56.750  4158  4158 D leak-27-45: 27
08-02 15:09:56.750  4158  4158 D leak-28-45: Eastern Standard Time
08-02 15:09:56.750  4158  4158 D leak-29-45: Eastern Standard Time
08-02 15:09:56.750  4158  4158 D leak-30-45: Eastern Standard Time
08-02 15:09:56.750  4158  4158 D leak-31-45: 31
08-02 15:09:56.750  4158  4158 D leak-32-45: 32
08-02 15:09:56.750  4158  4158 D leak-34-45: 34
08-02 15:09:56.750  4158  4158 D leak-35-45: 35
08-02 15:09:56.750  4158  4158 D leak-36-45: 36
08-02 15:09:56.750  4158  4158 D leak-37-45: 37
08-02 15:09:56.750  4158  4158 D leak-38-45: 38
08-02 15:09:56.750  4158  4158 D leak-39-45: 39
08-02 15:09:56.750  4158  4158 D leak-40-45: 40
08-02 15:09:56.750  4158  4158 D leak-41-45: 41
08-02 15:09:56.750  4158  4158 D leak-43-45: 43
08-02 15:09:56.750  4158  4158 D leak-45-45: 45
08-02 15:09:56.750  4158  4158 D leak-48-45: 48
08-02 15:09:56.750  4158  4158 D leak-50-45: 50
08-02 15:09:56.750  4158  4158 D leak-51-45: 51
08-02 15:09:56.750  4158  4158 D leak-53-45: 53
08-02 15:09:56.750  4158  4158 D leak-55-45: 55
08-02 15:09:56.750  4158  4158 D leak-57-45: 57
08-02 15:09:56.750  4158  4158 D leak-58-45: 58
08-02 15:09:56.750  4158  4158 D leak-59-45: 59
08-02 15:09:56.951  4158  4175 D OpenGLRenderer: Use EGL_SWAP_BEHAVIOR_PRESERVED: true
08-02 15:09:57.044  4158  4158 D         : HostConnection::get() New Host Connection established 0xe9b1fc10, tid 4158
08-02 15:09:57.350  4158  4158 D leak-3-3: Eastern Standard Time
08-02 15:09:57.355  4158  4158 D leak-4-3: 4
08-02 15:09:57.355  4158  4158 D leak-5-3: 5
08-02 15:09:57.355  4158  4158 D leak-6-3: 6
08-02 15:09:57.355  4158  4158 D leak-7-3: 7
08-02 15:09:57.355  4158  4158 D leak-8-3: 8
08-02 15:09:57.355  4158  4158 D leak-9-3: 9
08-02 15:09:57.355  4158  4158 D leak-10-3: 10
08-02 15:09:57.366  4158  4177 D leak-3-7: Eastern Standard Time
08-02 15:09:57.366  4158  4177 D leak-4-7: 4
08-02 15:09:57.366  4158  4177 D leak-5-7: Eastern Standard Time
08-02 15:09:57.366  4158  4177 D leak-6-7: 6
08-02 15:09:57.366  4158  4177 D leak-7-7: 7
08-02 15:09:57.366  4158  4177 D leak-8-7: 8
08-02 15:09:57.366  4158  4177 D leak-9-7: 9
08-02 15:09:57.366  4158  4177 D leak-10-7: 10
08-02 15:09:57.366  4158  4177 D afhdownloader_Download: Fetch: https://androidfilehost.com/?w=files&flid=39788
08-02 15:09:57.803  4158  4169 I art     : Background partial concurrent mark sweep GC freed 10888(744KB) AllocSpace objects, 8(444KB) LOS objects, 40% free, 1662KB/2MB, paused 161us total 180.452ms
08-02 15:09:58.171  4158  4169 I art     : Background partial concurrent mark sweep GC freed 8119(471KB) AllocSpace objects, 5(160KB) LOS objects, 40% free, 2MB/3MB, paused 93us total 170.870ms
08-02 15:09:58.204   603   840 W art     : Long monitor contention event with owner method=int com.android.server.wm.WindowManagerService.relayoutWindow(com.android.server.wm.Session, android.view.IWindow, int, android.view.WindowManager$LayoutParams, int, int, int, int, android.graphics.Rect, android.graphics.Rect, android.graphics.Rect, android.graphics.Rect, android.graphics.Rect, android.graphics.Rect, android.content.res.Configuration, android.view.Surface) from WindowManagerService.java:3103 waiters=0 for 667ms
08-02 15:09:58.227  4158  4175 D libEGL  : loaded /system/lib/egl/libEGL_emulation.so
08-02 15:09:58.234  4158  4175 D libEGL  : loaded /system/lib/egl/libGLESv1_CM_emulation.so
08-02 15:09:58.251  4158  4175 D libEGL  : loaded /system/lib/egl/libGLESv2_emulation.so
08-02 15:09:58.266  4158  4175 D         : HostConnection::get() New Host Connection established 0xe9b1f220, tid 4175
08-02 15:09:58.460  4158  4175 I OpenGLRenderer: Initialized EGL, version 1.4
08-02 15:09:59.033  4158  4175 W EGL_emulation: eglSurfaceAttrib not implemented
08-02 15:09:59.033  4158  4175 W OpenGLRenderer: Failed to set EGL_SWAP_BEHAVIOR on surface 0xec8a5c60, error=EGL_SUCCESS
08-02 15:09:59.098  4158  4158 I Choreographer: Skipped 100 frames!  The application may be doing too much work on its main thread.
08-02 15:09:59.159  1554  1620 E Surface : getSlotFromBufferLocked: unknown buffer: 0xf2bbabf0
08-02 15:09:59.375  4158  4158 D leak-23-33: Eastern Standard Time
08-02 15:09:59.375  4158  4158 D leak-24-33: 24
08-02 15:09:59.375  4158  4158 D leak-25-33: Eastern Standard Time
08-02 15:09:59.375  4158  4158 D leak-26-33: 26
08-02 15:09:59.375  4158  4158 D leak-27-33: 27
08-02 15:09:59.375  4158  4158 D leak-28-33: Eastern Standard Time
08-02 15:09:59.375  4158  4158 D leak-29-33: Eastern Standard Time
08-02 15:09:59.375  4158  4158 D leak-30-33: Eastern Standard Time
08-02 15:09:59.375  4158  4158 D leak-31-33: Eastern Standard Time
08-02 15:09:59.375  4158  4158 D leak-32-33: 32
08-02 15:09:59.375  4158  4158 D leak-34-33: 34
08-02 15:09:59.375  4158  4158 D leak-35-33: 35
08-02 15:09:59.375  4158  4158 D leak-36-33: 36
08-02 15:09:59.375  4158  4158 D leak-37-33: 37
08-02 15:09:59.375  4158  4158 D leak-38-33: 38
08-02 15:09:59.375  4158  4158 D leak-39-33: 39
08-02 15:09:59.375  4158  4158 D leak-40-33: 40
08-02 15:09:59.375  4158  4158 D leak-41-33: 41
08-02 15:09:59.375  4158  4158 D leak-43-33: 43
08-02 15:09:59.375  4158  4158 D leak-45-33: 45
08-02 15:09:59.375  4158  4158 D leak-48-33: 48
08-02 15:09:59.375  4158  4158 D leak-50-33: 50
08-02 15:09:59.375  4158  4158 D leak-51-33: 51
08-02 15:09:59.375  4158  4158 D leak-53-33: 53
08-02 15:09:59.375  4158  4158 D leak-55-33: 55
08-02 15:09:59.375  4158  4158 D leak-57-33: 57
08-02 15:09:59.376  4158  4158 D leak-58-33: Eastern Standard Time
08-02 15:09:59.376  4158  4158 D leak-59-33: 59
08-02 15:09:59.377  4158  4158 D leak-23-41: Eastern Standard Time
08-02 15:09:59.377  4158  4158 D leak-24-41: 24
08-02 15:09:59.377  4158  4158 D leak-25-41: Eastern Standard Time
08-02 15:09:59.377  4158  4158 D leak-26-41: 26
08-02 15:09:59.377  4158  4158 D leak-27-41: 27
08-02 15:09:59.377  4158  4158 D leak-28-41: Eastern Standard Time
08-02 15:09:59.377  4158  4158 D leak-29-41: Eastern Standard Time
08-02 15:09:59.377  4158  4158 D leak-30-41: Eastern Standard Time
08-02 15:09:59.377  4158  4158 D leak-31-41: Eastern Standard Time
08-02 15:09:59.377  4158  4158 D leak-32-41: 32
08-02 15:09:59.377  4158  4158 D leak-34-41: 34
08-02 15:09:59.377  4158  4158 D leak-35-41: 35
08-02 15:09:59.377  4158  4158 D leak-36-41: 36
08-02 15:09:59.377  4158  4158 D leak-37-41: 37
08-02 15:09:59.377  4158  4158 D leak-38-41: 38
08-02 15:09:59.377  4158  4158 D leak-39-41: 39
08-02 15:09:59.377  4158  4158 D leak-40-41: 40
08-02 15:09:59.377  4158  4158 D leak-41-41: Eastern Standard Time
08-02 15:09:59.377  4158  4158 D leak-43-41: 43
08-02 15:09:59.377  4158  4158 D leak-45-41: 45
08-02 15:09:59.377  4158  4158 D leak-48-41: 48
08-02 15:09:59.377  4158  4158 D leak-50-41: 50
08-02 15:09:59.377  4158  4158 D leak-51-41: 51
08-02 15:09:59.377  4158  4158 D leak-53-41: 53
08-02 15:09:59.377  4158  4158 D leak-55-41: 55
08-02 15:09:59.377  4158  4158 D leak-57-41: 57
08-02 15:09:59.377  4158  4158 D leak-58-41: Eastern Standard Time
08-02 15:09:59.377  4158  4158 D leak-59-41: 59
08-02 15:09:59.400  4158  4158 W afhdownloader_MainActivity: Download
08-02 15:09:59.409  4158  4158 D leak-106-67: 106
08-02 15:09:59.418  4158  4158 D leak-107-67: 107
08-02 15:09:59.419  4158  4158 D leak-85-60: 85
08-02 15:09:59.419  4158  4158 D leak-87-60: 87
08-02 15:09:59.419  4158  4158 D leak-88-60: Eastern Standard Time
08-02 15:09:59.419  4158  4158 D leak-89-60: 89
08-02 15:09:59.419  4158  4158 D leak-90-60: 90
08-02 15:09:59.419  4158  4158 D leak-92-60: 92
08-02 15:09:59.419  4158  4158 D leak-94-60: 94
08-02 15:09:59.419  4158  4158 D leak-95-60: 95
08-02 15:09:59.419  4158  4158 D leak-97-60: 97
08-02 15:09:59.419  4158  4158 D leak-99-60: 99
08-02 15:09:59.419  4158  4158 D leak-101-60: 101
08-02 15:09:59.419  4158  4158 D leak-103-60: 103
08-02 15:09:59.419  4158  4158 D leak-105-60: 105
08-02 15:09:59.492   603   622 I ActivityManager: Displayed org.afhdownloader/.MainActivity: +3s230ms
08-02 15:10:01.439  4184  4184 D AndroidRuntime: >>>>>> START com.android.internal.os.RuntimeInit uid 0 <<<<<<
08-02 15:10:01.440  4184  4184 D AndroidRuntime: CheckJNI is OFF
08-02 15:10:01.448  4184  4184 D ICU     : No timezone override file found: /data/misc/zoneinfo/current/icu/icu_tzdata.dat
08-02 15:10:01.458  4184  4184 E memtrack: Couldn't load memtrack module (No such file or directory)
08-02 15:10:01.458  4184  4184 E android.os.Debug: failed to load memtrack module: -2
08-02 15:10:01.458  4184  4184 I Radio-JNI: register_android_hardware_Radio DONE
08-02 15:10:01.464  4184  4184 D AndroidRuntime: Calling main entry com.android.commands.content.Content
08-02 15:10:01.467  4184  4184 D AndroidRuntime: Shutting down VM
08-02 15:10:01.809  4195  4195 D AndroidRuntime: >>>>>> START com.android.internal.os.RuntimeInit uid 0 <<<<<<
08-02 15:10:01.810  4195  4195 D AndroidRuntime: CheckJNI is OFF
08-02 15:10:01.818  4195  4195 D ICU     : No timezone override file found: /data/misc/zoneinfo/current/icu/icu_tzdata.dat
08-02 15:10:01.827  4195  4195 E memtrack: Couldn't load memtrack module (No such file or directory)
08-02 15:10:01.828  4195  4195 E android.os.Debug: failed to load memtrack module: -2
08-02 15:10:01.828  4195  4195 I Radio-JNI: register_android_hardware_Radio DONE
08-02 15:10:01.835  4195  4195 D AndroidRuntime: Calling main entry com.android.commands.content.Content
08-02 15:10:01.837  4195  4195 D AndroidRuntime: Shutting down VM
08-02 15:10:02.837  4216  4216 D AndroidRuntime: >>>>>> START com.android.internal.os.RuntimeInit uid 0 <<<<<<
08-02 15:10:02.839  4216  4216 D AndroidRuntime: CheckJNI is OFF
08-02 15:10:02.846  4216  4216 D ICU     : No timezone override file found: /data/misc/zoneinfo/current/icu/icu_tzdata.dat
08-02 15:10:02.858  4216  4216 E memtrack: Couldn't load memtrack module (No such file or directory)
08-02 15:10:02.858  4216  4216 E android.os.Debug: failed to load memtrack module: -2
08-02 15:10:02.859  4216  4216 I Radio-JNI: register_android_hardware_Radio DONE
08-02 15:10:02.866  4216  4216 D AndroidRuntime: Calling main entry com.android.commands.uiautomator.Launcher
08-02 15:10:03.885  4216  4216 I AccessibilityNodeInfoDumper: Skipping invisible child: android.view.accessibility.AccessibilityNodeInfo@800080b3; boundsInParent: Rect(0, 0 - 1136, 0); boundsInScreen: Rect(32, 208 - 1168, 208); packageName: org.afhdownloader; className: android.widget.ListView; text: null; error: null; maxTextLength: -1; contentDescription: null; viewIdResName: org.afhdownloader:id/listView; checkable: false; checked: false; focusable: false; focused: false; selected: false; clickable: true; longClickable: false; contextClickable: false; enabled: true; password: false; scrollable: false; actions: [AccessibilityAction: ACTION_SELECT - null, AccessibilityAction: ACTION_CLEAR_SELECTION - null, AccessibilityAction: ACTION_CLICK - null, AccessibilityAction: ACTION_ACCESSIBILITY_FOCUS - null, AccessibilityAction: ACTION_UNKNOWN - null]
08-02 15:10:03.885  4216  4216 W AccessibilityNodeInfoDumper: Fetch time: 5ms
08-02 15:10:03.891   603   615 W WindowManager: Attempted to remove non-existing token: android.os.Binder@9225e37
08-02 15:10:03.902  4216  4216 D AndroidRuntime: Shutting down VM
08-02 15:10:04.347  4235  4235 D AndroidRuntime: >>>>>> START com.android.internal.os.RuntimeInit uid 0 <<<<<<
08-02 15:10:04.348  4235  4235 D AndroidRuntime: CheckJNI is OFF
08-02 15:10:04.357  4235  4235 D ICU     : No timezone override file found: /data/misc/zoneinfo/current/icu/icu_tzdata.dat
08-02 15:10:04.370  4235  4235 E memtrack: Couldn't load memtrack module (No such file or directory)
08-02 15:10:04.370  4235  4235 E android.os.Debug: failed to load memtrack module: -2
08-02 15:10:04.371  4235  4235 I Radio-JNI: register_android_hardware_Radio DONE
08-02 15:10:04.377  4235  4235 D AndroidRuntime: Calling main entry com.android.commands.uiautomator.Launcher
08-02 15:10:05.017   603   615 I ActivityManager: Killing 1809:com.android.exchange/u0a35 (adj 15): empty #17
08-02 15:10:05.017   603   615 W libprocessgroup: failed to open /acct/uid_10035/pid_1809/cgroup.procs: No such file or directory
08-02 15:10:05.401  4235  4235 I AccessibilityNodeInfoDumper: Skipping invisible child: android.view.accessibility.AccessibilityNodeInfo@800080b8; boundsInParent: Rect(0, 0 - 1136, 0); boundsInScreen: Rect(32, 208 - 1168, 208); packageName: org.afhdownloader; className: android.widget.ListView; text: null; error: null; maxTextLength: -1; contentDescription: null; viewIdResName: org.afhdownloader:id/listView; checkable: false; checked: false; focusable: false; focused: false; selected: false; clickable: true; longClickable: false; contextClickable: false; enabled: true; password: false; scrollable: false; actions: [AccessibilityAction: ACTION_SELECT - null, AccessibilityAction: ACTION_CLEAR_SELECTION - null, AccessibilityAction: ACTION_CLICK - null, AccessibilityAction: ACTION_ACCESSIBILITY_FOCUS - null, AccessibilityAction: ACTION_UNKNOWN - null]
08-02 15:10:05.401  4235  4235 W AccessibilityNodeInfoDumper: Fetch time: 6ms
08-02 15:10:05.402   603   615 W WindowManager: Attempted to remove non-existing token: android.os.Binder@c6fd10d
08-02 15:10:05.406  4235  4235 D AndroidRuntime: Shutting down VM
08-02 15:10:06.434  4258  4258 D AndroidRuntime: >>>>>> START com.android.internal.os.RuntimeInit uid 0 <<<<<<
08-02 15:10:06.436  4258  4258 D AndroidRuntime: CheckJNI is OFF
08-02 15:10:06.446  4258  4258 D ICU     : No timezone override file found: /data/misc/zoneinfo/current/icu/icu_tzdata.dat
08-02 15:10:06.458  4258  4258 E memtrack: Couldn't load memtrack module (No such file or directory)
08-02 15:10:06.458  4258  4258 E android.os.Debug: failed to load memtrack module: -2
08-02 15:10:06.459  4258  4258 I Radio-JNI: register_android_hardware_Radio DONE
08-02 15:10:06.464  4258  4258 D AndroidRuntime: Calling main entry com.android.commands.uiautomator.Launcher
08-02 15:10:07.479  4258  4258 I AccessibilityNodeInfoDumper: Skipping invisible child: android.view.accessibility.AccessibilityNodeInfo@800080bf; boundsInParent: Rect(0, 0 - 1136, 0); boundsInScreen: Rect(32, 208 - 1168, 208); packageName: org.afhdownloader; className: android.widget.ListView; text: null; error: null; maxTextLength: -1; contentDescription: null; viewIdResName: org.afhdownloader:id/listView; checkable: false; checked: false; focusable: false; focused: false; selected: false; clickable: true; longClickable: false; contextClickable: false; enabled: true; password: false; scrollable: false; actions: [AccessibilityAction: ACTION_SELECT - null, AccessibilityAction: ACTION_CLEAR_SELECTION - null, AccessibilityAction: ACTION_CLICK - null, AccessibilityAction: ACTION_ACCESSIBILITY_FOCUS - null, AccessibilityAction: ACTION_UNKNOWN - null]
08-02 15:10:07.480  4258  4258 W AccessibilityNodeInfoDumper: Fetch time: 5ms
08-02 15:10:07.484   603   615 W WindowManager: Attempted to remove non-existing token: android.os.Binder@a5c28c2
08-02 15:10:07.487  4258  4258 D AndroidRuntime: Shutting down VM
08-02 15:10:08.019   603  1389 D NetlinkSocketObserver: NeighborEvent{elapsedMs=207912, 10.0.3.2, [525400123502], RTM_NEWNEIGH, NUD_STALE}
08-02 15:10:08.571  4286  4286 D AndroidRuntime: >>>>>> START com.android.internal.os.RuntimeInit uid 0 <<<<<<
08-02 15:10:08.573  4286  4286 D AndroidRuntime: CheckJNI is OFF
08-02 15:10:08.583  4286  4286 D ICU     : No timezone override file found: /data/misc/zoneinfo/current/icu/icu_tzdata.dat
08-02 15:10:08.594  4286  4286 E memtrack: Couldn't load memtrack module (No such file or directory)
08-02 15:10:08.594  4286  4286 E android.os.Debug: failed to load memtrack module: -2
08-02 15:10:08.595  4286  4286 I Radio-JNI: register_android_hardware_Radio DONE
08-02 15:10:08.600  4286  4286 D AndroidRuntime: Calling main entry com.android.commands.uiautomator.Launcher
08-02 15:10:09.620  4286  4286 I AccessibilityNodeInfoDumper: Skipping invisible child: android.view.accessibility.AccessibilityNodeInfo@800080c6; boundsInParent: Rect(0, 0 - 1136, 0); boundsInScreen: Rect(32, 208 - 1168, 208); packageName: org.afhdownloader; className: android.widget.ListView; text: null; error: null; maxTextLength: -1; contentDescription: null; viewIdResName: org.afhdownloader:id/listView; checkable: false; checked: false; focusable: false; focused: false; selected: false; clickable: true; longClickable: false; contextClickable: false; enabled: true; password: false; scrollable: false; actions: [AccessibilityAction: ACTION_SELECT - null, AccessibilityAction: ACTION_CLEAR_SELECTION - null, AccessibilityAction: ACTION_CLICK - null, AccessibilityAction: ACTION_ACCESSIBILITY_FOCUS - null, AccessibilityAction: ACTION_UNKNOWN - null]
08-02 15:10:09.621  4286  4286 W AccessibilityNodeInfoDumper: Fetch time: 7ms
08-02 15:10:09.621   603  1109 W WindowManager: Attempted to remove non-existing token: android.os.Binder@5b4a6d3
08-02 15:10:09.630  4286  4286 D AndroidRuntime: Shutting down VM
08-02 15:10:10.707  4313  4313 D AndroidRuntime: >>>>>> START com.android.internal.os.RuntimeInit uid 0 <<<<<<
08-02 15:10:10.708  4313  4313 D AndroidRuntime: CheckJNI is OFF
08-02 15:10:10.716  4313  4313 D ICU     : No timezone override file found: /data/misc/zoneinfo/current/icu/icu_tzdata.dat
08-02 15:10:10.729  4313  4313 E memtrack: Couldn't load memtrack module (No such file or directory)
08-02 15:10:10.729  4313  4313 E android.os.Debug: failed to load memtrack module: -2
08-02 15:10:10.730  4313  4313 I Radio-JNI: register_android_hardware_Radio DONE
08-02 15:10:10.736  4313  4313 D AndroidRuntime: Calling main entry com.android.commands.uiautomator.Launcher
08-02 15:10:11.750  4313  4313 I AccessibilityNodeInfoDumper: Skipping invisible child: android.view.accessibility.AccessibilityNodeInfo@800080cb; boundsInParent: Rect(0, 0 - 1136, 0); boundsInScreen: Rect(32, 208 - 1168, 208); packageName: org.afhdownloader; className: android.widget.ListView; text: null; error: null; maxTextLength: -1; contentDescription: null; viewIdResName: org.afhdownloader:id/listView; checkable: false; checked: false; focusable: false; focused: false; selected: false; clickable: true; longClickable: false; contextClickable: false; enabled: true; password: false; scrollable: false; actions: [AccessibilityAction: ACTION_SELECT - null, AccessibilityAction: ACTION_CLEAR_SELECTION - null, AccessibilityAction: ACTION_CLICK - null, AccessibilityAction: ACTION_ACCESSIBILITY_FOCUS - null, AccessibilityAction: ACTION_UNKNOWN - null]
08-02 15:10:11.751  4313  4313 W AccessibilityNodeInfoDumper: Fetch time: 6ms
08-02 15:10:11.751   603   615 W WindowManager: Attempted to remove non-existing token: android.os.Binder@ed57109
08-02 15:10:11.758  4313  4313 D AndroidRuntime: Shutting down VM
08-02 15:10:12.209  4331  4331 D AndroidRuntime: >>>>>> START com.android.internal.os.RuntimeInit uid 0 <<<<<<
08-02 15:10:12.211  4331  4331 D AndroidRuntime: CheckJNI is OFF
08-02 15:10:12.220  4331  4331 D ICU     : No timezone override file found: /data/misc/zoneinfo/current/icu/icu_tzdata.dat
08-02 15:10:12.231  4331  4331 E memtrack: Couldn't load memtrack module (No such file or directory)
08-02 15:10:12.231  4331  4331 E android.os.Debug: failed to load memtrack module: -2
08-02 15:10:12.233  4331  4331 I Radio-JNI: register_android_hardware_Radio DONE
08-02 15:10:12.240  4331  4331 D AndroidRuntime: Calling main entry com.android.commands.uiautomator.Launcher
08-02 15:10:13.254  4331  4331 I AccessibilityNodeInfoDumper: Skipping invisible child: android.view.accessibility.AccessibilityNodeInfo@800080d0; boundsInParent: Rect(0, 0 - 1136, 0); boundsInScreen: Rect(32, 208 - 1168, 208); packageName: org.afhdownloader; className: android.widget.ListView; text: null; error: null; maxTextLength: -1; contentDescription: null; viewIdResName: org.afhdownloader:id/listView; checkable: false; checked: false; focusable: false; focused: false; selected: false; clickable: true; longClickable: false; contextClickable: false; enabled: true; password: false; scrollable: false; actions: [AccessibilityAction: ACTION_SELECT - null, AccessibilityAction: ACTION_CLEAR_SELECTION - null, AccessibilityAction: ACTION_CLICK - null, AccessibilityAction: ACTION_ACCESSIBILITY_FOCUS - null, AccessibilityAction: ACTION_UNKNOWN - null]
08-02 15:10:13.255  4331  4331 W AccessibilityNodeInfoDumper: Fetch time: 6ms
08-02 15:10:13.257   603   754 W WindowManager: Attempted to remove non-existing token: android.os.Binder@f480f0e
08-02 15:10:13.260  4331  4331 D AndroidRuntime: Shutting down VM
08-02 15:10:14.324  4354  4354 D AndroidRuntime: >>>>>> START com.android.internal.os.RuntimeInit uid 0 <<<<<<
08-02 15:10:14.326  4354  4354 D AndroidRuntime: CheckJNI is OFF
08-02 15:10:14.335  4354  4354 D ICU     : No timezone override file found: /data/misc/zoneinfo/current/icu/icu_tzdata.dat
08-02 15:10:14.346  4354  4354 E memtrack: Couldn't load memtrack module (No such file or directory)
08-02 15:10:14.346  4354  4354 E android.os.Debug: failed to load memtrack module: -2
08-02 15:10:14.349  4354  4354 I Radio-JNI: register_android_hardware_Radio DONE
08-02 15:10:14.355  4354  4354 D AndroidRuntime: Calling main entry com.android.commands.uiautomator.Launcher
08-02 15:10:15.373  4354  4354 I AccessibilityNodeInfoDumper: Skipping invisible child: android.view.accessibility.AccessibilityNodeInfo@800080d7; boundsInParent: Rect(0, 0 - 1136, 0); boundsInScreen: Rect(32, 208 - 1168, 208); packageName: org.afhdownloader; className: android.widget.ListView; text: null; error: null; maxTextLength: -1; contentDescription: null; viewIdResName: org.afhdownloader:id/listView; checkable: false; checked: false; focusable: false; focused: false; selected: false; clickable: true; longClickable: false; contextClickable: false; enabled: true; password: false; scrollable: false; actions: [AccessibilityAction: ACTION_SELECT - null, AccessibilityAction: ACTION_CLEAR_SELECTION - null, AccessibilityAction: ACTION_CLICK - null, AccessibilityAction: ACTION_ACCESSIBILITY_FOCUS - null, AccessibilityAction: ACTION_UNKNOWN - null]
08-02 15:10:15.373  4354  4354 W AccessibilityNodeInfoDumper: Fetch time: 5ms
08-02 15:10:15.377   603   615 W WindowManager: Attempted to remove non-existing token: android.os.Binder@918dd2f
08-02 15:10:15.391  4354  4354 D AndroidRuntime: Shutting down VM
08-02 15:10:15.886  4372  4372 D AndroidRuntime: >>>>>> START com.android.internal.os.RuntimeInit uid 0 <<<<<<
08-02 15:10:15.887  4372  4372 D AndroidRuntime: CheckJNI is OFF
08-02 15:10:15.896  4372  4372 D ICU     : No timezone override file found: /data/misc/zoneinfo/current/icu/icu_tzdata.dat
08-02 15:10:15.908  4372  4372 E memtrack: Couldn't load memtrack module (No such file or directory)
08-02 15:10:15.908  4372  4372 E android.os.Debug: failed to load memtrack module: -2
08-02 15:10:15.909  4372  4372 I Radio-JNI: register_android_hardware_Radio DONE
08-02 15:10:15.915  4372  4372 D AndroidRuntime: Calling main entry com.android.commands.uiautomator.Launcher
08-02 15:10:16.930  4372  4372 I AccessibilityNodeInfoDumper: Skipping invisible child: android.view.accessibility.AccessibilityNodeInfo@800080dc; boundsInParent: Rect(0, 0 - 1136, 0); boundsInScreen: Rect(32, 208 - 1168, 208); packageName: org.afhdownloader; className: android.widget.ListView; text: null; error: null; maxTextLength: -1; contentDescription: null; viewIdResName: org.afhdownloader:id/listView; checkable: false; checked: false; focusable: false; focused: false; selected: false; clickable: true; longClickable: false; contextClickable: false; enabled: true; password: false; scrollable: false; actions: [AccessibilityAction: ACTION_SELECT - null, AccessibilityAction: ACTION_CLEAR_SELECTION - null, AccessibilityAction: ACTION_CLICK - null, AccessibilityAction: ACTION_ACCESSIBILITY_FOCUS - null, AccessibilityAction: ACTION_UNKNOWN - null]
08-02 15:10:16.930  4372  4372 W AccessibilityNodeInfoDumper: Fetch time: 5ms
08-02 15:10:16.930   603   754 W WindowManager: Attempted to remove non-existing token: android.os.Binder@454af3c
08-02 15:10:16.955  4372  4372 D AndroidRuntime: Shutting down VM
08-02 15:10:18.000  4395  4395 D AndroidRuntime: >>>>>> START com.android.internal.os.RuntimeInit uid 0 <<<<<<
08-02 15:10:18.002  4395  4395 D AndroidRuntime: CheckJNI is OFF
08-02 15:10:18.011  4395  4395 D ICU     : No timezone override file found: /data/misc/zoneinfo/current/icu/icu_tzdata.dat
08-02 15:10:18.023  4395  4395 E memtrack: Couldn't load memtrack module (No such file or directory)
08-02 15:10:18.023  4395  4395 E android.os.Debug: failed to load memtrack module: -2
08-02 15:10:18.024  4395  4395 I Radio-JNI: register_android_hardware_Radio DONE
08-02 15:10:18.029  4395  4395 D AndroidRuntime: Calling main entry com.android.commands.uiautomator.Launcher
08-02 15:10:19.044  4395  4395 I AccessibilityNodeInfoDumper: Skipping invisible child: android.view.accessibility.AccessibilityNodeInfo@800080e2; boundsInParent: Rect(0, 0 - 1136, 0); boundsInScreen: Rect(32, 208 - 1168, 208); packageName: org.afhdownloader; className: android.widget.ListView; text: null; error: null; maxTextLength: -1; contentDescription: null; viewIdResName: org.afhdownloader:id/listView; checkable: false; checked: false; focusable: false; focused: false; selected: false; clickable: true; longClickable: false; contextClickable: false; enabled: true; password: false; scrollable: false; actions: [AccessibilityAction: ACTION_SELECT - null, AccessibilityAction: ACTION_CLEAR_SELECTION - null, AccessibilityAction: ACTION_CLICK - null, AccessibilityAction: ACTION_ACCESSIBILITY_FOCUS - null, AccessibilityAction: ACTION_UNKNOWN - null]
08-02 15:10:19.044  4395  4395 W AccessibilityNodeInfoDumper: Fetch time: 6ms
08-02 15:10:19.054   603   973 W WindowManager: Attempted to remove non-existing token: android.os.Binder@9db14c5
08-02 15:10:19.059  4395  4395 D AndroidRuntime: Shutting down VM
08-02 15:10:19.517  4413  4413 D AndroidRuntime: >>>>>> START com.android.internal.os.RuntimeInit uid 0 <<<<<<
08-02 15:10:19.519  4413  4413 D AndroidRuntime: CheckJNI is OFF
08-02 15:10:19.527  4413  4413 D ICU     : No timezone override file found: /data/misc/zoneinfo/current/icu/icu_tzdata.dat
08-02 15:10:19.538  4413  4413 E memtrack: Couldn't load memtrack module (No such file or directory)
08-02 15:10:19.538  4413  4413 E android.os.Debug: failed to load memtrack module: -2
08-02 15:10:19.538  4413  4413 I Radio-JNI: register_android_hardware_Radio DONE
08-02 15:10:19.543  4413  4413 D AndroidRuntime: Calling main entry com.android.commands.uiautomator.Launcher
08-02 15:10:20.561  4413  4413 I AccessibilityNodeInfoDumper: Skipping invisible child: android.view.accessibility.AccessibilityNodeInfo@800080e8; boundsInParent: Rect(0, 0 - 1136, 0); boundsInScreen: Rect(32, 208 - 1168, 208); packageName: org.afhdownloader; className: android.widget.ListView; text: null; error: null; maxTextLength: -1; contentDescription: null; viewIdResName: org.afhdownloader:id/listView; checkable: false; checked: false; focusable: false; focused: false; selected: false; clickable: true; longClickable: false; contextClickable: false; enabled: true; password: false; scrollable: false; actions: [AccessibilityAction: ACTION_SELECT - null, AccessibilityAction: ACTION_CLEAR_SELECTION - null, AccessibilityAction: ACTION_CLICK - null, AccessibilityAction: ACTION_ACCESSIBILITY_FOCUS - null, AccessibilityAction: ACTION_UNKNOWN - null]
08-02 15:10:20.562  4413  4413 W AccessibilityNodeInfoDumper: Fetch time: 5ms
08-02 15:10:20.565   603   997 W WindowManager: Attempted to remove non-existing token: android.os.Binder@7fa0e1a
08-02 15:10:20.568  4413  4413 D AndroidRuntime: Shutting down VM
08-02 15:10:21.606  4436  4436 D AndroidRuntime: >>>>>> START com.android.internal.os.RuntimeInit uid 0 <<<<<<
08-02 15:10:21.607  4436  4436 D AndroidRuntime: CheckJNI is OFF
08-02 15:10:21.617  4436  4436 D ICU     : No timezone override file found: /data/misc/zoneinfo/current/icu/icu_tzdata.dat
08-02 15:10:21.629  4436  4436 E memtrack: Couldn't load memtrack module (No such file or directory)
08-02 15:10:21.629  4436  4436 E android.os.Debug: failed to load memtrack module: -2
08-02 15:10:21.630  4436  4436 I Radio-JNI: register_android_hardware_Radio DONE
08-02 15:10:21.635  4436  4436 D AndroidRuntime: Calling main entry com.android.commands.uiautomator.Launcher
08-02 15:10:22.648  4436  4436 I AccessibilityNodeInfoDumper: Skipping invisible child: android.view.accessibility.AccessibilityNodeInfo@800080ee; boundsInParent: Rect(0, 0 - 1136, 0); boundsInScreen: Rect(32, 208 - 1168, 208); packageName: org.afhdownloader; className: android.widget.ListView; text: null; error: null; maxTextLength: -1; contentDescription: null; viewIdResName: org.afhdownloader:id/listView; checkable: false; checked: false; focusable: false; focused: false; selected: false; clickable: true; longClickable: false; contextClickable: false; enabled: true; password: false; scrollable: false; actions: [AccessibilityAction: ACTION_SELECT - null, AccessibilityAction: ACTION_CLEAR_SELECTION - null, AccessibilityAction: ACTION_CLICK - null, AccessibilityAction: ACTION_ACCESSIBILITY_FOCUS - null, AccessibilityAction: ACTION_UNKNOWN - null]
08-02 15:10:22.649  4436  4436 W AccessibilityNodeInfoDumper: Fetch time: 6ms
08-02 15:10:22.649   603   973 W WindowManager: Attempted to remove non-existing token: android.os.Binder@7e01d4b
08-02 15:10:22.652  4436  4436 D AndroidRuntime: Shutting down VM
08-02 15:10:23.096  4454  4454 D AndroidRuntime: >>>>>> START com.android.internal.os.RuntimeInit uid 0 <<<<<<
08-02 15:10:23.098  4454  4454 D AndroidRuntime: CheckJNI is OFF
08-02 15:10:23.109  4454  4454 D ICU     : No timezone override file found: /data/misc/zoneinfo/current/icu/icu_tzdata.dat
08-02 15:10:23.121  4454  4454 E memtrack: Couldn't load memtrack module (No such file or directory)
08-02 15:10:23.121  4454  4454 E android.os.Debug: failed to load memtrack module: -2
08-02 15:10:23.123  4454  4454 I Radio-JNI: register_android_hardware_Radio DONE
08-02 15:10:23.128  4454  4454 D AndroidRuntime: Calling main entry com.android.commands.uiautomator.Launcher
08-02 15:10:24.146  4454  4454 I AccessibilityNodeInfoDumper: Skipping invisible child: android.view.accessibility.AccessibilityNodeInfo@800080f4; boundsInParent: Rect(0, 0 - 1136, 0); boundsInScreen: Rect(32, 208 - 1168, 208); packageName: org.afhdownloader; className: android.widget.ListView; text: null; error: null; maxTextLength: -1; contentDescription: null; viewIdResName: org.afhdownloader:id/listView; checkable: false; checked: false; focusable: false; focused: false; selected: false; clickable: true; longClickable: false; contextClickable: false; enabled: true; password: false; scrollable: false; actions: [AccessibilityAction: ACTION_SELECT - null, AccessibilityAction: ACTION_CLEAR_SELECTION - null, AccessibilityAction: ACTION_CLICK - null, AccessibilityAction: ACTION_ACCESSIBILITY_FOCUS - null, AccessibilityAction: ACTION_UNKNOWN - null]
08-02 15:10:24.146  4454  4454 W AccessibilityNodeInfoDumper: Fetch time: 5ms
08-02 15:10:24.147   603   840 W WindowManager: Attempted to remove non-existing token: android.os.Binder@65b8328
08-02 15:10:24.155  4454  4454 D AndroidRuntime: Shutting down VM
08-02 15:10:25.233  4479  4479 D AndroidRuntime: >>>>>> START com.android.internal.os.RuntimeInit uid 0 <<<<<<
08-02 15:10:25.235  4479  4479 D AndroidRuntime: CheckJNI is OFF
08-02 15:10:25.244  4479  4479 D ICU     : No timezone override file found: /data/misc/zoneinfo/current/icu/icu_tzdata.dat
08-02 15:10:25.257  4479  4479 E memtrack: Couldn't load memtrack module (No such file or directory)
08-02 15:10:25.257  4479  4479 E android.os.Debug: failed to load memtrack module: -2
08-02 15:10:25.258  4479  4479 I Radio-JNI: register_android_hardware_Radio DONE
