08-02 13:17:20.260  3450  3450 I Radio-JNI: register_android_hardware_Radio DONE
08-02 13:17:20.266  3450  3450 D AndroidRuntime: Calling main entry com.android.commands.uiautomator.Launcher
08-02 13:17:21.288  3450  3450 W AccessibilityNodeInfoDumper: Fetch time: 1ms
08-02 13:17:21.288   624   636 W WindowManager: Attempted to remove non-existing token: android.os.Binder@fdfe14e
08-02 13:17:21.337  3450  3450 D AndroidRuntime: Shutting down VM
08-02 13:17:21.822  3468  3468 D AndroidRuntime: >>>>>> START com.android.internal.os.RuntimeInit uid 0 <<<<<<
08-02 13:17:21.823  3468  3468 D AndroidRuntime: CheckJNI is OFF
08-02 13:17:21.833  3468  3468 D ICU     : No timezone override file found: /data/misc/zoneinfo/current/icu/icu_tzdata.dat
08-02 13:17:21.858  3468  3468 E memtrack: Couldn't load memtrack module (No such file or directory)
08-02 13:17:21.858  3468  3468 E android.os.Debug: failed to load memtrack module: -2
08-02 13:17:21.859  3468  3468 I Radio-JNI: register_android_hardware_Radio DONE
08-02 13:17:21.867  3468  3468 D AndroidRuntime: Calling main entry com.android.commands.uiautomator.Launcher
08-02 13:17:22.886  3468  3468 W AccessibilityNodeInfoDumper: Fetch time: 1ms
08-02 13:17:22.886   624   982 W WindowManager: Attempted to remove non-existing token: android.os.Binder@94ce26f
08-02 13:17:22.896  3468  3468 D AndroidRuntime: Shutting down VM
08-02 13:17:24.067  3491  3491 D AndroidRuntime: >>>>>> START com.android.internal.os.RuntimeInit uid 0 <<<<<<
08-02 13:17:24.069  3491  3491 D AndroidRuntime: CheckJNI is OFF
08-02 13:17:24.087  3491  3491 D ICU     : No timezone override file found: /data/misc/zoneinfo/current/icu/icu_tzdata.dat
08-02 13:17:24.109  3491  3491 E memtrack: Couldn't load memtrack module (No such file or directory)
08-02 13:17:24.109  3491  3491 E android.os.Debug: failed to load memtrack module: -2
08-02 13:17:24.110  3491  3491 I Radio-JNI: register_android_hardware_Radio DONE
08-02 13:17:24.117  3491  3491 D AndroidRuntime: Calling main entry com.android.commands.uiautomator.Launcher
08-02 13:17:25.139  3491  3491 W AccessibilityNodeInfoDumper: Fetch time: 1ms
08-02 13:17:25.139   624   751 W WindowManager: Attempted to remove non-existing token: android.os.Binder@3946b7c
08-02 13:17:25.149  3491  3491 D AndroidRuntime: Shutting down VM
08-02 13:17:25.641  3509  3509 D AndroidRuntime: >>>>>> START com.android.internal.os.RuntimeInit uid 0 <<<<<<
08-02 13:17:25.643  3509  3509 D AndroidRuntime: CheckJNI is OFF
08-02 13:17:25.654  3509  3509 D ICU     : No timezone override file found: /data/misc/zoneinfo/current/icu/icu_tzdata.dat
08-02 13:17:25.668  3509  3509 E memtrack: Couldn't load memtrack module (No such file or directory)
08-02 13:17:25.668  3509  3509 E android.os.Debug: failed to load memtrack module: -2
08-02 13:17:25.669  3509  3509 I Radio-JNI: register_android_hardware_Radio DONE
08-02 13:17:25.677  3509  3509 D AndroidRuntime: Calling main entry com.android.commands.uiautomator.Launcher
08-02 13:17:26.694  3509  3509 W AccessibilityNodeInfoDumper: Fetch time: 1ms
08-02 13:17:26.694   624  1091 W WindowManager: Attempted to remove non-existing token: android.os.Binder@cd9bc05
08-02 13:17:26.705  3509  3509 D AndroidRuntime: Shutting down VM
08-02 13:17:27.812  3532  3532 D AndroidRuntime: >>>>>> START com.android.internal.os.RuntimeInit uid 0 <<<<<<
08-02 13:17:27.814  3532  3532 D AndroidRuntime: CheckJNI is OFF
08-02 13:17:27.840  3532  3532 D ICU     : No timezone override file found: /data/misc/zoneinfo/current/icu/icu_tzdata.dat
08-02 13:17:27.860  3532  3532 E memtrack: Couldn't load memtrack module (No such file or directory)
08-02 13:17:27.860  3532  3532 E android.os.Debug: failed to load memtrack module: -2
08-02 13:17:27.861  3532  3532 I Radio-JNI: register_android_hardware_Radio DONE
08-02 13:17:27.873  3532  3532 D AndroidRuntime: Calling main entry com.android.commands.uiautomator.Launcher
08-02 13:17:28.903  3532  3532 W AccessibilityNodeInfoDumper: Fetch time: 2ms
08-02 13:17:28.903   624  1056 W WindowManager: Attempted to remove non-existing token: android.os.Binder@dcc45a
08-02 13:17:28.924  3532  3532 D AndroidRuntime: Shutting down VM
08-02 13:17:29.422  3550  3550 D AndroidRuntime: >>>>>> START com.android.internal.os.RuntimeInit uid 0 <<<<<<
08-02 13:17:29.423  3550  3550 D AndroidRuntime: CheckJNI is OFF
08-02 13:17:29.432  3550  3550 D ICU     : No timezone override file found: /data/misc/zoneinfo/current/icu/icu_tzdata.dat
08-02 13:17:29.444  3550  3550 E memtrack: Couldn't load memtrack module (No such file or directory)
08-02 13:17:29.444  3550  3550 E android.os.Debug: failed to load memtrack module: -2
08-02 13:17:29.445  3550  3550 I Radio-JNI: register_android_hardware_Radio DONE
08-02 13:17:29.451  3550  3550 D AndroidRuntime: Calling main entry com.android.commands.uiautomator.Launcher
08-02 13:17:30.532  3550  3550 W AccessibilityNodeInfoDumper: Fetch time: 2ms
08-02 13:17:30.533   624   752 W WindowManager: Attempted to remove non-existing token: android.os.Binder@17ac368
08-02 13:17:30.558  3550  3550 D AndroidRuntime: Shutting down VM
08-02 13:17:31.660  3576  3576 D AndroidRuntime: >>>>>> START com.android.internal.os.RuntimeInit uid 0 <<<<<<
08-02 13:17:31.661  3576  3576 D AndroidRuntime: CheckJNI is OFF
08-02 13:17:31.671  3576  3576 D ICU     : No timezone override file found: /data/misc/zoneinfo/current/icu/icu_tzdata.dat
08-02 13:17:31.683  3576  3576 E memtrack: Couldn't load memtrack module (No such file or directory)
08-02 13:17:31.683  3576  3576 E android.os.Debug: failed to load memtrack module: -2
08-02 13:17:31.684  3576  3576 I Radio-JNI: register_android_hardware_Radio DONE
08-02 13:17:31.691  3576  3576 D AndroidRuntime: Calling main entry com.android.commands.uiautomator.Launcher
08-02 13:17:32.701  3576  3576 W AccessibilityNodeInfoDumper: Fetch time: 1ms
08-02 13:17:32.702   624  1073 W WindowManager: Attempted to remove non-existing token: android.os.Binder@33f1381
08-02 13:17:32.710  3576  3576 D AndroidRuntime: Shutting down VM
08-02 13:17:33.201  3594  3594 D AndroidRuntime: >>>>>> START com.android.internal.os.RuntimeInit uid 0 <<<<<<
08-02 13:17:33.203  3594  3594 D AndroidRuntime: CheckJNI is OFF
08-02 13:17:33.213  3594  3594 D ICU     : No timezone override file found: /data/misc/zoneinfo/current/icu/icu_tzdata.dat
08-02 13:17:33.226  3594  3594 E memtrack: Couldn't load memtrack module (No such file or directory)
08-02 13:17:33.226  3594  3594 E android.os.Debug: failed to load memtrack module: -2
08-02 13:17:33.227  3594  3594 I Radio-JNI: register_android_hardware_Radio DONE
08-02 13:17:33.239  3594  3594 D AndroidRuntime: Calling main entry com.android.commands.uiautomator.Launcher
08-02 13:17:34.250  3594  3594 W AccessibilityNodeInfoDumper: Fetch time: 1ms
08-02 13:17:34.251   624   636 W WindowManager: Attempted to remove non-existing token: android.os.Binder@92cc26
08-02 13:17:34.259  3594  3594 D AndroidRuntime: Shutting down VM
08-02 13:17:34.667  3607  3607 D AndroidRuntime: >>>>>> START com.android.internal.os.RuntimeInit uid 0 <<<<<<
08-02 13:17:34.669  3607  3607 D AndroidRuntime: CheckJNI is OFF
08-02 13:17:34.678  3607  3607 D ICU     : No timezone override file found: /data/misc/zoneinfo/current/icu/icu_tzdata.dat
08-02 13:17:34.688  3607  3607 E memtrack: Couldn't load memtrack module (No such file or directory)
08-02 13:17:34.688  3607  3607 E android.os.Debug: failed to load memtrack module: -2
08-02 13:17:34.689  3607  3607 I Radio-JNI: register_android_hardware_Radio DONE
08-02 13:17:34.695  3607  3607 D AndroidRuntime: Calling main entry com.android.commands.input.Input
08-02 13:17:34.696  3607  3607 I Input   : injectMotionEvent: MotionEvent { action=ACTION_DOWN, actionButton=0, id[0]=0, x[0]=946.0, y[0]=104.0, toolType[0]=TOOL_TYPE_UNKNOWN, buttonState=0, metaState=0, flags=0x0, edgeFlags=0x0, pointerCount=1, historySize=0, eventTime=434377, downTime=434377, deviceId=0, source=0x1002 }
08-02 13:17:34.698  3607  3607 I Input   : injectMotionEvent: MotionEvent { action=ACTION_UP, actionButton=0, id[0]=0, x[0]=946.0, y[0]=104.0, toolType[0]=TOOL_TYPE_UNKNOWN, buttonState=0, metaState=0, flags=0x0, edgeFlags=0x0, pointerCount=1, historySize=0, eventTime=434377, downTime=434377, deviceId=0, source=0x1002 }
08-02 13:17:34.701  3607  3607 D AndroidRuntime: Shutting down VM
08-02 13:17:34.725  2017  2017 D leak-147-85: Eastern Standard Time
08-02 13:17:34.725  2017  2017 D leak-148-85: 148
08-02 13:17:34.725  2017  2017 D leak-149-85: Eastern Standard Time
08-02 13:17:34.725  2017  2017 D leak-150-85: Eastern Standard Time
08-02 13:17:34.725  2017  2017 D leak-151-85: Eastern Standard Time
08-02 13:17:34.726  2017  2017 D leak-21-23: Eastern Standard Time
08-02 13:17:34.726  2017  2017 D leak-22-23: 22
08-02 13:17:34.726  2017  2017 D leak-24-23: 24
08-02 13:17:34.726  2017  2017 D leak-26-23: 26
08-02 13:17:34.726  2017  2017 D leak-28-23: 28
08-02 13:17:34.727  2017  2017 D leak-30-23: 30
08-02 13:17:34.727  2017  2017 D leak-32-23: 32
08-02 13:17:34.727  2017  2017 D leak-21-24: Eastern Standard Time
08-02 13:17:34.727  2017  2017 D leak-22-24: Eastern Standard Time
08-02 13:17:34.727  2017  2017 D leak-24-24: 24
08-02 13:17:34.727  2017  2017 D leak-26-24: 26
08-02 13:17:34.727  2017  2017 D leak-28-24: 28
08-02 13:17:34.727  2017  2017 D leak-30-24: 30
08-02 13:17:34.727  2017  2017 D leak-32-24: 32
08-02 13:17:34.796  2017  2032 W EGL_emulation: eglSurfaceAttrib not implemented
08-02 13:17:34.797  2017  2032 W OpenGLRenderer: Failed to set EGL_SWAP_BEHAVIOR on surface 0xec967700, error=EGL_SUCCESS
08-02 13:17:34.824   955   955 W RichInputMethodSubtype: Can't find emoji subtype
08-02 13:17:34.825   955   955 W RichInputMethodSubtype: No input method subtype found; returning dummy subtype: Multi-lingual subtype: android.view.inputmethod.InputMethodSubtype@d78b2ed0, zz
08-02 13:17:34.863   955   955 W ViewPager: Requested offscreen page limit 0 too small; defaulting to 1
08-02 13:17:34.874   624   703 W AudioTrack: AUDIO_OUTPUT_FLAG_FAST denied by client; transfer 4, track 48000 Hz, output 44100 Hz
08-02 13:17:34.890   955   955 I LatinIME: Starting input. Cursor position = 0,0
08-02 13:17:34.917   955  3624 D OpenGLRenderer: Use EGL_SWAP_BEHAVIOR_PRESERVED: true
08-02 13:17:34.933   955   955 D         : HostConnection::get() New Host Connection established 0xe867fb20, tid 955
08-02 13:17:35.009   955  3624 D libEGL  : loaded /system/lib/egl/libEGL_emulation.so
08-02 13:17:35.010   955  3624 D libEGL  : loaded /system/lib/egl/libGLESv1_CM_emulation.so
08-02 13:17:35.018   955  3624 D libEGL  : loaded /system/lib/egl/libGLESv2_emulation.so
08-02 13:17:35.026   955  3624 D         : HostConnection::get() New Host Connection established 0xe867fc20, tid 3624
08-02 13:17:35.047   955  3624 I OpenGLRenderer: Initialized EGL, version 1.4
08-02 13:17:35.078   955  3624 W EGL_emulation: eglSurfaceAttrib not implemented
08-02 13:17:35.078   955  3624 W OpenGLRenderer: Failed to set EGL_SWAP_BEHAVIOR on surface 0xe9b9c2c0, error=EGL_SUCCESS
08-02 13:17:39.125  3948  3948 D AndroidRuntime: >>>>>> START com.android.internal.os.RuntimeInit uid 0 <<<<<<
08-02 13:17:39.126  3948  3948 D AndroidRuntime: CheckJNI is OFF
08-02 13:17:39.134  3948  3948 D ICU     : No timezone override file found: /data/misc/zoneinfo/current/icu/icu_tzdata.dat
08-02 13:17:39.145  3948  3948 E memtrack: Couldn't load memtrack module (No such file or directory)
08-02 13:17:39.145  3948  3948 E android.os.Debug: failed to load memtrack module: -2
08-02 13:17:39.146  3948  3948 I Radio-JNI: register_android_hardware_Radio DONE
08-02 13:17:39.151  3948  3948 D AndroidRuntime: Calling main entry com.android.commands.input.Input
08-02 13:17:39.152  3948  3948 I Input   : injectKeyEvent: KeyEvent { action=ACTION_DOWN, keyCode=KEYCODE_ESCAPE, scanCode=0, metaState=0, flags=0x0, repeatCount=0, eventTime=438833, downTime=438833, deviceId=-1, source=0x101 }
08-02 13:17:39.155  3948  3948 I Input   : injectKeyEvent: KeyEvent { action=ACTION_UP, keyCode=KEYCODE_ESCAPE, scanCode=0, metaState=0, flags=0x0, repeatCount=0, eventTime=438833, downTime=438833, deviceId=-1, source=0x101 }
08-02 13:17:39.165  3948  3948 D AndroidRuntime: Shutting down VM
08-02 13:17:39.175   955  3624 E Surface : getSlotFromBufferLocked: unknown buffer: 0xe9bf2350
08-02 13:17:42.137  3963  3963 D AndroidRuntime: >>>>>> START com.android.internal.os.RuntimeInit uid 0 <<<<<<
08-02 13:17:42.138  3963  3963 D AndroidRuntime: CheckJNI is OFF
08-02 13:17:42.146  3963  3963 D ICU     : No timezone override file found: /data/misc/zoneinfo/current/icu/icu_tzdata.dat
08-02 13:17:42.160  3963  3963 E memtrack: Couldn't load memtrack module (No such file or directory)
08-02 13:17:42.160  3963  3963 E android.os.Debug: failed to load memtrack module: -2
08-02 13:17:42.161  3963  3963 I Radio-JNI: register_android_hardware_Radio DONE
08-02 13:17:42.170  3963  3963 D AndroidRuntime: Calling main entry com.android.commands.uiautomator.Launcher
08-02 13:17:43.198  3963  3963 W AccessibilityNodeInfoDumper: Fetch time: 1ms
08-02 13:17:43.199   624  1052 W WindowManager: Attempted to remove non-existing token: android.os.Binder@8ed77ba
08-02 13:17:43.224  3963  3963 D AndroidRuntime: Shutting down VM
08-02 13:17:44.344  3986  3986 D AndroidRuntime: >>>>>> START com.android.internal.os.RuntimeInit uid 0 <<<<<<
08-02 13:17:44.345  3986  3986 D AndroidRuntime: CheckJNI is OFF
08-02 13:17:44.374  3986  3986 D ICU     : No timezone override file found: /data/misc/zoneinfo/current/icu/icu_tzdata.dat
08-02 13:17:44.392  3986  3986 E memtrack: Couldn't load memtrack module (No such file or directory)
08-02 13:17:44.392  3986  3986 E android.os.Debug: failed to load memtrack module: -2
08-02 13:17:44.393  3986  3986 I Radio-JNI: register_android_hardware_Radio DONE
08-02 13:17:44.399  3986  3986 D AndroidRuntime: Calling main entry com.android.commands.uiautomator.Launcher
08-02 13:17:45.414  3986  3986 W AccessibilityNodeInfoDumper: Fetch time: 1ms
08-02 13:17:45.414   624  1091 W WindowManager: Attempted to remove non-existing token: android.os.Binder@b72d66b
08-02 13:17:45.423  3986  3986 D AndroidRuntime: Shutting down VM
08-02 13:17:45.891  4003  4003 D AndroidRuntime: >>>>>> START com.android.internal.os.RuntimeInit uid 0 <<<<<<
08-02 13:17:45.893  4003  4003 D AndroidRuntime: CheckJNI is OFF
08-02 13:17:45.904  4003  4003 D ICU     : No timezone override file found: /data/misc/zoneinfo/current/icu/icu_tzdata.dat
08-02 13:17:45.917  4003  4003 E memtrack: Couldn't load memtrack module (No such file or directory)
08-02 13:17:45.917  4003  4003 E android.os.Debug: failed to load memtrack module: -2
08-02 13:17:45.919  4003  4003 I Radio-JNI: register_android_hardware_Radio DONE
08-02 13:17:45.928  4003  4003 D AndroidRuntime: Calling main entry com.android.commands.uiautomator.Launcher
08-02 13:17:47.027  4003  4003 W AccessibilityNodeInfoDumper: Fetch time: 2ms
08-02 13:17:47.027   624  1073 W WindowManager: Attempted to remove non-existing token: android.os.Binder@a86661
08-02 13:17:47.053  4003  4003 D AndroidRuntime: Shutting down VM
08-02 13:17:48.143  4026  4026 D AndroidRuntime: >>>>>> START com.android.internal.os.RuntimeInit uid 0 <<<<<<
08-02 13:17:48.145  4026  4026 D AndroidRuntime: CheckJNI is OFF
08-02 13:17:48.160  4026  4026 D ICU     : No timezone override file found: /data/misc/zoneinfo/current/icu/icu_tzdata.dat
08-02 13:17:48.180  4026  4026 E memtrack: Couldn't load memtrack module (No such file or directory)
08-02 13:17:48.180  4026  4026 E android.os.Debug: failed to load memtrack module: -2
08-02 13:17:48.182  4026  4026 I Radio-JNI: register_android_hardware_Radio DONE
08-02 13:17:48.196  4026  4026 D AndroidRuntime: Calling main entry com.android.commands.uiautomator.Launcher
08-02 13:17:49.209  4026  4026 W AccessibilityNodeInfoDumper: Fetch time: 1ms
08-02 13:17:49.209   624  1073 W WindowManager: Attempted to remove non-existing token: android.os.Binder@6eb5586
08-02 13:17:49.220  4026  4026 D AndroidRuntime: Shutting down VM
08-02 13:17:50.416  4053  4053 D AndroidRuntime: >>>>>> START com.android.internal.os.RuntimeInit uid 0 <<<<<<
08-02 13:17:50.418  4053  4053 D AndroidRuntime: CheckJNI is OFF
08-02 13:17:50.426  4053  4053 D ICU     : No timezone override file found: /data/misc/zoneinfo/current/icu/icu_tzdata.dat
08-02 13:17:50.438  4053  4053 E memtrack: Couldn't load memtrack module (No such file or directory)
08-02 13:17:50.438  4053  4053 E android.os.Debug: failed to load memtrack module: -2
08-02 13:17:50.439  4053  4053 I Radio-JNI: register_android_hardware_Radio DONE
08-02 13:17:50.444  4053  4053 D AndroidRuntime: Calling main entry com.android.commands.uiautomator.Launcher
08-02 13:17:51.459  4053  4053 W AccessibilityNodeInfoDumper: Fetch time: 2ms
08-02 13:17:51.459   624  1633 W WindowManager: Attempted to remove non-existing token: android.os.Binder@1e66e47
08-02 13:17:51.474  4053  4053 D AndroidRuntime: Shutting down VM
08-02 13:17:52.584  4079  4079 D AndroidRuntime: >>>>>> START com.android.internal.os.RuntimeInit uid 0 <<<<<<
08-02 13:17:52.585  4079  4079 D AndroidRuntime: CheckJNI is OFF
08-02 13:17:52.595  4079  4079 D ICU     : No timezone override file found: /data/misc/zoneinfo/current/icu/icu_tzdata.dat
08-02 13:17:52.610  4079  4079 E memtrack: Couldn't load memtrack module (No such file or directory)
08-02 13:17:52.610  4079  4079 E android.os.Debug: failed to load memtrack module: -2
08-02 13:17:52.610  4079  4079 I Radio-JNI: register_android_hardware_Radio DONE
08-02 13:17:52.617  4079  4079 D AndroidRuntime: Calling main entry com.android.commands.uiautomator.Launcher
08-02 13:17:53.638  4079  4079 W AccessibilityNodeInfoDumper: Fetch time: 1ms
08-02 13:17:53.639   624   752 W WindowManager: Attempted to remove non-existing token: android.os.Binder@6a0c674
08-02 13:17:53.649  4079  4079 D AndroidRuntime: Shutting down VM
08-02 13:17:54.132  4096  4096 D AndroidRuntime: >>>>>> START com.android.internal.os.RuntimeInit uid 0 <<<<<<
08-02 13:17:54.133  4096  4096 D AndroidRuntime: CheckJNI is OFF
08-02 13:17:54.141  4096  4096 D ICU     : No timezone override file found: /data/misc/zoneinfo/current/icu/icu_tzdata.dat
08-02 13:17:54.153  4096  4096 E memtrack: Couldn't load memtrack module (No such file or directory)
08-02 13:17:54.153  4096  4096 E android.os.Debug: failed to load memtrack module: -2
08-02 13:17:54.153  4096  4096 I Radio-JNI: register_android_hardware_Radio DONE
08-02 13:17:54.159  4096  4096 D AndroidRuntime: Calling main entry com.android.commands.uiautomator.Launcher
08-02 13:17:55.171  4096  4096 W AccessibilityNodeInfoDumper: Fetch time: 1ms
08-02 13:17:55.172   624   982 W WindowManager: Attempted to remove non-existing token: android.os.Binder@a4079d
08-02 13:17:55.180  4096  4096 D AndroidRuntime: Shutting down VM
08-02 13:17:56.258  4119  4119 D AndroidRuntime: >>>>>> START com.android.internal.os.RuntimeInit uid 0 <<<<<<
08-02 13:17:56.260  4119  4119 D AndroidRuntime: CheckJNI is OFF
08-02 13:17:56.273  4119  4119 D ICU     : No timezone override file found: /data/misc/zoneinfo/current/icu/icu_tzdata.dat
08-02 13:17:56.286  4119  4119 E memtrack: Couldn't load memtrack module (No such file or directory)
08-02 13:17:56.286  4119  4119 E android.os.Debug: failed to load memtrack module: -2
08-02 13:17:56.287  4119  4119 I Radio-JNI: register_android_hardware_Radio DONE
08-02 13:17:56.294  4119  4119 D AndroidRuntime: Calling main entry com.android.commands.uiautomator.Launcher
08-02 13:17:57.309  4119  4119 W AccessibilityNodeInfoDumper: Fetch time: 1ms
08-02 13:17:57.310   624   635 W WindowManager: Attempted to remove non-existing token: android.os.Binder@974412
08-02 13:17:57.317  4119  4119 D AndroidRuntime: Shutting down VM
08-02 13:17:57.788  4136  4136 D AndroidRuntime: >>>>>> START com.android.internal.os.RuntimeInit uid 0 <<<<<<
08-02 13:17:57.791  4136  4136 D AndroidRuntime: CheckJNI is OFF
08-02 13:17:57.806  4136  4136 D ICU     : No timezone override file found: /data/misc/zoneinfo/current/icu/icu_tzdata.dat
08-02 13:17:57.827  4136  4136 E memtrack: Couldn't load memtrack module (No such file or directory)
08-02 13:17:57.827  4136  4136 E android.os.Debug: failed to load memtrack module: -2
08-02 13:17:57.828  4136  4136 I Radio-JNI: register_android_hardware_Radio DONE
08-02 13:17:57.839  4136  4136 D AndroidRuntime: Calling main entry com.android.commands.uiautomator.Launcher
08-02 13:17:58.860  4136  4136 W AccessibilityNodeInfoDumper: Fetch time: 2ms
08-02 13:17:58.860   624  1633 W WindowManager: Attempted to remove non-existing token: android.os.Binder@83dd5e0
08-02 13:17:58.879  4136  4136 D AndroidRuntime: Shutting down VM
08-02 13:18:00.017  4159  4159 D AndroidRuntime: >>>>>> START com.android.internal.os.RuntimeInit uid 0 <<<<<<
08-02 13:18:00.020  4159  4159 D AndroidRuntime: CheckJNI is OFF
08-02 13:18:00.048  4159  4159 D ICU     : No timezone override file found: /data/misc/zoneinfo/current/icu/icu_tzdata.dat
08-02 13:18:00.068  4159  4159 E memtrack: Couldn't load memtrack module (No such file or directory)
08-02 13:18:00.068  4159  4159 E android.os.Debug: failed to load memtrack module: -2
08-02 13:18:00.080  4159  4159 I Radio-JNI: register_android_hardware_Radio DONE
08-02 13:18:00.090  4159  4159 D AndroidRuntime: Calling main entry com.android.commands.uiautomator.Launcher
08-02 13:18:01.110  4159  4159 W AccessibilityNodeInfoDumper: Fetch time: 1ms
08-02 13:18:01.111   624   982 W WindowManager: Attempted to remove non-existing token: android.os.Binder@4be8099
08-02 13:18:01.119  4159  4159 D AndroidRuntime: Shutting down VM
08-02 13:18:01.651  4176  4176 D AndroidRuntime: >>>>>> START com.android.internal.os.RuntimeInit uid 0 <<<<<<
08-02 13:18:01.653  4176  4176 D AndroidRuntime: CheckJNI is OFF
08-02 13:18:01.664  4176  4176 D ICU     : No timezone override file found: /data/misc/zoneinfo/current/icu/icu_tzdata.dat
08-02 13:18:01.676  4176  4176 E memtrack: Couldn't load memtrack module (No such file or directory)
08-02 13:18:01.676  4176  4176 E android.os.Debug: failed to load memtrack module: -2
08-02 13:18:01.677  4176  4176 I Radio-JNI: register_android_hardware_Radio DONE
08-02 13:18:01.686  4176  4176 D AndroidRuntime: Calling main entry com.android.commands.uiautomator.Launcher
08-02 13:18:02.703  4176  4176 W AccessibilityNodeInfoDumper: Fetch time: 2ms
08-02 13:18:02.703   624  1091 W WindowManager: Attempted to remove non-existing token: android.os.Binder@fa18f5e
08-02 13:18:02.711  4176  4176 D AndroidRuntime: Shutting down VM
08-02 13:18:03.149  4189  4189 D AndroidRuntime: >>>>>> START com.android.internal.os.RuntimeInit uid 0 <<<<<<
08-02 13:18:03.150  4189  4189 D AndroidRuntime: CheckJNI is OFF
08-02 13:18:03.161  4189  4189 D ICU     : No timezone override file found: /data/misc/zoneinfo/current/icu/icu_tzdata.dat
08-02 13:18:03.174  4189  4189 E memtrack: Couldn't load memtrack module (No such file or directory)
08-02 13:18:03.174  4189  4189 E android.os.Debug: failed to load memtrack module: -2
08-02 13:18:03.175  4189  4189 I Radio-JNI: register_android_hardware_Radio DONE
08-02 13:18:03.181  4189  4189 D AndroidRuntime: Calling main entry com.android.commands.input.Input
08-02 13:18:03.182  4189  4189 I Input   : injectMotionEvent: MotionEvent { action=ACTION_DOWN, actionButton=0, id[0]=0, x[0]=600.0, y[0]=953.0, toolType[0]=TOOL_TYPE_UNKNOWN, buttonState=0, metaState=0, flags=0x0, edgeFlags=0x0, pointerCount=1, historySize=0, eventTime=462863, downTime=462863, deviceId=0, source=0x1002 }
08-02 13:18:03.183  4189  4189 I Input   : injectMotionEvent: MotionEvent { action=ACTION_UP, actionButton=0, id[0]=0, x[0]=600.0, y[0]=953.0, toolType[0]=TOOL_TYPE_UNKNOWN, buttonState=0, metaState=0, flags=0x0, edgeFlags=0x0, pointerCount=1, historySize=0, eventTime=462863, downTime=462863, deviceId=0, source=0x1002 }
08-02 13:18:03.185  4189  4189 D AndroidRuntime: Shutting down VM
08-02 13:18:03.188   955   955 I LatinIME: Starting input. Cursor position = 0,0
08-02 13:18:03.234   955  3624 W EGL_emulation: eglSurfaceAttrib not implemented
08-02 13:18:03.234   955  3624 W OpenGLRenderer: Failed to set EGL_SWAP_BEHAVIOR on surface 0xe9b9ca40, error=EGL_SUCCESS
08-02 13:18:03.642  4200  4200 D AndroidRuntime: >>>>>> START com.android.internal.os.RuntimeInit uid 0 <<<<<<
08-02 13:18:03.644  4200  4200 D AndroidRuntime: CheckJNI is OFF
08-02 13:18:03.658  4200  4200 D ICU     : No timezone override file found: /data/misc/zoneinfo/current/icu/icu_tzdata.dat
08-02 13:18:03.674  4200  4200 E memtrack: Couldn't load memtrack module (No such file or directory)
08-02 13:18:03.674  4200  4200 E android.os.Debug: failed to load memtrack module: -2
08-02 13:18:03.676  4200  4200 I Radio-JNI: register_android_hardware_Radio DONE
08-02 13:18:03.690  4200  4200 D AndroidRuntime: Calling main entry com.android.commands.input.Input
08-02 13:18:03.725  4200  4200 I Input   : injectKeyEvent: KeyEvent { action=ACTION_DOWN, keyCode=KEYCODE_ESCAPE, scanCode=0, metaState=0, flags=0x0, repeatCount=0, eventTime=463400, downTime=463400, deviceId=-1, source=0x101 }
08-02 13:18:03.730  4200  4200 I Input   : injectKeyEvent: KeyEvent { action=ACTION_UP, keyCode=KEYCODE_ESCAPE, scanCode=0, metaState=0, flags=0x0, repeatCount=0, eventTime=463400, downTime=463400, deviceId=-1, source=0x101 }
08-02 13:18:03.741  4200  4200 D AndroidRuntime: Shutting down VM
08-02 13:18:03.754   955  3624 E Surface : getSlotFromBufferLocked: unknown buffer: 0xe9bf2200
08-02 13:18:04.730  4213  4213 D AndroidRuntime: >>>>>> START com.android.internal.os.RuntimeInit uid 0 <<<<<<
08-02 13:18:04.732  4213  4213 D AndroidRuntime: CheckJNI is OFF
08-02 13:18:04.742  4213  4213 D ICU     : No timezone override file found: /data/misc/zoneinfo/current/icu/icu_tzdata.dat
08-02 13:18:04.752  4213  4213 E memtrack: Couldn't load memtrack module (No such file or directory)
08-02 13:18:04.752  4213  4213 E android.os.Debug: failed to load memtrack module: -2
08-02 13:18:04.755  4213  4213 I Radio-JNI: register_android_hardware_Radio DONE
08-02 13:18:04.762  4213  4213 D AndroidRuntime: Calling main entry com.android.commands.input.Input
08-02 13:18:04.765  4213  4213 I Input   : injectKeyEvent: KeyEvent { action=ACTION_DOWN, keyCode=KEYCODE_MOVE_END, scanCode=0, metaState=0, flags=0x0, repeatCount=0, eventTime=464444, downTime=464444, deviceId=-1, source=0x101 }
08-02 13:18:04.767  4213  4213 I Input   : injectKeyEvent: KeyEvent { action=ACTION_UP, keyCode=KEYCODE_MOVE_END, scanCode=0, metaState=0, flags=0x0, repeatCount=0, eventTime=464444, downTime=464444, deviceId=-1, source=0x101 }
08-02 13:18:04.768  4213  4213 D AndroidRuntime: Shutting down VM
08-02 13:18:05.138  4222  4222 D AndroidRuntime: >>>>>> START com.android.internal.os.RuntimeInit uid 0 <<<<<<
08-02 13:18:05.140  4222  4222 D AndroidRuntime: CheckJNI is OFF
08-02 13:18:05.150  4222  4222 D ICU     : No timezone override file found: /data/misc/zoneinfo/current/icu/icu_tzdata.dat
08-02 13:18:05.160  4222  4222 E memtrack: Couldn't load memtrack module (No such file or directory)
08-02 13:18:05.160  4222  4222 E android.os.Debug: failed to load memtrack module: -2
08-02 13:18:05.163  4222  4222 I Radio-JNI: register_android_hardware_Radio DONE
08-02 13:18:05.169  4222  4222 D AndroidRuntime: Calling main entry com.android.commands.input.Input
08-02 13:18:05.169  4222  4222 I Input   : injectKeyEvent: KeyEvent { action=ACTION_DOWN, keyCode=KEYCODE_DEL, scanCode=0, metaState=0, flags=0x0, repeatCount=0, eventTime=464851, downTime=464851, deviceId=-1, source=0x101 }
08-02 13:18:05.174  4222  4222 I Input   : injectKeyEvent: KeyEvent { action=ACTION_UP, keyCode=KEYCODE_DEL, scanCode=0, metaState=0, flags=0x0, repeatCount=0, eventTime=464851, downTime=464851, deviceId=-1, source=0x101 }
08-02 13:18:05.175  4222  4222 I Input   : injectKeyEvent: KeyEvent { action=ACTION_DOWN, keyCode=KEYCODE_DEL, scanCode=0, metaState=0, flags=0x0, repeatCount=0, eventTime=464856, downTime=464856, deviceId=-1, source=0x101 }
08-02 13:18:05.177  4222  4222 I Input   : injectKeyEvent: KeyEvent { action=ACTION_UP, keyCode=KEYCODE_DEL, scanCode=0, metaState=0, flags=0x0, repeatCount=0, eventTime=464856, downTime=464856, deviceId=-1, source=0x101 }
08-02 13:18:05.177  4222  4222 I Input   : injectKeyEvent: KeyEvent { action=ACTION_DOWN, keyCode=KEYCODE_DEL, scanCode=0, metaState=0, flags=0x0, repeatCount=0, eventTime=464859, downTime=464859, deviceId=-1, source=0x101 }
08-02 13:18:05.179  4222  4222 I Input   : injectKeyEvent: KeyEvent { action=ACTION_UP, keyCode=KEYCODE_DEL, scanCode=0, metaState=0, flags=0x0, repeatCount=0, eventTime=464859, downTime=464859, deviceId=-1, source=0x101 }
08-02 13:18:05.180  4222  4222 I Input   : injectKeyEvent: KeyEvent { action=ACTION_DOWN, keyCode=KEYCODE_DEL, scanCode=0, metaState=0, flags=0x0, repeatCount=0, eventTime=464861, downTime=464861, deviceId=-1, source=0x101 }
08-02 13:18:05.185  4222  4222 I Input   : injectKeyEvent: KeyEvent { action=ACTION_UP, keyCode=KEYCODE_DEL, scanCode=0, metaState=0, flags=0x0, repeatCount=0, eventTime=464861, downTime=464861, deviceId=-1, source=0x101 }
08-02 13:18:05.187  4222  4222 I Input   : injectKeyEvent: KeyEvent { action=ACTION_DOWN, keyCode=KEYCODE_DEL, scanCode=0, metaState=0, flags=0x0, repeatCount=0, eventTime=464868, downTime=464868, deviceId=-1, source=0x101 }
08-02 13:18:05.188  4222  4222 I Input   : injectKeyEvent: KeyEvent { action=ACTION_UP, keyCode=KEYCODE_DEL, scanCode=0, metaState=0, flags=0x0, repeatCount=0, eventTime=464868, downTime=464868, deviceId=-1, source=0x101 }
08-02 13:18:05.189  4222  4222 I Input   : injectKeyEvent: KeyEvent { action=ACTION_DOWN, keyCode=KEYCODE_DEL, scanCode=0, metaState=0, flags=0x0, repeatCount=0, eventTime=464870, downTime=464870, deviceId=-1, source=0x101 }
08-02 13:18:05.193  4222  4222 I Input   : injectKeyEvent: KeyEvent { action=ACTION_UP, keyCode=KEYCODE_DEL, scanCode=0, metaState=0, flags=0x0, repeatCount=0, eventTime=464870, downTime=464870, deviceId=-1, source=0x101 }
08-02 13:18:05.194  4222  4222 I Input   : injectKeyEvent: KeyEvent { action=ACTION_DOWN, keyCode=KEYCODE_DEL, scanCode=0, metaState=0, flags=0x0, repeatCount=0, eventTime=464876, downTime=464876, deviceId=-1, source=0x101 }
08-02 13:18:05.195  4222  4222 I Input   : injectKeyEvent: KeyEvent { action=ACTION_UP, keyCode=KEYCODE_DEL, scanCode=0, metaState=0, flags=0x0, repeatCount=0, eventTime=464876, downTime=464876, deviceId=-1, source=0x101 }
08-02 13:18:05.196  4222  4222 I Input   : injectKeyEvent: KeyEvent { action=ACTION_DOWN, keyCode=KEYCODE_DEL, scanCode=0, metaState=0, flags=0x0, repeatCount=0, eventTime=464877, downTime=464877, deviceId=-1, source=0x101 }
08-02 13:18:05.196  4222  4222 I Input   : injectKeyEvent: KeyEvent { action=ACTION_UP, keyCode=KEYCODE_DEL, scanCode=0, metaState=0, flags=0x0, repeatCount=0, eventTime=464877, downTime=464877, deviceId=-1, source=0x101 }
08-02 13:18:05.201  4222  4222 I Input   : injectKeyEvent: KeyEvent { action=ACTION_DOWN, keyCode=KEYCODE_DEL, scanCode=0, metaState=0, flags=0x0, repeatCount=0, eventTime=464882, downTime=464882, deviceId=-1, source=0x101 }
08-02 13:18:05.206  4222  4222 I Input   : injectKeyEvent: KeyEvent { action=ACTION_UP, keyCode=KEYCODE_DEL, scanCode=0, metaState=0, flags=0x0, repeatCount=0, eventTime=464882, downTime=464882, deviceId=-1, source=0x101 }
08-02 13:18:05.207  4222  4222 I Input   : injectKeyEvent: KeyEvent { action=ACTION_DOWN, keyCode=KEYCODE_DEL, scanCode=0, metaState=0, flags=0x0, repeatCount=0, eventTime=464889, downTime=464889, deviceId=-1, source=0x101 }
08-02 13:18:05.208  4222  4222 I Input   : injectKeyEvent: KeyEvent { action=ACTION_UP, keyCode=KEYCODE_DEL, scanCode=0, metaState=0, flags=0x0, repeatCount=0, eventTime=464889, downTime=464889, deviceId=-1, source=0x101 }
08-02 13:18:05.216  4222  4222 I Input   : injectKeyEvent: KeyEvent { action=ACTION_DOWN, keyCode=KEYCODE_DEL, scanCode=0, metaState=0, flags=0x0, repeatCount=0, eventTime=464897, downTime=464897, deviceId=-1, source=0x101 }
08-02 13:18:05.217  4222  4222 I Input   : injectKeyEvent: KeyEvent { action=ACTION_UP, keyCode=KEYCODE_DEL, scanCode=0, metaState=0, flags=0x0, repeatCount=0, eventTime=464897, downTime=464897, deviceId=-1, source=0x101 }
08-02 13:18:05.219  4222  4222 I Input   : injectKeyEvent: KeyEvent { action=ACTION_DOWN, keyCode=KEYCODE_DEL, scanCode=0, metaState=0, flags=0x0, repeatCount=0, eventTime=464900, downTime=464900, deviceId=-1, source=0x101 }
08-02 13:18:05.223  4222  4222 I Input   : injectKeyEvent: KeyEvent { action=ACTION_UP, keyCode=KEYCODE_DEL, scanCode=0, metaState=0, flags=0x0, repeatCount=0, eventTime=464900, downTime=464900, deviceId=-1, source=0x101 }
08-02 13:18:05.224  4222  4222 I Input   : injectKeyEvent: KeyEvent { action=ACTION_DOWN, keyCode=KEYCODE_DEL, scanCode=0, metaState=0, flags=0x0, repeatCount=0, eventTime=464905, downTime=464905, deviceId=-1, source=0x101 }
08-02 13:18:05.239  4222  4222 I Input   : injectKeyEvent: KeyEvent { action=ACTION_UP, keyCode=KEYCODE_DEL, scanCode=0, metaState=0, flags=0x0, repeatCount=0, eventTime=464905, downTime=464905, deviceId=-1, source=0x101 }
08-02 13:18:05.242  4222  4222 I Input   : injectKeyEvent: KeyEvent { action=ACTION_DOWN, keyCode=KEYCODE_DEL, scanCode=0, metaState=0, flags=0x0, repeatCount=0, eventTime=464923, downTime=464923, deviceId=-1, source=0x101 }
08-02 13:18:05.253  4222  4222 I Input   : injectKeyEvent: KeyEvent { action=ACTION_UP, keyCode=KEYCODE_DEL, scanCode=0, metaState=0, flags=0x0, repeatCount=0, eventTime=464923, downTime=464923, deviceId=-1, source=0x101 }
08-02 13:18:05.255  4222  4222 I Input   : injectKeyEvent: KeyEvent { action=ACTION_DOWN, keyCode=KEYCODE_DEL, scanCode=0, metaState=0, flags=0x0, repeatCount=0, eventTime=464936, downTime=464936, deviceId=-1, source=0x101 }
08-02 13:18:05.259  4222  4222 I Input   : injectKeyEvent: KeyEvent { action=ACTION_UP, keyCode=KEYCODE_DEL, scanCode=0, metaState=0, flags=0x0, repeatCount=0, eventTime=464936, downTime=464936, deviceId=-1, source=0x101 }
08-02 13:18:05.263  4222  4222 I Input   : injectKeyEvent: KeyEvent { action=ACTION_DOWN, keyCode=KEYCODE_DEL, scanCode=0, metaState=0, flags=0x0, repeatCount=0, eventTime=464944, downTime=464944, deviceId=-1, source=0x101 }
08-02 13:18:05.271  4222  4222 I Input   : injectKeyEvent: KeyEvent { action=ACTION_UP, keyCode=KEYCODE_DEL, scanCode=0, metaState=0, flags=0x0, repeatCount=0, eventTime=464944, downTime=464944, deviceId=-1, source=0x101 }
08-02 13:18:05.272  4222  4222 I Input   : injectKeyEvent: KeyEvent { action=ACTION_DOWN, keyCode=KEYCODE_DEL, scanCode=0, metaState=0, flags=0x0, repeatCount=0, eventTime=464954, downTime=464954, deviceId=-1, source=0x101 }
08-02 13:18:05.285  4222  4222 I Input   : injectKeyEvent: KeyEvent { action=ACTION_UP, keyCode=KEYCODE_DEL, scanCode=0, metaState=0, flags=0x0, repeatCount=0, eventTime=464954, downTime=464954, deviceId=-1, source=0x101 }
08-02 13:18:05.288  4222  4222 I Input   : injectKeyEvent: KeyEvent { action=ACTION_DOWN, keyCode=KEYCODE_DEL, scanCode=0, metaState=0, flags=0x0, repeatCount=0, eventTime=464969, downTime=464969, deviceId=-1, source=0x101 }
08-02 13:18:05.289  4222  4222 I Input   : injectKeyEvent: KeyEvent { action=ACTION_UP, keyCode=KEYCODE_DEL, scanCode=0, metaState=0, flags=0x0, repeatCount=0, eventTime=464969, downTime=464969, deviceId=-1, source=0x101 }
08-02 13:18:05.298  4222  4222 I Input   : injectKeyEvent: KeyEvent { action=ACTION_DOWN, keyCode=KEYCODE_DEL, scanCode=0, metaState=0, flags=0x0, repeatCount=0, eventTime=464980, downTime=464980, deviceId=-1, source=0x101 }
08-02 13:18:05.301  4222  4222 I Input   : injectKeyEvent: KeyEvent { action=ACTION_UP, keyCode=KEYCODE_DEL, scanCode=0, metaState=0, flags=0x0, repeatCount=0, eventTime=464980, downTime=464980, deviceId=-1, source=0x101 }
08-02 13:18:05.309  4222  4222 I Input   : injectKeyEvent: KeyEvent { action=ACTION_DOWN, keyCode=KEYCODE_DEL, scanCode=0, metaState=0, flags=0x0, repeatCount=0, eventTime=464991, downTime=464991, deviceId=-1, source=0x101 }
08-02 13:18:05.314  4222  4222 I Input   : injectKeyEvent: KeyEvent { action=ACTION_UP, keyCode=KEYCODE_DEL, scanCode=0, metaState=0, flags=0x0, repeatCount=0, eventTime=464991, downTime=464991, deviceId=-1, source=0x101 }
08-02 13:18:05.323  4222  4222 I Input   : injectKeyEvent: KeyEvent { action=ACTION_DOWN, keyCode=KEYCODE_DEL, scanCode=0, metaState=0, flags=0x0, repeatCount=0, eventTime=465005, downTime=465005, deviceId=-1, source=0x101 }
08-02 13:18:05.324  4222  4222 I Input   : injectKeyEvent: KeyEvent { action=ACTION_UP, keyCode=KEYCODE_DEL, scanCode=0, metaState=0, flags=0x0, repeatCount=0, eventTime=465005, downTime=465005, deviceId=-1, source=0x101 }
08-02 13:18:05.325  4222  4222 I Input   : injectKeyEvent: KeyEvent { action=ACTION_DOWN, keyCode=KEYCODE_DEL, scanCode=0, metaState=0, flags=0x0, repeatCount=0, eventTime=465007, downTime=465007, deviceId=-1, source=0x101 }
08-02 13:18:05.326  4222  4222 I Input   : injectKeyEvent: KeyEvent { action=ACTION_UP, keyCode=KEYCODE_DEL, scanCode=0, metaState=0, flags=0x0, repeatCount=0, eventTime=465007, downTime=465007, deviceId=-1, source=0x101 }
08-02 13:18:05.330  4222  4222 I Input   : injectKeyEvent: KeyEvent { action=ACTION_DOWN, keyCode=KEYCODE_DEL, scanCode=0, metaState=0, flags=0x0, repeatCount=0, eventTime=465012, downTime=465012, deviceId=-1, source=0x101 }
08-02 13:18:05.331  4222  4222 I Input   : injectKeyEvent: KeyEvent { action=ACTION_UP, keyCode=KEYCODE_DEL, scanCode=0, metaState=0, flags=0x0, repeatCount=0, eventTime=465012, downTime=465012, deviceId=-1, source=0x101 }
08-02 13:18:05.334  4222  4222 I Input   : injectKeyEvent: KeyEvent { action=ACTION_DOWN, keyCode=KEYCODE_DEL, scanCode=0, metaState=0, flags=0x0, repeatCount=0, eventTime=465016, downTime=465016, deviceId=-1, source=0x101 }
08-02 13:18:05.336  4222  4222 I Input   : injectKeyEvent: KeyEvent { action=ACTION_UP, keyCode=KEYCODE_DEL, scanCode=0, metaState=0, flags=0x0, repeatCount=0, eventTime=465016, downTime=465016, deviceId=-1, source=0x101 }
08-02 13:18:05.336  4222  4222 I Input   : injectKeyEvent: KeyEvent { action=ACTION_DOWN, keyCode=KEYCODE_DEL, scanCode=0, metaState=0, flags=0x0, repeatCount=0, eventTime=465018, downTime=465018, deviceId=-1, source=0x101 }
08-02 13:18:05.337  4222  4222 I Input   : injectKeyEvent: KeyEvent { action=ACTION_UP, keyCode=KEYCODE_DEL, scanCode=0, metaState=0, flags=0x0, repeatCount=0, eventTime=465018, downTime=465018, deviceId=-1, source=0x101 }
08-02 13:18:05.337  4222  4222 I Input   : injectKeyEvent: KeyEvent { action=ACTION_DOWN, keyCode=KEYCODE_DEL, scanCode=0, metaState=0, flags=0x0, repeatCount=0, eventTime=465019, downTime=465019, deviceId=-1, source=0x101 }
08-02 13:18:05.338  4222  4222 I Input   : injectKeyEvent: KeyEvent { action=ACTION_UP, keyCode=KEYCODE_DEL, scanCode=0, metaState=0, flags=0x0, repeatCount=0, eventTime=465019, downTime=465019, deviceId=-1, source=0x101 }
08-02 13:18:05.339  4222  4222 I Input   : injectKeyEvent: KeyEvent { action=ACTION_DOWN, keyCode=KEYCODE_DEL, scanCode=0, metaState=0, flags=0x0, repeatCount=0, eventTime=465020, downTime=465020, deviceId=-1, source=0x101 }
08-02 13:18:05.340  4222  4222 I Input   : injectKeyEvent: KeyEvent { action=ACTION_UP, keyCode=KEYCODE_DEL, scanCode=0, metaState=0, flags=0x0, repeatCount=0, eventTime=465020, downTime=465020, deviceId=-1, source=0x101 }
08-02 13:18:05.341  4222  4222 I Input   : injectKeyEvent: KeyEvent { action=ACTION_DOWN, keyCode=KEYCODE_DEL, scanCode=0, metaState=0, flags=0x0, repeatCount=0, eventTime=465023, downTime=465023, deviceId=-1, source=0x101 }
08-02 13:18:05.342  4222  4222 I Input   : injectKeyEvent: KeyEvent { action=ACTION_UP, keyCode=KEYCODE_DEL, scanCode=0, metaState=0, flags=0x0, repeatCount=0, eventTime=465023, downTime=465023, deviceId=-1, source=0x101 }
08-02 13:18:05.343  4222  4222 I Input   : injectKeyEvent: KeyEvent { action=ACTION_DOWN, keyCode=KEYCODE_DEL, scanCode=0, metaState=0, flags=0x0, repeatCount=0, eventTime=465024, downTime=465024, deviceId=-1, source=0x101 }
08-02 13:18:05.344  4222  4222 I Input   : injectKeyEvent: KeyEvent { action=ACTION_UP, keyCode=KEYCODE_DEL, scanCode=0, metaState=0, flags=0x0, repeatCount=0, eventTime=465024, downTime=465024, deviceId=-1, source=0x101 }
08-02 13:18:05.348  4222  4222 I Input   : injectKeyEvent: KeyEvent { action=ACTION_DOWN, keyCode=KEYCODE_DEL, scanCode=0, metaState=0, flags=0x0, repeatCount=0, eventTime=465030, downTime=465030, deviceId=-1, source=0x101 }
08-02 13:18:05.349  4222  4222 I Input   : injectKeyEvent: KeyEvent { action=ACTION_UP, keyCode=KEYCODE_DEL, scanCode=0, metaState=0, flags=0x0, repeatCount=0, eventTime=465030, downTime=465030, deviceId=-1, source=0x101 }
08-02 13:18:05.354  4222  4222 I Input   : injectKeyEvent: KeyEvent { action=ACTION_DOWN, keyCode=KEYCODE_DEL, scanCode=0, metaState=0, flags=0x0, repeatCount=0, eventTime=465036, downTime=465036, deviceId=-1, source=0x101 }
08-02 13:18:05.357  4222  4222 I Input   : injectKeyEvent: KeyEvent { action=ACTION_UP, keyCode=KEYCODE_DEL, scanCode=0, metaState=0, flags=0x0, repeatCount=0, eventTime=465036, downTime=465036, deviceId=-1, source=0x101 }
08-02 13:18:05.370  4222  4222 I Input   : injectKeyEvent: KeyEvent { action=ACTION_DOWN, keyCode=KEYCODE_DEL, scanCode=0, metaState=0, flags=0x0, repeatCount=0, eventTime=465051, downTime=465051, deviceId=-1, source=0x101 }
08-02 13:18:05.371  4222  4222 I Input   : injectKeyEvent: KeyEvent { action=ACTION_UP, keyCode=KEYCODE_DEL, scanCode=0, metaState=0, flags=0x0, repeatCount=0, eventTime=465051, downTime=465051, deviceId=-1, source=0x101 }
08-02 13:18:05.374  4222  4222 I Input   : injectKeyEvent: KeyEvent { action=ACTION_DOWN, keyCode=KEYCODE_DEL, scanCode=0, metaState=0, flags=0x0, repeatCount=0, eventTime=465056, downTime=465056, deviceId=-1, source=0x101 }
08-02 13:18:05.378  4222  4222 I Input   : injectKeyEvent: KeyEvent { action=ACTION_UP, keyCode=KEYCODE_DEL, scanCode=0, metaState=0, flags=0x0, repeatCount=0, eventTime=465056, downTime=465056, deviceId=-1, source=0x101 }
08-02 13:18:05.382  4222  4222 I Input   : injectKeyEvent: KeyEvent { action=ACTION_DOWN, keyCode=KEYCODE_DEL, scanCode=0, metaState=0, flags=0x0, repeatCount=0, eventTime=465063, downTime=465063, deviceId=-1, source=0x101 }
08-02 13:18:05.383  4222  4222 I Input   : injectKeyEvent: KeyEvent { action=ACTION_UP, keyCode=KEYCODE_DEL, scanCode=0, metaState=0, flags=0x0, repeatCount=0, eventTime=465063, downTime=465063, deviceId=-1, source=0x101 }
08-02 13:18:05.384  4222  4222 I Input   : injectKeyEvent: KeyEvent { action=ACTION_DOWN, keyCode=KEYCODE_DEL, scanCode=0, metaState=0, flags=0x0, repeatCount=0, eventTime=465066, downTime=465066, deviceId=-1, source=0x101 }
08-02 13:18:05.386  4222  4222 I Input   : injectKeyEvent: KeyEvent { action=ACTION_UP, keyCode=KEYCODE_DEL, scanCode=0, metaState=0, flags=0x0, repeatCount=0, eventTime=465066, downTime=465066, deviceId=-1, source=0x101 }
08-02 13:18:05.387  4222  4222 I Input   : injectKeyEvent: KeyEvent { action=ACTION_DOWN, keyCode=KEYCODE_DEL, scanCode=0, metaState=0, flags=0x0, repeatCount=0, eventTime=465069, downTime=465069, deviceId=-1, source=0x101 }
08-02 13:18:05.389  4222  4222 I Input   : injectKeyEvent: KeyEvent { action=ACTION_UP, keyCode=KEYCODE_DEL, scanCode=0, metaState=0, flags=0x0, repeatCount=0, eventTime=465069, downTime=465069, deviceId=-1, source=0x101 }
08-02 13:18:05.390  4222  4222 I Input   : injectKeyEvent: KeyEvent { action=ACTION_DOWN, keyCode=KEYCODE_DEL, scanCode=0, metaState=0, flags=0x0, repeatCount=0, eventTime=465071, downTime=465071, deviceId=-1, source=0x101 }
08-02 13:18:05.393  4222  4222 I Input   : injectKeyEvent: KeyEvent { action=ACTION_UP, keyCode=KEYCODE_DEL, scanCode=0, metaState=0, flags=0x0, repeatCount=0, eventTime=465071, downTime=465071, deviceId=-1, source=0x101 }
08-02 13:18:05.396  4222  4222 I Input   : injectKeyEvent: KeyEvent { action=ACTION_DOWN, keyCode=KEYCODE_DEL, scanCode=0, metaState=0, flags=0x0, repeatCount=0, eventTime=465078, downTime=465078, deviceId=-1, source=0x101 }
08-02 13:18:05.397  4222  4222 I Input   : injectKeyEvent: KeyEvent { action=ACTION_UP, keyCode=KEYCODE_DEL, scanCode=0, metaState=0, flags=0x0, repeatCount=0, eventTime=465078, downTime=465078, deviceId=-1, source=0x101 }
08-02 13:18:05.398  4222  4222 I Input   : injectKeyEvent: KeyEvent { action=ACTION_DOWN, keyCode=KEYCODE_DEL, scanCode=0, metaState=0, flags=0x0, repeatCount=0, eventTime=465080, downTime=465080, deviceId=-1, source=0x101 }
08-02 13:18:05.401  4222  4222 I Input   : injectKeyEvent: KeyEvent { action=ACTION_UP, keyCode=KEYCODE_DEL, scanCode=0, metaState=0, flags=0x0, repeatCount=0, eventTime=465080, downTime=465080, deviceId=-1, source=0x101 }
08-02 13:18:05.402  4222  4222 I Input   : injectKeyEvent: KeyEvent { action=ACTION_DOWN, keyCode=KEYCODE_DEL, scanCode=0, metaState=0, flags=0x0, repeatCount=0, eventTime=465083, downTime=465083, deviceId=-1, source=0x101 }
08-02 13:18:05.403  4222  4222 I Input   : injectKeyEvent: KeyEvent { action=ACTION_UP, keyCode=KEYCODE_DEL, scanCode=0, metaState=0, flags=0x0, repeatCount=0, eventTime=465083, downTime=465083, deviceId=-1, source=0x101 }
08-02 13:18:05.413  4222  4222 I Input   : injectKeyEvent: KeyEvent { action=ACTION_DOWN, keyCode=KEYCODE_DEL, scanCode=0, metaState=0, flags=0x0, repeatCount=0, eventTime=465095, downTime=465095, deviceId=-1, source=0x101 }
08-02 13:18:05.417  4222  4222 I Input   : injectKeyEvent: KeyEvent { action=ACTION_UP, keyCode=KEYCODE_DEL, scanCode=0, metaState=0, flags=0x0, repeatCount=0, eventTime=465095, downTime=465095, deviceId=-1, source=0x101 }
08-02 13:18:05.418  4222  4222 I Input   : injectKeyEvent: KeyEvent { action=ACTION_DOWN, keyCode=KEYCODE_DEL, scanCode=0, metaState=0, flags=0x0, repeatCount=0, eventTime=465099, downTime=465099, deviceId=-1, source=0x101 }
08-02 13:18:05.418  4222  4222 I Input   : injectKeyEvent: KeyEvent { action=ACTION_UP, keyCode=KEYCODE_DEL, scanCode=0, metaState=0, flags=0x0, repeatCount=0, eventTime=465099, downTime=465099, deviceId=-1, source=0x101 }
08-02 13:18:05.439  4222  4222 I Input   : injectKeyEvent: KeyEvent { action=ACTION_DOWN, keyCode=KEYCODE_DEL, scanCode=0, metaState=0, flags=0x0, repeatCount=0, eventTime=465120, downTime=465120, deviceId=-1, source=0x101 }
08-02 13:18:05.451  4222  4222 I Input   : injectKeyEvent: KeyEvent { action=ACTION_UP, keyCode=KEYCODE_DEL, scanCode=0, metaState=0, flags=0x0, repeatCount=0, eventTime=465120, downTime=465120, deviceId=-1, source=0x101 }
08-02 13:18:05.465  4222  4222 I Input   : injectKeyEvent: KeyEvent { action=ACTION_DOWN, keyCode=KEYCODE_DEL, scanCode=0, metaState=0, flags=0x0, repeatCount=0, eventTime=465147, downTime=465147, deviceId=-1, source=0x101 }
08-02 13:18:05.468  4222  4222 I Input   : injectKeyEvent: KeyEvent { action=ACTION_UP, keyCode=KEYCODE_DEL, scanCode=0, metaState=0, flags=0x0, repeatCount=0, eventTime=465147, downTime=465147, deviceId=-1, source=0x101 }
08-02 13:18:05.475  4222  4222 I Input   : injectKeyEvent: KeyEvent { action=ACTION_DOWN, keyCode=KEYCODE_DEL, scanCode=0, metaState=0, flags=0x0, repeatCount=0, eventTime=465157, downTime=465157, deviceId=-1, source=0x101 }
08-02 13:18:05.477  4222  4222 I Input   : injectKeyEvent: KeyEvent { action=ACTION_UP, keyCode=KEYCODE_DEL, scanCode=0, metaState=0, flags=0x0, repeatCount=0, eventTime=465157, downTime=465157, deviceId=-1, source=0x101 }
08-02 13:18:05.484  4222  4222 I Input   : injectKeyEvent: KeyEvent { action=ACTION_DOWN, keyCode=KEYCODE_DEL, scanCode=0, metaState=0, flags=0x0, repeatCount=0, eventTime=465165, downTime=465165, deviceId=-1, source=0x101 }
08-02 13:18:05.485  4222  4222 I Input   : injectKeyEvent: KeyEvent { action=ACTION_UP, keyCode=KEYCODE_DEL, scanCode=0, metaState=0, flags=0x0, repeatCount=0, eventTime=465165, downTime=465165, deviceId=-1, source=0x101 }
08-02 13:18:05.490  4222  4222 I Input   : injectKeyEvent: KeyEvent { action=ACTION_DOWN, keyCode=KEYCODE_DEL, scanCode=0, metaState=0, flags=0x0, repeatCount=0, eventTime=465172, downTime=465172, deviceId=-1, source=0x101 }
08-02 13:18:05.500  4222  4222 I Input   : injectKeyEvent: KeyEvent { action=ACTION_UP, keyCode=KEYCODE_DEL, scanCode=0, metaState=0, flags=0x0, repeatCount=0, eventTime=465172, downTime=465172, deviceId=-1, source=0x101 }
08-02 13:18:05.500  4222  4222 I Input   : injectKeyEvent: KeyEvent { action=ACTION_DOWN, keyCode=KEYCODE_DEL, scanCode=0, metaState=0, flags=0x0, repeatCount=0, eventTime=465182, downTime=465182, deviceId=-1, source=0x101 }
08-02 13:18:05.502  4222  4222 I Input   : injectKeyEvent: KeyEvent { action=ACTION_UP, keyCode=KEYCODE_DEL, scanCode=0, metaState=0, flags=0x0, repeatCount=0, eventTime=465182, downTime=465182, deviceId=-1, source=0x101 }
08-02 13:18:05.503  4222  4222 I Input   : injectKeyEvent: KeyEvent { action=ACTION_DOWN, keyCode=KEYCODE_DEL, scanCode=0, metaState=0, flags=0x0, repeatCount=0, eventTime=465185, downTime=465185, deviceId=-1, source=0x101 }
08-02 13:18:05.507  4222  4222 I Input   : injectKeyEvent: KeyEvent { action=ACTION_UP, keyCode=KEYCODE_DEL, scanCode=0, metaState=0, flags=0x0, repeatCount=0, eventTime=465185, downTime=465185, deviceId=-1, source=0x101 }
08-02 13:18:05.510  4222  4222 I Input   : injectKeyEvent: KeyEvent { action=ACTION_DOWN, keyCode=KEYCODE_DEL, scanCode=0, metaState=0, flags=0x0, repeatCount=0, eventTime=465191, downTime=465191, deviceId=-1, source=0x101 }
08-02 13:18:05.510  4222  4222 I Input   : injectKeyEvent: KeyEvent { action=ACTION_UP, keyCode=KEYCODE_DEL, scanCode=0, metaState=0, flags=0x0, repeatCount=0, eventTime=465191, downTime=465191, deviceId=-1, source=0x101 }
08-02 13:18:05.513  4222  4222 D AndroidRuntime: Shutting down VM
