08-02 13:20:47.421  7706  7706 I Input   : injectMotionEvent: MotionEvent { action=ACTION_MOVE, actionButton=0, id[0]=0, x[0]=946.0, y[0]=104.0, toolType[0]=TOOL_TYPE_UNKNOWN, buttonState=0, metaState=0, flags=0x0, edgeFlags=0x0, pointerCount=1, historySize=0, eventTime=627102, downTime=627102, deviceId=0, source=0x1002 }
08-02 13:20:47.439  7706  7706 I Input   : injectMotionEvent: MotionEvent { action=ACTION_MOVE, actionButton=0, id[0]=0, x[0]=946.0, y[0]=104.0, toolType[0]=TOOL_TYPE_UNKNOWN, buttonState=0, metaState=0, flags=0x0, edgeFlags=0x0, pointerCount=1, historySize=0, eventTime=627121, downTime=627121, deviceId=0, source=0x1002 }
08-02 13:20:47.458  7706  7706 I Input   : injectMotionEvent: MotionEvent { action=ACTION_MOVE, actionButton=0, id[0]=0, x[0]=946.0, y[0]=104.0, toolType[0]=TOOL_TYPE_UNKNOWN, buttonState=0, metaState=0, flags=0x0, edgeFlags=0x0, pointerCount=1, historySize=0, eventTime=627139, downTime=627139, deviceId=0, source=0x1002 }
08-02 13:20:47.478  7706  7706 I Input   : injectMotionEvent: MotionEvent { action=ACTION_MOVE, actionButton=0, id[0]=0, x[0]=946.0, y[0]=104.0, toolType[0]=TOOL_TYPE_UNKNOWN, buttonState=0, metaState=0, flags=0x0, edgeFlags=0x0, pointerCount=1, historySize=0, eventTime=627159, downTime=627159, deviceId=0, source=0x1002 }
08-02 13:20:47.498  7706  7706 I Input   : injectMotionEvent: MotionEvent { action=ACTION_MOVE, actionButton=0, id[0]=0, x[0]=946.0, y[0]=104.0, toolType[0]=TOOL_TYPE_UNKNOWN, buttonState=0, metaState=0, flags=0x0, edgeFlags=0x0, pointerCount=1, historySize=0, eventTime=627179, downTime=627179, deviceId=0, source=0x1002 }
08-02 13:20:47.508  7706  7706 I Input   : injectMotionEvent: MotionEvent { action=ACTION_MOVE, actionButton=0, id[0]=0, x[0]=946.0, y[0]=104.0, toolType[0]=TOOL_TYPE_UNKNOWN, buttonState=0, metaState=0, flags=0x0, edgeFlags=0x0, pointerCount=1, historySize=0, eventTime=627189, downTime=627189, deviceId=0, source=0x1002 }
08-02 13:20:47.523  7706  7706 I Input   : injectMotionEvent: MotionEvent { action=ACTION_MOVE, actionButton=0, id[0]=0, x[0]=946.0, y[0]=104.0, toolType[0]=TOOL_TYPE_UNKNOWN, buttonState=0, metaState=0, flags=0x0, edgeFlags=0x0, pointerCount=1, historySize=0, eventTime=627204, downTime=627204, deviceId=0, source=0x1002 }
08-02 13:20:47.535  7706  7706 I Input   : injectMotionEvent: MotionEvent { action=ACTION_MOVE, actionButton=0, id[0]=0, x[0]=946.0, y[0]=104.0, toolType[0]=TOOL_TYPE_UNKNOWN, buttonState=0, metaState=0, flags=0x0, edgeFlags=0x0, pointerCount=1, historySize=0, eventTime=627217, downTime=627217, deviceId=0, source=0x1002 }
08-02 13:20:47.558  7706  7706 I Input   : injectMotionEvent: MotionEvent { action=ACTION_MOVE, actionButton=0, id[0]=0, x[0]=946.0, y[0]=104.0, toolType[0]=TOOL_TYPE_UNKNOWN, buttonState=0, metaState=0, flags=0x0, edgeFlags=0x0, pointerCount=1, historySize=0, eventTime=627239, downTime=627239, deviceId=0, source=0x1002 }
08-02 13:20:47.569  7706  7706 I Input   : injectMotionEvent: MotionEvent { action=ACTION_MOVE, actionButton=0, id[0]=0, x[0]=946.0, y[0]=104.0, toolType[0]=TOOL_TYPE_UNKNOWN, buttonState=0, metaState=0, flags=0x0, edgeFlags=0x0, pointerCount=1, historySize=0, eventTime=627251, downTime=627251, deviceId=0, source=0x1002 }
08-02 13:20:47.587  7706  7706 I Input   : injectMotionEvent: MotionEvent { action=ACTION_MOVE, actionButton=0, id[0]=0, x[0]=946.0, y[0]=104.0, toolType[0]=TOOL_TYPE_UNKNOWN, buttonState=0, metaState=0, flags=0x0, edgeFlags=0x0, pointerCount=1, historySize=0, eventTime=627268, downTime=627268, deviceId=0, source=0x1002 }
08-02 13:20:47.602  7706  7706 I Input   : injectMotionEvent: MotionEvent { action=ACTION_MOVE, actionButton=0, id[0]=0, x[0]=946.0, y[0]=104.0, toolType[0]=TOOL_TYPE_UNKNOWN, buttonState=0, metaState=0, flags=0x0, edgeFlags=0x0, pointerCount=1, historySize=0, eventTime=627284, downTime=627284, deviceId=0, source=0x1002 }
08-02 13:20:47.619  7706  7706 I Input   : injectMotionEvent: MotionEvent { action=ACTION_MOVE, actionButton=0, id[0]=0, x[0]=946.0, y[0]=104.0, toolType[0]=TOOL_TYPE_UNKNOWN, buttonState=0, metaState=0, flags=0x0, edgeFlags=0x0, pointerCount=1, historySize=0, eventTime=627300, downTime=627300, deviceId=0, source=0x1002 }
08-02 13:20:47.637  7706  7706 I Input   : injectMotionEvent: MotionEvent { action=ACTION_MOVE, actionButton=0, id[0]=0, x[0]=946.0, y[0]=104.0, toolType[0]=TOOL_TYPE_UNKNOWN, buttonState=0, metaState=0, flags=0x0, edgeFlags=0x0, pointerCount=1, historySize=0, eventTime=627318, downTime=627318, deviceId=0, source=0x1002 }
08-02 13:20:47.652  7706  7706 I Input   : injectMotionEvent: MotionEvent { action=ACTION_MOVE, actionButton=0, id[0]=0, x[0]=946.0, y[0]=104.0, toolType[0]=TOOL_TYPE_UNKNOWN, buttonState=0, metaState=0, flags=0x0, edgeFlags=0x0, pointerCount=1, historySize=0, eventTime=627333, downTime=627333, deviceId=0, source=0x1002 }
08-02 13:20:47.668  7706  7706 I Input   : injectMotionEvent: MotionEvent { action=ACTION_MOVE, actionButton=0, id[0]=0, x[0]=946.0, y[0]=104.0, toolType[0]=TOOL_TYPE_UNKNOWN, buttonState=0, metaState=0, flags=0x0, edgeFlags=0x0, pointerCount=1, historySize=0, eventTime=627350, downTime=627350, deviceId=0, source=0x1002 }
08-02 13:20:47.685  7706  7706 I Input   : injectMotionEvent: MotionEvent { action=ACTION_MOVE, actionButton=0, id[0]=0, x[0]=946.0, y[0]=104.0, toolType[0]=TOOL_TYPE_UNKNOWN, buttonState=0, metaState=0, flags=0x0, edgeFlags=0x0, pointerCount=1, historySize=0, eventTime=627367, downTime=627367, deviceId=0, source=0x1002 }
08-02 13:20:47.703  7706  7706 I Input   : injectMotionEvent: MotionEvent { action=ACTION_MOVE, actionButton=0, id[0]=0, x[0]=946.0, y[0]=104.0, toolType[0]=TOOL_TYPE_UNKNOWN, buttonState=0, metaState=0, flags=0x0, edgeFlags=0x0, pointerCount=1, historySize=0, eventTime=627385, downTime=627385, deviceId=0, source=0x1002 }
08-02 13:20:47.718  7706  7706 I Input   : injectMotionEvent: MotionEvent { action=ACTION_MOVE, actionButton=0, id[0]=0, x[0]=946.0, y[0]=104.0, toolType[0]=TOOL_TYPE_UNKNOWN, buttonState=0, metaState=0, flags=0x0, edgeFlags=0x0, pointerCount=1, historySize=0, eventTime=627400, downTime=627400, deviceId=0, source=0x1002 }
08-02 13:20:47.737  7706  7706 I Input   : injectMotionEvent: MotionEvent { action=ACTION_UP, actionButton=0, id[0]=0, x[0]=946.0, y[0]=104.0, toolType[0]=TOOL_TYPE_UNKNOWN, buttonState=0, metaState=0, flags=0x0, edgeFlags=0x0, pointerCount=1, historySize=0, eventTime=627418, downTime=627418, deviceId=0, source=0x1002 }
08-02 13:20:47.740  2017  2017 D leak-147-85: Eastern Standard Time
08-02 13:20:47.740  2017  2017 D leak-148-85: 148
08-02 13:20:47.740  2017  2017 D leak-149-85: Eastern Standard Time
08-02 13:20:47.740  2017  2017 D leak-150-85: Eastern Standard Time
08-02 13:20:47.740  2017  2017 D leak-151-85: Eastern Standard Time
08-02 13:20:47.740  7706  7706 D AndroidRuntime: Shutting down VM
08-02 13:20:47.740  2017  2017 D leak-21-23: Eastern Standard Time
08-02 13:20:47.740  2017  2017 D leak-22-23: 22
08-02 13:20:47.740  2017  2017 D leak-24-23: 24
08-02 13:20:47.740  2017  2017 D leak-26-23: 26
08-02 13:20:47.740  2017  2017 D leak-28-23: 28
08-02 13:20:47.740  2017  2017 D leak-30-23: 30
08-02 13:20:47.740  2017  2017 D leak-32-23: 32
08-02 13:20:47.741  2017  2017 D leak-21-24: Eastern Standard Time
08-02 13:20:47.741  2017  2017 D leak-22-24: Eastern Standard Time
08-02 13:20:47.741  2017  2017 D leak-24-24: 24
08-02 13:20:47.741  2017  2017 D leak-26-24: 26
08-02 13:20:47.741  2017  2017 D leak-28-24: 28
08-02 13:20:47.741  2017  2017 D leak-30-24: 30
08-02 13:20:47.741  2017  2017 D leak-32-24: 32
08-02 13:20:47.795  2017  2032 W EGL_emulation: eglSurfaceAttrib not implemented
08-02 13:20:47.795  2017  2032 W OpenGLRenderer: Failed to set EGL_SWAP_BEHAVIOR on surface 0xe8d281a0, error=EGL_SUCCESS
08-02 13:20:47.827   955   955 I LatinIME: Starting input. Cursor position = 0,0
08-02 13:20:47.884   955  3624 W EGL_emulation: eglSurfaceAttrib not implemented
08-02 13:20:47.884   955  3624 W OpenGLRenderer: Failed to set EGL_SWAP_BEHAVIOR on surface 0xe9b9c100, error=EGL_SUCCESS
08-02 13:20:52.164  8035  8035 D AndroidRuntime: >>>>>> START com.android.internal.os.RuntimeInit uid 0 <<<<<<
08-02 13:20:52.166  8035  8035 D AndroidRuntime: CheckJNI is OFF
08-02 13:20:52.177  8035  8035 D ICU     : No timezone override file found: /data/misc/zoneinfo/current/icu/icu_tzdata.dat
08-02 13:20:52.192  8035  8035 E memtrack: Couldn't load memtrack module (No such file or directory)
08-02 13:20:52.192  8035  8035 E android.os.Debug: failed to load memtrack module: -2
08-02 13:20:52.193  8035  8035 I Radio-JNI: register_android_hardware_Radio DONE
08-02 13:20:52.201  8035  8035 D AndroidRuntime: Calling main entry com.android.commands.input.Input
08-02 13:20:52.203  8035  8035 I Input   : injectKeyEvent: KeyEvent { action=ACTION_DOWN, keyCode=KEYCODE_ESCAPE, scanCode=0, metaState=0, flags=0x0, repeatCount=0, eventTime=631883, downTime=631883, deviceId=-1, source=0x101 }
08-02 13:20:52.205  8035  8035 I Input   : injectKeyEvent: KeyEvent { action=ACTION_UP, keyCode=KEYCODE_ESCAPE, scanCode=0, metaState=0, flags=0x0, repeatCount=0, eventTime=631883, downTime=631883, deviceId=-1, source=0x101 }
08-02 13:20:52.213  8035  8035 D AndroidRuntime: Shutting down VM
08-02 13:20:52.232   955  3624 E Surface : getSlotFromBufferLocked: unknown buffer: 0xe9bf22e0
08-02 13:20:55.220  8050  8050 D AndroidRuntime: >>>>>> START com.android.internal.os.RuntimeInit uid 0 <<<<<<
08-02 13:20:55.221  8050  8050 D AndroidRuntime: CheckJNI is OFF
08-02 13:20:55.230  8050  8050 D ICU     : No timezone override file found: /data/misc/zoneinfo/current/icu/icu_tzdata.dat
08-02 13:20:55.242  8050  8050 E memtrack: Couldn't load memtrack module (No such file or directory)
08-02 13:20:55.242  8050  8050 E android.os.Debug: failed to load memtrack module: -2
08-02 13:20:55.243  8050  8050 I Radio-JNI: register_android_hardware_Radio DONE
08-02 13:20:55.249  8050  8050 D AndroidRuntime: Calling main entry com.android.commands.uiautomator.Launcher
08-02 13:20:56.276  8050  8050 W AccessibilityNodeInfoDumper: Fetch time: 1ms
08-02 13:20:56.276   624   635 W WindowManager: Attempted to remove non-existing token: android.os.Binder@e3b090
08-02 13:20:56.334  8050  8050 D AndroidRuntime: Shutting down VM
08-02 13:20:57.422  8073  8073 D AndroidRuntime: >>>>>> START com.android.internal.os.RuntimeInit uid 0 <<<<<<
08-02 13:20:57.423  8073  8073 D AndroidRuntime: CheckJNI is OFF
08-02 13:20:57.434  8073  8073 D ICU     : No timezone override file found: /data/misc/zoneinfo/current/icu/icu_tzdata.dat
08-02 13:20:57.449  8073  8073 E memtrack: Couldn't load memtrack module (No such file or directory)
08-02 13:20:57.449  8073  8073 E android.os.Debug: failed to load memtrack module: -2
08-02 13:20:57.451  8073  8073 I Radio-JNI: register_android_hardware_Radio DONE
08-02 13:20:57.460  8073  8073 D AndroidRuntime: Calling main entry com.android.commands.uiautomator.Launcher
08-02 13:20:58.485  8073  8073 W AccessibilityNodeInfoDumper: Fetch time: 2ms
08-02 13:20:58.485   624   636 W WindowManager: Attempted to remove non-existing token: android.os.Binder@496218e
08-02 13:20:58.511  8073  8073 D AndroidRuntime: Shutting down VM
08-02 13:20:59.045  8090  8090 D AndroidRuntime: >>>>>> START com.android.internal.os.RuntimeInit uid 0 <<<<<<
08-02 13:20:59.047  8090  8090 D AndroidRuntime: CheckJNI is OFF
08-02 13:20:59.059  8090  8090 D ICU     : No timezone override file found: /data/misc/zoneinfo/current/icu/icu_tzdata.dat
08-02 13:20:59.078  8090  8090 E memtrack: Couldn't load memtrack module (No such file or directory)
08-02 13:20:59.078  8090  8090 E android.os.Debug: failed to load memtrack module: -2
08-02 13:20:59.078  8090  8090 I Radio-JNI: register_android_hardware_Radio DONE
08-02 13:20:59.088  8090  8090 D AndroidRuntime: Calling main entry com.android.commands.uiautomator.Launcher
08-02 13:21:00.104  8090  8090 W AccessibilityNodeInfoDumper: Fetch time: 1ms
08-02 13:21:00.105   624   982 W WindowManager: Attempted to remove non-existing token: android.os.Binder@3f9bdaf
08-02 13:21:00.133  8090  8090 D AndroidRuntime: Shutting down VM
08-02 13:21:01.225  8113  8113 D AndroidRuntime: >>>>>> START com.android.internal.os.RuntimeInit uid 0 <<<<<<
08-02 13:21:01.227  8113  8113 D AndroidRuntime: CheckJNI is OFF
08-02 13:21:01.240  8113  8113 D ICU     : No timezone override file found: /data/misc/zoneinfo/current/icu/icu_tzdata.dat
08-02 13:21:01.256  8113  8113 E memtrack: Couldn't load memtrack module (No such file or directory)
08-02 13:21:01.256  8113  8113 E android.os.Debug: failed to load memtrack module: -2
08-02 13:21:01.257  8113  8113 I Radio-JNI: register_android_hardware_Radio DONE
08-02 13:21:01.281  8113  8113 D AndroidRuntime: Calling main entry com.android.commands.uiautomator.Launcher
08-02 13:21:02.294  8113  8113 W AccessibilityNodeInfoDumper: Fetch time: 1ms
08-02 13:21:02.294   624   751 W WindowManager: Attempted to remove non-existing token: android.os.Binder@d7b45bc
08-02 13:21:02.305  8113  8113 D AndroidRuntime: Shutting down VM
08-02 13:21:03.482  8140  8140 D AndroidRuntime: >>>>>> START com.android.internal.os.RuntimeInit uid 0 <<<<<<
08-02 13:21:03.484  8140  8140 D AndroidRuntime: CheckJNI is OFF
08-02 13:21:03.492  8140  8140 D ICU     : No timezone override file found: /data/misc/zoneinfo/current/icu/icu_tzdata.dat
08-02 13:21:03.504  8140  8140 E memtrack: Couldn't load memtrack module (No such file or directory)
08-02 13:21:03.504  8140  8140 E android.os.Debug: failed to load memtrack module: -2
08-02 13:21:03.504  8140  8140 I Radio-JNI: register_android_hardware_Radio DONE
08-02 13:21:03.513  8140  8140 D AndroidRuntime: Calling main entry com.android.commands.uiautomator.Launcher
08-02 13:21:04.533  8140  8140 W AccessibilityNodeInfoDumper: Fetch time: 2ms
08-02 13:21:04.533   624  1052 W WindowManager: Attempted to remove non-existing token: android.os.Binder@8242945
08-02 13:21:04.546  8140  8140 D AndroidRuntime: Shutting down VM
08-02 13:21:05.648  8165  8165 D AndroidRuntime: >>>>>> START com.android.internal.os.RuntimeInit uid 0 <<<<<<
08-02 13:21:05.649  8165  8165 D AndroidRuntime: CheckJNI is OFF
08-02 13:21:05.658  8165  8165 D ICU     : No timezone override file found: /data/misc/zoneinfo/current/icu/icu_tzdata.dat
08-02 13:21:05.670  8165  8165 E memtrack: Couldn't load memtrack module (No such file or directory)
08-02 13:21:05.670  8165  8165 E android.os.Debug: failed to load memtrack module: -2
08-02 13:21:05.671  8165  8165 I Radio-JNI: register_android_hardware_Radio DONE
08-02 13:21:05.676  8165  8165 D AndroidRuntime: Calling main entry com.android.commands.uiautomator.Launcher
08-02 13:21:06.690  8165  8165 W AccessibilityNodeInfoDumper: Fetch time: 1ms
08-02 13:21:06.690   624   635 W WindowManager: Attempted to remove non-existing token: android.os.Binder@32e85cb
08-02 13:21:06.710  8165  8165 D AndroidRuntime: Shutting down VM
08-02 13:21:07.231  8182  8182 D AndroidRuntime: >>>>>> START com.android.internal.os.RuntimeInit uid 0 <<<<<<
08-02 13:21:07.232  8182  8182 D AndroidRuntime: CheckJNI is OFF
08-02 13:21:07.240  8182  8182 D ICU     : No timezone override file found: /data/misc/zoneinfo/current/icu/icu_tzdata.dat
08-02 13:21:07.252  8182  8182 E memtrack: Couldn't load memtrack module (No such file or directory)
08-02 13:21:07.252  8182  8182 E android.os.Debug: failed to load memtrack module: -2
08-02 13:21:07.253  8182  8182 I Radio-JNI: register_android_hardware_Radio DONE
08-02 13:21:07.261  8182  8182 D AndroidRuntime: Calling main entry com.android.commands.uiautomator.Launcher
08-02 13:21:08.281  8182  8182 W AccessibilityNodeInfoDumper: Fetch time: 1ms
08-02 13:21:08.282   624  1052 W WindowManager: Attempted to remove non-existing token: android.os.Binder@d9501a8
08-02 13:21:08.291  8182  8182 D AndroidRuntime: Shutting down VM
08-02 13:21:09.358  8205  8205 D AndroidRuntime: >>>>>> START com.android.internal.os.RuntimeInit uid 0 <<<<<<
08-02 13:21:09.360  8205  8205 D AndroidRuntime: CheckJNI is OFF
08-02 13:21:09.368  8205  8205 D ICU     : No timezone override file found: /data/misc/zoneinfo/current/icu/icu_tzdata.dat
08-02 13:21:09.382  8205  8205 E memtrack: Couldn't load memtrack module (No such file or directory)
08-02 13:21:09.382  8205  8205 E android.os.Debug: failed to load memtrack module: -2
08-02 13:21:09.382  8205  8205 I Radio-JNI: register_android_hardware_Radio DONE
08-02 13:21:09.388  8205  8205 D AndroidRuntime: Calling main entry com.android.commands.uiautomator.Launcher
08-02 13:21:10.404  8205  8205 W AccessibilityNodeInfoDumper: Fetch time: 1ms
08-02 13:21:10.404   624   636 W WindowManager: Attempted to remove non-existing token: android.os.Binder@ee314c1
08-02 13:21:10.417  8205  8205 D AndroidRuntime: Shutting down VM
08-02 13:21:10.968  8222  8222 D AndroidRuntime: >>>>>> START com.android.internal.os.RuntimeInit uid 0 <<<<<<
08-02 13:21:10.973  8222  8222 D AndroidRuntime: CheckJNI is OFF
08-02 13:21:10.981  8222  8222 D ICU     : No timezone override file found: /data/misc/zoneinfo/current/icu/icu_tzdata.dat
08-02 13:21:10.993  8222  8222 E memtrack: Couldn't load memtrack module (No such file or directory)
08-02 13:21:10.993  8222  8222 E android.os.Debug: failed to load memtrack module: -2
08-02 13:21:10.996  8222  8222 I Radio-JNI: register_android_hardware_Radio DONE
08-02 13:21:11.002  8222  8222 D AndroidRuntime: Calling main entry com.android.commands.uiautomator.Launcher
08-02 13:21:12.030  8222  8222 W AccessibilityNodeInfoDumper: Fetch time: 1ms
08-02 13:21:12.031   624  1052 W WindowManager: Attempted to remove non-existing token: android.os.Binder@548d466
08-02 13:21:12.041  8222  8222 D AndroidRuntime: Shutting down VM
08-02 13:21:13.138  8246  8246 D AndroidRuntime: >>>>>> START com.android.internal.os.RuntimeInit uid 0 <<<<<<
08-02 13:21:13.140  8246  8246 D AndroidRuntime: CheckJNI is OFF
08-02 13:21:13.149  8246  8246 D ICU     : No timezone override file found: /data/misc/zoneinfo/current/icu/icu_tzdata.dat
08-02 13:21:13.160  8246  8246 E memtrack: Couldn't load memtrack module (No such file or directory)
08-02 13:21:13.160  8246  8246 E android.os.Debug: failed to load memtrack module: -2
08-02 13:21:13.161  8246  8246 I Radio-JNI: register_android_hardware_Radio DONE
08-02 13:21:13.169  8246  8246 D AndroidRuntime: Calling main entry com.android.commands.uiautomator.Launcher
08-02 13:21:14.185  8246  8246 W AccessibilityNodeInfoDumper: Fetch time: 1ms
08-02 13:21:14.185   624   982 W WindowManager: Attempted to remove non-existing token: android.os.Binder@d9db3a7
08-02 13:21:14.197  8246  8246 D AndroidRuntime: Shutting down VM
08-02 13:21:14.671  8263  8263 D AndroidRuntime: >>>>>> START com.android.internal.os.RuntimeInit uid 0 <<<<<<
08-02 13:21:14.673  8263  8263 D AndroidRuntime: CheckJNI is OFF
08-02 13:21:14.681  8263  8263 D ICU     : No timezone override file found: /data/misc/zoneinfo/current/icu/icu_tzdata.dat
08-02 13:21:14.695  8263  8263 E memtrack: Couldn't load memtrack module (No such file or directory)
08-02 13:21:14.695  8263  8263 E android.os.Debug: failed to load memtrack module: -2
08-02 13:21:14.696  8263  8263 I Radio-JNI: register_android_hardware_Radio DONE
08-02 13:21:14.701  8263  8263 D AndroidRuntime: Calling main entry com.android.commands.uiautomator.Launcher
08-02 13:21:15.722  8263  8263 W AccessibilityNodeInfoDumper: Fetch time: 1ms
08-02 13:21:15.722   624  1056 W WindowManager: Attempted to remove non-existing token: android.os.Binder@30c9054
08-02 13:21:15.738  8263  8263 D AndroidRuntime: Shutting down VM
08-02 13:21:16.162  8276  8276 D AndroidRuntime: >>>>>> START com.android.internal.os.RuntimeInit uid 0 <<<<<<
08-02 13:21:16.164  8276  8276 D AndroidRuntime: CheckJNI is OFF
08-02 13:21:16.175  8276  8276 D ICU     : No timezone override file found: /data/misc/zoneinfo/current/icu/icu_tzdata.dat
08-02 13:21:16.186  8276  8276 E memtrack: Couldn't load memtrack module (No such file or directory)
08-02 13:21:16.186  8276  8276 E android.os.Debug: failed to load memtrack module: -2
08-02 13:21:16.187  8276  8276 I Radio-JNI: register_android_hardware_Radio DONE
08-02 13:21:16.192  8276  8276 D AndroidRuntime: Calling main entry com.android.commands.input.Input
08-02 13:21:16.193  8276  8276 I Input   : injectMotionEvent: MotionEvent { action=ACTION_DOWN, actionButton=0, id[0]=0, x[0]=600.0, y[0]=953.0, toolType[0]=TOOL_TYPE_UNKNOWN, buttonState=0, metaState=0, flags=0x0, edgeFlags=0x0, pointerCount=1, historySize=0, eventTime=655874, downTime=655874, deviceId=0, source=0x1002 }
08-02 13:21:16.195  8276  8276 I Input   : injectMotionEvent: MotionEvent { action=ACTION_UP, actionButton=0, id[0]=0, x[0]=600.0, y[0]=953.0, toolType[0]=TOOL_TYPE_UNKNOWN, buttonState=0, metaState=0, flags=0x0, edgeFlags=0x0, pointerCount=1, historySize=0, eventTime=655874, downTime=655874, deviceId=0, source=0x1002 }
08-02 13:21:16.197  8276  8276 D AndroidRuntime: Shutting down VM
08-02 13:21:16.203   955   955 I LatinIME: Starting input. Cursor position = 0,0
08-02 13:21:16.248   955  3624 W EGL_emulation: eglSurfaceAttrib not implemented
08-02 13:21:16.248   955  3624 W OpenGLRenderer: Failed to set EGL_SWAP_BEHAVIOR on surface 0xe9b9caa0, error=EGL_SUCCESS
08-02 13:21:16.634  8287  8287 D AndroidRuntime: >>>>>> START com.android.internal.os.RuntimeInit uid 0 <<<<<<
08-02 13:21:16.635  8287  8287 D AndroidRuntime: CheckJNI is OFF
08-02 13:21:16.651  8287  8287 D ICU     : No timezone override file found: /data/misc/zoneinfo/current/icu/icu_tzdata.dat
08-02 13:21:16.685  8287  8287 E memtrack: Couldn't load memtrack module (No such file or directory)
08-02 13:21:16.685  8287  8287 E android.os.Debug: failed to load memtrack module: -2
08-02 13:21:16.686  8287  8287 I Radio-JNI: register_android_hardware_Radio DONE
08-02 13:21:16.696  8287  8287 D AndroidRuntime: Calling main entry com.android.commands.input.Input
08-02 13:21:16.697  8287  8287 I Input   : injectKeyEvent: KeyEvent { action=ACTION_DOWN, keyCode=KEYCODE_ESCAPE, scanCode=0, metaState=0, flags=0x0, repeatCount=0, eventTime=656378, downTime=656378, deviceId=-1, source=0x101 }
08-02 13:21:16.726  8287  8287 I Input   : injectKeyEvent: KeyEvent { action=ACTION_UP, keyCode=KEYCODE_ESCAPE, scanCode=0, metaState=0, flags=0x0, repeatCount=0, eventTime=656378, downTime=656378, deviceId=-1, source=0x101 }
08-02 13:21:16.737  8287  8287 D AndroidRuntime: Shutting down VM
08-02 13:21:16.761   955  3624 E Surface : getSlotFromBufferLocked: unknown buffer: 0xe9bf2350
08-02 13:21:17.713  8300  8300 D AndroidRuntime: >>>>>> START com.android.internal.os.RuntimeInit uid 0 <<<<<<
08-02 13:21:17.716  8300  8300 D AndroidRuntime: CheckJNI is OFF
08-02 13:21:17.724  8300  8300 D ICU     : No timezone override file found: /data/misc/zoneinfo/current/icu/icu_tzdata.dat
08-02 13:21:17.736  8300  8300 E memtrack: Couldn't load memtrack module (No such file or directory)
08-02 13:21:17.736  8300  8300 E android.os.Debug: failed to load memtrack module: -2
08-02 13:21:17.737  8300  8300 I Radio-JNI: register_android_hardware_Radio DONE
08-02 13:21:17.743  8300  8300 D AndroidRuntime: Calling main entry com.android.commands.input.Input
08-02 13:21:17.751  8300  8300 I Input   : injectKeyEvent: KeyEvent { action=ACTION_DOWN, keyCode=KEYCODE_MOVE_END, scanCode=0, metaState=0, flags=0x0, repeatCount=0, eventTime=657432, downTime=657432, deviceId=-1, source=0x101 }
08-02 13:21:17.752  8300  8300 I Input   : injectKeyEvent: KeyEvent { action=ACTION_UP, keyCode=KEYCODE_MOVE_END, scanCode=0, metaState=0, flags=0x0, repeatCount=0, eventTime=657432, downTime=657432, deviceId=-1, source=0x101 }
08-02 13:21:17.753  8300  8300 D AndroidRuntime: Shutting down VM
08-02 13:21:18.114  8309  8309 D AndroidRuntime: >>>>>> START com.android.internal.os.RuntimeInit uid 0 <<<<<<
08-02 13:21:18.116  8309  8309 D AndroidRuntime: CheckJNI is OFF
08-02 13:21:18.125  8309  8309 D ICU     : No timezone override file found: /data/misc/zoneinfo/current/icu/icu_tzdata.dat
08-02 13:21:18.135  8309  8309 E memtrack: Couldn't load memtrack module (No such file or directory)
08-02 13:21:18.135  8309  8309 E android.os.Debug: failed to load memtrack module: -2
08-02 13:21:18.137  8309  8309 I Radio-JNI: register_android_hardware_Radio DONE
08-02 13:21:18.144  8309  8309 D AndroidRuntime: Calling main entry com.android.commands.input.Input
08-02 13:21:18.144  8309  8309 I Input   : injectKeyEvent: KeyEvent { action=ACTION_DOWN, keyCode=KEYCODE_DEL, scanCode=0, metaState=0, flags=0x0, repeatCount=0, eventTime=657826, downTime=657826, deviceId=-1, source=0x101 }
08-02 13:21:18.147  8309  8309 I Input   : injectKeyEvent: KeyEvent { action=ACTION_UP, keyCode=KEYCODE_DEL, scanCode=0, metaState=0, flags=0x0, repeatCount=0, eventTime=657826, downTime=657826, deviceId=-1, source=0x101 }
08-02 13:21:18.148  8309  8309 I Input   : injectKeyEvent: KeyEvent { action=ACTION_DOWN, keyCode=KEYCODE_DEL, scanCode=0, metaState=0, flags=0x0, repeatCount=0, eventTime=657830, downTime=657830, deviceId=-1, source=0x101 }
08-02 13:21:18.149  8309  8309 I Input   : injectKeyEvent: KeyEvent { action=ACTION_UP, keyCode=KEYCODE_DEL, scanCode=0, metaState=0, flags=0x0, repeatCount=0, eventTime=657830, downTime=657830, deviceId=-1, source=0x101 }
08-02 13:21:18.150  8309  8309 I Input   : injectKeyEvent: KeyEvent { action=ACTION_DOWN, keyCode=KEYCODE_DEL, scanCode=0, metaState=0, flags=0x0, repeatCount=0, eventTime=657831, downTime=657831, deviceId=-1, source=0x101 }
08-02 13:21:18.151  8309  8309 I Input   : injectKeyEvent: KeyEvent { action=ACTION_UP, keyCode=KEYCODE_DEL, scanCode=0, metaState=0, flags=0x0, repeatCount=0, eventTime=657831, downTime=657831, deviceId=-1, source=0x101 }
08-02 13:21:18.151  8309  8309 I Input   : injectKeyEvent: KeyEvent { action=ACTION_DOWN, keyCode=KEYCODE_DEL, scanCode=0, metaState=0, flags=0x0, repeatCount=0, eventTime=657833, downTime=657833, deviceId=-1, source=0x101 }
08-02 13:21:18.152  8309  8309 I Input   : injectKeyEvent: KeyEvent { action=ACTION_UP, keyCode=KEYCODE_DEL, scanCode=0, metaState=0, flags=0x0, repeatCount=0, eventTime=657833, downTime=657833, deviceId=-1, source=0x101 }
08-02 13:21:18.153  8309  8309 I Input   : injectKeyEvent: KeyEvent { action=ACTION_DOWN, keyCode=KEYCODE_DEL, scanCode=0, metaState=0, flags=0x0, repeatCount=0, eventTime=657835, downTime=657835, deviceId=-1, source=0x101 }
08-02 13:21:18.159  8309  8309 I Input   : injectKeyEvent: KeyEvent { action=ACTION_UP, keyCode=KEYCODE_DEL, scanCode=0, metaState=0, flags=0x0, repeatCount=0, eventTime=657835, downTime=657835, deviceId=-1, source=0x101 }
08-02 13:21:18.160  8309  8309 I Input   : injectKeyEvent: KeyEvent { action=ACTION_DOWN, keyCode=KEYCODE_DEL, scanCode=0, metaState=0, flags=0x0, repeatCount=0, eventTime=657842, downTime=657842, deviceId=-1, source=0x101 }
08-02 13:21:18.164  8309  8309 I Input   : injectKeyEvent: KeyEvent { action=ACTION_UP, keyCode=KEYCODE_DEL, scanCode=0, metaState=0, flags=0x0, repeatCount=0, eventTime=657842, downTime=657842, deviceId=-1, source=0x101 }
08-02 13:21:18.165  8309  8309 I Input   : injectKeyEvent: KeyEvent { action=ACTION_DOWN, keyCode=KEYCODE_DEL, scanCode=0, metaState=0, flags=0x0, repeatCount=0, eventTime=657846, downTime=657846, deviceId=-1, source=0x101 }
08-02 13:21:18.168  8309  8309 I Input   : injectKeyEvent: KeyEvent { action=ACTION_UP, keyCode=KEYCODE_DEL, scanCode=0, metaState=0, flags=0x0, repeatCount=0, eventTime=657846, downTime=657846, deviceId=-1, source=0x101 }
08-02 13:21:18.169  8309  8309 I Input   : injectKeyEvent: KeyEvent { action=ACTION_DOWN, keyCode=KEYCODE_DEL, scanCode=0, metaState=0, flags=0x0, repeatCount=0, eventTime=657850, downTime=657850, deviceId=-1, source=0x101 }
08-02 13:21:18.171  8309  8309 I Input   : injectKeyEvent: KeyEvent { action=ACTION_UP, keyCode=KEYCODE_DEL, scanCode=0, metaState=0, flags=0x0, repeatCount=0, eventTime=657850, downTime=657850, deviceId=-1, source=0x101 }
08-02 13:21:18.175  8309  8309 I Input   : injectKeyEvent: KeyEvent { action=ACTION_DOWN, keyCode=KEYCODE_DEL, scanCode=0, metaState=0, flags=0x0, repeatCount=0, eventTime=657856, downTime=657856, deviceId=-1, source=0x101 }
08-02 13:21:18.175  8309  8309 I Input   : injectKeyEvent: KeyEvent { action=ACTION_UP, keyCode=KEYCODE_DEL, scanCode=0, metaState=0, flags=0x0, repeatCount=0, eventTime=657856, downTime=657856, deviceId=-1, source=0x101 }
08-02 13:21:18.179  8309  8309 I Input   : injectKeyEvent: KeyEvent { action=ACTION_DOWN, keyCode=KEYCODE_DEL, scanCode=0, metaState=0, flags=0x0, repeatCount=0, eventTime=657860, downTime=657860, deviceId=-1, source=0x101 }
08-02 13:21:18.186  8309  8309 I Input   : injectKeyEvent: KeyEvent { action=ACTION_UP, keyCode=KEYCODE_DEL, scanCode=0, metaState=0, flags=0x0, repeatCount=0, eventTime=657860, downTime=657860, deviceId=-1, source=0x101 }
08-02 13:21:18.193  8309  8309 I Input   : injectKeyEvent: KeyEvent { action=ACTION_DOWN, keyCode=KEYCODE_DEL, scanCode=0, metaState=0, flags=0x0, repeatCount=0, eventTime=657875, downTime=657875, deviceId=-1, source=0x101 }
08-02 13:21:18.194  8309  8309 I Input   : injectKeyEvent: KeyEvent { action=ACTION_UP, keyCode=KEYCODE_DEL, scanCode=0, metaState=0, flags=0x0, repeatCount=0, eventTime=657875, downTime=657875, deviceId=-1, source=0x101 }
08-02 13:21:18.205  8309  8309 I Input   : injectKeyEvent: KeyEvent { action=ACTION_DOWN, keyCode=KEYCODE_DEL, scanCode=0, metaState=0, flags=0x0, repeatCount=0, eventTime=657886, downTime=657886, deviceId=-1, source=0x101 }
08-02 13:21:18.209  8309  8309 I Input   : injectKeyEvent: KeyEvent { action=ACTION_UP, keyCode=KEYCODE_DEL, scanCode=0, metaState=0, flags=0x0, repeatCount=0, eventTime=657886, downTime=657886, deviceId=-1, source=0x101 }
08-02 13:21:18.210  8309  8309 I Input   : injectKeyEvent: KeyEvent { action=ACTION_DOWN, keyCode=KEYCODE_DEL, scanCode=0, metaState=0, flags=0x0, repeatCount=0, eventTime=657891, downTime=657891, deviceId=-1, source=0x101 }
08-02 13:21:18.211  8309  8309 I Input   : injectKeyEvent: KeyEvent { action=ACTION_UP, keyCode=KEYCODE_DEL, scanCode=0, metaState=0, flags=0x0, repeatCount=0, eventTime=657891, downTime=657891, deviceId=-1, source=0x101 }
08-02 13:21:18.212  8309  8309 I Input   : injectKeyEvent: KeyEvent { action=ACTION_DOWN, keyCode=KEYCODE_DEL, scanCode=0, metaState=0, flags=0x0, repeatCount=0, eventTime=657894, downTime=657894, deviceId=-1, source=0x101 }
08-02 13:21:18.214  8309  8309 I Input   : injectKeyEvent: KeyEvent { action=ACTION_UP, keyCode=KEYCODE_DEL, scanCode=0, metaState=0, flags=0x0, repeatCount=0, eventTime=657894, downTime=657894, deviceId=-1, source=0x101 }
08-02 13:21:18.217  8309  8309 I Input   : injectKeyEvent: KeyEvent { action=ACTION_DOWN, keyCode=KEYCODE_DEL, scanCode=0, metaState=0, flags=0x0, repeatCount=0, eventTime=657899, downTime=657899, deviceId=-1, source=0x101 }
08-02 13:21:18.218  8309  8309 I Input   : injectKeyEvent: KeyEvent { action=ACTION_UP, keyCode=KEYCODE_DEL, scanCode=0, metaState=0, flags=0x0, repeatCount=0, eventTime=657899, downTime=657899, deviceId=-1, source=0x101 }
08-02 13:21:18.220  8309  8309 I Input   : injectKeyEvent: KeyEvent { action=ACTION_DOWN, keyCode=KEYCODE_DEL, scanCode=0, metaState=0, flags=0x0, repeatCount=0, eventTime=657901, downTime=657901, deviceId=-1, source=0x101 }
08-02 13:21:18.221  8309  8309 I Input   : injectKeyEvent: KeyEvent { action=ACTION_UP, keyCode=KEYCODE_DEL, scanCode=0, metaState=0, flags=0x0, repeatCount=0, eventTime=657901, downTime=657901, deviceId=-1, source=0x101 }
08-02 13:21:18.225  8309  8309 I Input   : injectKeyEvent: KeyEvent { action=ACTION_DOWN, keyCode=KEYCODE_DEL, scanCode=0, metaState=0, flags=0x0, repeatCount=0, eventTime=657906, downTime=657906, deviceId=-1, source=0x101 }
08-02 13:21:18.240  8309  8309 I Input   : injectKeyEvent: KeyEvent { action=ACTION_UP, keyCode=KEYCODE_DEL, scanCode=0, metaState=0, flags=0x0, repeatCount=0, eventTime=657906, downTime=657906, deviceId=-1, source=0x101 }
08-02 13:21:18.241  8309  8309 I Input   : injectKeyEvent: KeyEvent { action=ACTION_DOWN, keyCode=KEYCODE_DEL, scanCode=0, metaState=0, flags=0x0, repeatCount=0, eventTime=657923, downTime=657923, deviceId=-1, source=0x101 }
08-02 13:21:18.244  8309  8309 I Input   : injectKeyEvent: KeyEvent { action=ACTION_UP, keyCode=KEYCODE_DEL, scanCode=0, metaState=0, flags=0x0, repeatCount=0, eventTime=657923, downTime=657923, deviceId=-1, source=0x101 }
08-02 13:21:18.256  8309  8309 I Input   : injectKeyEvent: KeyEvent { action=ACTION_DOWN, keyCode=KEYCODE_DEL, scanCode=0, metaState=0, flags=0x0, repeatCount=0, eventTime=657938, downTime=657938, deviceId=-1, source=0x101 }
08-02 13:21:18.264  8309  8309 I Input   : injectKeyEvent: KeyEvent { action=ACTION_UP, keyCode=KEYCODE_DEL, scanCode=0, metaState=0, flags=0x0, repeatCount=0, eventTime=657938, downTime=657938, deviceId=-1, source=0x101 }
08-02 13:21:18.266  8309  8309 I Input   : injectKeyEvent: KeyEvent { action=ACTION_DOWN, keyCode=KEYCODE_DEL, scanCode=0, metaState=0, flags=0x0, repeatCount=0, eventTime=657948, downTime=657948, deviceId=-1, source=0x101 }
08-02 13:21:18.270  8309  8309 I Input   : injectKeyEvent: KeyEvent { action=ACTION_UP, keyCode=KEYCODE_DEL, scanCode=0, metaState=0, flags=0x0, repeatCount=0, eventTime=657948, downTime=657948, deviceId=-1, source=0x101 }
08-02 13:21:18.275  8309  8309 I Input   : injectKeyEvent: KeyEvent { action=ACTION_DOWN, keyCode=KEYCODE_DEL, scanCode=0, metaState=0, flags=0x0, repeatCount=0, eventTime=657957, downTime=657957, deviceId=-1, source=0x101 }
08-02 13:21:18.277  8309  8309 I Input   : injectKeyEvent: KeyEvent { action=ACTION_UP, keyCode=KEYCODE_DEL, scanCode=0, metaState=0, flags=0x0, repeatCount=0, eventTime=657957, downTime=657957, deviceId=-1, source=0x101 }
08-02 13:21:18.280  8309  8309 I Input   : injectKeyEvent: KeyEvent { action=ACTION_DOWN, keyCode=KEYCODE_DEL, scanCode=0, metaState=0, flags=0x0, repeatCount=0, eventTime=657962, downTime=657962, deviceId=-1, source=0x101 }
08-02 13:21:18.284  8309  8309 I Input   : injectKeyEvent: KeyEvent { action=ACTION_UP, keyCode=KEYCODE_DEL, scanCode=0, metaState=0, flags=0x0, repeatCount=0, eventTime=657962, downTime=657962, deviceId=-1, source=0x101 }
08-02 13:21:18.285  8309  8309 I Input   : injectKeyEvent: KeyEvent { action=ACTION_DOWN, keyCode=KEYCODE_DEL, scanCode=0, metaState=0, flags=0x0, repeatCount=0, eventTime=657967, downTime=657967, deviceId=-1, source=0x101 }
08-02 13:21:18.290  8309  8309 I Input   : injectKeyEvent: KeyEvent { action=ACTION_UP, keyCode=KEYCODE_DEL, scanCode=0, metaState=0, flags=0x0, repeatCount=0, eventTime=657967, downTime=657967, deviceId=-1, source=0x101 }
08-02 13:21:18.291  8309  8309 I Input   : injectKeyEvent: KeyEvent { action=ACTION_DOWN, keyCode=KEYCODE_DEL, scanCode=0, metaState=0, flags=0x0, repeatCount=0, eventTime=657973, downTime=657973, deviceId=-1, source=0x101 }
08-02 13:21:18.292  8309  8309 I Input   : injectKeyEvent: KeyEvent { action=ACTION_UP, keyCode=KEYCODE_DEL, scanCode=0, metaState=0, flags=0x0, repeatCount=0, eventTime=657973, downTime=657973, deviceId=-1, source=0x101 }
08-02 13:21:18.294  8309  8309 I Input   : injectKeyEvent: KeyEvent { action=ACTION_DOWN, keyCode=KEYCODE_DEL, scanCode=0, metaState=0, flags=0x0, repeatCount=0, eventTime=657976, downTime=657976, deviceId=-1, source=0x101 }
08-02 13:21:18.302  8309  8309 I Input   : injectKeyEvent: KeyEvent { action=ACTION_UP, keyCode=KEYCODE_DEL, scanCode=0, metaState=0, flags=0x0, repeatCount=0, eventTime=657976, downTime=657976, deviceId=-1, source=0x101 }
08-02 13:21:18.311  8309  8309 I Input   : injectKeyEvent: KeyEvent { action=ACTION_DOWN, keyCode=KEYCODE_DEL, scanCode=0, metaState=0, flags=0x0, repeatCount=0, eventTime=657993, downTime=657993, deviceId=-1, source=0x101 }
08-02 13:21:18.319  8309  8309 I Input   : injectKeyEvent: KeyEvent { action=ACTION_UP, keyCode=KEYCODE_DEL, scanCode=0, metaState=0, flags=0x0, repeatCount=0, eventTime=657993, downTime=657993, deviceId=-1, source=0x101 }
08-02 13:21:18.320  8309  8309 I Input   : injectKeyEvent: KeyEvent { action=ACTION_DOWN, keyCode=KEYCODE_DEL, scanCode=0, metaState=0, flags=0x0, repeatCount=0, eventTime=658002, downTime=658002, deviceId=-1, source=0x101 }
08-02 13:21:18.321  8309  8309 I Input   : injectKeyEvent: KeyEvent { action=ACTION_UP, keyCode=KEYCODE_DEL, scanCode=0, metaState=0, flags=0x0, repeatCount=0, eventTime=658002, downTime=658002, deviceId=-1, source=0x101 }
08-02 13:21:18.333  8309  8309 I Input   : injectKeyEvent: KeyEvent { action=ACTION_DOWN, keyCode=KEYCODE_DEL, scanCode=0, metaState=0, flags=0x0, repeatCount=0, eventTime=658014, downTime=658014, deviceId=-1, source=0x101 }
08-02 13:21:18.342  8309  8309 I Input   : injectKeyEvent: KeyEvent { action=ACTION_UP, keyCode=KEYCODE_DEL, scanCode=0, metaState=0, flags=0x0, repeatCount=0, eventTime=658014, downTime=658014, deviceId=-1, source=0x101 }
08-02 13:21:18.343  8309  8309 I Input   : injectKeyEvent: KeyEvent { action=ACTION_DOWN, keyCode=KEYCODE_DEL, scanCode=0, metaState=0, flags=0x0, repeatCount=0, eventTime=658025, downTime=658025, deviceId=-1, source=0x101 }
08-02 13:21:18.344  8309  8309 I Input   : injectKeyEvent: KeyEvent { action=ACTION_UP, keyCode=KEYCODE_DEL, scanCode=0, metaState=0, flags=0x0, repeatCount=0, eventTime=658025, downTime=658025, deviceId=-1, source=0x101 }
08-02 13:21:18.345  8309  8309 I Input   : injectKeyEvent: KeyEvent { action=ACTION_DOWN, keyCode=KEYCODE_DEL, scanCode=0, metaState=0, flags=0x0, repeatCount=0, eventTime=658026, downTime=658026, deviceId=-1, source=0x101 }
08-02 13:21:18.345  8309  8309 I Input   : injectKeyEvent: KeyEvent { action=ACTION_UP, keyCode=KEYCODE_DEL, scanCode=0, metaState=0, flags=0x0, repeatCount=0, eventTime=658026, downTime=658026, deviceId=-1, source=0x101 }
08-02 13:21:18.349  8309  8309 I Input   : injectKeyEvent: KeyEvent { action=ACTION_DOWN, keyCode=KEYCODE_DEL, scanCode=0, metaState=0, flags=0x0, repeatCount=0, eventTime=658031, downTime=658031, deviceId=-1, source=0x101 }
08-02 13:21:18.350  8309  8309 I Input   : injectKeyEvent: KeyEvent { action=ACTION_UP, keyCode=KEYCODE_DEL, scanCode=0, metaState=0, flags=0x0, repeatCount=0, eventTime=658031, downTime=658031, deviceId=-1, source=0x101 }
08-02 13:21:18.351  8309  8309 I Input   : injectKeyEvent: KeyEvent { action=ACTION_DOWN, keyCode=KEYCODE_DEL, scanCode=0, metaState=0, flags=0x0, repeatCount=0, eventTime=658033, downTime=658033, deviceId=-1, source=0x101 }
08-02 13:21:18.361  8309  8309 I Input   : injectKeyEvent: KeyEvent { action=ACTION_UP, keyCode=KEYCODE_DEL, scanCode=0, metaState=0, flags=0x0, repeatCount=0, eventTime=658033, downTime=658033, deviceId=-1, source=0x101 }
08-02 13:21:18.364  8309  8309 I Input   : injectKeyEvent: KeyEvent { action=ACTION_DOWN, keyCode=KEYCODE_DEL, scanCode=0, metaState=0, flags=0x0, repeatCount=0, eventTime=658046, downTime=658046, deviceId=-1, source=0x101 }
08-02 13:21:18.366  8309  8309 I Input   : injectKeyEvent: KeyEvent { action=ACTION_UP, keyCode=KEYCODE_DEL, scanCode=0, metaState=0, flags=0x0, repeatCount=0, eventTime=658046, downTime=658046, deviceId=-1, source=0x101 }
08-02 13:21:18.369  8309  8309 I Input   : injectKeyEvent: KeyEvent { action=ACTION_DOWN, keyCode=KEYCODE_DEL, scanCode=0, metaState=0, flags=0x0, repeatCount=0, eventTime=658051, downTime=658051, deviceId=-1, source=0x101 }
08-02 13:21:18.371  8309  8309 I Input   : injectKeyEvent: KeyEvent { action=ACTION_UP, keyCode=KEYCODE_DEL, scanCode=0, metaState=0, flags=0x0, repeatCount=0, eventTime=658051, downTime=658051, deviceId=-1, source=0x101 }
08-02 13:21:18.372  8309  8309 I Input   : injectKeyEvent: KeyEvent { action=ACTION_DOWN, keyCode=KEYCODE_DEL, scanCode=0, metaState=0, flags=0x0, repeatCount=0, eventTime=658054, downTime=658054, deviceId=-1, source=0x101 }
08-02 13:21:18.373  8309  8309 I Input   : injectKeyEvent: KeyEvent { action=ACTION_UP, keyCode=KEYCODE_DEL, scanCode=0, metaState=0, flags=0x0, repeatCount=0, eventTime=658054, downTime=658054, deviceId=-1, source=0x101 }
08-02 13:21:18.377  8309  8309 I Input   : injectKeyEvent: KeyEvent { action=ACTION_DOWN, keyCode=KEYCODE_DEL, scanCode=0, metaState=0, flags=0x0, repeatCount=0, eventTime=658059, downTime=658059, deviceId=-1, source=0x101 }
08-02 13:21:18.379  8309  8309 I Input   : injectKeyEvent: KeyEvent { action=ACTION_UP, keyCode=KEYCODE_DEL, scanCode=0, metaState=0, flags=0x0, repeatCount=0, eventTime=658059, downTime=658059, deviceId=-1, source=0x101 }
08-02 13:21:18.389  8309  8309 I Input   : injectKeyEvent: KeyEvent { action=ACTION_DOWN, keyCode=KEYCODE_DEL, scanCode=0, metaState=0, flags=0x0, repeatCount=0, eventTime=658071, downTime=658071, deviceId=-1, source=0x101 }
08-02 13:21:18.398  8309  8309 I Input   : injectKeyEvent: KeyEvent { action=ACTION_UP, keyCode=KEYCODE_DEL, scanCode=0, metaState=0, flags=0x0, repeatCount=0, eventTime=658071, downTime=658071, deviceId=-1, source=0x101 }
08-02 13:21:18.402  8309  8309 I Input   : injectKeyEvent: KeyEvent { action=ACTION_DOWN, keyCode=KEYCODE_DEL, scanCode=0, metaState=0, flags=0x0, repeatCount=0, eventTime=658083, downTime=658083, deviceId=-1, source=0x101 }
08-02 13:21:18.405  8309  8309 I Input   : injectKeyEvent: KeyEvent { action=ACTION_UP, keyCode=KEYCODE_DEL, scanCode=0, metaState=0, flags=0x0, repeatCount=0, eventTime=658083, downTime=658083, deviceId=-1, source=0x101 }
08-02 13:21:18.409  8309  8309 I Input   : injectKeyEvent: KeyEvent { action=ACTION_DOWN, keyCode=KEYCODE_DEL, scanCode=0, metaState=0, flags=0x0, repeatCount=0, eventTime=658091, downTime=658091, deviceId=-1, source=0x101 }
08-02 13:21:18.416  8309  8309 I Input   : injectKeyEvent: KeyEvent { action=ACTION_UP, keyCode=KEYCODE_DEL, scanCode=0, metaState=0, flags=0x0, repeatCount=0, eventTime=658091, downTime=658091, deviceId=-1, source=0x101 }
08-02 13:21:18.417  8309  8309 I Input   : injectKeyEvent: KeyEvent { action=ACTION_DOWN, keyCode=KEYCODE_DEL, scanCode=0, metaState=0, flags=0x0, repeatCount=0, eventTime=658098, downTime=658098, deviceId=-1, source=0x101 }
08-02 13:21:18.422  8309  8309 I Input   : injectKeyEvent: KeyEvent { action=ACTION_UP, keyCode=KEYCODE_DEL, scanCode=0, metaState=0, flags=0x0, repeatCount=0, eventTime=658098, downTime=658098, deviceId=-1, source=0x101 }
08-02 13:21:18.426  8309  8309 I Input   : injectKeyEvent: KeyEvent { action=ACTION_DOWN, keyCode=KEYCODE_DEL, scanCode=0, metaState=0, flags=0x0, repeatCount=0, eventTime=658108, downTime=658108, deviceId=-1, source=0x101 }
08-02 13:21:18.430  8309  8309 I Input   : injectKeyEvent: KeyEvent { action=ACTION_UP, keyCode=KEYCODE_DEL, scanCode=0, metaState=0, flags=0x0, repeatCount=0, eventTime=658108, downTime=658108, deviceId=-1, source=0x101 }
08-02 13:21:18.431  8309  8309 I Input   : injectKeyEvent: KeyEvent { action=ACTION_DOWN, keyCode=KEYCODE_DEL, scanCode=0, metaState=0, flags=0x0, repeatCount=0, eventTime=658112, downTime=658112, deviceId=-1, source=0x101 }
08-02 13:21:18.437  8309  8309 I Input   : injectKeyEvent: KeyEvent { action=ACTION_UP, keyCode=KEYCODE_DEL, scanCode=0, metaState=0, flags=0x0, repeatCount=0, eventTime=658112, downTime=658112, deviceId=-1, source=0x101 }
08-02 13:21:18.440  8309  8309 I Input   : injectKeyEvent: KeyEvent { action=ACTION_DOWN, keyCode=KEYCODE_DEL, scanCode=0, metaState=0, flags=0x0, repeatCount=0, eventTime=658122, downTime=658122, deviceId=-1, source=0x101 }
08-02 13:21:18.444  8309  8309 I Input   : injectKeyEvent: KeyEvent { action=ACTION_UP, keyCode=KEYCODE_DEL, scanCode=0, metaState=0, flags=0x0, repeatCount=0, eventTime=658122, downTime=658122, deviceId=-1, source=0x101 }
08-02 13:21:18.446  8309  8309 I Input   : injectKeyEvent: KeyEvent { action=ACTION_DOWN, keyCode=KEYCODE_DEL, scanCode=0, metaState=0, flags=0x0, repeatCount=0, eventTime=658127, downTime=658127, deviceId=-1, source=0x101 }
08-02 13:21:18.462  8309  8309 I Input   : injectKeyEvent: KeyEvent { action=ACTION_UP, keyCode=KEYCODE_DEL, scanCode=0, metaState=0, flags=0x0, repeatCount=0, eventTime=658127, downTime=658127, deviceId=-1, source=0x101 }
08-02 13:21:18.464  8309  8309 I Input   : injectKeyEvent: KeyEvent { action=ACTION_DOWN, keyCode=KEYCODE_DEL, scanCode=0, metaState=0, flags=0x0, repeatCount=0, eventTime=658146, downTime=658146, deviceId=-1, source=0x101 }
08-02 13:21:18.482  8309  8309 I Input   : injectKeyEvent: KeyEvent { action=ACTION_UP, keyCode=KEYCODE_DEL, scanCode=0, metaState=0, flags=0x0, repeatCount=0, eventTime=658146, downTime=658146, deviceId=-1, source=0x101 }
08-02 13:21:18.490  8309  8309 I Input   : injectKeyEvent: KeyEvent { action=ACTION_DOWN, keyCode=KEYCODE_DEL, scanCode=0, metaState=0, flags=0x0, repeatCount=0, eventTime=658172, downTime=658172, deviceId=-1, source=0x101 }
08-02 13:21:18.509  8309  8309 I Input   : injectKeyEvent: KeyEvent { action=ACTION_UP, keyCode=KEYCODE_DEL, scanCode=0, metaState=0, flags=0x0, repeatCount=0, eventTime=658172, downTime=658172, deviceId=-1, source=0x101 }
08-02 13:21:18.513  8309  8309 I Input   : injectKeyEvent: KeyEvent { action=ACTION_DOWN, keyCode=KEYCODE_DEL, scanCode=0, metaState=0, flags=0x0, repeatCount=0, eventTime=658194, downTime=658194, deviceId=-1, source=0x101 }
08-02 13:21:18.522  8309  8309 I Input   : injectKeyEvent: KeyEvent { action=ACTION_UP, keyCode=KEYCODE_DEL, scanCode=0, metaState=0, flags=0x0, repeatCount=0, eventTime=658194, downTime=658194, deviceId=-1, source=0x101 }
08-02 13:21:18.523  8309  8309 I Input   : injectKeyEvent: KeyEvent { action=ACTION_DOWN, keyCode=KEYCODE_DEL, scanCode=0, metaState=0, flags=0x0, repeatCount=0, eventTime=658205, downTime=658205, deviceId=-1, source=0x101 }
08-02 13:21:18.540  8309  8309 I Input   : injectKeyEvent: KeyEvent { action=ACTION_UP, keyCode=KEYCODE_DEL, scanCode=0, metaState=0, flags=0x0, repeatCount=0, eventTime=658205, downTime=658205, deviceId=-1, source=0x101 }
08-02 13:21:18.547  8309  8309 I Input   : injectKeyEvent: KeyEvent { action=ACTION_DOWN, keyCode=KEYCODE_DEL, scanCode=0, metaState=0, flags=0x0, repeatCount=0, eventTime=658228, downTime=658228, deviceId=-1, source=0x101 }
08-02 13:21:18.549  8309  8309 I Input   : injectKeyEvent: KeyEvent { action=ACTION_UP, keyCode=KEYCODE_DEL, scanCode=0, metaState=0, flags=0x0, repeatCount=0, eventTime=658228, downTime=658228, deviceId=-1, source=0x101 }
08-02 13:21:18.562  8309  8309 I Input   : injectKeyEvent: KeyEvent { action=ACTION_DOWN, keyCode=KEYCODE_DEL, scanCode=0, metaState=0, flags=0x0, repeatCount=0, eventTime=658243, downTime=658243, deviceId=-1, source=0x101 }
08-02 13:21:18.570  8309  8309 I Input   : injectKeyEvent: KeyEvent { action=ACTION_UP, keyCode=KEYCODE_DEL, scanCode=0, metaState=0, flags=0x0, repeatCount=0, eventTime=658243, downTime=658243, deviceId=-1, source=0x101 }
08-02 13:21:18.574  8309  8309 D AndroidRuntime: Shutting down VM
08-02 13:21:18.946  8318  8318 D AndroidRuntime: >>>>>> START com.android.internal.os.RuntimeInit uid 0 <<<<<<
08-02 13:21:18.947  8318  8318 D AndroidRuntime: CheckJNI is OFF
08-02 13:21:18.958  8318  8318 D ICU     : No timezone override file found: /data/misc/zoneinfo/current/icu/icu_tzdata.dat
08-02 13:21:18.968  8318  8318 E memtrack: Couldn't load memtrack module (No such file or directory)
08-02 13:21:18.968  8318  8318 E android.os.Debug: failed to load memtrack module: -2
08-02 13:21:18.969  8318  8318 I Radio-JNI: register_android_hardware_Radio DONE
08-02 13:21:18.977  8318  8318 D AndroidRuntime: Calling main entry com.android.commands.input.Input
08-02 13:21:18.994  8318  8318 I Input   : injectKeyEvent: KeyEvent { action=ACTION_DOWN, keyCode=KEYCODE_SHIFT_LEFT, scanCode=0, metaState=META_SHIFT_ON|META_SHIFT_LEFT_ON, flags=0x0, repeatCount=0, eventTime=658674, downTime=658674, deviceId=-1, source=0x101 }
08-02 13:21:18.999  8318  8318 I Input   : injectKeyEvent: KeyEvent { action=ACTION_DOWN, keyCode=KEYCODE_T, scanCode=0, metaState=META_SHIFT_ON|META_SHIFT_LEFT_ON, flags=0x0, repeatCount=0, eventTime=658674, downTime=658674, deviceId=-1, source=0x101 }
08-02 13:21:19.004  8318  8318 I Input   : injectKeyEvent: KeyEvent { action=ACTION_UP, keyCode=KEYCODE_T, scanCode=0, metaState=META_SHIFT_ON|META_SHIFT_LEFT_ON, flags=0x0, repeatCount=0, eventTime=658674, downTime=658674, deviceId=-1, source=0x101 }
08-02 13:21:19.009  8318  8318 I Input   : injectKeyEvent: KeyEvent { action=ACTION_UP, keyCode=KEYCODE_SHIFT_LEFT, scanCode=0, metaState=0, flags=0x0, repeatCount=0, eventTime=658674, downTime=658674, deviceId=-1, source=0x101 }
08-02 13:21:19.011  8318  8318 I Input   : injectKeyEvent: KeyEvent { action=ACTION_DOWN, keyCode=KEYCODE_E, scanCode=0, metaState=0, flags=0x0, repeatCount=0, eventTime=658674, downTime=658674, deviceId=-1, source=0x101 }
08-02 13:21:19.014  8318  8318 I Input   : injectKeyEvent: KeyEvent { action=ACTION_UP, keyCode=KEYCODE_E, scanCode=0, metaState=0, flags=0x0, repeatCount=0, eventTime=658674, downTime=658674, deviceId=-1, source=0x101 }
08-02 13:21:19.015  8318  8318 I Input   : injectKeyEvent: KeyEvent { action=ACTION_DOWN, keyCode=KEYCODE_S, scanCode=0, metaState=0, flags=0x0, repeatCount=0, eventTime=658674, downTime=658674, deviceId=-1, source=0x101 }
08-02 13:21:19.022  8318  8318 I Input   : injectKeyEvent: KeyEvent { action=ACTION_UP, keyCode=KEYCODE_S, scanCode=0, metaState=0, flags=0x0, repeatCount=0, eventTime=658674, downTime=658674, deviceId=-1, source=0x101 }
08-02 13:21:19.029  8318  8318 I Input   : injectKeyEvent: KeyEvent { action=ACTION_DOWN, keyCode=KEYCODE_T, scanCode=0, metaState=0, flags=0x0, repeatCount=0, eventTime=658674, downTime=658674, deviceId=-1, source=0x101 }
08-02 13:21:19.051  8318  8318 I Input   : injectKeyEvent: KeyEvent { action=ACTION_UP, keyCode=KEYCODE_T, scanCode=0, metaState=0, flags=0x0, repeatCount=0, eventTime=658674, downTime=658674, deviceId=-1, source=0x101 }
