08-02 13:19:45.502  6483  6483 I Input   : injectMotionEvent: MotionEvent { action=ACTION_MOVE, actionButton=0, id[0]=0, x[0]=600.0, y[0]=264.0, toolType[0]=TOOL_TYPE_UNKNOWN, buttonState=0, metaState=0, flags=0x0, edgeFlags=0x0, pointerCount=1, historySize=0, eventTime=565183, downTime=565183, deviceId=0, source=0x1002 }
08-02 13:19:45.520  6483  6483 I Input   : injectMotionEvent: MotionEvent { action=ACTION_MOVE, actionButton=0, id[0]=0, x[0]=600.0, y[0]=264.0, toolType[0]=TOOL_TYPE_UNKNOWN, buttonState=0, metaState=0, flags=0x0, edgeFlags=0x0, pointerCount=1, historySize=0, eventTime=565201, downTime=565201, deviceId=0, source=0x1002 }
08-02 13:19:45.535  6483  6483 I Input   : injectMotionEvent: MotionEvent { action=ACTION_MOVE, actionButton=0, id[0]=0, x[0]=600.0, y[0]=264.0, toolType[0]=TOOL_TYPE_UNKNOWN, buttonState=0, metaState=0, flags=0x0, edgeFlags=0x0, pointerCount=1, historySize=0, eventTime=565217, downTime=565217, deviceId=0, source=0x1002 }
08-02 13:19:45.567  2017  2032 W EGL_emulation: eglSurfaceAttrib not implemented
08-02 13:19:45.567  2017  2032 W OpenGLRenderer: Failed to set EGL_SWAP_BEHAVIOR on surface 0xf04b2cc0, error=EGL_SUCCESS
08-02 13:19:45.583  6483  6483 I Input   : injectMotionEvent: MotionEvent { action=ACTION_MOVE, actionButton=0, id[0]=0, x[0]=600.0, y[0]=264.0, toolType[0]=TOOL_TYPE_UNKNOWN, buttonState=0, metaState=0, flags=0x0, edgeFlags=0x0, pointerCount=1, historySize=0, eventTime=565265, downTime=565265, deviceId=0, source=0x1002 }
08-02 13:19:45.628  2017  2032 V RenderScript: 0xe07be000 Launching thread(s), CPUs 4
08-02 13:19:45.637  6483  6483 I Input   : injectMotionEvent: MotionEvent { action=ACTION_MOVE, actionButton=0, id[0]=0, x[0]=600.0, y[0]=264.0, toolType[0]=TOOL_TYPE_UNKNOWN, buttonState=0, metaState=0, flags=0x0, edgeFlags=0x0, pointerCount=1, historySize=0, eventTime=565318, downTime=565318, deviceId=0, source=0x1002 }
08-02 13:19:45.662  6483  6483 I Input   : injectMotionEvent: MotionEvent { action=ACTION_MOVE, actionButton=0, id[0]=0, x[0]=600.0, y[0]=264.0, toolType[0]=TOOL_TYPE_UNKNOWN, buttonState=0, metaState=0, flags=0x0, edgeFlags=0x0, pointerCount=1, historySize=0, eventTime=565339, downTime=565339, deviceId=0, source=0x1002 }
08-02 13:19:45.680  6483  6483 I Input   : injectMotionEvent: MotionEvent { action=ACTION_MOVE, actionButton=0, id[0]=0, x[0]=600.0, y[0]=264.0, toolType[0]=TOOL_TYPE_UNKNOWN, buttonState=0, metaState=0, flags=0x0, edgeFlags=0x0, pointerCount=1, historySize=0, eventTime=565361, downTime=565361, deviceId=0, source=0x1002 }
08-02 13:19:45.696  6483  6483 I Input   : injectMotionEvent: MotionEvent { action=ACTION_MOVE, actionButton=0, id[0]=0, x[0]=600.0, y[0]=264.0, toolType[0]=TOOL_TYPE_UNKNOWN, buttonState=0, metaState=0, flags=0x0, edgeFlags=0x0, pointerCount=1, historySize=0, eventTime=565378, downTime=565378, deviceId=0, source=0x1002 }
08-02 13:19:45.713  6483  6483 I Input   : injectMotionEvent: MotionEvent { action=ACTION_MOVE, actionButton=0, id[0]=0, x[0]=600.0, y[0]=264.0, toolType[0]=TOOL_TYPE_UNKNOWN, buttonState=0, metaState=0, flags=0x0, edgeFlags=0x0, pointerCount=1, historySize=0, eventTime=565394, downTime=565394, deviceId=0, source=0x1002 }
08-02 13:19:45.719  6483  6483 I Input   : injectMotionEvent: MotionEvent { action=ACTION_MOVE, actionButton=0, id[0]=0, x[0]=600.0, y[0]=264.0, toolType[0]=TOOL_TYPE_UNKNOWN, buttonState=0, metaState=0, flags=0x0, edgeFlags=0x0, pointerCount=1, historySize=0, eventTime=565400, downTime=565400, deviceId=0, source=0x1002 }
08-02 13:19:45.738  6483  6483 I Input   : injectMotionEvent: MotionEvent { action=ACTION_MOVE, actionButton=0, id[0]=0, x[0]=600.0, y[0]=264.0, toolType[0]=TOOL_TYPE_UNKNOWN, buttonState=0, metaState=0, flags=0x0, edgeFlags=0x0, pointerCount=1, historySize=0, eventTime=565420, downTime=565420, deviceId=0, source=0x1002 }
08-02 13:19:45.752  6483  6483 I Input   : injectMotionEvent: MotionEvent { action=ACTION_MOVE, actionButton=0, id[0]=0, x[0]=600.0, y[0]=264.0, toolType[0]=TOOL_TYPE_UNKNOWN, buttonState=0, metaState=0, flags=0x0, edgeFlags=0x0, pointerCount=1, historySize=0, eventTime=565434, downTime=565434, deviceId=0, source=0x1002 }
08-02 13:19:45.769  6483  6483 I Input   : injectMotionEvent: MotionEvent { action=ACTION_MOVE, actionButton=0, id[0]=0, x[0]=600.0, y[0]=264.0, toolType[0]=TOOL_TYPE_UNKNOWN, buttonState=0, metaState=0, flags=0x0, edgeFlags=0x0, pointerCount=1, historySize=0, eventTime=565451, downTime=565451, deviceId=0, source=0x1002 }
08-02 13:19:45.787  6483  6483 I Input   : injectMotionEvent: MotionEvent { action=ACTION_MOVE, actionButton=0, id[0]=0, x[0]=600.0, y[0]=264.0, toolType[0]=TOOL_TYPE_UNKNOWN, buttonState=0, metaState=0, flags=0x0, edgeFlags=0x0, pointerCount=1, historySize=0, eventTime=565468, downTime=565468, deviceId=0, source=0x1002 }
08-02 13:19:45.812  6483  6483 I Input   : injectMotionEvent: MotionEvent { action=ACTION_MOVE, actionButton=0, id[0]=0, x[0]=600.0, y[0]=264.0, toolType[0]=TOOL_TYPE_UNKNOWN, buttonState=0, metaState=0, flags=0x0, edgeFlags=0x0, pointerCount=1, historySize=0, eventTime=565493, downTime=565493, deviceId=0, source=0x1002 }
08-02 13:19:45.819  6483  6483 I Input   : injectMotionEvent: MotionEvent { action=ACTION_MOVE, actionButton=0, id[0]=0, x[0]=600.0, y[0]=264.0, toolType[0]=TOOL_TYPE_UNKNOWN, buttonState=0, metaState=0, flags=0x0, edgeFlags=0x0, pointerCount=1, historySize=0, eventTime=565500, downTime=565500, deviceId=0, source=0x1002 }
08-02 13:19:45.837  6483  6483 I Input   : injectMotionEvent: MotionEvent { action=ACTION_MOVE, actionButton=0, id[0]=0, x[0]=600.0, y[0]=264.0, toolType[0]=TOOL_TYPE_UNKNOWN, buttonState=0, metaState=0, flags=0x0, edgeFlags=0x0, pointerCount=1, historySize=0, eventTime=565518, downTime=565518, deviceId=0, source=0x1002 }
08-02 13:19:45.854  6483  6483 I Input   : injectMotionEvent: MotionEvent { action=ACTION_MOVE, actionButton=0, id[0]=0, x[0]=600.0, y[0]=264.0, toolType[0]=TOOL_TYPE_UNKNOWN, buttonState=0, metaState=0, flags=0x0, edgeFlags=0x0, pointerCount=1, historySize=0, eventTime=565535, downTime=565535, deviceId=0, source=0x1002 }
08-02 13:19:45.869  6483  6483 I Input   : injectMotionEvent: MotionEvent { action=ACTION_MOVE, actionButton=0, id[0]=0, x[0]=600.0, y[0]=264.0, toolType[0]=TOOL_TYPE_UNKNOWN, buttonState=0, metaState=0, flags=0x0, edgeFlags=0x0, pointerCount=1, historySize=0, eventTime=565550, downTime=565550, deviceId=0, source=0x1002 }
08-02 13:19:45.886  6483  6483 I Input   : injectMotionEvent: MotionEvent { action=ACTION_MOVE, actionButton=0, id[0]=0, x[0]=600.0, y[0]=264.0, toolType[0]=TOOL_TYPE_UNKNOWN, buttonState=0, metaState=0, flags=0x0, edgeFlags=0x0, pointerCount=1, historySize=0, eventTime=565568, downTime=565568, deviceId=0, source=0x1002 }
08-02 13:19:45.908  6483  6483 I Input   : injectMotionEvent: MotionEvent { action=ACTION_MOVE, actionButton=0, id[0]=0, x[0]=600.0, y[0]=264.0, toolType[0]=TOOL_TYPE_UNKNOWN, buttonState=0, metaState=0, flags=0x0, edgeFlags=0x0, pointerCount=1, historySize=0, eventTime=565590, downTime=565590, deviceId=0, source=0x1002 }
08-02 13:19:45.919  6483  6483 I Input   : injectMotionEvent: MotionEvent { action=ACTION_MOVE, actionButton=0, id[0]=0, x[0]=600.0, y[0]=264.0, toolType[0]=TOOL_TYPE_UNKNOWN, buttonState=0, metaState=0, flags=0x0, edgeFlags=0x0, pointerCount=1, historySize=0, eventTime=565600, downTime=565600, deviceId=0, source=0x1002 }
08-02 13:19:45.935  6483  6483 I Input   : injectMotionEvent: MotionEvent { action=ACTION_MOVE, actionButton=0, id[0]=0, x[0]=600.0, y[0]=264.0, toolType[0]=TOOL_TYPE_UNKNOWN, buttonState=0, metaState=0, flags=0x0, edgeFlags=0x0, pointerCount=1, historySize=0, eventTime=565617, downTime=565617, deviceId=0, source=0x1002 }
08-02 13:19:45.953  6483  6483 I Input   : injectMotionEvent: MotionEvent { action=ACTION_MOVE, actionButton=0, id[0]=0, x[0]=600.0, y[0]=264.0, toolType[0]=TOOL_TYPE_UNKNOWN, buttonState=0, metaState=0, flags=0x0, edgeFlags=0x0, pointerCount=1, historySize=0, eventTime=565635, downTime=565635, deviceId=0, source=0x1002 }
08-02 13:19:45.970  6483  6483 I Input   : injectMotionEvent: MotionEvent { action=ACTION_MOVE, actionButton=0, id[0]=0, x[0]=600.0, y[0]=264.0, toolType[0]=TOOL_TYPE_UNKNOWN, buttonState=0, metaState=0, flags=0x0, edgeFlags=0x0, pointerCount=1, historySize=0, eventTime=565652, downTime=565652, deviceId=0, source=0x1002 }
08-02 13:19:45.985  6483  6483 I Input   : injectMotionEvent: MotionEvent { action=ACTION_MOVE, actionButton=0, id[0]=0, x[0]=600.0, y[0]=264.0, toolType[0]=TOOL_TYPE_UNKNOWN, buttonState=0, metaState=0, flags=0x0, edgeFlags=0x0, pointerCount=1, historySize=0, eventTime=565667, downTime=565667, deviceId=0, source=0x1002 }
08-02 13:19:46.003  6483  6483 I Input   : injectMotionEvent: MotionEvent { action=ACTION_MOVE, actionButton=0, id[0]=0, x[0]=600.0, y[0]=264.0, toolType[0]=TOOL_TYPE_UNKNOWN, buttonState=0, metaState=0, flags=0x0, edgeFlags=0x0, pointerCount=1, historySize=0, eventTime=565684, downTime=565684, deviceId=0, source=0x1002 }
08-02 13:19:46.019  6483  6483 I Input   : injectMotionEvent: MotionEvent { action=ACTION_MOVE, actionButton=0, id[0]=0, x[0]=600.0, y[0]=264.0, toolType[0]=TOOL_TYPE_UNKNOWN, buttonState=0, metaState=0, flags=0x0, edgeFlags=0x0, pointerCount=1, historySize=0, eventTime=565701, downTime=565701, deviceId=0, source=0x1002 }
08-02 13:19:46.036  6483  6483 I Input   : injectMotionEvent: MotionEvent { action=ACTION_MOVE, actionButton=0, id[0]=0, x[0]=600.0, y[0]=264.0, toolType[0]=TOOL_TYPE_UNKNOWN, buttonState=0, metaState=0, flags=0x0, edgeFlags=0x0, pointerCount=1, historySize=0, eventTime=565718, downTime=565718, deviceId=0, source=0x1002 }
08-02 13:19:46.053  6483  6483 I Input   : injectMotionEvent: MotionEvent { action=ACTION_MOVE, actionButton=0, id[0]=0, x[0]=600.0, y[0]=264.0, toolType[0]=TOOL_TYPE_UNKNOWN, buttonState=0, metaState=0, flags=0x0, edgeFlags=0x0, pointerCount=1, historySize=0, eventTime=565734, downTime=565734, deviceId=0, source=0x1002 }
08-02 13:19:46.069  6483  6483 I Input   : injectMotionEvent: MotionEvent { action=ACTION_MOVE, actionButton=0, id[0]=0, x[0]=600.0, y[0]=264.0, toolType[0]=TOOL_TYPE_UNKNOWN, buttonState=0, metaState=0, flags=0x0, edgeFlags=0x0, pointerCount=1, historySize=0, eventTime=565750, downTime=565750, deviceId=0, source=0x1002 }
08-02 13:19:46.086  6483  6483 I Input   : injectMotionEvent: MotionEvent { action=ACTION_MOVE, actionButton=0, id[0]=0, x[0]=600.0, y[0]=264.0, toolType[0]=TOOL_TYPE_UNKNOWN, buttonState=0, metaState=0, flags=0x0, edgeFlags=0x0, pointerCount=1, historySize=0, eventTime=565767, downTime=565767, deviceId=0, source=0x1002 }
08-02 13:19:46.102  6483  6483 I Input   : injectMotionEvent: MotionEvent { action=ACTION_MOVE, actionButton=0, id[0]=0, x[0]=600.0, y[0]=264.0, toolType[0]=TOOL_TYPE_UNKNOWN, buttonState=0, metaState=0, flags=0x0, edgeFlags=0x0, pointerCount=1, historySize=0, eventTime=565784, downTime=565784, deviceId=0, source=0x1002 }
08-02 13:19:46.119  6483  6483 I Input   : injectMotionEvent: MotionEvent { action=ACTION_MOVE, actionButton=0, id[0]=0, x[0]=600.0, y[0]=264.0, toolType[0]=TOOL_TYPE_UNKNOWN, buttonState=0, metaState=0, flags=0x0, edgeFlags=0x0, pointerCount=1, historySize=0, eventTime=565800, downTime=565800, deviceId=0, source=0x1002 }
08-02 13:19:46.138  6483  6483 I Input   : injectMotionEvent: MotionEvent { action=ACTION_MOVE, actionButton=0, id[0]=0, x[0]=600.0, y[0]=264.0, toolType[0]=TOOL_TYPE_UNKNOWN, buttonState=0, metaState=0, flags=0x0, edgeFlags=0x0, pointerCount=1, historySize=0, eventTime=565819, downTime=565819, deviceId=0, source=0x1002 }
08-02 13:19:46.152  6483  6483 I Input   : injectMotionEvent: MotionEvent { action=ACTION_MOVE, actionButton=0, id[0]=0, x[0]=600.0, y[0]=264.0, toolType[0]=TOOL_TYPE_UNKNOWN, buttonState=0, metaState=0, flags=0x0, edgeFlags=0x0, pointerCount=1, historySize=0, eventTime=565834, downTime=565834, deviceId=0, source=0x1002 }
08-02 13:19:46.169  6483  6483 I Input   : injectMotionEvent: MotionEvent { action=ACTION_MOVE, actionButton=0, id[0]=0, x[0]=600.0, y[0]=264.0, toolType[0]=TOOL_TYPE_UNKNOWN, buttonState=0, metaState=0, flags=0x0, edgeFlags=0x0, pointerCount=1, historySize=0, eventTime=565850, downTime=565850, deviceId=0, source=0x1002 }
08-02 13:19:46.187  6483  6483 I Input   : injectMotionEvent: MotionEvent { action=ACTION_MOVE, actionButton=0, id[0]=0, x[0]=600.0, y[0]=264.0, toolType[0]=TOOL_TYPE_UNKNOWN, buttonState=0, metaState=0, flags=0x0, edgeFlags=0x0, pointerCount=1, historySize=0, eventTime=565868, downTime=565868, deviceId=0, source=0x1002 }
08-02 13:19:46.203  6483  6483 I Input   : injectMotionEvent: MotionEvent { action=ACTION_MOVE, actionButton=0, id[0]=0, x[0]=600.0, y[0]=264.0, toolType[0]=TOOL_TYPE_UNKNOWN, buttonState=0, metaState=0, flags=0x0, edgeFlags=0x0, pointerCount=1, historySize=0, eventTime=565885, downTime=565885, deviceId=0, source=0x1002 }
08-02 13:19:46.219  6483  6483 I Input   : injectMotionEvent: MotionEvent { action=ACTION_MOVE, actionButton=0, id[0]=0, x[0]=600.0, y[0]=264.0, toolType[0]=TOOL_TYPE_UNKNOWN, buttonState=0, metaState=0, flags=0x0, edgeFlags=0x0, pointerCount=1, historySize=0, eventTime=565900, downTime=565900, deviceId=0, source=0x1002 }
08-02 13:19:46.238  6483  6483 I Input   : injectMotionEvent: MotionEvent { action=ACTION_MOVE, actionButton=0, id[0]=0, x[0]=600.0, y[0]=264.0, toolType[0]=TOOL_TYPE_UNKNOWN, buttonState=0, metaState=0, flags=0x0, edgeFlags=0x0, pointerCount=1, historySize=0, eventTime=565919, downTime=565919, deviceId=0, source=0x1002 }
08-02 13:19:46.252  6483  6483 I Input   : injectMotionEvent: MotionEvent { action=ACTION_MOVE, actionButton=0, id[0]=0, x[0]=600.0, y[0]=264.0, toolType[0]=TOOL_TYPE_UNKNOWN, buttonState=0, metaState=0, flags=0x0, edgeFlags=0x0, pointerCount=1, historySize=0, eventTime=565934, downTime=565934, deviceId=0, source=0x1002 }
08-02 13:19:46.269  6483  6483 I Input   : injectMotionEvent: MotionEvent { action=ACTION_MOVE, actionButton=0, id[0]=0, x[0]=600.0, y[0]=264.0, toolType[0]=TOOL_TYPE_UNKNOWN, buttonState=0, metaState=0, flags=0x0, edgeFlags=0x0, pointerCount=1, historySize=0, eventTime=565950, downTime=565950, deviceId=0, source=0x1002 }
08-02 13:19:46.285  6483  6483 I Input   : injectMotionEvent: MotionEvent { action=ACTION_MOVE, actionButton=0, id[0]=0, x[0]=600.0, y[0]=264.0, toolType[0]=TOOL_TYPE_UNKNOWN, buttonState=0, metaState=0, flags=0x0, edgeFlags=0x0, pointerCount=1, historySize=0, eventTime=565967, downTime=565967, deviceId=0, source=0x1002 }
08-02 13:19:46.303  6483  6483 I Input   : injectMotionEvent: MotionEvent { action=ACTION_MOVE, actionButton=0, id[0]=0, x[0]=600.0, y[0]=264.0, toolType[0]=TOOL_TYPE_UNKNOWN, buttonState=0, metaState=0, flags=0x0, edgeFlags=0x0, pointerCount=1, historySize=0, eventTime=565984, downTime=565984, deviceId=0, source=0x1002 }
08-02 13:19:46.319  6483  6483 I Input   : injectMotionEvent: MotionEvent { action=ACTION_MOVE, actionButton=0, id[0]=0, x[0]=600.0, y[0]=264.0, toolType[0]=TOOL_TYPE_UNKNOWN, buttonState=0, metaState=0, flags=0x0, edgeFlags=0x0, pointerCount=1, historySize=0, eventTime=566000, downTime=566000, deviceId=0, source=0x1002 }
08-02 13:19:46.337  6483  6483 I Input   : injectMotionEvent: MotionEvent { action=ACTION_MOVE, actionButton=0, id[0]=0, x[0]=600.0, y[0]=264.0, toolType[0]=TOOL_TYPE_UNKNOWN, buttonState=0, metaState=0, flags=0x0, edgeFlags=0x0, pointerCount=1, historySize=0, eventTime=566019, downTime=566019, deviceId=0, source=0x1002 }
08-02 13:19:46.358  6483  6483 I Input   : injectMotionEvent: MotionEvent { action=ACTION_MOVE, actionButton=0, id[0]=0, x[0]=600.0, y[0]=264.0, toolType[0]=TOOL_TYPE_UNKNOWN, buttonState=0, metaState=0, flags=0x0, edgeFlags=0x0, pointerCount=1, historySize=0, eventTime=566040, downTime=566040, deviceId=0, source=0x1002 }
08-02 13:19:46.369  6483  6483 I Input   : injectMotionEvent: MotionEvent { action=ACTION_MOVE, actionButton=0, id[0]=0, x[0]=600.0, y[0]=264.0, toolType[0]=TOOL_TYPE_UNKNOWN, buttonState=0, metaState=0, flags=0x0, edgeFlags=0x0, pointerCount=1, historySize=0, eventTime=566050, downTime=566050, deviceId=0, source=0x1002 }
08-02 13:19:46.387  6483  6483 I Input   : injectMotionEvent: MotionEvent { action=ACTION_MOVE, actionButton=0, id[0]=0, x[0]=600.0, y[0]=264.0, toolType[0]=TOOL_TYPE_UNKNOWN, buttonState=0, metaState=0, flags=0x0, edgeFlags=0x0, pointerCount=1, historySize=0, eventTime=566068, downTime=566068, deviceId=0, source=0x1002 }
08-02 13:19:46.402  6483  6483 I Input   : injectMotionEvent: MotionEvent { action=ACTION_MOVE, actionButton=0, id[0]=0, x[0]=600.0, y[0]=264.0, toolType[0]=TOOL_TYPE_UNKNOWN, buttonState=0, metaState=0, flags=0x0, edgeFlags=0x0, pointerCount=1, historySize=0, eventTime=566084, downTime=566084, deviceId=0, source=0x1002 }
08-02 13:19:46.419  6483  6483 I Input   : injectMotionEvent: MotionEvent { action=ACTION_MOVE, actionButton=0, id[0]=0, x[0]=600.0, y[0]=264.0, toolType[0]=TOOL_TYPE_UNKNOWN, buttonState=0, metaState=0, flags=0x0, edgeFlags=0x0, pointerCount=1, historySize=0, eventTime=566100, downTime=566100, deviceId=0, source=0x1002 }
08-02 13:19:46.436  6483  6483 I Input   : injectMotionEvent: MotionEvent { action=ACTION_MOVE, actionButton=0, id[0]=0, x[0]=600.0, y[0]=264.0, toolType[0]=TOOL_TYPE_UNKNOWN, buttonState=0, metaState=0, flags=0x0, edgeFlags=0x0, pointerCount=1, historySize=0, eventTime=566118, downTime=566118, deviceId=0, source=0x1002 }
08-02 13:19:46.453  6483  6483 I Input   : injectMotionEvent: MotionEvent { action=ACTION_MOVE, actionButton=0, id[0]=0, x[0]=600.0, y[0]=264.0, toolType[0]=TOOL_TYPE_UNKNOWN, buttonState=0, metaState=0, flags=0x0, edgeFlags=0x0, pointerCount=1, historySize=0, eventTime=566135, downTime=566135, deviceId=0, source=0x1002 }
08-02 13:19:46.469  6483  6483 I Input   : injectMotionEvent: MotionEvent { action=ACTION_MOVE, actionButton=0, id[0]=0, x[0]=600.0, y[0]=264.0, toolType[0]=TOOL_TYPE_UNKNOWN, buttonState=0, metaState=0, flags=0x0, edgeFlags=0x0, pointerCount=1, historySize=0, eventTime=566150, downTime=566150, deviceId=0, source=0x1002 }
08-02 13:19:46.485  6483  6483 I Input   : injectMotionEvent: MotionEvent { action=ACTION_MOVE, actionButton=0, id[0]=0, x[0]=600.0, y[0]=264.0, toolType[0]=TOOL_TYPE_UNKNOWN, buttonState=0, metaState=0, flags=0x0, edgeFlags=0x0, pointerCount=1, historySize=0, eventTime=566167, downTime=566167, deviceId=0, source=0x1002 }
08-02 13:19:46.504  6483  6483 I Input   : injectMotionEvent: MotionEvent { action=ACTION_MOVE, actionButton=0, id[0]=0, x[0]=600.0, y[0]=264.0, toolType[0]=TOOL_TYPE_UNKNOWN, buttonState=0, metaState=0, flags=0x0, edgeFlags=0x0, pointerCount=1, historySize=0, eventTime=566185, downTime=566185, deviceId=0, source=0x1002 }
08-02 13:19:46.520  6483  6483 I Input   : injectMotionEvent: MotionEvent { action=ACTION_MOVE, actionButton=0, id[0]=0, x[0]=600.0, y[0]=264.0, toolType[0]=TOOL_TYPE_UNKNOWN, buttonState=0, metaState=0, flags=0x0, edgeFlags=0x0, pointerCount=1, historySize=0, eventTime=566201, downTime=566201, deviceId=0, source=0x1002 }
08-02 13:19:46.538  6483  6483 I Input   : injectMotionEvent: MotionEvent { action=ACTION_MOVE, actionButton=0, id[0]=0, x[0]=600.0, y[0]=264.0, toolType[0]=TOOL_TYPE_UNKNOWN, buttonState=0, metaState=0, flags=0x0, edgeFlags=0x0, pointerCount=1, historySize=0, eventTime=566220, downTime=566220, deviceId=0, source=0x1002 }
08-02 13:19:46.557  6483  6483 I Input   : injectMotionEvent: MotionEvent { action=ACTION_MOVE, actionButton=0, id[0]=0, x[0]=600.0, y[0]=264.0, toolType[0]=TOOL_TYPE_UNKNOWN, buttonState=0, metaState=0, flags=0x0, edgeFlags=0x0, pointerCount=1, historySize=0, eventTime=566239, downTime=566239, deviceId=0, source=0x1002 }
08-02 13:19:46.569  6483  6483 I Input   : injectMotionEvent: MotionEvent { action=ACTION_MOVE, actionButton=0, id[0]=0, x[0]=600.0, y[0]=264.0, toolType[0]=TOOL_TYPE_UNKNOWN, buttonState=0, metaState=0, flags=0x0, edgeFlags=0x0, pointerCount=1, historySize=0, eventTime=566250, downTime=566250, deviceId=0, source=0x1002 }
08-02 13:19:46.587  6483  6483 I Input   : injectMotionEvent: MotionEvent { action=ACTION_MOVE, actionButton=0, id[0]=0, x[0]=600.0, y[0]=264.0, toolType[0]=TOOL_TYPE_UNKNOWN, buttonState=0, metaState=0, flags=0x0, edgeFlags=0x0, pointerCount=1, historySize=0, eventTime=566269, downTime=566269, deviceId=0, source=0x1002 }
08-02 13:19:46.603  6483  6483 I Input   : injectMotionEvent: MotionEvent { action=ACTION_MOVE, actionButton=0, id[0]=0, x[0]=600.0, y[0]=264.0, toolType[0]=TOOL_TYPE_UNKNOWN, buttonState=0, metaState=0, flags=0x0, edgeFlags=0x0, pointerCount=1, historySize=0, eventTime=566284, downTime=566284, deviceId=0, source=0x1002 }
08-02 13:19:46.619  6483  6483 I Input   : injectMotionEvent: MotionEvent { action=ACTION_MOVE, actionButton=0, id[0]=0, x[0]=600.0, y[0]=264.0, toolType[0]=TOOL_TYPE_UNKNOWN, buttonState=0, metaState=0, flags=0x0, edgeFlags=0x0, pointerCount=1, historySize=0, eventTime=566300, downTime=566300, deviceId=0, source=0x1002 }
08-02 13:19:46.637  6483  6483 I Input   : injectMotionEvent: MotionEvent { action=ACTION_MOVE, actionButton=0, id[0]=0, x[0]=600.0, y[0]=264.0, toolType[0]=TOOL_TYPE_UNKNOWN, buttonState=0, metaState=0, flags=0x0, edgeFlags=0x0, pointerCount=1, historySize=0, eventTime=566319, downTime=566319, deviceId=0, source=0x1002 }
08-02 13:19:46.654  6483  6483 I Input   : injectMotionEvent: MotionEvent { action=ACTION_MOVE, actionButton=0, id[0]=0, x[0]=600.0, y[0]=264.0, toolType[0]=TOOL_TYPE_UNKNOWN, buttonState=0, metaState=0, flags=0x0, edgeFlags=0x0, pointerCount=1, historySize=0, eventTime=566335, downTime=566335, deviceId=0, source=0x1002 }
08-02 13:19:46.669  6483  6483 I Input   : injectMotionEvent: MotionEvent { action=ACTION_MOVE, actionButton=0, id[0]=0, x[0]=600.0, y[0]=264.0, toolType[0]=TOOL_TYPE_UNKNOWN, buttonState=0, metaState=0, flags=0x0, edgeFlags=0x0, pointerCount=1, historySize=0, eventTime=566350, downTime=566350, deviceId=0, source=0x1002 }
08-02 13:19:46.687  6483  6483 I Input   : injectMotionEvent: MotionEvent { action=ACTION_MOVE, actionButton=0, id[0]=0, x[0]=600.0, y[0]=264.0, toolType[0]=TOOL_TYPE_UNKNOWN, buttonState=0, metaState=0, flags=0x0, edgeFlags=0x0, pointerCount=1, historySize=0, eventTime=566368, downTime=566368, deviceId=0, source=0x1002 }
08-02 13:19:46.702  6483  6483 I Input   : injectMotionEvent: MotionEvent { action=ACTION_MOVE, actionButton=0, id[0]=0, x[0]=600.0, y[0]=264.0, toolType[0]=TOOL_TYPE_UNKNOWN, buttonState=0, metaState=0, flags=0x0, edgeFlags=0x0, pointerCount=1, historySize=0, eventTime=566383, downTime=566383, deviceId=0, source=0x1002 }
08-02 13:19:46.719  6483  6483 I Input   : injectMotionEvent: MotionEvent { action=ACTION_MOVE, actionButton=0, id[0]=0, x[0]=600.0, y[0]=264.0, toolType[0]=TOOL_TYPE_UNKNOWN, buttonState=0, metaState=0, flags=0x0, edgeFlags=0x0, pointerCount=1, historySize=0, eventTime=566401, downTime=566401, deviceId=0, source=0x1002 }
08-02 13:19:46.738  6483  6483 I Input   : injectMotionEvent: MotionEvent { action=ACTION_MOVE, actionButton=0, id[0]=0, x[0]=600.0, y[0]=264.0, toolType[0]=TOOL_TYPE_UNKNOWN, buttonState=0, metaState=0, flags=0x0, edgeFlags=0x0, pointerCount=1, historySize=0, eventTime=566419, downTime=566419, deviceId=0, source=0x1002 }
08-02 13:19:46.758  6483  6483 I Input   : injectMotionEvent: MotionEvent { action=ACTION_MOVE, actionButton=0, id[0]=0, x[0]=600.0, y[0]=264.0, toolType[0]=TOOL_TYPE_UNKNOWN, buttonState=0, metaState=0, flags=0x0, edgeFlags=0x0, pointerCount=1, historySize=0, eventTime=566440, downTime=566440, deviceId=0, source=0x1002 }
08-02 13:19:46.768  6483  6483 I Input   : injectMotionEvent: MotionEvent { action=ACTION_MOVE, actionButton=0, id[0]=0, x[0]=600.0, y[0]=264.0, toolType[0]=TOOL_TYPE_UNKNOWN, buttonState=0, metaState=0, flags=0x0, edgeFlags=0x0, pointerCount=1, historySize=0, eventTime=566450, downTime=566450, deviceId=0, source=0x1002 }
08-02 13:19:46.785  6483  6483 I Input   : injectMotionEvent: MotionEvent { action=ACTION_MOVE, actionButton=0, id[0]=0, x[0]=600.0, y[0]=264.0, toolType[0]=TOOL_TYPE_UNKNOWN, buttonState=0, metaState=0, flags=0x0, edgeFlags=0x0, pointerCount=1, historySize=0, eventTime=566467, downTime=566467, deviceId=0, source=0x1002 }
08-02 13:19:46.802  6483  6483 I Input   : injectMotionEvent: MotionEvent { action=ACTION_MOVE, actionButton=0, id[0]=0, x[0]=600.0, y[0]=264.0, toolType[0]=TOOL_TYPE_UNKNOWN, buttonState=0, metaState=0, flags=0x0, edgeFlags=0x0, pointerCount=1, historySize=0, eventTime=566483, downTime=566483, deviceId=0, source=0x1002 }
08-02 13:19:46.818  6483  6483 I Input   : injectMotionEvent: MotionEvent { action=ACTION_MOVE, actionButton=0, id[0]=0, x[0]=600.0, y[0]=264.0, toolType[0]=TOOL_TYPE_UNKNOWN, buttonState=0, metaState=0, flags=0x0, edgeFlags=0x0, pointerCount=1, historySize=0, eventTime=566500, downTime=566500, deviceId=0, source=0x1002 }
08-02 13:19:46.837  6483  6483 I Input   : injectMotionEvent: MotionEvent { action=ACTION_MOVE, actionButton=0, id[0]=0, x[0]=600.0, y[0]=264.0, toolType[0]=TOOL_TYPE_UNKNOWN, buttonState=0, metaState=0, flags=0x0, edgeFlags=0x0, pointerCount=1, historySize=0, eventTime=566519, downTime=566519, deviceId=0, source=0x1002 }
08-02 13:19:46.852  6483  6483 I Input   : injectMotionEvent: MotionEvent { action=ACTION_MOVE, actionButton=0, id[0]=0, x[0]=600.0, y[0]=264.0, toolType[0]=TOOL_TYPE_UNKNOWN, buttonState=0, metaState=0, flags=0x0, edgeFlags=0x0, pointerCount=1, historySize=0, eventTime=566534, downTime=566534, deviceId=0, source=0x1002 }
08-02 13:19:46.869  6483  6483 I Input   : injectMotionEvent: MotionEvent { action=ACTION_MOVE, actionButton=0, id[0]=0, x[0]=600.0, y[0]=264.0, toolType[0]=TOOL_TYPE_UNKNOWN, buttonState=0, metaState=0, flags=0x0, edgeFlags=0x0, pointerCount=1, historySize=0, eventTime=566550, downTime=566550, deviceId=0, source=0x1002 }
08-02 13:19:46.886  6483  6483 I Input   : injectMotionEvent: MotionEvent { action=ACTION_MOVE, actionButton=0, id[0]=0, x[0]=600.0, y[0]=264.0, toolType[0]=TOOL_TYPE_UNKNOWN, buttonState=0, metaState=0, flags=0x0, edgeFlags=0x0, pointerCount=1, historySize=0, eventTime=566568, downTime=566568, deviceId=0, source=0x1002 }
08-02 13:19:46.902  6483  6483 I Input   : injectMotionEvent: MotionEvent { action=ACTION_MOVE, actionButton=0, id[0]=0, x[0]=600.0, y[0]=264.0, toolType[0]=TOOL_TYPE_UNKNOWN, buttonState=0, metaState=0, flags=0x0, edgeFlags=0x0, pointerCount=1, historySize=0, eventTime=566584, downTime=566584, deviceId=0, source=0x1002 }
08-02 13:19:46.919  6483  6483 I Input   : injectMotionEvent: MotionEvent { action=ACTION_MOVE, actionButton=0, id[0]=0, x[0]=600.0, y[0]=264.0, toolType[0]=TOOL_TYPE_UNKNOWN, buttonState=0, metaState=0, flags=0x0, edgeFlags=0x0, pointerCount=1, historySize=0, eventTime=566600, downTime=566600, deviceId=0, source=0x1002 }
08-02 13:19:46.937  6483  6483 I Input   : injectMotionEvent: MotionEvent { action=ACTION_MOVE, actionButton=0, id[0]=0, x[0]=600.0, y[0]=264.0, toolType[0]=TOOL_TYPE_UNKNOWN, buttonState=0, metaState=0, flags=0x0, edgeFlags=0x0, pointerCount=1, historySize=0, eventTime=566618, downTime=566618, deviceId=0, source=0x1002 }
08-02 13:19:46.958  6483  6483 I Input   : injectMotionEvent: MotionEvent { action=ACTION_MOVE, actionButton=0, id[0]=0, x[0]=600.0, y[0]=264.0, toolType[0]=TOOL_TYPE_UNKNOWN, buttonState=0, metaState=0, flags=0x0, edgeFlags=0x0, pointerCount=1, historySize=0, eventTime=566640, downTime=566640, deviceId=0, source=0x1002 }
08-02 13:19:46.969  6483  6483 I Input   : injectMotionEvent: MotionEvent { action=ACTION_MOVE, actionButton=0, id[0]=0, x[0]=600.0, y[0]=264.0, toolType[0]=TOOL_TYPE_UNKNOWN, buttonState=0, metaState=0, flags=0x0, edgeFlags=0x0, pointerCount=1, historySize=0, eventTime=566650, downTime=566650, deviceId=0, source=0x1002 }
08-02 13:19:46.985  6483  6483 I Input   : injectMotionEvent: MotionEvent { action=ACTION_MOVE, actionButton=0, id[0]=0, x[0]=600.0, y[0]=264.0, toolType[0]=TOOL_TYPE_UNKNOWN, buttonState=0, metaState=0, flags=0x0, edgeFlags=0x0, pointerCount=1, historySize=0, eventTime=566667, downTime=566667, deviceId=0, source=0x1002 }
08-02 13:19:47.003  6483  6483 I Input   : injectMotionEvent: MotionEvent { action=ACTION_MOVE, actionButton=0, id[0]=0, x[0]=600.0, y[0]=264.0, toolType[0]=TOOL_TYPE_UNKNOWN, buttonState=0, metaState=0, flags=0x0, edgeFlags=0x0, pointerCount=1, historySize=0, eventTime=566684, downTime=566684, deviceId=0, source=0x1002 }
08-02 13:19:47.019  6483  6483 I Input   : injectMotionEvent: MotionEvent { action=ACTION_UP, actionButton=0, id[0]=0, x[0]=600.0, y[0]=264.0, toolType[0]=TOOL_TYPE_UNKNOWN, buttonState=0, metaState=0, flags=0x0, edgeFlags=0x0, pointerCount=1, historySize=0, eventTime=566700, downTime=566700, deviceId=0, source=0x1002 }
08-02 13:19:47.019  6483  6483 D AndroidRuntime: Shutting down VM
08-02 13:19:49.025  2017  2032 E Surface : getSlotFromBufferLocked: unknown buffer: 0xeecb4150
08-02 13:19:51.489  6822  6822 D AndroidRuntime: >>>>>> START com.android.internal.os.RuntimeInit uid 0 <<<<<<
08-02 13:19:51.492  6822  6822 D AndroidRuntime: CheckJNI is OFF
08-02 13:19:51.501  6822  6822 D ICU     : No timezone override file found: /data/misc/zoneinfo/current/icu/icu_tzdata.dat
08-02 13:19:51.514  6822  6822 E memtrack: Couldn't load memtrack module (No such file or directory)
08-02 13:19:51.514  6822  6822 E android.os.Debug: failed to load memtrack module: -2
08-02 13:19:51.515  6822  6822 I Radio-JNI: register_android_hardware_Radio DONE
08-02 13:19:51.521  6822  6822 D AndroidRuntime: Calling main entry com.android.commands.uiautomator.Launcher
08-02 13:19:52.539  6822  6822 I AccessibilityNodeInfoDumper: Skipping invisible child: android.view.accessibility.AccessibilityNodeInfo@80010d24; boundsInParent: Rect(0, 0 - 0, 112); boundsInScreen: Rect(1200, 48 - 1200, 160); packageName: uk.co.yahoo.p1rpp.calendartrigger; className: android.widget.LinearLayout; text: null; error: null; maxTextLength: -1; contentDescription: null; viewIdResName: null; checkable: false; checked: false; focusable: false; focused: false; selected: false; clickable: false; longClickable: false; contextClickable: false; enabled: true; password: false; scrollable: false; actions: [AccessibilityAction: ACTION_SELECT - null, AccessibilityAction: ACTION_CLEAR_SELECTION - null, AccessibilityAction: ACTION_ACCESSIBILITY_FOCUS - null, AccessibilityAction: ACTION_UNKNOWN - null]
08-02 13:19:52.544  6822  6822 W AccessibilityNodeInfoDumper: Fetch time: 11ms
08-02 13:19:52.545   624   751 W WindowManager: Attempted to remove non-existing token: android.os.Binder@2ea47e7
08-02 13:19:52.570  6822  6822 D AndroidRuntime: Shutting down VM
08-02 13:19:53.631  6845  6845 D AndroidRuntime: >>>>>> START com.android.internal.os.RuntimeInit uid 0 <<<<<<
08-02 13:19:53.633  6845  6845 D AndroidRuntime: CheckJNI is OFF
08-02 13:19:53.643  6845  6845 D ICU     : No timezone override file found: /data/misc/zoneinfo/current/icu/icu_tzdata.dat
08-02 13:19:53.654  6845  6845 E memtrack: Couldn't load memtrack module (No such file or directory)
08-02 13:19:53.654  6845  6845 E android.os.Debug: failed to load memtrack module: -2
08-02 13:19:53.655  6845  6845 I Radio-JNI: register_android_hardware_Radio DONE
08-02 13:19:53.661  6845  6845 D AndroidRuntime: Calling main entry com.android.commands.uiautomator.Launcher
08-02 13:19:54.692  6845  6845 I AccessibilityNodeInfoDumper: Skipping invisible child: android.view.accessibility.AccessibilityNodeInfo@80010d2c; boundsInParent: Rect(0, 0 - 0, 112); boundsInScreen: Rect(1200, 48 - 1200, 160); packageName: uk.co.yahoo.p1rpp.calendartrigger; className: android.widget.LinearLayout; text: null; error: null; maxTextLength: -1; contentDescription: null; viewIdResName: null; checkable: false; checked: false; focusable: false; focused: false; selected: false; clickable: false; longClickable: false; contextClickable: false; enabled: true; password: false; scrollable: false; actions: [AccessibilityAction: ACTION_SELECT - null, AccessibilityAction: ACTION_CLEAR_SELECTION - null, AccessibilityAction: ACTION_ACCESSIBILITY_FOCUS - null, AccessibilityAction: ACTION_UNKNOWN - null]
08-02 13:19:54.693  6845  6845 W AccessibilityNodeInfoDumper: Fetch time: 11ms
08-02 13:19:54.694   624  1056 W WindowManager: Attempted to remove non-existing token: android.os.Binder@3532f94
08-02 13:19:54.699  6845  6845 D AndroidRuntime: Shutting down VM
08-02 13:19:55.185  6863  6863 D AndroidRuntime: >>>>>> START com.android.internal.os.RuntimeInit uid 0 <<<<<<
08-02 13:19:55.187  6863  6863 D AndroidRuntime: CheckJNI is OFF
08-02 13:19:55.196  6863  6863 D ICU     : No timezone override file found: /data/misc/zoneinfo/current/icu/icu_tzdata.dat
08-02 13:19:55.208  6863  6863 E memtrack: Couldn't load memtrack module (No such file or directory)
08-02 13:19:55.208  6863  6863 E android.os.Debug: failed to load memtrack module: -2
08-02 13:19:55.209  6863  6863 I Radio-JNI: register_android_hardware_Radio DONE
08-02 13:19:55.214  6863  6863 D AndroidRuntime: Calling main entry com.android.commands.uiautomator.Launcher
08-02 13:19:56.231  6863  6863 I AccessibilityNodeInfoDumper: Skipping invisible child: android.view.accessibility.AccessibilityNodeInfo@80010d32; boundsInParent: Rect(0, 0 - 0, 112); boundsInScreen: Rect(1200, 48 - 1200, 160); packageName: uk.co.yahoo.p1rpp.calendartrigger; className: android.widget.LinearLayout; text: null; error: null; maxTextLength: -1; contentDescription: null; viewIdResName: null; checkable: false; checked: false; focusable: false; focused: false; selected: false; clickable: false; longClickable: false; contextClickable: false; enabled: true; password: false; scrollable: false; actions: [AccessibilityAction: ACTION_SELECT - null, AccessibilityAction: ACTION_CLEAR_SELECTION - null, AccessibilityAction: ACTION_ACCESSIBILITY_FOCUS - null, AccessibilityAction: ACTION_UNKNOWN - null]
08-02 13:19:56.237  6863  6863 W AccessibilityNodeInfoDumper: Fetch time: 11ms
08-02 13:19:56.237   624   752 W WindowManager: Attempted to remove non-existing token: android.os.Binder@3628a3d
08-02 13:19:56.243  6863  6863 D AndroidRuntime: Shutting down VM
08-02 13:19:57.327  6886  6886 D AndroidRuntime: >>>>>> START com.android.internal.os.RuntimeInit uid 0 <<<<<<
08-02 13:19:57.329  6886  6886 D AndroidRuntime: CheckJNI is OFF
08-02 13:19:57.338  6886  6886 D ICU     : No timezone override file found: /data/misc/zoneinfo/current/icu/icu_tzdata.dat
08-02 13:19:57.352  6886  6886 E memtrack: Couldn't load memtrack module (No such file or directory)
08-02 13:19:57.352  6886  6886 E android.os.Debug: failed to load memtrack module: -2
08-02 13:19:57.353  6886  6886 I Radio-JNI: register_android_hardware_Radio DONE
08-02 13:19:57.359  6886  6886 D AndroidRuntime: Calling main entry com.android.commands.uiautomator.Launcher
08-02 13:19:58.376  6886  6886 I AccessibilityNodeInfoDumper: Skipping invisible child: android.view.accessibility.AccessibilityNodeInfo@80010d3b; boundsInParent: Rect(0, 0 - 0, 112); boundsInScreen: Rect(1200, 48 - 1200, 160); packageName: uk.co.yahoo.p1rpp.calendartrigger; className: android.widget.LinearLayout; text: null; error: null; maxTextLength: -1; contentDescription: null; viewIdResName: null; checkable: false; checked: false; focusable: false; focused: false; selected: false; clickable: false; longClickable: false; contextClickable: false; enabled: true; password: false; scrollable: false; actions: [AccessibilityAction: ACTION_SELECT - null, AccessibilityAction: ACTION_CLEAR_SELECTION - null, AccessibilityAction: ACTION_ACCESSIBILITY_FOCUS - null, AccessibilityAction: ACTION_UNKNOWN - null]
08-02 13:19:58.377  6886  6886 W AccessibilityNodeInfoDumper: Fetch time: 6ms
08-02 13:19:58.377   624  1091 W WindowManager: Attempted to remove non-existing token: android.os.Binder@f41a232
08-02 13:19:58.384  6886  6886 D AndroidRuntime: Shutting down VM
08-02 13:19:59.569  6914  6914 D AndroidRuntime: >>>>>> START com.android.internal.os.RuntimeInit uid 0 <<<<<<
08-02 13:19:59.570  6914  6914 D AndroidRuntime: CheckJNI is OFF
08-02 13:19:59.578  6914  6914 D ICU     : No timezone override file found: /data/misc/zoneinfo/current/icu/icu_tzdata.dat
08-02 13:19:59.591  6914  6914 E memtrack: Couldn't load memtrack module (No such file or directory)
08-02 13:19:59.591  6914  6914 E android.os.Debug: failed to load memtrack module: -2
08-02 13:19:59.592  6914  6914 I Radio-JNI: register_android_hardware_Radio DONE
08-02 13:19:59.601  6914  6914 D AndroidRuntime: Calling main entry com.android.commands.uiautomator.Launcher
08-02 13:20:00.620  6914  6914 I AccessibilityNodeInfoDumper: Skipping invisible child: android.view.accessibility.AccessibilityNodeInfo@80010d45; boundsInParent: Rect(0, 0 - 0, 112); boundsInScreen: Rect(1200, 48 - 1200, 160); packageName: uk.co.yahoo.p1rpp.calendartrigger; className: android.widget.LinearLayout; text: null; error: null; maxTextLength: -1; contentDescription: null; viewIdResName: null; checkable: false; checked: false; focusable: false; focused: false; selected: false; clickable: false; longClickable: false; contextClickable: false; enabled: true; password: false; scrollable: false; actions: [AccessibilityAction: ACTION_SELECT - null, AccessibilityAction: ACTION_CLEAR_SELECTION - null, AccessibilityAction: ACTION_ACCESSIBILITY_FOCUS - null, AccessibilityAction: ACTION_UNKNOWN - null]
08-02 13:20:00.621  6914  6914 W AccessibilityNodeInfoDumper: Fetch time: 6ms
08-02 13:20:00.622   624   636 W WindowManager: Attempted to remove non-existing token: android.os.Binder@3097b83
08-02 13:20:00.632  6914  6914 D AndroidRuntime: Shutting down VM
08-02 13:20:01.760  6940  6940 D AndroidRuntime: >>>>>> START com.android.internal.os.RuntimeInit uid 0 <<<<<<
08-02 13:20:01.762  6940  6940 D AndroidRuntime: CheckJNI is OFF
08-02 13:20:01.770  6940  6940 D ICU     : No timezone override file found: /data/misc/zoneinfo/current/icu/icu_tzdata.dat
08-02 13:20:01.786  6940  6940 E memtrack: Couldn't load memtrack module (No such file or directory)
08-02 13:20:01.786  6940  6940 E android.os.Debug: failed to load memtrack module: -2
08-02 13:20:01.788  6940  6940 I Radio-JNI: register_android_hardware_Radio DONE
08-02 13:20:01.799  6940  6940 D AndroidRuntime: Calling main entry com.android.commands.uiautomator.Launcher
08-02 13:20:02.826  6940  6940 I AccessibilityNodeInfoDumper: Skipping invisible child: android.view.accessibility.AccessibilityNodeInfo@80010d4c; boundsInParent: Rect(0, 0 - 0, 112); boundsInScreen: Rect(1200, 48 - 1200, 160); packageName: uk.co.yahoo.p1rpp.calendartrigger; className: android.widget.LinearLayout; text: null; error: null; maxTextLength: -1; contentDescription: null; viewIdResName: null; checkable: false; checked: false; focusable: false; focused: false; selected: false; clickable: false; longClickable: false; contextClickable: false; enabled: true; password: false; scrollable: false; actions: [AccessibilityAction: ACTION_SELECT - null, AccessibilityAction: ACTION_CLEAR_SELECTION - null, AccessibilityAction: ACTION_ACCESSIBILITY_FOCUS - null, AccessibilityAction: ACTION_UNKNOWN - null]
08-02 13:20:02.828  6940  6940 W AccessibilityNodeInfoDumper: Fetch time: 7ms
08-02 13:20:02.837   624  1073 W WindowManager: Attempted to remove non-existing token: android.os.Binder@5f28d39
08-02 13:20:02.847  6940  6940 D AndroidRuntime: Shutting down VM
08-02 13:20:03.352  6958  6958 D AndroidRuntime: >>>>>> START com.android.internal.os.RuntimeInit uid 0 <<<<<<
08-02 13:20:03.354  6958  6958 D AndroidRuntime: CheckJNI is OFF
08-02 13:20:03.363  6958  6958 D ICU     : No timezone override file found: /data/misc/zoneinfo/current/icu/icu_tzdata.dat
08-02 13:20:03.374  6958  6958 E memtrack: Couldn't load memtrack module (No such file or directory)
08-02 13:20:03.374  6958  6958 E android.os.Debug: failed to load memtrack module: -2
08-02 13:20:03.375  6958  6958 I Radio-JNI: register_android_hardware_Radio DONE
08-02 13:20:03.381  6958  6958 D AndroidRuntime: Calling main entry com.android.commands.uiautomator.Launcher
08-02 13:20:04.407  6958  6958 I AccessibilityNodeInfoDumper: Skipping invisible child: android.view.accessibility.AccessibilityNodeInfo@80010d54; boundsInParent: Rect(0, 0 - 0, 112); boundsInScreen: Rect(1200, 48 - 1200, 160); packageName: uk.co.yahoo.p1rpp.calendartrigger; className: android.widget.LinearLayout; text: null; error: null; maxTextLength: -1; contentDescription: null; viewIdResName: null; checkable: false; checked: false; focusable: false; focused: false; selected: false; clickable: false; longClickable: false; contextClickable: false; enabled: true; password: false; scrollable: false; actions: [AccessibilityAction: ACTION_SELECT - null, AccessibilityAction: ACTION_CLEAR_SELECTION - null, AccessibilityAction: ACTION_ACCESSIBILITY_FOCUS - null, AccessibilityAction: ACTION_UNKNOWN - null]
08-02 13:20:04.409  6958  6958 W AccessibilityNodeInfoDumper: Fetch time: 10ms
08-02 13:20:04.414   624  1056 W WindowManager: Attempted to remove non-existing token: android.os.Binder@263af7e
08-02 13:20:04.442  6958  6958 D AndroidRuntime: Shutting down VM
08-02 13:20:05.555  6981  6981 D AndroidRuntime: >>>>>> START com.android.internal.os.RuntimeInit uid 0 <<<<<<
08-02 13:20:05.556  6981  6981 D AndroidRuntime: CheckJNI is OFF
08-02 13:20:05.565  6981  6981 D ICU     : No timezone override file found: /data/misc/zoneinfo/current/icu/icu_tzdata.dat
08-02 13:20:05.576  6981  6981 E memtrack: Couldn't load memtrack module (No such file or directory)
08-02 13:20:05.576  6981  6981 E android.os.Debug: failed to load memtrack module: -2
08-02 13:20:05.577  6981  6981 I Radio-JNI: register_android_hardware_Radio DONE
08-02 13:20:05.583  6981  6981 D AndroidRuntime: Calling main entry com.android.commands.uiautomator.Launcher
08-02 13:20:06.600  6981  6981 I AccessibilityNodeInfoDumper: Skipping invisible child: android.view.accessibility.AccessibilityNodeInfo@80010d5c; boundsInParent: Rect(0, 0 - 0, 112); boundsInScreen: Rect(1200, 48 - 1200, 160); packageName: uk.co.yahoo.p1rpp.calendartrigger; className: android.widget.LinearLayout; text: null; error: null; maxTextLength: -1; contentDescription: null; viewIdResName: null; checkable: false; checked: false; focusable: false; focused: false; selected: false; clickable: false; longClickable: false; contextClickable: false; enabled: true; password: false; scrollable: false; actions: [AccessibilityAction: ACTION_SELECT - null, AccessibilityAction: ACTION_CLEAR_SELECTION - null, AccessibilityAction: ACTION_ACCESSIBILITY_FOCUS - null, AccessibilityAction: ACTION_UNKNOWN - null]
08-02 13:20:06.601  6981  6981 W AccessibilityNodeInfoDumper: Fetch time: 7ms
08-02 13:20:06.602   624  1091 W WindowManager: Attempted to remove non-existing token: android.os.Binder@d5e4cdf
08-02 13:20:06.604  6981  6981 D AndroidRuntime: Shutting down VM
08-02 13:20:07.063  6999  6999 D AndroidRuntime: >>>>>> START com.android.internal.os.RuntimeInit uid 0 <<<<<<
08-02 13:20:07.065  6999  6999 D AndroidRuntime: CheckJNI is OFF
08-02 13:20:07.073  6999  6999 D ICU     : No timezone override file found: /data/misc/zoneinfo/current/icu/icu_tzdata.dat
08-02 13:20:07.085  6999  6999 E memtrack: Couldn't load memtrack module (No such file or directory)
08-02 13:20:07.085  6999  6999 E android.os.Debug: failed to load memtrack module: -2
08-02 13:20:07.086  6999  6999 I Radio-JNI: register_android_hardware_Radio DONE
08-02 13:20:07.094  6999  6999 D AndroidRuntime: Calling main entry com.android.commands.uiautomator.Launcher
08-02 13:20:08.109  6999  6999 I AccessibilityNodeInfoDumper: Skipping invisible child: android.view.accessibility.AccessibilityNodeInfo@80010d62; boundsInParent: Rect(0, 0 - 0, 112); boundsInScreen: Rect(1200, 48 - 1200, 160); packageName: uk.co.yahoo.p1rpp.calendartrigger; className: android.widget.LinearLayout; text: null; error: null; maxTextLength: -1; contentDescription: null; viewIdResName: null; checkable: false; checked: false; focusable: false; focused: false; selected: false; clickable: false; longClickable: false; contextClickable: false; enabled: true; password: false; scrollable: false; actions: [AccessibilityAction: ACTION_SELECT - null, AccessibilityAction: ACTION_CLEAR_SELECTION - null, AccessibilityAction: ACTION_ACCESSIBILITY_FOCUS - null, AccessibilityAction: ACTION_UNKNOWN - null]
08-02 13:20:08.110  6999  6999 W AccessibilityNodeInfoDumper: Fetch time: 6ms
08-02 13:20:08.110   624  1052 W WindowManager: Attempted to remove non-existing token: android.os.Binder@cdd2c
08-02 13:20:08.120  6999  6999 D AndroidRuntime: Shutting down VM
08-02 13:20:09.195  7022  7022 D AndroidRuntime: >>>>>> START com.android.internal.os.RuntimeInit uid 0 <<<<<<
08-02 13:20:09.197  7022  7022 D AndroidRuntime: CheckJNI is OFF
08-02 13:20:09.205  7022  7022 D ICU     : No timezone override file found: /data/misc/zoneinfo/current/icu/icu_tzdata.dat
08-02 13:20:09.218  7022  7022 E memtrack: Couldn't load memtrack module (No such file or directory)
08-02 13:20:09.218  7022  7022 E android.os.Debug: failed to load memtrack module: -2
08-02 13:20:09.219  7022  7022 I Radio-JNI: register_android_hardware_Radio DONE
08-02 13:20:09.225  7022  7022 D AndroidRuntime: Calling main entry com.android.commands.uiautomator.Launcher
08-02 13:20:10.246  7022  7022 I AccessibilityNodeInfoDumper: Skipping invisible child: android.view.accessibility.AccessibilityNodeInfo@80010d6b; boundsInParent: Rect(0, 0 - 0, 112); boundsInScreen: Rect(1200, 48 - 1200, 160); packageName: uk.co.yahoo.p1rpp.calendartrigger; className: android.widget.LinearLayout; text: null; error: null; maxTextLength: -1; contentDescription: null; viewIdResName: null; checkable: false; checked: false; focusable: false; focused: false; selected: false; clickable: false; longClickable: false; contextClickable: false; enabled: true; password: false; scrollable: false; actions: [AccessibilityAction: ACTION_SELECT - null, AccessibilityAction: ACTION_CLEAR_SELECTION - null, AccessibilityAction: ACTION_ACCESSIBILITY_FOCUS - null, AccessibilityAction: ACTION_UNKNOWN - null]
08-02 13:20:10.247  7022  7022 W AccessibilityNodeInfoDumper: Fetch time: 7ms
08-02 13:20:10.248   624  1073 W WindowManager: Attempted to remove non-existing token: android.os.Binder@ce5c3f5
08-02 13:20:10.254  7022  7022 D AndroidRuntime: Shutting down VM
08-02 13:20:10.769  7040  7040 D AndroidRuntime: >>>>>> START com.android.internal.os.RuntimeInit uid 0 <<<<<<
08-02 13:20:10.770  7040  7040 D AndroidRuntime: CheckJNI is OFF
08-02 13:20:10.779  7040  7040 D ICU     : No timezone override file found: /data/misc/zoneinfo/current/icu/icu_tzdata.dat
08-02 13:20:10.791  7040  7040 E memtrack: Couldn't load memtrack module (No such file or directory)
08-02 13:20:10.791  7040  7040 E android.os.Debug: failed to load memtrack module: -2
08-02 13:20:10.792  7040  7040 I Radio-JNI: register_android_hardware_Radio DONE
08-02 13:20:10.798  7040  7040 D AndroidRuntime: Calling main entry com.android.commands.uiautomator.Launcher
08-02 13:20:11.815  7040  7040 I AccessibilityNodeInfoDumper: Skipping invisible child: android.view.accessibility.AccessibilityNodeInfo@80010d72; boundsInParent: Rect(0, 0 - 0, 112); boundsInScreen: Rect(1200, 48 - 1200, 160); packageName: uk.co.yahoo.p1rpp.calendartrigger; className: android.widget.LinearLayout; text: null; error: null; maxTextLength: -1; contentDescription: null; viewIdResName: null; checkable: false; checked: false; focusable: false; focused: false; selected: false; clickable: false; longClickable: false; contextClickable: false; enabled: true; password: false; scrollable: false; actions: [AccessibilityAction: ACTION_SELECT - null, AccessibilityAction: ACTION_CLEAR_SELECTION - null, AccessibilityAction: ACTION_ACCESSIBILITY_FOCUS - null, AccessibilityAction: ACTION_UNKNOWN - null]
08-02 13:20:11.817  7040  7040 W AccessibilityNodeInfoDumper: Fetch time: 6ms
08-02 13:20:11.817   624  1633 W WindowManager: Attempted to remove non-existing token: android.os.Binder@104d7fb
08-02 13:20:11.820  7040  7040 D AndroidRuntime: Shutting down VM
08-02 13:20:12.994  7066  7066 D AndroidRuntime: >>>>>> START com.android.internal.os.RuntimeInit uid 0 <<<<<<
08-02 13:20:12.996  7066  7066 D AndroidRuntime: CheckJNI is OFF
08-02 13:20:13.006  7066  7066 D ICU     : No timezone override file found: /data/misc/zoneinfo/current/icu/icu_tzdata.dat
08-02 13:20:13.023  7066  7066 E memtrack: Couldn't load memtrack module (No such file or directory)
08-02 13:20:13.023  7066  7066 E android.os.Debug: failed to load memtrack module: -2
08-02 13:20:13.025  7066  7066 I Radio-JNI: register_android_hardware_Radio DONE
08-02 13:20:13.032  7066  7066 D AndroidRuntime: Calling main entry com.android.commands.uiautomator.Launcher
08-02 13:20:14.074  7066  7066 I AccessibilityNodeInfoDumper: Skipping invisible child: android.view.accessibility.AccessibilityNodeInfo@80010d7a; boundsInParent: Rect(0, 0 - 0, 112); boundsInScreen: Rect(1200, 48 - 1200, 160); packageName: uk.co.yahoo.p1rpp.calendartrigger; className: android.widget.LinearLayout; text: null; error: null; maxTextLength: -1; contentDescription: null; viewIdResName: null; checkable: false; checked: false; focusable: false; focused: false; selected: false; clickable: false; longClickable: false; contextClickable: false; enabled: true; password: false; scrollable: false; actions: [AccessibilityAction: ACTION_SELECT - null, AccessibilityAction: ACTION_CLEAR_SELECTION - null, AccessibilityAction: ACTION_ACCESSIBILITY_FOCUS - null, AccessibilityAction: ACTION_UNKNOWN - null]
08-02 13:20:14.076  7066  7066 W AccessibilityNodeInfoDumper: Fetch time: 8ms
08-02 13:20:14.076   624   752 W WindowManager: Attempted to remove non-existing token: android.os.Binder@a018
08-02 13:20:14.089  7066  7066 D AndroidRuntime: Shutting down VM
