08-02 13:23:33.704 11530 11530 D AndroidRuntime: Calling main entry com.android.commands.uiautomator.Launcher
08-02 13:23:34.725 11530 11530 I AccessibilityNodeInfoDumper: Skipping invisible child: android.view.accessibility.AccessibilityNodeInfo@8001d6f5; boundsInParent: Rect(0, 0 - 0, 112); boundsInScreen: Rect(1200, 48 - 1200, 160); packageName: uk.co.yahoo.p1rpp.calendartrigger; className: android.widget.LinearLayout; text: null; error: null; maxTextLength: -1; contentDescription: null; viewIdResName: null; checkable: false; checked: false; focusable: false; focused: false; selected: false; clickable: false; longClickable: false; contextClickable: false; enabled: true; password: false; scrollable: false; actions: [AccessibilityAction: ACTION_SELECT - null, AccessibilityAction: ACTION_CLEAR_SELECTION - null, AccessibilityAction: ACTION_ACCESSIBILITY_FOCUS - null, AccessibilityAction: ACTION_UNKNOWN - null]
08-02 13:23:34.726 11530 11530 W AccessibilityNodeInfoDumper: Fetch time: 7ms
08-02 13:23:34.727   624   636 W WindowManager: Attempted to remove non-existing token: android.os.Binder@b223455
08-02 13:23:34.731 11530 11530 D AndroidRuntime: Shutting down VM
08-02 13:23:35.212 11548 11548 D AndroidRuntime: >>>>>> START com.android.internal.os.RuntimeInit uid 0 <<<<<<
08-02 13:23:35.214 11548 11548 D AndroidRuntime: CheckJNI is OFF
08-02 13:23:35.223 11548 11548 D ICU     : No timezone override file found: /data/misc/zoneinfo/current/icu/icu_tzdata.dat
08-02 13:23:35.234 11548 11548 E memtrack: Couldn't load memtrack module (No such file or directory)
08-02 13:23:35.235 11548 11548 E android.os.Debug: failed to load memtrack module: -2
08-02 13:23:35.235 11548 11548 I Radio-JNI: register_android_hardware_Radio DONE
08-02 13:23:35.241 11548 11548 D AndroidRuntime: Calling main entry com.android.commands.uiautomator.Launcher
08-02 13:23:36.267 11548 11548 I AccessibilityNodeInfoDumper: Skipping invisible child: android.view.accessibility.AccessibilityNodeInfo@8001d6fd; boundsInParent: Rect(0, 0 - 0, 112); boundsInScreen: Rect(1200, 48 - 1200, 160); packageName: uk.co.yahoo.p1rpp.calendartrigger; className: android.widget.LinearLayout; text: null; error: null; maxTextLength: -1; contentDescription: null; viewIdResName: null; checkable: false; checked: false; focusable: false; focused: false; selected: false; clickable: false; longClickable: false; contextClickable: false; enabled: true; password: false; scrollable: false; actions: [AccessibilityAction: ACTION_SELECT - null, AccessibilityAction: ACTION_CLEAR_SELECTION - null, AccessibilityAction: ACTION_ACCESSIBILITY_FOCUS - null, AccessibilityAction: ACTION_UNKNOWN - null]
08-02 13:23:36.269 11548 11548 W AccessibilityNodeInfoDumper: Fetch time: 6ms
08-02 13:23:36.269   624   751 W WindowManager: Attempted to remove non-existing token: android.os.Binder@8405e6a
08-02 13:23:36.273 11548 11548 D AndroidRuntime: Shutting down VM
08-02 13:23:37.384 11571 11571 D AndroidRuntime: >>>>>> START com.android.internal.os.RuntimeInit uid 0 <<<<<<
08-02 13:23:37.385 11571 11571 D AndroidRuntime: CheckJNI is OFF
08-02 13:23:37.394 11571 11571 D ICU     : No timezone override file found: /data/misc/zoneinfo/current/icu/icu_tzdata.dat
08-02 13:23:37.406 11571 11571 E memtrack: Couldn't load memtrack module (No such file or directory)
08-02 13:23:37.406 11571 11571 E android.os.Debug: failed to load memtrack module: -2
08-02 13:23:37.407 11571 11571 I Radio-JNI: register_android_hardware_Radio DONE
08-02 13:23:37.422 11571 11571 D AndroidRuntime: Calling main entry com.android.commands.uiautomator.Launcher
08-02 13:23:38.452 11571 11571 I AccessibilityNodeInfoDumper: Skipping invisible child: android.view.accessibility.AccessibilityNodeInfo@8001d706; boundsInParent: Rect(0, 0 - 0, 112); boundsInScreen: Rect(1200, 48 - 1200, 160); packageName: uk.co.yahoo.p1rpp.calendartrigger; className: android.widget.LinearLayout; text: null; error: null; maxTextLength: -1; contentDescription: null; viewIdResName: null; checkable: false; checked: false; focusable: false; focused: false; selected: false; clickable: false; longClickable: false; contextClickable: false; enabled: true; password: false; scrollable: false; actions: [AccessibilityAction: ACTION_SELECT - null, AccessibilityAction: ACTION_CLEAR_SELECTION - null, AccessibilityAction: ACTION_ACCESSIBILITY_FOCUS - null, AccessibilityAction: ACTION_UNKNOWN - null]
08-02 13:23:38.454 11571 11571 W AccessibilityNodeInfoDumper: Fetch time: 8ms
08-02 13:23:38.454   624   752 W WindowManager: Attempted to remove non-existing token: android.os.Binder@28af5b
08-02 13:23:38.467 11571 11571 D AndroidRuntime: Shutting down VM
08-02 13:23:39.670 11599 11599 D AndroidRuntime: >>>>>> START com.android.internal.os.RuntimeInit uid 0 <<<<<<
08-02 13:23:39.671 11599 11599 D AndroidRuntime: CheckJNI is OFF
08-02 13:23:39.680 11599 11599 D ICU     : No timezone override file found: /data/misc/zoneinfo/current/icu/icu_tzdata.dat
08-02 13:23:39.690 11599 11599 E memtrack: Couldn't load memtrack module (No such file or directory)
08-02 13:23:39.690 11599 11599 E android.os.Debug: failed to load memtrack module: -2
08-02 13:23:39.691 11599 11599 I Radio-JNI: register_android_hardware_Radio DONE
08-02 13:23:39.697 11599 11599 D AndroidRuntime: Calling main entry com.android.commands.uiautomator.Launcher
08-02 13:23:40.718 11599 11599 I AccessibilityNodeInfoDumper: Skipping invisible child: android.view.accessibility.AccessibilityNodeInfo@8001d70d; boundsInParent: Rect(0, 0 - 0, 112); boundsInScreen: Rect(1200, 48 - 1200, 160); packageName: uk.co.yahoo.p1rpp.calendartrigger; className: android.widget.LinearLayout; text: null; error: null; maxTextLength: -1; contentDescription: null; viewIdResName: null; checkable: false; checked: false; focusable: false; focused: false; selected: false; clickable: false; longClickable: false; contextClickable: false; enabled: true; password: false; scrollable: false; actions: [AccessibilityAction: ACTION_SELECT - null, AccessibilityAction: ACTION_CLEAR_SELECTION - null, AccessibilityAction: ACTION_ACCESSIBILITY_FOCUS - null, AccessibilityAction: ACTION_UNKNOWN - null]
08-02 13:23:40.721 11599 11599 W AccessibilityNodeInfoDumper: Fetch time: 8ms
08-02 13:23:40.721   624  1633 W WindowManager: Attempted to remove non-existing token: android.os.Binder@b9ec0d1
08-02 13:23:40.734 11599 11599 D AndroidRuntime: Shutting down VM
08-02 13:23:41.869 11625 11625 D AndroidRuntime: >>>>>> START com.android.internal.os.RuntimeInit uid 0 <<<<<<
08-02 13:23:41.870 11625 11625 D AndroidRuntime: CheckJNI is OFF
08-02 13:23:41.883 11625 11625 D ICU     : No timezone override file found: /data/misc/zoneinfo/current/icu/icu_tzdata.dat
08-02 13:23:41.897 11625 11625 E memtrack: Couldn't load memtrack module (No such file or directory)
08-02 13:23:41.897 11625 11625 E android.os.Debug: failed to load memtrack module: -2
08-02 13:23:41.899 11625 11625 I Radio-JNI: register_android_hardware_Radio DONE
08-02 13:23:41.907 11625 11625 D AndroidRuntime: Calling main entry com.android.commands.uiautomator.Launcher
08-02 13:23:42.930 11625 11625 I AccessibilityNodeInfoDumper: Skipping invisible child: android.view.accessibility.AccessibilityNodeInfo@8001d716; boundsInParent: Rect(0, 0 - 0, 112); boundsInScreen: Rect(1200, 48 - 1200, 160); packageName: uk.co.yahoo.p1rpp.calendartrigger; className: android.widget.LinearLayout; text: null; error: null; maxTextLength: -1; contentDescription: null; viewIdResName: null; checkable: false; checked: false; focusable: false; focused: false; selected: false; clickable: false; longClickable: false; contextClickable: false; enabled: true; password: false; scrollable: false; actions: [AccessibilityAction: ACTION_SELECT - null, AccessibilityAction: ACTION_CLEAR_SELECTION - null, AccessibilityAction: ACTION_ACCESSIBILITY_FOCUS - null, AccessibilityAction: ACTION_UNKNOWN - null]
08-02 13:23:42.931 11625 11625 W AccessibilityNodeInfoDumper: Fetch time: 7ms
08-02 13:23:42.932   624   982 W WindowManager: Attempted to remove non-existing token: android.os.Binder@3fdf736
08-02 13:23:42.936 11625 11625 D AndroidRuntime: Shutting down VM
08-02 13:23:43.442 11643 11643 D AndroidRuntime: >>>>>> START com.android.internal.os.RuntimeInit uid 0 <<<<<<
08-02 13:23:43.444 11643 11643 D AndroidRuntime: CheckJNI is OFF
08-02 13:23:43.459 11643 11643 D ICU     : No timezone override file found: /data/misc/zoneinfo/current/icu/icu_tzdata.dat
08-02 13:23:43.478 11643 11643 E memtrack: Couldn't load memtrack module (No such file or directory)
08-02 13:23:43.478 11643 11643 E android.os.Debug: failed to load memtrack module: -2
08-02 13:23:43.480 11643 11643 I Radio-JNI: register_android_hardware_Radio DONE
08-02 13:23:43.495 11643 11643 D AndroidRuntime: Calling main entry com.android.commands.uiautomator.Launcher
08-02 13:23:44.524 11643 11643 I AccessibilityNodeInfoDumper: Skipping invisible child: android.view.accessibility.AccessibilityNodeInfo@8001d71f; boundsInParent: Rect(0, 0 - 0, 112); boundsInScreen: Rect(1200, 48 - 1200, 160); packageName: uk.co.yahoo.p1rpp.calendartrigger; className: android.widget.LinearLayout; text: null; error: null; maxTextLength: -1; contentDescription: null; viewIdResName: null; checkable: false; checked: false; focusable: false; focused: false; selected: false; clickable: false; longClickable: false; contextClickable: false; enabled: true; password: false; scrollable: false; actions: [AccessibilityAction: ACTION_SELECT - null, AccessibilityAction: ACTION_CLEAR_SELECTION - null, AccessibilityAction: ACTION_ACCESSIBILITY_FOCUS - null, AccessibilityAction: ACTION_UNKNOWN - null]
08-02 13:23:44.527 11643 11643 W AccessibilityNodeInfoDumper: Fetch time: 9ms
08-02 13:23:44.527   624   636 W WindowManager: Attempted to remove non-existing token: android.os.Binder@e38e637
08-02 13:23:44.530 11643 11643 D AndroidRuntime: Shutting down VM
08-02 13:23:45.619 11666 11666 D AndroidRuntime: >>>>>> START com.android.internal.os.RuntimeInit uid 0 <<<<<<
08-02 13:23:45.621 11666 11666 D AndroidRuntime: CheckJNI is OFF
08-02 13:23:45.632 11666 11666 D ICU     : No timezone override file found: /data/misc/zoneinfo/current/icu/icu_tzdata.dat
08-02 13:23:45.652 11666 11666 E memtrack: Couldn't load memtrack module (No such file or directory)
08-02 13:23:45.652 11666 11666 E android.os.Debug: failed to load memtrack module: -2
08-02 13:23:45.653 11666 11666 I Radio-JNI: register_android_hardware_Radio DONE
08-02 13:23:45.665 11666 11666 D AndroidRuntime: Calling main entry com.android.commands.uiautomator.Launcher
08-02 13:23:46.686 11666 11666 I AccessibilityNodeInfoDumper: Skipping invisible child: android.view.accessibility.AccessibilityNodeInfo@8001d726; boundsInParent: Rect(0, 0 - 0, 112); boundsInScreen: Rect(1200, 48 - 1200, 160); packageName: uk.co.yahoo.p1rpp.calendartrigger; className: android.widget.LinearLayout; text: null; error: null; maxTextLength: -1; contentDescription: null; viewIdResName: null; checkable: false; checked: false; focusable: false; focused: false; selected: false; clickable: false; longClickable: false; contextClickable: false; enabled: true; password: false; scrollable: false; actions: [AccessibilityAction: ACTION_SELECT - null, AccessibilityAction: ACTION_CLEAR_SELECTION - null, AccessibilityAction: ACTION_ACCESSIBILITY_FOCUS - null, AccessibilityAction: ACTION_UNKNOWN - null]
08-02 13:23:46.688 11666 11666 W AccessibilityNodeInfoDumper: Fetch time: 8ms
08-02 13:23:46.689   624   982 W WindowManager: Attempted to remove non-existing token: android.os.Binder@9e8f7a4
08-02 13:23:46.714 11666 11666 D AndroidRuntime: Shutting down VM
08-02 13:23:47.252 11684 11684 D AndroidRuntime: >>>>>> START com.android.internal.os.RuntimeInit uid 0 <<<<<<
08-02 13:23:47.253 11684 11684 D AndroidRuntime: CheckJNI is OFF
08-02 13:23:47.266 11684 11684 D ICU     : No timezone override file found: /data/misc/zoneinfo/current/icu/icu_tzdata.dat
08-02 13:23:47.279 11684 11684 E memtrack: Couldn't load memtrack module (No such file or directory)
08-02 13:23:47.279 11684 11684 E android.os.Debug: failed to load memtrack module: -2
08-02 13:23:47.280 11684 11684 I Radio-JNI: register_android_hardware_Radio DONE
08-02 13:23:47.290 11684 11684 D AndroidRuntime: Calling main entry com.android.commands.uiautomator.Launcher
08-02 13:23:48.313 11684 11684 I AccessibilityNodeInfoDumper: Skipping invisible child: android.view.accessibility.AccessibilityNodeInfo@8001d72d; boundsInParent: Rect(0, 0 - 0, 112); boundsInScreen: Rect(1200, 48 - 1200, 160); packageName: uk.co.yahoo.p1rpp.calendartrigger; className: android.widget.LinearLayout; text: null; error: null; maxTextLength: -1; contentDescription: null; viewIdResName: null; checkable: false; checked: false; focusable: false; focused: false; selected: false; clickable: false; longClickable: false; contextClickable: false; enabled: true; password: false; scrollable: false; actions: [AccessibilityAction: ACTION_SELECT - null, AccessibilityAction: ACTION_CLEAR_SELECTION - null, AccessibilityAction: ACTION_ACCESSIBILITY_FOCUS - null, AccessibilityAction: ACTION_UNKNOWN - null]
08-02 13:23:48.315 11684 11684 W AccessibilityNodeInfoDumper: Fetch time: 7ms
08-02 13:23:48.315   624  1052 W WindowManager: Attempted to remove non-existing token: android.os.Binder@72a50c2
08-02 13:23:48.319 11684 11684 D AndroidRuntime: Shutting down VM
08-02 13:23:49.418 11707 11707 D AndroidRuntime: >>>>>> START com.android.internal.os.RuntimeInit uid 0 <<<<<<
08-02 13:23:49.419 11707 11707 D AndroidRuntime: CheckJNI is OFF
08-02 13:23:49.429 11707 11707 D ICU     : No timezone override file found: /data/misc/zoneinfo/current/icu/icu_tzdata.dat
08-02 13:23:49.441 11707 11707 E memtrack: Couldn't load memtrack module (No such file or directory)
08-02 13:23:49.441 11707 11707 E android.os.Debug: failed to load memtrack module: -2
08-02 13:23:49.442 11707 11707 I Radio-JNI: register_android_hardware_Radio DONE
08-02 13:23:49.448 11707 11707 D AndroidRuntime: Calling main entry com.android.commands.uiautomator.Launcher
08-02 13:23:50.482 11707 11707 I AccessibilityNodeInfoDumper: Skipping invisible child: android.view.accessibility.AccessibilityNodeInfo@8001d735; boundsInParent: Rect(0, 0 - 0, 112); boundsInScreen: Rect(1200, 48 - 1200, 160); packageName: uk.co.yahoo.p1rpp.calendartrigger; className: android.widget.LinearLayout; text: null; error: null; maxTextLength: -1; contentDescription: null; viewIdResName: null; checkable: false; checked: false; focusable: false; focused: false; selected: false; clickable: false; longClickable: false; contextClickable: false; enabled: true; password: false; scrollable: false; actions: [AccessibilityAction: ACTION_SELECT - null, AccessibilityAction: ACTION_CLEAR_SELECTION - null, AccessibilityAction: ACTION_ACCESSIBILITY_FOCUS - null, AccessibilityAction: ACTION_UNKNOWN - null]
08-02 13:23:50.483 11707 11707 W AccessibilityNodeInfoDumper: Fetch time: 9ms
08-02 13:23:50.484   624  1633 W WindowManager: Attempted to remove non-existing token: android.os.Binder@9abaed3
08-02 13:23:50.488 11707 11707 D AndroidRuntime: Shutting down VM
08-02 13:23:50.973 11725 11725 D AndroidRuntime: >>>>>> START com.android.internal.os.RuntimeInit uid 0 <<<<<<
08-02 13:23:50.974 11725 11725 D AndroidRuntime: CheckJNI is OFF
08-02 13:23:50.982 11725 11725 D ICU     : No timezone override file found: /data/misc/zoneinfo/current/icu/icu_tzdata.dat
08-02 13:23:50.994 11725 11725 E memtrack: Couldn't load memtrack module (No such file or directory)
08-02 13:23:50.994 11725 11725 E android.os.Debug: failed to load memtrack module: -2
08-02 13:23:50.995 11725 11725 I Radio-JNI: register_android_hardware_Radio DONE
08-02 13:23:51.001 11725 11725 D AndroidRuntime: Calling main entry com.android.commands.uiautomator.Launcher
08-02 13:23:52.018 11725 11725 I AccessibilityNodeInfoDumper: Skipping invisible child: android.view.accessibility.AccessibilityNodeInfo@8001d73e; boundsInParent: Rect(0, 0 - 0, 112); boundsInScreen: Rect(1200, 48 - 1200, 160); packageName: uk.co.yahoo.p1rpp.calendartrigger; className: android.widget.LinearLayout; text: null; error: null; maxTextLength: -1; contentDescription: null; viewIdResName: null; checkable: false; checked: false; focusable: false; focused: false; selected: false; clickable: false; longClickable: false; contextClickable: false; enabled: true; password: false; scrollable: false; actions: [AccessibilityAction: ACTION_SELECT - null, AccessibilityAction: ACTION_CLEAR_SELECTION - null, AccessibilityAction: ACTION_ACCESSIBILITY_FOCUS - null, AccessibilityAction: ACTION_UNKNOWN - null]
08-02 13:23:52.020 11725 11725 W AccessibilityNodeInfoDumper: Fetch time: 7ms
08-02 13:23:52.021   624   635 W WindowManager: Attempted to remove non-existing token: android.os.Binder@78fea10
08-02 13:23:52.023 11725 11725 D AndroidRuntime: Shutting down VM
08-02 13:23:53.127 11751 11751 D AndroidRuntime: >>>>>> START com.android.internal.os.RuntimeInit uid 0 <<<<<<
08-02 13:23:53.129 11751 11751 D AndroidRuntime: CheckJNI is OFF
08-02 13:23:53.137 11751 11751 D ICU     : No timezone override file found: /data/misc/zoneinfo/current/icu/icu_tzdata.dat
08-02 13:23:53.148 11751 11751 E memtrack: Couldn't load memtrack module (No such file or directory)
08-02 13:23:53.148 11751 11751 E android.os.Debug: failed to load memtrack module: -2
08-02 13:23:53.149 11751 11751 I Radio-JNI: register_android_hardware_Radio DONE
08-02 13:23:53.157 11751 11751 D AndroidRuntime: Calling main entry com.android.commands.uiautomator.Launcher
08-02 13:23:54.182 11751 11751 I AccessibilityNodeInfoDumper: Skipping invisible child: android.view.accessibility.AccessibilityNodeInfo@8001d747; boundsInParent: Rect(0, 0 - 0, 112); boundsInScreen: Rect(1200, 48 - 1200, 160); packageName: uk.co.yahoo.p1rpp.calendartrigger; className: android.widget.LinearLayout; text: null; error: null; maxTextLength: -1; contentDescription: null; viewIdResName: null; checkable: false; checked: false; focusable: false; focused: false; selected: false; clickable: false; longClickable: false; contextClickable: false; enabled: true; password: false; scrollable: false; actions: [AccessibilityAction: ACTION_SELECT - null, AccessibilityAction: ACTION_CLEAR_SELECTION - null, AccessibilityAction: ACTION_ACCESSIBILITY_FOCUS - null, AccessibilityAction: ACTION_UNKNOWN - null]
08-02 13:23:54.183 11751 11751 W AccessibilityNodeInfoDumper: Fetch time: 6ms
08-02 13:23:54.183   624  1056 W WindowManager: Attempted to remove non-existing token: android.os.Binder@9f7b909
08-02 13:23:54.188 11751 11751 D AndroidRuntime: Shutting down VM
08-02 13:23:54.665 11769 11769 D AndroidRuntime: >>>>>> START com.android.internal.os.RuntimeInit uid 0 <<<<<<
08-02 13:23:54.666 11769 11769 D AndroidRuntime: CheckJNI is OFF
08-02 13:23:54.675 11769 11769 D ICU     : No timezone override file found: /data/misc/zoneinfo/current/icu/icu_tzdata.dat
08-02 13:23:54.687 11769 11769 E memtrack: Couldn't load memtrack module (No such file or directory)
08-02 13:23:54.688 11769 11769 E android.os.Debug: failed to load memtrack module: -2
08-02 13:23:54.688 11769 11769 I Radio-JNI: register_android_hardware_Radio DONE
08-02 13:23:54.695 11769 11769 D AndroidRuntime: Calling main entry com.android.commands.uiautomator.Launcher
08-02 13:23:55.723 11769 11769 I AccessibilityNodeInfoDumper: Skipping invisible child: android.view.accessibility.AccessibilityNodeInfo@8001d74d; boundsInParent: Rect(0, 0 - 0, 112); boundsInScreen: Rect(1200, 48 - 1200, 160); packageName: uk.co.yahoo.p1rpp.calendartrigger; className: android.widget.LinearLayout; text: null; error: null; maxTextLength: -1; contentDescription: null; viewIdResName: null; checkable: false; checked: false; focusable: false; focused: false; selected: false; clickable: false; longClickable: false; contextClickable: false; enabled: true; password: false; scrollable: false; actions: [AccessibilityAction: ACTION_SELECT - null, AccessibilityAction: ACTION_CLEAR_SELECTION - null, AccessibilityAction: ACTION_ACCESSIBILITY_FOCUS - null, AccessibilityAction: ACTION_UNKNOWN - null]
08-02 13:23:55.725 11769 11769 W AccessibilityNodeInfoDumper: Fetch time: 8ms
08-02 13:23:55.725   624  1073 W WindowManager: Attempted to remove non-existing token: android.os.Binder@ed0b70e
08-02 13:23:55.728 11769 11769 D AndroidRuntime: Shutting down VM
08-02 13:23:56.154 11782 11782 D AndroidRuntime: >>>>>> START com.android.internal.os.RuntimeInit uid 0 <<<<<<
08-02 13:23:56.156 11782 11782 D AndroidRuntime: CheckJNI is OFF
08-02 13:23:56.179 11782 11782 D ICU     : No timezone override file found: /data/misc/zoneinfo/current/icu/icu_tzdata.dat
08-02 13:23:56.190 11782 11782 E memtrack: Couldn't load memtrack module (No such file or directory)
08-02 13:23:56.190 11782 11782 E android.os.Debug: failed to load memtrack module: -2
08-02 13:23:56.190 11782 11782 I Radio-JNI: register_android_hardware_Radio DONE
08-02 13:23:56.196 11782 11782 D AndroidRuntime: Calling main entry com.android.commands.input.Input
08-02 13:23:56.201 11782 11782 I Input   : injectMotionEvent: MotionEvent { action=ACTION_DOWN, actionButton=0, id[0]=0, x[0]=600.0, y[0]=278.0, toolType[0]=TOOL_TYPE_UNKNOWN, buttonState=0, metaState=0, flags=0x0, edgeFlags=0x0, pointerCount=1, historySize=0, eventTime=815878, downTime=815878, deviceId=0, source=0x1002 }
08-02 13:23:56.208 11782 11782 I Input   : injectMotionEvent: MotionEvent { action=ACTION_MOVE, actionButton=0, id[0]=0, x[0]=600.0, y[0]=278.0, toolType[0]=TOOL_TYPE_UNKNOWN, buttonState=0, metaState=0, flags=0x0, edgeFlags=0x0, pointerCount=1, historySize=0, eventTime=815878, downTime=815878, deviceId=0, source=0x1002 }
08-02 13:23:56.219 11782 11782 I Input   : injectMotionEvent: MotionEvent { action=ACTION_MOVE, actionButton=0, id[0]=0, x[0]=600.0, y[0]=278.0, toolType[0]=TOOL_TYPE_UNKNOWN, buttonState=0, metaState=0, flags=0x0, edgeFlags=0x0, pointerCount=1, historySize=0, eventTime=815900, downTime=815900, deviceId=0, source=0x1002 }
08-02 13:23:56.236 11782 11782 I Input   : injectMotionEvent: MotionEvent { action=ACTION_MOVE, actionButton=0, id[0]=0, x[0]=600.0, y[0]=278.0, toolType[0]=TOOL_TYPE_UNKNOWN, buttonState=0, metaState=0, flags=0x0, edgeFlags=0x0, pointerCount=1, historySize=0, eventTime=815917, downTime=815917, deviceId=0, source=0x1002 }
08-02 13:23:56.253 11782 11782 I Input   : injectMotionEvent: MotionEvent { action=ACTION_MOVE, actionButton=0, id[0]=0, x[0]=600.0, y[0]=278.0, toolType[0]=TOOL_TYPE_UNKNOWN, buttonState=0, metaState=0, flags=0x0, edgeFlags=0x0, pointerCount=1, historySize=0, eventTime=815934, downTime=815934, deviceId=0, source=0x1002 }
08-02 13:23:56.269 11782 11782 I Input   : injectMotionEvent: MotionEvent { action=ACTION_MOVE, actionButton=0, id[0]=0, x[0]=600.0, y[0]=278.0, toolType[0]=TOOL_TYPE_UNKNOWN, buttonState=0, metaState=0, flags=0x0, edgeFlags=0x0, pointerCount=1, historySize=0, eventTime=815950, downTime=815950, deviceId=0, source=0x1002 }
08-02 13:23:56.288 11782 11782 I Input   : injectMotionEvent: MotionEvent { action=ACTION_MOVE, actionButton=0, id[0]=0, x[0]=600.0, y[0]=278.0, toolType[0]=TOOL_TYPE_UNKNOWN, buttonState=0, metaState=0, flags=0x0, edgeFlags=0x0, pointerCount=1, historySize=0, eventTime=815969, downTime=815969, deviceId=0, source=0x1002 }
08-02 13:23:56.308 11782 11782 I Input   : injectMotionEvent: MotionEvent { action=ACTION_MOVE, actionButton=0, id[0]=0, x[0]=600.0, y[0]=278.0, toolType[0]=TOOL_TYPE_UNKNOWN, buttonState=0, metaState=0, flags=0x0, edgeFlags=0x0, pointerCount=1, historySize=0, eventTime=815990, downTime=815990, deviceId=0, source=0x1002 }
08-02 13:23:56.319 11782 11782 I Input   : injectMotionEvent: MotionEvent { action=ACTION_MOVE, actionButton=0, id[0]=0, x[0]=600.0, y[0]=278.0, toolType[0]=TOOL_TYPE_UNKNOWN, buttonState=0, metaState=0, flags=0x0, edgeFlags=0x0, pointerCount=1, historySize=0, eventTime=816000, downTime=816000, deviceId=0, source=0x1002 }
08-02 13:23:56.335 11782 11782 I Input   : injectMotionEvent: MotionEvent { action=ACTION_MOVE, actionButton=0, id[0]=0, x[0]=600.0, y[0]=278.0, toolType[0]=TOOL_TYPE_UNKNOWN, buttonState=0, metaState=0, flags=0x0, edgeFlags=0x0, pointerCount=1, historySize=0, eventTime=816017, downTime=816017, deviceId=0, source=0x1002 }
08-02 13:23:56.352 11782 11782 I Input   : injectMotionEvent: MotionEvent { action=ACTION_MOVE, actionButton=0, id[0]=0, x[0]=600.0, y[0]=278.0, toolType[0]=TOOL_TYPE_UNKNOWN, buttonState=0, metaState=0, flags=0x0, edgeFlags=0x0, pointerCount=1, historySize=0, eventTime=816034, downTime=816034, deviceId=0, source=0x1002 }
08-02 13:23:56.369 11782 11782 I Input   : injectMotionEvent: MotionEvent { action=ACTION_MOVE, actionButton=0, id[0]=0, x[0]=600.0, y[0]=278.0, toolType[0]=TOOL_TYPE_UNKNOWN, buttonState=0, metaState=0, flags=0x0, edgeFlags=0x0, pointerCount=1, historySize=0, eventTime=816050, downTime=816050, deviceId=0, source=0x1002 }
08-02 13:23:56.388 11782 11782 I Input   : injectMotionEvent: MotionEvent { action=ACTION_MOVE, actionButton=0, id[0]=0, x[0]=600.0, y[0]=278.0, toolType[0]=TOOL_TYPE_UNKNOWN, buttonState=0, metaState=0, flags=0x0, edgeFlags=0x0, pointerCount=1, historySize=0, eventTime=816070, downTime=816070, deviceId=0, source=0x1002 }
08-02 13:23:56.408 11782 11782 I Input   : injectMotionEvent: MotionEvent { action=ACTION_MOVE, actionButton=0, id[0]=0, x[0]=600.0, y[0]=278.0, toolType[0]=TOOL_TYPE_UNKNOWN, buttonState=0, metaState=0, flags=0x0, edgeFlags=0x0, pointerCount=1, historySize=0, eventTime=816089, downTime=816089, deviceId=0, source=0x1002 }
08-02 13:23:56.419 11782 11782 I Input   : injectMotionEvent: MotionEvent { action=ACTION_MOVE, actionButton=0, id[0]=0, x[0]=600.0, y[0]=278.0, toolType[0]=TOOL_TYPE_UNKNOWN, buttonState=0, metaState=0, flags=0x0, edgeFlags=0x0, pointerCount=1, historySize=0, eventTime=816100, downTime=816100, deviceId=0, source=0x1002 }
08-02 13:23:56.435 11782 11782 I Input   : injectMotionEvent: MotionEvent { action=ACTION_MOVE, actionButton=0, id[0]=0, x[0]=600.0, y[0]=278.0, toolType[0]=TOOL_TYPE_UNKNOWN, buttonState=0, metaState=0, flags=0x0, edgeFlags=0x0, pointerCount=1, historySize=0, eventTime=816117, downTime=816117, deviceId=0, source=0x1002 }
08-02 13:23:56.454 11782 11782 I Input   : injectMotionEvent: MotionEvent { action=ACTION_MOVE, actionButton=0, id[0]=0, x[0]=600.0, y[0]=278.0, toolType[0]=TOOL_TYPE_UNKNOWN, buttonState=0, metaState=0, flags=0x0, edgeFlags=0x0, pointerCount=1, historySize=0, eventTime=816135, downTime=816135, deviceId=0, source=0x1002 }
08-02 13:23:56.469 11782 11782 I Input   : injectMotionEvent: MotionEvent { action=ACTION_MOVE, actionButton=0, id[0]=0, x[0]=600.0, y[0]=278.0, toolType[0]=TOOL_TYPE_UNKNOWN, buttonState=0, metaState=0, flags=0x0, edgeFlags=0x0, pointerCount=1, historySize=0, eventTime=816151, downTime=816151, deviceId=0, source=0x1002 }
08-02 13:23:56.489 11782 11782 I Input   : injectMotionEvent: MotionEvent { action=ACTION_MOVE, actionButton=0, id[0]=0, x[0]=600.0, y[0]=278.0, toolType[0]=TOOL_TYPE_UNKNOWN, buttonState=0, metaState=0, flags=0x0, edgeFlags=0x0, pointerCount=1, historySize=0, eventTime=816170, downTime=816170, deviceId=0, source=0x1002 }
08-02 13:23:56.508 11782 11782 I Input   : injectMotionEvent: MotionEvent { action=ACTION_MOVE, actionButton=0, id[0]=0, x[0]=600.0, y[0]=278.0, toolType[0]=TOOL_TYPE_UNKNOWN, buttonState=0, metaState=0, flags=0x0, edgeFlags=0x0, pointerCount=1, historySize=0, eventTime=816190, downTime=816190, deviceId=0, source=0x1002 }
08-02 13:23:56.521 11782 11782 I Input   : injectMotionEvent: MotionEvent { action=ACTION_MOVE, actionButton=0, id[0]=0, x[0]=600.0, y[0]=278.0, toolType[0]=TOOL_TYPE_UNKNOWN, buttonState=0, metaState=0, flags=0x0, edgeFlags=0x0, pointerCount=1, historySize=0, eventTime=816202, downTime=816202, deviceId=0, source=0x1002 }
08-02 13:23:56.535 11782 11782 I Input   : injectMotionEvent: MotionEvent { action=ACTION_MOVE, actionButton=0, id[0]=0, x[0]=600.0, y[0]=278.0, toolType[0]=TOOL_TYPE_UNKNOWN, buttonState=0, metaState=0, flags=0x0, edgeFlags=0x0, pointerCount=1, historySize=0, eventTime=816217, downTime=816217, deviceId=0, source=0x1002 }
08-02 13:23:56.553 11782 11782 I Input   : injectMotionEvent: MotionEvent { action=ACTION_MOVE, actionButton=0, id[0]=0, x[0]=600.0, y[0]=278.0, toolType[0]=TOOL_TYPE_UNKNOWN, buttonState=0, metaState=0, flags=0x0, edgeFlags=0x0, pointerCount=1, historySize=0, eventTime=816234, downTime=816234, deviceId=0, source=0x1002 }
08-02 13:23:56.569 11782 11782 I Input   : injectMotionEvent: MotionEvent { action=ACTION_MOVE, actionButton=0, id[0]=0, x[0]=600.0, y[0]=278.0, toolType[0]=TOOL_TYPE_UNKNOWN, buttonState=0, metaState=0, flags=0x0, edgeFlags=0x0, pointerCount=1, historySize=0, eventTime=816251, downTime=816251, deviceId=0, source=0x1002 }
08-02 13:23:56.588 11782 11782 I Input   : injectMotionEvent: MotionEvent { action=ACTION_MOVE, actionButton=0, id[0]=0, x[0]=600.0, y[0]=278.0, toolType[0]=TOOL_TYPE_UNKNOWN, buttonState=0, metaState=0, flags=0x0, edgeFlags=0x0, pointerCount=1, historySize=0, eventTime=816269, downTime=816269, deviceId=0, source=0x1002 }
08-02 13:23:56.608 11782 11782 I Input   : injectMotionEvent: MotionEvent { action=ACTION_MOVE, actionButton=0, id[0]=0, x[0]=600.0, y[0]=278.0, toolType[0]=TOOL_TYPE_UNKNOWN, buttonState=0, metaState=0, flags=0x0, edgeFlags=0x0, pointerCount=1, historySize=0, eventTime=816290, downTime=816290, deviceId=0, source=0x1002 }
08-02 13:23:56.619 11782 11782 I Input   : injectMotionEvent: MotionEvent { action=ACTION_MOVE, actionButton=0, id[0]=0, x[0]=600.0, y[0]=278.0, toolType[0]=TOOL_TYPE_UNKNOWN, buttonState=0, metaState=0, flags=0x0, edgeFlags=0x0, pointerCount=1, historySize=0, eventTime=816300, downTime=816300, deviceId=0, source=0x1002 }
08-02 13:23:56.635 11782 11782 I Input   : injectMotionEvent: MotionEvent { action=ACTION_MOVE, actionButton=0, id[0]=0, x[0]=600.0, y[0]=278.0, toolType[0]=TOOL_TYPE_UNKNOWN, buttonState=0, metaState=0, flags=0x0, edgeFlags=0x0, pointerCount=1, historySize=0, eventTime=816317, downTime=816317, deviceId=0, source=0x1002 }
08-02 13:23:56.652 11782 11782 I Input   : injectMotionEvent: MotionEvent { action=ACTION_MOVE, actionButton=0, id[0]=0, x[0]=600.0, y[0]=278.0, toolType[0]=TOOL_TYPE_UNKNOWN, buttonState=0, metaState=0, flags=0x0, edgeFlags=0x0, pointerCount=1, historySize=0, eventTime=816333, downTime=816333, deviceId=0, source=0x1002 }
08-02 13:23:56.669 11782 11782 I Input   : injectMotionEvent: MotionEvent { action=ACTION_MOVE, actionButton=0, id[0]=0, x[0]=600.0, y[0]=278.0, toolType[0]=TOOL_TYPE_UNKNOWN, buttonState=0, metaState=0, flags=0x0, edgeFlags=0x0, pointerCount=1, historySize=0, eventTime=816350, downTime=816350, deviceId=0, source=0x1002 }
08-02 13:23:56.688 11782 11782 I Input   : injectMotionEvent: MotionEvent { action=ACTION_MOVE, actionButton=0, id[0]=0, x[0]=600.0, y[0]=278.0, toolType[0]=TOOL_TYPE_UNKNOWN, buttonState=0, metaState=0, flags=0x0, edgeFlags=0x0, pointerCount=1, historySize=0, eventTime=816370, downTime=816370, deviceId=0, source=0x1002 }
08-02 13:23:56.708 11782 11782 I Input   : injectMotionEvent: MotionEvent { action=ACTION_MOVE, actionButton=0, id[0]=0, x[0]=600.0, y[0]=278.0, toolType[0]=TOOL_TYPE_UNKNOWN, buttonState=0, metaState=0, flags=0x0, edgeFlags=0x0, pointerCount=1, historySize=0, eventTime=816390, downTime=816390, deviceId=0, source=0x1002 }
08-02 13:23:56.719 11782 11782 I Input   : injectMotionEvent: MotionEvent { action=ACTION_MOVE, actionButton=0, id[0]=0, x[0]=600.0, y[0]=278.0, toolType[0]=TOOL_TYPE_UNKNOWN, buttonState=0, metaState=0, flags=0x0, edgeFlags=0x0, pointerCount=1, historySize=0, eventTime=816400, downTime=816400, deviceId=0, source=0x1002 }
08-02 13:23:56.742  2017  2032 W EGL_emulation: eglSurfaceAttrib not implemented
08-02 13:23:56.742  2017  2032 W OpenGLRenderer: Failed to set EGL_SWAP_BEHAVIOR on surface 0xed6e2a80, error=EGL_SUCCESS
08-02 13:23:56.747 11782 11782 I Input   : injectMotionEvent: MotionEvent { action=ACTION_MOVE, actionButton=0, id[0]=0, x[0]=600.0, y[0]=278.0, toolType[0]=TOOL_TYPE_UNKNOWN, buttonState=0, metaState=0, flags=0x0, edgeFlags=0x0, pointerCount=1, historySize=0, eventTime=816429, downTime=816429, deviceId=0, source=0x1002 }
08-02 13:23:56.769 11782 11782 I Input   : injectMotionEvent: MotionEvent { action=ACTION_MOVE, actionButton=0, id[0]=0, x[0]=600.0, y[0]=278.0, toolType[0]=TOOL_TYPE_UNKNOWN, buttonState=0, metaState=0, flags=0x0, edgeFlags=0x0, pointerCount=1, historySize=0, eventTime=816450, downTime=816450, deviceId=0, source=0x1002 }
08-02 13:23:56.788 11782 11782 I Input   : injectMotionEvent: MotionEvent { action=ACTION_MOVE, actionButton=0, id[0]=0, x[0]=600.0, y[0]=278.0, toolType[0]=TOOL_TYPE_UNKNOWN, buttonState=0, metaState=0, flags=0x0, edgeFlags=0x0, pointerCount=1, historySize=0, eventTime=816469, downTime=816469, deviceId=0, source=0x1002 }
08-02 13:23:56.805 11782 11782 I Input   : injectMotionEvent: MotionEvent { action=ACTION_MOVE, actionButton=0, id[0]=0, x[0]=600.0, y[0]=278.0, toolType[0]=TOOL_TYPE_UNKNOWN, buttonState=0, metaState=0, flags=0x0, edgeFlags=0x0, pointerCount=1, historySize=0, eventTime=816486, downTime=816486, deviceId=0, source=0x1002 }
08-02 13:23:56.823 11782 11782 I Input   : injectMotionEvent: MotionEvent { action=ACTION_MOVE, actionButton=0, id[0]=0, x[0]=600.0, y[0]=278.0, toolType[0]=TOOL_TYPE_UNKNOWN, buttonState=0, metaState=0, flags=0x0, edgeFlags=0x0, pointerCount=1, historySize=0, eventTime=816504, downTime=816504, deviceId=0, source=0x1002 }
08-02 13:23:56.838 11782 11782 I Input   : injectMotionEvent: MotionEvent { action=ACTION_MOVE, actionButton=0, id[0]=0, x[0]=600.0, y[0]=278.0, toolType[0]=TOOL_TYPE_UNKNOWN, buttonState=0, metaState=0, flags=0x0, edgeFlags=0x0, pointerCount=1, historySize=0, eventTime=816520, downTime=816520, deviceId=0, source=0x1002 }
08-02 13:23:56.853 11782 11782 I Input   : injectMotionEvent: MotionEvent { action=ACTION_MOVE, actionButton=0, id[0]=0, x[0]=600.0, y[0]=278.0, toolType[0]=TOOL_TYPE_UNKNOWN, buttonState=0, metaState=0, flags=0x0, edgeFlags=0x0, pointerCount=1, historySize=0, eventTime=816534, downTime=816534, deviceId=0, source=0x1002 }
08-02 13:23:56.869 11782 11782 I Input   : injectMotionEvent: MotionEvent { action=ACTION_MOVE, actionButton=0, id[0]=0, x[0]=600.0, y[0]=278.0, toolType[0]=TOOL_TYPE_UNKNOWN, buttonState=0, metaState=0, flags=0x0, edgeFlags=0x0, pointerCount=1, historySize=0, eventTime=816550, downTime=816550, deviceId=0, source=0x1002 }
08-02 13:23:56.886 11782 11782 I Input   : injectMotionEvent: MotionEvent { action=ACTION_MOVE, actionButton=0, id[0]=0, x[0]=600.0, y[0]=278.0, toolType[0]=TOOL_TYPE_UNKNOWN, buttonState=0, metaState=0, flags=0x0, edgeFlags=0x0, pointerCount=1, historySize=0, eventTime=816567, downTime=816567, deviceId=0, source=0x1002 }
08-02 13:23:56.905 11782 11782 I Input   : injectMotionEvent: MotionEvent { action=ACTION_MOVE, actionButton=0, id[0]=0, x[0]=600.0, y[0]=278.0, toolType[0]=TOOL_TYPE_UNKNOWN, buttonState=0, metaState=0, flags=0x0, edgeFlags=0x0, pointerCount=1, historySize=0, eventTime=816587, downTime=816587, deviceId=0, source=0x1002 }
08-02 13:23:56.919 11782 11782 I Input   : injectMotionEvent: MotionEvent { action=ACTION_MOVE, actionButton=0, id[0]=0, x[0]=600.0, y[0]=278.0, toolType[0]=TOOL_TYPE_UNKNOWN, buttonState=0, metaState=0, flags=0x0, edgeFlags=0x0, pointerCount=1, historySize=0, eventTime=816600, downTime=816600, deviceId=0, source=0x1002 }
08-02 13:23:56.937 11782 11782 I Input   : injectMotionEvent: MotionEvent { action=ACTION_MOVE, actionButton=0, id[0]=0, x[0]=600.0, y[0]=278.0, toolType[0]=TOOL_TYPE_UNKNOWN, buttonState=0, metaState=0, flags=0x0, edgeFlags=0x0, pointerCount=1, historySize=0, eventTime=816618, downTime=816618, deviceId=0, source=0x1002 }
08-02 13:23:56.952 11782 11782 I Input   : injectMotionEvent: MotionEvent { action=ACTION_MOVE, actionButton=0, id[0]=0, x[0]=600.0, y[0]=278.0, toolType[0]=TOOL_TYPE_UNKNOWN, buttonState=0, metaState=0, flags=0x0, edgeFlags=0x0, pointerCount=1, historySize=0, eventTime=816634, downTime=816634, deviceId=0, source=0x1002 }
08-02 13:23:56.969 11782 11782 I Input   : injectMotionEvent: MotionEvent { action=ACTION_MOVE, actionButton=0, id[0]=0, x[0]=600.0, y[0]=278.0, toolType[0]=TOOL_TYPE_UNKNOWN, buttonState=0, metaState=0, flags=0x0, edgeFlags=0x0, pointerCount=1, historySize=0, eventTime=816650, downTime=816650, deviceId=0, source=0x1002 }
08-02 13:23:56.993 11782 11782 I Input   : injectMotionEvent: MotionEvent { action=ACTION_MOVE, actionButton=0, id[0]=0, x[0]=600.0, y[0]=278.0, toolType[0]=TOOL_TYPE_UNKNOWN, buttonState=0, metaState=0, flags=0x0, edgeFlags=0x0, pointerCount=1, historySize=0, eventTime=816674, downTime=816674, deviceId=0, source=0x1002 }
08-02 13:23:57.003 11782 11782 I Input   : injectMotionEvent: MotionEvent { action=ACTION_MOVE, actionButton=0, id[0]=0, x[0]=600.0, y[0]=278.0, toolType[0]=TOOL_TYPE_UNKNOWN, buttonState=0, metaState=0, flags=0x0, edgeFlags=0x0, pointerCount=1, historySize=0, eventTime=816684, downTime=816684, deviceId=0, source=0x1002 }
08-02 13:23:57.019 11782 11782 I Input   : injectMotionEvent: MotionEvent { action=ACTION_MOVE, actionButton=0, id[0]=0, x[0]=600.0, y[0]=278.0, toolType[0]=TOOL_TYPE_UNKNOWN, buttonState=0, metaState=0, flags=0x0, edgeFlags=0x0, pointerCount=1, historySize=0, eventTime=816700, downTime=816700, deviceId=0, source=0x1002 }
08-02 13:23:57.036 11782 11782 I Input   : injectMotionEvent: MotionEvent { action=ACTION_MOVE, actionButton=0, id[0]=0, x[0]=600.0, y[0]=278.0, toolType[0]=TOOL_TYPE_UNKNOWN, buttonState=0, metaState=0, flags=0x0, edgeFlags=0x0, pointerCount=1, historySize=0, eventTime=816717, downTime=816717, deviceId=0, source=0x1002 }
08-02 13:23:57.053 11782 11782 I Input   : injectMotionEvent: MotionEvent { action=ACTION_MOVE, actionButton=0, id[0]=0, x[0]=600.0, y[0]=278.0, toolType[0]=TOOL_TYPE_UNKNOWN, buttonState=0, metaState=0, flags=0x0, edgeFlags=0x0, pointerCount=1, historySize=0, eventTime=816735, downTime=816735, deviceId=0, source=0x1002 }
08-02 13:23:57.069 11782 11782 I Input   : injectMotionEvent: MotionEvent { action=ACTION_MOVE, actionButton=0, id[0]=0, x[0]=600.0, y[0]=278.0, toolType[0]=TOOL_TYPE_UNKNOWN, buttonState=0, metaState=0, flags=0x0, edgeFlags=0x0, pointerCount=1, historySize=0, eventTime=816751, downTime=816751, deviceId=0, source=0x1002 }
08-02 13:23:57.085 11782 11782 I Input   : injectMotionEvent: MotionEvent { action=ACTION_MOVE, actionButton=0, id[0]=0, x[0]=600.0, y[0]=278.0, toolType[0]=TOOL_TYPE_UNKNOWN, buttonState=0, metaState=0, flags=0x0, edgeFlags=0x0, pointerCount=1, historySize=0, eventTime=816767, downTime=816767, deviceId=0, source=0x1002 }
08-02 13:23:57.104 11782 11782 I Input   : injectMotionEvent: MotionEvent { action=ACTION_MOVE, actionButton=0, id[0]=0, x[0]=600.0, y[0]=278.0, toolType[0]=TOOL_TYPE_UNKNOWN, buttonState=0, metaState=0, flags=0x0, edgeFlags=0x0, pointerCount=1, historySize=0, eventTime=816785, downTime=816785, deviceId=0, source=0x1002 }
08-02 13:23:57.119 11782 11782 I Input   : injectMotionEvent: MotionEvent { action=ACTION_MOVE, actionButton=0, id[0]=0, x[0]=600.0, y[0]=278.0, toolType[0]=TOOL_TYPE_UNKNOWN, buttonState=0, metaState=0, flags=0x0, edgeFlags=0x0, pointerCount=1, historySize=0, eventTime=816800, downTime=816800, deviceId=0, source=0x1002 }
08-02 13:23:57.136 11782 11782 I Input   : injectMotionEvent: MotionEvent { action=ACTION_MOVE, actionButton=0, id[0]=0, x[0]=600.0, y[0]=278.0, toolType[0]=TOOL_TYPE_UNKNOWN, buttonState=0, metaState=0, flags=0x0, edgeFlags=0x0, pointerCount=1, historySize=0, eventTime=816817, downTime=816817, deviceId=0, source=0x1002 }
08-02 13:23:57.152 11782 11782 I Input   : injectMotionEvent: MotionEvent { action=ACTION_MOVE, actionButton=0, id[0]=0, x[0]=600.0, y[0]=278.0, toolType[0]=TOOL_TYPE_UNKNOWN, buttonState=0, metaState=0, flags=0x0, edgeFlags=0x0, pointerCount=1, historySize=0, eventTime=816834, downTime=816834, deviceId=0, source=0x1002 }
08-02 13:23:57.173 11782 11782 I Input   : injectMotionEvent: MotionEvent { action=ACTION_MOVE, actionButton=0, id[0]=0, x[0]=600.0, y[0]=278.0, toolType[0]=TOOL_TYPE_UNKNOWN, buttonState=0, metaState=0, flags=0x0, edgeFlags=0x0, pointerCount=1, historySize=0, eventTime=816855, downTime=816855, deviceId=0, source=0x1002 }
08-02 13:23:57.186 11782 11782 I Input   : injectMotionEvent: MotionEvent { action=ACTION_MOVE, actionButton=0, id[0]=0, x[0]=600.0, y[0]=278.0, toolType[0]=TOOL_TYPE_UNKNOWN, buttonState=0, metaState=0, flags=0x0, edgeFlags=0x0, pointerCount=1, historySize=0, eventTime=816867, downTime=816867, deviceId=0, source=0x1002 }
08-02 13:23:57.203 11782 11782 I Input   : injectMotionEvent: MotionEvent { action=ACTION_MOVE, actionButton=0, id[0]=0, x[0]=600.0, y[0]=278.0, toolType[0]=TOOL_TYPE_UNKNOWN, buttonState=0, metaState=0, flags=0x0, edgeFlags=0x0, pointerCount=1, historySize=0, eventTime=816884, downTime=816884, deviceId=0, source=0x1002 }
08-02 13:23:57.219 11782 11782 I Input   : injectMotionEvent: MotionEvent { action=ACTION_MOVE, actionButton=0, id[0]=0, x[0]=600.0, y[0]=278.0, toolType[0]=TOOL_TYPE_UNKNOWN, buttonState=0, metaState=0, flags=0x0, edgeFlags=0x0, pointerCount=1, historySize=0, eventTime=816901, downTime=816901, deviceId=0, source=0x1002 }
08-02 13:23:57.236 11782 11782 I Input   : injectMotionEvent: MotionEvent { action=ACTION_MOVE, actionButton=0, id[0]=0, x[0]=600.0, y[0]=278.0, toolType[0]=TOOL_TYPE_UNKNOWN, buttonState=0, metaState=0, flags=0x0, edgeFlags=0x0, pointerCount=1, historySize=0, eventTime=816917, downTime=816917, deviceId=0, source=0x1002 }
08-02 13:23:57.255 11782 11782 I Input   : injectMotionEvent: MotionEvent { action=ACTION_MOVE, actionButton=0, id[0]=0, x[0]=600.0, y[0]=278.0, toolType[0]=TOOL_TYPE_UNKNOWN, buttonState=0, metaState=0, flags=0x0, edgeFlags=0x0, pointerCount=1, historySize=0, eventTime=816936, downTime=816936, deviceId=0, source=0x1002 }
08-02 13:23:57.269 11782 11782 I Input   : injectMotionEvent: MotionEvent { action=ACTION_MOVE, actionButton=0, id[0]=0, x[0]=600.0, y[0]=278.0, toolType[0]=TOOL_TYPE_UNKNOWN, buttonState=0, metaState=0, flags=0x0, edgeFlags=0x0, pointerCount=1, historySize=0, eventTime=816951, downTime=816951, deviceId=0, source=0x1002 }
08-02 13:23:57.286 11782 11782 I Input   : injectMotionEvent: MotionEvent { action=ACTION_MOVE, actionButton=0, id[0]=0, x[0]=600.0, y[0]=278.0, toolType[0]=TOOL_TYPE_UNKNOWN, buttonState=0, metaState=0, flags=0x0, edgeFlags=0x0, pointerCount=1, historySize=0, eventTime=816967, downTime=816967, deviceId=0, source=0x1002 }
08-02 13:23:57.303 11782 11782 I Input   : injectMotionEvent: MotionEvent { action=ACTION_MOVE, actionButton=0, id[0]=0, x[0]=600.0, y[0]=278.0, toolType[0]=TOOL_TYPE_UNKNOWN, buttonState=0, metaState=0, flags=0x0, edgeFlags=0x0, pointerCount=1, historySize=0, eventTime=816984, downTime=816984, deviceId=0, source=0x1002 }
08-02 13:23:57.320 11782 11782 I Input   : injectMotionEvent: MotionEvent { action=ACTION_MOVE, actionButton=0, id[0]=0, x[0]=600.0, y[0]=278.0, toolType[0]=TOOL_TYPE_UNKNOWN, buttonState=0, metaState=0, flags=0x0, edgeFlags=0x0, pointerCount=1, historySize=0, eventTime=817001, downTime=817001, deviceId=0, source=0x1002 }
08-02 13:23:57.335 11782 11782 I Input   : injectMotionEvent: MotionEvent { action=ACTION_MOVE, actionButton=0, id[0]=0, x[0]=600.0, y[0]=278.0, toolType[0]=TOOL_TYPE_UNKNOWN, buttonState=0, metaState=0, flags=0x0, edgeFlags=0x0, pointerCount=1, historySize=0, eventTime=817017, downTime=817017, deviceId=0, source=0x1002 }
08-02 13:23:57.352 11782 11782 I Input   : injectMotionEvent: MotionEvent { action=ACTION_MOVE, actionButton=0, id[0]=0, x[0]=600.0, y[0]=278.0, toolType[0]=TOOL_TYPE_UNKNOWN, buttonState=0, metaState=0, flags=0x0, edgeFlags=0x0, pointerCount=1, historySize=0, eventTime=817034, downTime=817034, deviceId=0, source=0x1002 }
08-02 13:23:57.369 11782 11782 I Input   : injectMotionEvent: MotionEvent { action=ACTION_MOVE, actionButton=0, id[0]=0, x[0]=600.0, y[0]=278.0, toolType[0]=TOOL_TYPE_UNKNOWN, buttonState=0, metaState=0, flags=0x0, edgeFlags=0x0, pointerCount=1, historySize=0, eventTime=817050, downTime=817050, deviceId=0, source=0x1002 }
08-02 13:23:57.386 11782 11782 I Input   : injectMotionEvent: MotionEvent { action=ACTION_MOVE, actionButton=0, id[0]=0, x[0]=600.0, y[0]=278.0, toolType[0]=TOOL_TYPE_UNKNOWN, buttonState=0, metaState=0, flags=0x0, edgeFlags=0x0, pointerCount=1, historySize=0, eventTime=817068, downTime=817068, deviceId=0, source=0x1002 }
08-02 13:23:57.403 11782 11782 I Input   : injectMotionEvent: MotionEvent { action=ACTION_MOVE, actionButton=0, id[0]=0, x[0]=600.0, y[0]=278.0, toolType[0]=TOOL_TYPE_UNKNOWN, buttonState=0, metaState=0, flags=0x0, edgeFlags=0x0, pointerCount=1, historySize=0, eventTime=817084, downTime=817084, deviceId=0, source=0x1002 }
08-02 13:23:57.419 11782 11782 I Input   : injectMotionEvent: MotionEvent { action=ACTION_MOVE, actionButton=0, id[0]=0, x[0]=600.0, y[0]=278.0, toolType[0]=TOOL_TYPE_UNKNOWN, buttonState=0, metaState=0, flags=0x0, edgeFlags=0x0, pointerCount=1, historySize=0, eventTime=817100, downTime=817100, deviceId=0, source=0x1002 }
08-02 13:23:57.435 11782 11782 I Input   : injectMotionEvent: MotionEvent { action=ACTION_MOVE, actionButton=0, id[0]=0, x[0]=600.0, y[0]=278.0, toolType[0]=TOOL_TYPE_UNKNOWN, buttonState=0, metaState=0, flags=0x0, edgeFlags=0x0, pointerCount=1, historySize=0, eventTime=817117, downTime=817117, deviceId=0, source=0x1002 }
08-02 13:23:57.452 11782 11782 I Input   : injectMotionEvent: MotionEvent { action=ACTION_MOVE, actionButton=0, id[0]=0, x[0]=600.0, y[0]=278.0, toolType[0]=TOOL_TYPE_UNKNOWN, buttonState=0, metaState=0, flags=0x0, edgeFlags=0x0, pointerCount=1, historySize=0, eventTime=817134, downTime=817134, deviceId=0, source=0x1002 }
08-02 13:23:57.470 11782 11782 I Input   : injectMotionEvent: MotionEvent { action=ACTION_MOVE, actionButton=0, id[0]=0, x[0]=600.0, y[0]=278.0, toolType[0]=TOOL_TYPE_UNKNOWN, buttonState=0, metaState=0, flags=0x0, edgeFlags=0x0, pointerCount=1, historySize=0, eventTime=817151, downTime=817151, deviceId=0, source=0x1002 }
08-02 13:23:57.486 11782 11782 I Input   : injectMotionEvent: MotionEvent { action=ACTION_MOVE, actionButton=0, id[0]=0, x[0]=600.0, y[0]=278.0, toolType[0]=TOOL_TYPE_UNKNOWN, buttonState=0, metaState=0, flags=0x0, edgeFlags=0x0, pointerCount=1, historySize=0, eventTime=817167, downTime=817167, deviceId=0, source=0x1002 }
08-02 13:23:57.503 11782 11782 I Input   : injectMotionEvent: MotionEvent { action=ACTION_MOVE, actionButton=0, id[0]=0, x[0]=600.0, y[0]=278.0, toolType[0]=TOOL_TYPE_UNKNOWN, buttonState=0, metaState=0, flags=0x0, edgeFlags=0x0, pointerCount=1, historySize=0, eventTime=817184, downTime=817184, deviceId=0, source=0x1002 }
08-02 13:23:57.524 11782 11782 I Input   : injectMotionEvent: MotionEvent { action=ACTION_MOVE, actionButton=0, id[0]=0, x[0]=600.0, y[0]=278.0, toolType[0]=TOOL_TYPE_UNKNOWN, buttonState=0, metaState=0, flags=0x0, edgeFlags=0x0, pointerCount=1, historySize=0, eventTime=817205, downTime=817205, deviceId=0, source=0x1002 }
08-02 13:23:57.536 1178