08-14 15:18:02.580  4744  4744 I AccessibilityNodeInfoDumper: Skipping invisible child: android.view.accessibility.AccessibilityNodeInfo@8000bd1f; boundsInParent: Rect(0, 0 - 1200, 1384); boundsInScreen: Rect(1216, 208 - 1200, 1592); packageName: com.android.launcher3; className: android.view.ViewGroup; text: null; error: null; maxTextLength: -1; contentDescription: null; viewIdResName: null; checkable: false; checked: false; focusable: false; focused: false; selected: false; clickable: true; longClickable: true; contextClickable: false; enabled: true; password: false; scrollable: false; actions: [AccessibilityAction: ACTION_SELECT - null, AccessibilityAction: ACTION_CLEAR_SELECTION - null, AccessibilityAction: ACTION_CLICK - null, AccessibilityAction: ACTION_LONG_CLICK - null, AccessibilityAction: ACTION_ACCESSIBILITY_FOCUS - null, AccessibilityAction: ACTION_UNKNOWN - null]
08-14 15:18:02.580  4744  4744 I AccessibilityNodeInfoDumper: Skipping invisible child: android.view.accessibility.AccessibilityNodeInfo@8000c0e0; boundsInParent: Rect(0, 0 - 1000, 160); boundsInScreen: Rect(100, 48 - 1100, 208); packageName: com.android.launcher3; className: android.widget.LinearLayout; text: null; error: null; maxTextLength: -1; contentDescription: null; viewIdResName: com.android.launcher3:id/drag_target_bar; checkable: false; checked: false; focusable: false; focused: false; selected: false; clickable: false; longClickable: false; contextClickable: false; enabled: true; password: false; scrollable: false; actions: [AccessibilityAction: ACTION_SELECT - null, AccessibilityAction: ACTION_CLEAR_SELECTION - null, AccessibilityAction: ACTION_ACCESSIBILITY_FOCUS - null, AccessibilityAction: ACTION_UNKNOWN - null]
08-14 15:18:02.580  4744  4744 I AccessibilityNodeInfoDumper: Skipping invisible child: android.view.accessibility.AccessibilityNodeInfo@8000b1dc; boundsInParent: Rect(0, 0 - 104, 104); boundsInScreen: Rect(0, 48 - 104, 152); packageName: com.android.launcher3; className: android.view.View; text: null; error: null; maxTextLength: -1; contentDescription: null; viewIdResName: com.android.launcher3:id/focus_indicator; checkable: false; checked: false; focusable: false; focused: false; selected: false; clickable: false; longClickable: false; contextClickable: false; enabled: true; password: false; scrollable: false; actions: [AccessibilityAction: ACTION_SELECT - null, AccessibilityAction: ACTION_CLEAR_SELECTION - null, AccessibilityAction: ACTION_ACCESSIBILITY_FOCUS - null, AccessibilityAction: ACTION_UNKNOWN - null]
08-14 15:18:02.580  4744  4744 I AccessibilityNodeInfoDumper: Skipping invisible child: android.view.accessibility.AccessibilityNodeInfo@80010472; boundsInParent: Rect(0, 0 - 24, 24); boundsInScreen: Rect(576, 1608 - 600, 1632); packageName: com.android.launcher3; className: android.widget.ImageView; text: null; error: null; maxTextLength: -1; contentDescription: null; viewIdResName: com.android.launcher3:id/inactive; checkable: false; checked: false; focusable: false; focused: false; selected: false; clickable: false; longClickable: false; contextClickable: false; enabled: true; password: false; scrollable: false; actions: [AccessibilityAction: ACTION_SELECT - null, AccessibilityAction: ACTION_CLEAR_SELECTION - null, AccessibilityAction: ACTION_ACCESSIBILITY_FOCUS - null, AccessibilityAction: ACTION_UNKNOWN - null]
08-14 15:18:02.580  4744  4744 I AccessibilityNodeInfoDumper: Skipping invisible child: android.view.accessibility.AccessibilityNodeInfo@80010833; boundsInParent: Rect(0, 0 - 24, 24); boundsInScreen: Rect(606, 1614 - 618, 1626); packageName: com.android.launcher3; className: android.widget.ImageView; text: null; error: null; maxTextLength: -1; contentDescription: null; viewIdResName: com.android.launcher3:id/active; checkable: false; checked: false; focusable: false; focused: false; selected: false; clickable: false; longClickable: false; contextClickable: false; enabled: true; password: false; scrollable: false; actions: [AccessibilityAction: ACTION_SELECT - null, AccessibilityAction: ACTION_CLEAR_SELECTION - null, AccessibilityAction: ACTION_ACCESSIBILITY_FOCUS - null, AccessibilityAction: ACTION_UNKNOWN - null]
08-14 15:18:02.582  4744  4744 W AccessibilityNodeInfoDumper: Fetch time: 8ms
08-14 15:18:02.582   601   613 W WindowManager: Attempted to remove non-existing token: android.os.Binder@28103d8
08-14 15:18:02.585  4744  4744 D AndroidRuntime: Shutting down VM
08-14 15:18:03.030  4761  4761 D AndroidRuntime: >>>>>> START com.android.internal.os.RuntimeInit uid 0 <<<<<<
08-14 15:18:03.032  4761  4761 D AndroidRuntime: CheckJNI is OFF
08-14 15:18:03.042  4761  4761 D ICU     : No timezone override file found: /data/misc/zoneinfo/current/icu/icu_tzdata.dat
08-14 15:18:03.054  4761  4761 E memtrack: Couldn't load memtrack module (No such file or directory)
08-14 15:18:03.054  4761  4761 E android.os.Debug: failed to load memtrack module: -2
08-14 15:18:03.055  4761  4761 I Radio-JNI: register_android_hardware_Radio DONE
08-14 15:18:03.061  4761  4761 D AndroidRuntime: Calling main entry com.android.commands.monkey.Monkey
08-14 15:18:03.073   601   615 W BroadcastQueue: Skipping deliver [background] BroadcastRecord{b867f97 u-1 android.net.conn.CONNECTIVITY_CHANGE} to ReceiverList{8ee8584 4761 (unknown name)/0/u-1 remote:12aa331}: process crashing
08-14 15:18:03.078   601  1001 I ActivityManager: START u0 {act=android.intent.action.MAIN cat=[android.intent.category.LAUNCHER] flg=0x10200000 cmp=ca.cmetcalfe.locationshare/.MainActivity} from uid 0 on display 0
08-14 15:18:03.105   601   616 D Sensors : batch handle 1, but there is no batch sensor in genymotion
08-14 15:18:03.106  1894  1894 D leak-4  : Eastern Standard Time
08-14 15:18:03.106  4761  4761 I art     : System.exit called, status: 0
08-14 15:18:03.106  4761  4761 I AndroidRuntime: VM exiting with result code 0.
08-14 15:18:03.117  1894  1894 D leak-8  : Eastern Standard Time
08-14 15:18:03.117  1894  1894 D leak-27 : Eastern Standard Time
08-14 15:18:03.118  1894  1894 D leak-29 : Eastern Standard Time
08-14 15:18:03.120   601  1001 I ActivityManager: START u0 {act=android.content.pm.action.REQUEST_PERMISSIONS pkg=com.android.packageinstaller cmp=com.android.packageinstaller/.permission.ui.GrantPermissionsActivity (has extras)} from uid 10060 on display 0
08-14 15:18:03.123  1894  1894 D leak-12 : Eastern Standard Time
08-14 15:18:03.123  1894  1894 D leak-13 : Eastern Standard Time
08-14 15:18:03.124  1894  1894 D leak-30 : Eastern Standard Time
08-14 15:18:03.124  1894  1894 D leak-31 : Eastern Standard Time
08-14 15:18:03.211  1894  1908 W EGL_emulation: eglSurfaceAttrib not implemented
08-14 15:18:03.211  1894  1908 W OpenGLRenderer: Failed to set EGL_SWAP_BEHAVIOR on surface 0xdfd6fec0, error=EGL_SUCCESS
08-14 15:18:03.337  1894  1894 D leak-9  : Eastern Standard Time
08-14 15:18:03.337  1894  1894 D leak-11 : Eastern Standard Time
08-14 15:18:03.645   601   998 I WindowManager: Screenshot max retries 4 of Token{f8a41a2 ActivityRecord{255416d u0 ca.cmetcalfe.locationshare/.MainActivity t9 f}} appWin=Window{8707c87 u0 ca.cmetcalfe.locationshare/ca.cmetcalfe.locationshare.MainActivity} drawState=3
08-14 15:18:03.736  1894  1908 W EGL_emulation: eglSurfaceAttrib not implemented
08-14 15:18:03.736  1894  1908 W OpenGLRenderer: Failed to set EGL_SWAP_BEHAVIOR on surface 0xdfd6ffe0, error=EGL_SUCCESS
08-14 15:18:03.744  1894  1908 E Surface : getSlotFromBufferLocked: unknown buffer: 0xeebb3b90
08-14 15:18:03.754  1894  1894 D leak-5  : Eastern Standard Time
08-14 15:18:03.754  1894  1894 D leak-6  : Eastern Standard Time
08-14 15:18:05.352  1894  1908 E Surface : getSlotFromBufferLocked: unknown buffer: 0xeebb3c00
08-14 15:18:08.848  4781  4781 D AndroidRuntime: >>>>>> START com.android.internal.os.RuntimeInit uid 0 <<<<<<
08-14 15:18:08.850  4781  4781 D AndroidRuntime: CheckJNI is OFF
08-14 15:18:08.858  4781  4781 D ICU     : No timezone override file found: /data/misc/zoneinfo/current/icu/icu_tzdata.dat
08-14 15:18:08.869  4781  4781 E memtrack: Couldn't load memtrack module (No such file or directory)
08-14 15:18:08.869  4781  4781 E android.os.Debug: failed to load memtrack module: -2
08-14 15:18:08.870  4781  4781 I Radio-JNI: register_android_hardware_Radio DONE
08-14 15:18:08.878  4781  4781 D AndroidRuntime: Calling main entry com.android.commands.uiautomator.Launcher
08-14 15:18:09.903  4781  4781 I AccessibilityNodeInfoDumper: Skipping invisible child: android.view.accessibility.AccessibilityNodeInfo@8000bd24; boundsInParent: Rect(0, 0 - 1200, 1384); boundsInScreen: Rect(1216, 208 - 1200, 1592); packageName: com.android.launcher3; className: android.view.ViewGroup; text: null; error: null; maxTextLength: -1; contentDescription: null; viewIdResName: null; checkable: false; checked: false; focusable: false; focused: false; selected: false; clickable: true; longClickable: true; contextClickable: false; enabled: true; password: false; scrollable: false; actions: [AccessibilityAction: ACTION_SELECT - null, AccessibilityAction: ACTION_CLEAR_SELECTION - null, AccessibilityAction: ACTION_CLICK - null, AccessibilityAction: ACTION_LONG_CLICK - null, AccessibilityAction: ACTION_ACCESSIBILITY_FOCUS - null, AccessibilityAction: ACTION_UNKNOWN - null]
08-14 15:18:09.903  4781  4781 I AccessibilityNodeInfoDumper: Skipping invisible child: android.view.accessibility.AccessibilityNodeInfo@8000c0e5; boundsInParent: Rect(0, 0 - 1000, 160); boundsInScreen: Rect(100, 48 - 1100, 208); packageName: com.android.launcher3; className: android.widget.LinearLayout; text: null; error: null; maxTextLength: -1; contentDescription: null; viewIdResName: com.android.launcher3:id/drag_target_bar; checkable: false; checked: false; focusable: false; focused: false; selected: false; clickable: false; longClickable: false; contextClickable: false; enabled: true; password: false; scrollable: false; actions: [AccessibilityAction: ACTION_SELECT - null, AccessibilityAction: ACTION_CLEAR_SELECTION - null, AccessibilityAction: ACTION_ACCESSIBILITY_FOCUS - null, AccessibilityAction: ACTION_UNKNOWN - null]
08-14 15:18:09.904  4781  4781 I AccessibilityNodeInfoDumper: Skipping invisible child: android.view.accessibility.AccessibilityNodeInfo@8000b1e1; boundsInParent: Rect(0, 0 - 104, 104); boundsInScreen: Rect(0, 48 - 104, 152); packageName: com.android.launcher3; className: android.view.View; text: null; error: null; maxTextLength: -1; contentDescription: null; viewIdResName: com.android.launcher3:id/focus_indicator; checkable: false; checked: false; focusable: false; focused: false; selected: false; clickable: false; longClickable: false; contextClickable: false; enabled: true; password: false; scrollable: false; actions: [AccessibilityAction: ACTION_SELECT - null, AccessibilityAction: ACTION_CLEAR_SELECTION - null, AccessibilityAction: ACTION_ACCESSIBILITY_FOCUS - null, AccessibilityAction: ACTION_UNKNOWN - null]
08-14 15:18:09.904  4781  4781 I AccessibilityNodeInfoDumper: Skipping invisible child: android.view.accessibility.AccessibilityNodeInfo@80010477; boundsInParent: Rect(0, 0 - 24, 24); boundsInScreen: Rect(576, 1608 - 600, 1632); packageName: com.android.launcher3; className: android.widget.ImageView; text: null; error: null; maxTextLength: -1; contentDescription: null; viewIdResName: com.android.launcher3:id/inactive; checkable: false; checked: false; focusable: false; focused: false; selected: false; clickable: false; longClickable: false; contextClickable: false; enabled: true; password: false; scrollable: false; actions: [AccessibilityAction: ACTION_SELECT - null, AccessibilityAction: ACTION_CLEAR_SELECTION - null, AccessibilityAction: ACTION_ACCESSIBILITY_FOCUS - null, AccessibilityAction: ACTION_UNKNOWN - null]
08-14 15:18:09.904  4781  4781 I AccessibilityNodeInfoDumper: Skipping invisible child: android.view.accessibility.AccessibilityNodeInfo@80010838; boundsInParent: Rect(0, 0 - 24, 24); boundsInScreen: Rect(606, 1614 - 618, 1626); packageName: com.android.launcher3; className: android.widget.ImageView; text: null; error: null; maxTextLength: -1; contentDescription: null; viewIdResName: com.android.launcher3:id/active; checkable: false; checked: false; focusable: false; focused: false; selected: false; clickable: false; longClickable: false; contextClickable: false; enabled: true; password: false; scrollable: false; actions: [AccessibilityAction: ACTION_SELECT - null, AccessibilityAction: ACTION_CLEAR_SELECTION - null, AccessibilityAction: ACTION_ACCESSIBILITY_FOCUS - null, AccessibilityAction: ACTION_UNKNOWN - null]
08-14 15:18:09.905  4781  4781 W AccessibilityNodeInfoDumper: Fetch time: 7ms
08-14 15:18:09.906   601  1001 W WindowManager: Attempted to remove non-existing token: android.os.Binder@ce5a23
08-14 15:18:09.908  4781  4781 D AndroidRuntime: Shutting down VM
08-14 15:18:10.327  4799  4799 D AndroidRuntime: >>>>>> START com.android.internal.os.RuntimeInit uid 0 <<<<<<
08-14 15:18:10.328  4799  4799 D AndroidRuntime: CheckJNI is OFF
08-14 15:18:10.337  4799  4799 D ICU     : No timezone override file found: /data/misc/zoneinfo/current/icu/icu_tzdata.dat
08-14 15:18:10.350  4799  4799 E memtrack: Couldn't load memtrack module (No such file or directory)
08-14 15:18:10.350  4799  4799 E android.os.Debug: failed to load memtrack module: -2
08-14 15:18:10.352  4799  4799 I Radio-JNI: register_android_hardware_Radio DONE
08-14 15:18:10.358  4799  4799 D AndroidRuntime: Calling main entry com.android.commands.uiautomator.Launcher
08-14 15:18:11.379  4799  4799 I AccessibilityNodeInfoDumper: Skipping invisible child: android.view.accessibility.AccessibilityNodeInfo@8000bd29; boundsInParent: Rect(0, 0 - 1200, 1384); boundsInScreen: Rect(1216, 208 - 1200, 1592); packageName: com.android.launcher3; className: android.view.ViewGroup; text: null; error: null; maxTextLength: -1; contentDescription: null; viewIdResName: null; checkable: false; checked: false; focusable: false; focused: false; selected: false; clickable: true; longClickable: true; contextClickable: false; enabled: true; password: false; scrollable: false; actions: [AccessibilityAction: ACTION_SELECT - null, AccessibilityAction: ACTION_CLEAR_SELECTION - null, AccessibilityAction: ACTION_CLICK - null, AccessibilityAction: ACTION_LONG_CLICK - null, AccessibilityAction: ACTION_ACCESSIBILITY_FOCUS - null, AccessibilityAction: ACTION_UNKNOWN - null]
08-14 15:18:11.380  4799  4799 I AccessibilityNodeInfoDumper: Skipping invisible child: android.view.accessibility.AccessibilityNodeInfo@8000c0ea; boundsInParent: Rect(0, 0 - 1000, 160); boundsInScreen: Rect(100, 48 - 1100, 208); packageName: com.android.launcher3; className: android.widget.LinearLayout; text: null; error: null; maxTextLength: -1; contentDescription: null; viewIdResName: com.android.launcher3:id/drag_target_bar; checkable: false; checked: false; focusable: false; focused: false; selected: false; clickable: false; longClickable: false; contextClickable: false; enabled: true; password: false; scrollable: false; actions: [AccessibilityAction: ACTION_SELECT - null, AccessibilityAction: ACTION_CLEAR_SELECTION - null, AccessibilityAction: ACTION_ACCESSIBILITY_FOCUS - null, AccessibilityAction: ACTION_UNKNOWN - null]
08-14 15:18:11.380  4799  4799 I AccessibilityNodeInfoDumper: Skipping invisible child: android.view.accessibility.AccessibilityNodeInfo@8000b1e6; boundsInParent: Rect(0, 0 - 104, 104); boundsInScreen: Rect(0, 48 - 104, 152); packageName: com.android.launcher3; className: android.view.View; text: null; error: null; maxTextLength: -1; contentDescription: null; viewIdResName: com.android.launcher3:id/focus_indicator; checkable: false; checked: false; focusable: false; focused: false; selected: false; clickable: false; longClickable: false; contextClickable: false; enabled: true; password: false; scrollable: false; actions: [AccessibilityAction: ACTION_SELECT - null, AccessibilityAction: ACTION_CLEAR_SELECTION - null, AccessibilityAction: ACTION_ACCESSIBILITY_FOCUS - null, AccessibilityAction: ACTION_UNKNOWN - null]
08-14 15:18:11.380  4799  4799 I AccessibilityNodeInfoDumper: Skipping invisible child: android.view.accessibility.AccessibilityNodeInfo@8001047c; boundsInParent: Rect(0, 0 - 24, 24); boundsInScreen: Rect(576, 1608 - 600, 1632); packageName: com.android.launcher3; className: android.widget.ImageView; text: null; error: null; maxTextLength: -1; contentDescription: null; viewIdResName: com.android.launcher3:id/inactive; checkable: false; checked: false; focusable: false; focused: false; selected: false; clickable: false; longClickable: false; contextClickable: false; enabled: true; password: false; scrollable: false; actions: [AccessibilityAction: ACTION_SELECT - null, AccessibilityAction: ACTION_CLEAR_SELECTION - null, AccessibilityAction: ACTION_ACCESSIBILITY_FOCUS - null, AccessibilityAction: ACTION_UNKNOWN - null]
08-14 15:18:11.380  4799  4799 I AccessibilityNodeInfoDumper: Skipping invisible child: android.view.accessibility.AccessibilityNodeInfo@8001083d; boundsInParent: Rect(0, 0 - 24, 24); boundsInScreen: Rect(606, 1614 - 618, 1626); packageName: com.android.launcher3; className: android.widget.ImageView; text: null; error: null; maxTextLength: -1; contentDescription: null; viewIdResName: com.android.launcher3:id/active; checkable: false; checked: false; focusable: false; focused: false; selected: false; clickable: false; longClickable: false; contextClickable: false; enabled: true; password: false; scrollable: false; actions: [AccessibilityAction: ACTION_SELECT - null, AccessibilityAction: ACTION_CLEAR_SELECTION - null, AccessibilityAction: ACTION_ACCESSIBILITY_FOCUS - null, AccessibilityAction: ACTION_UNKNOWN - null]
08-14 15:18:11.383  4799  4799 W AccessibilityNodeInfoDumper: Fetch time: 9ms
08-14 15:18:11.383   601   719 W WindowManager: Attempted to remove non-existing token: android.os.Binder@1653b20
08-14 15:18:11.386  4799  4799 D AndroidRuntime: Shutting down VM
08-14 15:18:11.776  4813  4813 D AndroidRuntime: >>>>>> START com.android.internal.os.RuntimeInit uid 0 <<<<<<
08-14 15:18:11.777  4813  4813 D AndroidRuntime: CheckJNI is OFF
08-14 15:18:11.786  4813  4813 D ICU     : No timezone override file found: /data/misc/zoneinfo/current/icu/icu_tzdata.dat
08-14 15:18:11.796  4813  4813 E memtrack: Couldn't load memtrack module (No such file or directory)
08-14 15:18:11.796  4813  4813 E android.os.Debug: failed to load memtrack module: -2
08-14 15:18:11.797  4813  4813 I Radio-JNI: register_android_hardware_Radio DONE
08-14 15:18:11.802  4813  4813 D AndroidRuntime: Calling main entry com.android.commands.input.Input
08-14 15:18:11.803  4813  4813 I Input   : injectMotionEvent: MotionEvent { action=ACTION_DOWN, actionButton=0, id[0]=0, x[0]=600.0, y[0]=900.0, toolType[0]=TOOL_TYPE_UNKNOWN, buttonState=0, metaState=0, flags=0x0, edgeFlags=0x0, pointerCount=1, historySize=0, eventTime=656551, downTime=656551, deviceId=0, source=0x1002 }
08-14 15:18:11.805  4813  4813 I Input   : injectMotionEvent: MotionEvent { action=ACTION_MOVE, actionButton=0, id[0]=0, x[0]=600.0, y[0]=900.0, toolType[0]=TOOL_TYPE_UNKNOWN, buttonState=0, metaState=0, flags=0x0, edgeFlags=0x0, pointerCount=1, historySize=0, eventTime=656551, downTime=656551, deviceId=0, source=0x1002 }
08-14 15:18:11.822  4813  4813 I Input   : injectMotionEvent: MotionEvent { action=ACTION_MOVE, actionButton=0, id[0]=0, x[0]=600.0, y[0]=900.0, toolType[0]=TOOL_TYPE_UNKNOWN, buttonState=0, metaState=0, flags=0x0, edgeFlags=0x0, pointerCount=1, historySize=0, eventTime=656571, downTime=656571, deviceId=0, source=0x1002 }
08-14 15:18:11.843  4813  4813 I Input   : injectMotionEvent: MotionEvent { action=ACTION_MOVE, actionButton=0, id[0]=0, x[0]=600.0, y[0]=900.0, toolType[0]=TOOL_TYPE_UNKNOWN, buttonState=0, metaState=0, flags=0x0, edgeFlags=0x0, pointerCount=1, historySize=0, eventTime=656591, downTime=656591, deviceId=0, source=0x1002 }
08-14 15:18:11.854  4813  4813 I Input   : injectMotionEvent: MotionEvent { action=ACTION_MOVE, actionButton=0, id[0]=0, x[0]=600.0, y[0]=900.0, toolType[0]=TOOL_TYPE_UNKNOWN, buttonState=0, metaState=0, flags=0x0, edgeFlags=0x0, pointerCount=1, historySize=0, eventTime=656602, downTime=656602, deviceId=0, source=0x1002 }
08-14 15:18:11.870  4813  4813 I Input   : injectMotionEvent: MotionEvent { action=ACTION_MOVE, actionButton=0, id[0]=0, x[0]=600.0, y[0]=900.0, toolType[0]=TOOL_TYPE_UNKNOWN, buttonState=0, metaState=0, flags=0x0, edgeFlags=0x0, pointerCount=1, historySize=0, eventTime=656618, downTime=656618, deviceId=0, source=0x1002 }
08-14 15:18:11.885  4813  4813 I Input   : injectMotionEvent: MotionEvent { action=ACTION_MOVE, actionButton=0, id[0]=0, x[0]=600.0, y[0]=900.0, toolType[0]=TOOL_TYPE_UNKNOWN, buttonState=0, metaState=0, flags=0x0, edgeFlags=0x0, pointerCount=1, historySize=0, eventTime=656634, downTime=656634, deviceId=0, source=0x1002 }
08-14 15:18:11.902  4813  4813 I Input   : injectMotionEvent: MotionEvent { action=ACTION_MOVE, actionButton=0, id[0]=0, x[0]=600.0, y[0]=900.0, toolType[0]=TOOL_TYPE_UNKNOWN, buttonState=0, metaState=0, flags=0x0, edgeFlags=0x0, pointerCount=1, historySize=0, eventTime=656650, downTime=656650, deviceId=0, source=0x1002 }
08-14 15:18:11.922  4813  4813 I Input   : injectMotionEvent: MotionEvent { action=ACTION_MOVE, actionButton=0, id[0]=0, x[0]=600.0, y[0]=900.0, toolType[0]=TOOL_TYPE_UNKNOWN, buttonState=0, metaState=0, flags=0x0, edgeFlags=0x0, pointerCount=1, historySize=0, eventTime=656670, downTime=656670, deviceId=0, source=0x1002 }
08-14 15:18:11.937  4813  4813 I Input   : injectMotionEvent: MotionEvent { action=ACTION_MOVE, actionButton=0, id[0]=0, x[0]=600.0, y[0]=900.0, toolType[0]=TOOL_TYPE_UNKNOWN, buttonState=0, metaState=0, flags=0x0, edgeFlags=0x0, pointerCount=1, historySize=0, eventTime=656685, downTime=656685, deviceId=0, source=0x1002 }
08-14 15:18:11.953  4813  4813 I Input   : injectMotionEvent: MotionEvent { action=ACTION_MOVE, actionButton=0, id[0]=0, x[0]=600.0, y[0]=900.0, toolType[0]=TOOL_TYPE_UNKNOWN, buttonState=0, metaState=0, flags=0x0, edgeFlags=0x0, pointerCount=1, historySize=0, eventTime=656702, downTime=656702, deviceId=0, source=0x1002 }
08-14 15:18:11.970  4813  4813 I Input   : injectMotionEvent: MotionEvent { action=ACTION_MOVE, actionButton=0, id[0]=0, x[0]=600.0, y[0]=900.0, toolType[0]=TOOL_TYPE_UNKNOWN, buttonState=0, metaState=0, flags=0x0, edgeFlags=0x0, pointerCount=1, historySize=0, eventTime=656718, downTime=656718, deviceId=0, source=0x1002 }
08-14 15:18:11.985  4813  4813 I Input   : injectMotionEvent: MotionEvent { action=ACTION_MOVE, actionButton=0, id[0]=0, x[0]=600.0, y[0]=900.0, toolType[0]=TOOL_TYPE_UNKNOWN, buttonState=0, metaState=0, flags=0x0, edgeFlags=0x0, pointerCount=1, historySize=0, eventTime=656734, downTime=656734, deviceId=0, source=0x1002 }
08-14 15:18:12.002  4813  4813 I Input   : injectMotionEvent: MotionEvent { action=ACTION_MOVE, actionButton=0, id[0]=0, x[0]=600.0, y[0]=900.0, toolType[0]=TOOL_TYPE_UNKNOWN, buttonState=0, metaState=0, flags=0x0, edgeFlags=0x0, pointerCount=1, historySize=0, eventTime=656751, downTime=656751, deviceId=0, source=0x1002 }
08-14 15:18:12.022  4813  4813 I Input   : injectMotionEvent: MotionEvent { action=ACTION_MOVE, actionButton=0, id[0]=0, x[0]=600.0, y[0]=900.0, toolType[0]=TOOL_TYPE_UNKNOWN, buttonState=0, metaState=0, flags=0x0, edgeFlags=0x0, pointerCount=1, historySize=0, eventTime=656770, downTime=656770, deviceId=0, source=0x1002 }
08-14 15:18:12.036  4813  4813 I Input   : injectMotionEvent: MotionEvent { action=ACTION_MOVE, actionButton=0, id[0]=0, x[0]=600.0, y[0]=900.0, toolType[0]=TOOL_TYPE_UNKNOWN, buttonState=0, metaState=0, flags=0x0, edgeFlags=0x0, pointerCount=1, historySize=0, eventTime=656785, downTime=656785, deviceId=0, source=0x1002 }
08-14 15:18:12.053  4813  4813 I Input   : injectMotionEvent: MotionEvent { action=ACTION_MOVE, actionButton=0, id[0]=0, x[0]=600.0, y[0]=900.0, toolType[0]=TOOL_TYPE_UNKNOWN, buttonState=0, metaState=0, flags=0x0, edgeFlags=0x0, pointerCount=1, historySize=0, eventTime=656802, downTime=656802, deviceId=0, source=0x1002 }
08-14 15:18:12.069  4813  4813 I Input   : injectMotionEvent: MotionEvent { action=ACTION_MOVE, actionButton=0, id[0]=0, x[0]=600.0, y[0]=900.0, toolType[0]=TOOL_TYPE_UNKNOWN, buttonState=0, metaState=0, flags=0x0, edgeFlags=0x0, pointerCount=1, historySize=0, eventTime=656818, downTime=656818, deviceId=0, source=0x1002 }
08-14 15:18:12.085  4813  4813 I Input   : injectMotionEvent: MotionEvent { action=ACTION_MOVE, actionButton=0, id[0]=0, x[0]=600.0, y[0]=900.0, toolType[0]=TOOL_TYPE_UNKNOWN, buttonState=0, metaState=0, flags=0x0, edgeFlags=0x0, pointerCount=1, historySize=0, eventTime=656834, downTime=656834, deviceId=0, source=0x1002 }
08-14 15:18:12.102  4813  4813 I Input   : injectMotionEvent: MotionEvent { action=ACTION_MOVE, actionButton=0, id[0]=0, x[0]=600.0, y[0]=900.0, toolType[0]=TOOL_TYPE_UNKNOWN, buttonState=0, metaState=0, flags=0x0, edgeFlags=0x0, pointerCount=1, historySize=0, eventTime=656851, downTime=656851, deviceId=0, source=0x1002 }
08-14 15:18:12.123  4813  4813 I Input   : injectMotionEvent: MotionEvent { action=ACTION_MOVE, actionButton=0, id[0]=0, x[0]=600.0, y[0]=900.0, toolType[0]=TOOL_TYPE_UNKNOWN, buttonState=0, metaState=0, flags=0x0, edgeFlags=0x0, pointerCount=1, historySize=0, eventTime=656871, downTime=656871, deviceId=0, source=0x1002 }
08-14 15:18:12.137  4813  4813 I Input   : injectMotionEvent: MotionEvent { action=ACTION_MOVE, actionButton=0, id[0]=0, x[0]=600.0, y[0]=900.0, toolType[0]=TOOL_TYPE_UNKNOWN, buttonState=0, metaState=0, flags=0x0, edgeFlags=0x0, pointerCount=1, historySize=0, eventTime=656885, downTime=656885, deviceId=0, source=0x1002 }
08-14 15:18:12.152  4813  4813 I Input   : injectMotionEvent: MotionEvent { action=ACTION_MOVE, actionButton=0, id[0]=0, x[0]=600.0, y[0]=900.0, toolType[0]=TOOL_TYPE_UNKNOWN, buttonState=0, metaState=0, flags=0x0, edgeFlags=0x0, pointerCount=1, historySize=0, eventTime=656901, downTime=656901, deviceId=0, source=0x1002 }
08-14 15:18:12.171  4813  4813 I Input   : injectMotionEvent: MotionEvent { action=ACTION_MOVE, actionButton=0, id[0]=0, x[0]=600.0, y[0]=900.0, toolType[0]=TOOL_TYPE_UNKNOWN, buttonState=0, metaState=0, flags=0x0, edgeFlags=0x0, pointerCount=1, historySize=0, eventTime=656919, downTime=656919, deviceId=0, source=0x1002 }
08-14 15:18:12.185  4813  4813 I Input   : injectMotionEvent: MotionEvent { action=ACTION_MOVE, actionButton=0, id[0]=0, x[0]=600.0, y[0]=900.0, toolType[0]=TOOL_TYPE_UNKNOWN, buttonState=0, metaState=0, flags=0x0, edgeFlags=0x0, pointerCount=1, historySize=0, eventTime=656934, downTime=656934, deviceId=0, source=0x1002 }
08-14 15:18:12.202  4813  4813 I Input   : injectMotionEvent: MotionEvent { action=ACTION_MOVE, actionButton=0, id[0]=0, x[0]=600.0, y[0]=900.0, toolType[0]=TOOL_TYPE_UNKNOWN, buttonState=0, metaState=0, flags=0x0, edgeFlags=0x0, pointerCount=1, historySize=0, eventTime=656951, downTime=656951, deviceId=0, source=0x1002 }
08-14 15:18:12.222  4813  4813 I Input   : injectMotionEvent: MotionEvent { action=ACTION_MOVE, actionButton=0, id[0]=0, x[0]=600.0, y[0]=900.0, toolType[0]=TOOL_TYPE_UNKNOWN, buttonState=0, metaState=0, flags=0x0, edgeFlags=0x0, pointerCount=1, historySize=0, eventTime=656971, downTime=656971, deviceId=0, source=0x1002 }
08-14 15:18:12.235  4813  4813 I Input   : injectMotionEvent: MotionEvent { action=ACTION_MOVE, actionButton=0, id[0]=0, x[0]=600.0, y[0]=900.0, toolType[0]=TOOL_TYPE_UNKNOWN, buttonState=0, metaState=0, flags=0x0, edgeFlags=0x0, pointerCount=1, historySize=0, eventTime=656984, downTime=656984, deviceId=0, source=0x1002 }
08-14 15:18:12.261  4813  4813 I Input   : injectMotionEvent: MotionEvent { action=ACTION_MOVE, actionButton=0, id[0]=0, x[0]=600.0, y[0]=900.0, toolType[0]=TOOL_TYPE_UNKNOWN, buttonState=0, metaState=0, flags=0x0, edgeFlags=0x0, pointerCount=1, historySize=0, eventTime=657010, downTime=657010, deviceId=0, source=0x1002 }
08-14 15:18:12.269  4813  4813 I Input   : injectMotionEvent: MotionEvent { action=ACTION_MOVE, actionButton=0, id[0]=0, x[0]=600.0, y[0]=900.0, toolType[0]=TOOL_TYPE_UNKNOWN, buttonState=0, metaState=0, flags=0x0, edgeFlags=0x0, pointerCount=1, historySize=0, eventTime=657017, downTime=657017, deviceId=0, source=0x1002 }
08-14 15:18:12.287  4813  4813 I Input   : injectMotionEvent: MotionEvent { action=ACTION_MOVE, actionButton=0, id[0]=0, x[0]=600.0, y[0]=900.0, toolType[0]=TOOL_TYPE_UNKNOWN, buttonState=0, metaState=0, flags=0x0, edgeFlags=0x0, pointerCount=1, historySize=0, eventTime=657036, downTime=657036, deviceId=0, source=0x1002 }
08-14 15:18:12.303  4813  4813 I Input   : injectMotionEvent: MotionEvent { action=ACTION_MOVE, actionButton=0, id[0]=0, x[0]=600.0, y[0]=900.0, toolType[0]=TOOL_TYPE_UNKNOWN, buttonState=0, metaState=0, flags=0x0, edgeFlags=0x0, pointerCount=1, historySize=0, eventTime=657051, downTime=657051, deviceId=0, source=0x1002 }
08-14 15:18:12.319  4813  4813 I Input   : injectMotionEvent: MotionEvent { action=ACTION_MOVE, actionButton=0, id[0]=0, x[0]=600.0, y[0]=900.0, toolType[0]=TOOL_TYPE_UNKNOWN, buttonState=0, metaState=0, flags=0x0, edgeFlags=0x0, pointerCount=1, historySize=0, eventTime=657067, downTime=657067, deviceId=0, source=0x1002 }
08-14 15:18:12.336  4813  4813 I Input   : injectMotionEvent: MotionEvent { action=ACTION_MOVE, actionButton=0, id[0]=0, x[0]=600.0, y[0]=900.0, toolType[0]=TOOL_TYPE_UNKNOWN, buttonState=0, metaState=0, flags=0x0, edgeFlags=0x0, pointerCount=1, historySize=0, eventTime=657085, downTime=657085, deviceId=0, source=0x1002 }
08-14 15:18:12.352  4813  4813 I Input   : injectMotionEvent: MotionEvent { action=ACTION_MOVE, actionButton=0, id[0]=0, x[0]=600.0, y[0]=900.0, toolType[0]=TOOL_TYPE_UNKNOWN, buttonState=0, metaState=0, flags=0x0, edgeFlags=0x0, pointerCount=1, historySize=0, eventTime=657101, downTime=657101, deviceId=0, source=0x1002 }
08-14 15:18:12.368  4813  4813 I Input   : injectMotionEvent: MotionEvent { action=ACTION_MOVE, actionButton=0, id[0]=0, x[0]=600.0, y[0]=900.0, toolType[0]=TOOL_TYPE_UNKNOWN, buttonState=0, metaState=0, flags=0x0, edgeFlags=0x0, pointerCount=1, historySize=0, eventTime=657117, downTime=657117, deviceId=0, source=0x1002 }
08-14 15:18:12.386  4813  4813 I Input   : injectMotionEvent: MotionEvent { action=ACTION_MOVE, actionButton=0, id[0]=0, x[0]=600.0, y[0]=900.0, toolType[0]=TOOL_TYPE_UNKNOWN, buttonState=0, metaState=0, flags=0x0, edgeFlags=0x0, pointerCount=1, historySize=0, eventTime=657135, downTime=657135, deviceId=0, source=0x1002 }
08-14 15:18:12.402  4813  4813 I Input   : injectMotionEvent: MotionEvent { action=ACTION_MOVE, actionButton=0, id[0]=0, x[0]=600.0, y[0]=900.0, toolType[0]=TOOL_TYPE_UNKNOWN, buttonState=0, metaState=0, flags=0x0, edgeFlags=0x0, pointerCount=1, historySize=0, eventTime=657150, downTime=657150, deviceId=0, source=0x1002 }
08-14 15:18:12.420  4813  4813 I Input   : injectMotionEvent: MotionEvent { action=ACTION_MOVE, actionButton=0, id[0]=0, x[0]=600.0, y[0]=900.0, toolType[0]=TOOL_TYPE_UNKNOWN, buttonState=0, metaState=0, flags=0x0, edgeFlags=0x0, pointerCount=1, historySize=0, eventTime=657169, downTime=657169, deviceId=0, source=0x1002 }
08-14 15:18:12.437  4813  4813 I Input   : injectMotionEvent: MotionEvent { action=ACTION_MOVE, actionButton=0, id[0]=0, x[0]=600.0, y[0]=900.0, toolType[0]=TOOL_TYPE_UNKNOWN, buttonState=0, metaState=0, flags=0x0, edgeFlags=0x0, pointerCount=1, historySize=0, eventTime=657185, downTime=657185, deviceId=0, source=0x1002 }
08-14 15:18:12.452  4813  4813 I Input   : injectMotionEvent: MotionEvent { action=ACTION_MOVE, actionButton=0, id[0]=0, x[0]=600.0, y[0]=900.0, toolType[0]=TOOL_TYPE_UNKNOWN, buttonState=0, metaState=0, flags=0x0, edgeFlags=0x0, pointerCount=1, historySize=0, eventTime=657201, downTime=657201, deviceId=0, source=0x1002 }
08-14 15:18:12.470  4813  4813 I Input   : injectMotionEvent: MotionEvent { action=ACTION_MOVE, actionButton=0, id[0]=0, x[0]=600.0, y[0]=900.0, toolType[0]=TOOL_TYPE_UNKNOWN, buttonState=0, metaState=0, flags=0x0, edgeFlags=0x0, pointerCount=1, historySize=0, eventTime=657218, downTime=657218, deviceId=0, source=0x1002 }
08-14 15:18:12.486  4813  4813 I Input   : injectMotionEvent: MotionEvent { action=ACTION_MOVE, actionButton=0, id[0]=0, x[0]=600.0, y[0]=900.0, toolType[0]=TOOL_TYPE_UNKNOWN, buttonState=0, metaState=0, flags=0x0, edgeFlags=0x0, pointerCount=1, historySize=0, eventTime=657235, downTime=657235, deviceId=0, source=0x1002 }
08-14 15:18:12.502  4813  4813 I Input   : injectMotionEvent: MotionEvent { action=ACTION_MOVE, actionButton=0, id[0]=0, x[0]=600.0, y[0]=900.0, toolType[0]=TOOL_TYPE_UNKNOWN, buttonState=0, metaState=0, flags=0x0, edgeFlags=0x0, pointerCount=1, historySize=0, eventTime=657250, downTime=657250, deviceId=0, source=0x1002 }
08-14 15:18:12.518  4813  4813 I Input   : injectMotionEvent: MotionEvent { action=ACTION_MOVE, actionButton=0, id[0]=0, x[0]=600.0, y[0]=900.0, toolType[0]=TOOL_TYPE_UNKNOWN, buttonState=0, metaState=0, flags=0x0, edgeFlags=0x0, pointerCount=1, historySize=0, eventTime=657267, downTime=657267, deviceId=0, source=0x1002 }
08-14 15:18:12.536  4813  4813 I Input   : injectMotionEvent: MotionEvent { action=ACTION_MOVE, actionButton=0, id[0]=0, x[0]=600.0, y[0]=900.0, toolType[0]=TOOL_TYPE_UNKNOWN, buttonState=0, metaState=0, flags=0x0, edgeFlags=0x0, pointerCount=1, historySize=0, eventTime=657285, downTime=657285, deviceId=0, source=0x1002 }
08-14 15:18:12.552  4813  4813 I Input   : injectMotionEvent: MotionEvent { action=ACTION_MOVE, actionButton=0, id[0]=0, x[0]=600.0, y[0]=900.0, toolType[0]=TOOL_TYPE_UNKNOWN, buttonState=0, metaState=0, flags=0x0, edgeFlags=0x0, pointerCount=1, historySize=0, eventTime=657300, downTime=657300, deviceId=0, source=0x1002 }
08-14 15:18:12.570  4813  4813 I Input   : injectMotionEvent: MotionEvent { action=ACTION_MOVE, actionButton=0, id[0]=0, x[0]=600.0, y[0]=900.0, toolType[0]=TOOL_TYPE_UNKNOWN, buttonState=0, metaState=0, flags=0x0, edgeFlags=0x0, pointerCount=1, historySize=0, eventTime=657319, downTime=657319, deviceId=0, source=0x1002 }
08-14 15:18:12.602  4813  4813 I Input   : injectMotionEvent: MotionEvent { action=ACTION_MOVE, actionButton=0, id[0]=0, x[0]=600.0, y[0]=900.0, toolType[0]=TOOL_TYPE_UNKNOWN, buttonState=0, metaState=0, flags=0x0, edgeFlags=0x0, pointerCount=1, historySize=0, eventTime=657351, downTime=657351, deviceId=0, source=0x1002 }
08-14 15:18:12.620  4813  4813 I Input   : injectMotionEvent: MotionEvent { action=ACTION_MOVE, actionButton=0, id[0]=0, x[0]=600.0, y[0]=900.0, toolType[0]=TOOL_TYPE_UNKNOWN, buttonState=0, metaState=0, flags=0x0, edgeFlags=0x0, pointerCount=1, historySize=0, eventTime=657369, downTime=657369, deviceId=0, source=0x1002 }
08-14 15:18:12.662  4813  4813 I Input   : injectMotionEvent: MotionEvent { action=ACTION_MOVE, actionButton=0, id[0]=0, x[0]=600.0, y[0]=900.0, toolType[0]=TOOL_TYPE_UNKNOWN, buttonState=0, metaState=0, flags=0x0, edgeFlags=0x0, pointerCount=1, historySize=0, eventTime=657410, downTime=657410, deviceId=0, source=0x1002 }
08-14 15:18:12.705  4813  4813 I Input   : injectMotionEvent: MotionEvent { action=ACTION_MOVE, actionButton=0, id[0]=0, x[0]=600.0, y[0]=900.0, toolType[0]=TOOL_TYPE_UNKNOWN, buttonState=0, metaState=0, flags=0x0, edgeFlags=0x0, pointerCount=1, historySize=0, eventTime=657454, downTime=657454, deviceId=0, source=0x1002 }
08-14 15:18:12.743  4813  4813 I Input   : injectMotionEvent: MotionEvent { action=ACTION_MOVE, actionButton=0, id[0]=0, x[0]=600.0, y[0]=900.0, toolType[0]=TOOL_TYPE_UNKNOWN, buttonState=0, metaState=0, flags=0x0, edgeFlags=0x0, pointerCount=1, historySize=0, eventTime=657492, downTime=657492, deviceId=0, source=0x1002 }
08-14 15:18:12.786  4813  4813 I Input   : injectMotionEvent: MotionEvent { action=ACTION_MOVE, actionButton=0, id[0]=0, x[0]=600.0, y[0]=900.0, toolType[0]=TOOL_TYPE_UNKNOWN, buttonState=0, metaState=0, flags=0x0, edgeFlags=0x0, pointerCount=1, historySize=0, eventTime=657534, downTime=657534, deviceId=0, source=0x1002 }
08-14 15:18:12.819  4813  4813 I Input   : injectMotionEvent: MotionEvent { action=ACTION_MOVE, actionButton=0, id[0]=0, x[0]=600.0, y[0]=900.0, toolType[0]=TOOL_TYPE_UNKNOWN, buttonState=0, metaState=0, flags=0x0, edgeFlags=0x0, pointerCount=1, historySize=0, eventTime=657568, downTime=657568, deviceId=0, source=0x1002 }
08-14 15:18:12.837  4813  4813 I Input   : injectMotionEvent: MotionEvent { action=ACTION_MOVE, actionButton=0, id[0]=0, x[0]=600.0, y[0]=900.0, toolType[0]=TOOL_TYPE_UNKNOWN, buttonState=0, metaState=0, flags=0x0, edgeFlags=0x0, pointerCount=1, historySize=0, eventTime=657585, downTime=657585, deviceId=0, source=0x1002 }
08-14 15:18:12.852  4813  4813 I Input   : injectMotionEvent: MotionEvent { action=ACTION_MOVE, actionButton=0, id[0]=0, x[0]=600.0, y[0]=900.0, toolType[0]=TOOL_TYPE_UNKNOWN, buttonState=0, metaState=0, flags=0x0, edgeFlags=0x0, pointerCount=1, historySize=0, eventTime=657601, downTime=657601, deviceId=0, source=0x1002 }
08-14 15:18:12.872  4813  4813 I Input   : injectMotionEvent: MotionEvent { action=ACTION_MOVE, actionButton=0, id[0]=0, x[0]=600.0, y[0]=900.0, toolType[0]=TOOL_TYPE_UNKNOWN, buttonState=0, metaState=0, flags=0x0, edgeFlags=0x0, pointerCount=1, historySize=0, eventTime=657621, downTime=657621, deviceId=0, source=0x1002 }
08-14 15:18:12.885  4813  4813 I Input   : injectMotionEvent: MotionEvent { action=ACTION_MOVE, actionButton=0, id[0]=0, x[0]=600.0, y[0]=900.0, toolType[0]=TOOL_TYPE_UNKNOWN, buttonState=0, metaState=0, flags=0x0, edgeFlags=0x0, pointerCount=1, historySize=0, eventTime=657633, downTime=657633, deviceId=0, source=0x1002 }
08-14 15:18:12.902  4813  4813 I Input   : injectMotionEvent: MotionEvent { action=ACTION_MOVE, actionButton=0, id[0]=0, x[0]=600.0, y[0]=900.0, toolType[0]=TOOL_TYPE_UNKNOWN, buttonState=0, metaState=0, flags=0x0, edgeFlags=0x0, pointerCount=1, historySize=0, eventTime=657650, downTime=657650, deviceId=0, source=0x1002 }
08-14 15:18:12.920  4813  4813 I Input   : injectMotionEvent: MotionEvent { action=ACTION_MOVE, actionButton=0, id[0]=0, x[0]=600.0, y[0]=900.0, toolType[0]=TOOL_TYPE_UNKNOWN, buttonState=0, metaState=0, flags=0x0, edgeFlags=0x0, pointerCount=1, historySize=0, eventTime=657668, downTime=657668, deviceId=0, source=0x1002 }
08-14 15:18:12.936  4813  4813 I Input   : injectMotionEvent: MotionEvent { action=ACTION_MOVE, actionButton=0, id[0]=0, x[0]=600.0, y[0]=900.0, toolType[0]=TOOL_TYPE_UNKNOWN, buttonState=0, metaState=0, flags=0x0, edgeFlags=0x0, pointerCount=1, historySize=0, eventTime=657685, downTime=657685, deviceId=0, source=0x1002 }
08-14 15:18:12.952  4813  4813 I Input   : injectMotionEvent: MotionEvent { action=ACTION_MOVE, actionButton=0, id[0]=0, x[0]=600.0, y[0]=900.0, toolType[0]=TOOL_TYPE_UNKNOWN, buttonState=0, metaState=0, flags=0x0, edgeFlags=0x0, pointerCount=1, historySize=0, eventTime=657700, downTime=657700, deviceId=0, source=0x1002 }
08-14 15:18:12.969  4813  4813 I Input   : injectMotionEvent: MotionEvent { action=ACTION_MOVE, actionButton=0, id[0]=0, x[0]=600.0, y[0]=900.0, toolType[0]=TOOL_TYPE_UNKNOWN, buttonState=0, metaState=0, flags=0x0, edgeFlags=0x0, pointerCount=1, historySize=0, eventTime=657718, downTime=657718, deviceId=0, source=0x1002 }
08-14 15:18:12.987  4813  4813 I Input   : injectMotionEvent: MotionEvent { action=ACTION_MOVE, actionButton=0, id[0]=0, x[0]=600.0, y[0]=900.0, toolType[0]=TOOL_TYPE_UNKNOWN, buttonState=0, metaState=0, flags=0x0, edgeFlags=0x0, pointerCount=1, historySize=0, eventTime=657735, downTime=657735, deviceId=0, source=0x1002 }
08-14 15:18:13.003  4813  4813 I Input   : injectMotionEvent: MotionEvent { action=ACTION_MOVE, actionButton=0, id[0]=0, x[0]=600.0, y[0]=900.0, toolType[0]=TOOL_TYPE_UNKNOWN, buttonState=0, metaState=0, flags=0x0, edgeFlags=0x0, pointerCount=1, historySize=0, eventTime=657751, downTime=657751, deviceId=0, source=0x1002 }
08-14 15:18:13.019  4813  4813 I Input   : injectMotionEvent: MotionEvent { action=ACTION_MOVE, actionButton=0, id[0]=0, x[0]=600.0, y[0]=900.0, toolType[0]=TOOL_TYPE_UNKNOWN, buttonState=0, metaState=0, flags=0x0, edgeFlags=0x0, pointerCount=1, historySize=0, eventTime=657768, downTime=657768, deviceId=0, source=0x1002 }
08-14 15:18:13.037  4813  4813 I Input   : injectMotionEvent: MotionEvent { action=ACTION_MOVE, actionButton=0, id[0]=0, x[0]=600.0, y[0]=900.0, toolType[0]=TOOL_TYPE_UNKNOWN, buttonState=0, metaState=0, flags=0x0, edgeFlags=0x0, pointerCount=1, historySize=0, eventTime=657785, downTime=657785, deviceId=0, source=0x1002 }
08-14 15:18:13.053  4813  4813 I Input   : injectMotionEvent: MotionEvent { action=ACTION_MOVE, actionButton=0, id[0]=0, x[0]=600.0, y[0]=900.0, toolType[0]=TOOL_TYPE_UNKNOWN, buttonState=0, metaState=0, flags=0x0, edgeFlags=0x0, pointerCount=1, historySize=0, eventTime=657802, downTime=657802, deviceId=0, source=0x1002 }
08-14 15:18:13.070  4813  4813 I Input   : injectMotionEvent: MotionEvent { action=ACTION_MOVE, actionButton=0, id[0]=0, x[0]=600.0, y[0]=900.0, toolType[0]=TOOL_TYPE_UNKNOWN, buttonState=0, metaState=0, flags=0x0, edgeFlags=0x0, pointerCount=1, historySize=0, eventTime=657819, downTime=657819, deviceId=0, source=0x1002 }
08-14 15:18:13.085  4813  4813 I Input   : injectMotionEvent: MotionEvent { action=ACTION_MOVE, actionButton=0, id[0]=0, x[0]=600.0, y[0]=900.0, toolType[0]=TOOL_TYPE_UNKNOWN, buttonState=0, metaState=0, flags=0x0, edgeFlags=0x0, pointerCount=1, historySize=0, eventTime=657834, downTime=657834, deviceId=0, source=0x1002 }
08-14 15:18:13.102  4813  4813 I Input   : injectMotionEvent: MotionEvent { action=ACTION_MOVE, actionButton=0, id[0]=0, x[0]=600.0, y[0]=900.0, toolType[0]=TOOL_TYPE_UNKNOWN, buttonState=0, metaState=0, flags=0x0, edgeFlags=0x0, pointerCount=1, historySize=0, eventTime=657851, downTime=657851, deviceId=0, source=0x1002 }
08-14 15:18:13.119  4813  4813 I Input   : injectMotionEvent: MotionEvent { action=ACTION_MOVE, actionButton=0, id[0]=0, x[0]=600.0, y[0]=900.0, toolType[0]=TOOL_TYPE_UNKNOWN, buttonState=0, metaState=0, flags=0x0, edgeFlags=0x0, pointerCount=1, historySize=0, eventTime=657868, downTime=657868, deviceId=0, source=0x1002 }
08-14 15:18:13.136  4813  4813 I Input   : injectMotionEvent: MotionEvent { action=ACTION_MOVE, actionButton=0, id[0]=0, x[0]=600.0, y[0]=900.0, toolType[0]=TOOL_TYPE_UNKNOWN, buttonState=0, metaState=0, flags=0x0, edgeFlags=0x0, pointerCount=1, historySize=0, eventTime=657885, downTime=657885, deviceId=0, source=0x1002 }
08-14 15:18:13.152  4813  4813 I Input   : injectMotionEvent: MotionEvent { action=ACTION_MOVE, actionButton=0, id[0]=0, x[0]=600.0, y[0]=900.0, toolType[0]=TOOL_TYPE_UNKNOWN, buttonState=0, metaState=0, flags=0x0, edgeFlags=0x0, pointerCount=1, historySize=0, eventTime=657901, downTime=657901, deviceId=0, source=0x1002 }
08-14 15:18:13.170  4813  4813 I Input   : injectMotionEvent: MotionEvent { action=ACTION_MOVE, actionButton=0, id[0]=0, x[0]=600.0, y[0]=900.0, toolType[0]=TOOL_TYPE_UNKNOWN, buttonState=0, metaState=0, flags=0x0, edgeFlags=0x0, pointerCount=1, historySize=0, eventTime=657919, downTime=657919, deviceId=0, source=0x1002 }
08-14 15:18:13.187  4813  4813 I Input   : injectMotionEvent: MotionEvent { action=ACTION_MOVE, actionButton=0, id[0]=0, x[0]=600.0, y[0]=900.0, toolType[0]=TOOL_TYPE_UNKNOWN, buttonState=0, metaState=0, flags=0x0, edgeFlags=0x0, pointerCount=1, historySize=0, eventTime=657935, downTime=657935, deviceId=0, source=0x1002 }
08-14 15:18:13.203  4813  4813 I Input   : injectMotionEvent: MotionEvent { action=ACTION_MOVE, actionButton=0, id[0]=0, x[0]=600.0, y[0]=900.0, toolType[0]=TOOL_TYPE_UNKNOWN, buttonState=0, metaState=0, flags=0x0, edgeFlags=0x0, pointerCount=1, historySize=0, eventTime=657952, downTime=657952, deviceId=0, source=0x1002 }
08-14 15:18:13.219  4813  4813 I Input   : injectMotionEvent: MotionEvent { action=ACTION_MOVE, actionButton=0, id[0]=0, x[0]=600.0, y[0]=900.0, toolType[0]=TOOL_TYPE_UNKNOWN, buttonState=0, metaState=0, flags=0x0, edgeFlags=0x0, pointerCount=1, historySize=0, eventTime=657968, downTime=657968, deviceId=0, source=0x1002 }
08-14 15:18:13.235  4813  4813 I Input   : injectMotionEvent: MotionEvent { action=ACTION_MOVE, actionButton=0, id[0]=0, x[0]=600.0, y[0]=900.0, toolType[0]=TOOL_TYPE_UNKNOWN, buttonState=0, metaState=0, flags=0x0, edgeFlags=0x0, pointerCount=1, historySize=0, eventTime=657984, downTime=657984, deviceId=0, source=0x1002 }
08-14 15:18:13.252  4813  4813 I Input   : injectMotionEvent: MotionEvent { action=ACTION_MOVE, actionButton=0, id[0]=0, x[0]=600.0, y[0]=900.0, toolType[0]=TOOL_TYPE_UNKNOWN, buttonState=0, metaState=0, flags=0x0, edgeFlags=0x0, pointerCount=1, historySize=0, eventTime=658000, downTime=658000, deviceId=0, source=0x1002 }
08-14 15:18:13.270  4813  4813 I Input   : injectMotionEvent: MotionEvent { action=ACTION_MOVE, actionButton=0, id[0]=0, x[0]=600.0, y[0]=900.0, toolType[0]=TOOL_TYPE_UNKNOWN, buttonState=0, metaState=0, flags=0x0, edgeFlags=0x0, pointerCount=1, historySize=0, eventTime=658019, downTime=658019, deviceId=0, source=0x1002 }
08-14 15:18:13.287  4813  4813 I Input   : injectMotionEvent: MotionEvent { action=ACTION_MOVE, actionButton=0, id[0]=0, x[0]=600.0, y[0]=900.0, toolType[0]=TOOL_TYPE_UNKNOWN, buttonState=0, metaState=0, flags=0x0, edgeFlags=0x0, pointerCount=1, historySize=0, eventTime=658035, downTime=658035, deviceId=0, source=0x1002 }
08-14 15:18:13.302  4813  4813 I Input   : injectMotionEvent: MotionEvent { action=ACTION_MOVE, actionButton=0, id[0]=0, x[0]=600.0, y[0]=900.0, toolType[0]=TOOL_TYPE_UNKNOWN, buttonState=0, metaState=0, flags=0x0, edgeFlags=0x0, pointerCount=1, historySize=0, eventTime=658051, downTime=658051, deviceId=0, source=0x1002 }
08-14 15:18:13.319  4813  4813 I Input   : injectMotionEvent: MotionEvent { action=ACTION_MOVE, actionButton=0, id[0]=0, x[0]=600.0, y[0]=900.0, toolType[0]=TOOL_TYPE_UNKNOWN, buttonState=0, metaState=0, flags=0x0, edgeFlags=0x0, pointerCount=1, historySize=0, eventTime=658068, downTime=658068, deviceId=0, source=0x1002 }
08-14 15:18:13.335  4813  4813 I Input   : injectMotionEvent: MotionEvent { action=ACTION_MOVE, actionButton=0, id[0]=0, x[0]=600.0, y[0]=900.0, toolType[0]=TOOL_TYPE_UNKNOWN, buttonState=0, metaState=0, flags=0x0, edgeFlags=0x0, pointerCount=1, historySize=0, eventTime=658084, downTime=658084, deviceId=0, source=0x1002 }
08-14 15:18:13.352  4813  4813 I Input   : injectMotionEvent: MotionEvent { action=ACTION_MOVE, actionButton=0, id[0]=0, x[0]=600.0, y[0]=900.0, toolType[0]=TOOL_TYPE_UNKNOWN, buttonState=0, metaState=0, flags=0x0, edgeFlags=0x0, pointerCount=1, historySize=0, eventTime=658101, downTime=658101, deviceId=0, source=0x1002 }
08-14 15:18:13.371  4813  4813 I Input   : injectMotionEvent: MotionEvent { action=ACTION_MOVE, actionButton=0, id[0]=0, x[0]=600.0, y[0]=900.0, toolType[0]=TOOL_TYPE_UNKNOWN, buttonState=0, metaState=0, flags=0x0, edgeFlags=0x0, pointerCount=1, historySize=0, eventTime=658119, downTime=658119, deviceId=0, source=0x1002 }
08-14 15:18:13.386  4813  4813 I Input   : injectMotionEvent: MotionEvent { action=ACTION_MOVE, actionButton=0, id[0]=0, x[0]=600.0, y[0]=900.0, toolType[0]=TOOL_TYPE_UNKNOWN, buttonState=0, metaState=0, flags=0x0, edgeFlags=0x0, pointerCount=1, historySize=0, eventTime=658135, downTime=658135, deviceId=0, source=0x1002 }
08-14 15:18:13.402  4813  4813 I Input   : injectMotionEvent: MotionEvent { action=ACTION_MOVE, actionButton=0, id[0]=0, x[0]=600.0, y[0]=900.0, toolType[0]=TOOL_TYPE_UNKNOWN, buttonState=0, metaState=0, flags=0x0, edgeFlags=0x0, pointerCount=1, historySize=0, eventTime=658151, downTime=658151, deviceId=0, source=0x1002 }
08-14 15:18:13.420  4813  4813 I Input   : injectMotionEvent: MotionEvent { action=ACTION_MOVE, actionButton=0, id[0]=0, x[0]=600.0, y[0]=900.0, toolType[0]=TOOL_TYPE_UNKNOWN, buttonState=0, metaState=0, flags=0x0, edgeFlags=0x0, pointerCount=1, historySize=0, eventTime=658169, downTime=658169, deviceId=0, source=0x1002 }
08-14 15:18:13.443  4813  4813 I Input   : injectMotionEvent: MotionEvent { action=ACTION_MOVE, actionButton=0, id[0]=0, x[0]=600.0, y[0]=900.0, toolType[0]=TOOL_TYPE_UNKNOWN, buttonState=0, metaState=0, flags=0x0, edgeFlags=0x0, pointerCount=1, historySize=0, eventTime=658191, downTime=658191, deviceId=0, source=0x1002 }
08-14 15:18:13.453  4813  4813 I Input   : injectMotionEvent: MotionEvent { action=ACTION_MOVE, actionButton=0, id[0]=0, x[0]=600.0, y[0]=900.0, toolType[0]=TOOL_TYPE_UNKNOWN, buttonState=0, metaState=0, flags=0x0, edgeFlags=0x0, pointerCount=1, historySize=0, eventTime=658202, downTime=658202, deviceId=0, source=0x1002 }
08-14 15:18:13.469  4813  4813 I Input   : injectMotionEvent: MotionEvent { action=ACTION_MOVE, actionButton=0, id[0]=0, x[0]=600.0, y[0]=900.0, toolType[0]=TOOL_TYPE_UNKNOWN, buttonState=0, metaState=0, flags=0x0, edgeFlags=0x0, pointerCount=1, historySize=0, eventTime=658217, downTime=658217, deviceId=0, source=0x1002 }
08-14 15:18:13.487  4813  4813 I Input   : injectMotionEvent: MotionEvent { action=ACTION_MOVE, actionButton=0, id[0]=0, x[0]=600.0, y[0]=900.0, toolType[0]=TOOL_TYPE_UNKNOWN, buttonState=0, metaState=0, flags=0x0, edgeFlags=0x0, pointerCount=1, historySize=0, eventTime=658236, downTime=658236, deviceId=0, source=0x1002 }
08-14 15:18:13.503  4813  4813 I Input   : injectMotionEvent: MotionEvent { action=ACTION_MOVE, actionButton=0, id[0]=0, x[0]=600.0, y[0]=900.0, toolType[0]=TOOL_TYPE_UNKNOWN, buttonState=0, metaState=0, flags=0x0, edgeFlags=0x0, pointerCount=1, historySize=0, eventTime=658252, downTime=658252, deviceId=0, source=0x1002 }
