08-14 15:18:13.520  4813  4813 I Input   : injectMotionEvent: MotionEvent { action=ACTION_MOVE, actionButton=0, id[0]=0, x[0]=600.0, y[0]=900.0, toolType[0]=TOOL_TYPE_UNKNOWN, buttonState=0, metaState=0, flags=0x0, edgeFlags=0x0, pointerCount=1, historySize=0, eventTime=658268, downTime=658268, deviceId=0, source=0x1002 }
08-14 15:18:13.542  4813  4813 I Input   : injectMotionEvent: MotionEvent { action=ACTION_MOVE, actionButton=0, id[0]=0, x[0]=600.0, y[0]=900.0, toolType[0]=TOOL_TYPE_UNKNOWN, buttonState=0, metaState=0, flags=0x0, edgeFlags=0x0, pointerCount=1, historySize=0, eventTime=658291, downTime=658291, deviceId=0, source=0x1002 }
08-14 15:18:13.552  4813  4813 I Input   : injectMotionEvent: MotionEvent { action=ACTION_MOVE, actionButton=0, id[0]=0, x[0]=600.0, y[0]=900.0, toolType[0]=TOOL_TYPE_UNKNOWN, buttonState=0, metaState=0, flags=0x0, edgeFlags=0x0, pointerCount=1, historySize=0, eventTime=658301, downTime=658301, deviceId=0, source=0x1002 }
08-14 15:18:13.570  4813  4813 I Input   : injectMotionEvent: MotionEvent { action=ACTION_MOVE, actionButton=0, id[0]=0, x[0]=600.0, y[0]=900.0, toolType[0]=TOOL_TYPE_UNKNOWN, buttonState=0, metaState=0, flags=0x0, edgeFlags=0x0, pointerCount=1, historySize=0, eventTime=658319, downTime=658319, deviceId=0, source=0x1002 }
08-14 15:18:13.587  4813  4813 I Input   : injectMotionEvent: MotionEvent { action=ACTION_MOVE, actionButton=0, id[0]=0, x[0]=600.0, y[0]=900.0, toolType[0]=TOOL_TYPE_UNKNOWN, buttonState=0, metaState=0, flags=0x0, edgeFlags=0x0, pointerCount=1, historySize=0, eventTime=658335, downTime=658335, deviceId=0, source=0x1002 }
08-14 15:18:13.604  4813  4813 I Input   : injectMotionEvent: MotionEvent { action=ACTION_MOVE, actionButton=0, id[0]=0, x[0]=600.0, y[0]=900.0, toolType[0]=TOOL_TYPE_UNKNOWN, buttonState=0, metaState=0, flags=0x0, edgeFlags=0x0, pointerCount=1, historySize=0, eventTime=658352, downTime=658352, deviceId=0, source=0x1002 }
08-14 15:18:13.619  4813  4813 I Input   : injectMotionEvent: MotionEvent { action=ACTION_MOVE, actionButton=0, id[0]=0, x[0]=600.0, y[0]=900.0, toolType[0]=TOOL_TYPE_UNKNOWN, buttonState=0, metaState=0, flags=0x0, edgeFlags=0x0, pointerCount=1, historySize=0, eventTime=658368, downTime=658368, deviceId=0, source=0x1002 }
08-14 15:18:13.635  4813  4813 I Input   : injectMotionEvent: MotionEvent { action=ACTION_MOVE, actionButton=0, id[0]=0, x[0]=600.0, y[0]=900.0, toolType[0]=TOOL_TYPE_UNKNOWN, buttonState=0, metaState=0, flags=0x0, edgeFlags=0x0, pointerCount=1, historySize=0, eventTime=658384, downTime=658384, deviceId=0, source=0x1002 }
08-14 15:18:13.654  4813  4813 I Input   : injectMotionEvent: MotionEvent { action=ACTION_MOVE, actionButton=0, id[0]=0, x[0]=600.0, y[0]=900.0, toolType[0]=TOOL_TYPE_UNKNOWN, buttonState=0, metaState=0, flags=0x0, edgeFlags=0x0, pointerCount=1, historySize=0, eventTime=658402, downTime=658402, deviceId=0, source=0x1002 }
08-14 15:18:13.669  4813  4813 I Input   : injectMotionEvent: MotionEvent { action=ACTION_MOVE, actionButton=0, id[0]=0, x[0]=600.0, y[0]=900.0, toolType[0]=TOOL_TYPE_UNKNOWN, buttonState=0, metaState=0, flags=0x0, edgeFlags=0x0, pointerCount=1, historySize=0, eventTime=658418, downTime=658418, deviceId=0, source=0x1002 }
08-14 15:18:13.686  4813  4813 I Input   : injectMotionEvent: MotionEvent { action=ACTION_MOVE, actionButton=0, id[0]=0, x[0]=600.0, y[0]=900.0, toolType[0]=TOOL_TYPE_UNKNOWN, buttonState=0, metaState=0, flags=0x0, edgeFlags=0x0, pointerCount=1, historySize=0, eventTime=658435, downTime=658435, deviceId=0, source=0x1002 }
08-14 15:18:13.703  4813  4813 I Input   : injectMotionEvent: MotionEvent { action=ACTION_MOVE, actionButton=0, id[0]=0, x[0]=600.0, y[0]=900.0, toolType[0]=TOOL_TYPE_UNKNOWN, buttonState=0, metaState=0, flags=0x0, edgeFlags=0x0, pointerCount=1, historySize=0, eventTime=658452, downTime=658452, deviceId=0, source=0x1002 }
08-14 15:18:13.722  4813  4813 I Input   : injectMotionEvent: MotionEvent { action=ACTION_MOVE, actionButton=0, id[0]=0, x[0]=600.0, y[0]=900.0, toolType[0]=TOOL_TYPE_UNKNOWN, buttonState=0, metaState=0, flags=0x0, edgeFlags=0x0, pointerCount=1, historySize=0, eventTime=658470, downTime=658470, deviceId=0, source=0x1002 }
08-14 15:18:13.743  4813  4813 I Input   : injectMotionEvent: MotionEvent { action=ACTION_MOVE, actionButton=0, id[0]=0, x[0]=600.0, y[0]=900.0, toolType[0]=TOOL_TYPE_UNKNOWN, buttonState=0, metaState=0, flags=0x0, edgeFlags=0x0, pointerCount=1, historySize=0, eventTime=658491, downTime=658491, deviceId=0, source=0x1002 }
08-14 15:18:13.753  4813  4813 I Input   : injectMotionEvent: MotionEvent { action=ACTION_MOVE, actionButton=0, id[0]=0, x[0]=600.0, y[0]=900.0, toolType[0]=TOOL_TYPE_UNKNOWN, buttonState=0, metaState=0, flags=0x0, edgeFlags=0x0, pointerCount=1, historySize=0, eventTime=658501, downTime=658501, deviceId=0, source=0x1002 }
08-14 15:18:13.769  4813  4813 I Input   : injectMotionEvent: MotionEvent { action=ACTION_MOVE, actionButton=0, id[0]=0, x[0]=600.0, y[0]=900.0, toolType[0]=TOOL_TYPE_UNKNOWN, buttonState=0, metaState=0, flags=0x0, edgeFlags=0x0, pointerCount=1, historySize=0, eventTime=658517, downTime=658517, deviceId=0, source=0x1002 }
08-14 15:18:13.787  4813  4813 I Input   : injectMotionEvent: MotionEvent { action=ACTION_MOVE, actionButton=0, id[0]=0, x[0]=600.0, y[0]=900.0, toolType[0]=TOOL_TYPE_UNKNOWN, buttonState=0, metaState=0, flags=0x0, edgeFlags=0x0, pointerCount=1, historySize=0, eventTime=658536, downTime=658536, deviceId=0, source=0x1002 }
08-14 15:18:13.802  4813  4813 I Input   : injectMotionEvent: MotionEvent { action=ACTION_UP, actionButton=0, id[0]=0, x[0]=600.0, y[0]=900.0, toolType[0]=TOOL_TYPE_UNKNOWN, buttonState=0, metaState=0, flags=0x0, edgeFlags=0x0, pointerCount=1, historySize=0, eventTime=658551, downTime=658551, deviceId=0, source=0x1002 }
08-14 15:18:13.803  4813  4813 D AndroidRuntime: Shutting down VM
08-14 15:18:18.151  5146  5146 D AndroidRuntime: >>>>>> START com.android.internal.os.RuntimeInit uid 0 <<<<<<
08-14 15:18:18.153  5146  5146 D AndroidRuntime: CheckJNI is OFF
08-14 15:18:18.164  5146  5146 D ICU     : No timezone override file found: /data/misc/zoneinfo/current/icu/icu_tzdata.dat
08-14 15:18:18.177  5146  5146 E memtrack: Couldn't load memtrack module (No such file or directory)
08-14 15:18:18.177  5146  5146 E android.os.Debug: failed to load memtrack module: -2
08-14 15:18:18.178  5146  5146 I Radio-JNI: register_android_hardware_Radio DONE
08-14 15:18:18.186  5146  5146 D AndroidRuntime: Calling main entry com.android.commands.monkey.Monkey
08-14 15:18:18.196   601   615 W BroadcastQueue: Skipping deliver [background] BroadcastRecord{9a2757f u-1 android.net.conn.CONNECTIVITY_CHANGE} to ReceiverList{932e94c 5146 (unknown name)/0/u-1 remote:ade1cd9}: process crashing
08-14 15:18:18.200   601   998 I ActivityManager: START u0 {act=android.intent.action.MAIN cat=[android.intent.category.LAUNCHER] flg=0x10200000 cmp=ca.cmetcalfe.locationshare/.MainActivity} from uid 0 on display 0
08-14 15:18:18.211  1894  1894 D leak-4  : Eastern Standard Time
08-14 15:18:18.216  5146  5146 I art     : System.exit called, status: 0
08-14 15:18:18.216  5146  5146 I AndroidRuntime: VM exiting with result code 0.
08-14 15:18:18.217  1894  1894 D leak-8  : Eastern Standard Time
08-14 15:18:18.217  1894  1894 D leak-27 : Eastern Standard Time
08-14 15:18:18.219  1894  1894 D leak-29 : Eastern Standard Time
08-14 15:18:18.219   601   613 I ActivityManager: START u0 {act=android.content.pm.action.REQUEST_PERMISSIONS pkg=com.android.packageinstaller cmp=com.android.packageinstaller/.permission.ui.GrantPermissionsActivity (has extras)} from uid 10060 on display 0
08-14 15:18:18.240  1894  1894 D leak-12 : Eastern Standard Time
08-14 15:18:18.240  1894  1894 D leak-13 : Eastern Standard Time
08-14 15:18:18.240  1894  1894 D leak-30 : Eastern Standard Time
08-14 15:18:18.240  1894  1894 D leak-31 : Eastern Standard Time
08-14 15:18:18.325  1894  1908 W EGL_emulation: eglSurfaceAttrib not implemented
08-14 15:18:18.325  1894  1908 W OpenGLRenderer: Failed to set EGL_SWAP_BEHAVIOR on surface 0xdfd6ffa0, error=EGL_SUCCESS
08-14 15:18:18.366  1894  1894 D leak-9  : Eastern Standard Time
08-14 15:18:18.366  1894  1894 D leak-11 : Eastern Standard Time
08-14 15:18:18.682   601   719 I WindowManager: Screenshot max retries 4 of Token{42d7eaa ActivityRecord{a8aad95 u0 ca.cmetcalfe.locationshare/.MainActivity t10 f}} appWin=Window{589bc6f u0 ca.cmetcalfe.locationshare/ca.cmetcalfe.locationshare.MainActivity} drawState=2
08-14 15:18:18.724  1894  1908 W EGL_emulation: eglSurfaceAttrib not implemented
08-14 15:18:18.724  1894  1908 W OpenGLRenderer: Failed to set EGL_SWAP_BEHAVIOR on surface 0xdfd6fe60, error=EGL_SUCCESS
08-14 15:18:18.728  1894  1908 E Surface : getSlotFromBufferLocked: unknown buffer: 0xeebb3c00
08-14 15:18:18.741  1894  1894 D leak-5  : Eastern Standard Time
08-14 15:18:18.741  1894  1894 D leak-6  : Eastern Standard Time
08-14 15:18:20.377  1894  1908 E Surface : getSlotFromBufferLocked: unknown buffer: 0xeebb38f0
08-14 15:18:20.621   298  2624 E BufferQueueProducer: [Starting ca.cmetcalfe.locationshare] queueBuffer: BufferQueue has been abandoned
08-14 15:18:20.621   601   620 E Surface : queueBuffer: error queuing buffer to SurfaceTexture, -19
08-14 15:18:20.621   601   620 E Surface : queueBuffer (handle=0xeebb5100) failed (No such device)
08-14 15:18:20.621   601   620 E ViewRootImpl: Could not unlock surface
08-14 15:18:20.621   601   620 E ViewRootImpl: java.lang.IllegalArgumentException
08-14 15:18:20.621   601   620 E ViewRootImpl: 	at android.view.Surface.nativeUnlockCanvasAndPost(Native Method)
08-14 15:18:20.621   601   620 E ViewRootImpl: 	at android.view.Surface.unlockSwCanvasAndPost(Surface.java:301)
08-14 15:18:20.621   601   620 E ViewRootImpl: 	at android.view.Surface.unlockCanvasAndPost(Surface.java:282)
08-14 15:18:20.621   601   620 E ViewRootImpl: 	at android.view.ViewRootImpl.drawSoftware(ViewRootImpl.java:2739)
08-14 15:18:20.621   601   620 E ViewRootImpl: 	at android.view.ViewRootImpl.draw(ViewRootImpl.java:2642)
08-14 15:18:20.621   601   620 E ViewRootImpl: 	at android.view.ViewRootImpl.performDraw(ViewRootImpl.java:2434)
08-14 15:18:20.621   601   620 E ViewRootImpl: 	at android.view.ViewRootImpl.performTraversals(ViewRootImpl.java:2067)
08-14 15:18:20.621   601   620 E ViewRootImpl: 	at android.view.ViewRootImpl.doTraversal(ViewRootImpl.java:1107)
08-14 15:18:20.621   601   620 E ViewRootImpl: 	at android.view.ViewRootImpl$TraversalRunnable.run(ViewRootImpl.java:6013)
08-14 15:18:20.621   601   620 E ViewRootImpl: 	at android.view.Choreographer$CallbackRecord.run(Choreographer.java:858)
08-14 15:18:20.621   601   620 E ViewRootImpl: 	at android.view.Choreographer.doCallbacks(Choreographer.java:670)
08-14 15:18:20.621   601   620 E ViewRootImpl: 	at android.view.Choreographer.doFrame(Choreographer.java:606)
08-14 15:18:20.621   601   620 E ViewRootImpl: 	at android.view.Choreographer$FrameDisplayEventReceiver.run(Choreographer.java:844)
08-14 15:18:20.621   601   620 E ViewRootImpl: 	at android.os.Handler.handleCallback(Handler.java:739)
08-14 15:18:20.621   601   620 E ViewRootImpl: 	at android.os.Handler.dispatchMessage(Handler.java:95)
08-14 15:18:20.621   601   620 E ViewRootImpl: 	at android.os.Looper.loop(Looper.java:148)
08-14 15:18:20.621   601   620 E ViewRootImpl: 	at android.os.HandlerThread.run(HandlerThread.java:61)
08-14 15:18:20.621   601   620 E ViewRootImpl: 	at com.android.server.ServiceThread.run(ServiceThread.java:46)
08-14 15:18:20.621   601   620 W WindowManager: Failed looking up window
08-14 15:18:20.621   601   620 W WindowManager: java.lang.IllegalArgumentException: Requested window android.view.ViewRootImpl$W@ad3fa4d does not exist
08-14 15:18:20.621   601   620 W WindowManager: 	at com.android.server.wm.WindowManagerService.windowForClientLocked(WindowManagerService.java:8733)
08-14 15:18:20.621   601   620 W WindowManager: 	at com.android.server.wm.WindowManagerService.windowForClientLocked(WindowManagerService.java:8724)
08-14 15:18:20.621   601   620 W WindowManager: 	at com.android.server.wm.WindowManagerService.finishDrawingWindow(WindowManagerService.java:3449)
08-14 15:18:20.621   601   620 W WindowManager: 	at com.android.server.wm.Session.finishDrawing(Session.java:232)
08-14 15:18:20.621   601   620 W WindowManager: 	at android.view.ViewRootImpl.performDraw(ViewRootImpl.java:2472)
08-14 15:18:20.621   601   620 W WindowManager: 	at android.view.ViewRootImpl.performTraversals(ViewRootImpl.java:2067)
08-14 15:18:20.621   601   620 W WindowManager: 	at android.view.ViewRootImpl.doTraversal(ViewRootImpl.java:1107)
08-14 15:18:20.621   601   620 W WindowManager: 	at android.view.ViewRootImpl$TraversalRunnable.run(ViewRootImpl.java:6013)
08-14 15:18:20.621   601   620 W WindowManager: 	at android.view.Choreographer$CallbackRecord.run(Choreographer.java:858)
08-14 15:18:20.621   601   620 W WindowManager: 	at android.view.Choreographer.doCallbacks(Choreographer.java:670)
08-14 15:18:20.621   601   620 W WindowManager: 	at android.view.Choreographer.doFrame(Choreographer.java:606)
08-14 15:18:20.621   601   620 W WindowManager: 	at android.view.Choreographer$FrameDisplayEventReceiver.run(Choreographer.java:844)
08-14 15:18:20.621   601   620 W WindowManager: 	at android.os.Handler.handleCallback(Handler.java:739)
08-14 15:18:20.621   601   620 W WindowManager: 	at android.os.Handler.dispatchMessage(Handler.java:95)
08-14 15:18:20.621   601   620 W WindowManager: 	at android.os.Looper.loop(Looper.java:148)
08-14 15:18:20.621   601   620 W WindowManager: 	at android.os.HandlerThread.run(HandlerThread.java:61)
08-14 15:18:20.621   601   620 W WindowManager: 	at com.android.server.ServiceThread.run(ServiceThread.java:46)
08-14 15:18:20.622   601   620 I Choreographer: Skipped 142 frames!  The application may be doing too much work on its main thread.
08-14 15:18:20.623   601   620 W WindowManager: Failed looking up window
08-14 15:18:20.623   601   620 W WindowManager: java.lang.IllegalArgumentException: Requested window android.view.ViewRootImpl$W@ad3fa4d does not exist
08-14 15:18:20.623   601   620 W WindowManager: 	at com.android.server.wm.WindowManagerService.windowForClientLocked(WindowManagerService.java:8733)
08-14 15:18:20.623   601   620 W WindowManager: 	at com.android.server.wm.WindowManagerService.windowForClientLocked(WindowManagerService.java:8724)
08-14 15:18:20.623   601   620 W WindowManager: 	at com.android.server.wm.WindowManagerService.finishDrawingWindow(WindowManagerService.java:3449)
08-14 15:18:20.623   601   620 W WindowManager: 	at com.android.server.wm.Session.finishDrawing(Session.java:232)
08-14 15:18:20.623   601   620 W WindowManager: 	at android.view.ViewRootImpl.performDraw(ViewRootImpl.java:2472)
08-14 15:18:20.623   601   620 W WindowManager: 	at android.view.ViewRootImpl.performTraversals(ViewRootImpl.java:2067)
08-14 15:18:20.623   601   620 W WindowManager: 	at android.view.ViewRootImpl.doTraversal(ViewRootImpl.java:1107)
08-14 15:18:20.623   601   620 W WindowManager: 	at android.view.ViewRootImpl$TraversalRunnable.run(ViewRootImpl.java:6013)
08-14 15:18:20.623   601   620 W WindowManager: 	at android.view.Choreographer$CallbackRecord.run(Choreographer.java:858)
08-14 15:18:20.623   601   620 W WindowManager: 	at android.view.Choreographer.doCallbacks(Choreographer.java:670)
08-14 15:18:20.623   601   620 W WindowManager: 	at android.view.Choreographer.doFrame(Choreographer.java:606)
08-14 15:18:20.623   601   620 W WindowManager: 	at android.view.Choreographer$FrameDisplayEventReceiver.run(Choreographer.java:844)
08-14 15:18:20.623   601   620 W WindowManager: 	at android.os.Handler.handleCallback(Handler.java:739)
08-14 15:18:20.623   601   620 W WindowManager: 	at android.os.Handler.dispatchMessage(Handler.java:95)
08-14 15:18:20.623   601   620 W WindowManager: 	at android.os.Looper.loop(Looper.java:148)
08-14 15:18:20.623   601   620 W WindowManager: 	at android.os.HandlerThread.run(HandlerThread.java:61)
08-14 15:18:20.623   601   620 W WindowManager: 	at com.android.server.ServiceThread.run(ServiceThread.java:46)
08-14 15:18:20.624   601   719 W InputMethodManagerService: Window already focused, ignoring focus gain of: com.android.internal.view.IInputMethodClient$Stub$Proxy@59fb08b attribute=null, token = android.os.BinderProxy@69e37ac
08-14 15:18:20.626   601   620 W WindowManager: Failed looking up window
08-14 15:18:20.626   601   620 W WindowManager: java.lang.IllegalArgumentException: Requested window android.view.ViewRootImpl$W@ad3fa4d does not exist
08-14 15:18:20.626   601   620 W WindowManager: 	at com.android.server.wm.WindowManagerService.windowForClientLocked(WindowManagerService.java:8733)
08-14 15:18:20.626   601   620 W WindowManager: 	at com.android.server.wm.WindowManagerService.windowForClientLocked(WindowManagerService.java:8724)
08-14 15:18:20.626   601   620 W WindowManager: 	at com.android.server.wm.WindowManagerService.removeWindow(WindowManagerService.java:2697)
08-14 15:18:20.626   601   620 W WindowManager: 	at com.android.server.wm.Session.remove(Session.java:187)
08-14 15:18:20.626   601   620 W WindowManager: 	at android.view.ViewRootImpl.dispatchDetachedFromWindow(ViewRootImpl.java:3099)
08-14 15:18:20.626   601   620 W WindowManager: 	at android.view.ViewRootImpl.doDie(ViewRootImpl.java:5606)
08-14 15:18:20.626   601   620 W WindowManager: 	at android.view.ViewRootImpl$ViewRootHandler.handleMessage(ViewRootImpl.java:3409)
08-14 15:18:20.626   601   620 W WindowManager: 	at android.os.Handler.dispatchMessage(Handler.java:102)
08-14 15:18:20.626   601   620 W WindowManager: 	at android.os.Looper.loop(Looper.java:148)
08-14 15:18:20.626   601   620 W WindowManager: 	at android.os.HandlerThread.run(HandlerThread.java:61)
08-14 15:18:20.626   601   620 W WindowManager: 	at com.android.server.ServiceThread.run(ServiceThread.java:46)
08-14 15:18:24.394  5158  5158 D AndroidRuntime: >>>>>> START com.android.internal.os.RuntimeInit uid 0 <<<<<<
08-14 15:18:24.395  5158  5158 D AndroidRuntime: CheckJNI is OFF
08-14 15:18:24.405  5158  5158 D ICU     : No timezone override file found: /data/misc/zoneinfo/current/icu/icu_tzdata.dat
08-14 15:18:24.419  5158  5158 E memtrack: Couldn't load memtrack module (No such file or directory)
08-14 15:18:24.419  5158  5158 E android.os.Debug: failed to load memtrack module: -2
08-14 15:18:24.419  5158  5158 I Radio-JNI: register_android_hardware_Radio DONE
08-14 15:18:24.425  5158  5158 D AndroidRuntime: Calling main entry com.android.commands.uiautomator.Launcher
08-14 15:18:25.448  5158  5158 I AccessibilityNodeInfoDumper: Skipping invisible child: android.view.accessibility.AccessibilityNodeInfo@8001228a; boundsInParent: Rect(524194, 0 - 524394, 276); boundsInScreen: Rect(1272, 914 - 1200, 1097); packageName: com.android.launcher3; className: android.widget.TextView; text: Settings; error: null; maxTextLength: -1; contentDescription: Settings; viewIdResName: null; checkable: false; checked: false; focusable: true; focused: false; selected: false; clickable: true; longClickable: true; contextClickable: false; enabled: true; password: false; scrollable: false; actions: [AccessibilityAction: ACTION_FOCUS - null, AccessibilityAction: ACTION_SELECT - null, AccessibilityAction: ACTION_CLEAR_SELECTION - null, AccessibilityAction: ACTION_CLICK - null, AccessibilityAction: ACTION_LONG_CLICK - null, AccessibilityAction: ACTION_ACCESSIBILITY_FOCUS - null, AccessibilityAction: ACTION_NEXT_AT_MOVEMENT_GRANULARITY - null, AccessibilityAction: ACTION_PREVIOUS_AT_MOVEMENT_GRANULARITY - null, AccessibilityAction: ACTION_SET_SELECTION - null, AccessibilityAction: ACTION_UNKNOWN - null, AccessibilityAction: ACTION_UNKNOWN - Remove, AccessibilityAction: ACTION_UNKNOWN - Move item]
08-14 15:18:25.448  5158  5158 I AccessibilityNodeInfoDumper: Skipping invisible child: android.view.accessibility.AccessibilityNodeInfo@8000c0f0; boundsInParent: Rect(0, 0 - 1000, 160); boundsInScreen: Rect(100, 48 - 1100, 208); packageName: com.android.launcher3; className: android.widget.LinearLayout; text: null; error: null; maxTextLength: -1; contentDescription: null; viewIdResName: com.android.launcher3:id/drag_target_bar; checkable: false; checked: false; focusable: false; focused: false; selected: false; clickable: false; longClickable: false; contextClickable: false; enabled: true; password: false; scrollable: false; actions: [AccessibilityAction: ACTION_SELECT - null, AccessibilityAction: ACTION_CLEAR_SELECTION - null, AccessibilityAction: ACTION_ACCESSIBILITY_FOCUS - null, AccessibilityAction: ACTION_UNKNOWN - null]
08-14 15:18:25.448  5158  5158 I AccessibilityNodeInfoDumper: Skipping invisible child: android.view.accessibility.AccessibilityNodeInfo@8000b1ec; boundsInParent: Rect(0, 0 - 104, 104); boundsInScreen: Rect(0, 48 - 104, 152); packageName: com.android.launcher3; className: android.view.View; text: null; error: null; maxTextLength: -1; contentDescription: null; viewIdResName: com.android.launcher3:id/focus_indicator; checkable: false; checked: false; focusable: false; focused: false; selected: false; clickable: false; longClickable: false; contextClickable: false; enabled: true; password: false; scrollable: false; actions: [AccessibilityAction: ACTION_SELECT - null, AccessibilityAction: ACTION_CLEAR_SELECTION - null, AccessibilityAction: ACTION_ACCESSIBILITY_FOCUS - null, AccessibilityAction: ACTION_UNKNOWN - null]
08-14 15:18:25.449  5158  5158 W AccessibilityNodeInfoDumper: Fetch time: 7ms
08-14 15:18:25.449   601   998 W WindowManager: Attempted to remove non-existing token: android.os.Binder@34ab568
08-14 15:18:25.452  5158  5158 D AndroidRuntime: Shutting down VM
08-14 15:18:26.439  5181  5181 D AndroidRuntime: >>>>>> START com.android.internal.os.RuntimeInit uid 0 <<<<<<
08-14 15:18:26.440  5181  5181 D AndroidRuntime: CheckJNI is OFF
08-14 15:18:26.449  5181  5181 D ICU     : No timezone override file found: /data/misc/zoneinfo/current/icu/icu_tzdata.dat
08-14 15:18:26.462  5181  5181 E memtrack: Couldn't load memtrack module (No such file or directory)
08-14 15:18:26.462  5181  5181 E android.os.Debug: failed to load memtrack module: -2
08-14 15:18:26.464  5181  5181 I Radio-JNI: register_android_hardware_Radio DONE
08-14 15:18:26.469  5181  5181 D AndroidRuntime: Calling main entry com.android.commands.uiautomator.Launcher
08-14 15:18:27.494  5181  5181 I AccessibilityNodeInfoDumper: Skipping invisible child: android.view.accessibility.AccessibilityNodeInfo@8001228e; boundsInParent: Rect(524194, 0 - 524394, 276); boundsInScreen: Rect(1272, 914 - 1200, 1097); packageName: com.android.launcher3; className: android.widget.TextView; text: Settings; error: null; maxTextLength: -1; contentDescription: Settings; viewIdResName: null; checkable: false; checked: false; focusable: true; focused: false; selected: false; clickable: true; longClickable: true; contextClickable: false; enabled: true; password: false; scrollable: false; actions: [AccessibilityAction: ACTION_FOCUS - null, AccessibilityAction: ACTION_SELECT - null, AccessibilityAction: ACTION_CLEAR_SELECTION - null, AccessibilityAction: ACTION_CLICK - null, AccessibilityAction: ACTION_LONG_CLICK - null, AccessibilityAction: ACTION_ACCESSIBILITY_FOCUS - null, AccessibilityAction: ACTION_NEXT_AT_MOVEMENT_GRANULARITY - null, AccessibilityAction: ACTION_PREVIOUS_AT_MOVEMENT_GRANULARITY - null, AccessibilityAction: ACTION_SET_SELECTION - null, AccessibilityAction: ACTION_UNKNOWN - null, AccessibilityAction: ACTION_UNKNOWN - Remove, AccessibilityAction: ACTION_UNKNOWN - Move item]
08-14 15:18:27.494  5181  5181 I AccessibilityNodeInfoDumper: Skipping invisible child: android.view.accessibility.AccessibilityNodeInfo@8000c0f4; boundsInParent: Rect(0, 0 - 1000, 160); boundsInScreen: Rect(100, 48 - 1100, 208); packageName: com.android.launcher3; className: android.widget.LinearLayout; text: null; error: null; maxTextLength: -1; contentDescription: null; viewIdResName: com.android.launcher3:id/drag_target_bar; checkable: false; checked: false; focusable: false; focused: false; selected: false; clickable: false; longClickable: false; contextClickable: false; enabled: true; password: false; scrollable: false; actions: [AccessibilityAction: ACTION_SELECT - null, AccessibilityAction: ACTION_CLEAR_SELECTION - null, AccessibilityAction: ACTION_ACCESSIBILITY_FOCUS - null, AccessibilityAction: ACTION_UNKNOWN - null]
08-14 15:18:27.494  5181  5181 I AccessibilityNodeInfoDumper: Skipping invisible child: android.view.accessibility.AccessibilityNodeInfo@8000b1f0; boundsInParent: Rect(0, 0 - 104, 104); boundsInScreen: Rect(0, 48 - 104, 152); packageName: com.android.launcher3; className: android.view.View; text: null; error: null; maxTextLength: -1; contentDescription: null; viewIdResName: com.android.launcher3:id/focus_indicator; checkable: false; checked: false; focusable: false; focused: false; selected: false; clickable: false; longClickable: false; contextClickable: false; enabled: true; password: false; scrollable: false; actions: [AccessibilityAction: ACTION_SELECT - null, AccessibilityAction: ACTION_CLEAR_SELECTION - null, AccessibilityAction: ACTION_ACCESSIBILITY_FOCUS - null, AccessibilityAction: ACTION_UNKNOWN - null]
08-14 15:18:27.495  5181  5181 W AccessibilityNodeInfoDumper: Fetch time: 7ms
08-14 15:18:27.495   601  1022 W WindowManager: Attempted to remove non-existing token: android.os.Binder@a710e26
08-14 15:18:27.498  5181  5181 D AndroidRuntime: Shutting down VM
08-14 15:18:27.924  5199  5199 D AndroidRuntime: >>>>>> START com.android.internal.os.RuntimeInit uid 0 <<<<<<
08-14 15:18:27.925  5199  5199 D AndroidRuntime: CheckJNI is OFF
08-14 15:18:27.935  5199  5199 D ICU     : No timezone override file found: /data/misc/zoneinfo/current/icu/icu_tzdata.dat
08-14 15:18:27.948  5199  5199 E memtrack: Couldn't load memtrack module (No such file or directory)
08-14 15:18:27.948  5199  5199 E android.os.Debug: failed to load memtrack module: -2
08-14 15:18:27.949  5199  5199 I Radio-JNI: register_android_hardware_Radio DONE
08-14 15:18:27.956  5199  5199 D AndroidRuntime: Calling main entry com.android.commands.uiautomator.Launcher
08-14 15:18:28.974  5199  5199 I AccessibilityNodeInfoDumper: Skipping invisible child: android.view.accessibility.AccessibilityNodeInfo@80012293; boundsInParent: Rect(524194, 0 - 524394, 276); boundsInScreen: Rect(1272, 914 - 1200, 1097); packageName: com.android.launcher3; className: android.widget.TextView; text: Settings; error: null; maxTextLength: -1; contentDescription: Settings; viewIdResName: null; checkable: false; checked: false; focusable: true; focused: false; selected: false; clickable: true; longClickable: true; contextClickable: false; enabled: true; password: false; scrollable: false; actions: [AccessibilityAction: ACTION_FOCUS - null, AccessibilityAction: ACTION_SELECT - null, AccessibilityAction: ACTION_CLEAR_SELECTION - null, AccessibilityAction: ACTION_CLICK - null, AccessibilityAction: ACTION_LONG_CLICK - null, AccessibilityAction: ACTION_ACCESSIBILITY_FOCUS - null, AccessibilityAction: ACTION_NEXT_AT_MOVEMENT_GRANULARITY - null, AccessibilityAction: ACTION_PREVIOUS_AT_MOVEMENT_GRANULARITY - null, AccessibilityAction: ACTION_SET_SELECTION - null, AccessibilityAction: ACTION_UNKNOWN - null, AccessibilityAction: ACTION_UNKNOWN - Remove, AccessibilityAction: ACTION_UNKNOWN - Move item]
08-14 15:18:28.974  5199  5199 I AccessibilityNodeInfoDumper: Skipping invisible child: android.view.accessibility.AccessibilityNodeInfo@8000c0f9; boundsInParent: Rect(0, 0 - 1000, 160); boundsInScreen: Rect(100, 48 - 1100, 208); packageName: com.android.launcher3; className: android.widget.LinearLayout; text: null; error: null; maxTextLength: -1; contentDescription: null; viewIdResName: com.android.launcher3:id/drag_target_bar; checkable: false; checked: false; focusable: false; focused: false; selected: false; clickable: false; longClickable: false; contextClickable: false; enabled: true; password: false; scrollable: false; actions: [AccessibilityAction: ACTION_SELECT - null, AccessibilityAction: ACTION_CLEAR_SELECTION - null, AccessibilityAction: ACTION_ACCESSIBILITY_FOCUS - null, AccessibilityAction: ACTION_UNKNOWN - null]
08-14 15:18:28.974  5199  5199 I AccessibilityNodeInfoDumper: Skipping invisible child: android.view.accessibility.AccessibilityNodeInfo@8000b1f5; boundsInParent: Rect(0, 0 - 104, 104); boundsInScreen: Rect(0, 48 - 104, 152); packageName: com.android.launcher3; className: android.view.View; text: null; error: null; maxTextLength: -1; contentDescription: null; viewIdResName: com.android.launcher3:id/focus_indicator; checkable: false; checked: false; focusable: false; focused: false; selected: false; clickable: false; longClickable: false; contextClickable: false; enabled: true; password: false; scrollable: false; actions: [AccessibilityAction: ACTION_SELECT - null, AccessibilityAction: ACTION_CLEAR_SELECTION - null, AccessibilityAction: ACTION_ACCESSIBILITY_FOCUS - null, AccessibilityAction: ACTION_UNKNOWN - null]
08-14 15:18:28.975  5199  5199 W AccessibilityNodeInfoDumper: Fetch time: 7ms
08-14 15:18:28.976   601   613 W WindowManager: Attempted to remove non-existing token: android.os.Binder@bd6ca67
08-14 15:18:28.978  5199  5199 D AndroidRuntime: Shutting down VM
08-14 15:18:29.969  5222  5222 D AndroidRuntime: >>>>>> START com.android.internal.os.RuntimeInit uid 0 <<<<<<
08-14 15:18:29.971  5222  5222 D AndroidRuntime: CheckJNI is OFF
08-14 15:18:29.979  5222  5222 D ICU     : No timezone override file found: /data/misc/zoneinfo/current/icu/icu_tzdata.dat
08-14 15:18:29.991  5222  5222 E memtrack: Couldn't load memtrack module (No such file or directory)
08-14 15:18:29.991  5222  5222 E android.os.Debug: failed to load memtrack module: -2
08-14 15:18:29.992  5222  5222 I Radio-JNI: register_android_hardware_Radio DONE
08-14 15:18:29.998  5222  5222 D AndroidRuntime: Calling main entry com.android.commands.uiautomator.Launcher
08-14 15:18:31.015  5222  5222 I AccessibilityNodeInfoDumper: Skipping invisible child: android.view.accessibility.AccessibilityNodeInfo@80012298; boundsInParent: Rect(524194, 0 - 524394, 276); boundsInScreen: Rect(1272, 914 - 1200, 1097); packageName: com.android.launcher3; className: android.widget.TextView; text: Settings; error: null; maxTextLength: -1; contentDescription: Settings; viewIdResName: null; checkable: false; checked: false; focusable: true; focused: false; selected: false; clickable: true; longClickable: true; contextClickable: false; enabled: true; password: false; scrollable: false; actions: [AccessibilityAction: ACTION_FOCUS - null, AccessibilityAction: ACTION_SELECT - null, AccessibilityAction: ACTION_CLEAR_SELECTION - null, AccessibilityAction: ACTION_CLICK - null, AccessibilityAction: ACTION_LONG_CLICK - null, AccessibilityAction: ACTION_ACCESSIBILITY_FOCUS - null, AccessibilityAction: ACTION_NEXT_AT_MOVEMENT_GRANULARITY - null, AccessibilityAction: ACTION_PREVIOUS_AT_MOVEMENT_GRANULARITY - null, AccessibilityAction: ACTION_SET_SELECTION - null, AccessibilityAction: ACTION_UNKNOWN - null, AccessibilityAction: ACTION_UNKNOWN - Remove, AccessibilityAction: ACTION_UNKNOWN - Move item]
08-14 15:18:31.015  5222  5222 I AccessibilityNodeInfoDumper: Skipping invisible child: android.view.accessibility.AccessibilityNodeInfo@8000c0fe; boundsInParent: Rect(0, 0 - 1000, 160); boundsInScreen: Rect(100, 48 - 1100, 208); packageName: com.android.launcher3; className: android.widget.LinearLayout; text: null; error: null; maxTextLength: -1; contentDescription: null; viewIdResName: com.android.launcher3:id/drag_target_bar; checkable: false; checked: false; focusable: false; focused: false; selected: false; clickable: false; longClickable: false; contextClickable: false; enabled: true; password: false; scrollable: false; actions: [AccessibilityAction: ACTION_SELECT - null, AccessibilityAction: ACTION_CLEAR_SELECTION - null, AccessibilityAction: ACTION_ACCESSIBILITY_FOCUS - null, AccessibilityAction: ACTION_UNKNOWN - null]
08-14 15:18:31.015  5222  5222 I AccessibilityNodeInfoDumper: Skipping invisible child: android.view.accessibility.AccessibilityNodeInfo@8000b1fa; boundsInParent: Rect(0, 0 - 104, 104); boundsInScreen: Rect(0, 48 - 104, 152); packageName: com.android.launcher3; className: android.view.View; text: null; error: null; maxTextLength: -1; contentDescription: null; viewIdResName: com.android.launcher3:id/focus_indicator; checkable: false; checked: false; focusable: false; focused: false; selected: false; clickable: false; longClickable: false; contextClickable: false; enabled: true; password: false; scrollable: false; actions: [AccessibilityAction: ACTION_SELECT - null, AccessibilityAction: ACTION_CLEAR_SELECTION - null, AccessibilityAction: ACTION_ACCESSIBILITY_FOCUS - null, AccessibilityAction: ACTION_UNKNOWN - null]
08-14 15:18:31.016  5222  5222 W AccessibilityNodeInfoDumper: Fetch time: 5ms
08-14 15:18:31.016   601   719 W WindowManager: Attempted to remove non-existing token: android.os.Binder@ec9c014
08-14 15:18:31.019  5222  5222 D AndroidRuntime: Shutting down VM
08-14 15:18:32.044  5251  5251 D AndroidRuntime: >>>>>> START com.android.internal.os.RuntimeInit uid 0 <<<<<<
08-14 15:18:32.047  5251  5251 D AndroidRuntime: CheckJNI is OFF
08-14 15:18:32.056  5251  5251 D ICU     : No timezone override file found: /data/misc/zoneinfo/current/icu/icu_tzdata.dat
08-14 15:18:32.067  5251  5251 E memtrack: Couldn't load memtrack module (No such file or directory)
08-14 15:18:32.067  5251  5251 E android.os.Debug: failed to load memtrack module: -2
08-14 15:18:32.067  5251  5251 I Radio-JNI: register_android_hardware_Radio DONE
08-14 15:18:32.073  5251  5251 D AndroidRuntime: Calling main entry com.android.commands.uiautomator.Launcher
08-14 15:18:33.092  5251  5251 I AccessibilityNodeInfoDumper: Skipping invisible child: android.view.accessibility.AccessibilityNodeInfo@8001229d; boundsInParent: Rect(524194, 0 - 524394, 276); boundsInScreen: Rect(1272, 914 - 1200, 1097); packageName: com.android.launcher3; className: android.widget.TextView; text: Settings; error: null; maxTextLength: -1; contentDescription: Settings; viewIdResName: null; checkable: false; checked: false; focusable: true; focused: false; selected: false; clickable: true; longClickable: true; contextClickable: false; enabled: true; password: false; scrollable: false; actions: [AccessibilityAction: ACTION_FOCUS - null, AccessibilityAction: ACTION_SELECT - null, AccessibilityAction: ACTION_CLEAR_SELECTION - null, AccessibilityAction: ACTION_CLICK - null, AccessibilityAction: ACTION_LONG_CLICK - null, AccessibilityAction: ACTION_ACCESSIBILITY_FOCUS - null, AccessibilityAction: ACTION_NEXT_AT_MOVEMENT_GRANULARITY - null, AccessibilityAction: ACTION_PREVIOUS_AT_MOVEMENT_GRANULARITY - null, AccessibilityAction: ACTION_SET_SELECTION - null, AccessibilityAction: ACTION_UNKNOWN - null, AccessibilityAction: ACTION_UNKNOWN - Remove, AccessibilityAction: ACTION_UNKNOWN - Move item]
08-14 15:18:33.092  5251  5251 I AccessibilityNodeInfoDumper: Skipping invisible child: android.view.accessibility.AccessibilityNodeInfo@8000c103; boundsInParent: Rect(0, 0 - 1000, 160); boundsInScreen: Rect(100, 48 - 1100, 208); packageName: com.android.launcher3; className: android.widget.LinearLayout; text: null; error: null; maxTextLength: -1; contentDescription: null; viewIdResName: com.android.launcher3:id/drag_target_bar; checkable: false; checked: false; focusable: false; focused: false; selected: false; clickable: false; longClickable: false; contextClickable: false; enabled: true; password: false; scrollable: false; actions: [AccessibilityAction: ACTION_SELECT - null, AccessibilityAction: ACTION_CLEAR_SELECTION - null, AccessibilityAction: ACTION_ACCESSIBILITY_FOCUS - null, AccessibilityAction: ACTION_UNKNOWN - null]
08-14 15:18:33.092  5251  5251 I AccessibilityNodeInfoDumper: Skipping invisible child: android.view.accessibility.AccessibilityNodeInfo@8000b1ff; boundsInParent: Rect(0, 0 - 104, 104); boundsInScreen: Rect(0, 48 - 104, 152); packageName: com.android.launcher3; className: android.view.View; text: null; error: null; maxTextLength: -1; contentDescription: null; viewIdResName: com.android.launcher3:id/focus_indicator; checkable: false; checked: false; focusable: false; focused: false; selected: false; clickable: false; longClickable: false; contextClickable: false; enabled: true; password: false; scrollable: false; actions: [AccessibilityAction: ACTION_SELECT - null, AccessibilityAction: ACTION_CLEAR_SELECTION - null, AccessibilityAction: ACTION_ACCESSIBILITY_FOCUS - null, AccessibilityAction: ACTION_UNKNOWN - null]
08-14 15:18:33.092  5251  5251 W AccessibilityNodeInfoDumper: Fetch time: 6ms
08-14 15:18:33.093   601  1011 W WindowManager: Attempted to remove non-existing token: android.os.Binder@7e510bd
08-14 15:18:33.096  5251  5251 D AndroidRuntime: Shutting down VM
08-14 15:18:34.099  5277  5277 D AndroidRuntime: >>>>>> START com.android.internal.os.RuntimeInit uid 0 <<<<<<
08-14 15:18:34.100  5277  5277 D AndroidRuntime: CheckJNI is OFF
08-14 15:18:34.110  5277  5277 D ICU     : No timezone override file found: /data/misc/zoneinfo/current/icu/icu_tzdata.dat
08-14 15:18:34.124  5277  5277 E memtrack: Couldn't load memtrack module (No such file or directory)
08-14 15:18:34.124  5277  5277 E android.os.Debug: failed to load memtrack module: -2
08-14 15:18:34.125  5277  5277 I Radio-JNI: register_android_hardware_Radio DONE
08-14 15:18:34.132  5277  5277 D AndroidRuntime: Calling main entry com.android.commands.uiautomator.Launcher
08-14 15:18:35.154  5277  5277 I AccessibilityNodeInfoDumper: Skipping invisible child: android.view.accessibility.AccessibilityNodeInfo@800122a2; boundsInParent: Rect(524194, 0 - 524394, 276); boundsInScreen: Rect(1272, 914 - 1200, 1097); packageName: com.android.launcher3; className: android.widget.TextView; text: Settings; error: null; maxTextLength: -1; contentDescription: Settings; viewIdResName: null; checkable: false; checked: false; focusable: true; focused: false; selected: false; clickable: true; longClickable: true; contextClickable: false; enabled: true; password: false; scrollable: false; actions: [AccessibilityAction: ACTION_FOCUS - null, AccessibilityAction: ACTION_SELECT - null, AccessibilityAction: ACTION_CLEAR_SELECTION - null, AccessibilityAction: ACTION_CLICK - null, AccessibilityAction: ACTION_LONG_CLICK - null, AccessibilityAction: ACTION_ACCESSIBILITY_FOCUS - null, AccessibilityAction: ACTION_NEXT_AT_MOVEMENT_GRANULARITY - null, AccessibilityAction: ACTION_PREVIOUS_AT_MOVEMENT_GRANULARITY - null, AccessibilityAction: ACTION_SET_SELECTION - null, AccessibilityAction: ACTION_UNKNOWN - null, AccessibilityAction: ACTION_UNKNOWN - Remove, AccessibilityAction: ACTION_UNKNOWN - Move item]
08-14 15:18:35.154  5277  5277 I AccessibilityNodeInfoDumper: Skipping invisible child: android.view.accessibility.AccessibilityNodeInfo@8000c108; boundsInParent: Rect(0, 0 - 1000, 160); boundsInScreen: Rect(100, 48 - 1100, 208); packageName: com.android.launcher3; className: android.widget.LinearLayout; text: null; error: null; maxTextLength: -1; contentDescription: null; viewIdResName: com.android.launcher3:id/drag_target_bar; checkable: false; checked: false; focusable: false; focused: false; selected: false; clickable: false; longClickable: false; contextClickable: false; enabled: true; password: false; scrollable: false; actions: [AccessibilityAction: ACTION_SELECT - null, AccessibilityAction: ACTION_CLEAR_SELECTION - null, AccessibilityAction: ACTION_ACCESSIBILITY_FOCUS - null, AccessibilityAction: ACTION_UNKNOWN - null]
08-14 15:18:35.154  5277  5277 I AccessibilityNodeInfoDumper: Skipping invisible child: android.view.accessibility.AccessibilityNodeInfo@8000b204; boundsInParent: Rect(0, 0 - 104, 104); boundsInScreen: Rect(0, 48 - 104, 152); packageName: com.android.launcher3; className: android.view.View; text: null; error: null; maxTextLength: -1; contentDescription: null; viewIdResName: com.android.launcher3:id/focus_indicator; checkable: false; checked: false; focusable: false; focused: false; selected: false; clickable: false; longClickable: false; contextClickable: false; enabled: true; password: false; scrollable: false; actions: [AccessibilityAction: ACTION_SELECT - null, AccessibilityAction: ACTION_CLEAR_SELECTION - null, AccessibilityAction: ACTION_ACCESSIBILITY_FOCUS - null, AccessibilityAction: ACTION_UNKNOWN - null]
08-14 15:18:35.155  5277  5277 W AccessibilityNodeInfoDumper: Fetch time: 7ms
08-14 15:18:35.156   601   719 W WindowManager: Attempted to remove non-existing token: android.os.Binder@6cfe6b2
08-14 15:18:35.158  5277  5277 D AndroidRuntime: Shutting down VM
08-14 15:18:35.576  5295  5295 D AndroidRuntime: >>>>>> START com.android.internal.os.RuntimeInit uid 0 <<<<<<
08-14 15:18:35.578  5295  5295 D AndroidRuntime: CheckJNI is OFF
08-14 15:18:35.587  5295  5295 D ICU     : No timezone override file found: /data/misc/zoneinfo/current/icu/icu_tzdata.dat
08-14 15:18:35.600  5295  5295 E memtrack: Couldn't load memtrack module (No such file or directory)
08-14 15:18:35.600  5295  5295 E android.os.Debug: failed to load memtrack module: -2
08-14 15:18:35.601  5295  5295 I Radio-JNI: register_android_hardware_Radio DONE
08-14 15:18:35.608  5295  5295 D AndroidRuntime: Calling main entry com.android.commands.uiautomator.Launcher
08-14 15:18:36.627  5295  5295 I AccessibilityNodeInfoDumper: Skipping invisible child: android.view.accessibility.AccessibilityNodeInfo@800122a7; boundsInParent: Rect(524194, 0 - 524394, 276); boundsInScreen: Rect(1272, 914 - 1200, 1097); packageName: com.android.launcher3; className: android.widget.TextView; text: Settings; error: null; maxTextLength: -1; contentDescription: Settings; viewIdResName: null; checkable: false; checked: false; focusable: true; focused: false; selected: false; clickable: true; longClickable: true; contextClickable: false; enabled: true; password: false; scrollable: false; actions: [AccessibilityAction: ACTION_FOCUS - null, AccessibilityAction: ACTION_SELECT - null, AccessibilityAction: ACTION_CLEAR_SELECTION - null, AccessibilityAction: ACTION_CLICK - null, AccessibilityAction: ACTION_LONG_CLICK - null, AccessibilityAction: ACTION_ACCESSIBILITY_FOCUS - null, AccessibilityAction: ACTION_NEXT_AT_MOVEMENT_GRANULARITY - null, AccessibilityAction: ACTION_PREVIOUS_AT_MOVEMENT_GRANULARITY - null, AccessibilityAction: ACTION_SET_SELECTION - null, AccessibilityAction: ACTION_UNKNOWN - null, AccessibilityAction: ACTION_UNKNOWN - Remove, AccessibilityAction: ACTION_UNKNOWN - Move item]
08-14 15:18:36.627  5295  5295 I AccessibilityNodeInfoDumper: Skipping invisible child: android.view.accessibility.AccessibilityNodeInfo@8000c10d; boundsInParent: Rect(0, 0 - 1000, 160); boundsInScreen: Rect(100, 48 - 1100, 208); packageName: com.android.launcher3; className: android.widget.LinearLayout; text: null; error: null; maxTextLength: -1; contentDescription: null; viewIdResName: com.android.launcher3:id/drag_target_bar; checkable: false; checked: false; focusable: false; focused: false; selected: false; clickable: false; longClickable: false; contextClickable: false; enabled: true; password: false; scrollable: false; actions: [AccessibilityAction: ACTION_SELECT - null, AccessibilityAction: ACTION_CLEAR_SELECTION - null, AccessibilityAction: ACTION_ACCESSIBILITY_FOCUS - null, AccessibilityAction: ACTION_UNKNOWN - null]
08-14 15:18:36.627  5295  5295 I AccessibilityNodeInfoDumper: Skipping invisible child: android.view.accessibility.AccessibilityNodeInfo@8000b209; boundsInParent: Rect(0, 0 - 104, 104); boundsInScreen: Rect(0, 48 - 104, 152); packageName: com.android.launcher3; className: android.view.View; text: null; error: null; maxTextLength: -1; contentDescription: null; viewIdResName: com.android.launcher3:id/focus_indicator; checkable: false; checked: false; focusable: false; focused: false; selected: false; clickable: false; longClickable: false; contextClickable: false; enabled: true; password: false; scrollable: false; actions: [AccessibilityAction: ACTION_SELECT - null, AccessibilityAction: ACTION_CLEAR_SELECTION - null, AccessibilityAction: ACTION_ACCESSIBILITY_FOCUS - null, AccessibilityAction: ACTION_UNKNOWN - null]
08-14 15:18:36.628  5295  5295 W AccessibilityNodeInfoDumper: Fetch time: 7ms
08-14 15:18:36.629   601  1022 W WindowManager: Attempted to remove non-existing token: android.os.Binder@8cc980
08-14 15:18:36.630  5295  5295 D AndroidRuntime: Shutting down VM
08-14 15:18:37.637  5318  5318 D AndroidRuntime: >>>>>> START com.android.internal.os.RuntimeInit uid 0 <<<<<<
08-14 15:18:37.638  5318  5318 D AndroidRuntime: CheckJNI is OFF
08-14 15:18:37.649  5318  5318 D ICU     : No timezone override file found: /data/misc/zoneinfo/current/icu/icu_tzdata.dat
08-14 15:18:37.663  5318  5318 E memtrack: Couldn't load memtrack module (No such file or directory)
08-14 15:18:37.663  5318  5318 E android.os.Debug: failed to load memtrack module: -2
08-14 15:18:37.664  5318  5318 I Radio-JNI: register_android_hardware_Radio DONE
08-14 15:18:37.670  5318  5318 D AndroidRuntime: Calling main entry com.android.commands.uiautomator.Launcher
08-14 15:18:38.689  5318  5318 I AccessibilityNodeInfoDumper: Skipping invisible child: android.view.accessibility.AccessibilityNodeInfo@800122ac; boundsInParent: Rect(524194, 0 - 524394, 276); boundsInScreen: Rect(1272, 914 - 1200, 1097); packageName: com.android.launcher3; className: android.widget.TextView; text: Settings; error: null; maxTextLength: -1; contentDescription: Settings; viewIdResName: null; checkable: false; checked: false; focusable: true; focused: false; selected: false; clickable: true; longClickable: true; contextClickable: false; enabled: true; password: false; scrollable: false; actions: [AccessibilityAction: ACTION_FOCUS - null, AccessibilityAction: ACTION_SELECT - null, AccessibilityAction: ACTION_CLEAR_SELECTION - null, AccessibilityAction: ACTION_CLICK - null, AccessibilityAction: ACTION_LONG_CLICK - null, AccessibilityAction: ACTION_ACCESSIBILITY_FOCUS - null, AccessibilityAction: ACTION_NEXT_AT_MOVEMENT_GRANULARITY - null, AccessibilityAction: ACTION_PREVIOUS_AT_MOVEMENT_GRANULARITY - null, AccessibilityAction: ACTION_SET_SELECTION - null, AccessibilityAction: ACTION_UNKNOWN - null, AccessibilityAction: ACTION_UNKNOWN - Remove, AccessibilityAction: ACTION_UNKNOWN - Move item]
08-14 15:18:38.689  5318  5318 I AccessibilityNodeInfoDumper: Skipping invisible child: android.view.accessibility.AccessibilityNodeInfo@8000c112; boundsInParent: Rect(0, 0 - 1000, 160); boundsInScreen: Rect(100, 48 - 1100, 208); packageName: com.android.launcher3; className: android.widget.LinearLayout; text: null; error: null; maxTextLength: -1; contentDescription: null; viewIdResName: com.android.launcher3:id/drag_target_bar; checkable: false; checked: false; focusable: false; focused: false; selected: false; clickable: false; longClickable: false; contextClickable: false; enabled: true; password: false; scrollable: false; actions: [AccessibilityAction: ACTION_SELECT - null, AccessibilityAction: ACTION_CLEAR_SELECTION - null, AccessibilityAction: ACTION_ACCESSIBILITY_FOCUS - null, AccessibilityAction: ACTION_UNKNOWN - null]
08-14 15:18:38.689  5318  5318 I AccessibilityNodeInfoDumper: Skipping invisible child: android.view.accessibility.AccessibilityNodeInfo@8000b20e; boundsInParent: Rect(0, 0 - 104, 104); boundsInScreen: Rect(0, 48 - 104, 152); packageName: com.android.launcher3; className: android.view.View; text: null; error: null; maxTextLength: -1; contentDescription: null; viewIdResName: com.android.launcher3:id/focus_indicator; checkable: false; checked: false; focusable: false; focused: false; selected: false; clickable: false; longClickable: false; contextClickable: false; enabled: true; password: false; scrollable: false; actions: [AccessibilityAction: ACTION_SELECT - null, AccessibilityAction: ACTION_CLEAR_SELECTION - null, AccessibilityAction: ACTION_ACCESSIBILITY_FOCUS - null, AccessibilityAction: ACTION_UNKNOWN - null]
08-14 15:18:38.691  5318  5318 W AccessibilityNodeInfoDumper: Fetch time: 7ms
08-14 15:18:38.691   601   613 W WindowManager: Attempted to remove non-existing token: android.os.Binder@a56fbb9
08-14 15:18:38.694  5318  5318 D AndroidRuntime: Shutting down VM
08-14 15:18:39.110  5336  5336 D AndroidRuntime: >>>>>> START com.android.internal.os.RuntimeInit uid 0 <<<<<<
08-14 15:18:39.111  5336  5336 D AndroidRuntime: CheckJNI is OFF
08-14 15:18:39.120  5336  5336 D ICU     : No timezone override file found: /data/misc/zoneinfo/current/icu/icu_tzdata.dat
08-14 15:18:39.133  5336  5336 E memtrack: Couldn't load memtrack module (No such file or directory)
08-14 15:18:39.133  5336  5336 E android.os.Debug: failed to load memtrack module: -2
08-14 15:18:39.133  5336  5336 I Radio-JNI: register_android_hardware_Radio DONE
08-14 15:18:39.138  5336  5336 D AndroidRuntime: Calling main entry com.android.commands.uiautomator.Launcher
