08-14 15:18:40.155  5336  5336 I AccessibilityNodeInfoDumper: Skipping invisible child: android.view.accessibility.AccessibilityNodeInfo@800122b1; boundsInParent: Rect(524194, 0 - 524394, 276); boundsInScreen: Rect(1272, 914 - 1200, 1097); packageName: com.android.launcher3; className: android.widget.TextView; text: Settings; error: null; maxTextLength: -1; contentDescription: Settings; viewIdResName: null; checkable: false; checked: false; focusable: true; focused: false; selected: false; clickable: true; longClickable: true; contextClickable: false; enabled: true; password: false; scrollable: false; actions: [AccessibilityAction: ACTION_FOCUS - null, AccessibilityAction: ACTION_SELECT - null, AccessibilityAction: ACTION_CLEAR_SELECTION - null, AccessibilityAction: ACTION_CLICK - null, AccessibilityAction: ACTION_LONG_CLICK - null, AccessibilityAction: ACTION_ACCESSIBILITY_FOCUS - null, AccessibilityAction: ACTION_NEXT_AT_MOVEMENT_GRANULARITY - null, AccessibilityAction: ACTION_PREVIOUS_AT_MOVEMENT_GRANULARITY - null, AccessibilityAction: ACTION_SET_SELECTION - null, AccessibilityAction: ACTION_UNKNOWN - null, AccessibilityAction: ACTION_UNKNOWN - Remove, AccessibilityAction: ACTION_UNKNOWN - Move item]
08-14 15:18:40.155  5336  5336 I AccessibilityNodeInfoDumper: Skipping invisible child: android.view.accessibility.AccessibilityNodeInfo@8000c117; boundsInParent: Rect(0, 0 - 1000, 160); boundsInScreen: Rect(100, 48 - 1100, 208); packageName: com.android.launcher3; className: android.widget.LinearLayout; text: null; error: null; maxTextLength: -1; contentDescription: null; viewIdResName: com.android.launcher3:id/drag_target_bar; checkable: false; checked: false; focusable: false; focused: false; selected: false; clickable: false; longClickable: false; contextClickable: false; enabled: true; password: false; scrollable: false; actions: [AccessibilityAction: ACTION_SELECT - null, AccessibilityAction: ACTION_CLEAR_SELECTION - null, AccessibilityAction: ACTION_ACCESSIBILITY_FOCUS - null, AccessibilityAction: ACTION_UNKNOWN - null]
08-14 15:18:40.155  5336  5336 I AccessibilityNodeInfoDumper: Skipping invisible child: android.view.accessibility.AccessibilityNodeInfo@8000b213; boundsInParent: Rect(0, 0 - 104, 104); boundsInScreen: Rect(0, 48 - 104, 152); packageName: com.android.launcher3; className: android.view.View; text: null; error: null; maxTextLength: -1; contentDescription: null; viewIdResName: com.android.launcher3:id/focus_indicator; checkable: false; checked: false; focusable: false; focused: false; selected: false; clickable: false; longClickable: false; contextClickable: false; enabled: true; password: false; scrollable: false; actions: [AccessibilityAction: ACTION_SELECT - null, AccessibilityAction: ACTION_CLEAR_SELECTION - null, AccessibilityAction: ACTION_ACCESSIBILITY_FOCUS - null, AccessibilityAction: ACTION_UNKNOWN - null]
08-14 15:18:40.155  5336  5336 W AccessibilityNodeInfoDumper: Fetch time: 5ms
08-14 15:18:40.156   601  1022 W WindowManager: Attempted to remove non-existing token: android.os.Binder@1d1bbfe
08-14 15:18:40.158  5336  5336 D AndroidRuntime: Shutting down VM
08-14 15:18:41.154  5359  5359 D AndroidRuntime: >>>>>> START com.android.internal.os.RuntimeInit uid 0 <<<<<<
08-14 15:18:41.155  5359  5359 D AndroidRuntime: CheckJNI is OFF
08-14 15:18:41.163  5359  5359 D ICU     : No timezone override file found: /data/misc/zoneinfo/current/icu/icu_tzdata.dat
08-14 15:18:41.175  5359  5359 E memtrack: Couldn't load memtrack module (No such file or directory)
08-14 15:18:41.175  5359  5359 E android.os.Debug: failed to load memtrack module: -2
08-14 15:18:41.176  5359  5359 I Radio-JNI: register_android_hardware_Radio DONE
08-14 15:18:41.182  5359  5359 D AndroidRuntime: Calling main entry com.android.commands.uiautomator.Launcher
08-14 15:18:42.199  5359  5359 I AccessibilityNodeInfoDumper: Skipping invisible child: android.view.accessibility.AccessibilityNodeInfo@800122b6; boundsInParent: Rect(524194, 0 - 524394, 276); boundsInScreen: Rect(1272, 914 - 1200, 1097); packageName: com.android.launcher3; className: android.widget.TextView; text: Settings; error: null; maxTextLength: -1; contentDescription: Settings; viewIdResName: null; checkable: false; checked: false; focusable: true; focused: false; selected: false; clickable: true; longClickable: true; contextClickable: false; enabled: true; password: false; scrollable: false; actions: [AccessibilityAction: ACTION_FOCUS - null, AccessibilityAction: ACTION_SELECT - null, AccessibilityAction: ACTION_CLEAR_SELECTION - null, AccessibilityAction: ACTION_CLICK - null, AccessibilityAction: ACTION_LONG_CLICK - null, AccessibilityAction: ACTION_ACCESSIBILITY_FOCUS - null, AccessibilityAction: ACTION_NEXT_AT_MOVEMENT_GRANULARITY - null, AccessibilityAction: ACTION_PREVIOUS_AT_MOVEMENT_GRANULARITY - null, AccessibilityAction: ACTION_SET_SELECTION - null, AccessibilityAction: ACTION_UNKNOWN - null, AccessibilityAction: ACTION_UNKNOWN - Remove, AccessibilityAction: ACTION_UNKNOWN - Move item]
08-14 15:18:42.199  5359  5359 I AccessibilityNodeInfoDumper: Skipping invisible child: android.view.accessibility.AccessibilityNodeInfo@8000c11c; boundsInParent: Rect(0, 0 - 1000, 160); boundsInScreen: Rect(100, 48 - 1100, 208); packageName: com.android.launcher3; className: android.widget.LinearLayout; text: null; error: null; maxTextLength: -1; contentDescription: null; viewIdResName: com.android.launcher3:id/drag_target_bar; checkable: false; checked: false; focusable: false; focused: false; selected: false; clickable: false; longClickable: false; contextClickable: false; enabled: true; password: false; scrollable: false; actions: [AccessibilityAction: ACTION_SELECT - null, AccessibilityAction: ACTION_CLEAR_SELECTION - null, AccessibilityAction: ACTION_ACCESSIBILITY_FOCUS - null, AccessibilityAction: ACTION_UNKNOWN - null]
08-14 15:18:42.199  5359  5359 I AccessibilityNodeInfoDumper: Skipping invisible child: android.view.accessibility.AccessibilityNodeInfo@8000b218; boundsInParent: Rect(0, 0 - 104, 104); boundsInScreen: Rect(0, 48 - 104, 152); packageName: com.android.launcher3; className: android.view.View; text: null; error: null; maxTextLength: -1; contentDescription: null; viewIdResName: com.android.launcher3:id/focus_indicator; checkable: false; checked: false; focusable: false; focused: false; selected: false; clickable: false; longClickable: false; contextClickable: false; enabled: true; password: false; scrollable: false; actions: [AccessibilityAction: ACTION_SELECT - null, AccessibilityAction: ACTION_CLEAR_SELECTION - null, AccessibilityAction: ACTION_ACCESSIBILITY_FOCUS - null, AccessibilityAction: ACTION_UNKNOWN - null]
08-14 15:18:42.200  5359  5359 W AccessibilityNodeInfoDumper: Fetch time: 5ms
08-14 15:18:42.200   601   613 W WindowManager: Attempted to remove non-existing token: android.os.Binder@2089f5f
08-14 15:18:42.204  5359  5359 D AndroidRuntime: Shutting down VM
08-14 15:18:42.615  5377  5377 D AndroidRuntime: >>>>>> START com.android.internal.os.RuntimeInit uid 0 <<<<<<
08-14 15:18:42.616  5377  5377 D AndroidRuntime: CheckJNI is OFF
08-14 15:18:42.624  5377  5377 D ICU     : No timezone override file found: /data/misc/zoneinfo/current/icu/icu_tzdata.dat
08-14 15:18:42.637  5377  5377 E memtrack: Couldn't load memtrack module (No such file or directory)
08-14 15:18:42.637  5377  5377 E android.os.Debug: failed to load memtrack module: -2
08-14 15:18:42.638  5377  5377 I Radio-JNI: register_android_hardware_Radio DONE
08-14 15:18:42.643  5377  5377 D AndroidRuntime: Calling main entry com.android.commands.uiautomator.Launcher
08-14 15:18:43.662  5377  5377 I AccessibilityNodeInfoDumper: Skipping invisible child: android.view.accessibility.AccessibilityNodeInfo@800122bb; boundsInParent: Rect(524194, 0 - 524394, 276); boundsInScreen: Rect(1272, 914 - 1200, 1097); packageName: com.android.launcher3; className: android.widget.TextView; text: Settings; error: null; maxTextLength: -1; contentDescription: Settings; viewIdResName: null; checkable: false; checked: false; focusable: true; focused: false; selected: false; clickable: true; longClickable: true; contextClickable: false; enabled: true; password: false; scrollable: false; actions: [AccessibilityAction: ACTION_FOCUS - null, AccessibilityAction: ACTION_SELECT - null, AccessibilityAction: ACTION_CLEAR_SELECTION - null, AccessibilityAction: ACTION_CLICK - null, AccessibilityAction: ACTION_LONG_CLICK - null, AccessibilityAction: ACTION_ACCESSIBILITY_FOCUS - null, AccessibilityAction: ACTION_NEXT_AT_MOVEMENT_GRANULARITY - null, AccessibilityAction: ACTION_PREVIOUS_AT_MOVEMENT_GRANULARITY - null, AccessibilityAction: ACTION_SET_SELECTION - null, AccessibilityAction: ACTION_UNKNOWN - null, AccessibilityAction: ACTION_UNKNOWN - Remove, AccessibilityAction: ACTION_UNKNOWN - Move item]
08-14 15:18:43.662  5377  5377 I AccessibilityNodeInfoDumper: Skipping invisible child: android.view.accessibility.AccessibilityNodeInfo@8000c121; boundsInParent: Rect(0, 0 - 1000, 160); boundsInScreen: Rect(100, 48 - 1100, 208); packageName: com.android.launcher3; className: android.widget.LinearLayout; text: null; error: null; maxTextLength: -1; contentDescription: null; viewIdResName: com.android.launcher3:id/drag_target_bar; checkable: false; checked: false; focusable: false; focused: false; selected: false; clickable: false; longClickable: false; contextClickable: false; enabled: true; password: false; scrollable: false; actions: [AccessibilityAction: ACTION_SELECT - null, AccessibilityAction: ACTION_CLEAR_SELECTION - null, AccessibilityAction: ACTION_ACCESSIBILITY_FOCUS - null, AccessibilityAction: ACTION_UNKNOWN - null]
08-14 15:18:43.662  5377  5377 I AccessibilityNodeInfoDumper: Skipping invisible child: android.view.accessibility.AccessibilityNodeInfo@8000b21d; boundsInParent: Rect(0, 0 - 104, 104); boundsInScreen: Rect(0, 48 - 104, 152); packageName: com.android.launcher3; className: android.view.View; text: null; error: null; maxTextLength: -1; contentDescription: null; viewIdResName: com.android.launcher3:id/focus_indicator; checkable: false; checked: false; focusable: false; focused: false; selected: false; clickable: false; longClickable: false; contextClickable: false; enabled: true; password: false; scrollable: false; actions: [AccessibilityAction: ACTION_SELECT - null, AccessibilityAction: ACTION_CLEAR_SELECTION - null, AccessibilityAction: ACTION_ACCESSIBILITY_FOCUS - null, AccessibilityAction: ACTION_UNKNOWN - null]
08-14 15:18:43.662  5377  5377 W AccessibilityNodeInfoDumper: Fetch time: 6ms
08-14 15:18:43.663   601   966 W WindowManager: Attempted to remove non-existing token: android.os.Binder@b4fdac
08-14 15:18:43.666  5377  5377 D AndroidRuntime: Shutting down VM
08-14 15:18:44.090  5394  5394 D AndroidRuntime: >>>>>> START com.android.internal.os.RuntimeInit uid 0 <<<<<<
08-14 15:18:44.091  5394  5394 D AndroidRuntime: CheckJNI is OFF
08-14 15:18:44.099  5394  5394 D ICU     : No timezone override file found: /data/misc/zoneinfo/current/icu/icu_tzdata.dat
08-14 15:18:44.111  5394  5394 E memtrack: Couldn't load memtrack module (No such file or directory)
08-14 15:18:44.111  5394  5394 E android.os.Debug: failed to load memtrack module: -2
08-14 15:18:44.112  5394  5394 I Radio-JNI: register_android_hardware_Radio DONE
08-14 15:18:44.118  5394  5394 D AndroidRuntime: Calling main entry com.android.commands.monkey.Monkey
08-14 15:18:44.130   601   615 W BroadcastQueue: Skipping deliver [background] BroadcastRecord{e41d27b u-1 android.net.conn.CONNECTIVITY_CHANGE} to ReceiverList{64a4898 5394 (unknown name)/0/u-1 remote:1629a75}: process crashing
08-14 15:18:44.134   601  1022 I ActivityManager: START u0 {act=android.intent.action.MAIN cat=[android.intent.category.LAUNCHER] flg=0x10200000 cmp=ca.cmetcalfe.locationshare/.MainActivity} from uid 0 on display 0
08-14 15:18:44.145  1894  1894 D leak-4  : Eastern Standard Time
08-14 15:18:44.151  5394  5394 I art     : System.exit called, status: 0
08-14 15:18:44.151  5394  5394 I AndroidRuntime: VM exiting with result code 0.
08-14 15:18:44.154  1894  1894 D leak-8  : Eastern Standard Time
08-14 15:18:44.154  1894  1894 D leak-27 : Eastern Standard Time
08-14 15:18:44.155  1894  1894 D leak-29 : Eastern Standard Time
08-14 15:18:44.155   601   719 I ActivityManager: START u0 {act=android.content.pm.action.REQUEST_PERMISSIONS pkg=com.android.packageinstaller cmp=com.android.packageinstaller/.permission.ui.GrantPermissionsActivity (has extras)} from uid 10060 on display 0
08-14 15:18:44.175  1894  1894 D leak-12 : Eastern Standard Time
08-14 15:18:44.175  1894  1894 D leak-13 : Eastern Standard Time
08-14 15:18:44.176  1894  1894 D leak-30 : Eastern Standard Time
08-14 15:18:44.176  1894  1894 D leak-31 : Eastern Standard Time
08-14 15:18:44.254  1894  1908 W EGL_emulation: eglSurfaceAttrib not implemented
08-14 15:18:44.255  1894  1908 W OpenGLRenderer: Failed to set EGL_SWAP_BEHAVIOR on surface 0xe0838040, error=EGL_SUCCESS
08-14 15:18:44.285  1894  1894 D leak-9  : Eastern Standard Time
08-14 15:18:44.285  1894  1894 D leak-11 : Eastern Standard Time
08-14 15:18:44.589   601  1022 I WindowManager: Screenshot max retries 4 of Token{82f4cd6 ActivityRecord{d4f68f1 u0 ca.cmetcalfe.locationshare/.MainActivity t11 f}} appWin=Window{568506b u0 ca.cmetcalfe.locationshare/ca.cmetcalfe.locationshare.MainActivity} drawState=2
08-14 15:18:44.622  1894  1908 W EGL_emulation: eglSurfaceAttrib not implemented
08-14 15:18:44.622  1894  1908 W OpenGLRenderer: Failed to set EGL_SWAP_BEHAVIOR on surface 0xdfd6ff20, error=EGL_SUCCESS
08-14 15:18:44.626  1894  1908 E Surface : getSlotFromBufferLocked: unknown buffer: 0xeebb38f0
08-14 15:18:44.636  1894  1894 D leak-5  : Eastern Standard Time
08-14 15:18:44.636  1894  1894 D leak-6  : Eastern Standard Time
08-14 15:18:46.292  1894  1908 E Surface : getSlotFromBufferLocked: unknown buffer: 0xeebb3b90
08-14 15:18:48.602   298   324 E BufferQueueProducer: [Starting ca.cmetcalfe.locationshare] queueBuffer: BufferQueue has been abandoned
08-14 15:18:48.602   601   620 E Surface : queueBuffer: error queuing buffer to SurfaceTexture, -19
08-14 15:18:48.602   601   620 E Surface : queueBuffer (handle=0xeebb44c0) failed (No such device)
08-14 15:18:48.602   601   620 E ViewRootImpl: Could not unlock surface
08-14 15:18:48.602   601   620 E ViewRootImpl: java.lang.IllegalArgumentException
08-14 15:18:48.602   601   620 E ViewRootImpl: 	at android.view.Surface.nativeUnlockCanvasAndPost(Native Method)
08-14 15:18:48.602   601   620 E ViewRootImpl: 	at android.view.Surface.unlockSwCanvasAndPost(Surface.java:301)
08-14 15:18:48.602   601   620 E ViewRootImpl: 	at android.view.Surface.unlockCanvasAndPost(Surface.java:282)
08-14 15:18:48.602   601   620 E ViewRootImpl: 	at android.view.ViewRootImpl.drawSoftware(ViewRootImpl.java:2739)
08-14 15:18:48.602   601   620 E ViewRootImpl: 	at android.view.ViewRootImpl.draw(ViewRootImpl.java:2642)
08-14 15:18:48.602   601   620 E ViewRootImpl: 	at android.view.ViewRootImpl.performDraw(ViewRootImpl.java:2434)
08-14 15:18:48.602   601   620 E ViewRootImpl: 	at android.view.ViewRootImpl.performTraversals(ViewRootImpl.java:2067)
08-14 15:18:48.602   601   620 E ViewRootImpl: 	at android.view.ViewRootImpl.doTraversal(ViewRootImpl.java:1107)
08-14 15:18:48.602   601   620 E ViewRootImpl: 	at android.view.ViewRootImpl$TraversalRunnable.run(ViewRootImpl.java:6013)
08-14 15:18:48.602   601   620 E ViewRootImpl: 	at android.view.Choreographer$CallbackRecord.run(Choreographer.java:858)
08-14 15:18:48.602   601   620 E ViewRootImpl: 	at android.view.Choreographer.doCallbacks(Choreographer.java:670)
08-14 15:18:48.602   601   620 E ViewRootImpl: 	at android.view.Choreographer.doFrame(Choreographer.java:606)
08-14 15:18:48.602   601   620 E ViewRootImpl: 	at android.view.Choreographer$FrameDisplayEventReceiver.run(Choreographer.java:844)
08-14 15:18:48.602   601   620 E ViewRootImpl: 	at android.os.Handler.handleCallback(Handler.java:739)
08-14 15:18:48.602   601   620 E ViewRootImpl: 	at android.os.Handler.dispatchMessage(Handler.java:95)
08-14 15:18:48.602   601   620 E ViewRootImpl: 	at android.os.Looper.loop(Looper.java:148)
08-14 15:18:48.602   601   620 E ViewRootImpl: 	at android.os.HandlerThread.run(HandlerThread.java:61)
08-14 15:18:48.602   601   620 E ViewRootImpl: 	at com.android.server.ServiceThread.run(ServiceThread.java:46)
08-14 15:18:48.602   601   620 W WindowManager: Failed looking up window
08-14 15:18:48.602   601   620 W WindowManager: java.lang.IllegalArgumentException: Requested window android.view.ViewRootImpl$W@7d14529 does not exist
08-14 15:18:48.602   601   620 W WindowManager: 	at com.android.server.wm.WindowManagerService.windowForClientLocked(WindowManagerService.java:8733)
08-14 15:18:48.602   601   620 W WindowManager: 	at com.android.server.wm.WindowManagerService.windowForClientLocked(WindowManagerService.java:8724)
08-14 15:18:48.602   601   620 W WindowManager: 	at com.android.server.wm.WindowManagerService.finishDrawingWindow(WindowManagerService.java:3449)
08-14 15:18:48.602   601   620 W WindowManager: 	at com.android.server.wm.Session.finishDrawing(Session.java:232)
08-14 15:18:48.602   601   620 W WindowManager: 	at android.view.ViewRootImpl.performDraw(ViewRootImpl.java:2472)
08-14 15:18:48.602   601   620 W WindowManager: 	at android.view.ViewRootImpl.performTraversals(ViewRootImpl.java:2067)
08-14 15:18:48.602   601   620 W WindowManager: 	at android.view.ViewRootImpl.doTraversal(ViewRootImpl.java:1107)
08-14 15:18:48.602   601   620 W WindowManager: 	at android.view.ViewRootImpl$TraversalRunnable.run(ViewRootImpl.java:6013)
08-14 15:18:48.602   601   620 W WindowManager: 	at android.view.Choreographer$CallbackRecord.run(Choreographer.java:858)
08-14 15:18:48.602   601   620 W WindowManager: 	at android.view.Choreographer.doCallbacks(Choreographer.java:670)
08-14 15:18:48.602   601   620 W WindowManager: 	at android.view.Choreographer.doFrame(Choreographer.java:606)
08-14 15:18:48.602   601   620 W WindowManager: 	at android.view.Choreographer$FrameDisplayEventReceiver.run(Choreographer.java:844)
08-14 15:18:48.602   601   620 W WindowManager: 	at android.os.Handler.handleCallback(Handler.java:739)
08-14 15:18:48.602   601   620 W WindowManager: 	at android.os.Handler.dispatchMessage(Handler.java:95)
08-14 15:18:48.602   601   620 W WindowManager: 	at android.os.Looper.loop(Looper.java:148)
08-14 15:18:48.602   601   620 W WindowManager: 	at android.os.HandlerThread.run(HandlerThread.java:61)
08-14 15:18:48.602   601   620 W WindowManager: 	at com.android.server.ServiceThread.run(ServiceThread.java:46)
08-14 15:18:48.602   601   620 I Choreographer: Skipped 265 frames!  The application may be doing too much work on its main thread.
08-14 15:18:48.603   601   620 W WindowManager: Failed looking up window
08-14 15:18:48.603   601   620 W WindowManager: java.lang.IllegalArgumentException: Requested window android.view.ViewRootImpl$W@7d14529 does not exist
08-14 15:18:48.603   601   620 W WindowManager: 	at com.android.server.wm.WindowManagerService.windowForClientLocked(WindowManagerService.java:8733)
08-14 15:18:48.603   601   620 W WindowManager: 	at com.android.server.wm.WindowManagerService.windowForClientLocked(WindowManagerService.java:8724)
08-14 15:18:48.603   601   620 W WindowManager: 	at com.android.server.wm.WindowManagerService.finishDrawingWindow(WindowManagerService.java:3449)
08-14 15:18:48.603   601   620 W WindowManager: 	at com.android.server.wm.Session.finishDrawing(Session.java:232)
08-14 15:18:48.603   601   620 W WindowManager: 	at android.view.ViewRootImpl.performDraw(ViewRootImpl.java:2472)
08-14 15:18:48.603   601   620 W WindowManager: 	at android.view.ViewRootImpl.performTraversals(ViewRootImpl.java:2067)
08-14 15:18:48.603   601   620 W WindowManager: 	at android.view.ViewRootImpl.doTraversal(ViewRootImpl.java:1107)
08-14 15:18:48.603   601   620 W WindowManager: 	at android.view.ViewRootImpl$TraversalRunnable.run(ViewRootImpl.java:6013)
08-14 15:18:48.603   601   620 W WindowManager: 	at android.view.Choreographer$CallbackRecord.run(Choreographer.java:858)
08-14 15:18:48.603   601   620 W WindowManager: 	at android.view.Choreographer.doCallbacks(Choreographer.java:670)
08-14 15:18:48.603   601   620 W WindowManager: 	at android.view.Choreographer.doFrame(Choreographer.java:606)
08-14 15:18:48.603   601   620 W WindowManager: 	at android.view.Choreographer$FrameDisplayEventReceiver.run(Choreographer.java:844)
08-14 15:18:48.603   601   620 W WindowManager: 	at android.os.Handler.handleCallback(Handler.java:739)
08-14 15:18:48.603   601   620 W WindowManager: 	at android.os.Handler.dispatchMessage(Handler.java:95)
08-14 15:18:48.603   601   620 W WindowManager: 	at android.os.Looper.loop(Looper.java:148)
08-14 15:18:48.603   601   620 W WindowManager: 	at android.os.HandlerThread.run(HandlerThread.java:61)
08-14 15:18:48.603   601   620 W WindowManager: 	at com.android.server.ServiceThread.run(ServiceThread.java:46)
08-14 15:18:48.604   601   998 W InputMethodManagerService: Window already focused, ignoring focus gain of: com.android.internal.view.IInputMethodClient$Stub$Proxy@eb98847 attribute=null, token = android.os.BinderProxy@69e37ac
08-14 15:18:48.606   601   620 W WindowManager: Failed looking up window
08-14 15:18:48.606   601   620 W WindowManager: java.lang.IllegalArgumentException: Requested window android.view.ViewRootImpl$W@7d14529 does not exist
08-14 15:18:48.606   601   620 W WindowManager: 	at com.android.server.wm.WindowManagerService.windowForClientLocked(WindowManagerService.java:8733)
08-14 15:18:48.606   601   620 W WindowManager: 	at com.android.server.wm.WindowManagerService.windowForClientLocked(WindowManagerService.java:8724)
08-14 15:18:48.606   601   620 W WindowManager: 	at com.android.server.wm.WindowManagerService.removeWindow(WindowManagerService.java:2697)
08-14 15:18:48.606   601   620 W WindowManager: 	at com.android.server.wm.Session.remove(Session.java:187)
08-14 15:18:48.606   601   620 W WindowManager: 	at android.view.ViewRootImpl.dispatchDetachedFromWindow(ViewRootImpl.java:3099)
08-14 15:18:48.606   601   620 W WindowManager: 	at android.view.ViewRootImpl.doDie(ViewRootImpl.java:5606)
08-14 15:18:48.606   601   620 W WindowManager: 	at android.view.ViewRootImpl$ViewRootHandler.handleMessage(ViewRootImpl.java:3409)
08-14 15:18:48.606   601   620 W WindowManager: 	at android.os.Handler.dispatchMessage(Handler.java:102)
08-14 15:18:48.606   601   620 W WindowManager: 	at android.os.Looper.loop(Looper.java:148)
08-14 15:18:48.606   601   620 W WindowManager: 	at android.os.HandlerThread.run(HandlerThread.java:61)
08-14 15:18:48.606   601   620 W WindowManager: 	at com.android.server.ServiceThread.run(ServiceThread.java:46)
08-14 15:18:49.896  5416  5416 D AndroidRuntime: >>>>>> START com.android.internal.os.RuntimeInit uid 0 <<<<<<
08-14 15:18:49.898  5416  5416 D AndroidRuntime: CheckJNI is OFF
08-14 15:18:49.907  5416  5416 D ICU     : No timezone override file found: /data/misc/zoneinfo/current/icu/icu_tzdata.dat
08-14 15:18:49.919  5416  5416 E memtrack: Couldn't load memtrack module (No such file or directory)
08-14 15:18:49.919  5416  5416 E android.os.Debug: failed to load memtrack module: -2
08-14 15:18:49.920  5416  5416 I Radio-JNI: register_android_hardware_Radio DONE
08-14 15:18:49.925  5416  5416 D AndroidRuntime: Calling main entry com.android.commands.uiautomator.Launcher
08-14 15:18:50.948  5416  5416 I AccessibilityNodeInfoDumper: Skipping invisible child: android.view.accessibility.AccessibilityNodeInfo@800122c0; boundsInParent: Rect(524194, 0 - 524394, 276); boundsInScreen: Rect(1272, 914 - 1200, 1097); packageName: com.android.launcher3; className: android.widget.TextView; text: Settings; error: null; maxTextLength: -1; contentDescription: Settings; viewIdResName: null; checkable: false; checked: false; focusable: true; focused: false; selected: false; clickable: true; longClickable: true; contextClickable: false; enabled: true; password: false; scrollable: false; actions: [AccessibilityAction: ACTION_FOCUS - null, AccessibilityAction: ACTION_SELECT - null, AccessibilityAction: ACTION_CLEAR_SELECTION - null, AccessibilityAction: ACTION_CLICK - null, AccessibilityAction: ACTION_LONG_CLICK - null, AccessibilityAction: ACTION_ACCESSIBILITY_FOCUS - null, AccessibilityAction: ACTION_NEXT_AT_MOVEMENT_GRANULARITY - null, AccessibilityAction: ACTION_PREVIOUS_AT_MOVEMENT_GRANULARITY - null, AccessibilityAction: ACTION_SET_SELECTION - null, AccessibilityAction: ACTION_UNKNOWN - null, AccessibilityAction: ACTION_UNKNOWN - Remove, AccessibilityAction: ACTION_UNKNOWN - Move item]
08-14 15:18:50.948  5416  5416 I AccessibilityNodeInfoDumper: Skipping invisible child: android.view.accessibility.AccessibilityNodeInfo@8000c126; boundsInParent: Rect(0, 0 - 1000, 160); boundsInScreen: Rect(100, 48 - 1100, 208); packageName: com.android.launcher3; className: android.widget.LinearLayout; text: null; error: null; maxTextLength: -1; contentDescription: null; viewIdResName: com.android.launcher3:id/drag_target_bar; checkable: false; checked: false; focusable: false; focused: false; selected: false; clickable: false; longClickable: false; contextClickable: false; enabled: true; password: false; scrollable: false; actions: [AccessibilityAction: ACTION_SELECT - null, AccessibilityAction: ACTION_CLEAR_SELECTION - null, AccessibilityAction: ACTION_ACCESSIBILITY_FOCUS - null, AccessibilityAction: ACTION_UNKNOWN - null]
08-14 15:18:50.948  5416  5416 I AccessibilityNodeInfoDumper: Skipping invisible child: android.view.accessibility.AccessibilityNodeInfo@8000b222; boundsInParent: Rect(0, 0 - 104, 104); boundsInScreen: Rect(0, 48 - 104, 152); packageName: com.android.launcher3; className: android.view.View; text: null; error: null; maxTextLength: -1; contentDescription: null; viewIdResName: com.android.launcher3:id/focus_indicator; checkable: false; checked: false; focusable: false; focused: false; selected: false; clickable: false; longClickable: false; contextClickable: false; enabled: true; password: false; scrollable: false; actions: [AccessibilityAction: ACTION_SELECT - null, AccessibilityAction: ACTION_CLEAR_SELECTION - null, AccessibilityAction: ACTION_ACCESSIBILITY_FOCUS - null, AccessibilityAction: ACTION_UNKNOWN - null]
08-14 15:18:50.949  5416  5416 W AccessibilityNodeInfoDumper: Fetch time: 5ms
08-14 15:18:50.949   601   612 W WindowManager: Attempted to remove non-existing token: android.os.Binder@a6ed874
08-14 15:18:50.953  5416  5416 D AndroidRuntime: Shutting down VM
08-14 15:18:51.375  5435  5435 D AndroidRuntime: >>>>>> START com.android.internal.os.RuntimeInit uid 0 <<<<<<
08-14 15:18:51.376  5435  5435 D AndroidRuntime: CheckJNI is OFF
08-14 15:18:51.385  5435  5435 D ICU     : No timezone override file found: /data/misc/zoneinfo/current/icu/icu_tzdata.dat
08-14 15:18:51.397  5435  5435 E memtrack: Couldn't load memtrack module (No such file or directory)
08-14 15:18:51.398  5435  5435 E android.os.Debug: failed to load memtrack module: -2
08-14 15:18:51.398  5435  5435 I Radio-JNI: register_android_hardware_Radio DONE
08-14 15:18:51.405  5435  5435 D AndroidRuntime: Calling main entry com.android.commands.uiautomator.Launcher
08-14 15:18:52.425  5435  5435 I AccessibilityNodeInfoDumper: Skipping invisible child: android.view.accessibility.AccessibilityNodeInfo@800122c5; boundsInParent: Rect(524194, 0 - 524394, 276); boundsInScreen: Rect(1272, 914 - 1200, 1097); packageName: com.android.launcher3; className: android.widget.TextView; text: Settings; error: null; maxTextLength: -1; contentDescription: Settings; viewIdResName: null; checkable: false; checked: false; focusable: true; focused: false; selected: false; clickable: true; longClickable: true; contextClickable: false; enabled: true; password: false; scrollable: false; actions: [AccessibilityAction: ACTION_FOCUS - null, AccessibilityAction: ACTION_SELECT - null, AccessibilityAction: ACTION_CLEAR_SELECTION - null, AccessibilityAction: ACTION_CLICK - null, AccessibilityAction: ACTION_LONG_CLICK - null, AccessibilityAction: ACTION_ACCESSIBILITY_FOCUS - null, AccessibilityAction: ACTION_NEXT_AT_MOVEMENT_GRANULARITY - null, AccessibilityAction: ACTION_PREVIOUS_AT_MOVEMENT_GRANULARITY - null, AccessibilityAction: ACTION_SET_SELECTION - null, AccessibilityAction: ACTION_UNKNOWN - null, AccessibilityAction: ACTION_UNKNOWN - Remove, AccessibilityAction: ACTION_UNKNOWN - Move item]
08-14 15:18:52.425  5435  5435 I AccessibilityNodeInfoDumper: Skipping invisible child: android.view.accessibility.AccessibilityNodeInfo@8000c12b; boundsInParent: Rect(0, 0 - 1000, 160); boundsInScreen: Rect(100, 48 - 1100, 208); packageName: com.android.launcher3; className: android.widget.LinearLayout; text: null; error: null; maxTextLength: -1; contentDescription: null; viewIdResName: com.android.launcher3:id/drag_target_bar; checkable: false; checked: false; focusable: false; focused: false; selected: false; clickable: false; longClickable: false; contextClickable: false; enabled: true; password: false; scrollable: false; actions: [AccessibilityAction: ACTION_SELECT - null, AccessibilityAction: ACTION_CLEAR_SELECTION - null, AccessibilityAction: ACTION_ACCESSIBILITY_FOCUS - null, AccessibilityAction: ACTION_UNKNOWN - null]
08-14 15:18:52.425  5435  5435 I AccessibilityNodeInfoDumper: Skipping invisible child: android.view.accessibility.AccessibilityNodeInfo@8000b227; boundsInParent: Rect(0, 0 - 104, 104); boundsInScreen: Rect(0, 48 - 104, 152); packageName: com.android.launcher3; className: android.view.View; text: null; error: null; maxTextLength: -1; contentDescription: null; viewIdResName: com.android.launcher3:id/focus_indicator; checkable: false; checked: false; focusable: false; focused: false; selected: false; clickable: false; longClickable: false; contextClickable: false; enabled: true; password: false; scrollable: false; actions: [AccessibilityAction: ACTION_SELECT - null, AccessibilityAction: ACTION_CLEAR_SELECTION - null, AccessibilityAction: ACTION_ACCESSIBILITY_FOCUS - null, AccessibilityAction: ACTION_UNKNOWN - null]
08-14 15:18:52.426  5435  5435 W AccessibilityNodeInfoDumper: Fetch time: 7ms
08-14 15:18:52.430   601   902 W WindowManager: Attempted to remove non-existing token: android.os.Binder@af0a612
08-14 15:18:52.433  5435  5435 D AndroidRuntime: Shutting down VM
08-14 15:18:52.839  5448  5448 D AndroidRuntime: >>>>>> START com.android.internal.os.RuntimeInit uid 0 <<<<<<
08-14 15:18:52.841  5448  5448 D AndroidRuntime: CheckJNI is OFF
08-14 15:18:52.852  5448  5448 D ICU     : No timezone override file found: /data/misc/zoneinfo/current/icu/icu_tzdata.dat
08-14 15:18:52.864  5448  5448 E memtrack: Couldn't load memtrack module (No such file or directory)
08-14 15:18:52.864  5448  5448 E android.os.Debug: failed to load memtrack module: -2
08-14 15:18:52.864  5448  5448 I Radio-JNI: register_android_hardware_Radio DONE
08-14 15:18:52.871  5448  5448 D AndroidRuntime: Calling main entry com.android.commands.input.Input
08-14 15:18:52.871  5448  5448 I Input   : injectMotionEvent: MotionEvent { action=ACTION_DOWN, actionButton=0, id[0]=0, x[0]=600.0, y[0]=824.0, toolType[0]=TOOL_TYPE_UNKNOWN, buttonState=0, metaState=0, flags=0x0, edgeFlags=0x0, pointerCount=1, historySize=0, eventTime=697619, downTime=697619, deviceId=0, source=0x1002 }
08-14 15:18:52.873  5448  5448 I Input   : injectMotionEvent: MotionEvent { action=ACTION_UP, actionButton=0, id[0]=0, x[0]=600.0, y[0]=824.0, toolType[0]=TOOL_TYPE_UNKNOWN, buttonState=0, metaState=0, flags=0x0, edgeFlags=0x0, pointerCount=1, historySize=0, eventTime=697619, downTime=697619, deviceId=0, source=0x1002 }
08-14 15:18:52.875  5448  5448 D AndroidRuntime: Shutting down VM
08-14 15:18:57.226  5780  5780 D AndroidRuntime: >>>>>> START com.android.internal.os.RuntimeInit uid 0 <<<<<<
08-14 15:18:57.228  5780  5780 D AndroidRuntime: CheckJNI is OFF
08-14 15:18:57.237  5780  5780 D ICU     : No timezone override file found: /data/misc/zoneinfo/current/icu/icu_tzdata.dat
08-14 15:18:57.251  5780  5780 E memtrack: Couldn't load memtrack module (No such file or directory)
08-14 15:18:57.251  5780  5780 E android.os.Debug: failed to load memtrack module: -2
08-14 15:18:57.252  5780  5780 I Radio-JNI: register_android_hardware_Radio DONE
08-14 15:18:57.258  5780  5780 D AndroidRuntime: Calling main entry com.android.commands.monkey.Monkey
08-14 15:18:57.271   601   615 W BroadcastQueue: Skipping deliver [background] BroadcastRecord{3e8ca99 u-1 android.net.conn.CONNECTIVITY_CHANGE} to ReceiverList{32f115e 5780 (unknown name)/0/u-1 remote:efc61e3}: process crashing
08-14 15:18:57.276   601   998 I ActivityManager: START u0 {act=android.intent.action.MAIN cat=[android.intent.category.LAUNCHER] flg=0x10200000 cmp=ca.cmetcalfe.locationshare/.MainActivity} from uid 0 on display 0
08-14 15:18:57.286  1894  1894 D leak-4  : Eastern Standard Time
08-14 15:18:57.291   601   616 D Sensors : batch handle 1, but there is no batch sensor in genymotion
08-14 15:18:57.296  5780  5780 I art     : System.exit called, status: 0
08-14 15:18:57.296  5780  5780 I AndroidRuntime: VM exiting with result code 0.
08-14 15:18:57.297  1894  1894 D leak-8  : Eastern Standard Time
08-14 15:18:57.297  1894  1894 D leak-27 : Eastern Standard Time
08-14 15:18:57.299  1894  1894 D leak-29 : Eastern Standard Time
08-14 15:18:57.300   601   966 I ActivityManager: START u0 {act=android.content.pm.action.REQUEST_PERMISSIONS pkg=com.android.packageinstaller cmp=com.android.packageinstaller/.permission.ui.GrantPermissionsActivity (has extras)} from uid 10060 on display 0
08-14 15:18:57.306  1894  1894 D leak-12 : Eastern Standard Time
08-14 15:18:57.306  1894  1894 D leak-13 : Eastern Standard Time
08-14 15:18:57.306  1894  1894 D leak-30 : Eastern Standard Time
08-14 15:18:57.306  1894  1894 D leak-31 : Eastern Standard Time
08-14 15:18:57.419  1894  1908 W EGL_emulation: eglSurfaceAttrib not implemented
08-14 15:18:57.419  1894  1908 W OpenGLRenderer: Failed to set EGL_SWAP_BEHAVIOR on surface 0xdfd6fe80, error=EGL_SUCCESS
08-14 15:18:57.483  1894  1894 D leak-9  : Eastern Standard Time
08-14 15:18:57.483  1894  1894 D leak-11 : Eastern Standard Time
08-14 15:18:57.792   601  1001 I WindowManager: Screenshot max retries 4 of Token{c18c20c ActivityRecord{f09393f u0 ca.cmetcalfe.locationshare/.MainActivity t12 f}} appWin=Window{e648c09 u0 ca.cmetcalfe.locationshare/ca.cmetcalfe.locationshare.MainActivity} drawState=3
08-14 15:18:57.793   601   620 W art     : Long monitor contention event with owner method=boolean com.android.server.am.ActivityManagerService.finishActivity(android.os.IBinder, int, android.content.Intent, boolean) from ActivityManagerService.java:4294 waiters=0 for 271ms
08-14 15:18:57.825  1894  1908 W EGL_emulation: eglSurfaceAttrib not implemented
08-14 15:18:57.825  1894  1908 W OpenGLRenderer: Failed to set EGL_SWAP_BEHAVIOR on surface 0xe0838240, error=EGL_SUCCESS
08-14 15:18:57.831  1894  1908 E Surface : getSlotFromBufferLocked: unknown buffer: 0xeebb3b90
08-14 15:18:57.842  1894  1894 D leak-5  : Eastern Standard Time
08-14 15:18:57.842  1894  1894 D leak-6  : Eastern Standard Time
08-14 15:18:59.490  1894  1908 E Surface : getSlotFromBufferLocked: unknown buffer: 0xeebb3c00
08-14 15:19:03.478  5792  5792 D AndroidRuntime: >>>>>> START com.android.internal.os.RuntimeInit uid 0 <<<<<<
08-14 15:19:03.479  5792  5792 D AndroidRuntime: CheckJNI is OFF
08-14 15:19:03.488  5792  5792 D ICU     : No timezone override file found: /data/misc/zoneinfo/current/icu/icu_tzdata.dat
08-14 15:19:03.501  5792  5792 E memtrack: Couldn't load memtrack module (No such file or directory)
08-14 15:19:03.501  5792  5792 E android.os.Debug: failed to load memtrack module: -2
08-14 15:19:03.502  5792  5792 I Radio-JNI: register_android_hardware_Radio DONE
08-14 15:19:03.508  5792  5792 D AndroidRuntime: Calling main entry com.android.commands.uiautomator.Launcher
08-14 15:19:04.527  5792  5792 I AccessibilityNodeInfoDumper: Skipping invisible child: android.view.accessibility.AccessibilityNodeInfo@8000bd6f; boundsInParent: Rect(0, 0 - 1200, 1384); boundsInScreen: Rect(1216, 208 - 1200, 1592); packageName: com.android.launcher3; className: android.view.ViewGroup; text: null; error: null; maxTextLength: -1; contentDescription: null; viewIdResName: null; checkable: false; checked: false; focusable: false; focused: false; selected: false; clickable: true; longClickable: true; contextClickable: false; enabled: true; password: false; scrollable: false; actions: [AccessibilityAction: ACTION_SELECT - null, AccessibilityAction: ACTION_CLEAR_SELECTION - null, AccessibilityAction: ACTION_CLICK - null, AccessibilityAction: ACTION_LONG_CLICK - null, AccessibilityAction: ACTION_ACCESSIBILITY_FOCUS - null, AccessibilityAction: ACTION_UNKNOWN - null]
08-14 15:19:04.527  5792  5792 I AccessibilityNodeInfoDumper: Skipping invisible child: android.view.accessibility.AccessibilityNodeInfo@8000c130; boundsInParent: Rect(0, 0 - 1000, 160); boundsInScreen: Rect(100, 48 - 1100, 208); packageName: com.android.launcher3; className: android.widget.LinearLayout; text: null; error: null; maxTextLength: -1; contentDescription: null; viewIdResName: com.android.launcher3:id/drag_target_bar; checkable: false; checked: false; focusable: false; focused: false; selected: false; clickable: false; longClickable: false; contextClickable: false; enabled: true; password: false; scrollable: false; actions: [AccessibilityAction: ACTION_SELECT - null, AccessibilityAction: ACTION_CLEAR_SELECTION - null, AccessibilityAction: ACTION_ACCESSIBILITY_FOCUS - null, AccessibilityAction: ACTION_UNKNOWN - null]
08-14 15:19:04.527  5792  5792 I AccessibilityNodeInfoDumper: Skipping invisible child: android.view.accessibility.AccessibilityNodeInfo@8000b22c; boundsInParent: Rect(0, 0 - 104, 104); boundsInScreen: Rect(0, 48 - 104, 152); packageName: com.android.launcher3; className: android.view.View; text: null; error: null; maxTextLength: -1; contentDescription: null; viewIdResName: com.android.launcher3:id/focus_indicator; checkable: false; checked: false; focusable: false; focused: false; selected: false; clickable: false; longClickable: false; contextClickable: false; enabled: true; password: false; scrollable: false; actions: [AccessibilityAction: ACTION_SELECT - null, AccessibilityAction: ACTION_CLEAR_SELECTION - null, AccessibilityAction: ACTION_ACCESSIBILITY_FOCUS - null, AccessibilityAction: ACTION_UNKNOWN - null]
08-14 15:19:04.527  5792  5792 I AccessibilityNodeInfoDumper: Skipping invisible child: android.view.accessibility.AccessibilityNodeInfo@800104c2; boundsInParent: Rect(0, 0 - 24, 24); boundsInScreen: Rect(576, 1608 - 600, 1632); packageName: com.android.launcher3; className: android.widget.ImageView; text: null; error: null; maxTextLength: -1; contentDescription: null; viewIdResName: com.android.launcher3:id/inactive; checkable: false; checked: false; focusable: false; focused: false; selected: false; clickable: false; longClickable: false; contextClickable: false; enabled: true; password: false; scrollable: false; actions: [AccessibilityAction: ACTION_SELECT - null, AccessibilityAction: ACTION_CLEAR_SELECTION - null, AccessibilityAction: ACTION_ACCESSIBILITY_FOCUS - null, AccessibilityAction: ACTION_UNKNOWN - null]
08-14 15:19:04.528  5792  5792 I AccessibilityNodeInfoDumper: Skipping invisible child: android.view.accessibility.AccessibilityNodeInfo@80010883; boundsInParent: Rect(0, 0 - 24, 24); boundsInScreen: Rect(606, 1614 - 618, 1626); packageName: com.android.launcher3; className: android.widget.ImageView; text: null; error: null; maxTextLength: -1; contentDescription: null; viewIdResName: com.android.launcher3:id/active; checkable: false; checked: false; focusable: false; focused: false; selected: false; clickable: false; longClickable: false; contextClickable: false; enabled: true; password: false; scrollable: false; actions: [AccessibilityAction: ACTION_SELECT - null, AccessibilityAction: ACTION_CLEAR_SELECTION - null, AccessibilityAction: ACTION_ACCESSIBILITY_FOCUS - null, AccessibilityAction: ACTION_UNKNOWN - null]
08-14 15:19:04.528  5792  5792 W AccessibilityNodeInfoDumper: Fetch time: 7ms
08-14 15:19:04.529   601   613 W WindowManager: Attempted to remove non-existing token: android.os.Binder@2c0dfc5
08-14 15:19:04.532  5792  5792 D AndroidRuntime: Shutting down VM
08-14 15:19:05.515  5815  5815 D AndroidRuntime: >>>>>> START com.android.internal.os.RuntimeInit uid 0 <<<<<<
08-14 15:19:05.516  5815  5815 D AndroidRuntime: CheckJNI is OFF
08-14 15:19:05.524  5815  5815 D ICU     : No timezone override file found: /data/misc/zoneinfo/current/icu/icu_tzdata.dat
08-14 15:19:05.536  5815  5815 E memtrack: Couldn't load memtrack module (No such file or directory)
08-14 15:19:05.536  5815  5815 E android.os.Debug: failed to load memtrack module: -2
08-14 15:19:05.536  5815  5815 I Radio-JNI: register_android_hardware_Radio DONE
08-14 15:19:05.541  5815  5815 D AndroidRuntime: Calling main entry com.android.commands.uiautomator.Launcher
08-14 15:19:06.617  5815  5815 I AccessibilityNodeInfoDumper: Skipping invisible child: android.view.accessibility.AccessibilityNodeInfo@8000bd74; boundsInParent: Rect(0, 0 - 1200, 1384); boundsInScreen: Rect(1216, 208 - 1200, 1592); packageName: com.android.launcher3; className: android.view.ViewGroup; text: null; error: null; maxTextLength: -1; contentDescription: null; viewIdResName: null; checkable: false; checked: false; focusable: false; focused: false; selected: false; clickable: true; longClickable: true; contextClickable: false; enabled: true; password: false; scrollable: false; actions: [AccessibilityAction: ACTION_SELECT - null, AccessibilityAction: ACTION_CLEAR_SELECTION - null, AccessibilityAction: ACTION_CLICK - null, AccessibilityAction: ACTION_LONG_CLICK - null, AccessibilityAction: ACTION_ACCESSIBILITY_FOCUS - null, AccessibilityAction: ACTION_UNKNOWN - null]
08-14 15:19:06.618  5815  5815 I AccessibilityNodeInfoDumper: Skipping invisible child: android.view.accessibility.AccessibilityNodeInfo@8000c135; boundsInParent: Rect(0, 0 - 1000, 160); boundsInScreen: Rect(100, 48 - 1100, 208); packageName: com.android.launcher3; className: android.widget.LinearLayout; text: null; error: null; maxTextLength: -1; contentDescription: null; viewIdResName: com.android.launcher3:id/drag_target_bar; checkable: false; checked: false; focusable: false; focused: false; selected: false; clickable: false; longClickable: false; contextClickable: false; enabled: true; password: false; scrollable: false; actions: [AccessibilityAction: ACTION_SELECT - null, AccessibilityAction: ACTION_CLEAR_SELECTION - null, AccessibilityAction: ACTION_ACCESSIBILITY_FOCUS - null, AccessibilityAction: ACTION_UNKNOWN - null]
08-14 15:19:06.618  5815  5815 I AccessibilityNodeInfoDumper: Skipping invisible child: android.view.accessibility.AccessibilityNodeInfo@8000b231; boundsInParent: Rect(0, 0 - 104, 104); boundsInScreen: Rect(0, 48 - 104, 152); packageName: com.android.launcher3; className: android.view.View; text: null; error: null; maxTextLength: -1; contentDescription: null; viewIdResName: com.android.launcher3:id/focus_indicator; checkable: false; checked: false; focusable: false; focused: false; selected: false; clickable: false; longClickable: false; contextClickable: false; enabled: true; password: false; scrollable: false; actions: [AccessibilityAction: ACTION_SELECT - null, AccessibilityAction: ACTION_CLEAR_SELECTION - null, AccessibilityAction: ACTION_ACCESSIBILITY_FOCUS - null, AccessibilityAction: ACTION_UNKNOWN - null]
08-14 15:19:06.618  5815  5815 I AccessibilityNodeInfoDumper: Skipping invisible child: android.view.accessibility.AccessibilityNodeInfo@800104c7; boundsInParent: Rect(0, 0 - 24, 24); boundsInScreen: Rect(576, 1608 - 600, 1632); packageName: com.android.launcher3; className: android.widget.ImageView; text: null; error: null; maxTextLength: -1; contentDescription: null; viewIdResName: com.android.launcher3:id/inactive; checkable: false; checked: false; focusable: false; focused: false; selected: false; clickable: false; longClickable: false; contextClickable: false; enabled: true; password: false; scrollable: false; actions: [AccessibilityAction: ACTION_SELECT - null, AccessibilityAction: ACTION_CLEAR_SELECTION - null, AccessibilityAction: ACTION_ACCESSIBILITY_FOCUS - null, AccessibilityAction: ACTION_UNKNOWN - null]
08-14 15:19:06.618  5815  5815 I AccessibilityNodeInfoDumper: Skipping invisible child: android.view.accessibility.AccessibilityNodeInfo@80010888; boundsInParent: Rect(0, 0 - 24, 24); boundsInScreen: Rect(606, 1614 - 618, 1626); packageName: com.android.launcher3; className: android.widget.ImageView; text: null; error: null; maxTextLength: -1; contentDescription: null; viewIdResName: com.android.launcher3:id/active; checkable: false; checked: false; focusable: false; focused: false; selected: false; clickable: false; longClickable: false; contextClickable: false; enabled: true; password: false; scrollable: false; actions: [AccessibilityAction: ACTION_SELECT - null, AccessibilityAction: ACTION_CLEAR_SELECTION - null, AccessibilityAction: ACTION_ACCESSIBILITY_FOCUS - null, AccessibilityAction: ACTION_UNKNOWN - null]
08-14 15:19:06.619  5815  5815 W AccessibilityNodeInfoDumper: Fetch time: 7ms
08-14 15:19:06.619   601  1022 W WindowManager: Attempted to remove non-existing token: android.os.Binder@7ab7d1a
08-14 15:19:06.622  5815  5815 D AndroidRuntime: Shutting down VM
08-14 15:19:07.031  5833  5833 D AndroidRuntime: >>>>>> START com.android.internal.os.RuntimeInit uid 0 <<<<<<
08-14 15:19:07.032  5833  5833 D AndroidRuntime: CheckJNI is OFF
08-14 15:19:07.041  5833  5833 D ICU     : No timezone override file found: /data/misc/zoneinfo/current/icu/icu_tzdata.dat
08-14 15:19:07.053  5833  5833 E memtrack: Couldn't load memtrack module (No such file or directory)
08-14 15:19:07.053  5833  5833 E android.os.Debug: failed to load memtrack module: -2
08-14 15:19:07.053  5833  5833 I Radio-JNI: register_android_hardware_Radio DONE
08-14 15:19:07.058  5833  5833 D AndroidRuntime: Calling main entry com.android.commands.uiautomator.Launcher
08-14 15:19:08.081  5833  5833 I AccessibilityNodeInfoDumper: Skipping invisible child: android.view.accessibility.AccessibilityNodeInfo@8000bd79; boundsInParent: Rect(0, 0 - 1200, 1384); boundsInScreen: Rect(1216, 208 - 1200, 1592); packageName: com.android.launcher3; className: android.view.ViewGroup; text: null; error: null; maxTextLength: -1; contentDescription: null; viewIdResName: null; checkable: false; checked: false; focusable: false; focused: false; selected: false; clickable: true; longClickable: true; contextClickable: false; enabled: true; password: false; scrollable: false; actions: [AccessibilityAction: ACTION_SELECT - null, AccessibilityAction: ACTION_CLEAR_SELECTION - null, AccessibilityAction: ACTION_CLICK - null, AccessibilityAction: ACTION_LONG_CLICK - null, AccessibilityAction: ACTION_ACCESSIBILITY_FOCUS - null, AccessibilityAction: ACTION_UNKNOWN - null]
08-14 15:19:08.081  5833  5833 I AccessibilityNodeInfoDumper: Skipping invisible child: android.view.accessibility.AccessibilityNodeInfo@8000c13a; boundsInParent: Rect(0, 0 - 1000, 160); boundsInScreen: Rect(100, 48 - 1100, 208); packageName: com.android.launcher3; className: android.widget.LinearLayout; text: null; error: null; maxTextLength: -1; contentDescription: null; viewIdResName: com.android.launcher3:id/drag_target_bar; checkable: false; checked: false; focusable: false; focused: false; selected: false; clickable: false; longClickable: false; contextClickable: false; enabled: true; password: false; scrollable: false; actions: [AccessibilityAction: ACTION_SELECT - null, AccessibilityAction: ACTION_CLEAR_SELECTION - null, AccessibilityAction: ACTION_ACCESSIBILITY_FOCUS - null, AccessibilityAction: ACTION_UNKNOWN - null]
08-14 15:19:08.081  5833  5833 I AccessibilityNodeInfoDumper: Skipping invisible child: android.view.accessibility.AccessibilityNodeInfo@8000b236; boundsInParent: Rect(0, 0 - 104, 104); boundsInScreen: Rect(0, 48 - 104, 152); packageName: com.android.launcher3; className: android.view.View; text: null; error: null; maxTextLength: -1; contentDescription: null; viewIdResName: com.android.launcher3:id/focus_indicator; checkable: false; checked: false; focusable: false; focused: false; selected: false; clickable: false; longClickable: false; contextClickable: false; enabled: true; password: false; scrollable: false; actions: [AccessibilityAction: ACTION_SELECT - null, AccessibilityAction: ACTION_CLEAR_SELECTION - null, AccessibilityAction: ACTION_ACCESSIBILITY_FOCUS - null, AccessibilityAction: ACTION_UNKNOWN - null]
08-14 15:19:08.081  5833  5833 I AccessibilityNodeInfoDumper: Skipping invisible child: android.view.accessibility.AccessibilityNodeInfo@800104cc; boundsInParent: Rect(0, 0 - 24, 24); boundsInScreen: Rect(576, 1608 - 600, 1632); packageName: com.android.launcher3; className: android.widget.ImageView; text: null; error: null; maxTextLength: -1; contentDescription: null; viewIdResName: com.android.launcher3:id/inactive; checkable: false; checked: false; focusable: false; focused: false; selected: false; clickable: false; longClickable: false; contextClickable: false; enabled: true; password: false; scrollable: false; actions: [AccessibilityAction: ACTION_SELECT - null, AccessibilityAction: ACTION_CLEAR_SELECTION - null, AccessibilityAction: ACTION_ACCESSIBILITY_FOCUS - null, AccessibilityAction: ACTION_UNKNOWN - null]
