--------- beginning of system
08-14 22:15:52.991   606   618 W BackupManagerService: dataChanged but no participant pkg='com.android.launcher3' uid=10008
--------- beginning of main
08-14 22:15:58.683  1839  1839 D AndroidRuntime: >>>>>> START com.android.internal.os.RuntimeInit uid 0 <<<<<<
08-14 22:15:58.685  1839  1839 D AndroidRuntime: CheckJNI is OFF
08-14 22:15:58.694  1839  1839 D ICU     : No timezone override file found: /data/misc/zoneinfo/current/icu/icu_tzdata.dat
08-14 22:15:58.708  1839  1839 E memtrack: Couldn't load memtrack module (No such file or directory)
08-14 22:15:58.708  1839  1839 E android.os.Debug: failed to load memtrack module: -2
08-14 22:15:58.709  1839  1839 I Radio-JNI: register_android_hardware_Radio DONE
08-14 22:15:58.716  1839  1839 D AndroidRuntime: Calling main entry com.android.commands.pm.Pm
08-14 22:15:58.720   606  1496 I PackageManager: Package doesn't exist in get block uninstall com.secuso.privacyFriendlyCodeScanner
08-14 22:15:58.720   606   629 W PackageManager: Package named 'com.secuso.privacyFriendlyCodeScanner' doesn't exist.
08-14 22:15:58.720   606   629 I art     : Starting a blocking GC Explicit
08-14 22:15:58.731   606   629 I art     : Explicit concurrent mark sweep GC freed 25940(1801KB) AllocSpace objects, 27(592KB) LOS objects, 33% free, 5MB/8MB, paused 534us total 10.981ms
08-14 22:15:58.732  1839  1839 E Pm      : Failure details: Bundle[{android.content.pm.extra.STATUS=1, android.content.pm.extra.PACKAGE_NAME=com.secuso.privacyFriendlyCodeScanner, android.content.pm.extra.LEGACY_STATUS=-1, android.content.pm.extra.STATUS_MESSAGE=DELETE_FAILED_INTERNAL_ERROR}]
08-14 22:15:58.735  1839  1839 I art     : System.exit called, status: 1
08-14 22:15:58.735  1839  1839 I AndroidRuntime: VM exiting with result code 1.
08-14 22:15:59.052   606   620 I ActivityManager: Waited long enough for: ServiceRecord{4785871 u0 com.android.calendar/.alerts.InitAlarmsService}
08-14 22:15:59.382  1852  1852 D AndroidRuntime: >>>>>> START com.android.internal.os.RuntimeInit uid 0 <<<<<<
08-14 22:15:59.384  1852  1852 D AndroidRuntime: CheckJNI is OFF
08-14 22:15:59.392  1852  1852 D ICU     : No timezone override file found: /data/misc/zoneinfo/current/icu/icu_tzdata.dat
08-14 22:15:59.403  1852  1852 E memtrack: Couldn't load memtrack module (No such file or directory)
08-14 22:15:59.403  1852  1852 E android.os.Debug: failed to load memtrack module: -2
08-14 22:15:59.404  1852  1852 I Radio-JNI: register_android_hardware_Radio DONE
08-14 22:15:59.411  1852  1852 D AndroidRuntime: Calling main entry com.android.commands.pm.Pm
08-14 22:15:59.425   606   629 I ActivityManager: Start proc 1860:com.android.defcontainer/u0a4 for service com.android.defcontainer/.DefaultContainerService
08-14 22:15:59.461  1860  1860 E libprocessgroup: failed to make and chown /acct/uid_10004: Read-only file system
08-14 22:15:59.461  1860  1860 W Zygote  : createProcessGroup failed, kernel missing CONFIG_CGROUP_CPUACCT?
08-14 22:15:59.482  1860  1871 D DefContainer: Copying /data/local/tmp/privacy_COMPLEX.apk to base.apk
08-14 22:15:59.585   606   629 I PackageManager.DexOptimizer: Running dexopt (dex2oat) on: /data/app/vmdl2024012386.tmp/base.apk pkg=com.secuso.privacyFriendlyCodeScanner isa=x86 vmSafeMode=false debuggable=true oatDir = /data/app/vmdl2024012386.tmp/oat
08-14 22:15:59.594  1874  1874 W dex2oat : Unexpected CPU variant for X86 using defaults: x86
08-14 22:15:59.594  1874  1874 I dex2oat : /system/bin/dex2oat --debuggable
08-14 22:15:59.594  1874  1874 E cutils-trace: Error opening trace file: Permission denied (13)
08-14 22:15:59.689  1874  1876 W dex2oat : Before Android 4.1, method int android.support.v7.widget.ListViewCompat.lookForSelectablePosition(int, boolean) would have incorrectly overridden the package-private method in android.widget.ListView
08-14 22:15:59.709  1874  1877 W dex2oat : Before Android 4.1, method android.graphics.PorterDuffColorFilter android.support.graphics.drawable.VectorDrawableCompat.updateTintFilter(android.graphics.PorterDuffColorFilter, android.content.res.ColorStateList, android.graphics.PorterDuff$Mode) would have incorrectly overridden the package-private method in android.graphics.drawable.Drawable
08-14 22:16:00.592  1874  1874 I dex2oat : dex2oat took 998.357ms (threads: 4) arena alloc=367KB java alloc=3MB native alloc=17MB free=2MB
08-14 22:16:00.648   606   629 V BackupManagerService: restoreAtInstall pkg=com.secuso.privacyFriendlyCodeScanner token=1 restoreSet=0
08-14 22:16:00.648   606   629 V BackupManagerService: Finishing install immediately
08-14 22:16:00.648   606   629 W Settings: Setting install_non_market_apps has moved from android.provider.Settings.Global to android.provider.Settings.Secure, returning read-only value.
08-14 22:16:00.648   606   629 I art     : Starting a blocking GC Explicit
08-14 22:16:00.658   606   629 I art     : Explicit concurrent mark sweep GC freed 32612(1872KB) AllocSpace objects, 11(380KB) LOS objects, 33% free, 5MB/8MB, paused 211us total 9.417ms
08-14 22:16:00.661   606   656 I InputReader: Reconfiguring input devices.  changes=0x00000010
08-14 22:16:00.661  1852  1852 I art     : System.exit called, status: 0
08-14 22:16:00.661  1852  1852 I AndroidRuntime: VM exiting with result code 0.
08-14 22:16:00.677   606   617 I ActivityManager: Start proc 1880:com.android.musicfx/u0a10 for broadcast com.android.musicfx/.Compatibility$Receiver
08-14 22:16:00.704   606   619 W VoiceInteractionManagerService: no available voice recognition services found for user 0
08-14 22:16:00.704   981   981 D CarrierServiceBindHelper: Receive action: android.intent.action.PACKAGE_ADDED
08-14 22:16:00.705  1880  1880 E libprocessgroup: failed to make and chown /acct/uid_10010: Read-only file system
08-14 22:16:00.705  1880  1880 W Zygote  : createProcessGroup failed, kernel missing CONFIG_CGROUP_CPUACCT?
08-14 22:16:00.707   981   981 D CarrierServiceBindHelper: mHandler: 3
08-14 22:16:00.707   981   981 D CarrierConfigLoader: mHandler: 9 phoneId: 0
08-14 22:16:00.773  1880  1880 W System  : ClassLoader referenced unknown path: /system/priv-app/MusicFX/lib/x86
08-14 22:16:00.809   606  1137 I ActivityManager: Start proc 1907:com.svox.pico/u0a50 for broadcast com.svox.pico/.VoiceDataInstallerReceiver
08-14 22:16:00.813   606  1473 I ActivityManager: Killing 1663:com.android.dialer/u0a5 (adj 15): empty #17
08-14 22:16:00.813   606  1473 W libprocessgroup: failed to open /acct/uid_10005/pid_1663/cgroup.procs: No such file or directory
08-14 22:16:00.825  1907  1907 E libprocessgroup: failed to make and chown /acct/uid_10050: Read-only file system
08-14 22:16:00.825  1907  1907 W Zygote  : createProcessGroup failed, kernel missing CONFIG_CGROUP_CPUACCT?
08-14 22:16:00.852   606   618 I ActivityManager: Killing 1624:com.android.carrierconfig/u0a3 (adj 15): empty #17
08-14 22:16:00.852   606   618 W libprocessgroup: failed to open /acct/uid_10003/pid_1624/cgroup.procs: No such file or directory
08-14 22:16:01.050  1922  1922 D AndroidRuntime: >>>>>> START com.android.internal.os.RuntimeInit uid 0 <<<<<<
08-14 22:16:01.052  1922  1922 D AndroidRuntime: CheckJNI is OFF
08-14 22:16:01.061  1922  1922 D ICU     : No timezone override file found: /data/misc/zoneinfo/current/icu/icu_tzdata.dat
08-14 22:16:01.074  1922  1922 E memtrack: Couldn't load memtrack module (No such file or directory)
08-14 22:16:01.074  1922  1922 E android.os.Debug: failed to load memtrack module: -2
08-14 22:16:01.075  1922  1922 I Radio-JNI: register_android_hardware_Radio DONE
08-14 22:16:01.082  1922  1922 D AndroidRuntime: Calling main entry com.android.commands.monkey.Monkey
08-14 22:16:01.092   606   620 W BroadcastQueue: Skipping deliver [background] BroadcastRecord{c44ebd6 u-1 android.net.conn.CONNECTIVITY_CHANGE} to ReceiverList{6b7ce57 1922 (unknown name)/0/u-1 remote:6290f98}: process crashing
08-14 22:16:01.095   606  1475 I ActivityManager: START u0 {act=android.intent.action.MAIN cat=[android.intent.category.LAUNCHER] flg=0x10200000 cmp=com.secuso.privacyFriendlyCodeScanner/.SplashActivity} from uid 0 on display 0
08-14 22:16:01.154   606   617 I ActivityManager: Start proc 1932:com.secuso.privacyFriendlyCodeScanner/u0a60 for activity com.secuso.privacyFriendlyCodeScanner/.SplashActivity
08-14 22:16:01.164  1922  1922 I art     : System.exit called, status: 0
08-14 22:16:01.164  1922  1922 I AndroidRuntime: VM exiting with result code 0.
08-14 22:16:01.213  1932  1932 E libprocessgroup: failed to make and chown /acct/uid_10060: Read-only file system
08-14 22:16:01.222  1932  1932 W Zygote  : createProcessGroup failed, kernel missing CONFIG_CGROUP_CPUACCT?
08-14 22:16:01.222  1932  1932 I art     : Late-enabling -Xcheck:jni
08-14 22:16:01.632  1932  1932 W System  : ClassLoader referenced unknown path: /data/app/com.secuso.privacyFriendlyCodeScanner-1/lib/x86
08-14 22:16:01.757  1932  1932 W art     : Before Android 4.1, method android.graphics.PorterDuffColorFilter android.support.graphics.drawable.VectorDrawableCompat.updateTintFilter(android.graphics.PorterDuffColorFilter, android.content.res.ColorStateList, android.graphics.PorterDuff$Mode) would have incorrectly overridden the package-private method in android.graphics.drawable.Drawable
08-14 22:16:01.808  1932  1932 D leak-36 : Eastern Standard Time
08-14 22:16:01.838   606  1475 I ActivityManager: START u0 {cmp=com.secuso.privacyFriendlyCodeScanner/.MainActivity} from uid 10060 on display 0
08-14 22:16:02.144  1932  1932 D leak-0  : Eastern Standard Time
08-14 22:16:02.500  1932  1932 D leak-1  : Eastern Standard Time
08-14 22:16:02.540  1932  1932 D leak-9  : Eastern Standard Time
08-14 22:16:02.540  1932  1932 D leak-10 : Eastern Standard Time
08-14 22:16:02.707  1932  1947 D OpenGLRenderer: Use EGL_SWAP_BEHAVIOR_PRESERVED: true
08-14 22:16:02.760  1932  1932 D         : HostConnection::get() New Host Connection established 0xe9b1fbd0, tid 1932
08-14 22:16:03.049  1932  1932 D leak-18 : Eastern Standard Time
08-14 22:16:03.049  1932  1932 D leak-19 : Eastern Standard Time
08-14 22:16:03.054  1932  1932 D leak-23 : Eastern Standard Time
08-14 22:16:03.054  1932  1932 D leak-21 : Eastern Standard Time
08-14 22:16:03.054  1932  1932 D leak-22 : Eastern Standard Time
08-14 22:16:03.056  1932  1932 D leak-22 : Eastern Standard Time
08-14 22:16:03.056  1932  1932 D leak-22 : Eastern Standard Time
08-14 22:16:03.056  1932  1932 D leak-22 : Eastern Standard Time
08-14 22:16:03.056  1932  1932 D leak-22 : Eastern Standard Time
08-14 22:16:03.056  1932  1932 D leak-21 : Eastern Standard Time
08-14 22:16:03.056  1932  1932 D leak-22 : Eastern Standard Time
08-14 22:16:03.056  1932  1932 D leak-22 : Eastern Standard Time
08-14 22:16:03.056  1932  1932 D leak-22 : Eastern Standard Time
08-14 22:16:03.056  1932  1932 D leak-22 : Eastern Standard Time
08-14 22:16:03.056  1932  1932 D leak-22 : Eastern Standard Time
08-14 22:16:03.056  1932  1932 D leak-20 : Eastern Standard Time
08-14 22:16:03.056  1932  1932 D leak-14 : Eastern Standard Time
08-14 22:16:04.324  1932  1947 D libEGL  : loaded /system/lib/egl/libEGL_emulation.so
08-14 22:16:04.325  1932  1947 D libEGL  : loaded /system/lib/egl/libGLESv1_CM_emulation.so
08-14 22:16:04.342  1932  1947 D libEGL  : loaded /system/lib/egl/libGLESv2_emulation.so
08-14 22:16:04.368  1932  1947 D         : HostConnection::get() New Host Connection established 0xeead2880, tid 1947
08-14 22:16:04.966  1932  1947 I OpenGLRenderer: Initialized EGL, version 1.4
08-14 22:16:05.557  1932  1947 W EGL_emulation: eglSurfaceAttrib not implemented
08-14 22:16:05.557  1932  1947 W OpenGLRenderer: Failed to set EGL_SWAP_BEHAVIOR on surface 0xeead3580, error=EGL_SUCCESS
08-14 22:16:05.578  1642  1696 E Surface : getSlotFromBufferLocked: unknown buffer: 0xf3d18900
08-14 22:16:05.700  1932  1947 W EGL_emulation: eglSurfaceAttrib not implemented
08-14 22:16:05.708  1932  1947 W OpenGLRenderer: Failed to set EGL_SWAP_BEHAVIOR on surface 0xeead35a0, error=EGL_SUCCESS
08-14 22:16:05.762  1932  1932 I Choreographer: Skipped 151 frames!  The application may be doing too much work on its main thread.
08-14 22:16:06.343  1932  1932 I Choreographer: Skipped 34 frames!  The application may be doing too much work on its main thread.
08-14 22:16:06.375   606   625 I ActivityManager: Displayed com.secuso.privacyFriendlyCodeScanner/.MainActivity: +4s367ms (total +5s233ms)
08-14 22:16:06.523  1953  1953 D AndroidRuntime: >>>>>> START com.android.internal.os.RuntimeInit uid 0 <<<<<<
08-14 22:16:06.532  1953  1953 D AndroidRuntime: CheckJNI is OFF
08-14 22:16:06.547  1953  1953 D ICU     : No timezone override file found: /data/misc/zoneinfo/current/icu/icu_tzdata.dat
08-14 22:16:06.573  1953  1953 E memtrack: Couldn't load memtrack module (No such file or directory)
08-14 22:16:06.573  1953  1953 E android.os.Debug: failed to load memtrack module: -2
08-14 22:16:06.577  1953  1953 I Radio-JNI: register_android_hardware_Radio DONE
08-14 22:16:06.602  1953  1953 D AndroidRuntime: Calling main entry com.android.commands.content.Content
08-14 22:16:06.617  1953  1953 D AndroidRuntime: Shutting down VM
08-14 22:16:06.693   606   621 D         : HostConnection::get() New Host Connection established 0xdcd07450, tid 621
08-14 22:16:07.017  1964  1964 D AndroidRuntime: >>>>>> START com.android.internal.os.RuntimeInit uid 0 <<<<<<
08-14 22:16:07.018  1964  1964 D AndroidRuntime: CheckJNI is OFF
08-14 22:16:07.027  1964  1964 D ICU     : No timezone override file found: /data/misc/zoneinfo/current/icu/icu_tzdata.dat
08-14 22:16:07.046  1964  1964 E memtrack: Couldn't load memtrack module (No such file or directory)
08-14 22:16:07.046  1964  1964 E android.os.Debug: failed to load memtrack module: -2
08-14 22:16:07.047  1964  1964 I Radio-JNI: register_android_hardware_Radio DONE
08-14 22:16:07.055  1964  1964 D AndroidRuntime: Calling main entry com.android.commands.content.Content
08-14 22:16:07.065  1964  1964 D AndroidRuntime: Shutting down VM
08-14 22:16:08.208  1985  1985 D AndroidRuntime: >>>>>> START com.android.internal.os.RuntimeInit uid 0 <<<<<<
08-14 22:16:08.210  1985  1985 D AndroidRuntime: CheckJNI is OFF
08-14 22:16:08.220  1985  1985 D ICU     : No timezone override file found: /data/misc/zoneinfo/current/icu/icu_tzdata.dat
08-14 22:16:08.232  1985  1985 E memtrack: Couldn't load memtrack module (No such file or directory)
08-14 22:16:08.233  1985  1985 E android.os.Debug: failed to load memtrack module: -2
08-14 22:16:08.234  1985  1985 I Radio-JNI: register_android_hardware_Radio DONE
08-14 22:16:08.241  1985  1985 D AndroidRuntime: Calling main entry com.android.commands.uiautomator.Launcher
08-14 22:16:09.257  1985  1985 W AccessibilityNodeInfoDumper: Fetch time: 2ms
08-14 22:16:09.257   606  1137 W WindowManager: Attempted to remove non-existing token: android.os.Binder@d0a6472
08-14 22:16:09.267  1985  1985 D AndroidRuntime: Shutting down VM
08-14 22:16:09.551   606   945 I ActivityManager: Killing 1698:com.android.managedprovisioning/u0a9 (adj 15): empty #17
08-14 22:16:09.552   606   945 W libprocessgroup: failed to open /acct/uid_10009/pid_1698/cgroup.procs: No such file or directory
08-14 22:16:09.848  2003  2003 D AndroidRuntime: >>>>>> START com.android.internal.os.RuntimeInit uid 0 <<<<<<
08-14 22:16:09.850  2003  2003 D AndroidRuntime: CheckJNI is OFF
08-14 22:16:09.859  2003  2003 D ICU     : No timezone override file found: /data/misc/zoneinfo/current/icu/icu_tzdata.dat
08-14 22:16:09.873  2003  2003 E memtrack: Couldn't load memtrack module (No such file or directory)
08-14 22:16:09.873  2003  2003 E android.os.Debug: failed to load memtrack module: -2
08-14 22:16:09.874  2003  2003 I Radio-JNI: register_android_hardware_Radio DONE
08-14 22:16:09.882  2003  2003 D AndroidRuntime: Calling main entry com.android.commands.uiautomator.Launcher
08-14 22:16:10.792   606   656 I InputReader: Reconfiguring input devices.  changes=0x00000010
08-14 22:16:10.898  2003  2003 W AccessibilityNodeInfoDumper: Fetch time: 2ms
08-14 22:16:10.899   606  1473 W WindowManager: Attempted to remove non-existing token: android.os.Binder@a33b0c3
08-14 22:16:10.918  2003  2003 D AndroidRuntime: Shutting down VM
08-14 22:16:12.105  2028  2028 D AndroidRuntime: >>>>>> START com.android.internal.os.RuntimeInit uid 0 <<<<<<
08-14 22:16:12.107  2028  2028 D AndroidRuntime: CheckJNI is OFF
08-14 22:16:12.119  2028  2028 D ICU     : No timezone override file found: /data/misc/zoneinfo/current/icu/icu_tzdata.dat
08-14 22:16:12.136  2028  2028 E memtrack: Couldn't load memtrack module (No such file or directory)
08-14 22:16:12.136  2028  2028 E android.os.Debug: failed to load memtrack module: -2
08-14 22:16:12.138  2028  2028 I Radio-JNI: register_android_hardware_Radio DONE
08-14 22:16:12.145  2028  2028 D AndroidRuntime: Calling main entry com.android.commands.uiautomator.Launcher
08-14 22:16:13.172  2028  2028 W AccessibilityNodeInfoDumper: Fetch time: 2ms
08-14 22:16:13.173   606   617 W WindowManager: Attempted to remove non-existing token: android.os.Binder@a18753b
08-14 22:16:13.180  2028  2028 D AndroidRuntime: Shutting down VM
08-14 22:16:14.054  1429  1739 D InitAlarmsService: Clearing and rescheduling alarms.
08-14 22:16:14.059   606   753 I ActivityManager: Killing 1207:android.process.media/u0a6 (adj 15): empty #17
08-14 22:16:14.059   606   753 W libprocessgroup: failed to open /acct/uid_10006/pid_1207/cgroup.procs: No such file or directory
08-14 22:16:14.361  2056  2056 D AndroidRuntime: >>>>>> START com.android.internal.os.RuntimeInit uid 0 <<<<<<
08-14 22:16:14.361  2056  2056 D AndroidRuntime: CheckJNI is OFF
08-14 22:16:14.372  2056  2056 D ICU     : No timezone override file found: /data/misc/zoneinfo/current/icu/icu_tzdata.dat
08-14 22:16:14.385  2056  2056 E memtrack: Couldn't load memtrack module (No such file or directory)
08-14 22:16:14.385  2056  2056 E android.os.Debug: failed to load memtrack module: -2
08-14 22:16:14.385  2056  2056 I Radio-JNI: register_android_hardware_Radio DONE
08-14 22:16:14.392  2056  2056 D AndroidRuntime: Calling main entry com.android.commands.uiautomator.Launcher
08-14 22:16:15.418  2056  2056 W AccessibilityNodeInfoDumper: Fetch time: 2ms
08-14 22:16:15.419   606  1473 W WindowManager: Attempted to remove non-existing token: android.os.Binder@6c41458
08-14 22:16:15.430  2056  2056 D AndroidRuntime: Shutting down VM
08-14 22:16:16.520  2082  2082 D AndroidRuntime: >>>>>> START com.android.internal.os.RuntimeInit uid 0 <<<<<<
08-14 22:16:16.521  2082  2082 D AndroidRuntime: CheckJNI is OFF
08-14 22:16:16.528  2082  2082 D ICU     : No timezone override file found: /data/misc/zoneinfo/current/icu/icu_tzdata.dat
08-14 22:16:16.541  2082  2082 E memtrack: Couldn't load memtrack module (No such file or directory)
08-14 22:16:16.541  2082  2082 E android.os.Debug: failed to load memtrack module: -2
08-14 22:16:16.542  2082  2082 I Radio-JNI: register_android_hardware_Radio DONE
08-14 22:16:16.548  2082  2082 D AndroidRuntime: Calling main entry com.android.commands.uiautomator.Launcher
08-14 22:16:17.565  2082  2082 W AccessibilityNodeInfoDumper: Fetch time: 3ms
08-14 22:16:17.565   606   786 W WindowManager: Attempted to remove non-existing token: android.os.Binder@3bfa9b1
08-14 22:16:17.576  2082  2082 D AndroidRuntime: Shutting down VM
08-14 22:16:18.040  2100  2100 D AndroidRuntime: >>>>>> START com.android.internal.os.RuntimeInit uid 0 <<<<<<
08-14 22:16:18.041  2100  2100 D AndroidRuntime: CheckJNI is OFF
08-14 22:16:18.051  2100  2100 D ICU     : No timezone override file found: /data/misc/zoneinfo/current/icu/icu_tzdata.dat
08-14 22:16:18.062  2100  2100 E memtrack: Couldn't load memtrack module (No such file or directory)
08-14 22:16:18.063  2100  2100 E android.os.Debug: failed to load memtrack module: -2
08-14 22:16:18.064  2100  2100 I Radio-JNI: register_android_hardware_Radio DONE
08-14 22:16:18.070  2100  2100 D AndroidRuntime: Calling main entry com.android.commands.uiautomator.Launcher
08-14 22:16:19.082  2100  2100 W AccessibilityNodeInfoDumper: Fetch time: 2ms
08-14 22:16:19.083   606  1473 W WindowManager: Attempted to remove non-existing token: android.os.Binder@e355e96
08-14 22:16:19.096  2100  2100 D AndroidRuntime: Shutting down VM
08-14 22:16:20.175  2124  2124 D AndroidRuntime: >>>>>> START com.android.internal.os.RuntimeInit uid 0 <<<<<<
08-14 22:16:20.176  2124  2124 D AndroidRuntime: CheckJNI is OFF
08-14 22:16:20.185  2124  2124 D ICU     : No timezone override file found: /data/misc/zoneinfo/current/icu/icu_tzdata.dat
08-14 22:16:20.201  2124  2124 E memtrack: Couldn't load memtrack module (No such file or directory)
08-14 22:16:20.201  2124  2124 E android.os.Debug: failed to load memtrack module: -2
08-14 22:16:20.202  2124  2124 I Radio-JNI: register_android_hardware_Radio DONE
08-14 22:16:20.209  2124  2124 D AndroidRuntime: Calling main entry com.android.commands.uiautomator.Launcher
08-14 22:16:21.222  2124  2124 W AccessibilityNodeInfoDumper: Fetch time: 2ms
08-14 22:16:21.222   606   944 W WindowManager: Attempted to remove non-existing token: android.os.Binder@3742fed
08-14 22:16:21.240  2124  2124 D AndroidRuntime: Shutting down VM
08-14 22:16:21.547  1880  1880 V MusicFXControlPanelReceiver: onReceive
08-14 22:16:21.547  1880  1880 V MusicFXControlPanelReceiver: Action: android.media.action.CLOSE_AUDIO_EFFECT_CONTROL_SESSION
08-14 22:16:21.547  1880  1880 V MusicFXControlPanelReceiver: Package name: com.android.music
08-14 22:16:21.547  1880  1880 V MusicFXControlPanelReceiver: Audio session: 8
08-14 22:16:21.547  1880  1880 V MusicFXControlPanelEffect: closeSession(android.app.ReceiverRestrictedContext@2ee307c, com.android.music, 8)
08-14 22:16:21.548   606  1319 I MediaFocusControl:  AudioFocus  abandonAudioFocus() from android.media.AudioManager@2ee307ccom.android.music.MediaPlaybackService$3@e189d05
08-14 22:16:21.557   606  1475 I ActivityManager: Killing 1280:com.android.music/u0a44 (adj 15): empty #17
08-14 22:16:21.561   606  1475 W libprocessgroup: failed to open /acct/uid_10044/pid_1280/cgroup.procs: No such file or directory
08-14 22:16:21.735  2142  2142 D AndroidRuntime: >>>>>> START com.android.internal.os.RuntimeInit uid 0 <<<<<<
08-14 22:16:21.737  2142  2142 D AndroidRuntime: CheckJNI is OFF
08-14 22:16:21.746  2142  2142 D ICU     : No timezone override file found: /data/misc/zoneinfo/current/icu/icu_tzdata.dat
08-14 22:16:21.759  2142  2142 E memtrack: Couldn't load memtrack module (No such file or directory)
08-14 22:16:21.759  2142  2142 E android.os.Debug: failed to load memtrack module: -2
08-14 22:16:21.759  2142  2142 I Radio-JNI: register_android_hardware_Radio DONE
08-14 22:16:21.765  2142  2142 D AndroidRuntime: Calling main entry com.android.commands.uiautomator.Launcher
08-14 22:16:22.778  2142  2142 W AccessibilityNodeInfoDumper: Fetch time: 2ms
08-14 22:16:22.778   606   944 W WindowManager: Attempted to remove non-existing token: android.os.Binder@d60ce22
08-14 22:16:22.795  2142  2142 D AndroidRuntime: Shutting down VM
08-14 22:16:23.868  2165  2165 D AndroidRuntime: >>>>>> START com.android.internal.os.RuntimeInit uid 0 <<<<<<
08-14 22:16:23.869  2165  2165 D AndroidRuntime: CheckJNI is OFF
08-14 22:16:23.878  2165  2165 D ICU     : No timezone override file found: /data/misc/zoneinfo/current/icu/icu_tzdata.dat
08-14 22:16:23.890  2165  2165 E memtrack: Couldn't load memtrack module (No such file or directory)
08-14 22:16:23.890  2165  2165 E android.os.Debug: failed to load memtrack module: -2
08-14 22:16:23.891  2165  2165 I Radio-JNI: register_android_hardware_Radio DONE
08-14 22:16:23.897  2165  2165 D AndroidRuntime: Calling main entry com.android.commands.uiautomator.Launcher
08-14 22:16:24.920  2165  2165 W AccessibilityNodeInfoDumper: Fetch time: 1ms
08-14 22:16:24.921   606  1496 W WindowManager: Attempted to remove non-existing token: android.os.Binder@15250b3
08-14 22:16:24.928  2165  2165 D AndroidRuntime: Shutting down VM
08-14 22:16:25.419  2183  2183 D AndroidRuntime: >>>>>> START com.android.internal.os.RuntimeInit uid 0 <<<<<<
08-14 22:16:25.420  2183  2183 D AndroidRuntime: CheckJNI is OFF
08-14 22:16:25.428  2183  2183 D ICU     : No timezone override file found: /data/misc/zoneinfo/current/icu/icu_tzdata.dat
08-14 22:16:25.440  2183  2183 E memtrack: Couldn't load memtrack module (No such file or directory)
08-14 22:16:25.440  2183  2183 E android.os.Debug: failed to load memtrack module: -2
08-14 22:16:25.441  2183  2183 I Radio-JNI: register_android_hardware_Radio DONE
08-14 22:16:25.447  2183  2183 D AndroidRuntime: Calling main entry com.android.commands.uiautomator.Launcher
08-14 22:16:26.468  2183  2183 W AccessibilityNodeInfoDumper: Fetch time: 1ms
08-14 22:16:26.468   606   618 W WindowManager: Attempted to remove non-existing token: android.os.Binder@2151670
08-14 22:16:26.490  2183  2183 D AndroidRuntime: Shutting down VM
08-14 22:16:27.561  2206  2206 D AndroidRuntime: >>>>>> START com.android.internal.os.RuntimeInit uid 0 <<<<<<
08-14 22:16:27.563  2206  2206 D AndroidRuntime: CheckJNI is OFF
08-14 22:16:27.572  2206  2206 D ICU     : No timezone override file found: /data/misc/zoneinfo/current/icu/icu_tzdata.dat
08-14 22:16:27.584  2206  2206 E memtrack: Couldn't load memtrack module (No such file or directory)
08-14 22:16:27.584  2206  2206 E android.os.Debug: failed to load memtrack module: -2
08-14 22:16:27.586  2206  2206 I Radio-JNI: register_android_hardware_Radio DONE
08-14 22:16:27.591  2206  2206 D AndroidRuntime: Calling main entry com.android.commands.uiautomator.Launcher
08-14 22:16:28.607  2206  2206 W AccessibilityNodeInfoDumper: Fetch time: 1ms
08-14 22:16:28.608   606   618 W WindowManager: Attempted to remove non-existing token: android.os.Binder@a70dde9
08-14 22:16:28.621  2206  2206 D AndroidRuntime: Shutting down VM
08-14 22:16:29.120  2224  2224 D AndroidRuntime: >>>>>> START com.android.internal.os.RuntimeInit uid 0 <<<<<<
08-14 22:16:29.124  2224  2224 D AndroidRuntime: CheckJNI is OFF
08-14 22:16:29.133  2224  2224 D ICU     : No timezone override file found: /data/misc/zoneinfo/current/icu/icu_tzdata.dat
08-14 22:16:29.145  2224  2224 E memtrack: Couldn't load memtrack module (No such file or directory)
08-14 22:16:29.145  2224  2224 E android.os.Debug: failed to load memtrack module: -2
08-14 22:16:29.146  2224  2224 I Radio-JNI: register_android_hardware_Radio DONE
08-14 22:16:29.158  2224  2224 D AndroidRuntime: Calling main entry com.android.commands.uiautomator.Launcher
08-14 22:16:30.170  2224  2224 W AccessibilityNodeInfoDumper: Fetch time: 2ms
08-14 22:16:30.170   606  1137 W WindowManager: Attempted to remove non-existing token: android.os.Binder@e1aa6e
08-14 22:16:30.178  2224  2224 D AndroidRuntime: Shutting down VM
08-14 22:16:31.248  2250  2250 D AndroidRuntime: >>>>>> START com.android.internal.os.RuntimeInit uid 0 <<<<<<
08-14 22:16:31.249  2250  2250 D AndroidRuntime: CheckJNI is OFF
08-14 22:16:31.257  2250  2250 D ICU     : No timezone override file found: /data/misc/zoneinfo/current/icu/icu_tzdata.dat
08-14 22:16:31.270  2250  2250 E memtrack: Couldn't load memtrack module (No such file or directory)
08-14 22:16:31.270  2250  2250 E android.os.Debug: failed to load memtrack module: -2
08-14 22:16:31.271  2250  2250 I Radio-JNI: register_android_hardware_Radio DONE
08-14 22:16:31.276  2250  2250 D AndroidRuntime: Calling main entry com.android.commands.uiautomator.Launcher
08-14 22:16:32.298  2250  2250 W AccessibilityNodeInfoDumper: Fetch time: 1ms
08-14 22:16:32.299   606   944 W WindowManager: Attempted to remove non-existing token: android.os.Binder@117450f
08-14 22:16:32.313  2250  2250 D AndroidRuntime: Shutting down VM
08-14 22:16:32.771  2268  2268 D AndroidRuntime: >>>>>> START com.android.internal.os.RuntimeInit uid 0 <<<<<<
08-14 22:16:32.772  2268  2268 D AndroidRuntime: CheckJNI is OFF
08-14 22:16:32.780  2268  2268 D ICU     : No timezone override file found: /data/misc/zoneinfo/current/icu/icu_tzdata.dat
08-14 22:16:32.792  2268  2268 E memtrack: Couldn't load memtrack module (No such file or directory)
08-14 22:16:32.792  2268  2268 E android.os.Debug: failed to load memtrack module: -2
08-14 22:16:32.794  2268  2268 I Radio-JNI: register_android_hardware_Radio DONE
08-14 22:16:32.801  2268  2268 D AndroidRuntime: Calling main entry com.android.commands.uiautomator.Launcher
08-14 22:16:33.824  2268  2268 W AccessibilityNodeInfoDumper: Fetch time: 2ms
08-14 22:16:33.824   606  1496 W WindowManager: Attempted to remove non-existing token: android.os.Binder@7706fa5
08-14 22:16:33.831  2268  2268 D AndroidRuntime: Shutting down VM
08-14 22:16:34.248  2281  2281 D AndroidRuntime: >>>>>> START com.android.internal.os.RuntimeInit uid 0 <<<<<<
08-14 22:16:34.251  2281  2281 D AndroidRuntime: CheckJNI is OFF
08-14 22:16:34.259  2281  2281 D ICU     : No timezone override file found: /data/misc/zoneinfo/current/icu/icu_tzdata.dat
08-14 22:16:34.270  2281  2281 E memtrack: Couldn't load memtrack module (No such file or directory)
08-14 22:16:34.270  2281  2281 E android.os.Debug: failed to load memtrack module: -2
08-14 22:16:34.271  2281  2281 I Radio-JNI: register_android_hardware_Radio DONE
08-14 22:16:34.277  2281  2281 D AndroidRuntime: Calling main entry com.android.commands.input.Input
08-14 22:16:34.279  2281  2281 I Input   : injectMotionEvent: MotionEvent { action=ACTION_DOWN, actionButton=0, id[0]=0, x[0]=900.0, y[0]=1070.0, toolType[0]=TOOL_TYPE_UNKNOWN, buttonState=0, metaState=0, flags=0x0, edgeFlags=0x0, pointerCount=1, historySize=0, eventTime=100825, downTime=100825, deviceId=0, source=0x1002 }
08-14 22:16:34.280  2281  2281 I Input   : injectMotionEvent: MotionEvent { action=ACTION_UP, actionButton=0, id[0]=0, x[0]=900.0, y[0]=1070.0, toolType[0]=TOOL_TYPE_UNKNOWN, buttonState=0, metaState=0, flags=0x0, edgeFlags=0x0, pointerCount=1, historySize=0, eventTime=100825, downTime=100825, deviceId=0, source=0x1002 }
08-14 22:16:34.280  2281  2281 D AndroidRuntime: Shutting down VM
08-14 22:16:34.289  1932  1932 D leak-12 : Eastern Standard Time
08-14 22:16:34.289  1932  1932 D leak-25 : Eastern Standard Time
08-14 22:16:34.289  1932  1932 D leak-21 : Eastern Standard Time
08-14 22:16:34.289  1932  1932 D leak-22 : Eastern Standard Time
08-14 22:16:34.289  1932  1932 D leak-22 : Eastern Standard Time
08-14 22:16:34.289  1932  1932 D leak-22 : Eastern Standard Time
08-14 22:16:34.289  1932  1932 D leak-22 : Eastern Standard Time
08-14 22:16:34.289  1932  1932 D leak-22 : Eastern Standard Time
08-14 22:16:34.298  1932  1947 E Surface : getSlotFromBufferLocked: unknown buffer: 0xe8ff4150
08-14 22:16:34.490   353   353 W SurfaceFlinger: couldn't log to binary event log: overflow.
08-14 22:16:34.540  1932  1932 D leak-26 : Eastern Standard Time
08-14 22:16:34.540  1932  1932 D leak-27 : Eastern Standard Time
08-14 22:16:34.540  1932  1932 D leak-29 : Eastern Standard Time
08-14 22:16:34.540  1932  1932 D leak-30 : Eastern Standard Time
08-14 22:16:34.540  1932  1932 D leak-13 : Eastern Standard Time
08-14 22:16:34.544  1932  1932 D leak-29 : Eastern Standard Time
08-14 22:16:34.544  1932  1932 D leak-34 : Eastern Standard Time
08-14 22:16:34.544  1932  1932 D leak-97 : Eastern Standard Time
08-14 22:16:34.544  1932  1932 D leak-13 : Eastern Standard Time
08-14 22:16:34.544  1932  1932 D leak-53 : Eastern Standard Time
08-14 22:16:34.544  1932  1932 D leak-42 : Eastern Standard Time
08-14 22:16:34.544  1932  1932 D leak-37 : Eastern Standard Time
08-14 22:16:34.548  1932  1932 D leak-39 : Eastern Standard Time
08-14 22:16:34.548   606  1473 I ActivityManager: START u0 {act=android.content.pm.action.REQUEST_PERMISSIONS pkg=com.android.packageinstaller cmp=com.android.packageinstaller/.permission.ui.GrantPermissionsActivity (has extras)} from uid 10060 on display 0
08-14 22:16:34.567   267  2293 V FFmpegExtractor: SniffFFMPEG
08-14 22:16:34.567   267  2293 I FFmpegExtractor: android-source:0xf1a6b2c0
08-14 22:16:34.567   267  2293 D FFMPEG  : android source begin open
08-14 22:16:34.567   267  2293 D FFMPEG  : android open, url: android-source:0xf1a6b2c0
08-14 22:16:34.567   267  2293 D FFMPEG  : ffmpeg open android data source success, source ptr: 0xf1a6b2c0
08-14 22:16:34.567   267  2293 D FFMPEG  : android source open success
08-14 22:16:34.569   267  2293 I FFMPEG  : Input #0, ogg, from 'android-source:0xf1a6b2c0':
08-14 22:16:34.569   267  2293 I FFMPEG  :   Duration: 00:00:00.20, start: 0.000000, bitrate: 256 kb/s
08-14 22:16:34.569   267  2293 I FFMPEG  :     Stream #0:0: Audio: vorbis, 44100 Hz, mono, fltp, 86 kb/s
08-14 22:16:34.569   267  2293 I FFmpegExtractor: FFmpegExtrator, url: android-source:0xf1a6b2c0, format_name: ogg, format_long_name: Ogg
08-14 22:16:34.569   267  2293 I FFmpegExtractor: list the formats suppoted by ffmpeg: 
08-14 22:16:34.569   267  2293 I FFmpegExtractor: ========================================
08-14 22:16:34.569   267  2293 V FFmpegExtractor: format_names[00]: mpeg
08-14 22:16:34.569   267  2293 V FFmpegExtractor: format_names[01]: mpegts
08-14 22:16:34.569   267  2293 V FFmpegExtractor: format_names[02]: mov,mp4,m4a,3gp,3g2,mj2
08-14 22:16:34.569   267  2293 V FFmpegExtractor: format_names[03]: matroska,webm
08-14 22:16:34.569   267  2293 V FFmpegExtractor: format_names[04]: asf
08-14 22:16:34.569   267  2293 V FFmpegExtractor: format_names[05]: rm
08-14 22:16:34.569   267  2293 V FFmpegExtractor: format_names[06]: flv
08-14 22:16:34.569   267  2293 V FFmpegExtractor: format_names[07]: swf
08-14 22:16:34.569   267  2293 V FFmpegExtractor: format_names[08]: avi
08-14 22:16:34.569   267  2293 V FFmpegExtractor: format_names[09]: ape
08-14 22:16:34.569   267  2293 V FFmpegExtractor: format_names[10]: dts
08-14 22:16:34.569   267  2293 V FFmpegExtractor: format_names[11]: flac
08-14 22:16:34.569   267  2293 V FFmpegExtractor: format_names[12]: ac3
08-14 22:16:34.569   267  2293 V FFmpegExtractor: format_names[13]: wav
08-14 22:16:34.569   267  2293 V FFmpegExtractor: format_names[14]: ogg
08-14 22:16:34.569   267  2293 V FFmpegExtractor: format_names[15]: vc1
08-14 22:16:34.569   267  2293 V FFmpegExtractor: format_names[16]: hevc
08-14 22:16:34.569   267  2293 I FFmpegExtractor: ========================================
08-14 22:16:34.569   267  2293 I FFmpegExtractor: adjust mime(application/ogg -> audio/vorbis)
08-14 22:16:34.569   267  2293 D FFmpegExtractor: suppoted codec(vorbis) by official Stagefright
08-14 22:16:34.569   267  2293 D FFMPEG  : android source close
08-14 22:16:34.569   267  2293 I FFmpegExtractor: sniff through BetterSniffFFMPEG success
08-14 22:16:34.569   267  2293 D FFmpegExtractor: ffmpeg detected media content as 'audio/vorbis' with confidence 0.08
08-14 22:16:34.573   267  2292 D NuPlayerDriver: notifyListener_l(0xf1a588a0), (1, 0, 0)
08-14 22:16:34.573  1932  1932 D MediaPlayer: setSubtitleAnchor in MediaPlayer
08-14 22:16:34.584  1932  1932 D CameraPreview: resume()
08-14 22:16:34.594  1932  2295 D CameraInstance: Opening camera
08-14 22:16:34.600   267   267 V EmulatedCamera_Camera: getCameraInfo
08-14 22:16:34.600   267   267 V EmulatedCamera_BaseCamera: getCameraInfo
08-14 22:16:34.608   267   643 W ServiceManager: Permission failure: android.permission.CAMERA from uid=10060 pid=1932
08-14 22:16:34.608   267   643 E CameraService: Permission Denial: can't use the camera pid=1932, uid=10060
08-14 22:16:34.611  1932  2295 W CameraBase: An error occurred while connecting to camera: 0
08-14 22:16:34.612   606  1319 D Sensors : batch handle 1, but there is no batch sensor in genymotion
08-14 22:16:34.612  1932  2295 E CameraInstance: Failed to open camera
08-14 22:16:34.612  1932  2295 E CameraInstance: java.lang.RuntimeException: Fail to connect to camera service
08-14 22:16:34.612  1932  2295 E CameraInstance: 	at android.hardware.Camera.<init>(Camera.java:495)
08-14 22:16:34.612  1932  2295 E CameraInstance: 	at android.hardware.Camera.open(Camera.java:341)
08-14 22:16:34.612  1932  2295 E CameraInstance: 	at com.google.zxing.client.android.camera.open.OpenCameraInterface.open(OpenCameraInterface.java:83)
08-14 22:16:34.612  1932  2295 E CameraInstance: 	at com.journeyapps.barcodescanner.camera.CameraManager.open(CameraManager.java:121)
08-14 22:16:34.612  1932  2295 E CameraInstance: 	at com.journeyapps.barcodescanner.camera.CameraInstance$3.run(CameraInstance.java:158)
08-14 22:16:34.612  1932  2295 E CameraInstance: 	at android.os.Handler.handleCallback(Handler.java:739)
08-14 22:16:34.612  1932  2295 E CameraInstance: 	at android.os.Handler.dispatchMessage(Handler.java:95)
08-14 22:16:34.612  1932  2295 E CameraInstance: 	at android.os.Looper.loop(Looper.java:148)
08-14 22:16:34.612  1932  2295 E CameraInstance: 	at android.os.HandlerThread.run(HandlerThread.java:61)
08-14 22:16:34.615  1932  1932 D leak-47 : Eastern Standard Time
08-14 22:16:34.615  1932  1932 D CameraPreview: pause()
08-14 22:16:34.616  1932  2295 D CameraInstance: Closing camera
08-14 22:16:34.616  1932  1932 D leak-48 : Eastern Standard Time
08-14 22:16:34.616  1932  1932 D leak-98 : Eastern Standard Time
08-14 22:16:34.718   606   618 I ActivityManager: Start proc 2296:com.android.packageinstaller/u0a12 for activity com.android.packageinstaller/.permission.ui.GrantPermissionsActivity
08-14 22:16:34.734  2296  2296 E libprocessgroup: failed to make and chown /acct/uid_10012: Read-only file system
08-14 22:16:34.734  2296  2296 W Zygote  : createProcessGroup failed, kernel missing CONFIG_CGROUP_CPUACCT?
08-14 22:16:34.768  2296  2296 W System  : ClassLoader referenced unknown path: /system/priv-app/PackageInstaller/lib/x86
08-14 22:16:34.815  2296  2309 D OpenGLRenderer: Use EGL_SWAP_BEHAVIOR_PRESERVED: true
08-14 22:16:34.818  2296  2296 D         : HostConnection::get() New Host Connection established 0xe9b1fa90, tid 2296
08-14 22:16:34.855  2296  2309 D libEGL  : loaded /system/lib/egl/libEGL_emulation.so
08-14 22:16:34.855  2296  2309 D libEGL  : loaded /system/lib/egl/libGLESv1_CM_emulation.so
08-14 22:16:34.862  2296  2309 D libEGL  : loaded /system/lib/egl/libGLESv2_emulation.so
08-14 22:16:34.865  2296  2309 D         : HostConnection::get() New Host Connection established 0xeead2850, tid 2309
08-14 22:16:34.879  2296  2309 I OpenGLRenderer: Initialized EGL, version 1.4
08-14 22:16:34.895  2296  2309 W EGL_emulation: eglSurfaceAttrib not implemented
08-14 22:16:34.896  2296  2309 W OpenGLRenderer: Failed to set EGL_SWAP_BEHAVIOR on surface 0xeead3560, error=EGL_SUCCESS
08-14 22:16:35.303   606   625 I ActivityManager: Displayed com.android.packageinstaller/.permission.ui.GrantPermissionsActivity: +666ms
08-14 22:16:38.727  2649  2649 D AndroidRuntime: >>>>>> START com.android.internal.os.RuntimeInit uid 0 <<<<<<
08-14 22:16:38.728  2649  2649 D AndroidRuntime: CheckJNI is OFF
08-14 22:16:38.738  2649  2649 D ICU     : No timezone override file found: /data/misc/zoneinfo/current/icu/icu_tzdata.dat
08-14 22:16:38.748  2649  2649 E memtrack: Couldn't load memtrack module (No such file or directory)
08-14 22:16:38.748  2649  2649 E android.os.Debug: failed to load memtrack module: -2
08-14 22:16:38.749  2649  2649 I Radio-JNI: register_android_hardware_Radio DONE
08-14 22:16:38.755  2649  2649 D AndroidRuntime: Calling main entry com.android.commands.monkey.Monkey
08-14 22:16:38.768   606   620 W BroadcastQueue: Skipping deliver [background] BroadcastRecord{9cfd491 u-1 android.net.conn.CONNECTIVITY_CHANGE} to ReceiverList{967dff6 2649 (unknown name)/0/u-1 remote:d412d1b}: process crashing
08-14 22:16:38.772   606  1319 I ActivityManager: START u0 {act=android.intent.action.MAIN cat=[android.intent.category.LAUNCHER] flg=0x10200000 cmp=com.secuso.privacyFriendlyCodeScanner/.SplashActivity} from uid 0 on display 0
08-14 22:16:38.779   606   621 D Sensors : batch handle 1, but there is no batch sensor in genymotion
08-14 22:16:38.786  2649  2649 I art     : System.exit called, status: 0
08-14 22:16:38.786  2649  2649 I AndroidRuntime: VM exiting with result code 0.
08-14 22:16:44.997  2662  2662 D AndroidRuntime: >>>>>> START com.android.internal.os.RuntimeInit uid 0 <<<<<<
08-14 22:16:44.998  2662  2662 D AndroidRuntime: CheckJNI is OFF
08-14 22:16:45.009  2662  2662 D ICU     : No timezone override file found: /data/misc/zoneinfo/current/icu/icu_tzdata.dat
08-14 22:16:45.022  2662  2662 E memtrack: Couldn't load memtrack module (No such file or directory)
08-14 22:16:45.022  2662  2662 E android.os.Debug: failed to load memtrack module: -2
08-14 22:16:45.023  2662  2662 I Radio-JNI: register_android_hardware_Radio DONE
08-14 22:16:45.029  2662  2662 D AndroidRuntime: Calling main entry com.android.commands.uiautomator.Launcher
08-14 22:16:46.045  2662  2662 W AccessibilityNodeInfoDumper: Fetch time: 1ms
08-14 22:16:46.045   606  1473 W WindowManager: Attempted to remove non-existing token: android.os.Binder@5bb7ff7
08-14 22:16:46.070  2662  2662 D AndroidRuntime: Shutting down VM
08-14 22:16:47.141  2685  2685 D AndroidRuntime: >>>>>> START com.android.internal.os.RuntimeInit uid 0 <<<<<<
08-14 22:16:47.143  2685  2685 D AndroidRuntime: CheckJNI is OFF
08-14 22:16:47.153  2685  2685 D ICU     : No timezone override file found: /data/misc/zoneinfo/current/icu/icu_tzdata.dat
08-14 22:16:47.165  2685  2685 E memtrack: Couldn't load memtrack module (No such file or directory)
08-14 22:16:47.165  2685  2685 E android.os.Debug: failed to load memtrack module: -2
08-14 22:16:47.166  2685  2685 I Radio-JNI: register_android_hardware_Radio DONE
08-14 22:16:47.176  2685  2685 D AndroidRuntime: Calling main entry com.android.commands.uiautomator.Launcher
08-14 22:16:48.188  2685  2685 W AccessibilityNodeInfoDumper: Fetch time: 2ms
08-14 22:16:48.188   606  1496 W WindowManager: Attempted to remove non-existing token: android.os.Binder@10c28cd
08-14 22:16:48.200  2685  2685 D AndroidRuntime: Shutting down VM
08-14 22:16:48.658  2703  2703 D AndroidRuntime: >>>>>> START com.android.internal.os.RuntimeInit uid 0 <<<<<<
08-14 22:16:48.659  2703  2703 D AndroidRuntime: CheckJNI is OFF
08-14 22:16:48.667  2703  2703 D ICU     : No timezone override file found: /data/misc/zoneinfo/current/icu/icu_tzdata.dat
08-14 22:16:48.678  2703  2703 E memtrack: Couldn't load memtrack module (No such file or directory)
08-14 22:16:48.678  2703  2703 E android.os.Debug: failed to load memtrack module: -2
08-14 22:16:48.679  2703  2703 I Radio-JNI: register_android_hardware_Radio DONE
08-14 22:16:48.687  2703  2703 D AndroidRuntime: Calling main entry com.android.commands.uiautomator.Launcher
08-14 22:16:49.697  2703  2703 W AccessibilityNodeInfoDumper: Fetch time: 1ms
08-14 22:16:49.697   606  1473 W WindowManager: Attempted to remove non-existing token: android.os.Binder@22a0582
08-14 22:16:49.708  2703  2703 D AndroidRuntime: Shutting down VM
08-14 22:16:50.812  2727  2727 D AndroidRuntime: >>>>>> START com.android.internal.os.RuntimeInit uid 0 <<<<<<
08-14 22:16:50.814  2727  2727 D AndroidRuntime: CheckJNI is OFF
08-14 22:16:50.823  2727  2727 D ICU     : No timezone override file found: /data/misc/zoneinfo/current/icu/icu_tzdata.dat
08-14 22:16:50.837  2727  2727 E memtrack: Couldn't load memtrack module (No such file or directory)
08-14 22:16:50.837  2727  2727 E android.os.Debug: failed to load memtrack module: -2
08-14 22:16:50.838  2727  2727 I Radio-JNI: register_android_hardware_Radio DONE
08-14 22:16:50.844  2727  2727 D AndroidRuntime: Calling main entry com.android.commands.uiautomator.Launcher
08-14 22:16:51.858  2727  2727 W AccessibilityNodeInfoDumper: Fetch time: 1ms
08-14 22:16:51.858   606  1496 W WindowManager: Attempted to remove non-existing token: android.os.Binder@e1e2493
08-14 22:16:51.867  2727  2727 D AndroidRuntime: Shutting down VM
08-14 22:16:53.267  2755  2755 D AndroidRuntime: >>>>>> START com.android.internal.os.RuntimeInit uid 0 <<<<<<
08-14 22:16:53.270  2755  2755 D AndroidRuntime: CheckJNI is OFF
08-14 22:16:53.281  2755  2755 D ICU     : No timezone override file found: /data/misc/zoneinfo/current/icu/icu_tzdata.dat
08-14 22:16:53.307  2755  2755 E memtrack: Couldn't load memtrack module (No such file or directory)
08-14 22:16:53.307  2755  2755 E android.os.Debug: failed to load memtrack module: -2
08-14 22:16:53.309  2755  2755 I Radio-JNI: register_android_hardware_Radio DONE
08-14 22:16:53.321  2755  2755 D AndroidRuntime: Calling main entry com.android.commands.uiautomator.Launcher
08-14 22:16:54.346  2755  2755 W AccessibilityNodeInfoDumper: Fetch time: 2ms
08-14 22:16:54.347   606   944 W WindowManager: Attempted to remove non-existing token: android.os.Binder@eac8cd0
08-14 22:16:54.359  2755  2755 D AndroidRuntime: Shutting down VM
08-14 22:16:55.575  2781  2781 D AndroidRuntime: >>>>>> START com.android.internal.os.RuntimeInit uid 0 <<<<<<
08-14 22:16:55.578  2781  2781 D AndroidRuntime: CheckJNI is OFF
08-14 22:16:55.592  2781  2781 D ICU     : No timezone override file found: /data/misc/zoneinfo/current/icu/icu_tzdata.dat
08-14 22:16:55.612  2781  2781 E memtrack: Couldn't load memtrack module (No such file or directory)
08-14 22:16:55.612  2781  2781 E android.os.Debug: failed to load memtrack module: -2
08-14 22:16:55.614  2781  2781 I Radio-JNI: register_android_hardware_Radio DONE
08-14 22:16:55.621  2781  2781 D AndroidRuntime: Calling main entry com.android.commands.uiautomator.Launcher
08-14 22:16:56.635  2781  2781 W AccessibilityNodeInfoDumper: Fetch time: 1ms
08-14 22:16:56.635   606  1473 W WindowManager: Attempted to remove non-existing token: android.os.Binder@f6f7ce
08-14 22:16:56.658  2781  2781 D AndroidRuntime: Shutting down VM
08-14 22:16:57.191  2799  2799 D AndroidRuntime: >>>>>> START com.android.internal.os.RuntimeInit uid 0 <<<<<<
08-14 22:16:57.193  2799  2799 D AndroidRuntime: CheckJNI is OFF
08-14 22:16:57.204  2799  2799 D ICU     : No timezone override file found: /data/misc/zoneinfo/current/icu/icu_tzdata.dat
08-14 22:16:57.218  2799  2799 E memtrack: Couldn't load memtrack module (No such file or directory)
08-14 22:16:57.218  2799  2799 E android.os.Debug: failed to load memtrack module: -2
08-14 22:16:57.219  2799  2799 I Radio-JNI: register_android_hardware_Radio DONE
08-14 22:16:57.230  2799  2799 D AndroidRuntime: Calling main entry com.android.commands.uiautomator.Launcher
08-14 22:16:58.243  2799  2799 W AccessibilityNodeInfoDumper: Fetch time: 1ms
08-14 22:16:58.244   606  1137 W WindowManager: Attempted to remove non-existing token: android.os.Binder@ffc76ef
08-14 22:16:58.260  2799  2799 D AndroidRuntime: Shutting down VM
08-14 22:16:59.367  2822  2822 D AndroidRuntime: >>>>>> START com.android.internal.os.RuntimeInit uid 0 <<<<<<
08-14 22:16:59.368  2822  2822 D AndroidRuntime: CheckJNI is OFF
08-14 22:16:59.378  2822  2822 D ICU     : No timezone override file found: /data/misc/zoneinfo/current/icu/icu_tzdata.dat
08-14 22:16:59.391  2822  2822 E memtrack: Couldn't load memtrack module (No such file or directory)
08-14 22:16:59.391  2822  2822 E android.os.Debug: failed to load memtrack module: -2
08-14 22:16:59.392  2822  2822 I Radio-JNI: register_android_hardware_Radio DONE
08-14 22:16:59.399  2822  2822 D AndroidRuntime: Calling main entry com.android.commands.uiautomator.Launcher
08-14 22:17:00.418  2822  2822 W AccessibilityNodeInfoDumper: Fetch time: 1ms
08-14 22:17:00.418   606  1473 W WindowManager: Attempted to remove non-existing token: android.os.Binder@695a5fc
08-14 22:17:00.460  2822  2822 D AndroidRuntime: Shutting down VM
08-14 22:17:00.993  2840  2840 D AndroidRuntime: >>>>>> START com.android.internal.os.RuntimeInit uid 0 <<<<<<
08-14 22:17:00.995  2840  2840 D AndroidRuntime: CheckJNI is OFF
08-14 22:17:01.011  2840  2840 D ICU     : No timezone override file found: /data/misc/zoneinfo/current/icu/icu_tzdata.dat
08-14 22:17:01.026  2840  2840 E memtrack: Couldn't load memtrack module (No such file or directory)
08-14 22:17:01.026  2840  2840 E android.os.Debug: failed to load memtrack module: -2
08-14 22:17:01.028  2840  2840 I Radio-JNI: register_android_hardware_Radio DONE
08-14 22:17:01.035  2840  2840 D AndroidRuntime: Calling main entry com.android.commands.uiautomator.Launcher
08-14 22:17:02.053  2840  2840 W AccessibilityNodeInfoDumper: Fetch time: 1ms
08-14 22:17:02.053   606   617 W WindowManager: Attempted to remove non-existing token: android.os.Binder@332a485
08-14 22:17:02.075  2840  2840 D AndroidRuntime: Shutting down VM
08-14 22:17:03.125  2863  2863 D AndroidRuntime: >>>>>> START com.android.internal.os.RuntimeInit uid 0 <<<<<<
08-14 22:17:03.126  2863  2863 D AndroidRuntime: CheckJNI is OFF
08-14 22:17:03.139  2863  2863 D ICU     : No timezone override file found: /data/misc/zoneinfo/current/icu/icu_tzdata.dat
08-14 22:17:03.151  2863  2863 E memtrack: Couldn't load memtrack module (No such file or directory)
08-14 22:17:03.151  2863  2863 E android.os.Debug: failed to load memtrack module: -2
08-14 22:17:03.152  2863  2863 I Radio-JNI: register_android_hardware_Radio DONE
08-14 22:17:03.158  2863  2863 D AndroidRuntime: Calling main entry com.android.commands.uiautomator.Launcher
08-14 22:17:04.170  2863  2863 W AccessibilityNodeInfoDumper: Fetch time: 2ms
08-14 22:17:04.170   606  1496 W WindowManager: Attempted to remove non-existing token: android.os.Binder@e8ec2da
08-14 22:17:04.179  2863  2863 D AndroidRuntime: Shutting down VM
08-14 22:17:04.645  2881  2881 D AndroidRuntime: >>>>>> START com.android.internal.os.RuntimeInit uid 0 <<<<<<
08-14 22:17:04.647  2881  2881 D AndroidRuntime: CheckJNI is OFF
08-14 22:17:04.656  2881  2881 D ICU     : No timezone override file found: /data/misc/zoneinfo/current/icu/icu_tzdata.dat
08-14 22:17:04.668  2881  2881 E memtrack: Couldn't load memtrack module (No such file or directory)
08-14 22:17:04.668  2881  2881 E android.os.Debug: failed to load memtrack module: -2
