--------- beginning of main
08-14 11:33:33.313  1813  1813 D AndroidRuntime: >>>>>> START com.android.internal.os.RuntimeInit uid 0 <<<<<<
08-14 11:33:33.314  1813  1813 D AndroidRuntime: CheckJNI is OFF
08-14 11:33:33.324  1813  1813 D ICU     : No timezone override file found: /data/misc/zoneinfo/current/icu/icu_tzdata.dat
08-14 11:33:33.335  1813  1813 E memtrack: Couldn't load memtrack module (No such file or directory)
08-14 11:33:33.335  1813  1813 E android.os.Debug: failed to load memtrack module: -2
08-14 11:33:33.336  1813  1813 I Radio-JNI: register_android_hardware_Radio DONE
08-14 11:33:33.343  1813  1813 D AndroidRuntime: Calling main entry com.android.commands.pm.Pm
08-14 11:33:33.346   618   630 I PackageManager: Package doesn't exist in get block uninstall com.uberspot.a2048
--------- beginning of system
08-14 11:33:33.346   618   644 W PackageManager: Package named 'com.uberspot.a2048' doesn't exist.
08-14 11:33:33.347   618   644 I art     : Starting a blocking GC Explicit
08-14 11:33:33.358   618   644 I art     : Explicit concurrent mark sweep GC freed 36814(2MB) AllocSpace objects, 5(124KB) LOS objects, 33% free, 5MB/8MB, paused 233us total 11.687ms
08-14 11:33:33.359  1813  1813 E Pm      : Failure details: Bundle[{android.content.pm.extra.STATUS=1, android.content.pm.extra.PACKAGE_NAME=com.uberspot.a2048, android.content.pm.extra.LEGACY_STATUS=-1, android.content.pm.extra.STATUS_MESSAGE=DELETE_FAILED_INTERNAL_ERROR}]
08-14 11:33:33.361  1813  1813 I art     : System.exit called, status: 1
08-14 11:33:33.361  1813  1813 I AndroidRuntime: VM exiting with result code 1.
08-14 11:33:33.509  1826  1826 D AndroidRuntime: >>>>>> START com.android.internal.os.RuntimeInit uid 0 <<<<<<
08-14 11:33:33.510  1826  1826 D AndroidRuntime: CheckJNI is OFF
08-14 11:33:33.520  1826  1826 D ICU     : No timezone override file found: /data/misc/zoneinfo/current/icu/icu_tzdata.dat
08-14 11:33:33.533  1826  1826 E memtrack: Couldn't load memtrack module (No such file or directory)
08-14 11:33:33.533  1826  1826 E android.os.Debug: failed to load memtrack module: -2
08-14 11:33:33.534  1826  1826 I Radio-JNI: register_android_hardware_Radio DONE
08-14 11:33:33.540  1826  1826 D AndroidRuntime: Calling main entry com.android.commands.pm.Pm
08-14 11:33:33.555   618   644 I ActivityManager: Start proc 1834:com.android.defcontainer/u0a4 for service com.android.defcontainer/.DefaultContainerService
08-14 11:33:33.583  1834  1834 E libprocessgroup: failed to make and chown /acct/uid_10004: Read-only file system
08-14 11:33:33.583  1834  1834 W Zygote  : createProcessGroup failed, kernel missing CONFIG_CGROUP_CPUACCT?
08-14 11:33:33.592   618   631 I UsageStatsService: User[0] Flushing usage stats to disk
08-14 11:33:33.604   618   631 I UsageStatsDatabase: Time changed by +3s117ms. files deleted: 0 files moved: 4
08-14 11:33:33.605  1834  1845 D DefContainer: Copying /data/local/tmp/2048-debug_COMPLEX.apk to base.apk
08-14 11:33:33.611   618   631 I UsageStatsService: User[0] Rollover scheduled @ 2019-08-15 00:00:00(1565827200000)
08-14 11:33:33.628   618   644 I PackageManager.DexOptimizer: Running dexopt (dex2oat) on: /data/app/vmdl1313718076.tmp/base.apk pkg=com.uberspot.a2048 isa=x86 vmSafeMode=false debuggable=true oatDir = /data/app/vmdl1313718076.tmp/oat
08-14 11:33:33.634  1848  1848 W dex2oat : Unexpected CPU variant for X86 using defaults: x86
08-14 11:33:33.634  1848  1848 I dex2oat : /system/bin/dex2oat --debuggable
08-14 11:33:33.634  1848  1848 E cutils-trace: Error opening trace file: Permission denied (13)
08-14 11:33:33.936  1848  1848 I dex2oat : dex2oat took 302.422ms (threads: 4) arena alloc=273KB java alloc=1314KB native alloc=7MB free=2MB
08-14 11:33:33.983   618   644 V BackupManagerService: restoreAtInstall pkg=com.uberspot.a2048 token=1 restoreSet=0
08-14 11:33:33.983   618   644 V BackupManagerService: Finishing install immediately
08-14 11:33:33.983   618   644 W Settings: Setting install_non_market_apps has moved from android.provider.Settings.Global to android.provider.Settings.Secure, returning read-only value.
08-14 11:33:33.983   618   644 I art     : Starting a blocking GC Explicit
08-14 11:33:33.992   618   644 I art     : Explicit concurrent mark sweep GC freed 20512(1375KB) AllocSpace objects, 15(300KB) LOS objects, 33% free, 5MB/8MB, paused 237us total 8.935ms
08-14 11:33:33.994  1826  1826 I art     : System.exit called, status: 0
08-14 11:33:33.994  1826  1826 I AndroidRuntime: VM exiting with result code 0.
08-14 11:33:33.999   618   662 I InputReader: Reconfiguring input devices.  changes=0x00000010
08-14 11:33:34.006   998   998 D CarrierServiceBindHelper: Receive action: android.intent.action.PACKAGE_ADDED
08-14 11:33:34.007   998   998 D CarrierServiceBindHelper: mHandler: 3
08-14 11:33:34.007   998   998 D CarrierConfigLoader: mHandler: 9 phoneId: 0
08-14 11:33:34.021   618   745 I ActivityManager: Start proc 1868:com.svox.pico/u0a50 for broadcast com.svox.pico/.VoiceDataInstallerReceiver
08-14 11:33:34.024   618   631 W VoiceInteractionManagerService: no available voice recognition services found for user 0
08-14 11:33:34.046  1868  1868 E libprocessgroup: failed to make and chown /acct/uid_10050: Read-only file system
08-14 11:33:34.046  1868  1868 W Zygote  : createProcessGroup failed, kernel missing CONFIG_CGROUP_CPUACCT?
08-14 11:33:34.066   618  1094 I ActivityManager: Killing 1595:com.android.dialer/u0a5 (adj 15): empty #17
08-14 11:33:34.066   618  1094 W libprocessgroup: failed to open /acct/uid_10005/pid_1595/cgroup.procs: No such file or directory
08-14 11:33:34.181  1875  1875 D AndroidRuntime: >>>>>> START com.android.internal.os.RuntimeInit uid 0 <<<<<<
08-14 11:33:34.182  1875  1875 D AndroidRuntime: CheckJNI is OFF
08-14 11:33:34.190  1875  1875 D ICU     : No timezone override file found: /data/misc/zoneinfo/current/icu/icu_tzdata.dat
08-14 11:33:34.200  1875  1875 E memtrack: Couldn't load memtrack module (No such file or directory)
08-14 11:33:34.200  1875  1875 E android.os.Debug: failed to load memtrack module: -2
08-14 11:33:34.200  1875  1875 I Radio-JNI: register_android_hardware_Radio DONE
08-14 11:33:34.205  1875  1875 D AndroidRuntime: Calling main entry com.android.commands.monkey.Monkey
08-14 11:33:34.214   618   632 W BroadcastQueue: Skipping deliver [background] BroadcastRecord{c053c8a u-1 android.net.conn.CONNECTIVITY_CHANGE} to ReceiverList{36902fb 1875 (unknown name)/0/u-1 remote:b163c2c}: process crashing
08-14 11:33:34.217   618   744 I ActivityManager: START u0 {act=android.intent.action.MAIN cat=[android.intent.category.LAUNCHER] flg=0x10200000 cmp=com.uberspot.a2048/.MainActivity} from uid 0 on display 0
08-14 11:33:34.234   618   745 I ActivityManager: Start proc 1894:com.uberspot.a2048/u0a60 for activity com.uberspot.a2048/.MainActivity
08-14 11:33:34.237  1875  1875 I art     : System.exit called, status: 0
08-14 11:33:34.237  1875  1875 I AndroidRuntime: VM exiting with result code 0.
08-14 11:33:34.254  1894  1894 E libprocessgroup: failed to make and chown /acct/uid_10060: Read-only file system
08-14 11:33:34.254  1894  1894 W Zygote  : createProcessGroup failed, kernel missing CONFIG_CGROUP_CPUACCT?
08-14 11:33:34.254  1894  1894 I art     : Late-enabling -Xcheck:jni
08-14 11:33:34.274  1894  1894 W System  : ClassLoader referenced unknown path: /data/app/com.uberspot.a2048-1/lib/x86
08-14 11:33:34.277  1894  1894 D leak-0  : Eastern Standard Time
08-14 11:33:34.277  1894  1894 D leak-1  : Eastern Standard Time
08-14 11:33:34.277  1894  1894 D leak-14 : Eastern Standard Time
08-14 11:33:34.279  1894  1894 D leak-15 : Eastern Standard Time
08-14 11:33:34.279  1894  1894 D leak-16 : Eastern Standard Time
08-14 11:33:34.279  1894  1894 D leak-2  : Eastern Standard Time
08-14 11:33:34.280  1894  1894 D leak-4  : Eastern Standard Time
08-14 11:33:34.285  1894  1894 V WebViewFactory: webViewPackageName: com.android.webview
08-14 11:33:34.286  1894  1894 I WebViewFactory: Loading com.android.webview version 44.0.2403.119 (code 246011910)
08-14 11:33:34.298  1894  1894 W System  : ClassLoader referenced unknown path: /system/app/webview/lib/x86
08-14 11:33:34.352  1894  1894 I LibraryLoader: Time to load native libraries: 26 ms (timestamps 2208-2234)
08-14 11:33:34.353  1894  1894 I LibraryLoader: Expected native library version number "",actual native library version number ""
08-14 11:33:34.374  1894  1894 V WebViewChromiumFactoryProvider: Binding Chromium to main looper Looper (main, tid 1) {abf2ee7}
08-14 11:33:34.374  1894  1894 I LibraryLoader: Expected native library version number "",actual native library version number ""
08-14 11:33:34.378  1894  1894 I chromium: [INFO:library_loader_hooks.cc(120)] Chromium logging enabled: level = 0, default verbosity = 0
08-14 11:33:34.389  1894  1894 I BrowserStartupController: Initializing chromium process, singleProcess=true
08-14 11:33:34.395  1894  1894 W art     : Attempt to remove non-JNI local reference, dumping thread
08-14 11:33:34.402  1894  1894 E SysUtils: ApplicationContext is null in ApplicationStatus
08-14 11:33:34.469  1894  1894 W chromium: [WARNING:resource_bundle.cc(285)] locale_file_path.empty()
08-14 11:33:34.474  1894  1894 D libEGL  : loaded /system/lib/egl/libEGL_emulation.so
08-14 11:33:34.475  1894  1894 D libEGL  : loaded /system/lib/egl/libGLESv1_CM_emulation.so
08-14 11:33:34.479  1894  1894 D libEGL  : loaded /system/lib/egl/libGLESv2_emulation.so
08-14 11:33:34.484  1894  1894 E libEGL  : validate_display:255 error 3008 (EGL_BAD_DISPLAY)
08-14 11:33:34.484  1894  1894 E libEGL  : validate_display:255 error 3008 (EGL_BAD_DISPLAY)
08-14 11:33:34.484  1894  1894 D         : HostConnection::get() New Host Connection established 0xe9b5e8c0, tid 1894
08-14 11:33:34.629  1894  1894 E eglCodecCommon: glUtilsParamSize: unknow param 0x00008d57
08-14 11:33:34.699  1894  1924 W AudioManagerAndroid: Requires BLUETOOTH permission
08-14 11:33:34.748  1894  1894 E DataReductionProxySettingListener: No DRP key due to exception:java.lang.ClassNotFoundException: com.android.webview.chromium.Drp
08-14 11:33:34.821  1894  1894 W art     : Attempt to remove non-JNI local reference, dumping thread
08-14 11:33:34.827  1894  1894 W AwContents: onDetachedFromWindow called when already detached. Ignoring
08-14 11:33:34.828  1894  1894 D leak-5  : Eastern Standard Time
08-14 11:33:34.830  1894  1894 W art     : Attempt to remove non-JNI local reference, dumping thread
08-14 11:33:34.832  1894  1894 W AwContents: onDetachedFromWindow called when already detached. Ignoring
08-14 11:33:34.890  1550  1624 E Surface : getSlotFromBufferLocked: unknown buffer: 0xe1207f80
08-14 11:33:34.915  1894  1934 D OpenGLRenderer: Use EGL_SWAP_BEHAVIOR_PRESERVED: true
08-14 11:33:34.925  1894  1894 D leak-7  : Eastern Standard Time
08-14 11:33:34.940  1894  1922 W chromium: [WARNING:data_reduction_proxy_config.cc(423)] SPDY proxy OFF at startup
08-14 11:33:34.970  1894  1934 I OpenGLRenderer: Initialized EGL, version 1.4
08-14 11:33:34.970  1894  1934 D         : HostConnection::get() New Host Connection established 0xdf06c3e0, tid 1934
08-14 11:33:35.007  1894  1934 W EGL_emulation: eglSurfaceAttrib not implemented
08-14 11:33:35.007  1894  1934 W OpenGLRenderer: Failed to set EGL_SWAP_BEHAVIOR on surface 0xdf03eec0, error=EGL_SUCCESS
08-14 11:33:35.020   588  1650 D         : HostConnection::get() New Host Connection established 0xf6c3e380, tid 1650
08-14 11:33:35.041  1894  1934 W EGL_emulation: eglSurfaceAttrib not implemented
08-14 11:33:35.042  1894  1934 W OpenGLRenderer: Failed to set EGL_SWAP_BEHAVIOR on surface 0xdf03eee0, error=EGL_SUCCESS
08-14 11:33:35.399  1894  1894 W art     : Attempt to remove non-JNI local reference, dumping thread
08-14 11:33:35.399  1894  1894 W art     : Attempt to remove non-JNI local reference, dumping thread
08-14 11:33:35.572   618   639 I ActivityManager: Displayed com.uberspot.a2048/.MainActivity: +1s349ms
08-14 11:33:35.574  1894  1934 W EGL_emulation: eglSurfaceAttrib not implemented
08-14 11:33:35.574  1894  1934 W OpenGLRenderer: Failed to set EGL_SWAP_BEHAVIOR on surface 0xde5a7680, error=EGL_SUCCESS
08-14 11:33:35.582  1894  1894 W art     : Attempt to remove non-JNI local reference, dumping thread
08-14 11:33:35.667  1894  1934 V RenderScript: 0xde4b0000 Launching thread(s), CPUs 4
08-14 11:33:35.675  1894  1894 W art     : Attempt to remove non-JNI local reference, dumping thread
08-14 11:33:35.738  1894  1894 W art     : Attempt to remove non-JNI local reference, dumping thread
08-14 11:33:35.771  1894  1945 D         : HostConnection::get() New Host Connection established 0xdf8bfe80, tid 1945
08-14 11:33:35.785  1894  1894 W BindingManager: Cannot call determinedVisibility() - never saw a connection for the pid: 1894
08-14 11:33:35.786  1894  1894 W art     : Attempt to remove non-JNI local reference, dumping thread
08-14 11:33:35.787  1894  1928 E AndroidProtocolHandler: Unable to open asset URL: file:///android_asset/2048/index.html?lang=en
08-14 11:33:35.826  1894  1894 W art     : Attempt to remove non-JNI local reference, dumping thread
08-14 11:33:35.875  1894  1894 W art     : Attempt to remove non-JNI local reference, dumping thread
08-14 11:33:35.906  1894  1894 W art     : Attempt to remove non-JNI local reference, dumping thread
08-14 11:33:35.970  1894  1894 W art     : Attempt to remove non-JNI local reference, dumping thread
08-14 11:33:36.011  1894  1894 W art     : Attempt to remove non-JNI local reference, dumping thread
08-14 11:33:36.064  1894  1894 W art     : Attempt to remove non-JNI local reference, dumping thread
08-14 11:33:36.128  1894  1894 W art     : Attempt to remove non-JNI local reference, dumping thread
08-14 11:33:36.194  1894  1894 W art     : Attempt to remove non-JNI local reference, dumping thread
08-14 11:33:36.235  1894  1894 W art     : Attempt to remove non-JNI local reference, dumping thread
08-14 11:33:36.279  1894  1894 W art     : Attempt to remove non-JNI local reference, dumping thread
08-14 11:33:36.314  1894  1894 W art     : Attempt to remove non-JNI local reference, dumping thread
08-14 11:33:36.354  1894  1894 W art     : Attempt to remove non-JNI local reference, dumping thread
08-14 11:33:36.395  1894  1894 W art     : Attempt to remove non-JNI local reference, dumping thread
08-14 11:33:36.452  1894  1894 W art     : Attempt to remove non-JNI local reference, dumping thread
08-14 11:33:36.503  1894  1894 W art     : Attempt to remove non-JNI local reference, dumping thread
08-14 11:33:36.562  1894  1894 W art     : Attempt to remove non-JNI local reference, dumping thread
08-14 11:33:36.640  1894  1894 W art     : Attempt to remove non-JNI local reference, dumping thread
08-14 11:33:36.694  1894  1894 W BindingManager: Cannot call determinedVisibility() - never saw a connection for the pid: 1894
08-14 11:33:36.697  1894  1894 W art     : Attempt to remove non-JNI local reference, dumping thread
08-14 11:33:36.741  1894  1894 W BindingManager: Cannot call determinedVisibility() - never saw a connection for the pid: 1894
08-14 11:33:36.744  1894  1894 W art     : Attempt to remove non-JNI local reference, dumping thread
08-14 11:33:36.780  1894  1894 I chromium: [INFO:CONSOLE(0)] "Not allowed to load local resource: file:///android_asset/webkit/android-weberror.png", source: data:text/html,chromewebdata (0)
08-14 11:33:36.803  1894  1934 E Surface : getSlotFromBufferLocked: unknown buffer: 0xdea42770
08-14 11:33:36.810  1894  1934 W EGL_emulation: eglSurfaceAttrib not implemented
08-14 11:33:36.810  1894  1934 W OpenGLRenderer: Failed to set EGL_SWAP_BEHAVIOR on surface 0xdf03eec0, error=EGL_SUCCESS
08-14 11:33:36.818  1894  1894 W art     : Attempt to remove non-JNI local reference, dumping thread
08-14 11:33:36.836  1894  1894 W art     : Attempt to remove non-JNI local reference, dumping thread
08-14 11:33:36.896  1894  1894 W art     : Attempt to remove non-JNI local reference, dumping thread
08-14 11:33:36.900  1894  1894 W art     : Attempt to remove non-JNI local reference, dumping thread
08-14 11:33:36.973  1894  1894 W art     : Attempt to remove non-JNI local reference, dumping thread
08-14 11:33:37.040  1894  1934 E Surface : getSlotFromBufferLocked: unknown buffer: 0xdea44220
08-14 11:33:37.048  1894  1894 W art     : Attempt to remove non-JNI local reference, dumping thread
08-14 11:33:37.094  1894  1894 W art     : Attempt to remove non-JNI local reference, dumping thread
08-14 11:33:39.387  1947  1947 D AndroidRuntime: >>>>>> START com.android.internal.os.RuntimeInit uid 0 <<<<<<
08-14 11:33:39.388  1947  1947 D AndroidRuntime: CheckJNI is OFF
08-14 11:33:39.397  1947  1947 D ICU     : No timezone override file found: /data/misc/zoneinfo/current/icu/icu_tzdata.dat
08-14 11:33:39.407  1947  1947 E memtrack: Couldn't load memtrack module (No such file or directory)
08-14 11:33:39.407  1947  1947 E android.os.Debug: failed to load memtrack module: -2
08-14 11:33:39.407  1947  1947 I Radio-JNI: register_android_hardware_Radio DONE
08-14 11:33:39.413  1947  1947 D AndroidRuntime: Calling main entry com.android.commands.content.Content
08-14 11:33:39.416  1947  1947 D AndroidRuntime: Shutting down VM
08-14 11:33:39.759  1956  1956 D AndroidRuntime: >>>>>> START com.android.internal.os.RuntimeInit uid 0 <<<<<<
08-14 11:33:39.760  1956  1956 D AndroidRuntime: CheckJNI is OFF
08-14 11:33:39.768  1956  1956 D ICU     : No timezone override file found: /data/misc/zoneinfo/current/icu/icu_tzdata.dat
08-14 11:33:39.777  1956  1956 E memtrack: Couldn't load memtrack module (No such file or directory)
08-14 11:33:39.777  1956  1956 E android.os.Debug: failed to load memtrack module: -2
08-14 11:33:39.779  1956  1956 I Radio-JNI: register_android_hardware_Radio DONE
08-14 11:33:39.784  1956  1956 D AndroidRuntime: Calling main entry com.android.commands.content.Content
08-14 11:33:39.788  1956  1956 D AndroidRuntime: Shutting down VM
08-14 11:33:40.762  1977  1977 D AndroidRuntime: >>>>>> START com.android.internal.os.RuntimeInit uid 0 <<<<<<
08-14 11:33:40.763  1977  1977 D AndroidRuntime: CheckJNI is OFF
08-14 11:33:40.771  1977  1977 D ICU     : No timezone override file found: /data/misc/zoneinfo/current/icu/icu_tzdata.dat
08-14 11:33:40.782  1977  1977 E memtrack: Couldn't load memtrack module (No such file or directory)
08-14 11:33:40.782  1977  1977 E android.os.Debug: failed to load memtrack module: -2
08-14 11:33:40.783  1977  1977 I Radio-JNI: register_android_hardware_Radio DONE
08-14 11:33:40.788  1977  1977 D AndroidRuntime: Calling main entry com.android.commands.uiautomator.Launcher
08-14 11:33:41.834  1894  1894 W art     : Attempt to remove non-JNI local reference, dumping thread
08-14 11:33:41.865  1894  1894 W art     : Attempt to remove non-JNI local reference, dumping thread
08-14 11:33:41.912  1977  1977 I AccessibilityNodeInfoDumper: Skipping invisible child: android.view.accessibility.AccessibilityNodeInfo@8000a8d0; boundsInParent: Rect(0, 0 - 274, 0); boundsInScreen: Rect(875, 1422 - 1149, 1422); packageName: com.uberspot.a2048; className: android.widget.LinearLayout; text: null; error: null; maxTextLength: -1; contentDescription: null; viewIdResName: android:id/rightSpacer; checkable: false; checked: false; focusable: false; focused: false; selected: false; clickable: false; longClickable: false; contextClickable: false; enabled: true; password: false; scrollable: false; actions: [AccessibilityAction: ACTION_SELECT - null, AccessibilityAction: ACTION_CLEAR_SELECTION - null, AccessibilityAction: ACTION_ACCESSIBILITY_FOCUS - null, AccessibilityAction: ACTION_UNKNOWN - null]
08-14 11:33:41.912  1977  1977 I AccessibilityNodeInfoDumper: Skipping invisible child: android.view.accessibility.AccessibilityNodeInfo@8000ac91; boundsInParent: Rect(0, 0 - 273, 0); boundsInScreen: Rect(55, 1422 - 328, 1422); packageName: com.uberspot.a2048; className: android.widget.LinearLayout; text: null; error: null; maxTextLength: -1; contentDescription: null; viewIdResName: android:id/leftSpacer; checkable: false; checked: false; focusable: false; focused: false; selected: false; clickable: false; longClickable: false; contextClickable: false; enabled: true; password: false; scrollable: false; actions: [AccessibilityAction: ACTION_SELECT - null, AccessibilityAction: ACTION_CLEAR_SELECTION - null, AccessibilityAction: ACTION_ACCESSIBILITY_FOCUS - null, AccessibilityAction: ACTION_UNKNOWN - null]
08-14 11:33:41.912  1977  1977 W AccessibilityNodeInfoDumper: Fetch time: 104ms
08-14 11:33:41.913   618   629 W WindowManager: Attempted to remove non-existing token: android.os.Binder@af9f4ec
08-14 11:33:41.915  1977  1977 D AndroidRuntime: Shutting down VM
08-14 11:33:41.925  1894  1894 W art     : Attempt to remove non-JNI local reference, dumping thread
08-14 11:33:41.954  1894  1894 W art     : Attempt to remove non-JNI local reference, dumping thread
08-14 11:33:42.356  1995  1995 D AndroidRuntime: >>>>>> START com.android.internal.os.RuntimeInit uid 0 <<<<<<
08-14 11:33:42.358  1995  1995 D AndroidRuntime: CheckJNI is OFF
08-14 11:33:42.367  1995  1995 D ICU     : No timezone override file found: /data/misc/zoneinfo/current/icu/icu_tzdata.dat
08-14 11:33:42.377  1995  1995 E memtrack: Couldn't load memtrack module (No such file or directory)
08-14 11:33:42.377  1995  1995 E android.os.Debug: failed to load memtrack module: -2
08-14 11:33:42.378  1995  1995 I Radio-JNI: register_android_hardware_Radio DONE
08-14 11:33:42.383  1995  1995 D AndroidRuntime: Calling main entry com.android.commands.uiautomator.Launcher
08-14 11:33:43.399  1995  1995 I AccessibilityNodeInfoDumper: Skipping invisible child: android.view.accessibility.AccessibilityNodeInfo@8000a8d6; boundsInParent: Rect(0, 0 - 274, 0); boundsInScreen: Rect(875, 1422 - 1149, 1422); packageName: com.uberspot.a2048; className: android.widget.LinearLayout; text: null; error: null; maxTextLength: -1; contentDescription: null; viewIdResName: android:id/rightSpacer; checkable: false; checked: false; focusable: false; focused: false; selected: false; clickable: false; longClickable: false; contextClickable: false; enabled: true; password: false; scrollable: false; actions: [AccessibilityAction: ACTION_SELECT - null, AccessibilityAction: ACTION_CLEAR_SELECTION - null, AccessibilityAction: ACTION_ACCESSIBILITY_FOCUS - null, AccessibilityAction: ACTION_UNKNOWN - null]
08-14 11:33:43.399  1995  1995 I AccessibilityNodeInfoDumper: Skipping invisible child: android.view.accessibility.AccessibilityNodeInfo@8000ac97; boundsInParent: Rect(0, 0 - 273, 0); boundsInScreen: Rect(55, 1422 - 328, 1422); packageName: com.uberspot.a2048; className: android.widget.LinearLayout; text: null; error: null; maxTextLength: -1; contentDescription: null; viewIdResName: android:id/leftSpacer; checkable: false; checked: false; focusable: false; focused: false; selected: false; clickable: false; longClickable: false; contextClickable: false; enabled: true; password: false; scrollable: false; actions: [AccessibilityAction: ACTION_SELECT - null, AccessibilityAction: ACTION_CLEAR_SELECTION - null, AccessibilityAction: ACTION_ACCESSIBILITY_FOCUS - null, AccessibilityAction: ACTION_UNKNOWN - null]
08-14 11:33:43.400  1995  1995 W AccessibilityNodeInfoDumper: Fetch time: 7ms
08-14 11:33:43.400   618  1084 W WindowManager: Attempted to remove non-existing token: android.os.Binder@f9560b5
08-14 11:33:43.402  1995  1995 D AndroidRuntime: Shutting down VM
08-14 11:33:43.659   618   745 I ActivityManager: Killing 1627:com.android.managedprovisioning/u0a9 (adj 15): empty #17
08-14 11:33:43.659   618   745 W libprocessgroup: failed to open /acct/uid_10009/pid_1627/cgroup.procs: No such file or directory
08-14 11:33:44.020   618   662 I InputReader: Reconfiguring input devices.  changes=0x00000010
08-14 11:33:44.398  2019  2019 D AndroidRuntime: >>>>>> START com.android.internal.os.RuntimeInit uid 0 <<<<<<
08-14 11:33:44.400  2019  2019 D AndroidRuntime: CheckJNI is OFF
08-14 11:33:44.408  2019  2019 D ICU     : No timezone override file found: /data/misc/zoneinfo/current/icu/icu_tzdata.dat
08-14 11:33:44.420  2019  2019 E memtrack: Couldn't load memtrack module (No such file or directory)
08-14 11:33:44.420  2019  2019 E android.os.Debug: failed to load memtrack module: -2
08-14 11:33:44.421  2019  2019 I Radio-JNI: register_android_hardware_Radio DONE
08-14 11:33:44.426  2019  2019 D AndroidRuntime: Calling main entry com.android.commands.uiautomator.Launcher
08-14 11:33:45.444  2019  2019 I AccessibilityNodeInfoDumper: Skipping invisible child: android.view.accessibility.AccessibilityNodeInfo@8000a8de; boundsInParent: Rect(0, 0 - 274, 0); boundsInScreen: Rect(875, 1422 - 1149, 1422); packageName: com.uberspot.a2048; className: android.widget.LinearLayout; text: null; error: null; maxTextLength: -1; contentDescription: null; viewIdResName: android:id/rightSpacer; checkable: false; checked: false; focusable: false; focused: false; selected: false; clickable: false; longClickable: false; contextClickable: false; enabled: true; password: false; scrollable: false; actions: [AccessibilityAction: ACTION_SELECT - null, AccessibilityAction: ACTION_CLEAR_SELECTION - null, AccessibilityAction: ACTION_ACCESSIBILITY_FOCUS - null, AccessibilityAction: ACTION_UNKNOWN - null]
08-14 11:33:45.444  2019  2019 I AccessibilityNodeInfoDumper: Skipping invisible child: android.view.accessibility.AccessibilityNodeInfo@8000ac9f; boundsInParent: Rect(0, 0 - 273, 0); boundsInScreen: Rect(55, 1422 - 328, 1422); packageName: com.uberspot.a2048; className: android.widget.LinearLayout; text: null; error: null; maxTextLength: -1; contentDescription: null; viewIdResName: android:id/leftSpacer; checkable: false; checked: false; focusable: false; focused: false; selected: false; clickable: false; longClickable: false; contextClickable: false; enabled: true; password: false; scrollable: false; actions: [AccessibilityAction: ACTION_SELECT - null, AccessibilityAction: ACTION_CLEAR_SELECTION - null, AccessibilityAction: ACTION_ACCESSIBILITY_FOCUS - null, AccessibilityAction: ACTION_UNKNOWN - null]
08-14 11:33:45.444  2019  2019 W AccessibilityNodeInfoDumper: Fetch time: 5ms
08-14 11:33:45.445   618  1094 W WindowManager: Attempted to remove non-existing token: android.os.Binder@76bf584
08-14 11:33:45.447  2019  2019 D AndroidRuntime: Shutting down VM
08-14 11:33:46.497  2047  2047 D AndroidRuntime: >>>>>> START com.android.internal.os.RuntimeInit uid 0 <<<<<<
08-14 11:33:46.498  2047  2047 D AndroidRuntime: CheckJNI is OFF
08-14 11:33:46.506  2047  2047 D ICU     : No timezone override file found: /data/misc/zoneinfo/current/icu/icu_tzdata.dat
08-14 11:33:46.517  2047  2047 E memtrack: Couldn't load memtrack module (No such file or directory)
08-14 11:33:46.517  2047  2047 E android.os.Debug: failed to load memtrack module: -2
08-14 11:33:46.517  2047  2047 I Radio-JNI: register_android_hardware_Radio DONE
08-14 11:33:46.522  2047  2047 D AndroidRuntime: Calling main entry com.android.commands.uiautomator.Launcher
08-14 11:33:47.538  2047  2047 I AccessibilityNodeInfoDumper: Skipping invisible child: android.view.accessibility.AccessibilityNodeInfo@8000a8e5; boundsInParent: Rect(0, 0 - 274, 0); boundsInScreen: Rect(875, 1422 - 1149, 1422); packageName: com.uberspot.a2048; className: android.widget.LinearLayout; text: null; error: null; maxTextLength: -1; contentDescription: null; viewIdResName: android:id/rightSpacer; checkable: false; checked: false; focusable: false; focused: false; selected: false; clickable: false; longClickable: false; contextClickable: false; enabled: true; password: false; scrollable: false; actions: [AccessibilityAction: ACTION_SELECT - null, AccessibilityAction: ACTION_CLEAR_SELECTION - null, AccessibilityAction: ACTION_ACCESSIBILITY_FOCUS - null, AccessibilityAction: ACTION_UNKNOWN - null]
08-14 11:33:47.538  2047  2047 I AccessibilityNodeInfoDumper: Skipping invisible child: android.view.accessibility.AccessibilityNodeInfo@8000aca6; boundsInParent: Rect(0, 0 - 273, 0); boundsInScreen: Rect(55, 1422 - 328, 1422); packageName: com.uberspot.a2048; className: android.widget.LinearLayout; text: null; error: null; maxTextLength: -1; contentDescription: null; viewIdResName: android:id/leftSpacer; checkable: false; checked: false; focusable: false; focused: false; selected: false; clickable: false; longClickable: false; contextClickable: false; enabled: true; password: false; scrollable: false; actions: [AccessibilityAction: ACTION_SELECT - null, AccessibilityAction: ACTION_CLEAR_SELECTION - null, AccessibilityAction: ACTION_ACCESSIBILITY_FOCUS - null, AccessibilityAction: ACTION_UNKNOWN - null]
08-14 11:33:47.539  2047  2047 W AccessibilityNodeInfoDumper: Fetch time: 6ms
08-14 11:33:47.540   618  1084 W WindowManager: Attempted to remove non-existing token: android.os.Binder@5ddf16d
08-14 11:33:47.543  2047  2047 D AndroidRuntime: Shutting down VM
08-14 11:33:48.566  2073  2073 D AndroidRuntime: >>>>>> START com.android.internal.os.RuntimeInit uid 0 <<<<<<
08-14 11:33:48.567  2073  2073 D AndroidRuntime: CheckJNI is OFF
08-14 11:33:48.575  2073  2073 D ICU     : No timezone override file found: /data/misc/zoneinfo/current/icu/icu_tzdata.dat
08-14 11:33:48.587  2073  2073 E memtrack: Couldn't load memtrack module (No such file or directory)
08-14 11:33:48.587  2073  2073 E android.os.Debug: failed to load memtrack module: -2
08-14 11:33:48.588  2073  2073 I Radio-JNI: register_android_hardware_Radio DONE
08-14 11:33:48.594  2073  2073 D AndroidRuntime: Calling main entry com.android.commands.uiautomator.Launcher
08-14 11:33:49.610  2073  2073 I AccessibilityNodeInfoDumper: Skipping invisible child: android.view.accessibility.AccessibilityNodeInfo@8000a8ec; boundsInParent: Rect(0, 0 - 274, 0); boundsInScreen: Rect(875, 1422 - 1149, 1422); packageName: com.uberspot.a2048; className: android.widget.LinearLayout; text: null; error: null; maxTextLength: -1; contentDescription: null; viewIdResName: android:id/rightSpacer; checkable: false; checked: false; focusable: false; focused: false; selected: false; clickable: false; longClickable: false; contextClickable: false; enabled: true; password: false; scrollable: false; actions: [AccessibilityAction: ACTION_SELECT - null, AccessibilityAction: ACTION_CLEAR_SELECTION - null, AccessibilityAction: ACTION_ACCESSIBILITY_FOCUS - null, AccessibilityAction: ACTION_UNKNOWN - null]
08-14 11:33:49.610  2073  2073 I AccessibilityNodeInfoDumper: Skipping invisible child: android.view.accessibility.AccessibilityNodeInfo@8000acad; boundsInParent: Rect(0, 0 - 273, 0); boundsInScreen: Rect(55, 1422 - 328, 1422); packageName: com.uberspot.a2048; className: android.widget.LinearLayout; text: null; error: null; maxTextLength: -1; contentDescription: null; viewIdResName: android:id/leftSpacer; checkable: false; checked: false; focusable: false; focused: false; selected: false; clickable: false; longClickable: false; contextClickable: false; enabled: true; password: false; scrollable: false; actions: [AccessibilityAction: ACTION_SELECT - null, AccessibilityAction: ACTION_CLEAR_SELECTION - null, AccessibilityAction: ACTION_ACCESSIBILITY_FOCUS - null, AccessibilityAction: ACTION_UNKNOWN - null]
08-14 11:33:49.611  2073  2073 W AccessibilityNodeInfoDumper: Fetch time: 7ms
08-14 11:33:49.611   618   629 W WindowManager: Attempted to remove non-existing token: android.os.Binder@19ae33
08-14 11:33:49.613  2073  2073 D AndroidRuntime: Shutting down VM
08-14 11:33:50.023  2091  2091 D AndroidRuntime: >>>>>> START com.android.internal.os.RuntimeInit uid 0 <<<<<<
08-14 11:33:50.024  2091  2091 D AndroidRuntime: CheckJNI is OFF
08-14 11:33:50.034  2091  2091 D ICU     : No timezone override file found: /data/misc/zoneinfo/current/icu/icu_tzdata.dat
08-14 11:33:50.046  2091  2091 E memtrack: Couldn't load memtrack module (No such file or directory)
08-14 11:33:50.046  2091  2091 E android.os.Debug: failed to load memtrack module: -2
08-14 11:33:50.047  2091  2091 I Radio-JNI: register_android_hardware_Radio DONE
08-14 11:33:50.052  2091  2091 D AndroidRuntime: Calling main entry com.android.commands.uiautomator.Launcher
08-14 11:33:51.069  2091  2091 I AccessibilityNodeInfoDumper: Skipping invisible child: android.view.accessibility.AccessibilityNodeInfo@8000a8f4; boundsInParent: Rect(0, 0 - 274, 0); boundsInScreen: Rect(875, 1422 - 1149, 1422); packageName: com.uberspot.a2048; className: android.widget.LinearLayout; text: null; error: null; maxTextLength: -1; contentDescription: null; viewIdResName: android:id/rightSpacer; checkable: false; checked: false; focusable: false; focused: false; selected: false; clickable: false; longClickable: false; contextClickable: false; enabled: true; password: false; scrollable: false; actions: [AccessibilityAction: ACTION_SELECT - null, AccessibilityAction: ACTION_CLEAR_SELECTION - null, AccessibilityAction: ACTION_ACCESSIBILITY_FOCUS - null, AccessibilityAction: ACTION_UNKNOWN - null]
08-14 11:33:51.069  2091  2091 I AccessibilityNodeInfoDumper: Skipping invisible child: android.view.accessibility.AccessibilityNodeInfo@8000acb5; boundsInParent: Rect(0, 0 - 273, 0); boundsInScreen: Rect(55, 1422 - 328, 1422); packageName: com.uberspot.a2048; className: android.widget.LinearLayout; text: null; error: null; maxTextLength: -1; contentDescription: null; viewIdResName: android:id/leftSpacer; checkable: false; checked: false; focusable: false; focused: false; selected: false; clickable: false; longClickable: false; contextClickable: false; enabled: true; password: false; scrollable: false; actions: [AccessibilityAction: ACTION_SELECT - null, AccessibilityAction: ACTION_CLEAR_SELECTION - null, AccessibilityAction: ACTION_ACCESSIBILITY_FOCUS - null, AccessibilityAction: ACTION_UNKNOWN - null]
08-14 11:33:51.070  2091  2091 W AccessibilityNodeInfoDumper: Fetch time: 7ms
08-14 11:33:51.070   618   744 W WindowManager: Attempted to remove non-existing token: android.os.Binder@c74e5f0
08-14 11:33:51.073  2091  2091 D AndroidRuntime: Shutting down VM
08-14 11:33:52.134  2114  2114 D AndroidRuntime: >>>>>> START com.android.internal.os.RuntimeInit uid 0 <<<<<<
08-14 11:33:52.135  2114  2114 D AndroidRuntime: CheckJNI is OFF
08-14 11:33:52.142  2114  2114 D ICU     : No timezone override file found: /data/misc/zoneinfo/current/icu/icu_tzdata.dat
08-14 11:33:52.155  2114  2114 E memtrack: Couldn't load memtrack module (No such file or directory)
08-14 11:33:52.155  2114  2114 E android.os.Debug: failed to load memtrack module: -2
08-14 11:33:52.156  2114  2114 I Radio-JNI: register_android_hardware_Radio DONE
08-14 11:33:52.161  2114  2114 D AndroidRuntime: Calling main entry com.android.commands.uiautomator.Launcher
08-14 11:33:53.177  2114  2114 I AccessibilityNodeInfoDumper: Skipping invisible child: android.view.accessibility.AccessibilityNodeInfo@8000a8f9; boundsInParent: Rect(0, 0 - 274, 0); boundsInScreen: Rect(875, 1422 - 1149, 1422); packageName: com.uberspot.a2048; className: android.widget.LinearLayout; text: null; error: null; maxTextLength: -1; contentDescription: null; viewIdResName: android:id/rightSpacer; checkable: false; checked: false; focusable: false; focused: false; selected: false; clickable: false; longClickable: false; contextClickable: false; enabled: true; password: false; scrollable: false; actions: [AccessibilityAction: ACTION_SELECT - null, AccessibilityAction: ACTION_CLEAR_SELECTION - null, AccessibilityAction: ACTION_ACCESSIBILITY_FOCUS - null, AccessibilityAction: ACTION_UNKNOWN - null]
08-14 11:33:53.177  2114  2114 I AccessibilityNodeInfoDumper: Skipping invisible child: android.view.accessibility.AccessibilityNodeInfo@8000acba; boundsInParent: Rect(0, 0 - 273, 0); boundsInScreen: Rect(55, 1422 - 328, 1422); packageName: com.uberspot.a2048; className: android.widget.LinearLayout; text: null; error: null; maxTextLength: -1; contentDescription: null; viewIdResName: android:id/leftSpacer; checkable: false; checked: false; focusable: false; focused: false; selected: false; clickable: false; longClickable: false; contextClickable: false; enabled: true; password: false; scrollable: false; actions: [AccessibilityAction: ACTION_SELECT - null, AccessibilityAction: ACTION_CLEAR_SELECTION - null, AccessibilityAction: ACTION_ACCESSIBILITY_FOCUS - null, AccessibilityAction: ACTION_UNKNOWN - null]
08-14 11:33:53.178  2114  2114 W AccessibilityNodeInfoDumper: Fetch time: 7ms
08-14 11:33:53.179   618   745 W WindowManager: Attempted to remove non-existing token: android.os.Binder@3753769
08-14 11:33:53.181  2114  2114 D AndroidRuntime: Shutting down VM
08-14 11:33:53.614  2132  2132 D AndroidRuntime: >>>>>> START com.android.internal.os.RuntimeInit uid 0 <<<<<<
08-14 11:33:53.616  2132  2132 D AndroidRuntime: CheckJNI is OFF
08-14 11:33:53.625  2132  2132 D ICU     : No timezone override file found: /data/misc/zoneinfo/current/icu/icu_tzdata.dat
08-14 11:33:53.636  2132  2132 E memtrack: Couldn't load memtrack module (No such file or directory)
08-14 11:33:53.636  2132  2132 E android.os.Debug: failed to load memtrack module: -2
08-14 11:33:53.637  2132  2132 I Radio-JNI: register_android_hardware_Radio DONE
08-14 11:33:53.643  2132  2132 D AndroidRuntime: Calling main entry com.android.commands.uiautomator.Launcher
08-14 11:33:54.658  2132  2132 I AccessibilityNodeInfoDumper: Skipping invisible child: android.view.accessibility.AccessibilityNodeInfo@8000a900; boundsInParent: Rect(0, 0 - 274, 0); boundsInScreen: Rect(875, 1422 - 1149, 1422); packageName: com.uberspot.a2048; className: android.widget.LinearLayout; text: null; error: null; maxTextLength: -1; contentDescription: null; viewIdResName: android:id/rightSpacer; checkable: false; checked: false; focusable: false; focused: false; selected: false; clickable: false; longClickable: false; contextClickable: false; enabled: true; password: false; scrollable: false; actions: [AccessibilityAction: ACTION_SELECT - null, AccessibilityAction: ACTION_CLEAR_SELECTION - null, AccessibilityAction: ACTION_ACCESSIBILITY_FOCUS - null, AccessibilityAction: ACTION_UNKNOWN - null]
08-14 11:33:54.659  2132  2132 I AccessibilityNodeInfoDumper: Skipping invisible child: android.view.accessibility.AccessibilityNodeInfo@8000acc1; boundsInParent: Rect(0, 0 - 273, 0); boundsInScreen: Rect(55, 1422 - 328, 1422); packageName: com.uberspot.a2048; className: android.widget.LinearLayout; text: null; error: null; maxTextLength: -1; contentDescription: null; viewIdResName: android:id/leftSpacer; checkable: false; checked: false; focusable: false; focused: false; selected: false; clickable: false; longClickable: false; contextClickable: false; enabled: true; password: false; scrollable: false; actions: [AccessibilityAction: ACTION_SELECT - null, AccessibilityAction: ACTION_CLEAR_SELECTION - null, AccessibilityAction: ACTION_ACCESSIBILITY_FOCUS - null, AccessibilityAction: ACTION_UNKNOWN - null]
08-14 11:33:54.659  2132  2132 W AccessibilityNodeInfoDumper: Fetch time: 7ms
08-14 11:33:54.659   618   806 W WindowManager: Attempted to remove non-existing token: android.os.Binder@400c5ee
08-14 11:33:54.662  2132  2132 D AndroidRuntime: Shutting down VM
08-14 11:33:55.639  2156  2156 D AndroidRuntime: >>>>>> START com.android.internal.os.RuntimeInit uid 0 <<<<<<
08-14 11:33:55.640  2156  2156 D AndroidRuntime: CheckJNI is OFF
08-14 11:33:55.648  2156  2156 D ICU     : No timezone override file found: /data/misc/zoneinfo/current/icu/icu_tzdata.dat
08-14 11:33:55.659  2156  2156 E memtrack: Couldn't load memtrack module (No such file or directory)
08-14 11:33:55.659  2156  2156 E android.os.Debug: failed to load memtrack module: -2
08-14 11:33:55.660  2156  2156 I Radio-JNI: register_android_hardware_Radio DONE
08-14 11:33:55.665  2156  2156 D AndroidRuntime: Calling main entry com.android.commands.uiautomator.Launcher
08-14 11:33:56.681  2156  2156 I AccessibilityNodeInfoDumper: Skipping invisible child: android.view.accessibility.AccessibilityNodeInfo@8000a907; boundsInParent: Rect(0, 0 - 274, 0); boundsInScreen: Rect(875, 1422 - 1149, 1422); packageName: com.uberspot.a2048; className: android.widget.LinearLayout; text: null; error: null; maxTextLength: -1; contentDescription: null; viewIdResName: android:id/rightSpacer; checkable: false; checked: false; focusable: false; focused: false; selected: false; clickable: false; longClickable: false; contextClickable: false; enabled: true; password: false; scrollable: false; actions: [AccessibilityAction: ACTION_SELECT - null, AccessibilityAction: ACTION_CLEAR_SELECTION - null, AccessibilityAction: ACTION_ACCESSIBILITY_FOCUS - null, AccessibilityAction: ACTION_UNKNOWN - null]
08-14 11:33:56.681  2156  2156 I AccessibilityNodeInfoDumper: Skipping invisible child: android.view.accessibility.AccessibilityNodeInfo@8000acc8; boundsInParent: Rect(0, 0 - 273, 0); boundsInScreen: Rect(55, 1422 - 328, 1422); packageName: com.uberspot.a2048; className: android.widget.LinearLayout; text: null; error: null; maxTextLength: -1; contentDescription: null; viewIdResName: android:id/leftSpacer; checkable: false; checked: false; focusable: false; focused: false; selected: false; clickable: false; longClickable: false; contextClickable: false; enabled: true; password: false; scrollable: false; actions: [AccessibilityAction: ACTION_SELECT - null, AccessibilityAction: ACTION_CLEAR_SELECTION - null, AccessibilityAction: ACTION_ACCESSIBILITY_FOCUS - null, AccessibilityAction: ACTION_UNKNOWN - null]
08-14 11:33:56.682  2156  2156 W AccessibilityNodeInfoDumper: Fetch time: 6ms
08-14 11:33:56.682   618   806 W WindowManager: Attempted to remove non-existing token: android.os.Binder@4b6fa8f
08-14 11:33:56.685  2156  2156 D AndroidRuntime: Shutting down VM
08-14 11:33:57.119  2174  2174 D AndroidRuntime: >>>>>> START com.android.internal.os.RuntimeInit uid 0 <<<<<<
08-14 11:33:57.120  2174  2174 D AndroidRuntime: CheckJNI is OFF
08-14 11:33:57.129  2174  2174 D ICU     : No timezone override file found: /data/misc/zoneinfo/current/icu/icu_tzdata.dat
08-14 11:33:57.141  2174  2174 E memtrack: Couldn't load memtrack module (No such file or directory)
08-14 11:33:57.141  2174  2174 E android.os.Debug: failed to load memtrack module: -2
08-14 11:33:57.142  2174  2174 I Radio-JNI: register_android_hardware_Radio DONE
08-14 11:33:57.147  2174  2174 D AndroidRuntime: Calling main entry com.android.commands.uiautomator.Launcher
08-14 11:33:58.165  2174  2174 I AccessibilityNodeInfoDumper: Skipping invisible child: android.view.accessibility.AccessibilityNodeInfo@8000a90f; boundsInParent: Rect(0, 0 - 274, 0); boundsInScreen: Rect(875, 1422 - 1149, 1422); packageName: com.uberspot.a2048; className: android.widget.LinearLayout; text: null; error: null; maxTextLength: -1; contentDescription: null; viewIdResName: android:id/rightSpacer; checkable: false; checked: false; focusable: false; focused: false; selected: false; clickable: false; longClickable: false; contextClickable: false; enabled: true; password: false; scrollable: false; actions: [AccessibilityAction: ACTION_SELECT - null, AccessibilityAction: ACTION_CLEAR_SELECTION - null, AccessibilityAction: ACTION_ACCESSIBILITY_FOCUS - null, AccessibilityAction: ACTION_UNKNOWN - null]
08-14 11:33:58.165  2174  2174 I AccessibilityNodeInfoDumper: Skipping invisible child: android.view.accessibility.AccessibilityNodeInfo@8000acd0; boundsInParent: Rect(0, 0 - 273, 0); boundsInScreen: Rect(55, 1422 - 328, 1422); packageName: com.uberspot.a2048; className: android.widget.LinearLayout; text: null; error: null; maxTextLength: -1; contentDescription: null; viewIdResName: android:id/leftSpacer; checkable: false; checked: false; focusable: false; focused: false; selected: false; clickable: false; longClickable: false; contextClickable: false; enabled: true; password: false; scrollable: false; actions: [AccessibilityAction: ACTION_SELECT - null, AccessibilityAction: ACTION_CLEAR_SELECTION - null, AccessibilityAction: ACTION_ACCESSIBILITY_FOCUS - null, AccessibilityAction: ACTION_UNKNOWN - null]
08-14 11:33:58.166  2174  2174 W AccessibilityNodeInfoDumper: Fetch time: 7ms
08-14 11:33:58.166   618   744 W WindowManager: Attempted to remove non-existing token: android.os.Binder@bda711c
08-14 11:33:58.170  2174  2174 D AndroidRuntime: Shutting down VM
08-14 11:33:59.161  2197  2197 D AndroidRuntime: >>>>>> START com.android.internal.os.RuntimeInit uid 0 <<<<<<
08-14 11:33:59.162  2197  2197 D AndroidRuntime: CheckJNI is OFF
08-14 11:33:59.170  2197  2197 D ICU     : No timezone override file found: /data/misc/zoneinfo/current/icu/icu_tzdata.dat
08-14 11:33:59.182  2197  2197 E memtrack: Couldn't load memtrack module (No such file or directory)
08-14 11:33:59.182  2197  2197 E android.os.Debug: failed to load memtrack module: -2
08-14 11:33:59.182  2197  2197 I Radio-JNI: register_android_hardware_Radio DONE
08-14 11:33:59.188  2197  2197 D AndroidRuntime: Calling main entry com.android.commands.uiautomator.Launcher
08-14 11:34:00.210  2197  2197 I AccessibilityNodeInfoDumper: Skipping invisible child: android.view.accessibility.AccessibilityNodeInfo@8000a915; boundsInParent: Rect(0, 0 - 274, 0); boundsInScreen: Rect(875, 1422 - 1149, 1422); packageName: com.uberspot.a2048; className: android.widget.LinearLayout; text: null; error: null; maxTextLength: -1; contentDescription: null; viewIdResName: android:id/rightSpacer; checkable: false; checked: false; focusable: false; focused: false; selected: false; clickable: false; longClickable: false; contextClickable: false; enabled: true; password: false; scrollable: false; actions: [AccessibilityAction: ACTION_SELECT - null, AccessibilityAction: ACTION_CLEAR_SELECTION - null, AccessibilityAction: ACTION_ACCESSIBILITY_FOCUS - null, AccessibilityAction: ACTION_UNKNOWN - null]
08-14 11:34:00.210  2197  2197 I AccessibilityNodeInfoDumper: Skipping invisible child: android.view.accessibility.AccessibilityNodeInfo@8000acd6; boundsInParent: Rect(0, 0 - 273, 0); boundsInScreen: Rect(55, 1422 - 328, 1422); packageName: com.uberspot.a2048; className: android.widget.LinearLayout; text: null; error: null; maxTextLength: -1; contentDescription: null; viewIdResName: android:id/leftSpacer; checkable: false; checked: false; focusable: false; focused: false; selected: false; clickable: false; longClickable: false; contextClickable: false; enabled: true; password: false; scrollable: false; actions: [AccessibilityAction: ACTION_SELECT - null, AccessibilityAction: ACTION_CLEAR_SELECTION - null, AccessibilityAction: ACTION_ACCESSIBILITY_FOCUS - null, AccessibilityAction: ACTION_UNKNOWN - null]
08-14 11:34:00.211  2197  2197 W AccessibilityNodeInfoDumper: Fetch time: 7ms
08-14 11:34:00.212   618   630 W WindowManager: Attempted to remove non-existing token: android.os.Binder@43752fa
08-14 11:34:00.215  2197  2197 D AndroidRuntime: Shutting down VM
08-14 11:34:00.625  2215  2215 D AndroidRuntime: >>>>>> START com.android.internal.os.RuntimeInit uid 0 <<<<<<
08-14 11:34:00.627  2215  2215 D AndroidRuntime: CheckJNI is OFF
08-14 11:34:00.635  2215  2215 D ICU     : No timezone override file found: /data/misc/zoneinfo/current/icu/icu_tzdata.dat
08-14 11:34:00.645  2215  2215 E memtrack: Couldn't load memtrack module (No such file or directory)
08-14 11:34:00.645  2215  2215 E android.os.Debug: failed to load memtrack module: -2
08-14 11:34:00.646  2215  2215 I Radio-JNI: register_android_hardware_Radio DONE
08-14 11:34:00.653  2215  2215 D AndroidRuntime: Calling main entry com.android.commands.uiautomator.Launcher
08-14 11:34:01.669  2215  2215 I AccessibilityNodeInfoDumper: Skipping invisible child: android.view.accessibility.AccessibilityNodeInfo@8000a91c; boundsInParent: Rect(0, 0 - 274, 0); boundsInScreen: Rect(875, 1422 - 1149, 1422); packageName: com.uberspot.a2048; className: android.widget.LinearLayout; text: null; error: null; maxTextLength: -1; contentDescription: null; viewIdResName: android:id/rightSpacer; checkable: false; checked: false; focusable: false; focused: false; selected: false; clickable: false; longClickable: false; contextClickable: false; enabled: true; password: false; scrollable: false; actions: [AccessibilityAction: ACTION_SELECT - null, AccessibilityAction: ACTION_CLEAR_SELECTION - null, AccessibilityAction: ACTION_ACCESSIBILITY_FOCUS - null, AccessibilityAction: ACTION_UNKNOWN - null]
08-14 11:34:01.669  2215  2215 I AccessibilityNodeInfoDumper: Skipping invisible child: android.view.accessibility.AccessibilityNodeInfo@8000acdd; boundsInParent: Rect(0, 0 - 273, 0); boundsInScreen: Rect(55, 1422 - 328, 1422); packageName: com.uberspot.a2048; className: android.widget.LinearLayout; text: null; error: null; maxTextLength: -1; contentDescription: null; viewIdResName: android:id/leftSpacer; checkable: false; checked: false; focusable: false; focused: false; selected: false; clickable: false; longClickable: false; contextClickable: false; enabled: true; password: false; scrollable: false; actions: [AccessibilityAction: ACTION_SELECT - null, AccessibilityAction: ACTION_CLEAR_SELECTION - null, AccessibilityAction: ACTION_ACCESSIBILITY_FOCUS - null, AccessibilityAction: ACTION_UNKNOWN - null]
08-14 11:34:01.671  2215  2215 W AccessibilityNodeInfoDumper: Fetch time: 7ms
08-14 11:34:01.671   618   744 W WindowManager: Attempted to remove non-existing token: android.os.Binder@e32b0ab
08-14 11:34:01.673  2215  2215 D AndroidRuntime: Shutting down VM
08-14 11:34:02.674  2240  2240 D AndroidRuntime: >>>>>> START com.android.internal.os.RuntimeInit uid 0 <<<<<<
08-14 11:34:02.676  2240  2240 D AndroidRuntime: CheckJNI is OFF
08-14 11:34:02.685  2240  2240 D ICU     : No timezone override file found: /data/misc/zoneinfo/current/icu/icu_tzdata.dat
08-14 11:34:02.697  2240  2240 E memtrack: Couldn't load memtrack module (No such file or directory)
