--------- beginning of main
08-14 12:45:08.619  1807  1807 D AndroidRuntime: >>>>>> START com.android.internal.os.RuntimeInit uid 0 <<<<<<
08-14 12:45:08.620  1807  1807 D AndroidRuntime: CheckJNI is OFF
08-14 12:45:08.628  1807  1807 D ICU     : No timezone override file found: /data/misc/zoneinfo/current/icu/icu_tzdata.dat
08-14 12:45:08.639  1807  1807 E memtrack: Couldn't load memtrack module (No such file or directory)
08-14 12:45:08.639  1807  1807 E android.os.Debug: failed to load memtrack module: -2
08-14 12:45:08.640  1807  1807 I Radio-JNI: register_android_hardware_Radio DONE
08-14 12:45:08.646  1807  1807 D AndroidRuntime: Calling main entry com.android.commands.pm.Pm
08-14 12:45:08.648   600   918 I PackageManager: Package doesn't exist in get block uninstall de.szalkowski.activitylauncher
--------- beginning of system
08-14 12:45:08.649   600   623 W PackageManager: Package named 'de.szalkowski.activitylauncher' doesn't exist.
08-14 12:45:08.649   600   623 I art     : Starting a blocking GC Explicit
08-14 12:45:08.659   600   623 I art     : Explicit concurrent mark sweep GC freed 33829(2MB) AllocSpace objects, 4(88KB) LOS objects, 33% free, 5MB/8MB, paused 259us total 9.907ms
08-14 12:45:08.660  1807  1807 E Pm      : Failure details: Bundle[{android.content.pm.extra.STATUS=1, android.content.pm.extra.PACKAGE_NAME=de.szalkowski.activitylauncher, android.content.pm.extra.LEGACY_STATUS=-1, android.content.pm.extra.STATUS_MESSAGE=DELETE_FAILED_INTERNAL_ERROR}]
08-14 12:45:08.662  1807  1807 I art     : System.exit called, status: 1
08-14 12:45:08.662  1807  1807 I AndroidRuntime: VM exiting with result code 1.
08-14 12:45:08.814  1821  1821 D AndroidRuntime: >>>>>> START com.android.internal.os.RuntimeInit uid 0 <<<<<<
08-14 12:45:08.816  1821  1821 D AndroidRuntime: CheckJNI is OFF
08-14 12:45:08.824  1821  1821 D ICU     : No timezone override file found: /data/misc/zoneinfo/current/icu/icu_tzdata.dat
08-14 12:45:08.834  1821  1821 E memtrack: Couldn't load memtrack module (No such file or directory)
08-14 12:45:08.834  1821  1821 E android.os.Debug: failed to load memtrack module: -2
08-14 12:45:08.835  1821  1821 I Radio-JNI: register_android_hardware_Radio DONE
08-14 12:45:08.841  1821  1821 D AndroidRuntime: Calling main entry com.android.commands.pm.Pm
08-14 12:45:08.855   600   623 I ActivityManager: Start proc 1829:com.android.defcontainer/u0a4 for service com.android.defcontainer/.DefaultContainerService
08-14 12:45:08.869  1829  1829 E libprocessgroup: failed to make and chown /acct/uid_10004: Read-only file system
08-14 12:45:08.869  1829  1829 W Zygote  : createProcessGroup failed, kernel missing CONFIG_CGROUP_CPUACCT?
08-14 12:45:08.880   600   613 I UsageStatsService: User[0] Flushing usage stats to disk
08-14 12:45:08.887   600   613 I UsageStatsDatabase: Time changed by +2s646ms. files deleted: 0 files moved: 4
08-14 12:45:08.892  1829  1840 D DefContainer: Copying /data/local/tmp/ActivityLauncherApp_COMPLEX.apk to base.apk
08-14 12:45:08.895   600   623 W PackageParser: Unknown element under <manifest>: meta-data at /data/app/vmdl955308196.tmp/base.apk Binary XML file line #14
08-14 12:45:08.896   600   613 I UsageStatsService: User[0] Rollover scheduled @ 2019-08-15 00:00:00(1565827200000)
08-14 12:45:08.911   600   623 I PackageManager.DexOptimizer: Running dexopt (dex2oat) on: /data/app/vmdl955308196.tmp/base.apk pkg=de.szalkowski.activitylauncher isa=x86 vmSafeMode=false debuggable=true oatDir = /data/app/vmdl955308196.tmp/oat
08-14 12:45:08.917  1844  1844 W dex2oat : Unexpected CPU variant for X86 using defaults: x86
08-14 12:45:08.917  1844  1844 I dex2oat : /system/bin/dex2oat --debuggable
08-14 12:45:08.917  1844  1844 E cutils-trace: Error opening trace file: Permission denied (13)
08-14 12:45:09.243  1844  1844 I dex2oat : dex2oat took 326.000ms (threads: 4) arena alloc=296KB java alloc=1455KB native alloc=7MB free=2MB
08-14 12:45:09.279   600   623 V BackupManagerService: restoreAtInstall pkg=de.szalkowski.activitylauncher token=1 restoreSet=0
08-14 12:45:09.279   600   623 V BackupManagerService: Finishing install immediately
08-14 12:45:09.280   600   623 W Settings: Setting install_non_market_apps has moved from android.provider.Settings.Global to android.provider.Settings.Secure, returning read-only value.
08-14 12:45:09.280   600   623 I art     : Starting a blocking GC Explicit
08-14 12:45:09.287   600   623 I art     : Explicit concurrent mark sweep GC freed 20980(1438KB) AllocSpace objects, 15(300KB) LOS objects, 33% free, 5MB/8MB, paused 219us total 7.259ms
08-14 12:45:09.289  1821  1821 I art     : System.exit called, status: 0
08-14 12:45:09.289  1821  1821 I AndroidRuntime: VM exiting with result code 0.
08-14 12:45:09.290   600   643 I InputReader: Reconfiguring input devices.  changes=0x00000010
08-14 12:45:09.302   956   956 D CarrierServiceBindHelper: Receive action: android.intent.action.PACKAGE_ADDED
08-14 12:45:09.302   956   956 D CarrierServiceBindHelper: mHandler: 3
08-14 12:45:09.302   956   956 D CarrierConfigLoader: mHandler: 9 phoneId: 0
08-14 12:45:09.315   600   918 I ActivityManager: Start proc 1863:com.svox.pico/u0a50 for broadcast com.svox.pico/.VoiceDataInstallerReceiver
08-14 12:45:09.316   600   613 W VoiceInteractionManagerService: no available voice recognition services found for user 0
08-14 12:45:09.341  1863  1863 E libprocessgroup: failed to make and chown /acct/uid_10050: Read-only file system
08-14 12:45:09.341  1863  1863 W Zygote  : createProcessGroup failed, kernel missing CONFIG_CGROUP_CPUACCT?
08-14 12:45:09.360   600  1239 I ActivityManager: Killing 1594:com.android.dialer/u0a5 (adj 15): empty #17
08-14 12:45:09.360   600  1239 W libprocessgroup: failed to open /acct/uid_10005/pid_1594/cgroup.procs: No such file or directory
08-14 12:45:09.480  1871  1871 D AndroidRuntime: >>>>>> START com.android.internal.os.RuntimeInit uid 0 <<<<<<
08-14 12:45:09.481  1871  1871 D AndroidRuntime: CheckJNI is OFF
08-14 12:45:09.490  1871  1871 D ICU     : No timezone override file found: /data/misc/zoneinfo/current/icu/icu_tzdata.dat
08-14 12:45:09.500  1871  1871 E memtrack: Couldn't load memtrack module (No such file or directory)
08-14 12:45:09.500  1871  1871 E android.os.Debug: failed to load memtrack module: -2
08-14 12:45:09.500  1871  1871 I Radio-JNI: register_android_hardware_Radio DONE
08-14 12:45:09.505  1871  1871 D AndroidRuntime: Calling main entry com.android.commands.monkey.Monkey
08-14 12:45:09.515   600   614 W BroadcastQueue: Skipping deliver [background] BroadcastRecord{dd84902 u-1 android.net.conn.CONNECTIVITY_CHANGE} to ReceiverList{4e1e213 1871 (unknown name)/0/u-1 remote:fdda5e4}: process crashing
08-14 12:45:09.518   600   918 I ActivityManager: START u0 {act=android.intent.action.MAIN cat=[android.intent.category.LAUNCHER] flg=0x10200000 cmp=de.szalkowski.activitylauncher/.MainActivity} from uid 0 on display 0
08-14 12:45:09.537   600  1240 I ActivityManager: Start proc 1890:de.szalkowski.activitylauncher/u0a60 for activity de.szalkowski.activitylauncher/.MainActivity
08-14 12:45:09.550  1871  1871 I art     : System.exit called, status: 0
08-14 12:45:09.550  1871  1871 I AndroidRuntime: VM exiting with result code 0.
08-14 12:45:09.565  1890  1890 E libprocessgroup: failed to make and chown /acct/uid_10060: Read-only file system
08-14 12:45:09.565  1890  1890 W Zygote  : createProcessGroup failed, kernel missing CONFIG_CGROUP_CPUACCT?
08-14 12:45:09.565  1890  1890 I art     : Late-enabling -Xcheck:jni
08-14 12:45:09.582  1890  1890 W System  : ClassLoader referenced unknown path: /data/app/de.szalkowski.activitylauncher-1/lib/x86
08-14 12:45:09.587  1890  1890 D leak-44 : Eastern Standard Time
08-14 12:45:09.602  1890  1890 D leak-46 : Eastern Standard Time
08-14 12:45:09.602  1890  1890 D leak-47 : Eastern Standard Time
08-14 12:45:09.603  1890  1890 D leak-45 : Eastern Standard Time
08-14 12:45:09.607  1890  1890 D leak-55 : Eastern Standard Time
08-14 12:45:09.622  1890  1905 D OpenGLRenderer: Use EGL_SWAP_BEHAVIOR_PRESERVED: true
08-14 12:45:09.628  1890  1890 D         : HostConnection::get() New Host Connection established 0xe9b1f980, tid 1890
08-14 12:45:09.732  1890  1905 D libEGL  : loaded /system/lib/egl/libEGL_emulation.so
08-14 12:45:09.732  1890  1905 D libEGL  : loaded /system/lib/egl/libGLESv1_CM_emulation.so
08-14 12:45:09.735  1890  1905 D libEGL  : loaded /system/lib/egl/libGLESv2_emulation.so
08-14 12:45:09.741  1890  1905 D         : HostConnection::get() New Host Connection established 0xee8d27f0, tid 1905
08-14 12:45:09.773  1890  1905 I OpenGLRenderer: Initialized EGL, version 1.4
08-14 12:45:09.798  1552  1627 E Surface : getSlotFromBufferLocked: unknown buffer: 0xe10942c0
08-14 12:45:09.805  1890  1905 W EGL_emulation: eglSurfaceAttrib not implemented
08-14 12:45:09.805  1890  1905 W OpenGLRenderer: Failed to set EGL_SWAP_BEHAVIOR on surface 0xee8d3560, error=EGL_SUCCESS
08-14 12:45:09.898  1890  1905 W EGL_emulation: eglSurfaceAttrib not implemented
08-14 12:45:09.898  1890  1905 W OpenGLRenderer: Failed to set EGL_SWAP_BEHAVIOR on surface 0xee8d3580, error=EGL_SUCCESS
08-14 12:45:09.899   483  1665 D         : HostConnection::get() New Host Connection established 0xf6bbd3d0, tid 1665
08-14 12:45:09.930  1890  1890 D leak-51 : Eastern Standard Time
08-14 12:45:10.141  1890  1890 D leak-54 : Eastern Standard Time
08-14 12:45:10.142   600   619 I ActivityManager: Displayed de.szalkowski.activitylauncher/.MainActivity: +616ms
08-14 12:45:10.152  1890  1890 D leak-166: Eastern Standard Time
08-14 12:45:10.153  1890  1890 D leak-101: Eastern Standard Time
08-14 12:45:10.153  1890  1890 D leak-102: Eastern Standard Time
08-14 12:45:10.154  1890  1890 D leak-94 : Eastern Standard Time
08-14 12:45:10.154  1890  1890 D leak-107: Eastern Standard Time
08-14 12:45:10.154  1890  1890 D leak-108: Eastern Standard Time
08-14 12:45:10.160  1890  1911 D leak-112: Eastern Standard Time
08-14 12:45:10.161  1890  1911 D leak-98 : Eastern Standard Time
08-14 12:45:10.161  1890  1911 D leak-95 : Eastern Standard Time
08-14 12:45:10.161  1890  1911 D leak-154: Eastern Standard Time
08-14 12:45:10.161  1890  1911 D leak-155: Eastern Standard Time
08-14 12:45:10.161  1890  1911 D leak-156: Eastern Standard Time
08-14 12:45:10.162  1890  1911 D leak-96 : Eastern Standard Time
08-14 12:45:10.162  1890  1911 D leak-163: Eastern Standard Time
08-14 12:45:10.162  1890  1911 D leak-164: Eastern Standard Time
08-14 12:45:10.162  1890  1911 D leak-131: Eastern Standard Time
08-14 12:45:10.162  1890  1911 D leak-132: Eastern Standard Time
08-14 12:45:10.164  1890  1911 D leak-133: Eastern Standard Time
08-14 12:45:10.164  1890  1890 D leak-167: Eastern Standard Time
08-14 12:45:10.165  1890  1911 D leak-136: Eastern Standard Time
08-14 12:45:10.165  1890  1911 D leak-137: Eastern Standard Time
08-14 12:45:10.166  1890  1911 D leak-96 : Eastern Standard Time
08-14 12:45:10.166  1890  1911 D leak-163: Eastern Standard Time
08-14 12:45:10.166  1890  1911 D leak-164: Eastern Standard Time
08-14 12:45:10.166  1890  1911 D leak-131: Eastern Standard Time
08-14 12:45:10.166  1890  1911 D leak-132: Eastern Standard Time
08-14 12:45:10.168  1890  1911 D leak-133: Eastern Standard Time
08-14 12:45:10.169  1890  1911 D leak-136: Eastern Standard Time
08-14 12:45:10.169  1890  1911 D leak-137: Eastern Standard Time
08-14 12:45:10.169  1890  1911 D leak-97 : Eastern Standard Time
08-14 12:45:10.169  1890  1911 D leak-97 : Eastern Standard Time
08-14 12:45:10.201  1890  1905 W EGL_emulation: eglSurfaceAttrib not implemented
08-14 12:45:10.201  1890  1905 W OpenGLRenderer: Failed to set EGL_SWAP_BEHAVIOR on surface 0xeb032ce0, error=EGL_SUCCESS
08-14 12:45:10.214  1890  1890 D leak-104: Eastern Standard Time
08-14 12:45:10.214  1890  1890 D leak-105: Eastern Standard Time
08-14 12:45:10.214  1890  1890 D leak-106: Eastern Standard Time
08-14 12:45:10.214  1890  1890 D leak-104: Eastern Standard Time
08-14 12:45:10.214  1890  1890 D leak-105: Eastern Standard Time
08-14 12:45:10.215  1890  1890 D leak-104: Eastern Standard Time
08-14 12:45:10.215  1890  1890 D leak-105: Eastern Standard Time
08-14 12:45:10.215  1890  1890 D leak-109: Eastern Standard Time
08-14 12:45:10.215  1890  1890 D leak-110: Eastern Standard Time
08-14 12:45:10.215  1890  1890 D leak-171: Eastern Standard Time
08-14 12:45:10.215  1890  1890 D leak-172: Eastern Standard Time
08-14 12:45:10.216  1890  1890 D leak-126: Eastern Standard Time
08-14 12:45:10.216  1890  1890 D leak-127: Eastern Standard Time
08-14 12:45:10.216  1890  1890 D leak-141: Eastern Standard Time
08-14 12:45:10.216  1890  1890 D leak-127: Eastern Standard Time
08-14 12:45:10.216  1890  1890 D leak-141: Eastern Standard Time
08-14 12:45:10.217  1890  1890 D leak-111: Eastern Standard Time
08-14 12:45:10.219  1890  1905 E Surface : getSlotFromBufferLocked: unknown buffer: 0xe12744d0
08-14 12:45:10.224  1890  1890 D leak-128: Eastern Standard Time
08-14 12:45:10.224  1890  1890 D leak-141: Eastern Standard Time
08-14 12:45:10.224  1890  1890 D leak-140: Eastern Standard Time
08-14 12:45:10.225  1890  1890 D leak-128: Eastern Standard Time
08-14 12:45:10.225  1890  1890 D leak-141: Eastern Standard Time
08-14 12:45:10.225  1890  1890 D leak-140: Eastern Standard Time
08-14 12:45:14.693  1913  1913 D AndroidRuntime: >>>>>> START com.android.internal.os.RuntimeInit uid 0 <<<<<<
08-14 12:45:14.695  1913  1913 D AndroidRuntime: CheckJNI is OFF
08-14 12:45:14.703  1913  1913 D ICU     : No timezone override file found: /data/misc/zoneinfo/current/icu/icu_tzdata.dat
08-14 12:45:14.716  1913  1913 E memtrack: Couldn't load memtrack module (No such file or directory)
08-14 12:45:14.716  1913  1913 E android.os.Debug: failed to load memtrack module: -2
08-14 12:45:14.716  1913  1913 I Radio-JNI: register_android_hardware_Radio DONE
08-14 12:45:14.723  1913  1913 D AndroidRuntime: Calling main entry com.android.commands.content.Content
08-14 12:45:14.727  1913  1913 D AndroidRuntime: Shutting down VM
08-14 12:45:15.074  1922  1922 D AndroidRuntime: >>>>>> START com.android.internal.os.RuntimeInit uid 0 <<<<<<
08-14 12:45:15.076  1922  1922 D AndroidRuntime: CheckJNI is OFF
08-14 12:45:15.085  1922  1922 D ICU     : No timezone override file found: /data/misc/zoneinfo/current/icu/icu_tzdata.dat
08-14 12:45:15.097  1922  1922 E memtrack: Couldn't load memtrack module (No such file or directory)
08-14 12:45:15.097  1922  1922 E android.os.Debug: failed to load memtrack module: -2
08-14 12:45:15.099  1922  1922 I Radio-JNI: register_android_hardware_Radio DONE
08-14 12:45:15.105  1922  1922 D AndroidRuntime: Calling main entry com.android.commands.content.Content
08-14 12:45:15.110  1922  1922 D AndroidRuntime: Shutting down VM
08-14 12:45:16.112  1943  1943 D AndroidRuntime: >>>>>> START com.android.internal.os.RuntimeInit uid 0 <<<<<<
08-14 12:45:16.113  1943  1943 D AndroidRuntime: CheckJNI is OFF
08-14 12:45:16.123  1943  1943 D ICU     : No timezone override file found: /data/misc/zoneinfo/current/icu/icu_tzdata.dat
08-14 12:45:16.139  1943  1943 E memtrack: Couldn't load memtrack module (No such file or directory)
08-14 12:45:16.139  1943  1943 E android.os.Debug: failed to load memtrack module: -2
08-14 12:45:16.139  1943  1943 I Radio-JNI: register_android_hardware_Radio DONE
08-14 12:45:16.146  1943  1943 D AndroidRuntime: Calling main entry com.android.commands.uiautomator.Launcher
08-14 12:45:17.163  1943  1943 W AccessibilityNodeInfoDumper: Fetch time: 3ms
08-14 12:45:17.164   600   612 W WindowManager: Attempted to remove non-existing token: android.os.Binder@159f56a
08-14 12:45:17.171  1943  1943 D AndroidRuntime: Shutting down VM
08-14 12:45:17.622  1961  1961 D AndroidRuntime: >>>>>> START com.android.internal.os.RuntimeInit uid 0 <<<<<<
08-14 12:45:17.624  1961  1961 D AndroidRuntime: CheckJNI is OFF
08-14 12:45:17.636  1961  1961 D ICU     : No timezone override file found: /data/misc/zoneinfo/current/icu/icu_tzdata.dat
08-14 12:45:17.649  1961  1961 E memtrack: Couldn't load memtrack module (No such file or directory)
08-14 12:45:17.649  1961  1961 E android.os.Debug: failed to load memtrack module: -2
08-14 12:45:17.651  1961  1961 I Radio-JNI: register_android_hardware_Radio DONE
08-14 12:45:17.657  1961  1961 D AndroidRuntime: Calling main entry com.android.commands.uiautomator.Launcher
08-14 12:45:18.672  1961  1961 W AccessibilityNodeInfoDumper: Fetch time: 2ms
08-14 12:45:18.673   600   611 W WindowManager: Attempted to remove non-existing token: android.os.Binder@60ffa5b
08-14 12:45:18.680  1961  1961 D AndroidRuntime: Shutting down VM
08-14 12:45:18.943   600  1239 I ActivityManager: Killing 1630:com.android.managedprovisioning/u0a9 (adj 15): empty #17
08-14 12:45:18.943   600  1239 W libprocessgroup: failed to open /acct/uid_10009/pid_1630/cgroup.procs: No such file or directory
08-14 12:45:19.305   600   643 I InputReader: Reconfiguring input devices.  changes=0x00000010
08-14 12:45:19.678  1985  1985 D AndroidRuntime: >>>>>> START com.android.internal.os.RuntimeInit uid 0 <<<<<<
08-14 12:45:19.680  1985  1985 D AndroidRuntime: CheckJNI is OFF
08-14 12:45:19.688  1985  1985 D ICU     : No timezone override file found: /data/misc/zoneinfo/current/icu/icu_tzdata.dat
08-14 12:45:19.700  1985  1985 E memtrack: Couldn't load memtrack module (No such file or directory)
08-14 12:45:19.700  1985  1985 E android.os.Debug: failed to load memtrack module: -2
08-14 12:45:19.701  1985  1985 I Radio-JNI: register_android_hardware_Radio DONE
08-14 12:45:19.706  1985  1985 D AndroidRuntime: Calling main entry com.android.commands.uiautomator.Launcher
08-14 12:45:20.718  1985  1985 W AccessibilityNodeInfoDumper: Fetch time: 1ms
08-14 12:45:20.719   600   724 W WindowManager: Attempted to remove non-existing token: android.os.Binder@8ffc7c2
08-14 12:45:20.727  1985  1985 D AndroidRuntime: Shutting down VM
08-14 12:45:21.795  2013  2013 D AndroidRuntime: >>>>>> START com.android.internal.os.RuntimeInit uid 0 <<<<<<
08-14 12:45:21.796  2013  2013 D AndroidRuntime: CheckJNI is OFF
08-14 12:45:21.804  2013  2013 D ICU     : No timezone override file found: /data/misc/zoneinfo/current/icu/icu_tzdata.dat
08-14 12:45:21.816  2013  2013 E memtrack: Couldn't load memtrack module (No such file or directory)
08-14 12:45:21.816  2013  2013 E android.os.Debug: failed to load memtrack module: -2
08-14 12:45:21.817  2013  2013 I Radio-JNI: register_android_hardware_Radio DONE
08-14 12:45:21.822  2013  2013 D AndroidRuntime: Calling main entry com.android.commands.uiautomator.Launcher
08-14 12:45:22.834  2013  2013 W AccessibilityNodeInfoDumper: Fetch time: 2ms
08-14 12:45:22.835   600  1239 W WindowManager: Attempted to remove non-existing token: android.os.Binder@5d159d3
08-14 12:45:22.844  2013  2013 D AndroidRuntime: Shutting down VM
08-14 12:45:23.888  2039  2039 D AndroidRuntime: >>>>>> START com.android.internal.os.RuntimeInit uid 0 <<<<<<
08-14 12:45:23.890  2039  2039 D AndroidRuntime: CheckJNI is OFF
08-14 12:45:23.900  2039  2039 D ICU     : No timezone override file found: /data/misc/zoneinfo/current/icu/icu_tzdata.dat
08-14 12:45:23.913  2039  2039 E memtrack: Couldn't load memtrack module (No such file or directory)
08-14 12:45:23.913  2039  2039 E android.os.Debug: failed to load memtrack module: -2
08-14 12:45:23.914  2039  2039 I Radio-JNI: register_android_hardware_Radio DONE
08-14 12:45:23.921  2039  2039 D AndroidRuntime: Calling main entry com.android.commands.uiautomator.Launcher
08-14 12:45:24.939  2039  2039 W AccessibilityNodeInfoDumper: Fetch time: 1ms
08-14 12:45:24.940   600   918 W WindowManager: Attempted to remove non-existing token: android.os.Binder@448dc09
08-14 12:45:24.950  2039  2039 D AndroidRuntime: Shutting down VM
08-14 12:45:25.401  2057  2057 D AndroidRuntime: >>>>>> START com.android.internal.os.RuntimeInit uid 0 <<<<<<
08-14 12:45:25.403  2057  2057 D AndroidRuntime: CheckJNI is OFF
08-14 12:45:25.413  2057  2057 D ICU     : No timezone override file found: /data/misc/zoneinfo/current/icu/icu_tzdata.dat
08-14 12:45:25.428  2057  2057 E memtrack: Couldn't load memtrack module (No such file or directory)
08-14 12:45:25.428  2057  2057 E android.os.Debug: failed to load memtrack module: -2
08-14 12:45:25.429  2057  2057 I Radio-JNI: register_android_hardware_Radio DONE
08-14 12:45:25.436  2057  2057 D AndroidRuntime: Calling main entry com.android.commands.uiautomator.Launcher
08-14 12:45:26.450  2057  2057 W AccessibilityNodeInfoDumper: Fetch time: 1ms
08-14 12:45:26.451   600   611 W WindowManager: Attempted to remove non-existing token: android.os.Binder@e069e0e
08-14 12:45:26.460  2057  2057 D AndroidRuntime: Shutting down VM
08-14 12:45:27.551  2080  2080 D AndroidRuntime: >>>>>> START com.android.internal.os.RuntimeInit uid 0 <<<<<<
08-14 12:45:27.553  2080  2080 D AndroidRuntime: CheckJNI is OFF
08-14 12:45:27.564  2080  2080 D ICU     : No timezone override file found: /data/misc/zoneinfo/current/icu/icu_tzdata.dat
08-14 12:45:27.578  2080  2080 E memtrack: Couldn't load memtrack module (No such file or directory)
08-14 12:45:27.578  2080  2080 E android.os.Debug: failed to load memtrack module: -2
08-14 12:45:27.579  2080  2080 I Radio-JNI: register_android_hardware_Radio DONE
08-14 12:45:27.586  2080  2080 D AndroidRuntime: Calling main entry com.android.commands.uiautomator.Launcher
08-14 12:45:28.602  2080  2080 W AccessibilityNodeInfoDumper: Fetch time: 0ms
08-14 12:45:28.603   600   612 W WindowManager: Attempted to remove non-existing token: android.os.Binder@9cdc02f
08-14 12:45:28.612  2080  2080 D AndroidRuntime: Shutting down VM
08-14 12:45:29.040  2099  2099 D AndroidRuntime: >>>>>> START com.android.internal.os.RuntimeInit uid 0 <<<<<<
08-14 12:45:29.041  2099  2099 D AndroidRuntime: CheckJNI is OFF
08-14 12:45:29.051  2099  2099 D ICU     : No timezone override file found: /data/misc/zoneinfo/current/icu/icu_tzdata.dat
08-14 12:45:29.064  2099  2099 E memtrack: Couldn't load memtrack module (No such file or directory)
08-14 12:45:29.064  2099  2099 E android.os.Debug: failed to load memtrack module: -2
08-14 12:45:29.065  2099  2099 I Radio-JNI: register_android_hardware_Radio DONE
08-14 12:45:29.071  2099  2099 D AndroidRuntime: Calling main entry com.android.commands.uiautomator.Launcher
08-14 12:45:30.086  2099  2099 W AccessibilityNodeInfoDumper: Fetch time: 2ms
08-14 12:45:30.086   600  1240 W WindowManager: Attempted to remove non-existing token: android.os.Binder@83563c
08-14 12:45:30.094  2099  2099 D AndroidRuntime: Shutting down VM
08-14 12:45:31.135  2122  2122 D AndroidRuntime: >>>>>> START com.android.internal.os.RuntimeInit uid 0 <<<<<<
08-14 12:45:31.136  2122  2122 D AndroidRuntime: CheckJNI is OFF
08-14 12:45:31.146  2122  2122 D ICU     : No timezone override file found: /data/misc/zoneinfo/current/icu/icu_tzdata.dat
08-14 12:45:31.162  2122  2122 E memtrack: Couldn't load memtrack module (No such file or directory)
08-14 12:45:31.163  2122  2122 E android.os.Debug: failed to load memtrack module: -2
08-14 12:45:31.163  2122  2122 I Radio-JNI: register_android_hardware_Radio DONE
08-14 12:45:31.174  2122  2122 D AndroidRuntime: Calling main entry com.android.commands.uiautomator.Launcher
08-14 12:45:32.192  2122  2122 W AccessibilityNodeInfoDumper: Fetch time: 1ms
08-14 12:45:32.193   600   612 W WindowManager: Attempted to remove non-existing token: android.os.Binder@a9a2fc5
08-14 12:45:32.201  2122  2122 D AndroidRuntime: Shutting down VM
08-14 12:45:32.643  2140  2140 D AndroidRuntime: >>>>>> START com.android.internal.os.RuntimeInit uid 0 <<<<<<
08-14 12:45:32.646  2140  2140 D AndroidRuntime: CheckJNI is OFF
08-14 12:45:32.656  2140  2140 D ICU     : No timezone override file found: /data/misc/zoneinfo/current/icu/icu_tzdata.dat
08-14 12:45:32.671  2140  2140 E memtrack: Couldn't load memtrack module (No such file or directory)
08-14 12:45:32.671  2140  2140 E android.os.Debug: failed to load memtrack module: -2
08-14 12:45:32.672  2140  2140 I Radio-JNI: register_android_hardware_Radio DONE
08-14 12:45:32.679  2140  2140 D AndroidRuntime: Calling main entry com.android.commands.uiautomator.Launcher
08-14 12:45:33.692  2140  2140 W AccessibilityNodeInfoDumper: Fetch time: 2ms
08-14 12:45:33.693   600   612 W WindowManager: Attempted to remove non-existing token: android.os.Binder@280304b
08-14 12:45:33.701  2140  2140 D AndroidRuntime: Shutting down VM
08-14 12:45:34.694  2163  2163 D AndroidRuntime: >>>>>> START com.android.internal.os.RuntimeInit uid 0 <<<<<<
08-14 12:45:34.695  2163  2163 D AndroidRuntime: CheckJNI is OFF
08-14 12:45:34.703  2163  2163 D ICU     : No timezone override file found: /data/misc/zoneinfo/current/icu/icu_tzdata.dat
08-14 12:45:34.715  2163  2163 E memtrack: Couldn't load memtrack module (No such file or directory)
08-14 12:45:34.715  2163  2163 E android.os.Debug: failed to load memtrack module: -2
08-14 12:45:34.715  2163  2163 I Radio-JNI: register_android_hardware_Radio DONE
08-14 12:45:34.720  2163  2163 D AndroidRuntime: Calling main entry com.android.commands.uiautomator.Launcher
08-14 12:45:35.732  2163  2163 W AccessibilityNodeInfoDumper: Fetch time: 1ms
08-14 12:45:35.733   600   611 W WindowManager: Attempted to remove non-existing token: android.os.Binder@44d9a28
08-14 12:45:35.741  2163  2163 D AndroidRuntime: Shutting down VM
08-14 12:45:36.168  2181  2181 D AndroidRuntime: >>>>>> START com.android.internal.os.RuntimeInit uid 0 <<<<<<
08-14 12:45:36.169  2181  2181 D AndroidRuntime: CheckJNI is OFF
08-14 12:45:36.178  2181  2181 D ICU     : No timezone override file found: /data/misc/zoneinfo/current/icu/icu_tzdata.dat
08-14 12:45:36.192  2181  2181 E memtrack: Couldn't load memtrack module (No such file or directory)
08-14 12:45:36.192  2181  2181 E android.os.Debug: failed to load memtrack module: -2
08-14 12:45:36.193  2181  2181 I Radio-JNI: register_android_hardware_Radio DONE
08-14 12:45:36.199  2181  2181 D AndroidRuntime: Calling main entry com.android.commands.uiautomator.Launcher
08-14 12:45:37.215  2181  2181 W AccessibilityNodeInfoDumper: Fetch time: 3ms
08-14 12:45:37.216   600   723 W WindowManager: Attempted to remove non-existing token: android.os.Binder@cf30341
08-14 12:45:37.224  2181  2181 D AndroidRuntime: Shutting down VM
08-14 12:45:38.241  2206  2206 D AndroidRuntime: >>>>>> START com.android.internal.os.RuntimeInit uid 0 <<<<<<
08-14 12:45:38.243  2206  2206 D AndroidRuntime: CheckJNI is OFF
08-14 12:45:38.252  2206  2206 D ICU     : No timezone override file found: /data/misc/zoneinfo/current/icu/icu_tzdata.dat
08-14 12:45:38.266  2206  2206 E memtrack: Couldn't load memtrack module (No such file or directory)
08-14 12:45:38.266  2206  2206 E android.os.Debug: failed to load memtrack module: -2
08-14 12:45:38.267  2206  2206 I Radio-JNI: register_android_hardware_Radio DONE
08-14 12:45:38.273  2206  2206 D AndroidRuntime: Calling main entry com.android.commands.uiautomator.Launcher
08-14 12:45:39.289  2206  2206 W AccessibilityNodeInfoDumper: Fetch time: 0ms
08-14 12:45:39.290   600  1011 W WindowManager: Attempted to remove non-existing token: android.os.Binder@3bc60e6
08-14 12:45:39.299  2206  2206 D AndroidRuntime: Shutting down VM
08-14 12:45:39.732  2224  2224 D AndroidRuntime: >>>>>> START com.android.internal.os.RuntimeInit uid 0 <<<<<<
08-14 12:45:39.734  2224  2224 D AndroidRuntime: CheckJNI is OFF
08-14 12:45:39.743  2224  2224 D ICU     : No timezone override file found: /data/misc/zoneinfo/current/icu/icu_tzdata.dat
08-14 12:45:39.771  2224  2224 E memtrack: Couldn't load memtrack module (No such file or directory)
08-14 12:45:39.771  2224  2224 E android.os.Debug: failed to load memtrack module: -2
08-14 12:45:39.772  2224  2224 I Radio-JNI: register_android_hardware_Radio DONE
08-14 12:45:39.779  2224  2224 D AndroidRuntime: Calling main entry com.android.commands.uiautomator.Launcher
08-14 12:45:40.794  2224  2224 W AccessibilityNodeInfoDumper: Fetch time: 2ms
08-14 12:45:40.794   600   611 W WindowManager: Attempted to remove non-existing token: android.os.Binder@49f8627
08-14 12:45:40.803  2224  2224 D AndroidRuntime: Shutting down VM
08-14 12:45:41.239  2237  2237 D AndroidRuntime: >>>>>> START com.android.internal.os.RuntimeInit uid 0 <<<<<<
08-14 12:45:41.240  2237  2237 D AndroidRuntime: CheckJNI is OFF
08-14 12:45:41.251  2237  2237 D ICU     : No timezone override file found: /data/misc/zoneinfo/current/icu/icu_tzdata.dat
08-14 12:45:41.265  2237  2237 E memtrack: Couldn't load memtrack module (No such file or directory)
08-14 12:45:41.265  2237  2237 E android.os.Debug: failed to load memtrack module: -2
08-14 12:45:41.267  2237  2237 I Radio-JNI: register_android_hardware_Radio DONE
08-14 12:45:41.275  2237  2237 D AndroidRuntime: Calling main entry com.android.commands.input.Input
08-14 12:45:41.276  2237  2237 I Input   : injectMotionEvent: MotionEvent { action=ACTION_DOWN, actionButton=0, id[0]=0, x[0]=919.0, y[0]=1077.0, toolType[0]=TOOL_TYPE_UNKNOWN, buttonState=0, metaState=0, flags=0x0, edgeFlags=0x0, pointerCount=1, historySize=0, eventTime=466629, downTime=466629, deviceId=0, source=0x1002 }
08-14 12:45:41.279  2237  2237 I Input   : injectMotionEvent: MotionEvent { action=ACTION_UP, actionButton=0, id[0]=0, x[0]=919.0, y[0]=1077.0, toolType[0]=TOOL_TYPE_UNKNOWN, buttonState=0, metaState=0, flags=0x0, edgeFlags=0x0, pointerCount=1, historySize=0, eventTime=466629, downTime=466629, deviceId=0, source=0x1002 }
08-14 12:45:41.282  2237  2237 D AndroidRuntime: Shutting down VM
08-14 12:45:41.285  1890  1890 D leak-57 : Eastern Standard Time
08-14 12:45:41.294   483   493 D PermissionCache: checking android.permission.READ_FRAME_BUFFER for uid=1000 => granted (233 us)
08-14 12:45:41.344   600   723 D         : HostConnection::get() New Host Connection established 0xddfcd6a0, tid 723
08-14 12:45:41.359   483   483 E EGL_emulation: tid 483: eglCreateSyncKHR(1215): error 0x3004 (EGL_BAD_ATTRIBUTE)
08-14 12:45:41.430  1890  1905 E Surface : getSlotFromBufferLocked: unknown buffer: 0xe1274230
08-14 12:45:41.436   600   614 I ActivityManager: Killing 1651:com.android.onetimeinitializer/u0a11 (adj 15): empty #17
08-14 12:45:41.436   600   614 W libprocessgroup: failed to open /acct/uid_10011/pid_1651/cgroup.procs: No such file or directory
08-14 12:45:41.441  1890  1905 E Surface : getSlotFromBufferLocked: unknown buffer: 0xe1274380
08-14 12:45:41.490  1552  1627 W EGL_emulation: eglSurfaceAttrib not implemented
08-14 12:45:41.490  1552  1627 W OpenGLRenderer: Failed to set EGL_SWAP_BEHAVIOR on surface 0xe0af4480, error=EGL_SUCCESS
08-14 12:45:41.510   600   918 W InputMethodManagerService: Window already focused, ignoring focus gain of: com.android.internal.view.IInputMethodClient$Stub$Proxy@bf630d4 attribute=null, token = android.os.BinderProxy@b8bb404
08-14 12:45:42.036  1552  1627 V RenderScript: 0xde763000 Launching thread(s), CPUs 4
08-14 12:45:42.044  1552  1627 W OpenGLRenderer: Incorrectly called buildLayer on View: ShortcutAndWidgetContainer, destroying layer...
08-14 12:45:42.044  1552  1627 W OpenGLRenderer: Incorrectly called buildLayer on View: ShortcutAndWidgetContainer, destroying layer...
08-14 12:45:46.249  2576  2576 D AndroidRuntime: >>>>>> START com.android.internal.os.RuntimeInit uid 0 <<<<<<
08-14 12:45:46.251  2576  2576 D AndroidRuntime: CheckJNI is OFF
08-14 12:45:46.262  2576  2576 D ICU     : No timezone override file found: /data/misc/zoneinfo/current/icu/icu_tzdata.dat
08-14 12:45:46.271  2576  2576 E memtrack: Couldn't load memtrack module (No such file or directory)
08-14 12:45:46.271  2576  2576 E android.os.Debug: failed to load memtrack module: -2
08-14 12:45:46.272  2576  2576 I Radio-JNI: register_android_hardware_Radio DONE
08-14 12:45:46.279  2576  2576 D AndroidRuntime: Calling main entry com.android.commands.monkey.Monkey
08-14 12:45:46.287   600   614 W BroadcastQueue: Skipping deliver [background] BroadcastRecord{f66c66c u-1 android.net.conn.CONNECTIVITY_CHANGE} to ReceiverList{2bf9435 2576 (unknown name)/0/u-1 remote:15ca6be}: process crashing
08-14 12:45:46.291   600   724 I ActivityManager: START u0 {act=android.intent.action.MAIN cat=[android.intent.category.LAUNCHER] flg=0x10200000 cmp=de.szalkowski.activitylauncher/.MainActivity} from uid 0 on display 0
08-14 12:45:46.299  1890  1890 D leak-44 : Eastern Standard Time
08-14 12:45:46.302   600   615 D Sensors : batch handle 1, but there is no batch sensor in genymotion
08-14 12:45:46.302  1890  1890 D leak-46 : Eastern Standard Time
08-14 12:45:46.302  1890  1890 D leak-47 : Eastern Standard Time
08-14 12:45:46.302  1890  1890 D leak-45 : Eastern Standard Time
08-14 12:45:46.303  1890  1890 D leak-55 : Eastern Standard Time
08-14 12:45:46.319  2576  2576 I art     : System.exit called, status: 0
08-14 12:45:46.319  2576  2576 I AndroidRuntime: VM exiting with result code 0.
08-14 12:45:46.425  1890  1905 W EGL_emulation: eglSurfaceAttrib not implemented
08-14 12:45:46.425  1890  1905 W OpenGLRenderer: Failed to set EGL_SWAP_BEHAVIOR on surface 0xf0432fa0, error=EGL_SUCCESS
08-14 12:45:46.486  1890  1905 W EGL_emulation: eglSurfaceAttrib not implemented
08-14 12:45:46.486  1890  1905 W OpenGLRenderer: Failed to set EGL_SWAP_BEHAVIOR on surface 0xf0432fc0, error=EGL_SUCCESS
08-14 12:45:46.525  1890  1890 D leak-51 : Eastern Standard Time
08-14 12:45:46.575  1890  1890 D leak-54 : Eastern Standard Time
08-14 12:45:46.624  1890  1890 D leak-166: Eastern Standard Time
08-14 12:45:46.624  1890  1890 D leak-101: Eastern Standard Time
08-14 12:45:46.624  1890  1890 D leak-102: Eastern Standard Time
08-14 12:45:46.624  1890  1890 D leak-94 : Eastern Standard Time
08-14 12:45:46.624  1890  1890 D leak-107: Eastern Standard Time
08-14 12:45:46.624  1890  1890 D leak-108: Eastern Standard Time
08-14 12:45:46.632  1890  2586 D leak-112: Eastern Standard Time
08-14 12:45:46.632  1890  2586 D leak-98 : Eastern Standard Time
08-14 12:45:46.632  1890  2586 D leak-95 : Eastern Standard Time
08-14 12:45:46.632  1890  2586 D leak-154: Eastern Standard Time
08-14 12:45:46.632  1890  1890 D leak-167: Eastern Standard Time
08-14 12:45:46.632  1890  2586 D leak-96 : Eastern Standard Time
08-14 12:45:46.632  1890  2586 D leak-163: Eastern Standard Time
08-14 12:45:46.632  1890  2586 D leak-164: Eastern Standard Time
08-14 12:45:46.632  1890  2586 D leak-165: Eastern Standard Time
08-14 12:45:46.632  1890  2586 D leak-96 : Eastern Standard Time
08-14 12:45:46.633  1890  2586 D leak-163: Eastern Standard Time
08-14 12:45:46.633  1890  2586 D leak-164: Eastern Standard Time
08-14 12:45:46.633  1890  2586 D leak-165: Eastern Standard Time
08-14 12:45:46.633  1890  2586 D leak-97 : Eastern Standard Time
08-14 12:45:46.633  1890  2586 D leak-97 : Eastern Standard Time
08-14 12:45:46.722  1890  1905 W EGL_emulation: eglSurfaceAttrib not implemented
08-14 12:45:46.722  1890  1905 W OpenGLRenderer: Failed to set EGL_SWAP_BEHAVIOR on surface 0xe7fe8a00, error=EGL_SUCCESS
08-14 12:45:46.743  1552  1627 E Surface : getSlotFromBufferLocked: unknown buffer: 0xdf904ca0
08-14 12:45:46.752  1890  1890 D leak-104: Eastern Standard Time
08-14 12:45:46.752  1890  1890 D leak-105: Eastern Standard Time
08-14 12:45:46.752  1890  1890 D leak-106: Eastern Standard Time
08-14 12:45:46.752  1890  1890 D leak-104: Eastern Standard Time
08-14 12:45:46.752  1890  1890 D leak-105: Eastern Standard Time
08-14 12:45:46.752  1890  1890 D leak-104: Eastern Standard Time
08-14 12:45:46.752  1890  1890 D leak-105: Eastern Standard Time
08-14 12:45:46.752  1890  1890 D leak-109: Eastern Standard Time
08-14 12:45:46.752  1890  1890 D leak-110: Eastern Standard Time
08-14 12:45:46.752  1890  1890 D leak-171: Eastern Standard Time
08-14 12:45:46.752  1890  1890 D leak-172: Eastern Standard Time
08-14 12:45:46.753  1890  1890 D leak-126: Eastern Standard Time
08-14 12:45:46.753  1890  1890 D leak-127: Eastern Standard Time
08-14 12:45:46.753  1890  1890 D leak-141: Eastern Standard Time
08-14 12:45:46.753  1890  1890 D leak-127: Eastern Standard Time
08-14 12:45:46.753  1890  1890 D leak-141: Eastern Standard Time
08-14 12:45:46.755  1890  1890 D leak-111: Eastern Standard Time
08-14 12:45:46.765  1890  1905 E Surface : getSlotFromBufferLocked: unknown buffer: 0xe12745b0
08-14 12:45:46.773  1890  1890 D leak-128: Eastern Standard Time
08-14 12:45:46.774  1890  1890 D leak-141: Eastern Standard Time
08-14 12:45:46.774  1890  1890 D leak-140: Eastern Standard Time
08-14 12:45:46.775  1890  1890 D leak-128: Eastern Standard Time
08-14 12:45:46.775  1890  1890 D leak-141: Eastern Standard Time
08-14 12:45:46.775  1890  1890 D leak-140: Eastern Standard Time
08-14 12:45:47.646   600   619 I ActivityManager: Displayed de.szalkowski.activitylauncher/.MainActivity: +1s350ms
08-14 12:45:52.498  2590  2590 D AndroidRuntime: >>>>>> START com.android.internal.os.RuntimeInit uid 0 <<<<<<
08-14 12:45:52.499  2590  2590 D AndroidRuntime: CheckJNI is OFF
08-14 12:45:52.509  2590  2590 D ICU     : No timezone override file found: /data/misc/zoneinfo/current/icu/icu_tzdata.dat
08-14 12:45:52.522  2590  2590 E memtrack: Couldn't load memtrack module (No such file or directory)
08-14 12:45:52.522  2590  2590 E android.os.Debug: failed to load memtrack module: -2
08-14 12:45:52.522  2590  2590 I Radio-JNI: register_android_hardware_Radio DONE
08-14 12:45:52.529  2590  2590 D AndroidRuntime: Calling main entry com.android.commands.uiautomator.Launcher
08-14 12:45:53.556  2590  2590 W AccessibilityNodeInfoDumper: Fetch time: 2ms
08-14 12:45:53.557   600   611 W WindowManager: Attempted to remove non-existing token: android.os.Binder@ef4fa1b
08-14 12:45:53.564  2590  2590 D AndroidRuntime: Shutting down VM
08-14 12:45:54.547  2613  2613 D AndroidRuntime: >>>>>> START com.android.internal.os.RuntimeInit uid 0 <<<<<<
08-14 12:45:54.548  2613  2613 D AndroidRuntime: CheckJNI is OFF
08-14 12:45:54.557  2613  2613 D ICU     : No timezone override file found: /data/misc/zoneinfo/current/icu/icu_tzdata.dat
08-14 12:45:54.570  2613  2613 E memtrack: Couldn't load memtrack module (No such file or directory)
08-14 12:45:54.570  2613  2613 E android.os.Debug: failed to load memtrack module: -2
08-14 12:45:54.571  2613  2613 I Radio-JNI: register_android_hardware_Radio DONE
08-14 12:45:54.579  2613  2613 D AndroidRuntime: Calling main entry com.android.commands.uiautomator.Launcher
08-14 12:45:55.592  2613  2613 W AccessibilityNodeInfoDumper: Fetch time: 1ms
08-14 12:45:55.592   600  1011 W WindowManager: Attempted to remove non-existing token: android.os.Binder@35f1cf7
08-14 12:45:55.601  2613  2613 D AndroidRuntime: Shutting down VM
08-14 12:45:56.011  2631  2631 D AndroidRuntime: >>>>>> START com.android.internal.os.RuntimeInit uid 0 <<<<<<
08-14 12:45:56.012  2631  2631 D AndroidRuntime: CheckJNI is OFF
08-14 12:45:56.020  2631  2631 D ICU     : No timezone override file found: /data/misc/zoneinfo/current/icu/icu_tzdata.dat
08-14 12:45:56.032  2631  2631 E memtrack: Couldn't load memtrack module (No such file or directory)
08-14 12:45:56.032  2631  2631 E android.os.Debug: failed to load memtrack module: -2
08-14 12:45:56.032  2631  2631 I Radio-JNI: register_android_hardware_Radio DONE
08-14 12:45:56.038  2631  2631 D AndroidRuntime: Calling main entry com.android.commands.uiautomator.Launcher
08-14 12:45:57.054  2631  2631 W AccessibilityNodeInfoDumper: Fetch time: 2ms
08-14 12:45:57.054   600   611 W WindowManager: Attempted to remove non-existing token: android.os.Binder@85cc764
08-14 12:45:57.061  2631  2631 D AndroidRuntime: Shutting down VM
08-14 12:45:58.124  2654  2654 D AndroidRuntime: >>>>>> START com.android.internal.os.RuntimeInit uid 0 <<<<<<
08-14 12:45:58.126  2654  2654 D AndroidRuntime: CheckJNI is OFF
08-14 12:45:58.133  2654  2654 D ICU     : No timezone override file found: /data/misc/zoneinfo/current/icu/icu_tzdata.dat
08-14 12:45:58.146  2654  2654 E memtrack: Couldn't load memtrack module (No such file or directory)
08-14 12:45:58.146  2654  2654 E android.os.Debug: failed to load memtrack module: -2
08-14 12:45:58.147  2654  2654 I Radio-JNI: register_android_hardware_Radio DONE
08-14 12:45:58.155  2654  2654 D AndroidRuntime: Calling main entry com.android.commands.uiautomator.Launcher
08-14 12:45:59.171  2654  2654 W AccessibilityNodeInfoDumper: Fetch time: 1ms
08-14 12:45:59.172   600   918 W WindowManager: Attempted to remove non-existing token: android.os.Binder@f998dcd
08-14 12:45:59.180  2654  2654 D AndroidRuntime: Shutting down VM
08-14 12:46:00.240  2682  2682 D AndroidRuntime: >>>>>> START com.android.internal.os.RuntimeInit uid 0 <<<<<<
08-14 12:46:00.241  2682  2682 D AndroidRuntime: CheckJNI is OFF
08-14 12:46:00.250  2682  2682 D ICU     : No timezone override file found: /data/misc/zoneinfo/current/icu/icu_tzdata.dat
08-14 12:46:00.263  2682  2682 E memtrack: Couldn't load memtrack module (No such file or directory)
08-14 12:46:00.263  2682  2682 E android.os.Debug: failed to load memtrack module: -2
08-14 12:46:00.264  2682  2682 I Radio-JNI: register_android_hardware_Radio DONE
08-14 12:46:00.270  2682  2682 D AndroidRuntime: Calling main entry com.android.commands.uiautomator.Launcher
08-14 12:46:01.285  2682  2682 W AccessibilityNodeInfoDumper: Fetch time: 2ms
08-14 12:46:01.285   600   918 W WindowManager: Attempted to remove non-existing token: android.os.Binder@7240682
08-14 12:46:01.292  2682  2682 D AndroidRuntime: Shutting down VM
08-14 12:46:02.343  2708  2708 D AndroidRuntime: >>>>>> START com.android.internal.os.RuntimeInit uid 0 <<<<<<
08-14 12:46:02.344  2708  2708 D AndroidRuntime: CheckJNI is OFF
08-14 12:46:02.356  2708  2708 D ICU     : No timezone override file found: /data/misc/zoneinfo/current/icu/icu_tzdata.dat
08-14 12:46:02.370  2708  2708 E memtrack: Couldn't load memtrack module (No such file or directory)
08-14 12:46:02.370  2708  2708 E android.os.Debug: failed to load memtrack module: -2
08-14 12:46:02.371  2708  2708 I Radio-JNI: register_android_hardware_Radio DONE
08-14 12:46:02.376  2708  2708 D AndroidRuntime: Calling main entry com.android.commands.uiautomator.Launcher
08-14 12:46:03.397  2708  2708 W AccessibilityNodeInfoDumper: Fetch time: 3ms
08-14 12:46:03.398   600  1011 W WindowManager: Attempted to remove non-existing token: android.os.Binder@ede9193
08-14 12:46:03.411  2708  2708 D AndroidRuntime: Shutting down VM
08-14 12:46:03.851  2726  2726 D AndroidRuntime: >>>>>> START com.android.internal.os.RuntimeInit uid 0 <<<<<<
08-14 12:46:03.853  2726  2726 D AndroidRuntime: CheckJNI is OFF
08-14 12:46:03.863  2726  2726 D ICU     : No timezone override file found: /data/misc/zoneinfo/current/icu/icu_tzdata.dat
08-14 12:46:03.878  2726  2726 E memtrack: Couldn't load memtrack module (No such file or directory)
08-14 12:46:03.878  2726  2726 E android.os.Debug: failed to load memtrack module: -2
08-14 12:46:03.879  2726  2726 I Radio-JNI: register_android_hardware_Radio DONE
08-14 12:46:03.887  2726  2726 D AndroidRuntime: Calling main entry com.android.commands.uiautomator.Launcher
08-14 12:46:04.900  2726  2726 W AccessibilityNodeInfoDumper: Fetch time: 1ms
08-14 12:46:04.900   600  1011 W WindowManager: Attempted to remove non-existing token: android.os.Binder@5be39c9
08-14 12:46:04.908  2726  2726 D AndroidRuntime: Shutting down VM
08-14 12:46:05.933  2749  2749 D AndroidRuntime: >>>>>> START com.android.internal.os.RuntimeInit uid 0 <<<<<<
08-14 12:46:05.935  2749  2749 D AndroidRuntime: CheckJNI is OFF
08-14 12:46:05.944  2749  2749 D ICU     : No timezone override file found: /data/misc/zoneinfo/current/icu/icu_tzdata.dat
08-14 12:46:05.957  2749  2749 E memtrack: Couldn't load memtrack module (No such file or directory)
08-14 12:46:05.957  2749  2749 E android.os.Debug: failed to load memtrack module: -2
08-14 12:46:05.958  2749  2749 I Radio-JNI: register_android_hardware_Radio DONE
08-14 12:46:05.966  2749  2749 D AndroidRuntime: Calling main entry com.android.commands.uiautomator.Launcher
08-14 12:46:06.983  2749  2749 W AccessibilityNodeInfoDumper: Fetch time: 1ms
08-14 12:46:06.984   600   724 W WindowManager: Attempted to remove non-existing token: android.os.Binder@21008ce
08-14 12:46:06.998  2749  2749 D AndroidRuntime: Shutting down VM
08-14 12:46:07.410  2767  2767 D AndroidRuntime: >>>>>> START com.android.internal.os.RuntimeInit uid 0 <<<<<<
08-14 12:46:07.411  2767  2767 D AndroidRuntime: CheckJNI is OFF
08-14 12:46:07.420  2767  2767 D ICU     : No timezone override file found: /data/misc/zoneinfo/current/icu/icu_tzdata.dat
08-14 12:46:07.432  2767  2767 E memtrack: Couldn't load memtrack module (No such file or directory)
08-14 12:46:07.432  2767  2767 E android.os.Debug: failed to load memtrack module: -2
08-14 12:46:07.434  2767  2767 I Radio-JNI: register_android_hardware_Radio DONE
08-14 12:46:07.440  2767  2767 D AndroidRuntime: Calling main entry com.android.commands.uiautomator.Launcher
08-14 12:46:08.452  2767  2767 W AccessibilityNodeInfoDumper: Fetch time: 1ms
08-14 12:46:08.452   600   918 W WindowManager: Attempted to remove non-existing token: android.os.Binder@d6b3ef
08-14 12:46:08.460  2767  2767 D AndroidRuntime: Shutting down VM
08-14 12:46:09.456  2791  2791 D AndroidRuntime: >>>>>> START com.android.internal.os.RuntimeInit uid 0 <<<<<<
08-14 12:46:09.458  2791  2791 D AndroidRuntime: CheckJNI is OFF
08-14 12:46:09.466  2791  2791 D ICU     : No timezone override file found: /data/misc/zoneinfo/current/icu/icu_tzdata.dat
08-14 12:46:09.478  2791  2791 E memtrack: Couldn't load memtrack module (No such file or directory)
08-14 12:46:09.478  2791  2791 E android.os.Debug: failed to load memtrack module: -2
08-14 12:46:09.478  2791  2791 I Radio-JNI: register_android_hardware_Radio DONE
08-14 12:46:09.483  2791  2791 D AndroidRuntime: Calling main entry com.android.commands.uiautomator.Launcher
08-14 12:46:10.496  2791  2791 W AccessibilityNodeInfoDumper: Fetch time: 2ms
08-14 12:46:10.496   600   918 W WindowManager: Attempted to remove non-existing token: android.os.Binder@179efc
08-14 12:46:10.504  2791  2791 D AndroidRuntime: Shutting down VM
08-14 12:46:10.958  2809  2809 D AndroidRuntime: >>>>>> START com.android.internal.os.RuntimeInit uid 0 <<<<<<
08-14 12:46:10.959  2809  2809 D AndroidRuntime: CheckJNI is OFF
08-14 12:46:10.968  2809  2809 D ICU     : No timezone override file found: /data/misc/zoneinfo/current/icu/icu_tzdata.dat
08-14 12:46:10.981  2809  2809 E memtrack: Couldn't load memtrack module (No such file or directory)
08-14 12:46:10.981  2809  2809 E android.os.Debug: failed to load memtrack module: -2
08-14 12:46:10.982  2809  2809 I Radio-JNI: register_android_hardware_Radio DONE
08-14 12:46:10.988  2809  2809 D AndroidRuntime: Calling main entry com.android.commands.uiautomator.Launcher
08-14 12:46:12.003  2809  2809 W AccessibilityNodeInfoDumper: Fetch time: 1ms
08-14 12:46:12.004   600   724 W WindowManager: Attempted to remove non-existing token: android.os.Binder@f67a985
08-14 12:46:12.011  2809  2809 D AndroidRuntime: Shutting down VM
08-14 12:46:13.023  2834  2834 D AndroidRuntime: >>>>>> START com.android.internal.os.RuntimeInit uid 0 <<<<<<
08-14 12:46:13.025  2834  2834 D AndroidRuntime: CheckJNI is OFF
08-14 12:46:13.032  2834  2834 D ICU     : No timezone override file found: /data/misc/zoneinfo/current/icu/icu_tzdata.dat
08-14 12:46:13.045  2834  2834 E memtrack: Couldn't load memtrack module (No such file or directory)
08-14 12:46:13.045  2834  2834 E android.os.Debug: failed to load memtrack module: -2
08-14 12:46:13.045  2834  2834 I Radio-JNI: register_android_hardware_Radio DONE
08-14 12:46:13.051  2834  2834 D AndroidRuntime: Calling main entry com.android.commands.uiautomator.Launcher
08-14 12:46:14.066  2834  2834 W AccessibilityNodeInfoDumper: Fetch time: 3ms
08-14 12:46:14.067   600  1240 W WindowManager: Attempted to remove non-existing token: android.os.Binder@6a7e3da
08-14 12:46:14.074  2834  2834 D AndroidRuntime: Shutting down VM
08-14 12:46:14.505  2852  2852 D AndroidRuntime: >>>>>> START com.android.internal.os.RuntimeInit uid 0 <<<<<<
08-14 12:46:14.506  2852  2852 D AndroidRuntime: CheckJNI is OFF
08-14 12:46:14.515  2852  2852 D ICU     : No timezone override file found: /data/misc/zoneinfo/current/icu/icu_tzdata.dat
08-14 12:46:14.527  2852  2852 E memtrack: Couldn't load memtrack module (No such file or directory)
08-14 12:46:14.527  2852  2852 E android.os.Debug: failed to load memtrack module: -2
08-14 12:46:14.528  2852  2852 I Radio-JNI: register_android_hardware_Radio DONE
08-14 12:46:14.534  2852  2852 D AndroidRuntime: Calling main entry com.android.commands.uiautomator.Launcher
08-14 12:46:15.549  2852  2852 W AccessibilityNodeInfoDumper: Fetch time: 2ms
08-14 12:46:15.549   600   611 W WindowManager: Attempted to remove non-existing token: android.os.Binder@1bdaee8
08-14 12:46:15.556  2852  2852 D AndroidRuntime: Shutting down VM
08-14 12:46:15.988  2865  2865 D AndroidRuntime: >>>>>> START com.android.internal.os.RuntimeInit uid 0 <<<<<<
08-14 12:46:15.989  2865  2865 D AndroidRuntime: CheckJNI is OFF
08-14 12:46:16.000  2865  2865 D ICU     : No timezone override file found: /data/misc/zoneinfo/current/icu/icu_tzdata.dat
08-14 12:46:16.013  2865  2865 E memtrack: Couldn't load memtrack module (No such file or directory)
08-14 12:46:16.013  2865  2865 E android.os.Debug: failed to load memtrack module: -2
08-14 12:46:16.014  2865  2865 I Radio-JNI: register_android_hardware_Radio DONE
08-14 12:46:16.021  2865  2865 D AndroidRuntime: Calling main entry com.android.commands.input.Input
