08-14 12:46:16.021  2865  2865 I Input   : injectMotionEvent: MotionEvent { action=ACTION_DOWN, actionButton=0, id[0]=0, x[0]=1060.0, y[0]=1077.0, toolType[0]=TOOL_TYPE_UNKNOWN, buttonState=0, metaState=0, flags=0x0, edgeFlags=0x0, pointerCount=1, historySize=0, eventTime=501375, downTime=501375, deviceId=0, source=0x1002 }
08-14 12:46:16.023  2865  2865 I Input   : injectMotionEvent: MotionEvent { action=ACTION_UP, actionButton=0, id[0]=0, x[0]=1060.0, y[0]=1077.0, toolType[0]=TOOL_TYPE_UNKNOWN, buttonState=0, metaState=0, flags=0x0, edgeFlags=0x0, pointerCount=1, historySize=0, eventTime=501375, downTime=501375, deviceId=0, source=0x1002 }
08-14 12:46:16.024  2865  2865 D AndroidRuntime: Shutting down VM
08-14 12:46:16.036  1890  1890 D leak-56 : Eastern Standard Time
08-14 12:46:16.047  1890  1905 E Surface : getSlotFromBufferLocked: unknown buffer: 0xe12743f0
08-14 12:46:16.257   266   660 D AudioFlinger: mixer(0xf1d80000) throttle end: throttle time(11)
08-14 12:46:20.484  3195  3195 D AndroidRuntime: >>>>>> START com.android.internal.os.RuntimeInit uid 0 <<<<<<
08-14 12:46:20.485  3195  3195 D AndroidRuntime: CheckJNI is OFF
08-14 12:46:20.496  3195  3195 D ICU     : No timezone override file found: /data/misc/zoneinfo/current/icu/icu_tzdata.dat
08-14 12:46:20.510  3195  3195 E memtrack: Couldn't load memtrack module (No such file or directory)
08-14 12:46:20.510  3195  3195 E android.os.Debug: failed to load memtrack module: -2
08-14 12:46:20.510  3195  3195 I Radio-JNI: register_android_hardware_Radio DONE
08-14 12:46:20.517  3195  3195 D AndroidRuntime: Calling main entry com.android.commands.uiautomator.Launcher
08-14 12:46:21.532  3195  3195 W AccessibilityNodeInfoDumper: Fetch time: 3ms
08-14 12:46:21.533   600  1240 W WindowManager: Attempted to remove non-existing token: android.os.Binder@732d194
08-14 12:46:21.540  3195  3195 D AndroidRuntime: Shutting down VM
08-14 12:46:22.522  3218  3218 D AndroidRuntime: >>>>>> START com.android.internal.os.RuntimeInit uid 0 <<<<<<
08-14 12:46:22.524  3218  3218 D AndroidRuntime: CheckJNI is OFF
08-14 12:46:22.536  3218  3218 D ICU     : No timezone override file found: /data/misc/zoneinfo/current/icu/icu_tzdata.dat
08-14 12:46:22.549  3218  3218 E memtrack: Couldn't load memtrack module (No such file or directory)
08-14 12:46:22.549  3218  3218 E android.os.Debug: failed to load memtrack module: -2
08-14 12:46:22.550  3218  3218 I Radio-JNI: register_android_hardware_Radio DONE
08-14 12:46:22.557  3218  3218 D AndroidRuntime: Calling main entry com.android.commands.uiautomator.Launcher
08-14 12:46:23.573  3218  3218 W AccessibilityNodeInfoDumper: Fetch time: 2ms
08-14 12:46:23.573   600   723 W WindowManager: Attempted to remove non-existing token: android.os.Binder@8f6843d
08-14 12:46:23.583  3218  3218 D AndroidRuntime: Shutting down VM
08-14 12:46:23.985  3236  3236 D AndroidRuntime: >>>>>> START com.android.internal.os.RuntimeInit uid 0 <<<<<<
08-14 12:46:23.987  3236  3236 D AndroidRuntime: CheckJNI is OFF
08-14 12:46:23.999  3236  3236 D ICU     : No timezone override file found: /data/misc/zoneinfo/current/icu/icu_tzdata.dat
08-14 12:46:24.014  3236  3236 E memtrack: Couldn't load memtrack module (No such file or directory)
08-14 12:46:24.014  3236  3236 E android.os.Debug: failed to load memtrack module: -2
08-14 12:46:24.015  3236  3236 I Radio-JNI: register_android_hardware_Radio DONE
08-14 12:46:24.022  3236  3236 D AndroidRuntime: Calling main entry com.android.commands.uiautomator.Launcher
08-14 12:46:25.039  3236  3236 W AccessibilityNodeInfoDumper: Fetch time: 2ms
08-14 12:46:25.039   600  1011 W WindowManager: Attempted to remove non-existing token: android.os.Binder@16f1432
08-14 12:46:25.049  3236  3236 D AndroidRuntime: Shutting down VM
08-14 12:46:26.068  3259  3259 D AndroidRuntime: >>>>>> START com.android.internal.os.RuntimeInit uid 0 <<<<<<
08-14 12:46:26.070  3259  3259 D AndroidRuntime: CheckJNI is OFF
08-14 12:46:26.079  3259  3259 D ICU     : No timezone override file found: /data/misc/zoneinfo/current/icu/icu_tzdata.dat
08-14 12:46:26.093  3259  3259 E memtrack: Couldn't load memtrack module (No such file or directory)
08-14 12:46:26.093  3259  3259 E android.os.Debug: failed to load memtrack module: -2
08-14 12:46:26.094  3259  3259 I Radio-JNI: register_android_hardware_Radio DONE
08-14 12:46:26.100  3259  3259 D AndroidRuntime: Calling main entry com.android.commands.uiautomator.Launcher
08-14 12:46:27.119  3259  3259 W AccessibilityNodeInfoDumper: Fetch time: 2ms
08-14 12:46:27.119   600   723 W WindowManager: Attempted to remove non-existing token: android.os.Binder@51f0583
08-14 12:46:27.128  3259  3259 D AndroidRuntime: Shutting down VM
08-14 12:46:28.177  3287  3287 D AndroidRuntime: >>>>>> START com.android.internal.os.RuntimeInit uid 0 <<<<<<
08-14 12:46:28.178  3287  3287 D AndroidRuntime: CheckJNI is OFF
08-14 12:46:28.188  3287  3287 D ICU     : No timezone override file found: /data/misc/zoneinfo/current/icu/icu_tzdata.dat
08-14 12:46:28.202  3287  3287 E memtrack: Couldn't load memtrack module (No such file or directory)
08-14 12:46:28.202  3287  3287 E android.os.Debug: failed to load memtrack module: -2
08-14 12:46:28.203  3287  3287 I Radio-JNI: register_android_hardware_Radio DONE
08-14 12:46:28.210  3287  3287 D AndroidRuntime: Calling main entry com.android.commands.uiautomator.Launcher
08-14 12:46:29.223  3287  3287 W AccessibilityNodeInfoDumper: Fetch time: 2ms
08-14 12:46:29.223   600  1011 W WindowManager: Attempted to remove non-existing token: android.os.Binder@8357300
08-14 12:46:29.232  3287  3287 D AndroidRuntime: Shutting down VM
08-14 12:46:30.242  3314  3314 D AndroidRuntime: >>>>>> START com.android.internal.os.RuntimeInit uid 0 <<<<<<
08-14 12:46:30.243  3314  3314 D AndroidRuntime: CheckJNI is OFF
08-14 12:46:30.252  3314  3314 D ICU     : No timezone override file found: /data/misc/zoneinfo/current/icu/icu_tzdata.dat
08-14 12:46:30.266  3314  3314 E memtrack: Couldn't load memtrack module (No such file or directory)
08-14 12:46:30.266  3314  3314 E android.os.Debug: failed to load memtrack module: -2
08-14 12:46:30.267  3314  3314 I Radio-JNI: register_android_hardware_Radio DONE
08-14 12:46:30.274  3314  3314 D AndroidRuntime: Calling main entry com.android.commands.uiautomator.Launcher
08-14 12:46:31.295  3314  3314 W AccessibilityNodeInfoDumper: Fetch time: 2ms
08-14 12:46:31.295   600   723 W WindowManager: Attempted to remove non-existing token: android.os.Binder@9cc2739
08-14 12:46:31.305  3314  3314 D AndroidRuntime: Shutting down VM
08-14 12:46:31.734  3332  3332 D AndroidRuntime: >>>>>> START com.android.internal.os.RuntimeInit uid 0 <<<<<<
08-14 12:46:31.735  3332  3332 D AndroidRuntime: CheckJNI is OFF
08-14 12:46:31.745  3332  3332 D ICU     : No timezone override file found: /data/misc/zoneinfo/current/icu/icu_tzdata.dat
08-14 12:46:31.760  3332  3332 E memtrack: Couldn't load memtrack module (No such file or directory)
08-14 12:46:31.760  3332  3332 E android.os.Debug: failed to load memtrack module: -2
08-14 12:46:31.761  3332  3332 I Radio-JNI: register_android_hardware_Radio DONE
08-14 12:46:31.767  3332  3332 D AndroidRuntime: Calling main entry com.android.commands.uiautomator.Launcher
08-14 12:46:32.786  3332  3332 W AccessibilityNodeInfoDumper: Fetch time: 2ms
08-14 12:46:32.787   600  1011 W WindowManager: Attempted to remove non-existing token: android.os.Binder@c4276df
08-14 12:46:32.795  3332  3332 D AndroidRuntime: Shutting down VM
08-14 12:46:33.782  3355  3355 D AndroidRuntime: >>>>>> START com.android.internal.os.RuntimeInit uid 0 <<<<<<
08-14 12:46:33.783  3355  3355 D AndroidRuntime: CheckJNI is OFF
08-14 12:46:33.792  3355  3355 D ICU     : No timezone override file found: /data/misc/zoneinfo/current/icu/icu_tzdata.dat
08-14 12:46:33.804  3355  3355 E memtrack: Couldn't load memtrack module (No such file or directory)
08-14 12:46:33.805  3355  3355 E android.os.Debug: failed to load memtrack module: -2
08-14 12:46:33.806  3355  3355 I Radio-JNI: register_android_hardware_Radio DONE
08-14 12:46:33.813  3355  3355 D AndroidRuntime: Calling main entry com.android.commands.uiautomator.Launcher
08-14 12:46:34.829  3355  3355 W AccessibilityNodeInfoDumper: Fetch time: 2ms
08-14 12:46:34.829   600   918 W WindowManager: Attempted to remove non-existing token: android.os.Binder@7febf2c
08-14 12:46:34.838  3355  3355 D AndroidRuntime: Shutting down VM
08-14 12:46:35.274  3373  3373 D AndroidRuntime: >>>>>> START com.android.internal.os.RuntimeInit uid 0 <<<<<<
08-14 12:46:35.277  3373  3373 D AndroidRuntime: CheckJNI is OFF
08-14 12:46:35.288  3373  3373 D ICU     : No timezone override file found: /data/misc/zoneinfo/current/icu/icu_tzdata.dat
08-14 12:46:35.301  3373  3373 E memtrack: Couldn't load memtrack module (No such file or directory)
08-14 12:46:35.301  3373  3373 E android.os.Debug: failed to load memtrack module: -2
08-14 12:46:35.303  3373  3373 I Radio-JNI: register_android_hardware_Radio DONE
08-14 12:46:35.310  3373  3373 D AndroidRuntime: Calling main entry com.android.commands.uiautomator.Launcher
08-14 12:46:36.325  3373  3373 W AccessibilityNodeInfoDumper: Fetch time: 1ms
08-14 12:46:36.326   600   918 W WindowManager: Attempted to remove non-existing token: android.os.Binder@dbefdf5
08-14 12:46:36.336  3373  3373 D AndroidRuntime: Shutting down VM
08-14 12:46:37.329  3396  3396 D AndroidRuntime: >>>>>> START com.android.internal.os.RuntimeInit uid 0 <<<<<<
08-14 12:46:37.330  3396  3396 D AndroidRuntime: CheckJNI is OFF
08-14 12:46:37.339  3396  3396 D ICU     : No timezone override file found: /data/misc/zoneinfo/current/icu/icu_tzdata.dat
08-14 12:46:37.351  3396  3396 E memtrack: Couldn't load memtrack module (No such file or directory)
08-14 12:46:37.351  3396  3396 E android.os.Debug: failed to load memtrack module: -2
08-14 12:46:37.351  3396  3396 I Radio-JNI: register_android_hardware_Radio DONE
08-14 12:46:37.356  3396  3396 D AndroidRuntime: Calling main entry com.android.commands.uiautomator.Launcher
08-14 12:46:38.369  3396  3396 W AccessibilityNodeInfoDumper: Fetch time: 2ms
08-14 12:46:38.370   600  1239 W WindowManager: Attempted to remove non-existing token: android.os.Binder@c30f78a
08-14 12:46:38.377  3396  3396 D AndroidRuntime: Shutting down VM
08-14 12:46:38.816  3414  3414 D AndroidRuntime: >>>>>> START com.android.internal.os.RuntimeInit uid 0 <<<<<<
08-14 12:46:38.818  3414  3414 D AndroidRuntime: CheckJNI is OFF
08-14 12:46:38.827  3414  3414 D ICU     : No timezone override file found: /data/misc/zoneinfo/current/icu/icu_tzdata.dat
08-14 12:46:38.840  3414  3414 E memtrack: Couldn't load memtrack module (No such file or directory)
08-14 12:46:38.840  3414  3414 E android.os.Debug: failed to load memtrack module: -2
08-14 12:46:38.842  3414  3414 I Radio-JNI: register_android_hardware_Radio DONE
08-14 12:46:38.848  3414  3414 D AndroidRuntime: Calling main entry com.android.commands.uiautomator.Launcher
08-14 12:46:39.863  3414  3414 W AccessibilityNodeInfoDumper: Fetch time: 2ms
08-14 12:46:39.863   600   723 W WindowManager: Attempted to remove non-existing token: android.os.Binder@b01a1fb
08-14 12:46:39.871  3414  3414 D AndroidRuntime: Shutting down VM
08-14 12:46:40.917  3439  3439 D AndroidRuntime: >>>>>> START com.android.internal.os.RuntimeInit uid 0 <<<<<<
08-14 12:46:40.919  3439  3439 D AndroidRuntime: CheckJNI is OFF
08-14 12:46:40.930  3439  3439 D ICU     : No timezone override file found: /data/misc/zoneinfo/current/icu/icu_tzdata.dat
08-14 12:46:40.947  3439  3439 E memtrack: Couldn't load memtrack module (No such file or directory)
08-14 12:46:40.947  3439  3439 E android.os.Debug: failed to load memtrack module: -2
08-14 12:46:40.948  3439  3439 I Radio-JNI: register_android_hardware_Radio DONE
08-14 12:46:40.955  3439  3439 D AndroidRuntime: Calling main entry com.android.commands.uiautomator.Launcher
08-14 12:46:41.976  3439  3439 W AccessibilityNodeInfoDumper: Fetch time: 2ms
08-14 12:46:41.976   600   612 W WindowManager: Attempted to remove non-existing token: android.os.Binder@22ea218
08-14 12:46:41.985  3439  3439 D AndroidRuntime: Shutting down VM
08-14 12:46:42.419  3457  3457 D AndroidRuntime: >>>>>> START com.android.internal.os.RuntimeInit uid 0 <<<<<<
08-14 12:46:42.420  3457  3457 D AndroidRuntime: CheckJNI is OFF
08-14 12:46:42.429  3457  3457 D ICU     : No timezone override file found: /data/misc/zoneinfo/current/icu/icu_tzdata.dat
08-14 12:46:42.441  3457  3457 E memtrack: Couldn't load memtrack module (No such file or directory)
08-14 12:46:42.441  3457  3457 E android.os.Debug: failed to load memtrack module: -2
08-14 12:46:42.441  3457  3457 I Radio-JNI: register_android_hardware_Radio DONE
08-14 12:46:42.447  3457  3457 D AndroidRuntime: Calling main entry com.android.commands.uiautomator.Launcher
08-14 12:46:43.463  3457  3457 W AccessibilityNodeInfoDumper: Fetch time: 2ms
08-14 12:46:43.464   600   724 W WindowManager: Attempted to remove non-existing token: android.os.Binder@9ce8471
08-14 12:46:43.471  3457  3457 D AndroidRuntime: Shutting down VM
08-14 12:46:43.862  3470  3470 D AndroidRuntime: >>>>>> START com.android.internal.os.RuntimeInit uid 0 <<<<<<
08-14 12:46:43.864  3470  3470 D AndroidRuntime: CheckJNI is OFF
08-14 12:46:43.873  3470  3470 D ICU     : No timezone override file found: /data/misc/zoneinfo/current/icu/icu_tzdata.dat
08-14 12:46:43.886  3470  3470 E memtrack: Couldn't load memtrack module (No such file or directory)
08-14 12:46:43.886  3470  3470 E android.os.Debug: failed to load memtrack module: -2
08-14 12:46:43.887  3470  3470 I Radio-JNI: register_android_hardware_Radio DONE
08-14 12:46:43.897  3470  3470 D AndroidRuntime: Calling main entry com.android.commands.input.Input
08-14 12:46:43.898  3470  3470 I Input   : injectMotionEvent: MotionEvent { action=ACTION_DOWN, actionButton=0, id[0]=0, x[0]=333.0, y[0]=112.0, toolType[0]=TOOL_TYPE_UNKNOWN, buttonState=0, metaState=0, flags=0x0, edgeFlags=0x0, pointerCount=1, historySize=0, eventTime=529251, downTime=529251, deviceId=0, source=0x1002 }
08-14 12:46:43.900  3470  3470 I Input   : injectMotionEvent: MotionEvent { action=ACTION_UP, actionButton=0, id[0]=0, x[0]=333.0, y[0]=112.0, toolType[0]=TOOL_TYPE_UNKNOWN, buttonState=0, metaState=0, flags=0x0, edgeFlags=0x0, pointerCount=1, historySize=0, eventTime=529251, downTime=529251, deviceId=0, source=0x1002 }
08-14 12:46:43.901  3470  3470 D AndroidRuntime: Shutting down VM
08-14 12:46:43.951  1890  1905 W EGL_emulation: eglSurfaceAttrib not implemented
08-14 12:46:43.951  1890  1905 W OpenGLRenderer: Failed to set EGL_SWAP_BEHAVIOR on surface 0xe0250780, error=EGL_SUCCESS
08-14 12:46:48.249  3800  3800 D AndroidRuntime: >>>>>> START com.android.internal.os.RuntimeInit uid 0 <<<<<<
08-14 12:46:48.251  3800  3800 D AndroidRuntime: CheckJNI is OFF
08-14 12:46:48.260  3800  3800 D ICU     : No timezone override file found: /data/misc/zoneinfo/current/icu/icu_tzdata.dat
08-14 12:46:48.273  3800  3800 E memtrack: Couldn't load memtrack module (No such file or directory)
08-14 12:46:48.273  3800  3800 E android.os.Debug: failed to load memtrack module: -2
08-14 12:46:48.274  3800  3800 I Radio-JNI: register_android_hardware_Radio DONE
08-14 12:46:48.280  3800  3800 D AndroidRuntime: Calling main entry com.android.commands.uiautomator.Launcher
08-14 12:46:49.363  3800  3800 W AccessibilityNodeInfoDumper: Fetch time: 2ms
08-14 12:46:49.363   600   723 W WindowManager: Attempted to remove non-existing token: android.os.Binder@f30ede2
08-14 12:46:49.370  3800  3800 D AndroidRuntime: Shutting down VM
08-14 12:46:50.357  3824  3824 D AndroidRuntime: >>>>>> START com.android.internal.os.RuntimeInit uid 0 <<<<<<
08-14 12:46:50.359  3824  3824 D AndroidRuntime: CheckJNI is OFF
08-14 12:46:50.367  3824  3824 D ICU     : No timezone override file found: /data/misc/zoneinfo/current/icu/icu_tzdata.dat
08-14 12:46:50.378  3824  3824 E memtrack: Couldn't load memtrack module (No such file or directory)
08-14 12:46:50.378  3824  3824 E android.os.Debug: failed to load memtrack module: -2
08-14 12:46:50.379  3824  3824 I Radio-JNI: register_android_hardware_Radio DONE
08-14 12:46:50.385  3824  3824 D AndroidRuntime: Calling main entry com.android.commands.uiautomator.Launcher
08-14 12:46:51.397  3824  3824 W AccessibilityNodeInfoDumper: Fetch time: 0ms
08-14 12:46:51.398   600   612 W WindowManager: Attempted to remove non-existing token: android.os.Binder@f1c5573
08-14 12:46:51.406  3824  3824 D AndroidRuntime: Shutting down VM
08-14 12:46:51.816  3842  3842 D AndroidRuntime: >>>>>> START com.android.internal.os.RuntimeInit uid 0 <<<<<<
08-14 12:46:51.818  3842  3842 D AndroidRuntime: CheckJNI is OFF
08-14 12:46:51.827  3842  3842 D ICU     : No timezone override file found: /data/misc/zoneinfo/current/icu/icu_tzdata.dat
08-14 12:46:51.841  3842  3842 E memtrack: Couldn't load memtrack module (No such file or directory)
08-14 12:46:51.841  3842  3842 E android.os.Debug: failed to load memtrack module: -2
08-14 12:46:51.841  3842  3842 I Radio-JNI: register_android_hardware_Radio DONE
08-14 12:46:51.846  3842  3842 D AndroidRuntime: Calling main entry com.android.commands.uiautomator.Launcher
08-14 12:46:52.866  3842  3842 W AccessibilityNodeInfoDumper: Fetch time: 2ms
08-14 12:46:52.867   600   611 W WindowManager: Attempted to remove non-existing token: android.os.Binder@aa850a9
08-14 12:46:52.874  3842  3842 D AndroidRuntime: Shutting down VM
08-14 12:46:53.879  3865  3865 D AndroidRuntime: >>>>>> START com.android.internal.os.RuntimeInit uid 0 <<<<<<
08-14 12:46:53.880  3865  3865 D AndroidRuntime: CheckJNI is OFF
08-14 12:46:53.888  3865  3865 D ICU     : No timezone override file found: /data/misc/zoneinfo/current/icu/icu_tzdata.dat
08-14 12:46:53.901  3865  3865 E memtrack: Couldn't load memtrack module (No such file or directory)
08-14 12:46:53.901  3865  3865 E android.os.Debug: failed to load memtrack module: -2
08-14 12:46:53.901  3865  3865 I Radio-JNI: register_android_hardware_Radio DONE
08-14 12:46:53.906  3865  3865 D AndroidRuntime: Calling main entry com.android.commands.uiautomator.Launcher
08-14 12:46:54.918  3865  3865 W AccessibilityNodeInfoDumper: Fetch time: 1ms
08-14 12:46:54.918   600   724 W WindowManager: Attempted to remove non-existing token: android.os.Binder@df4062e
08-14 12:46:54.925  3865  3865 D AndroidRuntime: Shutting down VM
08-14 12:46:55.993  3893  3893 D AndroidRuntime: >>>>>> START com.android.internal.os.RuntimeInit uid 0 <<<<<<
08-14 12:46:55.996  3893  3893 D AndroidRuntime: CheckJNI is OFF
08-14 12:46:56.011  3893  3893 D ICU     : No timezone override file found: /data/misc/zoneinfo/current/icu/icu_tzdata.dat
08-14 12:46:56.034  3893  3893 E memtrack: Couldn't load memtrack module (No such file or directory)
08-14 12:46:56.034  3893  3893 E android.os.Debug: failed to load memtrack module: -2
08-14 12:46:56.035  3893  3893 I Radio-JNI: register_android_hardware_Radio DONE
08-14 12:46:56.042  3893  3893 D AndroidRuntime: Calling main entry com.android.commands.uiautomator.Launcher
08-14 12:46:57.057  3893  3893 W AccessibilityNodeInfoDumper: Fetch time: 2ms
08-14 12:46:57.058   600   724 W WindowManager: Attempted to remove non-existing token: android.os.Binder@5cd5cf
08-14 12:46:57.067  3893  3893 D AndroidRuntime: Shutting down VM
08-14 12:46:58.089  3919  3919 D AndroidRuntime: >>>>>> START com.android.internal.os.RuntimeInit uid 0 <<<<<<
08-14 12:46:58.091  3919  3919 D AndroidRuntime: CheckJNI is OFF
08-14 12:46:58.101  3919  3919 D ICU     : No timezone override file found: /data/misc/zoneinfo/current/icu/icu_tzdata.dat
08-14 12:46:58.116  3919  3919 E memtrack: Couldn't load memtrack module (No such file or directory)
08-14 12:46:58.116  3919  3919 E android.os.Debug: failed to load memtrack module: -2
08-14 12:46:58.117  3919  3919 I Radio-JNI: register_android_hardware_Radio DONE
08-14 12:46:58.124  3919  3919 D AndroidRuntime: Calling main entry com.android.commands.uiautomator.Launcher
08-14 12:46:59.142  3919  3919 W AccessibilityNodeInfoDumper: Fetch time: 2ms
08-14 12:46:59.143   600   611 W WindowManager: Attempted to remove non-existing token: android.os.Binder@dc64b5c
08-14 12:46:59.154  3919  3919 D AndroidRuntime: Shutting down VM
08-14 12:46:59.611  3937  3937 D AndroidRuntime: >>>>>> START com.android.internal.os.RuntimeInit uid 0 <<<<<<
08-14 12:46:59.612  3937  3937 D AndroidRuntime: CheckJNI is OFF
08-14 12:46:59.622  3937  3937 D ICU     : No timezone override file found: /data/misc/zoneinfo/current/icu/icu_tzdata.dat
08-14 12:46:59.637  3937  3937 E memtrack: Couldn't load memtrack module (No such file or directory)
08-14 12:46:59.637  3937  3937 E android.os.Debug: failed to load memtrack module: -2
08-14 12:46:59.638  3937  3937 I Radio-JNI: register_android_hardware_Radio DONE
08-14 12:46:59.645  3937  3937 D AndroidRuntime: Calling main entry com.android.commands.uiautomator.Launcher
08-14 12:47:00.665  3937  3937 W AccessibilityNodeInfoDumper: Fetch time: 1ms
08-14 12:47:00.666   600   724 W WindowManager: Attempted to remove non-existing token: android.os.Binder@d8c4e65
08-14 12:47:00.674  3937  3937 D AndroidRuntime: Shutting down VM
08-14 12:47:01.662  3960  3960 D AndroidRuntime: >>>>>> START com.android.internal.os.RuntimeInit uid 0 <<<<<<
08-14 12:47:01.665  3960  3960 D AndroidRuntime: CheckJNI is OFF
08-14 12:47:01.673  3960  3960 D ICU     : No timezone override file found: /data/misc/zoneinfo/current/icu/icu_tzdata.dat
08-14 12:47:01.686  3960  3960 E memtrack: Couldn't load memtrack module (No such file or directory)
08-14 12:47:01.686  3960  3960 E android.os.Debug: failed to load memtrack module: -2
08-14 12:47:01.688  3960  3960 I Radio-JNI: register_android_hardware_Radio DONE
08-14 12:47:01.695  3960  3960 D AndroidRuntime: Calling main entry com.android.commands.uiautomator.Launcher
08-14 12:47:02.712  3960  3960 W AccessibilityNodeInfoDumper: Fetch time: 1ms
08-14 12:47:02.712   600  1011 W WindowManager: Attempted to remove non-existing token: android.os.Binder@bbe573a
08-14 12:47:02.719  3960  3960 D AndroidRuntime: Shutting down VM
08-14 12:47:03.177  3978  3978 D AndroidRuntime: >>>>>> START com.android.internal.os.RuntimeInit uid 0 <<<<<<
08-14 12:47:03.178  3978  3978 D AndroidRuntime: CheckJNI is OFF
08-14 12:47:03.188  3978  3978 D ICU     : No timezone override file found: /data/misc/zoneinfo/current/icu/icu_tzdata.dat
08-14 12:47:03.203  3978  3978 E memtrack: Couldn't load memtrack module (No such file or directory)
08-14 12:47:03.203  3978  3978 E android.os.Debug: failed to load memtrack module: -2
08-14 12:47:03.204  3978  3978 I Radio-JNI: register_android_hardware_Radio DONE
08-14 12:47:03.210  3978  3978 D AndroidRuntime: Calling main entry com.android.commands.uiautomator.Launcher
08-14 12:47:04.231  3978  3978 W AccessibilityNodeInfoDumper: Fetch time: 1ms
08-14 12:47:04.232   600   723 W WindowManager: Attempted to remove non-existing token: android.os.Binder@c1ac148
08-14 12:47:04.240  3978  3978 D AndroidRuntime: Shutting down VM
08-14 12:47:05.239  4001  4001 D AndroidRuntime: >>>>>> START com.android.internal.os.RuntimeInit uid 0 <<<<<<
08-14 12:47:05.240  4001  4001 D AndroidRuntime: CheckJNI is OFF
08-14 12:47:05.251  4001  4001 D ICU     : No timezone override file found: /data/misc/zoneinfo/current/icu/icu_tzdata.dat
08-14 12:47:05.265  4001  4001 E memtrack: Couldn't load memtrack module (No such file or directory)
08-14 12:47:05.265  4001  4001 E android.os.Debug: failed to load memtrack module: -2
08-14 12:47:05.266  4001  4001 I Radio-JNI: register_android_hardware_Radio DONE
08-14 12:47:05.273  4001  4001 D AndroidRuntime: Calling main entry com.android.commands.uiautomator.Launcher
08-14 12:47:06.288  4001  4001 W AccessibilityNodeInfoDumper: Fetch time: 1ms
08-14 12:47:06.288   600   918 W WindowManager: Attempted to remove non-existing token: android.os.Binder@3f86be1
08-14 12:47:06.294  4001  4001 D AndroidRuntime: Shutting down VM
08-14 12:47:06.724  4019  4019 D AndroidRuntime: >>>>>> START com.android.internal.os.RuntimeInit uid 0 <<<<<<
08-14 12:47:06.725  4019  4019 D AndroidRuntime: CheckJNI is OFF
08-14 12:47:06.733  4019  4019 D ICU     : No timezone override file found: /data/misc/zoneinfo/current/icu/icu_tzdata.dat
08-14 12:47:06.746  4019  4019 E memtrack: Couldn't load memtrack module (No such file or directory)
08-14 12:47:06.746  4019  4019 E android.os.Debug: failed to load memtrack module: -2
08-14 12:47:06.746  4019  4019 I Radio-JNI: register_android_hardware_Radio DONE
08-14 12:47:06.754  4019  4019 D AndroidRuntime: Calling main entry com.android.commands.uiautomator.Launcher
08-14 12:47:07.770  4019  4019 W AccessibilityNodeInfoDumper: Fetch time: 2ms
08-14 12:47:07.771   600   724 W WindowManager: Attempted to remove non-existing token: android.os.Binder@2aaad06
08-14 12:47:07.780  4019  4019 D AndroidRuntime: Shutting down VM
08-14 12:47:08.804  4044  4044 D AndroidRuntime: >>>>>> START com.android.internal.os.RuntimeInit uid 0 <<<<<<
08-14 12:47:08.806  4044  4044 D AndroidRuntime: CheckJNI is OFF
08-14 12:47:08.813  4044  4044 D ICU     : No timezone override file found: /data/misc/zoneinfo/current/icu/icu_tzdata.dat
08-14 12:47:08.826  4044  4044 E memtrack: Couldn't load memtrack module (No such file or directory)
08-14 12:47:08.826  4044  4044 E android.os.Debug: failed to load memtrack module: -2
08-14 12:47:08.827  4044  4044 I Radio-JNI: register_android_hardware_Radio DONE
08-14 12:47:08.833  4044  4044 D AndroidRuntime: Calling main entry com.android.commands.uiautomator.Launcher
08-14 12:47:09.883  4044  4044 W AccessibilityNodeInfoDumper: Fetch time: 0ms
08-14 12:47:09.883   600   723 W WindowManager: Attempted to remove non-existing token: android.os.Binder@c07afc7
08-14 12:47:09.890  4044  4044 D AndroidRuntime: Shutting down VM
08-14 12:47:10.328  4063  4063 D AndroidRuntime: >>>>>> START com.android.internal.os.RuntimeInit uid 0 <<<<<<
08-14 12:47:10.330  4063  4063 D AndroidRuntime: CheckJNI is OFF
08-14 12:47:10.340  4063  4063 D ICU     : No timezone override file found: /data/misc/zoneinfo/current/icu/icu_tzdata.dat
08-14 12:47:10.355  4063  4063 E memtrack: Couldn't load memtrack module (No such file or directory)
08-14 12:47:10.355  4063  4063 E android.os.Debug: failed to load memtrack module: -2
08-14 12:47:10.356  4063  4063 I Radio-JNI: register_android_hardware_Radio DONE
08-14 12:47:10.362  4063  4063 D AndroidRuntime: Calling main entry com.android.commands.uiautomator.Launcher
08-14 12:47:11.379  4063  4063 W AccessibilityNodeInfoDumper: Fetch time: 1ms
08-14 12:47:11.379   600  1239 W WindowManager: Attempted to remove non-existing token: android.os.Binder@1bea9f4
08-14 12:47:11.388  4063  4063 D AndroidRuntime: Shutting down VM
08-14 12:47:11.787  4076  4076 D AndroidRuntime: >>>>>> START com.android.internal.os.RuntimeInit uid 0 <<<<<<
08-14 12:47:11.789  4076  4076 D AndroidRuntime: CheckJNI is OFF
08-14 12:47:11.799  4076  4076 D ICU     : No timezone override file found: /data/misc/zoneinfo/current/icu/icu_tzdata.dat
08-14 12:47:11.811  4076  4076 E memtrack: Couldn't load memtrack module (No such file or directory)
08-14 12:47:11.811  4076  4076 E android.os.Debug: failed to load memtrack module: -2
08-14 12:47:11.812  4076  4076 I Radio-JNI: register_android_hardware_Radio DONE
08-14 12:47:11.818  4076  4076 D AndroidRuntime: Calling main entry com.android.commands.input.Input
08-14 12:47:11.819  4076  4076 I Input   : injectMotionEvent: MotionEvent { action=ACTION_DOWN, actionButton=0, id[0]=0, x[0]=309.0, y[0]=160.0, toolType[0]=TOOL_TYPE_UNKNOWN, buttonState=0, metaState=0, flags=0x0, edgeFlags=0x0, pointerCount=1, historySize=0, eventTime=557172, downTime=557172, deviceId=0, source=0x1002 }
08-14 12:47:11.820  4076  4076 I Input   : injectMotionEvent: MotionEvent { action=ACTION_UP, actionButton=0, id[0]=0, x[0]=309.0, y[0]=160.0, toolType[0]=TOOL_TYPE_UNKNOWN, buttonState=0, metaState=0, flags=0x0, edgeFlags=0x0, pointerCount=1, historySize=0, eventTime=557172, downTime=557172, deviceId=0, source=0x1002 }
08-14 12:47:11.822  4076  4076 D AndroidRuntime: Shutting down VM
08-14 12:47:12.101  1890  1890 D leak-54 : Eastern Standard Time
08-14 12:47:12.105  1890  1890 D leak-146: Eastern Standard Time
08-14 12:47:12.109  1890  1890 D leak-101: Eastern Standard Time
08-14 12:47:12.109  1890  1890 D leak-102: Eastern Standard Time
08-14 12:47:12.109  1890  1890 D leak-58 : Eastern Standard Time
08-14 12:47:12.110  1890  1890 D leak-107: Eastern Standard Time
08-14 12:47:12.110  1890  1890 D leak-108: Eastern Standard Time
08-14 12:47:12.115   266   660 D AudioFlinger: mixer(0xf1d80000) throttle end: throttle time(11)
08-14 12:47:12.121  1890  1890 D leak-148: Eastern Standard Time
08-14 12:47:12.121  1890  4087 D leak-112: Eastern Standard Time
08-14 12:47:12.121  1890  4087 D leak-98 : Eastern Standard Time
08-14 12:47:12.121  1890  4087 D leak-59 : Eastern Standard Time
08-14 12:47:12.122  1890  4087 D leak-79 : Eastern Standard Time
08-14 12:47:12.122  1890  4087 D leak-154: Eastern Standard Time
08-14 12:47:12.127  1890  4087 D leak-100: Eastern Standard Time
08-14 12:47:12.127  1890  4087 D leak-99 : Eastern Standard Time
08-14 12:47:12.127  1890  4087 D leak-80 : Eastern Standard Time
08-14 12:47:12.127  1890  4087 D leak-99 : Eastern Standard Time
08-14 12:47:12.127  1890  4087 D leak-81 : Eastern Standard Time
08-14 12:47:12.127  1890  4087 D leak-157: Eastern Standard Time
08-14 12:47:12.127  1890  4087 D leak-158: Eastern Standard Time
08-14 12:47:12.127  1890  4087 D leak-160: Eastern Standard Time
08-14 12:47:12.132  1890  4087 D leak-20 : Eastern Standard Time
08-14 12:47:12.132  1890  4087 D leak-21 : Eastern Standard Time
08-14 12:47:12.133  1890  4087 D leak-22 : Eastern Standard Time
08-14 12:47:12.135  1890  4087 D leak-25 : Eastern Standard Time
08-14 12:47:12.135  1890  4087 D leak-26 : Eastern Standard Time
08-14 12:47:12.135  1890  4087 D leak-29 : Eastern Standard Time
08-14 12:47:12.135  1890  4087 D leak-32 : Eastern Standard Time
08-14 12:47:12.135  1890  4087 D leak-33 : Eastern Standard Time
08-14 12:47:12.135  1890  4087 D leak-34 : Eastern Standard Time
08-14 12:47:12.135  1890  4087 D leak-30 : Eastern Standard Time
08-14 12:47:12.135  1890  4087 D leak-31 : Eastern Standard Time
08-14 12:47:12.135  1890  4087 D leak-163: Eastern Standard Time
08-14 12:47:12.135  1890  4087 D leak-164: Eastern Standard Time
08-14 12:47:12.135  1890  4087 D leak-131: Eastern Standard Time
08-14 12:47:12.135  1890  4087 D leak-132: Eastern Standard Time
08-14 12:47:12.136  1890  4087 D leak-133: Eastern Standard Time
08-14 12:47:12.136  1890  4087 D leak-136: Eastern Standard Time
08-14 12:47:12.136  1890  4087 D leak-137: Eastern Standard Time
08-14 12:47:12.137  1890  4087 D leak-35 : Eastern Standard Time
08-14 12:47:12.137  1890  4087 D leak-82 : Eastern Standard Time
08-14 12:47:12.137  1890  4087 D leak-80 : Eastern Standard Time
08-14 12:47:12.137  1890  4087 D leak-99 : Eastern Standard Time
08-14 12:47:12.137  1890  4087 D leak-81 : Eastern Standard Time
08-14 12:47:12.137  1890  4087 D leak-157: Eastern Standard Time
08-14 12:47:12.137  1890  4087 D leak-158: Eastern Standard Time
08-14 12:47:12.137  1890  4087 D leak-160: Eastern Standard Time
08-14 12:47:12.137  1890  4087 D leak-20 : Eastern Standard Time
08-14 12:47:12.137  1890  4087 D leak-21 : Eastern Standard Time
08-14 12:47:12.138  1890  4087 D leak-22 : Eastern Standard Time
08-14 12:47:12.140  1890  4087 D leak-25 : Eastern Standard Time
08-14 12:47:12.140  1890  4087 D leak-26 : Eastern Standard Time
08-14 12:47:12.140  1890  4087 D leak-28 : Eastern Standard Time
08-14 12:47:12.140  1890  4087 D leak-35 : Eastern Standard Time
08-14 12:47:12.140  1890  4087 D leak-80 : Eastern Standard Time
08-14 12:47:12.140  1890  4087 D leak-99 : Eastern Standard Time
08-14 12:47:12.140  1890  4087 D leak-81 : Eastern Standard Time
08-14 12:47:12.140  1890  4087 D leak-157: Eastern Standard Time
08-14 12:47:12.140  1890  4087 D leak-158: Eastern Standard Time
08-14 12:47:12.140  1890  4087 D leak-160: Eastern Standard Time
08-14 12:47:12.141  1890  4087 D leak-20 : Eastern Standard Time
08-14 12:47:12.141  1890  4087 D leak-21 : Eastern Standard Time
08-14 12:47:12.142  1890  4087 D leak-22 : Eastern Standard Time
08-14 12:47:12.145  1890  4087 D leak-25 : Eastern Standard Time
08-14 12:47:12.145  1890  4087 D leak-26 : Eastern Standard Time
08-14 12:47:12.145  1890  4087 D leak-29 : Eastern Standard Time
08-14 12:47:12.145  1890  4087 D leak-32 : Eastern Standard Time
08-14 12:47:12.145  1890  4087 D leak-33 : Eastern Standard Time
08-14 12:47:12.145  1890  4087 D leak-33 : Eastern Standard Time
08-14 12:47:12.145  1890  4087 D leak-34 : Eastern Standard Time
08-14 12:47:12.145  1890  4087 D leak-33 : Eastern Standard Time
08-14 12:47:12.145  1890  4087 D leak-34 : Eastern Standard Time
08-14 12:47:12.145  1890  4087 D leak-30 : Eastern Standard Time
08-14 12:47:12.145  1890  4087 D leak-30 : Eastern Standard Time
08-14 12:47:12.145  1890  4087 D leak-31 : Eastern Standard Time
08-14 12:47:12.145  1890  4087 D leak-163: Eastern Standard Time
08-14 12:47:12.145  1890  4087 D leak-164: Eastern Standard Time
08-14 12:47:12.145  1890  4087 D leak-131: Eastern Standard Time
08-14 12:47:12.145  1890  4087 D leak-132: Eastern Standard Time
08-14 12:47:12.146  1890  4087 D leak-133: Eastern Standard Time
08-14 12:47:12.147  1890  4087 D leak-136: Eastern Standard Time
08-14 12:47:12.147  1890  4087 D leak-137: Eastern Standard Time
08-14 12:47:12.147  1890  4087 D leak-30 : Eastern Standard Time
08-14 12:47:12.147  1890  4087 D leak-31 : Eastern Standard Time
08-14 12:47:12.147  1890  4087 D leak-163: Eastern Standard Time
08-14 12:47:12.147  1890  4087 D leak-164: Eastern Standard Time
08-14 12:47:12.147  1890  4087 D leak-131: Eastern Standard Time
08-14 12:47:12.147  1890  4087 D leak-132: Eastern Standard Time
08-14 12:47:12.147  1890  4087 D leak-133: Eastern Standard Time
08-14 12:47:12.148  1890  4087 D leak-136: Eastern Standard Time
08-14 12:47:12.148  1890  4087 D leak-137: Eastern Standard Time
08-14 12:47:12.149  1890  4087 D leak-143: Eastern Standard Time
08-14 12:47:12.149  1890  4087 D leak-35 : Eastern Standard Time
08-14 12:47:12.149  1890  4087 D leak-82 : Eastern Standard Time
08-14 12:47:12.149  1890  4087 D leak-80 : Eastern Standard Time
08-14 12:47:12.149  1890  4087 D leak-99 : Eastern Standard Time
08-14 12:47:12.150  1890  4087 D leak-81 : Eastern Standard Time
08-14 12:47:12.150  1890  4087 D leak-157: Eastern Standard Time
08-14 12:47:12.150  1890  4087 D leak-158: Eastern Standard Time
08-14 12:47:12.150  1890  4087 D leak-160: Eastern Standard Time
08-14 12:47:12.150  1890  4087 D leak-20 : Eastern Standard Time
08-14 12:47:12.150  1890  4087 D leak-21 : Eastern Standard Time
08-14 12:47:12.151  1890  4087 D leak-22 : Eastern Standard Time
08-14 12:47:12.152  1890  4087 D leak-29 : Eastern Standard Time
08-14 12:47:12.152  1890  4087 D leak-32 : Eastern Standard Time
08-14 12:47:12.152  1890  4087 D leak-33 : Eastern Standard Time
08-14 12:47:12.152  1890  4087 D leak-34 : Eastern Standard Time
08-14 12:47:12.152  1890  4087 D leak-30 : Eastern Standard Time
08-14 12:47:12.152  1890  4087 D leak-31 : Eastern Standard Time
08-14 12:47:12.152  1890  4087 D leak-163: Eastern Standard Time
08-14 12:47:12.152  1890  4087 D leak-164: Eastern Standard Time
08-14 12:47:12.152  1890  4087 D leak-131: Eastern Standard Time
08-14 12:47:12.152  1890  4087 D leak-132: Eastern Standard Time
08-14 12:47:12.154  1890  4087 D leak-133: Eastern Standard Time
08-14 12:47:12.155  1890  4087 D leak-35 : Eastern Standard Time
08-14 12:47:12.155  1890  4087 D leak-82 : Eastern Standard Time
08-14 12:47:12.155  1890  4087 D leak-80 : Eastern Standard Time
08-14 12:47:12.155  1890  4087 D leak-99 : Eastern Standard Time
08-14 12:47:12.155  1890  4087 D leak-81 : Eastern Standard Time
08-14 12:47:12.155  1890  4087 D leak-157: Eastern Standard Time
08-14 12:47:12.155  1890  4087 D leak-158: Eastern Standard Time
08-14 12:47:12.155  1890  4087 D leak-160: Eastern Standard Time
08-14 12:47:12.157  1890  4087 D leak-20 : Eastern Standard Time
08-14 12:47:12.157  1890  4087 D leak-21 : Eastern Standard Time
08-14 12:47:12.157  1890  4087 D leak-22 : Eastern Standard Time
08-14 12:47:12.158  1890  4087 D leak-29 : Eastern Standard Time
08-14 12:47:12.158  1890  4087 D leak-32 : Eastern Standard Time
08-14 12:47:12.158  1890  4087 D leak-33 : Eastern Standard Time
08-14 12:47:12.158  1890  4087 D leak-34 : Eastern Standard Time
08-14 12:47:12.158  1890  4087 D leak-30 : Eastern Standard Time
08-14 12:47:12.158  1890  4087 D leak-31 : Eastern Standard Time
08-14 12:47:12.158  1890  4087 D leak-163: Eastern Standard Time
08-14 12:47:12.158  1890  4087 D leak-164: Eastern Standard Time
08-14 12:47:12.159  1890  4087 D leak-131: Eastern Standard Time
08-14 12:47:12.159  1890  4087 D leak-132: Eastern Standard Time
08-14 12:47:12.160  1890  4087 D leak-133: Eastern Standard Time
08-14 12:47:12.161  1890  4087 D leak-35 : Eastern Standard Time
08-14 12:47:12.161  1890  4087 D leak-82 : Eastern Standard Time
08-14 12:47:12.162  1890  4087 D leak-80 : Eastern Standard Time
08-14 12:47:12.162  1890  4087 D leak-99 : Eastern Standard Time
08-14 12:47:12.162  1890  4087 D leak-81 : Eastern Standard Time
08-14 12:47:12.162  1890  4087 D leak-157: Eastern Standard Time
08-14 12:47:12.162  1890  4087 D leak-158: Eastern Standard Time
08-14 12:47:12.162  1890  4087 D leak-160: Eastern Standard Time
08-14 12:47:12.163  1890  4087 D leak-20 : Eastern Standard Time
08-14 12:47:12.163  1890  4087 D leak-21 : Eastern Standard Time
08-14 12:47:12.164  1890  4087 D leak-22 : Eastern Standard Time
08-14 12:47:12.164  1890  4087 D leak-29 : Eastern Standard Time
08-14 12:47:12.164  1890  4087 D leak-32 : Eastern Standard Time
08-14 12:47:12.164  1890  4087 D leak-33 : Eastern Standard Time
08-14 12:47:12.164  1890  4087 D leak-34 : Eastern Standard Time
08-14 12:47:12.164  1890  4087 D leak-30 : Eastern Standard Time
08-14 12:47:12.164  1890  4087 D leak-31 : Eastern Standard Time
08-14 12:47:12.165  1890  4087 D leak-163: Eastern Standard Time
08-14 12:47:12.165  1890  4087 D leak-164: Eastern Standard Time
08-14 12:47:12.165  1890  4087 D leak-131: Eastern Standard Time
08-14 12:47:12.165  1890  4087 D leak-132: Eastern Standard Time
08-14 12:47:12.166  1890  4087 D leak-133: Eastern Standard Time
08-14 12:47:12.167  1890  4087 D leak-136: Eastern Standard Time
08-14 12:47:12.167  1890  4087 D leak-137: Eastern Standard Time
08-14 12:47:12.167  1890  4087 D leak-35 : Eastern Standard Time
08-14 12:47:12.167  1890  4087 D leak-82 : Eastern Standard Time
08-14 12:47:12.167  1890  4087 D leak-80 : Eastern Standard Time
08-14 12:47:12.168  1890  4087 D leak-99 : Eastern Standard Time
08-14 12:47:12.168  1890  4087 D leak-81 : Eastern Standard Time
08-14 12:47:12.168  1890  4087 D leak-157: Eastern Standard Time
08-14 12:47:12.168  1890  4087 D leak-158: Eastern Standard Time
08-14 12:47:12.168  1890  4087 D leak-160: Eastern Standard Time
08-14 12:47:12.168  1890  4087 D leak-20 : Eastern Standard Time
08-14 12:47:12.168  1890  4087 D leak-21 : Eastern Standard Time
08-14 12:47:12.169  1890  4087 D leak-22 : Eastern Standard Time
08-14 12:47:12.171  1890  4087 D leak-25 : Eastern Standard Time
08-14 12:47:12.171  1890  4087 D leak-26 : Eastern Standard Time
08-14 12:47:12.171  1890  4087 D leak-29 : Eastern Standard Time
08-14 12:47:12.171  1890  4087 D leak-32 : Eastern Standard Time
08-14 12:47:12.171  1890  4087 D leak-33 : Eastern Standard Time
08-14 12:47:12.171  1890  4087 D leak-34 : Eastern Standard Time
08-14 12:47:12.171  1890  4087 D leak-30 : Eastern Standard Time
08-14 12:47:12.171  1890  4087 D leak-31 : Eastern Standard Time
08-14 12:47:12.171  1890  4087 D leak-163: Eastern Standard Time
08-14 12:47:12.171  1890  4087 D leak-164: Eastern Standard Time
08-14 12:47:12.171  1890  4087 D leak-131: Eastern Standard Time
08-14 12:47:12.171  1890  4087 D leak-132: Eastern Standard Time
08-14 12:47:12.172  1890  4087 D leak-133: Eastern Standard Time
08-14 12:47:12.173  1890  4087 D leak-136: Eastern Standard Time
08-14 12:47:12.173  1890  4087 D leak-137: Eastern Standard Time
08-14 12:47:12.173  1890  4087 D leak-35 : Eastern Standard Time
08-14 12:47:12.173  1890  4087 D leak-82 : Eastern Standard Time
08-14 12:47:12.173  1890  4087 D leak-80 : Eastern Standard Time
08-14 12:47:12.173  1890  4087 D leak-99 : Eastern Standard Time
08-14 12:47:12.173  1890  4087 D leak-81 : Eastern Standard Time
08-14 12:47:12.173  1890  4087 D leak-157: Eastern Standard Time
08-14 12:47:12.173  1890  4087 D leak-158: Eastern Standard Time
08-14 12:47:12.173  1890  4087 D leak-160: Eastern Standard Time
08-14 12:47:12.174  1890  4087 D leak-20 : Eastern Standard Time
08-14 12:47:12.174  1890  4087 D leak-21 : Eastern Standard Time
08-14 12:47:12.175  1890  4087 D leak-22 : Eastern Standard Time
08-14 12:47:12.175  1890  4087 D leak-28 : Eastern Standard Time
08-14 12:47:12.175  1890  4087 D leak-35 : Eastern Standard Time
08-14 12:47:12.175  1890  4087 D leak-80 : Eastern Standard Time
08-14 12:47:12.175  1890  4087 D leak-99 : Eastern Standard Time
08-14 12:47:12.175  1890  4087 D leak-81 : Eastern Standard Time
08-14 12:47:12.175  1890  4087 D leak-157: Eastern Standard Time
08-14 12:47:12.175  1890  4087 D leak-158: Eastern Standard Time
08-14 12:47:12.175  1890  4087 D leak-160: Eastern Standard Time
08-14 12:47:12.176  1890  4087 D leak-20 : Eastern Standard Time
08-14 12:47:12.176  1890  4087 D leak-21 : Eastern Standard Time
08-14 12:47:12.176  1890  4087 D leak-22 : Eastern Standard Time
08-14 12:47:12.177  1890  4087 D leak-29 : Eastern Standard Time
08-14 12:47:12.177  1890  4087 D leak-32 : Eastern Standard Time
08-14 12:47:12.177  1890  4087 D leak-33 : Eastern Standard Time
08-14 12:47:12.177  1890  4087 D leak-34 : Eastern Standard Time
08-14 12:47:12.177  1890  4087 D leak-30 : Eastern Standard Time
08-14 12:47:12.177  1890  4087 D leak-31 : Eastern Standard Time
08-14 12:47:12.177  1890  4087 D leak-163: Eastern Standard Time
08-14 12:47:12.177  1890  4087 D leak-164: Eastern Standard Time
08-14 12:47:12.177  1890  4087 D leak-131: Eastern Standard Time
08-14 12:47:12.177  1890  4087 D leak-132: Eastern Standard Time
08-14 12:47:12.178  1890  4087 D leak-133: Eastern Standard Time
08-14 12:47:12.178  1890  4087 D leak-35 : Eastern Standard Time
08-14 12:47:12.178  1890  4087 D leak-82 : Eastern Standard Time
08-14 12:47:12.178  1890  4087 D leak-80 : Eastern Standard Time
08-14 12:47:12.178  1890  4087 D leak-99 : Eastern Standard Time
08-14 12:47:12.178  1890  4087 D leak-81 : Eastern Standard Time
08-14 12:47:12.178  1890  4087 D leak-157: Eastern Standard Time
08-14 12:47:12.178  1890  4087 D leak-158: Eastern Standard Time
08-14 12:47:12.178  1890  4087 D leak-160: Eastern Standard Time
08-14 12:47:12.179  1890  4087 D leak-20 : Eastern Standard Time
08-14 12:47:12.179  1890  4087 D leak-21 : Eastern Standard Time
08-14 12:47:12.179  1890  4087 D leak-22 : Eastern Standard Time
08-14 12:47:12.180  1890  4087 D leak-25 : Eastern Standard Time
08-14 12:47:12.180  1890  4087 D leak-26 : Eastern Standard Time
08-14 12:47:12.181  1890  4087 D leak-29 : Eastern Standard Time
08-14 12:47:12.181  1890  4087 D leak-32 : Eastern Standard Time
08-14 12:47:12.181  1890  4087 D leak-33 : Eastern Standard Time
08-14 12:47:12.181  1890  4087 D leak-34 : Eastern Standard Time
08-14 12:47:12.181  1890  4087 D leak-30 : Eastern Standard Time
08-14 12:47:12.181  1890  4087 D leak-31 : Eastern Standard Time
08-14 12:47:12.181  1890  4087 D leak-163: Eastern Standard Time
08-14 12:47:12.181  1890  4087 D leak-164: Eastern Standard Time
08-14 12:47:12.181  1890  4087 D leak-165: Eastern Standard Time
08-14 12:47:12.181  1890  4087 D leak-35 : Eastern Standard Time
08-14 12:47:12.181  1890  4087 D leak-82 : Eastern Standard Time
08-14 12:47:12.181  1890  4087 D leak-80 : Eastern Standard Time
08-14 12:47:12.181  1890  4087 D leak-99 : Eastern Standard Time
08-14 12:47:12.181  1890  4087 D leak-81 : Eastern Standard Time
08-14 12:47:12.181  1890  4087 D leak-157: Eastern Standard Time
08-14 12:47:12.181  1890  4087 D leak-158: Eastern Standard Time
08-14 12:47:12.181  1890  4087 D leak-160: Eastern Standard Time
08-14 12:47:12.182  1890  4087 D leak-20 : Eastern Standard Time
08-14 12:47:12.182  1890  4087 D leak-21 : Eastern Standard Time
08-14 12:47:12.183  1890  4087 D leak-22 : Eastern Standard Time
08-14 12:47:12.184  1890  4087 D leak-25 : Eastern Standard Time
08-14 12:47:12.184  1890  4087 D leak-26 : Eastern Standard Time
08-14 12:47:12.184  1890  4087 D leak-29 : Eastern Standard Time
08-14 12:47:12.184  1890  4087 D leak-32 : Eastern Standard Time
08-14 12:47:12.184  1890  4087 D leak-33 : Eastern Standard Time
08-14 12:47:12.184  1890  4087 D leak-34 : Eastern Standard Time
08-14 12:47:12.184  1890  4087 D leak-33 : Eastern Standard Time
08-14 12:47:12.184  1890  4087 D leak-34 : Eastern Standard Time
08-14 12:47:12.184  1890  4087 D leak-30 : Eastern Standard Time
08-14 12:47:12.184  1890  4087 D leak-31 : Eastern Standard Time
08-14 12:47:12.184  1890  4087 D leak-163: Eastern Standard Time
08-14 12:47:12.184  1890  4087 D leak-164: Eastern Standard Time
08-14 12:47:12.184  1890  4087 D leak-131: Eastern Standard Time
08-14 12:47:12.184  1890  4087 D leak-132: Eastern Standard Time
08-14 12:47:12.185  1890  4087 D leak-133: Eastern Standard Time
08-14 12:47:12.186  1890  4087 D leak-136: Eastern Standard Time
08-14 12:47:12.186  1890  4087 D leak-137: Eastern Standard Time
08-14 12:47:12.186  1890  4087 D leak-30 : Eastern Standard Time
08-14 12:47:12.186  1890  4087 D leak-31 : Eastern Standard Time
08-14 12:47:12.186  1890  4087 D leak-163: Eastern Standard Time
08-14 12:47:12.186  1890  4087 D leak-164: Eastern Standard Time
08-14 12:47:12.186  1890  4087 D leak-131: Eastern Standard Time
08-14 12:47:12.186  1890  4087 D leak-132: Eastern Standard Time
08-14 12:47:12.187  1890  1905 W EGL_emulation: eglSurfaceAttrib not implemented
08-14 12:47:12.187  1890  1905 W OpenGLRenderer: Failed to set EGL_SWAP_BEHAVIOR on surface 0xe02504a0, error=EGL_SUCCESS
08-14 12:47:12.191  1890  4087 D leak-133: Eastern Standard Time
08-14 12:47:12.193  1890  4087 D leak-136: Eastern Standard Time
08-14 12:47:12.193  1890  4087 D leak-137: Eastern Standard Time
08-14 12:47:12.193  1890  4087 D leak-143: Eastern Standard Time
08-14 12:47:12.193  1890  4087 D leak-35 : Eastern Standard Time
08-14 12:47:12.193  1890  4087 D leak-82 : Eastern Standard Time
08-14 12:47:12.194  1890  4087 D leak-80 : Eastern Standard Time
08-14 12:47:12.194  1890  4087 D leak-99 : Eastern Standard Time
08-14 12:47:12.194  1890  4087 D leak-81 : Eastern Standard Time
08-14 12:47:12.194  1890  4087 D leak-157: Eastern Standard Time
08-14 12:47:12.194  1890  4087 D leak-158: Eastern Standard Time
08-14 12:47:12.194  1890  4087 D leak-160: Eastern Standard Time
08-14 12:47:12.195  1890  4087 D leak-20 : Eastern Standard Time
08-14 12:47:12.195  1890  4087 D leak-21 : Eastern Standard Time
08-14 12:47:12.195  1890  4087 D leak-22 : Eastern Standard Time
08-14 12:47:12.196  1890  4087 D leak-28 : Eastern Standard Time
08-14 12:47:12.196  1890  4087 D leak-35 : Eastern Standard Time
08-14 12:47:12.196  1890  4087 D leak-80 : Eastern Standard Time
08-14 12:47:12.196  1890  4087 D leak-99 : Eastern Standard Time
08-14 12:47:12.196  1890  4087 D leak-81 : Eastern Standard Time
08-14 12:47:12.196  1890  4087 D leak-157: Eastern Standard Time
08-14 12:47:12.196  1890  4087 D leak-158: Eastern Standard Time
08-14 12:47:12.196  1890  4087 D leak-160: Eastern Standard Time
08-14 12:47:12.200  1890  4087 D leak-20 : Eastern Standard Time
08-14 12:47:12.200  1890  4087 D leak-21 : Eastern Standard Time
08-14 12:47:12.202  1890  4087 D leak-22 : Eastern Standard Time
08-14 12:47:12.202  1890  1890 D leak-104: Eastern Standard Time
08-14 12:47:12.202  1890  1890 D leak-105: Eastern Standard Time
08-14 12:47:12.203  1890  1890 D leak-106: Eastern Standard Time
08-14 12:47:12.203  1890  1890 D leak-104: Eastern Standard Time
08-14 12:47:12.204  1890  4087 D leak-25 : Eastern Standard Time
08-14 12:47:12.204  1890  4087 D leak-26 : Eastern Standard Time
08-14 12:47:12.204  1890  1890 D leak-105: Eastern Standard Time
08-14 12:47:12.204  1890  4087 D leak-29 : Eastern Standard Time
08-14 12:47:12.204  1890  4087 D leak-32 : Eastern Standard Time
08-14 12:47:12.204  1890  4087 D leak-33 : Eastern Standard Time
08-14 12:47:12.204  1890  4087 D leak-30 : Eastern Standard Time
08-14 12:47:12.204  1890  4087 D leak-35 : Eastern Standard Time
08-14 12:47:12.204  1890  4087 D leak-80 : Eastern Standard Time
08-14 12:47:12.204  1890  4087 D leak-99 : Eastern Standard Time
08-14 12:47:12.204  1890  4087 D leak-81 : Eastern Standard Time
08-14 12:47:12.204  1890  4087 D leak-157: Eastern Standard Time
08-14 12:47:12.204  1890  4087 D leak-158: Eastern Standard Time
08-14 12:47:12.204  1890  4087 D leak-160: Eastern Standard Time
08-14 12:47:12.205  1890  1890 D leak-104: Eastern Standard Time
08-14 12:47:12.206  1890  1890 D leak-105: Eastern Standard Time
08-14 12:47:12.206  1890  1890 D leak-104: Eastern Standard Time
08-14 12:47:12.206  1890  1890 D leak-105: Eastern Standard Time
08-14 12:47:12.206  1890  4087 D leak-20 : Eastern Standard Time
08-14 12:47:12.206  1890  4087 D leak-21 : Eastern Standard Time
08-14 12:47:12.207  1890  1890 D leak-104: Eastern Standard Time
08-14 12:47:12.207  1890  1890 D leak-105: Eastern Standard Time
08-14 12:47:12.208  1890  4087 D leak-22 : Eastern Standard Time
08-14 12:47:12.209  1890  4087 D leak-25 : Eastern Standard Time
08-14 12:47:12.209  1890  4087 D leak-26 : Eastern Standard Time
