08-14 13:38:58.150 11402 11402 D ICU     : No timezone override file found: /data/misc/zoneinfo/current/icu/icu_tzdata.dat
08-14 13:38:58.162 11402 11402 E memtrack: Couldn't load memtrack module (No such file or directory)
08-14 13:38:58.162 11402 11402 E android.os.Debug: failed to load memtrack module: -2
08-14 13:38:58.163 11402 11402 I Radio-JNI: register_android_hardware_Radio DONE
08-14 13:38:58.169 11402 11402 D AndroidRuntime: Calling main entry com.android.commands.uiautomator.Launcher
08-14 13:38:59.188 11402 11402 I AccessibilityNodeInfoDumper: Skipping invisible child: android.view.accessibility.AccessibilityNodeInfo@8000e307; boundsInParent: Rect(0, 0 - 0, 112); boundsInScreen: Rect(1200, 48 - 1200, 160); packageName: protect.babymonitor; className: android.widget.LinearLayout; text: null; error: null; maxTextLength: -1; contentDescription: null; viewIdResName: null; checkable: false; checked: false; focusable: false; focused: false; selected: false; clickable: false; longClickable: false; contextClickable: false; enabled: true; password: false; scrollable: false; actions: [AccessibilityAction: ACTION_SELECT - null, AccessibilityAction: ACTION_CLEAR_SELECTION - null, AccessibilityAction: ACTION_ACCESSIBILITY_FOCUS - null, AccessibilityAction: ACTION_UNKNOWN - null]
08-14 13:38:59.190 11402 11402 W AccessibilityNodeInfoDumper: Fetch time: 8ms
08-14 13:38:59.190   570  1099 W WindowManager: Attempted to remove non-existing token: android.os.Binder@d65fd3
08-14 13:38:59.193 11402 11402 D AndroidRuntime: Shutting down VM
08-14 13:39:00.185 11425 11425 D AndroidRuntime: >>>>>> START com.android.internal.os.RuntimeInit uid 0 <<<<<<
08-14 13:39:00.186 11425 11425 D AndroidRuntime: CheckJNI is OFF
08-14 13:39:00.195 11425 11425 D ICU     : No timezone override file found: /data/misc/zoneinfo/current/icu/icu_tzdata.dat
08-14 13:39:00.206 11425 11425 E memtrack: Couldn't load memtrack module (No such file or directory)
08-14 13:39:00.206 11425 11425 E android.os.Debug: failed to load memtrack module: -2
08-14 13:39:00.206 11425 11425 I Radio-JNI: register_android_hardware_Radio DONE
08-14 13:39:00.212 11425 11425 D AndroidRuntime: Calling main entry com.android.commands.uiautomator.Launcher
08-14 13:39:01.231 11425 11425 I AccessibilityNodeInfoDumper: Skipping invisible child: android.view.accessibility.AccessibilityNodeInfo@8000e30f; boundsInParent: Rect(0, 0 - 0, 112); boundsInScreen: Rect(1200, 48 - 1200, 160); packageName: protect.babymonitor; className: android.widget.LinearLayout; text: null; error: null; maxTextLength: -1; contentDescription: null; viewIdResName: null; checkable: false; checked: false; focusable: false; focused: false; selected: false; clickable: false; longClickable: false; contextClickable: false; enabled: true; password: false; scrollable: false; actions: [AccessibilityAction: ACTION_SELECT - null, AccessibilityAction: ACTION_CLEAR_SELECTION - null, AccessibilityAction: ACTION_ACCESSIBILITY_FOCUS - null, AccessibilityAction: ACTION_UNKNOWN - null]
08-14 13:39:01.232 11425 11425 W AccessibilityNodeInfoDumper: Fetch time: 7ms
08-14 13:39:01.232   570   581 W WindowManager: Attempted to remove non-existing token: android.os.Binder@cab4710
08-14 13:39:01.235 11425 11425 D AndroidRuntime: Shutting down VM
08-14 13:39:01.642 11443 11443 D AndroidRuntime: >>>>>> START com.android.internal.os.RuntimeInit uid 0 <<<<<<
08-14 13:39:01.643 11443 11443 D AndroidRuntime: CheckJNI is OFF
08-14 13:39:01.652 11443 11443 D ICU     : No timezone override file found: /data/misc/zoneinfo/current/icu/icu_tzdata.dat
08-14 13:39:01.663 11443 11443 E memtrack: Couldn't load memtrack module (No such file or directory)
08-14 13:39:01.663 11443 11443 E android.os.Debug: failed to load memtrack module: -2
08-14 13:39:01.664 11443 11443 I Radio-JNI: register_android_hardware_Radio DONE
08-14 13:39:01.669 11443 11443 D AndroidRuntime: Calling main entry com.android.commands.uiautomator.Launcher
08-14 13:39:02.691 11443 11443 I AccessibilityNodeInfoDumper: Skipping invisible child: android.view.accessibility.AccessibilityNodeInfo@8000e317; boundsInParent: Rect(0, 0 - 0, 112); boundsInScreen: Rect(1200, 48 - 1200, 160); packageName: protect.babymonitor; className: android.widget.LinearLayout; text: null; error: null; maxTextLength: -1; contentDescription: null; viewIdResName: null; checkable: false; checked: false; focusable: false; focused: false; selected: false; clickable: false; longClickable: false; contextClickable: false; enabled: true; password: false; scrollable: false; actions: [AccessibilityAction: ACTION_SELECT - null, AccessibilityAction: ACTION_CLEAR_SELECTION - null, AccessibilityAction: ACTION_ACCESSIBILITY_FOCUS - null, AccessibilityAction: ACTION_UNKNOWN - null]
08-14 13:39:02.692 11443 11443 W AccessibilityNodeInfoDumper: Fetch time: 5ms
08-14 13:39:02.692   570   994 W WindowManager: Attempted to remove non-existing token: android.os.Binder@af45209
08-14 13:39:02.695 11443 11443 D AndroidRuntime: Shutting down VM
08-14 13:39:03.700 11466 11466 D AndroidRuntime: >>>>>> START com.android.internal.os.RuntimeInit uid 0 <<<<<<
08-14 13:39:03.701 11466 11466 D AndroidRuntime: CheckJNI is OFF
08-14 13:39:03.709 11466 11466 D ICU     : No timezone override file found: /data/misc/zoneinfo/current/icu/icu_tzdata.dat
08-14 13:39:03.720 11466 11466 E memtrack: Couldn't load memtrack module (No such file or directory)
08-14 13:39:03.720 11466 11466 E android.os.Debug: failed to load memtrack module: -2
08-14 13:39:03.721 11466 11466 I Radio-JNI: register_android_hardware_Radio DONE
08-14 13:39:03.726 11466 11466 D AndroidRuntime: Calling main entry com.android.commands.uiautomator.Launcher
08-14 13:39:04.751 11466 11466 I AccessibilityNodeInfoDumper: Skipping invisible child: android.view.accessibility.AccessibilityNodeInfo@8000e31f; boundsInParent: Rect(0, 0 - 0, 112); boundsInScreen: Rect(1200, 48 - 1200, 160); packageName: protect.babymonitor; className: android.widget.LinearLayout; text: null; error: null; maxTextLength: -1; contentDescription: null; viewIdResName: null; checkable: false; checked: false; focusable: false; focused: false; selected: false; clickable: false; longClickable: false; contextClickable: false; enabled: true; password: false; scrollable: false; actions: [AccessibilityAction: ACTION_SELECT - null, AccessibilityAction: ACTION_CLEAR_SELECTION - null, AccessibilityAction: ACTION_ACCESSIBILITY_FOCUS - null, AccessibilityAction: ACTION_UNKNOWN - null]
08-14 13:39:04.752 11466 11466 W AccessibilityNodeInfoDumper: Fetch time: 7ms
08-14 13:39:04.752   570  1099 W WindowManager: Attempted to remove non-existing token: android.os.Binder@6fbdc0e
08-14 13:39:04.755 11466 11466 D AndroidRuntime: Shutting down VM
08-14 13:39:05.840 11494 11494 D AndroidRuntime: >>>>>> START com.android.internal.os.RuntimeInit uid 0 <<<<<<
08-14 13:39:05.841 11494 11494 D AndroidRuntime: CheckJNI is OFF
08-14 13:39:05.849 11494 11494 D ICU     : No timezone override file found: /data/misc/zoneinfo/current/icu/icu_tzdata.dat
08-14 13:39:05.860 11494 11494 E memtrack: Couldn't load memtrack module (No such file or directory)
08-14 13:39:05.860 11494 11494 E android.os.Debug: failed to load memtrack module: -2
08-14 13:39:05.861 11494 11494 I Radio-JNI: register_android_hardware_Radio DONE
08-14 13:39:05.866 11494 11494 D AndroidRuntime: Calling main entry com.android.commands.uiautomator.Launcher
08-14 13:39:06.885 11494 11494 I AccessibilityNodeInfoDumper: Skipping invisible child: android.view.accessibility.AccessibilityNodeInfo@8000e327; boundsInParent: Rect(0, 0 - 0, 112); boundsInScreen: Rect(1200, 48 - 1200, 160); packageName: protect.babymonitor; className: android.widget.LinearLayout; text: null; error: null; maxTextLength: -1; contentDescription: null; viewIdResName: null; checkable: false; checked: false; focusable: false; focused: false; selected: false; clickable: false; longClickable: false; contextClickable: false; enabled: true; password: false; scrollable: false; actions: [AccessibilityAction: ACTION_SELECT - null, AccessibilityAction: ACTION_CLEAR_SELECTION - null, AccessibilityAction: ACTION_ACCESSIBILITY_FOCUS - null, AccessibilityAction: ACTION_UNKNOWN - null]
08-14 13:39:06.886 11494 11494 W AccessibilityNodeInfoDumper: Fetch time: 6ms
08-14 13:39:06.886   570  1099 W WindowManager: Attempted to remove non-existing token: android.os.Binder@65c43c
08-14 13:39:06.889 11494 11494 D AndroidRuntime: Shutting down VM
08-14 13:39:07.893 11520 11520 D AndroidRuntime: >>>>>> START com.android.internal.os.RuntimeInit uid 0 <<<<<<
08-14 13:39:07.894 11520 11520 D AndroidRuntime: CheckJNI is OFF
08-14 13:39:07.902 11520 11520 D ICU     : No timezone override file found: /data/misc/zoneinfo/current/icu/icu_tzdata.dat
08-14 13:39:07.915 11520 11520 E memtrack: Couldn't load memtrack module (No such file or directory)
08-14 13:39:07.915 11520 11520 E android.os.Debug: failed to load memtrack module: -2
08-14 13:39:07.916 11520 11520 I Radio-JNI: register_android_hardware_Radio DONE
08-14 13:39:07.922 11520 11520 D AndroidRuntime: Calling main entry com.android.commands.uiautomator.Launcher
08-14 13:39:08.941 11520 11520 I AccessibilityNodeInfoDumper: Skipping invisible child: android.view.accessibility.AccessibilityNodeInfo@8000e330; boundsInParent: Rect(0, 0 - 0, 112); boundsInScreen: Rect(1200, 48 - 1200, 160); packageName: protect.babymonitor; className: android.widget.LinearLayout; text: null; error: null; maxTextLength: -1; contentDescription: null; viewIdResName: null; checkable: false; checked: false; focusable: false; focused: false; selected: false; clickable: false; longClickable: false; contextClickable: false; enabled: true; password: false; scrollable: false; actions: [AccessibilityAction: ACTION_SELECT - null, AccessibilityAction: ACTION_CLEAR_SELECTION - null, AccessibilityAction: ACTION_ACCESSIBILITY_FOCUS - null, AccessibilityAction: ACTION_UNKNOWN - null]
08-14 13:39:08.942 11520 11520 W AccessibilityNodeInfoDumper: Fetch time: 7ms
08-14 13:39:08.943   570  1005 W WindowManager: Attempted to remove non-existing token: android.os.Binder@f8705c5
08-14 13:39:08.946 11520 11520 D AndroidRuntime: Shutting down VM
08-14 13:39:09.353 11538 11538 D AndroidRuntime: >>>>>> START com.android.internal.os.RuntimeInit uid 0 <<<<<<
08-14 13:39:09.354 11538 11538 D AndroidRuntime: CheckJNI is OFF
08-14 13:39:09.362 11538 11538 D ICU     : No timezone override file found: /data/misc/zoneinfo/current/icu/icu_tzdata.dat
08-14 13:39:09.374 11538 11538 E memtrack: Couldn't load memtrack module (No such file or directory)
08-14 13:39:09.374 11538 11538 E android.os.Debug: failed to load memtrack module: -2
08-14 13:39:09.374 11538 11538 I Radio-JNI: register_android_hardware_Radio DONE
08-14 13:39:09.382 11538 11538 D AndroidRuntime: Calling main entry com.android.commands.uiautomator.Launcher
08-14 13:39:10.400 11538 11538 I AccessibilityNodeInfoDumper: Skipping invisible child: android.view.accessibility.AccessibilityNodeInfo@8000e338; boundsInParent: Rect(0, 0 - 0, 112); boundsInScreen: Rect(1200, 48 - 1200, 160); packageName: protect.babymonitor; className: android.widget.LinearLayout; text: null; error: null; maxTextLength: -1; contentDescription: null; viewIdResName: null; checkable: false; checked: false; focusable: false; focused: false; selected: false; clickable: false; longClickable: false; contextClickable: false; enabled: true; password: false; scrollable: false; actions: [AccessibilityAction: ACTION_SELECT - null, AccessibilityAction: ACTION_CLEAR_SELECTION - null, AccessibilityAction: ACTION_ACCESSIBILITY_FOCUS - null, AccessibilityAction: ACTION_UNKNOWN - null]
08-14 13:39:10.401 11538 11538 W AccessibilityNodeInfoDumper: Fetch time: 6ms
08-14 13:39:10.402   570   994 W WindowManager: Attempted to remove non-existing token: android.os.Binder@b9dab1a
08-14 13:39:10.404 11538 11538 D AndroidRuntime: Shutting down VM
08-14 13:39:11.441 11561 11561 D AndroidRuntime: >>>>>> START com.android.internal.os.RuntimeInit uid 0 <<<<<<
08-14 13:39:11.442 11561 11561 D AndroidRuntime: CheckJNI is OFF
08-14 13:39:11.450 11561 11561 D ICU     : No timezone override file found: /data/misc/zoneinfo/current/icu/icu_tzdata.dat
08-14 13:39:11.461 11561 11561 E memtrack: Couldn't load memtrack module (No such file or directory)
08-14 13:39:11.461 11561 11561 E android.os.Debug: failed to load memtrack module: -2
08-14 13:39:11.462 11561 11561 I Radio-JNI: register_android_hardware_Radio DONE
08-14 13:39:11.468 11561 11561 D AndroidRuntime: Calling main entry com.android.commands.uiautomator.Launcher
08-14 13:39:12.487 11561 11561 I AccessibilityNodeInfoDumper: Skipping invisible child: android.view.accessibility.AccessibilityNodeInfo@8000e340; boundsInParent: Rect(0, 0 - 0, 112); boundsInScreen: Rect(1200, 48 - 1200, 160); packageName: protect.babymonitor; className: android.widget.LinearLayout; text: null; error: null; maxTextLength: -1; contentDescription: null; viewIdResName: null; checkable: false; checked: false; focusable: false; focused: false; selected: false; clickable: false; longClickable: false; contextClickable: false; enabled: true; password: false; scrollable: false; actions: [AccessibilityAction: ACTION_SELECT - null, AccessibilityAction: ACTION_CLEAR_SELECTION - null, AccessibilityAction: ACTION_ACCESSIBILITY_FOCUS - null, AccessibilityAction: ACTION_UNKNOWN - null]
08-14 13:39:12.488 11561 11561 W AccessibilityNodeInfoDumper: Fetch time: 6ms
08-14 13:39:12.489   570   656 W WindowManager: Attempted to remove non-existing token: android.os.Binder@c5ff64b
08-14 13:39:12.492 11561 11561 D AndroidRuntime: Shutting down VM
08-14 13:39:12.904 11579 11579 D AndroidRuntime: >>>>>> START com.android.internal.os.RuntimeInit uid 0 <<<<<<
08-14 13:39:12.905 11579 11579 D AndroidRuntime: CheckJNI is OFF
08-14 13:39:12.912 11579 11579 D ICU     : No timezone override file found: /data/misc/zoneinfo/current/icu/icu_tzdata.dat
08-14 13:39:12.924 11579 11579 E memtrack: Couldn't load memtrack module (No such file or directory)
08-14 13:39:12.924 11579 11579 E android.os.Debug: failed to load memtrack module: -2
08-14 13:39:12.925 11579 11579 I Radio-JNI: register_android_hardware_Radio DONE
08-14 13:39:12.930 11579 11579 D AndroidRuntime: Calling main entry com.android.commands.uiautomator.Launcher
08-14 13:39:13.952 11579 11579 I AccessibilityNodeInfoDumper: Skipping invisible child: android.view.accessibility.AccessibilityNodeInfo@8000e348; boundsInParent: Rect(0, 0 - 0, 112); boundsInScreen: Rect(1200, 48 - 1200, 160); packageName: protect.babymonitor; className: android.widget.LinearLayout; text: null; error: null; maxTextLength: -1; contentDescription: null; viewIdResName: null; checkable: false; checked: false; focusable: false; focused: false; selected: false; clickable: false; longClickable: false; contextClickable: false; enabled: true; password: false; scrollable: false; actions: [AccessibilityAction: ACTION_SELECT - null, AccessibilityAction: ACTION_CLEAR_SELECTION - null, AccessibilityAction: ACTION_ACCESSIBILITY_FOCUS - null, AccessibilityAction: ACTION_UNKNOWN - null]
08-14 13:39:13.952 11579 11579 W AccessibilityNodeInfoDumper: Fetch time: 7ms
08-14 13:39:13.953   570  1302 W WindowManager: Attempted to remove non-existing token: android.os.Binder@ae8e828
08-14 13:39:13.955 11579 11579 D AndroidRuntime: Shutting down VM
08-14 13:39:14.931 11603 11603 D AndroidRuntime: >>>>>> START com.android.internal.os.RuntimeInit uid 0 <<<<<<
08-14 13:39:14.932 11603 11603 D AndroidRuntime: CheckJNI is OFF
08-14 13:39:14.941 11603 11603 D ICU     : No timezone override file found: /data/misc/zoneinfo/current/icu/icu_tzdata.dat
08-14 13:39:14.952 11603 11603 E memtrack: Couldn't load memtrack module (No such file or directory)
08-14 13:39:14.952 11603 11603 E android.os.Debug: failed to load memtrack module: -2
08-14 13:39:14.952 11603 11603 I Radio-JNI: register_android_hardware_Radio DONE
08-14 13:39:14.957 11603 11603 D AndroidRuntime: Calling main entry com.android.commands.uiautomator.Launcher
08-14 13:39:15.972 11603 11603 I AccessibilityNodeInfoDumper: Skipping invisible child: android.view.accessibility.AccessibilityNodeInfo@8000e34f; boundsInParent: Rect(0, 0 - 0, 112); boundsInScreen: Rect(1200, 48 - 1200, 160); packageName: protect.babymonitor; className: android.widget.LinearLayout; text: null; error: null; maxTextLength: -1; contentDescription: null; viewIdResName: null; checkable: false; checked: false; focusable: false; focused: false; selected: false; clickable: false; longClickable: false; contextClickable: false; enabled: true; password: false; scrollable: false; actions: [AccessibilityAction: ACTION_SELECT - null, AccessibilityAction: ACTION_CLEAR_SELECTION - null, AccessibilityAction: ACTION_ACCESSIBILITY_FOCUS - null, AccessibilityAction: ACTION_UNKNOWN - null]
08-14 13:39:15.973 11603 11603 W AccessibilityNodeInfoDumper: Fetch time: 6ms
08-14 13:39:15.974   570  1099 W WindowManager: Attempted to remove non-existing token: android.os.Binder@2d73941
08-14 13:39:15.977 11603 11603 D AndroidRuntime: Shutting down VM
08-14 13:39:16.387 11621 11621 D AndroidRuntime: >>>>>> START com.android.internal.os.RuntimeInit uid 0 <<<<<<
08-14 13:39:16.388 11621 11621 D AndroidRuntime: CheckJNI is OFF
08-14 13:39:16.398 11621 11621 D ICU     : No timezone override file found: /data/misc/zoneinfo/current/icu/icu_tzdata.dat
08-14 13:39:16.410 11621 11621 E memtrack: Couldn't load memtrack module (No such file or directory)
08-14 13:39:16.410 11621 11621 E android.os.Debug: failed to load memtrack module: -2
08-14 13:39:16.411 11621 11621 I Radio-JNI: register_android_hardware_Radio DONE
08-14 13:39:16.417 11621 11621 D AndroidRuntime: Calling main entry com.android.commands.uiautomator.Launcher
08-14 13:39:17.484 11621 11621 I AccessibilityNodeInfoDumper: Skipping invisible child: android.view.accessibility.AccessibilityNodeInfo@8000e357; boundsInParent: Rect(0, 0 - 0, 112); boundsInScreen: Rect(1200, 48 - 1200, 160); packageName: protect.babymonitor; className: android.widget.LinearLayout; text: null; error: null; maxTextLength: -1; contentDescription: null; viewIdResName: null; checkable: false; checked: false; focusable: false; focused: false; selected: false; clickable: false; longClickable: false; contextClickable: false; enabled: true; password: false; scrollable: false; actions: [AccessibilityAction: ACTION_SELECT - null, AccessibilityAction: ACTION_CLEAR_SELECTION - null, AccessibilityAction: ACTION_ACCESSIBILITY_FOCUS - null, AccessibilityAction: ACTION_UNKNOWN - null]
08-14 13:39:17.485 11621 11621 W AccessibilityNodeInfoDumper: Fetch time: 8ms
08-14 13:39:17.485   570   994 W WindowManager: Attempted to remove non-existing token: android.os.Binder@3b5ac27
08-14 13:39:17.488 11621 11621 D AndroidRuntime: Shutting down VM
08-14 13:39:18.171 11634 11634 D AndroidRuntime: >>>>>> START com.android.internal.os.RuntimeInit uid 0 <<<<<<
08-14 13:39:18.172 11634 11634 D AndroidRuntime: CheckJNI is OFF
08-14 13:39:18.183 11634 11634 D ICU     : No timezone override file found: /data/misc/zoneinfo/current/icu/icu_tzdata.dat
08-14 13:39:18.195 11634 11634 E memtrack: Couldn't load memtrack module (No such file or directory)
08-14 13:39:18.195 11634 11634 E android.os.Debug: failed to load memtrack module: -2
08-14 13:39:18.196 11634 11634 I Radio-JNI: register_android_hardware_Radio DONE
08-14 13:39:18.204 11634 11634 D AndroidRuntime: Calling main entry com.android.commands.input.Input
08-14 13:39:18.204 11634 11634 I Input   : injectMotionEvent: MotionEvent { action=ACTION_DOWN, actionButton=0, id[0]=0, x[0]=600.0, y[0]=453.0, toolType[0]=TOOL_TYPE_UNKNOWN, buttonState=0, metaState=0, flags=0x0, edgeFlags=0x0, pointerCount=1, historySize=0, eventTime=552486, downTime=552486, deviceId=0, source=0x1002 }
08-14 13:39:18.207 11634 11634 I Input   : injectMotionEvent: MotionEvent { action=ACTION_UP, actionButton=0, id[0]=0, x[0]=600.0, y[0]=453.0, toolType[0]=TOOL_TYPE_UNKNOWN, buttonState=0, metaState=0, flags=0x0, edgeFlags=0x0, pointerCount=1, historySize=0, eventTime=552486, downTime=552486, deviceId=0, source=0x1002 }
08-14 13:39:18.209 11634 11634 D AndroidRuntime: Shutting down VM
08-14 13:39:18.226   950   950 W RichInputMethodSubtype: Can't find emoji subtype
08-14 13:39:18.226   950   950 W RichInputMethodSubtype: No input method subtype found; returning dummy subtype: Multi-lingual subtype: android.view.inputmethod.InputMethodSubtype@d78b2ed0, zz
08-14 13:39:18.257   950   950 W ViewPager: Requested offscreen page limit 0 too small; defaulting to 1
08-14 13:39:18.261   570   700 W AudioTrack: AUDIO_OUTPUT_FLAG_FAST denied by client; transfer 4, track 48000 Hz, output 44100 Hz
08-14 13:39:18.264   950   950 I LatinIME: Starting input. Cursor position = 0,0
08-14 13:39:18.448   267   681 D AudioFlinger: mixer(0xf1e40000) throttle end: throttle time(12)
08-14 13:39:18.456   950 11650 D OpenGLRenderer: Use EGL_SWAP_BEHAVIOR_PRESERVED: true
08-14 13:39:18.471   950   950 D         : HostConnection::get() New Host Connection established 0xe8669be0, tid 950
08-14 13:39:18.484   267   681 D AudioFlinger: mixer(0xf1e40000) throttle end: throttle time(11)
08-14 13:39:18.505   950 11650 D libEGL  : loaded /system/lib/egl/libEGL_emulation.so
08-14 13:39:18.507   950 11650 D libEGL  : loaded /system/lib/egl/libGLESv1_CM_emulation.so
08-14 13:39:18.513   950 11650 D libEGL  : loaded /system/lib/egl/libGLESv2_emulation.so
08-14 13:39:18.517   950 11650 D         : HostConnection::get() New Host Connection established 0xe8669ce0, tid 11650
08-14 13:39:18.533   950 11650 I OpenGLRenderer: Initialized EGL, version 1.4
08-14 13:39:18.568   950 11650 W EGL_emulation: eglSurfaceAttrib not implemented
08-14 13:39:18.568   950 11650 W OpenGLRenderer: Failed to set EGL_SWAP_BEHAVIOR on surface 0xe9b5b9a0, error=EGL_SUCCESS
08-14 13:39:18.680 11655 11655 D AndroidRuntime: >>>>>> START com.android.internal.os.RuntimeInit uid 0 <<<<<<
08-14 13:39:18.682 11655 11655 D AndroidRuntime: CheckJNI is OFF
08-14 13:39:18.693 11655 11655 D ICU     : No timezone override file found: /data/misc/zoneinfo/current/icu/icu_tzdata.dat
08-14 13:39:18.707 11655 11655 E memtrack: Couldn't load memtrack module (No such file or directory)
08-14 13:39:18.707 11655 11655 E android.os.Debug: failed to load memtrack module: -2
08-14 13:39:18.708 11655 11655 I Radio-JNI: register_android_hardware_Radio DONE
08-14 13:39:18.715 11655 11655 D AndroidRuntime: Calling main entry com.android.commands.input.Input
08-14 13:39:18.717 11655 11655 I Input   : injectKeyEvent: KeyEvent { action=ACTION_DOWN, keyCode=KEYCODE_ESCAPE, scanCode=0, metaState=0, flags=0x0, repeatCount=0, eventTime=552998, downTime=552998, deviceId=-1, source=0x101 }
08-14 13:39:18.738 11655 11655 I Input   : injectKeyEvent: KeyEvent { action=ACTION_UP, keyCode=KEYCODE_ESCAPE, scanCode=0, metaState=0, flags=0x0, repeatCount=0, eventTime=552998, downTime=552998, deviceId=-1, source=0x101 }
08-14 13:39:18.740 11655 11655 D AndroidRuntime: Shutting down VM
08-14 13:39:18.754   950 11650 E Surface : getSlotFromBufferLocked: unknown buffer: 0xf3dd5f00
08-14 13:39:19.668 11670 11670 D AndroidRuntime: >>>>>> START com.android.internal.os.RuntimeInit uid 0 <<<<<<
08-14 13:39:19.670 11670 11670 D AndroidRuntime: CheckJNI is OFF
08-14 13:39:19.679 11670 11670 D ICU     : No timezone override file found: /data/misc/zoneinfo/current/icu/icu_tzdata.dat
08-14 13:39:19.690 11670 11670 E memtrack: Couldn't load memtrack module (No such file or directory)
08-14 13:39:19.690 11670 11670 E android.os.Debug: failed to load memtrack module: -2
08-14 13:39:19.691 11670 11670 I Radio-JNI: register_android_hardware_Radio DONE
08-14 13:39:19.698 11670 11670 D AndroidRuntime: Calling main entry com.android.commands.input.Input
08-14 13:39:19.699 11670 11670 I Input   : injectKeyEvent: KeyEvent { action=ACTION_DOWN, keyCode=KEYCODE_MOVE_END, scanCode=0, metaState=0, flags=0x0, repeatCount=0, eventTime=553980, downTime=553980, deviceId=-1, source=0x101 }
08-14 13:39:19.700 11670 11670 I Input   : injectKeyEvent: KeyEvent { action=ACTION_UP, keyCode=KEYCODE_MOVE_END, scanCode=0, metaState=0, flags=0x0, repeatCount=0, eventTime=553980, downTime=553980, deviceId=-1, source=0x101 }
08-14 13:39:19.701 11670 11670 D AndroidRuntime: Shutting down VM
08-14 13:39:20.071 11679 11679 D AndroidRuntime: >>>>>> START com.android.internal.os.RuntimeInit uid 0 <<<<<<
08-14 13:39:20.073 11679 11679 D AndroidRuntime: CheckJNI is OFF
08-14 13:39:20.083 11679 11679 D ICU     : No timezone override file found: /data/misc/zoneinfo/current/icu/icu_tzdata.dat
08-14 13:39:20.095 11679 11679 E memtrack: Couldn't load memtrack module (No such file or directory)
08-14 13:39:20.095 11679 11679 E android.os.Debug: failed to load memtrack module: -2
08-14 13:39:20.096 11679 11679 I Radio-JNI: register_android_hardware_Radio DONE
08-14 13:39:20.102 11679 11679 D AndroidRuntime: Calling main entry com.android.commands.input.Input
08-14 13:39:20.103 11679 11679 I Input   : injectKeyEvent: KeyEvent { action=ACTION_DOWN, keyCode=KEYCODE_DEL, scanCode=0, metaState=0, flags=0x0, repeatCount=0, eventTime=554384, downTime=554384, deviceId=-1, source=0x101 }
08-14 13:39:20.105 11679 11679 I Input   : injectKeyEvent: KeyEvent { action=ACTION_UP, keyCode=KEYCODE_DEL, scanCode=0, metaState=0, flags=0x0, repeatCount=0, eventTime=554384, downTime=554384, deviceId=-1, source=0x101 }
08-14 13:39:20.106 11679 11679 I Input   : injectKeyEvent: KeyEvent { action=ACTION_DOWN, keyCode=KEYCODE_DEL, scanCode=0, metaState=0, flags=0x0, repeatCount=0, eventTime=554388, downTime=554388, deviceId=-1, source=0x101 }
08-14 13:39:20.107 11679 11679 I Input   : injectKeyEvent: KeyEvent { action=ACTION_UP, keyCode=KEYCODE_DEL, scanCode=0, metaState=0, flags=0x0, repeatCount=0, eventTime=554388, downTime=554388, deviceId=-1, source=0x101 }
08-14 13:39:20.108 11679 11679 I Input   : injectKeyEvent: KeyEvent { action=ACTION_DOWN, keyCode=KEYCODE_DEL, scanCode=0, metaState=0, flags=0x0, repeatCount=0, eventTime=554390, downTime=554390, deviceId=-1, source=0x101 }
08-14 13:39:20.109 11679 11679 I Input   : injectKeyEvent: KeyEvent { action=ACTION_UP, keyCode=KEYCODE_DEL, scanCode=0, metaState=0, flags=0x0, repeatCount=0, eventTime=554390, downTime=554390, deviceId=-1, source=0x101 }
08-14 13:39:20.110 11679 11679 I Input   : injectKeyEvent: KeyEvent { action=ACTION_DOWN, keyCode=KEYCODE_DEL, scanCode=0, metaState=0, flags=0x0, repeatCount=0, eventTime=554392, downTime=554392, deviceId=-1, source=0x101 }
08-14 13:39:20.111 11679 11679 I Input   : injectKeyEvent: KeyEvent { action=ACTION_UP, keyCode=KEYCODE_DEL, scanCode=0, metaState=0, flags=0x0, repeatCount=0, eventTime=554392, downTime=554392, deviceId=-1, source=0x101 }
08-14 13:39:20.112 11679 11679 I Input   : injectKeyEvent: KeyEvent { action=ACTION_DOWN, keyCode=KEYCODE_DEL, scanCode=0, metaState=0, flags=0x0, repeatCount=0, eventTime=554394, downTime=554394, deviceId=-1, source=0x101 }
08-14 13:39:20.113 11679 11679 I Input   : injectKeyEvent: KeyEvent { action=ACTION_UP, keyCode=KEYCODE_DEL, scanCode=0, metaState=0, flags=0x0, repeatCount=0, eventTime=554394, downTime=554394, deviceId=-1, source=0x101 }
08-14 13:39:20.114 11679 11679 I Input   : injectKeyEvent: KeyEvent { action=ACTION_DOWN, keyCode=KEYCODE_DEL, scanCode=0, metaState=0, flags=0x0, repeatCount=0, eventTime=554395, downTime=554395, deviceId=-1, source=0x101 }
08-14 13:39:20.115 11679 11679 I Input   : injectKeyEvent: KeyEvent { action=ACTION_UP, keyCode=KEYCODE_DEL, scanCode=0, metaState=0, flags=0x0, repeatCount=0, eventTime=554395, downTime=554395, deviceId=-1, source=0x101 }
08-14 13:39:20.116 11679 11679 I Input   : injectKeyEvent: KeyEvent { action=ACTION_DOWN, keyCode=KEYCODE_DEL, scanCode=0, metaState=0, flags=0x0, repeatCount=0, eventTime=554397, downTime=554397, deviceId=-1, source=0x101 }
08-14 13:39:20.116 11679 11679 I Input   : injectKeyEvent: KeyEvent { action=ACTION_UP, keyCode=KEYCODE_DEL, scanCode=0, metaState=0, flags=0x0, repeatCount=0, eventTime=554397, downTime=554397, deviceId=-1, source=0x101 }
08-14 13:39:20.117 11679 11679 I Input   : injectKeyEvent: KeyEvent { action=ACTION_DOWN, keyCode=KEYCODE_DEL, scanCode=0, metaState=0, flags=0x0, repeatCount=0, eventTime=554399, downTime=554399, deviceId=-1, source=0x101 }
08-14 13:39:20.118 11679 11679 I Input   : injectKeyEvent: KeyEvent { action=ACTION_UP, keyCode=KEYCODE_DEL, scanCode=0, metaState=0, flags=0x0, repeatCount=0, eventTime=554399, downTime=554399, deviceId=-1, source=0x101 }
08-14 13:39:20.119 11679 11679 I Input   : injectKeyEvent: KeyEvent { action=ACTION_DOWN, keyCode=KEYCODE_DEL, scanCode=0, metaState=0, flags=0x0, repeatCount=0, eventTime=554401, downTime=554401, deviceId=-1, source=0x101 }
08-14 13:39:20.120 11679 11679 I Input   : injectKeyEvent: KeyEvent { action=ACTION_UP, keyCode=KEYCODE_DEL, scanCode=0, metaState=0, flags=0x0, repeatCount=0, eventTime=554401, downTime=554401, deviceId=-1, source=0x101 }
08-14 13:39:20.121 11679 11679 I Input   : injectKeyEvent: KeyEvent { action=ACTION_DOWN, keyCode=KEYCODE_DEL, scanCode=0, metaState=0, flags=0x0, repeatCount=0, eventTime=554402, downTime=554402, deviceId=-1, source=0x101 }
08-14 13:39:20.122 11679 11679 I Input   : injectKeyEvent: KeyEvent { action=ACTION_UP, keyCode=KEYCODE_DEL, scanCode=0, metaState=0, flags=0x0, repeatCount=0, eventTime=554402, downTime=554402, deviceId=-1, source=0x101 }
08-14 13:39:20.123 11679 11679 I Input   : injectKeyEvent: KeyEvent { action=ACTION_DOWN, keyCode=KEYCODE_DEL, scanCode=0, metaState=0, flags=0x0, repeatCount=0, eventTime=554405, downTime=554405, deviceId=-1, source=0x101 }
08-14 13:39:20.124 11679 11679 I Input   : injectKeyEvent: KeyEvent { action=ACTION_UP, keyCode=KEYCODE_DEL, scanCode=0, metaState=0, flags=0x0, repeatCount=0, eventTime=554405, downTime=554405, deviceId=-1, source=0x101 }
08-14 13:39:20.125 11679 11679 I Input   : injectKeyEvent: KeyEvent { action=ACTION_DOWN, keyCode=KEYCODE_DEL, scanCode=0, metaState=0, flags=0x0, repeatCount=0, eventTime=554406, downTime=554406, deviceId=-1, source=0x101 }
08-14 13:39:20.126 11679 11679 I Input   : injectKeyEvent: KeyEvent { action=ACTION_UP, keyCode=KEYCODE_DEL, scanCode=0, metaState=0, flags=0x0, repeatCount=0, eventTime=554406, downTime=554406, deviceId=-1, source=0x101 }
08-14 13:39:20.126 11679 11679 I Input   : injectKeyEvent: KeyEvent { action=ACTION_DOWN, keyCode=KEYCODE_DEL, scanCode=0, metaState=0, flags=0x0, repeatCount=0, eventTime=554408, downTime=554408, deviceId=-1, source=0x101 }
08-14 13:39:20.127 11679 11679 I Input   : injectKeyEvent: KeyEvent { action=ACTION_UP, keyCode=KEYCODE_DEL, scanCode=0, metaState=0, flags=0x0, repeatCount=0, eventTime=554408, downTime=554408, deviceId=-1, source=0x101 }
08-14 13:39:20.128 11679 11679 I Input   : injectKeyEvent: KeyEvent { action=ACTION_DOWN, keyCode=KEYCODE_DEL, scanCode=0, metaState=0, flags=0x0, repeatCount=0, eventTime=554410, downTime=554410, deviceId=-1, source=0x101 }
08-14 13:39:20.129 11679 11679 I Input   : injectKeyEvent: KeyEvent { action=ACTION_UP, keyCode=KEYCODE_DEL, scanCode=0, metaState=0, flags=0x0, repeatCount=0, eventTime=554410, downTime=554410, deviceId=-1, source=0x101 }
08-14 13:39:20.130 11679 11679 I Input   : injectKeyEvent: KeyEvent { action=ACTION_DOWN, keyCode=KEYCODE_DEL, scanCode=0, metaState=0, flags=0x0, repeatCount=0, eventTime=554412, downTime=554412, deviceId=-1, source=0x101 }
08-14 13:39:20.131 11679 11679 I Input   : injectKeyEvent: KeyEvent { action=ACTION_UP, keyCode=KEYCODE_DEL, scanCode=0, metaState=0, flags=0x0, repeatCount=0, eventTime=554412, downTime=554412, deviceId=-1, source=0x101 }
08-14 13:39:20.131 11679 11679 I Input   : injectKeyEvent: KeyEvent { action=ACTION_DOWN, keyCode=KEYCODE_DEL, scanCode=0, metaState=0, flags=0x0, repeatCount=0, eventTime=554413, downTime=554413, deviceId=-1, source=0x101 }
08-14 13:39:20.132 11679 11679 I Input   : injectKeyEvent: KeyEvent { action=ACTION_UP, keyCode=KEYCODE_DEL, scanCode=0, metaState=0, flags=0x0, repeatCount=0, eventTime=554413, downTime=554413, deviceId=-1, source=0x101 }
08-14 13:39:20.133 11679 11679 I Input   : injectKeyEvent: KeyEvent { action=ACTION_DOWN, keyCode=KEYCODE_DEL, scanCode=0, metaState=0, flags=0x0, repeatCount=0, eventTime=554415, downTime=554415, deviceId=-1, source=0x101 }
08-14 13:39:20.134 11679 11679 I Input   : injectKeyEvent: KeyEvent { action=ACTION_UP, keyCode=KEYCODE_DEL, scanCode=0, metaState=0, flags=0x0, repeatCount=0, eventTime=554415, downTime=554415, deviceId=-1, source=0x101 }
08-14 13:39:20.135 11679 11679 I Input   : injectKeyEvent: KeyEvent { action=ACTION_DOWN, keyCode=KEYCODE_DEL, scanCode=0, metaState=0, flags=0x0, repeatCount=0, eventTime=554417, downTime=554417, deviceId=-1, source=0x101 }
08-14 13:39:20.136 11679 11679 I Input   : injectKeyEvent: KeyEvent { action=ACTION_UP, keyCode=KEYCODE_DEL, scanCode=0, metaState=0, flags=0x0, repeatCount=0, eventTime=554417, downTime=554417, deviceId=-1, source=0x101 }
08-14 13:39:20.137 11679 11679 I Input   : injectKeyEvent: KeyEvent { action=ACTION_DOWN, keyCode=KEYCODE_DEL, scanCode=0, metaState=0, flags=0x0, repeatCount=0, eventTime=554418, downTime=554418, deviceId=-1, source=0x101 }
08-14 13:39:20.137 11679 11679 I Input   : injectKeyEvent: KeyEvent { action=ACTION_UP, keyCode=KEYCODE_DEL, scanCode=0, metaState=0, flags=0x0, repeatCount=0, eventTime=554418, downTime=554418, deviceId=-1, source=0x101 }
08-14 13:39:20.138 11679 11679 I Input   : injectKeyEvent: KeyEvent { action=ACTION_DOWN, keyCode=KEYCODE_DEL, scanCode=0, metaState=0, flags=0x0, repeatCount=0, eventTime=554420, downTime=554420, deviceId=-1, source=0x101 }
08-14 13:39:20.139 11679 11679 I Input   : injectKeyEvent: KeyEvent { action=ACTION_UP, keyCode=KEYCODE_DEL, scanCode=0, metaState=0, flags=0x0, repeatCount=0, eventTime=554420, downTime=554420, deviceId=-1, source=0x101 }
08-14 13:39:20.140 11679 11679 I Input   : injectKeyEvent: KeyEvent { action=ACTION_DOWN, keyCode=KEYCODE_DEL, scanCode=0, metaState=0, flags=0x0, repeatCount=0, eventTime=554422, downTime=554422, deviceId=-1, source=0x101 }
08-14 13:39:20.141 11679 11679 I Input   : injectKeyEvent: KeyEvent { action=ACTION_UP, keyCode=KEYCODE_DEL, scanCode=0, metaState=0, flags=0x0, repeatCount=0, eventTime=554422, downTime=554422, deviceId=-1, source=0x101 }
08-14 13:39:20.141 11679 11679 I Input   : injectKeyEvent: KeyEvent { action=ACTION_DOWN, keyCode=KEYCODE_DEL, scanCode=0, metaState=0, flags=0x0, repeatCount=0, eventTime=554423, downTime=554423, deviceId=-1, source=0x101 }
08-14 13:39:20.142 11679 11679 I Input   : injectKeyEvent: KeyEvent { action=ACTION_UP, keyCode=KEYCODE_DEL, scanCode=0, metaState=0, flags=0x0, repeatCount=0, eventTime=554423, downTime=554423, deviceId=-1, source=0x101 }
08-14 13:39:20.144 11679 11679 I Input   : injectKeyEvent: KeyEvent { action=ACTION_DOWN, keyCode=KEYCODE_DEL, scanCode=0, metaState=0, flags=0x0, repeatCount=0, eventTime=554425, downTime=554425, deviceId=-1, source=0x101 }
08-14 13:39:20.144 11679 11679 I Input   : injectKeyEvent: KeyEvent { action=ACTION_UP, keyCode=KEYCODE_DEL, scanCode=0, metaState=0, flags=0x0, repeatCount=0, eventTime=554425, downTime=554425, deviceId=-1, source=0x101 }
08-14 13:39:20.145 11679 11679 I Input   : injectKeyEvent: KeyEvent { action=ACTION_DOWN, keyCode=KEYCODE_DEL, scanCode=0, metaState=0, flags=0x0, repeatCount=0, eventTime=554427, downTime=554427, deviceId=-1, source=0x101 }
08-14 13:39:20.146 11679 11679 I Input   : injectKeyEvent: KeyEvent { action=ACTION_UP, keyCode=KEYCODE_DEL, scanCode=0, metaState=0, flags=0x0, repeatCount=0, eventTime=554427, downTime=554427, deviceId=-1, source=0x101 }
08-14 13:39:20.147 11679 11679 I Input   : injectKeyEvent: KeyEvent { action=ACTION_DOWN, keyCode=KEYCODE_DEL, scanCode=0, metaState=0, flags=0x0, repeatCount=0, eventTime=554429, downTime=554429, deviceId=-1, source=0x101 }
08-14 13:39:20.148 11679 11679 I Input   : injectKeyEvent: KeyEvent { action=ACTION_UP, keyCode=KEYCODE_DEL, scanCode=0, metaState=0, flags=0x0, repeatCount=0, eventTime=554429, downTime=554429, deviceId=-1, source=0x101 }
08-14 13:39:20.149 11679 11679 I Input   : injectKeyEvent: KeyEvent { action=ACTION_DOWN, keyCode=KEYCODE_DEL, scanCode=0, metaState=0, flags=0x0, repeatCount=0, eventTime=554430, downTime=554430, deviceId=-1, source=0x101 }
08-14 13:39:20.150 11679 11679 I Input   : injectKeyEvent: KeyEvent { action=ACTION_UP, keyCode=KEYCODE_DEL, scanCode=0, metaState=0, flags=0x0, repeatCount=0, eventTime=554430, downTime=554430, deviceId=-1, source=0x101 }
08-14 13:39:20.150 11679 11679 I Input   : injectKeyEvent: KeyEvent { action=ACTION_DOWN, keyCode=KEYCODE_DEL, scanCode=0, metaState=0, flags=0x0, repeatCount=0, eventTime=554432, downTime=554432, deviceId=-1, source=0x101 }
08-14 13:39:20.151 11679 11679 I Input   : injectKeyEvent: KeyEvent { action=ACTION_UP, keyCode=KEYCODE_DEL, scanCode=0, metaState=0, flags=0x0, repeatCount=0, eventTime=554432, downTime=554432, deviceId=-1, source=0x101 }
08-14 13:39:20.152 11679 11679 I Input   : injectKeyEvent: KeyEvent { action=ACTION_DOWN, keyCode=KEYCODE_DEL, scanCode=0, metaState=0, flags=0x0, repeatCount=0, eventTime=554434, downTime=554434, deviceId=-1, source=0x101 }
08-14 13:39:20.153 11679 11679 I Input   : injectKeyEvent: KeyEvent { action=ACTION_UP, keyCode=KEYCODE_DEL, scanCode=0, metaState=0, flags=0x0, repeatCount=0, eventTime=554434, downTime=554434, deviceId=-1, source=0x101 }
08-14 13:39:20.154 11679 11679 I Input   : injectKeyEvent: KeyEvent { action=ACTION_DOWN, keyCode=KEYCODE_DEL, scanCode=0, metaState=0, flags=0x0, repeatCount=0, eventTime=554436, downTime=554436, deviceId=-1, source=0x101 }
08-14 13:39:20.154 11679 11679 I Input   : injectKeyEvent: KeyEvent { action=ACTION_UP, keyCode=KEYCODE_DEL, scanCode=0, metaState=0, flags=0x0, repeatCount=0, eventTime=554436, downTime=554436, deviceId=-1, source=0x101 }
08-14 13:39:20.155 11679 11679 I Input   : injectKeyEvent: KeyEvent { action=ACTION_DOWN, keyCode=KEYCODE_DEL, scanCode=0, metaState=0, flags=0x0, repeatCount=0, eventTime=554437, downTime=554437, deviceId=-1, source=0x101 }
08-14 13:39:20.156 11679 11679 I Input   : injectKeyEvent: KeyEvent { action=ACTION_UP, keyCode=KEYCODE_DEL, scanCode=0, metaState=0, flags=0x0, repeatCount=0, eventTime=554437, downTime=554437, deviceId=-1, source=0x101 }
08-14 13:39:20.157 11679 11679 I Input   : injectKeyEvent: KeyEvent { action=ACTION_DOWN, keyCode=KEYCODE_DEL, scanCode=0, metaState=0, flags=0x0, repeatCount=0, eventTime=554439, downTime=554439, deviceId=-1, source=0x101 }
08-14 13:39:20.157 11679 11679 I Input   : injectKeyEvent: KeyEvent { action=ACTION_UP, keyCode=KEYCODE_DEL, scanCode=0, metaState=0, flags=0x0, repeatCount=0, eventTime=554439, downTime=554439, deviceId=-1, source=0x101 }
08-14 13:39:20.159 11679 11679 I Input   : injectKeyEvent: KeyEvent { action=ACTION_DOWN, keyCode=KEYCODE_DEL, scanCode=0, metaState=0, flags=0x0, repeatCount=0, eventTime=554440, downTime=554440, deviceId=-1, source=0x101 }
08-14 13:39:20.159 11679 11679 I Input   : injectKeyEvent: KeyEvent { action=ACTION_UP, keyCode=KEYCODE_DEL, scanCode=0, metaState=0, flags=0x0, repeatCount=0, eventTime=554440, downTime=554440, deviceId=-1, source=0x101 }
08-14 13:39:20.160 11679 11679 I Input   : injectKeyEvent: KeyEvent { action=ACTION_DOWN, keyCode=KEYCODE_DEL, scanCode=0, metaState=0, flags=0x0, repeatCount=0, eventTime=554442, downTime=554442, deviceId=-1, source=0x101 }
08-14 13:39:20.161 11679 11679 I Input   : injectKeyEvent: KeyEvent { action=ACTION_UP, keyCode=KEYCODE_DEL, scanCode=0, metaState=0, flags=0x0, repeatCount=0, eventTime=554442, downTime=554442, deviceId=-1, source=0x101 }
08-14 13:39:20.161 11679 11679 I Input   : injectKeyEvent: KeyEvent { action=ACTION_DOWN, keyCode=KEYCODE_DEL, scanCode=0, metaState=0, flags=0x0, repeatCount=0, eventTime=554443, downTime=554443, deviceId=-1, source=0x101 }
08-14 13:39:20.162 11679 11679 I Input   : injectKeyEvent: KeyEvent { action=ACTION_UP, keyCode=KEYCODE_DEL, scanCode=0, metaState=0, flags=0x0, repeatCount=0, eventTime=554443, downTime=554443, deviceId=-1, source=0x101 }
08-14 13:39:20.163 11679 11679 I Input   : injectKeyEvent: KeyEvent { action=ACTION_DOWN, keyCode=KEYCODE_DEL, scanCode=0, metaState=0, flags=0x0, repeatCount=0, eventTime=554445, downTime=554445, deviceId=-1, source=0x101 }
08-14 13:39:20.164 11679 11679 I Input   : injectKeyEvent: KeyEvent { action=ACTION_UP, keyCode=KEYCODE_DEL, scanCode=0, metaState=0, flags=0x0, repeatCount=0, eventTime=554445, downTime=554445, deviceId=-1, source=0x101 }
08-14 13:39:20.164 11679 11679 I Input   : injectKeyEvent: KeyEvent { action=ACTION_DOWN, keyCode=KEYCODE_DEL, scanCode=0, metaState=0, flags=0x0, repeatCount=0, eventTime=554446, downTime=554446, deviceId=-1, source=0x101 }
08-14 13:39:20.165 11679 11679 I Input   : injectKeyEvent: KeyEvent { action=ACTION_UP, keyCode=KEYCODE_DEL, scanCode=0, metaState=0, flags=0x0, repeatCount=0, eventTime=554446, downTime=554446, deviceId=-1, source=0x101 }
08-14 13:39:20.166 11679 11679 I Input   : injectKeyEvent: KeyEvent { action=ACTION_DOWN, keyCode=KEYCODE_DEL, scanCode=0, metaState=0, flags=0x0, repeatCount=0, eventTime=554448, downTime=554448, deviceId=-1, source=0x101 }
08-14 13:39:20.166 11679 11679 I Input   : injectKeyEvent: KeyEvent { action=ACTION_UP, keyCode=KEYCODE_DEL, scanCode=0, metaState=0, flags=0x0, repeatCount=0, eventTime=554448, downTime=554448, deviceId=-1, source=0x101 }
08-14 13:39:20.167 11679 11679 I Input   : injectKeyEvent: KeyEvent { action=ACTION_DOWN, keyCode=KEYCODE_DEL, scanCode=0, metaState=0, flags=0x0, repeatCount=0, eventTime=554449, downTime=554449, deviceId=-1, source=0x101 }
08-14 13:39:20.168 11679 11679 I Input   : injectKeyEvent: KeyEvent { action=ACTION_UP, keyCode=KEYCODE_DEL, scanCode=0, metaState=0, flags=0x0, repeatCount=0, eventTime=554449, downTime=554449, deviceId=-1, source=0x101 }
08-14 13:39:20.169 11679 11679 I Input   : injectKeyEvent: KeyEvent { action=ACTION_DOWN, keyCode=KEYCODE_DEL, scanCode=0, metaState=0, flags=0x0, repeatCount=0, eventTime=554451, downTime=554451, deviceId=-1, source=0x101 }
08-14 13:39:20.169 11679 11679 I Input   : injectKeyEvent: KeyEvent { action=ACTION_UP, keyCode=KEYCODE_DEL, scanCode=0, metaState=0, flags=0x0, repeatCount=0, eventTime=554451, downTime=554451, deviceId=-1, source=0x101 }
08-14 13:39:20.170 11679 11679 I Input   : injectKeyEvent: KeyEvent { action=ACTION_DOWN, keyCode=KEYCODE_DEL, scanCode=0, metaState=0, flags=0x0, repeatCount=0, eventTime=554452, downTime=554452, deviceId=-1, source=0x101 }
08-14 13:39:20.171 11679 11679 I Input   : injectKeyEvent: KeyEvent { action=ACTION_UP, keyCode=KEYCODE_DEL, scanCode=0, metaState=0, flags=0x0, repeatCount=0, eventTime=554452, downTime=554452, deviceId=-1, source=0x101 }
08-14 13:39:20.172 11679 11679 I Input   : injectKeyEvent: KeyEvent { action=ACTION_DOWN, keyCode=KEYCODE_DEL, scanCode=0, metaState=0, flags=0x0, repeatCount=0, eventTime=554453, downTime=554453, deviceId=-1, source=0x101 }
08-14 13:39:20.172 11679 11679 I Input   : injectKeyEvent: KeyEvent { action=ACTION_UP, keyCode=KEYCODE_DEL, scanCode=0, metaState=0, flags=0x0, repeatCount=0, eventTime=554453, downTime=554453, deviceId=-1, source=0x101 }
08-14 13:39:20.173 11679 11679 I Input   : injectKeyEvent: KeyEvent { action=ACTION_DOWN, keyCode=KEYCODE_DEL, scanCode=0, metaState=0, flags=0x0, repeatCount=0, eventTime=554455, downTime=554455, deviceId=-1, source=0x101 }
08-14 13:39:20.174 11679 11679 I Input   : injectKeyEvent: KeyEvent { action=ACTION_UP, keyCode=KEYCODE_DEL, scanCode=0, metaState=0, flags=0x0, repeatCount=0, eventTime=554455, downTime=554455, deviceId=-1, source=0x101 }
08-14 13:39:20.175 11679 11679 I Input   : injectKeyEvent: KeyEvent { action=ACTION_DOWN, keyCode=KEYCODE_DEL, scanCode=0, metaState=0, flags=0x0, repeatCount=0, eventTime=554456, downTime=554456, deviceId=-1, source=0x101 }
08-14 13:39:20.175 11679 11679 I Input   : injectKeyEvent: KeyEvent { action=ACTION_UP, keyCode=KEYCODE_DEL, scanCode=0, metaState=0, flags=0x0, repeatCount=0, eventTime=554456, downTime=554456, deviceId=-1, source=0x101 }
08-14 13:39:20.176 11679 11679 I Input   : injectKeyEvent: KeyEvent { action=ACTION_DOWN, keyCode=KEYCODE_DEL, scanCode=0, metaState=0, flags=0x0, repeatCount=0, eventTime=554458, downTime=554458, deviceId=-1, source=0x101 }
08-14 13:39:20.176 11679 11679 I Input   : injectKeyEvent: KeyEvent { action=ACTION_UP, keyCode=KEYCODE_DEL, scanCode=0, metaState=0, flags=0x0, repeatCount=0, eventTime=554458, downTime=554458, deviceId=-1, source=0x101 }
08-14 13:39:20.177 11679 11679 I Input   : injectKeyEvent: KeyEvent { action=ACTION_DOWN, keyCode=KEYCODE_DEL, scanCode=0, metaState=0, flags=0x0, repeatCount=0, eventTime=554459, downTime=554459, deviceId=-1, source=0x101 }
08-14 13:39:20.178 11679 11679 I Input   : injectKeyEvent: KeyEvent { action=ACTION_UP, keyCode=KEYCODE_DEL, scanCode=0, metaState=0, flags=0x0, repeatCount=0, eventTime=554459, downTime=554459, deviceId=-1, source=0x101 }
08-14 13:39:20.179 11679 11679 I Input   : injectKeyEvent: KeyEvent { action=ACTION_DOWN, keyCode=KEYCODE_DEL, scanCode=0, metaState=0, flags=0x0, repeatCount=0, eventTime=554460, downTime=554460, deviceId=-1, source=0x101 }
08-14 13:39:20.179 11679 11679 I Input   : injectKeyEvent: KeyEvent { action=ACTION_UP, keyCode=KEYCODE_DEL, scanCode=0, metaState=0, flags=0x0, repeatCount=0, eventTime=554460, downTime=554460, deviceId=-1, source=0x101 }
08-14 13:39:20.180 11679 11679 I Input   : injectKeyEvent: KeyEvent { action=ACTION_DOWN, keyCode=KEYCODE_DEL, scanCode=0, metaState=0, flags=0x0, repeatCount=0, eventTime=554462, downTime=554462, deviceId=-1, source=0x101 }
08-14 13:39:20.181 11679 11679 I Input   : injectKeyEvent: KeyEvent { action=ACTION_UP, keyCode=KEYCODE_DEL, scanCode=0, metaState=0, flags=0x0, repeatCount=0, eventTime=554462, downTime=554462, deviceId=-1, source=0x101 }
08-14 13:39:20.181 11679 11679 I Input   : injectKeyEvent: KeyEvent { action=ACTION_DOWN, keyCode=KEYCODE_DEL, scanCode=0, metaState=0, flags=0x0, repeatCount=0, eventTime=554463, downTime=554463, deviceId=-1, source=0x101 }
08-14 13:39:20.182 11679 11679 I Input   : injectKeyEvent: KeyEvent { action=ACTION_UP, keyCode=KEYCODE_DEL, scanCode=0, metaState=0, flags=0x0, repeatCount=0, eventTime=554463, downTime=554463, deviceId=-1, source=0x101 }
08-14 13:39:20.183 11679 11679 I Input   : injectKeyEvent: KeyEvent { action=ACTION_DOWN, keyCode=KEYCODE_DEL, scanCode=0, metaState=0, flags=0x0, repeatCount=0, eventTime=554465, downTime=554465, deviceId=-1, source=0x101 }
08-14 13:39:20.184 11679 11679 I Input   : injectKeyEvent: KeyEvent { action=ACTION_UP, keyCode=KEYCODE_DEL, scanCode=0, metaState=0, flags=0x0, repeatCount=0, eventTime=554465, downTime=554465, deviceId=-1, source=0x101 }
08-14 13:39:20.185 11679 11679 I Input   : injectKeyEvent: KeyEvent { action=ACTION_DOWN, keyCode=KEYCODE_DEL, scanCode=0, metaState=0, flags=0x0, repeatCount=0, eventTime=554466, downTime=554466, deviceId=-1, source=0x101 }
08-14 13:39:20.185 11679 11679 I Input   : injectKeyEvent: KeyEvent { action=ACTION_UP, keyCode=KEYCODE_DEL, scanCode=0, metaState=0, flags=0x0, repeatCount=0, eventTime=554466, downTime=554466, deviceId=-1, source=0x101 }
08-14 13:39:20.186 11679 11679 D AndroidRuntime: Shutting down VM
08-14 13:39:20.545 11688 11688 D AndroidRuntime: >>>>>> START com.android.internal.os.RuntimeInit uid 0 <<<<<<
08-14 13:39:20.547 11688 11688 D AndroidRuntime: CheckJNI is OFF
08-14 13:39:20.556 11688 11688 D ICU     : No timezone override file found: /data/misc/zoneinfo/current/icu/icu_tzdata.dat
08-14 13:39:20.568 11688 11688 E memtrack: Couldn't load memtrack module (No such file or directory)
08-14 13:39:20.568 11688 11688 E android.os.Debug: failed to load memtrack module: -2
08-14 13:39:20.569 11688 11688 I Radio-JNI: register_android_hardware_Radio DONE
08-14 13:39:20.574 11688 11688 D AndroidRuntime: Calling main entry com.android.commands.input.Input
08-14 13:39:20.576 11688 11688 I Input   : injectKeyEvent: KeyEvent { action=ACTION_DOWN, keyCode=KEYCODE_SHIFT_LEFT, scanCode=0, metaState=META_SHIFT_ON|META_SHIFT_LEFT_ON, flags=0x0, repeatCount=0, eventTime=554857, downTime=554857, deviceId=-1, source=0x101 }
08-14 13:39:20.577 11688 11688 I Input   : injectKeyEvent: KeyEvent { action=ACTION_DOWN, keyCode=KEYCODE_T, scanCode=0, metaState=META_SHIFT_ON|META_SHIFT_LEFT_ON, flags=0x0, repeatCount=0, eventTime=554857, downTime=554857, deviceId=-1, source=0x101 }
08-14 13:39:20.579 11688 11688 I Input   : injectKeyEvent: KeyEvent { action=ACTION_UP, keyCode=KEYCODE_T, scanCode=0, metaState=META_SHIFT_ON|META_SHIFT_LEFT_ON, flags=0x0, repeatCount=0, eventTime=554857, downTime=554857, deviceId=-1, source=0x101 }
08-14 13:39:20.580 11688 11688 I Input   : injectKeyEvent: KeyEvent { action=ACTION_UP, keyCode=KEYCODE_SHIFT_LEFT, scanCode=0, metaState=0, flags=0x0, repeatCount=0, eventTime=554857, downTime=554857, deviceId=-1, source=0x101 }
08-14 13:39:20.581 11688 11688 I Input   : injectKeyEvent: KeyEvent { action=ACTION_DOWN, keyCode=KEYCODE_E, scanCode=0, metaState=0, flags=0x0, repeatCount=0, eventTime=554857, downTime=554857, deviceId=-1, source=0x101 }
08-14 13:39:20.582 11688 11688 I Input   : injectKeyEvent: KeyEvent { action=ACTION_UP, keyCode=KEYCODE_E, scanCode=0, metaState=0, flags=0x0, repeatCount=0, eventTime=554857, downTime=554857, deviceId=-1, source=0x101 }
08-14 13:39:20.582 11688 11688 I Input   : injectKeyEvent: KeyEvent { action=ACTION_DOWN, keyCode=KEYCODE_S, scanCode=0, metaState=0, flags=0x0, repeatCount=0, eventTime=554857, downTime=554857, deviceId=-1, source=0x101 }
