08-14 13:53:38.720  7227  7227 I Input   : injectMotionEvent: MotionEvent { action=ACTION_MOVE, actionButton=0, id[0]=0, x[0]=1144.0, y[0]=112.0, toolType[0]=TOOL_TYPE_UNKNOWN, buttonState=0, metaState=0, flags=0x0, edgeFlags=0x0, pointerCount=1, historySize=0, eventTime=338668, downTime=338668, deviceId=0, source=0x1002 }
08-14 13:53:38.736  7227  7227 I Input   : injectMotionEvent: MotionEvent { action=ACTION_MOVE, actionButton=0, id[0]=0, x[0]=1144.0, y[0]=112.0, toolType[0]=TOOL_TYPE_UNKNOWN, buttonState=0, metaState=0, flags=0x0, edgeFlags=0x0, pointerCount=1, historySize=0, eventTime=338685, downTime=338685, deviceId=0, source=0x1002 }
08-14 13:53:38.754  7227  7227 I Input   : injectMotionEvent: MotionEvent { action=ACTION_MOVE, actionButton=0, id[0]=0, x[0]=1144.0, y[0]=112.0, toolType[0]=TOOL_TYPE_UNKNOWN, buttonState=0, metaState=0, flags=0x0, edgeFlags=0x0, pointerCount=1, historySize=0, eventTime=338702, downTime=338702, deviceId=0, source=0x1002 }
08-14 13:53:38.773  7227  7227 I Input   : injectMotionEvent: MotionEvent { action=ACTION_MOVE, actionButton=0, id[0]=0, x[0]=1144.0, y[0]=112.0, toolType[0]=TOOL_TYPE_UNKNOWN, buttonState=0, metaState=0, flags=0x0, edgeFlags=0x0, pointerCount=1, historySize=0, eventTime=338722, downTime=338722, deviceId=0, source=0x1002 }
08-14 13:53:38.785  7227  7227 I Input   : injectMotionEvent: MotionEvent { action=ACTION_MOVE, actionButton=0, id[0]=0, x[0]=1144.0, y[0]=112.0, toolType[0]=TOOL_TYPE_UNKNOWN, buttonState=0, metaState=0, flags=0x0, edgeFlags=0x0, pointerCount=1, historySize=0, eventTime=338734, downTime=338734, deviceId=0, source=0x1002 }
08-14 13:53:38.804  7227  7227 I Input   : injectMotionEvent: MotionEvent { action=ACTION_MOVE, actionButton=0, id[0]=0, x[0]=1144.0, y[0]=112.0, toolType[0]=TOOL_TYPE_UNKNOWN, buttonState=0, metaState=0, flags=0x0, edgeFlags=0x0, pointerCount=1, historySize=0, eventTime=338752, downTime=338752, deviceId=0, source=0x1002 }
08-14 13:53:38.819  7227  7227 I Input   : injectMotionEvent: MotionEvent { action=ACTION_MOVE, actionButton=0, id[0]=0, x[0]=1144.0, y[0]=112.0, toolType[0]=TOOL_TYPE_UNKNOWN, buttonState=0, metaState=0, flags=0x0, edgeFlags=0x0, pointerCount=1, historySize=0, eventTime=338767, downTime=338767, deviceId=0, source=0x1002 }
08-14 13:53:38.835  7227  7227 I Input   : injectMotionEvent: MotionEvent { action=ACTION_MOVE, actionButton=0, id[0]=0, x[0]=1144.0, y[0]=112.0, toolType[0]=TOOL_TYPE_UNKNOWN, buttonState=0, metaState=0, flags=0x0, edgeFlags=0x0, pointerCount=1, historySize=0, eventTime=338784, downTime=338784, deviceId=0, source=0x1002 }
08-14 13:53:38.853  7227  7227 I Input   : injectMotionEvent: MotionEvent { action=ACTION_MOVE, actionButton=0, id[0]=0, x[0]=1144.0, y[0]=112.0, toolType[0]=TOOL_TYPE_UNKNOWN, buttonState=0, metaState=0, flags=0x0, edgeFlags=0x0, pointerCount=1, historySize=0, eventTime=338802, downTime=338802, deviceId=0, source=0x1002 }
08-14 13:53:38.874  7227  7227 I Input   : injectMotionEvent: MotionEvent { action=ACTION_MOVE, actionButton=0, id[0]=0, x[0]=1144.0, y[0]=112.0, toolType[0]=TOOL_TYPE_UNKNOWN, buttonState=0, metaState=0, flags=0x0, edgeFlags=0x0, pointerCount=1, historySize=0, eventTime=338822, downTime=338822, deviceId=0, source=0x1002 }
08-14 13:53:38.886  7227  7227 I Input   : injectMotionEvent: MotionEvent { action=ACTION_MOVE, actionButton=0, id[0]=0, x[0]=1144.0, y[0]=112.0, toolType[0]=TOOL_TYPE_UNKNOWN, buttonState=0, metaState=0, flags=0x0, edgeFlags=0x0, pointerCount=1, historySize=0, eventTime=338835, downTime=338835, deviceId=0, source=0x1002 }
08-14 13:53:38.904  7227  7227 I Input   : injectMotionEvent: MotionEvent { action=ACTION_MOVE, actionButton=0, id[0]=0, x[0]=1144.0, y[0]=112.0, toolType[0]=TOOL_TYPE_UNKNOWN, buttonState=0, metaState=0, flags=0x0, edgeFlags=0x0, pointerCount=1, historySize=0, eventTime=338852, downTime=338852, deviceId=0, source=0x1002 }
08-14 13:53:38.919  7227  7227 I Input   : injectMotionEvent: MotionEvent { action=ACTION_MOVE, actionButton=0, id[0]=0, x[0]=1144.0, y[0]=112.0, toolType[0]=TOOL_TYPE_UNKNOWN, buttonState=0, metaState=0, flags=0x0, edgeFlags=0x0, pointerCount=1, historySize=0, eventTime=338867, downTime=338867, deviceId=0, source=0x1002 }
08-14 13:53:38.936  7227  7227 I Input   : injectMotionEvent: MotionEvent { action=ACTION_MOVE, actionButton=0, id[0]=0, x[0]=1144.0, y[0]=112.0, toolType[0]=TOOL_TYPE_UNKNOWN, buttonState=0, metaState=0, flags=0x0, edgeFlags=0x0, pointerCount=1, historySize=0, eventTime=338885, downTime=338885, deviceId=0, source=0x1002 }
08-14 13:53:38.953  7227  7227 I Input   : injectMotionEvent: MotionEvent { action=ACTION_MOVE, actionButton=0, id[0]=0, x[0]=1144.0, y[0]=112.0, toolType[0]=TOOL_TYPE_UNKNOWN, buttonState=0, metaState=0, flags=0x0, edgeFlags=0x0, pointerCount=1, historySize=0, eventTime=338902, downTime=338902, deviceId=0, source=0x1002 }
08-14 13:53:38.970  7227  7227 I Input   : injectMotionEvent: MotionEvent { action=ACTION_MOVE, actionButton=0, id[0]=0, x[0]=1144.0, y[0]=112.0, toolType[0]=TOOL_TYPE_UNKNOWN, buttonState=0, metaState=0, flags=0x0, edgeFlags=0x0, pointerCount=1, historySize=0, eventTime=338918, downTime=338918, deviceId=0, source=0x1002 }
08-14 13:53:38.986  7227  7227 I Input   : injectMotionEvent: MotionEvent { action=ACTION_MOVE, actionButton=0, id[0]=0, x[0]=1144.0, y[0]=112.0, toolType[0]=TOOL_TYPE_UNKNOWN, buttonState=0, metaState=0, flags=0x0, edgeFlags=0x0, pointerCount=1, historySize=0, eventTime=338935, downTime=338935, deviceId=0, source=0x1002 }
08-14 13:53:39.003  7227  7227 I Input   : injectMotionEvent: MotionEvent { action=ACTION_MOVE, actionButton=0, id[0]=0, x[0]=1144.0, y[0]=112.0, toolType[0]=TOOL_TYPE_UNKNOWN, buttonState=0, metaState=0, flags=0x0, edgeFlags=0x0, pointerCount=1, historySize=0, eventTime=338951, downTime=338951, deviceId=0, source=0x1002 }
08-14 13:53:39.019  7227  7227 I Input   : injectMotionEvent: MotionEvent { action=ACTION_MOVE, actionButton=0, id[0]=0, x[0]=1144.0, y[0]=112.0, toolType[0]=TOOL_TYPE_UNKNOWN, buttonState=0, metaState=0, flags=0x0, edgeFlags=0x0, pointerCount=1, historySize=0, eventTime=338967, downTime=338967, deviceId=0, source=0x1002 }
08-14 13:53:39.035  7227  7227 I Input   : injectMotionEvent: MotionEvent { action=ACTION_MOVE, actionButton=0, id[0]=0, x[0]=1144.0, y[0]=112.0, toolType[0]=TOOL_TYPE_UNKNOWN, buttonState=0, metaState=0, flags=0x0, edgeFlags=0x0, pointerCount=1, historySize=0, eventTime=338984, downTime=338984, deviceId=0, source=0x1002 }
08-14 13:53:39.053  7227  7227 I Input   : injectMotionEvent: MotionEvent { action=ACTION_MOVE, actionButton=0, id[0]=0, x[0]=1144.0, y[0]=112.0, toolType[0]=TOOL_TYPE_UNKNOWN, buttonState=0, metaState=0, flags=0x0, edgeFlags=0x0, pointerCount=1, historySize=0, eventTime=339002, downTime=339002, deviceId=0, source=0x1002 }
08-14 13:53:39.070  7227  7227 I Input   : injectMotionEvent: MotionEvent { action=ACTION_MOVE, actionButton=0, id[0]=0, x[0]=1144.0, y[0]=112.0, toolType[0]=TOOL_TYPE_UNKNOWN, buttonState=0, metaState=0, flags=0x0, edgeFlags=0x0, pointerCount=1, historySize=0, eventTime=339018, downTime=339018, deviceId=0, source=0x1002 }
08-14 13:53:39.086  7227  7227 I Input   : injectMotionEvent: MotionEvent { action=ACTION_MOVE, actionButton=0, id[0]=0, x[0]=1144.0, y[0]=112.0, toolType[0]=TOOL_TYPE_UNKNOWN, buttonState=0, metaState=0, flags=0x0, edgeFlags=0x0, pointerCount=1, historySize=0, eventTime=339035, downTime=339035, deviceId=0, source=0x1002 }
08-14 13:53:39.104  7227  7227 I Input   : injectMotionEvent: MotionEvent { action=ACTION_MOVE, actionButton=0, id[0]=0, x[0]=1144.0, y[0]=112.0, toolType[0]=TOOL_TYPE_UNKNOWN, buttonState=0, metaState=0, flags=0x0, edgeFlags=0x0, pointerCount=1, historySize=0, eventTime=339052, downTime=339052, deviceId=0, source=0x1002 }
08-14 13:53:39.119  7227  7227 I Input   : injectMotionEvent: MotionEvent { action=ACTION_UP, actionButton=0, id[0]=0, x[0]=1144.0, y[0]=112.0, toolType[0]=TOOL_TYPE_UNKNOWN, buttonState=0, metaState=0, flags=0x0, edgeFlags=0x0, pointerCount=1, historySize=0, eventTime=339067, downTime=339067, deviceId=0, source=0x1002 }
08-14 13:53:39.120  7227  7227 D AndroidRuntime: Shutting down VM
08-14 13:53:40.216  5683  5699 E Surface : getSlotFromBufferLocked: unknown buffer: 0xe9a270c0
08-14 13:53:43.524  7562  7562 D AndroidRuntime: >>>>>> START com.android.internal.os.RuntimeInit uid 0 <<<<<<
08-14 13:53:43.525  7562  7562 D AndroidRuntime: CheckJNI is OFF
08-14 13:53:43.536  7562  7562 D ICU     : No timezone override file found: /data/misc/zoneinfo/current/icu/icu_tzdata.dat
08-14 13:53:43.549  7562  7562 E memtrack: Couldn't load memtrack module (No such file or directory)
08-14 13:53:43.549  7562  7562 E android.os.Debug: failed to load memtrack module: -2
08-14 13:53:43.550  7562  7562 I Radio-JNI: register_android_hardware_Radio DONE
08-14 13:53:43.556  7562  7562 D AndroidRuntime: Calling main entry com.android.commands.uiautomator.Launcher
08-14 13:53:43.564  5683  5683 D leak-1815: Eastern Standard Time
08-14 13:53:43.564  5683  5683 D leak-1816: Eastern Standard Time
08-14 13:53:43.564  5683  5683 D leak-1815: Eastern Standard Time
08-14 13:53:43.564  5683  5683 D leak-1816: Eastern Standard Time
08-14 13:53:43.564  5683  5683 D leak-1815: Eastern Standard Time
08-14 13:53:43.564  5683  5683 D leak-1816: Eastern Standard Time
08-14 13:53:43.564  5683  5683 D leak-1815: Eastern Standard Time
08-14 13:53:43.564  5683  5683 D leak-1816: Eastern Standard Time
08-14 13:53:43.564  5683  5683 D leak-771: Eastern Standard Time
08-14 13:53:44.569  5683  5683 D leak-1815: Eastern Standard Time
08-14 13:53:44.569  5683  5683 D leak-1816: Eastern Standard Time
08-14 13:53:44.569  5683  5683 D leak-1815: Eastern Standard Time
08-14 13:53:44.569  5683  5683 D leak-1816: Eastern Standard Time
08-14 13:53:44.574  7562  7562 W AccessibilityNodeInfoDumper: Fetch time: 1ms
08-14 13:53:44.575   594  1071 W WindowManager: Attempted to remove non-existing token: android.os.Binder@12bc572
08-14 13:53:44.583  7562  7562 D AndroidRuntime: Shutting down VM
08-14 13:53:44.595   594  1738 D NetlinkSocketObserver: NeighborEvent{elapsedMs=344544, 10.0.3.2, [525400123502], RTM_NEWNEIGH, NUD_STALE}
08-14 13:53:45.560  7585  7585 D AndroidRuntime: >>>>>> START com.android.internal.os.RuntimeInit uid 0 <<<<<<
08-14 13:53:45.561  7585  7585 D AndroidRuntime: CheckJNI is OFF
08-14 13:53:45.569  7585  7585 D ICU     : No timezone override file found: /data/misc/zoneinfo/current/icu/icu_tzdata.dat
08-14 13:53:45.583  7585  7585 E memtrack: Couldn't load memtrack module (No such file or directory)
08-14 13:53:45.583  7585  7585 E android.os.Debug: failed to load memtrack module: -2
08-14 13:53:45.584  7585  7585 I Radio-JNI: register_android_hardware_Radio DONE
08-14 13:53:45.590  7585  7585 D AndroidRuntime: Calling main entry com.android.commands.uiautomator.Launcher
08-14 13:53:45.600  5683  5683 D leak-1815: Eastern Standard Time
08-14 13:53:45.600  5683  5683 D leak-1816: Eastern Standard Time
08-14 13:53:45.600  5683  5683 D leak-1815: Eastern Standard Time
08-14 13:53:45.600  5683  5683 D leak-1816: Eastern Standard Time
08-14 13:53:45.600  5683  5683 D leak-1815: Eastern Standard Time
08-14 13:53:45.600  5683  5683 D leak-1816: Eastern Standard Time
08-14 13:53:45.600  5683  5683 D leak-1815: Eastern Standard Time
08-14 13:53:45.600  5683  5683 D leak-1816: Eastern Standard Time
08-14 13:53:45.600  5683  5683 D leak-771: Eastern Standard Time
08-14 13:53:46.603  5683  5683 D leak-1815: Eastern Standard Time
08-14 13:53:46.603  5683  5683 D leak-1816: Eastern Standard Time
08-14 13:53:46.603  5683  5683 D leak-1815: Eastern Standard Time
08-14 13:53:46.603  5683  5683 D leak-1816: Eastern Standard Time
08-14 13:53:46.608  7585  7585 W AccessibilityNodeInfoDumper: Fetch time: 2ms
08-14 13:53:46.608   594  1071 W WindowManager: Attempted to remove non-existing token: android.os.Binder@df7fdc3
08-14 13:53:46.614  7585  7585 D AndroidRuntime: Shutting down VM
08-14 13:53:47.044  7602  7602 D AndroidRuntime: >>>>>> START com.android.internal.os.RuntimeInit uid 0 <<<<<<
08-14 13:53:47.045  7602  7602 D AndroidRuntime: CheckJNI is OFF
08-14 13:53:47.054  7602  7602 D ICU     : No timezone override file found: /data/misc/zoneinfo/current/icu/icu_tzdata.dat
08-14 13:53:47.066  7602  7602 E memtrack: Couldn't load memtrack module (No such file or directory)
08-14 13:53:47.066  7602  7602 E android.os.Debug: failed to load memtrack module: -2
08-14 13:53:47.067  7602  7602 I Radio-JNI: register_android_hardware_Radio DONE
08-14 13:53:47.074  7602  7602 D AndroidRuntime: Calling main entry com.android.commands.uiautomator.Launcher
08-14 13:53:47.082  5683  5683 D leak-1815: Eastern Standard Time
08-14 13:53:47.082  5683  5683 D leak-1816: Eastern Standard Time
08-14 13:53:47.082  5683  5683 D leak-1815: Eastern Standard Time
08-14 13:53:47.082  5683  5683 D leak-1816: Eastern Standard Time
08-14 13:53:47.082  5683  5683 D leak-1815: Eastern Standard Time
08-14 13:53:47.083  5683  5683 D leak-1816: Eastern Standard Time
08-14 13:53:47.083  5683  5683 D leak-1815: Eastern Standard Time
08-14 13:53:47.083  5683  5683 D leak-1816: Eastern Standard Time
08-14 13:53:47.083  5683  5683 D leak-771: Eastern Standard Time
08-14 13:53:48.084  5683  5683 D leak-1815: Eastern Standard Time
08-14 13:53:48.084  5683  5683 D leak-1816: Eastern Standard Time
08-14 13:53:48.084  5683  5683 D leak-1815: Eastern Standard Time
08-14 13:53:48.084  5683  5683 D leak-1816: Eastern Standard Time
08-14 13:53:48.090  7602  7602 W AccessibilityNodeInfoDumper: Fetch time: 2ms
08-14 13:53:48.090   594   613 W WindowManager: Attempted to remove non-existing token: android.os.Binder@9baa640
08-14 13:53:48.100  7602  7602 D AndroidRuntime: Shutting down VM
08-14 13:53:49.081  7625  7625 D AndroidRuntime: >>>>>> START com.android.internal.os.RuntimeInit uid 0 <<<<<<
08-14 13:53:49.083  7625  7625 D AndroidRuntime: CheckJNI is OFF
08-14 13:53:49.091  7625  7625 D ICU     : No timezone override file found: /data/misc/zoneinfo/current/icu/icu_tzdata.dat
08-14 13:53:49.103  7625  7625 E memtrack: Couldn't load memtrack module (No such file or directory)
08-14 13:53:49.103  7625  7625 E android.os.Debug: failed to load memtrack module: -2
08-14 13:53:49.104  7625  7625 I Radio-JNI: register_android_hardware_Radio DONE
08-14 13:53:49.111  7625  7625 D AndroidRuntime: Calling main entry com.android.commands.uiautomator.Launcher
08-14 13:53:49.120  5683  5683 D leak-1815: Eastern Standard Time
08-14 13:53:49.120  5683  5683 D leak-1816: Eastern Standard Time
08-14 13:53:49.120  5683  5683 D leak-1815: Eastern Standard Time
08-14 13:53:49.120  5683  5683 D leak-1816: Eastern Standard Time
08-14 13:53:49.120  5683  5683 D leak-1815: Eastern Standard Time
08-14 13:53:49.120  5683  5683 D leak-1816: Eastern Standard Time
08-14 13:53:49.120  5683  5683 D leak-1815: Eastern Standard Time
08-14 13:53:49.120  5683  5683 D leak-1816: Eastern Standard Time
08-14 13:53:49.120  5683  5683 D leak-771: Eastern Standard Time
08-14 13:53:50.121  5683  5683 D leak-1815: Eastern Standard Time
08-14 13:53:50.121  5683  5683 D leak-1816: Eastern Standard Time
08-14 13:53:50.121  5683  5683 D leak-1815: Eastern Standard Time
08-14 13:53:50.121  5683  5683 D leak-1816: Eastern Standard Time
08-14 13:53:50.126  7625  7625 W AccessibilityNodeInfoDumper: Fetch time: 1ms
08-14 13:53:50.126   594   746 W WindowManager: Attempted to remove non-existing token: android.os.Binder@8a07979
08-14 13:53:50.134  7625  7625 D AndroidRuntime: Shutting down VM
08-14 13:53:51.171  7652  7652 D AndroidRuntime: >>>>>> START com.android.internal.os.RuntimeInit uid 0 <<<<<<
08-14 13:53:51.172  7652  7652 D AndroidRuntime: CheckJNI is OFF
08-14 13:53:51.181  7652  7652 D ICU     : No timezone override file found: /data/misc/zoneinfo/current/icu/icu_tzdata.dat
08-14 13:53:51.193  7652  7652 E memtrack: Couldn't load memtrack module (No such file or directory)
08-14 13:53:51.194  7652  7652 E android.os.Debug: failed to load memtrack module: -2
08-14 13:53:51.194  7652  7652 I Radio-JNI: register_android_hardware_Radio DONE
08-14 13:53:51.200  7652  7652 D AndroidRuntime: Calling main entry com.android.commands.uiautomator.Launcher
08-14 13:53:51.209  5683  5683 D leak-1815: Eastern Standard Time
08-14 13:53:51.209  5683  5683 D leak-1816: Eastern Standard Time
08-14 13:53:51.209  5683  5683 D leak-1815: Eastern Standard Time
08-14 13:53:51.209  5683  5683 D leak-1816: Eastern Standard Time
08-14 13:53:51.209  5683  5683 D leak-1815: Eastern Standard Time
08-14 13:53:51.209  5683  5683 D leak-1816: Eastern Standard Time
08-14 13:53:51.209  5683  5683 D leak-1815: Eastern Standard Time
08-14 13:53:51.209  5683  5683 D leak-1816: Eastern Standard Time
08-14 13:53:51.209  5683  5683 D leak-771: Eastern Standard Time
08-14 13:53:52.213  5683  5683 D leak-1815: Eastern Standard Time
08-14 13:53:52.213  5683  5683 D leak-1816: Eastern Standard Time
08-14 13:53:52.213  5683  5683 D leak-1815: Eastern Standard Time
08-14 13:53:52.213  5683  5683 D leak-1816: Eastern Standard Time
08-14 13:53:52.217  7652  7652 W AccessibilityNodeInfoDumper: Fetch time: 2ms
08-14 13:53:52.218   594  1018 W WindowManager: Attempted to remove non-existing token: android.os.Binder@decc6be
08-14 13:53:52.226  7652  7652 D AndroidRuntime: Shutting down VM
08-14 13:53:53.224  7677  7677 D AndroidRuntime: >>>>>> START com.android.internal.os.RuntimeInit uid 0 <<<<<<
08-14 13:53:53.226  7677  7677 D AndroidRuntime: CheckJNI is OFF
08-14 13:53:53.233  7677  7677 D ICU     : No timezone override file found: /data/misc/zoneinfo/current/icu/icu_tzdata.dat
08-14 13:53:53.246  7677  7677 E memtrack: Couldn't load memtrack module (No such file or directory)
08-14 13:53:53.246  7677  7677 E android.os.Debug: failed to load memtrack module: -2
08-14 13:53:53.247  7677  7677 I Radio-JNI: register_android_hardware_Radio DONE
08-14 13:53:53.252  7677  7677 D AndroidRuntime: Calling main entry com.android.commands.uiautomator.Launcher
08-14 13:53:53.259  5683  5683 D leak-1815: Eastern Standard Time
08-14 13:53:53.259  5683  5683 D leak-1816: Eastern Standard Time
08-14 13:53:53.259  5683  5683 D leak-1815: Eastern Standard Time
08-14 13:53:53.259  5683  5683 D leak-1816: Eastern Standard Time
08-14 13:53:53.259  5683  5683 D leak-1815: Eastern Standard Time
08-14 13:53:53.259  5683  5683 D leak-1816: Eastern Standard Time
08-14 13:53:53.259  5683  5683 D leak-1815: Eastern Standard Time
08-14 13:53:53.259  5683  5683 D leak-1816: Eastern Standard Time
08-14 13:53:53.259  5683  5683 D leak-771: Eastern Standard Time
08-14 13:53:54.263  5683  5683 D leak-1815: Eastern Standard Time
08-14 13:53:54.263  5683  5683 D leak-1816: Eastern Standard Time
08-14 13:53:54.263  5683  5683 D leak-1815: Eastern Standard Time
08-14 13:53:54.263  5683  5683 D leak-1816: Eastern Standard Time
08-14 13:53:54.268  7677  7677 W AccessibilityNodeInfoDumper: Fetch time: 1ms
08-14 13:53:54.268   594  1058 W WindowManager: Attempted to remove non-existing token: android.os.Binder@9c3e66c
08-14 13:53:54.276  7677  7677 D AndroidRuntime: Shutting down VM
08-14 13:53:54.687  7695  7695 D AndroidRuntime: >>>>>> START com.android.internal.os.RuntimeInit uid 0 <<<<<<
08-14 13:53:54.689  7695  7695 D AndroidRuntime: CheckJNI is OFF
08-14 13:53:54.698  7695  7695 D ICU     : No timezone override file found: /data/misc/zoneinfo/current/icu/icu_tzdata.dat
08-14 13:53:54.711  7695  7695 E memtrack: Couldn't load memtrack module (No such file or directory)
08-14 13:53:54.711  7695  7695 E android.os.Debug: failed to load memtrack module: -2
08-14 13:53:54.712  7695  7695 I Radio-JNI: register_android_hardware_Radio DONE
08-14 13:53:54.718  7695  7695 D AndroidRuntime: Calling main entry com.android.commands.uiautomator.Launcher
08-14 13:53:54.727  5683  5683 D leak-1815: Eastern Standard Time
08-14 13:53:54.727  5683  5683 D leak-1816: Eastern Standard Time
08-14 13:53:54.728  5683  5683 D leak-1815: Eastern Standard Time
08-14 13:53:54.728  5683  5683 D leak-1816: Eastern Standard Time
08-14 13:53:54.728  5683  5683 D leak-1815: Eastern Standard Time
08-14 13:53:54.728  5683  5683 D leak-1816: Eastern Standard Time
08-14 13:53:54.728  5683  5683 D leak-1815: Eastern Standard Time
08-14 13:53:54.728  5683  5683 D leak-1816: Eastern Standard Time
08-14 13:53:54.728  5683  5683 D leak-771: Eastern Standard Time
08-14 13:53:55.759  5683  5683 D leak-1815: Eastern Standard Time
08-14 13:53:55.759  5683  5683 D leak-1816: Eastern Standard Time
08-14 13:53:55.759  5683  5683 D leak-1815: Eastern Standard Time
08-14 13:53:55.759  5683  5683 D leak-1816: Eastern Standard Time
08-14 13:53:55.763  7695  7695 W AccessibilityNodeInfoDumper: Fetch time: 1ms
08-14 13:53:55.764   594  1071 W WindowManager: Attempted to remove non-existing token: android.os.Binder@c263435
08-14 13:53:55.770  7695  7695 D AndroidRuntime: Shutting down VM
08-14 13:53:56.775  7718  7718 D AndroidRuntime: >>>>>> START com.android.internal.os.RuntimeInit uid 0 <<<<<<
08-14 13:53:56.777  7718  7718 D AndroidRuntime: CheckJNI is OFF
08-14 13:53:56.786  7718  7718 D ICU     : No timezone override file found: /data/misc/zoneinfo/current/icu/icu_tzdata.dat
08-14 13:53:56.799  7718  7718 E memtrack: Couldn't load memtrack module (No such file or directory)
08-14 13:53:56.799  7718  7718 E android.os.Debug: failed to load memtrack module: -2
08-14 13:53:56.800  7718  7718 I Radio-JNI: register_android_hardware_Radio DONE
08-14 13:53:56.806  7718  7718 D AndroidRuntime: Calling main entry com.android.commands.uiautomator.Launcher
08-14 13:53:56.815  5683  5683 D leak-1815: Eastern Standard Time
08-14 13:53:56.815  5683  5683 D leak-1816: Eastern Standard Time
08-14 13:53:56.815  5683  5683 D leak-1815: Eastern Standard Time
08-14 13:53:56.815  5683  5683 D leak-1816: Eastern Standard Time
08-14 13:53:56.815  5683  5683 D leak-1815: Eastern Standard Time
08-14 13:53:56.815  5683  5683 D leak-1816: Eastern Standard Time
08-14 13:53:56.815  5683  5683 D leak-1815: Eastern Standard Time
08-14 13:53:56.815  5683  5683 D leak-1816: Eastern Standard Time
08-14 13:53:56.815  5683  5683 D leak-771: Eastern Standard Time
08-14 13:53:57.824  5683  5683 D leak-1815: Eastern Standard Time
08-14 13:53:57.824  5683  5683 D leak-1816: Eastern Standard Time
08-14 13:53:57.824  5683  5683 D leak-1815: Eastern Standard Time
08-14 13:53:57.824  5683  5683 D leak-1816: Eastern Standard Time
08-14 13:53:57.830  7718  7718 W AccessibilityNodeInfoDumper: Fetch time: 3ms
08-14 13:53:57.831   594  1058 W WindowManager: Attempted to remove non-existing token: android.os.Binder@62a90ca
08-14 13:53:57.841  7718  7718 D AndroidRuntime: Shutting down VM
08-14 13:53:58.279  7735  7735 D AndroidRuntime: >>>>>> START com.android.internal.os.RuntimeInit uid 0 <<<<<<
08-14 13:53:58.280  7735  7735 D AndroidRuntime: CheckJNI is OFF
08-14 13:53:58.288  7735  7735 D ICU     : No timezone override file found: /data/misc/zoneinfo/current/icu/icu_tzdata.dat
08-14 13:53:58.302  7735  7735 E memtrack: Couldn't load memtrack module (No such file or directory)
08-14 13:53:58.302  7735  7735 E android.os.Debug: failed to load memtrack module: -2
08-14 13:53:58.302  7735  7735 I Radio-JNI: register_android_hardware_Radio DONE
08-14 13:53:58.309  7735  7735 D AndroidRuntime: Calling main entry com.android.commands.uiautomator.Launcher
08-14 13:53:58.317  5683  5683 D leak-1815: Eastern Standard Time
08-14 13:53:58.317  5683  5683 D leak-1816: Eastern Standard Time
08-14 13:53:58.317  5683  5683 D leak-1815: Eastern Standard Time
08-14 13:53:58.317  5683  5683 D leak-1816: Eastern Standard Time
08-14 13:53:58.317  5683  5683 D leak-1815: Eastern Standard Time
08-14 13:53:58.317  5683  5683 D leak-1816: Eastern Standard Time
08-14 13:53:58.317  5683  5683 D leak-1815: Eastern Standard Time
08-14 13:53:58.317  5683  5683 D leak-1816: Eastern Standard Time
08-14 13:53:58.317  5683  5683 D leak-771: Eastern Standard Time
08-14 13:53:59.318  5683  5683 D leak-1815: Eastern Standard Time
08-14 13:53:59.318  5683  5683 D leak-1816: Eastern Standard Time
08-14 13:53:59.318  5683  5683 D leak-1815: Eastern Standard Time
08-14 13:53:59.318  5683  5683 D leak-1816: Eastern Standard Time
08-14 13:53:59.325  7735  7735 W AccessibilityNodeInfoDumper: Fetch time: 3ms
08-14 13:53:59.325   594   613 W WindowManager: Attempted to remove non-existing token: android.os.Binder@e79623b
08-14 13:53:59.332  7735  7735 D AndroidRuntime: Shutting down VM
08-14 13:54:00.362  7758  7758 D AndroidRuntime: >>>>>> START com.android.internal.os.RuntimeInit uid 0 <<<<<<
08-14 13:54:00.363  7758  7758 D AndroidRuntime: CheckJNI is OFF
08-14 13:54:00.371  7758  7758 D ICU     : No timezone override file found: /data/misc/zoneinfo/current/icu/icu_tzdata.dat
08-14 13:54:00.383  7758  7758 E memtrack: Couldn't load memtrack module (No such file or directory)
08-14 13:54:00.383  7758  7758 E android.os.Debug: failed to load memtrack module: -2
08-14 13:54:00.383  7758  7758 I Radio-JNI: register_android_hardware_Radio DONE
08-14 13:54:00.389  7758  7758 D AndroidRuntime: Calling main entry com.android.commands.uiautomator.Launcher
08-14 13:54:00.399  5683  5683 D leak-1815: Eastern Standard Time
08-14 13:54:00.399  5683  5683 D leak-1816: Eastern Standard Time
08-14 13:54:00.399  5683  5683 D leak-1815: Eastern Standard Time
08-14 13:54:00.399  5683  5683 D leak-1816: Eastern Standard Time
08-14 13:54:00.399  5683  5683 D leak-1815: Eastern Standard Time
08-14 13:54:00.399  5683  5683 D leak-1816: Eastern Standard Time
08-14 13:54:00.399  5683  5683 D leak-1815: Eastern Standard Time
08-14 13:54:00.399  5683  5683 D leak-1816: Eastern Standard Time
08-14 13:54:00.399  5683  5683 D leak-771: Eastern Standard Time
08-14 13:54:01.400  5683  5683 D leak-1815: Eastern Standard Time
08-14 13:54:01.400  5683  5683 D leak-1816: Eastern Standard Time
08-14 13:54:01.400  5683  5683 D leak-1815: Eastern Standard Time
08-14 13:54:01.400  5683  5683 D leak-1816: Eastern Standard Time
08-14 13:54:01.405  7758  7758 W AccessibilityNodeInfoDumper: Fetch time: 1ms
08-14 13:54:01.405   594  1071 W WindowManager: Attempted to remove non-existing token: android.os.Binder@a3efd58
08-14 13:54:01.411  7758  7758 D AndroidRuntime: Shutting down VM
08-14 13:54:01.845  7775  7775 D AndroidRuntime: >>>>>> START com.android.internal.os.RuntimeInit uid 0 <<<<<<
08-14 13:54:01.846  7775  7775 D AndroidRuntime: CheckJNI is OFF
08-14 13:54:01.854  7775  7775 D ICU     : No timezone override file found: /data/misc/zoneinfo/current/icu/icu_tzdata.dat
08-14 13:54:01.867  7775  7775 E memtrack: Couldn't load memtrack module (No such file or directory)
08-14 13:54:01.867  7775  7775 E android.os.Debug: failed to load memtrack module: -2
08-14 13:54:01.868  7775  7775 I Radio-JNI: register_android_hardware_Radio DONE
08-14 13:54:01.873  7775  7775 D AndroidRuntime: Calling main entry com.android.commands.uiautomator.Launcher
08-14 13:54:01.885  5683  5683 D leak-1815: Eastern Standard Time
08-14 13:54:01.885  5683  5683 D leak-1816: Eastern Standard Time
08-14 13:54:01.885  5683  5683 D leak-1815: Eastern Standard Time
08-14 13:54:01.885  5683  5683 D leak-1816: Eastern Standard Time
08-14 13:54:01.885  5683  5683 D leak-1815: Eastern Standard Time
08-14 13:54:01.885  5683  5683 D leak-1816: Eastern Standard Time
08-14 13:54:01.885  5683  5683 D leak-1815: Eastern Standard Time
08-14 13:54:01.885  5683  5683 D leak-1816: Eastern Standard Time
08-14 13:54:01.885  5683  5683 D leak-771: Eastern Standard Time
08-14 13:54:02.887  5683  5683 D leak-1815: Eastern Standard Time
08-14 13:54:02.887  5683  5683 D leak-1816: Eastern Standard Time
08-14 13:54:02.887  5683  5683 D leak-1815: Eastern Standard Time
08-14 13:54:02.887  5683  5683 D leak-1816: Eastern Standard Time
08-14 13:54:02.892  7775  7775 W AccessibilityNodeInfoDumper: Fetch time: 2ms
08-14 13:54:02.892   594   746 W WindowManager: Attempted to remove non-existing token: android.os.Binder@812deb1
08-14 13:54:02.900  7775  7775 D AndroidRuntime: Shutting down VM
08-14 13:54:03.953  7800  7800 D AndroidRuntime: >>>>>> START com.android.internal.os.RuntimeInit uid 0 <<<<<<
08-14 13:54:03.955  7800  7800 D AndroidRuntime: CheckJNI is OFF
08-14 13:54:03.965  7800  7800 D ICU     : No timezone override file found: /data/misc/zoneinfo/current/icu/icu_tzdata.dat
08-14 13:54:03.976  7800  7800 E memtrack: Couldn't load memtrack module (No such file or directory)
08-14 13:54:03.976  7800  7800 E android.os.Debug: failed to load memtrack module: -2
08-14 13:54:03.976  7800  7800 I Radio-JNI: register_android_hardware_Radio DONE
08-14 13:54:03.982  7800  7800 D AndroidRuntime: Calling main entry com.android.commands.uiautomator.Launcher
08-14 13:54:03.994  5683  5683 D leak-1815: Eastern Standard Time
08-14 13:54:03.994  5683  5683 D leak-1816: Eastern Standard Time
08-14 13:54:03.994  5683  5683 D leak-1815: Eastern Standard Time
08-14 13:54:03.994  5683  5683 D leak-1816: Eastern Standard Time
08-14 13:54:03.994  5683  5683 D leak-1815: Eastern Standard Time
08-14 13:54:03.994  5683  5683 D leak-1816: Eastern Standard Time
08-14 13:54:03.994  5683  5683 D leak-1815: Eastern Standard Time
08-14 13:54:03.994  5683  5683 D leak-1816: Eastern Standard Time
08-14 13:54:03.994  5683  5683 D leak-771: Eastern Standard Time
08-14 13:54:04.995  5683  5683 D leak-1815: Eastern Standard Time
08-14 13:54:04.995  5683  5683 D leak-1816: Eastern Standard Time
08-14 13:54:04.995  5683  5683 D leak-1815: Eastern Standard Time
08-14 13:54:04.995  5683  5683 D leak-1816: Eastern Standard Time
08-14 13:54:05.000  7800  7800 W AccessibilityNodeInfoDumper: Fetch time: 2ms
08-14 13:54:05.001   594   735 W WindowManager: Attempted to remove non-existing token: android.os.Binder@b91e717
08-14 13:54:05.008  7800  7800 D AndroidRuntime: Shutting down VM
08-14 13:54:05.420  7817  7817 D AndroidRuntime: >>>>>> START com.android.internal.os.RuntimeInit uid 0 <<<<<<
08-14 13:54:05.421  7817  7817 D AndroidRuntime: CheckJNI is OFF
08-14 13:54:05.430  7817  7817 D ICU     : No timezone override file found: /data/misc/zoneinfo/current/icu/icu_tzdata.dat
08-14 13:54:05.441  7817  7817 E memtrack: Couldn't load memtrack module (No such file or directory)
08-14 13:54:05.441  7817  7817 E android.os.Debug: failed to load memtrack module: -2
08-14 13:54:05.442  7817  7817 I Radio-JNI: register_android_hardware_Radio DONE
08-14 13:54:05.447  7817  7817 D AndroidRuntime: Calling main entry com.android.commands.uiautomator.Launcher
08-14 13:54:05.454  5683  5683 D leak-1815: Eastern Standard Time
08-14 13:54:05.454  5683  5683 D leak-1816: Eastern Standard Time
08-14 13:54:05.454  5683  5683 D leak-1815: Eastern Standard Time
08-14 13:54:05.454  5683  5683 D leak-1816: Eastern Standard Time
08-14 13:54:05.454  5683  5683 D leak-1815: Eastern Standard Time
08-14 13:54:05.454  5683  5683 D leak-1816: Eastern Standard Time
08-14 13:54:05.454  5683  5683 D leak-1815: Eastern Standard Time
08-14 13:54:05.454  5683  5683 D leak-1816: Eastern Standard Time
08-14 13:54:05.454  5683  5683 D leak-771: Eastern Standard Time
08-14 13:54:06.457  5683  5683 D leak-1815: Eastern Standard Time
08-14 13:54:06.457  5683  5683 D leak-1816: Eastern Standard Time
08-14 13:54:06.457  5683  5683 D leak-1815: Eastern Standard Time
08-14 13:54:06.457  5683  5683 D leak-1816: Eastern Standard Time
08-14 13:54:06.461  7817  7817 W AccessibilityNodeInfoDumper: Fetch time: 1ms
08-14 13:54:06.461   594   613 W WindowManager: Attempted to remove non-existing token: android.os.Binder@4529704
08-14 13:54:06.469  7817  7817 D AndroidRuntime: Shutting down VM
08-14 13:54:06.872  7830  7830 D AndroidRuntime: >>>>>> START com.android.internal.os.RuntimeInit uid 0 <<<<<<
08-14 13:54:06.873  7830  7830 D AndroidRuntime: CheckJNI is OFF
08-14 13:54:06.884  7830  7830 D ICU     : No timezone override file found: /data/misc/zoneinfo/current/icu/icu_tzdata.dat
08-14 13:54:06.896  7830  7830 E memtrack: Couldn't load memtrack module (No such file or directory)
08-14 13:54:06.896  7830  7830 E android.os.Debug: failed to load memtrack module: -2
08-14 13:54:06.897  7830  7830 I Radio-JNI: register_android_hardware_Radio DONE
08-14 13:54:06.903  7830  7830 D AndroidRuntime: Calling main entry com.android.commands.input.Input
08-14 13:54:06.904  7830  7830 I Input   : injectMotionEvent: MotionEvent { action=ACTION_DOWN, actionButton=0, id[0]=0, x[0]=600.0, y[0]=1776.0, toolType[0]=TOOL_TYPE_UNKNOWN, buttonState=0, metaState=0, flags=0x0, edgeFlags=0x0, pointerCount=1, historySize=0, eventTime=366852, downTime=366852, deviceId=0, source=0x1002 }
08-14 13:54:06.906  7830  7830 I Input   : injectMotionEvent: MotionEvent { action=ACTION_UP, actionButton=0, id[0]=0, x[0]=600.0, y[0]=1776.0, toolType[0]=TOOL_TYPE_UNKNOWN, buttonState=0, metaState=0, flags=0x0, edgeFlags=0x0, pointerCount=1, historySize=0, eventTime=366852, downTime=366852, deviceId=0, source=0x1002 }
08-14 13:54:06.907  7830  7830 D AndroidRuntime: Shutting down VM
08-14 13:54:11.280  8164  8164 D AndroidRuntime: >>>>>> START com.android.internal.os.RuntimeInit uid 0 <<<<<<
08-14 13:54:11.281  8164  8164 D AndroidRuntime: CheckJNI is OFF
08-14 13:54:11.291  8164  8164 D ICU     : No timezone override file found: /data/misc/zoneinfo/current/icu/icu_tzdata.dat
08-14 13:54:11.307  8164  8164 E memtrack: Couldn't load memtrack module (No such file or directory)
08-14 13:54:11.307  8164  8164 E android.os.Debug: failed to load memtrack module: -2
08-14 13:54:11.309  8164  8164 I Radio-JNI: register_android_hardware_Radio DONE
08-14 13:54:11.315  8164  8164 D AndroidRuntime: Calling main entry com.android.commands.uiautomator.Launcher
08-14 13:54:11.325  5683  5683 D leak-1815: Eastern Standard Time
08-14 13:54:11.325  5683  5683 D leak-1816: Eastern Standard Time
08-14 13:54:11.325  5683  5683 D leak-1815: Eastern Standard Time
08-14 13:54:11.325  5683  5683 D leak-1816: Eastern Standard Time
08-14 13:54:11.325  5683  5683 D leak-1815: Eastern Standard Time
08-14 13:54:11.325  5683  5683 D leak-1816: Eastern Standard Time
08-14 13:54:11.325  5683  5683 D leak-1815: Eastern Standard Time
08-14 13:54:11.325  5683  5683 D leak-1816: Eastern Standard Time
08-14 13:54:11.325  5683  5683 D leak-771: Eastern Standard Time
08-14 13:54:12.330  5683  5683 D leak-1815: Eastern Standard Time
08-14 13:54:12.330  5683  5683 D leak-1816: Eastern Standard Time
08-14 13:54:12.330  5683  5683 D leak-1815: Eastern Standard Time
08-14 13:54:12.330  5683  5683 D leak-1816: Eastern Standard Time
08-14 13:54:12.336  8164  8164 W AccessibilityNodeInfoDumper: Fetch time: 2ms
08-14 13:54:12.336   594   746 W WindowManager: Attempted to remove non-existing token: android.os.Binder@245b4ed
08-14 13:54:12.344  8164  8164 D AndroidRuntime: Shutting down VM
08-14 13:54:13.331  8188  8188 D AndroidRuntime: >>>>>> START com.android.internal.os.RuntimeInit uid 0 <<<<<<
08-14 13:54:13.332  8188  8188 D AndroidRuntime: CheckJNI is OFF
08-14 13:54:13.340  8188  8188 D ICU     : No timezone override file found: /data/misc/zoneinfo/current/icu/icu_tzdata.dat
08-14 13:54:13.353  8188  8188 E memtrack: Couldn't load memtrack module (No such file or directory)
08-14 13:54:13.353  8188  8188 E android.os.Debug: failed to load memtrack module: -2
08-14 13:54:13.354  8188  8188 I Radio-JNI: register_android_hardware_Radio DONE
08-14 13:54:13.360  8188  8188 D AndroidRuntime: Calling main entry com.android.commands.uiautomator.Launcher
08-14 13:54:13.369  5683  5683 D leak-1815: Eastern Standard Time
08-14 13:54:13.369  5683  5683 D leak-1816: Eastern Standard Time
08-14 13:54:13.369  5683  5683 D leak-1815: Eastern Standard Time
08-14 13:54:13.369  5683  5683 D leak-1816: Eastern Standard Time
08-14 13:54:13.369  5683  5683 D leak-1815: Eastern Standard Time
08-14 13:54:13.369  5683  5683 D leak-1816: Eastern Standard Time
08-14 13:54:13.369  5683  5683 D leak-1815: Eastern Standard Time
08-14 13:54:13.369  5683  5683 D leak-1816: Eastern Standard Time
08-14 13:54:13.369  5683  5683 D leak-771: Eastern Standard Time
08-14 13:54:14.371  5683  5683 D leak-1815: Eastern Standard Time
08-14 13:54:14.371  5683  5683 D leak-1816: Eastern Standard Time
08-14 13:54:14.371  5683  5683 D leak-1815: Eastern Standard Time
08-14 13:54:14.371  5683  5683 D leak-1816: Eastern Standard Time
08-14 13:54:14.377  8188  8188 W AccessibilityNodeInfoDumper: Fetch time: 2ms
08-14 13:54:14.377   594   613 W WindowManager: Attempted to remove non-existing token: android.os.Binder@11c6f22
08-14 13:54:14.385  8188  8188 D AndroidRuntime: Shutting down VM
08-14 13:54:14.800  8205  8205 D AndroidRuntime: >>>>>> START com.android.internal.os.RuntimeInit uid 0 <<<<<<
08-14 13:54:14.801  8205  8205 D AndroidRuntime: CheckJNI is OFF
08-14 13:54:14.809  8205  8205 D ICU     : No timezone override file found: /data/misc/zoneinfo/current/icu/icu_tzdata.dat
08-14 13:54:14.820  8205  8205 E memtrack: Couldn't load memtrack module (No such file or directory)
08-14 13:54:14.820  8205  8205 E android.os.Debug: failed to load memtrack module: -2
08-14 13:54:14.821  8205  8205 I Radio-JNI: register_android_hardware_Radio DONE
08-14 13:54:14.826  8205  8205 D AndroidRuntime: Calling main entry com.android.commands.uiautomator.Launcher
08-14 13:54:14.835  5683  5683 D leak-1815: Eastern Standard Time
08-14 13:54:14.835  5683  5683 D leak-1816: Eastern Standard Time
08-14 13:54:14.835  5683  5683 D leak-1815: Eastern Standard Time
08-14 13:54:14.835  5683  5683 D leak-1816: Eastern Standard Time
08-14 13:54:14.835  5683  5683 D leak-1815: Eastern Standard Time
08-14 13:54:14.835  5683  5683 D leak-1816: Eastern Standard Time
08-14 13:54:14.835  5683  5683 D leak-1815: Eastern Standard Time
08-14 13:54:14.835  5683  5683 D leak-1816: Eastern Standard Time
08-14 13:54:14.835  5683  5683 D leak-771: Eastern Standard Time
08-14 13:54:15.837  5683  5683 D leak-1815: Eastern Standard Time
08-14 13:54:15.837  5683  5683 D leak-1816: Eastern Standard Time
08-14 13:54:15.837  5683  5683 D leak-1815: Eastern Standard Time
08-14 13:54:15.837  5683  5683 D leak-1816: Eastern Standard Time
08-14 13:54:15.843  8205  8205 W AccessibilityNodeInfoDumper: Fetch time: 2ms
08-14 13:54:15.844   594   735 W WindowManager: Attempted to remove non-existing token: android.os.Binder@943ddb3
08-14 13:54:15.850  8205  8205 D AndroidRuntime: Shutting down VM
08-14 13:54:16.845  8228  8228 D AndroidRuntime: >>>>>> START com.android.internal.os.RuntimeInit uid 0 <<<<<<
08-14 13:54:16.846  8228  8228 D AndroidRuntime: CheckJNI is OFF
08-14 13:54:16.854  8228  8228 D ICU     : No timezone override file found: /data/misc/zoneinfo/current/icu/icu_tzdata.dat
08-14 13:54:16.866  8228  8228 E memtrack: Couldn't load memtrack module (No such file or directory)
08-14 13:54:16.866  8228  8228 E android.os.Debug: failed to load memtrack module: -2
08-14 13:54:16.867  8228  8228 I Radio-JNI: register_android_hardware_Radio DONE
08-14 13:54:16.873  8228  8228 D AndroidRuntime: Calling main entry com.android.commands.uiautomator.Launcher
08-14 13:54:16.884  5683  5683 D leak-1815: Eastern Standard Time
08-14 13:54:16.884  5683  5683 D leak-1816: Eastern Standard Time
08-14 13:54:16.884  5683  5683 D leak-1815: Eastern Standard Time
08-14 13:54:16.884  5683  5683 D leak-1816: Eastern Standard Time
08-14 13:54:16.884  5683  5683 D leak-1815: Eastern Standard Time
08-14 13:54:16.884  5683  5683 D leak-1816: Eastern Standard Time
08-14 13:54:16.884  5683  5683 D leak-1815: Eastern Standard Time
08-14 13:54:16.884  5683  5683 D leak-1816: Eastern Standard Time
08-14 13:54:16.884  5683  5683 D leak-771: Eastern Standard Time
08-14 13:54:17.887  5683  5683 D leak-1815: Eastern Standard Time
08-14 13:54:17.887  5683  5683 D leak-1816: Eastern Standard Time
08-14 13:54:17.887  5683  5683 D leak-1815: Eastern Standard Time
08-14 13:54:17.887  5683  5683 D leak-1816: Eastern Standard Time
08-14 13:54:17.891  8228  8228 W AccessibilityNodeInfoDumper: Fetch time: 2ms
08-14 13:54:17.892   594   613 W WindowManager: Attempted to remove non-existing token: android.os.Binder@ae41f70
08-14 13:54:17.899  8228  8228 D AndroidRuntime: Shutting down VM
08-14 13:54:18.921  8255  8255 D AndroidRuntime: >>>>>> START com.android.internal.os.RuntimeInit uid 0 <<<<<<
08-14 13:54:18.922  8255  8255 D AndroidRuntime: CheckJNI is OFF
08-14 13:54:18.930  8255  8255 D ICU     : No timezone override file found: /data/misc/zoneinfo/current/icu/icu_tzdata.dat
08-14 13:54:18.942  8255  8255 E memtrack: Couldn't load memtrack module (No such file or directory)
08-14 13:54:18.942  8255  8255 E android.os.Debug: failed to load memtrack module: -2
08-14 13:54:18.942  8255  8255 I Radio-JNI: register_android_hardware_Radio DONE
08-14 13:54:18.949  8255  8255 D AndroidRuntime: Calling main entry com.android.commands.uiautomator.Launcher
08-14 13:54:18.958  5683  5683 D leak-1815: Eastern Standard Time
08-14 13:54:18.958  5683  5683 D leak-1816: Eastern Standard Time
08-14 13:54:18.958  5683  5683 D leak-1815: Eastern Standard Time
08-14 13:54:18.958  5683  5683 D leak-1816: Eastern Standard Time
08-14 13:54:18.958  5683  5683 D leak-1815: Eastern Standard Time
08-14 13:54:18.958  5683  5683 D leak-1816: Eastern Standard Time
08-14 13:54:18.958  5683  5683 D leak-1815: Eastern Standard Time
08-14 13:54:18.958  5683  5683 D leak-1816: Eastern Standard Time
08-14 13:54:18.958  5683  5683 D leak-771: Eastern Standard Time
08-14 13:54:19.962  5683  5683 D leak-1815: Eastern Standard Time
08-14 13:54:19.962  5683  5683 D leak-1816: Eastern Standard Time
08-14 13:54:19.962  5683  5683 D leak-1815: Eastern Standard Time
08-14 13:54:19.962  5683  5683 D leak-1816: Eastern Standard Time
08-14 13:54:19.967  8255  8255 W AccessibilityNodeInfoDumper: Fetch time: 2ms
08-14 13:54:19.968   594  1018 W WindowManager: Attempted to remove non-existing token: android.os.Binder@555b2e9
08-14 13:54:19.975  8255  8255 D AndroidRuntime: Shutting down VM
08-14 13:54:20.981  8280  8280 D AndroidRuntime: >>>>>> START com.android.internal.os.RuntimeInit uid 0 <<<<<<
08-14 13:54:20.982  8280  8280 D AndroidRuntime: CheckJNI is OFF
08-14 13:54:20.990  8280  8280 D ICU     : No timezone override file found: /data/misc/zoneinfo/current/icu/icu_tzdata.dat
08-14 13:54:21.001  8280  8280 E memtrack: Couldn't load memtrack module (No such file or directory)
08-14 13:54:21.001  8280  8280 E android.os.Debug: failed to load memtrack module: -2
08-14 13:54:21.001  8280  8280 I Radio-JNI: register_android_hardware_Radio DONE
08-14 13:54:21.007  8280  8280 D AndroidRuntime: Calling main entry com.android.commands.uiautomator.Launcher
08-14 13:54:21.015  5683  5683 D leak-1815: Eastern Standard Time
08-14 13:54:21.015  5683  5683 D leak-1816: Eastern Standard Time
08-14 13:54:21.015  5683  5683 D leak-1815: Eastern Standard Time
08-14 13:54:21.015  5683  5683 D leak-1816: Eastern Standard Time
08-14 13:54:21.016  5683  5683 D leak-1815: Eastern Standard Time
08-14 13:54:21.016  5683  5683 D leak-1816: Eastern Standard Time
08-14 13:54:21.016  5683  5683 D leak-1815: Eastern Standard Time
08-14 13:54:21.016  5683  5683 D leak-1816: Eastern Standard Time
08-14 13:54:21.016  5683  5683 D leak-771: Eastern Standard Time
08-14 13:54:22.019  5683  5683 D leak-1815: Eastern Standard Time
08-14 13:54:22.019  5683  5683 D leak-1816: Eastern Standard Time
08-14 13:54:22.019  5683  5683 D leak-1815: Eastern Standard Time
08-14 13:54:22.019  5683  5683 D leak-1816: Eastern Standard Time
08-14 13:54:22.023  8280  8280 W AccessibilityNodeInfoDumper: Fetch time: 1ms
08-14 13:54:22.023   594  1018 W WindowManager: Attempted to remove non-existing token: android.os.Binder@b14a20f
08-14 13:54:22.030  8280  8280 D AndroidRuntime: Shutting down VM
08-14 13:54:22.440  8297  8297 D AndroidRuntime: >>>>>> START com.android.internal.os.RuntimeInit uid 0 <<<<<<
08-14 13:54:22.442  8297  8297 D AndroidRuntime: CheckJNI is OFF
08-14 13:54:22.449  8297  8297 D ICU     : No timezone override file found: /data/misc/zoneinfo/current/icu/icu_tzdata.dat
08-14 13:54:22.461  8297  8297 E memtrack: Couldn't load memtrack module (No such file or directory)
08-14 13:54:22.461  8297  8297 E android.os.Debug: failed to load memtrack module: -2
08-14 13:54:22.461  8297  8297 I Radio-JNI: register_android_hardware_Radio DONE
08-14 13:54:22.466  8297  8297 D AndroidRuntime: Calling main entry com.android.commands.uiautomator.Launcher
08-14 13:54:22.473  5683  5683 D leak-1815: Eastern Standard Time
08-14 13:54:22.473  5683  5683 D leak-1816: Eastern Standard Time
08-14 13:54:22.474  5683  5683 D leak-1815: Eastern Standard Time
08-14 13:54:22.474  5683  5683 D leak-1816: Eastern Standard Time
08-14 13:54:22.474  5683  5683 D leak-1815: Eastern Standard Time
08-14 13:54:22.474  5683  5683 D leak-1816: Eastern Standard Time
08-14 13:54:22.474  5683  5683 D leak-1815: Eastern Standard Time
08-14 13:54:22.474  5683  5683 D leak-1816: Eastern Standard Time
08-14 13:54:22.474  5683  5683 D leak-771: Eastern Standard Time
08-14 13:54:23.475  5683  5683 D leak-1815: Eastern Standard Time
08-14 13:54:23.475  5683  5683 D leak-1816: Eastern Standard Time
08-14 13:54:23.475  5683  5683 D leak-1815: Eastern Standard Time
08-14 13:54:23.475  5683  5683 D leak-1816: Eastern Standard Time
08-14 13:54:23.480  8297  8297 W AccessibilityNodeInfoDumper: Fetch time: 2ms
08-14 13:54:23.481   594  1018 W WindowManager: Attempted to remove non-existing token: android.os.Binder@7c3c29c
08-14 13:54:23.490  8297  8297 D AndroidRuntime: Shutting down VM
08-14 13:54:24.470  8320  8320 D AndroidRuntime: >>>>>> START com.android.internal.os.RuntimeInit uid 0 <<<<<<
08-14 13:54:24.471  8320  8320 D AndroidRuntime: CheckJNI is OFF
08-14 13:54:24.479  8320  8320 D ICU     : No timezone override file found: /data/misc/zoneinfo/current/icu/icu_tzdata.dat
08-14 13:54:24.491  8320  8320 E memtrack: Couldn't load memtrack module (No such file or directory)
08-14 13:54:24.491  8320  8320 E android.os.Debug: failed to load memtrack module: -2
08-14 13:54:24.491  8320  8320 I Radio-JNI: register_android_hardware_Radio DONE
08-14 13:54:24.497  8320  8320 D AndroidRuntime: Calling main entry com.android.commands.uiautomator.Launcher
08-14 13:54:24.507  5683  5683 D leak-1815: Eastern Standard Time
08-14 13:54:24.507  5683  5683 D leak-1816: Eastern Standard Time
08-14 13:54:24.507  5683  5683 D leak-1815: Eastern Standard Time
08-14 13:54:24.507  5683  5683 D leak-1816: Eastern Standard Time
08-14 13:54:24.507  5683  5683 D leak-1815: Eastern Standard Time
08-14 13:54:24.507  5683  5683 D leak-1816: Eastern Standard Time
08-14 13:54:24.507  5683  5683 D leak-1815: Eastern Standard Time
08-14 13:54:24.507  5683  5683 D leak-1816: Eastern Standard Time
08-14 13:54:24.507  5683  5683 D leak-771: Eastern Standard Time
08-14 13:54:25.509  5683  5683 D leak-1815: Eastern Standard Time
08-14 13:54:25.509  5683  5683 D leak-1816: Eastern Standard Time
08-14 13:54:25.509  5683  5683 D leak-1815: Eastern Standard Time
08-14 13:54:25.509  5683  5683 D leak-1816: Eastern Standard Time
08-14 13:54:25.514  8320  8320 W AccessibilityNodeInfoDumper: Fetch time: 2ms
08-14 13:54:25.515   594   613 W WindowManager: Attempted to remove non-existing token: android.os.Binder@44d94a5
08-14 13:54:25.524  8320  8320 D AndroidRuntime: Shutting down VM
08-14 13:54:25.934  8337  8337 D AndroidRuntime: >>>>>> START com.android.internal.os.RuntimeInit uid 0 <<<<<<
08-14 13:54:25.936  8337  8337 D AndroidRuntime: CheckJNI is OFF
08-14 13:54:25.945  8337  8337 D ICU     : No timezone override file found: /data/misc/zoneinfo/current/icu/icu_tzdata.dat
08-14 13:54:25.959  8337  8337 E memtrack: Couldn't load memtrack module (No such file or directory)
08-14 13:54:25.959  8337  8337 E android.os.Debug: failed to load memtrack module: -2
08-14 13:54:25.960  8337  8337 I Radio-JNI: register_android_hardware_Radio DONE
08-14 13:54:25.966  8337  8337 D AndroidRuntime: Calling main entry com.android.commands.uiautomator.Launcher
08-14 13:54:25.976  5683  5683 D leak-1815: Eastern Standard Time
08-14 13:54:25.976  5683  5683 D leak-1816: Eastern Standard Time
08-14 13:54:25.976  5683  5683 D leak-1815: Eastern Standard Time
08-14 13:54:25.976  5683  5683 D leak-1816: Eastern Standard Time
08-14 13:54:25.976  5683  5683 D leak-1815: Eastern Standard Time
08-14 13:54:25.976  5683  5683 D leak-1816: Eastern Standard Time
08-14 13:54:25.976  5683  5683 D leak-1815: Eastern Standard Time
08-14 13:54:25.976  5683  5683 D leak-1816: Eastern Standard Time
08-14 13:54:25.976  5683  5683 D leak-771: Eastern Standard Time
08-14 13:54:26.977  5683  5683 D leak-1815: Eastern Standard Time
08-14 13:54:26.977  5683  5683 D leak-1816: Eastern Standard Time
08-14 13:54:26.977  5683  5683 D leak-1815: Eastern Standard Time
08-14 13:54:26.977  5683  5683 D leak-1816: Eastern Standard Time
08-14 13:54:26.983  8337  8337 W AccessibilityNodeInfoDumper: Fetch time: 4ms
08-14 13:54:26.984   594  1071 W WindowManager: Attempted to remove non-existing token: android.os.Binder@4f0c07a
08-14 13:54:26.993  8337  8337 D AndroidRuntime: Shutting down VM
08-14 13:54:27.976  8360  8360 D AndroidRuntime: >>>>>> START com.android.internal.os.RuntimeInit uid 0 <<<<<<
08-14 13:54:27.978  8360  8360 D AndroidRuntime: CheckJNI is OFF
08-14 13:54:27.988  8360  8360 D ICU     : No timezone override file found: /data/misc/zoneinfo/current/icu/icu_tzdata.dat
08-14 13:54:28.000  8360  8360 E memtrack: Couldn't load memtrack module (No such file or directory)
08-14 13:54:28.000  8360  8360 E android.os.Debug: failed to load memtrack module: -2
08-14 13:54:28.001  8360  8360 I Radio-JNI: register_android_hardware_Radio DONE
08-14 13:54:28.006  8360  8360 D AndroidRuntime: Calling main entry com.android.commands.uiautomator.Launcher
08-14 13:54:28.015  5683  5683 D leak-1815: Eastern Standard Time
