08-14 13:54:42.899  8794  8794 D AndroidRuntime: Calling main entry com.android.commands.uiautomator.Launcher
08-14 13:54:42.909  5683  5683 D leak-1815: Eastern Standard Time
08-14 13:54:42.909  5683  5683 D leak-1816: Eastern Standard Time
08-14 13:54:42.909  5683  5683 D leak-1815: Eastern Standard Time
08-14 13:54:42.909  5683  5683 D leak-1816: Eastern Standard Time
08-14 13:54:42.909  5683  5683 D leak-1815: Eastern Standard Time
08-14 13:54:42.909  5683  5683 D leak-1816: Eastern Standard Time
08-14 13:54:42.909  5683  5683 D leak-1815: Eastern Standard Time
08-14 13:54:42.909  5683  5683 D leak-1816: Eastern Standard Time
08-14 13:54:42.909  5683  5683 D leak-771: Eastern Standard Time
08-14 13:54:43.912  5683  5683 D leak-1815: Eastern Standard Time
08-14 13:54:43.912  5683  5683 D leak-1816: Eastern Standard Time
08-14 13:54:43.912  5683  5683 D leak-1815: Eastern Standard Time
08-14 13:54:43.912  5683  5683 D leak-1816: Eastern Standard Time
08-14 13:54:43.917  8794  8794 W AccessibilityNodeInfoDumper: Fetch time: 2ms
08-14 13:54:43.917   594   613 W WindowManager: Attempted to remove non-existing token: android.os.Binder@94b0acc
08-14 13:54:43.925  8794  8794 D AndroidRuntime: Shutting down VM
08-14 13:54:44.324  8811  8811 D AndroidRuntime: >>>>>> START com.android.internal.os.RuntimeInit uid 0 <<<<<<
08-14 13:54:44.325  8811  8811 D AndroidRuntime: CheckJNI is OFF
08-14 13:54:44.332  8811  8811 D ICU     : No timezone override file found: /data/misc/zoneinfo/current/icu/icu_tzdata.dat
08-14 13:54:44.344  8811  8811 E memtrack: Couldn't load memtrack module (No such file or directory)
08-14 13:54:44.344  8811  8811 E android.os.Debug: failed to load memtrack module: -2
08-14 13:54:44.345  8811  8811 I Radio-JNI: register_android_hardware_Radio DONE
08-14 13:54:44.350  8811  8811 D AndroidRuntime: Calling main entry com.android.commands.uiautomator.Launcher
08-14 13:54:44.359  5683  5683 D leak-1815: Eastern Standard Time
08-14 13:54:44.359  5683  5683 D leak-1816: Eastern Standard Time
08-14 13:54:44.359  5683  5683 D leak-1815: Eastern Standard Time
08-14 13:54:44.359  5683  5683 D leak-1816: Eastern Standard Time
08-14 13:54:44.359  5683  5683 D leak-1815: Eastern Standard Time
08-14 13:54:44.359  5683  5683 D leak-1816: Eastern Standard Time
08-14 13:54:44.359  5683  5683 D leak-1815: Eastern Standard Time
08-14 13:54:44.359  5683  5683 D leak-1816: Eastern Standard Time
08-14 13:54:44.359  5683  5683 D leak-771: Eastern Standard Time
08-14 13:54:45.361  5683  5683 D leak-1815: Eastern Standard Time
08-14 13:54:45.361  5683  5683 D leak-1816: Eastern Standard Time
08-14 13:54:45.361  5683  5683 D leak-1815: Eastern Standard Time
08-14 13:54:45.361  5683  5683 D leak-1816: Eastern Standard Time
08-14 13:54:45.367  8811  8811 W AccessibilityNodeInfoDumper: Fetch time: 2ms
08-14 13:54:45.367   594   746 W WindowManager: Attempted to remove non-existing token: android.os.Binder@805f115
08-14 13:54:45.374  8811  8811 D AndroidRuntime: Shutting down VM
08-14 13:54:46.370  8834  8834 D AndroidRuntime: >>>>>> START com.android.internal.os.RuntimeInit uid 0 <<<<<<
08-14 13:54:46.371  8834  8834 D AndroidRuntime: CheckJNI is OFF
08-14 13:54:46.382  8834  8834 D ICU     : No timezone override file found: /data/misc/zoneinfo/current/icu/icu_tzdata.dat
08-14 13:54:46.397  8834  8834 E memtrack: Couldn't load memtrack module (No such file or directory)
08-14 13:54:46.397  8834  8834 E android.os.Debug: failed to load memtrack module: -2
08-14 13:54:46.397  8834  8834 I Radio-JNI: register_android_hardware_Radio DONE
08-14 13:54:46.404  8834  8834 D AndroidRuntime: Calling main entry com.android.commands.uiautomator.Launcher
08-14 13:54:46.413  5683  5683 D leak-1815: Eastern Standard Time
08-14 13:54:46.413  5683  5683 D leak-1816: Eastern Standard Time
08-14 13:54:46.413  5683  5683 D leak-1815: Eastern Standard Time
08-14 13:54:46.413  5683  5683 D leak-1816: Eastern Standard Time
08-14 13:54:46.413  5683  5683 D leak-1815: Eastern Standard Time
08-14 13:54:46.413  5683  5683 D leak-1816: Eastern Standard Time
08-14 13:54:46.413  5683  5683 D leak-1815: Eastern Standard Time
08-14 13:54:46.413  5683  5683 D leak-1816: Eastern Standard Time
08-14 13:54:46.413  5683  5683 D leak-771: Eastern Standard Time
08-14 13:54:47.416  5683  5683 D leak-1815: Eastern Standard Time
08-14 13:54:47.416  5683  5683 D leak-1816: Eastern Standard Time
08-14 13:54:47.416  5683  5683 D leak-1815: Eastern Standard Time
08-14 13:54:47.416  5683  5683 D leak-1816: Eastern Standard Time
08-14 13:54:47.421  8834  8834 W AccessibilityNodeInfoDumper: Fetch time: 1ms
08-14 13:54:47.421   594  1018 W WindowManager: Attempted to remove non-existing token: android.os.Binder@53a3c2a
08-14 13:54:47.428  8834  8834 D AndroidRuntime: Shutting down VM
08-14 13:54:48.491  8861  8861 D AndroidRuntime: >>>>>> START com.android.internal.os.RuntimeInit uid 0 <<<<<<
08-14 13:54:48.493  8861  8861 D AndroidRuntime: CheckJNI is OFF
08-14 13:54:48.500  8861  8861 D ICU     : No timezone override file found: /data/misc/zoneinfo/current/icu/icu_tzdata.dat
08-14 13:54:48.512  8861  8861 E memtrack: Couldn't load memtrack module (No such file or directory)
08-14 13:54:48.512  8861  8861 E android.os.Debug: failed to load memtrack module: -2
08-14 13:54:48.513  8861  8861 I Radio-JNI: register_android_hardware_Radio DONE
08-14 13:54:48.518  8861  8861 D AndroidRuntime: Calling main entry com.android.commands.uiautomator.Launcher
08-14 13:54:48.526  5683  5683 D leak-1815: Eastern Standard Time
08-14 13:54:48.526  5683  5683 D leak-1816: Eastern Standard Time
08-14 13:54:48.526  5683  5683 D leak-1815: Eastern Standard Time
08-14 13:54:48.526  5683  5683 D leak-1816: Eastern Standard Time
08-14 13:54:48.526  5683  5683 D leak-1815: Eastern Standard Time
08-14 13:54:48.526  5683  5683 D leak-1816: Eastern Standard Time
08-14 13:54:48.526  5683  5683 D leak-1815: Eastern Standard Time
08-14 13:54:48.526  5683  5683 D leak-1816: Eastern Standard Time
08-14 13:54:48.526  5683  5683 D leak-771: Eastern Standard Time
08-14 13:54:49.530  5683  5683 D leak-1815: Eastern Standard Time
08-14 13:54:49.530  5683  5683 D leak-1816: Eastern Standard Time
08-14 13:54:49.530  5683  5683 D leak-1815: Eastern Standard Time
08-14 13:54:49.530  5683  5683 D leak-1816: Eastern Standard Time
08-14 13:54:49.535  8861  8861 W AccessibilityNodeInfoDumper: Fetch time: 2ms
08-14 13:54:49.536   594   971 W WindowManager: Attempted to remove non-existing token: android.os.Binder@78407b8
08-14 13:54:49.543  8861  8861 D AndroidRuntime: Shutting down VM
08-14 13:54:50.538  8886  8886 D AndroidRuntime: >>>>>> START com.android.internal.os.RuntimeInit uid 0 <<<<<<
08-14 13:54:50.539  8886  8886 D AndroidRuntime: CheckJNI is OFF
08-14 13:54:50.547  8886  8886 D ICU     : No timezone override file found: /data/misc/zoneinfo/current/icu/icu_tzdata.dat
08-14 13:54:50.558  8886  8886 E memtrack: Couldn't load memtrack module (No such file or directory)
08-14 13:54:50.558  8886  8886 E android.os.Debug: failed to load memtrack module: -2
08-14 13:54:50.559  8886  8886 I Radio-JNI: register_android_hardware_Radio DONE
08-14 13:54:50.564  8886  8886 D AndroidRuntime: Calling main entry com.android.commands.uiautomator.Launcher
08-14 13:54:50.570  5683  5683 D leak-1815: Eastern Standard Time
08-14 13:54:50.570  5683  5683 D leak-1816: Eastern Standard Time
08-14 13:54:50.570  5683  5683 D leak-1815: Eastern Standard Time
08-14 13:54:50.570  5683  5683 D leak-1816: Eastern Standard Time
08-14 13:54:50.570  5683  5683 D leak-1815: Eastern Standard Time
08-14 13:54:50.570  5683  5683 D leak-1816: Eastern Standard Time
08-14 13:54:50.570  5683  5683 D leak-1815: Eastern Standard Time
08-14 13:54:50.570  5683  5683 D leak-1816: Eastern Standard Time
08-14 13:54:50.571  5683  5683 D leak-771: Eastern Standard Time
08-14 13:54:51.573  5683  5683 D leak-1815: Eastern Standard Time
08-14 13:54:51.573  5683  5683 D leak-1816: Eastern Standard Time
08-14 13:54:51.573  5683  5683 D leak-1815: Eastern Standard Time
08-14 13:54:51.573  5683  5683 D leak-1816: Eastern Standard Time
08-14 13:54:51.577  8886  8886 W AccessibilityNodeInfoDumper: Fetch time: 1ms
08-14 13:54:51.578   594   746 W WindowManager: Attempted to remove non-existing token: android.os.Binder@de18991
08-14 13:54:51.586  8886  8886 D AndroidRuntime: Shutting down VM
08-14 13:54:52.002  8903  8903 D AndroidRuntime: >>>>>> START com.android.internal.os.RuntimeInit uid 0 <<<<<<
08-14 13:54:52.003  8903  8903 D AndroidRuntime: CheckJNI is OFF
08-14 13:54:52.010  8903  8903 D ICU     : No timezone override file found: /data/misc/zoneinfo/current/icu/icu_tzdata.dat
08-14 13:54:52.022  8903  8903 E memtrack: Couldn't load memtrack module (No such file or directory)
08-14 13:54:52.022  8903  8903 E android.os.Debug: failed to load memtrack module: -2
08-14 13:54:52.022  8903  8903 I Radio-JNI: register_android_hardware_Radio DONE
08-14 13:54:52.027  8903  8903 D AndroidRuntime: Calling main entry com.android.commands.uiautomator.Launcher
08-14 13:54:52.033  5683  5683 D leak-1815: Eastern Standard Time
08-14 13:54:52.033  5683  5683 D leak-1816: Eastern Standard Time
08-14 13:54:52.033  5683  5683 D leak-1815: Eastern Standard Time
08-14 13:54:52.033  5683  5683 D leak-1816: Eastern Standard Time
08-14 13:54:52.033  5683  5683 D leak-1815: Eastern Standard Time
08-14 13:54:52.033  5683  5683 D leak-1816: Eastern Standard Time
08-14 13:54:52.034  5683  5683 D leak-1815: Eastern Standard Time
08-14 13:54:52.034  5683  5683 D leak-1816: Eastern Standard Time
08-14 13:54:52.034  5683  5683 D leak-771: Eastern Standard Time
08-14 13:54:53.035  5683  5683 D leak-1815: Eastern Standard Time
08-14 13:54:53.035  5683  5683 D leak-1816: Eastern Standard Time
08-14 13:54:53.035  5683  5683 D leak-1815: Eastern Standard Time
08-14 13:54:53.035  5683  5683 D leak-1816: Eastern Standard Time
08-14 13:54:53.039  8903  8903 W AccessibilityNodeInfoDumper: Fetch time: 1ms
08-14 13:54:53.039   594   613 W WindowManager: Attempted to remove non-existing token: android.os.Binder@817f0f6
08-14 13:54:53.046  8903  8903 D AndroidRuntime: Shutting down VM
08-14 13:54:54.033  8927  8927 D AndroidRuntime: >>>>>> START com.android.internal.os.RuntimeInit uid 0 <<<<<<
08-14 13:54:54.034  8927  8927 D AndroidRuntime: CheckJNI is OFF
08-14 13:54:54.042  8927  8927 D ICU     : No timezone override file found: /data/misc/zoneinfo/current/icu/icu_tzdata.dat
08-14 13:54:54.054  8927  8927 E memtrack: Couldn't load memtrack module (No such file or directory)
08-14 13:54:54.054  8927  8927 E android.os.Debug: failed to load memtrack module: -2
08-14 13:54:54.054  8927  8927 I Radio-JNI: register_android_hardware_Radio DONE
08-14 13:54:54.060  8927  8927 D AndroidRuntime: Calling main entry com.android.commands.uiautomator.Launcher
08-14 13:54:54.069  5683  5683 D leak-1815: Eastern Standard Time
08-14 13:54:54.069  5683  5683 D leak-1816: Eastern Standard Time
08-14 13:54:54.069  5683  5683 D leak-1815: Eastern Standard Time
08-14 13:54:54.069  5683  5683 D leak-1816: Eastern Standard Time
08-14 13:54:54.069  5683  5683 D leak-1815: Eastern Standard Time
08-14 13:54:54.069  5683  5683 D leak-1816: Eastern Standard Time
08-14 13:54:54.069  5683  5683 D leak-1815: Eastern Standard Time
08-14 13:54:54.069  5683  5683 D leak-1816: Eastern Standard Time
08-14 13:54:54.069  5683  5683 D leak-771: Eastern Standard Time
08-14 13:54:55.087  5683  5683 D leak-1815: Eastern Standard Time
08-14 13:54:55.087  5683  5683 D leak-1816: Eastern Standard Time
08-14 13:54:55.087  5683  5683 D leak-1815: Eastern Standard Time
08-14 13:54:55.087  5683  5683 D leak-1816: Eastern Standard Time
08-14 13:54:55.091  8927  8927 W AccessibilityNodeInfoDumper: Fetch time: 2ms
08-14 13:54:55.092   594  1075 W WindowManager: Attempted to remove non-existing token: android.os.Binder@1e0bcf7
08-14 13:54:55.100  8927  8927 D AndroidRuntime: Shutting down VM
08-14 13:54:55.505  8944  8944 D AndroidRuntime: >>>>>> START com.android.internal.os.RuntimeInit uid 0 <<<<<<
08-14 13:54:55.506  8944  8944 D AndroidRuntime: CheckJNI is OFF
08-14 13:54:55.513  8944  8944 D ICU     : No timezone override file found: /data/misc/zoneinfo/current/icu/icu_tzdata.dat
08-14 13:54:55.527  8944  8944 E memtrack: Couldn't load memtrack module (No such file or directory)
08-14 13:54:55.527  8944  8944 E android.os.Debug: failed to load memtrack module: -2
08-14 13:54:55.527  8944  8944 I Radio-JNI: register_android_hardware_Radio DONE
08-14 13:54:55.534  8944  8944 D AndroidRuntime: Calling main entry com.android.commands.uiautomator.Launcher
08-14 13:54:55.543  5683  5683 D leak-1815: Eastern Standard Time
08-14 13:54:55.543  5683  5683 D leak-1816: Eastern Standard Time
08-14 13:54:55.543  5683  5683 D leak-1815: Eastern Standard Time
08-14 13:54:55.543  5683  5683 D leak-1816: Eastern Standard Time
08-14 13:54:55.543  5683  5683 D leak-1815: Eastern Standard Time
08-14 13:54:55.543  5683  5683 D leak-1816: Eastern Standard Time
08-14 13:54:55.543  5683  5683 D leak-1815: Eastern Standard Time
08-14 13:54:55.543  5683  5683 D leak-1816: Eastern Standard Time
08-14 13:54:55.543  5683  5683 D leak-771: Eastern Standard Time
08-14 13:54:56.546  5683  5683 D leak-1815: Eastern Standard Time
08-14 13:54:56.546  5683  5683 D leak-1816: Eastern Standard Time
08-14 13:54:56.546  5683  5683 D leak-1815: Eastern Standard Time
08-14 13:54:56.546  5683  5683 D leak-1816: Eastern Standard Time
08-14 13:54:56.551  8944  8944 W AccessibilityNodeInfoDumper: Fetch time: 1ms
08-14 13:54:56.551   594  1058 W WindowManager: Attempted to remove non-existing token: android.os.Binder@d042dcd
08-14 13:54:56.558  8944  8944 D AndroidRuntime: Shutting down VM
08-14 13:54:57.542  8967  8967 D AndroidRuntime: >>>>>> START com.android.internal.os.RuntimeInit uid 0 <<<<<<
08-14 13:54:57.545  8967  8967 D AndroidRuntime: CheckJNI is OFF
08-14 13:54:57.554  8967  8967 D ICU     : No timezone override file found: /data/misc/zoneinfo/current/icu/icu_tzdata.dat
08-14 13:54:57.566  8967  8967 E memtrack: Couldn't load memtrack module (No such file or directory)
08-14 13:54:57.566  8967  8967 E android.os.Debug: failed to load memtrack module: -2
08-14 13:54:57.566  8967  8967 I Radio-JNI: register_android_hardware_Radio DONE
08-14 13:54:57.571  8967  8967 D AndroidRuntime: Calling main entry com.android.commands.uiautomator.Launcher
08-14 13:54:57.578  5683  5683 D leak-1815: Eastern Standard Time
08-14 13:54:57.578  5683  5683 D leak-1816: Eastern Standard Time
08-14 13:54:57.578  5683  5683 D leak-1815: Eastern Standard Time
08-14 13:54:57.578  5683  5683 D leak-1816: Eastern Standard Time
08-14 13:54:57.578  5683  5683 D leak-1815: Eastern Standard Time
08-14 13:54:57.578  5683  5683 D leak-1816: Eastern Standard Time
08-14 13:54:57.578  5683  5683 D leak-1815: Eastern Standard Time
08-14 13:54:57.578  5683  5683 D leak-1816: Eastern Standard Time
08-14 13:54:57.578  5683  5683 D leak-771: Eastern Standard Time
08-14 13:54:58.581  5683  5683 D leak-1815: Eastern Standard Time
08-14 13:54:58.581  5683  5683 D leak-1816: Eastern Standard Time
08-14 13:54:58.581  5683  5683 D leak-1815: Eastern Standard Time
08-14 13:54:58.581  5683  5683 D leak-1816: Eastern Standard Time
08-14 13:54:58.584  8967  8967 W AccessibilityNodeInfoDumper: Fetch time: 1ms
08-14 13:54:58.585   594  1018 W WindowManager: Attempted to remove non-existing token: android.os.Binder@a4a2682
08-14 13:54:58.592  8967  8967 D AndroidRuntime: Shutting down VM
08-14 13:54:59.005  8984  8984 D AndroidRuntime: >>>>>> START com.android.internal.os.RuntimeInit uid 0 <<<<<<
08-14 13:54:59.006  8984  8984 D AndroidRuntime: CheckJNI is OFF
08-14 13:54:59.015  8984  8984 D ICU     : No timezone override file found: /data/misc/zoneinfo/current/icu/icu_tzdata.dat
08-14 13:54:59.027  8984  8984 E memtrack: Couldn't load memtrack module (No such file or directory)
08-14 13:54:59.027  8984  8984 E android.os.Debug: failed to load memtrack module: -2
08-14 13:54:59.028  8984  8984 I Radio-JNI: register_android_hardware_Radio DONE
08-14 13:54:59.036  8984  8984 D AndroidRuntime: Calling main entry com.android.commands.uiautomator.Launcher
08-14 13:54:59.045  5683  5683 D leak-1815: Eastern Standard Time
08-14 13:54:59.045  5683  5683 D leak-1816: Eastern Standard Time
08-14 13:54:59.045  5683  5683 D leak-1815: Eastern Standard Time
08-14 13:54:59.045  5683  5683 D leak-1816: Eastern Standard Time
08-14 13:54:59.045  5683  5683 D leak-1815: Eastern Standard Time
08-14 13:54:59.045  5683  5683 D leak-1816: Eastern Standard Time
08-14 13:54:59.045  5683  5683 D leak-1815: Eastern Standard Time
08-14 13:54:59.045  5683  5683 D leak-1816: Eastern Standard Time
08-14 13:54:59.045  5683  5683 D leak-771: Eastern Standard Time
08-14 13:55:00.045  5683  5683 D leak-1815: Eastern Standard Time
08-14 13:55:00.045  5683  5683 D leak-1816: Eastern Standard Time
08-14 13:55:00.045  5683  5683 D leak-1815: Eastern Standard Time
08-14 13:55:00.045  5683  5683 D leak-1816: Eastern Standard Time
08-14 13:55:00.050  8984  8984 W AccessibilityNodeInfoDumper: Fetch time: 1ms
08-14 13:55:00.050   594   735 W WindowManager: Attempted to remove non-existing token: android.os.Binder@3da3193
08-14 13:55:00.058  8984  8984 D AndroidRuntime: Shutting down VM
08-14 13:55:01.057  9009  9009 D AndroidRuntime: >>>>>> START com.android.internal.os.RuntimeInit uid 0 <<<<<<
08-14 13:55:01.058  9009  9009 D AndroidRuntime: CheckJNI is OFF
08-14 13:55:01.066  9009  9009 D ICU     : No timezone override file found: /data/misc/zoneinfo/current/icu/icu_tzdata.dat
08-14 13:55:01.078  9009  9009 E memtrack: Couldn't load memtrack module (No such file or directory)
08-14 13:55:01.078  9009  9009 E android.os.Debug: failed to load memtrack module: -2
08-14 13:55:01.079  9009  9009 I Radio-JNI: register_android_hardware_Radio DONE
08-14 13:55:01.084  9009  9009 D AndroidRuntime: Calling main entry com.android.commands.uiautomator.Launcher
08-14 13:55:01.094  5683  5683 D leak-1815: Eastern Standard Time
08-14 13:55:01.094  5683  5683 D leak-1816: Eastern Standard Time
08-14 13:55:01.094  5683  5683 D leak-1815: Eastern Standard Time
08-14 13:55:01.094  5683  5683 D leak-1816: Eastern Standard Time
08-14 13:55:01.094  5683  5683 D leak-1815: Eastern Standard Time
08-14 13:55:01.094  5683  5683 D leak-1816: Eastern Standard Time
08-14 13:55:01.094  5683  5683 D leak-1815: Eastern Standard Time
08-14 13:55:01.094  5683  5683 D leak-1816: Eastern Standard Time
08-14 13:55:01.094  5683  5683 D leak-771: Eastern Standard Time
08-14 13:55:02.096  5683  5683 D leak-1815: Eastern Standard Time
08-14 13:55:02.096  5683  5683 D leak-1816: Eastern Standard Time
08-14 13:55:02.096  5683  5683 D leak-1815: Eastern Standard Time
08-14 13:55:02.096  5683  5683 D leak-1816: Eastern Standard Time
08-14 13:55:02.102  9009  9009 W AccessibilityNodeInfoDumper: Fetch time: 2ms
08-14 13:55:02.102   594  1071 W WindowManager: Attempted to remove non-existing token: android.os.Binder@9b415d0
08-14 13:55:02.110  9009  9009 D AndroidRuntime: Shutting down VM
08-14 13:55:02.520  9026  9026 D AndroidRuntime: >>>>>> START com.android.internal.os.RuntimeInit uid 0 <<<<<<
08-14 13:55:02.522  9026  9026 D AndroidRuntime: CheckJNI is OFF
08-14 13:55:02.529  9026  9026 D ICU     : No timezone override file found: /data/misc/zoneinfo/current/icu/icu_tzdata.dat
08-14 13:55:02.542  9026  9026 E memtrack: Couldn't load memtrack module (No such file or directory)
08-14 13:55:02.542  9026  9026 E android.os.Debug: failed to load memtrack module: -2
08-14 13:55:02.543  9026  9026 I Radio-JNI: register_android_hardware_Radio DONE
08-14 13:55:02.549  9026  9026 D AndroidRuntime: Calling main entry com.android.commands.uiautomator.Launcher
08-14 13:55:02.557  5683  5683 D leak-1815: Eastern Standard Time
08-14 13:55:02.557  5683  5683 D leak-1816: Eastern Standard Time
08-14 13:55:02.557  5683  5683 D leak-1815: Eastern Standard Time
08-14 13:55:02.557  5683  5683 D leak-1816: Eastern Standard Time
08-14 13:55:02.557  5683  5683 D leak-1815: Eastern Standard Time
08-14 13:55:02.557  5683  5683 D leak-1816: Eastern Standard Time
08-14 13:55:02.557  5683  5683 D leak-1815: Eastern Standard Time
08-14 13:55:02.557  5683  5683 D leak-1816: Eastern Standard Time
08-14 13:55:02.557  5683  5683 D leak-771: Eastern Standard Time
08-14 13:55:03.558  5683  5683 D leak-1815: Eastern Standard Time
08-14 13:55:03.559  5683  5683 D leak-1816: Eastern Standard Time
08-14 13:55:03.559  5683  5683 D leak-1815: Eastern Standard Time
08-14 13:55:03.559  5683  5683 D leak-1816: Eastern Standard Time
08-14 13:55:03.564  9026  9026 W AccessibilityNodeInfoDumper: Fetch time: 2ms
08-14 13:55:03.565   594   612 W WindowManager: Attempted to remove non-existing token: android.os.Binder@f32d9c9
08-14 13:55:03.572  9026  9026 D AndroidRuntime: Shutting down VM
08-14 13:55:03.968  9039  9039 D AndroidRuntime: >>>>>> START com.android.internal.os.RuntimeInit uid 0 <<<<<<
08-14 13:55:03.969  9039  9039 D AndroidRuntime: CheckJNI is OFF
08-14 13:55:03.978  9039  9039 D ICU     : No timezone override file found: /data/misc/zoneinfo/current/icu/icu_tzdata.dat
08-14 13:55:03.989  9039  9039 E memtrack: Couldn't load memtrack module (No such file or directory)
08-14 13:55:03.989  9039  9039 E android.os.Debug: failed to load memtrack module: -2
08-14 13:55:03.990  9039  9039 I Radio-JNI: register_android_hardware_Radio DONE
08-14 13:55:03.996  9039  9039 D AndroidRuntime: Calling main entry com.android.commands.input.Input
08-14 13:55:03.997  9039  9039 I Input   : injectMotionEvent: MotionEvent { action=ACTION_DOWN, actionButton=0, id[0]=0, x[0]=1110.0, y[0]=1776.0, toolType[0]=TOOL_TYPE_UNKNOWN, buttonState=0, metaState=0, flags=0x0, edgeFlags=0x0, pointerCount=1, historySize=0, eventTime=423945, downTime=423945, deviceId=0, source=0x1002 }
08-14 13:55:04.000  9039  9039 I Input   : injectMotionEvent: MotionEvent { action=ACTION_UP, actionButton=0, id[0]=0, x[0]=1110.0, y[0]=1776.0, toolType[0]=TOOL_TYPE_UNKNOWN, buttonState=0, metaState=0, flags=0x0, edgeFlags=0x0, pointerCount=1, historySize=0, eventTime=423945, downTime=423945, deviceId=0, source=0x1002 }
08-14 13:55:04.001  9039  9039 D AndroidRuntime: Shutting down VM
08-14 13:55:04.004  5683  5683 D leak-1604: Eastern Standard Time
08-14 13:55:04.004  5683  5683 D leak-482: Eastern Standard Time
08-14 13:55:04.004  5683  5683 D leak-483: Eastern Standard Time
08-14 13:55:04.005  5683  5683 D leak-484: Eastern Standard Time
08-14 13:55:04.006   594  1018 I ActivityManager: START u0 {act=android.content.pm.action.REQUEST_PERMISSIONS pkg=com.android.packageinstaller cmp=com.android.packageinstaller/.permission.ui.GrantPermissionsActivity (has extras)} from uid 10060 on display 0
08-14 13:55:04.009  5683  5683 D leak-1597: Eastern Standard Time
08-14 13:55:04.009  5683  5683 D leak-1611: Eastern Standard Time
08-14 13:55:04.009  5683  5683 D leak-1612: Eastern Standard Time
08-14 13:55:04.009  5683  5683 D leak-1371: Eastern Standard Time
08-14 13:55:04.009  5683  5683 D leak-648: Eastern Standard Time
08-14 13:55:04.009  5683  5683 D leak-654: Eastern Standard Time
08-14 13:55:04.009  5683  5683 D leak-653: Eastern Standard Time
08-14 13:55:04.196  5683  5683 D leak-1600: Eastern Standard Time
08-14 13:55:04.196  5683  5683 D leak-1601: Eastern Standard Time
08-14 13:55:04.196  5683  5683 D leak-1603: Eastern Standard Time
08-14 13:55:04.196  5683  5683 D leak-2489: Eastern Standard Time
08-14 13:55:04.197  5683  5683 D leak-2488: Eastern Standard Time
08-14 13:55:04.197  5683  5683 D leak-1591: Eastern Standard Time
08-14 13:55:04.197  5683  5683 D leak-1614: Eastern Standard Time
08-14 13:55:04.197  5683  5683 D leak-1592: Eastern Standard Time
08-14 13:55:04.198   594  1075 W InputMethodManagerService: Window already focused, ignoring focus gain of: com.android.internal.view.IInputMethodClient$Stub$Proxy@b864985 attribute=null, token = android.os.BinderProxy@670e57f
08-14 13:55:04.219  5683  5683 D leak-1681: Eastern Standard Time
08-14 13:55:04.219  5683  5683 D leak-1682: Eastern Standard Time
08-14 13:55:04.219  5683  5683 D leak-1683: Eastern Standard Time
08-14 13:55:04.219  5683  5683 D leak-1687: Eastern Standard Time
08-14 13:55:04.235  5683  5683 D leak-1681: Eastern Standard Time
08-14 13:55:04.235  5683  5683 D leak-1682: Eastern Standard Time
08-14 13:55:04.235  5683  5683 D leak-1683: Eastern Standard Time
08-14 13:55:04.235  5683  5683 D leak-1687: Eastern Standard Time
08-14 13:55:04.253  5683  5683 D leak-1681: Eastern Standard Time
08-14 13:55:04.253  5683  5683 D leak-1682: Eastern Standard Time
08-14 13:55:04.253  5683  5683 D leak-1683: Eastern Standard Time
08-14 13:55:04.253  5683  5683 D leak-1687: Eastern Standard Time
08-14 13:55:04.269  5683  5683 D leak-1681: Eastern Standard Time
08-14 13:55:04.269  5683  5683 D leak-1682: Eastern Standard Time
08-14 13:55:04.269  5683  5683 D leak-1683: Eastern Standard Time
08-14 13:55:04.269  5683  5683 D leak-1687: Eastern Standard Time
08-14 13:55:04.285  5683  5683 D leak-1681: Eastern Standard Time
08-14 13:55:04.285  5683  5683 D leak-1682: Eastern Standard Time
08-14 13:55:04.285  5683  5683 D leak-1683: Eastern Standard Time
08-14 13:55:04.285  5683  5683 D leak-1687: Eastern Standard Time
08-14 13:55:04.303  5683  5683 D leak-1681: Eastern Standard Time
08-14 13:55:04.303  5683  5683 D leak-1682: Eastern Standard Time
08-14 13:55:04.304  5683  5683 D leak-1683: Eastern Standard Time
08-14 13:55:04.304  5683  5683 D leak-1687: Eastern Standard Time
08-14 13:55:04.320  5683  5683 D leak-1681: Eastern Standard Time
08-14 13:55:04.320  5683  5683 D leak-1682: Eastern Standard Time
08-14 13:55:04.320  5683  5683 D leak-1683: Eastern Standard Time
08-14 13:55:04.320  5683  5683 D leak-1687: Eastern Standard Time
08-14 13:55:04.337  5683  5683 D leak-1681: Eastern Standard Time
08-14 13:55:04.337  5683  5683 D leak-1682: Eastern Standard Time
08-14 13:55:04.337  5683  5683 D leak-1683: Eastern Standard Time
08-14 13:55:04.337  5683  5683 D leak-1687: Eastern Standard Time
08-14 13:55:04.352  5683  5683 D leak-1681: Eastern Standard Time
08-14 13:55:04.352  5683  5683 D leak-1682: Eastern Standard Time
08-14 13:55:04.352  5683  5683 D leak-1683: Eastern Standard Time
08-14 13:55:04.352  5683  5683 D leak-1687: Eastern Standard Time
08-14 13:55:04.370  5683  5683 D leak-1681: Eastern Standard Time
08-14 13:55:04.371  5683  5683 D leak-1682: Eastern Standard Time
08-14 13:55:04.371  5683  5683 D leak-1683: Eastern Standard Time
08-14 13:55:04.371  5683  5683 D leak-1687: Eastern Standard Time
08-14 13:55:04.385  5683  5683 D leak-1681: Eastern Standard Time
08-14 13:55:04.385  5683  5683 D leak-1682: Eastern Standard Time
08-14 13:55:04.385  5683  5683 D leak-1683: Eastern Standard Time
08-14 13:55:04.385  5683  5683 D leak-1687: Eastern Standard Time
08-14 13:55:04.402  5683  5683 D leak-1681: Eastern Standard Time
08-14 13:55:04.402  5683  5683 D leak-1682: Eastern Standard Time
08-14 13:55:04.402  5683  5683 D leak-1683: Eastern Standard Time
08-14 13:55:04.402  5683  5683 D leak-1687: Eastern Standard Time
08-14 13:55:04.420  5683  5683 D leak-1681: Eastern Standard Time
08-14 13:55:04.420  5683  5683 D leak-1682: Eastern Standard Time
08-14 13:55:04.420  5683  5683 D leak-1683: Eastern Standard Time
08-14 13:55:04.420  5683  5683 D leak-1687: Eastern Standard Time
08-14 13:55:04.435  5683  5683 D leak-1681: Eastern Standard Time
08-14 13:55:04.435  5683  5683 D leak-1681: Eastern Standard Time
08-14 13:55:04.435  5683  5683 D leak-1688: Eastern Standard Time
08-14 13:55:04.435  5683  5683 D leak-1689: Eastern Standard Time
08-14 13:55:04.435  5683  5683 D leak-1681: Eastern Standard Time
08-14 13:55:04.452  5683  5683 D leak-1681: Eastern Standard Time
08-14 13:55:04.452  5683  5683 D leak-1681: Eastern Standard Time
08-14 13:55:04.454  5683  5683 D leak-1681: Eastern Standard Time
08-14 13:55:04.454  5683  5683 D leak-1681: Eastern Standard Time
08-14 13:55:04.455  5683  5683 D leak-1681: Eastern Standard Time
08-14 13:55:04.455  5683  5683 D leak-1682: Eastern Standard Time
08-14 13:55:04.455  5683  5683 D leak-1683: Eastern Standard Time
08-14 13:55:04.455  5683  5683 D leak-1687: Eastern Standard Time
08-14 13:55:04.485  5683  5683 D leak-1681: Eastern Standard Time
08-14 13:55:04.485  5683  5683 D leak-1682: Eastern Standard Time
08-14 13:55:04.486  5683  5683 D leak-1683: Eastern Standard Time
08-14 13:55:04.486  5683  5683 D leak-1687: Eastern Standard Time
08-14 13:55:04.503  5683  5683 D leak-1681: Eastern Standard Time
08-14 13:55:04.503  5683  5683 D leak-1682: Eastern Standard Time
08-14 13:55:04.503  5683  5683 D leak-1683: Eastern Standard Time
08-14 13:55:04.503  5683  5683 D leak-1687: Eastern Standard Time
08-14 13:55:04.520  5683  5683 D leak-1681: Eastern Standard Time
08-14 13:55:04.520  5683  5683 D leak-1682: Eastern Standard Time
08-14 13:55:04.520  5683  5683 D leak-1683: Eastern Standard Time
08-14 13:55:04.520  5683  5683 D leak-1687: Eastern Standard Time
08-14 13:55:04.535  5683  5683 D leak-1681: Eastern Standard Time
08-14 13:55:04.535  5683  5683 D leak-1682: Eastern Standard Time
08-14 13:55:04.535  5683  5683 D leak-1683: Eastern Standard Time
08-14 13:55:04.535  5683  5683 D leak-1687: Eastern Standard Time
08-14 13:55:04.553  5683  5683 D leak-1681: Eastern Standard Time
08-14 13:55:04.553  5683  5683 D leak-1682: Eastern Standard Time
08-14 13:55:04.553  5683  5683 D leak-1683: Eastern Standard Time
08-14 13:55:04.554  5683  5683 D leak-1687: Eastern Standard Time
08-14 13:55:04.570  5683  5683 D leak-1681: Eastern Standard Time
08-14 13:55:04.570  5683  5683 D leak-1682: Eastern Standard Time
08-14 13:55:04.570  5683  5683 D leak-1683: Eastern Standard Time
08-14 13:55:04.570  5683  5683 D leak-1687: Eastern Standard Time
08-14 13:55:04.593  5683  5683 D leak-1681: Eastern Standard Time
08-14 13:55:04.594  5683  5683 D leak-1682: Eastern Standard Time
08-14 13:55:04.594  5683  5683 D leak-1683: Eastern Standard Time
08-14 13:55:04.594  5683  5683 D leak-1687: Eastern Standard Time
08-14 13:55:04.609  5683  5683 D leak-1681: Eastern Standard Time
08-14 13:55:04.609  5683  5683 D leak-1682: Eastern Standard Time
08-14 13:55:04.609  5683  5683 D leak-1683: Eastern Standard Time
08-14 13:55:04.609  5683  5683 D leak-1687: Eastern Standard Time
08-14 13:55:04.631  5683  5683 D leak-1681: Eastern Standard Time
08-14 13:55:04.631  5683  5683 D leak-1682: Eastern Standard Time
08-14 13:55:04.631  5683  5683 D leak-1683: Eastern Standard Time
08-14 13:55:04.631  5683  5683 D leak-1687: Eastern Standard Time
08-14 13:55:04.649  5683  5683 D leak-1681: Eastern Standard Time
08-14 13:55:04.649  5683  5683 D leak-1682: Eastern Standard Time
08-14 13:55:04.649  5683  5683 D leak-1683: Eastern Standard Time
08-14 13:55:04.649  5683  5683 D leak-1687: Eastern Standard Time
08-14 13:55:04.657  5683  5683 D leak-1681: Eastern Standard Time
08-14 13:55:04.658  5683  5683 D leak-1682: Eastern Standard Time
08-14 13:55:04.658  5683  5683 D leak-1683: Eastern Standard Time
08-14 13:55:04.658  5683  5683 D leak-1687: Eastern Standard Time
08-14 13:55:04.670  5683  5683 D leak-1681: Eastern Standard Time
08-14 13:55:04.670  5683  5683 D leak-1682: Eastern Standard Time
08-14 13:55:04.670  5683  5683 D leak-1683: Eastern Standard Time
08-14 13:55:04.670  5683  5683 D leak-1687: Eastern Standard Time
08-14 13:55:04.686  5683  5683 D leak-1681: Eastern Standard Time
08-14 13:55:04.686  5683  5683 D leak-1682: Eastern Standard Time
08-14 13:55:04.686  5683  5683 D leak-1683: Eastern Standard Time
08-14 13:55:04.686  5683  5683 D leak-1687: Eastern Standard Time
08-14 13:55:04.706  5683  5683 D leak-1681: Eastern Standard Time
08-14 13:55:04.706  5683  5683 D leak-1682: Eastern Standard Time
08-14 13:55:04.706  5683  5683 D leak-1683: Eastern Standard Time
08-14 13:55:04.706  5683  5683 D leak-1687: Eastern Standard Time
08-14 13:55:04.726  5683  5683 D leak-1681: Eastern Standard Time
08-14 13:55:04.726  5683  5683 D leak-1682: Eastern Standard Time
08-14 13:55:04.726  5683  5683 D leak-1683: Eastern Standard Time
08-14 13:55:04.726  5683  5683 D leak-1687: Eastern Standard Time
08-14 13:55:08.379  9373  9373 D AndroidRuntime: >>>>>> START com.android.internal.os.RuntimeInit uid 0 <<<<<<
08-14 13:55:08.381  9373  9373 D AndroidRuntime: CheckJNI is OFF
08-14 13:55:08.390  9373  9373 D ICU     : No timezone override file found: /data/misc/zoneinfo/current/icu/icu_tzdata.dat
08-14 13:55:08.402  9373  9373 E memtrack: Couldn't load memtrack module (No such file or directory)
08-14 13:55:08.402  9373  9373 E android.os.Debug: failed to load memtrack module: -2
08-14 13:55:08.403  9373  9373 I Radio-JNI: register_android_hardware_Radio DONE
08-14 13:55:08.409  9373  9373 D AndroidRuntime: Calling main entry com.android.commands.uiautomator.Launcher
08-14 13:55:08.420  5683  5683 D leak-1815: Eastern Standard Time
08-14 13:55:08.420  5683  5683 D leak-1816: Eastern Standard Time
08-14 13:55:08.420  5683  5683 D leak-1815: Eastern Standard Time
08-14 13:55:08.420  5683  5683 D leak-1816: Eastern Standard Time
08-14 13:55:08.420  5683  5683 D leak-1815: Eastern Standard Time
08-14 13:55:08.420  5683  5683 D leak-1816: Eastern Standard Time
08-14 13:55:08.420  5683  5683 D leak-1815: Eastern Standard Time
08-14 13:55:08.420  5683  5683 D leak-1816: Eastern Standard Time
08-14 13:55:08.420  5683  5683 D leak-771: Eastern Standard Time
08-14 13:55:09.424  5683  5683 D leak-1815: Eastern Standard Time
08-14 13:55:09.424  5683  5683 D leak-1816: Eastern Standard Time
08-14 13:55:09.424  5683  5683 D leak-1815: Eastern Standard Time
08-14 13:55:09.424  5683  5683 D leak-1816: Eastern Standard Time
08-14 13:55:09.429  9373  9373 W AccessibilityNodeInfoDumper: Fetch time: 2ms
08-14 13:55:09.429   594   735 W WindowManager: Attempted to remove non-existing token: android.os.Binder@47203da
08-14 13:55:09.437  9373  9373 D AndroidRuntime: Shutting down VM
08-14 13:55:10.433  9396  9396 D AndroidRuntime: >>>>>> START com.android.internal.os.RuntimeInit uid 0 <<<<<<
08-14 13:55:10.434  9396  9396 D AndroidRuntime: CheckJNI is OFF
08-14 13:55:10.442  9396  9396 D ICU     : No timezone override file found: /data/misc/zoneinfo/current/icu/icu_tzdata.dat
08-14 13:55:10.454  9396  9396 E memtrack: Couldn't load memtrack module (No such file or directory)
08-14 13:55:10.454  9396  9396 E android.os.Debug: failed to load memtrack module: -2
08-14 13:55:10.454  9396  9396 I Radio-JNI: register_android_hardware_Radio DONE
08-14 13:55:10.459  9396  9396 D AndroidRuntime: Calling main entry com.android.commands.uiautomator.Launcher
08-14 13:55:10.468  5683  5683 D leak-1815: Eastern Standard Time
08-14 13:55:10.468  5683  5683 D leak-1816: Eastern Standard Time
08-14 13:55:10.468  5683  5683 D leak-1815: Eastern Standard Time
08-14 13:55:10.468  5683  5683 D leak-1816: Eastern Standard Time
08-14 13:55:10.468  5683  5683 D leak-1815: Eastern Standard Time
08-14 13:55:10.468  5683  5683 D leak-1816: Eastern Standard Time
08-14 13:55:10.468  5683  5683 D leak-1815: Eastern Standard Time
08-14 13:55:10.468  5683  5683 D leak-1816: Eastern Standard Time
08-14 13:55:10.468  5683  5683 D leak-771: Eastern Standard Time
08-14 13:55:11.473  5683  5683 D leak-1815: Eastern Standard Time
08-14 13:55:11.473  5683  5683 D leak-1816: Eastern Standard Time
08-14 13:55:11.473  5683  5683 D leak-1815: Eastern Standard Time
08-14 13:55:11.473  5683  5683 D leak-1816: Eastern Standard Time
08-14 13:55:11.478  9396  9396 W AccessibilityNodeInfoDumper: Fetch time: 2ms
08-14 13:55:11.478   594  1058 W WindowManager: Attempted to remove non-existing token: android.os.Binder@654400b
08-14 13:55:11.487  9396  9396 D AndroidRuntime: Shutting down VM
08-14 13:55:11.893  9413  9413 D AndroidRuntime: >>>>>> START com.android.internal.os.RuntimeInit uid 0 <<<<<<
08-14 13:55:11.894  9413  9413 D AndroidRuntime: CheckJNI is OFF
08-14 13:55:11.903  9413  9413 D ICU     : No timezone override file found: /data/misc/zoneinfo/current/icu/icu_tzdata.dat
08-14 13:55:11.915  9413  9413 E memtrack: Couldn't load memtrack module (No such file or directory)
08-14 13:55:11.915  9413  9413 E android.os.Debug: failed to load memtrack module: -2
08-14 13:55:11.915  9413  9413 I Radio-JNI: register_android_hardware_Radio DONE
08-14 13:55:11.921  9413  9413 D AndroidRuntime: Calling main entry com.android.commands.uiautomator.Launcher
08-14 13:55:11.930  5683  5683 D leak-1815: Eastern Standard Time
08-14 13:55:11.930  5683  5683 D leak-1816: Eastern Standard Time
08-14 13:55:11.930  5683  5683 D leak-1815: Eastern Standard Time
08-14 13:55:11.930  5683  5683 D leak-1816: Eastern Standard Time
08-14 13:55:11.930  5683  5683 D leak-1815: Eastern Standard Time
08-14 13:55:11.930  5683  5683 D leak-1816: Eastern Standard Time
08-14 13:55:11.930  5683  5683 D leak-1815: Eastern Standard Time
08-14 13:55:11.930  5683  5683 D leak-1816: Eastern Standard Time
08-14 13:55:11.930  5683  5683 D leak-771: Eastern Standard Time
08-14 13:55:12.932  5683  5683 D leak-1815: Eastern Standard Time
08-14 13:55:12.932  5683  5683 D leak-1816: Eastern Standard Time
08-14 13:55:12.932  5683  5683 D leak-1815: Eastern Standard Time
08-14 13:55:12.932  5683  5683 D leak-1816: Eastern Standard Time
08-14 13:55:12.939  9413  9413 W AccessibilityNodeInfoDumper: Fetch time: 3ms
08-14 13:55:12.939   594   613 W WindowManager: Attempted to remove non-existing token: android.os.Binder@7e6f901
08-14 13:55:12.947  9413  9413 D AndroidRuntime: Shutting down VM
08-14 13:55:13.941  9437  9437 D AndroidRuntime: >>>>>> START com.android.internal.os.RuntimeInit uid 0 <<<<<<
08-14 13:55:13.942  9437  9437 D AndroidRuntime: CheckJNI is OFF
08-14 13:55:13.950  9437  9437 D ICU     : No timezone override file found: /data/misc/zoneinfo/current/icu/icu_tzdata.dat
08-14 13:55:13.962  9437  9437 E memtrack: Couldn't load memtrack module (No such file or directory)
08-14 13:55:13.962  9437  9437 E android.os.Debug: failed to load memtrack module: -2
08-14 13:55:13.963  9437  9437 I Radio-JNI: register_android_hardware_Radio DONE
08-14 13:55:13.968  9437  9437 D AndroidRuntime: Calling main entry com.android.commands.uiautomator.Launcher
08-14 13:55:13.977  5683  5683 D leak-1815: Eastern Standard Time
08-14 13:55:13.977  5683  5683 D leak-1816: Eastern Standard Time
08-14 13:55:13.977  5683  5683 D leak-1815: Eastern Standard Time
08-14 13:55:13.977  5683  5683 D leak-1816: Eastern Standard Time
08-14 13:55:13.977  5683  5683 D leak-1815: Eastern Standard Time
08-14 13:55:13.977  5683  5683 D leak-1816: Eastern Standard Time
08-14 13:55:13.977  5683  5683 D leak-1815: Eastern Standard Time
08-14 13:55:13.977  5683  5683 D leak-1816: Eastern Standard Time
08-14 13:55:13.977  5683  5683 D leak-771: Eastern Standard Time
08-14 13:55:14.980  5683  5683 D leak-1815: Eastern Standard Time
08-14 13:55:14.981  5683  5683 D leak-1816: Eastern Standard Time
08-14 13:55:14.981  5683  5683 D leak-1815: Eastern Standard Time
08-14 13:55:14.981  5683  5683 D leak-1816: Eastern Standard Time
08-14 13:55:14.985  9437  9437 W AccessibilityNodeInfoDumper: Fetch time: 1ms
08-14 13:55:14.985   594  1075 W WindowManager: Attempted to remove non-existing token: android.os.Binder@4fc83a6
08-14 13:55:14.993  9437  9437 D AndroidRuntime: Shutting down VM
08-14 13:55:16.033  9464  9464 D AndroidRuntime: >>>>>> START com.android.internal.os.RuntimeInit uid 0 <<<<<<
08-14 13:55:16.034  9464  9464 D AndroidRuntime: CheckJNI is OFF
08-14 13:55:16.042  9464  9464 D ICU     : No timezone override file found: /data/misc/zoneinfo/current/icu/icu_tzdata.dat
08-14 13:55:16.054  9464  9464 E memtrack: Couldn't load memtrack module (No such file or directory)
08-14 13:55:16.054  9464  9464 E android.os.Debug: failed to load memtrack module: -2
08-14 13:55:16.055  9464  9464 I Radio-JNI: register_android_hardware_Radio DONE
08-14 13:55:16.060  9464  9464 D AndroidRuntime: Calling main entry com.android.commands.uiautomator.Launcher
08-14 13:55:16.067  5683  5683 D leak-1815: Eastern Standard Time
08-14 13:55:16.067  5683  5683 D leak-1816: Eastern Standard Time
08-14 13:55:16.067  5683  5683 D leak-1815: Eastern Standard Time
08-14 13:55:16.067  5683  5683 D leak-1816: Eastern Standard Time
08-14 13:55:16.067  5683  5683 D leak-1815: Eastern Standard Time
08-14 13:55:16.067  5683  5683 D leak-1816: Eastern Standard Time
08-14 13:55:16.067  5683  5683 D leak-1815: Eastern Standard Time
08-14 13:55:16.067  5683  5683 D leak-1816: Eastern Standard Time
08-14 13:55:16.067  5683  5683 D leak-771: Eastern Standard Time
08-14 13:55:17.070  5683  5683 D leak-1815: Eastern Standard Time
08-14 13:55:17.070  5683  5683 D leak-1816: Eastern Standard Time
08-14 13:55:17.070  5683  5683 D leak-1815: Eastern Standard Time
08-14 13:55:17.070  5683  5683 D leak-1816: Eastern Standard Time
08-14 13:55:17.074  9464  9464 W AccessibilityNodeInfoDumper: Fetch time: 2ms
08-14 13:55:17.075   594   613 W WindowManager: Attempted to remove non-existing token: android.os.Binder@804d1e7
08-14 13:55:17.082  9464  9464 D AndroidRuntime: Shutting down VM
08-14 13:55:18.082  9489  9489 D AndroidRuntime: >>>>>> START com.android.internal.os.RuntimeInit uid 0 <<<<<<
08-14 13:55:18.082  9489  9489 D AndroidRuntime: CheckJNI is OFF
08-14 13:55:18.091  9489  9489 D ICU     : No timezone override file found: /data/misc/zoneinfo/current/icu/icu_tzdata.dat
08-14 13:55:18.103  9489  9489 E memtrack: Couldn't load memtrack module (No such file or directory)
08-14 13:55:18.103  9489  9489 E android.os.Debug: failed to load memtrack module: -2
08-14 13:55:18.103  9489  9489 I Radio-JNI: register_android_hardware_Radio DONE
08-14 13:55:18.108  9489  9489 D AndroidRuntime: Calling main entry com.android.commands.uiautomator.Launcher
08-14 13:55:18.115  5683  5683 D leak-1815: Eastern Standard Time
08-14 13:55:18.115  5683  5683 D leak-1816: Eastern Standard Time
08-14 13:55:18.115  5683  5683 D leak-1815: Eastern Standard Time
08-14 13:55:18.115  5683  5683 D leak-1816: Eastern Standard Time
08-14 13:55:18.115  5683  5683 D leak-1815: Eastern Standard Time
08-14 13:55:18.115  5683  5683 D leak-1816: Eastern Standard Time
08-14 13:55:18.116  5683  5683 D leak-1815: Eastern Standard Time
08-14 13:55:18.116  5683  5683 D leak-1816: Eastern Standard Time
08-14 13:55:18.116  5683  5683 D leak-771: Eastern Standard Time
08-14 13:55:19.117  5683  5683 D leak-1815: Eastern Standard Time
08-14 13:55:19.117  5683  5683 D leak-1816: Eastern Standard Time
08-14 13:55:19.118  5683  5683 D leak-1815: Eastern Standard Time
08-14 13:55:19.118  5683  5683 D leak-1816: Eastern Standard Time
08-14 13:55:19.123  9489  9489 W AccessibilityNodeInfoDumper: Fetch time: 2ms
08-14 13:55:19.123   594  1075 W WindowManager: Attempted to remove non-existing token: android.os.Binder@1abf194
08-14 13:55:19.131  9489  9489 D AndroidRuntime: Shutting down VM
08-14 13:55:19.539  9506  9506 D AndroidRuntime: >>>>>> START com.android.internal.os.RuntimeInit uid 0 <<<<<<
08-14 13:55:19.540  9506  9506 D AndroidRuntime: CheckJNI is OFF
08-14 13:55:19.549  9506  9506 D ICU     : No timezone override file found: /data/misc/zoneinfo/current/icu/icu_tzdata.dat
08-14 13:55:19.560  9506  9506 E memtrack: Couldn't load memtrack module (No such file or directory)
08-14 13:55:19.560  9506  9506 E android.os.Debug: failed to load memtrack module: -2
08-14 13:55:19.560  9506  9506 I Radio-JNI: register_android_hardware_Radio DONE
08-14 13:55:19.565  9506  9506 D AndroidRuntime: Calling main entry com.android.commands.uiautomator.Launcher
08-14 13:55:19.572  5683  5683 D leak-1815: Eastern Standard Time
08-14 13:55:19.572  5683  5683 D leak-1816: Eastern Standard Time
08-14 13:55:19.572  5683  5683 D leak-1815: Eastern Standard Time
08-14 13:55:19.572  5683  5683 D leak-1816: Eastern Standard Time
08-14 13:55:19.572  5683  5683 D leak-1815: Eastern Standard Time
08-14 13:55:19.573  5683  5683 D leak-1816: Eastern Standard Time
08-14 13:55:19.573  5683  5683 D leak-1815: Eastern Standard Time
08-14 13:55:19.573  5683  5683 D leak-1816: Eastern Standard Time
08-14 13:55:19.573  5683  5683 D leak-771: Eastern Standard Time
08-14 13:55:20.574  5683  5683 D leak-1815: Eastern Standard Time
08-14 13:55:20.574  5683  5683 D leak-1816: Eastern Standard Time
08-14 13:55:20.574  5683  5683 D leak-1815: Eastern Standard Time
08-14 13:55:20.574  5683  5683 D leak-1816: Eastern Standard Time
08-14 13:55:20.579  9506  9506 W AccessibilityNodeInfoDumper: Fetch time: 1ms
08-14 13:55:20.579   594   746 W WindowManager: Attempted to remove non-existing token: android.os.Binder@a5d3432
08-14 13:55:20.586  9506  9506 D AndroidRuntime: Shutting down VM
08-14 13:55:21.570  9529  9529 D AndroidRuntime: >>>>>> START com.android.internal.os.RuntimeInit uid 0 <<<<<<
08-14 13:55:21.572  9529  9529 D AndroidRuntime: CheckJNI is OFF
08-14 13:55:21.581  9529  9529 D ICU     : No timezone override file found: /data/misc/zoneinfo/current/icu/icu_tzdata.dat
08-14 13:55:21.593  9529  9529 E memtrack: Couldn't load memtrack module (No such file or directory)
08-14 13:55:21.593  9529  9529 E android.os.Debug: failed to load