08-14 13:54:28.015  5683  5683 D leak-1816: Eastern Standard Time
08-14 13:54:28.015  5683  5683 D leak-1815: Eastern Standard Time
08-14 13:54:28.015  5683  5683 D leak-1816: Eastern Standard Time
08-14 13:54:28.015  5683  5683 D leak-1815: Eastern Standard Time
08-14 13:54:28.015  5683  5683 D leak-1816: Eastern Standard Time
08-14 13:54:28.015  5683  5683 D leak-1815: Eastern Standard Time
08-14 13:54:28.015  5683  5683 D leak-1816: Eastern Standard Time
08-14 13:54:28.015  5683  5683 D leak-771: Eastern Standard Time
08-14 13:54:29.017  5683  5683 D leak-1815: Eastern Standard Time
08-14 13:54:29.017  5683  5683 D leak-1816: Eastern Standard Time
08-14 13:54:29.017  5683  5683 D leak-1815: Eastern Standard Time
08-14 13:54:29.017  5683  5683 D leak-1816: Eastern Standard Time
08-14 13:54:29.022  8360  8360 W AccessibilityNodeInfoDumper: Fetch time: 2ms
08-14 13:54:29.023   594   746 W WindowManager: Attempted to remove non-existing token: android.os.Binder@d83502b
08-14 13:54:29.030  8360  8360 D AndroidRuntime: Shutting down VM
08-14 13:54:29.430  8377  8377 D AndroidRuntime: >>>>>> START com.android.internal.os.RuntimeInit uid 0 <<<<<<
08-14 13:54:29.432  8377  8377 D AndroidRuntime: CheckJNI is OFF
08-14 13:54:29.441  8377  8377 D ICU     : No timezone override file found: /data/misc/zoneinfo/current/icu/icu_tzdata.dat
08-14 13:54:29.452  8377  8377 E memtrack: Couldn't load memtrack module (No such file or directory)
08-14 13:54:29.452  8377  8377 E android.os.Debug: failed to load memtrack module: -2
08-14 13:54:29.452  8377  8377 I Radio-JNI: register_android_hardware_Radio DONE
08-14 13:54:29.459  8377  8377 D AndroidRuntime: Calling main entry com.android.commands.uiautomator.Launcher
08-14 13:54:29.468  5683  5683 D leak-1815: Eastern Standard Time
08-14 13:54:29.468  5683  5683 D leak-1816: Eastern Standard Time
08-14 13:54:29.468  5683  5683 D leak-1815: Eastern Standard Time
08-14 13:54:29.468  5683  5683 D leak-1816: Eastern Standard Time
08-14 13:54:29.469  5683  5683 D leak-1815: Eastern Standard Time
08-14 13:54:29.469  5683  5683 D leak-1816: Eastern Standard Time
08-14 13:54:29.469  5683  5683 D leak-1815: Eastern Standard Time
08-14 13:54:29.469  5683  5683 D leak-1816: Eastern Standard Time
08-14 13:54:29.469  5683  5683 D leak-771: Eastern Standard Time
08-14 13:54:30.475  5683  5683 D leak-1815: Eastern Standard Time
08-14 13:54:30.475  5683  5683 D leak-1816: Eastern Standard Time
08-14 13:54:30.476  5683  5683 D leak-1815: Eastern Standard Time
08-14 13:54:30.476  5683  5683 D leak-1816: Eastern Standard Time
08-14 13:54:30.482  8377  8377 W AccessibilityNodeInfoDumper: Fetch time: 1ms
08-14 13:54:30.482   594  1071 W WindowManager: Attempted to remove non-existing token: android.os.Binder@e27d621
08-14 13:54:30.491  8377  8377 D AndroidRuntime: Shutting down VM
08-14 13:54:31.506  8402  8402 D AndroidRuntime: >>>>>> START com.android.internal.os.RuntimeInit uid 0 <<<<<<
08-14 13:54:31.506  8402  8402 D AndroidRuntime: CheckJNI is OFF
08-14 13:54:31.515  8402  8402 D ICU     : No timezone override file found: /data/misc/zoneinfo/current/icu/icu_tzdata.dat
08-14 13:54:31.528  8402  8402 E memtrack: Couldn't load memtrack module (No such file or directory)
08-14 13:54:31.528  8402  8402 E android.os.Debug: failed to load memtrack module: -2
08-14 13:54:31.528  8402  8402 I Radio-JNI: register_android_hardware_Radio DONE
08-14 13:54:31.535  8402  8402 D AndroidRuntime: Calling main entry com.android.commands.uiautomator.Launcher
08-14 13:54:31.543  5683  5683 D leak-1815: Eastern Standard Time
08-14 13:54:31.543  5683  5683 D leak-1816: Eastern Standard Time
08-14 13:54:31.543  5683  5683 D leak-1815: Eastern Standard Time
08-14 13:54:31.543  5683  5683 D leak-1816: Eastern Standard Time
08-14 13:54:31.544  5683  5683 D leak-1815: Eastern Standard Time
08-14 13:54:31.544  5683  5683 D leak-1816: Eastern Standard Time
08-14 13:54:31.544  5683  5683 D leak-1815: Eastern Standard Time
08-14 13:54:31.544  5683  5683 D leak-1816: Eastern Standard Time
08-14 13:54:31.544  5683  5683 D leak-771: Eastern Standard Time
08-14 13:54:32.556  5683  5683 D leak-1815: Eastern Standard Time
08-14 13:54:32.556  5683  5683 D leak-1816: Eastern Standard Time
08-14 13:54:32.556  5683  5683 D leak-1815: Eastern Standard Time
08-14 13:54:32.556  5683  5683 D leak-1816: Eastern Standard Time
08-14 13:54:32.561  8402  8402 W AccessibilityNodeInfoDumper: Fetch time: 2ms
08-14 13:54:32.561   594   735 W WindowManager: Attempted to remove non-existing token: android.os.Binder@8ba6a46
08-14 13:54:32.568  8402  8402 D AndroidRuntime: Shutting down VM
08-14 13:54:32.977  8419  8419 D AndroidRuntime: >>>>>> START com.android.internal.os.RuntimeInit uid 0 <<<<<<
08-14 13:54:32.979  8419  8419 D AndroidRuntime: CheckJNI is OFF
08-14 13:54:32.988  8419  8419 D ICU     : No timezone override file found: /data/misc/zoneinfo/current/icu/icu_tzdata.dat
08-14 13:54:32.999  8419  8419 E memtrack: Couldn't load memtrack module (No such file or directory)
08-14 13:54:32.999  8419  8419 E android.os.Debug: failed to load memtrack module: -2
08-14 13:54:33.000  8419  8419 I Radio-JNI: register_android_hardware_Radio DONE
08-14 13:54:33.005  8419  8419 D AndroidRuntime: Calling main entry com.android.commands.uiautomator.Launcher
08-14 13:54:33.013  5683  5683 D leak-1815: Eastern Standard Time
08-14 13:54:33.013  5683  5683 D leak-1816: Eastern Standard Time
08-14 13:54:33.013  5683  5683 D leak-1815: Eastern Standard Time
08-14 13:54:33.013  5683  5683 D leak-1816: Eastern Standard Time
08-14 13:54:33.013  5683  5683 D leak-1815: Eastern Standard Time
08-14 13:54:33.013  5683  5683 D leak-1816: Eastern Standard Time
08-14 13:54:33.013  5683  5683 D leak-1815: Eastern Standard Time
08-14 13:54:33.013  5683  5683 D leak-1816: Eastern Standard Time
08-14 13:54:33.013  5683  5683 D leak-771: Eastern Standard Time
08-14 13:54:34.014  5683  5683 D leak-1815: Eastern Standard Time
08-14 13:54:34.014  5683  5683 D leak-1816: Eastern Standard Time
08-14 13:54:34.014  5683  5683 D leak-1815: Eastern Standard Time
08-14 13:54:34.014  5683  5683 D leak-1816: Eastern Standard Time
08-14 13:54:34.018  8419  8419 W AccessibilityNodeInfoDumper: Fetch time: 1ms
08-14 13:54:34.018   594   735 W WindowManager: Attempted to remove non-existing token: android.os.Binder@be4c407
08-14 13:54:34.026  8419  8419 D AndroidRuntime: Shutting down VM
08-14 13:54:34.444  8433  8433 D AndroidRuntime: >>>>>> START com.android.internal.os.RuntimeInit uid 0 <<<<<<
08-14 13:54:34.445  8433  8433 D AndroidRuntime: CheckJNI is OFF
08-14 13:54:34.455  8433  8433 D ICU     : No timezone override file found: /data/misc/zoneinfo/current/icu/icu_tzdata.dat
08-14 13:54:34.466  8433  8433 E memtrack: Couldn't load memtrack module (No such file or directory)
08-14 13:54:34.466  8433  8433 E android.os.Debug: failed to load memtrack module: -2
08-14 13:54:34.466  8433  8433 I Radio-JNI: register_android_hardware_Radio DONE
08-14 13:54:34.473  8433  8433 D AndroidRuntime: Calling main entry com.android.commands.input.Input
08-14 13:54:34.474  8433  8433 I Input   : injectMotionEvent: MotionEvent { action=ACTION_DOWN, actionButton=0, id[0]=0, x[0]=600.0, y[0]=1776.0, toolType[0]=TOOL_TYPE_UNKNOWN, buttonState=0, metaState=0, flags=0x0, edgeFlags=0x0, pointerCount=1, historySize=0, eventTime=394422, downTime=394422, deviceId=0, source=0x1002 }
08-14 13:54:34.476  8433  8433 I Input   : injectMotionEvent: MotionEvent { action=ACTION_MOVE, actionButton=0, id[0]=0, x[0]=600.0, y[0]=1776.0, toolType[0]=TOOL_TYPE_UNKNOWN, buttonState=0, metaState=0, flags=0x0, edgeFlags=0x0, pointerCount=1, historySize=0, eventTime=394422, downTime=394422, deviceId=0, source=0x1002 }
08-14 13:54:34.485  8433  8433 I Input   : injectMotionEvent: MotionEvent { action=ACTION_MOVE, actionButton=0, id[0]=0, x[0]=600.0, y[0]=1776.0, toolType[0]=TOOL_TYPE_UNKNOWN, buttonState=0, metaState=0, flags=0x0, edgeFlags=0x0, pointerCount=1, historySize=0, eventTime=394434, downTime=394434, deviceId=0, source=0x1002 }
08-14 13:54:34.505  8433  8433 I Input   : injectMotionEvent: MotionEvent { action=ACTION_MOVE, actionButton=0, id[0]=0, x[0]=600.0, y[0]=1776.0, toolType[0]=TOOL_TYPE_UNKNOWN, buttonState=0, metaState=0, flags=0x0, edgeFlags=0x0, pointerCount=1, historySize=0, eventTime=394453, downTime=394453, deviceId=0, source=0x1002 }
08-14 13:54:34.519  8433  8433 I Input   : injectMotionEvent: MotionEvent { action=ACTION_MOVE, actionButton=0, id[0]=0, x[0]=600.0, y[0]=1776.0, toolType[0]=TOOL_TYPE_UNKNOWN, buttonState=0, metaState=0, flags=0x0, edgeFlags=0x0, pointerCount=1, historySize=0, eventTime=394468, downTime=394468, deviceId=0, source=0x1002 }
08-14 13:54:34.535  8433  8433 I Input   : injectMotionEvent: MotionEvent { action=ACTION_MOVE, actionButton=0, id[0]=0, x[0]=600.0, y[0]=1776.0, toolType[0]=TOOL_TYPE_UNKNOWN, buttonState=0, metaState=0, flags=0x0, edgeFlags=0x0, pointerCount=1, historySize=0, eventTime=394484, downTime=394484, deviceId=0, source=0x1002 }
08-14 13:54:34.555  8433  8433 I Input   : injectMotionEvent: MotionEvent { action=ACTION_MOVE, actionButton=0, id[0]=0, x[0]=600.0, y[0]=1776.0, toolType[0]=TOOL_TYPE_UNKNOWN, buttonState=0, metaState=0, flags=0x0, edgeFlags=0x0, pointerCount=1, historySize=0, eventTime=394503, downTime=394503, deviceId=0, source=0x1002 }
08-14 13:54:34.570  8433  8433 I Input   : injectMotionEvent: MotionEvent { action=ACTION_MOVE, actionButton=0, id[0]=0, x[0]=600.0, y[0]=1776.0, toolType[0]=TOOL_TYPE_UNKNOWN, buttonState=0, metaState=0, flags=0x0, edgeFlags=0x0, pointerCount=1, historySize=0, eventTime=394519, downTime=394519, deviceId=0, source=0x1002 }
08-14 13:54:34.585  8433  8433 I Input   : injectMotionEvent: MotionEvent { action=ACTION_MOVE, actionButton=0, id[0]=0, x[0]=600.0, y[0]=1776.0, toolType[0]=TOOL_TYPE_UNKNOWN, buttonState=0, metaState=0, flags=0x0, edgeFlags=0x0, pointerCount=1, historySize=0, eventTime=394534, downTime=394534, deviceId=0, source=0x1002 }
08-14 13:54:34.603  8433  8433 I Input   : injectMotionEvent: MotionEvent { action=ACTION_MOVE, actionButton=0, id[0]=0, x[0]=600.0, y[0]=1776.0, toolType[0]=TOOL_TYPE_UNKNOWN, buttonState=0, metaState=0, flags=0x0, edgeFlags=0x0, pointerCount=1, historySize=0, eventTime=394552, downTime=394552, deviceId=0, source=0x1002 }
08-14 13:54:34.619  8433  8433 I Input   : injectMotionEvent: MotionEvent { action=ACTION_MOVE, actionButton=0, id[0]=0, x[0]=600.0, y[0]=1776.0, toolType[0]=TOOL_TYPE_UNKNOWN, buttonState=0, metaState=0, flags=0x0, edgeFlags=0x0, pointerCount=1, historySize=0, eventTime=394567, downTime=394567, deviceId=0, source=0x1002 }
08-14 13:54:34.638  8433  8433 I Input   : injectMotionEvent: MotionEvent { action=ACTION_MOVE, actionButton=0, id[0]=0, x[0]=600.0, y[0]=1776.0, toolType[0]=TOOL_TYPE_UNKNOWN, buttonState=0, metaState=0, flags=0x0, edgeFlags=0x0, pointerCount=1, historySize=0, eventTime=394586, downTime=394586, deviceId=0, source=0x1002 }
08-14 13:54:34.652  8433  8433 I Input   : injectMotionEvent: MotionEvent { action=ACTION_MOVE, actionButton=0, id[0]=0, x[0]=600.0, y[0]=1776.0, toolType[0]=TOOL_TYPE_UNKNOWN, buttonState=0, metaState=0, flags=0x0, edgeFlags=0x0, pointerCount=1, historySize=0, eventTime=394601, downTime=394601, deviceId=0, source=0x1002 }
08-14 13:54:34.671  8433  8433 I Input   : injectMotionEvent: MotionEvent { action=ACTION_MOVE, actionButton=0, id[0]=0, x[0]=600.0, y[0]=1776.0, toolType[0]=TOOL_TYPE_UNKNOWN, buttonState=0, metaState=0, flags=0x0, edgeFlags=0x0, pointerCount=1, historySize=0, eventTime=394620, downTime=394620, deviceId=0, source=0x1002 }
08-14 13:54:34.687  8433  8433 I Input   : injectMotionEvent: MotionEvent { action=ACTION_MOVE, actionButton=0, id[0]=0, x[0]=600.0, y[0]=1776.0, toolType[0]=TOOL_TYPE_UNKNOWN, buttonState=0, metaState=0, flags=0x0, edgeFlags=0x0, pointerCount=1, historySize=0, eventTime=394635, downTime=394635, deviceId=0, source=0x1002 }
08-14 13:54:34.702  8433  8433 I Input   : injectMotionEvent: MotionEvent { action=ACTION_MOVE, actionButton=0, id[0]=0, x[0]=600.0, y[0]=1776.0, toolType[0]=TOOL_TYPE_UNKNOWN, buttonState=0, metaState=0, flags=0x0, edgeFlags=0x0, pointerCount=1, historySize=0, eventTime=394651, downTime=394651, deviceId=0, source=0x1002 }
08-14 13:54:34.722  8433  8433 I Input   : injectMotionEvent: MotionEvent { action=ACTION_MOVE, actionButton=0, id[0]=0, x[0]=600.0, y[0]=1776.0, toolType[0]=TOOL_TYPE_UNKNOWN, buttonState=0, metaState=0, flags=0x0, edgeFlags=0x0, pointerCount=1, historySize=0, eventTime=394670, downTime=394670, deviceId=0, source=0x1002 }
08-14 13:54:34.736  8433  8433 I Input   : injectMotionEvent: MotionEvent { action=ACTION_MOVE, actionButton=0, id[0]=0, x[0]=600.0, y[0]=1776.0, toolType[0]=TOOL_TYPE_UNKNOWN, buttonState=0, metaState=0, flags=0x0, edgeFlags=0x0, pointerCount=1, historySize=0, eventTime=394685, downTime=394685, deviceId=0, source=0x1002 }
08-14 13:54:34.755  8433  8433 I Input   : injectMotionEvent: MotionEvent { action=ACTION_MOVE, actionButton=0, id[0]=0, x[0]=600.0, y[0]=1776.0, toolType[0]=TOOL_TYPE_UNKNOWN, buttonState=0, metaState=0, flags=0x0, edgeFlags=0x0, pointerCount=1, historySize=0, eventTime=394703, downTime=394703, deviceId=0, source=0x1002 }
08-14 13:54:34.771  8433  8433 I Input   : injectMotionEvent: MotionEvent { action=ACTION_MOVE, actionButton=0, id[0]=0, x[0]=600.0, y[0]=1776.0, toolType[0]=TOOL_TYPE_UNKNOWN, buttonState=0, metaState=0, flags=0x0, edgeFlags=0x0, pointerCount=1, historySize=0, eventTime=394719, downTime=394719, deviceId=0, source=0x1002 }
08-14 13:54:34.787  8433  8433 I Input   : injectMotionEvent: MotionEvent { action=ACTION_MOVE, actionButton=0, id[0]=0, x[0]=600.0, y[0]=1776.0, toolType[0]=TOOL_TYPE_UNKNOWN, buttonState=0, metaState=0, flags=0x0, edgeFlags=0x0, pointerCount=1, historySize=0, eventTime=394735, downTime=394735, deviceId=0, source=0x1002 }
08-14 13:54:34.804  8433  8433 I Input   : injectMotionEvent: MotionEvent { action=ACTION_MOVE, actionButton=0, id[0]=0, x[0]=600.0, y[0]=1776.0, toolType[0]=TOOL_TYPE_UNKNOWN, buttonState=0, metaState=0, flags=0x0, edgeFlags=0x0, pointerCount=1, historySize=0, eventTime=394752, downTime=394752, deviceId=0, source=0x1002 }
08-14 13:54:34.821  8433  8433 I Input   : injectMotionEvent: MotionEvent { action=ACTION_MOVE, actionButton=0, id[0]=0, x[0]=600.0, y[0]=1776.0, toolType[0]=TOOL_TYPE_UNKNOWN, buttonState=0, metaState=0, flags=0x0, edgeFlags=0x0, pointerCount=1, historySize=0, eventTime=394769, downTime=394769, deviceId=0, source=0x1002 }
08-14 13:54:34.836  8433  8433 I Input   : injectMotionEvent: MotionEvent { action=ACTION_MOVE, actionButton=0, id[0]=0, x[0]=600.0, y[0]=1776.0, toolType[0]=TOOL_TYPE_UNKNOWN, buttonState=0, metaState=0, flags=0x0, edgeFlags=0x0, pointerCount=1, historySize=0, eventTime=394784, downTime=394784, deviceId=0, source=0x1002 }
08-14 13:54:34.852  8433  8433 I Input   : injectMotionEvent: MotionEvent { action=ACTION_MOVE, actionButton=0, id[0]=0, x[0]=600.0, y[0]=1776.0, toolType[0]=TOOL_TYPE_UNKNOWN, buttonState=0, metaState=0, flags=0x0, edgeFlags=0x0, pointerCount=1, historySize=0, eventTime=394800, downTime=394800, deviceId=0, source=0x1002 }
08-14 13:54:34.870  8433  8433 I Input   : injectMotionEvent: MotionEvent { action=ACTION_MOVE, actionButton=0, id[0]=0, x[0]=600.0, y[0]=1776.0, toolType[0]=TOOL_TYPE_UNKNOWN, buttonState=0, metaState=0, flags=0x0, edgeFlags=0x0, pointerCount=1, historySize=0, eventTime=394818, downTime=394818, deviceId=0, source=0x1002 }
08-14 13:54:34.886  8433  8433 I Input   : injectMotionEvent: MotionEvent { action=ACTION_MOVE, actionButton=0, id[0]=0, x[0]=600.0, y[0]=1776.0, toolType[0]=TOOL_TYPE_UNKNOWN, buttonState=0, metaState=0, flags=0x0, edgeFlags=0x0, pointerCount=1, historySize=0, eventTime=394834, downTime=394834, deviceId=0, source=0x1002 }
08-14 13:54:34.904  8433  8433 I Input   : injectMotionEvent: MotionEvent { action=ACTION_MOVE, actionButton=0, id[0]=0, x[0]=600.0, y[0]=1776.0, toolType[0]=TOOL_TYPE_UNKNOWN, buttonState=0, metaState=0, flags=0x0, edgeFlags=0x0, pointerCount=1, historySize=0, eventTime=394853, downTime=394853, deviceId=0, source=0x1002 }
08-14 13:54:34.919  8433  8433 I Input   : injectMotionEvent: MotionEvent { action=ACTION_MOVE, actionButton=0, id[0]=0, x[0]=600.0, y[0]=1776.0, toolType[0]=TOOL_TYPE_UNKNOWN, buttonState=0, metaState=0, flags=0x0, edgeFlags=0x0, pointerCount=1, historySize=0, eventTime=394867, downTime=394867, deviceId=0, source=0x1002 }
08-14 13:54:34.937  8433  8433 I Input   : injectMotionEvent: MotionEvent { action=ACTION_MOVE, actionButton=0, id[0]=0, x[0]=600.0, y[0]=1776.0, toolType[0]=TOOL_TYPE_UNKNOWN, buttonState=0, metaState=0, flags=0x0, edgeFlags=0x0, pointerCount=1, historySize=0, eventTime=394885, downTime=394885, deviceId=0, source=0x1002 }
08-14 13:54:34.952  8433  8433 I Input   : injectMotionEvent: MotionEvent { action=ACTION_MOVE, actionButton=0, id[0]=0, x[0]=600.0, y[0]=1776.0, toolType[0]=TOOL_TYPE_UNKNOWN, buttonState=0, metaState=0, flags=0x0, edgeFlags=0x0, pointerCount=1, historySize=0, eventTime=394900, downTime=394900, deviceId=0, source=0x1002 }
08-14 13:54:34.972  8433  8433 I Input   : injectMotionEvent: MotionEvent { action=ACTION_MOVE, actionButton=0, id[0]=0, x[0]=600.0, y[0]=1776.0, toolType[0]=TOOL_TYPE_UNKNOWN, buttonState=0, metaState=0, flags=0x0, edgeFlags=0x0, pointerCount=1, historySize=0, eventTime=394920, downTime=394920, deviceId=0, source=0x1002 }
08-14 13:54:34.976  5683  5683 D leak-2490: Eastern Standard Time
08-14 13:54:34.987  8433  8433 I Input   : injectMotionEvent: MotionEvent { action=ACTION_MOVE, actionButton=0, id[0]=0, x[0]=600.0, y[0]=1776.0, toolType[0]=TOOL_TYPE_UNKNOWN, buttonState=0, metaState=0, flags=0x0, edgeFlags=0x0, pointerCount=1, historySize=0, eventTime=394935, downTime=394935, deviceId=0, source=0x1002 }
08-14 13:54:35.009  5683  5699 W EGL_emulation: eglSurfaceAttrib not implemented
08-14 13:54:35.010  5683  5699 W OpenGLRenderer: Failed to set EGL_SWAP_BEHAVIOR on surface 0xee8af620, error=EGL_SUCCESS
08-14 13:54:35.013  8433  8433 I Input   : injectMotionEvent: MotionEvent { action=ACTION_MOVE, actionButton=0, id[0]=0, x[0]=600.0, y[0]=1776.0, toolType[0]=TOOL_TYPE_UNKNOWN, buttonState=0, metaState=0, flags=0x0, edgeFlags=0x0, pointerCount=1, historySize=0, eventTime=394961, downTime=394961, deviceId=0, source=0x1002 }
08-14 13:54:35.017  5683  5699 V RenderScript: 0xe8dad000 Launching thread(s), CPUs 4
08-14 13:54:35.024  8433  8433 I Input   : injectMotionEvent: MotionEvent { action=ACTION_MOVE, actionButton=0, id[0]=0, x[0]=600.0, y[0]=1776.0, toolType[0]=TOOL_TYPE_UNKNOWN, buttonState=0, metaState=0, flags=0x0, edgeFlags=0x0, pointerCount=1, historySize=0, eventTime=394973, downTime=394973, deviceId=0, source=0x1002 }
08-14 13:54:35.036  8433  8433 I Input   : injectMotionEvent: MotionEvent { action=ACTION_MOVE, actionButton=0, id[0]=0, x[0]=600.0, y[0]=1776.0, toolType[0]=TOOL_TYPE_UNKNOWN, buttonState=0, metaState=0, flags=0x0, edgeFlags=0x0, pointerCount=1, historySize=0, eventTime=394984, downTime=394984, deviceId=0, source=0x1002 }
08-14 13:54:35.054  8433  8433 I Input   : injectMotionEvent: MotionEvent { action=ACTION_MOVE, actionButton=0, id[0]=0, x[0]=600.0, y[0]=1776.0, toolType[0]=TOOL_TYPE_UNKNOWN, buttonState=0, metaState=0, flags=0x0, edgeFlags=0x0, pointerCount=1, historySize=0, eventTime=395003, downTime=395003, deviceId=0, source=0x1002 }
08-14 13:54:35.070  8433  8433 I Input   : injectMotionEvent: MotionEvent { action=ACTION_MOVE, actionButton=0, id[0]=0, x[0]=600.0, y[0]=1776.0, toolType[0]=TOOL_TYPE_UNKNOWN, buttonState=0, metaState=0, flags=0x0, edgeFlags=0x0, pointerCount=1, historySize=0, eventTime=395018, downTime=395018, deviceId=0, source=0x1002 }
08-14 13:54:35.087  8433  8433 I Input   : injectMotionEvent: MotionEvent { action=ACTION_MOVE, actionButton=0, id[0]=0, x[0]=600.0, y[0]=1776.0, toolType[0]=TOOL_TYPE_UNKNOWN, buttonState=0, metaState=0, flags=0x0, edgeFlags=0x0, pointerCount=1, historySize=0, eventTime=395035, downTime=395035, deviceId=0, source=0x1002 }
08-14 13:54:35.105  8433  8433 I Input   : injectMotionEvent: MotionEvent { action=ACTION_MOVE, actionButton=0, id[0]=0, x[0]=600.0, y[0]=1776.0, toolType[0]=TOOL_TYPE_UNKNOWN, buttonState=0, metaState=0, flags=0x0, edgeFlags=0x0, pointerCount=1, historySize=0, eventTime=395053, downTime=395053, deviceId=0, source=0x1002 }
08-14 13:54:35.122  8433  8433 I Input   : injectMotionEvent: MotionEvent { action=ACTION_MOVE, actionButton=0, id[0]=0, x[0]=600.0, y[0]=1776.0, toolType[0]=TOOL_TYPE_UNKNOWN, buttonState=0, metaState=0, flags=0x0, edgeFlags=0x0, pointerCount=1, historySize=0, eventTime=395070, downTime=395070, deviceId=0, source=0x1002 }
08-14 13:54:35.137  8433  8433 I Input   : injectMotionEvent: MotionEvent { action=ACTION_MOVE, actionButton=0, id[0]=0, x[0]=600.0, y[0]=1776.0, toolType[0]=TOOL_TYPE_UNKNOWN, buttonState=0, metaState=0, flags=0x0, edgeFlags=0x0, pointerCount=1, historySize=0, eventTime=395085, downTime=395085, deviceId=0, source=0x1002 }
08-14 13:54:35.154  8433  8433 I Input   : injectMotionEvent: MotionEvent { action=ACTION_MOVE, actionButton=0, id[0]=0, x[0]=600.0, y[0]=1776.0, toolType[0]=TOOL_TYPE_UNKNOWN, buttonState=0, metaState=0, flags=0x0, edgeFlags=0x0, pointerCount=1, historySize=0, eventTime=395102, downTime=395102, deviceId=0, source=0x1002 }
08-14 13:54:35.171  8433  8433 I Input   : injectMotionEvent: MotionEvent { action=ACTION_MOVE, actionButton=0, id[0]=0, x[0]=600.0, y[0]=1776.0, toolType[0]=TOOL_TYPE_UNKNOWN, buttonState=0, metaState=0, flags=0x0, edgeFlags=0x0, pointerCount=1, historySize=0, eventTime=395119, downTime=395119, deviceId=0, source=0x1002 }
08-14 13:54:35.187  8433  8433 I Input   : injectMotionEvent: MotionEvent { action=ACTION_MOVE, actionButton=0, id[0]=0, x[0]=600.0, y[0]=1776.0, toolType[0]=TOOL_TYPE_UNKNOWN, buttonState=0, metaState=0, flags=0x0, edgeFlags=0x0, pointerCount=1, historySize=0, eventTime=395135, downTime=395135, deviceId=0, source=0x1002 }
08-14 13:54:35.204  8433  8433 I Input   : injectMotionEvent: MotionEvent { action=ACTION_MOVE, actionButton=0, id[0]=0, x[0]=600.0, y[0]=1776.0, toolType[0]=TOOL_TYPE_UNKNOWN, buttonState=0, metaState=0, flags=0x0, edgeFlags=0x0, pointerCount=1, historySize=0, eventTime=395153, downTime=395153, deviceId=0, source=0x1002 }
08-14 13:54:35.220  8433  8433 I Input   : injectMotionEvent: MotionEvent { action=ACTION_MOVE, actionButton=0, id[0]=0, x[0]=600.0, y[0]=1776.0, toolType[0]=TOOL_TYPE_UNKNOWN, buttonState=0, metaState=0, flags=0x0, edgeFlags=0x0, pointerCount=1, historySize=0, eventTime=395168, downTime=395168, deviceId=0, source=0x1002 }
08-14 13:54:35.237  8433  8433 I Input   : injectMotionEvent: MotionEvent { action=ACTION_MOVE, actionButton=0, id[0]=0, x[0]=600.0, y[0]=1776.0, toolType[0]=TOOL_TYPE_UNKNOWN, buttonState=0, metaState=0, flags=0x0, edgeFlags=0x0, pointerCount=1, historySize=0, eventTime=395186, downTime=395186, deviceId=0, source=0x1002 }
08-14 13:54:35.254  8433  8433 I Input   : injectMotionEvent: MotionEvent { action=ACTION_MOVE, actionButton=0, id[0]=0, x[0]=600.0, y[0]=1776.0, toolType[0]=TOOL_TYPE_UNKNOWN, buttonState=0, metaState=0, flags=0x0, edgeFlags=0x0, pointerCount=1, historySize=0, eventTime=395203, downTime=395203, deviceId=0, source=0x1002 }
08-14 13:54:35.271  8433  8433 I Input   : injectMotionEvent: MotionEvent { action=ACTION_MOVE, actionButton=0, id[0]=0, x[0]=600.0, y[0]=1776.0, toolType[0]=TOOL_TYPE_UNKNOWN, buttonState=0, metaState=0, flags=0x0, edgeFlags=0x0, pointerCount=1, historySize=0, eventTime=395219, downTime=395219, deviceId=0, source=0x1002 }
08-14 13:54:35.287  8433  8433 I Input   : injectMotionEvent: MotionEvent { action=ACTION_MOVE, actionButton=0, id[0]=0, x[0]=600.0, y[0]=1776.0, toolType[0]=TOOL_TYPE_UNKNOWN, buttonState=0, metaState=0, flags=0x0, edgeFlags=0x0, pointerCount=1, historySize=0, eventTime=395235, downTime=395235, deviceId=0, source=0x1002 }
08-14 13:54:35.304  8433  8433 I Input   : injectMotionEvent: MotionEvent { action=ACTION_MOVE, actionButton=0, id[0]=0, x[0]=600.0, y[0]=1776.0, toolType[0]=TOOL_TYPE_UNKNOWN, buttonState=0, metaState=0, flags=0x0, edgeFlags=0x0, pointerCount=1, historySize=0, eventTime=395252, downTime=395252, deviceId=0, source=0x1002 }
08-14 13:54:35.321  8433  8433 I Input   : injectMotionEvent: MotionEvent { action=ACTION_MOVE, actionButton=0, id[0]=0, x[0]=600.0, y[0]=1776.0, toolType[0]=TOOL_TYPE_UNKNOWN, buttonState=0, metaState=0, flags=0x0, edgeFlags=0x0, pointerCount=1, historySize=0, eventTime=395269, downTime=395269, deviceId=0, source=0x1002 }
08-14 13:54:35.335  8433  8433 I Input   : injectMotionEvent: MotionEvent { action=ACTION_MOVE, actionButton=0, id[0]=0, x[0]=600.0, y[0]=1776.0, toolType[0]=TOOL_TYPE_UNKNOWN, buttonState=0, metaState=0, flags=0x0, edgeFlags=0x0, pointerCount=1, historySize=0, eventTime=395284, downTime=395284, deviceId=0, source=0x1002 }
08-14 13:54:35.355  8433  8433 I Input   : injectMotionEvent: MotionEvent { action=ACTION_MOVE, actionButton=0, id[0]=0, x[0]=600.0, y[0]=1776.0, toolType[0]=TOOL_TYPE_UNKNOWN, buttonState=0, metaState=0, flags=0x0, edgeFlags=0x0, pointerCount=1, historySize=0, eventTime=395303, downTime=395303, deviceId=0, source=0x1002 }
08-14 13:54:35.371  8433  8433 I Input   : injectMotionEvent: MotionEvent { action=ACTION_MOVE, actionButton=0, id[0]=0, x[0]=600.0, y[0]=1776.0, toolType[0]=TOOL_TYPE_UNKNOWN, buttonState=0, metaState=0, flags=0x0, edgeFlags=0x0, pointerCount=1, historySize=0, eventTime=395319, downTime=395319, deviceId=0, source=0x1002 }
08-14 13:54:35.385  8433  8433 I Input   : injectMotionEvent: MotionEvent { action=ACTION_MOVE, actionButton=0, id[0]=0, x[0]=600.0, y[0]=1776.0, toolType[0]=TOOL_TYPE_UNKNOWN, buttonState=0, metaState=0, flags=0x0, edgeFlags=0x0, pointerCount=1, historySize=0, eventTime=395334, downTime=395334, deviceId=0, source=0x1002 }
08-14 13:54:35.404  8433  8433 I Input   : injectMotionEvent: MotionEvent { action=ACTION_MOVE, actionButton=0, id[0]=0, x[0]=600.0, y[0]=1776.0, toolType[0]=TOOL_TYPE_UNKNOWN, buttonState=0, metaState=0, flags=0x0, edgeFlags=0x0, pointerCount=1, historySize=0, eventTime=395352, downTime=395352, deviceId=0, source=0x1002 }
08-14 13:54:35.419  8433  8433 I Input   : injectMotionEvent: MotionEvent { action=ACTION_MOVE, actionButton=0, id[0]=0, x[0]=600.0, y[0]=1776.0, toolType[0]=TOOL_TYPE_UNKNOWN, buttonState=0, metaState=0, flags=0x0, edgeFlags=0x0, pointerCount=1, historySize=0, eventTime=395367, downTime=395367, deviceId=0, source=0x1002 }
08-14 13:54:35.437  8433  8433 I Input   : injectMotionEvent: MotionEvent { action=ACTION_MOVE, actionButton=0, id[0]=0, x[0]=600.0, y[0]=1776.0, toolType[0]=TOOL_TYPE_UNKNOWN, buttonState=0, metaState=0, flags=0x0, edgeFlags=0x0, pointerCount=1, historySize=0, eventTime=395385, downTime=395385, deviceId=0, source=0x1002 }
08-14 13:54:35.453  8433  8433 I Input   : injectMotionEvent: MotionEvent { action=ACTION_MOVE, actionButton=0, id[0]=0, x[0]=600.0, y[0]=1776.0, toolType[0]=TOOL_TYPE_UNKNOWN, buttonState=0, metaState=0, flags=0x0, edgeFlags=0x0, pointerCount=1, historySize=0, eventTime=395401, downTime=395401, deviceId=0, source=0x1002 }
08-14 13:54:35.469  8433  8433 I Input   : injectMotionEvent: MotionEvent { action=ACTION_MOVE, actionButton=0, id[0]=0, x[0]=600.0, y[0]=1776.0, toolType[0]=TOOL_TYPE_UNKNOWN, buttonState=0, metaState=0, flags=0x0, edgeFlags=0x0, pointerCount=1, historySize=0, eventTime=395417, downTime=395417, deviceId=0, source=0x1002 }
08-14 13:54:35.486  8433  8433 I Input   : injectMotionEvent: MotionEvent { action=ACTION_MOVE, actionButton=0, id[0]=0, x[0]=600.0, y[0]=1776.0, toolType[0]=TOOL_TYPE_UNKNOWN, buttonState=0, metaState=0, flags=0x0, edgeFlags=0x0, pointerCount=1, historySize=0, eventTime=395435, downTime=395435, deviceId=0, source=0x1002 }
08-14 13:54:35.504  8433  8433 I Input   : injectMotionEvent: MotionEvent { action=ACTION_MOVE, actionButton=0, id[0]=0, x[0]=600.0, y[0]=1776.0, toolType[0]=TOOL_TYPE_UNKNOWN, buttonState=0, metaState=0, flags=0x0, edgeFlags=0x0, pointerCount=1, historySize=0, eventTime=395453, downTime=395453, deviceId=0, source=0x1002 }
08-14 13:54:35.519  8433  8433 I Input   : injectMotionEvent: MotionEvent { action=ACTION_MOVE, actionButton=0, id[0]=0, x[0]=600.0, y[0]=1776.0, toolType[0]=TOOL_TYPE_UNKNOWN, buttonState=0, metaState=0, flags=0x0, edgeFlags=0x0, pointerCount=1, historySize=0, eventTime=395467, downTime=395467, deviceId=0, source=0x1002 }
08-14 13:54:35.537  8433  8433 I Input   : injectMotionEvent: MotionEvent { action=ACTION_MOVE, actionButton=0, id[0]=0, x[0]=600.0, y[0]=1776.0, toolType[0]=TOOL_TYPE_UNKNOWN, buttonState=0, metaState=0, flags=0x0, edgeFlags=0x0, pointerCount=1, historySize=0, eventTime=395485, downTime=395485, deviceId=0, source=0x1002 }
08-14 13:54:35.555  8433  8433 I Input   : injectMotionEvent: MotionEvent { action=ACTION_MOVE, actionButton=0, id[0]=0, x[0]=600.0, y[0]=1776.0, toolType[0]=TOOL_TYPE_UNKNOWN, buttonState=0, metaState=0, flags=0x0, edgeFlags=0x0, pointerCount=1, historySize=0, eventTime=395503, downTime=395503, deviceId=0, source=0x1002 }
08-14 13:54:35.569  8433  8433 I Input   : injectMotionEvent: MotionEvent { action=ACTION_MOVE, actionButton=0, id[0]=0, x[0]=600.0, y[0]=1776.0, toolType[0]=TOOL_TYPE_UNKNOWN, buttonState=0, metaState=0, flags=0x0, edgeFlags=0x0, pointerCount=1, historySize=0, eventTime=395517, downTime=395517, deviceId=0, source=0x1002 }
08-14 13:54:35.588  8433  8433 I Input   : injectMotionEvent: MotionEvent { action=ACTION_MOVE, actionButton=0, id[0]=0, x[0]=600.0, y[0]=1776.0, toolType[0]=TOOL_TYPE_UNKNOWN, buttonState=0, metaState=0, flags=0x0, edgeFlags=0x0, pointerCount=1, historySize=0, eventTime=395537, downTime=395537, deviceId=0, source=0x1002 }
08-14 13:54:35.602  8433  8433 I Input   : injectMotionEvent: MotionEvent { action=ACTION_MOVE, actionButton=0, id[0]=0, x[0]=600.0, y[0]=1776.0, toolType[0]=TOOL_TYPE_UNKNOWN, buttonState=0, metaState=0, flags=0x0, edgeFlags=0x0, pointerCount=1, historySize=0, eventTime=395551, downTime=395551, deviceId=0, source=0x1002 }
08-14 13:54:35.620  8433  8433 I Input   : injectMotionEvent: MotionEvent { action=ACTION_MOVE, actionButton=0, id[0]=0, x[0]=600.0, y[0]=1776.0, toolType[0]=TOOL_TYPE_UNKNOWN, buttonState=0, metaState=0, flags=0x0, edgeFlags=0x0, pointerCount=1, historySize=0, eventTime=395568, downTime=395568, deviceId=0, source=0x1002 }
08-14 13:54:35.636  8433  8433 I Input   : injectMotionEvent: MotionEvent { action=ACTION_MOVE, actionButton=0, id[0]=0, x[0]=600.0, y[0]=1776.0, toolType[0]=TOOL_TYPE_UNKNOWN, buttonState=0, metaState=0, flags=0x0, edgeFlags=0x0, pointerCount=1, historySize=0, eventTime=395585, downTime=395585, deviceId=0, source=0x1002 }
08-14 13:54:35.653  8433  8433 I Input   : injectMotionEvent: MotionEvent { action=ACTION_MOVE, actionButton=0, id[0]=0, x[0]=600.0, y[0]=1776.0, toolType[0]=TOOL_TYPE_UNKNOWN, buttonState=0, metaState=0, flags=0x0, edgeFlags=0x0, pointerCount=1, historySize=0, eventTime=395601, downTime=395601, deviceId=0, source=0x1002 }
08-14 13:54:35.674  8433  8433 I Input   : injectMotionEvent: MotionEvent { action=ACTION_MOVE, actionButton=0, id[0]=0, x[0]=600.0, y[0]=1776.0, toolType[0]=TOOL_TYPE_UNKNOWN, buttonState=0, metaState=0, flags=0x0, edgeFlags=0x0, pointerCount=1, historySize=0, eventTime=395623, downTime=395623, deviceId=0, source=0x1002 }
08-14 13:54:35.686  8433  8433 I Input   : injectMotionEvent: MotionEvent { action=ACTION_MOVE, actionButton=0, id[0]=0, x[0]=600.0, y[0]=1776.0, toolType[0]=TOOL_TYPE_UNKNOWN, buttonState=0, metaState=0, flags=0x0, edgeFlags=0x0, pointerCount=1, historySize=0, eventTime=395635, downTime=395635, deviceId=0, source=0x1002 }
08-14 13:54:35.705  8433  8433 I Input   : injectMotionEvent: MotionEvent { action=ACTION_MOVE, actionButton=0, id[0]=0, x[0]=600.0, y[0]=1776.0, toolType[0]=TOOL_TYPE_UNKNOWN, buttonState=0, metaState=0, flags=0x0, edgeFlags=0x0, pointerCount=1, historySize=0, eventTime=395654, downTime=395654, deviceId=0, source=0x1002 }
08-14 13:54:35.719  8433  8433 I Input   : injectMotionEvent: MotionEvent { action=ACTION_MOVE, actionButton=0, id[0]=0, x[0]=600.0, y[0]=1776.0, toolType[0]=TOOL_TYPE_UNKNOWN, buttonState=0, metaState=0, flags=0x0, edgeFlags=0x0, pointerCount=1, historySize=0, eventTime=395667, downTime=395667, deviceId=0, source=0x1002 }
08-14 13:54:35.736  8433  8433 I Input   : injectMotionEvent: MotionEvent { action=ACTION_MOVE, actionButton=0, id[0]=0, x[0]=600.0, y[0]=1776.0, toolType[0]=TOOL_TYPE_UNKNOWN, buttonState=0, metaState=0, flags=0x0, edgeFlags=0x0, pointerCount=1, historySize=0, eventTime=395684, downTime=395684, deviceId=0, source=0x1002 }
08-14 13:54:35.755  8433  8433 I Input   : injectMotionEvent: MotionEvent { action=ACTION_MOVE, actionButton=0, id[0]=0, x[0]=600.0, y[0]=1776.0, toolType[0]=TOOL_TYPE_UNKNOWN, buttonState=0, metaState=0, flags=0x0, edgeFlags=0x0, pointerCount=1, historySize=0, eventTime=395703, downTime=395703, deviceId=0, source=0x1002 }
08-14 13:54:35.774  8433  8433 I Input   : injectMotionEvent: MotionEvent { action=ACTION_MOVE, actionButton=0, id[0]=0, x[0]=600.0, y[0]=1776.0, toolType[0]=TOOL_TYPE_UNKNOWN, buttonState=0, metaState=0, flags=0x0, edgeFlags=0x0, pointerCount=1, historySize=0, eventTime=395722, downTime=395722, deviceId=0, source=0x1002 }
08-14 13:54:35.786  8433  8433 I Input   : injectMotionEvent: MotionEvent { action=ACTION_MOVE, actionButton=0, id[0]=0, x[0]=600.0, y[0]=1776.0, toolType[0]=TOOL_TYPE_UNKNOWN, buttonState=0, metaState=0, flags=0x0, edgeFlags=0x0, pointerCount=1, historySize=0, eventTime=395735, downTime=395735, deviceId=0, source=0x1002 }
08-14 13:54:35.805  8433  8433 I Input   : injectMotionEvent: MotionEvent { action=ACTION_MOVE, actionButton=0, id[0]=0, x[0]=600.0, y[0]=1776.0, toolType[0]=TOOL_TYPE_UNKNOWN, buttonState=0, metaState=0, flags=0x0, edgeFlags=0x0, pointerCount=1, historySize=0, eventTime=395754, downTime=395754, deviceId=0, source=0x1002 }
08-14 13:54:35.819  8433  8433 I Input   : injectMotionEvent: MotionEvent { action=ACTION_MOVE, actionButton=0, id[0]=0, x[0]=600.0, y[0]=1776.0, toolType[0]=TOOL_TYPE_UNKNOWN, buttonState=0, metaState=0, flags=0x0, edgeFlags=0x0, pointerCount=1, historySize=0, eventTime=395767, downTime=395767, deviceId=0, source=0x1002 }
08-14 13:54:35.835  8433  8433 I Input   : injectMotionEvent: MotionEvent { action=ACTION_MOVE, actionButton=0, id[0]=0, x[0]=600.0, y[0]=1776.0, toolType[0]=TOOL_TYPE_UNKNOWN, buttonState=0, metaState=0, flags=0x0, edgeFlags=0x0, pointerCount=1, historySize=0, eventTime=395784, downTime=395784, deviceId=0, source=0x1002 }
08-14 13:54:35.854  8433  8433 I Input   : injectMotionEvent: MotionEvent { action=ACTION_MOVE, actionButton=0, id[0]=0, x[0]=600.0, y[0]=1776.0, toolType[0]=TOOL_TYPE_UNKNOWN, buttonState=0, metaState=0, flags=0x0, edgeFlags=0x0, pointerCount=1, historySize=0, eventTime=395802, downTime=395802, deviceId=0, source=0x1002 }
08-14 13:54:35.873  8433  8433 I Input   : injectMotionEvent: MotionEvent { action=ACTION_MOVE, actionButton=0, id[0]=0, x[0]=600.0, y[0]=1776.0, toolType[0]=TOOL_TYPE_UNKNOWN, buttonState=0, metaState=0, flags=0x0, edgeFlags=0x0, pointerCount=1, historySize=0, eventTime=395821, downTime=395821, deviceId=0, source=0x1002 }
08-14 13:54:35.885  8433  8433 I Input   : injectMotionEvent: MotionEvent { action=ACTION_MOVE, actionButton=0, id[0]=0, x[0]=600.0, y[0]=1776.0, toolType[0]=TOOL_TYPE_UNKNOWN, buttonState=0, metaState=0, flags=0x0, edgeFlags=0x0, pointerCount=1, historySize=0, eventTime=395834, downTime=395834, deviceId=0, source=0x1002 }
08-14 13:54:35.903  8433  8433 I Input   : injectMotionEvent: MotionEvent { action=ACTION_MOVE, actionButton=0, id[0]=0, x[0]=600.0, y[0]=1776.0, toolType[0]=TOOL_TYPE_UNKNOWN, buttonState=0, metaState=0, flags=0x0, edgeFlags=0x0, pointerCount=1, historySize=0, eventTime=395852, downTime=395852, deviceId=0, source=0x1002 }
08-14 13:54:35.920  8433  8433 I Input   : injectMotionEvent: MotionEvent { action=ACTION_MOVE, actionButton=0, id[0]=0, x[0]=600.0, y[0]=1776.0, toolType[0]=TOOL_TYPE_UNKNOWN, buttonState=0, metaState=0, flags=0x0, edgeFlags=0x0, pointerCount=1, historySize=0, eventTime=395868, downTime=395868, deviceId=0, source=0x1002 }
08-14 13:54:35.935  8433  8433 I Input   : injectMotionEvent: MotionEvent { action=ACTION_MOVE, actionButton=0, id[0]=0, x[0]=600.0, y[0]=1776.0, toolType[0]=TOOL_TYPE_UNKNOWN, buttonState=0, metaState=0, flags=0x0, edgeFlags=0x0, pointerCount=1, historySize=0, eventTime=395884, downTime=395884, deviceId=0, source=0x1002 }
08-14 13:54:35.955  8433  8433 I Input   : injectMotionEvent: MotionEvent { action=ACTION_MOVE, actionButton=0, id[0]=0, x[0]=600.0, y[0]=1776.0, toolType[0]=TOOL_TYPE_UNKNOWN, buttonState=0, metaState=0, flags=0x0, edgeFlags=0x0, pointerCount=1, historySize=0, eventTime=395903, downTime=395903, deviceId=0, source=0x1002 }
08-14 13:54:35.975  8433  8433 I Input   : injectMotionEvent: MotionEvent { action=ACTION_MOVE, actionButton=0, id[0]=0, x[0]=600.0, y[0]=1776.0, toolType[0]=TOOL_TYPE_UNKNOWN, buttonState=0, metaState=0, flags=0x0, edgeFlags=0x0, pointerCount=1, historySize=0, eventTime=395923, downTime=395923, deviceId=0, source=0x1002 }
08-14 13:54:35.986  8433  8433 I Input   : injectMotionEvent: MotionEvent { action=ACTION_MOVE, actionButton=0, id[0]=0, x[0]=600.0, y[0]=1776.0, toolType[0]=TOOL_TYPE_UNKNOWN, buttonState=0, metaState=0, flags=0x0, edgeFlags=0x0, pointerCount=1, historySize=0, eventTime=395934, downTime=395934, deviceId=0, source=0x1002 }
08-14 13:54:36.004  8433  8433 I Input   : injectMotionEvent: MotionEvent { action=ACTION_MOVE, actionButton=0, id[0]=0, x[0]=600.0, y[0]=1776.0, toolType[0]=TOOL_TYPE_UNKNOWN, buttonState=0, metaState=0, flags=0x0, edgeFlags=0x0, pointerCount=1, historySize=0, eventTime=395952, downTime=395952, deviceId=0, source=0x1002 }
08-14 13:54:36.019  8433  8433 I Input   : injectMotionEvent: MotionEvent { action=ACTION_MOVE, actionButton=0, id[0]=0, x[0]=600.0, y[0]=1776.0, toolType[0]=TOOL_TYPE_UNKNOWN, buttonState=0, metaState=0, flags=0x0, edgeFlags=0x0, pointerCount=1, historySize=0, eventTime=395967, downTime=395967, deviceId=0, source=0x1002 }
08-14 13:54:36.036  8433  8433 I Input   : injectMotionEvent: MotionEvent { action=ACTION_MOVE, actionButton=0, id[0]=0, x[0]=600.0, y[0]=1776.0, toolType[0]=TOOL_TYPE_UNKNOWN, buttonState=0, metaState=0, flags=0x0, edgeFlags=0x0, pointerCount=1, historySize=0, eventTime=395985, downTime=395985, deviceId=0, source=0x1002 }
08-14 13:54:36.053  8433  8433 I Input   : injectMotionEvent: MotionEvent { action=ACTION_MOVE, actionButton=0, id[0]=0, x[0]=600.0, y[0]=1776.0, toolType[0]=TOOL_TYPE_UNKNOWN, buttonState=0, metaState=0, flags=0x0, edgeFlags=0x0, pointerCount=1, historySize=0, eventTime=396002, downTime=396002, deviceId=0, source=0x1002 }
08-14 13:54:36.070  8433  8433 I Input   : injectMotionEvent: MotionEvent { action=ACTION_MOVE, actionButton=0, id[0]=0, x[0]=600.0, y[0]=1776.0, toolType[0]=TOOL_TYPE_UNKNOWN, buttonState=0, metaState=0, flags=0x0, edgeFlags=0x0, pointerCount=1, historySize=0, eventTime=396018, downTime=396018, deviceId=0, source=0x1002 }
08-14 13:54:36.087  8433  8433 I Input   : injectMotionEvent: MotionEvent { action=ACTION_MOVE, actionButton=0, id[0]=0, x[0]=600.0, y[0]=1776.0, toolType[0]=TOOL_TYPE_UNKNOWN, buttonState=0, metaState=0, flags=0x0, edgeFlags=0x0, pointerCount=1, historySize=0, eventTime=396035, downTime=396035, deviceId=0, source=0x1002 }
08-14 13:54:36.105  8433  8433 I Input   : injectMotionEvent: MotionEvent { action=ACTION_MOVE, actionButton=0, id[0]=0, x[0]=600.0, y[0]=1776.0, toolType[0]=TOOL_TYPE_UNKNOWN, buttonState=0, metaState=0, flags=0x0, edgeFlags=0x0, pointerCount=1, historySize=0, eventTime=396053, downTime=396053, deviceId=0, source=0x1002 }
08-14 13:54:36.119  8433  8433 I Input   : injectMotionEvent: MotionEvent { action=ACTION_MOVE, actionButton=0, id[0]=0, x[0]=600.0, y[0]=1776.0, toolType[0]=TOOL_TYPE_UNKNOWN, buttonState=0, metaState=0, flags=0x0, edgeFlags=0x0, pointerCount=1, historySize=0, eventTime=396068, downTime=396068, deviceId=0, source=0x1002 }
08-14 13:54:36.137  8433  8433 I Input   : injectMotionEvent: MotionEvent { action=ACTION_MOVE, actionButton=0, id[0]=0, x[0]=600.0, y[0]=1776.0, toolType[0]=TOOL_TYPE_UNKNOWN, buttonState=0, metaState=0, flags=0x0, edgeFlags=0x0, pointerCount=1, historySize=0, eventTime=396086, downTime=396086, deviceId=0, source=0x1002 }
08-14 13:54:36.155  8433  8433 I Input   : injectMotionEvent: MotionEvent { action=ACTION_MOVE, actionButton=0, id[0]=0, x[0]=600.0, y[0]=1776.0, toolType[0]=TOOL_TYPE_UNKNOWN, buttonState=0, metaState=0, flags=0x0, edgeFlags=0x0, pointerCount=1, historySize=0, eventTime=396103, downTime=396103, deviceId=0, source=0x1002 }
08-14 13:54:36.170  8433  8433 I Input   : injectMotionEvent: MotionEvent { action=ACTION_MOVE, actionButton=0, id[0]=0, x[0]=600.0, y[0]=1776.0, toolType[0]=TOOL_TYPE_UNKNOWN, buttonState=0, metaState=0, flags=0x0, edgeFlags=0x0, pointerCount=1, historySize=0, eventTime=396119, downTime=396119, deviceId=0, source=0x1002 }
08-14 13:54:36.185  8433  8433 I Input   : injectMotionEvent: MotionEvent { action=ACTION_MOVE, actionButton=0, id[0]=0, x[0]=600.0, y[0]=1776.0, toolType[0]=TOOL_TYPE_UNKNOWN, buttonState=0, metaState=0, flags=0x0, edgeFlags=0x0, pointerCount=1, historySize=0, eventTime=396133, downTime=396133, deviceId=0, source=0x1002 }
08-14 13:54:36.204  8433  8433 I Input   : injectMotionEvent: MotionEvent { action=ACTION_MOVE, actionButton=0, id[0]=0, x[0]=600.0, y[0]=1776.0, toolType[0]=TOOL_TYPE_UNKNOWN, buttonState=0, metaState=0, flags=0x0, edgeFlags=0x0, pointerCount=1, historySize=0, eventTime=396152, downTime=396152, deviceId=0, source=0x1002 }
08-14 13:54:36.221  8433  8433 I Input   : injectMotionEvent: MotionEvent { action=ACTION_MOVE, actionButton=0, id[0]=0, x[0]=600.0, y[0]=1776.0, toolType[0]=TOOL_TYPE_UNKNOWN, buttonState=0, metaState=0, flags=0x0, edgeFlags=0x0, pointerCount=1, historySize=0, eventTime=396170, downTime=396170, deviceId=0, source=0x1002 }
08-14 13:54:36.235  8433  8433 I Input   : injectMotionEvent: MotionEvent { action=ACTION_MOVE, actionButton=0, id[0]=0, x[0]=600.0, y[0]=1776.0, toolType[0]=TOOL_TYPE_UNKNOWN, buttonState=0, metaState=0, flags=0x0, edgeFlags=0x0, pointerCount=1, historySize=0, eventTime=396184, downTime=396184, deviceId=0, source=0x1002 }
08-14 13:54:36.254  8433  8433 I Input   : injectMotionEvent: MotionEvent { action=ACTION_MOVE, actionButton=0, id[0]=0, x[0]=600.0, y[0]=1776.0, toolType[0]=TOOL_TYPE_UNKNOWN, buttonState=0, metaState=0, flags=0x0, edgeFlags=0x0, pointerCount=1, historySize=0, eventTime=396202, downTime=396202, deviceId=0, source=0x1002 }
08-14 13:54:36.272  8433  8433 I Input   : injectMotionEvent: MotionEvent { action=ACTION_MOVE, actionButton=0, id[0]=0, x[0]=600.0, y[0]=1776.0, toolType[0]=TOOL_TYPE_UNKNOWN, buttonState=0, metaState=0, flags=0x0, edgeFlags=0x0, pointerCount=1, historySize=0, eventTime=396220, downTime=396220, deviceId=0, source=0x1002 }
08-14 13:54:36.286  8433  8433 I Input   : injectMotionEvent: MotionEvent { action=ACTION_MOVE, actionButton=0, id[0]=0, x[0]=600.0, y[0]=1776.0, toolType[0]=TOOL_TYPE_UNKNOWN, buttonState=0, metaState=0, flags=0x0, edgeFlags=0x0, pointerCount=1, historySize=0, eventTime=396234, downTime=396234, deviceId=0, source=0x1002 }
08-14 13:54:36.304  8433  8433 I Input   : injectMotionEvent: MotionEvent { action=ACTION_MOVE, actionButton=0, id[0]=0, x[0]=600.0, y[0]=1776.0, toolType[0]=TOOL_TYPE_UNKNOWN, buttonState=0, metaState=0, flags=0x0, edgeFlags=0x0, pointerCount=1, historySize=0, eventTime=396252, downTime=396252, deviceId=0, source=0x1002 }
08-14 13:54:36.319  8433  8433 I Input   : injectMotionEvent: MotionEvent { action=ACTION_MOVE, actionButton=0, id[0]=0, x[0]=600.0, y[0]=1776.0, toolType[0]=TOOL_TYPE_UNKNOWN, buttonState=0, metaState=0, flags=0x0, edgeFlags=0x0, pointerCount=1, historySize=0, eventTime=396268, downTime=396268, deviceId=0, source=0x1002 }
08-14 13:54:36.336  8433  8433 I Input   : injectMotionEvent: MotionEvent { action=ACTION_MOVE, actionButton=0, id[0]=0, x[0]=600.0, y[0]=1776.0, toolType[0]=TOOL_TYPE_UNKNOWN, buttonState=0, metaState=0, flags=0x0, edgeFlags=0x0, pointerCount=1, historySize=0, eventTime=396284, downTime=396284, deviceId=0, source=0x1002 }
08-14 13:54:36.355  8433  8433 I Input   : injectMotionEvent: MotionEvent { action=ACTION_MOVE, actionButton=0, id[0]=0, x[0]=600.0, y[0]=1776.0, toolType[0]=TOOL_TYPE_UNKNOWN, buttonState=0, metaState=0, flags=0x0, edgeFlags=0x0, pointerCount=1, historySize=0, eventTime=396303, downTime=396303, deviceId=0, source=0x1002 }
08-14 13:54:36.372  8433  8433 I Input   : injectMotionEvent: MotionEvent { action=ACTION_MOVE, actionButton=0, id[0]=0, x[0]=600.0, y[0]=1776.0, toolType[0]=TOOL_TYPE_UNKNOWN, buttonState=0, metaState=0, flags=0x0, edgeFlags=0x0, pointerCount=1, historySize=0, eventTime=396321, downTime=396321, deviceId=0, source=0x1002 }
08-14 13:54:36.385  8433  8433 I Input   : injectMotionEvent: MotionEvent { action=ACTION_MOVE, actionButton=0, id[0]=0, x[0]=600.0, y[0]=1776.0, toolType[0]=TOOL_TYPE_UNKNOWN, buttonState=0, metaState=0, flags=0x0, edgeFlags=0x0, pointerCount=1, historySize=0, eventTime=396334, downTime=396334, deviceId=0, source=0x1002 }
08-14 13:54:36.404  8433  8433 I Input   : injectMotionEvent: MotionEvent { action=ACTION_MOVE, actionButton=0, id[0]=0, x[0]=600.0, y[0]=1776.0, toolType[0]=TOOL_TYPE_UNKNOWN, buttonState=0, metaState=0, flags=0x0, edgeFlags=0x0, pointerCount=1, historySize=0, eventTime=396352, downTime=396352, deviceId=0, source=0x1002 }
08-14 13:54:36.419  8433  8433 I Input   : injectMotionEvent: MotionEvent { action=ACTION_MOVE, actionButton=0, id[0]=0, x[0]=600.0, y[0]=1776.0, toolType[0]=TOOL_TYPE_UNKNOWN, buttonState=0, metaState=0, flags=0x0, edgeFlags=0x0, pointerCount=1, historySize=0, eventTime=396367, downTime=396367, deviceId=0, source=0x1002 }
08-14 13:54:36.436  8433  8433 I Input   : injectMotionEvent: MotionEvent { action=ACTION_MOVE, actionButton=0, id[0]=0, x[0]=600.0, y[0]=1776.0, toolType[0]=TOOL_TYPE_UNKNOWN, buttonState=0, metaState=0, flags=0x0, edgeFlags=0x0, pointerCount=1, historySize=0, eventTime=396385, downTime=396385, deviceId=0, source=0x1002 }
08-14 13:54:36.452  8433  8433 I Input   : injectMotionEvent: MotionEvent { action=ACTION_MOVE, actionButton=0, id[0]=0, x[0]=600.0, y[0]=1776.0, toolType[0]=TOOL_TYPE_UNKNOWN, buttonState=0, metaState=0, flags=0x0, edgeFlags=0x0, pointerCount=1, historySize=0, eventTime=396400, downTime=396400, deviceId=0, source=0x1002 }
08-14 13:54:36.470  8433  8433 I Input   : injectMotionEvent: MotionEvent { action=ACTION_MOVE, actionButton=0, id[0]=0, x[0]=600.0, y[0]=1776.0, toolType[0]=TOOL_TYPE_UNKNOWN, buttonState=0, metaState=0, flags=0x0, edgeFlags=0x0, pointerCount=1, historySize=0, eventTime=396419, downTime=396419, deviceId=0, source=0x1002 }
08-14 13:54:36.486  8433  8433 I Input   : injectMotionEvent: MotionEvent { action=ACTION_UP, actionButton=0, id[0]=0, x[0]=600.0, y[0]=1776.0, toolType[0]=TOOL_TYPE_UNKNOWN, buttonState=0, metaState=0, flags=0x0, edgeFlags=0x0, pointerCount=1, historySize=0, eventTime=396435, downTime=396435, deviceId=0, source=0x1002 }
08-14 13:54:36.487  8433  8433 D AndroidRuntime: Shutting down VM
08-14 13:54:36.987  5683  5699 E Surface : getSlotFromBufferLocked: unknown buffer: 0xe9a27130
08-14 13:54:40.835  8771  8771 D AndroidRuntime: >>>>>> START com.android.internal.os.RuntimeInit uid 0 <<<<<<
08-14 13:54:40.837  8771  8771 D AndroidRuntime: CheckJNI is OFF
08-14 13:54:40.845  8771  8771 D ICU     : No timezone override file found: /data/misc/zoneinfo/current/icu/icu_tzdata.dat
08-14 13:54:40.858  8771  8771 E memtrack: Couldn't load memtrack module (No such file or directory)
08-14 13:54:40.858  8771  8771 E android.os.Debug: failed to load memtrack module: -2
08-14 13:54:40.858  8771  8771 I Radio-JNI: register_android_hardware_Radio DONE
08-14 13:54:40.864  8771  8771 D AndroidRuntime: Calling main entry com.android.commands.uiautomator.Launcher
08-14 13:54:40.873  5683  5683 D leak-1815: Eastern Standard Time
08-14 13:54:40.873  5683  5683 D leak-1816: Eastern Standard Time
08-14 13:54:40.873  5683  5683 D leak-1815: Eastern Standard Time
08-14 13:54:40.873  5683  5683 D leak-1816: Eastern Standard Time
08-14 13:54:40.873  5683  5683 D leak-1815: Eastern Standard Time
08-14 13:54:40.874  5683  5683 D leak-1816: Eastern Standard Time
08-14 13:54:40.874  5683  5683 D leak-1815: Eastern Standard Time
08-14 13:54:40.874  5683  5683 D leak-1816: Eastern Standard Time
08-14 13:54:40.874  5683  5683 D leak-771: Eastern Standard Time
08-14 13:54:41.875  5683  5683 D leak-1815: Eastern Standard Time
08-14 13:54:41.875  5683  5683 D leak-1816: Eastern Standard Time
08-14 13:54:41.875  5683  5683 D leak-1815: Eastern Standard Time
08-14 13:54:41.875  5683  5683 D leak-1816: Eastern Standard Time
08-14 13:54:41.880  8771  8771 W AccessibilityNodeInfoDumper: Fetch time: 2ms
08-14 13:54:41.881   594   971 W WindowManager: Attempted to remove non-existing token: android.os.Binder@f682cff
08-14 13:54:41.889  8771  8771 D AndroidRuntime: Shutting down VM
08-14 13:54:42.868  8794  8794 D AndroidRuntime: >>>>>> START com.android.internal.os.RuntimeInit uid 0 <<<<<<
08-14 13:54:42.869  8794  8794 D AndroidRuntime: CheckJNI is OFF
08-14 13:54:42.878  8794  8794 D ICU     : No timezone override file found: /data/misc/zoneinfo/current/icu/icu_tzdata.dat
08-14 13:54:42.892  8794  8794 E memtrack: Couldn't load memtrack module (No such file or directory)
08-14 13:54:42.892  8794  8794 E android.os.Debug: failed to load memtrack module: -2
08-14 13:54:42.893  8794  8794 I Radio-JNI: register_android_hardware_Radio DONE
