08-14 13:50:46.882  4050  4050 D AndroidRuntime: CheckJNI is OFF
08-14 13:50:46.889  4050  4050 D ICU     : No timezone override file found: /data/misc/zoneinfo/current/icu/icu_tzdata.dat
08-14 13:50:46.903  4050  4050 E memtrack: Couldn't load memtrack module (No such file or directory)
08-14 13:50:46.903  4050  4050 E android.os.Debug: failed to load memtrack module: -2
08-14 13:50:46.904  4050  4050 I Radio-JNI: register_android_hardware_Radio DONE
08-14 13:50:46.909  4050  4050 D AndroidRuntime: Calling main entry com.android.commands.uiautomator.Launcher
08-14 13:50:46.919  1870  1870 D leak-886: Eastern Standard Time
08-14 13:50:46.919  1870  1870 D leak-887: Eastern Standard Time
08-14 13:50:46.919  1870  1870 D leak-26 : Eastern Standard Time
08-14 13:50:46.919  1870  1870 D leak-886: Eastern Standard Time
08-14 13:50:46.919  1870  1870 D leak-887: Eastern Standard Time
08-14 13:50:46.919  1870  1870 D leak-26 : Eastern Standard Time
08-14 13:50:47.921  1870  1870 D leak-886: Eastern Standard Time
08-14 13:50:47.922  1870  1870 D leak-887: Eastern Standard Time
08-14 13:50:47.922  1870  1870 D leak-26 : Eastern Standard Time
08-14 13:50:47.931  4050  4050 I AccessibilityNodeInfoDumper: Skipping invisible child: android.view.accessibility.AccessibilityNodeInfo@80014419; boundsInParent: Rect(0, 0 - 0, 128); boundsInScreen: Rect(1184, 48 - 1184, 176); packageName: us.koller.cameraroll.debug; className: android.support.v7.widget.LinearLayoutCompat; text: null; error: null; maxTextLength: -1; contentDescription: null; viewIdResName: null; checkable: false; checked: false; focusable: false; focused: false; selected: false; clickable: false; longClickable: false; contextClickable: false; enabled: true; password: false; scrollable: false; actions: [AccessibilityAction: ACTION_SELECT - null, AccessibilityAction: ACTION_CLEAR_SELECTION - null, AccessibilityAction: ACTION_ACCESSIBILITY_FOCUS - null, AccessibilityAction: ACTION_UNKNOWN - null]
08-14 13:50:47.932  4050  4050 W AccessibilityNodeInfoDumper: Fetch time: 6ms
08-14 13:50:47.932   594  1018 W WindowManager: Attempted to remove non-existing token: android.os.Binder@6c02201
08-14 13:50:47.935  4050  4050 D AndroidRuntime: Shutting down VM
08-14 13:50:48.330  4063  4063 D AndroidRuntime: >>>>>> START com.android.internal.os.RuntimeInit uid 0 <<<<<<
08-14 13:50:48.332  4063  4063 D AndroidRuntime: CheckJNI is OFF
08-14 13:50:48.341  4063  4063 D ICU     : No timezone override file found: /data/misc/zoneinfo/current/icu/icu_tzdata.dat
08-14 13:50:48.353  4063  4063 E memtrack: Couldn't load memtrack module (No such file or directory)
08-14 13:50:48.353  4063  4063 E android.os.Debug: failed to load memtrack module: -2
08-14 13:50:48.354  4063  4063 I Radio-JNI: register_android_hardware_Radio DONE
08-14 13:50:48.361  4063  4063 D AndroidRuntime: Calling main entry com.android.commands.input.Input
08-14 13:50:48.363  4063  4063 I Input   : injectMotionEvent: MotionEvent { action=ACTION_DOWN, actionButton=0, id[0]=0, x[0]=600.0, y[0]=224.0, toolType[0]=TOOL_TYPE_UNKNOWN, buttonState=0, metaState=0, flags=0x0, edgeFlags=0x0, pointerCount=1, historySize=0, eventTime=168310, downTime=168310, deviceId=0, source=0x1002 }
08-14 13:50:48.365  1870  1870 D leak-1652: Eastern Standard Time
08-14 13:50:48.365  1870  1870 D leak-1653: Eastern Standard Time
08-14 13:50:48.365  4063  4063 I Input   : injectMotionEvent: MotionEvent { action=ACTION_UP, actionButton=0, id[0]=0, x[0]=600.0, y[0]=224.0, toolType[0]=TOOL_TYPE_UNKNOWN, buttonState=0, metaState=0, flags=0x0, edgeFlags=0x0, pointerCount=1, historySize=0, eventTime=168310, downTime=168310, deviceId=0, source=0x1002 }
08-14 13:50:48.366  1870  1870 D leak-1659: Eastern Standard Time
08-14 13:50:48.366  1870  1870 D leak-1661: Eastern Standard Time
08-14 13:50:48.366  1870  1870 D leak-1668: Eastern Standard Time
08-14 13:50:48.366  4063  4063 D AndroidRuntime: Shutting down VM
08-14 13:50:48.370  1870  1870 D leak-852: Eastern Standard Time
08-14 13:50:48.370  1870  1870 D leak-857: Eastern Standard Time
08-14 13:50:48.555   265   693 D AudioFlinger: mixer(0xf1d80000) throttle end: throttle time(16)
08-14 13:50:48.596   265   693 D AudioFlinger: mixer(0xf1d80000) throttle end: throttle time(11)
08-14 13:50:48.670  1870  1870 D leak-858: Eastern Standard Time
08-14 13:50:48.670  1870  1870 D leak-24 : Eastern Standard Time
08-14 13:50:48.670  1870  1870 D leak-1462: Eastern Standard Time
08-14 13:50:48.670  1870  1870 D leak-1480: Eastern Standard Time
08-14 13:50:48.670  1870  1870 D FileExplorerActivity: loadDirectory(): /storage/emulated/0
08-14 13:50:48.672  1870  1870 D leak-2488: Eastern Standard Time
08-14 13:50:48.672  1870  1870 D leak-555: Eastern Standard Time
08-14 13:50:48.672  1870  1870 D leak-639: Eastern Standard Time
08-14 13:50:48.672  1870  1870 D leak-640: Eastern Standard Time
08-14 13:50:48.672  1870  1870 D leak-558: Eastern Standard Time
08-14 13:50:48.672  1870  1870 D leak-414: Eastern Standard Time
08-14 13:50:48.673  1870  1870 D leak-527: Eastern Standard Time
08-14 13:50:48.674  1870  1870 D leak-540: Eastern Standard Time
08-14 13:50:48.674  1870  1870 D leak-541: Eastern Standard Time
08-14 13:50:48.676  1870  1870 D leak-17 : Eastern Standard Time
08-14 13:50:48.676  1870  1870 D leak-24 : Eastern Standard Time
08-14 13:50:48.676  1870  1870 D leak-614: Eastern Standard Time
08-14 13:50:48.676  1870  1870 D leak-605: Eastern Standard Time
08-14 13:50:48.676  1870  1870 D leak-595: Eastern Standard Time
08-14 13:50:48.676  1870  1870 D leak-596: Eastern Standard Time
08-14 13:50:48.676  1870  1870 D leak-608: Eastern Standard Time
08-14 13:50:48.676  1870  1870 D leak-608: Eastern Standard Time
08-14 13:50:48.676  1870  1870 D leak-608: Eastern Standard Time
08-14 13:50:48.676  1870  1870 D leak-438: Eastern Standard Time
08-14 13:50:48.676  1870  1870 D leak-441: Eastern Standard Time
08-14 13:50:48.676  1870  1870 D leak-440: Eastern Standard Time
08-14 13:50:48.676  1870  1870 D leak-439: Eastern Standard Time
08-14 13:50:48.678  1870  4074 D leak-442: Eastern Standard Time
08-14 13:50:48.678  1870  4074 D leak-443: Eastern Standard Time
08-14 13:50:48.678  1870  4074 D leak-444: Eastern Standard Time
08-14 13:50:48.678  1870  4074 D leak-447: Eastern Standard Time
08-14 13:50:48.678  1870  4074 D leak-543: Eastern Standard Time
08-14 13:50:48.678  1870  4074 D leak-2505: Eastern Standard Time
08-14 13:50:48.678  1870  4074 D leak-2519: Eastern Standard Time
08-14 13:50:48.678  1870  4074 D leak-2523: Eastern Standard Time
08-14 13:50:48.678  1870  4074 D leak-2525: Eastern Standard Time
08-14 13:50:48.678  1870  4074 D leak-2525: Eastern Standard Time
08-14 13:50:48.678  1870  4074 D leak-2525: Eastern Standard Time
08-14 13:50:48.678  1870  4074 D leak-2525: Eastern Standard Time
08-14 13:50:48.678  1870  4074 D leak-2525: Eastern Standard Time
08-14 13:50:48.678  1870  4074 D leak-2522: Eastern Standard Time
08-14 13:50:48.678  1870  4074 D leak-2523: Eastern Standard Time
08-14 13:50:48.678  1870  4074 D leak-2525: Eastern Standard Time
08-14 13:50:48.678  1870  4074 D leak-2525: Eastern Standard Time
08-14 13:50:48.678  1870  4074 D leak-2525: Eastern Standard Time
08-14 13:50:48.678  1870  4074 D leak-2521: Eastern Standard Time
08-14 13:50:48.678  1870  4074 D leak-2523: Eastern Standard Time
08-14 13:50:48.678  1870  4074 D leak-2525: Eastern Standard Time
08-14 13:50:48.679  1870  4074 D leak-2520: Eastern Standard Time
08-14 13:50:48.679  1870  4074 D leak-2523: Eastern Standard Time
08-14 13:50:48.679  1870  4074 D leak-2525: Eastern Standard Time
08-14 13:50:48.679  1870  4074 D leak-2525: Eastern Standard Time
08-14 13:50:48.679  1870  4074 D leak-2525: Eastern Standard Time
08-14 13:50:48.679  1870  4074 D leak-2525: Eastern Standard Time
08-14 13:50:48.679  1870  4074 D leak-17 : Eastern Standard Time
08-14 13:50:48.679  1870  4074 D leak-24 : Eastern Standard Time
08-14 13:50:48.679  1870  4074 D leak-614: Eastern Standard Time
08-14 13:50:48.679  1870  4074 D leak-605: Eastern Standard Time
08-14 13:50:48.679  1870  4074 D leak-595: Eastern Standard Time
08-14 13:50:48.679  1870  4074 D leak-596: Eastern Standard Time
08-14 13:50:48.679  1870  4074 D leak-608: Eastern Standard Time
08-14 13:50:48.679  1870  4074 D leak-608: Eastern Standard Time
08-14 13:50:48.679  1870  4074 D leak-608: Eastern Standard Time
08-14 13:50:48.679  1870  4074 D leak-445: Eastern Standard Time
08-14 13:50:48.679  1870  4074 D leak-446: Eastern Standard Time
08-14 13:50:48.679  1870  4074 D leak-546: Eastern Standard Time
08-14 13:50:48.679  1870  4074 D leak-416: Eastern Standard Time
08-14 13:50:48.679  1870  4074 D leak-26 : Eastern Standard Time
08-14 13:50:48.679  1870  4074 D leak-420: Eastern Standard Time
08-14 13:50:48.679  1870  4074 D leak-26 : Eastern Standard Time
08-14 13:50:48.680  1870  4074 D leak-2535: Eastern Standard Time
08-14 13:50:48.680  1870  4074 D leak-641: Eastern Standard Time
08-14 13:50:48.681  1870  4074 D leak-559: Eastern Standard Time
08-14 13:50:48.681  1870  4074 D leak-560: Eastern Standard Time
08-14 13:50:48.681  1870  4074 D leak-642: Eastern Standard Time
08-14 13:50:48.681  1870  4074 D leak-1481: Eastern Standard Time
08-14 13:50:48.681  1870  4074 D leak-455: Eastern Standard Time
08-14 13:50:48.690  1870  1870 D leak-1482: Eastern Standard Time
08-14 13:50:48.690  1870  1870 D leak-561: Eastern Standard Time
08-14 13:50:48.690  1870  1870 D leak-558: Eastern Standard Time
08-14 13:50:48.691  1870  1870 D leak-1483: Eastern Standard Time
08-14 13:50:48.691  1870  1870 D leak-1484: Eastern Standard Time
08-14 13:50:48.691  1870  1870 D leak-848: Eastern Standard Time
08-14 13:50:48.691  1870  1870 D leak-26 : Eastern Standard Time
08-14 13:50:48.691  1870  1870 D leak-1565: Eastern Standard Time
08-14 13:50:48.691  1870  1870 D leak-26 : Eastern Standard Time
08-14 13:50:48.692  1870  1870 D leak-866: Eastern Standard Time
08-14 13:50:48.692  1870  1870 D leak-1567: Eastern Standard Time
08-14 13:50:48.692  1870  1870 D leak-2630: Eastern Standard Time
08-14 13:50:48.692  1870  1870 D leak-2632: Eastern Standard Time
08-14 13:50:48.692  1870  1870 D leak-2632: Eastern Standard Time
08-14 13:50:48.692  1870  1870 D leak-2633: Eastern Standard Time
08-14 13:50:48.692  1870  1870 D leak-2634: Eastern Standard Time
08-14 13:50:48.692  1870  1870 D leak-2619: Eastern Standard Time
08-14 13:50:48.692  1870  1870 D leak-2620: Eastern Standard Time
08-14 13:50:48.692  1870  1870 D leak-2619: Eastern Standard Time
08-14 13:50:48.692  1870  1870 D leak-2620: Eastern Standard Time
08-14 13:50:48.693  1870  1870 D leak-2639: Eastern Standard Time
08-14 13:50:48.693  1870  1870 D leak-2642: Eastern Standard Time
08-14 13:50:48.693  1870  1870 D leak-2635: Eastern Standard Time
08-14 13:50:48.693  1870  1870 D leak-866: Eastern Standard Time
08-14 13:50:48.694  1870  1870 D leak-1569: Eastern Standard Time
08-14 13:50:48.694  1870  1870 D leak-1494: Eastern Standard Time
08-14 13:50:48.696  1870  1870 D leak-1495: Eastern Standard Time
08-14 13:50:48.696  1870  1870 D leak-1496: Eastern Standard Time
08-14 13:50:48.696  1870  1870 D leak-1497: Eastern Standard Time
08-14 13:50:48.696  1870  1870 D leak-24 : Eastern Standard Time
08-14 13:50:48.696  1870  1870 D leak-24 : Eastern Standard Time
08-14 13:50:48.696  1870  1870 D leak-595: Eastern Standard Time
08-14 13:50:48.696  1870  1870 D leak-596: Eastern Standard Time
08-14 13:50:48.696  1870  1870 D leak-1499: Eastern Standard Time
08-14 13:50:48.696  1870  1870 D leak-24 : Eastern Standard Time
08-14 13:50:48.696  1870  1870 D leak-24 : Eastern Standard Time
08-14 13:50:48.697  1870  1870 D leak-614: Eastern Standard Time
08-14 13:50:48.697  1870  1870 D leak-610: Eastern Standard Time
08-14 13:50:48.697  1870  1870 D leak-605: Eastern Standard Time
08-14 13:50:48.697  1870  1870 D leak-595: Eastern Standard Time
08-14 13:50:48.697  1870  1870 D leak-596: Eastern Standard Time
08-14 13:50:48.697  1870  1870 D leak-608: Eastern Standard Time
08-14 13:50:48.697  1870  1870 D leak-608: Eastern Standard Time
08-14 13:50:48.697  1870  1870 D leak-608: Eastern Standard Time
08-14 13:50:48.697  1870  1870 D leak-611: Eastern Standard Time
08-14 13:50:48.697  1870  1870 D leak-1496: Eastern Standard Time
08-14 13:50:48.697  1870  1870 D leak-24 : Eastern Standard Time
08-14 13:50:48.697  1870  1870 D leak-1496: Eastern Standard Time
08-14 13:50:48.697  1870  1870 D leak-24 : Eastern Standard Time
08-14 13:50:48.697  1870  1870 D leak-1496: Eastern Standard Time
08-14 13:50:48.697  1870  1870 D leak-1496: Eastern Standard Time
08-14 13:50:48.697  1870  1870 D leak-1496: Eastern Standard Time
08-14 13:50:48.697  1870  1870 D leak-1496: Eastern Standard Time
08-14 13:50:48.702  1870  1870 D leak-2635: Eastern Standard Time
08-14 13:50:48.702  1870  1870 D leak-1681: Eastern Standard Time
08-14 13:50:48.702  1870  1870 D leak-886: Eastern Standard Time
08-14 13:50:48.702  1870  1870 D leak-887: Eastern Standard Time
08-14 13:50:48.702  1870  1870 D leak-26 : Eastern Standard Time
08-14 13:50:48.702  1870  1870 D leak-886: Eastern Standard Time
08-14 13:50:48.702  1870  1870 D leak-887: Eastern Standard Time
08-14 13:50:48.702  1870  1870 D leak-26 : Eastern Standard Time
08-14 13:50:48.704  1870  1870 D leak-1681: Eastern Standard Time
08-14 13:50:48.704  1870  1870 D leak-1682: Eastern Standard Time
08-14 13:50:48.704  1870  1870 D leak-1683: Eastern Standard Time
08-14 13:50:48.705  1870  1870 D leak-1687: Eastern Standard Time
08-14 13:50:48.719  1870  1870 D leak-2635: Eastern Standard Time
08-14 13:50:48.720  1870  1870 D leak-1681: Eastern Standard Time
08-14 13:50:48.720  1870  1870 D leak-1682: Eastern Standard Time
08-14 13:50:48.720  1870  1870 D leak-1683: Eastern Standard Time
08-14 13:50:48.720  1870  1870 D leak-1687: Eastern Standard Time
08-14 13:50:48.736  1870  1870 D leak-2635: Eastern Standard Time
08-14 13:50:48.736  1870  1870 D leak-1681: Eastern Standard Time
08-14 13:50:48.736  1870  1870 D leak-1682: Eastern Standard Time
08-14 13:50:48.737  1870  1870 D leak-1683: Eastern Standard Time
08-14 13:50:48.737  1870  1870 D leak-1687: Eastern Standard Time
08-14 13:50:48.753  1870  1870 D leak-2635: Eastern Standard Time
08-14 13:50:48.753  1870  1870 D leak-1681: Eastern Standard Time
08-14 13:50:48.753  1870  1870 D leak-1682: Eastern Standard Time
08-14 13:50:48.753  1870  1870 D leak-1683: Eastern Standard Time
08-14 13:50:48.753  1870  1870 D leak-1687: Eastern Standard Time
08-14 13:50:48.768  1870  1870 D leak-2635: Eastern Standard Time
08-14 13:50:48.769  1870  1870 D leak-1681: Eastern Standard Time
08-14 13:50:48.769  1870  1870 D leak-1682: Eastern Standard Time
08-14 13:50:48.769  1870  1870 D leak-1683: Eastern Standard Time
08-14 13:50:48.769  1870  1870 D leak-1687: Eastern Standard Time
08-14 13:50:48.785  1870  1870 D leak-2635: Eastern Standard Time
08-14 13:50:48.785  1870  1870 D leak-1681: Eastern Standard Time
08-14 13:50:48.785  1870  1870 D leak-1682: Eastern Standard Time
08-14 13:50:48.786  1870  1870 D leak-1683: Eastern Standard Time
08-14 13:50:48.786  1870  1870 D leak-1687: Eastern Standard Time
08-14 13:50:48.802  1870  1870 D leak-2635: Eastern Standard Time
08-14 13:50:48.802  1870  1870 D leak-1566: Eastern Standard Time
08-14 13:50:48.802  1870  1870 D leak-26 : Eastern Standard Time
08-14 13:50:48.802  1870  1870 D leak-1681: Eastern Standard Time
08-14 13:50:48.802  1870  1870 D leak-1682: Eastern Standard Time
08-14 13:50:48.802  1870  1870 D leak-1683: Eastern Standard Time
08-14 13:50:48.802  1870  1870 D leak-1687: Eastern Standard Time
08-14 13:50:48.804  1870  1870 D leak-1681: Eastern Standard Time
08-14 13:50:48.818  1870  1870 D leak-2635: Eastern Standard Time
08-14 13:50:48.818  1870  1870 D leak-1681: Eastern Standard Time
08-14 13:50:48.818  1870  1870 D leak-1682: Eastern Standard Time
08-14 13:50:48.819  1870  1870 D leak-1683: Eastern Standard Time
08-14 13:50:48.819  1870  1870 D leak-1687: Eastern Standard Time
08-14 13:50:48.835  1870  1870 D leak-2635: Eastern Standard Time
08-14 13:50:48.835  1870  1870 D leak-1681: Eastern Standard Time
08-14 13:50:48.835  1870  1870 D leak-1682: Eastern Standard Time
08-14 13:50:48.835  1870  1870 D leak-1683: Eastern Standard Time
08-14 13:50:48.835  1870  1870 D leak-1687: Eastern Standard Time
08-14 13:50:48.853  1870  1870 D leak-2635: Eastern Standard Time
08-14 13:50:48.853  1870  1870 D leak-1681: Eastern Standard Time
08-14 13:50:48.853  1870  1870 D leak-1682: Eastern Standard Time
08-14 13:50:48.853  1870  1870 D leak-1683: Eastern Standard Time
08-14 13:50:48.853  1870  1870 D leak-1687: Eastern Standard Time
08-14 13:50:48.868  1870  1870 D leak-2635: Eastern Standard Time
08-14 13:50:48.869  1870  1870 D leak-1681: Eastern Standard Time
08-14 13:50:48.869  1870  1870 D leak-1682: Eastern Standard Time
08-14 13:50:48.869  1870  1870 D leak-1683: Eastern Standard Time
08-14 13:50:48.869  1870  1870 D leak-1687: Eastern Standard Time
08-14 13:50:48.885  1870  1870 D leak-2635: Eastern Standard Time
08-14 13:50:48.885  1870  1870 D leak-1681: Eastern Standard Time
08-14 13:50:48.885  1870  1870 D leak-1682: Eastern Standard Time
08-14 13:50:48.885  1870  1870 D leak-1683: Eastern Standard Time
08-14 13:50:48.885  1870  1870 D leak-1687: Eastern Standard Time
08-14 13:50:48.902  1870  1870 D leak-2635: Eastern Standard Time
08-14 13:50:48.902  1870  1870 D leak-1681: Eastern Standard Time
08-14 13:50:48.902  1870  1870 D leak-1682: Eastern Standard Time
08-14 13:50:48.902  1870  1870 D leak-1683: Eastern Standard Time
08-14 13:50:48.902  1870  1870 D leak-1687: Eastern Standard Time
08-14 13:50:48.919  1870  1870 D leak-2635: Eastern Standard Time
08-14 13:50:48.919  1870  1870 D leak-1681: Eastern Standard Time
08-14 13:50:48.920  1870  1870 D leak-1682: Eastern Standard Time
08-14 13:50:48.920  1870  1870 D leak-1683: Eastern Standard Time
08-14 13:50:48.920  1870  1870 D leak-1687: Eastern Standard Time
08-14 13:50:48.935  1870  1870 D leak-2635: Eastern Standard Time
08-14 13:50:48.936  1870  1870 D leak-1681: Eastern Standard Time
08-14 13:50:48.936  1870  1870 D leak-1681: Eastern Standard Time
08-14 13:50:48.936  1870  1870 D leak-1688: Eastern Standard Time
08-14 13:50:48.936  1870  1870 D leak-1689: Eastern Standard Time
08-14 13:50:48.936  1870  1870 D leak-1681: Eastern Standard Time
08-14 13:50:48.952  1870  1870 D leak-2635: Eastern Standard Time
08-14 13:50:48.952  1870  1870 D leak-2636: Eastern Standard Time
08-14 13:50:48.952  1870  1870 D leak-2637: Eastern Standard Time
08-14 13:50:48.952  1870  1870 D leak-1568: Eastern Standard Time
08-14 13:50:48.952  1870  1870 D leak-24 : Eastern Standard Time
08-14 13:50:48.952  1870  1870 D leak-2641: Eastern Standard Time
08-14 13:50:48.952  1870  1870 D leak-2621: Eastern Standard Time
08-14 13:50:48.952  1870  1870 D leak-2622: Eastern Standard Time
08-14 13:50:48.952  1870  1870 D leak-2622: Eastern Standard Time
08-14 13:50:48.952  1870  1870 D leak-2622: Eastern Standard Time
08-14 13:50:48.952  1870  1870 D leak-2622: Eastern Standard Time
08-14 13:50:48.952  1870  1870 D leak-2640: Eastern Standard Time
08-14 13:50:48.952  1870  1870 D leak-1681: Eastern Standard Time
08-14 13:50:48.952  1870  1870 D leak-1681: Eastern Standard Time
08-14 13:50:48.953  1870  1870 D leak-1681: Eastern Standard Time
08-14 13:50:48.953  1870  1870 D leak-1681: Eastern Standard Time
08-14 13:50:48.954  1870  1870 D leak-1681: Eastern Standard Time
08-14 13:50:48.954  1870  1870 D leak-1681: Eastern Standard Time
08-14 13:50:48.954  1870  1870 D leak-1682: Eastern Standard Time
08-14 13:50:48.954  1870  1870 D leak-1683: Eastern Standard Time
08-14 13:50:48.954  1870  1870 D leak-1684: Eastern Standard Time
08-14 13:50:48.954  1870  1870 D leak-1687: Eastern Standard Time
08-14 13:50:48.969  1870  1870 D leak-2641: Eastern Standard Time
08-14 13:50:48.969  1870  1870 D leak-2621: Eastern Standard Time
08-14 13:50:48.969  1870  1870 D leak-2622: Eastern Standard Time
08-14 13:50:48.969  1870  1870 D leak-2622: Eastern Standard Time
08-14 13:50:48.969  1870  1870 D leak-2622: Eastern Standard Time
08-14 13:50:48.969  1870  1870 D leak-2622: Eastern Standard Time
08-14 13:50:48.970  1870  1870 D leak-1681: Eastern Standard Time
08-14 13:50:48.970  1870  1870 D leak-1681: Eastern Standard Time
08-14 13:50:48.970  1870  1870 D leak-1688: Eastern Standard Time
08-14 13:50:48.970  1870  1870 D leak-1689: Eastern Standard Time
08-14 13:50:48.970  1870  1870 D leak-1681: Eastern Standard Time
08-14 13:50:48.985  1870  1870 D leak-2641: Eastern Standard Time
08-14 13:50:48.985  1870  1870 D leak-2621: Eastern Standard Time
08-14 13:50:48.985  1870  1870 D leak-2622: Eastern Standard Time
08-14 13:50:48.985  1870  1870 D leak-2622: Eastern Standard Time
08-14 13:50:48.985  1870  1870 D leak-2622: Eastern Standard Time
08-14 13:50:48.985  1870  1870 D leak-2622: Eastern Standard Time
08-14 13:50:49.002  1870  1870 D leak-2641: Eastern Standard Time
08-14 13:50:49.002  1870  1870 D leak-2621: Eastern Standard Time
08-14 13:50:49.002  1870  1870 D leak-2622: Eastern Standard Time
08-14 13:50:49.002  1870  1870 D leak-2622: Eastern Standard Time
08-14 13:50:49.002  1870  1870 D leak-2622: Eastern Standard Time
08-14 13:50:49.002  1870  1870 D leak-2622: Eastern Standard Time
08-14 13:50:49.019  1870  1870 D leak-2641: Eastern Standard Time
08-14 13:50:49.019  1870  1870 D leak-2621: Eastern Standard Time
08-14 13:50:49.019  1870  1870 D leak-2622: Eastern Standard Time
08-14 13:50:49.019  1870  1870 D leak-2622: Eastern Standard Time
08-14 13:50:49.019  1870  1870 D leak-2622: Eastern Standard Time
08-14 13:50:49.019  1870  1870 D leak-2622: Eastern Standard Time
08-14 13:50:49.035  1870  1870 D leak-2641: Eastern Standard Time
08-14 13:50:49.035  1870  1870 D leak-2621: Eastern Standard Time
08-14 13:50:49.035  1870  1870 D leak-2622: Eastern Standard Time
08-14 13:50:49.035  1870  1870 D leak-2622: Eastern Standard Time
08-14 13:50:49.035  1870  1870 D leak-2622: Eastern Standard Time
08-14 13:50:49.035  1870  1870 D leak-2622: Eastern Standard Time
08-14 13:50:49.052  1870  1870 D leak-2641: Eastern Standard Time
08-14 13:50:49.052  1870  1870 D leak-2621: Eastern Standard Time
08-14 13:50:49.052  1870  1870 D leak-2622: Eastern Standard Time
08-14 13:50:49.052  1870  1870 D leak-2622: Eastern Standard Time
08-14 13:50:49.052  1870  1870 D leak-2622: Eastern Standard Time
08-14 13:50:49.052  1870  1870 D leak-2622: Eastern Standard Time
08-14 13:50:49.068  1870  1870 D leak-2641: Eastern Standard Time
08-14 13:50:49.068  1870  1870 D leak-2621: Eastern Standard Time
08-14 13:50:49.068  1870  1870 D leak-2622: Eastern Standard Time
08-14 13:50:49.068  1870  1870 D leak-2622: Eastern Standard Time
08-14 13:50:49.068  1870  1870 D leak-2622: Eastern Standard Time
08-14 13:50:49.068  1870  1870 D leak-2622: Eastern Standard Time
08-14 13:50:49.085  1870  1870 D leak-2641: Eastern Standard Time
08-14 13:50:49.085  1870  1870 D leak-2621: Eastern Standard Time
08-14 13:50:49.085  1870  1870 D leak-2622: Eastern Standard Time
08-14 13:50:49.085  1870  1870 D leak-2622: Eastern Standard Time
08-14 13:50:49.085  1870  1870 D leak-2622: Eastern Standard Time
08-14 13:50:49.085  1870  1870 D leak-2622: Eastern Standard Time
08-14 13:50:49.102  1870  1870 D leak-2641: Eastern Standard Time
08-14 13:50:49.102  1870  1870 D leak-2621: Eastern Standard Time
08-14 13:50:49.102  1870  1870 D leak-2622: Eastern Standard Time
08-14 13:50:49.102  1870  1870 D leak-2622: Eastern Standard Time
08-14 13:50:49.102  1870  1870 D leak-2622: Eastern Standard Time
08-14 13:50:49.102  1870  1870 D leak-2622: Eastern Standard Time
08-14 13:50:49.121  1870  1870 D leak-2641: Eastern Standard Time
08-14 13:50:49.121  1870  1870 D leak-2621: Eastern Standard Time
08-14 13:50:49.121  1870  1870 D leak-2622: Eastern Standard Time
08-14 13:50:49.121  1870  1870 D leak-2622: Eastern Standard Time
08-14 13:50:49.121  1870  1870 D leak-2622: Eastern Standard Time
08-14 13:50:49.121  1870  1870 D leak-2622: Eastern Standard Time
08-14 13:50:49.135  1870  1870 D leak-2641: Eastern Standard Time
08-14 13:50:49.135  1870  1870 D leak-2621: Eastern Standard Time
08-14 13:50:49.135  1870  1870 D leak-2622: Eastern Standard Time
08-14 13:50:49.135  1870  1870 D leak-2622: Eastern Standard Time
08-14 13:50:49.135  1870  1870 D leak-2622: Eastern Standard Time
08-14 13:50:49.135  1870  1870 D leak-2622: Eastern Standard Time
08-14 13:50:49.152  1870  1870 D leak-2641: Eastern Standard Time
08-14 13:50:49.152  1870  1870 D leak-2621: Eastern Standard Time
08-14 13:50:49.152  1870  1870 D leak-2622: Eastern Standard Time
08-14 13:50:49.152  1870  1870 D leak-2622: Eastern Standard Time
08-14 13:50:49.152  1870  1870 D leak-2622: Eastern Standard Time
08-14 13:50:49.152  1870  1870 D leak-2622: Eastern Standard Time
08-14 13:50:49.169  1870  1870 D leak-2641: Eastern Standard Time
08-14 13:50:49.169  1870  1870 D leak-2621: Eastern Standard Time
08-14 13:50:49.169  1870  1870 D leak-2622: Eastern Standard Time
08-14 13:50:49.169  1870  1870 D leak-2622: Eastern Standard Time
08-14 13:50:49.169  1870  1870 D leak-2622: Eastern Standard Time
08-14 13:50:49.169  1870  1870 D leak-2622: Eastern Standard Time
08-14 13:50:49.187  1870  1870 D leak-2641: Eastern Standard Time
08-14 13:50:49.187  1870  1870 D leak-2621: Eastern Standard Time
08-14 13:50:49.187  1870  1870 D leak-2622: Eastern Standard Time
08-14 13:50:49.187  1870  1870 D leak-2622: Eastern Standard Time
08-14 13:50:49.187  1870  1870 D leak-2622: Eastern Standard Time
08-14 13:50:49.187  1870  1870 D leak-2622: Eastern Standard Time
08-14 13:50:49.204  1870  1870 D leak-2641: Eastern Standard Time
08-14 13:50:49.205  1870  1870 D leak-2621: Eastern Standard Time
08-14 13:50:49.205  1870  1870 D leak-2622: Eastern Standard Time
08-14 13:50:49.205  1870  1870 D leak-2622: Eastern Standard Time
08-14 13:50:49.205  1870  1870 D leak-2622: Eastern Standard Time
08-14 13:50:49.205  1870  1870 D leak-2622: Eastern Standard Time
08-14 13:50:49.218  1870  1870 D leak-2641: Eastern Standard Time
08-14 13:50:49.218  1870  1870 D leak-2621: Eastern Standard Time
08-14 13:50:49.218  1870  1870 D leak-2622: Eastern Standard Time
08-14 13:50:49.218  1870  1870 D leak-2622: Eastern Standard Time
08-14 13:50:49.218  1870  1870 D leak-2622: Eastern Standard Time
08-14 13:50:49.218  1870  1870 D leak-2622: Eastern Standard Time
08-14 13:50:49.218  1870  1870 D leak-2644: Eastern Standard Time
08-14 13:50:52.741  4400  4400 D AndroidRuntime: >>>>>> START com.android.internal.os.RuntimeInit uid 0 <<<<<<
08-14 13:50:52.743  4400  4400 D AndroidRuntime: CheckJNI is OFF
08-14 13:50:52.752  4400  4400 D ICU     : No timezone override file found: /data/misc/zoneinfo/current/icu/icu_tzdata.dat
08-14 13:50:52.765  4400  4400 E memtrack: Couldn't load memtrack module (No such file or directory)
08-14 13:50:52.765  4400  4400 E android.os.Debug: failed to load memtrack module: -2
08-14 13:50:52.765  4400  4400 I Radio-JNI: register_android_hardware_Radio DONE
08-14 13:50:52.772  4400  4400 D AndroidRuntime: Calling main entry com.android.commands.uiautomator.Launcher
08-14 13:50:52.781  1870  1870 D leak-886: Eastern Standard Time
08-14 13:50:52.781  1870  1870 D leak-887: Eastern Standard Time
08-14 13:50:52.782  1870  1870 D leak-26 : Eastern Standard Time
08-14 13:50:52.782  1870  1870 D leak-886: Eastern Standard Time
08-14 13:50:52.782  1870  1870 D leak-887: Eastern Standard Time
08-14 13:50:52.782  1870  1870 D leak-26 : Eastern Standard Time
08-14 13:50:53.784  1870  1870 D leak-886: Eastern Standard Time
08-14 13:50:53.784  1870  1870 D leak-887: Eastern Standard Time
08-14 13:50:53.784  1870  1870 D leak-26 : Eastern Standard Time
08-14 13:50:53.789  4400  4400 W AccessibilityNodeInfoDumper: Fetch time: 2ms
08-14 13:50:53.789   594   746 W WindowManager: Attempted to remove non-existing token: android.os.Binder@7f0f8a6
08-14 13:50:53.796  4400  4400 D AndroidRuntime: Shutting down VM
08-14 13:50:54.768  4424  4424 D AndroidRuntime: >>>>>> START com.android.internal.os.RuntimeInit uid 0 <<<<<<
08-14 13:50:54.770  4424  4424 D AndroidRuntime: CheckJNI is OFF
08-14 13:50:54.778  4424  4424 D ICU     : No timezone override file found: /data/misc/zoneinfo/current/icu/icu_tzdata.dat
08-14 13:50:54.789  4424  4424 E memtrack: Couldn't load memtrack module (No such file or directory)
08-14 13:50:54.789  4424  4424 E android.os.Debug: failed to load memtrack module: -2
08-14 13:50:54.789  4424  4424 I Radio-JNI: register_android_hardware_Radio DONE
08-14 13:50:54.795  4424  4424 D AndroidRuntime: Calling main entry com.android.commands.uiautomator.Launcher
08-14 13:50:54.803  1870  1870 D leak-886: Eastern Standard Time
08-14 13:50:54.804  1870  1870 D leak-887: Eastern Standard Time
08-14 13:50:54.804  1870  1870 D leak-26 : Eastern Standard Time
08-14 13:50:54.804  1870  1870 D leak-886: Eastern Standard Time
08-14 13:50:54.804  1870  1870 D leak-887: Eastern Standard Time
08-14 13:50:54.804  1870  1870 D leak-26 : Eastern Standard Time
08-14 13:50:55.806  1870  1870 D leak-886: Eastern Standard Time
08-14 13:50:55.806  1870  1870 D leak-887: Eastern Standard Time
08-14 13:50:55.806  1870  1870 D leak-26 : Eastern Standard Time
08-14 13:50:55.811  4424  4424 W AccessibilityNodeInfoDumper: Fetch time: 2ms
08-14 13:50:55.812   594   735 W WindowManager: Attempted to remove non-existing token: android.os.Binder@3c0a2e7
08-14 13:50:55.820  4424  4424 D AndroidRuntime: Shutting down VM
08-14 13:50:56.230  4441  4441 D AndroidRuntime: >>>>>> START com.android.internal.os.RuntimeInit uid 0 <<<<<<
08-14 13:50:56.231  4441  4441 D AndroidRuntime: CheckJNI is OFF
08-14 13:50:56.239  4441  4441 D ICU     : No timezone override file found: /data/misc/zoneinfo/current/icu/icu_tzdata.dat
08-14 13:50:56.251  4441  4441 E memtrack: Couldn't load memtrack module (No such file or directory)
08-14 13:50:56.251  4441  4441 E android.os.Debug: failed to load memtrack module: -2
08-14 13:50:56.251  4441  4441 I Radio-JNI: register_android_hardware_Radio DONE
08-14 13:50:56.257  4441  4441 D AndroidRuntime: Calling main entry com.android.commands.uiautomator.Launcher
08-14 13:50:56.264  1870  1870 D leak-886: Eastern Standard Time
08-14 13:50:56.264  1870  1870 D leak-887: Eastern Standard Time
08-14 13:50:56.264  1870  1870 D leak-26 : Eastern Standard Time
08-14 13:50:56.264  1870  1870 D leak-886: Eastern Standard Time
08-14 13:50:56.264  1870  1870 D leak-887: Eastern Standard Time
08-14 13:50:56.264  1870  1870 D leak-26 : Eastern Standard Time
08-14 13:50:57.266  1870  1870 D leak-886: Eastern Standard Time
08-14 13:50:57.266  1870  1870 D leak-887: Eastern Standard Time
08-14 13:50:57.266  1870  1870 D leak-26 : Eastern Standard Time
08-14 13:50:57.270  4441  4441 W AccessibilityNodeInfoDumper: Fetch time: 1ms
08-14 13:50:57.270   594   612 W WindowManager: Attempted to remove non-existing token: android.os.Binder@51ee94
08-14 13:50:57.278  4441  4441 D AndroidRuntime: Shutting down VM
08-14 13:50:58.272  4464  4464 D AndroidRuntime: >>>>>> START com.android.internal.os.RuntimeInit uid 0 <<<<<<
08-14 13:50:58.275  4464  4464 D AndroidRuntime: CheckJNI is OFF
08-14 13:50:58.283  4464  4464 D ICU     : No timezone override file found: /data/misc/zoneinfo/current/icu/icu_tzdata.dat
08-14 13:50:58.295  4464  4464 E memtrack: Couldn't load memtrack module (No such file or directory)
08-14 13:50:58.295  4464  4464 E android.os.Debug: failed to load memtrack module: -2
08-14 13:50:58.296  4464  4464 I Radio-JNI: register_android_hardware_Radio DONE
08-14 13:50:58.301  4464  4464 D AndroidRuntime: Calling main entry com.android.commands.uiautomator.Launcher
08-14 13:50:58.311  1870  1870 D leak-886: Eastern Standard Time
08-14 13:50:58.311  1870  1870 D leak-887: Eastern Standard Time
08-14 13:50:58.311  1870  1870 D leak-26 : Eastern Standard Time
08-14 13:50:58.311  1870  1870 D leak-886: Eastern Standard Time
08-14 13:50:58.311  1870  1870 D leak-887: Eastern Standard Time
08-14 13:50:58.311  1870  1870 D leak-26 : Eastern Standard Time
08-14 13:50:59.315  1870  1870 D leak-886: Eastern Standard Time
08-14 13:50:59.316  1870  1870 D leak-887: Eastern Standard Time
08-14 13:50:59.316  1870  1870 D leak-26 : Eastern Standard Time
08-14 13:50:59.320  4464  4464 W AccessibilityNodeInfoDumper: Fetch time: 1ms
08-14 13:50:59.321   594   971 W WindowManager: Attempted to remove non-existing token: android.os.Binder@40bdd3d
08-14 13:50:59.329  4464  4464 D AndroidRuntime: Shutting down VM
08-14 13:51:00.347  4491  4491 D AndroidRuntime: >>>>>> START com.android.internal.os.RuntimeInit uid 0 <<<<<<
08-14 13:51:00.348  4491  4491 D AndroidRuntime: CheckJNI is OFF
08-14 13:51:00.356  4491  4491 D ICU     : No timezone override file found: /data/misc/zoneinfo/current/icu/icu_tzdata.dat
08-14 13:51:00.367  4491  4491 E memtrack: Couldn't load memtrack module (No such file or directory)
08-14 13:51:00.367  4491  4491 E android.os.Debug: failed to load memtrack module: -2
08-14 13:51:00.368  4491  4491 I Radio-JNI: register_android_hardware_Radio DONE
08-14 13:51:00.373  4491  4491 D AndroidRuntime: Calling main entry com.android.commands.uiautomator.Launcher
08-14 13:51:00.379  1870  1870 D leak-886: Eastern Standard Time
08-14 13:51:00.379  1870  1870 D leak-887: Eastern Standard Time
08-14 13:51:00.379  1870  1870 D leak-26 : Eastern Standard Time
08-14 13:51:00.379  1870  1870 D leak-886: Eastern Standard Time
08-14 13:51:00.379  1870  1870 D leak-887: Eastern Standard Time
08-14 13:51:00.379  1870  1870 D leak-26 : Eastern Standard Time
08-14 13:51:01.380  1870  1870 D leak-886: Eastern Standard Time
08-14 13:51:01.380  1870  1870 D leak-887: Eastern Standard Time
08-14 13:51:01.380  1870  1870 D leak-26 : Eastern Standard Time
08-14 13:51:01.384  4491  4491 W AccessibilityNodeInfoDumper: Fetch time: 1ms
08-14 13:51:01.384   594  1071 W WindowManager: Attempted to remove non-existing token: android.os.Binder@a3f932
08-14 13:51:01.391  4491  4491 D AndroidRuntime: Shutting down VM
08-14 13:51:02.382  4516  4516 D AndroidRuntime: >>>>>> START com.android.internal.os.RuntimeInit uid 0 <<<<<<
08-14 13:51:02.383  4516  4516 D AndroidRuntime: CheckJNI is OFF
08-14 13:51:02.393  4516  4516 D ICU     : No timezone override file found: /data/misc/zoneinfo/current/icu/icu_tzdata.dat
08-14 13:51:02.404  4516  4516 E memtrack: Couldn't load memtrack module (No such file or directory)
08-14 13:51:02.404  4516  4516 E android.os.Debug: failed to load memtrack module: -2
08-14 13:51:02.405  4516  4516 I Radio-JNI: register_android_hardware_Radio DONE
08-14 13:51:02.411  4516  4516 D AndroidRuntime: Calling main entry com.android.commands.uiautomator.Launcher
08-14 13:51:02.418  1870  1870 D leak-886: Eastern Standard Time
08-14 13:51:02.418  1870  1870 D leak-887: Eastern Standard Time
08-14 13:51:02.418  1870  1870 D leak-26 : Eastern Standard Time
08-14 13:51:02.418  1870  1870 D leak-886: Eastern Standard Time
08-14 13:51:02.418  1870  1870 D leak-887: Eastern Standard Time
08-14 13:51:02.418  1870  1870 D leak-26 : Eastern Standard Time
08-14 13:51:03.420  1870  1870 D leak-886: Eastern Standard Time
08-14 13:51:03.420  1870  1870 D leak-887: Eastern Standard Time
08-14 13:51:03.420  1870  1870 D leak-26 : Eastern Standard Time
08-14 13:51:03.424  4516  4516 W AccessibilityNodeInfoDumper: Fetch time: 2ms
08-14 13:51:03.424   594  1075 W WindowManager: Attempted to remove non-existing token: android.os.Binder@a96000
08-14 13:51:03.431  4516  4516 D AndroidRuntime: Shutting down VM
08-14 13:51:03.831  4533  4533 D AndroidRuntime: >>>>>> START com.android.internal.os.RuntimeInit uid 0 <<<<<<
08-14 13:51:03.833  4533  4533 D AndroidRuntime: CheckJNI is OFF
08-14 13:51:03.843  4533  4533 D ICU     : No timezone override file found: /data/misc/zoneinfo/current/icu/icu_tzdata.dat
08-14 13:51:03.854  4533  4533 E memtrack: Couldn't load memtrack module (No such file or directory)
08-14 13:51:03.854  4533  4533 E android.os.Debug: failed to load memtrack module: -2
08-14 13:51:03.854  4533  4533 I Radio-JNI: register_android_hardware_Radio DONE
08-14 13:51:03.861  4533  4533 D AndroidRuntime: Calling main entry com.android.commands.uiautomator.Launcher
08-14 13:51:03.867  1870  1870 D leak-886: Eastern Standard Time
08-14 13:51:03.867  1870  1870 D leak-887: Eastern Standard Time
08-14 13:51:03.867  1870  1870 D leak-26 : Eastern Standard Time
08-14 13:51:03.867  1870  1870 D leak-886: Eastern Standard Time
08-14 13:51:03.867  1870  1870 D leak-887: Eastern Standard Time
08-14 13:51:03.867  1870  1870 D leak-26 : Eastern Standard Time
08-14 13:51:04.868  1870  1870 D leak-886: Eastern Standard Time
08-14 13:51:04.868  1870  1870 D leak-887: Eastern Standard Time
08-14 13:51:04.868  1870  1870 D leak-26 : Eastern Standard Time
08-14 13:51:04.871  4533  4533 W AccessibilityNodeInfoDumper: Fetch time: 1ms
08-14 13:51:04.872   594  1075 W WindowManager: Attempted to remove non-existing token: android.os.Binder@35e1039
08-14 13:51:04.878  4533  4533 D AndroidRuntime: Shutting down VM
08-14 13:51:05.909  4556  4556 D AndroidRuntime: >>>>>> START com.android.internal.os.RuntimeInit uid 0 <<<<<<
08-14 13:51:05.910  4556  4556 D AndroidRuntime: CheckJNI is OFF
08-14 13:51:05.919  4556  4556 D ICU     : No timezone override file found: /data/misc/zoneinfo/current/icu/icu_tzdata.dat
08-14 13:51:05.929  4556  4556 E memtrack: Couldn't load memtrack module (No such file or directory)
08-14 13:51:05.929  4556  4556 E android.os.Debug: failed to load memtrack module: -2
08-14 13:51:05.929  4556  4556 I Radio-JNI: register_android_hardware_Radio DONE
08-14 13:51:05.935  4556  4556 D AndroidRuntime: Calling main entry com.android.commands.uiautomator.Launcher
08-14 13:51:05.942  1870  1870 D leak-886: Eastern Standard Time
08-14 13:51:05.942  1870  1870 D leak-887: Eastern Standard Time
08-14 13:51:05.942  1870  1870 D leak-26 : Eastern Standard Time
08-14 13:51:05.942  1870  1870 D leak-886: Eastern Standard Time
08-14 13:51:05.942  1870  1870 D leak-887: Eastern Standard Time
08-14 13:51:05.942  1870  1870 D leak-26 : Eastern Standard Time
08-14 13:51:06.943  1870  1870 D leak-886: Eastern Standard Time
08-14 13:51:06.943  1870  1870 D leak-887: Eastern Standard Time
08-14 13:51:06.943  1870  1870 D leak-26 : Eastern Standard Time
08-14 13:51:06.947  4556  4556 W AccessibilityNodeInfoDumper: Fetch time: 1ms
08-14 13:51:06.947   594  1075 W WindowManager: Attempted to remove non-existing token: android.os.Binder@d14767e
08-14 13:51:06.957  4556  4556 D AndroidRuntime: Shutting down VM
08-14 13:51:07.352  4573  4573 D AndroidRuntime: >>>>>> START com.android.internal.os.RuntimeInit uid 0 <<<<<<
08-14 13:51:07.353  4573  4573 D AndroidRuntime: CheckJNI is OFF
08-14 13:51:07.361  4573  4573 D ICU     : No timezone override file found: /data/misc/zoneinfo/current/icu/icu_tzdata.dat
08-14 13:51:07.371  4573  4573 E memtrack: Couldn't load memtrack module (No such file or directory)
08-14 13:51:07.371  4573  4573 E android.os.Debug: failed to load memtrack module: -2
08-14 13:51:07.371  4573  4573 I Radio-JNI: register_android_hardware_Radio DONE
08-14 13:51:07.378  4573  4573 D AndroidRuntime: Calling main entry com.android.commands.uiautomator.Launcher
08-14 13:51:07.386  1870  1870 D leak-886: Eastern Standard Time
08-14 13:51:07.386  1870  1870 D leak-887: Eastern Standard Time
08-14 13:51:07.386  1870  1870 D leak-26 : Eastern Standard Time
08-14 13:51:07.386  1870  1870 D leak-886: Eastern Standard Time
08-14 13:51:07.386  1870  1870 D leak-887: Eastern Standard Time
08-14 13:51:07.386  1870  1870 D leak-26 : Eastern Standard Time
08-14 13:51:08.388  1870  1870 D leak-886: Eastern Standard Time
08-14 13:51:08.388  1870  1870 D leak-887: Eastern Standard Time
08-14 13:51:08.388  1870  1870 D leak-26 : Eastern Standard Time
08-14 13:51:08.395  4573  4573 W AccessibilityNodeInfoDumper: Fetch time: 3ms
08-14 13:51:08.396   594   746 W WindowManager: Attempted to remove non-existing token: android.os.Binder@14507df
08-14 13:51:08.403  4573  4573 D AndroidRuntime: Shutting down VM
08-14 13:51:09.392  4596  4596 D AndroidRuntime: >>>>>> START com.android.internal.os.RuntimeInit uid 0 <<<<<<
08-14 13:51:09.393  4596  4596 D AndroidRuntime: CheckJNI is OFF
08-14 13:51:09.401  4596  4596 D ICU     : No timezone override file found: /data/misc/zoneinfo/current/icu/icu_tzdata.dat
08-14 13:51:09.412  4596  4596 E memtrack: Couldn't load memtrack module (No such file or directory)
08-14 13:51:09.412  4596  4596 E android.os.Debug: failed to load memtrack module: -2
08-14 13:51:09.412  4596  4596 I Radio-JNI: register_android_hardware_Radio DONE
08-14 13:51:09.418  4596  4596 D AndroidRuntime: Calling main entry com.android.commands.uiautomator.Launcher
08-14 13:51:09.424  1870  1870 D leak-886: Eastern Standard Time
08-14 13:51:09.424  1870  1870 D leak-887: Eastern Standard Time
08-14 13:51:09.424  1870  1870 D leak-26 : Eastern Standard Time
08-14 13:51:09.424  1870  1870 D leak-886: Eastern Standard Time
08-14 13:51:09.424  1870  1870 D leak-887: Eastern Standard Time
08-14 13:51:09.424  1870  1870 D leak-26 : Eastern Standard Time
08-14 13:51:10.436  1870  1870 D leak-886: Eastern Standard Time
08-14 13:51:10.436  1870  1870 D leak-887: Eastern Standard Time
08-14 13:51:10.436  1870  1870 D leak-26 : Eastern Standard Time
08-14 13:51:10.439  4596  4596 W AccessibilityNodeInfoDumper: Fetch time: 1ms
08-14 13:51:10.440   594  1075 W WindowManager: Attempted to remove non-existing token: android.os.Binder@8447c2c
08-14 13:51:10.447  4596  4596 D AndroidRuntime: Shutting down VM
08-14 13:51:10.850  4613  4613 D AndroidRuntime: >>>>>> START com.android.internal.os.RuntimeInit uid 0 <<<<<<
08-14 13:51:10.851  4613  4613 D AndroidRuntime: CheckJNI is OFF
08-14 13:51:10.861  4613  4613 D ICU     : No timezone override file found: /data/misc/zoneinfo/current/icu/icu_tzdata.dat
08-14 13:51:10.873  4613  4613 E memtrack: Couldn't load memtrack module (No such file or directory)
08-14 13:51:10.873  4613  4613 E android.os.Debug: failed to load memtrack module: -2
08-14 13:51:10.874  4613  4613 I Radio-JNI: register_android_hardware_Radio DONE
08-14 13:51:10.879  4613  4613 D AndroidRuntime: Calling main entry com.android.commands.uiautomator.Launcher
08-14 13:51:10.885  1870  1870 D leak-886: Eastern Standard Time
08-14 13:51:10.885  1870  1870 D leak-887: Eastern Standard Time
08-14 13:51:10.886  1870  1870 D leak-26 : Eastern Standard Time
08-14 13:51:10.886  1870  1870 D leak-886: Eastern Standard Time
08-14 13:51:10.886  1870  1870 D leak-887: Eastern Standard Time
08-14 13:51:10.886  1870  1870 D leak-26 : Eastern Standard Time
08-14 13:51:11.888  1870  1870 D leak-886: Eastern Standard Time
08-14 13:51:11.888  1870  1870 D leak-887: Eastern Standard Time
08-14 13:51:11.888  1870  1870 D leak-26 : Eastern Standard Time
08-14 13:51:11.892  4613  4613 W AccessibilityNodeInfoDumper: Fetch time: 1ms
08-14 13:51:11.892   594  1058 W WindowManager: Attempted to remove non-existing token: android.os.Binder@90676f5
08-14 13:51:11.899  4613  4613 D AndroidRuntime: Shutting down VM
08-14 13:51:12.926  4638  4638 D AndroidRuntime: >>>>>> START com.android.internal.os.RuntimeInit uid 0 <<<<<<
08-14 13:51:12.927  4638  4638 D AndroidRuntime: CheckJNI is OFF
08-14 13:51:12.935  4638  4638 D ICU     : No timezone override file found: /data/misc/zoneinfo/current/icu/icu_tzdata.dat
08-14 13:51:12.947  4638  4638 E memtrack: Couldn't load memtrack module (No such file or directory)
08-14 13:51:12.947  4638  4638 E android.os.Debug: failed to load memtrack module: -2
08-14 13:51:12.948  4638  4638 I Radio-JNI: register_android_hardware_Radio DONE
08-14 13:51:12.954  4638  4638 D AndroidRuntime: Calling main entry com.android.commands.uiautomator.Launcher
08-14 13:51:12.962  1870  1870 D leak-886: Eastern Standard Time
08-14 13:51:12.962  1870  1870 D leak-887: Eastern Standard Time
08-14 13:51:12.962  1870  1870 D leak-26 : Eastern Standard Time
08-14 13:51:12.962  1870  1870 D leak-886: Eastern Standard Time
08-14 13:51:12.962  1870  1870 D leak-887: Eastern Standard Time
08-14 13:51:12.962  1870  1870 D leak-26 : Eastern Standard Time
08-14 13:51:13.965  1870  1870 D leak-886: Eastern Standard Time
08-14 13:51:13.965  1870  1870 D leak-887: Eastern Standard Time
08-14 13:51:13.965  1870  1870 D leak-26 : Eastern Standard Time
08-14 13:51:13.969  4638  4638 W AccessibilityNodeInfoDumper: Fetch time: 1ms
08-14 13:51:13.969   594  1075 W WindowManager: Attempted to remove non-existing token: android.os.Binder@c1c42fb
08-14 13:51:13.975  4638  4638 D AndroidRuntime: Shutting down VM
08-14 13:51:14.416  4656  4656 D AndroidRuntime: >>>>>> START com.android.internal.os.RuntimeInit uid 0 <<<<<<
08-14 13:51:14.418  4656  4656 D AndroidRuntime: CheckJNI is OFF
08-14 13:51:14.427  4656  4656 D ICU     : No timezone override file found: /data/misc/zoneinfo/current/icu/icu_tzdata.dat
08-14 13:51:14.437  4656  4656 E memtrack: Couldn't load memtrack module (No such file or directory)
08-14 13:51:14.437  4656  4656 E android.os.Debug: failed to load memtrack module: -2
08-14 13:51:14.438  4656  4656 I Radio-JNI: register_android_hardware_Radio DONE
08-14 13:51:14.443  4656  4656 D AndroidRuntime: Calling main entry com.android.commands.uiautomator.Launcher
08-14 13:51:14.450  1870  1870 D leak-886: Eastern Standard Time
08-14 13:51:14.450  1870  1870 D leak-887: Eastern Standard Time
08-14 13:51:14.450  1870  1870 D leak-26 : Eastern Standard Time
08-14 13:51:14.450  1870  1870 D leak-886: Eastern Standard Time
08-14 13:51:14.450  1870  1870 D leak-887: Eastern Standard Time
08-14 13:51:14.450  1870  1870 D leak-26 : Eastern Standard Time
08-14 13:51:15.451  1870  1870 D leak-886: Eastern Standard Time
08-14 13:51:15.451  1870  1870 D leak-887: Eastern Standard Time
08-14 13:51:15.451  1870  1870 D leak-26 : Eastern Standard Time
08-14 13:51:15.454  4656  4656 W AccessibilityNodeInfoDumper: Fetch time: 1ms
08-14 13:51:15.455   594  1058 W WindowManager: Attempted to remove non-existing token: android.os.Binder@d932f18
08-14 13:51:15.461  4656  4656 D AndroidRuntime: Shutting down VM
08-14 13:51:15.834  4669  4669 D AndroidRuntime: >>>>>> START com.android.internal.os.RuntimeInit uid 0 <<<<<<
08-14 13:51:15.835  4669  4669 D AndroidRuntime: CheckJNI is OFF
08-14 13:51:15.845  4669  4669 D ICU     : No timezone override file found: /data/misc/zoneinfo/current/icu/icu_tzdata.dat
08-14 13:51:15.855  4669  4669 E memtrack: Couldn't load memtrack module (No such file or directory)
08-14 13:51:15.855  4669  4669 E android.os.Debug: failed to load memtrack module: -2
08-14 13:51:15.856  4669  4669 I Radio-JNI: register_android_hardware_Radio DONE
08-14 13:51:15.861  4669  4669 D AndroidRuntime: Calling main entry com.android.commands.input.Input
08-14 13:51:15.862  4669  4669 I Input   : injectMotionEvent: MotionEvent { action=ACTION_DOWN, actionButton=0, id[0]=0, x[0]=1144.0, y[0]=112.0, toolType[0]=TOOL_TYPE_UNKNOWN, buttonState=0, metaState=0, flags=0x0, edgeFlags=0x0, pointerCount=1, historySize=0, eventTime=195810, downTime=195810, deviceId=0, source=0x1002 }
08-14 13:51:15.864  4669  4669 I Input   : injectMotionEvent: MotionEvent { action=ACTION_UP, actionButton=0, id[0]=0, x[0]=1144.0, y[0]=112.0, toolType[0]=TOOL_TYPE_UNKNOWN, buttonState=0, metaState=0, flags=0x0, edgeFlags=0x0, pointerCount=1, historySize=0, eventTime=195810, downTime=195810, deviceId=0, source=0x1002 }
08-14 13:51:15.864  4669  4669 D AndroidRuntime: Shutting down VM
08-14 13:51:16.075  1870  1885 W EGL_emulation: eglSurfaceAttrib not implemented
08-14 13:51:16.076  1870  1885 W OpenGLRenderer: Failed to set EGL_SWAP_BEHAVIOR on surface 0xdf46e200, error=EGL_SUCCESS
08-14 13:51:20.211  5005  5005 D AndroidRuntime: >>>>>> START com.android.internal.os.RuntimeInit uid 0 <<<<<<
08-14 13:51:20.212  5005  5005 D AndroidRuntime: CheckJNI is OFF
08-14 13:51:20.220  5005  5005 D ICU     : No timezone override file found: /data/misc/zoneinfo/current/icu/icu_tzdata.dat
08-14 13:51:20.232  5005  5005 E memtrack: Couldn't load memtrack module (No such file or directory)
08-14 13:51:20.232  5005  5005 E android.os.Debug: failed to load memtrack module: -2
08-14 13:51:20.234  5005  5005 I Radio-JNI: register_android_hardware_Radio DONE
08-14 13:51:20.239  5005  5005 D AndroidRuntime: Calling main entry com.android.commands.uiautomator.Launcher
08-14 13:51:21.252  5005  5005 W AccessibilityNodeInfoDumper: Fetch time: 1ms
08-14 13:51:21.252   594   613 W WindowManager: Attempted to remove non-existing token: android.os.Binder@5138fad
08-14 13:51:21.264  5005  5005 D AndroidRuntime: Shutting down VM
08-14 13:51:22.231  5028  5028 D AndroidRuntime: >>>>>> START com.android.internal.os.RuntimeInit uid 0 <<<<<<
08-14 13:51:22.234  5028  5028 D AndroidRuntime: CheckJNI is OFF
08-14 13:51:22.243  5028  5028 D ICU     : No timezone override file found: /data/misc/zoneinfo/current/icu/icu_tzdata.dat
08-14 13:51:22.255  5028  5028 E memtrack: Couldn't load memtrack module (No such file or directory)
08-14 13:51:22.255  5028  5028 E android.os.Debug: failed to load memtrack module: -2
08-14 13:51:22.256  5028  5028 I Radio-JNI: register_android_hardware_Radio DONE
08-14 13:51:22.261  5028  5028 D AndroidRuntime: Calling main entry com.android.commands.uiautomator.Launcher
08-14 13:51:23.274  5028  5028 W AccessibilityNodeInfoDumper: Fetch time: 2ms
08-14 13:51:23.275   594  1058 W WindowManager: Attempted to remove non-existing token: android.os.Binder@be912e2
08-14 13:51:23.286  5028  5028 D AndroidRuntime: Shutting down VM
08-14 13:51:23.685  5045  5045 D AndroidRuntime: >>>>>> START com.android.internal.os.RuntimeInit uid 0 <<<<<<
