--------- beginning of main
08-14 22:38:47.759   623   700 W AudioTrack: AUDIO_OUTPUT_FLAG_FAST denied by client; transfer 4, track 48000 Hz, output 44100 Hz
08-14 22:38:58.219  1965  1965 D AndroidRuntime: >>>>>> START com.android.internal.os.RuntimeInit uid 0 <<<<<<
08-14 22:38:58.220  1965  1965 D AndroidRuntime: CheckJNI is OFF
08-14 22:38:58.230  1965  1965 D ICU     : No timezone override file found: /data/misc/zoneinfo/current/icu/icu_tzdata.dat
08-14 22:38:58.244  1965  1965 E memtrack: Couldn't load memtrack module (No such file or directory)
08-14 22:38:58.244  1965  1965 E android.os.Debug: failed to load memtrack module: -2
08-14 22:38:58.245  1965  1965 I Radio-JNI: register_android_hardware_Radio DONE
08-14 22:38:58.254  1965  1965 D AndroidRuntime: Calling main entry com.android.commands.pm.Pm
08-14 22:38:58.262   623  1030 I PackageManager: Package doesn't exist in get block uninstall com.uberspot.a2048
--------- beginning of system
08-14 22:38:58.262   623   646 W PackageManager: Package named 'com.uberspot.a2048' doesn't exist.
08-14 22:38:58.262   623   646 I art     : Starting a blocking GC Explicit
08-14 22:38:58.271   623   646 I art     : Explicit concurrent mark sweep GC freed 30499(1752KB) AllocSpace objects, 5(108KB) LOS objects, 33% free, 5MB/8MB, paused 210us total 9.310ms
08-14 22:38:58.272  1965  1965 E Pm      : Failure details: Bundle[{android.content.pm.extra.STATUS=1, android.content.pm.extra.PACKAGE_NAME=com.uberspot.a2048, android.content.pm.extra.LEGACY_STATUS=-1, android.content.pm.extra.STATUS_MESSAGE=DELETE_FAILED_INTERNAL_ERROR}]
08-14 22:38:58.273  1965  1965 I art     : System.exit called, status: 1
08-14 22:38:58.273  1965  1965 I AndroidRuntime: VM exiting with result code 1.
08-14 22:38:58.480  1979  1979 D AndroidRuntime: >>>>>> START com.android.internal.os.RuntimeInit uid 0 <<<<<<
08-14 22:38:58.484  1979  1979 D AndroidRuntime: CheckJNI is OFF
08-14 22:38:58.498  1979  1979 D ICU     : No timezone override file found: /data/misc/zoneinfo/current/icu/icu_tzdata.dat
08-14 22:38:58.511  1979  1979 E memtrack: Couldn't load memtrack module (No such file or directory)
08-14 22:38:58.511  1979  1979 E android.os.Debug: failed to load memtrack module: -2
08-14 22:38:58.512  1979  1979 I Radio-JNI: register_android_hardware_Radio DONE
08-14 22:38:58.517  1979  1979 D AndroidRuntime: Calling main entry com.android.commands.pm.Pm
08-14 22:38:58.537   623   646 I ActivityManager: Start proc 1987:com.android.defcontainer/u0a4 for service com.android.defcontainer/.DefaultContainerService
08-14 22:38:58.565  1987  1987 E libprocessgroup: failed to make and chown /acct/uid_10004: Read-only file system
08-14 22:38:58.565  1987  1987 W Zygote  : createProcessGroup failed, kernel missing CONFIG_CGROUP_CPUACCT?
08-14 22:38:58.586  1987  1998 D DefContainer: Copying /data/local/tmp/2048-debug_REACH.apk to base.apk
08-14 22:38:58.604   623   646 I PackageManager.DexOptimizer: Running dexopt (dex2oat) on: /data/app/vmdl1130920706.tmp/base.apk pkg=com.uberspot.a2048 isa=x86 vmSafeMode=false debuggable=true oatDir = /data/app/vmdl1130920706.tmp/oat
08-14 22:38:58.612  2001  2001 W dex2oat : Unexpected CPU variant for X86 using defaults: x86
08-14 22:38:58.612  2001  2001 I dex2oat : /system/bin/dex2oat --debuggable
08-14 22:38:58.612  2001  2001 E cutils-trace: Error opening trace file: Permission denied (13)
08-14 22:38:58.967  2001  2001 I dex2oat : dex2oat took 355.665ms (threads: 4) arena alloc=273KB java alloc=1306KB native alloc=7MB free=2MB
08-14 22:38:59.031   623   646 V BackupManagerService: restoreAtInstall pkg=com.uberspot.a2048 token=1 restoreSet=0
08-14 22:38:59.031   623   646 V BackupManagerService: Finishing install immediately
08-14 22:38:59.031   623   646 W Settings: Setting install_non_market_apps has moved from android.provider.Settings.Global to android.provider.Settings.Secure, returning read-only value.
08-14 22:38:59.031   623   646 I art     : Starting a blocking GC Explicit
08-14 22:38:59.045   623   646 I art     : Explicit concurrent mark sweep GC freed 16728(1044KB) AllocSpace objects, 7(140KB) LOS objects, 33% free, 5MB/8MB, paused 242us total 13.336ms
08-14 22:38:59.048  1979  1979 I art     : System.exit called, status: 0
08-14 22:38:59.054  1979  1979 I AndroidRuntime: VM exiting with result code 0.
08-14 22:38:59.086   623   666 I InputReader: Reconfiguring input devices.  changes=0x00000010
08-14 22:38:59.101   943   943 D CarrierServiceBindHelper: Receive action: android.intent.action.PACKAGE_ADDED
08-14 22:38:59.103   943   943 D CarrierServiceBindHelper: mHandler: 3
08-14 22:38:59.103   943   943 D CarrierConfigLoader: mHandler: 9 phoneId: 0
08-14 22:38:59.160   623  1015 I ActivityManager: Start proc 2015:com.svox.pico/u0a50 for broadcast com.svox.pico/.VoiceDataInstallerReceiver
08-14 22:38:59.193  2015  2015 E libprocessgroup: failed to make and chown /acct/uid_10050: Read-only file system
08-14 22:38:59.193  2015  2015 W Zygote  : createProcessGroup failed, kernel missing CONFIG_CGROUP_CPUACCT?
08-14 22:38:59.210   623   636 W VoiceInteractionManagerService: no available voice recognition services found for user 0
08-14 22:38:59.237   623  1647 I ActivityManager: Killing 1813:com.android.dialer/u0a5 (adj 15): empty #17
08-14 22:38:59.237   623  1647 W libprocessgroup: failed to open /acct/uid_10005/pid_1813/cgroup.procs: No such file or directory
08-14 22:38:59.383  2037  2037 D AndroidRuntime: >>>>>> START com.android.internal.os.RuntimeInit uid 0 <<<<<<
08-14 22:38:59.385  2037  2037 D AndroidRuntime: CheckJNI is OFF
08-14 22:38:59.395  2037  2037 D ICU     : No timezone override file found: /data/misc/zoneinfo/current/icu/icu_tzdata.dat
08-14 22:38:59.406  2037  2037 E memtrack: Couldn't load memtrack module (No such file or directory)
08-14 22:38:59.406  2037  2037 E android.os.Debug: failed to load memtrack module: -2
08-14 22:38:59.406  2037  2037 I Radio-JNI: register_android_hardware_Radio DONE
08-14 22:38:59.414  2037  2037 D AndroidRuntime: Calling main entry com.android.commands.monkey.Monkey
08-14 22:38:59.422   623   637 W BroadcastQueue: Skipping deliver [background] BroadcastRecord{21cf74f u-1 android.net.conn.CONNECTIVITY_CHANGE} to ReceiverList{fc98edc 2037 (unknown name)/0/u-1 remote:c043629}: process crashing
08-14 22:38:59.425   623  1039 I ActivityManager: START u0 {act=android.intent.action.MAIN cat=[android.intent.category.LAUNCHER] flg=0x10200000 cmp=com.uberspot.a2048/.MainActivity} from uid 0 on display 0
08-14 22:38:59.443   623  1031 I ActivityManager: Start proc 2047:com.uberspot.a2048/u0a60 for activity com.uberspot.a2048/.MainActivity
08-14 22:38:59.448  2037  2037 I art     : System.exit called, status: 0
08-14 22:38:59.448  2037  2037 I AndroidRuntime: VM exiting with result code 0.
08-14 22:38:59.466  2047  2047 E libprocessgroup: failed to make and chown /acct/uid_10060: Read-only file system
08-14 22:38:59.466  2047  2047 W Zygote  : createProcessGroup failed, kernel missing CONFIG_CGROUP_CPUACCT?
08-14 22:38:59.466  2047  2047 I art     : Late-enabling -Xcheck:jni
08-14 22:38:59.760  2047  2047 W System  : ClassLoader referenced unknown path: /data/app/com.uberspot.a2048-1/lib/x86
08-14 22:38:59.824  2047  2047 D leak-0  : Eastern Standard Time
08-14 22:38:59.829  2047  2047 D leak-1  : Eastern Standard Time
08-14 22:38:59.829  2047  2047 D leak-2  : Eastern Standard Time
08-14 22:38:59.829  2047  2047 D leak-16 : Eastern Standard Time
08-14 22:38:59.894  2047  2047 D leak-17 : Eastern Standard Time
08-14 22:38:59.899  2047  2047 D leak-18 : Eastern Standard Time
08-14 22:38:59.900  2047  2047 D leak-3  : Eastern Standard Time
08-14 22:38:59.977  2047  2047 D leak-5  : Eastern Standard Time
08-14 22:39:00.145  2047  2047 V WebViewFactory: webViewPackageName: com.android.webview
08-14 22:39:00.155  2047  2047 I WebViewFactory: Loading com.android.webview version 44.0.2403.119 (code 246011910)
08-14 22:39:00.457  2047  2058 I art     : Background sticky concurrent mark sweep GC freed 12230(521KB) AllocSpace objects, 0(0B) LOS objects, 77% free, 518KB/2MB, paused 28.837ms total 187.711ms
08-14 22:39:00.573  2047  2047 W System  : ClassLoader referenced unknown path: /system/app/webview/lib/x86
08-14 22:39:00.843  2047  2047 I LibraryLoader: Time to load native libraries: 83 ms (timestamps 1308-1391)
08-14 22:39:00.845  2047  2047 I LibraryLoader: Expected native library version number "",actual native library version number ""
08-14 22:39:01.008  2047  2047 V WebViewChromiumFactoryProvider: Binding Chromium to main looper Looper (main, tid 1) {bdf3440}
08-14 22:39:01.015  2047  2047 I LibraryLoader: Expected native library version number "",actual native library version number ""
08-14 22:39:01.128  2047  2047 I chromium: [INFO:library_loader_hooks.cc(120)] Chromium logging enabled: level = 0, default verbosity = 0
08-14 22:39:01.168  2047  2047 I BrowserStartupController: Initializing chromium process, singleProcess=true
08-14 22:39:01.180  2047  2047 W art     : Attempt to remove non-JNI local reference, dumping thread
08-14 22:39:01.193  2047  2047 E SysUtils: ApplicationContext is null in ApplicationStatus
08-14 22:39:01.787  2047  2047 W chromium: [WARNING:resource_bundle.cc(285)] locale_file_path.empty()
08-14 22:39:01.820  2047  2047 D libEGL  : loaded /system/lib/egl/libEGL_emulation.so
08-14 22:39:01.832  2047  2047 D libEGL  : loaded /system/lib/egl/libGLESv1_CM_emulation.so
08-14 22:39:01.842  2047  2047 D libEGL  : loaded /system/lib/egl/libGLESv2_emulation.so
08-14 22:39:01.863  2047  2047 E libEGL  : validate_display:255 error 3008 (EGL_BAD_DISPLAY)
08-14 22:39:01.863  2047  2047 E libEGL  : validate_display:255 error 3008 (EGL_BAD_DISPLAY)
08-14 22:39:01.868  2047  2047 D         : HostConnection::get() New Host Connection established 0xe9b9f8e0, tid 2047
08-14 22:39:03.456  2047  2047 E eglCodecCommon: glUtilsParamSize: unknow param 0x00008d57
08-14 22:39:03.847  2047  2077 W AudioManagerAndroid: Requires BLUETOOTH permission
08-14 22:39:03.996  2047  2047 E DataReductionProxySettingListener: No DRP key due to exception:java.lang.ClassNotFoundException: com.android.webview.chromium.Drp
08-14 22:39:04.362  1556  1616 E Surface : getSlotFromBufferLocked: unknown buffer: 0xf3d98b30
08-14 22:39:04.468  2047  2047 W art     : Attempt to remove non-JNI local reference, dumping thread
08-14 22:39:04.492  2047  2047 W AwContents: onDetachedFromWindow called when already detached. Ignoring
08-14 22:39:04.495  2047  2047 D leak-6  : Eastern Standard Time
08-14 22:39:04.498  2047  2047 W art     : Attempt to remove non-JNI local reference, dumping thread
08-14 22:39:04.510  2047  2047 W AwContents: onDetachedFromWindow called when already detached. Ignoring
08-14 22:39:04.649  2047  2089 D OpenGLRenderer: Use EGL_SWAP_BEHAVIOR_PRESERVED: true
08-14 22:39:04.675  2047  2047 D leak-8  : Eastern Standard Time
08-14 22:39:04.691  2047  2047 D leak-9  : Eastern Standard Time
08-14 22:39:04.709  2047  2075 W chromium: [WARNING:data_reduction_proxy_config.cc(423)] SPDY proxy OFF at startup
08-14 22:39:04.757  2047  2089 I OpenGLRenderer: Initialized EGL, version 1.4
08-14 22:39:04.757  2047  2089 D         : HostConnection::get() New Host Connection established 0xdf01a450, tid 2089
08-14 22:39:04.784  2084  2084 D AndroidRuntime: >>>>>> START com.android.internal.os.RuntimeInit uid 0 <<<<<<
08-14 22:39:04.788  2084  2084 D AndroidRuntime: CheckJNI is OFF
08-14 22:39:04.836  2084  2084 D ICU     : No timezone override file found: /data/misc/zoneinfo/current/icu/icu_tzdata.dat
08-14 22:39:04.845  2047  2089 W EGL_emulation: eglSurfaceAttrib not implemented
08-14 22:39:04.845  2047  2089 W OpenGLRenderer: Failed to set EGL_SWAP_BEHAVIOR on surface 0xf04b2c20, error=EGL_SUCCESS
08-14 22:39:04.910  2084  2084 E memtrack: Couldn't load memtrack module (No such file or directory)
08-14 22:39:04.910  2084  2084 E android.os.Debug: failed to load memtrack module: -2
08-14 22:39:04.911  2084  2084 I Radio-JNI: register_android_hardware_Radio DONE
08-14 22:39:04.923  2084  2084 D AndroidRuntime: Calling main entry com.android.commands.content.Content
08-14 22:39:04.948  2047  2089 W EGL_emulation: eglSurfaceAttrib not implemented
08-14 22:39:04.948  2047  2089 W OpenGLRenderer: Failed to set EGL_SWAP_BEHAVIOR on surface 0xf04b2da0, error=EGL_SUCCESS
08-14 22:39:04.979  2084  2084 D AndroidRuntime: Shutting down VM
08-14 22:39:05.181  2047  2047 W art     : Attempt to remove non-JNI local reference, dumping thread
08-14 22:39:05.182  2047  2047 W art     : Attempt to remove non-JNI local reference, dumping thread
08-14 22:39:05.741  2099  2099 D AndroidRuntime: >>>>>> START com.android.internal.os.RuntimeInit uid 0 <<<<<<
08-14 22:39:05.750  2099  2099 D AndroidRuntime: CheckJNI is OFF
08-14 22:39:05.893  2099  2099 D ICU     : No timezone override file found: /data/misc/zoneinfo/current/icu/icu_tzdata.dat
08-14 22:39:06.309  2099  2099 E memtrack: Couldn't load memtrack module (No such file or directory)
08-14 22:39:06.312  2099  2099 E android.os.Debug: failed to load memtrack module: -2
08-14 22:39:06.312  2099  2099 I Radio-JNI: register_android_hardware_Radio DONE
08-14 22:39:06.325  2099  2099 D AndroidRuntime: Calling main entry com.android.commands.content.Content
08-14 22:39:06.373  2099  2099 D AndroidRuntime: Shutting down VM
08-14 22:39:06.415   623   642 I ActivityManager: Displayed com.uberspot.a2048/.MainActivity: +6s981ms
08-14 22:39:06.443  2047  2089 W EGL_emulation: eglSurfaceAttrib not implemented
08-14 22:39:06.443  2047  2089 W OpenGLRenderer: Failed to set EGL_SWAP_BEHAVIOR on surface 0xdea2fc40, error=EGL_SUCCESS
08-14 22:39:06.467  2047  2047 I Choreographer: Skipped 73 frames!  The application may be doing too much work on its main thread.
08-14 22:39:06.467  2047  2047 W art     : Attempt to remove non-JNI local reference, dumping thread
08-14 22:39:07.530   623   642 I Choreographer: Skipped 46 frames!  The application may be doing too much work on its main thread.
08-14 22:39:07.530   623  1647 W art     : Long monitor contention event with owner method=void com.android.server.wm.WindowAnimator$1.doFrame(long) from WindowAnimator.java:121 waiters=0 for 246ms
08-14 22:39:07.626  2047  2089 V RenderScript: 0xdd3bd000 Launching thread(s), CPUs 4
08-14 22:39:07.652  2047  2047 I Choreographer: Skipped 70 frames!  The application may be doing too much work on its main thread.
08-14 22:39:07.653  2047  2047 W art     : Attempt to remove non-JNI local reference, dumping thread
08-14 22:39:08.367  2047  2089 E Surface : getSlotFromBufferLocked: unknown buffer: 0xdea15300
08-14 22:39:08.369  2047  2047 I Choreographer: Skipped 42 frames!  The application may be doing too much work on its main thread.
08-14 22:39:08.369  2047  2047 W art     : Attempt to remove non-JNI local reference, dumping thread
08-14 22:39:08.564  2047  2125 D         : HostConnection::get() New Host Connection established 0xdf01a4a0, tid 2125
08-14 22:39:08.658   623  1031 I ActivityManager: Killing 1830:com.android.managedprovisioning/u0a9 (adj 15): empty #17
08-14 22:39:08.682   623  1031 W libprocessgroup: failed to open /acct/uid_10009/pid_1830/cgroup.procs: No such file or directory
08-14 22:39:08.836  2047  2047 W art     : Attempt to remove non-JNI local reference, dumping thread
08-14 22:39:08.903  2047  2081 E AndroidProtocolHandler: Unable to open asset URL: file:///android_asset/2048/index.html?lang=en
08-14 22:39:08.912  2047  2058 I art     : Background sticky concurrent mark sweep GC freed 103(4KB) AllocSpace objects, 0(0B) LOS objects, 0% free, 17MB/17MB, paused 16.357ms total 75.277ms
08-14 22:39:09.435   623   637 W ActivityManager: Launch timeout has expired, giving up wake lock!
08-14 22:39:09.797  2131  2131 D AndroidRuntime: >>>>>> START com.android.internal.os.RuntimeInit uid 0 <<<<<<
08-14 22:39:09.806  2131  2131 D AndroidRuntime: CheckJNI is OFF
08-14 22:39:09.845  2131  2131 D ICU     : No timezone override file found: /data/misc/zoneinfo/current/icu/icu_tzdata.dat
08-14 22:39:09.939  2047  2047 W BindingManager: Cannot call determinedVisibility() - never saw a connection for the pid: 2047
08-14 22:39:10.036   623   642 I Choreographer: Skipped 34 frames!  The application may be doing too much work on its main thread.
08-14 22:39:10.037   623   637 W art     : Long monitor contention event with owner method=void com.android.server.wm.WindowAnimator$1.doFrame(long) from WindowAnimator.java:121 waiters=0 for 368ms
08-14 22:39:10.038   623   666 I InputReader: Reconfiguring input devices.  changes=0x00000010
08-14 22:39:10.077  2131  2131 E memtrack: Couldn't load memtrack module (No such file or directory)
08-14 22:39:10.077  2131  2131 E android.os.Debug: failed to load memtrack module: -2
08-14 22:39:10.083  2131  2131 I Radio-JNI: register_android_hardware_Radio DONE
08-14 22:39:10.100  2131  2131 D AndroidRuntime: Calling main entry com.android.commands.uiautomator.Launcher
08-14 22:39:10.345  2047  2047 W BindingManager: Cannot call determinedVisibility() - never saw a connection for the pid: 2047
08-14 22:39:10.350  2047  2047 W art     : Attempt to remove non-JNI local reference, dumping thread
08-14 22:39:10.676  2047  2047 W art     : Attempt to remove non-JNI local reference, dumping thread
08-14 22:39:11.098  2047  2047 W BindingManager: Cannot call determinedVisibility() - never saw a connection for the pid: 2047
08-14 22:39:11.126  2047  2047 W art     : Attempt to remove non-JNI local reference, dumping thread
08-14 22:39:11.423  2047  2089 E Surface : getSlotFromBufferLocked: unknown buffer: 0xdea13690
08-14 22:39:11.441  2047  2089 W EGL_emulation: eglSurfaceAttrib not implemented
08-14 22:39:11.441  2047  2089 W OpenGLRenderer: Failed to set EGL_SWAP_BEHAVIOR on surface 0xf04b2c20, error=EGL_SUCCESS
08-14 22:39:11.444  2047  2047 W art     : Attempt to remove non-JNI local reference, dumping thread
08-14 22:39:11.448  2047  2047 W art     : Attempt to remove non-JNI local reference, dumping thread
08-14 22:39:12.153  2047  2047 I chromium: [INFO:CONSOLE(0)] "Not allowed to load local resource: file:///android_asset/webkit/android-weberror.png", source: data:text/html,chromewebdata (0)
08-14 22:39:12.179  2047  2047 I Choreographer: Skipped 46 frames!  The application may be doing too much work on its main thread.
08-14 22:39:12.237  2047  2047 W art     : Attempt to remove non-JNI local reference, dumping thread
08-14 22:39:12.272  2047  2047 W art     : Attempt to remove non-JNI local reference, dumping thread
08-14 22:39:12.293  2131  2131 I AccessibilityNodeInfoDumper: Skipping invisible child: android.view.accessibility.AccessibilityNodeInfo@8000a8d0; boundsInParent: Rect(0, 0 - 274, 0); boundsInScreen: Rect(875, 1422 - 1149, 1422); packageName: com.uberspot.a2048; className: android.widget.LinearLayout; text: null; error: null; maxTextLength: -1; contentDescription: null; viewIdResName: android:id/rightSpacer; checkable: false; checked: false; focusable: false; focused: false; selected: false; clickable: false; longClickable: false; contextClickable: false; enabled: true; password: false; scrollable: false; actions: [AccessibilityAction: ACTION_SELECT - null, AccessibilityAction: ACTION_CLEAR_SELECTION - null, AccessibilityAction: ACTION_ACCESSIBILITY_FOCUS - null, AccessibilityAction: ACTION_UNKNOWN - null]
08-14 22:39:12.299  2131  2131 I AccessibilityNodeInfoDumper: Skipping invisible child: android.view.accessibility.AccessibilityNodeInfo@8000ac91; boundsInParent: Rect(0, 0 - 273, 0); boundsInScreen: Rect(55, 1422 - 328, 1422); packageName: com.uberspot.a2048; className: android.widget.LinearLayout; text: null; error: null; maxTextLength: -1; contentDescription: null; viewIdResName: android:id/leftSpacer; checkable: false; checked: false; focusable: false; focused: false; selected: false; clickable: false; longClickable: false; contextClickable: false; enabled: true; password: false; scrollable: false; actions: [AccessibilityAction: ACTION_SELECT - null, AccessibilityAction: ACTION_CLEAR_SELECTION - null, AccessibilityAction: ACTION_ACCESSIBILITY_FOCUS - null, AccessibilityAction: ACTION_UNKNOWN - null]
08-14 22:39:12.344  2131  2131 W AccessibilityNodeInfoDumper: Fetch time: 128ms
08-14 22:39:12.421   623  1039 W WindowManager: Attempted to remove non-existing token: android.os.Binder@4a7fd7a
08-14 22:39:12.558  2131  2131 D AndroidRuntime: Shutting down VM
08-14 22:39:12.882  2047  2047 I Choreographer: Skipped 40 frames!  The application may be doing too much work on its main thread.
08-14 22:39:12.883  2047  2047 W art     : Attempt to remove non-JNI local reference, dumping thread
08-14 22:39:13.383  2047  2047 W art     : Attempt to remove non-JNI local reference, dumping thread
08-14 22:39:13.460  2047  2047 W art     : Attempt to remove non-JNI local reference, dumping thread
08-14 22:39:13.906  2047  2047 I Choreographer: Skipped 32 frames!  The application may be doing too much work on its main thread.
08-14 22:39:13.907  2047  2047 W art     : Attempt to remove non-JNI local reference, dumping thread
08-14 22:39:14.492  2047  2047 I Choreographer: Skipped 33 frames!  The application may be doing too much work on its main thread.
08-14 22:39:14.494  2047  2047 W art     : Attempt to remove non-JNI local reference, dumping thread
08-14 22:39:14.963  2047  2047 W art     : Attempt to remove non-JNI local reference, dumping thread
08-14 22:39:15.311  2150  2150 D AndroidRuntime: >>>>>> START com.android.internal.os.RuntimeInit uid 0 <<<<<<
08-14 22:39:15.316  2150  2150 D AndroidRuntime: CheckJNI is OFF
08-14 22:39:15.334  2150  2150 D ICU     : No timezone override file found: /data/misc/zoneinfo/current/icu/icu_tzdata.dat
08-14 22:39:15.360  2150  2150 E memtrack: Couldn't load memtrack module (No such file or directory)
08-14 22:39:15.360  2150  2150 E android.os.Debug: failed to load memtrack module: -2
08-14 22:39:15.361  2150  2150 I Radio-JNI: register_android_hardware_Radio DONE
08-14 22:39:15.369  2150  2150 D AndroidRuntime: Calling main entry com.android.commands.uiautomator.Launcher
08-14 22:39:16.393  2150  2150 I AccessibilityNodeInfoDumper: Skipping invisible child: android.view.accessibility.AccessibilityNodeInfo@8000a8d6; boundsInParent: Rect(0, 0 - 274, 0); boundsInScreen: Rect(875, 1422 - 1149, 1422); packageName: com.uberspot.a2048; className: android.widget.LinearLayout; text: null; error: null; maxTextLength: -1; contentDescription: null; viewIdResName: android:id/rightSpacer; checkable: false; checked: false; focusable: false; focused: false; selected: false; clickable: false; longClickable: false; contextClickable: false; enabled: true; password: false; scrollable: false; actions: [AccessibilityAction: ACTION_SELECT - null, AccessibilityAction: ACTION_CLEAR_SELECTION - null, AccessibilityAction: ACTION_ACCESSIBILITY_FOCUS - null, AccessibilityAction: ACTION_UNKNOWN - null]
08-14 22:39:16.393  2150  2150 I AccessibilityNodeInfoDumper: Skipping invisible child: android.view.accessibility.AccessibilityNodeInfo@8000ac97; boundsInParent: Rect(0, 0 - 273, 0); boundsInScreen: Rect(55, 1422 - 328, 1422); packageName: com.uberspot.a2048; className: android.widget.LinearLayout; text: null; error: null; maxTextLength: -1; contentDescription: null; viewIdResName: android:id/leftSpacer; checkable: false; checked: false; focusable: false; focused: false; selected: false; clickable: false; longClickable: false; contextClickable: false; enabled: true; password: false; scrollable: false; actions: [AccessibilityAction: ACTION_SELECT - null, AccessibilityAction: ACTION_CLEAR_SELECTION - null, AccessibilityAction: ACTION_ACCESSIBILITY_FOCUS - null, AccessibilityAction: ACTION_UNKNOWN - null]
08-14 22:39:16.395  2150  2150 W AccessibilityNodeInfoDumper: Fetch time: 8ms
08-14 22:39:16.395   623  1030 W WindowManager: Attempted to remove non-existing token: android.os.Binder@481f721
08-14 22:39:16.424  2150  2150 D AndroidRuntime: Shutting down VM
08-14 22:39:17.529  2173  2173 D AndroidRuntime: >>>>>> START com.android.internal.os.RuntimeInit uid 0 <<<<<<
08-14 22:39:17.532  2173  2173 D AndroidRuntime: CheckJNI is OFF
08-14 22:39:17.540  2173  2173 D ICU     : No timezone override file found: /data/misc/zoneinfo/current/icu/icu_tzdata.dat
08-14 22:39:17.552  2173  2173 E memtrack: Couldn't load memtrack module (No such file or directory)
08-14 22:39:17.552  2173  2173 E android.os.Debug: failed to load memtrack module: -2
08-14 22:39:17.554  2173  2173 I Radio-JNI: register_android_hardware_Radio DONE
08-14 22:39:17.560  2173  2173 D AndroidRuntime: Calling main entry com.android.commands.uiautomator.Launcher
08-14 22:39:18.584  2173  2173 I AccessibilityNodeInfoDumper: Skipping invisible child: android.view.accessibility.AccessibilityNodeInfo@8000a8de; boundsInParent: Rect(0, 0 - 274, 0); boundsInScreen: Rect(875, 1422 - 1149, 1422); packageName: com.uberspot.a2048; className: android.widget.LinearLayout; text: null; error: null; maxTextLength: -1; contentDescription: null; viewIdResName: android:id/rightSpacer; checkable: false; checked: false; focusable: false; focused: false; selected: false; clickable: false; longClickable: false; contextClickable: false; enabled: true; password: false; scrollable: false; actions: [AccessibilityAction: ACTION_SELECT - null, AccessibilityAction: ACTION_CLEAR_SELECTION - null, AccessibilityAction: ACTION_ACCESSIBILITY_FOCUS - null, AccessibilityAction: ACTION_UNKNOWN - null]
08-14 22:39:18.584  2173  2173 I AccessibilityNodeInfoDumper: Skipping invisible child: android.view.accessibility.AccessibilityNodeInfo@8000ac9f; boundsInParent: Rect(0, 0 - 273, 0); boundsInScreen: Rect(55, 1422 - 328, 1422); packageName: com.uberspot.a2048; className: android.widget.LinearLayout; text: null; error: null; maxTextLength: -1; contentDescription: null; viewIdResName: android:id/leftSpacer; checkable: false; checked: false; focusable: false; focused: false; selected: false; clickable: false; longClickable: false; contextClickable: false; enabled: true; password: false; scrollable: false; actions: [AccessibilityAction: ACTION_SELECT - null, AccessibilityAction: ACTION_CLEAR_SELECTION - null, AccessibilityAction: ACTION_ACCESSIBILITY_FOCUS - null, AccessibilityAction: ACTION_UNKNOWN - null]
08-14 22:39:18.585  2173  2173 W AccessibilityNodeInfoDumper: Fetch time: 7ms
08-14 22:39:18.585   623   634 W WindowManager: Attempted to remove non-existing token: android.os.Binder@9287746
08-14 22:39:18.589  2173  2173 D AndroidRuntime: Shutting down VM
08-14 22:39:19.811  2201  2201 D AndroidRuntime: >>>>>> START com.android.internal.os.RuntimeInit uid 0 <<<<<<
08-14 22:39:19.813  2201  2201 D AndroidRuntime: CheckJNI is OFF
08-14 22:39:19.822  2201  2201 D ICU     : No timezone override file found: /data/misc/zoneinfo/current/icu/icu_tzdata.dat
08-14 22:39:19.834  2201  2201 E memtrack: Couldn't load memtrack module (No such file or directory)
08-14 22:39:19.834  2201  2201 E android.os.Debug: failed to load memtrack module: -2
08-14 22:39:19.834  2201  2201 I Radio-JNI: register_android_hardware_Radio DONE
08-14 22:39:19.842  2201  2201 D AndroidRuntime: Calling main entry com.android.commands.uiautomator.Launcher
08-14 22:39:20.869  2201  2201 I AccessibilityNodeInfoDumper: Skipping invisible child: android.view.accessibility.AccessibilityNodeInfo@8000a8e4; boundsInParent: Rect(0, 0 - 274, 0); boundsInScreen: Rect(875, 1422 - 1149, 1422); packageName: com.uberspot.a2048; className: android.widget.LinearLayout; text: null; error: null; maxTextLength: -1; contentDescription: null; viewIdResName: android:id/rightSpacer; checkable: false; checked: false; focusable: false; focused: false; selected: false; clickable: false; longClickable: false; contextClickable: false; enabled: true; password: false; scrollable: false; actions: [AccessibilityAction: ACTION_SELECT - null, AccessibilityAction: ACTION_CLEAR_SELECTION - null, AccessibilityAction: ACTION_ACCESSIBILITY_FOCUS - null, AccessibilityAction: ACTION_UNKNOWN - null]
08-14 22:39:20.869  2201  2201 I AccessibilityNodeInfoDumper: Skipping invisible child: android.view.accessibility.AccessibilityNodeInfo@8000aca5; boundsInParent: Rect(0, 0 - 273, 0); boundsInScreen: Rect(55, 1422 - 328, 1422); packageName: com.uberspot.a2048; className: android.widget.LinearLayout; text: null; error: null; maxTextLength: -1; contentDescription: null; viewIdResName: android:id/leftSpacer; checkable: false; checked: false; focusable: false; focused: false; selected: false; clickable: false; longClickable: false; contextClickable: false; enabled: true; password: false; scrollable: false; actions: [AccessibilityAction: ACTION_SELECT - null, AccessibilityAction: ACTION_CLEAR_SELECTION - null, AccessibilityAction: ACTION_ACCESSIBILITY_FOCUS - null, AccessibilityAction: ACTION_UNKNOWN - null]
08-14 22:39:20.870  2201  2201 W AccessibilityNodeInfoDumper: Fetch time: 9ms
08-14 22:39:20.872   623   634 W WindowManager: Attempted to remove non-existing token: android.os.Binder@3811e34
08-14 22:39:20.879  2201  2201 D AndroidRuntime: Shutting down VM
08-14 22:39:21.989  2227  2227 D AndroidRuntime: >>>>>> START com.android.internal.os.RuntimeInit uid 0 <<<<<<
08-14 22:39:21.992  2227  2227 D AndroidRuntime: CheckJNI is OFF
08-14 22:39:22.000  2227  2227 D ICU     : No timezone override file found: /data/misc/zoneinfo/current/icu/icu_tzdata.dat
08-14 22:39:22.012  2227  2227 E memtrack: Couldn't load memtrack module (No such file or directory)
08-14 22:39:22.012  2227  2227 E android.os.Debug: failed to load memtrack module: -2
08-14 22:39:22.013  2227  2227 I Radio-JNI: register_android_hardware_Radio DONE
08-14 22:39:22.019  2227  2227 D AndroidRuntime: Calling main entry com.android.commands.uiautomator.Launcher
08-14 22:39:23.050  2227  2227 I AccessibilityNodeInfoDumper: Skipping invisible child: android.view.accessibility.AccessibilityNodeInfo@8000a8ec; boundsInParent: Rect(0, 0 - 274, 0); boundsInScreen: Rect(875, 1422 - 1149, 1422); packageName: com.uberspot.a2048; className: android.widget.LinearLayout; text: null; error: null; maxTextLength: -1; contentDescription: null; viewIdResName: android:id/rightSpacer; checkable: false; checked: false; focusable: false; focused: false; selected: false; clickable: false; longClickable: false; contextClickable: false; enabled: true; password: false; scrollable: false; actions: [AccessibilityAction: ACTION_SELECT - null, AccessibilityAction: ACTION_CLEAR_SELECTION - null, AccessibilityAction: ACTION_ACCESSIBILITY_FOCUS - null, AccessibilityAction: ACTION_UNKNOWN - null]
08-14 22:39:23.050  2227  2227 I AccessibilityNodeInfoDumper: Skipping invisible child: android.view.accessibility.AccessibilityNodeInfo@8000acad; boundsInParent: Rect(0, 0 - 273, 0); boundsInScreen: Rect(55, 1422 - 328, 1422); packageName: com.uberspot.a2048; className: android.widget.LinearLayout; text: null; error: null; maxTextLength: -1; contentDescription: null; viewIdResName: android:id/leftSpacer; checkable: false; checked: false; focusable: false; focused: false; selected: false; clickable: false; longClickable: false; contextClickable: false; enabled: true; password: false; scrollable: false; actions: [AccessibilityAction: ACTION_SELECT - null, AccessibilityAction: ACTION_CLEAR_SELECTION - null, AccessibilityAction: ACTION_ACCESSIBILITY_FOCUS - null, AccessibilityAction: ACTION_UNKNOWN - null]
08-14 22:39:23.067  2227  2227 W AccessibilityNodeInfoDumper: Fetch time: 27ms
08-14 22:39:23.072   623  1031 W WindowManager: Attempted to remove non-existing token: android.os.Binder@565e45d
08-14 22:39:23.077  2227  2227 D AndroidRuntime: Shutting down VM
08-14 22:39:23.545  2245  2245 D AndroidRuntime: >>>>>> START com.android.internal.os.RuntimeInit uid 0 <<<<<<
08-14 22:39:23.547  2245  2245 D AndroidRuntime: CheckJNI is OFF
08-14 22:39:23.556  2245  2245 D ICU     : No timezone override file found: /data/misc/zoneinfo/current/icu/icu_tzdata.dat
08-14 22:39:23.569  2245  2245 E memtrack: Couldn't load memtrack module (No such file or directory)
08-14 22:39:23.569  2245  2245 E android.os.Debug: failed to load memtrack module: -2
08-14 22:39:23.571  2245  2245 I Radio-JNI: register_android_hardware_Radio DONE
08-14 22:39:23.577  2245  2245 D AndroidRuntime: Calling main entry com.android.commands.uiautomator.Launcher
08-14 22:39:24.604  2245  2245 I AccessibilityNodeInfoDumper: Skipping invisible child: android.view.accessibility.AccessibilityNodeInfo@8000a8f3; boundsInParent: Rect(0, 0 - 274, 0); boundsInScreen: Rect(875, 1422 - 1149, 1422); packageName: com.uberspot.a2048; className: android.widget.LinearLayout; text: null; error: null; maxTextLength: -1; contentDescription: null; viewIdResName: android:id/rightSpacer; checkable: false; checked: false; focusable: false; focused: false; selected: false; clickable: false; longClickable: false; contextClickable: false; enabled: true; password: false; scrollable: false; actions: [AccessibilityAction: ACTION_SELECT - null, AccessibilityAction: ACTION_CLEAR_SELECTION - null, AccessibilityAction: ACTION_ACCESSIBILITY_FOCUS - null, AccessibilityAction: ACTION_UNKNOWN - null]
08-14 22:39:24.604  2245  2245 I AccessibilityNodeInfoDumper: Skipping invisible child: android.view.accessibility.AccessibilityNodeInfo@8000acb4; boundsInParent: Rect(0, 0 - 273, 0); boundsInScreen: Rect(55, 1422 - 328, 1422); packageName: com.uberspot.a2048; className: android.widget.LinearLayout; text: null; error: null; maxTextLength: -1; contentDescription: null; viewIdResName: android:id/leftSpacer; checkable: false; checked: false; focusable: false; focused: false; selected: false; clickable: false; longClickable: false; contextClickable: false; enabled: true; password: false; scrollable: false; actions: [AccessibilityAction: ACTION_SELECT - null, AccessibilityAction: ACTION_CLEAR_SELECTION - null, AccessibilityAction: ACTION_ACCESSIBILITY_FOCUS - null, AccessibilityAction: ACTION_UNKNOWN - null]
08-14 22:39:24.608  2245  2245 W AccessibilityNodeInfoDumper: Fetch time: 12ms
08-14 22:39:24.609   623  1030 W WindowManager: Attempted to remove non-existing token: android.os.Binder@4e4c1d2
08-14 22:39:24.612  2245  2245 D AndroidRuntime: Shutting down VM
08-14 22:39:25.677  2268  2268 D AndroidRuntime: >>>>>> START com.android.internal.os.RuntimeInit uid 0 <<<<<<
08-14 22:39:25.678  2268  2268 D AndroidRuntime: CheckJNI is OFF
08-14 22:39:25.687  2268  2268 D ICU     : No timezone override file found: /data/misc/zoneinfo/current/icu/icu_tzdata.dat
08-14 22:39:25.699  2268  2268 E memtrack: Couldn't load memtrack module (No such file or directory)
08-14 22:39:25.699  2268  2268 E android.os.Debug: failed to load memtrack module: -2
08-14 22:39:25.700  2268  2268 I Radio-JNI: register_android_hardware_Radio DONE
08-14 22:39:25.705  2268  2268 D AndroidRuntime: Calling main entry com.android.commands.uiautomator.Launcher
08-14 22:39:26.725  2268  2268 I AccessibilityNodeInfoDumper: Skipping invisible child: android.view.accessibility.AccessibilityNodeInfo@8000a8fa; boundsInParent: Rect(0, 0 - 274, 0); boundsInScreen: Rect(875, 1422 - 1149, 1422); packageName: com.uberspot.a2048; className: android.widget.LinearLayout; text: null; error: null; maxTextLength: -1; contentDescription: null; viewIdResName: android:id/rightSpacer; checkable: false; checked: false; focusable: false; focused: false; selected: false; clickable: false; longClickable: false; contextClickable: false; enabled: true; password: false; scrollable: false; actions: [AccessibilityAction: ACTION_SELECT - null, AccessibilityAction: ACTION_CLEAR_SELECTION - null, AccessibilityAction: ACTION_ACCESSIBILITY_FOCUS - null, AccessibilityAction: ACTION_UNKNOWN - null]
08-14 22:39:26.725  2268  2268 I AccessibilityNodeInfoDumper: Skipping invisible child: android.view.accessibility.AccessibilityNodeInfo@8000acbb; boundsInParent: Rect(0, 0 - 273, 0); boundsInScreen: Rect(55, 1422 - 328, 1422); packageName: com.uberspot.a2048; className: android.widget.LinearLayout; text: null; error: null; maxTextLength: -1; contentDescription: null; viewIdResName: android:id/leftSpacer; checkable: false; checked: false; focusable: false; focused: false; selected: false; clickable: false; longClickable: false; contextClickable: false; enabled: true; password: false; scrollable: false; actions: [AccessibilityAction: ACTION_SELECT - null, AccessibilityAction: ACTION_CLEAR_SELECTION - null, AccessibilityAction: ACTION_ACCESSIBILITY_FOCUS - null, AccessibilityAction: ACTION_UNKNOWN - null]
08-14 22:39:26.731  2268  2268 W AccessibilityNodeInfoDumper: Fetch time: 13ms
08-14 22:39:26.732   623  1030 W WindowManager: Attempted to remove non-existing token: android.os.Binder@2e0b2a3
08-14 22:39:26.738  2268  2268 D AndroidRuntime: Shutting down VM
08-14 22:39:27.212  2286  2286 D AndroidRuntime: >>>>>> START com.android.internal.os.RuntimeInit uid 0 <<<<<<
08-14 22:39:27.214  2286  2286 D AndroidRuntime: CheckJNI is OFF
08-14 22:39:27.224  2286  2286 D ICU     : No timezone override file found: /data/misc/zoneinfo/current/icu/icu_tzdata.dat
08-14 22:39:27.237  2286  2286 E memtrack: Couldn't load memtrack module (No such file or directory)
08-14 22:39:27.237  2286  2286 E android.os.Debug: failed to load memtrack module: -2
08-14 22:39:27.238  2286  2286 I Radio-JNI: register_android_hardware_Radio DONE
08-14 22:39:27.248  2286  2286 D AndroidRuntime: Calling main entry com.android.commands.uiautomator.Launcher
08-14 22:39:28.266  2286  2286 I AccessibilityNodeInfoDumper: Skipping invisible child: android.view.accessibility.AccessibilityNodeInfo@8000a901; boundsInParent: Rect(0, 0 - 274, 0); boundsInScreen: Rect(875, 1422 - 1149, 1422); packageName: com.uberspot.a2048; className: android.widget.LinearLayout; text: null; error: null; maxTextLength: -1; contentDescription: null; viewIdResName: android:id/rightSpacer; checkable: false; checked: false; focusable: false; focused: false; selected: false; clickable: false; longClickable: false; contextClickable: false; enabled: true; password: false; scrollable: false; actions: [AccessibilityAction: ACTION_SELECT - null, AccessibilityAction: ACTION_CLEAR_SELECTION - null, AccessibilityAction: ACTION_ACCESSIBILITY_FOCUS - null, AccessibilityAction: ACTION_UNKNOWN - null]
08-14 22:39:28.266  2286  2286 I AccessibilityNodeInfoDumper: Skipping invisible child: android.view.accessibility.AccessibilityNodeInfo@8000acc2; boundsInParent: Rect(0, 0 - 273, 0); boundsInScreen: Rect(55, 1422 - 328, 1422); packageName: com.uberspot.a2048; className: android.widget.LinearLayout; text: null; error: null; maxTextLength: -1; contentDescription: null; viewIdResName: android:id/leftSpacer; checkable: false; checked: false; focusable: false; focused: false; selected: false; clickable: false; longClickable: false; contextClickable: false; enabled: true; password: false; scrollable: false; actions: [AccessibilityAction: ACTION_SELECT - null, AccessibilityAction: ACTION_CLEAR_SELECTION - null, AccessibilityAction: ACTION_ACCESSIBILITY_FOCUS - null, AccessibilityAction: ACTION_UNKNOWN - null]
08-14 22:39:28.269  2286  2286 W AccessibilityNodeInfoDumper: Fetch time: 9ms
08-14 22:39:28.269   623  1647 W WindowManager: Attempted to remove non-existing token: android.os.Binder@d2be9a0
08-14 22:39:28.285  2286  2286 D AndroidRuntime: Shutting down VM
08-14 22:39:29.412  2310  2310 D AndroidRuntime: >>>>>> START com.android.internal.os.RuntimeInit uid 0 <<<<<<
08-14 22:39:29.413  2310  2310 D AndroidRuntime: CheckJNI is OFF
08-14 22:39:29.424  2310  2310 D ICU     : No timezone override file found: /data/misc/zoneinfo/current/icu/icu_tzdata.dat
08-14 22:39:29.437  2310  2310 E memtrack: Couldn't load memtrack module (No such file or directory)
08-14 22:39:29.437  2310  2310 E android.os.Debug: failed to load memtrack module: -2
08-14 22:39:29.438  2310  2310 I Radio-JNI: register_android_hardware_Radio DONE
08-14 22:39:29.444  2310  2310 D AndroidRuntime: Calling main entry com.android.commands.uiautomator.Launcher
08-14 22:39:30.463  2310  2310 I AccessibilityNodeInfoDumper: Skipping invisible child: android.view.accessibility.AccessibilityNodeInfo@8000a907; boundsInParent: Rect(0, 0 - 274, 0); boundsInScreen: Rect(875, 1422 - 1149, 1422); packageName: com.uberspot.a2048; className: android.widget.LinearLayout; text: null; error: null; maxTextLength: -1; contentDescription: null; viewIdResName: android:id/rightSpacer; checkable: false; checked: false; focusable: false; focused: false; selected: false; clickable: false; longClickable: false; contextClickable: false; enabled: true; password: false; scrollable: false; actions: [AccessibilityAction: ACTION_SELECT - null, AccessibilityAction: ACTION_CLEAR_SELECTION - null, AccessibilityAction: ACTION_ACCESSIBILITY_FOCUS - null, AccessibilityAction: ACTION_UNKNOWN - null]
08-14 22:39:30.463  2310  2310 I AccessibilityNodeInfoDumper: Skipping invisible child: android.view.accessibility.AccessibilityNodeInfo@8000acc8; boundsInParent: Rect(0, 0 - 273, 0); boundsInScreen: Rect(55, 1422 - 328, 1422); packageName: com.uberspot.a2048; className: android.widget.LinearLayout; text: null; error: null; maxTextLength: -1; contentDescription: null; viewIdResName: android:id/leftSpacer; checkable: false; checked: false; focusable: false; focused: false; selected: false; clickable: false; longClickable: false; contextClickable: false; enabled: true; password: false; scrollable: false; actions: [AccessibilityAction: ACTION_SELECT - null, AccessibilityAction: ACTION_CLEAR_SELECTION - null, AccessibilityAction: ACTION_ACCESSIBILITY_FOCUS - null, AccessibilityAction: ACTION_UNKNOWN - null]
08-14 22:39:30.467  2310  2310 W AccessibilityNodeInfoDumper: Fetch time: 10ms
08-14 22:39:30.468   623  1031 W WindowManager: Attempted to remove non-existing token: android.os.Binder@ea16959
08-14 22:39:30.470  2310  2310 D AndroidRuntime: Shutting down VM
08-14 22:39:31.056  2328  2328 D AndroidRuntime: >>>>>> START com.android.internal.os.RuntimeInit uid 0 <<<<<<
08-14 22:39:31.059  2328  2328 D AndroidRuntime: CheckJNI is OFF
08-14 22:39:31.070  2328  2328 D ICU     : No timezone override file found: /data/misc/zoneinfo/current/icu/icu_tzdata.dat
08-14 22:39:31.083  2328  2328 E memtrack: Couldn't load memtrack module (No such file or directory)
08-14 22:39:31.083  2328  2328 E android.os.Debug: failed to load memtrack module: -2
08-14 22:39:31.084  2328  2328 I Radio-JNI: register_android_hardware_Radio DONE
08-14 22:39:31.090  2328  2328 D AndroidRuntime: Calling main entry com.android.commands.uiautomator.Launcher
08-14 22:39:32.109  2328  2328 I AccessibilityNodeInfoDumper: Skipping invisible child: android.view.accessibility.AccessibilityNodeInfo@8000a90e; boundsInParent: Rect(0, 0 - 274, 0); boundsInScreen: Rect(875, 1422 - 1149, 1422); packageName: com.uberspot.a2048; className: android.widget.LinearLayout; text: null; error: null; maxTextLength: -1; contentDescription: null; viewIdResName: android:id/rightSpacer; checkable: false; checked: false; focusable: false; focused: false; selected: false; clickable: false; longClickable: false; contextClickable: false; enabled: true; password: false; scrollable: false; actions: [AccessibilityAction: ACTION_SELECT - null, AccessibilityAction: ACTION_CLEAR_SELECTION - null, AccessibilityAction: ACTION_ACCESSIBILITY_FOCUS - null, AccessibilityAction: ACTION_UNKNOWN - null]
08-14 22:39:32.109  2328  2328 I AccessibilityNodeInfoDumper: Skipping invisible child: android.view.accessibility.AccessibilityNodeInfo@8000accf; boundsInParent: Rect(0, 0 - 273, 0); boundsInScreen: Rect(55, 1422 - 328, 1422); packageName: com.uberspot.a2048; className: android.widget.LinearLayout; text: null; error: null; maxTextLength: -1; contentDescription: null; viewIdResName: android:id/leftSpacer; checkable: false; checked: false; focusable: false; focused: false; selected: false; clickable: false; longClickable: false; contextClickable: false; enabled: true; password: false; scrollable: false; actions: [AccessibilityAction: ACTION_SELECT - null, AccessibilityAction: ACTION_CLEAR_SELECTION - null, AccessibilityAction: ACTION_ACCESSIBILITY_FOCUS - null, AccessibilityAction: ACTION_UNKNOWN - null]
08-14 22:39:32.110  2328  2328 W AccessibilityNodeInfoDumper: Fetch time: 8ms
08-14 22:39:32.111   623   755 W WindowManager: Attempted to remove non-existing token: android.os.Binder@9c1d5ff
08-14 22:39:32.114  2328  2328 D AndroidRuntime: Shutting down VM
08-14 22:39:33.182  2351  2351 D AndroidRuntime: >>>>>> START com.android.internal.os.RuntimeInit uid 0 <<<<<<
08-14 22:39:33.183  2351  2351 D AndroidRuntime: CheckJNI is OFF
08-14 22:39:33.193  2351  2351 D ICU     : No timezone override file found: /data/misc/zoneinfo/current/icu/icu_tzdata.dat
08-14 22:39:33.206  2351  2351 E memtrack: Couldn't load memtrack module (No such file or directory)
08-14 22:39:33.206  2351  2351 E android.os.Debug: failed to load memtrack module: -2
08-14 22:39:33.207  2351  2351 I Radio-JNI: register_android_hardware_Radio DONE
08-14 22:39:33.212  2351  2351 D AndroidRuntime: Calling main entry com.android.commands.uiautomator.Launcher
08-14 22:39:34.236  2351  2351 I AccessibilityNodeInfoDumper: Skipping invisible child: android.view.accessibility.AccessibilityNodeInfo@8000a916; boundsInParent: Rect(0, 0 - 274, 0); boundsInScreen: Rect(875, 1422 - 1149, 1422); packageName: com.uberspot.a2048; className: android.widget.LinearLayout; text: null; error: null; maxTextLength: -1; contentDescription: null; viewIdResName: android:id/rightSpacer; checkable: false; checked: false; focusable: false; focused: false; selected: false; clickable: false; longClickable: false; contextClickable: false; enabled: true; password: false; scrollable: false; actions: [AccessibilityAction: ACTION_SELECT - null, AccessibilityAction: ACTION_CLEAR_SELECTION - null, AccessibilityAction: ACTION_ACCESSIBILITY_FOCUS - null, AccessibilityAction: ACTION_UNKNOWN - null]
08-14 22:39:34.236  2351  2351 I AccessibilityNodeInfoDumper: Skipping invisible child: android.view.accessibility.AccessibilityNodeInfo@8000acd7; boundsInParent: Rect(0, 0 - 273, 0); boundsInScreen: Rect(55, 1422 - 328, 1422); packageName: com.uberspot.a2048; className: android.widget.LinearLayout; text: null; error: null; maxTextLength: -1; contentDescription: null; viewIdResName: android:id/leftSpacer; checkable: false; checked: false; focusable: false; focused: false; selected: false; clickable: false; longClickable: false; contextClickable: false; enabled: true; password: false; scrollable: false; actions: [AccessibilityAction: ACTION_SELECT - null, AccessibilityAction: ACTION_CLEAR_SELECTION - null, AccessibilityAction: ACTION_ACCESSIBILITY_FOCUS - null, AccessibilityAction: ACTION_UNKNOWN - null]
08-14 22:39:34.237  2351  2351 W AccessibilityNodeInfoDumper: Fetch time: 8ms
08-14 22:39:34.237   623  1039 W WindowManager: Attempted to remove non-existing token: android.os.Binder@8f5ffcc
08-14 22:39:34.240  2351  2351 D AndroidRuntime: Shutting down VM
08-14 22:39:34.691  2369  2369 D AndroidRuntime: >>>>>> START com.android.internal.os.RuntimeInit uid 0 <<<<<<
08-14 22:39:34.693  2369  2369 D AndroidRuntime: CheckJNI is OFF
08-14 22:39:34.702  2369  2369 D ICU     : No timezone override file found: /data/misc/zoneinfo/current/icu/icu_tzdata.dat
08-14 22:39:34.715  2369  2369 E memtrack: Couldn't load memtrack module (No such file or directory)
08-14 22:39:34.715  2369  2369 E android.os.Debug: failed to load memtrack module: -2
08-14 22:39:34.716  2369  2369 I Radio-JNI: register_android_hardware_Radio DONE
08-14 22:39:34.725  2369  2369 D AndroidRuntime: Calling main entry com.android.commands.uiautomator.Launcher
08-14 22:39:35.751  2369  2369 I AccessibilityNodeInfoDumper: Skipping invisible child: android.view.accessibility.AccessibilityNodeInfo@8000a91c; boundsInParent: Rect(0, 0 - 274, 0); boundsInScreen: Rect(875, 1422 - 1149, 1422); packageName: com.uberspot.a2048; className: android.widget.LinearLayout; text: null; error: null; maxTextLength: -1; contentDescription: null; viewIdResName: android:id/rightSpacer; checkable: false; checked: false; focusable: false; focused: false; selected: false; clickable: false; longClickable: false; contextClickable: false; enabled: true; password: false; scrollable: false; actions: [AccessibilityAction: ACTION_SELECT - null, AccessibilityAction: ACTION_CLEAR_SELECTION - null, AccessibilityAction: ACTION_ACCESSIBILITY_FOCUS - null, AccessibilityAction: ACTION_UNKNOWN - null]
08-14 22:39:35.751  2369  2369 I AccessibilityNodeInfoDumper: Skipping invisible child: android.view.accessibility.AccessibilityNodeInfo@8000acdd; boundsInParent: Rect(0, 0 - 273, 0); boundsInScreen: Rect(55, 1422 - 328, 1422); packageName: com.uberspot.a2048; className: android.widget.LinearLayout; text: null; error: null; maxTextLength: -1; contentDescription: null; viewIdResName: android:id/leftSpacer; checkable: false; checked: false; focusable: false; focused: false; selected: false; clickable: false; longClickable: false; contextClickable: false; enabled: true; password: false; scrollable: false; actions: [AccessibilityAction: ACTION_SELECT - null, AccessibilityAction: ACTION_CLEAR_SELECTION - null, AccessibilityAction: ACTION_ACCESSIBILITY_FOCUS - null, AccessibilityAction: ACTION_UNKNOWN - null]
08-14 22:39:35.754  2369  2369 W AccessibilityNodeInfoDumper: Fetch time: 9ms
08-14 22:39:35.755   623  1647 W WindowManager: Attempted to remove non-existing token: android.os.Binder@8764215
08-14 22:39:35.762  2369  2369 D AndroidRuntime: Shutting down VM
08-14 22:39:36.886  2394  2394 D AndroidRuntime: >>>>>> START com.android.internal.os.RuntimeInit uid 0 <<<<<<
08-14 22:39:36.888  2394  2394 D AndroidRuntime: CheckJNI is OFF
