08-14 23:58:39.999  4570  4570 I AccessibilityNodeInfoDumper: Skipping invisible child: android.view.accessibility.AccessibilityNodeInfo@800080f8; boundsInParent: Rect(0, 0 - 1136, 0); boundsInScreen: Rect(32, 208 - 1168, 208); packageName: org.androidpn.client; className: android.widget.ListView; text: null; error: null; maxTextLength: -1; contentDescription: null; viewIdResName: org.androidpn.client:id/listView; checkable: false; checked: false; focusable: false; focused: false; selected: false; clickable: true; longClickable: false; contextClickable: false; enabled: true; password: false; scrollable: false; actions: [AccessibilityAction: ACTION_SELECT - null, AccessibilityAction: ACTION_CLEAR_SELECTION - null, AccessibilityAction: ACTION_CLICK - null, AccessibilityAction: ACTION_ACCESSIBILITY_FOCUS - null, AccessibilityAction: ACTION_UNKNOWN - null]
08-14 23:58:40.000  4570  4570 W AccessibilityNodeInfoDumper: Fetch time: 6ms
08-14 23:58:40.004   598   822 W WindowManager: Attempted to remove non-existing token: android.os.Binder@2462bd8
08-14 23:58:40.008  4570  4570 D AndroidRuntime: Shutting down VM
08-14 23:58:41.113  4593  4593 D AndroidRuntime: >>>>>> START com.android.internal.os.RuntimeInit uid 0 <<<<<<
08-14 23:58:41.115  4593  4593 D AndroidRuntime: CheckJNI is OFF
08-14 23:58:41.125  4593  4593 D ICU     : No timezone override file found: /data/misc/zoneinfo/current/icu/icu_tzdata.dat
08-14 23:58:41.139  4593  4593 E memtrack: Couldn't load memtrack module (No such file or directory)
08-14 23:58:41.139  4593  4593 E android.os.Debug: failed to load memtrack module: -2
08-14 23:58:41.140  4593  4593 I Radio-JNI: register_android_hardware_Radio DONE
08-14 23:58:41.153  4593  4593 D AndroidRuntime: Calling main entry com.android.commands.uiautomator.Launcher
08-14 23:58:42.169  4593  4593 I AccessibilityNodeInfoDumper: Skipping invisible child: android.view.accessibility.AccessibilityNodeInfo@800080ff; boundsInParent: Rect(0, 0 - 1136, 0); boundsInScreen: Rect(32, 208 - 1168, 208); packageName: org.androidpn.client; className: android.widget.ListView; text: null; error: null; maxTextLength: -1; contentDescription: null; viewIdResName: org.androidpn.client:id/listView; checkable: false; checked: false; focusable: false; focused: false; selected: false; clickable: true; longClickable: false; contextClickable: false; enabled: true; password: false; scrollable: false; actions: [AccessibilityAction: ACTION_SELECT - null, AccessibilityAction: ACTION_CLEAR_SELECTION - null, AccessibilityAction: ACTION_CLICK - null, AccessibilityAction: ACTION_ACCESSIBILITY_FOCUS - null, AccessibilityAction: ACTION_UNKNOWN - null]
08-14 23:58:42.170  4593  4593 W AccessibilityNodeInfoDumper: Fetch time: 6ms
08-14 23:58:42.171   598   728 W WindowManager: Attempted to remove non-existing token: android.os.Binder@a4cab31
08-14 23:58:42.180  4593  4593 D AndroidRuntime: Shutting down VM
08-14 23:58:42.673  4611  4611 D AndroidRuntime: >>>>>> START com.android.internal.os.RuntimeInit uid 0 <<<<<<
08-14 23:58:42.676  4611  4611 D AndroidRuntime: CheckJNI is OFF
08-14 23:58:42.686  4611  4611 D ICU     : No timezone override file found: /data/misc/zoneinfo/current/icu/icu_tzdata.dat
08-14 23:58:42.698  4611  4611 E memtrack: Couldn't load memtrack module (No such file or directory)
08-14 23:58:42.698  4611  4611 E android.os.Debug: failed to load memtrack module: -2
08-14 23:58:42.701  4611  4611 I Radio-JNI: register_android_hardware_Radio DONE
08-14 23:58:42.711  4611  4611 D AndroidRuntime: Calling main entry com.android.commands.uiautomator.Launcher
08-14 23:58:43.740  4611  4611 I AccessibilityNodeInfoDumper: Skipping invisible child: android.view.accessibility.AccessibilityNodeInfo@80008105; boundsInParent: Rect(0, 0 - 1136, 0); boundsInScreen: Rect(32, 208 - 1168, 208); packageName: org.androidpn.client; className: android.widget.ListView; text: null; error: null; maxTextLength: -1; contentDescription: null; viewIdResName: org.androidpn.client:id/listView; checkable: false; checked: false; focusable: false; focused: false; selected: false; clickable: true; longClickable: false; contextClickable: false; enabled: true; password: false; scrollable: false; actions: [AccessibilityAction: ACTION_SELECT - null, AccessibilityAction: ACTION_CLEAR_SELECTION - null, AccessibilityAction: ACTION_CLICK - null, AccessibilityAction: ACTION_ACCESSIBILITY_FOCUS - null, AccessibilityAction: ACTION_UNKNOWN - null]
08-14 23:58:43.741  4611  4611 W AccessibilityNodeInfoDumper: Fetch time: 10ms
08-14 23:58:43.741   598   728 W WindowManager: Attempted to remove non-existing token: android.os.Binder@7b40216
08-14 23:58:43.746  4611  4611 D AndroidRuntime: Shutting down VM
08-14 23:58:44.899  4635  4635 D AndroidRuntime: >>>>>> START com.android.internal.os.RuntimeInit uid 0 <<<<<<
08-14 23:58:44.900  4635  4635 D AndroidRuntime: CheckJNI is OFF
08-14 23:58:44.911  4635  4635 D ICU     : No timezone override file found: /data/misc/zoneinfo/current/icu/icu_tzdata.dat
08-14 23:58:44.922  4635  4635 E memtrack: Couldn't load memtrack module (No such file or directory)
08-14 23:58:44.922  4635  4635 E android.os.Debug: failed to load memtrack module: -2
08-14 23:58:44.923  4635  4635 I Radio-JNI: register_android_hardware_Radio DONE
08-14 23:58:44.928  4635  4635 D AndroidRuntime: Calling main entry com.android.commands.uiautomator.Launcher
08-14 23:58:45.948  4635  4635 I AccessibilityNodeInfoDumper: Skipping invisible child: android.view.accessibility.AccessibilityNodeInfo@8000810a; boundsInParent: Rect(0, 0 - 1136, 0); boundsInScreen: Rect(32, 208 - 1168, 208); packageName: org.androidpn.client; className: android.widget.ListView; text: null; error: null; maxTextLength: -1; contentDescription: null; viewIdResName: org.androidpn.client:id/listView; checkable: false; checked: false; focusable: false; focused: false; selected: false; clickable: true; longClickable: false; contextClickable: false; enabled: true; password: false; scrollable: false; actions: [AccessibilityAction: ACTION_SELECT - null, AccessibilityAction: ACTION_CLEAR_SELECTION - null, AccessibilityAction: ACTION_CLICK - null, AccessibilityAction: ACTION_ACCESSIBILITY_FOCUS - null, AccessibilityAction: ACTION_UNKNOWN - null]
08-14 23:58:45.948  4635  4635 W AccessibilityNodeInfoDumper: Fetch time: 6ms
08-14 23:58:45.948   598   728 W WindowManager: Attempted to remove non-existing token: android.os.Binder@34bc797
08-14 23:58:45.952  4635  4635 D AndroidRuntime: Shutting down VM
08-14 23:58:47.111  4663  4663 D AndroidRuntime: >>>>>> START com.android.internal.os.RuntimeInit uid 0 <<<<<<
08-14 23:58:47.112  4663  4663 D AndroidRuntime: CheckJNI is OFF
08-14 23:58:47.120  4663  4663 D ICU     : No timezone override file found: /data/misc/zoneinfo/current/icu/icu_tzdata.dat
08-14 23:58:47.131  4663  4663 E memtrack: Couldn't load memtrack module (No such file or directory)
08-14 23:58:47.131  4663  4663 E android.os.Debug: failed to load memtrack module: -2
08-14 23:58:47.132  4663  4663 I Radio-JNI: register_android_hardware_Radio DONE
08-14 23:58:47.139  4663  4663 D AndroidRuntime: Calling main entry com.android.commands.uiautomator.Launcher
08-14 23:58:48.160  4663  4663 I AccessibilityNodeInfoDumper: Skipping invisible child: android.view.accessibility.AccessibilityNodeInfo@80008110; boundsInParent: Rect(0, 0 - 1136, 0); boundsInScreen: Rect(32, 208 - 1168, 208); packageName: org.androidpn.client; className: android.widget.ListView; text: null; error: null; maxTextLength: -1; contentDescription: null; viewIdResName: org.androidpn.client:id/listView; checkable: false; checked: false; focusable: false; focused: false; selected: false; clickable: true; longClickable: false; contextClickable: false; enabled: true; password: false; scrollable: false; actions: [AccessibilityAction: ACTION_SELECT - null, AccessibilityAction: ACTION_CLEAR_SELECTION - null, AccessibilityAction: ACTION_CLICK - null, AccessibilityAction: ACTION_ACCESSIBILITY_FOCUS - null, AccessibilityAction: ACTION_UNKNOWN - null]
08-14 23:58:48.161  4663  4663 W AccessibilityNodeInfoDumper: Fetch time: 8ms
08-14 23:58:48.162   598   992 W WindowManager: Attempted to remove non-existing token: android.os.Binder@3de2d84
08-14 23:58:48.166  4663  4663 D AndroidRuntime: Shutting down VM
08-14 23:58:49.277  4689  4689 D AndroidRuntime: >>>>>> START com.android.internal.os.RuntimeInit uid 0 <<<<<<
08-14 23:58:49.279  4689  4689 D AndroidRuntime: CheckJNI is OFF
08-14 23:58:49.288  4689  4689 D ICU     : No timezone override file found: /data/misc/zoneinfo/current/icu/icu_tzdata.dat
08-14 23:58:49.301  4689  4689 E memtrack: Couldn't load memtrack module (No such file or directory)
08-14 23:58:49.301  4689  4689 E android.os.Debug: failed to load memtrack module: -2
08-14 23:58:49.302  4689  4689 I Radio-JNI: register_android_hardware_Radio DONE
08-14 23:58:49.308  4689  4689 D AndroidRuntime: Calling main entry com.android.commands.uiautomator.Launcher
08-14 23:58:50.331  4689  4689 I AccessibilityNodeInfoDumper: Skipping invisible child: android.view.accessibility.AccessibilityNodeInfo@80008117; boundsInParent: Rect(0, 0 - 1136, 0); boundsInScreen: Rect(32, 208 - 1168, 208); packageName: org.androidpn.client; className: android.widget.ListView; text: null; error: null; maxTextLength: -1; contentDescription: null; viewIdResName: org.androidpn.client:id/listView; checkable: false; checked: false; focusable: false; focused: false; selected: false; clickable: true; longClickable: false; contextClickable: false; enabled: true; password: false; scrollable: false; actions: [AccessibilityAction: ACTION_SELECT - null, AccessibilityAction: ACTION_CLEAR_SELECTION - null, AccessibilityAction: ACTION_CLICK - null, AccessibilityAction: ACTION_ACCESSIBILITY_FOCUS - null, AccessibilityAction: ACTION_UNKNOWN - null]
08-14 23:58:50.332  4689  4689 W AccessibilityNodeInfoDumper: Fetch time: 7ms
08-14 23:58:50.332   598  1090 W WindowManager: Attempted to remove non-existing token: android.os.Binder@6e629a2
08-14 23:58:50.336  4689  4689 D AndroidRuntime: Shutting down VM
08-14 23:58:50.847  4707  4707 D AndroidRuntime: >>>>>> START com.android.internal.os.RuntimeInit uid 0 <<<<<<
08-14 23:58:50.848  4707  4707 D AndroidRuntime: CheckJNI is OFF
08-14 23:58:50.857  4707  4707 D ICU     : No timezone override file found: /data/misc/zoneinfo/current/icu/icu_tzdata.dat
08-14 23:58:50.868  4707  4707 E memtrack: Couldn't load memtrack module (No such file or directory)
08-14 23:58:50.869  4707  4707 E android.os.Debug: failed to load memtrack module: -2
08-14 23:58:50.869  4707  4707 I Radio-JNI: register_android_hardware_Radio DONE
08-14 23:58:50.876  4707  4707 D AndroidRuntime: Calling main entry com.android.commands.uiautomator.Launcher
08-14 23:58:51.896  4707  4707 I AccessibilityNodeInfoDumper: Skipping invisible child: android.view.accessibility.AccessibilityNodeInfo@8000811d; boundsInParent: Rect(0, 0 - 1136, 0); boundsInScreen: Rect(32, 208 - 1168, 208); packageName: org.androidpn.client; className: android.widget.ListView; text: null; error: null; maxTextLength: -1; contentDescription: null; viewIdResName: org.androidpn.client:id/listView; checkable: false; checked: false; focusable: false; focused: false; selected: false; clickable: true; longClickable: false; contextClickable: false; enabled: true; password: false; scrollable: false; actions: [AccessibilityAction: ACTION_SELECT - null, AccessibilityAction: ACTION_CLEAR_SELECTION - null, AccessibilityAction: ACTION_CLICK - null, AccessibilityAction: ACTION_ACCESSIBILITY_FOCUS - null, AccessibilityAction: ACTION_UNKNOWN - null]
08-14 23:58:51.896  4707  4707 W AccessibilityNodeInfoDumper: Fetch time: 7ms
08-14 23:58:51.899   598   992 W WindowManager: Attempted to remove non-existing token: android.os.Binder@5fb4633
08-14 23:58:51.909  4707  4707 D AndroidRuntime: Shutting down VM
08-14 23:58:52.317  4720  4720 D AndroidRuntime: >>>>>> START com.android.internal.os.RuntimeInit uid 0 <<<<<<
08-14 23:58:52.318  4720  4720 D AndroidRuntime: CheckJNI is OFF
08-14 23:58:52.327  4720  4720 D ICU     : No timezone override file found: /data/misc/zoneinfo/current/icu/icu_tzdata.dat
08-14 23:58:52.338  4720  4720 E memtrack: Couldn't load memtrack module (No such file or directory)
08-14 23:58:52.338  4720  4720 E android.os.Debug: failed to load memtrack module: -2
08-14 23:58:52.339  4720  4720 I Radio-JNI: register_android_hardware_Radio DONE
08-14 23:58:52.354  4720  4720 D AndroidRuntime: Calling main entry com.android.commands.am.Am
08-14 23:58:52.359   598  1106 I ActivityManager: Force stopping org.androidpn.client appid=10060 user=0: from pid 4720
08-14 23:58:52.359   598  1106 I ActivityManager: Killing 1970:org.androidpn.client/u0a60 (adj 0): stop org.androidpn.client
08-14 23:58:52.359   598  1106 W libprocessgroup: failed to open /acct/uid_10060/pid_1970/cgroup.procs: No such file or directory
08-14 23:58:52.360   598  1106 W ActivityManager: Force removing ActivityRecord{596aba4 u0 org.androidpn.client/.MainActivity t4}: app died, no saved state
08-14 23:58:52.362   598   617 E JavaBinder: !!! FAILED BINDER TRANSACTION !!!  (parcel size = 60)
08-14 23:58:52.364  4720  4720 D AndroidRuntime: Shutting down VM
08-14 23:58:52.366   598   728 D GraphicsStats: Buffer count: 3
08-14 23:58:52.419  1558  1586 W EGL_emulation: eglSurfaceAttrib not implemented
08-14 23:58:52.419  1558  1586 W OpenGLRenderer: Failed to set EGL_SWAP_BEHAVIOR on surface 0xe0bbc2c0, error=EGL_SUCCESS
08-14 23:58:52.444   598   987 W InputMethodManagerService: Got RemoteException sending setActive(false) notification to pid 1970 uid 10060
08-14 23:58:52.967  1558  1586 V RenderScript: 0xe0314000 Launching thread(s), CPUs 4
08-14 23:58:52.972  1558  1586 W OpenGLRenderer: Incorrectly called buildLayer on View: ShortcutAndWidgetContainer, destroying layer...
08-14 23:58:52.972  1558  1586 W OpenGLRenderer: Incorrectly called buildLayer on View: ShortcutAndWidgetContainer, destroying layer...
08-14 23:58:55.294  4741  4741 D AndroidRuntime: >>>>>> START com.android.internal.os.RuntimeInit uid 0 <<<<<<
08-14 23:58:55.296  4741  4741 D AndroidRuntime: CheckJNI is OFF
08-14 23:58:55.307  4741  4741 D ICU     : No timezone override file found: /data/misc/zoneinfo/current/icu/icu_tzdata.dat
08-14 23:58:55.317  4741  4741 E memtrack: Couldn't load memtrack module (No such file or directory)
08-14 23:58:55.317  4741  4741 E android.os.Debug: failed to load memtrack module: -2
08-14 23:58:55.317  4741  4741 I Radio-JNI: register_android_hardware_Radio DONE
08-14 23:58:55.326  4741  4741 D AndroidRuntime: Calling main entry com.android.commands.pm.Pm
08-14 23:58:55.332   598   612 I ActivityManager: Force stopping org.androidpn.client appid=10060 user=-1: uninstall pkg
08-14 23:58:55.343   598   624 I art     : Starting a blocking GC Explicit
08-14 23:58:55.351   598   624 I art     : Explicit concurrent mark sweep GC freed 19193(1279KB) AllocSpace objects, 18(372KB) LOS objects, 33% free, 5MB/8MB, paused 248us total 7.326ms
08-14 23:58:55.354   598   624 W PackageManager: Couldn't remove dex file for package:  at location /data/app/org.androidpn.client-1/base.apk, retcode=-1
08-14 23:58:55.356  4741  4741 I art     : System.exit called, status: 0
08-14 23:58:55.356  4741  4741 I AndroidRuntime: VM exiting with result code 0.
08-14 23:58:55.365   598   624 I ActivityManager: Force stopping org.androidpn.client appid=10060 user=0: pkg removed
08-14 23:58:55.376   598   645 I InputReader: Reconfiguring input devices.  changes=0x00000010
08-14 23:58:55.378   598   598 D JobSchedulerService: Receieved: android.intent.action.PACKAGE_REMOVED
08-14 23:58:55.385   957  1204 I LatinIME:LogUtils: Dictionary info: dictionary = main:en ; version = 54 ; date = 1414726273
08-14 23:58:55.392   881  4754 D VoicemailCleanupService: Cleaning up data for package: org.androidpn.client
08-14 23:58:55.821   598   728 W art     : Long monitor contention event with owner method=android.content.ComponentName com.android.server.am.ActivityManagerService.startService(android.app.IApplicationThread, android.content.Intent, java.lang.String, java.lang.String, int) from ActivityManagerService.java:15718 waiters=0 for 128ms
08-14 23:58:55.956   598   610 I ActivityManager: Start proc 4758:com.android.keychain/1000 for broadcast com.android.keychain/.KeyChainBroadcastReceiver
08-14 23:58:55.957   598   613 W art     : Long monitor contention event with owner method=android.content.ComponentName com.android.server.am.ActivityManagerService.startService(android.app.IApplicationThread, android.content.Intent, java.lang.String, java.lang.String, int) from ActivityManagerService.java:15718 waiters=2 for 142ms
08-14 23:58:56.040  4758  4758 E libprocessgroup: failed to make and chown /acct/uid_1000: Read-only file system
08-14 23:58:56.048  4758  4758 W Zygote  : createProcessGroup failed, kernel missing CONFIG_CGROUP_CPUACCT?
08-14 23:58:56.409  1005  1005 D CarrierServiceBindHelper: Receive action: android.intent.action.PACKAGE_REMOVED
08-14 23:58:56.607  4758  4758 W System  : ClassLoader referenced unknown path: /system/app/KeyChain/lib/x86
08-14 23:58:56.608  4758  4758 W ContextImpl: Calling a method in the system process without a qualified user: android.app.ContextImpl.startService:1221 android.content.ContextWrapper.startService:581 android.content.ContextWrapper.startService:581 com.android.keychain.KeyChainBroadcastReceiver.onReceive:12 android.app.ActivityThread.handleReceiver:2725 
08-14 23:58:56.625   598   598 I ActivityManager: Start proc 4776:com.android.documentsui/u0a33 for broadcast com.android.documentsui/.PackageReceiver
08-14 23:58:56.649  4776  4776 E libprocessgroup: failed to make and chown /acct/uid_10033: Read-only file system
08-14 23:58:56.649  4776  4776 W Zygote  : createProcessGroup failed, kernel missing CONFIG_CGROUP_CPUACCT?
08-14 23:58:56.685   598   822 I ActivityManager: Killing 1756:com.android.onetimeinitializer/u0a11 (adj 15): empty #17
08-14 23:58:56.689   598   822 W libprocessgroup: failed to open /acct/uid_10011/pid_1756/cgroup.procs: No such file or directory
08-14 23:58:56.713  4776  4776 W System  : ClassLoader referenced unknown path: /system/app/DocumentsUI/lib/x86
08-14 23:58:56.731   598  1331 I ActivityManager: Start proc 4790:android.process.media/u0a6 for content provider com.android.providers.downloads/.DownloadStorageProvider
08-14 23:58:56.773   598  1332 I ActivityManager: Killing 1771:com.android.camera2/u0a25 (adj 15): empty #17
08-14 23:58:56.773   598  1332 W libprocessgroup: failed to open /acct/uid_10025/pid_1771/cgroup.procs: No such file or directory
08-14 23:58:56.789  4790  4790 E libprocessgroup: failed to make and chown /acct/uid_10006: Read-only file system
08-14 23:58:56.789  4790  4790 W Zygote  : createProcessGroup failed, kernel missing CONFIG_CGROUP_CPUACCT?
08-14 23:58:56.814  4790  4790 W System  : ClassLoader referenced unknown path: /system/priv-app/DownloadProvider/lib/x86
08-14 23:58:56.828  4790  4790 W System  : ClassLoader referenced unknown path: /system/priv-app/MediaProvider/lib/x86
08-14 23:58:56.864  4774  4774 D AndroidRuntime: >>>>>> START com.android.internal.os.RuntimeInit uid 0 <<<<<<
08-14 23:58:56.866  4774  4774 D AndroidRuntime: CheckJNI is OFF
08-14 23:58:56.877  4774  4774 D ICU     : No timezone override file found: /data/misc/zoneinfo/current/icu/icu_tzdata.dat
08-14 23:58:56.889   598   822 I ActivityManager: Start proc 4810:com.android.externalstorage/u0a7 for content provider com.android.externalstorage/.ExternalStorageProvider
08-14 23:58:56.891   598  1332 I ActivityManager: Killing 1432:com.android.deskclock/u0a30 (adj 15): empty #17
08-14 23:58:56.891   598  1332 W libprocessgroup: failed to open /acct/uid_10030/pid_1432/cgroup.procs: No such file or directory
08-14 23:58:56.892  4774  4774 E memtrack: Couldn't load memtrack module (No such file or directory)
08-14 23:58:56.892  4774  4774 E android.os.Debug: failed to load memtrack module: -2
08-14 23:58:56.893  4774  4774 I Radio-JNI: register_android_hardware_Radio DONE
08-14 23:58:56.899  4774  4774 D AndroidRuntime: Calling main entry com.android.commands.pm.Pm
08-14 23:58:56.904  1899  1911 D DefContainer: Copying /data/local/tmp/androidpn_REACH.apk to base.apk
08-14 23:58:56.910   598   624 W PackageParser: Unknown element under <application>: activitythe at /data/app/vmdl2008532074.tmp/base.apk Binary XML file line #36
08-14 23:58:56.917  4810  4810 E libprocessgroup: failed to make and chown /acct/uid_10007: Read-only file system
08-14 23:58:56.917  4810  4810 W Zygote  : createProcessGroup failed, kernel missing CONFIG_CGROUP_CPUACCT?
08-14 23:58:56.928  4810  4810 W System  : ClassLoader referenced unknown path: /system/priv-app/ExternalStorageProvider/lib/x86
08-14 23:58:56.930  4810  4810 D ExternalStorage: After updating volumes, found 1 active roots
08-14 23:58:56.937  4776  4789 D Documents: Update found 6 roots in 218ms
08-14 23:58:56.939  4776  4831 D Documents: Update found 6 roots in 7ms
08-14 23:58:56.975   598   624 I PackageManager.DexOptimizer: Running dexopt (dex2oat) on: /data/app/vmdl2008532074.tmp/base.apk pkg=org.androidpn.client isa=x86 vmSafeMode=false debuggable=true oatDir = /data/app/vmdl2008532074.tmp/oat
08-14 23:58:56.982  4832  4832 W dex2oat : Unexpected CPU variant for X86 using defaults: x86
08-14 23:58:56.982  4832  4832 I dex2oat : /system/bin/dex2oat --debuggable
08-14 23:58:56.982  4832  4832 E cutils-trace: Error opening trace file: Permission denied (13)
08-14 23:58:57.054  4832  4836 W dex2oat : Before Android 4.1, method int android.support.v7.widget.ListViewCompat.lookForSelectablePosition(int, boolean) would have incorrectly overridden the package-private method in android.widget.ListView
08-14 23:58:57.059  4832  4832 W dex2oat : Before Android 4.1, method android.graphics.PorterDuffColorFilter android.support.graphics.drawable.VectorDrawableCompat.updateTintFilter(android.graphics.PorterDuffColorFilter, android.content.res.ColorStateList, android.graphics.PorterDuff$Mode) would have incorrectly overridden the package-private method in android.graphics.drawable.Drawable
08-14 23:58:57.623  4832  4832 I dex2oat : dex2oat took 641.584ms (threads: 4) arena alloc=792KB java alloc=3MB native alloc=15MB free=3MB
08-14 23:58:57.677   598   624 V BackupManagerService: restoreAtInstall pkg=org.androidpn.client token=2 restoreSet=0
08-14 23:58:57.677   598   624 V BackupManagerService: Finishing install immediately
08-14 23:58:57.677   598   624 W Settings: Setting install_non_market_apps has moved from android.provider.Settings.Global to android.provider.Settings.Secure, returning read-only value.
08-14 23:58:57.677   598   624 I art     : Starting a blocking GC Explicit
08-14 23:58:57.686   598   624 I art     : Explicit concurrent mark sweep GC freed 38002(2MB) AllocSpace objects, 16(504KB) LOS objects, 33% free, 5MB/8MB, paused 220us total 9.152ms
08-14 23:58:57.689  4774  4774 I art     : System.exit called, status: 0
08-14 23:58:57.699  4774  4774 I AndroidRuntime: VM exiting with result code 0.
08-14 23:58:57.706  4776  4837 D Documents: Update found 6 roots in 15ms
08-14 23:58:57.707   598   645 I InputReader: Reconfiguring input devices.  changes=0x00000010
08-14 23:58:57.745  1005  1005 D CarrierServiceBindHelper: Receive action: android.intent.action.PACKAGE_ADDED
08-14 23:58:57.745  1005  1005 D CarrierServiceBindHelper: mHandler: 3
08-14 23:58:57.745  1005  1005 D CarrierConfigLoader: mHandler: 9 phoneId: 0
08-14 23:58:57.762   598   611 W VoiceInteractionManagerService: no available voice recognition services found for user 0
08-14 23:58:57.931  4847  4847 D AndroidRuntime: >>>>>> START com.android.internal.os.RuntimeInit uid 0 <<<<<<
08-14 23:58:57.932  4847  4847 D AndroidRuntime: CheckJNI is OFF
08-14 23:58:57.941  4847  4847 D ICU     : No timezone override file found: /data/misc/zoneinfo/current/icu/icu_tzdata.dat
08-14 23:58:57.951  4847  4847 E memtrack: Couldn't load memtrack module (No such file or directory)
08-14 23:58:57.952  4847  4847 E android.os.Debug: failed to load memtrack module: -2
08-14 23:58:57.952  4847  4847 I Radio-JNI: register_android_hardware_Radio DONE
08-14 23:58:57.959  4847  4847 D AndroidRuntime: Calling main entry com.android.commands.monkey.Monkey
08-14 23:58:57.966   598   612 W BroadcastQueue: Skipping deliver [background] BroadcastRecord{ed1ff86 u-1 android.net.conn.CONNECTIVITY_CHANGE} to ReceiverList{2e8d047 4847 (unknown name)/0/u-1 remote:a742fc8}: process crashing
08-14 23:58:57.972   598  1090 I ActivityManager: START u0 {act=android.intent.action.MAIN cat=[android.intent.category.LAUNCHER] flg=0x10200000 cmp=org.androidpn.client/.MainActivity} from uid 0 on display 0
08-14 23:58:57.990   598  1331 I ActivityManager: Start proc 4856:org.androidpn.client/u0a61 for activity org.androidpn.client/.MainActivity
08-14 23:58:58.015  4856  4856 E libprocessgroup: failed to make and chown /acct/uid_10061: Read-only file system
08-14 23:58:58.015  4856  4856 W Zygote  : createProcessGroup failed, kernel missing CONFIG_CGROUP_CPUACCT?
08-14 23:58:58.015  4856  4856 I art     : Late-enabling -Xcheck:jni
08-14 23:58:58.015  4847  4847 I art     : System.exit called, status: 0
08-14 23:58:58.015  4847  4847 I AndroidRuntime: VM exiting with result code 0.
08-14 23:58:58.100  4856  4856 W System  : ClassLoader referenced unknown path: /data/app/org.androidpn.client-1/lib/x86
08-14 23:58:58.137  4856  4856 D leak-286: Eastern Standard Time
08-14 23:58:58.156  4856  4856 D leak-129: Eastern Standard Time
08-14 23:58:58.195  4856  4856 D leak-53 : Eastern Standard Time
08-14 23:58:58.220  4856  4856 D leak-50 : Eastern Standard Time
08-14 23:58:58.225  4856  4856 D leak-51 : Eastern Standard Time
08-14 23:58:58.264  4856  4856 D leak-130: Eastern Standard Time
08-14 23:58:58.533  4856  4856 D leak-7  : Eastern Standard Time
08-14 23:58:58.537  4856  4856 D leak-8  : Eastern Standard Time
08-14 23:58:58.568  4856  4856 D leak-9  : Eastern Standard Time
08-14 23:58:58.581  4856  4856 D leak-132: Eastern Standard Time
08-14 23:58:58.581  4856  4856 D leak-10 : Eastern Standard Time
08-14 23:58:58.581  4856  4856 D leak-11 : Eastern Standard Time
08-14 23:58:58.581  4856  4856 D leak-46 : Eastern Standard Time
08-14 23:58:58.581  4856  4856 D leak-12 : Eastern Standard Time
08-14 23:58:58.581  4856  4856 D leak-26 : Eastern Standard Time
08-14 23:58:58.581  4856  4856 D leak-27 : Eastern Standard Time
08-14 23:58:58.584  4856  4856 D leak-18 : Eastern Standard Time
08-14 23:58:58.584  4856  4856 D leak-30 : Eastern Standard Time
08-14 23:58:58.584  4856  4856 D leak-46 : Eastern Standard Time
08-14 23:58:58.584  4856  4856 D leak-31 : Eastern Standard Time
08-14 23:58:58.635   598  1331 I ActivityManager: START u0 {act=android.content.pm.action.REQUEST_PERMISSIONS pkg=com.android.packageinstaller cmp=com.android.packageinstaller/.permission.ui.GrantPermissionsActivity (has extras)} from uid 10061 on display 0
08-14 23:58:58.851  4856  4856 D leak-163: Eastern Standard Time
08-14 23:58:58.885  4856  4856 D leak-53 : Eastern Standard Time
08-14 23:58:58.885  4856  4856 D leak-50 : Eastern Standard Time
08-14 23:58:58.885  4856  4856 D leak-51 : Eastern Standard Time
08-14 23:58:58.885  4856  4856 D leak-7  : Eastern Standard Time
08-14 23:58:58.885  4856  4856 D leak-8  : Eastern Standard Time
08-14 23:58:58.893  4856  4856 D leak-9  : Eastern Standard Time
08-14 23:58:58.896  4856  4856 D leak-165: Eastern Standard Time
08-14 23:58:58.896  4856  4856 D leak-10 : Eastern Standard Time
08-14 23:58:58.896  4856  4856 D leak-11 : Eastern Standard Time
08-14 23:58:58.896  4856  4856 D leak-46 : Eastern Standard Time
08-14 23:58:58.896  4856  4856 D leak-12 : Eastern Standard Time
08-14 23:58:58.896  4856  4856 D leak-26 : Eastern Standard Time
08-14 23:58:58.896  4856  4856 D leak-27 : Eastern Standard Time
08-14 23:58:58.904  4856  4856 D leak-18 : Eastern Standard Time
08-14 23:58:58.909  4856  4856 D leak-30 : Eastern Standard Time
08-14 23:58:58.909  4856  4856 D leak-46 : Eastern Standard Time
08-14 23:58:58.909  4856  4856 D leak-31 : Eastern Standard Time
08-14 23:58:58.922   598   609 I ActivityManager: START u0 {act=android.content.pm.action.REQUEST_PERMISSIONS pkg=com.android.packageinstaller cmp=com.android.packageinstaller/.permission.ui.GrantPermissionsActivity (has extras)} from uid 10061 on display 0
08-14 23:58:59.217   598   612 W ActivityManager: Activity pause timeout for ActivityRecord{a808074 u0 org.androidpn.client/.MainActivity t5}
08-14 23:58:59.367  4856  4873 D OpenGLRenderer: Use EGL_SWAP_BEHAVIOR_PRESERVED: true
08-14 23:58:59.510  4856  4856 D         : HostConnection::get() New Host Connection established 0xe9b5fa90, tid 4856
08-14 23:58:59.785  4856  4856 D leak-166: Eastern Standard Time
08-14 23:59:00.710   598   728 W art     : Long monitor contention event with owner method=int com.android.server.wm.WindowManagerService.relayoutWindow(com.android.server.wm.Session, android.view.IWindow, int, android.view.WindowManager$LayoutParams, int, int, int, int, android.graphics.Rect, android.graphics.Rect, android.graphics.Rect, android.graphics.Rect, android.graphics.Rect, android.graphics.Rect, android.content.res.Configuration, android.view.Surface) from WindowManagerService.java:3103 waiters=0 for 404ms
08-14 23:59:00.762  4856  4873 D libEGL  : loaded /system/lib/egl/libEGL_emulation.so
08-14 23:59:00.763  4856  4873 D libEGL  : loaded /system/lib/egl/libGLESv1_CM_emulation.so
08-14 23:59:00.769  4856  4873 D libEGL  : loaded /system/lib/egl/libGLESv2_emulation.so
08-14 23:59:00.771   598   610 W art     : Long monitor contention event with owner method=int com.android.server.wm.WindowManagerService.relayoutWindow(com.android.server.wm.Session, android.view.IWindow, int, android.view.WindowManager$LayoutParams, int, int, int, int, android.graphics.Rect, android.graphics.Rect, android.graphics.Rect, android.graphics.Rect, android.graphics.Rect, android.graphics.Rect, android.content.res.Configuration, android.view.Surface) from WindowManagerService.java:3103 waiters=1 for 294ms
08-14 23:59:00.783  4856  4873 D         : HostConnection::get() New Host Connection established 0xe9b5fc30, tid 4873
08-14 23:59:00.793  1990  1990 I Choreographer: Skipped 55 frames!  The application may be doing too much work on its main thread.
08-14 23:59:01.247  4856  4873 I OpenGLRenderer: Initialized EGL, version 1.4
08-14 23:59:01.554  1990  2004 W EGL_emulation: eglSurfaceAttrib not implemented
08-14 23:59:01.557  1990  2004 W OpenGLRenderer: Failed to set EGL_SWAP_BEHAVIOR on surface 0xe9b7da40, error=EGL_SUCCESS
08-14 23:59:02.041  4856  4873 W EGL_emulation: eglSurfaceAttrib not implemented
08-14 23:59:02.041  4856  4873 W OpenGLRenderer: Failed to set EGL_SWAP_BEHAVIOR on surface 0xe9b615e0, error=EGL_SUCCESS
08-14 23:59:02.111  4856  4856 I Choreographer: Skipped 134 frames!  The application may be doing too much work on its main thread.
08-14 23:59:02.117  1990  2004 W EGL_emulation: eglSurfaceAttrib not implemented
08-14 23:59:02.122  1990  2004 W OpenGLRenderer: Failed to set EGL_SWAP_BEHAVIOR on surface 0xe9b7d7c0, error=EGL_SUCCESS
08-14 23:59:02.421  4856  4856 D leak-147: Eastern Standard Time
08-14 23:59:02.422  4856  4856 D leak-148: Eastern Standard Time
08-14 23:59:02.488   598   617 I ActivityManager: Displayed com.android.packageinstaller/.permission.ui.GrantPermissionsActivity: +3s271ms (total +4s509ms)
08-14 23:59:02.514  1558  1586 E Surface : getSlotFromBufferLocked: unknown buffer: 0xdea6c460
08-14 23:59:03.204  4878  4878 D AndroidRuntime: >>>>>> START com.android.internal.os.RuntimeInit uid 0 <<<<<<
08-14 23:59:03.205  4878  4878 D AndroidRuntime: CheckJNI is OFF
08-14 23:59:03.217  4878  4878 D ICU     : No timezone override file found: /data/misc/zoneinfo/current/icu/icu_tzdata.dat
08-14 23:59:03.232  4878  4878 E memtrack: Couldn't load memtrack module (No such file or directory)
08-14 23:59:03.232  4878  4878 E android.os.Debug: failed to load memtrack module: -2
08-14 23:59:03.233  4878  4878 I Radio-JNI: register_android_hardware_Radio DONE
08-14 23:59:03.245  4878  4878 D AndroidRuntime: Calling main entry com.android.commands.content.Content
08-14 23:59:03.252  4878  4878 D AndroidRuntime: Shutting down VM
08-14 23:59:03.636  4887  4887 D AndroidRuntime: >>>>>> START com.android.internal.os.RuntimeInit uid 0 <<<<<<
08-14 23:59:03.638  4887  4887 D AndroidRuntime: CheckJNI is OFF
08-14 23:59:03.651  4887  4887 D ICU     : No timezone override file found: /data/misc/zoneinfo/current/icu/icu_tzdata.dat
08-14 23:59:03.667  4887  4887 E memtrack: Couldn't load memtrack module (No such file or directory)
08-14 23:59:03.667  4887  4887 E android.os.Debug: failed to load memtrack module: -2
08-14 23:59:03.669  4887  4887 I Radio-JNI: register_android_hardware_Radio DONE
08-14 23:59:03.675  4887  4887 D AndroidRuntime: Calling main entry com.android.commands.content.Content
08-14 23:59:03.688  4887  4887 D AndroidRuntime: Shutting down VM
08-14 23:59:04.818  4908  4908 D AndroidRuntime: >>>>>> START com.android.internal.os.RuntimeInit uid 0 <<<<<<
08-14 23:59:04.820  4908  4908 D AndroidRuntime: CheckJNI is OFF
08-14 23:59:04.833  4908  4908 D ICU     : No timezone override file found: /data/misc/zoneinfo/current/icu/icu_tzdata.dat
08-14 23:59:04.848  4908  4908 E memtrack: Couldn't load memtrack module (No such file or directory)
08-14 23:59:04.848  4908  4908 E android.os.Debug: failed to load memtrack module: -2
08-14 23:59:04.849  4908  4908 I Radio-JNI: register_android_hardware_Radio DONE
08-14 23:59:04.855  4908  4908 D AndroidRuntime: Calling main entry com.android.commands.uiautomator.Launcher
08-14 23:59:05.877  4908  4908 W AccessibilityNodeInfoDumper: Fetch time: 2ms
08-14 23:59:05.877   598   728 W WindowManager: Attempted to remove non-existing token: android.os.Binder@15cba3b
08-14 23:59:05.886  4908  4908 D AndroidRuntime: Shutting down VM
08-14 23:59:06.471  4928  4928 D AndroidRuntime: >>>>>> START com.android.internal.os.RuntimeInit uid 0 <<<<<<
08-14 23:59:06.477  4928  4928 D AndroidRuntime: CheckJNI is OFF
08-14 23:59:06.488  4928  4928 D ICU     : No timezone override file found: /data/misc/zoneinfo/current/icu/icu_tzdata.dat
08-14 23:59:06.503  4928  4928 E memtrack: Couldn't load memtrack module (No such file or directory)
08-14 23:59:06.503  4928  4928 E android.os.Debug: failed to load memtrack module: -2
08-14 23:59:06.504  4928  4928 I Radio-JNI: register_android_hardware_Radio DONE
08-14 23:59:06.517  4928  4928 D AndroidRuntime: Calling main entry com.android.commands.uiautomator.Launcher
08-14 23:59:07.582  4928  4928 W AccessibilityNodeInfoDumper: Fetch time: 2ms
08-14 23:59:07.588   598   610 W WindowManager: Attempted to remove non-existing token: android.os.Binder@a41f6b1
08-14 23:59:07.613  4928  4928 D AndroidRuntime: Shutting down VM
08-14 23:59:08.848  4951  4951 D AndroidRuntime: >>>>>> START com.android.internal.os.RuntimeInit uid 0 <<<<<<
08-14 23:59:08.850  4951  4951 D AndroidRuntime: CheckJNI is OFF
08-14 23:59:08.862  4951  4951 D ICU     : No timezone override file found: /data/misc/zoneinfo/current/icu/icu_tzdata.dat
08-14 23:59:08.875  4951  4951 E memtrack: Couldn't load memtrack module (No such file or directory)
08-14 23:59:08.875  4951  4951 E android.os.Debug: failed to load memtrack module: -2
08-14 23:59:08.876  4951  4951 I Radio-JNI: register_android_hardware_Radio DONE
08-14 23:59:08.883  4951  4951 D AndroidRuntime: Calling main entry com.android.commands.uiautomator.Launcher
08-14 23:59:09.904  4951  4951 W AccessibilityNodeInfoDumper: Fetch time: 1ms
08-14 23:59:09.905   598  1090 W WindowManager: Attempted to remove non-existing token: android.os.Binder@5262796
08-14 23:59:09.920  4951  4951 D AndroidRuntime: Shutting down VM
08-14 23:59:11.113  4980  4980 D AndroidRuntime: >>>>>> START com.android.internal.os.RuntimeInit uid 0 <<<<<<
08-14 23:59:11.115  4980  4980 D AndroidRuntime: CheckJNI is OFF
08-14 23:59:11.125  4980  4980 D ICU     : No timezone override file found: /data/misc/zoneinfo/current/icu/icu_tzdata.dat
08-14 23:59:11.137  4980  4980 E memtrack: Couldn't load memtrack module (No such file or directory)
08-14 23:59:11.137  4980  4980 E android.os.Debug: failed to load memtrack module: -2
08-14 23:59:11.137  4980  4980 I Radio-JNI: register_android_hardware_Radio DONE
08-14 23:59:11.144  4980  4980 D AndroidRuntime: Calling main entry com.android.commands.uiautomator.Launcher
08-14 23:59:12.161  4980  4980 W AccessibilityNodeInfoDumper: Fetch time: 3ms
08-14 23:59:12.162   598  1332 W WindowManager: Attempted to remove non-existing token: android.os.Binder@552bf17
08-14 23:59:12.170  4980  4980 D AndroidRuntime: Shutting down VM
08-14 23:59:13.290  5007  5007 D AndroidRuntime: >>>>>> START com.android.internal.os.RuntimeInit uid 0 <<<<<<
08-14 23:59:13.291  5007  5007 D AndroidRuntime: CheckJNI is OFF
08-14 23:59:13.303  5007  5007 D ICU     : No timezone override file found: /data/misc/zoneinfo/current/icu/icu_tzdata.dat
08-14 23:59:13.315  5007  5007 E memtrack: Couldn't load memtrack module (No such file or directory)
08-14 23:59:13.315  5007  5007 E android.os.Debug: failed to load memtrack module: -2
08-14 23:59:13.316  5007  5007 I Radio-JNI: register_android_hardware_Radio DONE
08-14 23:59:13.324  5007  5007 D AndroidRuntime: Calling main entry com.android.commands.uiautomator.Launcher
08-14 23:59:14.343  5007  5007 W AccessibilityNodeInfoDumper: Fetch time: 1ms
08-14 23:59:14.344   598  1090 W WindowManager: Attempted to remove non-existing token: android.os.Binder@44e4ced
08-14 23:59:14.354  5007  5007 D AndroidRuntime: Shutting down VM
08-14 23:59:14.843  5026  5026 D AndroidRuntime: >>>>>> START com.android.internal.os.RuntimeInit uid 0 <<<<<<
08-14 23:59:14.847  5026  5026 D AndroidRuntime: CheckJNI is OFF
08-14 23:59:14.856  5026  5026 D ICU     : No timezone override file found: /data/misc/zoneinfo/current/icu/icu_tzdata.dat
08-14 23:59:14.871  5026  5026 E memtrack: Couldn't load memtrack module (No such file or directory)
08-14 23:59:14.871  5026  5026 E android.os.Debug: failed to load memtrack module: -2
08-14 23:59:14.876  5026  5026 I Radio-JNI: register_android_hardware_Radio DONE
08-14 23:59:14.884  5026  5026 D AndroidRuntime: Calling main entry com.android.commands.uiautomator.Launcher
08-14 23:59:15.916  5026  5026 W AccessibilityNodeInfoDumper: Fetch time: 2ms
08-14 23:59:15.917   598  1106 W WindowManager: Attempted to remove non-existing token: android.os.Binder@d152722
08-14 23:59:15.934  5026  5026 D AndroidRuntime: Shutting down VM
08-14 23:59:17.023  5049  5049 D AndroidRuntime: >>>>>> START com.android.internal.os.RuntimeInit uid 0 <<<<<<
08-14 23:59:17.024  5049  5049 D AndroidRuntime: CheckJNI is OFF
08-14 23:59:17.035  5049  5049 D ICU     : No timezone override file found: /data/misc/zoneinfo/current/icu/icu_tzdata.dat
08-14 23:59:17.050  5049  5049 E memtrack: Couldn't load memtrack module (No such file or directory)
08-14 23:59:17.050  5049  5049 E android.os.Debug: failed to load memtrack module: -2
08-14 23:59:17.051  5049  5049 I Radio-JNI: register_android_hardware_Radio DONE
08-14 23:59:17.058  5049  5049 D AndroidRuntime: Calling main entry com.android.commands.uiautomator.Launcher
08-14 23:59:18.071  5049  5049 W AccessibilityNodeInfoDumper: Fetch time: 2ms
08-14 23:59:18.071   598   822 W WindowManager: Attempted to remove non-existing token: android.os.Binder@a3a35b3
08-14 23:59:18.085  5049  5049 D AndroidRuntime: Shutting down VM
08-14 23:59:18.602  5068  5068 D AndroidRuntime: >>>>>> START com.android.internal.os.RuntimeInit uid 0 <<<<<<
08-14 23:59:18.603  5068  5068 D AndroidRuntime: CheckJNI is OFF
08-14 23:59:18.614  5068  5068 D ICU     : No timezone override file found: /data/misc/zoneinfo/current/icu/icu_tzdata.dat
08-14 23:59:18.629  5068  5068 E memtrack: Couldn't load memtrack module (No such file or directory)
08-14 23:59:18.629  5068  5068 E android.os.Debug: failed to load memtrack module: -2
08-14 23:59:18.630  5068  5068 I Radio-JNI: register_android_hardware_Radio DONE
08-14 23:59:18.640  5068  5068 D AndroidRuntime: Calling main entry com.android.commands.uiautomator.Launcher
08-14 23:59:19.709  5068  5068 W AccessibilityNodeInfoDumper: Fetch time: 1ms
08-14 23:59:19.739   598  1331 W WindowManager: Attempted to remove non-existing token: android.os.Binder@2979770
08-14 23:59:19.780  5068  5068 D AndroidRuntime: Shutting down VM
08-14 23:59:21.008  5091  5091 D AndroidRuntime: >>>>>> START com.android.internal.os.RuntimeInit uid 0 <<<<<<
08-14 23:59:21.010  5091  5091 D AndroidRuntime: CheckJNI is OFF
08-14 23:59:21.019  5091  5091 D ICU     : No timezone override file found: /data/misc/zoneinfo/current/icu/icu_tzdata.dat
08-14 23:59:21.033  5091  5091 E memtrack: Couldn't load memtrack module (No such file or directory)
08-14 23:59:21.033  5091  5091 E android.os.Debug: failed to load memtrack module: -2
08-14 23:59:21.034  5091  5091 I Radio-JNI: register_android_hardware_Radio DONE
08-14 23:59:21.042  5091  5091 D AndroidRuntime: Calling main entry com.android.commands.uiautomator.Launcher
08-14 23:59:22.060  5091  5091 W AccessibilityNodeInfoDumper: Fetch time: 1ms
08-14 23:59:22.061   598   609 W WindowManager: Attempted to remove non-existing token: android.os.Binder@a02936e
08-14 23:59:22.097  5091  5091 D AndroidRuntime: Shutting down VM
08-14 23:59:22.599  5110  5110 D AndroidRuntime: >>>>>> START com.android.internal.os.RuntimeInit uid 0 <<<<<<
08-14 23:59:22.600  5110  5110 D AndroidRuntime: CheckJNI is OFF
08-14 23:59:22.612  5110  5110 D ICU     : No timezone override file found: /data/misc/zoneinfo/current/icu/icu_tzdata.dat
08-14 23:59:22.624  5110  5110 E memtrack: Couldn't load memtrack module (No such file or directory)
08-14 23:59:22.627  5110  5110 E android.os.Debug: failed to load memtrack module: -2
08-14 23:59:22.628  5110  5110 I Radio-JNI: register_android_hardware_Radio DONE
08-14 23:59:22.634  5110  5110 D AndroidRuntime: Calling main entry com.android.commands.uiautomator.Launcher
08-14 23:59:23.655  5110  5110 W AccessibilityNodeInfoDumper: Fetch time: 2ms
08-14 23:59:23.655   598  1332 W WindowManager: Attempted to remove non-existing token: android.os.Binder@1187a0f
08-14 23:59:23.684  5110  5110 D AndroidRuntime: Shutting down VM
08-14 23:59:24.800  5134  5134 D AndroidRuntime: >>>>>> START com.android.internal.os.RuntimeInit uid 0 <<<<<<
08-14 23:59:24.802  5134  5134 D AndroidRuntime: CheckJNI is OFF
08-14 23:59:24.812  5134  5134 D ICU     : No timezone override file found: /data/misc/zoneinfo/current/icu/icu_tzdata.dat
08-14 23:59:24.825  5134  5134 E memtrack: Couldn't load memtrack module (No such file or directory)
08-14 23:59:24.825  5134  5134 E android.os.Debug: failed to load memtrack module: -2
08-14 23:59:24.826  5134  5134 I Radio-JNI: register_android_hardware_Radio DONE
08-14 23:59:24.833  5134  5134 D AndroidRuntime: Calling main entry com.android.commands.uiautomator.Launcher
08-14 23:59:25.854  5134  5134 W AccessibilityNodeInfoDumper: Fetch time: 1ms
08-14 23:59:25.854   598   822 W WindowManager: Attempted to remove non-existing token: android.os.Binder@336ba9c
08-14 23:59:25.892  5134  5134 D AndroidRuntime: Shutting down VM
08-14 23:59:26.401  5153  5153 D AndroidRuntime: >>>>>> START com.android.internal.os.RuntimeInit uid 0 <<<<<<
08-14 23:59:26.402  5153  5153 D AndroidRuntime: CheckJNI is OFF
08-14 23:59:26.422  5153  5153 D ICU     : No timezone override file found: /data/misc/zoneinfo/current/icu/icu_tzdata.dat
08-14 23:59:26.434  5153  5153 E memtrack: Couldn't load memtrack module (No such file or directory)
08-14 23:59:26.434  5153  5153 E android.os.Debug: failed to load memtrack module: -2
08-14 23:59:26.435  5153  5153 I Radio-JNI: register_android_hardware_Radio DONE
08-14 23:59:26.443  5153  5153 D AndroidRuntime: Calling main entry com.android.commands.uiautomator.Launcher
08-14 23:59:27.455  5153  5153 W AccessibilityNodeInfoDumper: Fetch time: 1ms
08-14 23:59:27.465   598   610 W WindowManager: Attempted to remove non-existing token: android.os.Binder@bd12ca5
08-14 23:59:27.477  5153  5153 D AndroidRuntime: Shutting down VM
08-14 23:59:28.029  5170  5170 D AndroidRuntime: >>>>>> START com.android.internal.os.RuntimeInit uid 0 <<<<<<
08-14 23:59:28.031  5170  5170 D AndroidRuntime: CheckJNI is OFF
08-14 23:59:28.043  5170  5170 D ICU     : No timezone override file found: /data/misc/zoneinfo/current/icu/icu_tzdata.dat
08-14 23:59:28.055  5170  5170 E memtrack: Couldn't load memtrack module (No such file or directory)
08-14 23:59:28.055  5170  5170 E android.os.Debug: failed to load memtrack module: -2
08-14 23:59:28.055  5170  5170 I Radio-JNI: register_android_hardware_Radio DONE
08-14 23:59:28.063  5170  5170 D AndroidRuntime: Calling main entry com.android.commands.monkey.Monkey
08-14 23:59:28.073   598   612 W BroadcastQueue: Skipping deliver [background] BroadcastRecord{b42e488 u-1 android.net.conn.CONNECTIVITY_CHANGE} to ReceiverList{64cee21 5170 (unknown name)/0/u-1 remote:48787a}: process crashing
08-14 23:59:28.078   598  1331 I ActivityManager: START u0 {act=android.intent.action.MAIN cat=[android.intent.category.LAUNCHER] flg=0x10200000 cmp=org.androidpn.client/.MainActivity} from uid 0 on display 0
08-14 23:59:28.082   598   613 D Sensors : batch handle 1, but there is no batch sensor in genymotion
08-14 23:59:28.090  5170  5170 I art     : System.exit called, status: 0
08-14 23:59:28.090  5170  5170 I AndroidRuntime: VM exiting with result code 0.
08-14 23:59:33.939  5190  5190 D AndroidRuntime: >>>>>> START com.android.internal.os.RuntimeInit uid 0 <<<<<<
08-14 23:59:33.942  5190  5190 D AndroidRuntime: CheckJNI is OFF
08-14 23:59:33.953  5190  5190 D ICU     : No timezone override file found: /data/misc/zoneinfo/current/icu/icu_tzdata.dat
08-14 23:59:33.968  5190  5190 E memtrack: Couldn't load memtrack module (No such file or directory)
08-14 23:59:33.968  5190  5190 E android.os.Debug: failed to load memtrack module: -2
08-14 23:59:33.969  5190  5190 I Radio-JNI: register_android_hardware_Radio DONE
08-14 23:59:33.977  5190  5190 D AndroidRuntime: Calling main entry com.android.commands.uiautomator.Launcher
08-14 23:59:34.992  5190  5190 W AccessibilityNodeInfoDumper: Fetch time: 1ms
08-14 23:59:34.993   598  1090 W WindowManager: Attempted to remove non-existing token: android.os.Binder@dd5a246
08-14 23:59:35.013  5190  5190 D AndroidRuntime: Shutting down VM
08-14 23:59:35.543  5209  5209 D AndroidRuntime: >>>>>> START com.android.internal.os.RuntimeInit uid 0 <<<<<<
08-14 23:59:35.545  5209  5209 D AndroidRuntime: CheckJNI is OFF
08-14 23:59:35.555  5209  5209 D ICU     : No timezone override file found: /data/misc/zoneinfo/current/icu/icu_tzdata.dat
08-14 23:59:35.573  5209  5209 E memtrack: Couldn't load memtrack module (No such file or directory)
08-14 23:59:35.573  5209  5209 E android.os.Debug: failed to load memtrack module: -2
08-14 23:59:35.574  5209  5209 I Radio-JNI: register_android_hardware_Radio DONE
08-14 23:59:35.582  5209  5209 D AndroidRuntime: Calling main entry com.android.commands.uiautomator.Launcher
08-14 23:59:36.599  5209  5209 W AccessibilityNodeInfoDumper: Fetch time: 2ms
08-14 23:59:36.599   598  1106 W WindowManager: Attempted to remove non-existing token: android.os.Binder@65c134
08-14 23:59:36.608  5209  5209 D AndroidRuntime: Shutting down VM
08-14 23:59:37.094  5222  5222 D AndroidRuntime: >>>>>> START com.android.internal.os.RuntimeInit uid 0 <<<<<<
08-14 23:59:37.095  5222  5222 D AndroidRuntime: CheckJNI is OFF
08-14 23:59:37.106  5222  5222 D ICU     : No timezone override file found: /data/misc/zoneinfo/current/icu/icu_tzdata.dat
08-14 23:59:37.126  5222  5222 E memtrack: Couldn't load memtrack module (No such file or directory)
08-14 23:59:37.126  5222  5222 E android.os.Debug: failed to load memtrack module: -2
08-14 23:59:37.127  5222  5222 I Radio-JNI: register_android_hardware_Radio DONE
08-14 23:59:37.135  5222  5222 D AndroidRuntime: Calling main entry com.android.commands.input.Input
08-14 23:59:37.154  5222  5222 I Input   : injectMotionEvent: MotionEvent { action=ACTION_DOWN, actionButton=0, id[0]=0, x[0]=1046.0, y[0]=1014.0, toolType[0]=TOOL_TYPE_UNKNOWN, buttonState=0, metaState=0, flags=0x0, edgeFlags=0x0, pointerCount=1, historySize=0, eventTime=265731, downTime=265731, deviceId=0, source=0x1002 }
08-14 23:59:37.185  5222  5222 I Input   : injectMotionEvent: MotionEvent { action=ACTION_UP, actionButton=0, id[0]=0, x[0]=1046.0, y[0]=1014.0, toolType[0]=TOOL_TYPE_UNKNOWN, buttonState=0, metaState=0, flags=0x0, edgeFlags=0x0, pointerCount=1, historySize=0, eventTime=265731, downTime=265731, deviceId=0, source=0x1002 }
08-14 23:59:37.252  5222  5222 D AndroidRuntime: Shutting down VM
08-14 23:59:37.524   598   617 I ActivityManager: Displayed com.android.packageinstaller/.permission.ui.GrantPermissionsActivity: +38s307ms
08-14 23:59:37.680  1990  2004 E Surface : getSlotFromBufferLocked: unknown buffer: 0xee8f8730
08-14 23:59:37.689  1990  2004 D OpenGLRenderer: endAllStagingAnimators on 0xf2beca00 (RippleDrawable) with handle 0xee8d2d30
08-14 23:59:37.725   553   553 W SurfaceFlinger: couldn't log to binary event log: overflow.
08-14 23:59:41.808  5563  5563 D AndroidRuntime: >>>>>> START com.android.internal.os.RuntimeInit uid 0 <<<<<<
08-14 23:59:41.810  5563  5563 D AndroidRuntime: CheckJNI is OFF
08-14 23:59:41.821  5563  5563 D ICU     : No timezone override file found: /data/misc/zoneinfo/current/icu/icu_tzdata.dat
08-14 23:59:41.833  5563  5563 E memtrack: Couldn't load memtrack module (No such file or directory)
08-14 23:59:41.833  5563  5563 E android.os.Debug: failed to load memtrack module: -2
