08-18 15:30:41.721   603  1321 W WindowManager: Attempted to remove non-existing token: android.os.Binder@f1b6763
08-18 15:30:41.728 11467 11467 D AndroidRuntime: Shutting down VM
08-18 15:30:42.817 11490 11490 D AndroidRuntime: >>>>>> START com.android.internal.os.RuntimeInit uid 0 <<<<<<
08-18 15:30:42.819 11490 11490 D AndroidRuntime: CheckJNI is OFF
08-18 15:30:42.829 11490 11490 D ICU     : No timezone override file found: /data/misc/zoneinfo/current/icu/icu_tzdata.dat
08-18 15:30:42.844 11490 11490 E memtrack: Couldn't load memtrack module (No such file or directory)
08-18 15:30:42.844 11490 11490 E android.os.Debug: failed to load memtrack module: -2
08-18 15:30:42.845 11490 11490 I Radio-JNI: register_android_hardware_Radio DONE
08-18 15:30:42.853 11490 11490 D AndroidRuntime: Calling main entry com.android.commands.uiautomator.Launcher
08-18 15:30:43.867 11490 11490 I AccessibilityNodeInfoDumper: Skipping invisible child: android.view.accessibility.AccessibilityNodeInfo@8000e2f3; boundsInParent: Rect(0, 0 - 0, 112); boundsInScreen: Rect(1200, 48 - 1200, 160); packageName: protect.babymonitor; className: android.widget.LinearLayout; text: null; error: null; maxTextLength: -1; contentDescription: null; viewIdResName: null; checkable: false; checked: false; focusable: false; focused: false; selected: false; clickable: false; longClickable: false; contextClickable: false; enabled: true; password: false; scrollable: false; actions: [AccessibilityAction: ACTION_SELECT - null, AccessibilityAction: ACTION_CLEAR_SELECTION - null, AccessibilityAction: ACTION_ACCESSIBILITY_FOCUS - null, AccessibilityAction: ACTION_UNKNOWN - null]
08-18 15:30:43.868 11490 11490 W AccessibilityNodeInfoDumper: Fetch time: 7ms
08-18 15:30:43.868   603   615 W WindowManager: Attempted to remove non-existing token: android.os.Binder@1bd5f60
08-18 15:30:43.878 11490 11490 D AndroidRuntime: Shutting down VM
08-18 15:30:44.406 11509 11509 D AndroidRuntime: >>>>>> START com.android.internal.os.RuntimeInit uid 0 <<<<<<
08-18 15:30:44.407 11509 11509 D AndroidRuntime: CheckJNI is OFF
08-18 15:30:44.416 11509 11509 D ICU     : No timezone override file found: /data/misc/zoneinfo/current/icu/icu_tzdata.dat
08-18 15:30:44.429 11509 11509 E memtrack: Couldn't load memtrack module (No such file or directory)
08-18 15:30:44.429 11509 11509 E android.os.Debug: failed to load memtrack module: -2
08-18 15:30:44.429 11509 11509 I Radio-JNI: register_android_hardware_Radio DONE
08-18 15:30:44.435 11509 11509 D AndroidRuntime: Calling main entry com.android.commands.uiautomator.Launcher
08-18 15:30:45.459 11509 11509 I AccessibilityNodeInfoDumper: Skipping invisible child: android.view.accessibility.AccessibilityNodeInfo@8000e2fb; boundsInParent: Rect(0, 0 - 0, 112); boundsInScreen: Rect(1200, 48 - 1200, 160); packageName: protect.babymonitor; className: android.widget.LinearLayout; text: null; error: null; maxTextLength: -1; contentDescription: null; viewIdResName: null; checkable: false; checked: false; focusable: false; focused: false; selected: false; clickable: false; longClickable: false; contextClickable: false; enabled: true; password: false; scrollable: false; actions: [AccessibilityAction: ACTION_SELECT - null, AccessibilityAction: ACTION_CLEAR_SELECTION - null, AccessibilityAction: ACTION_ACCESSIBILITY_FOCUS - null, AccessibilityAction: ACTION_UNKNOWN - null]
08-18 15:30:45.463 11509 11509 W AccessibilityNodeInfoDumper: Fetch time: 8ms
08-18 15:30:45.463   603  1551 W WindowManager: Attempted to remove non-existing token: android.os.Binder@4f10c19
08-18 15:30:45.473 11509 11509 D AndroidRuntime: Shutting down VM
08-18 15:30:46.541 11532 11532 D AndroidRuntime: >>>>>> START com.android.internal.os.RuntimeInit uid 0 <<<<<<
08-18 15:30:46.543 11532 11532 D AndroidRuntime: CheckJNI is OFF
08-18 15:30:46.556 11532 11532 D ICU     : No timezone override file found: /data/misc/zoneinfo/current/icu/icu_tzdata.dat
08-18 15:30:46.570 11532 11532 E memtrack: Couldn't load memtrack module (No such file or directory)
08-18 15:30:46.570 11532 11532 E android.os.Debug: failed to load memtrack module: -2
08-18 15:30:46.571 11532 11532 I Radio-JNI: register_android_hardware_Radio DONE
08-18 15:30:46.578 11532 11532 D AndroidRuntime: Calling main entry com.android.commands.uiautomator.Launcher
08-18 15:30:47.604 11532 11532 I AccessibilityNodeInfoDumper: Skipping invisible child: android.view.accessibility.AccessibilityNodeInfo@8000e301; boundsInParent: Rect(0, 0 - 0, 112); boundsInScreen: Rect(1200, 48 - 1200, 160); packageName: protect.babymonitor; className: android.widget.LinearLayout; text: null; error: null; maxTextLength: -1; contentDescription: null; viewIdResName: null; checkable: false; checked: false; focusable: false; focused: false; selected: false; clickable: false; longClickable: false; contextClickable: false; enabled: true; password: false; scrollable: false; actions: [AccessibilityAction: ACTION_SELECT - null, AccessibilityAction: ACTION_CLEAR_SELECTION - null, AccessibilityAction: ACTION_ACCESSIBILITY_FOCUS - null, AccessibilityAction: ACTION_UNKNOWN - null]
08-18 15:30:47.605 11532 11532 W AccessibilityNodeInfoDumper: Fetch time: 7ms
08-18 15:30:47.606   603   818 W WindowManager: Attempted to remove non-existing token: android.os.Binder@a7f4de
08-18 15:30:47.613 11532 11532 D AndroidRuntime: Shutting down VM
08-18 15:30:48.757 11560 11560 D AndroidRuntime: >>>>>> START com.android.internal.os.RuntimeInit uid 0 <<<<<<
08-18 15:30:48.760 11560 11560 D AndroidRuntime: CheckJNI is OFF
08-18 15:30:48.769 11560 11560 D ICU     : No timezone override file found: /data/misc/zoneinfo/current/icu/icu_tzdata.dat
08-18 15:30:48.784 11560 11560 E memtrack: Couldn't load memtrack module (No such file or directory)
08-18 15:30:48.784 11560 11560 E android.os.Debug: failed to load memtrack module: -2
08-18 15:30:48.786 11560 11560 I Radio-JNI: register_android_hardware_Radio DONE
08-18 15:30:48.795 11560 11560 D AndroidRuntime: Calling main entry com.android.commands.uiautomator.Launcher
08-18 15:30:49.812 11560 11560 I AccessibilityNodeInfoDumper: Skipping invisible child: android.view.accessibility.AccessibilityNodeInfo@8000e308; boundsInParent: Rect(0, 0 - 0, 112); boundsInScreen: Rect(1200, 48 - 1200, 160); packageName: protect.babymonitor; className: android.widget.LinearLayout; text: null; error: null; maxTextLength: -1; contentDescription: null; viewIdResName: null; checkable: false; checked: false; focusable: false; focused: false; selected: false; clickable: false; longClickable: false; contextClickable: false; enabled: true; password: false; scrollable: false; actions: [AccessibilityAction: ACTION_SELECT - null, AccessibilityAction: ACTION_CLEAR_SELECTION - null, AccessibilityAction: ACTION_ACCESSIBILITY_FOCUS - null, AccessibilityAction: ACTION_UNKNOWN - null]
08-18 15:30:49.813 11560 11560 W AccessibilityNodeInfoDumper: Fetch time: 9ms
08-18 15:30:49.814   603  1321 W WindowManager: Attempted to remove non-existing token: android.os.Binder@5d316bf
08-18 15:30:49.818 11560 11560 D AndroidRuntime: Shutting down VM
08-18 15:30:50.992 11586 11586 D AndroidRuntime: >>>>>> START com.android.internal.os.RuntimeInit uid 0 <<<<<<
08-18 15:30:50.995 11586 11586 D AndroidRuntime: CheckJNI is OFF
08-18 15:30:51.006 11586 11586 D ICU     : No timezone override file found: /data/misc/zoneinfo/current/icu/icu_tzdata.dat
08-18 15:30:51.019 11586 11586 E memtrack: Couldn't load memtrack module (No such file or directory)
08-18 15:30:51.019 11586 11586 E android.os.Debug: failed to load memtrack module: -2
08-18 15:30:51.020 11586 11586 I Radio-JNI: register_android_hardware_Radio DONE
08-18 15:30:51.030 11586 11586 D AndroidRuntime: Calling main entry com.android.commands.uiautomator.Launcher
08-18 15:30:52.059 11586 11586 I AccessibilityNodeInfoDumper: Skipping invisible child: android.view.accessibility.AccessibilityNodeInfo@8000e30e; boundsInParent: Rect(0, 0 - 0, 112); boundsInScreen: Rect(1200, 48 - 1200, 160); packageName: protect.babymonitor; className: android.widget.LinearLayout; text: null; error: null; maxTextLength: -1; contentDescription: null; viewIdResName: null; checkable: false; checked: false; focusable: false; focused: false; selected: false; clickable: false; longClickable: false; contextClickable: false; enabled: true; password: false; scrollable: false; actions: [AccessibilityAction: ACTION_SELECT - null, AccessibilityAction: ACTION_CLEAR_SELECTION - null, AccessibilityAction: ACTION_ACCESSIBILITY_FOCUS - null, AccessibilityAction: ACTION_UNKNOWN - null]
08-18 15:30:52.059 11586 11586 W AccessibilityNodeInfoDumper: Fetch time: 5ms
08-18 15:30:52.059   603  1317 W WindowManager: Attempted to remove non-existing token: android.os.Binder@5fd50d5
08-18 15:30:52.062 11586 11586 D AndroidRuntime: Shutting down VM
08-18 15:30:52.554 11604 11604 D AndroidRuntime: >>>>>> START com.android.internal.os.RuntimeInit uid 0 <<<<<<
08-18 15:30:52.555 11604 11604 D AndroidRuntime: CheckJNI is OFF
08-18 15:30:52.564 11604 11604 D ICU     : No timezone override file found: /data/misc/zoneinfo/current/icu/icu_tzdata.dat
08-18 15:30:52.576 11604 11604 E memtrack: Couldn't load memtrack module (No such file or directory)
08-18 15:30:52.576 11604 11604 E android.os.Debug: failed to load memtrack module: -2
08-18 15:30:52.576 11604 11604 I Radio-JNI: register_android_hardware_Radio DONE
08-18 15:30:52.582 11604 11604 D AndroidRuntime: Calling main entry com.android.commands.uiautomator.Launcher
08-18 15:30:53.599 11604 11604 I AccessibilityNodeInfoDumper: Skipping invisible child: android.view.accessibility.AccessibilityNodeInfo@8000e316; boundsInParent: Rect(0, 0 - 0, 112); boundsInScreen: Rect(1200, 48 - 1200, 160); packageName: protect.babymonitor; className: android.widget.LinearLayout; text: null; error: null; maxTextLength: -1; contentDescription: null; viewIdResName: null; checkable: false; checked: false; focusable: false; focused: false; selected: false; clickable: false; longClickable: false; contextClickable: false; enabled: true; password: false; scrollable: false; actions: [AccessibilityAction: ACTION_SELECT - null, AccessibilityAction: ACTION_CLEAR_SELECTION - null, AccessibilityAction: ACTION_ACCESSIBILITY_FOCUS - null, AccessibilityAction: ACTION_UNKNOWN - null]
08-18 15:30:53.599 11604 11604 W AccessibilityNodeInfoDumper: Fetch time: 5ms
08-18 15:30:53.603   603   615 W WindowManager: Attempted to remove non-existing token: android.os.Binder@53a80ea
08-18 15:30:53.608 11604 11604 D AndroidRuntime: Shutting down VM
08-18 15:30:54.674 11627 11627 D AndroidRuntime: >>>>>> START com.android.internal.os.RuntimeInit uid 0 <<<<<<
08-18 15:30:54.676 11627 11627 D AndroidRuntime: CheckJNI is OFF
08-18 15:30:54.686 11627 11627 D ICU     : No timezone override file found: /data/misc/zoneinfo/current/icu/icu_tzdata.dat
08-18 15:30:54.697 11627 11627 E memtrack: Couldn't load memtrack module (No such file or directory)
08-18 15:30:54.697 11627 11627 E android.os.Debug: failed to load memtrack module: -2
08-18 15:30:54.698 11627 11627 I Radio-JNI: register_android_hardware_Radio DONE
08-18 15:30:54.705 11627 11627 D AndroidRuntime: Calling main entry com.android.commands.uiautomator.Launcher
08-18 15:30:55.726 11627 11627 I AccessibilityNodeInfoDumper: Skipping invisible child: android.view.accessibility.AccessibilityNodeInfo@8000e31c; boundsInParent: Rect(0, 0 - 0, 112); boundsInScreen: Rect(1200, 48 - 1200, 160); packageName: protect.babymonitor; className: android.widget.LinearLayout; text: null; error: null; maxTextLength: -1; contentDescription: null; viewIdResName: null; checkable: false; checked: false; focusable: false; focused: false; selected: false; clickable: false; longClickable: false; contextClickable: false; enabled: true; password: false; scrollable: false; actions: [AccessibilityAction: ACTION_SELECT - null, AccessibilityAction: ACTION_CLEAR_SELECTION - null, AccessibilityAction: ACTION_ACCESSIBILITY_FOCUS - null, AccessibilityAction: ACTION_UNKNOWN - null]
08-18 15:30:55.726 11627 11627 W AccessibilityNodeInfoDumper: Fetch time: 5ms
08-18 15:30:55.728   603   699 W WindowManager: Attempted to remove non-existing token: android.os.Binder@c2c5fdb
08-18 15:30:55.730 11627 11627 D AndroidRuntime: Shutting down VM
08-18 15:30:56.234 11645 11645 D AndroidRuntime: >>>>>> START com.android.internal.os.RuntimeInit uid 0 <<<<<<
08-18 15:30:56.235 11645 11645 D AndroidRuntime: CheckJNI is OFF
08-18 15:30:56.244 11645 11645 D ICU     : No timezone override file found: /data/misc/zoneinfo/current/icu/icu_tzdata.dat
08-18 15:30:56.256 11645 11645 E memtrack: Couldn't load memtrack module (No such file or directory)
08-18 15:30:56.256 11645 11645 E android.os.Debug: failed to load memtrack module: -2
08-18 15:30:56.256 11645 11645 I Radio-JNI: register_android_hardware_Radio DONE
08-18 15:30:56.270 11645 11645 D AndroidRuntime: Calling main entry com.android.commands.uiautomator.Launcher
08-18 15:30:57.289 11645 11645 I AccessibilityNodeInfoDumper: Skipping invisible child: android.view.accessibility.AccessibilityNodeInfo@8000e325; boundsInParent: Rect(0, 0 - 0, 112); boundsInScreen: Rect(1200, 48 - 1200, 160); packageName: protect.babymonitor; className: android.widget.LinearLayout; text: null; error: null; maxTextLength: -1; contentDescription: null; viewIdResName: null; checkable: false; checked: false; focusable: false; focused: false; selected: false; clickable: false; longClickable: false; contextClickable: false; enabled: true; password: false; scrollable: false; actions: [AccessibilityAction: ACTION_SELECT - null, AccessibilityAction: ACTION_CLEAR_SELECTION - null, AccessibilityAction: ACTION_ACCESSIBILITY_FOCUS - null, AccessibilityAction: ACTION_UNKNOWN - null]
08-18 15:30:57.294 11645 11645 W AccessibilityNodeInfoDumper: Fetch time: 9ms
08-18 15:30:57.294   603  1317 W WindowManager: Attempted to remove non-existing token: android.os.Binder@27bba78
08-18 15:30:57.296 11645 11645 D AndroidRuntime: Shutting down VM
08-18 15:30:58.414 11668 11668 D AndroidRuntime: >>>>>> START com.android.internal.os.RuntimeInit uid 0 <<<<<<
08-18 15:30:58.415 11668 11668 D AndroidRuntime: CheckJNI is OFF
08-18 15:30:58.423 11668 11668 D ICU     : No timezone override file found: /data/misc/zoneinfo/current/icu/icu_tzdata.dat
08-18 15:30:58.436 11668 11668 E memtrack: Couldn't load memtrack module (No such file or directory)
08-18 15:30:58.436 11668 11668 E android.os.Debug: failed to load memtrack module: -2
08-18 15:30:58.437 11668 11668 I Radio-JNI: register_android_hardware_Radio DONE
08-18 15:30:58.442 11668 11668 D AndroidRuntime: Calling main entry com.android.commands.uiautomator.Launcher
08-18 15:30:59.467 11668 11668 I AccessibilityNodeInfoDumper: Skipping invisible child: android.view.accessibility.AccessibilityNodeInfo@8000e32b; boundsInParent: Rect(0, 0 - 0, 112); boundsInScreen: Rect(1200, 48 - 1200, 160); packageName: protect.babymonitor; className: android.widget.LinearLayout; text: null; error: null; maxTextLength: -1; contentDescription: null; viewIdResName: null; checkable: false; checked: false; focusable: false; focused: false; selected: false; clickable: false; longClickable: false; contextClickable: false; enabled: true; password: false; scrollable: false; actions: [AccessibilityAction: ACTION_SELECT - null, AccessibilityAction: ACTION_CLEAR_SELECTION - null, AccessibilityAction: ACTION_ACCESSIBILITY_FOCUS - null, AccessibilityAction: ACTION_UNKNOWN - null]
08-18 15:30:59.468 11668 11668 W AccessibilityNodeInfoDumper: Fetch time: 7ms
08-18 15:30:59.468   603   818 W WindowManager: Attempted to remove non-existing token: android.os.Binder@24f2551
08-18 15:30:59.481 11668 11668 D AndroidRuntime: Shutting down VM
08-18 15:30:59.985 11686 11686 D AndroidRuntime: >>>>>> START com.android.internal.os.RuntimeInit uid 0 <<<<<<
08-18 15:30:59.988 11686 11686 D AndroidRuntime: CheckJNI is OFF
08-18 15:31:00.001 11686 11686 D ICU     : No timezone override file found: /data/misc/zoneinfo/current/icu/icu_tzdata.dat
08-18 15:31:00.023 11686 11686 E memtrack: Couldn't load memtrack module (No such file or directory)
08-18 15:31:00.023 11686 11686 E android.os.Debug: failed to load memtrack module: -2
08-18 15:31:00.025 11686 11686 I Radio-JNI: register_android_hardware_Radio DONE
08-18 15:31:00.034 11686 11686 D AndroidRuntime: Calling main entry com.android.commands.uiautomator.Launcher
08-18 15:31:01.147 11686 11686 I AccessibilityNodeInfoDumper: Skipping invisible child: android.view.accessibility.AccessibilityNodeInfo@8000e331; boundsInParent: Rect(0, 0 - 0, 112); boundsInScreen: Rect(1200, 48 - 1200, 160); packageName: protect.babymonitor; className: android.widget.LinearLayout; text: null; error: null; maxTextLength: -1; contentDescription: null; viewIdResName: null; checkable: false; checked: false; focusable: false; focused: false; selected: false; clickable: false; longClickable: false; contextClickable: false; enabled: true; password: false; scrollable: false; actions: [AccessibilityAction: ACTION_SELECT - null, AccessibilityAction: ACTION_CLEAR_SELECTION - null, AccessibilityAction: ACTION_ACCESSIBILITY_FOCUS - null, AccessibilityAction: ACTION_UNKNOWN - null]
08-18 15:31:01.148 11686 11686 W AccessibilityNodeInfoDumper: Fetch time: 11ms
08-18 15:31:01.149   603  1317 W WindowManager: Attempted to remove non-existing token: android.os.Binder@6b7c1b6
08-18 15:31:01.159 11686 11686 D AndroidRuntime: Shutting down VM
08-18 15:31:01.671 11699 11699 D AndroidRuntime: >>>>>> START com.android.internal.os.RuntimeInit uid 0 <<<<<<
08-18 15:31:01.672 11699 11699 D AndroidRuntime: CheckJNI is OFF
08-18 15:31:01.681 11699 11699 D ICU     : No timezone override file found: /data/misc/zoneinfo/current/icu/icu_tzdata.dat
08-18 15:31:01.691 11699 11699 E memtrack: Couldn't load memtrack module (No such file or directory)
08-18 15:31:01.691 11699 11699 E android.os.Debug: failed to load memtrack module: -2
08-18 15:31:01.691 11699 11699 I Radio-JNI: register_android_hardware_Radio DONE
08-18 15:31:01.698 11699 11699 D AndroidRuntime: Calling main entry com.android.commands.input.Input
08-18 15:31:01.699 11699 11699 I Input   : injectMotionEvent: MotionEvent { action=ACTION_DOWN, actionButton=0, id[0]=0, x[0]=600.0, y[0]=453.0, toolType[0]=TOOL_TYPE_UNKNOWN, buttonState=0, metaState=0, flags=0x0, edgeFlags=0x0, pointerCount=1, historySize=0, eventTime=799411, downTime=799411, deviceId=0, source=0x1002 }
08-18 15:31:01.702 11699 11699 I Input   : injectMotionEvent: MotionEvent { action=ACTION_UP, actionButton=0, id[0]=0, x[0]=600.0, y[0]=453.0, toolType[0]=TOOL_TYPE_UNKNOWN, buttonState=0, metaState=0, flags=0x0, edgeFlags=0x0, pointerCount=1, historySize=0, eventTime=799411, downTime=799411, deviceId=0, source=0x1002 }
08-18 15:31:01.704 11699 11699 D AndroidRuntime: Shutting down VM
08-18 15:31:01.720   921   921 W RichInputMethodSubtype: Can't find emoji subtype
08-18 15:31:01.720   921   921 W RichInputMethodSubtype: No input method subtype found; returning dummy subtype: Multi-lingual subtype: android.view.inputmethod.InputMethodSubtype@d78b2ed0, zz
08-18 15:31:01.758   921   921 W ViewPager: Requested offscreen page limit 0 too small; defaulting to 1
08-18 15:31:01.765   603   682 W AudioTrack: AUDIO_OUTPUT_FLAG_FAST denied by client; transfer 4, track 48000 Hz, output 44100 Hz
08-18 15:31:01.783   921   921 I LatinIME: Starting input. Cursor position = 0,0
08-18 15:31:01.818   921 11714 D OpenGLRenderer: Use EGL_SWAP_BEHAVIOR_PRESERVED: true
08-18 15:31:01.831   921   921 D         : HostConnection::get() New Host Connection established 0xe097fc10, tid 921
08-18 15:31:01.877   921 11714 D libEGL  : loaded /system/lib/egl/libEGL_emulation.so
08-18 15:31:01.879   921 11714 D libEGL  : loaded /system/lib/egl/libGLESv1_CM_emulation.so
08-18 15:31:01.884   921 11714 D libEGL  : loaded /system/lib/egl/libGLESv2_emulation.so
08-18 15:31:01.889   921 11714 D         : HostConnection::get() New Host Connection established 0xeeb925f0, tid 11714
08-18 15:31:01.900   921 11714 I OpenGLRenderer: Initialized EGL, version 1.4
08-18 15:31:01.922   921 11714 W EGL_emulation: eglSurfaceAttrib not implemented
08-18 15:31:01.922   921 11714 W OpenGLRenderer: Failed to set EGL_SWAP_BEHAVIOR on surface 0xeeb938e0, error=EGL_SUCCESS
08-18 15:31:02.432 11721 11721 D AndroidRuntime: >>>>>> START com.android.internal.os.RuntimeInit uid 0 <<<<<<
08-18 15:31:02.434 11721 11721 D AndroidRuntime: CheckJNI is OFF
08-18 15:31:02.451 11721 11721 D ICU     : No timezone override file found: /data/misc/zoneinfo/current/icu/icu_tzdata.dat
08-18 15:31:02.478 11721 11721 E memtrack: Couldn't load memtrack module (No such file or directory)
08-18 15:31:02.478 11721 11721 E android.os.Debug: failed to load memtrack module: -2
08-18 15:31:02.482 11721 11721 I Radio-JNI: register_android_hardware_Radio DONE
08-18 15:31:02.616 11721 11721 D AndroidRuntime: Calling main entry com.android.commands.input.Input
08-18 15:31:02.622 11721 11721 I Input   : injectKeyEvent: KeyEvent { action=ACTION_DOWN, keyCode=KEYCODE_ESCAPE, scanCode=0, metaState=0, flags=0x0, repeatCount=0, eventTime=800334, downTime=800334, deviceId=-1, source=0x101 }
08-18 15:31:02.638 11721 11721 I Input   : injectKeyEvent: KeyEvent { action=ACTION_UP, keyCode=KEYCODE_ESCAPE, scanCode=0, metaState=0, flags=0x0, repeatCount=0, eventTime=800334, downTime=800334, deviceId=-1, source=0x101 }
08-18 15:31:02.657 11721 11721 D AndroidRuntime: Shutting down VM
08-18 15:31:02.722   921 11714 E Surface : getSlotFromBufferLocked: unknown buffer: 0xe9042930
08-18 15:31:03.628 11735 11735 D AndroidRuntime: >>>>>> START com.android.internal.os.RuntimeInit uid 0 <<<<<<
08-18 15:31:03.629 11735 11735 D AndroidRuntime: CheckJNI is OFF
08-18 15:31:03.637 11735 11735 D ICU     : No timezone override file found: /data/misc/zoneinfo/current/icu/icu_tzdata.dat
08-18 15:31:03.648 11735 11735 E memtrack: Couldn't load memtrack module (No such file or directory)
08-18 15:31:03.648 11735 11735 E android.os.Debug: failed to load memtrack module: -2
08-18 15:31:03.649 11735 11735 I Radio-JNI: register_android_hardware_Radio DONE
08-18 15:31:03.655 11735 11735 D AndroidRuntime: Calling main entry com.android.commands.input.Input
08-18 15:31:03.662 11735 11735 I Input   : injectKeyEvent: KeyEvent { action=ACTION_DOWN, keyCode=KEYCODE_MOVE_END, scanCode=0, metaState=0, flags=0x0, repeatCount=0, eventTime=801368, downTime=801368, deviceId=-1, source=0x101 }
08-18 15:31:03.665 11735 11735 I Input   : injectKeyEvent: KeyEvent { action=ACTION_UP, keyCode=KEYCODE_MOVE_END, scanCode=0, metaState=0, flags=0x0, repeatCount=0, eventTime=801368, downTime=801368, deviceId=-1, source=0x101 }
08-18 15:31:03.667 11735 11735 D AndroidRuntime: Shutting down VM
08-18 15:31:04.044 11744 11744 D AndroidRuntime: >>>>>> START com.android.internal.os.RuntimeInit uid 0 <<<<<<
08-18 15:31:04.047 11744 11744 D AndroidRuntime: CheckJNI is OFF
08-18 15:31:04.056 11744 11744 D ICU     : No timezone override file found: /data/misc/zoneinfo/current/icu/icu_tzdata.dat
08-18 15:31:04.068 11744 11744 E memtrack: Couldn't load memtrack module (No such file or directory)
08-18 15:31:04.068 11744 11744 E android.os.Debug: failed to load memtrack module: -2
08-18 15:31:04.069 11744 11744 I Radio-JNI: register_android_hardware_Radio DONE
08-18 15:31:04.079 11744 11744 D AndroidRuntime: Calling main entry com.android.commands.input.Input
08-18 15:31:04.079 11744 11744 I Input   : injectKeyEvent: KeyEvent { action=ACTION_DOWN, keyCode=KEYCODE_DEL, scanCode=0, metaState=0, flags=0x0, repeatCount=0, eventTime=801791, downTime=801791, deviceId=-1, source=0x101 }
08-18 15:31:04.096 11744 11744 I Input   : injectKeyEvent: KeyEvent { action=ACTION_UP, keyCode=KEYCODE_DEL, scanCode=0, metaState=0, flags=0x0, repeatCount=0, eventTime=801791, downTime=801791, deviceId=-1, source=0x101 }
08-18 15:31:04.097 11744 11744 I Input   : injectKeyEvent: KeyEvent { action=ACTION_DOWN, keyCode=KEYCODE_DEL, scanCode=0, metaState=0, flags=0x0, repeatCount=0, eventTime=801809, downTime=801809, deviceId=-1, source=0x101 }
08-18 15:31:04.099 11744 11744 I Input   : injectKeyEvent: KeyEvent { action=ACTION_UP, keyCode=KEYCODE_DEL, scanCode=0, metaState=0, flags=0x0, repeatCount=0, eventTime=801809, downTime=801809, deviceId=-1, source=0x101 }
08-18 15:31:04.101 11744 11744 I Input   : injectKeyEvent: KeyEvent { action=ACTION_DOWN, keyCode=KEYCODE_DEL, scanCode=0, metaState=0, flags=0x0, repeatCount=0, eventTime=801813, downTime=801813, deviceId=-1, source=0x101 }
08-18 15:31:04.103 11744 11744 I Input   : injectKeyEvent: KeyEvent { action=ACTION_UP, keyCode=KEYCODE_DEL, scanCode=0, metaState=0, flags=0x0, repeatCount=0, eventTime=801813, downTime=801813, deviceId=-1, source=0x101 }
08-18 15:31:04.104 11744 11744 I Input   : injectKeyEvent: KeyEvent { action=ACTION_DOWN, keyCode=KEYCODE_DEL, scanCode=0, metaState=0, flags=0x0, repeatCount=0, eventTime=801817, downTime=801817, deviceId=-1, source=0x101 }
08-18 15:31:04.105 11744 11744 I Input   : injectKeyEvent: KeyEvent { action=ACTION_UP, keyCode=KEYCODE_DEL, scanCode=0, metaState=0, flags=0x0, repeatCount=0, eventTime=801817, downTime=801817, deviceId=-1, source=0x101 }
08-18 15:31:04.112 11744 11744 I Input   : injectKeyEvent: KeyEvent { action=ACTION_DOWN, keyCode=KEYCODE_DEL, scanCode=0, metaState=0, flags=0x0, repeatCount=0, eventTime=801824, downTime=801824, deviceId=-1, source=0x101 }
08-18 15:31:04.113 11744 11744 I Input   : injectKeyEvent: KeyEvent { action=ACTION_UP, keyCode=KEYCODE_DEL, scanCode=0, metaState=0, flags=0x0, repeatCount=0, eventTime=801824, downTime=801824, deviceId=-1, source=0x101 }
08-18 15:31:04.116 11744 11744 I Input   : injectKeyEvent: KeyEvent { action=ACTION_DOWN, keyCode=KEYCODE_DEL, scanCode=0, metaState=0, flags=0x0, repeatCount=0, eventTime=801829, downTime=801829, deviceId=-1, source=0x101 }
08-18 15:31:04.117 11744 11744 I Input   : injectKeyEvent: KeyEvent { action=ACTION_UP, keyCode=KEYCODE_DEL, scanCode=0, metaState=0, flags=0x0, repeatCount=0, eventTime=801829, downTime=801829, deviceId=-1, source=0x101 }
08-18 15:31:04.118 11744 11744 I Input   : injectKeyEvent: KeyEvent { action=ACTION_DOWN, keyCode=KEYCODE_DEL, scanCode=0, metaState=0, flags=0x0, repeatCount=0, eventTime=801830, downTime=801830, deviceId=-1, source=0x101 }
08-18 15:31:04.119 11744 11744 I Input   : injectKeyEvent: KeyEvent { action=ACTION_UP, keyCode=KEYCODE_DEL, scanCode=0, metaState=0, flags=0x0, repeatCount=0, eventTime=801830, downTime=801830, deviceId=-1, source=0x101 }
08-18 15:31:04.120 11744 11744 I Input   : injectKeyEvent: KeyEvent { action=ACTION_DOWN, keyCode=KEYCODE_DEL, scanCode=0, metaState=0, flags=0x0, repeatCount=0, eventTime=801833, downTime=801833, deviceId=-1, source=0x101 }
08-18 15:31:04.130 11744 11744 I Input   : injectKeyEvent: KeyEvent { action=ACTION_UP, keyCode=KEYCODE_DEL, scanCode=0, metaState=0, flags=0x0, repeatCount=0, eventTime=801833, downTime=801833, deviceId=-1, source=0x101 }
08-18 15:31:04.133 11744 11744 I Input   : injectKeyEvent: KeyEvent { action=ACTION_DOWN, keyCode=KEYCODE_DEL, scanCode=0, metaState=0, flags=0x0, repeatCount=0, eventTime=801846, downTime=801846, deviceId=-1, source=0x101 }
08-18 15:31:04.134 11744 11744 I Input   : injectKeyEvent: KeyEvent { action=ACTION_UP, keyCode=KEYCODE_DEL, scanCode=0, metaState=0, flags=0x0, repeatCount=0, eventTime=801846, downTime=801846, deviceId=-1, source=0x101 }
08-18 15:31:04.147 11744 11744 I Input   : injectKeyEvent: KeyEvent { action=ACTION_DOWN, keyCode=KEYCODE_DEL, scanCode=0, metaState=0, flags=0x0, repeatCount=0, eventTime=801860, downTime=801860, deviceId=-1, source=0x101 }
08-18 15:31:04.152 11744 11744 I Input   : injectKeyEvent: KeyEvent { action=ACTION_UP, keyCode=KEYCODE_DEL, scanCode=0, metaState=0, flags=0x0, repeatCount=0, eventTime=801860, downTime=801860, deviceId=-1, source=0x101 }
08-18 15:31:04.155 11744 11744 I Input   : injectKeyEvent: KeyEvent { action=ACTION_DOWN, keyCode=KEYCODE_DEL, scanCode=0, metaState=0, flags=0x0, repeatCount=0, eventTime=801868, downTime=801868, deviceId=-1, source=0x101 }
08-18 15:31:04.157 11744 11744 I Input   : injectKeyEvent: KeyEvent { action=ACTION_UP, keyCode=KEYCODE_DEL, scanCode=0, metaState=0, flags=0x0, repeatCount=0, eventTime=801868, downTime=801868, deviceId=-1, source=0x101 }
08-18 15:31:04.158 11744 11744 I Input   : injectKeyEvent: KeyEvent { action=ACTION_DOWN, keyCode=KEYCODE_DEL, scanCode=0, metaState=0, flags=0x0, repeatCount=0, eventTime=801871, downTime=801871, deviceId=-1, source=0x101 }
08-18 15:31:04.163 11744 11744 I Input   : injectKeyEvent: KeyEvent { action=ACTION_UP, keyCode=KEYCODE_DEL, scanCode=0, metaState=0, flags=0x0, repeatCount=0, eventTime=801871, downTime=801871, deviceId=-1, source=0x101 }
08-18 15:31:04.163 11744 11744 I Input   : injectKeyEvent: KeyEvent { action=ACTION_DOWN, keyCode=KEYCODE_DEL, scanCode=0, metaState=0, flags=0x0, repeatCount=0, eventTime=801876, downTime=801876, deviceId=-1, source=0x101 }
08-18 15:31:04.165 11744 11744 I Input   : injectKeyEvent: KeyEvent { action=ACTION_UP, keyCode=KEYCODE_DEL, scanCode=0, metaState=0, flags=0x0, repeatCount=0, eventTime=801876, downTime=801876, deviceId=-1, source=0x101 }
08-18 15:31:04.172 11744 11744 I Input   : injectKeyEvent: KeyEvent { action=ACTION_DOWN, keyCode=KEYCODE_DEL, scanCode=0, metaState=0, flags=0x0, repeatCount=0, eventTime=801884, downTime=801884, deviceId=-1, source=0x101 }
08-18 15:31:04.173 11744 11744 I Input   : injectKeyEvent: KeyEvent { action=ACTION_UP, keyCode=KEYCODE_DEL, scanCode=0, metaState=0, flags=0x0, repeatCount=0, eventTime=801884, downTime=801884, deviceId=-1, source=0x101 }
08-18 15:31:04.174 11744 11744 I Input   : injectKeyEvent: KeyEvent { action=ACTION_DOWN, keyCode=KEYCODE_DEL, scanCode=0, metaState=0, flags=0x0, repeatCount=0, eventTime=801887, downTime=801887, deviceId=-1, source=0x101 }
08-18 15:31:04.186 11744 11744 I Input   : injectKeyEvent: KeyEvent { action=ACTION_UP, keyCode=KEYCODE_DEL, scanCode=0, metaState=0, flags=0x0, repeatCount=0, eventTime=801887, downTime=801887, deviceId=-1, source=0x101 }
08-18 15:31:04.197 11744 11744 I Input   : injectKeyEvent: KeyEvent { action=ACTION_DOWN, keyCode=KEYCODE_DEL, scanCode=0, metaState=0, flags=0x0, repeatCount=0, eventTime=801909, downTime=801909, deviceId=-1, source=0x101 }
08-18 15:31:04.198 11744 11744 I Input   : injectKeyEvent: KeyEvent { action=ACTION_UP, keyCode=KEYCODE_DEL, scanCode=0, metaState=0, flags=0x0, repeatCount=0, eventTime=801909, downTime=801909, deviceId=-1, source=0x101 }
08-18 15:31:04.209 11744 11744 I Input   : injectKeyEvent: KeyEvent { action=ACTION_DOWN, keyCode=KEYCODE_DEL, scanCode=0, metaState=0, flags=0x0, repeatCount=0, eventTime=801922, downTime=801922, deviceId=-1, source=0x101 }
08-18 15:31:04.210 11744 11744 I Input   : injectKeyEvent: KeyEvent { action=ACTION_UP, keyCode=KEYCODE_DEL, scanCode=0, metaState=0, flags=0x0, repeatCount=0, eventTime=801922, downTime=801922, deviceId=-1, source=0x101 }
08-18 15:31:04.212 11744 11744 I Input   : injectKeyEvent: KeyEvent { action=ACTION_DOWN, keyCode=KEYCODE_DEL, scanCode=0, metaState=0, flags=0x0, repeatCount=0, eventTime=801924, downTime=801924, deviceId=-1, source=0x101 }
08-18 15:31:04.214 11744 11744 I Input   : injectKeyEvent: KeyEvent { action=ACTION_UP, keyCode=KEYCODE_DEL, scanCode=0, metaState=0, flags=0x0, repeatCount=0, eventTime=801924, downTime=801924, deviceId=-1, source=0x101 }
08-18 15:31:04.217 11744 11744 I Input   : injectKeyEvent: KeyEvent { action=ACTION_DOWN, keyCode=KEYCODE_DEL, scanCode=0, metaState=0, flags=0x0, repeatCount=0, eventTime=801930, downTime=801930, deviceId=-1, source=0x101 }
08-18 15:31:04.218 11744 11744 I Input   : injectKeyEvent: KeyEvent { action=ACTION_UP, keyCode=KEYCODE_DEL, scanCode=0, metaState=0, flags=0x0, repeatCount=0, eventTime=801930, downTime=801930, deviceId=-1, source=0x101 }
08-18 15:31:04.231 11744 11744 I Input   : injectKeyEvent: KeyEvent { action=ACTION_DOWN, keyCode=KEYCODE_DEL, scanCode=0, metaState=0, flags=0x0, repeatCount=0, eventTime=801943, downTime=801943, deviceId=-1, source=0x101 }
08-18 15:31:04.236 11744 11744 I Input   : injectKeyEvent: KeyEvent { action=ACTION_UP, keyCode=KEYCODE_DEL, scanCode=0, metaState=0, flags=0x0, repeatCount=0, eventTime=801943, downTime=801943, deviceId=-1, source=0x101 }
08-18 15:31:04.237 11744 11744 I Input   : injectKeyEvent: KeyEvent { action=ACTION_DOWN, keyCode=KEYCODE_DEL, scanCode=0, metaState=0, flags=0x0, repeatCount=0, eventTime=801950, downTime=801950, deviceId=-1, source=0x101 }
08-18 15:31:04.250 11744 11744 I Input   : injectKeyEvent: KeyEvent { action=ACTION_UP, keyCode=KEYCODE_DEL, scanCode=0, metaState=0, flags=0x0, repeatCount=0, eventTime=801950, downTime=801950, deviceId=-1, source=0x101 }
08-18 15:31:04.271 11744 11744 I Input   : injectKeyEvent: KeyEvent { action=ACTION_DOWN, keyCode=KEYCODE_DEL, scanCode=0, metaState=0, flags=0x0, repeatCount=0, eventTime=801984, downTime=801984, deviceId=-1, source=0x101 }
08-18 15:31:04.287 11744 11744 I Input   : injectKeyEvent: KeyEvent { action=ACTION_UP, keyCode=KEYCODE_DEL, scanCode=0, metaState=0, flags=0x0, repeatCount=0, eventTime=801984, downTime=801984, deviceId=-1, source=0x101 }
08-18 15:31:04.304 11744 11744 I Input   : injectKeyEvent: KeyEvent { action=ACTION_DOWN, keyCode=KEYCODE_DEL, scanCode=0, metaState=0, flags=0x0, repeatCount=0, eventTime=802016, downTime=802016, deviceId=-1, source=0x101 }
08-18 15:31:04.305 11744 11744 I Input   : injectKeyEvent: KeyEvent { action=ACTION_UP, keyCode=KEYCODE_DEL, scanCode=0, metaState=0, flags=0x0, repeatCount=0, eventTime=802016, downTime=802016, deviceId=-1, source=0x101 }
08-18 15:31:04.310 11744 11744 I Input   : injectKeyEvent: KeyEvent { action=ACTION_DOWN, keyCode=KEYCODE_DEL, scanCode=0, metaState=0, flags=0x0, repeatCount=0, eventTime=802023, downTime=802023, deviceId=-1, source=0x101 }
08-18 15:31:04.314 11744 11744 I Input   : injectKeyEvent: KeyEvent { action=ACTION_UP, keyCode=KEYCODE_DEL, scanCode=0, metaState=0, flags=0x0, repeatCount=0, eventTime=802023, downTime=802023, deviceId=-1, source=0x101 }
08-18 15:31:04.328 11744 11744 I Input   : injectKeyEvent: KeyEvent { action=ACTION_DOWN, keyCode=KEYCODE_DEL, scanCode=0, metaState=0, flags=0x0, repeatCount=0, eventTime=802040, downTime=802040, deviceId=-1, source=0x101 }
08-18 15:31:04.330 11744 11744 I Input   : injectKeyEvent: KeyEvent { action=ACTION_UP, keyCode=KEYCODE_DEL, scanCode=0, metaState=0, flags=0x0, repeatCount=0, eventTime=802040, downTime=802040, deviceId=-1, source=0x101 }
08-18 15:31:04.339 11744 11744 I Input   : injectKeyEvent: KeyEvent { action=ACTION_DOWN, keyCode=KEYCODE_DEL, scanCode=0, metaState=0, flags=0x0, repeatCount=0, eventTime=802051, downTime=802051, deviceId=-1, source=0x101 }
08-18 15:31:04.342 11744 11744 I Input   : injectKeyEvent: KeyEvent { action=ACTION_UP, keyCode=KEYCODE_DEL, scanCode=0, metaState=0, flags=0x0, repeatCount=0, eventTime=802051, downTime=802051, deviceId=-1, source=0x101 }
08-18 15:31:04.344 11744 11744 I Input   : injectKeyEvent: KeyEvent { action=ACTION_DOWN, keyCode=KEYCODE_DEL, scanCode=0, metaState=0, flags=0x0, repeatCount=0, eventTime=802057, downTime=802057, deviceId=-1, source=0x101 }
08-18 15:31:04.350 11744 11744 I Input   : injectKeyEvent: KeyEvent { action=ACTION_UP, keyCode=KEYCODE_DEL, scanCode=0, metaState=0, flags=0x0, repeatCount=0, eventTime=802057, downTime=802057, deviceId=-1, source=0x101 }
08-18 15:31:04.355 11744 11744 I Input   : injectKeyEvent: KeyEvent { action=ACTION_DOWN, keyCode=KEYCODE_DEL, scanCode=0, metaState=0, flags=0x0, repeatCount=0, eventTime=802068, downTime=802068, deviceId=-1, source=0x101 }
08-18 15:31:04.362 11744 11744 I Input   : injectKeyEvent: KeyEvent { action=ACTION_UP, keyCode=KEYCODE_DEL, scanCode=0, metaState=0, flags=0x0, repeatCount=0, eventTime=802068, downTime=802068, deviceId=-1, source=0x101 }
08-18 15:31:04.366 11744 11744 I Input   : injectKeyEvent: KeyEvent { action=ACTION_DOWN, keyCode=KEYCODE_DEL, scanCode=0, metaState=0, flags=0x0, repeatCount=0, eventTime=802079, downTime=802079, deviceId=-1, source=0x101 }
08-18 15:31:04.371 11744 11744 I Input   : injectKeyEvent: KeyEvent { action=ACTION_UP, keyCode=KEYCODE_DEL, scanCode=0, metaState=0, flags=0x0, repeatCount=0, eventTime=802079, downTime=802079, deviceId=-1, source=0x101 }
08-18 15:31:04.387 11744 11744 I Input   : injectKeyEvent: KeyEvent { action=ACTION_DOWN, keyCode=KEYCODE_DEL, scanCode=0, metaState=0, flags=0x0, repeatCount=0, eventTime=802100, downTime=802100, deviceId=-1, source=0x101 }
08-18 15:31:04.397 11744 11744 I Input   : injectKeyEvent: KeyEvent { action=ACTION_UP, keyCode=KEYCODE_DEL, scanCode=0, metaState=0, flags=0x0, repeatCount=0, eventTime=802100, downTime=802100, deviceId=-1, source=0x101 }
08-18 15:31:04.398 11744 11744 I Input   : injectKeyEvent: KeyEvent { action=ACTION_DOWN, keyCode=KEYCODE_DEL, scanCode=0, metaState=0, flags=0x0, repeatCount=0, eventTime=802111, downTime=802111, deviceId=-1, source=0x101 }
08-18 15:31:04.399 11744 11744 I Input   : injectKeyEvent: KeyEvent { action=ACTION_UP, keyCode=KEYCODE_DEL, scanCode=0, metaState=0, flags=0x0, repeatCount=0, eventTime=802111, downTime=802111, deviceId=-1, source=0x101 }
08-18 15:31:04.399 11744 11744 I Input   : injectKeyEvent: KeyEvent { action=ACTION_DOWN, keyCode=KEYCODE_DEL, scanCode=0, metaState=0, flags=0x0, repeatCount=0, eventTime=802112, downTime=802112, deviceId=-1, source=0x101 }
08-18 15:31:04.412 11744 11744 I Input   : injectKeyEvent: KeyEvent { action=ACTION_UP, keyCode=KEYCODE_DEL, scanCode=0, metaState=0, flags=0x0, repeatCount=0, eventTime=802112, downTime=802112, deviceId=-1, source=0x101 }
08-18 15:31:04.413 11744 11744 I Input   : injectKeyEvent: KeyEvent { action=ACTION_DOWN, keyCode=KEYCODE_DEL, scanCode=0, metaState=0, flags=0x0, repeatCount=0, eventTime=802126, downTime=802126, deviceId=-1, source=0x101 }
08-18 15:31:04.417 11744 11744 I Input   : injectKeyEvent: KeyEvent { action=ACTION_UP, keyCode=KEYCODE_DEL, scanCode=0, metaState=0, flags=0x0, repeatCount=0, eventTime=802126, downTime=802126, deviceId=-1, source=0x101 }
08-18 15:31:04.419 11744 11744 I Input   : injectKeyEvent: KeyEvent { action=ACTION_DOWN, keyCode=KEYCODE_DEL, scanCode=0, metaState=0, flags=0x0, repeatCount=0, eventTime=802132, downTime=802132, deviceId=-1, source=0x101 }
08-18 15:31:04.420 11744 11744 I Input   : injectKeyEvent: KeyEvent { action=ACTION_UP, keyCode=KEYCODE_DEL, scanCode=0, metaState=0, flags=0x0, repeatCount=0, eventTime=802132, downTime=802132, deviceId=-1, source=0x101 }
08-18 15:31:04.426 11744 11744 I Input   : injectKeyEvent: KeyEvent { action=ACTION_DOWN, keyCode=KEYCODE_DEL, scanCode=0, metaState=0, flags=0x0, repeatCount=0, eventTime=802139, downTime=802139, deviceId=-1, source=0x101 }
08-18 15:31:04.428 11744 11744 I Input   : injectKeyEvent: KeyEvent { action=ACTION_UP, keyCode=KEYCODE_DEL, scanCode=0, metaState=0, flags=0x0, repeatCount=0, eventTime=802139, downTime=802139, deviceId=-1, source=0x101 }
08-18 15:31:04.432 11744 11744 I Input   : injectKeyEvent: KeyEvent { action=ACTION_DOWN, keyCode=KEYCODE_DEL, scanCode=0, metaState=0, flags=0x0, repeatCount=0, eventTime=802145, downTime=802145, deviceId=-1, source=0x101 }
08-18 15:31:04.436 11744 11744 I Input   : injectKeyEvent: KeyEvent { action=ACTION_UP, keyCode=KEYCODE_DEL, scanCode=0, metaState=0, flags=0x0, repeatCount=0, eventTime=802145, downTime=802145, deviceId=-1, source=0x101 }
08-18 15:31:04.438 11744 11744 I Input   : injectKeyEvent: KeyEvent { action=ACTION_DOWN, keyCode=KEYCODE_DEL, scanCode=0, metaState=0, flags=0x0, repeatCount=0, eventTime=802151, downTime=802151, deviceId=-1, source=0x101 }
08-18 15:31:04.451 11744 11744 I Input   : injectKeyEvent: KeyEvent { action=ACTION_UP, keyCode=KEYCODE_DEL, scanCode=0, metaState=0, flags=0x0, repeatCount=0, eventTime=802151, downTime=802151, deviceId=-1, source=0x101 }
08-18 15:31:04.453 11744 11744 I Input   : injectKeyEvent: KeyEvent { action=ACTION_DOWN, keyCode=KEYCODE_DEL, scanCode=0, metaState=0, flags=0x0, repeatCount=0, eventTime=802166, downTime=802166, deviceId=-1, source=0x101 }
08-18 15:31:04.454 11744 11744 I Input   : injectKeyEvent: KeyEvent { action=ACTION_UP, keyCode=KEYCODE_DEL, scanCode=0, metaState=0, flags=0x0, repeatCount=0, eventTime=802166, downTime=802166, deviceId=-1, source=0x101 }
08-18 15:31:04.459 11744 11744 I Input   : injectKeyEvent: KeyEvent { action=ACTION_DOWN, keyCode=KEYCODE_DEL, scanCode=0, metaState=0, flags=0x0, repeatCount=0, eventTime=802171, downTime=802171, deviceId=-1, source=0x101 }
08-18 15:31:04.475 11744 11744 I Input   : injectKeyEvent: KeyEvent { action=ACTION_UP, keyCode=KEYCODE_DEL, scanCode=0, metaState=0, flags=0x0, repeatCount=0, eventTime=802171, downTime=802171, deviceId=-1, source=0x101 }
08-18 15:31:04.480 11744 11744 I Input   : injectKeyEvent: KeyEvent { action=ACTION_DOWN, keyCode=KEYCODE_DEL, scanCode=0, metaState=0, flags=0x0, repeatCount=0, eventTime=802193, downTime=802193, deviceId=-1, source=0x101 }
08-18 15:31:04.481 11744 11744 I Input   : injectKeyEvent: KeyEvent { action=ACTION_UP, keyCode=KEYCODE_DEL, scanCode=0, metaState=0, flags=0x0, repeatCount=0, eventTime=802193, downTime=802193, deviceId=-1, source=0x101 }
08-18 15:31:04.485 11744 11744 I Input   : injectKeyEvent: KeyEvent { action=ACTION_DOWN, keyCode=KEYCODE_DEL, scanCode=0, metaState=0, flags=0x0, repeatCount=0, eventTime=802198, downTime=802198, deviceId=-1, source=0x101 }
08-18 15:31:04.494 11744 11744 I Input   : injectKeyEvent: KeyEvent { action=ACTION_UP, keyCode=KEYCODE_DEL, scanCode=0, metaState=0, flags=0x0, repeatCount=0, eventTime=802198, downTime=802198, deviceId=-1, source=0x101 }
08-18 15:31:04.499 11744 11744 I Input   : injectKeyEvent: KeyEvent { action=ACTION_DOWN, keyCode=KEYCODE_DEL, scanCode=0, metaState=0, flags=0x0, repeatCount=0, eventTime=802212, downTime=802212, deviceId=-1, source=0x101 }
08-18 15:31:04.500 11744 11744 I Input   : injectKeyEvent: KeyEvent { action=ACTION_UP, keyCode=KEYCODE_DEL, scanCode=0, metaState=0, flags=0x0, repeatCount=0, eventTime=802212, downTime=802212, deviceId=-1, source=0x101 }
08-18 15:31:04.507 11744 11744 I Input   : injectKeyEvent: KeyEvent { action=ACTION_DOWN, keyCode=KEYCODE_DEL, scanCode=0, metaState=0, flags=0x0, repeatCount=0, eventTime=802220, downTime=802220, deviceId=-1, source=0x101 }
08-18 15:31:04.508 11744 11744 I Input   : injectKeyEvent: KeyEvent { action=ACTION_UP, keyCode=KEYCODE_DEL, scanCode=0, metaState=0, flags=0x0, repeatCount=0, eventTime=802220, downTime=802220, deviceId=-1, source=0x101 }
08-18 15:31:04.510 11744 11744 I Input   : injectKeyEvent: KeyEvent { action=ACTION_DOWN, keyCode=KEYCODE_DEL, scanCode=0, metaState=0, flags=0x0, repeatCount=0, eventTime=802223, downTime=802223, deviceId=-1, source=0x101 }
08-18 15:31:04.512 11744 11744 I Input   : injectKeyEvent: KeyEvent { action=ACTION_UP, keyCode=KEYCODE_DEL, scanCode=0, metaState=0, flags=0x0, repeatCount=0, eventTime=802223, downTime=802223, deviceId=-1, source=0x101 }
08-18 15:31:04.513 11744 11744 I Input   : injectKeyEvent: KeyEvent { action=ACTION_DOWN, keyCode=KEYCODE_DEL, scanCode=0, metaState=0, flags=0x0, repeatCount=0, eventTime=802226, downTime=802226, deviceId=-1, source=0x101 }
08-18 15:31:04.519 11744 11744 I Input   : injectKeyEvent: KeyEvent { action=ACTION_UP, keyCode=KEYCODE_DEL, scanCode=0, metaState=0, flags=0x0, repeatCount=0, eventTime=802226, downTime=802226, deviceId=-1, source=0x101 }
08-18 15:31:04.520 11744 11744 I Input   : injectKeyEvent: KeyEvent { action=ACTION_DOWN, keyCode=KEYCODE_DEL, scanCode=0, metaState=0, flags=0x0, repeatCount=0, eventTime=802233, downTime=802233, deviceId=-1, source=0x101 }
08-18 15:31:04.522 11744 11744 I Input   : injectKeyEvent: KeyEvent { action=ACTION_UP, keyCode=KEYCODE_DEL, scanCode=0, metaState=0, flags=0x0, repeatCount=0, eventTime=802233, downTime=802233, deviceId=-1, source=0x101 }
08-18 15:31:04.523 11744 11744 I Input   : injectKeyEvent: KeyEvent { action=ACTION_DOWN, keyCode=KEYCODE_DEL, scanCode=0, metaState=0, flags=0x0, repeatCount=0, eventTime=802235, downTime=802235, deviceId=-1, source=0x101 }
08-18 15:31:04.528 11744 11744 I Input   : injectKeyEvent: KeyEvent { action=ACTION_UP, keyCode=KEYCODE_DEL, scanCode=0, metaState=0, flags=0x0, repeatCount=0, eventTime=802235, downTime=802235, deviceId=-1, source=0x101 }
08-18 15:31:04.529 11744 11744 I Input   : injectKeyEvent: KeyEvent { action=ACTION_DOWN, keyCode=KEYCODE_DEL, scanCode=0, metaState=0, flags=0x0, repeatCount=0, eventTime=802242, downTime=802242, deviceId=-1, source=0x101 }
08-18 15:31:04.530 11744 11744 I Input   : injectKeyEvent: KeyEvent { action=ACTION_UP, keyCode=KEYCODE_DEL, scanCode=0, metaState=0, flags=0x0, repeatCount=0, eventTime=802242, downTime=802242, deviceId=-1, source=0x101 }
08-18 15:31:04.531 11744 11744 I Input   : injectKeyEvent: KeyEvent { action=ACTION_DOWN, keyCode=KEYCODE_DEL, scanCode=0, metaState=0, flags=0x0, repeatCount=0, eventTime=802243, downTime=802243, deviceId=-1, source=0x101 }
08-18 15:31:04.531 11744 11744 I Input   : injectKeyEvent: KeyEvent { action=ACTION_UP, keyCode=KEYCODE_DEL, scanCode=0, metaState=0, flags=0x0, repeatCount=0, eventTime=802243, downTime=802243, deviceId=-1, source=0x101 }
08-18 15:31:04.537 11744 11744 I Input   : injectKeyEvent: KeyEvent { action=ACTION_DOWN, keyCode=KEYCODE_DEL, scanCode=0, metaState=0, flags=0x0, repeatCount=0, eventTime=802250, downTime=802250, deviceId=-1, source=0x101 }
08-18 15:31:04.538 11744 11744 I Input   : injectKeyEvent: KeyEvent { action=ACTION_UP, keyCode=KEYCODE_DEL, scanCode=0, metaState=0, flags=0x0, repeatCount=0, eventTime=802250, downTime=802250, deviceId=-1, source=0x101 }
08-18 15:31:04.542 11744 11744 D AndroidRuntime: Shutting down VM
08-18 15:31:04.892 11753 11753 D AndroidRuntime: >>>>>> START com.android.internal.os.RuntimeInit uid 0 <<<<<<
08-18 15:31:04.894 11753 11753 D AndroidRuntime: CheckJNI is OFF
08-18 15:31:04.906 11753 11753 D ICU     : No timezone override file found: /data/misc/zoneinfo/current/icu/icu_tzdata.dat
08-18 15:31:04.917 11753 11753 E memtrack: Couldn't load memtrack module (No such file or directory)
08-18 15:31:04.917 11753 11753 E android.os.Debug: failed to load memtrack module: -2
08-18 15:31:04.918 11753 11753 I Radio-JNI: register_android_hardware_Radio DONE
08-18 15:31:04.925 11753 11753 D AndroidRuntime: Calling main entry com.android.commands.input.Input
08-18 15:31:04.932 11753 11753 I Input   : injectKeyEvent: KeyEvent { action=ACTION_DOWN, keyCode=KEYCODE_SHIFT_LEFT, scanCode=0, metaState=META_SHIFT_ON|META_SHIFT_LEFT_ON, flags=0x0, repeatCount=0, eventTime=802645, downTime=802645, deviceId=-1, source=0x101 }
08-18 15:31:04.934 11753 11753 I Input   : injectKeyEvent: KeyEvent { action=ACTION_DOWN, keyCode=KEYCODE_T, scanCode=0, metaState=META_SHIFT_ON|META_SHIFT_LEFT_ON, flags=0x0, repeatCount=0, eventTime=802645, downTime=802645, deviceId=-1, source=0x101 }
08-18 15:31:04.935 11753 11753 I Input   : injectKeyEvent: KeyEvent { action=ACTION_UP, keyCode=KEYCODE_T, scanCode=0, metaState=META_SHIFT_ON|META_SHIFT_LEFT_ON, flags=0x0, repeatCount=0, eventTime=802645, downTime=802645, deviceId=-1, source=0x101 }
08-18 15:31:04.935 11753 11753 I Input   : injectKeyEvent: KeyEvent { action=ACTION_UP, keyCode=KEYCODE_SHIFT_LEFT, scanCode=0, metaState=0, flags=0x0, repeatCount=0, eventTime=802645, downTime=802645, deviceId=-1, source=0x101 }
08-18 15:31:04.944 11753 11753 I Input   : injectKeyEvent: KeyEvent { action=ACTION_DOWN, keyCode=KEYCODE_E, scanCode=0, metaState=0, flags=0x0, repeatCount=0, eventTime=802645, downTime=802645, deviceId=-1, source=0x101 }
08-18 15:31:04.951 11753 11753 I Input   : injectKeyEvent: KeyEvent { action=ACTION_UP, keyCode=KEYCODE_E, scanCode=0, metaState=0, flags=0x0, repeatCount=0, eventTime=802645, downTime=802645, deviceId=-1, source=0x101 }
08-18 15:31:04.952 11753 11753 I Input   : injectKeyEvent: KeyEvent { action=ACTION_DOWN, keyCode=KEYCODE_S, scanCode=0, metaState=0, flags=0x0, repeatCount=0, eventTime=802645, downTime=802645, deviceId=-1, source=0x101 }
08-18 15:31:04.953 11753 11753 I Input   : injectKeyEvent: KeyEvent { action=ACTION_UP, keyCode=KEYCODE_S, scanCode=0, metaState=0, flags=0x0, repeatCount=0, eventTime=802645, downTime=802645, deviceId=-1, source=0x101 }
08-18 15:31:04.954 11753 11753 I Input   : injectKeyEvent: KeyEvent { action=ACTION_DOWN, keyCode=KEYCODE_T, scanCode=0, metaState=0, flags=0x0, repeatCount=0, eventTime=802645, downTime=802645, deviceId=-1, source=0x101 }
08-18 15:31:04.970 11753 11753 I Input   : injectKeyEvent: KeyEvent { action=ACTION_UP, keyCode=KEYCODE_T, scanCode=0, metaState=0, flags=0x0, repeatCount=0, eventTime=802645, downTime=802645, deviceId=-1, source=0x101 }
08-18 15:31:04.978 11753 11753 I Input   : injectKeyEvent: KeyEvent { action=ACTION_DOWN, keyCode=KEYCODE_SHIFT_LEFT, scanCode=0, metaState=META_SHIFT_ON|META_SHIFT_LEFT_ON, flags=0x0, repeatCount=0, eventTime=802645, downTime=802645, deviceId=-1, source=0x101 }
08-18 15:31:05.007 11753 11753 I Input   : injectKeyEvent: KeyEvent { action=ACTION_DOWN, keyCode=KEYCODE_T, scanCode=0, metaState=META_SHIFT_ON|META_SHIFT_LEFT_ON, flags=0x0, repeatCount=0, eventTime=802645, downTime=802645, deviceId=-1, source=0x101 }
08-18 15:31:05.011 11753 11753 I Input   : injectKeyEvent: KeyEvent { action=ACTION_UP, keyCode=KEYCODE_T, scanCode=0, metaState=META_SHIFT_ON|META_SHIFT_LEFT_ON, flags=0x0, repeatCount=0, eventTime=802645, downTime=802645, deviceId=-1, source=0x101 }
08-18 15:31:05.013 11753 11753 I Input   : injectKeyEvent: KeyEvent { action=ACTION_UP, keyCode=KEYCODE_SHIFT_LEFT, scanCode=0, metaState=0, flags=0x0, repeatCount=0, eventTime=802645, downTime=802645, deviceId=-1, source=0x101 }
