08-18 15:29:24.389  8541  8541 I Input   : injectMotionEvent: MotionEvent { action=ACTION_MOVE, actionButton=0, id[0]=0, x[0]=600.0, y[0]=1776.0, toolType[0]=TOOL_TYPE_UNKNOWN, buttonState=0, metaState=0, flags=0x0, edgeFlags=0x0, pointerCount=1, historySize=0, eventTime=625351, downTime=625351, deviceId=0, source=0x1002 }
08-18 15:29:24.405  8541  8541 I Input   : injectMotionEvent: MotionEvent { action=ACTION_MOVE, actionButton=0, id[0]=0, x[0]=600.0, y[0]=1776.0, toolType[0]=TOOL_TYPE_UNKNOWN, buttonState=0, metaState=0, flags=0x0, edgeFlags=0x0, pointerCount=1, historySize=0, eventTime=625367, downTime=625367, deviceId=0, source=0x1002 }
08-18 15:29:24.422  8541  8541 I Input   : injectMotionEvent: MotionEvent { action=ACTION_MOVE, actionButton=0, id[0]=0, x[0]=600.0, y[0]=1776.0, toolType[0]=TOOL_TYPE_UNKNOWN, buttonState=0, metaState=0, flags=0x0, edgeFlags=0x0, pointerCount=1, historySize=0, eventTime=625384, downTime=625384, deviceId=0, source=0x1002 }
08-18 15:29:24.439  8541  8541 I Input   : injectMotionEvent: MotionEvent { action=ACTION_MOVE, actionButton=0, id[0]=0, x[0]=600.0, y[0]=1776.0, toolType[0]=TOOL_TYPE_UNKNOWN, buttonState=0, metaState=0, flags=0x0, edgeFlags=0x0, pointerCount=1, historySize=0, eventTime=625401, downTime=625401, deviceId=0, source=0x1002 }
08-18 15:29:24.455  8541  8541 I Input   : injectMotionEvent: MotionEvent { action=ACTION_MOVE, actionButton=0, id[0]=0, x[0]=600.0, y[0]=1776.0, toolType[0]=TOOL_TYPE_UNKNOWN, buttonState=0, metaState=0, flags=0x0, edgeFlags=0x0, pointerCount=1, historySize=0, eventTime=625417, downTime=625417, deviceId=0, source=0x1002 }
08-18 15:29:24.473  8541  8541 I Input   : injectMotionEvent: MotionEvent { action=ACTION_MOVE, actionButton=0, id[0]=0, x[0]=600.0, y[0]=1776.0, toolType[0]=TOOL_TYPE_UNKNOWN, buttonState=0, metaState=0, flags=0x0, edgeFlags=0x0, pointerCount=1, historySize=0, eventTime=625435, downTime=625435, deviceId=0, source=0x1002 }
08-18 15:29:24.488  8541  8541 I Input   : injectMotionEvent: MotionEvent { action=ACTION_MOVE, actionButton=0, id[0]=0, x[0]=600.0, y[0]=1776.0, toolType[0]=TOOL_TYPE_UNKNOWN, buttonState=0, metaState=0, flags=0x0, edgeFlags=0x0, pointerCount=1, historySize=0, eventTime=625450, downTime=625450, deviceId=0, source=0x1002 }
08-18 15:29:24.506  8541  8541 I Input   : injectMotionEvent: MotionEvent { action=ACTION_MOVE, actionButton=0, id[0]=0, x[0]=600.0, y[0]=1776.0, toolType[0]=TOOL_TYPE_UNKNOWN, buttonState=0, metaState=0, flags=0x0, edgeFlags=0x0, pointerCount=1, historySize=0, eventTime=625468, downTime=625468, deviceId=0, source=0x1002 }
08-18 15:29:24.522  8541  8541 I Input   : injectMotionEvent: MotionEvent { action=ACTION_MOVE, actionButton=0, id[0]=0, x[0]=600.0, y[0]=1776.0, toolType[0]=TOOL_TYPE_UNKNOWN, buttonState=0, metaState=0, flags=0x0, edgeFlags=0x0, pointerCount=1, historySize=0, eventTime=625484, downTime=625484, deviceId=0, source=0x1002 }
08-18 15:29:24.539  8541  8541 I Input   : injectMotionEvent: MotionEvent { action=ACTION_MOVE, actionButton=0, id[0]=0, x[0]=600.0, y[0]=1776.0, toolType[0]=TOOL_TYPE_UNKNOWN, buttonState=0, metaState=0, flags=0x0, edgeFlags=0x0, pointerCount=1, historySize=0, eventTime=625501, downTime=625501, deviceId=0, source=0x1002 }
08-18 15:29:24.556  8541  8541 I Input   : injectMotionEvent: MotionEvent { action=ACTION_MOVE, actionButton=0, id[0]=0, x[0]=600.0, y[0]=1776.0, toolType[0]=TOOL_TYPE_UNKNOWN, buttonState=0, metaState=0, flags=0x0, edgeFlags=0x0, pointerCount=1, historySize=0, eventTime=625518, downTime=625518, deviceId=0, source=0x1002 }
08-18 15:29:24.571  8541  8541 I Input   : injectMotionEvent: MotionEvent { action=ACTION_MOVE, actionButton=0, id[0]=0, x[0]=600.0, y[0]=1776.0, toolType[0]=TOOL_TYPE_UNKNOWN, buttonState=0, metaState=0, flags=0x0, edgeFlags=0x0, pointerCount=1, historySize=0, eventTime=625533, downTime=625533, deviceId=0, source=0x1002 }
08-18 15:29:24.590  8541  8541 I Input   : injectMotionEvent: MotionEvent { action=ACTION_MOVE, actionButton=0, id[0]=0, x[0]=600.0, y[0]=1776.0, toolType[0]=TOOL_TYPE_UNKNOWN, buttonState=0, metaState=0, flags=0x0, edgeFlags=0x0, pointerCount=1, historySize=0, eventTime=625552, downTime=625552, deviceId=0, source=0x1002 }
08-18 15:29:24.606  8541  8541 I Input   : injectMotionEvent: MotionEvent { action=ACTION_MOVE, actionButton=0, id[0]=0, x[0]=600.0, y[0]=1776.0, toolType[0]=TOOL_TYPE_UNKNOWN, buttonState=0, metaState=0, flags=0x0, edgeFlags=0x0, pointerCount=1, historySize=0, eventTime=625568, downTime=625568, deviceId=0, source=0x1002 }
08-18 15:29:24.622  8541  8541 I Input   : injectMotionEvent: MotionEvent { action=ACTION_MOVE, actionButton=0, id[0]=0, x[0]=600.0, y[0]=1776.0, toolType[0]=TOOL_TYPE_UNKNOWN, buttonState=0, metaState=0, flags=0x0, edgeFlags=0x0, pointerCount=1, historySize=0, eventTime=625584, downTime=625584, deviceId=0, source=0x1002 }
08-18 15:29:24.639  8541  8541 I Input   : injectMotionEvent: MotionEvent { action=ACTION_MOVE, actionButton=0, id[0]=0, x[0]=600.0, y[0]=1776.0, toolType[0]=TOOL_TYPE_UNKNOWN, buttonState=0, metaState=0, flags=0x0, edgeFlags=0x0, pointerCount=1, historySize=0, eventTime=625601, downTime=625601, deviceId=0, source=0x1002 }
08-18 15:29:24.656  8541  8541 I Input   : injectMotionEvent: MotionEvent { action=ACTION_MOVE, actionButton=0, id[0]=0, x[0]=600.0, y[0]=1776.0, toolType[0]=TOOL_TYPE_UNKNOWN, buttonState=0, metaState=0, flags=0x0, edgeFlags=0x0, pointerCount=1, historySize=0, eventTime=625618, downTime=625618, deviceId=0, source=0x1002 }
08-18 15:29:24.673  8541  8541 I Input   : injectMotionEvent: MotionEvent { action=ACTION_MOVE, actionButton=0, id[0]=0, x[0]=600.0, y[0]=1776.0, toolType[0]=TOOL_TYPE_UNKNOWN, buttonState=0, metaState=0, flags=0x0, edgeFlags=0x0, pointerCount=1, historySize=0, eventTime=625635, downTime=625635, deviceId=0, source=0x1002 }
08-18 15:29:24.689  8541  8541 I Input   : injectMotionEvent: MotionEvent { action=ACTION_MOVE, actionButton=0, id[0]=0, x[0]=600.0, y[0]=1776.0, toolType[0]=TOOL_TYPE_UNKNOWN, buttonState=0, metaState=0, flags=0x0, edgeFlags=0x0, pointerCount=1, historySize=0, eventTime=625651, downTime=625651, deviceId=0, source=0x1002 }
08-18 15:29:24.706  8541  8541 I Input   : injectMotionEvent: MotionEvent { action=ACTION_MOVE, actionButton=0, id[0]=0, x[0]=600.0, y[0]=1776.0, toolType[0]=TOOL_TYPE_UNKNOWN, buttonState=0, metaState=0, flags=0x0, edgeFlags=0x0, pointerCount=1, historySize=0, eventTime=625668, downTime=625668, deviceId=0, source=0x1002 }
08-18 15:29:24.721  8541  8541 I Input   : injectMotionEvent: MotionEvent { action=ACTION_MOVE, actionButton=0, id[0]=0, x[0]=600.0, y[0]=1776.0, toolType[0]=TOOL_TYPE_UNKNOWN, buttonState=0, metaState=0, flags=0x0, edgeFlags=0x0, pointerCount=1, historySize=0, eventTime=625683, downTime=625683, deviceId=0, source=0x1002 }
08-18 15:29:24.738  8541  8541 I Input   : injectMotionEvent: MotionEvent { action=ACTION_MOVE, actionButton=0, id[0]=0, x[0]=600.0, y[0]=1776.0, toolType[0]=TOOL_TYPE_UNKNOWN, buttonState=0, metaState=0, flags=0x0, edgeFlags=0x0, pointerCount=1, historySize=0, eventTime=625700, downTime=625700, deviceId=0, source=0x1002 }
08-18 15:29:24.755  8541  8541 I Input   : injectMotionEvent: MotionEvent { action=ACTION_MOVE, actionButton=0, id[0]=0, x[0]=600.0, y[0]=1776.0, toolType[0]=TOOL_TYPE_UNKNOWN, buttonState=0, metaState=0, flags=0x0, edgeFlags=0x0, pointerCount=1, historySize=0, eventTime=625717, downTime=625717, deviceId=0, source=0x1002 }
08-18 15:29:24.773  8541  8541 I Input   : injectMotionEvent: MotionEvent { action=ACTION_MOVE, actionButton=0, id[0]=0, x[0]=600.0, y[0]=1776.0, toolType[0]=TOOL_TYPE_UNKNOWN, buttonState=0, metaState=0, flags=0x0, edgeFlags=0x0, pointerCount=1, historySize=0, eventTime=625735, downTime=625735, deviceId=0, source=0x1002 }
08-18 15:29:24.779  5791  5791 D leak-2856: Eastern Standard Time
08-18 15:29:24.788  8541  8541 I Input   : injectMotionEvent: MotionEvent { action=ACTION_MOVE, actionButton=0, id[0]=0, x[0]=600.0, y[0]=1776.0, toolType[0]=TOOL_TYPE_UNKNOWN, buttonState=0, metaState=0, flags=0x0, edgeFlags=0x0, pointerCount=1, historySize=0, eventTime=625750, downTime=625750, deviceId=0, source=0x1002 }
08-18 15:29:24.811  5791  5806 W EGL_emulation: eglSurfaceAttrib not implemented
08-18 15:29:24.811  5791  5806 W OpenGLRenderer: Failed to set EGL_SWAP_BEHAVIOR on surface 0xec965e40, error=EGL_SUCCESS
08-18 15:29:24.827  8541  8541 I Input   : injectMotionEvent: MotionEvent { action=ACTION_MOVE, actionButton=0, id[0]=0, x[0]=600.0, y[0]=1776.0, toolType[0]=TOOL_TYPE_UNKNOWN, buttonState=0, metaState=0, flags=0x0, edgeFlags=0x0, pointerCount=1, historySize=0, eventTime=625789, downTime=625789, deviceId=0, source=0x1002 }
08-18 15:29:24.852  5791  5806 V RenderScript: 0xe87bd000 Launching thread(s), CPUs 4
08-18 15:29:24.858  8541  8541 I Input   : injectMotionEvent: MotionEvent { action=ACTION_MOVE, actionButton=0, id[0]=0, x[0]=600.0, y[0]=1776.0, toolType[0]=TOOL_TYPE_UNKNOWN, buttonState=0, metaState=0, flags=0x0, edgeFlags=0x0, pointerCount=1, historySize=0, eventTime=625820, downTime=625820, deviceId=0, source=0x1002 }
08-18 15:29:24.873  8541  8541 I Input   : injectMotionEvent: MotionEvent { action=ACTION_MOVE, actionButton=0, id[0]=0, x[0]=600.0, y[0]=1776.0, toolType[0]=TOOL_TYPE_UNKNOWN, buttonState=0, metaState=0, flags=0x0, edgeFlags=0x0, pointerCount=1, historySize=0, eventTime=625835, downTime=625835, deviceId=0, source=0x1002 }
08-18 15:29:24.889  8541  8541 I Input   : injectMotionEvent: MotionEvent { action=ACTION_MOVE, actionButton=0, id[0]=0, x[0]=600.0, y[0]=1776.0, toolType[0]=TOOL_TYPE_UNKNOWN, buttonState=0, metaState=0, flags=0x0, edgeFlags=0x0, pointerCount=1, historySize=0, eventTime=625851, downTime=625851, deviceId=0, source=0x1002 }
08-18 15:29:24.906  8541  8541 I Input   : injectMotionEvent: MotionEvent { action=ACTION_MOVE, actionButton=0, id[0]=0, x[0]=600.0, y[0]=1776.0, toolType[0]=TOOL_TYPE_UNKNOWN, buttonState=0, metaState=0, flags=0x0, edgeFlags=0x0, pointerCount=1, historySize=0, eventTime=625868, downTime=625868, deviceId=0, source=0x1002 }
08-18 15:29:24.922  8541  8541 I Input   : injectMotionEvent: MotionEvent { action=ACTION_MOVE, actionButton=0, id[0]=0, x[0]=600.0, y[0]=1776.0, toolType[0]=TOOL_TYPE_UNKNOWN, buttonState=0, metaState=0, flags=0x0, edgeFlags=0x0, pointerCount=1, historySize=0, eventTime=625884, downTime=625884, deviceId=0, source=0x1002 }
08-18 15:29:24.939  8541  8541 I Input   : injectMotionEvent: MotionEvent { action=ACTION_MOVE, actionButton=0, id[0]=0, x[0]=600.0, y[0]=1776.0, toolType[0]=TOOL_TYPE_UNKNOWN, buttonState=0, metaState=0, flags=0x0, edgeFlags=0x0, pointerCount=1, historySize=0, eventTime=625901, downTime=625901, deviceId=0, source=0x1002 }
08-18 15:29:24.955  8541  8541 I Input   : injectMotionEvent: MotionEvent { action=ACTION_MOVE, actionButton=0, id[0]=0, x[0]=600.0, y[0]=1776.0, toolType[0]=TOOL_TYPE_UNKNOWN, buttonState=0, metaState=0, flags=0x0, edgeFlags=0x0, pointerCount=1, historySize=0, eventTime=625917, downTime=625917, deviceId=0, source=0x1002 }
08-18 15:29:24.980  8541  8541 I Input   : injectMotionEvent: MotionEvent { action=ACTION_MOVE, actionButton=0, id[0]=0, x[0]=600.0, y[0]=1776.0, toolType[0]=TOOL_TYPE_UNKNOWN, buttonState=0, metaState=0, flags=0x0, edgeFlags=0x0, pointerCount=1, historySize=0, eventTime=625942, downTime=625942, deviceId=0, source=0x1002 }
08-18 15:29:24.997  8541  8541 I Input   : injectMotionEvent: MotionEvent { action=ACTION_MOVE, actionButton=0, id[0]=0, x[0]=600.0, y[0]=1776.0, toolType[0]=TOOL_TYPE_UNKNOWN, buttonState=0, metaState=0, flags=0x0, edgeFlags=0x0, pointerCount=1, historySize=0, eventTime=625959, downTime=625959, deviceId=0, source=0x1002 }
08-18 15:29:25.013  8541  8541 I Input   : injectMotionEvent: MotionEvent { action=ACTION_MOVE, actionButton=0, id[0]=0, x[0]=600.0, y[0]=1776.0, toolType[0]=TOOL_TYPE_UNKNOWN, buttonState=0, metaState=0, flags=0x0, edgeFlags=0x0, pointerCount=1, historySize=0, eventTime=625975, downTime=625975, deviceId=0, source=0x1002 }
08-18 15:29:25.033  8541  8541 I Input   : injectMotionEvent: MotionEvent { action=ACTION_MOVE, actionButton=0, id[0]=0, x[0]=600.0, y[0]=1776.0, toolType[0]=TOOL_TYPE_UNKNOWN, buttonState=0, metaState=0, flags=0x0, edgeFlags=0x0, pointerCount=1, historySize=0, eventTime=625995, downTime=625995, deviceId=0, source=0x1002 }
08-18 15:29:25.056  8541  8541 I Input   : injectMotionEvent: MotionEvent { action=ACTION_MOVE, actionButton=0, id[0]=0, x[0]=600.0, y[0]=1776.0, toolType[0]=TOOL_TYPE_UNKNOWN, buttonState=0, metaState=0, flags=0x0, edgeFlags=0x0, pointerCount=1, historySize=0, eventTime=626018, downTime=626018, deviceId=0, source=0x1002 }
08-18 15:29:25.073  8541  8541 I Input   : injectMotionEvent: MotionEvent { action=ACTION_MOVE, actionButton=0, id[0]=0, x[0]=600.0, y[0]=1776.0, toolType[0]=TOOL_TYPE_UNKNOWN, buttonState=0, metaState=0, flags=0x0, edgeFlags=0x0, pointerCount=1, historySize=0, eventTime=626035, downTime=626035, deviceId=0, source=0x1002 }
08-18 15:29:25.088  8541  8541 I Input   : injectMotionEvent: MotionEvent { action=ACTION_MOVE, actionButton=0, id[0]=0, x[0]=600.0, y[0]=1776.0, toolType[0]=TOOL_TYPE_UNKNOWN, buttonState=0, metaState=0, flags=0x0, edgeFlags=0x0, pointerCount=1, historySize=0, eventTime=626050, downTime=626050, deviceId=0, source=0x1002 }
08-18 15:29:25.105  8541  8541 I Input   : injectMotionEvent: MotionEvent { action=ACTION_MOVE, actionButton=0, id[0]=0, x[0]=600.0, y[0]=1776.0, toolType[0]=TOOL_TYPE_UNKNOWN, buttonState=0, metaState=0, flags=0x0, edgeFlags=0x0, pointerCount=1, historySize=0, eventTime=626067, downTime=626067, deviceId=0, source=0x1002 }
08-18 15:29:25.122  8541  8541 I Input   : injectMotionEvent: MotionEvent { action=ACTION_MOVE, actionButton=0, id[0]=0, x[0]=600.0, y[0]=1776.0, toolType[0]=TOOL_TYPE_UNKNOWN, buttonState=0, metaState=0, flags=0x0, edgeFlags=0x0, pointerCount=1, historySize=0, eventTime=626084, downTime=626084, deviceId=0, source=0x1002 }
08-18 15:29:25.148  8541  8541 I Input   : injectMotionEvent: MotionEvent { action=ACTION_MOVE, actionButton=0, id[0]=0, x[0]=600.0, y[0]=1776.0, toolType[0]=TOOL_TYPE_UNKNOWN, buttonState=0, metaState=0, flags=0x0, edgeFlags=0x0, pointerCount=1, historySize=0, eventTime=626110, downTime=626110, deviceId=0, source=0x1002 }
08-18 15:29:25.182  8541  8541 I Input   : injectMotionEvent: MotionEvent { action=ACTION_MOVE, actionButton=0, id[0]=0, x[0]=600.0, y[0]=1776.0, toolType[0]=TOOL_TYPE_UNKNOWN, buttonState=0, metaState=0, flags=0x0, edgeFlags=0x0, pointerCount=1, historySize=0, eventTime=626143, downTime=626143, deviceId=0, source=0x1002 }
08-18 15:29:25.189  8541  8541 I Input   : injectMotionEvent: MotionEvent { action=ACTION_MOVE, actionButton=0, id[0]=0, x[0]=600.0, y[0]=1776.0, toolType[0]=TOOL_TYPE_UNKNOWN, buttonState=0, metaState=0, flags=0x0, edgeFlags=0x0, pointerCount=1, historySize=0, eventTime=626151, downTime=626151, deviceId=0, source=0x1002 }
08-18 15:29:25.205  8541  8541 I Input   : injectMotionEvent: MotionEvent { action=ACTION_MOVE, actionButton=0, id[0]=0, x[0]=600.0, y[0]=1776.0, toolType[0]=TOOL_TYPE_UNKNOWN, buttonState=0, metaState=0, flags=0x0, edgeFlags=0x0, pointerCount=1, historySize=0, eventTime=626167, downTime=626167, deviceId=0, source=0x1002 }
08-18 15:29:25.223  8541  8541 I Input   : injectMotionEvent: MotionEvent { action=ACTION_MOVE, actionButton=0, id[0]=0, x[0]=600.0, y[0]=1776.0, toolType[0]=TOOL_TYPE_UNKNOWN, buttonState=0, metaState=0, flags=0x0, edgeFlags=0x0, pointerCount=1, historySize=0, eventTime=626185, downTime=626185, deviceId=0, source=0x1002 }
08-18 15:29:25.240  8541  8541 I Input   : injectMotionEvent: MotionEvent { action=ACTION_MOVE, actionButton=0, id[0]=0, x[0]=600.0, y[0]=1776.0, toolType[0]=TOOL_TYPE_UNKNOWN, buttonState=0, metaState=0, flags=0x0, edgeFlags=0x0, pointerCount=1, historySize=0, eventTime=626202, downTime=626202, deviceId=0, source=0x1002 }
08-18 15:29:25.256  8541  8541 I Input   : injectMotionEvent: MotionEvent { action=ACTION_MOVE, actionButton=0, id[0]=0, x[0]=600.0, y[0]=1776.0, toolType[0]=TOOL_TYPE_UNKNOWN, buttonState=0, metaState=0, flags=0x0, edgeFlags=0x0, pointerCount=1, historySize=0, eventTime=626218, downTime=626218, deviceId=0, source=0x1002 }
08-18 15:29:25.272  8541  8541 I Input   : injectMotionEvent: MotionEvent { action=ACTION_MOVE, actionButton=0, id[0]=0, x[0]=600.0, y[0]=1776.0, toolType[0]=TOOL_TYPE_UNKNOWN, buttonState=0, metaState=0, flags=0x0, edgeFlags=0x0, pointerCount=1, historySize=0, eventTime=626234, downTime=626234, deviceId=0, source=0x1002 }
08-18 15:29:25.288  8541  8541 I Input   : injectMotionEvent: MotionEvent { action=ACTION_MOVE, actionButton=0, id[0]=0, x[0]=600.0, y[0]=1776.0, toolType[0]=TOOL_TYPE_UNKNOWN, buttonState=0, metaState=0, flags=0x0, edgeFlags=0x0, pointerCount=1, historySize=0, eventTime=626250, downTime=626250, deviceId=0, source=0x1002 }
08-18 15:29:25.305  8541  8541 I Input   : injectMotionEvent: MotionEvent { action=ACTION_MOVE, actionButton=0, id[0]=0, x[0]=600.0, y[0]=1776.0, toolType[0]=TOOL_TYPE_UNKNOWN, buttonState=0, metaState=0, flags=0x0, edgeFlags=0x0, pointerCount=1, historySize=0, eventTime=626267, downTime=626267, deviceId=0, source=0x1002 }
08-18 15:29:25.322  8541  8541 I Input   : injectMotionEvent: MotionEvent { action=ACTION_MOVE, actionButton=0, id[0]=0, x[0]=600.0, y[0]=1776.0, toolType[0]=TOOL_TYPE_UNKNOWN, buttonState=0, metaState=0, flags=0x0, edgeFlags=0x0, pointerCount=1, historySize=0, eventTime=626284, downTime=626284, deviceId=0, source=0x1002 }
08-18 15:29:25.338  8541  8541 I Input   : injectMotionEvent: MotionEvent { action=ACTION_MOVE, actionButton=0, id[0]=0, x[0]=600.0, y[0]=1776.0, toolType[0]=TOOL_TYPE_UNKNOWN, buttonState=0, metaState=0, flags=0x0, edgeFlags=0x0, pointerCount=1, historySize=0, eventTime=626300, downTime=626300, deviceId=0, source=0x1002 }
08-18 15:29:25.355  8541  8541 I Input   : injectMotionEvent: MotionEvent { action=ACTION_MOVE, actionButton=0, id[0]=0, x[0]=600.0, y[0]=1776.0, toolType[0]=TOOL_TYPE_UNKNOWN, buttonState=0, metaState=0, flags=0x0, edgeFlags=0x0, pointerCount=1, historySize=0, eventTime=626317, downTime=626317, deviceId=0, source=0x1002 }
08-18 15:29:25.372  8541  8541 I Input   : injectMotionEvent: MotionEvent { action=ACTION_MOVE, actionButton=0, id[0]=0, x[0]=600.0, y[0]=1776.0, toolType[0]=TOOL_TYPE_UNKNOWN, buttonState=0, metaState=0, flags=0x0, edgeFlags=0x0, pointerCount=1, historySize=0, eventTime=626334, downTime=626334, deviceId=0, source=0x1002 }
08-18 15:29:25.389  8541  8541 I Input   : injectMotionEvent: MotionEvent { action=ACTION_MOVE, actionButton=0, id[0]=0, x[0]=600.0, y[0]=1776.0, toolType[0]=TOOL_TYPE_UNKNOWN, buttonState=0, metaState=0, flags=0x0, edgeFlags=0x0, pointerCount=1, historySize=0, eventTime=626351, downTime=626351, deviceId=0, source=0x1002 }
08-18 15:29:25.405  8541  8541 I Input   : injectMotionEvent: MotionEvent { action=ACTION_MOVE, actionButton=0, id[0]=0, x[0]=600.0, y[0]=1776.0, toolType[0]=TOOL_TYPE_UNKNOWN, buttonState=0, metaState=0, flags=0x0, edgeFlags=0x0, pointerCount=1, historySize=0, eventTime=626367, downTime=626367, deviceId=0, source=0x1002 }
08-18 15:29:25.422  8541  8541 I Input   : injectMotionEvent: MotionEvent { action=ACTION_MOVE, actionButton=0, id[0]=0, x[0]=600.0, y[0]=1776.0, toolType[0]=TOOL_TYPE_UNKNOWN, buttonState=0, metaState=0, flags=0x0, edgeFlags=0x0, pointerCount=1, historySize=0, eventTime=626384, downTime=626384, deviceId=0, source=0x1002 }
08-18 15:29:25.438  8541  8541 I Input   : injectMotionEvent: MotionEvent { action=ACTION_MOVE, actionButton=0, id[0]=0, x[0]=600.0, y[0]=1776.0, toolType[0]=TOOL_TYPE_UNKNOWN, buttonState=0, metaState=0, flags=0x0, edgeFlags=0x0, pointerCount=1, historySize=0, eventTime=626400, downTime=626400, deviceId=0, source=0x1002 }
08-18 15:29:25.456  8541  8541 I Input   : injectMotionEvent: MotionEvent { action=ACTION_MOVE, actionButton=0, id[0]=0, x[0]=600.0, y[0]=1776.0, toolType[0]=TOOL_TYPE_UNKNOWN, buttonState=0, metaState=0, flags=0x0, edgeFlags=0x0, pointerCount=1, historySize=0, eventTime=626418, downTime=626418, deviceId=0, source=0x1002 }
08-18 15:29:25.472  8541  8541 I Input   : injectMotionEvent: MotionEvent { action=ACTION_MOVE, actionButton=0, id[0]=0, x[0]=600.0, y[0]=1776.0, toolType[0]=TOOL_TYPE_UNKNOWN, buttonState=0, metaState=0, flags=0x0, edgeFlags=0x0, pointerCount=1, historySize=0, eventTime=626434, downTime=626434, deviceId=0, source=0x1002 }
08-18 15:29:25.492  8541  8541 I Input   : injectMotionEvent: MotionEvent { action=ACTION_MOVE, actionButton=0, id[0]=0, x[0]=600.0, y[0]=1776.0, toolType[0]=TOOL_TYPE_UNKNOWN, buttonState=0, metaState=0, flags=0x0, edgeFlags=0x0, pointerCount=1, historySize=0, eventTime=626454, downTime=626454, deviceId=0, source=0x1002 }
08-18 15:29:25.505  8541  8541 I Input   : injectMotionEvent: MotionEvent { action=ACTION_MOVE, actionButton=0, id[0]=0, x[0]=600.0, y[0]=1776.0, toolType[0]=TOOL_TYPE_UNKNOWN, buttonState=0, metaState=0, flags=0x0, edgeFlags=0x0, pointerCount=1, historySize=0, eventTime=626467, downTime=626467, deviceId=0, source=0x1002 }
08-18 15:29:25.521  8541  8541 I Input   : injectMotionEvent: MotionEvent { action=ACTION_MOVE, actionButton=0, id[0]=0, x[0]=600.0, y[0]=1776.0, toolType[0]=TOOL_TYPE_UNKNOWN, buttonState=0, metaState=0, flags=0x0, edgeFlags=0x0, pointerCount=1, historySize=0, eventTime=626483, downTime=626483, deviceId=0, source=0x1002 }
08-18 15:29:25.539  8541  8541 I Input   : injectMotionEvent: MotionEvent { action=ACTION_MOVE, actionButton=0, id[0]=0, x[0]=600.0, y[0]=1776.0, toolType[0]=TOOL_TYPE_UNKNOWN, buttonState=0, metaState=0, flags=0x0, edgeFlags=0x0, pointerCount=1, historySize=0, eventTime=626502, downTime=626502, deviceId=0, source=0x1002 }
08-18 15:29:25.555  8541  8541 I Input   : injectMotionEvent: MotionEvent { action=ACTION_MOVE, actionButton=0, id[0]=0, x[0]=600.0, y[0]=1776.0, toolType[0]=TOOL_TYPE_UNKNOWN, buttonState=0, metaState=0, flags=0x0, edgeFlags=0x0, pointerCount=1, historySize=0, eventTime=626517, downTime=626517, deviceId=0, source=0x1002 }
08-18 15:29:25.572  8541  8541 I Input   : injectMotionEvent: MotionEvent { action=ACTION_MOVE, actionButton=0, id[0]=0, x[0]=600.0, y[0]=1776.0, toolType[0]=TOOL_TYPE_UNKNOWN, buttonState=0, metaState=0, flags=0x0, edgeFlags=0x0, pointerCount=1, historySize=0, eventTime=626534, downTime=626534, deviceId=0, source=0x1002 }
08-18 15:29:25.588  8541  8541 I Input   : injectMotionEvent: MotionEvent { action=ACTION_MOVE, actionButton=0, id[0]=0, x[0]=600.0, y[0]=1776.0, toolType[0]=TOOL_TYPE_UNKNOWN, buttonState=0, metaState=0, flags=0x0, edgeFlags=0x0, pointerCount=1, historySize=0, eventTime=626550, downTime=626550, deviceId=0, source=0x1002 }
08-18 15:29:25.606  8541  8541 I Input   : injectMotionEvent: MotionEvent { action=ACTION_MOVE, actionButton=0, id[0]=0, x[0]=600.0, y[0]=1776.0, toolType[0]=TOOL_TYPE_UNKNOWN, buttonState=0, metaState=0, flags=0x0, edgeFlags=0x0, pointerCount=1, historySize=0, eventTime=626568, downTime=626568, deviceId=0, source=0x1002 }
08-18 15:29:25.622  8541  8541 I Input   : injectMotionEvent: MotionEvent { action=ACTION_MOVE, actionButton=0, id[0]=0, x[0]=600.0, y[0]=1776.0, toolType[0]=TOOL_TYPE_UNKNOWN, buttonState=0, metaState=0, flags=0x0, edgeFlags=0x0, pointerCount=1, historySize=0, eventTime=626584, downTime=626584, deviceId=0, source=0x1002 }
08-18 15:29:25.639  8541  8541 I Input   : injectMotionEvent: MotionEvent { action=ACTION_MOVE, actionButton=0, id[0]=0, x[0]=600.0, y[0]=1776.0, toolType[0]=TOOL_TYPE_UNKNOWN, buttonState=0, metaState=0, flags=0x0, edgeFlags=0x0, pointerCount=1, historySize=0, eventTime=626601, downTime=626601, deviceId=0, source=0x1002 }
08-18 15:29:25.656  8541  8541 I Input   : injectMotionEvent: MotionEvent { action=ACTION_MOVE, actionButton=0, id[0]=0, x[0]=600.0, y[0]=1776.0, toolType[0]=TOOL_TYPE_UNKNOWN, buttonState=0, metaState=0, flags=0x0, edgeFlags=0x0, pointerCount=1, historySize=0, eventTime=626618, downTime=626618, deviceId=0, source=0x1002 }
08-18 15:29:25.671  8541  8541 I Input   : injectMotionEvent: MotionEvent { action=ACTION_MOVE, actionButton=0, id[0]=0, x[0]=600.0, y[0]=1776.0, toolType[0]=TOOL_TYPE_UNKNOWN, buttonState=0, metaState=0, flags=0x0, edgeFlags=0x0, pointerCount=1, historySize=0, eventTime=626634, downTime=626634, deviceId=0, source=0x1002 }
08-18 15:29:25.689  8541  8541 I Input   : injectMotionEvent: MotionEvent { action=ACTION_MOVE, actionButton=0, id[0]=0, x[0]=600.0, y[0]=1776.0, toolType[0]=TOOL_TYPE_UNKNOWN, buttonState=0, metaState=0, flags=0x0, edgeFlags=0x0, pointerCount=1, historySize=0, eventTime=626651, downTime=626651, deviceId=0, source=0x1002 }
08-18 15:29:25.706  8541  8541 I Input   : injectMotionEvent: MotionEvent { action=ACTION_MOVE, actionButton=0, id[0]=0, x[0]=600.0, y[0]=1776.0, toolType[0]=TOOL_TYPE_UNKNOWN, buttonState=0, metaState=0, flags=0x0, edgeFlags=0x0, pointerCount=1, historySize=0, eventTime=626668, downTime=626668, deviceId=0, source=0x1002 }
08-18 15:29:25.721  8541  8541 I Input   : injectMotionEvent: MotionEvent { action=ACTION_MOVE, actionButton=0, id[0]=0, x[0]=600.0, y[0]=1776.0, toolType[0]=TOOL_TYPE_UNKNOWN, buttonState=0, metaState=0, flags=0x0, edgeFlags=0x0, pointerCount=1, historySize=0, eventTime=626683, downTime=626683, deviceId=0, source=0x1002 }
08-18 15:29:25.739  8541  8541 I Input   : injectMotionEvent: MotionEvent { action=ACTION_MOVE, actionButton=0, id[0]=0, x[0]=600.0, y[0]=1776.0, toolType[0]=TOOL_TYPE_UNKNOWN, buttonState=0, metaState=0, flags=0x0, edgeFlags=0x0, pointerCount=1, historySize=0, eventTime=626701, downTime=626701, deviceId=0, source=0x1002 }
08-18 15:29:25.755  8541  8541 I Input   : injectMotionEvent: MotionEvent { action=ACTION_MOVE, actionButton=0, id[0]=0, x[0]=600.0, y[0]=1776.0, toolType[0]=TOOL_TYPE_UNKNOWN, buttonState=0, metaState=0, flags=0x0, edgeFlags=0x0, pointerCount=1, historySize=0, eventTime=626717, downTime=626717, deviceId=0, source=0x1002 }
08-18 15:29:25.771  8541  8541 I Input   : injectMotionEvent: MotionEvent { action=ACTION_MOVE, actionButton=0, id[0]=0, x[0]=600.0, y[0]=1776.0, toolType[0]=TOOL_TYPE_UNKNOWN, buttonState=0, metaState=0, flags=0x0, edgeFlags=0x0, pointerCount=1, historySize=0, eventTime=626733, downTime=626733, deviceId=0, source=0x1002 }
08-18 15:29:25.788  8541  8541 I Input   : injectMotionEvent: MotionEvent { action=ACTION_MOVE, actionButton=0, id[0]=0, x[0]=600.0, y[0]=1776.0, toolType[0]=TOOL_TYPE_UNKNOWN, buttonState=0, metaState=0, flags=0x0, edgeFlags=0x0, pointerCount=1, historySize=0, eventTime=626750, downTime=626750, deviceId=0, source=0x1002 }
08-18 15:29:25.805  8541  8541 I Input   : injectMotionEvent: MotionEvent { action=ACTION_MOVE, actionButton=0, id[0]=0, x[0]=600.0, y[0]=1776.0, toolType[0]=TOOL_TYPE_UNKNOWN, buttonState=0, metaState=0, flags=0x0, edgeFlags=0x0, pointerCount=1, historySize=0, eventTime=626767, downTime=626767, deviceId=0, source=0x1002 }
08-18 15:29:25.821  8541  8541 I Input   : injectMotionEvent: MotionEvent { action=ACTION_MOVE, actionButton=0, id[0]=0, x[0]=600.0, y[0]=1776.0, toolType[0]=TOOL_TYPE_UNKNOWN, buttonState=0, metaState=0, flags=0x0, edgeFlags=0x0, pointerCount=1, historySize=0, eventTime=626784, downTime=626784, deviceId=0, source=0x1002 }
08-18 15:29:25.838  8541  8541 I Input   : injectMotionEvent: MotionEvent { action=ACTION_MOVE, actionButton=0, id[0]=0, x[0]=600.0, y[0]=1776.0, toolType[0]=TOOL_TYPE_UNKNOWN, buttonState=0, metaState=0, flags=0x0, edgeFlags=0x0, pointerCount=1, historySize=0, eventTime=626800, downTime=626800, deviceId=0, source=0x1002 }
08-18 15:29:25.856  8541  8541 I Input   : injectMotionEvent: MotionEvent { action=ACTION_MOVE, actionButton=0, id[0]=0, x[0]=600.0, y[0]=1776.0, toolType[0]=TOOL_TYPE_UNKNOWN, buttonState=0, metaState=0, flags=0x0, edgeFlags=0x0, pointerCount=1, historySize=0, eventTime=626818, downTime=626818, deviceId=0, source=0x1002 }
08-18 15:29:25.872  8541  8541 I Input   : injectMotionEvent: MotionEvent { action=ACTION_MOVE, actionButton=0, id[0]=0, x[0]=600.0, y[0]=1776.0, toolType[0]=TOOL_TYPE_UNKNOWN, buttonState=0, metaState=0, flags=0x0, edgeFlags=0x0, pointerCount=1, historySize=0, eventTime=626834, downTime=626834, deviceId=0, source=0x1002 }
08-18 15:29:25.888  8541  8541 I Input   : injectMotionEvent: MotionEvent { action=ACTION_MOVE, actionButton=0, id[0]=0, x[0]=600.0, y[0]=1776.0, toolType[0]=TOOL_TYPE_UNKNOWN, buttonState=0, metaState=0, flags=0x0, edgeFlags=0x0, pointerCount=1, historySize=0, eventTime=626850, downTime=626850, deviceId=0, source=0x1002 }
08-18 15:29:25.906  8541  8541 I Input   : injectMotionEvent: MotionEvent { action=ACTION_MOVE, actionButton=0, id[0]=0, x[0]=600.0, y[0]=1776.0, toolType[0]=TOOL_TYPE_UNKNOWN, buttonState=0, metaState=0, flags=0x0, edgeFlags=0x0, pointerCount=1, historySize=0, eventTime=626868, downTime=626868, deviceId=0, source=0x1002 }
08-18 15:29:25.922  8541  8541 I Input   : injectMotionEvent: MotionEvent { action=ACTION_MOVE, actionButton=0, id[0]=0, x[0]=600.0, y[0]=1776.0, toolType[0]=TOOL_TYPE_UNKNOWN, buttonState=0, metaState=0, flags=0x0, edgeFlags=0x0, pointerCount=1, historySize=0, eventTime=626884, downTime=626884, deviceId=0, source=0x1002 }
08-18 15:29:25.939  8541  8541 I Input   : injectMotionEvent: MotionEvent { action=ACTION_MOVE, actionButton=0, id[0]=0, x[0]=600.0, y[0]=1776.0, toolType[0]=TOOL_TYPE_UNKNOWN, buttonState=0, metaState=0, flags=0x0, edgeFlags=0x0, pointerCount=1, historySize=0, eventTime=626901, downTime=626901, deviceId=0, source=0x1002 }
08-18 15:29:25.956  8541  8541 I Input   : injectMotionEvent: MotionEvent { action=ACTION_MOVE, actionButton=0, id[0]=0, x[0]=600.0, y[0]=1776.0, toolType[0]=TOOL_TYPE_UNKNOWN, buttonState=0, metaState=0, flags=0x0, edgeFlags=0x0, pointerCount=1, historySize=0, eventTime=626918, downTime=626918, deviceId=0, source=0x1002 }
08-18 15:29:25.971  8541  8541 I Input   : injectMotionEvent: MotionEvent { action=ACTION_MOVE, actionButton=0, id[0]=0, x[0]=600.0, y[0]=1776.0, toolType[0]=TOOL_TYPE_UNKNOWN, buttonState=0, metaState=0, flags=0x0, edgeFlags=0x0, pointerCount=1, historySize=0, eventTime=626933, downTime=626933, deviceId=0, source=0x1002 }
08-18 15:29:25.988  8541  8541 I Input   : injectMotionEvent: MotionEvent { action=ACTION_MOVE, actionButton=0, id[0]=0, x[0]=600.0, y[0]=1776.0, toolType[0]=TOOL_TYPE_UNKNOWN, buttonState=0, metaState=0, flags=0x0, edgeFlags=0x0, pointerCount=1, historySize=0, eventTime=626950, downTime=626950, deviceId=0, source=0x1002 }
08-18 15:29:26.006  8541  8541 I Input   : injectMotionEvent: MotionEvent { action=ACTION_MOVE, actionButton=0, id[0]=0, x[0]=600.0, y[0]=1776.0, toolType[0]=TOOL_TYPE_UNKNOWN, buttonState=0, metaState=0, flags=0x0, edgeFlags=0x0, pointerCount=1, historySize=0, eventTime=626968, downTime=626968, deviceId=0, source=0x1002 }
08-18 15:29:26.023  8541  8541 I Input   : injectMotionEvent: MotionEvent { action=ACTION_MOVE, actionButton=0, id[0]=0, x[0]=600.0, y[0]=1776.0, toolType[0]=TOOL_TYPE_UNKNOWN, buttonState=0, metaState=0, flags=0x0, edgeFlags=0x0, pointerCount=1, historySize=0, eventTime=626985, downTime=626985, deviceId=0, source=0x1002 }
08-18 15:29:26.040  8541  8541 I Input   : injectMotionEvent: MotionEvent { action=ACTION_MOVE, actionButton=0, id[0]=0, x[0]=600.0, y[0]=1776.0, toolType[0]=TOOL_TYPE_UNKNOWN, buttonState=0, metaState=0, flags=0x0, edgeFlags=0x0, pointerCount=1, historySize=0, eventTime=627002, downTime=627002, deviceId=0, source=0x1002 }
08-18 15:29:26.055  8541  8541 I Input   : injectMotionEvent: MotionEvent { action=ACTION_MOVE, actionButton=0, id[0]=0, x[0]=600.0, y[0]=1776.0, toolType[0]=TOOL_TYPE_UNKNOWN, buttonState=0, metaState=0, flags=0x0, edgeFlags=0x0, pointerCount=1, historySize=0, eventTime=627017, downTime=627017, deviceId=0, source=0x1002 }
08-18 15:29:26.072  8541  8541 I Input   : injectMotionEvent: MotionEvent { action=ACTION_MOVE, actionButton=0, id[0]=0, x[0]=600.0, y[0]=1776.0, toolType[0]=TOOL_TYPE_UNKNOWN, buttonState=0, metaState=0, flags=0x0, edgeFlags=0x0, pointerCount=1, historySize=0, eventTime=627034, downTime=627034, deviceId=0, source=0x1002 }
08-18 15:29:26.088  8541  8541 I Input   : injectMotionEvent: MotionEvent { action=ACTION_MOVE, actionButton=0, id[0]=0, x[0]=600.0, y[0]=1776.0, toolType[0]=TOOL_TYPE_UNKNOWN, buttonState=0, metaState=0, flags=0x0, edgeFlags=0x0, pointerCount=1, historySize=0, eventTime=627050, downTime=627050, deviceId=0, source=0x1002 }
08-18 15:29:26.106  8541  8541 I Input   : injectMotionEvent: MotionEvent { action=ACTION_MOVE, actionButton=0, id[0]=0, x[0]=600.0, y[0]=1776.0, toolType[0]=TOOL_TYPE_UNKNOWN, buttonState=0, metaState=0, flags=0x0, edgeFlags=0x0, pointerCount=1, historySize=0, eventTime=627068, downTime=627068, deviceId=0, source=0x1002 }
08-18 15:29:26.121  8541  8541 I Input   : injectMotionEvent: MotionEvent { action=ACTION_MOVE, actionButton=0, id[0]=0, x[0]=600.0, y[0]=1776.0, toolType[0]=TOOL_TYPE_UNKNOWN, buttonState=0, metaState=0, flags=0x0, edgeFlags=0x0, pointerCount=1, historySize=0, eventTime=627084, downTime=627084, deviceId=0, source=0x1002 }
08-18 15:29:26.139  8541  8541 I Input   : injectMotionEvent: MotionEvent { action=ACTION_MOVE, actionButton=0, id[0]=0, x[0]=600.0, y[0]=1776.0, toolType[0]=TOOL_TYPE_UNKNOWN, buttonState=0, metaState=0, flags=0x0, edgeFlags=0x0, pointerCount=1, historySize=0, eventTime=627101, downTime=627101, deviceId=0, source=0x1002 }
08-18 15:29:26.155  8541  8541 I Input   : injectMotionEvent: MotionEvent { action=ACTION_MOVE, actionButton=0, id[0]=0, x[0]=600.0, y[0]=1776.0, toolType[0]=TOOL_TYPE_UNKNOWN, buttonState=0, metaState=0, flags=0x0, edgeFlags=0x0, pointerCount=1, historySize=0, eventTime=627117, downTime=627117, deviceId=0, source=0x1002 }
08-18 15:29:26.172  8541  8541 I Input   : injectMotionEvent: MotionEvent { action=ACTION_MOVE, actionButton=0, id[0]=0, x[0]=600.0, y[0]=1776.0, toolType[0]=TOOL_TYPE_UNKNOWN, buttonState=0, metaState=0, flags=0x0, edgeFlags=0x0, pointerCount=1, historySize=0, eventTime=627134, downTime=627134, deviceId=0, source=0x1002 }
08-18 15:29:26.188  8541  8541 I Input   : injectMotionEvent: MotionEvent { action=ACTION_MOVE, actionButton=0, id[0]=0, x[0]=600.0, y[0]=1776.0, toolType[0]=TOOL_TYPE_UNKNOWN, buttonState=0, metaState=0, flags=0x0, edgeFlags=0x0, pointerCount=1, historySize=0, eventTime=627150, downTime=627150, deviceId=0, source=0x1002 }
08-18 15:29:26.206  8541  8541 I Input   : injectMotionEvent: MotionEvent { action=ACTION_MOVE, actionButton=0, id[0]=0, x[0]=600.0, y[0]=1776.0, toolType[0]=TOOL_TYPE_UNKNOWN, buttonState=0, metaState=0, flags=0x0, edgeFlags=0x0, pointerCount=1, historySize=0, eventTime=627168, downTime=627168, deviceId=0, source=0x1002 }
08-18 15:29:26.222  8541  8541 I Input   : injectMotionEvent: MotionEvent { action=ACTION_MOVE, actionButton=0, id[0]=0, x[0]=600.0, y[0]=1776.0, toolType[0]=TOOL_TYPE_UNKNOWN, buttonState=0, metaState=0, flags=0x0, edgeFlags=0x0, pointerCount=1, historySize=0, eventTime=627184, downTime=627184, deviceId=0, source=0x1002 }
08-18 15:29:26.238  8541  8541 I Input   : injectMotionEvent: MotionEvent { action=ACTION_MOVE, actionButton=0, id[0]=0, x[0]=600.0, y[0]=1776.0, toolType[0]=TOOL_TYPE_UNKNOWN, buttonState=0, metaState=0, flags=0x0, edgeFlags=0x0, pointerCount=1, historySize=0, eventTime=627200, downTime=627200, deviceId=0, source=0x1002 }
08-18 15:29:26.255  8541  8541 I Input   : injectMotionEvent: MotionEvent { action=ACTION_MOVE, actionButton=0, id[0]=0, x[0]=600.0, y[0]=1776.0, toolType[0]=TOOL_TYPE_UNKNOWN, buttonState=0, metaState=0, flags=0x0, edgeFlags=0x0, pointerCount=1, historySize=0, eventTime=627217, downTime=627217, deviceId=0, source=0x1002 }
08-18 15:29:26.273  8541  8541 I Input   : injectMotionEvent: MotionEvent { action=ACTION_UP, actionButton=0, id[0]=0, x[0]=600.0, y[0]=1776.0, toolType[0]=TOOL_TYPE_UNKNOWN, buttonState=0, metaState=0, flags=0x0, edgeFlags=0x0, pointerCount=1, historySize=0, eventTime=627235, downTime=627235, deviceId=0, source=0x1002 }
08-18 15:29:26.274  8541  8541 D AndroidRuntime: Shutting down VM
08-18 15:29:26.786  5791  5806 E Surface : getSlotFromBufferLocked: unknown buffer: 0xe9034690
08-18 15:29:30.767  8879  8879 D AndroidRuntime: >>>>>> START com.android.internal.os.RuntimeInit uid 0 <<<<<<
08-18 15:29:30.769  8879  8879 D AndroidRuntime: CheckJNI is OFF
08-18 15:29:30.781  8879  8879 D ICU     : No timezone override file found: /data/misc/zoneinfo/current/icu/icu_tzdata.dat
08-18 15:29:30.794  8879  8879 E memtrack: Couldn't load memtrack module (No such file or directory)
08-18 15:29:30.794  8879  8879 E android.os.Debug: failed to load memtrack module: -2
08-18 15:29:30.795  8879  8879 I Radio-JNI: register_android_hardware_Radio DONE
08-18 15:29:30.802  8879  8879 D AndroidRuntime: Calling main entry com.android.commands.uiautomator.Launcher
08-18 15:29:30.808  5791  5791 D leak-2070: Eastern Standard Time
08-18 15:29:30.808  5791  5791 D leak-2071: Eastern Standard Time
08-18 15:29:30.808  5791  5791 D leak-2070: Eastern Standard Time
08-18 15:29:30.808  5791  5791 D leak-2071: Eastern Standard Time
08-18 15:29:30.808  5791  5791 D leak-2070: Eastern Standard Time
08-18 15:29:30.808  5791  5791 D leak-2071: Eastern Standard Time
08-18 15:29:30.808  5791  5791 D leak-2070: Eastern Standard Time
08-18 15:29:30.808  5791  5791 D leak-2071: Eastern Standard Time
08-18 15:29:30.808  5791  5791 D leak-857: Eastern Standard Time
08-18 15:29:31.810  5791  5791 D leak-2070: Eastern Standard Time
08-18 15:29:31.810  5791  5791 D leak-2071: Eastern Standard Time
08-18 15:29:31.810  5791  5791 D leak-2070: Eastern Standard Time
08-18 15:29:31.810  5791  5791 D leak-2071: Eastern Standard Time
08-18 15:29:31.819  8879  8879 W AccessibilityNodeInfoDumper: Fetch time: 2ms
08-18 15:29:31.819   624   757 W WindowManager: Attempted to remove non-existing token: android.os.Binder@1790856
08-18 15:29:31.833  8879  8879 D AndroidRuntime: Shutting down VM
08-18 15:29:32.994  8902  8902 D AndroidRuntime: >>>>>> START com.android.internal.os.RuntimeInit uid 0 <<<<<<
08-18 15:29:32.996  8902  8902 D AndroidRuntime: CheckJNI is OFF
08-18 15:29:33.008  8902  8902 D ICU     : No timezone override file found: /data/misc/zoneinfo/current/icu/icu_tzdata.dat
08-18 15:29:33.023  8902  8902 E memtrack: Couldn't load memtrack module (No such file or directory)
08-18 15:29:33.023  8902  8902 E android.os.Debug: failed to load memtrack module: -2
08-18 15:29:33.024  8902  8902 I Radio-JNI: register_android_hardware_Radio DONE
08-18 15:29:33.032  8902  8902 D AndroidRuntime: Calling main entry com.android.commands.uiautomator.Launcher
08-18 15:29:33.049  5791  5791 D leak-2070: Eastern Standard Time
08-18 15:29:33.049  5791  5791 D leak-2071: Eastern Standard Time
08-18 15:29:33.049  5791  5791 D leak-2070: Eastern Standard Time
08-18 15:29:33.049  5791  5791 D leak-2071: Eastern Standard Time
08-18 15:29:33.049  5791  5791 D leak-2070: Eastern Standard Time
08-18 15:29:33.050  5791  5791 D leak-2071: Eastern Standard Time
08-18 15:29:33.050  5791  5791 D leak-2070: Eastern Standard Time
08-18 15:29:33.050  5791  5791 D leak-2071: Eastern Standard Time
08-18 15:29:33.050  5791  5791 D leak-857: Eastern Standard Time
08-18 15:29:34.051  5791  5791 D leak-2070: Eastern Standard Time
08-18 15:29:34.051  5791  5791 D leak-2071: Eastern Standard Time
08-18 15:29:34.051  5791  5791 D leak-2070: Eastern Standard Time
08-18 15:29:34.051  5791  5791 D leak-2071: Eastern Standard Time
08-18 15:29:34.056  8902  8902 W AccessibilityNodeInfoDumper: Fetch time: 2ms
08-18 15:29:34.056   624  1044 W WindowManager: Attempted to remove non-existing token: android.os.Binder@996f0d7
08-18 15:29:34.069  8902  8902 D AndroidRuntime: Shutting down VM
08-18 15:29:34.626  8919  8919 D AndroidRuntime: >>>>>> START com.android.internal.os.RuntimeInit uid 0 <<<<<<
08-18 15:29:34.629  8919  8919 D AndroidRuntime: CheckJNI is OFF
08-18 15:29:34.639  8919  8919 D ICU     : No timezone override file found: /data/misc/zoneinfo/current/icu/icu_tzdata.dat
08-18 15:29:34.653  8919  8919 E memtrack: Couldn't load memtrack module (No such file or directory)
08-18 15:29:34.653  8919  8919 E android.os.Debug: failed to load memtrack module: -2
08-18 15:29:34.655  8919  8919 I Radio-JNI: register_android_hardware_Radio DONE
08-18 15:29:34.665  8919  8919 D AndroidRuntime: Calling main entry com.android.commands.uiautomator.Launcher
08-18 15:29:34.679  5791  5791 D leak-2070: Eastern Standard Time
08-18 15:29:34.679  5791  5791 D leak-2071: Eastern Standard Time
08-18 15:29:34.679  5791  5791 D leak-2070: Eastern Standard Time
08-18 15:29:34.679  5791  5791 D leak-2071: Eastern Standard Time
08-18 15:29:34.679  5791  5791 D leak-2070: Eastern Standard Time
08-18 15:29:34.679  5791  5791 D leak-2071: Eastern Standard Time
08-18 15:29:34.679  5791  5791 D leak-2070: Eastern Standard Time
08-18 15:29:34.679  5791  5791 D leak-2071: Eastern Standard Time
08-18 15:29:34.679  5791  5791 D leak-857: Eastern Standard Time
08-18 15:29:35.680  5791  5791 D leak-2070: Eastern Standard Time
08-18 15:29:35.680  5791  5791 D leak-2071: Eastern Standard Time
08-18 15:29:35.680  5791  5791 D leak-2070: Eastern Standard Time
08-18 15:29:35.680  5791  5791 D leak-2071: Eastern Standard Time
08-18 15:29:35.685  8919  8919 W AccessibilityNodeInfoDumper: Fetch time: 2ms
08-18 15:29:35.685   624  1102 W WindowManager: Attempted to remove non-existing token: android.os.Binder@ff03dc4
08-18 15:29:35.699  8919  8919 D AndroidRuntime: Shutting down VM
08-18 15:29:36.879  8942  8942 D AndroidRuntime: >>>>>> START com.android.internal.os.RuntimeInit uid 0 <<<<<<
08-18 15:29:36.881  8942  8942 D AndroidRuntime: CheckJNI is OFF
08-18 15:29:36.892  8942  8942 D ICU     : No timezone override file found: /data/misc/zoneinfo/current/icu/icu_tzdata.dat
08-18 15:29:36.910  8942  8942 E memtrack: Couldn't load memtrack module (No such file or directory)
08-18 15:29:36.910  8942  8942 E android.os.Debug: failed to load memtrack module: -2
08-18 15:29:36.912  8942  8942 I Radio-JNI: register_android_hardware_Radio DONE
08-18 15:29:36.922  8942  8942 D AndroidRuntime: Calling main entry com.android.commands.uiautomator.Launcher
08-18 15:29:36.939  5791  5791 D leak-2070: Eastern Standard Time
08-18 15:29:36.939  5791  5791 D leak-2071: Eastern Standard Time
08-18 15:29:36.939  5791  5791 D leak-2070: Eastern Standard Time
08-18 15:29:36.939  5791  5791 D leak-2071: Eastern Standard Time
08-18 15:29:36.939  5791  5791 D leak-2070: Eastern Standard Time
08-18 15:29:36.939  5791  5791 D leak-2071: Eastern Standard Time
08-18 15:29:36.939  5791  5791 D leak-2070: Eastern Standard Time
08-18 15:29:36.939  5791  5791 D leak-2071: Eastern Standard Time
08-18 15:29:36.939  5791  5791 D leak-857: Eastern Standard Time
08-18 15:29:37.940  5791  5791 D leak-2070: Eastern Standard Time
08-18 15:29:37.940  5791  5791 D leak-2071: Eastern Standard Time
08-18 15:29:37.940  5791  5791 D leak-2070: Eastern Standard Time
08-18 15:29:37.940  5791  5791 D leak-2071: Eastern Standard Time
08-18 15:29:37.950  8942  8942 W AccessibilityNodeInfoDumper: Fetch time: 2ms
08-18 15:29:37.950   624   636 W WindowManager: Attempted to remove non-existing token: android.os.Binder@5b434ad
08-18 15:29:37.960  8942  8942 D AndroidRuntime: Shutting down VM
08-18 15:29:39.072  8970  8970 D AndroidRuntime: >>>>>> START com.android.internal.os.RuntimeInit uid 0 <<<<<<
08-18 15:29:39.073  8970  8970 D AndroidRuntime: CheckJNI is OFF
08-18 15:29:39.082  8970  8970 D ICU     : No timezone override file found: /data/misc/zoneinfo/current/icu/icu_tzdata.dat
08-18 15:29:39.093  8970  8970 E memtrack: Couldn't load memtrack module (No such file or directory)
08-18 15:29:39.093  8970  8970 E android.os.Debug: failed to load memtrack module: -2
08-18 15:29:39.095  8970  8970 I Radio-JNI: register_android_hardware_Radio DONE
08-18 15:29:39.107  8970  8970 D AndroidRuntime: Calling main entry com.android.commands.uiautomator.Launcher
08-18 15:29:39.115  5791  5791 D leak-2070: Eastern Standard Time
08-18 15:29:39.115  5791  5791 D leak-2071: Eastern Standard Time
08-18 15:29:39.115  5791  5791 D leak-2070: Eastern Standard Time
08-18 15:29:39.115  5791  5791 D leak-2071: Eastern Standard Time
08-18 15:29:39.115  5791  5791 D leak-2070: Eastern Standard Time
08-18 15:29:39.115  5791  5791 D leak-2071: Eastern Standard Time
08-18 15:29:39.115  5791  5791 D leak-2070: Eastern Standard Time
08-18 15:29:39.115  5791  5791 D leak-2071: Eastern Standard Time
08-18 15:29:39.116  5791  5791 D leak-857: Eastern Standard Time
08-18 15:29:40.123  5791  5791 D leak-2070: Eastern Standard Time
08-18 15:29:40.123  5791  5791 D leak-2071: Eastern Standard Time
08-18 15:29:40.123  5791  5791 D leak-2070: Eastern Standard Time
08-18 15:29:40.123  5791  5791 D leak-2071: Eastern Standard Time
08-18 15:29:40.127  8970  8970 W AccessibilityNodeInfoDumper: Fetch time: 1ms
08-18 15:29:40.128   624  1044 W WindowManager: Attempted to remove non-existing token: android.os.Binder@1efc373
08-18 15:29:40.135  8970  8970 D AndroidRuntime: Shutting down VM
08-18 15:29:41.208  8995  8995 D AndroidRuntime: >>>>>> START com.android.internal.os.RuntimeInit uid 0 <<<<<<
08-18 15:29:41.210  8995  8995 D AndroidRuntime: CheckJNI is OFF
08-18 15:29:41.218  8995  8995 D ICU     : No timezone override file found: /data/misc/zoneinfo/current/icu/icu_tzdata.dat
08-18 15:29:41.231  8995  8995 E memtrack: Couldn't load memtrack module (No such file or directory)
08-18 15:29:41.231  8995  8995 E android.os.Debug: failed to load memtrack module: -2
08-18 15:29:41.232  8995  8995 I Radio-JNI: register_android_hardware_Radio DONE
08-18 15:29:41.237  8995  8995 D AndroidRuntime: Calling main entry com.android.commands.uiautomator.Launcher
08-18 15:29:41.247  5791  5791 D leak-2070: Eastern Standard Time
08-18 15:29:41.247  5791  5791 D leak-2071: Eastern Standard Time
08-18 15:29:41.247  5791  5791 D leak-2070: Eastern Standard Time
08-18 15:29:41.247  5791  5791 D leak-2071: Eastern Standard Time
08-18 15:29:41.247  5791  5791 D leak-2070: Eastern Standard Time
08-18 15:29:41.247  5791  5791 D leak-2071: Eastern Standard Time
08-18 15:29:41.247  5791  5791 D leak-2070: Eastern Standard Time
08-18 15:29:41.247  5791  5791 D leak-2071: Eastern Standard Time
08-18 15:29:41.247  5791  5791 D leak-857: Eastern Standard Time
08-18 15:29:42.248  5791  5791 D leak-2070: Eastern Standard Time
08-18 15:29:42.248  5791  5791 D leak-2071: Eastern Standard Time
08-18 15:29:42.248  5791  5791 D leak-2070: Eastern Standard Time
08-18 15:29:42.248  5791  5791 D leak-2071: Eastern Standard Time
08-18 15:29:42.255  8995  8995 W AccessibilityNodeInfoDumper: Fetch time: 1ms
08-18 15:29:42.255   624   635 W WindowManager: Attempted to remove non-existing token: android.os.Binder@e957230
08-18 15:29:42.266  8995  8995 D AndroidRuntime: Shutting down VM
08-18 15:29:42.757  9012  9012 D AndroidRuntime: >>>>>> START com.android.internal.os.RuntimeInit uid 0 <<<<<<
08-18 15:29:42.759  9012  9012 D AndroidRuntime: CheckJNI is OFF
08-18 15:29:42.768  9012  9012 D ICU     : No timezone override file found: /data/misc/zoneinfo/current/icu/icu_tzdata.dat
08-18 15:29:42.780  9012  9012 E memtrack: Couldn't load memtrack module (No such file or directory)
08-18 15:29:42.780  9012  9012 E android.os.Debug: failed to load memtrack module: -2
08-18 15:29:42.781  9012  9012 I Radio-JNI: register_android_hardware_Radio DONE
08-18 15:29:42.788  9012  9012 D AndroidRuntime: Calling main entry com.android.commands.uiautomator.Launcher
08-18 15:29:42.807  5791  5791 D leak-2070: Eastern Standard Time
08-18 15:29:42.807  5791  5791 D leak-2071: Eastern Standard Time
08-18 15:29:42.807  5791  5791 D leak-2070: Eastern Standard Time
08-18 15:29:42.807  5791  5791 D leak-2071: Eastern Standard Time
08-18 15:29:42.808  5791  5791 D leak-2070: Eastern Standard Time
08-18 15:29:42.808  5791  5791 D leak-2071: Eastern Standard Time
08-18 15:29:42.808  5791  5791 D leak-2070: Eastern Standard Time
08-18 15:29:42.808  5791  5791 D leak-2071: Eastern Standard Time
08-18 15:29:42.808  5791  5791 D leak-857: Eastern Standard Time
08-18 15:29:43.812  5791  5791 D leak-2070: Eastern Standard Time
08-18 15:29:43.812  5791  5791 D leak-2071: Eastern Standard Time
08-18 15:29:43.812  5791  5791 D leak-2070: Eastern Standard Time
08-18 15:29:43.812  5791  5791 D leak-2071: Eastern Standard Time
08-18 15:29:43.826  9012  9012 W AccessibilityNodeInfoDumper: Fetch time: 2ms
08-18 15:29:43.827   624   759 W WindowManager: Attempted to remove non-existing token: android.os.Binder@f8c6ea9
08-18 15:29:43.860  9012  9012 D AndroidRuntime: Shutting down VM
08-18 15:29:44.905  9035  9035 D AndroidRuntime: >>>>>> START com.android.internal.os.RuntimeInit uid 0 <<<<<<
08-18 15:29:44.907  9035  9035 D AndroidRuntime: CheckJNI is OFF
08-18 15:29:44.919  9035  9035 D ICU     : No timezone override file found: /data/misc/zoneinfo/current/icu/icu_tzdata.dat
08-18 15:29:44.931  9035  9035 E memtrack: Couldn't load memtrack module (No such file or directory)
08-18 15:29:44.931  9035  9035 E android.os.Debug: failed to load memtrack module: -2
08-18 15:29:44.931  9035  9035 I Radio-JNI: register_android_hardware_Radio DONE
08-18 15:29:44.937  9035  9035 D AndroidRuntime: Calling main entry com.android.commands.uiautomator.Launcher
08-18 15:29:44.943  5791  5791 D leak-2070: Eastern Standard Time
08-18 15:29:44.943  5791  5791 D leak-2071: Eastern Standard Time
08-18 15:29:44.943  5791  5791 D leak-2070: Eastern Standard Time
08-18 15:29:44.943  5791  5791 D leak-2071: Eastern Standard Time
08-18 15:29:44.943  5791  5791 D leak-2070: Eastern Standard Time
08-18 15:29:44.943  5791  5791 D leak-2071: Eastern Standard Time
08-18 15:29:44.943  5791  5791 D leak-2070: Eastern Standard Time
