08-18 15:26:43.590   624  1044 W art     : Long monitor contention event with owner method=int com.android.server.wm.WindowManagerService.relayoutWindow(com.android.server.wm.Session, android.view.IWindow, int, android.view.WindowManager$LayoutParams, int, int, int, int, android.graphics.Rect, android.graphics.Rect, android.graphics.Rect, android.graphics.Rect, android.graphics.Rect, android.graphics.Rect, android.content.res.Configuration, android.view.Surface) from WindowManagerService.java:3103 waiters=1 for 1.193s
08-18 15:26:43.617   624   638 W art     : Long monitor contention event with owner method=java.util.List com.android.server.am.ActivityManagerService.getAllStackInfos() from ActivityManagerService.java:9003 waiters=0 for 1.033s
08-18 15:26:43.617   624   734 W art     : Long monitor contention event with owner method=java.util.List com.android.server.am.ActivityManagerService.getAllStackInfos() from ActivityManagerService.java:9003 waiters=1 for 833ms
08-18 15:26:43.630  5791  5806 D libEGL  : loaded /system/lib/egl/libEGL_emulation.so
08-18 15:26:43.634  5791  5806 D libEGL  : loaded /system/lib/egl/libGLESv1_CM_emulation.so
08-18 15:26:43.650  5791  5806 D libEGL  : loaded /system/lib/egl/libGLESv2_emulation.so
08-18 15:26:43.666  5791  5806 D         : HostConnection::get() New Host Connection established 0xeea928c0, tid 5806
08-18 15:26:44.127  5791  5806 I OpenGLRenderer: Initialized EGL, version 1.4
08-18 15:26:44.270  1596  1649 E Surface : getSlotFromBufferLocked: unknown buffer: 0xf3dd3f80
08-18 15:26:44.320  5791  5806 W EGL_emulation: eglSurfaceAttrib not implemented
08-18 15:26:44.324  5791  5806 W OpenGLRenderer: Failed to set EGL_SWAP_BEHAVIOR on surface 0xeea93580, error=EGL_SUCCESS
08-18 15:26:44.345  5791  5791 D leak-1925: Eastern Standard Time
08-18 15:26:44.345  5791  5791 D leak-1925: Eastern Standard Time
08-18 15:26:44.346  5791  5791 D leak-857: Eastern Standard Time
08-18 15:26:44.349  5791  5791 D leak-857: Eastern Standard Time
08-18 15:26:44.349  5791  5791 D leak-2071: Eastern Standard Time
08-18 15:26:44.349  5791  5791 D leak-1925: Eastern Standard Time
08-18 15:26:44.349  5791  5791 D leak-1926: Eastern Standard Time
08-18 15:26:44.349  5791  5791 D leak-1927: Eastern Standard Time
08-18 15:26:44.351  5791  5791 D leak-1928: Eastern Standard Time
08-18 15:26:44.352  5791  5791 D leak-1931: Eastern Standard Time
08-18 15:26:44.352  5791  5791 I Choreographer: Skipped 133 frames!  The application may be doing too much work on its main thread.
08-18 15:26:44.507  2004  2004 I Choreographer: Skipped 81 frames!  The application may be doing too much work on its main thread.
08-18 15:26:44.554   624   636 W art     : Long monitor contention event with owner method=void com.android.server.wm.WindowAnimator$1.doFrame(long) from WindowAnimator.java:121 waiters=2 for 233ms
08-18 15:26:44.770   624   643 I ActivityManager: Displayed com.android.packageinstaller/.permission.ui.GrantPermissionsActivity: +3s705ms (total +5s574ms)
08-18 15:26:44.844  5791  5791 D leak-1535: Eastern Standard Time
08-18 15:26:44.854  5791  5791 D leak-184: Eastern Standard Time
08-18 15:26:44.854  5791  5791 D leak-213: Eastern Standard Time
08-18 15:26:44.854  5791  5791 D leak-1536: Eastern Standard Time
08-18 15:26:44.854  5791  5791 D leak-2851: Eastern Standard Time
08-18 15:26:44.854  5791  5791 D leak-1925: Eastern Standard Time
08-18 15:26:44.854  5791  5791 D leak-1932: Eastern Standard Time
08-18 15:26:44.854  5791  5791 D leak-1933: Eastern Standard Time
08-18 15:26:44.857  5791  5791 D leak-1925: Eastern Standard Time
08-18 15:26:44.857  5791  5791 D leak-857: Eastern Standard Time
08-18 15:26:44.857  5791  5791 D leak-857: Eastern Standard Time
08-18 15:26:44.857  5791  5791 D leak-2071: Eastern Standard Time
08-18 15:26:44.988  5791  5791 D leak-1568: Eastern Standard Time
08-18 15:26:44.988  5791  5791 D leak-859: Eastern Standard Time
08-18 15:26:44.989  5791  5791 D leak-856: Eastern Standard Time
08-18 15:26:44.989  5791  5791 D leak-1041: Eastern Standard Time
08-18 15:26:44.989  5791  5791 D leak-1031: Eastern Standard Time
08-18 15:26:46.117  5822  5822 D AndroidRuntime: >>>>>> START com.android.internal.os.RuntimeInit uid 0 <<<<<<
08-18 15:26:46.119  5822  5822 D AndroidRuntime: CheckJNI is OFF
08-18 15:26:46.129  5822  5822 D ICU     : No timezone override file found: /data/misc/zoneinfo/current/icu/icu_tzdata.dat
08-18 15:26:46.140  5822  5822 E memtrack: Couldn't load memtrack module (No such file or directory)
08-18 15:26:46.140  5822  5822 E android.os.Debug: failed to load memtrack module: -2
08-18 15:26:46.141  5822  5822 I Radio-JNI: register_android_hardware_Radio DONE
08-18 15:26:46.149  5822  5822 D AndroidRuntime: Calling main entry com.android.commands.uiautomator.Launcher
08-18 15:26:47.165  5822  5822 W AccessibilityNodeInfoDumper: Fetch time: 2ms
08-18 15:26:47.165   624   757 W WindowManager: Attempted to remove non-existing token: android.os.Binder@73c6647
08-18 15:26:47.192  5822  5822 D AndroidRuntime: Shutting down VM
08-18 15:26:47.686  5840  5840 D AndroidRuntime: >>>>>> START com.android.internal.os.RuntimeInit uid 0 <<<<<<
08-18 15:26:47.687  5840  5840 D AndroidRuntime: CheckJNI is OFF
08-18 15:26:47.695  5840  5840 D ICU     : No timezone override file found: /data/misc/zoneinfo/current/icu/icu_tzdata.dat
08-18 15:26:47.706  5840  5840 E memtrack: Couldn't load memtrack module (No such file or directory)
08-18 15:26:47.706  5840  5840 E android.os.Debug: failed to load memtrack module: -2
08-18 15:26:47.707  5840  5840 I Radio-JNI: register_android_hardware_Radio DONE
08-18 15:26:47.714  5840  5840 D AndroidRuntime: Calling main entry com.android.commands.uiautomator.Launcher
08-18 15:26:48.726  5840  5840 W AccessibilityNodeInfoDumper: Fetch time: 1ms
08-18 15:26:48.727   624   635 W WindowManager: Attempted to remove non-existing token: android.os.Binder@816bf9d
08-18 15:26:48.734  5840  5840 D AndroidRuntime: Shutting down VM
08-18 15:26:49.819  5863  5863 D AndroidRuntime: >>>>>> START com.android.internal.os.RuntimeInit uid 0 <<<<<<
08-18 15:26:49.820  5863  5863 D AndroidRuntime: CheckJNI is OFF
08-18 15:26:49.832  5863  5863 D ICU     : No timezone override file found: /data/misc/zoneinfo/current/icu/icu_tzdata.dat
08-18 15:26:49.855  5863  5863 E memtrack: Couldn't load memtrack module (No such file or directory)
08-18 15:26:49.855  5863  5863 E android.os.Debug: failed to load memtrack module: -2
08-18 15:26:49.856  5863  5863 I Radio-JNI: register_android_hardware_Radio DONE
08-18 15:26:49.869  5863  5863 D AndroidRuntime: Calling main entry com.android.commands.uiautomator.Launcher
08-18 15:26:50.887  5863  5863 W AccessibilityNodeInfoDumper: Fetch time: 1ms
08-18 15:26:50.888   624   636 W WindowManager: Attempted to remove non-existing token: android.os.Binder@7f9c12
08-18 15:26:50.904  5863  5863 D AndroidRuntime: Shutting down VM
08-18 15:26:52.025  5891  5891 D AndroidRuntime: >>>>>> START com.android.internal.os.RuntimeInit uid 0 <<<<<<
08-18 15:26:52.027  5891  5891 D AndroidRuntime: CheckJNI is OFF
08-18 15:26:52.036  5891  5891 D ICU     : No timezone override file found: /data/misc/zoneinfo/current/icu/icu_tzdata.dat
08-18 15:26:52.047  5891  5891 E memtrack: Couldn't load memtrack module (No such file or directory)
08-18 15:26:52.047  5891  5891 E android.os.Debug: failed to load memtrack module: -2
08-18 15:26:52.047  5891  5891 I Radio-JNI: register_android_hardware_Radio DONE
08-18 15:26:52.054  5891  5891 D AndroidRuntime: Calling main entry com.android.commands.uiautomator.Launcher
08-18 15:26:53.065  5891  5891 W AccessibilityNodeInfoDumper: Fetch time: 2ms
08-18 15:26:53.068   624   993 W WindowManager: Attempted to remove non-existing token: android.os.Binder@fcf1fe3
08-18 15:26:53.089  5891  5891 D AndroidRuntime: Shutting down VM
08-18 15:26:53.571   267   661 W AudioFlinger: write blocked for 10015 msecs, 8 delayed writes, thread 0xf1e00000
08-18 15:26:54.947  5925  5925 D AndroidRuntime: >>>>>> START com.android.internal.os.RuntimeInit uid 0 <<<<<<
08-18 15:26:54.948  5925  5925 D AndroidRuntime: CheckJNI is OFF
08-18 15:26:54.959  5925  5925 D ICU     : No timezone override file found: /data/misc/zoneinfo/current/icu/icu_tzdata.dat
08-18 15:26:54.970  5925  5925 E memtrack: Couldn't load memtrack module (No such file or directory)
08-18 15:26:54.970  5925  5925 E android.os.Debug: failed to load memtrack module: -2
08-18 15:26:54.970  5925  5925 I Radio-JNI: register_android_hardware_Radio DONE
08-18 15:26:54.976  5925  5925 D AndroidRuntime: Calling main entry com.android.commands.uiautomator.Launcher
08-18 15:26:55.990  5925  5925 W AccessibilityNodeInfoDumper: Fetch time: 1ms
08-18 15:26:55.990   624  1044 W WindowManager: Attempted to remove non-existing token: android.os.Binder@379ede0
08-18 15:26:56.005  5925  5925 D AndroidRuntime: Shutting down VM
08-18 15:26:56.580  5943  5943 D AndroidRuntime: >>>>>> START com.android.internal.os.RuntimeInit uid 0 <<<<<<
08-18 15:26:56.582  5943  5943 D AndroidRuntime: CheckJNI is OFF
08-18 15:26:56.590  5943  5943 D ICU     : No timezone override file found: /data/misc/zoneinfo/current/icu/icu_tzdata.dat
08-18 15:26:56.603  5943  5943 E memtrack: Couldn't load memtrack module (No such file or directory)
08-18 15:26:56.603  5943  5943 E android.os.Debug: failed to load memtrack module: -2
08-18 15:26:56.604  5943  5943 I Radio-JNI: register_android_hardware_Radio DONE
08-18 15:26:56.610  5943  5943 D AndroidRuntime: Calling main entry com.android.commands.uiautomator.Launcher
08-18 15:26:57.626  5943  5943 W AccessibilityNodeInfoDumper: Fetch time: 1ms
08-18 15:26:57.626   624   991 W WindowManager: Attempted to remove non-existing token: android.os.Binder@1b7675e
08-18 15:26:57.632  5943  5943 D AndroidRuntime: Shutting down VM
08-18 15:26:58.686  5967  5967 D AndroidRuntime: >>>>>> START com.android.internal.os.RuntimeInit uid 0 <<<<<<
08-18 15:26:58.688  5967  5967 D AndroidRuntime: CheckJNI is OFF
08-18 15:26:58.700  5967  5967 D ICU     : No timezone override file found: /data/misc/zoneinfo/current/icu/icu_tzdata.dat
08-18 15:26:58.713  5967  5967 E memtrack: Couldn't load memtrack module (No such file or directory)
08-18 15:26:58.713  5967  5967 E android.os.Debug: failed to load memtrack module: -2
08-18 15:26:58.714  5967  5967 I Radio-JNI: register_android_hardware_Radio DONE
08-18 15:26:58.721  5967  5967 D AndroidRuntime: Calling main entry com.android.commands.uiautomator.Launcher
08-18 15:26:59.732  5967  5967 W AccessibilityNodeInfoDumper: Fetch time: 1ms
08-18 15:26:59.733   624   636 W WindowManager: Attempted to remove non-existing token: android.os.Binder@d49d73f
08-18 15:26:59.744  5967  5967 D AndroidRuntime: Shutting down VM
08-18 15:27:00.244  5985  5985 D AndroidRuntime: >>>>>> START com.android.internal.os.RuntimeInit uid 0 <<<<<<
08-18 15:27:00.245  5985  5985 D AndroidRuntime: CheckJNI is OFF
08-18 15:27:00.254  5985  5985 D ICU     : No timezone override file found: /data/misc/zoneinfo/current/icu/icu_tzdata.dat
08-18 15:27:00.270  5985  5985 E memtrack: Couldn't load memtrack module (No such file or directory)
08-18 15:27:00.270  5985  5985 E android.os.Debug: failed to load memtrack module: -2
08-18 15:27:00.271  5985  5985 I Radio-JNI: register_android_hardware_Radio DONE
08-18 15:27:00.285  5985  5985 D AndroidRuntime: Calling main entry com.android.commands.uiautomator.Launcher
08-18 15:27:01.299  5985  5985 W AccessibilityNodeInfoDumper: Fetch time: 2ms
08-18 15:27:01.299   624  1044 W WindowManager: Attempted to remove non-existing token: android.os.Binder@1c0080c
08-18 15:27:01.318  5985  5985 D AndroidRuntime: Shutting down VM
08-18 15:27:02.403  6008  6008 D AndroidRuntime: >>>>>> START com.android.internal.os.RuntimeInit uid 0 <<<<<<
08-18 15:27:02.405  6008  6008 D AndroidRuntime: CheckJNI is OFF
08-18 15:27:02.414  6008  6008 D ICU     : No timezone override file found: /data/misc/zoneinfo/current/icu/icu_tzdata.dat
08-18 15:27:02.426  6008  6008 E memtrack: Couldn't load memtrack module (No such file or directory)
08-18 15:27:02.426  6008  6008 E android.os.Debug: failed to load memtrack module: -2
08-18 15:27:02.427  6008  6008 I Radio-JNI: register_android_hardware_Radio DONE
08-18 15:27:02.437  6008  6008 D AndroidRuntime: Calling main entry com.android.commands.uiautomator.Launcher
08-18 15:27:03.449  6008  6008 W AccessibilityNodeInfoDumper: Fetch time: 1ms
08-18 15:27:03.449   624  1044 W WindowManager: Attempted to remove non-existing token: android.os.Binder@67f4555
08-18 15:27:03.457  6008  6008 D AndroidRuntime: Shutting down VM
08-18 15:27:03.920  6026  6026 D AndroidRuntime: >>>>>> START com.android.internal.os.RuntimeInit uid 0 <<<<<<
08-18 15:27:03.922  6026  6026 D AndroidRuntime: CheckJNI is OFF
08-18 15:27:03.930  6026  6026 D ICU     : No timezone override file found: /data/misc/zoneinfo/current/icu/icu_tzdata.dat
08-18 15:27:03.943  6026  6026 E memtrack: Couldn't load memtrack module (No such file or directory)
08-18 15:27:03.943  6026  6026 E android.os.Debug: failed to load memtrack module: -2
08-18 15:27:03.944  6026  6026 I Radio-JNI: register_android_hardware_Radio DONE
08-18 15:27:03.951  6026  6026 D AndroidRuntime: Calling main entry com.android.commands.uiautomator.Launcher
08-18 15:27:04.962  6026  6026 W AccessibilityNodeInfoDumper: Fetch time: 1ms
08-18 15:27:04.963   624   993 W WindowManager: Attempted to remove non-existing token: android.os.Binder@e9b6a
08-18 15:27:04.975  6026  6026 D AndroidRuntime: Shutting down VM
08-18 15:27:05.455  6043  6043 D AndroidRuntime: >>>>>> START com.android.internal.os.RuntimeInit uid 0 <<<<<<
08-18 15:27:05.456  6043  6043 D AndroidRuntime: CheckJNI is OFF
08-18 15:27:05.465  6043  6043 D ICU     : No timezone override file found: /data/misc/zoneinfo/current/icu/icu_tzdata.dat
08-18 15:27:05.476  6043  6043 E memtrack: Couldn't load memtrack module (No such file or directory)
08-18 15:27:05.476  6043  6043 E android.os.Debug: failed to load memtrack module: -2
08-18 15:27:05.477  6043  6043 I Radio-JNI: register_android_hardware_Radio DONE
08-18 15:27:05.484  6043  6043 D AndroidRuntime: Calling main entry com.android.commands.monkey.Monkey
08-18 15:27:05.491   624   638 W BroadcastQueue: Skipping deliver [background] BroadcastRecord{e3be1d1 u-1 android.net.conn.CONNECTIVITY_CHANGE} to ReceiverList{6f30436 6043 (unknown name)/0/u-1 remote:78ea85b}: process crashing
08-18 15:27:05.495   624   757 I ActivityManager: START u0 {act=android.intent.action.MAIN cat=[android.intent.category.LAUNCHER] flg=0x10200000 cmp=us.koller.cameraroll.debug/us.koller.cameraroll.ui.MainActivity} from uid 0 on display 0
08-18 15:27:05.504   624   639 D Sensors : batch handle 1, but there is no batch sensor in genymotion
08-18 15:27:05.514  6043  6043 I art     : System.exit called, status: 0
08-18 15:27:05.514  6043  6043 I AndroidRuntime: VM exiting with result code 0.
08-18 15:27:11.362  6063  6063 D AndroidRuntime: >>>>>> START com.android.internal.os.RuntimeInit uid 0 <<<<<<
08-18 15:27:11.365  6063  6063 D AndroidRuntime: CheckJNI is OFF
08-18 15:27:11.376  6063  6063 D ICU     : No timezone override file found: /data/misc/zoneinfo/current/icu/icu_tzdata.dat
08-18 15:27:11.390  6063  6063 E memtrack: Couldn't load memtrack module (No such file or directory)
08-18 15:27:11.390  6063  6063 E android.os.Debug: failed to load memtrack module: -2
08-18 15:27:11.390  6063  6063 I Radio-JNI: register_android_hardware_Radio DONE
08-18 15:27:11.398  6063  6063 D AndroidRuntime: Calling main entry com.android.commands.uiautomator.Launcher
08-18 15:27:12.408  6063  6063 W AccessibilityNodeInfoDumper: Fetch time: 1ms
08-18 15:27:12.409   624   991 W WindowManager: Attempted to remove non-existing token: android.os.Binder@8856f37
08-18 15:27:12.415  6063  6063 D AndroidRuntime: Shutting down VM
08-18 15:27:12.877  6081  6081 D AndroidRuntime: >>>>>> START com.android.internal.os.RuntimeInit uid 0 <<<<<<
08-18 15:27:12.879  6081  6081 D AndroidRuntime: CheckJNI is OFF
08-18 15:27:12.888  6081  6081 D ICU     : No timezone override file found: /data/misc/zoneinfo/current/icu/icu_tzdata.dat
08-18 15:27:12.900  6081  6081 E memtrack: Couldn't load memtrack module (No such file or directory)
08-18 15:27:12.900  6081  6081 E android.os.Debug: failed to load memtrack module: -2
08-18 15:27:12.900  6081  6081 I Radio-JNI: register_android_hardware_Radio DONE
08-18 15:27:12.906  6081  6081 D AndroidRuntime: Calling main entry com.android.commands.uiautomator.Launcher
08-18 15:27:13.920  6081  6081 W AccessibilityNodeInfoDumper: Fetch time: 2ms
08-18 15:27:13.921   624   636 W WindowManager: Attempted to remove non-existing token: android.os.Binder@43d4ca4
08-18 15:27:13.927  6081  6081 D AndroidRuntime: Shutting down VM
08-18 15:27:14.347  6094  6094 D AndroidRuntime: >>>>>> START com.android.internal.os.RuntimeInit uid 0 <<<<<<
08-18 15:27:14.349  6094  6094 D AndroidRuntime: CheckJNI is OFF
08-18 15:27:14.360  6094  6094 D ICU     : No timezone override file found: /data/misc/zoneinfo/current/icu/icu_tzdata.dat
08-18 15:27:14.379  6094  6094 E memtrack: Couldn't load memtrack module (No such file or directory)
08-18 15:27:14.379  6094  6094 E android.os.Debug: failed to load memtrack module: -2
08-18 15:27:14.380  6094  6094 I Radio-JNI: register_android_hardware_Radio DONE
08-18 15:27:14.390  6094  6094 D AndroidRuntime: Calling main entry com.android.commands.input.Input
08-18 15:27:14.390  6094  6094 I Input   : injectMotionEvent: MotionEvent { action=ACTION_DOWN, actionButton=0, id[0]=0, x[0]=606.0, y[0]=944.0, toolType[0]=TOOL_TYPE_UNKNOWN, buttonState=0, metaState=0, flags=0x0, edgeFlags=0x0, pointerCount=1, historySize=0, eventTime=495352, downTime=495352, deviceId=0, source=0x1002 }
08-18 15:27:14.406  6094  6094 I Input   : injectMotionEvent: MotionEvent { action=ACTION_UP, actionButton=0, id[0]=0, x[0]=606.0, y[0]=944.0, toolType[0]=TOOL_TYPE_UNKNOWN, buttonState=0, metaState=0, flags=0x0, edgeFlags=0x0, pointerCount=1, historySize=0, eventTime=495352, downTime=495352, deviceId=0, source=0x1002 }
08-18 15:27:14.408  6094  6094 D AndroidRuntime: Shutting down VM
08-18 15:27:18.876  6429  6429 D AndroidRuntime: >>>>>> START com.android.internal.os.RuntimeInit uid 0 <<<<<<
08-18 15:27:18.877  6429  6429 D AndroidRuntime: CheckJNI is OFF
08-18 15:27:18.891  6429  6429 D ICU     : No timezone override file found: /data/misc/zoneinfo/current/icu/icu_tzdata.dat
08-18 15:27:18.906  6429  6429 E memtrack: Couldn't load memtrack module (No such file or directory)
08-18 15:27:18.906  6429  6429 E android.os.Debug: failed to load memtrack module: -2
08-18 15:27:18.906  6429  6429 I Radio-JNI: register_android_hardware_Radio DONE
08-18 15:27:18.913  6429  6429 D AndroidRuntime: Calling main entry com.android.commands.monkey.Monkey
08-18 15:27:18.922   624   638 W BroadcastQueue: Skipping deliver [background] BroadcastRecord{dad0e2f u-1 android.net.conn.CONNECTIVITY_CHANGE} to ReceiverList{45b8c3c 6429 (unknown name)/0/u-1 remote:cf7fa09}: process crashing
08-18 15:27:18.929   624  1044 I ActivityManager: START u0 {act=android.intent.action.MAIN cat=[android.intent.category.LAUNCHER] flg=0x10200000 cmp=us.koller.cameraroll.debug/us.koller.cameraroll.ui.MainActivity} from uid 0 on display 0
08-18 15:27:18.938   624   639 D Sensors : batch handle 1, but there is no batch sensor in genymotion
08-18 15:27:18.946  6429  6429 I art     : System.exit called, status: 0
08-18 15:27:18.946  6429  6429 I AndroidRuntime: VM exiting with result code 0.
08-18 15:27:25.118  6441  6441 D AndroidRuntime: >>>>>> START com.android.internal.os.RuntimeInit uid 0 <<<<<<
08-18 15:27:25.120  6441  6441 D AndroidRuntime: CheckJNI is OFF
08-18 15:27:25.128  6441  6441 D ICU     : No timezone override file found: /data/misc/zoneinfo/current/icu/icu_tzdata.dat
08-18 15:27:25.140  6441  6441 E memtrack: Couldn't load memtrack module (No such file or directory)
08-18 15:27:25.140  6441  6441 E android.os.Debug: failed to load memtrack module: -2
08-18 15:27:25.140  6441  6441 I Radio-JNI: register_android_hardware_Radio DONE
08-18 15:27:25.147  6441  6441 D AndroidRuntime: Calling main entry com.android.commands.uiautomator.Launcher
08-18 15:27:26.158  6441  6441 W AccessibilityNodeInfoDumper: Fetch time: 2ms
08-18 15:27:26.158   624   993 W WindowManager: Attempted to remove non-existing token: android.os.Binder@21d2dc5
08-18 15:27:26.164  6441  6441 D AndroidRuntime: Shutting down VM
08-18 15:27:27.260  6464  6464 D AndroidRuntime: >>>>>> START com.android.internal.os.RuntimeInit uid 0 <<<<<<
08-18 15:27:27.264  6464  6464 D AndroidRuntime: CheckJNI is OFF
08-18 15:27:27.272  6464  6464 D ICU     : No timezone override file found: /data/misc/zoneinfo/current/icu/icu_tzdata.dat
08-18 15:27:27.284  6464  6464 E memtrack: Couldn't load memtrack module (No such file or directory)
08-18 15:27:27.284  6464  6464 E android.os.Debug: failed to load memtrack module: -2
08-18 15:27:27.285  6464  6464 I Radio-JNI: register_android_hardware_Radio DONE
08-18 15:27:27.291  6464  6464 D AndroidRuntime: Calling main entry com.android.commands.uiautomator.Launcher
08-18 15:27:28.304  6464  6464 W AccessibilityNodeInfoDumper: Fetch time: 1ms
08-18 15:27:28.305   624   759 W WindowManager: Attempted to remove non-existing token: android.os.Binder@5bcb31a
08-18 15:27:28.311  6464  6464 D AndroidRuntime: Shutting down VM
08-18 15:27:28.767  6482  6482 D AndroidRuntime: >>>>>> START com.android.internal.os.RuntimeInit uid 0 <<<<<<
08-18 15:27:28.768  6482  6482 D AndroidRuntime: CheckJNI is OFF
08-18 15:27:28.776  6482  6482 D ICU     : No timezone override file found: /data/misc/zoneinfo/current/icu/icu_tzdata.dat
08-18 15:27:28.793  6482  6482 E memtrack: Couldn't load memtrack module (No such file or directory)
08-18 15:27:28.793  6482  6482 E android.os.Debug: failed to load memtrack module: -2
08-18 15:27:28.794  6482  6482 I Radio-JNI: register_android_hardware_Radio DONE
08-18 15:27:28.802  6482  6482 D AndroidRuntime: Calling main entry com.android.commands.uiautomator.Launcher
08-18 15:27:29.817  6482  6482 W AccessibilityNodeInfoDumper: Fetch time: 2ms
08-18 15:27:29.817   624   993 W WindowManager: Attempted to remove non-existing token: android.os.Binder@65e4b
08-18 15:27:29.826  6482  6482 D AndroidRuntime: Shutting down VM
08-18 15:27:30.892  6505  6505 D AndroidRuntime: >>>>>> START com.android.internal.os.RuntimeInit uid 0 <<<<<<
08-18 15:27:30.894  6505  6505 D AndroidRuntime: CheckJNI is OFF
08-18 15:27:30.903  6505  6505 D ICU     : No timezone override file found: /data/misc/zoneinfo/current/icu/icu_tzdata.dat
08-18 15:27:30.914  6505  6505 E memtrack: Couldn't load memtrack module (No such file or directory)
08-18 15:27:30.914  6505  6505 E android.os.Debug: failed to load memtrack module: -2
08-18 15:27:30.915  6505  6505 I Radio-JNI: register_android_hardware_Radio DONE
08-18 15:27:30.921  6505  6505 D AndroidRuntime: Calling main entry com.android.commands.uiautomator.Launcher
08-18 15:27:31.935  6505  6505 W AccessibilityNodeInfoDumper: Fetch time: 2ms
08-18 15:27:31.936   624   759 W WindowManager: Attempted to remove non-existing token: android.os.Binder@c733028
08-18 15:27:31.951  6505  6505 D AndroidRuntime: Shutting down VM
08-18 15:27:33.103  6533  6533 D AndroidRuntime: >>>>>> START com.android.internal.os.RuntimeInit uid 0 <<<<<<
08-18 15:27:33.105  6533  6533 D AndroidRuntime: CheckJNI is OFF
08-18 15:27:33.113  6533  6533 D ICU     : No timezone override file found: /data/misc/zoneinfo/current/icu/icu_tzdata.dat
08-18 15:27:33.125  6533  6533 E memtrack: Couldn't load memtrack module (No such file or directory)
08-18 15:27:33.125  6533  6533 E android.os.Debug: failed to load memtrack module: -2
08-18 15:27:33.126  6533  6533 I Radio-JNI: register_android_hardware_Radio DONE
08-18 15:27:33.131  6533  6533 D AndroidRuntime: Calling main entry com.android.commands.uiautomator.Launcher
08-18 15:27:34.151  6533  6533 W AccessibilityNodeInfoDumper: Fetch time: 1ms
08-18 15:27:34.151   624   757 W WindowManager: Attempted to remove non-existing token: android.os.Binder@ca7e141
08-18 15:27:34.183  6533  6533 D AndroidRuntime: Shutting down VM
08-18 15:27:34.757   267   661 W AudioFlinger: write blocked for 19965 msecs, 9 delayed writes, thread 0xf1e00000
08-18 15:27:35.279  6559  6559 D AndroidRuntime: >>>>>> START com.android.internal.os.RuntimeInit uid 0 <<<<<<
08-18 15:27:35.280  6559  6559 D AndroidRuntime: CheckJNI is OFF
08-18 15:27:35.290  6559  6559 D ICU     : No timezone override file found: /data/misc/zoneinfo/current/icu/icu_tzdata.dat
08-18 15:27:35.306  6559  6559 E memtrack: Couldn't load memtrack module (No such file or directory)
08-18 15:27:35.306  6559  6559 E android.os.Debug: failed to load memtrack module: -2
08-18 15:27:35.307  6559  6559 I Radio-JNI: register_android_hardware_Radio DONE
08-18 15:27:35.313  6559  6559 D AndroidRuntime: Calling main entry com.android.commands.uiautomator.Launcher
08-18 15:27:36.329  6559  6559 W AccessibilityNodeInfoDumper: Fetch time: 2ms
08-18 15:27:36.329   624   991 W WindowManager: Attempted to remove non-existing token: android.os.Binder@362e6e6
08-18 15:27:36.340  6559  6559 D AndroidRuntime: Shutting down VM
08-18 15:27:36.835  6577  6577 D AndroidRuntime: >>>>>> START com.android.internal.os.RuntimeInit uid 0 <<<<<<
08-18 15:27:36.836  6577  6577 D AndroidRuntime: CheckJNI is OFF
08-18 15:27:36.850  6577  6577 D ICU     : No timezone override file found: /data/misc/zoneinfo/current/icu/icu_tzdata.dat
08-18 15:27:36.874  6577  6577 E memtrack: Couldn't load memtrack module (No such file or directory)
08-18 15:27:36.874  6577  6577 E android.os.Debug: failed to load memtrack module: -2
08-18 15:27:36.875  6577  6577 I Radio-JNI: register_android_hardware_Radio DONE
08-18 15:27:36.881  6577  6577 D AndroidRuntime: Calling main entry com.android.commands.uiautomator.Launcher
08-18 15:27:37.894  6577  6577 W AccessibilityNodeInfoDumper: Fetch time: 1ms
08-18 15:27:37.895   624   757 W WindowManager: Attempted to remove non-existing token: android.os.Binder@fdf26d4
08-18 15:27:37.912  6577  6577 D AndroidRuntime: Shutting down VM
08-18 15:27:38.962  6601  6601 D AndroidRuntime: >>>>>> START com.android.internal.os.RuntimeInit uid 0 <<<<<<
08-18 15:27:38.964  6601  6601 D AndroidRuntime: CheckJNI is OFF
08-18 15:27:38.972  6601  6601 D ICU     : No timezone override file found: /data/misc/zoneinfo/current/icu/icu_tzdata.dat
08-18 15:27:38.985  6601  6601 E memtrack: Couldn't load memtrack module (No such file or directory)
08-18 15:27:38.986  6601  6601 E android.os.Debug: failed to load memtrack module: -2
08-18 15:27:38.987  6601  6601 I Radio-JNI: register_android_hardware_Radio DONE
08-18 15:27:38.993  6601  6601 D AndroidRuntime: Calling main entry com.android.commands.uiautomator.Launcher
08-18 15:27:40.004  6601  6601 W AccessibilityNodeInfoDumper: Fetch time: 1ms
08-18 15:27:40.004   624  1102 W WindowManager: Attempted to remove non-existing token: android.os.Binder@bd0507d
08-18 15:27:40.011  6601  6601 D AndroidRuntime: Shutting down VM
08-18 15:27:40.533  6619  6619 D AndroidRuntime: >>>>>> START com.android.internal.os.RuntimeInit uid 0 <<<<<<
08-18 15:27:40.535  6619  6619 D AndroidRuntime: CheckJNI is OFF
08-18 15:27:40.544  6619  6619 D ICU     : No timezone override file found: /data/misc/zoneinfo/current/icu/icu_tzdata.dat
08-18 15:27:40.557  6619  6619 E memtrack: Couldn't load memtrack module (No such file or directory)
08-18 15:27:40.557  6619  6619 E android.os.Debug: failed to load memtrack module: -2
08-18 15:27:40.558  6619  6619 I Radio-JNI: register_android_hardware_Radio DONE
08-18 15:27:40.564  6619  6619 D AndroidRuntime: Calling main entry com.android.commands.uiautomator.Launcher
08-18 15:27:41.577  6619  6619 W AccessibilityNodeInfoDumper: Fetch time: 1ms
08-18 15:27:41.577   624   636 W WindowManager: Attempted to remove non-existing token: android.os.Binder@de68b72
08-18 15:27:41.586  6619  6619 D AndroidRuntime: Shutting down VM
08-18 15:27:42.649  6642  6642 D AndroidRuntime: >>>>>> START com.android.internal.os.RuntimeInit uid 0 <<<<<<
08-18 15:27:42.652  6642  6642 D AndroidRuntime: CheckJNI is OFF
08-18 15:27:42.662  6642  6642 D ICU     : No timezone override file found: /data/misc/zoneinfo/current/icu/icu_tzdata.dat
08-18 15:27:42.675  6642  6642 E memtrack: Couldn't load memtrack module (No such file or directory)
08-18 15:27:42.675  6642  6642 E android.os.Debug: failed to load memtrack module: -2
08-18 15:27:42.675  6642  6642 I Radio-JNI: register_android_hardware_Radio DONE
08-18 15:27:42.681  6642  6642 D AndroidRuntime: Calling main entry com.android.commands.uiautomator.Launcher
08-18 15:27:43.703  6642  6642 W AccessibilityNodeInfoDumper: Fetch time: 1ms
08-18 15:27:43.703   624  1044 W WindowManager: Attempted to remove non-existing token: android.os.Binder@5d24bc3
08-18 15:27:43.716  6642  6642 D AndroidRuntime: Shutting down VM
08-18 15:27:44.168  6660  6660 D AndroidRuntime: >>>>>> START com.android.internal.os.RuntimeInit uid 0 <<<<<<
08-18 15:27:44.170  6660  6660 D AndroidRuntime: CheckJNI is OFF
08-18 15:27:44.180  6660  6660 D ICU     : No timezone override file found: /data/misc/zoneinfo/current/icu/icu_tzdata.dat
08-18 15:27:44.194  6660  6660 E memtrack: Couldn't load memtrack module (No such file or directory)
08-18 15:27:44.194  6660  6660 E android.os.Debug: failed to load memtrack module: -2
08-18 15:27:44.195  6660  6660 I Radio-JNI: register_android_hardware_Radio DONE
08-18 15:27:44.200  6660  6660 D AndroidRuntime: Calling main entry com.android.commands.uiautomator.Launcher
08-18 15:27:44.793   267   661 W AudioFlinger: write blocked for 10024 msecs, 10 delayed writes, thread 0xf1e00000
08-18 15:27:45.214  6660  6660 W AccessibilityNodeInfoDumper: Fetch time: 1ms
08-18 15:27:45.214   624   636 W WindowManager: Attempted to remove non-existing token: android.os.Binder@971dc40
08-18 15:27:45.224  6660  6660 D AndroidRuntime: Shutting down VM
08-18 15:27:45.705  6677  6677 D AndroidRuntime: >>>>>> START com.android.internal.os.RuntimeInit uid 0 <<<<<<
08-18 15:27:45.707  6677  6677 D AndroidRuntime: CheckJNI is OFF
08-18 15:27:45.715  6677  6677 D ICU     : No timezone override file found: /data/misc/zoneinfo/current/icu/icu_tzdata.dat
08-18 15:27:45.727  6677  6677 E memtrack: Couldn't load memtrack module (No such file or directory)
08-18 15:27:45.727  6677  6677 E android.os.Debug: failed to load memtrack module: -2
08-18 15:27:45.727  6677  6677 I Radio-JNI: register_android_hardware_Radio DONE
08-18 15:27:45.739  6677  6677 D AndroidRuntime: Calling main entry com.android.commands.monkey.Monkey
08-18 15:27:45.750   624   638 W BroadcastQueue: Skipping deliver [background] BroadcastRecord{d83e11f u-1 android.net.conn.CONNECTIVITY_CHANGE} to ReceiverList{cb87c6c 6677 (unknown name)/0/u-1 remote:167779}: process crashing
08-18 15:27:45.754   624  1102 I ActivityManager: START u0 {act=android.intent.action.MAIN cat=[android.intent.category.LAUNCHER] flg=0x10200000 cmp=us.koller.cameraroll.debug/us.koller.cameraroll.ui.MainActivity} from uid 0 on display 0
08-18 15:27:45.758   624   639 D Sensors : batch handle 1, but there is no batch sensor in genymotion
08-18 15:27:45.760  6677  6677 I art     : System.exit called, status: 0
08-18 15:27:45.760  6677  6677 I AndroidRuntime: VM exiting with result code 0.
08-18 15:27:51.561  6697  6697 D AndroidRuntime: >>>>>> START com.android.internal.os.RuntimeInit uid 0 <<<<<<
08-18 15:27:51.564  6697  6697 D AndroidRuntime: CheckJNI is OFF
08-18 15:27:51.579  6697  6697 D ICU     : No timezone override file found: /data/misc/zoneinfo/current/icu/icu_tzdata.dat
08-18 15:27:51.594  6697  6697 E memtrack: Couldn't load memtrack module (No such file or directory)
08-18 15:27:51.594  6697  6697 E android.os.Debug: failed to load memtrack module: -2
08-18 15:27:51.595  6697  6697 I Radio-JNI: register_android_hardware_Radio DONE
08-18 15:27:51.601  6697  6697 D AndroidRuntime: Calling main entry com.android.commands.uiautomator.Launcher
08-18 15:27:52.617  6697  6697 W AccessibilityNodeInfoDumper: Fetch time: 2ms
08-18 15:27:52.617   624   993 W WindowManager: Attempted to remove non-existing token: android.os.Binder@7fe1235
08-18 15:27:52.631  6697  6697 D AndroidRuntime: Shutting down VM
08-18 15:27:53.090  6715  6715 D AndroidRuntime: >>>>>> START com.android.internal.os.RuntimeInit uid 0 <<<<<<
08-18 15:27:53.092  6715  6715 D AndroidRuntime: CheckJNI is OFF
08-18 15:27:53.099  6715  6715 D ICU     : No timezone override file found: /data/misc/zoneinfo/current/icu/icu_tzdata.dat
08-18 15:27:53.111  6715  6715 E memtrack: Couldn't load memtrack module (No such file or directory)
08-18 15:27:53.111  6715  6715 E android.os.Debug: failed to load memtrack module: -2
08-18 15:27:53.111  6715  6715 I Radio-JNI: register_android_hardware_Radio DONE
08-18 15:27:53.119  6715  6715 D AndroidRuntime: Calling main entry com.android.commands.uiautomator.Launcher
08-18 15:27:54.149  6715  6715 W AccessibilityNodeInfoDumper: Fetch time: 1ms
08-18 15:27:54.150   624   759 W WindowManager: Attempted to remove non-existing token: android.os.Binder@ab816ca
08-18 15:27:54.158  6715  6715 D AndroidRuntime: Shutting down VM
08-18 15:27:54.554  6728  6728 D AndroidRuntime: >>>>>> START com.android.internal.os.RuntimeInit uid 0 <<<<<<
08-18 15:27:54.556  6728  6728 D AndroidRuntime: CheckJNI is OFF
08-18 15:27:54.570  6728  6728 D ICU     : No timezone override file found: /data/misc/zoneinfo/current/icu/icu_tzdata.dat
08-18 15:27:54.582  6728  6728 E memtrack: Couldn't load memtrack module (No such file or directory)
08-18 15:27:54.582  6728  6728 E android.os.Debug: failed to load memtrack module: -2
08-18 15:27:54.583  6728  6728 I Radio-JNI: register_android_hardware_Radio DONE
08-18 15:27:54.589  6728  6728 D AndroidRuntime: Calling main entry com.android.commands.input.Input
08-18 15:27:54.592  6728  6728 I Input   : injectMotionEvent: MotionEvent { action=ACTION_DOWN, actionButton=0, id[0]=0, x[0]=896.0, y[0]=1062.0, toolType[0]=TOOL_TYPE_UNKNOWN, buttonState=0, metaState=0, flags=0x0, edgeFlags=0x0, pointerCount=1, historySize=0, eventTime=535552, downTime=535552, deviceId=0, source=0x1002 }
08-18 15:27:54.594  6728  6728 I Input   : injectMotionEvent: MotionEvent { action=ACTION_UP, actionButton=0, id[0]=0, x[0]=896.0, y[0]=1062.0, toolType[0]=TOOL_TYPE_UNKNOWN, buttonState=0, metaState=0, flags=0x0, edgeFlags=0x0, pointerCount=1, historySize=0, eventTime=535552, downTime=535552, deviceId=0, source=0x1002 }
08-18 15:27:54.594  6728  6728 D AndroidRuntime: Shutting down VM
08-18 15:27:54.624  5791  5791 D leak-1834: Eastern Standard Time
08-18 15:27:54.624  5791  5791 D leak-1835: Eastern Standard Time
08-18 15:27:54.624  5791  5791 D leak-1837: Eastern Standard Time
08-18 15:27:54.624  5791  5791 D leak-2854: Eastern Standard Time
08-18 15:27:54.626  5791  5791 D leak-2855: Eastern Standard Time
08-18 15:27:54.626  5791  5791 D leak-1838: Eastern Standard Time
08-18 15:27:54.626  5791  5791 D leak-2853: Eastern Standard Time
08-18 15:27:54.626  5791  5791 D leak-1824: Eastern Standard Time
08-18 15:27:54.626  5791  5791 D leak-1849: Eastern Standard Time
08-18 15:27:54.626  5791  5791 D leak-1850: Eastern Standard Time
08-18 15:27:54.626  5791  5791 D leak-1825: Eastern Standard Time
08-18 15:27:54.638  5791  5791 D leak-1925: Eastern Standard Time
08-18 15:27:54.638  5791  5791 D leak-1925: Eastern Standard Time
08-18 15:27:54.639  5791  5791 D leak-1925: Eastern Standard Time
08-18 15:27:54.639  5791  5791 D leak-1925: Eastern Standard Time
08-18 15:27:54.649  5791  5791 D leak-1925: Eastern Standard Time
08-18 15:27:54.649  5791  5791 D leak-1926: Eastern Standard Time
08-18 15:27:54.649  5791  5791 D leak-1927: Eastern Standard Time
08-18 15:27:54.649  5791  5791 D leak-1931: Eastern Standard Time
08-18 15:27:54.665  2004  2020 E Surface : getSlotFromBufferLocked: unknown buffer: 0xe9be4700
08-18 15:27:54.685  2004  2020 D OpenGLRenderer: endAllStagingAnimators on 0xf3d9b400 (RippleDrawable) with handle 0xeea92d90
08-18 15:27:54.706  5791  5791 D leak-1925: Eastern Standard Time
08-18 15:27:54.706  5791  5791 D leak-1926: Eastern Standard Time
08-18 15:27:54.706  5791  5791 D leak-1927: Eastern Standard Time
08-18 15:27:54.706  5791  5791 D leak-1931: Eastern Standard Time
08-18 15:27:54.729  5791  5791 D leak-1925: Eastern Standard Time
08-18 15:27:54.729  5791  5791 D leak-1926: Eastern Standard Time
08-18 15:27:54.729  5791  5791 D leak-1927: Eastern Standard Time
08-18 15:27:54.729  5791  5791 D leak-1931: Eastern Standard Time
08-18 15:27:54.787  5791  5791 D leak-1925: Eastern Standard Time
08-18 15:27:54.787  5791  5791 D leak-1926: Eastern Standard Time
08-18 15:27:54.787  5791  5791 D leak-1927: Eastern Standard Time
08-18 15:27:54.787  5791  5791 D leak-1931: Eastern Standard Time
08-18 15:27:54.805  5791  5791 D leak-1925: Eastern Standard Time
08-18 15:27:54.805  5791  5791 D leak-1926: Eastern Standard Time
08-18 15:27:54.805  5791  5791 D leak-1927: Eastern Standard Time
08-18 15:27:54.805  5791  5791 D leak-1931: Eastern Standard Time
08-18 15:27:54.979  5791  5791 D leak-1925: Eastern Standard Time
08-18 15:27:54.979  5791  5791 D leak-1926: Eastern Standard Time
08-18 15:27:54.979  5791  5791 D leak-1927: Eastern Standard Time
08-18 15:27:54.979  5791  5791 D leak-1931: Eastern Standard Time
08-18 15:27:54.997   585   585 W SurfaceFlinger: couldn't log to binary event log: overflow.
08-18 15:27:59.765  7066  7066 D AndroidRuntime: >>>>>> START com.android.internal.os.RuntimeInit uid 0 <<<<<<
08-18 15:27:59.766  7066  7066 D AndroidRuntime: CheckJNI is OFF
08-18 15:27:59.775  7066  7066 D ICU     : No timezone override file found: /data/misc/zoneinfo/current/icu/icu_tzdata.dat
08-18 15:27:59.787  7066  7066 E memtrack: Couldn't load memtrack module (No such file or directory)
08-18 15:27:59.787  7066  7066 E android.os.Debug: failed to load memtrack module: -2
08-18 15:27:59.787  7066  7066 I Radio-JNI: register_android_hardware_Radio DONE
08-18 15:27:59.795  7066  7066 D AndroidRuntime: Calling main entry com.android.commands.uiautomator.Launcher
08-18 15:27:59.805  5791  5791 D leak-2070: Eastern Standard Time
08-18 15:27:59.805  5791  5791 D leak-2071: Eastern Standard Time
08-18 15:27:59.805  5791  5791 D leak-2070: Eastern Standard Time
08-18 15:27:59.805  5791  5791 D leak-2071: Eastern Standard Time
08-18 15:27:59.805  5791  5791 D leak-2070: Eastern Standard Time
08-18 15:27:59.805  5791  5791 D leak-2071: Eastern Standard Time
08-18 15:27:59.805  5791  5791 D leak-2070: Eastern Standard Time
08-18 15:27:59.805  5791  5791 D leak-2071: Eastern Standard Time
08-18 15:27:59.805  5791  5791 D leak-857: Eastern Standard Time
08-18 15:28:00.808  5791  5791 D leak-2070: Eastern Standard Time
08-18 15:28:00.808  5791  5791 D leak-2071: Eastern Standard Time
08-18 15:28:00.808  5791  5791 D leak-2070: Eastern Standard Time
08-18 15:28:00.808  5791  5791 D leak-2071: Eastern Standard Time
08-18 15:28:00.823  7066  7066 W AccessibilityNodeInfoDumper: Fetch time: 2ms
08-18 15:28:00.824   624   636 W WindowManager: Attempted to remove non-existing token: android.os.Binder@b4dabb3
08-18 15:28:00.847  7066  7066 D AndroidRuntime: Shutting down VM
08-18 15:28:02.023  7089  7089 D AndroidRuntime: >>>>>> START com.android.internal.os.RuntimeInit uid 0 <<<<<<
08-18 15:28:02.024  7089  7089 D AndroidRuntime: CheckJNI is OFF
08-18 15:28:02.033  7089  7089 D ICU     : No timezone override file found: /data/misc/zoneinfo/current/icu/icu_tzdata.dat
08-18 15:28:02.047  7089  7089 E memtrack: Couldn't load memtrack module (No such file or directory)
08-18 15:28:02.047  7089  7089 E android.os.Debug: failed to load memtrack module: -2
08-18 15:28:02.048  7089  7089 I Radio-JNI: register_android_hardware_Radio DONE
08-18 15:28:02.054  7089  7089 D AndroidRuntime: Calling main entry com.android.commands.uiautomator.Launcher
08-18 15:28:02.061  5791  5791 D leak-2070: Eastern Standard Time
08-18 15:28:02.061  5791  5791 D leak-2071: Eastern Standard Time
08-18 15:28:02.061  5791  5791 D leak-2070: Eastern Standard Time
08-18 15:28:02.061  5791  5791 D leak-2071: Eastern Standard Time
08-18 15:28:02.061  5791  5791 D leak-2070: Eastern Standard Time
08-18 15:28:02.061  5791  5791 D leak-2071: Eastern Standard Time
08-18 15:28:02.061  5791  5791 D leak-2070: Eastern Standard Time
08-18 15:28:02.061  5791  5791 D leak-2071: Eastern Standard Time
08-18 15:28:02.061  5791  5791 D leak-857: Eastern Standard Time
08-18 15:28:03.062  5791  5791 D leak-2070: Eastern Standard Time
08-18 15:28:03.062  5791  5791 D leak-2071: Eastern Standard Time
08-18 15:28:03.062  5791  5791 D leak-2070: Eastern Standard Time
08-18 15:28:03.062  5791  5791 D leak-2071: Eastern Standard Time
08-18 15:28:03.067  7089  7089 W AccessibilityNodeInfoDumper: Fetch time: 1ms
08-18 15:28:03.067   624   991 W WindowManager: Attempted to remove non-existing token: android.os.Binder@9d4d570
08-18 15:28:03.081  7089  7089 D AndroidRuntime: Shutting down VM
08-18 15:28:03.588  7106  7106 D AndroidRuntime: >>>>>> START com.android.internal.os.RuntimeInit uid 0 <<<<<<
08-18 15:28:03.590  7106  7106 D AndroidRuntime: CheckJNI is OFF
08-18 15:28:03.601  7106  7106 D ICU     : No timezone override file found: /data/misc/zoneinfo/current/icu/icu_tzdata.dat
08-18 15:28:03.617  7106  7106 E memtrack: Couldn't load memtrack module (No such file or directory)
08-18 15:28:03.617  7106  7106 E android.os.Debug: failed to load memtrack module: -2
08-18 15:28:03.619  7106  7106 I Radio-JNI: register_android_hardware_Radio DONE
08-18 15:28:03.626  7106  7106 D AndroidRuntime: Calling main entry com.android.commands.uiautomator.Launcher
08-18 15:28:03.641  5791  5791 D leak-2070: Eastern Standard Time
08-18 15:28:03.641  5791  5791 D leak-2071: Eastern Standard Time
08-18 15:28:03.641  5791  5791 D leak-2070: Eastern Standard Time
08-18 15:28:03.641  5791  5791 D leak-2071: Eastern Standard Time
08-18 15:28:03.641  5791  5791 D leak-2070: Eastern Standard Time
08-18 15:28:03.641  5791  5791 D leak-2071: Eastern Standard Time
08-18 15:28:03.641  5791  5791 D leak-2070: Eastern Standard Time
08-18 15:28:03.641  5791  5791 D leak-2071: Eastern Standard Time
08-18 15:28:03.641  5791  5791 D leak-857: Eastern Standard Time
08-18 15:28:04.643  5791  5791 D leak-2070: Eastern Standard Time
08-18 15:28:04.644  5791  5791 D leak-2071: Eastern Standard Time
08-18 15:28:04.644  5791  5791 D leak-2070: Eastern Standard Time
08-18 15:28:04.644  5791  5791 D leak-2071: Eastern Standard Time
08-18 15:28:04.650  7106  7106 W AccessibilityNodeInfoDumper: Fetch time: 1ms
08-18 15:28:04.651   624   759 W WindowManager: Attempted to remove non-existing token: android.os.Binder@d4730e9
08-18 15:28:04.659  7106  7106 D AndroidRuntime: Shutting down VM
08-18 15:28:05.763  7129  7129 D AndroidRuntime: >>>>>> START com.android.internal.os.RuntimeInit uid 0 <<<<<<
08-18 15:28:05.765  7129  7129 D AndroidRuntime: CheckJNI is OFF
08-18 15:28:05.773  7129  7129 D ICU     : No timezone override file found: /data/misc/zoneinfo/current/icu/icu_tzdata.dat
08-18 15:28:05.784  7129  7129 E memtrack: Couldn't load memtrack module (No such file or directory)
08-18 15:28:05.784  7129  7129 E android.os.Debug: failed to load memtrack module: -2
08-18 15:28:05.785  7129  7129 I Radio-JNI: register_android_hardware_Radio DONE
08-18 15:28:05.792  7129  7129 D AndroidRuntime: Calling main entry com.android.commands.uiautomator.Launcher
08-18 15:28:05.802  5791  5791 D leak-2070: Eastern Standard Time
08-18 15:28:05.802  5791  5791 D leak-2071: Eastern Standard Time
08-18 15:28:05.802  5791  5791 D leak-2070: Eastern Standard Time
08-18 15:28:05.802  5791  5791 D leak-2071: Eastern Standard Time
08-18 15:28:05.802  5791  5791 D leak-2070: Eastern Standard Time
08-18 15:28:05.802  5791  5791 D leak-2071: Eastern Standard Time
08-18 15:28:05.802  5791  5791 D leak-2070: Eastern Standard Time
08-18 15:28:05.802  5791  5791 D leak-2071: Eastern Standard Time
08-18 15:28:05.802  5791  5791 D leak-857: Eastern Standard Time
08-18 15:28:06.805  5791  5791 D leak-2070: Eastern Standard Time
08-18 15:28:06.805  5791  5791 D leak-2071: Eastern Standard Time
08-18 15:28:06.805  5791  5791 D leak-2070: Eastern Standard Time
08-18 15:28:06.805  5791  5791 D leak-2071: Eastern Standard Time
08-18 15:28:06.810  7129  7129 W AccessibilityNodeInfoDumper: Fetch time: 2ms
08-18 15:28:06.810   624   991 W WindowManager: Attempted to remove non-existing token: android.os.Binder@56d016e
08-18 15:28:06.827  7129  7129 D AndroidRuntime: Shutting down VM
08-18 15:28:07.970  7156  7156 D AndroidRuntime: >>>>>> START com.android.internal.os.RuntimeInit uid 0 <<<<<<
08-18 15:28:07.972  7156  7156 D AndroidRuntime: CheckJNI is OFF
08-18 15:28:07.980  7156  7156 D ICU     : No timezone override file found: /data/misc/zoneinfo/current/icu/icu_tzdata.dat
08-18 15:28:07.994  7156  7156 E memtrack: Couldn't load memtrack module (No such file or directory)
08-18 15:28:07.994  7156  7156 E android.os.Debug: failed to load memtrack module: -2
08-18 15:28:07.995  7156  7156 I Radio-JNI: register_android_hardware_Radio DONE
08-18 15:28:08.002  7156  7156 D AndroidRuntime: Calling main entry com.android.commands.uiautomator.Launcher
08-18 15:28:08.007  5791  5791 D leak-2070: Eastern Standard Time
08-18 15:28:08.007  5791  5791 D leak-2071: Eastern Standard Time
08-18 15:28:08.007  5791  5791 D leak-2070: Eastern Standard Time
08-18 15:28:08.008  5791  5791 D leak-2071: Eastern Standard Time
08-18 15:28:08.008  5791  5791 D leak-2070: Eastern Standard Time
08-18 15:28:08.008  5791  5791 D leak-2071: Eastern Standard Time
08-18 15:28:08.008  5791  5791 D leak-2070: Eastern Standard Time
08-18 15:28:08.008  5791  5791 D leak-2071: Eastern Standard Time
08-18 15:28:08.008  5791  5791 D leak-857: Eastern Standard Time
08-18 15:28:09.008  5791  5791 D leak-2070: Eastern Standard Time
08-18 15:28:09.008  5791  5791 D leak-2071: Eastern Standard Time
08-18 15:28:09.008  5791  5791 D leak-2070: Eastern Standard Time
08-18 15:28:09.008  5791  5791 D leak-2071: Eastern Standard Time
08-18 15:28:09.012  7156  7156 W AccessibilityNodeInfoDumper: Fetch time: 1ms
08-18 15:28:09.012   624   759 W WindowManager: Attempted to remove non-existing token: android.os.Binder@eed500f
08-18 15:28:09.035  7156  7156 D AndroidRuntime: Shutting down VM
08-18 15:28:10.144  7181  7181 D AndroidRuntime: >>>>>> START com.android.internal.os.RuntimeInit uid 0 <<<<<<
08-18 15:28:10.145  7181  7181 D AndroidRuntime: CheckJNI is OFF
08-18 15:28:10.155  7181  7181 D ICU     : No timezone override file found: /data/misc/zoneinfo/current/icu/icu_tzdata.dat
08-18 15:28:10.166  7181  7181 E memtrack: Couldn't load memtrack module (No such file or directory)
08-18 15:28:10.166  7181  7181 E android.os.Debug: failed to load memtrack module: -2
08-18 15:28:10.167  7181  7181 I Radio-JNI: register_android_hardware_Radio DONE
08-18 15:28:10.175  7181  7181 D AndroidRuntime: Calling main entry com.android.commands.uiautomator.Launcher
08-18 15:28:10.182  5791  5791 D leak-2070: Eastern Standard Time
08-18 15:28:10.182  5791  5791 D leak-2071: Eastern Standard Time
08-18 15:28:10.182  5791  5791 D leak-2070: Eastern Standard Time
08-18 15:28:10.182  5791  5791 D leak-2071: Eastern Standard Time
08-18 15:28:10.182  5791  5791 D leak-2070: Eastern Standard Time
08-18 15:28:10.182  5791  5791 D leak-2071: Eastern Standard Time
08-18 15:28:10.182  5791  5791 D leak-2070: Eastern Standard Time
08-18 15:28:10.182  5791  5791 D leak-2071: Eastern Standard Time
08-18 15:28:10.182  5791  5791 D leak-857: Eastern Standard Time
08-18 15:28:11.183  5791  5791 D leak-2070: Eastern Standard Time
08-18 15:28:11.183  5791  5791 D leak-2071: Eastern Standard Time
08-18 15:28:11.183  5791  5791 D leak-2070: Eastern Standard Time
08-18 15:28:11.183  5791  5791 D leak-2071: Eastern Standard Time
08-18 15:28:11.187  7181  7181 W AccessibilityNodeInfoDumper: Fetch time: 2ms
08-18 15:28:11.187   624   759 W WindowManager: Attempted to remove non-existing token: android.os.Binder@409d89c
08-18 15:28:11.200  7181  7181 D AndroidRuntime: Shutting down VM
08-18 15:28:11.676  7198  7198 D AndroidRuntime: >>>>>> START com.android.internal.os.RuntimeInit uid 0 <<<<<<
08-18 15:28:11.677  7198  7198 D AndroidRuntime: CheckJNI is OFF
08-18 15:28:11.690  7198  7198 D ICU     : No timezone override file found: /data/misc/zoneinfo/current/icu/icu_tzdata.dat
08-18 15:28:11.710  7198  7198 E memtrack: Couldn't load memtrack module (No such file or directory)
08-18 15:28:11.710  7198  7198 E android.os.Debug: failed to load memtrack module: -2
08-18 15:28:11.711  7198  7198 I Radio-JNI: register_android_hardware_Radio DONE
08-18 15:28:11.719  7198  7198 D AndroidRuntime: Calling main entry com.android.commands.uiautomator.Launcher
08-18 15:28:11.727  5791  5791 D leak-2070: Eastern Standard Time
08-18 15:28:11.727  5791  5791 D leak-2071: Eastern Standard Time
08-18 15:28:11.727  5791  5791 D leak-2070: Eastern Standard Time
08-18 15:28:11.727  5791  5791 D leak-2071: Eastern Standard Time
08-18 15:28:11.727  5791  5791 D leak-2070: Eastern Standard Time
08-18 15:28:11.727  5791  5791 D leak-2071: Eastern Standard Time
08-18 15:28:11.727  5791  5791 D leak-2070: Eastern Standard Time
08-18 15:28:11.727  5791  5791 D leak-2071: Eastern Standard Time
08-18 15:28:11.727  5791  5791 D leak-857: Eastern Standard Time
08-18 15:28:12.728  5791  5791 D leak-2070: Eastern Standard Time
08-18 15:28:12.728  5791  5791 D leak-2071: Eastern Standard Time
08-18 15:28:12.728  5791  5791 D leak-2070: Eastern Standard Time
08-18 15:28:12.728  5791  5791 D leak-2071: Eastern Standard Time
