08-18 15:29:44.943  5791  5791 D leak-2071: Eastern Standard Time
08-18 15:29:44.943  5791  5791 D leak-857: Eastern Standard Time
08-18 15:29:45.952  5791  5791 D leak-2070: Eastern Standard Time
08-18 15:29:45.952  5791  5791 D leak-2071: Eastern Standard Time
08-18 15:29:45.953  5791  5791 D leak-2070: Eastern Standard Time
08-18 15:29:45.953  5791  5791 D leak-2071: Eastern Standard Time
08-18 15:29:45.960  9035  9035 W AccessibilityNodeInfoDumper: Fetch time: 1ms
08-18 15:29:45.961   624   636 W WindowManager: Attempted to remove non-existing token: android.os.Binder@838cc2e
08-18 15:29:45.970  9035  9035 D AndroidRuntime: Shutting down VM
08-18 15:29:46.429  9052  9052 D AndroidRuntime: >>>>>> START com.android.internal.os.RuntimeInit uid 0 <<<<<<
08-18 15:29:46.430  9052  9052 D AndroidRuntime: CheckJNI is OFF
08-18 15:29:46.439  9052  9052 D ICU     : No timezone override file found: /data/misc/zoneinfo/current/icu/icu_tzdata.dat
08-18 15:29:46.451  9052  9052 E memtrack: Couldn't load memtrack module (No such file or directory)
08-18 15:29:46.451  9052  9052 E android.os.Debug: failed to load memtrack module: -2
08-18 15:29:46.451  9052  9052 I Radio-JNI: register_android_hardware_Radio DONE
08-18 15:29:46.457  9052  9052 D AndroidRuntime: Calling main entry com.android.commands.uiautomator.Launcher
08-18 15:29:46.472  5791  5791 D leak-2070: Eastern Standard Time
08-18 15:29:46.472  5791  5791 D leak-2071: Eastern Standard Time
08-18 15:29:46.472  5791  5791 D leak-2070: Eastern Standard Time
08-18 15:29:46.472  5791  5791 D leak-2071: Eastern Standard Time
08-18 15:29:46.472  5791  5791 D leak-2070: Eastern Standard Time
08-18 15:29:46.472  5791  5791 D leak-2071: Eastern Standard Time
08-18 15:29:46.472  5791  5791 D leak-2070: Eastern Standard Time
08-18 15:29:46.472  5791  5791 D leak-2071: Eastern Standard Time
08-18 15:29:46.472  5791  5791 D leak-857: Eastern Standard Time
08-18 15:29:47.483  5791  5791 D leak-2070: Eastern Standard Time
08-18 15:29:47.483  5791  5791 D leak-2071: Eastern Standard Time
08-18 15:29:47.483  5791  5791 D leak-2070: Eastern Standard Time
08-18 15:29:47.483  5791  5791 D leak-2071: Eastern Standard Time
08-18 15:29:47.493  9052  9052 W AccessibilityNodeInfoDumper: Fetch time: 1ms
08-18 15:29:47.493   624   635 W WindowManager: Attempted to remove non-existing token: android.os.Binder@7f923cf
08-18 15:29:47.500  9052  9052 D AndroidRuntime: Shutting down VM
08-18 15:29:48.557  9075  9075 D AndroidRuntime: >>>>>> START com.android.internal.os.RuntimeInit uid 0 <<<<<<
08-18 15:29:48.558  9075  9075 D AndroidRuntime: CheckJNI is OFF
08-18 15:29:48.567  9075  9075 D ICU     : No timezone override file found: /data/misc/zoneinfo/current/icu/icu_tzdata.dat
08-18 15:29:48.578  9075  9075 E memtrack: Couldn't load memtrack module (No such file or directory)
08-18 15:29:48.578  9075  9075 E android.os.Debug: failed to load memtrack module: -2
08-18 15:29:48.579  9075  9075 I Radio-JNI: register_android_hardware_Radio DONE
08-18 15:29:48.587  9075  9075 D AndroidRuntime: Calling main entry com.android.commands.uiautomator.Launcher
08-18 15:29:48.594  5791  5791 D leak-2070: Eastern Standard Time
08-18 15:29:48.594  5791  5791 D leak-2071: Eastern Standard Time
08-18 15:29:48.594  5791  5791 D leak-2070: Eastern Standard Time
08-18 15:29:48.594  5791  5791 D leak-2071: Eastern Standard Time
08-18 15:29:48.594  5791  5791 D leak-2070: Eastern Standard Time
08-18 15:29:48.595  5791  5791 D leak-2071: Eastern Standard Time
08-18 15:29:48.595  5791  5791 D leak-2070: Eastern Standard Time
08-18 15:29:48.595  5791  5791 D leak-2071: Eastern Standard Time
08-18 15:29:48.595  5791  5791 D leak-857: Eastern Standard Time
08-18 15:29:49.596  5791  5791 D leak-2070: Eastern Standard Time
08-18 15:29:49.596  5791  5791 D leak-2071: Eastern Standard Time
08-18 15:29:49.596  5791  5791 D leak-2070: Eastern Standard Time
08-18 15:29:49.596  5791  5791 D leak-2071: Eastern Standard Time
08-18 15:29:49.600  9075  9075 W AccessibilityNodeInfoDumper: Fetch time: 1ms
08-18 15:29:49.600   624   636 W WindowManager: Attempted to remove non-existing token: android.os.Binder@f17815c
08-18 15:29:49.612  9075  9075 D AndroidRuntime: Shutting down VM
08-18 15:29:50.115  9092  9092 D AndroidRuntime: >>>>>> START com.android.internal.os.RuntimeInit uid 0 <<<<<<
08-18 15:29:50.116  9092  9092 D AndroidRuntime: CheckJNI is OFF
08-18 15:29:50.124  9092  9092 D ICU     : No timezone override file found: /data/misc/zoneinfo/current/icu/icu_tzdata.dat
08-18 15:29:50.135  9092  9092 E memtrack: Couldn't load memtrack module (No such file or directory)
08-18 15:29:50.135  9092  9092 E android.os.Debug: failed to load memtrack module: -2
08-18 15:29:50.136  9092  9092 I Radio-JNI: register_android_hardware_Radio DONE
08-18 15:29:50.142  9092  9092 D AndroidRuntime: Calling main entry com.android.commands.uiautomator.Launcher
08-18 15:29:50.148  5791  5791 D leak-2070: Eastern Standard Time
08-18 15:29:50.148  5791  5791 D leak-2071: Eastern Standard Time
08-18 15:29:50.148  5791  5791 D leak-2070: Eastern Standard Time
08-18 15:29:50.148  5791  5791 D leak-2071: Eastern Standard Time
08-18 15:29:50.148  5791  5791 D leak-2070: Eastern Standard Time
08-18 15:29:50.148  5791  5791 D leak-2071: Eastern Standard Time
08-18 15:29:50.148  5791  5791 D leak-2070: Eastern Standard Time
08-18 15:29:50.148  5791  5791 D leak-2071: Eastern Standard Time
08-18 15:29:50.148  5791  5791 D leak-857: Eastern Standard Time
08-18 15:29:51.149  5791  5791 D leak-2070: Eastern Standard Time
08-18 15:29:51.149  5791  5791 D leak-2071: Eastern Standard Time
08-18 15:29:51.149  5791  5791 D leak-2070: Eastern Standard Time
08-18 15:29:51.149  5791  5791 D leak-2071: Eastern Standard Time
08-18 15:29:51.154  9092  9092 W AccessibilityNodeInfoDumper: Fetch time: 2ms
08-18 15:29:51.154   624   635 W WindowManager: Attempted to remove non-existing token: android.os.Binder@f944c65
08-18 15:29:51.191  9092  9092 D AndroidRuntime: Shutting down VM
08-18 15:29:52.302  9117  9117 D AndroidRuntime: >>>>>> START com.android.internal.os.RuntimeInit uid 0 <<<<<<
08-18 15:29:52.305  9117  9117 D AndroidRuntime: CheckJNI is OFF
08-18 15:29:52.320  9117  9117 D ICU     : No timezone override file found: /data/misc/zoneinfo/current/icu/icu_tzdata.dat
08-18 15:29:52.345  9117  9117 E memtrack: Couldn't load memtrack module (No such file or directory)
08-18 15:29:52.345  9117  9117 E android.os.Debug: failed to load memtrack module: -2
08-18 15:29:52.348  9117  9117 I Radio-JNI: register_android_hardware_Radio DONE
08-18 15:29:52.357  9117  9117 D AndroidRuntime: Calling main entry com.android.commands.uiautomator.Launcher
08-18 15:29:52.370  5791  5791 D leak-2070: Eastern Standard Time
08-18 15:29:52.370  5791  5791 D leak-2071: Eastern Standard Time
08-18 15:29:52.370  5791  5791 D leak-2070: Eastern Standard Time
08-18 15:29:52.370  5791  5791 D leak-2071: Eastern Standard Time
08-18 15:29:52.370  5791  5791 D leak-2070: Eastern Standard Time
08-18 15:29:52.370  5791  5791 D leak-2071: Eastern Standard Time
08-18 15:29:52.370  5791  5791 D leak-2070: Eastern Standard Time
08-18 15:29:52.370  5791  5791 D leak-2071: Eastern Standard Time
08-18 15:29:52.370  5791  5791 D leak-857: Eastern Standard Time
08-18 15:29:53.371  5791  5791 D leak-2070: Eastern Standard Time
08-18 15:29:53.371  5791  5791 D leak-2071: Eastern Standard Time
08-18 15:29:53.371  5791  5791 D leak-2070: Eastern Standard Time
08-18 15:29:53.371  5791  5791 D leak-2071: Eastern Standard Time
08-18 15:29:53.377  9117  9117 W AccessibilityNodeInfoDumper: Fetch time: 2ms
08-18 15:29:53.377   624  1044 W WindowManager: Attempted to remove non-existing token: android.os.Binder@f8e2deb
08-18 15:29:53.387  9117  9117 D AndroidRuntime: Shutting down VM
08-18 15:29:53.841  9134  9134 D AndroidRuntime: >>>>>> START com.android.internal.os.RuntimeInit uid 0 <<<<<<
08-18 15:29:53.842  9134  9134 D AndroidRuntime: CheckJNI is OFF
08-18 15:29:53.853  9134  9134 D ICU     : No timezone override file found: /data/misc/zoneinfo/current/icu/icu_tzdata.dat
08-18 15:29:53.865  9134  9134 E memtrack: Couldn't load memtrack module (No such file or directory)
08-18 15:29:53.865  9134  9134 E android.os.Debug: failed to load memtrack module: -2
08-18 15:29:53.866  9134  9134 I Radio-JNI: register_android_hardware_Radio DONE
08-18 15:29:53.876  9134  9134 D AndroidRuntime: Calling main entry com.android.commands.uiautomator.Launcher
08-18 15:29:53.885  5791  5791 D leak-2070: Eastern Standard Time
08-18 15:29:53.885  5791  5791 D leak-2071: Eastern Standard Time
08-18 15:29:53.885  5791  5791 D leak-2070: Eastern Standard Time
08-18 15:29:53.885  5791  5791 D leak-2071: Eastern Standard Time
08-18 15:29:53.885  5791  5791 D leak-2070: Eastern Standard Time
08-18 15:29:53.885  5791  5791 D leak-2071: Eastern Standard Time
08-18 15:29:53.885  5791  5791 D leak-2070: Eastern Standard Time
08-18 15:29:53.885  5791  5791 D leak-2071: Eastern Standard Time
08-18 15:29:53.885  5791  5791 D leak-857: Eastern Standard Time
08-18 15:29:54.887  5791  5791 D leak-2070: Eastern Standard Time
08-18 15:29:54.887  5791  5791 D leak-2071: Eastern Standard Time
08-18 15:29:54.887  5791  5791 D leak-2070: Eastern Standard Time
08-18 15:29:54.887  5791  5791 D leak-2071: Eastern Standard Time
08-18 15:29:54.894  9134  9134 W AccessibilityNodeInfoDumper: Fetch time: 1ms
08-18 15:29:54.895   624   636 W WindowManager: Attempted to remove non-existing token: android.os.Binder@495748
08-18 15:29:54.905  9134  9134 D AndroidRuntime: Shutting down VM
08-18 15:29:55.325  9147  9147 D AndroidRuntime: >>>>>> START com.android.internal.os.RuntimeInit uid 0 <<<<<<
08-18 15:29:55.328  9147  9147 D AndroidRuntime: CheckJNI is OFF
08-18 15:29:55.339  9147  9147 D ICU     : No timezone override file found: /data/misc/zoneinfo/current/icu/icu_tzdata.dat
08-18 15:29:55.358  9147  9147 E memtrack: Couldn't load memtrack module (No such file or directory)
08-18 15:29:55.358  9147  9147 E android.os.Debug: failed to load memtrack module: -2
08-18 15:29:55.359  9147  9147 I Radio-JNI: register_android_hardware_Radio DONE
08-18 15:29:55.372  9147  9147 D AndroidRuntime: Calling main entry com.android.commands.input.Input
08-18 15:29:55.373  9147  9147 I Input   : injectMotionEvent: MotionEvent { action=ACTION_DOWN, actionButton=0, id[0]=0, x[0]=1110.0, y[0]=1776.0, toolType[0]=TOOL_TYPE_UNKNOWN, buttonState=0, metaState=0, flags=0x0, edgeFlags=0x0, pointerCount=1, historySize=0, eventTime=656335, downTime=656335, deviceId=0, source=0x1002 }
08-18 15:29:55.381  9147  9147 I Input   : injectMotionEvent: MotionEvent { action=ACTION_UP, actionButton=0, id[0]=0, x[0]=1110.0, y[0]=1776.0, toolType[0]=TOOL_TYPE_UNKNOWN, buttonState=0, metaState=0, flags=0x0, edgeFlags=0x0, pointerCount=1, historySize=0, eventTime=656335, downTime=656335, deviceId=0, source=0x1002 }
08-18 15:29:55.383  9147  9147 D AndroidRuntime: Shutting down VM
08-18 15:29:55.396  5791  5791 D leak-1839: Eastern Standard Time
08-18 15:29:55.396  5791  5791 D leak-536: Eastern Standard Time
08-18 15:29:55.396  5791  5791 D leak-537: Eastern Standard Time
08-18 15:29:55.397  5791  5791 D leak-538: Eastern Standard Time
08-18 15:29:55.399   624   759 I ActivityManager: START u0 {act=android.content.pm.action.REQUEST_PERMISSIONS pkg=com.android.packageinstaller cmp=com.android.packageinstaller/.permission.ui.GrantPermissionsActivity (has extras)} from uid 10060 on display 0
08-18 15:29:55.413  5791  5791 D leak-1831: Eastern Standard Time
08-18 15:29:55.425  5791  5791 D leak-1846: Eastern Standard Time
08-18 15:29:55.425  5791  5791 D leak-1847: Eastern Standard Time
08-18 15:29:55.425  5791  5791 D leak-1565: Eastern Standard Time
08-18 15:29:55.425  5791  5791 D leak-716: Eastern Standard Time
08-18 15:29:55.425  5791  5791 D leak-717: Eastern Standard Time
08-18 15:29:55.425  5791  5791 D leak-1566: Eastern Standard Time
08-18 15:29:55.425  5791  5791 D leak-723: Eastern Standard Time
08-18 15:29:55.425  5791  5791 D leak-722: Eastern Standard Time
08-18 15:29:55.481  5791  5791 D leak-1925: Eastern Standard Time
08-18 15:29:55.490  5791  5791 D leak-1926: Eastern Standard Time
08-18 15:29:55.490  5791  5791 D leak-1927: Eastern Standard Time
08-18 15:29:55.491  5791  5791 D leak-1931: Eastern Standard Time
08-18 15:29:55.517   624   757 W InputMethodManagerService: Window already focused, ignoring focus gain of: com.android.internal.view.IInputMethodClient$Stub$Proxy@9409ff4 attribute=null, token = android.os.BinderProxy@5765c44
08-18 15:29:55.518  5791  5791 D leak-1834: Eastern Standard Time
08-18 15:29:55.518  5791  5791 D leak-1835: Eastern Standard Time
08-18 15:29:55.518  5791  5791 D leak-1837: Eastern Standard Time
08-18 15:29:55.518  5791  5791 D leak-2854: Eastern Standard Time
08-18 15:29:55.519  5791  5791 D leak-2855: Eastern Standard Time
08-18 15:29:55.519  5791  5791 D leak-1838: Eastern Standard Time
08-18 15:29:55.519  5791  5791 D leak-2853: Eastern Standard Time
08-18 15:29:55.519  5791  5791 D leak-1824: Eastern Standard Time
08-18 15:29:55.519  5791  5791 D leak-1849: Eastern Standard Time
08-18 15:29:55.519  5791  5791 D leak-1850: Eastern Standard Time
08-18 15:29:55.519  5791  5791 D leak-1825: Eastern Standard Time
08-18 15:29:55.536  5791  5791 D leak-1925: Eastern Standard Time
08-18 15:29:55.536  5791  5791 D leak-1926: Eastern Standard Time
08-18 15:29:55.536  5791  5791 D leak-1927: Eastern Standard Time
08-18 15:29:55.536  5791  5791 D leak-1931: Eastern Standard Time
08-18 15:29:55.549  5791  5791 D leak-1925: Eastern Standard Time
08-18 15:29:55.549  5791  5791 D leak-1926: Eastern Standard Time
08-18 15:29:55.549  5791  5791 D leak-1927: Eastern Standard Time
08-18 15:29:55.549  5791  5791 D leak-1931: Eastern Standard Time
08-18 15:29:55.564  5791  5791 D leak-1925: Eastern Standard Time
08-18 15:29:55.577  5791  5791 D leak-1926: Eastern Standard Time
08-18 15:29:55.577  5791  5791 D leak-1927: Eastern Standard Time
08-18 15:29:55.577  5791  5791 D leak-1931: Eastern Standard Time
08-18 15:29:55.605  5791  5791 D leak-1925: Eastern Standard Time
08-18 15:29:55.605  5791  5791 D leak-1926: Eastern Standard Time
08-18 15:29:55.605  5791  5791 D leak-1927: Eastern Standard Time
08-18 15:29:55.605  5791  5791 D leak-1931: Eastern Standard Time
08-18 15:29:55.616  5791  5791 D leak-1925: Eastern Standard Time
08-18 15:29:55.616  5791  5791 D leak-1926: Eastern Standard Time
08-18 15:29:55.616  5791  5791 D leak-1927: Eastern Standard Time
08-18 15:29:55.616  5791  5791 D leak-1931: Eastern Standard Time
08-18 15:29:55.625  5791  5791 D leak-1925: Eastern Standard Time
08-18 15:29:55.629  5791  5791 D leak-1926: Eastern Standard Time
08-18 15:29:55.629  5791  5791 D leak-1927: Eastern Standard Time
08-18 15:29:55.629  5791  5791 D leak-1931: Eastern Standard Time
08-18 15:29:55.652  5791  5791 D leak-1925: Eastern Standard Time
08-18 15:29:55.653  5791  5791 D leak-1926: Eastern Standard Time
08-18 15:29:55.667  5791  5791 D leak-1927: Eastern Standard Time
08-18 15:29:55.669  5791  5791 D leak-1931: Eastern Standard Time
08-18 15:29:55.696  5791  5791 D leak-1925: Eastern Standard Time
08-18 15:29:55.696  5791  5791 D leak-1926: Eastern Standard Time
08-18 15:29:55.696  5791  5791 D leak-1927: Eastern Standard Time
08-18 15:29:55.696  5791  5791 D leak-1931: Eastern Standard Time
08-18 15:29:55.709  5791  5791 D leak-1925: Eastern Standard Time
08-18 15:29:55.710  5791  5791 D leak-1925: Eastern Standard Time
08-18 15:29:55.710  5791  5791 D leak-1932: Eastern Standard Time
08-18 15:29:55.710  5791  5791 D leak-1933: Eastern Standard Time
08-18 15:29:55.710  5791  5791 D leak-1925: Eastern Standard Time
08-18 15:29:55.722  5791  5791 D leak-1925: Eastern Standard Time
08-18 15:29:55.722  5791  5791 D leak-1925: Eastern Standard Time
08-18 15:29:55.724  5791  5791 D leak-1925: Eastern Standard Time
08-18 15:29:55.728  5791  5791 D leak-1925: Eastern Standard Time
08-18 15:29:55.728  5791  5791 D leak-1925: Eastern Standard Time
08-18 15:29:55.728  5791  5791 D leak-1926: Eastern Standard Time
08-18 15:29:55.728  5791  5791 D leak-1927: Eastern Standard Time
08-18 15:29:55.728  5791  5791 D leak-1931: Eastern Standard Time
08-18 15:29:55.759  5791  5791 D leak-1925: Eastern Standard Time
08-18 15:29:55.759  5791  5791 D leak-1926: Eastern Standard Time
08-18 15:29:55.759  5791  5791 D leak-1927: Eastern Standard Time
08-18 15:29:55.759  5791  5791 D leak-1931: Eastern Standard Time
08-18 15:29:55.773  5791  5791 D leak-1925: Eastern Standard Time
08-18 15:29:55.773  5791  5791 D leak-1926: Eastern Standard Time
08-18 15:29:55.773  5791  5791 D leak-1927: Eastern Standard Time
08-18 15:29:55.773  5791  5791 D leak-1931: Eastern Standard Time
08-18 15:29:55.795  5791  5791 D leak-1925: Eastern Standard Time
08-18 15:29:55.796  5791  5791 D leak-1926: Eastern Standard Time
08-18 15:29:55.796  5791  5791 D leak-1927: Eastern Standard Time
08-18 15:29:55.796  5791  5791 D leak-1931: Eastern Standard Time
08-18 15:29:55.808  5791  5791 D leak-1925: Eastern Standard Time
08-18 15:29:55.808  5791  5791 D leak-1926: Eastern Standard Time
08-18 15:29:55.808  5791  5791 D leak-1927: Eastern Standard Time
08-18 15:29:55.808  5791  5791 D leak-1931: Eastern Standard Time
08-18 15:29:55.823  5791  5791 D leak-1925: Eastern Standard Time
08-18 15:29:55.823  5791  5791 D leak-1926: Eastern Standard Time
08-18 15:29:55.823  5791  5791 D leak-1927: Eastern Standard Time
08-18 15:29:55.823  5791  5791 D leak-1931: Eastern Standard Time
08-18 15:29:55.841  5791  5791 D leak-1925: Eastern Standard Time
08-18 15:29:55.850  5791  5791 D leak-1926: Eastern Standard Time
08-18 15:29:55.850  5791  5791 D leak-1927: Eastern Standard Time
08-18 15:29:55.850  5791  5791 D leak-1931: Eastern Standard Time
08-18 15:29:55.880  5791  5791 D leak-1925: Eastern Standard Time
08-18 15:29:55.880  5791  5791 D leak-1926: Eastern Standard Time
08-18 15:29:55.880  5791  5791 D leak-1927: Eastern Standard Time
08-18 15:29:55.880  5791  5791 D leak-1931: Eastern Standard Time
08-18 15:29:55.893  5791  5791 D leak-1925: Eastern Standard Time
08-18 15:29:55.893  5791  5791 D leak-1926: Eastern Standard Time
08-18 15:29:55.894  5791  5791 D leak-1927: Eastern Standard Time
08-18 15:29:55.894  5791  5791 D leak-1931: Eastern Standard Time
08-18 15:29:55.906  5791  5791 D leak-1925: Eastern Standard Time
08-18 15:29:55.906  5791  5791 D leak-1926: Eastern Standard Time
08-18 15:29:55.906  5791  5791 D leak-1927: Eastern Standard Time
08-18 15:29:55.906  5791  5791 D leak-1931: Eastern Standard Time
08-18 15:29:55.924  5791  5791 D leak-1925: Eastern Standard Time
08-18 15:29:55.924  5791  5791 D leak-1926: Eastern Standard Time
08-18 15:29:55.924  5791  5791 D leak-1927: Eastern Standard Time
08-18 15:29:55.924  5791  5791 D leak-1931: Eastern Standard Time
08-18 15:29:55.940  5791  5791 D leak-1925: Eastern Standard Time
08-18 15:29:55.940  5791  5791 D leak-1926: Eastern Standard Time
08-18 15:29:55.940  5791  5791 D leak-1927: Eastern Standard Time
08-18 15:29:55.940  5791  5791 D leak-1931: Eastern Standard Time
08-18 15:29:55.956  5791  5791 D leak-1925: Eastern Standard Time
08-18 15:29:55.962  5791  5791 D leak-1926: Eastern Standard Time
08-18 15:29:55.962  5791  5791 D leak-1927: Eastern Standard Time
08-18 15:29:55.962  5791  5791 D leak-1931: Eastern Standard Time
08-18 15:29:55.994  5791  5791 D leak-1925: Eastern Standard Time
08-18 15:29:56.005  5791  5791 D leak-1926: Eastern Standard Time
08-18 15:29:56.005  5791  5791 D leak-1927: Eastern Standard Time
08-18 15:29:56.005  5791  5791 D leak-1931: Eastern Standard Time
08-18 15:29:59.940  9482  9482 D AndroidRuntime: >>>>>> START com.android.internal.os.RuntimeInit uid 0 <<<<<<
08-18 15:29:59.942  9482  9482 D AndroidRuntime: CheckJNI is OFF
08-18 15:29:59.951  9482  9482 D ICU     : No timezone override file found: /data/misc/zoneinfo/current/icu/icu_tzdata.dat
08-18 15:29:59.962  9482  9482 E memtrack: Couldn't load memtrack module (No such file or directory)
08-18 15:29:59.962  9482  9482 E android.os.Debug: failed to load memtrack module: -2
08-18 15:29:59.963  9482  9482 I Radio-JNI: register_android_hardware_Radio DONE
08-18 15:29:59.969  9482  9482 D AndroidRuntime: Calling main entry com.android.commands.uiautomator.Launcher
08-18 15:29:59.977  5791  5791 D leak-2070: Eastern Standard Time
08-18 15:29:59.977  5791  5791 D leak-2071: Eastern Standard Time
08-18 15:29:59.977  5791  5791 D leak-2070: Eastern Standard Time
08-18 15:29:59.977  5791  5791 D leak-2071: Eastern Standard Time
08-18 15:29:59.977  5791  5791 D leak-2070: Eastern Standard Time
08-18 15:29:59.977  5791  5791 D leak-2071: Eastern Standard Time
08-18 15:29:59.977  5791  5791 D leak-2070: Eastern Standard Time
08-18 15:29:59.977  5791  5791 D leak-2071: Eastern Standard Time
08-18 15:29:59.978  5791  5791 D leak-857: Eastern Standard Time
08-18 15:30:00.980  5791  5791 D leak-2070: Eastern Standard Time
08-18 15:30:00.980  5791  5791 D leak-2071: Eastern Standard Time
08-18 15:30:00.980  5791  5791 D leak-2070: Eastern Standard Time
08-18 15:30:00.980  5791  5791 D leak-2071: Eastern Standard Time
08-18 15:30:00.985  9482  9482 W AccessibilityNodeInfoDumper: Fetch time: 1ms
08-18 15:30:00.986   624   993 W WindowManager: Attempted to remove non-existing token: android.os.Binder@bf8a31d
08-18 15:30:01.001  9482  9482 D AndroidRuntime: Shutting down VM
08-18 15:30:02.168  9505  9505 D AndroidRuntime: >>>>>> START com.android.internal.os.RuntimeInit uid 0 <<<<<<
08-18 15:30:02.171  9505  9505 D AndroidRuntime: CheckJNI is OFF
08-18 15:30:02.192  9505  9505 D ICU     : No timezone override file found: /data/misc/zoneinfo/current/icu/icu_tzdata.dat
08-18 15:30:02.217  9505  9505 E memtrack: Couldn't load memtrack module (No such file or directory)
08-18 15:30:02.217  9505  9505 E android.os.Debug: failed to load memtrack module: -2
08-18 15:30:02.219  9505  9505 I Radio-JNI: register_android_hardware_Radio DONE
08-18 15:30:02.228  9505  9505 D AndroidRuntime: Calling main entry com.android.commands.uiautomator.Launcher
08-18 15:30:02.241  5791  5791 D leak-2070: Eastern Standard Time
08-18 15:30:02.241  5791  5791 D leak-2071: Eastern Standard Time
08-18 15:30:02.241  5791  5791 D leak-2070: Eastern Standard Time
08-18 15:30:02.242  5791  5791 D leak-2071: Eastern Standard Time
08-18 15:30:02.242  5791  5791 D leak-2070: Eastern Standard Time
08-18 15:30:02.242  5791  5791 D leak-2071: Eastern Standard Time
08-18 15:30:02.242  5791  5791 D leak-2070: Eastern Standard Time
08-18 15:30:02.242  5791  5791 D leak-2071: Eastern Standard Time
08-18 15:30:02.242  5791  5791 D leak-857: Eastern Standard Time
08-18 15:30:03.243  5791  5791 D leak-2070: Eastern Standard Time
08-18 15:30:03.243  5791  5791 D leak-2071: Eastern Standard Time
08-18 15:30:03.243  5791  5791 D leak-2070: Eastern Standard Time
08-18 15:30:03.243  5791  5791 D leak-2071: Eastern Standard Time
08-18 15:30:03.249  9505  9505 W AccessibilityNodeInfoDumper: Fetch time: 3ms
08-18 15:30:03.249   624   636 W WindowManager: Attempted to remove non-existing token: android.os.Binder@ffe7992
08-18 15:30:03.269  9505  9505 D AndroidRuntime: Shutting down VM
08-18 15:30:03.758  9522  9522 D AndroidRuntime: >>>>>> START com.android.internal.os.RuntimeInit uid 0 <<<<<<
08-18 15:30:03.764  9522  9522 D AndroidRuntime: CheckJNI is OFF
08-18 15:30:03.775  9522  9522 D ICU     : No timezone override file found: /data/misc/zoneinfo/current/icu/icu_tzdata.dat
08-18 15:30:03.793  9522  9522 E memtrack: Couldn't load memtrack module (No such file or directory)
08-18 15:30:03.793  9522  9522 E android.os.Debug: failed to load memtrack module: -2
08-18 15:30:03.795  9522  9522 I Radio-JNI: register_android_hardware_Radio DONE
08-18 15:30:03.803  9522  9522 D AndroidRuntime: Calling main entry com.android.commands.uiautomator.Launcher
08-18 15:30:03.812  5791  5791 D leak-2070: Eastern Standard Time
08-18 15:30:03.812  5791  5791 D leak-2071: Eastern Standard Time
08-18 15:30:03.812  5791  5791 D leak-2070: Eastern Standard Time
08-18 15:30:03.812  5791  5791 D leak-2071: Eastern Standard Time
08-18 15:30:03.812  5791  5791 D leak-2070: Eastern Standard Time
08-18 15:30:03.812  5791  5791 D leak-2071: Eastern Standard Time
08-18 15:30:03.812  5791  5791 D leak-2070: Eastern Standard Time
08-18 15:30:03.812  5791  5791 D leak-2071: Eastern Standard Time
08-18 15:30:03.812  5791  5791 D leak-857: Eastern Standard Time
08-18 15:30:04.814  5791  5791 D leak-2070: Eastern Standard Time
08-18 15:30:04.814  5791  5791 D leak-2071: Eastern Standard Time
08-18 15:30:04.814  5791  5791 D leak-2070: Eastern Standard Time
08-18 15:30:04.814  5791  5791 D leak-2071: Eastern Standard Time
08-18 15:30:04.820  9522  9522 W AccessibilityNodeInfoDumper: Fetch time: 2ms
08-18 15:30:04.820   624   991 W WindowManager: Attempted to remove non-existing token: android.os.Binder@1506f63
08-18 15:30:04.839  9522  9522 D AndroidRuntime: Shutting down VM
08-18 15:30:05.899  9545  9545 D AndroidRuntime: >>>>>> START com.android.internal.os.RuntimeInit uid 0 <<<<<<
08-18 15:30:05.901  9545  9545 D AndroidRuntime: CheckJNI is OFF
08-18 15:30:05.912  9545  9545 D ICU     : No timezone override file found: /data/misc/zoneinfo/current/icu/icu_tzdata.dat
08-18 15:30:05.926  9545  9545 E memtrack: Couldn't load memtrack module (No such file or directory)
08-18 15:30:05.926  9545  9545 E android.os.Debug: failed to load memtrack module: -2
08-18 15:30:05.928  9545  9545 I Radio-JNI: register_android_hardware_Radio DONE
08-18 15:30:05.946  9545  9545 D AndroidRuntime: Calling main entry com.android.commands.uiautomator.Launcher
08-18 15:30:05.955  5791  5791 D leak-2070: Eastern Standard Time
08-18 15:30:05.955  5791  5791 D leak-2071: Eastern Standard Time
08-18 15:30:05.955  5791  5791 D leak-2070: Eastern Standard Time
08-18 15:30:05.955  5791  5791 D leak-2071: Eastern Standard Time
08-18 15:30:05.955  5791  5791 D leak-2070: Eastern Standard Time
08-18 15:30:05.955  5791  5791 D leak-2071: Eastern Standard Time
08-18 15:30:05.955  5791  5791 D leak-2070: Eastern Standard Time
08-18 15:30:05.955  5791  5791 D leak-2071: Eastern Standard Time
08-18 15:30:05.955  5791  5791 D leak-857: Eastern Standard Time
08-18 15:30:06.956  5791  5791 D leak-2070: Eastern Standard Time
08-18 15:30:06.956  5791  5791 D leak-2071: Eastern Standard Time
08-18 15:30:06.956  5791  5791 D leak-2070: Eastern Standard Time
08-18 15:30:06.956  5791  5791 D leak-2071: Eastern Standard Time
08-18 15:30:06.963  9545  9545 W AccessibilityNodeInfoDumper: Fetch time: 2ms
08-18 15:30:06.964   624   636 W WindowManager: Attempted to remove non-existing token: android.os.Binder@ac1c760
08-18 15:30:06.982  9545  9545 D AndroidRuntime: Shutting down VM
08-18 15:30:08.226  9572  9572 D AndroidRuntime: >>>>>> START com.android.internal.os.RuntimeInit uid 0 <<<<<<
08-18 15:30:08.227  9572  9572 D AndroidRuntime: CheckJNI is OFF
08-18 15:30:08.237  9572  9572 D ICU     : No timezone override file found: /data/misc/zoneinfo/current/icu/icu_tzdata.dat
08-18 15:30:08.249  9572  9572 E memtrack: Couldn't load memtrack module (No such file or directory)
08-18 15:30:08.249  9572  9572 E android.os.Debug: failed to load memtrack module: -2
08-18 15:30:08.250  9572  9572 I Radio-JNI: register_android_hardware_Radio DONE
08-18 15:30:08.257  9572  9572 D AndroidRuntime: Calling main entry com.android.commands.uiautomator.Launcher
08-18 15:30:08.263  5791  5791 D leak-2070: Eastern Standard Time
08-18 15:30:08.263  5791  5791 D leak-2071: Eastern Standard Time
08-18 15:30:08.263  5791  5791 D leak-2070: Eastern Standard Time
08-18 15:30:08.263  5791  5791 D leak-2071: Eastern Standard Time
08-18 15:30:08.263  5791  5791 D leak-2070: Eastern Standard Time
08-18 15:30:08.263  5791  5791 D leak-2071: Eastern Standard Time
08-18 15:30:08.263  5791  5791 D leak-2070: Eastern Standard Time
08-18 15:30:08.263  5791  5791 D leak-2071: Eastern Standard Time
08-18 15:30:08.263  5791  5791 D leak-857: Eastern Standard Time
08-18 15:30:09.264  5791  5791 D leak-2070: Eastern Standard Time
08-18 15:30:09.264  5791  5791 D leak-2071: Eastern Standard Time
08-18 15:30:09.264  5791  5791 D leak-2070: Eastern Standard Time
08-18 15:30:09.264  5791  5791 D leak-2071: Eastern Standard Time
08-18 15:30:09.280  9572  9572 W AccessibilityNodeInfoDumper: Fetch time: 2ms
08-18 15:30:09.280   624   635 W WindowManager: Attempted to remove non-existing token: android.os.Binder@3815419
08-18 15:30:09.299  9572  9572 D AndroidRuntime: Shutting down VM
08-18 15:30:10.482  9597  9597 D AndroidRuntime: >>>>>> START com.android.internal.os.RuntimeInit uid 0 <<<<<<
08-18 15:30:10.484  9597  9597 D AndroidRuntime: CheckJNI is OFF
08-18 15:30:10.494  9597  9597 D ICU     : No timezone override file found: /data/misc/zoneinfo/current/icu/icu_tzdata.dat
08-18 15:30:10.514  9597  9597 E memtrack: Couldn't load memtrack module (No such file or directory)
08-18 15:30:10.514  9597  9597 E android.os.Debug: failed to load memtrack module: -2
08-18 15:30:10.515  9597  9597 I Radio-JNI: register_android_hardware_Radio DONE
08-18 15:30:10.524  9597  9597 D AndroidRuntime: Calling main entry com.android.commands.uiautomator.Launcher
08-18 15:30:10.537  5791  5791 D leak-2070: Eastern Standard Time
08-18 15:30:10.537  5791  5791 D leak-2071: Eastern Standard Time
08-18 15:30:10.538  5791  5791 D leak-2070: Eastern Standard Time
08-18 15:30:10.538  5791  5791 D leak-2071: Eastern Standard Time
08-18 15:30:10.539  5791  5791 D leak-2070: Eastern Standard Time
08-18 15:30:10.539  5791  5791 D leak-2071: Eastern Standard Time
08-18 15:30:10.539  5791  5791 D leak-2070: Eastern Standard Time
08-18 15:30:10.539  5791  5791 D leak-2071: Eastern Standard Time
08-18 15:30:10.541  5791  5791 D leak-857: Eastern Standard Time
08-18 15:30:11.543  5791  5791 D leak-2070: Eastern Standard Time
08-18 15:30:11.543  5791  5791 D leak-2071: Eastern Standard Time
08-18 15:30:11.543  5791  5791 D leak-2070: Eastern Standard Time
08-18 15:30:11.543  5791  5791 D leak-2071: Eastern Standard Time
08-18 15:30:11.547  9597  9597 W AccessibilityNodeInfoDumper: Fetch time: 1ms
08-18 15:30:11.548   624  1102 W WindowManager: Attempted to remove non-existing token: android.os.Binder@a509ebf
08-18 15:30:11.560  9597  9597 D AndroidRuntime: Shutting down VM
08-18 15:30:12.050  9614  9614 D AndroidRuntime: >>>>>> START com.android.internal.os.RuntimeInit uid 0 <<<<<<
08-18 15:30:12.053  9614  9614 D AndroidRuntime: CheckJNI is OFF
08-18 15:30:12.066  9614  9614 D ICU     : No timezone override file found: /data/misc/zoneinfo/current/icu/icu_tzdata.dat
08-18 15:30:12.080  9614  9614 E memtrack: Couldn't load memtrack module (No such file or directory)
08-18 15:30:12.080  9614  9614 E android.os.Debug: failed to load memtrack module: -2
08-18 15:30:12.080  9614  9614 I Radio-JNI: register_android_hardware_Radio DONE
08-18 15:30:12.086  9614  9614 D AndroidRuntime: Calling main entry com.android.commands.uiautomator.Launcher
08-18 15:30:12.095  5791  5791 D leak-2070: Eastern Standard Time
08-18 15:30:12.095  5791  5791 D leak-2071: Eastern Standard Time
08-18 15:30:12.095  5791  5791 D leak-2070: Eastern Standard Time
08-18 15:30:12.095  5791  5791 D leak-2071: Eastern Standard Time
08-18 15:30:12.095  5791  5791 D leak-2070: Eastern Standard Time
08-18 15:30:12.095  5791  5791 D leak-2071: Eastern Standard Time
08-18 15:30:12.095  5791  5791 D leak-2070: Eastern Standard Time
08-18 15:30:12.095  5791  5791 D leak-2071: Eastern Standard Time
08-18 15:30:12.095  5791  5791 D leak-857: Eastern Standard Time
08-18 15:30:13.100  5791  5791 D leak-2070: Eastern Standard Time
08-18 15:30:13.100  5791  5791 D leak-2071: Eastern Standard Time
08-18 15:30:13.100  5791  5791 D leak-2070: Eastern Standard Time
08-18 15:30:13.100  5791  5791 D leak-2071: Eastern Standard Time
08-18 15:30:13.110  9614  9614 W AccessibilityNodeInfoDumper: Fetch time: 1ms
08-18 15:30:13.111   624   991 W WindowManager: Attempted to remove non-existing token: android.os.Binder@b6bf98c
08-18 15:30:13.136  9614  9614 D AndroidRuntime: Shutting down VM
08-18 15:30:14.240  9637  9637 D AndroidRuntime: >>>>>> START com.android.internal.os.RuntimeInit uid 0 <<<<<<
08-18 15:30:14.241  9637  9637 D AndroidRuntime: CheckJNI is OFF
08-18 15:30:14.249  9637  9637 D ICU     : No timezone override file found: /data/misc/zoneinfo/current/icu/icu_tzdata.dat
08-18 15:30:14.261  9637  9637 E memtrack: Couldn't load memtrack module (No such file or directory)
08-18 15:30:14.261  9637  9637 E android.os.Debug: failed to load memtrack module: -2
08-18 15:30:14.262  9637  9637 I Radio-JNI: register_android_hardware_Radio DONE
08-18 15:30:14.267  9637  9637 D AndroidRuntime: Calling main entry com.android.commands.uiautomator.Launcher
08-18 15:30:14.281  5791  5791 D leak-2070: Eastern Standard Time
08-18 15:30:14.281  5791  5791 D leak-2071: Eastern Standard Time
08-18 15:30:14.281  5791  5791 D leak-2070: Eastern Standard Time
08-18 15:30:14.281  5791  5791 D leak-2071: Eastern Standard Time
08-18 15:30:14.281  5791  5791 D leak-2070: Eastern Standard Time
08-18 15:30:14.282  5791  5791 D leak-2071: Eastern Standard Time
08-18 15:30:14.282  5791  5791 D leak-2070: Eastern Standard Time
08-18 15:30:14.282  5791  5791 D leak-2071: Eastern Standard Time
08-18 15:30:14.282  5791  5791 D leak-857: Eastern Standard Time
08-18 15:30:15.283  5791  5791 D leak-2070: Eastern Standard Time
08-18 15:30:15.283  5791  5791 D leak-2071: Eastern Standard Time
08-18 15:30:15.283  5791  5791 D leak-2070: Eastern Standard Time
08-18 15:30:15.283  5791  5791 D leak-2071: Eastern Standard Time
08-18 15:30:15.289  9637  9637 W AccessibilityNodeInfoDumper: Fetch time: 2ms
08-18 15:30:15.289   624   759 W WindowManager: Attempted to remove non-existing token: android.os.Binder@14a18d5
08-18 15:30:15.296  9637  9637 D AndroidRuntime: Shutting down VM
08-18 15:30:15.729   267   661 W AudioFlinger: write blocked for 19964 msecs, 13 delayed writes, thread 0xf1e00000
08-18 15:30:15.760  9654  9654 D AndroidRuntime: >>>>>> START com.android.internal.os.RuntimeInit uid 0 <<<<<<
08-18 15:30:15.761  9654  9654 D AndroidRuntime: CheckJNI is OFF
08-18 15:30:15.770  9654  9654 D ICU     : No timezone override file found: /data/misc/zoneinfo/current/icu/icu_tzdata.dat
08-18 15:30:15.782  9654  9654 E memtrack: Couldn't load memtrack module (No such file or directory)
08-18 15:30:15.782  9654  9654 E android.os.Debug: failed to load memtrack module: -2
08-18 15:30:15.782  9654  9654 I Radio-JNI: register_android_hardware_Radio DONE
08-18 15:30:15.788  9654  9654 D AndroidRuntime: Calling main entry com.android.commands.uiautomator.Launcher
08-18 15:30:15.794  5791  5791 D leak-2070: Eastern Standard Time
08-18 15:30:15.794  5791  5791 D leak-2071: Eastern Standard Time
08-18 15:30:15.794  5791  5791 D leak-2070: Eastern Standard Time
08-18 15:30:15.794  5791  5791 D leak-2071: Eastern Standard Time
08-18 15:30:15.795  5791  5791 D leak-2070: Eastern Standard Time
08-18 15:30:15.795  5791  5791 D leak-2071: Eastern Standard Time
08-18 15:30:15.795  5791  5791 D leak-2070: Eastern Standard Time
08-18 15:30:15.795  5791  5791 D leak-2071: Eastern Standard Time
08-18 15:30:15.795  5791  5791 D leak-857: Eastern Standard Time
08-18 15:30:16.796  5791  5791 D leak-2070: Eastern Standard Time
08-18 15:30:16.796  5791  5791 D leak-2071: Eastern Standard Time
08-18 15:30:16.796  5791  5791 D leak-2070: Eastern Standard Time
08-18 15:30:16.796  5791  5791 D leak-2071: Eastern Standard Time
08-18 15:30:16.803  9654  9654 W AccessibilityNodeInfoDumper: Fetch time: 2ms
08-18 15:30:16.804   624   993 W WindowManager: Attempted to remove non-existing token: android.os.Binder@9dba8ea
08-18 15:30:16.817  9654  9654 D AndroidRuntime: Shutting down VM
08-18 15:30:17.874  9678  9678 D AndroidRuntime: >>>>>> START com.android.internal.os.RuntimeInit uid 0 <<<<<<
08-18 15:30:17.876  9678  9678 D AndroidRuntime: CheckJNI is OFF
08-18 15:30:17.885  9678  9678 D ICU     : No timezone override file found: /data/misc/zoneinfo/current/icu/icu_tzdata.dat
08-18 15:30:17.896  9678  9678 E memtrack: Couldn't load memtrack module (No such file or directory)
08-18 15:30:17.896  9678  9678 E android.os.Debug: failed to load memtrack module: -2
08-18 15:30:17.897  9678  9678 I Radio-JNI: register_android_hardware_Radio DONE
08-18 15:30:17.903  9678  9678 D AndroidRuntime: Calling main entry com.android.commands.uiautomator.Launcher
08-18 15:30:17.912  5791  5791 D leak-2070: Eastern Standard Time
08-18 15:30:17.912  5791  5791 D leak-2071: Eastern Standard Time
08-18 15:30:17.912  5791  5791 D leak-2070: Eastern Standard Time
08-18 15:30:17.912  5791  5791 D leak-2071: Eastern Standard Time
08-18 15:30:17.912  5791  5791 D leak-2070: Eastern Standard Time
08-18 15:30:17.912  5791  5791 D leak-2071: Eastern Standard Time
08-18 15:30:17.912  5791  5791 D leak-2070: Eastern Standard Time
08-18 15:30:17.912  5791  5791 D leak-2071: Eastern Standard Time
08-18 15:30:17.912  5791  5791 D leak-857: Eastern Standard Time
08-18 15:30:18.913  5791  5791 D leak-2070: Eastern Standard Time
08-18 15:30:18.913  5791  5791 D leak-2071: Eastern Standard Time
08-18 15:30:18.913  5791  5791 D leak-2070: Eastern Standard Time
08-18 15:30:18.913  5791  5791 D leak-2071: Eastern Standard Time
08-18 15:30:18.918  9678  9678 W AccessibilityNodeInfoDumper: Fetch time: 1ms
08-18 15:30:18.918   624   991 W WindowManager: Attempted to remove non-existing token: android.os.Binder@efa67db
08-18 15:30:18.934  9678  9678 D AndroidRuntime: Shutting down VM
08-18 15:30:19.409  9695  9695 D AndroidRuntime: >>>>>> START com.android.internal.os.RuntimeInit uid 0 <<<<<<
08-18 15:30:19.412  9695  9695 D AndroidRuntime: CheckJNI is OFF
08-18 15:30:19.425  9695  9695 D ICU     : No timezone override file found: /data/misc/zoneinfo/current/icu/icu_tzdata.dat
08-18 15:30:19.436  9695  9695 E memtrack: Couldn't load memtrack module (No such file or directory)
08-18 15:30:19.436  9695  9695 E android.os.Debug: failed to load memtrack module: -2
08-18 15:30:19.436  9695  9695 I Radio-JNI: register_android_hardware_Radio DONE
08-18 15:30:19.445  9695  9695 D AndroidRuntime: Calling main entry com.android.commands.uiautomator.Launcher
08-18 15:30:19.458  5791  5791 D leak-2070: Eastern Standard Time
08-18 15:30:19.458  5791  5791 D leak-2071: Eastern Standard Time
08-18 15:30:19.458  5791  5791 D leak-2070: Eastern Standard Time
08-18 15:30:19.458  5791  5791 D leak-2071: Eastern Standard Time
08-18 15:30:19.458  5791  5791 D leak-2070: Eastern Standard Time
08-18 15:30:19.458  5791  5791 D leak-2071: Eastern Standard Time
08-18 15:30:19.458  5791  5791 D leak-2070: Eastern Standard Time
08-18 15:30:19.458  5791  5791 D leak-2071: Eastern Standard Time
08-18 15:30:19.458  5791  5791 D leak-857: Eastern Standard Time
08-18 15:30:20.460  5791  5791 D leak-2070: Eastern Standard Time
08-18 15:30:20.460  5791  5791 D leak-2071: Eastern Standard Time
08-18 15:30:20.460  5791  5791 D leak-2070: Eastern Standard Time
08-18 15:30:20.460  5791  5791 D leak-2071: Eastern Standard Time
08-18 15:30:20.478  9695  9695 W AccessibilityNodeInfoDumper: Fetch time: 6ms
08-18 15:30:20.479   624  1044 W WindowManager: Attempted to remove non-existing token: android.os.Binder@aa52278
08-18 15:30:20.493  9695  9695 D AndroidRuntime: Shutting down VM
08-18 15:30:21.538  9718  9718 D AndroidRuntime: >>>>>> START com.android.internal.os.RuntimeInit uid 0 <<<<<<
08-18 15:30:21.540  9718  9718 D AndroidRuntime: CheckJNI is OFF
08-18 15:30:21.550  9718  9718 D ICU     : No timezone override file found: /data/misc/zoneinfo/current/icu/icu_tzdata.dat
08-18 15:30:21.563  9718  9718 E memtrack: Couldn't load memtrack module (No such file or directory)
08-18 15:30:21.563  9718  9718 E android.os.Debug: failed to load memtrack module: -2
08-18 15:30:21.564  9718  9718 I Radio-JNI: register_android_hardware_Radio DONE
08-18 15:30:21.570  9718  9718 D AndroidRuntime: Calling main entry com.android.commands.uiautomator.Launcher
08-18 15:30:21.580  5791  5791 D leak-2070: Eastern Standard Time
08-18 15:30:21.580  5791  5791 D leak-2071: Eastern Standard Time
08-18 15:30:21.580  5791  5791 D leak-2070: Eastern Standard Time
08-18 15:30:21.580  5791  5791 D leak-2071: Eastern Standard Time
08-18 15:30:21.580  5791  5791 D leak-2070: Eastern Standard Time
08-18 15:30:21.580  5791  5791 D leak-2071: Eastern Standard Time
08-18 15:30:21.580  5791  5791 D leak-2070: Eastern Standard Time
08-18 15:30:21.580  5791  5791 D leak-2071: Eastern Standard Time
08-18 15:30:21.580  5791  5791 D leak-857: Eastern Standard Time
08-18 15:30:22.581  5791  5791 D leak-2070: Eastern Standard Time
08-18 15:30:22.581  5791  5791 D leak-2071: Eastern Standard Time
08-18 15:30:22.581  5791  5791 D leak-2070: Eastern Standard Time
08-18 15:30:22.581  5791  5791 D leak-2071: Eastern Standard Time
08-18 15:30:22.587  9718  9718 W AccessibilityNodeInfoDumper: Fetch time: 2ms
08-18 15:30:22.587   624   993 W WindowManager: Attempted to remove non-existing token: android.os.Binder@9a06d51
08-18 15:30:22.600  9718  9718 D AndroidRuntime: Shutting down VM
08-18 15:30:23.145  9735  9735 D AndroidRuntime: >>>>>> START com.android.internal.os.RuntimeInit uid 0 <<<<<<
08-18 15:30:23.147  9735  9735 D AndroidRuntime: CheckJNI is OFF
08-18 15:30:23.164  9735  9735 D ICU     : No timezone override file found: /data/misc/zoneinfo/current/icu/icu_tzdata.dat
08-18 15:30:23.180  9735  9735 E memtrack: Couldn't load memtrack module (No such file or directory)
08-18 15:30:23.180  9735  9735 E android.os.Debug: failed to load memtrack module: -2
08-18 15:30:23.182  9735  9735 I Radio-JNI: register_android_hardware_Radio DONE
08-18 15:30:23.190  9735  9735 D AndroidRuntime: Calling main entry com.android.commands.uiautomator.Launcher
08-18 15:30:23.198  5791  5791 D leak-2070: Eastern Standard Time
08-18 15:30:23.198  5791  5791 D leak-2071: Eastern Standard Time
08-18 15:30:23.199  5791  5791 D leak-2070: Eastern Standard Time
08-18 15:30:23.199  5791  5791 D leak-2071: Eastern Standard Time
08-18 15:30:23.199  5791  5791 D leak-2070: Eastern Standard Time
08-18 15:30:23.199  5791  5791 D leak-2071: Eastern Standard Time
08-18 15:30:23.199  5791  5791 D leak-2070: Eastern Standard Time
08-18 15:30:23.199  5791  5791 D leak-2071: Eastern Standard Time
08-18 15:30:23.199  5791  5791 D leak-857: Eastern Standard Time
08-18 15:30:24.200  5791  5791 D leak-2070: Eastern Standard Time
08-18 15:30:24.200  5791  5791 D leak-2071: Eastern Standard Time
08-18 15:30:24.200  5791  5791 D leak-2070: Eastern Standard Time
08-18 15:30:24.200  5791  5791 D leak-2071: Eastern Standard Time
08-18 15:30:24.206  9735  9735 W AccessibilityNodeInfoDumper: Fetch time: 2ms
08-18 15:30:24.207   624   993 W WindowManager: Attempted to remove non-existing token: android.os.Binder@7ada6b7
08-18 15:30:24.246  9735  9735 D AndroidRuntime: Shutting down VM
08-18 15:30:24.675  9748  9748 D AndroidRuntime: >>>>>> START com.android.internal.os.RuntimeInit uid 0 <<<<<<
08-18 15:30:24.677  9748  9748 D AndroidRuntime: CheckJNI is OFF
08-18 15:30:24.687  9748  9748 D ICU     : No timezone override file found: /data/misc/zoneinfo/current/icu/icu_tzdata.dat
08-18 15:30:24.697  9748  9748 E memtrack: Couldn't load memtrack module (No such file or directory)
08-18 15:30:24.697  9748  9748 E android.os.Debug: failed to load memtrack module: -2
08-18 15:30:24.698  9748  9748 I Radio-JNI: register_android_hardware_Radio DONE
08-18 15:30:24.704  9748  9748 D AndroidRuntime: Calling main entry com.android.commands.input.Input
08-18 15:30:24.705  9748  9748 I Input   : injectMotionEvent: MotionEvent { action=ACTION_DOWN, actionButton=0, id[0]=0, x[0]=1144.0, y[0]=112.0, toolType[0]=TOOL_TYPE_UNKNOWN, buttonState=0, metaState=0, flags=0x0, edgeFlags=0x0, pointerCount=1, historySize=0, eventTime=685667, downTime=685667, deviceId=0, source=0x1002 }
08-18 15:30:24.711  9748  9748 I Input   : injectMotionEvent: MotionEvent { action=ACTION_UP, actionButton=0, id[0]=0, x[0]=1144.0, y[0]=112.0, toolType[0]=TOOL_TYPE_UNKNOWN, buttonState=0, metaState=0, flags=0x0, edgeFlags=0x0, pointerCount=1, historySize=0, eventTime=685667, downTime=685667, deviceId=0, source=0x1002 }
08-18 15:30:24.711  9748  9748 D AndroidRuntime: Shutting down VM
08-18 15:30:24.739  5791  5791 I ListPopupWindow: Could not find method setEpicenterBounds(Rect) on PopupWindow. Oh well.
08-18 15:30:24.753  5791  5791 W art     : Before Android 4.1, method int android.support.v7.widget.ListViewCompat.lookForSelectablePosition(int, boolean) would have incorrectly overridden the package-private method in android.widget.ListView
08-18 15:30:24.778  5791  5806 W EGL_emulation: eglSurfaceAttrib not implemented
08-18 15:30:24.778  5791  5806 W OpenGLRenderer: Failed to set EGL_SWAP_BEHAVIOR on surface 0xdf87d240, error=EGL_SUCCESS
08-18 15:30:25.764   267   661 W AudioFlinger: write blocked for 10023 msecs, 14 delayed writes, thread 0xf1e00000
08-18 15:30:26.335  9771  9771 D AndroidRuntime: >>>>>> START com.android.internal.os.RuntimeInit uid 0 <<<<<<
08-18 15:30:26.336