08-18 15:28:31.919  5791  5791 D leak-2070: Eastern Standard Time
08-18 15:28:31.919  5791  5791 D leak-2071: Eastern Standard Time
08-18 15:28:31.919  5791  5791 D leak-2070: Eastern Standard Time
08-18 15:28:31.919  5791  5791 D leak-2071: Eastern Standard Time
08-18 15:28:31.924  7669  7669 W AccessibilityNodeInfoDumper: Fetch time: 2ms
08-18 15:28:31.924   624   991 W WindowManager: Attempted to remove non-existing token: android.os.Binder@124cf15
08-18 15:28:31.936  7669  7669 D AndroidRuntime: Shutting down VM
08-18 15:28:33.018  7692  7692 D AndroidRuntime: >>>>>> START com.android.internal.os.RuntimeInit uid 0 <<<<<<
08-18 15:28:33.020  7692  7692 D AndroidRuntime: CheckJNI is OFF
08-18 15:28:33.029  7692  7692 D ICU     : No timezone override file found: /data/misc/zoneinfo/current/icu/icu_tzdata.dat
08-18 15:28:33.041  7692  7692 E memtrack: Couldn't load memtrack module (No such file or directory)
08-18 15:28:33.041  7692  7692 E android.os.Debug: failed to load memtrack module: -2
08-18 15:28:33.042  7692  7692 I Radio-JNI: register_android_hardware_Radio DONE
08-18 15:28:33.047  7692  7692 D AndroidRuntime: Calling main entry com.android.commands.uiautomator.Launcher
08-18 15:28:33.058  5791  5791 D leak-2070: Eastern Standard Time
08-18 15:28:33.058  5791  5791 D leak-2071: Eastern Standard Time
08-18 15:28:33.058  5791  5791 D leak-2070: Eastern Standard Time
08-18 15:28:33.058  5791  5791 D leak-2071: Eastern Standard Time
08-18 15:28:33.058  5791  5791 D leak-2070: Eastern Standard Time
08-18 15:28:33.058  5791  5791 D leak-2071: Eastern Standard Time
08-18 15:28:33.058  5791  5791 D leak-2070: Eastern Standard Time
08-18 15:28:33.058  5791  5791 D leak-2071: Eastern Standard Time
08-18 15:28:33.059  5791  5791 D leak-857: Eastern Standard Time
08-18 15:28:34.062  5791  5791 D leak-2070: Eastern Standard Time
08-18 15:28:34.062  5791  5791 D leak-2071: Eastern Standard Time
08-18 15:28:34.062  5791  5791 D leak-2070: Eastern Standard Time
08-18 15:28:34.062  5791  5791 D leak-2071: Eastern Standard Time
08-18 15:28:34.069  7692  7692 W AccessibilityNodeInfoDumper: Fetch time: 2ms
08-18 15:28:34.070   624  1102 W WindowManager: Attempted to remove non-existing token: android.os.Binder@5d1a81b
08-18 15:28:34.080  7692  7692 D AndroidRuntime: Shutting down VM
08-18 15:28:34.549  7709  7709 D AndroidRuntime: >>>>>> START com.android.internal.os.RuntimeInit uid 0 <<<<<<
08-18 15:28:34.551  7709  7709 D AndroidRuntime: CheckJNI is OFF
08-18 15:28:34.560  7709  7709 D ICU     : No timezone override file found: /data/misc/zoneinfo/current/icu/icu_tzdata.dat
08-18 15:28:34.572  7709  7709 E memtrack: Couldn't load memtrack module (No such file or directory)
08-18 15:28:34.572  7709  7709 E android.os.Debug: failed to load memtrack module: -2
08-18 15:28:34.573  7709  7709 I Radio-JNI: register_android_hardware_Radio DONE
08-18 15:28:34.578  7709  7709 D AndroidRuntime: Calling main entry com.android.commands.uiautomator.Launcher
08-18 15:28:34.584  5791  5791 D leak-2070: Eastern Standard Time
08-18 15:28:34.584  5791  5791 D leak-2071: Eastern Standard Time
08-18 15:28:34.584  5791  5791 D leak-2070: Eastern Standard Time
08-18 15:28:34.584  5791  5791 D leak-2071: Eastern Standard Time
08-18 15:28:34.584  5791  5791 D leak-2070: Eastern Standard Time
08-18 15:28:34.584  5791  5791 D leak-2071: Eastern Standard Time
08-18 15:28:34.584  5791  5791 D leak-2070: Eastern Standard Time
08-18 15:28:34.584  5791  5791 D leak-2071: Eastern Standard Time
08-18 15:28:34.584  5791  5791 D leak-857: Eastern Standard Time
08-18 15:28:35.585  5791  5791 D leak-2070: Eastern Standard Time
08-18 15:28:35.585  5791  5791 D leak-2071: Eastern Standard Time
08-18 15:28:35.585  5791  5791 D leak-2070: Eastern Standard Time
08-18 15:28:35.585  5791  5791 D leak-2071: Eastern Standard Time
08-18 15:28:35.589  7709  7709 W AccessibilityNodeInfoDumper: Fetch time: 2ms
08-18 15:28:35.590   624   993 W WindowManager: Attempted to remove non-existing token: android.os.Binder@b5efdb8
08-18 15:28:35.597  7709  7709 D AndroidRuntime: Shutting down VM
08-18 15:28:36.753  7732  7732 D AndroidRuntime: >>>>>> START com.android.internal.os.RuntimeInit uid 0 <<<<<<
08-18 15:28:36.755  7732  7732 D AndroidRuntime: CheckJNI is OFF
08-18 15:28:36.770  7732  7732 D ICU     : No timezone override file found: /data/misc/zoneinfo/current/icu/icu_tzdata.dat
08-18 15:28:36.793  7732  7732 E memtrack: Couldn't load memtrack module (No such file or directory)
08-18 15:28:36.793  7732  7732 E android.os.Debug: failed to load memtrack module: -2
08-18 15:28:36.794  7732  7732 I Radio-JNI: register_android_hardware_Radio DONE
08-18 15:28:36.802  7732  7732 D AndroidRuntime: Calling main entry com.android.commands.uiautomator.Launcher
08-18 15:28:36.810  5791  5791 D leak-2070: Eastern Standard Time
08-18 15:28:36.810  5791  5791 D leak-2071: Eastern Standard Time
08-18 15:28:36.810  5791  5791 D leak-2070: Eastern Standard Time
08-18 15:28:36.810  5791  5791 D leak-2071: Eastern Standard Time
08-18 15:28:36.810  5791  5791 D leak-2070: Eastern Standard Time
08-18 15:28:36.810  5791  5791 D leak-2071: Eastern Standard Time
08-18 15:28:36.810  5791  5791 D leak-2070: Eastern Standard Time
08-18 15:28:36.810  5791  5791 D leak-2071: Eastern Standard Time
08-18 15:28:36.810  5791  5791 D leak-857: Eastern Standard Time
08-18 15:28:37.812  5791  5791 D leak-2070: Eastern Standard Time
08-18 15:28:37.812  5791  5791 D leak-2071: Eastern Standard Time
08-18 15:28:37.812  5791  5791 D leak-2070: Eastern Standard Time
08-18 15:28:37.812  5791  5791 D leak-2071: Eastern Standard Time
08-18 15:28:37.816  7732  7732 W AccessibilityNodeInfoDumper: Fetch time: 1ms
08-18 15:28:37.816   624   757 W WindowManager: Attempted to remove non-existing token: android.os.Binder@d104791
08-18 15:28:37.824  7732  7732 D AndroidRuntime: Shutting down VM
08-18 15:28:39.026  7760  7760 D AndroidRuntime: >>>>>> START com.android.internal.os.RuntimeInit uid 0 <<<<<<
08-18 15:28:39.027  7760  7760 D AndroidRuntime: CheckJNI is OFF
08-18 15:28:39.039  7760  7760 D ICU     : No timezone override file found: /data/misc/zoneinfo/current/icu/icu_tzdata.dat
08-18 15:28:39.061  7760  7760 E memtrack: Couldn't load memtrack module (No such file or directory)
08-18 15:28:39.061  7760  7760 E android.os.Debug: failed to load memtrack module: -2
08-18 15:28:39.062  7760  7760 I Radio-JNI: register_android_hardware_Radio DONE
08-18 15:28:39.074  7760  7760 D AndroidRuntime: Calling main entry com.android.commands.uiautomator.Launcher
08-18 15:28:39.093  5791  5791 D leak-2070: Eastern Standard Time
08-18 15:28:39.093  5791  5791 D leak-2071: Eastern Standard Time
08-18 15:28:39.093  5791  5791 D leak-2070: Eastern Standard Time
08-18 15:28:39.093  5791  5791 D leak-2071: Eastern Standard Time
08-18 15:28:39.093  5791  5791 D leak-2070: Eastern Standard Time
08-18 15:28:39.093  5791  5791 D leak-2071: Eastern Standard Time
08-18 15:28:39.093  5791  5791 D leak-2070: Eastern Standard Time
08-18 15:28:39.094  5791  5791 D leak-2071: Eastern Standard Time
08-18 15:28:39.094  5791  5791 D leak-857: Eastern Standard Time
08-18 15:28:40.095  5791  5791 D leak-2070: Eastern Standard Time
08-18 15:28:40.095  5791  5791 D leak-2071: Eastern Standard Time
08-18 15:28:40.095  5791  5791 D leak-2070: Eastern Standard Time
08-18 15:28:40.095  5791  5791 D leak-2071: Eastern Standard Time
08-18 15:28:40.100  7760  7760 W AccessibilityNodeInfoDumper: Fetch time: 1ms
08-18 15:28:40.101   624   993 W WindowManager: Attempted to remove non-existing token: android.os.Binder@e2d6f6
08-18 15:28:40.108  7760  7760 D AndroidRuntime: Shutting down VM
08-18 15:28:41.190  7785  7785 D AndroidRuntime: >>>>>> START com.android.internal.os.RuntimeInit uid 0 <<<<<<
08-18 15:28:41.191  7785  7785 D AndroidRuntime: CheckJNI is OFF
08-18 15:28:41.202  7785  7785 D ICU     : No timezone override file found: /data/misc/zoneinfo/current/icu/icu_tzdata.dat
08-18 15:28:41.214  7785  7785 E memtrack: Couldn't load memtrack module (No such file or directory)
08-18 15:28:41.214  7785  7785 E android.os.Debug: failed to load memtrack module: -2
08-18 15:28:41.215  7785  7785 I Radio-JNI: register_android_hardware_Radio DONE
08-18 15:28:41.222  7785  7785 D AndroidRuntime: Calling main entry com.android.commands.uiautomator.Launcher
08-18 15:28:41.235  5791  5791 D leak-2070: Eastern Standard Time
08-18 15:28:41.235  5791  5791 D leak-2071: Eastern Standard Time
08-18 15:28:41.235  5791  5791 D leak-2070: Eastern Standard Time
08-18 15:28:41.235  5791  5791 D leak-2071: Eastern Standard Time
08-18 15:28:41.235  5791  5791 D leak-2070: Eastern Standard Time
08-18 15:28:41.235  5791  5791 D leak-2071: Eastern Standard Time
08-18 15:28:41.235  5791  5791 D leak-2070: Eastern Standard Time
08-18 15:28:41.235  5791  5791 D leak-2071: Eastern Standard Time
08-18 15:28:41.235  5791  5791 D leak-857: Eastern Standard Time
08-18 15:28:42.236  5791  5791 D leak-2070: Eastern Standard Time
08-18 15:28:42.236  5791  5791 D leak-2071: Eastern Standard Time
08-18 15:28:42.236  5791  5791 D leak-2070: Eastern Standard Time
08-18 15:28:42.236  5791  5791 D leak-2071: Eastern Standard Time
08-18 15:28:42.241  7785  7785 W AccessibilityNodeInfoDumper: Fetch time: 2ms
08-18 15:28:42.242   624  1044 W WindowManager: Attempted to remove non-existing token: android.os.Binder@658aaf7
08-18 15:28:42.264  7785  7785 D AndroidRuntime: Shutting down VM
08-18 15:28:42.785  7802  7802 D AndroidRuntime: >>>>>> START com.android.internal.os.RuntimeInit uid 0 <<<<<<
08-18 15:28:42.786  7802  7802 D AndroidRuntime: CheckJNI is OFF
08-18 15:28:42.795  7802  7802 D ICU     : No timezone override file found: /data/misc/zoneinfo/current/icu/icu_tzdata.dat
08-18 15:28:42.809  7802  7802 E memtrack: Couldn't load memtrack module (No such file or directory)
08-18 15:28:42.809  7802  7802 E android.os.Debug: failed to load memtrack module: -2
08-18 15:28:42.810  7802  7802 I Radio-JNI: register_android_hardware_Radio DONE
08-18 15:28:42.816  7802  7802 D AndroidRuntime: Calling main entry com.android.commands.uiautomator.Launcher
08-18 15:28:42.834  5791  5791 D leak-2070: Eastern Standard Time
08-18 15:28:42.834  5791  5791 D leak-2071: Eastern Standard Time
08-18 15:28:42.834  5791  5791 D leak-2070: Eastern Standard Time
08-18 15:28:42.834  5791  5791 D leak-2071: Eastern Standard Time
08-18 15:28:42.834  5791  5791 D leak-2070: Eastern Standard Time
08-18 15:28:42.834  5791  5791 D leak-2071: Eastern Standard Time
08-18 15:28:42.834  5791  5791 D leak-2070: Eastern Standard Time
08-18 15:28:42.834  5791  5791 D leak-2071: Eastern Standard Time
08-18 15:28:42.834  5791  5791 D leak-857: Eastern Standard Time
08-18 15:28:43.836  5791  5791 D leak-2070: Eastern Standard Time
08-18 15:28:43.836  5791  5791 D leak-2071: Eastern Standard Time
08-18 15:28:43.836  5791  5791 D leak-2070: Eastern Standard Time
08-18 15:28:43.836  5791  5791 D leak-2071: Eastern Standard Time
08-18 15:28:43.845  7802  7802 W AccessibilityNodeInfoDumper: Fetch time: 1ms
08-18 15:28:43.845   624  1102 W WindowManager: Attempted to remove non-existing token: android.os.Binder@9e23d64
08-18 15:28:43.857  7802  7802 D AndroidRuntime: Shutting down VM
08-18 15:28:44.916  7825  7825 D AndroidRuntime: >>>>>> START com.android.internal.os.RuntimeInit uid 0 <<<<<<
08-18 15:28:44.918  7825  7825 D AndroidRuntime: CheckJNI is OFF
08-18 15:28:44.927  7825  7825 D ICU     : No timezone override file found: /data/misc/zoneinfo/current/icu/icu_tzdata.dat
08-18 15:28:44.938  7825  7825 E memtrack: Couldn't load memtrack module (No such file or directory)
08-18 15:28:44.938  7825  7825 E android.os.Debug: failed to load memtrack module: -2
08-18 15:28:44.939  7825  7825 I Radio-JNI: register_android_hardware_Radio DONE
08-18 15:28:44.949  7825  7825 D AndroidRuntime: Calling main entry com.android.commands.uiautomator.Launcher
08-18 15:28:44.960  5791  5791 D leak-2070: Eastern Standard Time
08-18 15:28:44.960  5791  5791 D leak-2071: Eastern Standard Time
08-18 15:28:44.960  5791  5791 D leak-2070: Eastern Standard Time
08-18 15:28:44.960  5791  5791 D leak-2071: Eastern Standard Time
08-18 15:28:44.960  5791  5791 D leak-2070: Eastern Standard Time
08-18 15:28:44.960  5791  5791 D leak-2071: Eastern Standard Time
08-18 15:28:44.960  5791  5791 D leak-2070: Eastern Standard Time
08-18 15:28:44.960  5791  5791 D leak-2071: Eastern Standard Time
08-18 15:28:44.960  5791  5791 D leak-857: Eastern Standard Time
08-18 15:28:45.961  5791  5791 D leak-2070: Eastern Standard Time
08-18 15:28:45.961  5791  5791 D leak-2071: Eastern Standard Time
08-18 15:28:45.961  5791  5791 D leak-2070: Eastern Standard Time
08-18 15:28:45.961  5791  5791 D leak-2071: Eastern Standard Time
08-18 15:28:45.965  7825  7825 W AccessibilityNodeInfoDumper: Fetch time: 1ms
08-18 15:28:45.966   624   993 W WindowManager: Attempted to remove non-existing token: android.os.Binder@bdd6c82
08-18 15:28:45.981  7825  7825 D AndroidRuntime: Shutting down VM
08-18 15:28:46.449  7842  7842 D AndroidRuntime: >>>>>> START com.android.internal.os.RuntimeInit uid 0 <<<<<<
08-18 15:28:46.450  7842  7842 D AndroidRuntime: CheckJNI is OFF
08-18 15:28:46.459  7842  7842 D ICU     : No timezone override file found: /data/misc/zoneinfo/current/icu/icu_tzdata.dat
08-18 15:28:46.471  7842  7842 E memtrack: Couldn't load memtrack module (No such file or directory)
08-18 15:28:46.471  7842  7842 E android.os.Debug: failed to load memtrack module: -2
08-18 15:28:46.472  7842  7842 I Radio-JNI: register_android_hardware_Radio DONE
08-18 15:28:46.481  7842  7842 D AndroidRuntime: Calling main entry com.android.commands.uiautomator.Launcher
08-18 15:28:46.488  5791  5791 D leak-2070: Eastern Standard Time
08-18 15:28:46.488  5791  5791 D leak-2071: Eastern Standard Time
08-18 15:28:46.488  5791  5791 D leak-2070: Eastern Standard Time
08-18 15:28:46.488  5791  5791 D leak-2071: Eastern Standard Time
08-18 15:28:46.488  5791  5791 D leak-2070: Eastern Standard Time
08-18 15:28:46.488  5791  5791 D leak-2071: Eastern Standard Time
08-18 15:28:46.488  5791  5791 D leak-2070: Eastern Standard Time
08-18 15:28:46.488  5791  5791 D leak-2071: Eastern Standard Time
08-18 15:28:46.488  5791  5791 D leak-857: Eastern Standard Time
08-18 15:28:47.489  5791  5791 D leak-2070: Eastern Standard Time
08-18 15:28:47.489  5791  5791 D leak-2071: Eastern Standard Time
08-18 15:28:47.489  5791  5791 D leak-2070: Eastern Standard Time
08-18 15:28:47.489  5791  5791 D leak-2071: Eastern Standard Time
08-18 15:28:47.495  7842  7842 W AccessibilityNodeInfoDumper: Fetch time: 2ms
08-18 15:28:47.495   624   635 W WindowManager: Attempted to remove non-existing token: android.os.Binder@2e2ff93
08-18 15:28:47.503  7842  7842 D AndroidRuntime: Shutting down VM
08-18 15:28:48.581  7865  7865 D AndroidRuntime: >>>>>> START com.android.internal.os.RuntimeInit uid 0 <<<<<<
08-18 15:28:48.583  7865  7865 D AndroidRuntime: CheckJNI is OFF
08-18 15:28:48.591  7865  7865 D ICU     : No timezone override file found: /data/misc/zoneinfo/current/icu/icu_tzdata.dat
08-18 15:28:48.604  7865  7865 E memtrack: Couldn't load memtrack module (No such file or directory)
08-18 15:28:48.604  7865  7865 E android.os.Debug: failed to load memtrack module: -2
08-18 15:28:48.605  7865  7865 I Radio-JNI: register_android_hardware_Radio DONE
08-18 15:28:48.610  7865  7865 D AndroidRuntime: Calling main entry com.android.commands.uiautomator.Launcher
08-18 15:28:48.619  5791  5791 D leak-2070: Eastern Standard Time
08-18 15:28:48.619  5791  5791 D leak-2071: Eastern Standard Time
08-18 15:28:48.619  5791  5791 D leak-2070: Eastern Standard Time
08-18 15:28:48.619  5791  5791 D leak-2071: Eastern Standard Time
08-18 15:28:48.619  5791  5791 D leak-2070: Eastern Standard Time
08-18 15:28:48.619  5791  5791 D leak-2071: Eastern Standard Time
08-18 15:28:48.619  5791  5791 D leak-2070: Eastern Standard Time
08-18 15:28:48.619  5791  5791 D leak-2071: Eastern Standard Time
08-18 15:28:48.620  5791  5791 D leak-857: Eastern Standard Time
08-18 15:28:49.622  5791  5791 D leak-2070: Eastern Standard Time
08-18 15:28:49.622  5791  5791 D leak-2071: Eastern Standard Time
08-18 15:28:49.622  5791  5791 D leak-2070: Eastern Standard Time
08-18 15:28:49.622  5791  5791 D leak-2071: Eastern Standard Time
08-18 15:28:49.627  7865  7865 W AccessibilityNodeInfoDumper: Fetch time: 2ms
08-18 15:28:49.627   624   759 W WindowManager: Attempted to remove non-existing token: android.os.Binder@337cbd0
08-18 15:28:49.637  7865  7865 D AndroidRuntime: Shutting down VM
08-18 15:28:50.113  7882  7882 D AndroidRuntime: >>>>>> START com.android.internal.os.RuntimeInit uid 0 <<<<<<
08-18 15:28:50.115  7882  7882 D AndroidRuntime: CheckJNI is OFF
08-18 15:28:50.123  7882  7882 D ICU     : No timezone override file found: /data/misc/zoneinfo/current/icu/icu_tzdata.dat
08-18 15:28:50.136  7882  7882 E memtrack: Couldn't load memtrack module (No such file or directory)
08-18 15:28:50.136  7882  7882 E android.os.Debug: failed to load memtrack module: -2
08-18 15:28:50.140  7882  7882 I Radio-JNI: register_android_hardware_Radio DONE
08-18 15:28:50.146  7882  7882 D AndroidRuntime: Calling main entry com.android.commands.uiautomator.Launcher
08-18 15:28:50.155  5791  5791 D leak-2070: Eastern Standard Time
08-18 15:28:50.156  5791  5791 D leak-2071: Eastern Standard Time
08-18 15:28:50.156  5791  5791 D leak-2070: Eastern Standard Time
08-18 15:28:50.156  5791  5791 D leak-2071: Eastern Standard Time
08-18 15:28:50.156  5791  5791 D leak-2070: Eastern Standard Time
08-18 15:28:50.156  5791  5791 D leak-2071: Eastern Standard Time
08-18 15:28:50.156  5791  5791 D leak-2070: Eastern Standard Time
08-18 15:28:50.156  5791  5791 D leak-2071: Eastern Standard Time
08-18 15:28:50.156  5791  5791 D leak-857: Eastern Standard Time
08-18 15:28:51.159  5791  5791 D leak-2070: Eastern Standard Time
08-18 15:28:51.160  5791  5791 D leak-2071: Eastern Standard Time
08-18 15:28:51.160  5791  5791 D leak-2070: Eastern Standard Time
08-18 15:28:51.160  5791  5791 D leak-2071: Eastern Standard Time
08-18 15:28:51.163  7882  7882 W AccessibilityNodeInfoDumper: Fetch time: 1ms
08-18 15:28:51.164   624   993 W WindowManager: Attempted to remove non-existing token: android.os.Binder@1bb57c9
08-18 15:28:51.187  7882  7882 D AndroidRuntime: Shutting down VM
08-18 15:28:52.292  7907  7907 D AndroidRuntime: >>>>>> START com.android.internal.os.RuntimeInit uid 0 <<<<<<
08-18 15:28:52.294  7907  7907 D AndroidRuntime: CheckJNI is OFF
08-18 15:28:52.304  7907  7907 D ICU     : No timezone override file found: /data/misc/zoneinfo/current/icu/icu_tzdata.dat
08-18 15:28:52.317  7907  7907 E memtrack: Couldn't load memtrack module (No such file or directory)
08-18 15:28:52.317  7907  7907 E android.os.Debug: failed to load memtrack module: -2
08-18 15:28:52.319  7907  7907 I Radio-JNI: register_android_hardware_Radio DONE
08-18 15:28:52.325  7907  7907 D AndroidRuntime: Calling main entry com.android.commands.uiautomator.Launcher
08-18 15:28:52.336  5791  5791 D leak-2070: Eastern Standard Time
08-18 15:28:52.336  5791  5791 D leak-2071: Eastern Standard Time
08-18 15:28:52.336  5791  5791 D leak-2070: Eastern Standard Time
08-18 15:28:52.336  5791  5791 D leak-2071: Eastern Standard Time
08-18 15:28:52.336  5791  5791 D leak-2070: Eastern Standard Time
08-18 15:28:52.336  5791  5791 D leak-2071: Eastern Standard Time
08-18 15:28:52.336  5791  5791 D leak-2070: Eastern Standard Time
08-18 15:28:52.336  5791  5791 D leak-2071: Eastern Standard Time
08-18 15:28:52.336  5791  5791 D leak-857: Eastern Standard Time
08-18 15:28:53.337  5791  5791 D leak-2070: Eastern Standard Time
08-18 15:28:53.337  5791  5791 D leak-2071: Eastern Standard Time
08-18 15:28:53.337  5791  5791 D leak-2070: Eastern Standard Time
08-18 15:28:53.337  5791  5791 D leak-2071: Eastern Standard Time
08-18 15:28:53.349  7907  7907 W AccessibilityNodeInfoDumper: Fetch time: 2ms
08-18 15:28:53.350   624   757 W WindowManager: Attempted to remove non-existing token: android.os.Binder@ff9cece
08-18 15:28:53.361  7907  7907 D AndroidRuntime: Shutting down VM
08-18 15:28:53.837  7924  7924 D AndroidRuntime: >>>>>> START com.android.internal.os.RuntimeInit uid 0 <<<<<<
08-18 15:28:53.839  7924  7924 D AndroidRuntime: CheckJNI is OFF
08-18 15:28:53.848  7924  7924 D ICU     : No timezone override file found: /data/misc/zoneinfo/current/icu/icu_tzdata.dat
08-18 15:28:53.860  7924  7924 E memtrack: Couldn't load memtrack module (No such file or directory)
08-18 15:28:53.860  7924  7924 E android.os.Debug: failed to load memtrack module: -2
08-18 15:28:53.861  7924  7924 I Radio-JNI: register_android_hardware_Radio DONE
08-18 15:28:53.873  7924  7924 D AndroidRuntime: Calling main entry com.android.commands.uiautomator.Launcher
08-18 15:28:53.883  5791  5791 D leak-2070: Eastern Standard Time
08-18 15:28:53.883  5791  5791 D leak-2071: Eastern Standard Time
08-18 15:28:53.883  5791  5791 D leak-2070: Eastern Standard Time
08-18 15:28:53.883  5791  5791 D leak-2071: Eastern Standard Time
08-18 15:28:53.883  5791  5791 D leak-2070: Eastern Standard Time
08-18 15:28:53.883  5791  5791 D leak-2071: Eastern Standard Time
08-18 15:28:53.884  5791  5791 D leak-2070: Eastern Standard Time
08-18 15:28:53.884  5791  5791 D leak-2071: Eastern Standard Time
08-18 15:28:53.884  5791  5791 D leak-857: Eastern Standard Time
08-18 15:28:54.885  5791  5791 D leak-2070: Eastern Standard Time
08-18 15:28:54.885  5791  5791 D leak-2071: Eastern Standard Time
08-18 15:28:54.885  5791  5791 D leak-2070: Eastern Standard Time
08-18 15:28:54.885  5791  5791 D leak-2071: Eastern Standard Time
08-18 15:28:54.888  7924  7924 W AccessibilityNodeInfoDumper: Fetch time: 2ms
08-18 15:28:54.889   624   757 W WindowManager: Attempted to remove non-existing token: android.os.Binder@bb401ef
08-18 15:28:54.896  7924  7924 D AndroidRuntime: Shutting down VM
08-18 15:28:55.332  7937  7937 D AndroidRuntime: >>>>>> START com.android.internal.os.RuntimeInit uid 0 <<<<<<
08-18 15:28:55.334  7937  7937 D AndroidRuntime: CheckJNI is OFF
08-18 15:28:55.343  7937  7937 D ICU     : No timezone override file found: /data/misc/zoneinfo/current/icu/icu_tzdata.dat
08-18 15:28:55.354  7937  7937 E memtrack: Couldn't load memtrack module (No such file or directory)
08-18 15:28:55.354  7937  7937 E android.os.Debug: failed to load memtrack module: -2
08-18 15:28:55.355  7937  7937 I Radio-JNI: register_android_hardware_Radio DONE
08-18 15:28:55.362  7937  7937 D AndroidRuntime: Calling main entry com.android.commands.input.Input
08-18 15:28:55.363  7937  7937 I Input   : injectMotionEvent: MotionEvent { action=ACTION_DOWN, actionButton=0, id[0]=0, x[0]=600.0, y[0]=1776.0, toolType[0]=TOOL_TYPE_UNKNOWN, buttonState=0, metaState=0, flags=0x0, edgeFlags=0x0, pointerCount=1, historySize=0, eventTime=596324, downTime=596324, deviceId=0, source=0x1002 }
08-18 15:28:55.370  7937  7937 I Input   : injectMotionEvent: MotionEvent { action=ACTION_UP, actionButton=0, id[0]=0, x[0]=600.0, y[0]=1776.0, toolType[0]=TOOL_TYPE_UNKNOWN, buttonState=0, metaState=0, flags=0x0, edgeFlags=0x0, pointerCount=1, historySize=0, eventTime=596324, downTime=596324, deviceId=0, source=0x1002 }
08-18 15:28:55.371  7937  7937 D AndroidRuntime: Shutting down VM
08-18 15:28:59.782  8272  8272 D AndroidRuntime: >>>>>> START com.android.internal.os.RuntimeInit uid 0 <<<<<<
08-18 15:28:59.784  8272  8272 D AndroidRuntime: CheckJNI is OFF
08-18 15:28:59.794  8272  8272 D ICU     : No timezone override file found: /data/misc/zoneinfo/current/icu/icu_tzdata.dat
08-18 15:28:59.806  8272  8272 E memtrack: Couldn't load memtrack module (No such file or directory)
08-18 15:28:59.806  8272  8272 E android.os.Debug: failed to load memtrack module: -2
08-18 15:28:59.807  8272  8272 I Radio-JNI: register_android_hardware_Radio DONE
08-18 15:28:59.813  8272  8272 D AndroidRuntime: Calling main entry com.android.commands.uiautomator.Launcher
08-18 15:28:59.829  5791  5791 D leak-2070: Eastern Standard Time
08-18 15:28:59.830  5791  5791 D leak-2071: Eastern Standard Time
08-18 15:28:59.830  5791  5791 D leak-2070: Eastern Standard Time
08-18 15:28:59.830  5791  5791 D leak-2071: Eastern Standard Time
08-18 15:28:59.830  5791  5791 D leak-2070: Eastern Standard Time
08-18 15:28:59.830  5791  5791 D leak-2071: Eastern Standard Time
08-18 15:28:59.830  5791  5791 D leak-2070: Eastern Standard Time
08-18 15:28:59.830  5791  5791 D leak-2071: Eastern Standard Time
08-18 15:28:59.830  5791  5791 D leak-857: Eastern Standard Time
08-18 15:29:00.833  5791  5791 D leak-2070: Eastern Standard Time
08-18 15:29:00.833  5791  5791 D leak-2071: Eastern Standard Time
08-18 15:29:00.833  5791  5791 D leak-2070: Eastern Standard Time
08-18 15:29:00.833  5791  5791 D leak-2071: Eastern Standard Time
08-18 15:29:00.838  8272  8272 W AccessibilityNodeInfoDumper: Fetch time: 1ms
08-18 15:29:00.839   624   636 W WindowManager: Attempted to remove non-existing token: android.os.Binder@215d4fc
08-18 15:29:00.846  8272  8272 D AndroidRuntime: Shutting down VM
08-18 15:29:01.901  8295  8295 D AndroidRuntime: >>>>>> START com.android.internal.os.RuntimeInit uid 0 <<<<<<
08-18 15:29:01.903  8295  8295 D AndroidRuntime: CheckJNI is OFF
08-18 15:29:01.912  8295  8295 D ICU     : No timezone override file found: /data/misc/zoneinfo/current/icu/icu_tzdata.dat
08-18 15:29:01.924  8295  8295 E memtrack: Couldn't load memtrack module (No such file or directory)
08-18 15:29:01.924  8295  8295 E android.os.Debug: failed to load memtrack module: -2
08-18 15:29:01.925  8295  8295 I Radio-JNI: register_android_hardware_Radio DONE
08-18 15:29:01.931  8295  8295 D AndroidRuntime: Calling main entry com.android.commands.uiautomator.Launcher
08-18 15:29:01.937  5791  5791 D leak-2070: Eastern Standard Time
08-18 15:29:01.937  5791  5791 D leak-2071: Eastern Standard Time
08-18 15:29:01.937  5791  5791 D leak-2070: Eastern Standard Time
08-18 15:29:01.937  5791  5791 D leak-2071: Eastern Standard Time
08-18 15:29:01.937  5791  5791 D leak-2070: Eastern Standard Time
08-18 15:29:01.937  5791  5791 D leak-2071: Eastern Standard Time
08-18 15:29:01.937  5791  5791 D leak-2070: Eastern Standard Time
08-18 15:29:01.937  5791  5791 D leak-2071: Eastern Standard Time
08-18 15:29:01.937  5791  5791 D leak-857: Eastern Standard Time
08-18 15:29:02.940  5791  5791 D leak-2070: Eastern Standard Time
08-18 15:29:02.940  5791  5791 D leak-2071: Eastern Standard Time
08-18 15:29:02.940  5791  5791 D leak-2070: Eastern Standard Time
08-18 15:29:02.940  5791  5791 D leak-2071: Eastern Standard Time
08-18 15:29:02.949  8295  8295 W AccessibilityNodeInfoDumper: Fetch time: 2ms
08-18 15:29:02.949   624  1102 W WindowManager: Attempted to remove non-existing token: android.os.Binder@118a785
08-18 15:29:02.962  8295  8295 D AndroidRuntime: Shutting down VM
08-18 15:29:03.417  8312  8312 D AndroidRuntime: >>>>>> START com.android.internal.os.RuntimeInit uid 0 <<<<<<
08-18 15:29:03.419  8312  8312 D AndroidRuntime: CheckJNI is OFF
08-18 15:29:03.430  8312  8312 D ICU     : No timezone override file found: /data/misc/zoneinfo/current/icu/icu_tzdata.dat
08-18 15:29:03.445  8312  8312 E memtrack: Couldn't load memtrack module (No such file or directory)
08-18 15:29:03.445  8312  8312 E android.os.Debug: failed to load memtrack module: -2
08-18 15:29:03.446  8312  8312 I Radio-JNI: register_android_hardware_Radio DONE
08-18 15:29:03.452  8312  8312 D AndroidRuntime: Calling main entry com.android.commands.uiautomator.Launcher
08-18 15:29:03.475  5791  5791 D leak-2070: Eastern Standard Time
08-18 15:29:03.475  5791  5791 D leak-2071: Eastern Standard Time
08-18 15:29:03.475  5791  5791 D leak-2070: Eastern Standard Time
08-18 15:29:03.475  5791  5791 D leak-2071: Eastern Standard Time
08-18 15:29:03.475  5791  5791 D leak-2070: Eastern Standard Time
08-18 15:29:03.475  5791  5791 D leak-2071: Eastern Standard Time
08-18 15:29:03.475  5791  5791 D leak-2070: Eastern Standard Time
08-18 15:29:03.475  5791  5791 D leak-2071: Eastern Standard Time
08-18 15:29:03.475  5791  5791 D leak-857: Eastern Standard Time
08-18 15:29:04.477  5791  5791 D leak-2070: Eastern Standard Time
08-18 15:29:04.477  5791  5791 D leak-2071: Eastern Standard Time
08-18 15:29:04.477  5791  5791 D leak-2070: Eastern Standard Time
08-18 15:29:04.477  5791  5791 D leak-2071: Eastern Standard Time
08-18 15:29:04.485  8312  8312 W AccessibilityNodeInfoDumper: Fetch time: 1ms
08-18 15:29:04.485   624  1102 W WindowManager: Attempted to remove non-existing token: android.os.Binder@7e8ce0b
08-18 15:29:04.495  8312  8312 D AndroidRuntime: Shutting down VM
08-18 15:29:05.574  8335  8335 D AndroidRuntime: >>>>>> START com.android.internal.os.RuntimeInit uid 0 <<<<<<
08-18 15:29:05.576  8335  8335 D AndroidRuntime: CheckJNI is OFF
08-18 15:29:05.587  8335  8335 D ICU     : No timezone override file found: /data/misc/zoneinfo/current/icu/icu_tzdata.dat
08-18 15:29:05.599  8335  8335 E memtrack: Couldn't load memtrack module (No such file or directory)
08-18 15:29:05.599  8335  8335 E android.os.Debug: failed to load memtrack module: -2
08-18 15:29:05.600  8335  8335 I Radio-JNI: register_android_hardware_Radio DONE
08-18 15:29:05.606  8335  8335 D AndroidRuntime: Calling main entry com.android.commands.uiautomator.Launcher
08-18 15:29:05.619  5791  5791 D leak-2070: Eastern Standard Time
08-18 15:29:05.619  5791  5791 D leak-2071: Eastern Standard Time
08-18 15:29:05.619  5791  5791 D leak-2070: Eastern Standard Time
08-18 15:29:05.619  5791  5791 D leak-2071: Eastern Standard Time
08-18 15:29:05.619  5791  5791 D leak-2070: Eastern Standard Time
08-18 15:29:05.619  5791  5791 D leak-2071: Eastern Standard Time
08-18 15:29:05.619  5791  5791 D leak-2070: Eastern Standard Time
08-18 15:29:05.619  5791  5791 D leak-2071: Eastern Standard Time
08-18 15:29:05.619  5791  5791 D leak-857: Eastern Standard Time
08-18 15:29:06.621  5791  5791 D leak-2070: Eastern Standard Time
08-18 15:29:06.621  5791  5791 D leak-2071: Eastern Standard Time
08-18 15:29:06.622  5791  5791 D leak-2070: Eastern Standard Time
08-18 15:29:06.622  5791  5791 D leak-2071: Eastern Standard Time
08-18 15:29:06.626  8335  8335 W AccessibilityNodeInfoDumper: Fetch time: 2ms
08-18 15:29:06.626   624   759 W WindowManager: Attempted to remove non-existing token: android.os.Binder@46944e8
08-18 15:29:06.633  8335  8335 D AndroidRuntime: Shutting down VM
08-18 15:29:07.801  8362  8362 D AndroidRuntime: >>>>>> START com.android.internal.os.RuntimeInit uid 0 <<<<<<
08-18 15:29:07.803  8362  8362 D AndroidRuntime: CheckJNI is OFF
08-18 15:29:07.819  8362  8362 D ICU     : No timezone override file found: /data/misc/zoneinfo/current/icu/icu_tzdata.dat
08-18 15:29:07.833  8362  8362 E memtrack: Couldn't load memtrack module (No such file or directory)
08-18 15:29:07.833  8362  8362 E android.os.Debug: failed to load memtrack module: -2
08-18 15:29:07.834  8362  8362 I Radio-JNI: register_android_hardware_Radio DONE
08-18 15:29:07.839  8362  8362 D AndroidRuntime: Calling main entry com.android.commands.uiautomator.Launcher
08-18 15:29:07.852  5791  5791 D leak-2070: Eastern Standard Time
08-18 15:29:07.852  5791  5791 D leak-2071: Eastern Standard Time
08-18 15:29:07.852  5791  5791 D leak-2070: Eastern Standard Time
08-18 15:29:07.852  5791  5791 D leak-2071: Eastern Standard Time
08-18 15:29:07.852  5791  5791 D leak-2070: Eastern Standard Time
08-18 15:29:07.852  5791  5791 D leak-2071: Eastern Standard Time
08-18 15:29:07.852  5791  5791 D leak-2070: Eastern Standard Time
08-18 15:29:07.852  5791  5791 D leak-2071: Eastern Standard Time
08-18 15:29:07.852  5791  5791 D leak-857: Eastern Standard Time
08-18 15:29:08.853  5791  5791 D leak-2070: Eastern Standard Time
08-18 15:29:08.853  5791  5791 D leak-2071: Eastern Standard Time
08-18 15:29:08.853  5791  5791 D leak-2070: Eastern Standard Time
08-18 15:29:08.853  5791  5791 D leak-2071: Eastern Standard Time
08-18 15:29:08.857  8362  8362 W AccessibilityNodeInfoDumper: Fetch time: 1ms
08-18 15:29:08.858   624   759 W WindowManager: Attempted to remove non-existing token: android.os.Binder@7413701
08-18 15:29:08.866  8362  8362 D AndroidRuntime: Shutting down VM
08-18 15:29:10.022  8387  8387 D AndroidRuntime: >>>>>> START com.android.internal.os.RuntimeInit uid 0 <<<<<<
08-18 15:29:10.024  8387  8387 D AndroidRuntime: CheckJNI is OFF
08-18 15:29:10.036  8387  8387 D ICU     : No timezone override file found: /data/misc/zoneinfo/current/icu/icu_tzdata.dat
08-18 15:29:10.055  8387  8387 E memtrack: Couldn't load memtrack module (No such file or directory)
08-18 15:29:10.055  8387  8387 E android.os.Debug: failed to load memtrack module: -2
08-18 15:29:10.056  8387  8387 I Radio-JNI: register_android_hardware_Radio DONE
08-18 15:29:10.065  8387  8387 D AndroidRuntime: Calling main entry com.android.commands.uiautomator.Launcher
08-18 15:29:10.077  5791  5791 D leak-2070: Eastern Standard Time
08-18 15:29:10.077  5791  5791 D leak-2071: Eastern Standard Time
08-18 15:29:10.077  5791  5791 D leak-2070: Eastern Standard Time
08-18 15:29:10.078  5791  5791 D leak-2071: Eastern Standard Time
08-18 15:29:10.078  5791  5791 D leak-2070: Eastern Standard Time
08-18 15:29:10.078  5791  5791 D leak-2071: Eastern Standard Time
08-18 15:29:10.078  5791  5791 D leak-2070: Eastern Standard Time
08-18 15:29:10.078  5791  5791 D leak-2071: Eastern Standard Time
08-18 15:29:10.078  5791  5791 D leak-857: Eastern Standard Time
08-18 15:29:11.082  5791  5791 D leak-2070: Eastern Standard Time
08-18 15:29:11.082  5791  5791 D leak-2071: Eastern Standard Time
08-18 15:29:11.082  5791  5791 D leak-2070: Eastern Standard Time
08-18 15:29:11.082  5791  5791 D leak-2071: Eastern Standard Time
08-18 15:29:11.086  8387  8387 W AccessibilityNodeInfoDumper: Fetch time: 1ms
08-18 15:29:11.086   624   991 W WindowManager: Attempted to remove non-existing token: android.os.Binder@14ce9a6
08-18 15:29:11.100  8387  8387 D AndroidRuntime: Shutting down VM
08-18 15:29:11.588  8404  8404 D AndroidRuntime: >>>>>> START com.android.internal.os.RuntimeInit uid 0 <<<<<<
08-18 15:29:11.594  8404  8404 D AndroidRuntime: CheckJNI is OFF
08-18 15:29:11.608  8404  8404 D ICU     : No timezone override file found: /data/misc/zoneinfo/current/icu/icu_tzdata.dat
08-18 15:29:11.632  8404  8404 E memtrack: Couldn't load memtrack module (No such file or directory)
08-18 15:29:11.632  8404  8404 E android.os.Debug: failed to load memtrack module: -2
08-18 15:29:11.632  8404  8404 I Radio-JNI: register_android_hardware_Radio DONE
08-18 15:29:11.645  8404  8404 D AndroidRuntime: Calling main entry com.android.commands.uiautomator.Launcher
08-18 15:29:11.653  5791  5791 D leak-2070: Eastern Standard Time
08-18 15:29:11.653  5791  5791 D leak-2071: Eastern Standard Time
08-18 15:29:11.653  5791  5791 D leak-2070: Eastern Standard Time
08-18 15:29:11.653  5791  5791 D leak-2071: Eastern Standard Time
08-18 15:29:11.654  5791  5791 D leak-2070: Eastern Standard Time
08-18 15:29:11.654  5791  5791 D leak-2071: Eastern Standard Time
08-18 15:29:11.654  5791  5791 D leak-2070: Eastern Standard Time
08-18 15:29:11.654  5791  5791 D leak-2071: Eastern Standard Time
08-18 15:29:11.654  5791  5791 D leak-857: Eastern Standard Time
08-18 15:29:12.655  5791  5791 D leak-2070: Eastern Standard Time
08-18 15:29:12.655  5791  5791 D leak-2071: Eastern Standard Time
08-18 15:29:12.655  5791  5791 D leak-2070: Eastern Standard Time
08-18 15:29:12.655  5791  5791 D leak-2071: Eastern Standard Time
08-18 15:29:12.659  8404  8404 W AccessibilityNodeInfoDumper: Fetch time: 1ms
08-18 15:29:12.659   624   636 W WindowManager: Attempted to remove non-existing token: android.os.Binder@9543fe7
08-18 15:29:12.668  8404  8404 D AndroidRuntime: Shutting down VM
08-18 15:29:13.743  8427  8427 D AndroidRuntime: >>>>>> START com.android.internal.os.RuntimeInit uid 0 <<<<<<
08-18 15:29:13.744  8427  8427 D AndroidRuntime: CheckJNI is OFF
08-18 15:29:13.752  8427  8427 D ICU     : No timezone override file found: /data/misc/zoneinfo/current/icu/icu_tzdata.dat
08-18 15:29:13.765  8427  8427 E memtrack: Couldn't load memtrack module (No such file or directory)
08-18 15:29:13.765  8427  8427 E android.os.Debug: failed to load memtrack module: -2
08-18 15:29:13.766  8427  8427 I Radio-JNI: register_android_hardware_Radio DONE
08-18 15:29:13.772  8427  8427 D AndroidRuntime: Calling main entry com.android.commands.uiautomator.Launcher
08-18 15:29:13.801  5791  5791 D leak-2070: Eastern Standard Time
08-18 15:29:13.802  5791  5791 D leak-2071: Eastern Standard Time
08-18 15:29:13.802  5791  5791 D leak-2070: Eastern Standard Time
08-18 15:29:13.802  5791  5791 D leak-2071: Eastern Standard Time
08-18 15:29:13.802  5791  5791 D leak-2070: Eastern Standard Time
08-18 15:29:13.802  5791  5791 D leak-2071: Eastern Standard Time
08-18 15:29:13.802  5791  5791 D leak-2070: Eastern Standard Time
08-18 15:29:13.802  5791  5791 D leak-2071: Eastern Standard Time
08-18 15:29:13.802  5791  5791 D leak-857: Eastern Standard Time
08-18 15:29:14.804  5791  5791 D leak-2070: Eastern Standard Time
08-18 15:29:14.804  5791  5791 D leak-2071: Eastern Standard Time
08-18 15:29:14.804  5791  5791 D leak-2070: Eastern Standard Time
08-18 15:29:14.804  5791  5791 D leak-2071: Eastern Standard Time
08-18 15:29:14.813  8427  8427 W AccessibilityNodeInfoDumper: Fetch time: 2ms
08-18 15:29:14.813   624  1044 W WindowManager: Attempted to remove non-existing token: android.os.Binder@801c794
08-18 15:29:14.852  8427  8427 D AndroidRuntime: Shutting down VM
08-18 15:29:15.358  8444  8444 D AndroidRuntime: >>>>>> START com.android.internal.os.RuntimeInit uid 0 <<<<<<
08-18 15:29:15.359  8444  8444 D AndroidRuntime: CheckJNI is OFF
08-18 15:29:15.371  8444  8444 D ICU     : No timezone override file found: /data/misc/zoneinfo/current/icu/icu_tzdata.dat
08-18 15:29:15.383  8444  8444 E memtrack: Couldn't load memtrack module (No such file or directory)
08-18 15:29:15.383  8444  8444 E android.os.Debug: failed to load memtrack module: -2
08-18 15:29:15.383  8444  8444 I Radio-JNI: register_android_hardware_Radio DONE
08-18 15:29:15.389  8444  8444 D AndroidRuntime: Calling main entry com.android.commands.uiautomator.Launcher
08-18 15:29:15.399  5791  5791 D leak-2070: Eastern Standard Time
08-18 15:29:15.399  5791  5791 D leak-2071: Eastern Standard Time
08-18 15:29:15.399  5791  5791 D leak-2070: Eastern Standard Time
08-18 15:29:15.399  5791  5791 D leak-2071: Eastern Standard Time
08-18 15:29:15.399  5791  5791 D leak-2070: Eastern Standard Time
08-18 15:29:15.399  5791  5791 D leak-2071: Eastern Standard Time
08-18 15:29:15.399  5791  5791 D leak-2070: Eastern Standard Time
08-18 15:29:15.399  5791  5791 D leak-2071: Eastern Standard Time
08-18 15:29:15.399  5791  5791 D leak-857: Eastern Standard Time
08-18 15:29:16.403  5791  5791 D leak-2070: Eastern Standard Time
08-18 15:29:16.403  5791  5791 D leak-2071: Eastern Standard Time
08-18 15:29:16.403  5791  5791 D leak-2070: Eastern Standard Time
08-18 15:29:16.403  5791  5791 D leak-2071: Eastern Standard Time
08-18 15:29:16.407  8444  8444 W AccessibilityNodeInfoDumper: Fetch time: 1ms
08-18 15:29:16.407   624   991 W WindowManager: Attempted to remove non-existing token: android.os.Binder@409423d
08-18 15:29:16.420  8444  8444 D AndroidRuntime: Shutting down VM
08-18 15:29:17.486  8468  8468 D AndroidRuntime: >>>>>> START com.android.internal.os.RuntimeInit uid 0 <<<<<<
08-18 15:29:17.488  8468  8468 D AndroidRuntime: CheckJNI is OFF
08-18 15:29:17.499  8468  8468 D ICU     : No timezone override file found: /data/misc/zoneinfo/current/icu/icu_tzdata.dat
08-18 15:29:17.514  8468  8468 E memtrack: Couldn't load memtrack module (No such file or directory)
08-18 15:29:17.515  8468  8468 E android.os.Debug: failed to load memtrack module: -2
08-18 15:29:17.516  8468  8468 I Radio-JNI: register_android_hardware_Radio DONE
08-18 15:29:17.522  8468  8468 D AndroidRuntime: Calling main entry com.android.commands.uiautomator.Launcher
08-18 15:29:17.531  5791  5791 D leak-2070: Eastern Standard Time
08-18 15:29:17.531  5791  5791 D leak-2071: Eastern Standard Time
08-18 15:29:17.531  5791  5791 D leak-2070: Eastern Standard Time
08-18 15:29:17.531  5791  5791 D leak-2071: Eastern Standard Time
08-18 15:29:17.531  5791  5791 D leak-2070: Eastern Standard Time
08-18 15:29:17.531  5791  5791 D leak-2071: Eastern Standard Time
08-18 15:29:17.531  5791  5791 D leak-2070: Eastern Standard Time
08-18 15:29:17.531  5791  5791 D leak-2071: Eastern Standard Time
08-18 15:29:17.531  5791  5791 D leak-857: Eastern Standard Time
08-18 15:29:18.532  5791  5791 D leak-2070: Eastern Standard Time
08-18 15:29:18.532  5791  5791 D leak-2071: Eastern Standard Time
08-18 15:29:18.532  5791  5791 D leak-2070: Eastern Standard Time
08-18 15:29:18.532  5791  5791 D leak-2071: Eastern Standard Time
08-18 15:29:18.541  8468  8468 W AccessibilityNodeInfoDumper: Fetch time: 2ms
08-18 15:29:18.542   624   635 W WindowManager: Attempted to remove non-existing token: android.os.Binder@24dfa32
08-18 15:29:18.553  8468  8468 D AndroidRuntime: Shutting down VM
08-18 15:29:19.037  8486  8486 D AndroidRuntime: >>>>>> START com.android.internal.os.RuntimeInit uid 0 <<<<<<
08-18 15:29:19.039  8486  8486 D AndroidRuntime: CheckJNI is OFF
08-18 15:29:19.048  8486  8486 D ICU     : No timezone override file found: /data/misc/zoneinfo/current/icu/icu_tzdata.dat
08-18 15:29:19.060  8486  8486 E memtrack: Couldn't load memtrack module (No such file or directory)
08-18 15:29:19.060  8486  8486 E android.os.Debug: failed to load memtrack module: -2
08-18 15:29:19.061  8486  8486 I Radio-JNI: register_android_hardware_Radio DONE
08-18 15:29:19.066  8486  8486 D AndroidRuntime: Calling main entry com.android.commands.uiautomator.Launcher
08-18 15:29:19.073  5791  5791 D leak-2070: Eastern Standard Time
08-18 15:29:19.073  5791  5791 D leak-2071: Eastern Standard Time
08-18 15:29:19.073  5791  5791 D leak-2070: Eastern Standard Time
08-18 15:29:19.073  5791  5791 D leak-2071: Eastern Standard Time
08-18 15:29:19.073  5791  5791 D leak-2070: Eastern Standard Time
08-18 15:29:19.073  5791  5791 D leak-2071: Eastern Standard Time
08-18 15:29:19.073  5791  5791 D leak-2070: Eastern Standard Time
08-18 15:29:19.073  5791  5791 D leak-2071: Eastern Standard Time
08-18 15:29:19.073  5791  5791 D leak-857: Eastern Standard Time
08-18 15:29:20.074  5791  5791 D leak-2070: Eastern Standard Time
08-18 15:29:20.074  5791  5791 D leak-2071: Eastern Standard Time
08-18 15:29:20.074  5791  5791 D leak-2070: Eastern Standard Time
08-18 15:29:20.074  5791  5791 D leak-2071: Eastern Standard Time
08-18 15:29:20.083  8486  8486 W AccessibilityNodeInfoDumper: Fetch time: 1ms
08-18 15:29:20.083   624   636 W WindowManager: Attempted to remove non-existing token: android.os.Binder@5fdc900
08-18 15:29:20.147  8486  8486 D AndroidRuntime: Shutting down VM
08-18 15:29:21.253  8511  8511 D AndroidRuntime: >>>>>> START com.android.internal.os.RuntimeInit uid 0 <<<<<<
08-18 15:29:21.255  8511  8511 D AndroidRuntime: CheckJNI is OFF
08-18 15:29:21.264  8511  8511 D ICU     : No timezone override file found: /data/misc/zoneinfo/current/icu/icu_tzdata.dat
08-18 15:29:21.277  8511  8511 E memtrack: Couldn't load memtrack module (No such file or directory)
08-18 15:29:21.277  8511  8511 E android.os.Debug: failed to load memtrack module: -2
08-18 15:29:21.278  8511  8511 I Radio-JNI: register_android_hardware_Radio DONE
08-18 15:29:21.284  8511  8511 D AndroidRuntime: Calling main entry com.android.commands.uiautomator.Launcher
08-18 15:29:21.290  5791  5791 D leak-2070: Eastern Standard Time
08-18 15:29:21.290  5791  5791 D leak-2071: Eastern Standard Time
08-18 15:29:21.290  5791  5791 D leak-2070: Eastern Standard Time
08-18 15:29:21.290  5791  5791 D leak-2071: Eastern Standard Time
08-18 15:29:21.290  5791  5791 D leak-2070: Eastern Standard Time
08-18 15:29:21.290  5791  5791 D leak-2071: Eastern Standard Time
08-18 15:29:21.290  5791  5791 D leak-2070: Eastern Standard Time
08-18 15:29:21.290  5791  5791 D leak-2071: Eastern Standard Time
08-18 15:29:21.290  5791  5791 D leak-857: Eastern Standard Time
08-18 15:29:22.292  5791  5791 D leak-2070: Eastern Standard Time
08-18 15:29:22.292  5791  5791 D leak-2071: Eastern Standard Time
08-18 15:29:22.292  5791  5791 D leak-2070: Eastern Standard Time
08-18 15:29:22.292  5791  5791 D leak-2071: Eastern Standard Time
08-18 15:29:22.298  8511  8511 W AccessibilityNodeInfoDumper: Fetch time: 1ms
08-18 15:29:22.299   624   636 W WindowManager: Attempted to remove non-existing token: android.os.Binder@64cc539
08-18 15:29:22.306  8511  8511 D AndroidRuntime: Shutting down VM
08-18 15:29:22.766  8528  8528 D AndroidRuntime: >>>>>> START com.android.internal.os.RuntimeInit uid 0 <<<<<<
08-18 15:29:22.767  8528  8528 D AndroidRuntime: CheckJNI is OFF
08-18 15:29:22.778  8528  8528 D ICU     : No timezone override file found: /data/misc/zoneinfo/current/icu/icu_tzdata.dat
08-18 15:29:22.794  8528  8528 E memtrack: Couldn't load memtrack module (No such file or directory)
08-18 15:29:22.794  8528  8528 E android.os.Debug: failed to load memtrack module: -2
08-18 15:29:22.795  8528  8528 I Radio-JNI: register_android_hardware_Radio DONE
08-18 15:29:22.800  8528  8528 D AndroidRuntime: Calling main entry com.android.commands.uiautomator.Launcher
08-18 15:29:22.812  5791  5791 D leak-2070: Eastern Standard Time
08-18 15:29:22.812  5791  5791 D leak-2071: Eastern Standard Time
08-18 15:29:22.812  5791  5791 D leak-2070: Eastern Standard Time
08-18 15:29:22.812  5791  5791 D leak-2071: Eastern Standard Time
08-18 15:29:22.812  5791  5791 D leak-2070: Eastern Standard Time
08-18 15:29:22.812  5791  5791 D leak-2071: Eastern Standard Time
08-18 15:29:22.812  5791  5791 D leak-2070: Eastern Standard Time
08-18 15:29:22.812  5791  5791 D leak-2071: Eastern Standard Time
08-18 15:29:22.812  5791  5791 D leak-857: Eastern Standard Time
08-18 15:29:23.813  5791  5791 D leak-2070: Eastern Standard Time
08-18 15:29:23.813  5791  5791 D leak-2071: Eastern Standard Time
08-18 15:29:23.813  5791  5791 D leak-2070: Eastern Standard Time
08-18 15:29:23.813  5791  5791 D leak-2071: Eastern Standard Time
08-18 15:29:23.818  8528  8528 W AccessibilityNodeInfoDumper: Fetch time: 2ms
08-18 15:29:23.818   624   636 W WindowManager: Attempted to remove non-existing token: android.os.Binder@5dd877e
08-18 15:29:23.829  8528  8528 D AndroidRuntime: Shutting down VM
08-18 15:29:24.246  8541  8541 D AndroidRuntime: >>>>>> START com.android.internal.os.RuntimeInit uid 0 <<<<<<
08-18 15:29:24.247  8541  8541 D AndroidRuntime: CheckJNI is OFF
08-18 15:29:24.254  8541  8541 D ICU     : No timezone override file found: /data/misc/zoneinfo/current/icu/icu_tzdata.dat
08-18 15:29:24.267  8541  8541 E memtrack: Couldn't load memtrack module (No such file or directory)
08-18 15:29:24.267  8541  8541 E android.os.Debug: failed to load memtrack module: -2
08-18 15:29:24.268  8541  8541 I Radio-JNI: register_android_hardware_Radio DONE
08-18 15:29:24.273  8541  8541 D AndroidRuntime: Calling main entry com.android.commands.input.Input
08-18 15:29:24.274  8541  8541 I Input   : injectMotionEvent: MotionEvent { action=ACTION_DOWN, actionButton=0, id[0]=0, x[0]=600.0, y[0]=1776.0, toolType[0]=TOOL_TYPE_UNKNOWN, buttonState=0, metaState=0, flags=0x0, edgeFlags=0x0, pointerCount=1, historySize=0, eventTime=625235, downTime=625235, deviceId=0, source=0x1002 }
08-18 15:29:24.278  8541  8541 I Input   : injectMotionEvent: MotionEvent { action=ACTION_MOVE, actionButton=0, id[0]=0, x[0]=600.0, y[0]=1776.0, toolType[0]=TOOL_TYPE_UNKNOWN, buttonState=0, metaState=0, flags=0x0, edgeFlags=0x0, pointerCount=1, historySize=0, eventTime=625235, downTime=625235, deviceId=0, source=0x1002 }
08-18 15:29:24.289  8541  8541 I Input   : injectMotionEvent: MotionEvent { action=ACTION_MOVE, actionButton=0, id[0]=0, x[0]=600.0, y[0]=1776.0, toolType[0]=TOOL_TYPE_UNKNOWN, buttonState=0, metaState=0, flags=0x0, edgeFlags=0x0, pointerCount=1, historySize=0, eventTime=625251, downTime=625251, deviceId=0, source=0x1002 }
08-18 15:29:24.306  8541  8541 I Input   : injectMotionEvent: MotionEvent { action=ACTION_MOVE, actionButton=0, id[0]=0, x[0]=600.0, y[0]=1776.0, toolType[0]=TOOL_TYPE_UNKNOWN, buttonState=0, metaState=0, flags=0x0, edgeFlags=0x0, pointerCount=1, historySize=0, eventTime=625268, downTime=625268, deviceId=0, source=0x1002 }
08-18 15:29:24.322  8541  8541 I Input   : injectMotionEvent: MotionEvent { action=ACTION_MOVE, actionButton=0, id[0]=0, x[0]=600.0, y[0]=1776.0, toolType[0]=TOOL_TYPE_UNKNOWN, buttonState=0, metaState=0, flags=0x0, edgeFlags=0x0, pointerCount=1, historySize=0, eventTime=625284, downTime=625284, deviceId=0, source=0x1002 }
08-18 15:29:24.339  8541  8541 I Input   : injectMotionEvent: MotionEvent { action=ACTION_MOVE, actionButton=0, id[0]=0, x[0]=600.0, y[0]=1776.0, toolType[0]=TOOL_TYPE_UNKNOWN, buttonState=0, metaState=0, flags=0x0, edgeFlags=0x0, pointerCount=1, historySize=0, eventTime=625301, downTime=625301, deviceId=0, source=0x1002 }
08-18 15:29:24.355  8541  8541 I Input   : injectMotionEvent: MotionEvent { action=ACTION_MOVE, actionButton=0, id[0]=0, x[0]=600.0, y[0]=1776.0, toolType[0]=TOOL_TYPE_UNKNOWN, buttonState=0, metaState=0, flags=0x0, edgeFlags=0x0, pointerCount=1, historySize=0, eventTime=625317, downTime=625317, deviceId=0, source=0x1002 }
08-18 15:29:24.372  8541  8541 I Input   : injectMotionEvent: MotionEvent { action=ACTION_MOVE, actionButton=0, id[0]=0, x[0]=600.0, y[0]=1776.0, toolType[0]=TOOL_TYPE_UNKNOWN, buttonState=0, metaState=0, flags=0x0, edgeFlags=0x0, pointerCount=1, historySize=0, eventTime=625334, downTime=625334, deviceId=0, source=0x1002 }
