--------- beginning of main
08-18 17:36:47.025  3227  3227 D AndroidRuntime: >>>>>> START com.android.internal.os.RuntimeInit uid 0 <<<<<<
08-18 17:36:47.028  3227  3227 D AndroidRuntime: CheckJNI is OFF
08-18 17:36:47.049  3227  3227 D ICU     : No timezone override file found: /data/misc/zoneinfo/current/icu/icu_tzdata.dat
08-18 17:36:47.065  3227  3227 E memtrack: Couldn't load memtrack module (No such file or directory)
08-18 17:36:47.065  3227  3227 E android.os.Debug: failed to load memtrack module: -2
08-18 17:36:47.067  3227  3227 I Radio-JNI: register_android_hardware_Radio DONE
08-18 17:36:47.079  3227  3227 D AndroidRuntime: Calling main entry com.android.commands.pm.Pm
--------- beginning of system
08-18 17:36:47.083  1653  1687 I ActivityManager: Force stopping com.uberspot.a2048 appid=10060 user=-1: uninstall pkg
08-18 17:36:47.083  1653  1687 I ActivityManager: Killing 2838:com.uberspot.a2048/u0a60 (adj 0): stop com.uberspot.a2048
08-18 17:36:47.083  1653  1687 W libprocessgroup: failed to open /acct/uid_10060/pid_2838/cgroup.procs: No such file or directory
08-18 17:36:47.091  1653  1687 W ActivityManager: Force removing ActivityRecord{6daefde u0 com.uberspot.a2048/.MainActivity t2}: app died, no saved state
08-18 17:36:47.118  1653  1760 W InputDispatcher: channel 'a3a351c com.uberspot.a2048/com.uberspot.a2048.MainActivity (server)' ~ Consumer closed input channel or an error occurred.  events=0x9
08-18 17:36:47.118  1653  1760 E InputDispatcher: channel 'a3a351c com.uberspot.a2048/com.uberspot.a2048.MainActivity (server)' ~ Channel is unrecoverably broken and will be disposed!
08-18 17:36:47.145  1653  1853 D GraphicsStats: Buffer count: 2
08-18 17:36:47.146  1653  1687 W InputDispatcher: Attempted to unregister already unregistered input channel 'a3a351c com.uberspot.a2048/com.uberspot.a2048.MainActivity (server)'
08-18 17:36:47.196  1653  1853 W WindowManager: Failed looking up window
08-18 17:36:47.196  1653  1853 W WindowManager: java.lang.IllegalArgumentException: Requested window android.os.BinderProxy@d6b4e8f does not exist
08-18 17:36:47.196  1653  1853 W WindowManager: 	at com.android.server.wm.WindowManagerService.windowForClientLocked(WindowManagerService.java:8733)
08-18 17:36:47.196  1653  1853 W WindowManager: 	at com.android.server.wm.WindowManagerService.windowForClientLocked(WindowManagerService.java:8724)
08-18 17:36:47.196  1653  1853 W WindowManager: 	at com.android.server.wm.WindowState$DeathRecipient.binderDied(WindowState.java:1209)
08-18 17:36:47.196  1653  1853 W WindowManager: 	at android.os.BinderProxy.sendDeathNotice(Binder.java:630)
08-18 17:36:47.196  1653  1853 I WindowState: WIN DEATH: null
08-18 17:36:47.259  1653  1749 I art     : Starting a blocking GC Explicit
08-18 17:36:47.269  1653  1749 I art     : Explicit concurrent mark sweep GC freed 9740(571KB) AllocSpace objects, 3(56KB) LOS objects, 33% free, 6MB/9MB, paused 222us total 9.951ms
08-18 17:36:47.273  1653  1749 W PackageManager: Couldn't remove dex file for package:  at location /data/app/com.uberspot.a2048-1/base.apk, retcode=-1
08-18 17:36:47.297  3227  3227 I art     : System.exit called, status: 0
08-18 17:36:47.301  3227  3227 I AndroidRuntime: VM exiting with result code 0.
08-18 17:36:47.313  1653  1749 I ActivityManager: Force stopping com.uberspot.a2048 appid=10060 user=0: pkg removed
08-18 17:36:47.584  2112  3240 D VoicemailCleanupService: Cleaning up data for package: com.uberspot.a2048
08-18 17:36:47.681  1948  2150 I LatinIME:LogUtils: Dictionary info: dictionary = main:en ; version = 54 ; date = 1414726273
08-18 17:36:47.857  1653  1653 D JobSchedulerService: Receieved: android.intent.action.PACKAGE_REMOVED
08-18 17:36:47.863  1653  1761 I InputReader: Reconfiguring input devices.  changes=0x00000010
08-18 17:36:48.008  2046  2046 I Choreographer: Skipped 36 frames!  The application may be doing too much work on its main thread.
08-18 17:36:48.139  1653  1681 I ActivityManager: Start proc 3247:com.android.keychain/1000 for broadcast com.android.keychain/.KeyChainBroadcastReceiver
08-18 17:36:48.213  3247  3247 E libprocessgroup: failed to make and chown /acct/uid_1000: Read-only file system
08-18 17:36:48.213  3247  3247 W Zygote  : createProcessGroup failed, kernel missing CONFIG_CGROUP_CPUACCT?
08-18 17:36:48.251  2046  2211 W EGL_emulation: eglSurfaceAttrib not implemented
08-18 17:36:48.251  2046  2211 W OpenGLRenderer: Failed to set EGL_SWAP_BEHAVIOR on surface 0xe0ce9240, error=EGL_SUCCESS
08-18 17:36:48.268  2007  2007 D CarrierServiceBindHelper: Receive action: android.intent.action.PACKAGE_REMOVED
08-18 17:36:48.337  3247  3247 W System  : ClassLoader referenced unknown path: /system/app/KeyChain/lib/x86
08-18 17:36:48.339  3247  3247 W ContextImpl: Calling a method in the system process without a qualified user: android.app.ContextImpl.startService:1221 android.content.ContextWrapper.startService:581 android.content.ContextWrapper.startService:581 com.android.keychain.KeyChainBroadcastReceiver.onReceive:12 android.app.ActivityThread.handleReceiver:2725 
08-18 17:36:48.355  1653  1858 W InputMethodManagerService: Got RemoteException sending setActive(false) notification to pid 2838 uid 10060
08-18 17:36:48.406  1653  1653 I ActivityManager: Start proc 3262:com.android.documentsui/u0a33 for broadcast com.android.documentsui/.PackageReceiver
08-18 17:36:48.467  3262  3262 E libprocessgroup: failed to make and chown /acct/uid_10033: Read-only file system
08-18 17:36:48.475  3262  3262 W Zygote  : createProcessGroup failed, kernel missing CONFIG_CGROUP_CPUACCT?
08-18 17:36:48.832  3262  3262 W System  : ClassLoader referenced unknown path: /system/app/DocumentsUI/lib/x86
08-18 17:36:48.832  1653  2479 I ActivityManager: Killing 1963:android.process.media/u0a6 (adj 15): empty #17
08-18 17:36:48.832  1653  2479 W libprocessgroup: failed to open /acct/uid_10006/pid_1963/cgroup.procs: No such file or directory
08-18 17:36:49.000  3246  3246 D AndroidRuntime: >>>>>> START com.android.internal.os.RuntimeInit uid 0 <<<<<<
08-18 17:36:49.012  3246  3246 D AndroidRuntime: CheckJNI is OFF
08-18 17:36:49.057  3246  3246 D ICU     : No timezone override file found: /data/misc/zoneinfo/current/icu/icu_tzdata.dat
08-18 17:36:49.066  2046  2211 V RenderScript: 0xe0f2c000 Launching thread(s), CPUs 4
08-18 17:36:49.233  1653  2117 I ActivityManager: Start proc 3285:android.process.media/u0a6 for content provider com.android.providers.downloads/.DownloadStorageProvider
08-18 17:36:49.329  3246  3246 E memtrack: Couldn't load memtrack module (No such file or directory)
08-18 17:36:49.329  3246  3246 E android.os.Debug: failed to load memtrack module: -2
08-18 17:36:49.336  3246  3246 I Radio-JNI: register_android_hardware_Radio DONE
08-18 17:36:49.336  2046  2211 W OpenGLRenderer: Incorrectly called buildLayer on View: ShortcutAndWidgetContainer, destroying layer...
08-18 17:36:49.336  2046  2211 W OpenGLRenderer: Incorrectly called buildLayer on View: ShortcutAndWidgetContainer, destroying layer...
08-18 17:36:49.346  3285  3285 E libprocessgroup: failed to make and chown /acct/uid_10006: Read-only file system
08-18 17:36:49.346  3285  3285 W Zygote  : createProcessGroup failed, kernel missing CONFIG_CGROUP_CPUACCT?
08-18 17:36:49.382  3246  3246 D AndroidRuntime: Calling main entry com.android.commands.pm.Pm
08-18 17:36:49.517  1653  2479 I ActivityManager: Killing 2606:com.android.onetimeinitializer/u0a11 (adj 15): empty #17
08-18 17:36:49.532  1653  2479 W libprocessgroup: failed to open /acct/uid_10011/pid_2606/cgroup.procs: No such file or directory
08-18 17:36:49.631  3285  3285 W System  : ClassLoader referenced unknown path: /system/priv-app/DownloadProvider/lib/x86
08-18 17:36:49.631  2777  2790 D DefContainer: Copying /data/local/tmp/2048-debug_SINK.apk to base.apk
08-18 17:36:49.647  3285  3285 W System  : ClassLoader referenced unknown path: /system/priv-app/MediaProvider/lib/x86
08-18 17:36:49.678  1653  1749 I PackageManager.DexOptimizer: Running dexopt (dex2oat) on: /data/app/vmdl1171906803.tmp/base.apk pkg=com.uberspot.a2048 isa=x86 vmSafeMode=false debuggable=true oatDir = /data/app/vmdl1171906803.tmp/oat
08-18 17:36:49.696  3305  3305 W dex2oat : Unexpected CPU variant for X86 using defaults: x86
08-18 17:36:49.696  3305  3305 I dex2oat : /system/bin/dex2oat --debuggable
08-18 17:36:49.696  3305  3305 E cutils-trace: Error opening trace file: Permission denied (13)
08-18 17:36:49.696  1653  2479 I ActivityManager: Start proc 3308:com.android.externalstorage/u0a7 for content provider com.android.externalstorage/.ExternalStorageProvider
08-18 17:36:49.734  3308  3308 E libprocessgroup: failed to make and chown /acct/uid_10007: Read-only file system
08-18 17:36:49.734  3308  3308 W Zygote  : createProcessGroup failed, kernel missing CONFIG_CGROUP_CPUACCT?
08-18 17:36:49.756  1653  2002 I ActivityManager: Killing 2398:com.android.calendar/u0a24 (adj 15): empty #17
08-18 17:36:49.756  1653  2002 W libprocessgroup: failed to open /acct/uid_10024/pid_2398/cgroup.procs: No such file or directory
08-18 17:36:49.764  3308  3308 W System  : ClassLoader referenced unknown path: /system/priv-app/ExternalStorageProvider/lib/x86
08-18 17:36:49.767  3308  3308 D ExternalStorage: After updating volumes, found 1 active roots
08-18 17:36:49.787  3262  3275 D Documents: Update found 6 roots in 826ms
08-18 17:36:49.797  3262  3325 D Documents: Update found 6 roots in 27ms
08-18 17:36:50.267  3305  3305 I dex2oat : dex2oat took 572.296ms (threads: 4) arena alloc=270KB java alloc=1307KB native alloc=7MB free=1981KB
08-18 17:36:50.321  1653  1749 V BackupManagerService: restoreAtInstall pkg=com.uberspot.a2048 token=2 restoreSet=0
08-18 17:36:50.321  1653  1749 V BackupManagerService: Finishing install immediately
08-18 17:36:50.321  1653  1749 W Settings: Setting install_non_market_apps has moved from android.provider.Settings.Global to android.provider.Settings.Secure, returning read-only value.
08-18 17:36:50.322  1653  1749 I art     : Starting a blocking GC Explicit
08-18 17:36:50.335  1653  1749 I art     : Explicit concurrent mark sweep GC freed 23283(1527KB) AllocSpace objects, 13(292KB) LOS objects, 33% free, 6MB/9MB, paused 251us total 13.778ms
08-18 17:36:50.339  3262  3327 D Documents: Update found 6 roots in 1ms
08-18 17:36:50.341  1653  1761 I InputReader: Reconfiguring input devices.  changes=0x00000010
08-18 17:36:50.350  3246  3246 I art     : System.exit called, status: 0
08-18 17:36:50.350  3246  3246 I AndroidRuntime: VM exiting with result code 0.
08-18 17:36:50.405  2007  2007 D CarrierServiceBindHelper: Receive action: android.intent.action.PACKAGE_ADDED
08-18 17:36:50.409  2007  2007 D CarrierServiceBindHelper: mHandler: 3
08-18 17:36:50.409  2007  2007 D CarrierConfigLoader: mHandler: 9 phoneId: 0
08-18 17:36:50.415  1653  1686 W VoiceInteractionManagerService: no available voice recognition services found for user 0
08-18 17:36:50.647  3336  3336 D AndroidRuntime: >>>>>> START com.android.internal.os.RuntimeInit uid 0 <<<<<<
08-18 17:36:50.648  3336  3336 D AndroidRuntime: CheckJNI is OFF
08-18 17:36:50.665  3336  3336 D ICU     : No timezone override file found: /data/misc/zoneinfo/current/icu/icu_tzdata.dat
08-18 17:36:50.680  3336  3336 E memtrack: Couldn't load memtrack module (No such file or directory)
08-18 17:36:50.680  3336  3336 E android.os.Debug: failed to load memtrack module: -2
08-18 17:36:50.682  3336  3336 I Radio-JNI: register_android_hardware_Radio DONE
08-18 17:36:50.691  3336  3336 D AndroidRuntime: Calling main entry com.android.commands.monkey.Monkey
08-18 17:36:50.703  1653  1687 W BroadcastQueue: Skipping deliver [background] BroadcastRecord{ab56d79 u-1 android.net.conn.CONNECTIVITY_CHANGE} to ReceiverList{b30aabe 3336 (unknown name)/0/u-1 remote:3bed1c3}: process crashing
08-18 17:36:50.709  1653  2117 I ActivityManager: START u0 {act=android.intent.action.MAIN cat=[android.intent.category.LAUNCHER] flg=0x10200000 cmp=com.uberspot.a2048/.MainActivity} from uid 0 on display 0
08-18 17:36:50.728  1653  2119 I ActivityManager: Start proc 3345:com.uberspot.a2048/u0a61 for activity com.uberspot.a2048/.MainActivity
08-18 17:36:50.733  1653  1688 D Sensors : batch handle 1, but there is no batch sensor in genymotion
08-18 17:36:50.752  3336  3336 I art     : System.exit called, status: 0
08-18 17:36:50.752  3336  3336 I AndroidRuntime: VM exiting with result code 0.
08-18 17:36:50.780  3345  3345 E libprocessgroup: failed to make and chown /acct/uid_10061: Read-only file system
08-18 17:36:50.780  3345  3345 W Zygote  : createProcessGroup failed, kernel missing CONFIG_CGROUP_CPUACCT?
08-18 17:36:50.781  3345  3345 I art     : Late-enabling -Xcheck:jni
08-18 17:36:51.484  3345  3345 W System  : ClassLoader referenced unknown path: /data/app/com.uberspot.a2048-1/lib/x86
08-18 17:36:51.605  3345  3345 D leak-0-0: Eastern Standard Time
08-18 17:36:51.618  3345  3345 D leak-0-4: Eastern Standard Time
08-18 17:36:51.619  3345  3345 D leak-5-4: Eastern Standard Time
08-18 17:36:51.630  3345  3345 D leak-0-5: Eastern Standard Time
08-18 17:36:51.636  3345  3345 D leak-5-5: Eastern Standard Time
08-18 17:36:51.636  3345  3345 D leak-6-5: Eastern Standard Time
08-18 17:36:51.857  3345  3345 V WebViewFactory: webViewPackageName: com.android.webview
08-18 17:36:51.937  3345  3345 I WebViewFactory: Loading com.android.webview version 44.0.2403.119 (code 246011910)
08-18 17:36:52.197  3345  3345 W System  : ClassLoader referenced unknown path: /system/app/webview/lib/x86
08-18 17:36:52.376  3345  3345 I LibraryLoader: Time to load native libraries: 59 ms (timestamps 7791-7850)
08-18 17:36:52.376  3345  3345 I LibraryLoader: Expected native library version number "",actual native library version number ""
08-18 17:36:52.592  3345  3345 V WebViewChromiumFactoryProvider: Binding Chromium to main looper Looper (main, tid 1) {fa23b9b}
08-18 17:36:52.593  3345  3345 I LibraryLoader: Expected native library version number "",actual native library version number ""
08-18 17:36:52.593  3345  3345 I chromium: [INFO:library_loader_hooks.cc(120)] Chromium logging enabled: level = 0, default verbosity = 0
08-18 17:36:52.666  3345  3345 I BrowserStartupController: Initializing chromium process, singleProcess=true
08-18 17:36:52.668  3345  3357 I art     : Background sticky concurrent mark sweep GC freed 7416(417KB) AllocSpace objects, 1(20KB) LOS objects, 65% free, 778KB/2MB, paused 732us total 214.024ms
08-18 17:36:52.699  3345  3345 W art     : Attempt to remove non-JNI local reference, dumping thread
08-18 17:36:52.703  3345  3345 E SysUtils: ApplicationContext is null in ApplicationStatus
08-18 17:36:52.885  3345  3345 W chromium: [WARNING:resource_bundle.cc(285)] locale_file_path.empty()
08-18 17:36:52.937  3345  3345 D libEGL  : loaded /system/lib/egl/libEGL_emulation.so
08-18 17:36:52.940  3345  3345 D libEGL  : loaded /system/lib/egl/libGLESv1_CM_emulation.so
08-18 17:36:52.962  3345  3345 D libEGL  : loaded /system/lib/egl/libGLESv2_emulation.so
08-18 17:36:52.981  3345  3345 E libEGL  : validate_display:255 error 3008 (EGL_BAD_DISPLAY)
08-18 17:36:52.981  3345  3345 E libEGL  : validate_display:255 error 3008 (EGL_BAD_DISPLAY)
08-18 17:36:52.986  3345  3345 D         : HostConnection::get() New Host Connection established 0xe9b1f890, tid 3345
08-18 17:36:54.499  3345  3345 E eglCodecCommon: glUtilsParamSize: unknow param 0x00008d57
08-18 17:36:55.143  3345  3345 E DataReductionProxySettingListener: No DRP key due to exception:java.lang.ClassNotFoundException: com.android.webview.chromium.Drp
08-18 17:36:55.268  3345  3377 W AudioManagerAndroid: Requires BLUETOOTH permission
08-18 17:36:55.537  3345  3345 W art     : Attempt to remove non-JNI local reference, dumping thread
08-18 17:36:55.741  3345  3345 W AwContents: onDetachedFromWindow called when already detached. Ignoring
08-18 17:36:55.821  3345  3345 W art     : Attempt to remove non-JNI local reference, dumping thread
08-18 17:36:55.853  3345  3345 W AwContents: onDetachedFromWindow called when already detached. Ignoring
08-18 17:36:56.534  3345  3389 D OpenGLRenderer: Use EGL_SWAP_BEHAVIOR_PRESERVED: true
08-18 17:36:56.701  3384  3384 D AndroidRuntime: >>>>>> START com.android.internal.os.RuntimeInit uid 0 <<<<<<
08-18 17:36:56.709  3384  3384 D AndroidRuntime: CheckJNI is OFF
08-18 17:36:56.776  3384  3384 D ICU     : No timezone override file found: /data/misc/zoneinfo/current/icu/icu_tzdata.dat
08-18 17:36:56.888  2046  2211 E Surface : getSlotFromBufferLocked: unknown buffer: 0xf2c34810
08-18 17:36:57.024  3345  3375 W chromium: [WARNING:data_reduction_proxy_config.cc(423)] SPDY proxy OFF at startup
08-18 17:36:57.025  3384  3384 E memtrack: Couldn't load memtrack module (No such file or directory)
08-18 17:36:57.025  3384  3384 E android.os.Debug: failed to load memtrack module: -2
08-18 17:36:57.038  3384  3384 I Radio-JNI: register_android_hardware_Radio DONE
08-18 17:36:57.120  3384  3384 D AndroidRuntime: Calling main entry com.android.commands.content.Content
08-18 17:36:57.208  3384  3384 D AndroidRuntime: Shutting down VM
08-18 17:36:57.251  3345  3389 I OpenGLRenderer: Initialized EGL, version 1.4
08-18 17:36:57.257  3345  3389 D         : HostConnection::get() New Host Connection established 0xdefb93a0, tid 3389
08-18 17:36:57.370  3345  3389 W EGL_emulation: eglSurfaceAttrib not implemented
08-18 17:36:57.370  3345  3389 W OpenGLRenderer: Failed to set EGL_SWAP_BEHAVIOR on surface 0xee8f1520, error=EGL_SUCCESS
08-18 17:36:57.490  3345  3389 W EGL_emulation: eglSurfaceAttrib not implemented
08-18 17:36:57.490  3345  3389 W OpenGLRenderer: Failed to set EGL_SWAP_BEHAVIOR on surface 0xee8f1560, error=EGL_SUCCESS
08-18 17:36:57.635  3345  3345 I Choreographer: Skipped 36 frames!  The application may be doing too much work on its main thread.
08-18 17:36:57.869  3345  3345 W art     : Attempt to remove non-JNI local reference, dumping thread
08-18 17:36:57.870  3345  3345 W art     : Attempt to remove non-JNI local reference, dumping thread
08-18 17:36:57.945  3399  3399 D AndroidRuntime: >>>>>> START com.android.internal.os.RuntimeInit uid 0 <<<<<<
08-18 17:36:57.952  3399  3399 D AndroidRuntime: CheckJNI is OFF
08-18 17:36:58.045  3399  3399 D ICU     : No timezone override file found: /data/misc/zoneinfo/current/icu/icu_tzdata.dat
08-18 17:36:58.353  3399  3399 E memtrack: Couldn't load memtrack module (No such file or directory)
08-18 17:36:58.369  3399  3399 E android.os.Debug: failed to load memtrack module: -2
08-18 17:36:58.375  3399  3399 I Radio-JNI: register_android_hardware_Radio DONE
08-18 17:36:58.434  3399  3399 D AndroidRuntime: Calling main entry com.android.commands.content.Content
08-18 17:36:58.541  3399  3399 D AndroidRuntime: Shutting down VM
08-18 17:36:59.281  1653  1700 I ActivityManager: Displayed com.uberspot.a2048/.MainActivity: +8s563ms
08-18 17:36:59.318  3345  3389 W EGL_emulation: eglSurfaceAttrib not implemented
08-18 17:36:59.318  3345  3389 W OpenGLRenderer: Failed to set EGL_SWAP_BEHAVIOR on surface 0xde8f4c00, error=EGL_SUCCESS
08-18 17:36:59.362  3345  3345 I Choreographer: Skipped 89 frames!  The application may be doing too much work on its main thread.
08-18 17:36:59.363  3345  3345 W art     : Attempt to remove non-JNI local reference, dumping thread
08-18 17:36:59.621  3345  3416 D         : HostConnection::get() New Host Connection established 0xe0ef2ef0, tid 3416
08-18 17:36:59.673  3345  3357 W art     : Suspending all threads took: 18.210ms
08-18 17:36:59.683  3345  3357 I art     : Background partial concurrent mark sweep GC freed 271(11KB) AllocSpace objects, 1(8MB) LOS objects, 40% free, 9MB/15MB, paused 18.496ms total 231.002ms
08-18 17:36:59.976  1653  1681 I ActivityManager: Killing 2622:com.android.camera2/u0a25 (adj 15): empty #17
08-18 17:36:59.976  1653  1681 W libprocessgroup: failed to open /acct/uid_10025/pid_2622/cgroup.procs: No such file or directory
08-18 17:37:00.802  1653  1687 W ActivityManager: Launch timeout has expired, giving up wake lock!
08-18 17:37:01.185  1653  1700 I Choreographer: Skipped 76 frames!  The application may be doing too much work on its main thread.
08-18 17:37:01.487  1653  1687 W art     : Long monitor contention event with owner method=void com.android.server.wm.WindowAnimator$1.doFrame(long) from WindowAnimator.java:121 waiters=0 for 156ms
08-18 17:37:01.603  3345  3389 V RenderScript: 0xdceac000 Launching thread(s), CPUs 4
08-18 17:37:01.773  3345  3389 E Surface : getSlotFromBufferLocked: unknown buffer: 0xde8c6530
08-18 17:37:01.836  3345  3345 I Choreographer: Skipped 147 frames!  The application may be doing too much work on its main thread.
08-18 17:37:01.836  3345  3345 W art     : Attempt to remove non-JNI local reference, dumping thread
08-18 17:37:01.852  3345  3381 E AndroidProtocolHandler: Unable to open asset URL: file:///android_asset/2048/index.html?lang=en
08-18 17:37:03.042  3429  3429 D AndroidRuntime: >>>>>> START com.android.internal.os.RuntimeInit uid 0 <<<<<<
08-18 17:37:03.061  3429  3429 D AndroidRuntime: CheckJNI is OFF
08-18 17:37:03.165  3429  3429 D ICU     : No timezone override file found: /data/misc/zoneinfo/current/icu/icu_tzdata.dat
08-18 17:37:03.317  1653  1700 I Choreographer: Skipped 62 frames!  The application may be doing too much work on its main thread.
08-18 17:37:03.318  3345  3345 W BindingManager: Cannot call determinedVisibility() - never saw a connection for the pid: 3345
08-18 17:37:03.364  3429  3429 E memtrack: Couldn't load memtrack module (No such file or directory)
08-18 17:37:03.364  3429  3429 E android.os.Debug: failed to load memtrack module: -2
08-18 17:37:03.365  3429  3429 I Radio-JNI: register_android_hardware_Radio DONE
08-18 17:37:03.440  3429  3429 D AndroidRuntime: Calling main entry com.android.commands.uiautomator.Launcher
08-18 17:37:03.445  3345  3345 I Choreographer: Skipped 94 frames!  The application may be doing too much work on its main thread.
08-18 17:37:03.446  3345  3345 W art     : Attempt to remove non-JNI local reference, dumping thread
08-18 17:37:04.083  3345  3345 I Choreographer: Skipped 37 frames!  The application may be doing too much work on its main thread.
08-18 17:37:04.083  3345  3345 W art     : Attempt to remove non-JNI local reference, dumping thread
08-18 17:37:04.105  1653  1653 W art     : Long monitor contention event with owner method=void com.android.server.wm.WindowAnimator$1.doFrame(long) from WindowAnimator.java:121 waiters=0 for 323ms
08-18 17:37:04.106  1653  1700 I Choreographer: Skipped 38 frames!  The application may be doing too much work on its main thread.
08-18 17:37:05.514  3345  3345 W BindingManager: Cannot call determinedVisibility() - never saw a connection for the pid: 3345
08-18 17:37:05.526  3345  3345 W art     : Attempt to remove non-JNI local reference, dumping thread
08-18 17:37:05.763  3345  3345 W art     : Attempt to remove non-JNI local reference, dumping thread
08-18 17:37:06.387  3345  3345 I Choreographer: Skipped 36 frames!  The application may be doing too much work on its main thread.
08-18 17:37:06.388  3345  3345 W art     : Attempt to remove non-JNI local reference, dumping thread
08-18 17:37:06.937  3345  3345 W BindingManager: Cannot call determinedVisibility() - never saw a connection for the pid: 3345
08-18 17:37:06.946  3345  3345 I Choreographer: Skipped 31 frames!  The application may be doing too much work on its main thread.
08-18 17:37:07.118  3345  3389 E Surface : getSlotFromBufferLocked: unknown buffer: 0xde8c48c0
08-18 17:37:07.169  3345  3389 W EGL_emulation: eglSurfaceAttrib not implemented
08-18 17:37:07.171  3345  3389 W OpenGLRenderer: Failed to set EGL_SWAP_BEHAVIOR on surface 0xee8f1520, error=EGL_SUCCESS
08-18 17:37:07.230  3345  3345 W art     : Attempt to remove non-JNI local reference, dumping thread
08-18 17:37:07.503  3345  3345 W art     : Attempt to remove non-JNI local reference, dumping thread
08-18 17:37:07.901  3345  3345 I chromium: [INFO:CONSOLE(0)] "Not allowed to load local resource: file:///android_asset/webkit/android-weberror.png", source: data:text/html,chromewebdata (0)
08-18 17:37:07.921  3345  3345 I Choreographer: Skipped 56 frames!  The application may be doing too much work on its main thread.
08-18 17:37:07.954  3345  3345 W art     : Attempt to remove non-JNI local reference, dumping thread
08-18 17:37:08.022  3429  3429 I AccessibilityNodeInfoDumper: Skipping invisible child: android.view.accessibility.AccessibilityNodeInfo@8000a935; boundsInParent: Rect(0, 0 - 274, 0); boundsInScreen: Rect(875, 1422 - 1149, 1422); packageName: com.uberspot.a2048; className: android.widget.LinearLayout; text: null; error: null; maxTextLength: -1; contentDescription: null; viewIdResName: android:id/rightSpacer; checkable: false; checked: false; focusable: false; focused: false; selected: false; clickable: false; longClickable: false; contextClickable: false; enabled: true; password: false; scrollable: false; actions: [AccessibilityAction: ACTION_SELECT - null, AccessibilityAction: ACTION_CLEAR_SELECTION - null, AccessibilityAction: ACTION_ACCESSIBILITY_FOCUS - null, AccessibilityAction: ACTION_UNKNOWN - null]
08-18 17:37:08.022  3429  3429 I AccessibilityNodeInfoDumper: Skipping invisible child: android.view.accessibility.AccessibilityNodeInfo@8000acf6; boundsInParent: Rect(0, 0 - 273, 0); boundsInScreen: Rect(55, 1422 - 328, 1422); packageName: com.uberspot.a2048; className: android.widget.LinearLayout; text: null; error: null; maxTextLength: -1; contentDescription: null; viewIdResName: android:id/leftSpacer; checkable: false; checked: false; focusable: false; focused: false; selected: false; clickable: false; longClickable: false; contextClickable: false; enabled: true; password: false; scrollable: false; actions: [AccessibilityAction: ACTION_SELECT - null, AccessibilityAction: ACTION_CLEAR_SELECTION - null, AccessibilityAction: ACTION_ACCESSIBILITY_FOCUS - null, AccessibilityAction: ACTION_UNKNOWN - null]
08-18 17:37:08.030  3429  3429 W AccessibilityNodeInfoDumper: Fetch time: 63ms
08-18 17:37:08.081  3345  3345 W art     : Attempt to remove non-JNI local reference, dumping thread
08-18 17:37:08.123  1653  1853 W WindowManager: Attempted to remove non-existing token: android.os.Binder@15492e8
08-18 17:37:08.469  3429  3429 D AndroidRuntime: Shutting down VM
08-18 17:37:09.093  3345  3345 I Choreographer: Skipped 68 frames!  The application may be doing too much work on its main thread.
08-18 17:37:09.175  3345  3345 W art     : Attempt to remove non-JNI local reference, dumping thread
08-18 17:37:09.595  3345  3345 W art     : Attempt to remove non-JNI local reference, dumping thread
08-18 17:37:10.053  3345  3345 I Choreographer: Skipped 56 frames!  The application may be doing too much work on its main thread.
08-18 17:37:10.073  3345  3345 W art     : Attempt to remove non-JNI local reference, dumping thread
08-18 17:37:10.709  3345  3345 I Choreographer: Skipped 37 frames!  The application may be doing too much work on its main thread.
08-18 17:37:10.774  3345  3345 W art     : Attempt to remove non-JNI local reference, dumping thread
08-18 17:37:11.252  3345  3345 I Choreographer: Skipped 31 frames!  The application may be doing too much work on its main thread.
08-18 17:37:11.685  3448  3448 D AndroidRuntime: >>>>>> START com.android.internal.os.RuntimeInit uid 0 <<<<<<
08-18 17:37:11.687  3448  3448 D AndroidRuntime: CheckJNI is OFF
08-18 17:37:11.699  3448  3448 D ICU     : No timezone override file found: /data/misc/zoneinfo/current/icu/icu_tzdata.dat
08-18 17:37:11.717  3448  3448 E memtrack: Couldn't load memtrack module (No such file or directory)
08-18 17:37:11.717  3448  3448 E android.os.Debug: failed to load memtrack module: -2
08-18 17:37:11.718  3448  3448 I Radio-JNI: register_android_hardware_Radio DONE
08-18 17:37:11.728  3448  3448 D AndroidRuntime: Calling main entry com.android.commands.uiautomator.Launcher
08-18 17:37:12.760  3448  3448 I AccessibilityNodeInfoDumper: Skipping invisible child: android.view.accessibility.AccessibilityNodeInfo@8000a93b; boundsInParent: Rect(0, 0 - 274, 0); boundsInScreen: Rect(875, 1422 - 1149, 1422); packageName: com.uberspot.a2048; className: android.widget.LinearLayout; text: null; error: null; maxTextLength: -1; contentDescription: null; viewIdResName: android:id/rightSpacer; checkable: false; checked: false; focusable: false; focused: false; selected: false; clickable: false; longClickable: false; contextClickable: false; enabled: true; password: false; scrollable: false; actions: [AccessibilityAction: ACTION_SELECT - null, AccessibilityAction: ACTION_CLEAR_SELECTION - null, AccessibilityAction: ACTION_ACCESSIBILITY_FOCUS - null, AccessibilityAction: ACTION_UNKNOWN - null]
08-18 17:37:12.760  3448  3448 I AccessibilityNodeInfoDumper: Skipping invisible child: android.view.accessibility.AccessibilityNodeInfo@8000acfc; boundsInParent: Rect(0, 0 - 273, 0); boundsInScreen: Rect(55, 1422 - 328, 1422); packageName: com.uberspot.a2048; className: android.widget.LinearLayout; text: null; error: null; maxTextLength: -1; contentDescription: null; viewIdResName: android:id/leftSpacer; checkable: false; checked: false; focusable: false; focused: false; selected: false; clickable: false; longClickable: false; contextClickable: false; enabled: true; password: false; scrollable: false; actions: [AccessibilityAction: ACTION_SELECT - null, AccessibilityAction: ACTION_CLEAR_SELECTION - null, AccessibilityAction: ACTION_ACCESSIBILITY_FOCUS - null, AccessibilityAction: ACTION_UNKNOWN - null]
08-18 17:37:12.769  3448  3448 W AccessibilityNodeInfoDumper: Fetch time: 16ms
08-18 17:37:12.769  1653  2477 W WindowManager: Attempted to remove non-existing token: android.os.Binder@efa65e7
08-18 17:37:12.782  3448  3448 D AndroidRuntime: Shutting down VM
08-18 17:37:13.978  3472  3472 D AndroidRuntime: >>>>>> START com.android.internal.os.RuntimeInit uid 0 <<<<<<
08-18 17:37:13.980  3472  3472 D AndroidRuntime: CheckJNI is OFF
08-18 17:37:13.991  3472  3472 D ICU     : No timezone override file found: /data/misc/zoneinfo/current/icu/icu_tzdata.dat
08-18 17:37:14.005  3472  3472 E memtrack: Couldn't load memtrack module (No such file or directory)
08-18 17:37:14.006  3472  3472 E android.os.Debug: failed to load memtrack module: -2
08-18 17:37:14.006  3472  3472 I Radio-JNI: register_android_hardware_Radio DONE
08-18 17:37:14.020  3472  3472 D AndroidRuntime: Calling main entry com.android.commands.uiautomator.Launcher
08-18 17:37:15.053  3472  3472 I AccessibilityNodeInfoDumper: Skipping invisible child: android.view.accessibility.AccessibilityNodeInfo@8000a940; boundsInParent: Rect(0, 0 - 274, 0); boundsInScreen: Rect(875, 1422 - 1149, 1422); packageName: com.uberspot.a2048; className: android.widget.LinearLayout; text: null; error: null; maxTextLength: -1; contentDescription: null; viewIdResName: android:id/rightSpacer; checkable: false; checked: false; focusable: false; focused: false; selected: false; clickable: false; longClickable: false; contextClickable: false; enabled: true; password: false; scrollable: false; actions: [AccessibilityAction: ACTION_SELECT - null, AccessibilityAction: ACTION_CLEAR_SELECTION - null, AccessibilityAction: ACTION_ACCESSIBILITY_FOCUS - null, AccessibilityAction: ACTION_UNKNOWN - null]
08-18 17:37:15.053  3472  3472 I AccessibilityNodeInfoDumper: Skipping invisible child: android.view.accessibility.AccessibilityNodeInfo@8000ad01; boundsInParent: Rect(0, 0 - 273, 0); boundsInScreen: Rect(55, 1422 - 328, 1422); packageName: com.uberspot.a2048; className: android.widget.LinearLayout; text: null; error: null; maxTextLength: -1; contentDescription: null; viewIdResName: android:id/leftSpacer; checkable: false; checked: false; focusable: false; focused: false; selected: false; clickable: false; longClickable: false; contextClickable: false; enabled: true; password: false; scrollable: false; actions: [AccessibilityAction: ACTION_SELECT - null, AccessibilityAction: ACTION_CLEAR_SELECTION - null, AccessibilityAction: ACTION_ACCESSIBILITY_FOCUS - null, AccessibilityAction: ACTION_UNKNOWN - null]
08-18 17:37:15.069  3472  3472 W AccessibilityNodeInfoDumper: Fetch time: 32ms
08-18 17:37:15.070  1653  1681 W WindowManager: Attempted to remove non-existing token: android.os.Binder@353f594
08-18 17:37:15.108  3472  3472 D AndroidRuntime: Shutting down VM
08-18 17:37:16.346  3500  3500 D AndroidRuntime: >>>>>> START com.android.internal.os.RuntimeInit uid 0 <<<<<<
08-18 17:37:16.348  3500  3500 D AndroidRuntime: CheckJNI is OFF
08-18 17:37:16.360  3500  3500 D ICU     : No timezone override file found: /data/misc/zoneinfo/current/icu/icu_tzdata.dat
08-18 17:37:16.377  3500  3500 E memtrack: Couldn't load memtrack module (No such file or directory)
08-18 17:37:16.377  3500  3500 E android.os.Debug: failed to load memtrack module: -2
08-18 17:37:16.378  3500  3500 I Radio-JNI: register_android_hardware_Radio DONE
08-18 17:37:16.387  3500  3500 D AndroidRuntime: Calling main entry com.android.commands.uiautomator.Launcher
08-18 17:37:17.413  3500  3500 I AccessibilityNodeInfoDumper: Skipping invisible child: android.view.accessibility.AccessibilityNodeInfo@8000a948; boundsInParent: Rect(0, 0 - 274, 0); boundsInScreen: Rect(875, 1422 - 1149, 1422); packageName: com.uberspot.a2048; className: android.widget.LinearLayout; text: null; error: null; maxTextLength: -1; contentDescription: null; viewIdResName: android:id/rightSpacer; checkable: false; checked: false; focusable: false; focused: false; selected: false; clickable: false; longClickable: false; contextClickable: false; enabled: true; password: false; scrollable: false; actions: [AccessibilityAction: ACTION_SELECT - null, AccessibilityAction: ACTION_CLEAR_SELECTION - null, AccessibilityAction: ACTION_ACCESSIBILITY_FOCUS - null, AccessibilityAction: ACTION_UNKNOWN - null]
08-18 17:37:17.413  3500  3500 I AccessibilityNodeInfoDumper: Skipping invisible child: android.view.accessibility.AccessibilityNodeInfo@8000ad09; boundsInParent: Rect(0, 0 - 273, 0); boundsInScreen: Rect(55, 1422 - 328, 1422); packageName: com.uberspot.a2048; className: android.widget.LinearLayout; text: null; error: null; maxTextLength: -1; contentDescription: null; viewIdResName: android:id/leftSpacer; checkable: false; checked: false; focusable: false; focused: false; selected: false; clickable: false; longClickable: false; contextClickable: false; enabled: true; password: false; scrollable: false; actions: [AccessibilityAction: ACTION_SELECT - null, AccessibilityAction: ACTION_CLEAR_SELECTION - null, AccessibilityAction: ACTION_ACCESSIBILITY_FOCUS - null, AccessibilityAction: ACTION_UNKNOWN - null]
08-18 17:37:17.416  3500  3500 W AccessibilityNodeInfoDumper: Fetch time: 12ms
08-18 17:37:17.416  1653  2117 W WindowManager: Attempted to remove non-existing token: android.os.Binder@40ad83d
08-18 17:37:17.422  3500  3500 D AndroidRuntime: Shutting down VM
08-18 17:37:19.177  3526  3526 D AndroidRuntime: >>>>>> START com.android.internal.os.RuntimeInit uid 0 <<<<<<
08-18 17:37:19.180  3526  3526 D AndroidRuntime: CheckJNI is OFF
08-18 17:37:19.200  3526  3526 D ICU     : No timezone override file found: /data/misc/zoneinfo/current/icu/icu_tzdata.dat
08-18 17:37:19.224  3526  3526 E memtrack: Couldn't load memtrack module (No such file or directory)
08-18 17:37:19.225  3526  3526 E android.os.Debug: failed to load memtrack module: -2
08-18 17:37:19.230  3526  3526 I Radio-JNI: register_android_hardware_Radio DONE
08-18 17:37:19.241  3526  3526 D AndroidRuntime: Calling main entry com.android.commands.uiautomator.Launcher
08-18 17:37:20.281  3526  3526 I AccessibilityNodeInfoDumper: Skipping invisible child: android.view.accessibility.AccessibilityNodeInfo@8000a94d; boundsInParent: Rect(0, 0 - 274, 0); boundsInScreen: Rect(875, 1422 - 1149, 1422); packageName: com.uberspot.a2048; className: android.widget.LinearLayout; text: null; error: null; maxTextLength: -1; contentDescription: null; viewIdResName: android:id/rightSpacer; checkable: false; checked: false; focusable: false; focused: false; selected: false; clickable: false; longClickable: false; contextClickable: false; enabled: true; password: false; scrollable: false; actions: [AccessibilityAction: ACTION_SELECT - null, AccessibilityAction: ACTION_CLEAR_SELECTION - null, AccessibilityAction: ACTION_ACCESSIBILITY_FOCUS - null, AccessibilityAction: ACTION_UNKNOWN - null]
08-18 17:37:20.281  3526  3526 I AccessibilityNodeInfoDumper: Skipping invisible child: android.view.accessibility.AccessibilityNodeInfo@8000ad0e; boundsInParent: Rect(0, 0 - 273, 0); boundsInScreen: Rect(55, 1422 - 328, 1422); packageName: com.uberspot.a2048; className: android.widget.LinearLayout; text: null; error: null; maxTextLength: -1; contentDescription: null; viewIdResName: android:id/leftSpacer; checkable: false; checked: false; focusable: false; focused: false; selected: false; clickable: false; longClickable: false; contextClickable: false; enabled: true; password: false; scrollable: false; actions: [AccessibilityAction: ACTION_SELECT - null, AccessibilityAction: ACTION_CLEAR_SELECTION - null, AccessibilityAction: ACTION_ACCESSIBILITY_FOCUS - null, AccessibilityAction: ACTION_UNKNOWN - null]
08-18 17:37:20.282  3526  3526 W AccessibilityNodeInfoDumper: Fetch time: 9ms
08-18 17:37:20.283  1653  2117 W WindowManager: Attempted to remove non-existing token: android.os.Binder@2fd7983
08-18 17:37:20.299  3526  3526 D AndroidRuntime: Shutting down VM
08-18 17:37:21.025  3544  3544 D AndroidRuntime: >>>>>> START com.android.internal.os.RuntimeInit uid 0 <<<<<<
08-18 17:37:21.028  3544  3544 D AndroidRuntime: CheckJNI is OFF
08-18 17:37:21.042  3544  3544 D ICU     : No timezone override file found: /data/misc/zoneinfo/current/icu/icu_tzdata.dat
08-18 17:37:21.060  3544  3544 E memtrack: Couldn't load memtrack module (No such file or directory)
08-18 17:37:21.060  3544  3544 E android.os.Debug: failed to load memtrack module: -2
08-18 17:37:21.061  3544  3544 I Radio-JNI: register_android_hardware_Radio DONE
08-18 17:37:21.069  3544  3544 D AndroidRuntime: Calling main entry com.android.commands.uiautomator.Launcher
08-18 17:37:22.095  3544  3544 I AccessibilityNodeInfoDumper: Skipping invisible child: android.view.accessibility.AccessibilityNodeInfo@8000a956; boundsInParent: Rect(0, 0 - 274, 0); boundsInScreen: Rect(875, 1422 - 1149, 1422); packageName: com.uberspot.a2048; className: android.widget.LinearLayout; text: null; error: null; maxTextLength: -1; contentDescription: null; viewIdResName: android:id/rightSpacer; checkable: false; checked: false; focusable: false; focused: false; selected: false; clickable: false; longClickable: false; contextClickable: false; enabled: true; password: false; scrollable: false; actions: [AccessibilityAction: ACTION_SELECT - null, AccessibilityAction: ACTION_CLEAR_SELECTION - null, AccessibilityAction: ACTION_ACCESSIBILITY_FOCUS - null, AccessibilityAction: ACTION_UNKNOWN - null]
08-18 17:37:22.096  3544  3544 I AccessibilityNodeInfoDumper: Skipping invisible child: android.view.accessibility.AccessibilityNodeInfo@8000ad17; boundsInParent: Rect(0, 0 - 273, 0); boundsInScreen: Rect(55, 1422 - 328, 1422); packageName: com.uberspot.a2048; className: android.widget.LinearLayout; text: null; error: null; maxTextLength: -1; contentDescription: null; viewIdResName: android:id/leftSpacer; checkable: false; checked: false; focusable: false; focused: false; selected: false; clickable: false; longClickable: false; contextClickable: false; enabled: true; password: false; scrollable: false; actions: [AccessibilityAction: ACTION_SELECT - null, AccessibilityAction: ACTION_CLEAR_SELECTION - null, AccessibilityAction: ACTION_ACCESSIBILITY_FOCUS - null, AccessibilityAction: ACTION_UNKNOWN - null]
08-18 17:37:22.100  3544  3544 W AccessibilityNodeInfoDumper: Fetch time: 13ms
08-18 17:37:22.100  1653  2002 W WindowManager: Attempted to remove non-existing token: android.os.Binder@f44d700
08-18 17:37:22.104  3544  3544 D AndroidRuntime: Shutting down VM
08-18 17:37:23.306  3567  3567 D AndroidRuntime: >>>>>> START com.android.internal.os.RuntimeInit uid 0 <<<<<<
08-18 17:37:23.308  3567  3567 D AndroidRuntime: CheckJNI is OFF
08-18 17:37:23.327  3567  3567 D ICU     : No timezone override file found: /data/misc/zoneinfo/current/icu/icu_tzdata.dat
08-18 17:37:23.346  3567  3567 E memtrack: Couldn't load memtrack module (No such file or directory)
08-18 17:37:23.346  3567  3567 E android.os.Debug: failed to load memtrack module: -2
08-18 17:37:23.349  3567  3567 I Radio-JNI: register_android_hardware_Radio DONE
08-18 17:37:23.357  3567  3567 D AndroidRuntime: Calling main entry com.android.commands.uiautomator.Launcher
08-18 17:37:24.391  3567  3567 I AccessibilityNodeInfoDumper: Skipping invisible child: android.view.accessibility.AccessibilityNodeInfo@8000a95b; boundsInParent: Rect(0, 0 - 274, 0); boundsInScreen: Rect(875, 1422 - 1149, 1422); packageName: com.uberspot.a2048; className: android.widget.LinearLayout; text: null; error: null; maxTextLength: -1; contentDescription: null; viewIdResName: android:id/rightSpacer; checkable: false; checked: false; focusable: false; focused: false; selected: false; clickable: false; longClickable: false; contextClickable: false; enabled: true; password: false; scrollable: false; actions: [AccessibilityAction: ACTION_SELECT - null, AccessibilityAction: ACTION_CLEAR_SELECTION - null, AccessibilityAction: ACTION_ACCESSIBILITY_FOCUS - null, AccessibilityAction: ACTION_UNKNOWN - null]
08-18 17:37:24.391  3567  3567 I AccessibilityNodeInfoDumper: Skipping invisible child: android.view.accessibility.AccessibilityNodeInfo@8000ad1c; boundsInParent: Rect(0, 0 - 273, 0); boundsInScreen: Rect(55, 1422 - 328, 1422); packageName: com.uberspot.a2048; className: android.widget.LinearLayout; text: null; error: null; maxTextLength: -1; contentDescription: null; viewIdResName: android:id/leftSpacer; checkable: false; checked: false; focusable: false; focused: false; selected: false; clickable: false; longClickable: false; contextClickable: false; enabled: true; password: false; scrollable: false; actions: [AccessibilityAction: ACTION_SELECT - null, AccessibilityAction: ACTION_CLEAR_SELECTION - null, AccessibilityAction: ACTION_ACCESSIBILITY_FOCUS - null, AccessibilityAction: ACTION_UNKNOWN - null]
08-18 17:37:24.400  3567  3567 W AccessibilityNodeInfoDumper: Fetch time: 17ms
08-18 17:37:24.400  1653  2002 W WindowManager: Attempted to remove non-existing token: android.os.Binder@3d1bb39
08-18 17:37:24.503  3567  3567 D AndroidRuntime: Shutting down VM
08-18 17:37:25.057  3586  3586 D AndroidRuntime: >>>>>> START com.android.internal.os.RuntimeInit uid 0 <<<<<<
08-18 17:37:25.059  3586  3586 D AndroidRuntime: CheckJNI is OFF
08-18 17:37:25.086  3586  3586 D ICU     : No timezone override file found: /data/misc/zoneinfo/current/icu/icu_tzdata.dat
08-18 17:37:25.106  3586  3586 E memtrack: Couldn't load memtrack module (No such file or directory)
08-18 17:37:25.106  3586  3586 E android.os.Debug: failed to load memtrack module: -2
08-18 17:37:25.108  3586  3586 I Radio-JNI: register_android_hardware_Radio DONE
08-18 17:37:25.119  3586  3586 D AndroidRuntime: Calling main entry com.android.commands.uiautomator.Launcher
08-18 17:37:26.161  3586  3586 I AccessibilityNodeInfoDumper: Skipping invisible child: android.view.accessibility.AccessibilityNodeInfo@8000a962; boundsInParent: Rect(0, 0 - 274, 0); boundsInScreen: Rect(875, 1422 - 1149, 1422); packageName: com.uberspot.a2048; className: android.widget.LinearLayout; text: null; error: null; maxTextLength: -1; contentDescription: null; viewIdResName: android:id/rightSpacer; checkable: false; checked: false; focusable: false; focused: false; selected: false; clickable: false; longClickable: false; contextClickable: false; enabled: true; password: false; scrollable: false; actions: [AccessibilityAction: ACTION_SELECT - null, AccessibilityAction: ACTION_CLEAR_SELECTION - null, AccessibilityAction: ACTION_ACCESSIBILITY_FOCUS - null, AccessibilityAction: ACTION_UNKNOWN - null]
08-18 17:37:26.161  3586  3586 I AccessibilityNodeInfoDumper: Skipping invisible child: android.view.accessibility.AccessibilityNodeInfo@8000ad23; boundsInParent: Rect(0, 0 - 273, 0); boundsInScreen: Rect(55, 1422 - 328, 1422); packageName: com.uberspot.a2048; className: android.widget.LinearLayout; text: null; error: null; maxTextLength: -1; contentDescription: null; viewIdResName: android:id/leftSpacer; checkable: false; checked: false; focusable: false; focused: false; selected: false; clickable: false; longClickable: false; contextClickable: false; enabled: true; password: false; scrollable: false; actions: [AccessibilityAction: ACTION_SELECT - null, AccessibilityAction: ACTION_CLEAR_SELECTION - null, AccessibilityAction: ACTION_ACCESSIBILITY_FOCUS - null, AccessibilityAction: ACTION_UNKNOWN - null]
08-18 17:37:26.162  3586  3586 W AccessibilityNodeInfoDumper: Fetch time: 8ms
08-18 17:37:26.173  1653  2479 W WindowManager: Attempted to remove non-existing token: android.os.Binder@e6e457e
08-18 17:37:26.191  3586  3586 D AndroidRuntime: Shutting down VM
08-18 17:37:27.359  3609  3609 D AndroidRuntime: >>>>>> START com.android.internal.os.RuntimeInit uid 0 <<<<<<
08-18 17:37:27.363  3609  3609 D AndroidRuntime: CheckJNI is OFF
08-18 17:37:27.380  3609  3609 D ICU     : No timezone override file found: /data/misc/zoneinfo/current/icu/icu_tzdata.dat
08-18 17:37:27.400  3609  3609 E memtrack: Couldn't load memtrack module (No such file or directory)
08-18 17:37:27.400  3609  3609 E android.os.Debug: failed to load memtrack module: -2
08-18 17:37:27.401  3609  3609 I Radio-JNI: register_android_hardware_Radio DONE
08-18 17:37:27.421  3609  3609 D AndroidRuntime: Calling main entry com.android.commands.uiautomator.Launcher
08-18 17:37:28.452  3609  3609 I AccessibilityNodeInfoDumper: Skipping invisible child: android.view.accessibility.AccessibilityNodeInfo@8000a969; boundsInParent: Rect(0, 0 - 274, 0); boundsInScreen: Rect(875, 1422 - 1149, 1422); packageName: com.uberspot.a2048; className: android.widget.LinearLayout; text: null; error: null; maxTextLength: -1; contentDescription: null; viewIdResName: android:id/rightSpacer; checkable: false; checked: false; focusable: false; focused: false; selected: false; clickable: false; longClickable: false; contextClickable: false; enabled: true; password: false; scrollable: false; actions: [AccessibilityAction: ACTION_SELECT - null, AccessibilityAction: ACTION_CLEAR_SELECTION - null, AccessibilityAction: ACTION_ACCESSIBILITY_FOCUS - null, AccessibilityAction: ACTION_UNKNOWN - null]
08-18 17:37:28.452  3609  3609 I AccessibilityNodeInfoDumper: Skipping invisible child: android.view.accessibility.AccessibilityNodeInfo@8000ad2a; boundsInParent: Rect(0, 0 - 273, 0); boundsInScreen: Rect(55, 1422 - 328, 1422); packageName: com.uberspot.a2048; className: android.widget.LinearLayout; text: null; error: null; maxTextLength: -1; contentDescription: null; viewIdResName: android:id/leftSpacer; checkable: false; checked: false; focusable: false; focused: false; selected: false; clickable: false; longClickable: false; contextClickable: false; enabled: true; password: false; scrollable: false; actions: [AccessibilityAction: ACTION_SELECT - null, AccessibilityAction: ACTION_CLEAR_SELECTION - null, AccessibilityAction: ACTION_ACCESSIBILITY_FOCUS - null, AccessibilityAction: ACTION_UNKNOWN - null]
08-18 17:37:28.455  3609  3609 W AccessibilityNodeInfoDumper: Fetch time: 11ms
08-18 17:37:28.455  1653  2479 W WindowManager: Attempted to remove non-existing token: android.os.Binder@b942adf
08-18 17:37:28.509  3609  3609 D AndroidRuntime: Shutting down VM
08-18 17:37:29.223  3627  3627 D AndroidRuntime: >>>>>> START com.android.internal.os.RuntimeInit uid 0 <<<<<<
08-18 17:37:29.227  3627  3627 D AndroidRuntime: CheckJNI is OFF
08-18 17:37:29.241  3627  3627 D ICU     : No timezone override file found: /data/misc/zoneinfo/current/icu/icu_tzdata.dat
08-18 17:37:29.262  3627  3627 E memtrack: Couldn't load memtrack module (No such file or directory)
08-18 17:37:29.262  3627  3627 E android.os.Debug: failed to load memtrack module: -2
08-18 17:37:29.263  3627  3627 I Radio-JNI: register_android_hardware_Radio DONE
08-18 17:37:29.277  3627  3627 D AndroidRuntime: Calling main entry com.android.commands.uiautomator.Launcher
08-18 17:37:30.307  3627  3627 I AccessibilityNodeInfoDumper: Skipping invisible child: android.view.accessibility.AccessibilityNodeInfo@8000a971; boundsInParent: Rect(0, 0 - 274, 0); boundsInScreen: Rect(875, 1422 - 1149, 1422); packageName: com.uberspot.a2048; className: android.widget.LinearLayout; text: null; error: null; maxTextLength: -1; contentDescription: null; viewIdResName: android:id/rightSpacer; checkable: false; checked: false; focusable: false; focused: false; selected: false; clickable: false; longClickable: false; contextClickable: false; enabled: true; password: false; scrollable: false; actions: [AccessibilityAction: ACTION_SELECT - null, AccessibilityAction: ACTION_CLEAR_SELECTION - null, AccessibilityAction: ACTION_ACCESSIBILITY_FOCUS - null, AccessibilityAction: ACTION_UNKNOWN - null]
