--------- beginning of main
08-18 17:38:18.778  1982  1982 D AndroidRuntime: >>>>>> START com.android.internal.os.RuntimeInit uid 0 <<<<<<
08-18 17:38:18.780  1982  1982 D AndroidRuntime: CheckJNI is OFF
08-18 17:38:18.800  1982  1982 D ICU     : No timezone override file found: /data/misc/zoneinfo/current/icu/icu_tzdata.dat
08-18 17:38:18.821  1982  1982 E memtrack: Couldn't load memtrack module (No such file or directory)
08-18 17:38:18.821  1982  1982 E android.os.Debug: failed to load memtrack module: -2
08-18 17:38:18.822  1982  1982 I Radio-JNI: register_android_hardware_Radio DONE
08-18 17:38:18.831  1982  1982 D AndroidRuntime: Calling main entry com.android.commands.pm.Pm
08-18 17:38:18.841   611   623 I PackageManager: Package doesn't exist in get block uninstall de.szalkowski.activitylauncher
--------- beginning of system
08-18 17:38:18.841   611   636 W PackageManager: Package named 'de.szalkowski.activitylauncher' doesn't exist.
08-18 17:38:18.841   611   636 I art     : Starting a blocking GC Explicit
08-18 17:38:18.857   611   636 I art     : Explicit concurrent mark sweep GC freed 19082(1091KB) AllocSpace objects, 4(192KB) LOS objects, 33% free, 5MB/8MB, paused 266us total 15.205ms
08-18 17:38:18.859  1982  1982 E Pm      : Failure details: Bundle[{android.content.pm.extra.STATUS=1, android.content.pm.extra.PACKAGE_NAME=de.szalkowski.activitylauncher, android.content.pm.extra.LEGACY_STATUS=-1, android.content.pm.extra.STATUS_MESSAGE=DELETE_FAILED_INTERNAL_ERROR}]
08-18 17:38:18.875  1982  1982 I art     : System.exit called, status: 1
08-18 17:38:18.875  1982  1982 I AndroidRuntime: VM exiting with result code 1.
08-18 17:38:19.199  1995  1995 D AndroidRuntime: >>>>>> START com.android.internal.os.RuntimeInit uid 0 <<<<<<
08-18 17:38:19.201  1995  1995 D AndroidRuntime: CheckJNI is OFF
08-18 17:38:19.215  1995  1995 D ICU     : No timezone override file found: /data/misc/zoneinfo/current/icu/icu_tzdata.dat
08-18 17:38:19.231  1995  1995 E memtrack: Couldn't load memtrack module (No such file or directory)
08-18 17:38:19.231  1995  1995 E android.os.Debug: failed to load memtrack module: -2
08-18 17:38:19.233  1995  1995 I Radio-JNI: register_android_hardware_Radio DONE
08-18 17:38:19.242  1995  1995 D AndroidRuntime: Calling main entry com.android.commands.pm.Pm
08-18 17:38:19.261   611   636 I ActivityManager: Start proc 2003:com.android.defcontainer/u0a4 for service com.android.defcontainer/.DefaultContainerService
08-18 17:38:19.292  2003  2003 E libprocessgroup: failed to make and chown /acct/uid_10004: Read-only file system
08-18 17:38:19.292  2003  2003 W Zygote  : createProcessGroup failed, kernel missing CONFIG_CGROUP_CPUACCT?
08-18 17:38:19.330  2003  2014 D DefContainer: Copying /data/local/tmp/ActivityLauncherApp-SINK.apk to base.apk
08-18 17:38:19.338   611   636 W PackageParser: Unknown element under <manifest>: meta-data at /data/app/vmdl1486155538.tmp/base.apk Binary XML file line #14
08-18 17:38:19.364   611   636 I PackageManager.DexOptimizer: Running dexopt (dex2oat) on: /data/app/vmdl1486155538.tmp/base.apk pkg=de.szalkowski.activitylauncher isa=x86 vmSafeMode=false debuggable=true oatDir = /data/app/vmdl1486155538.tmp/oat
08-18 17:38:19.371  2017  2017 W dex2oat : Unexpected CPU variant for X86 using defaults: x86
08-18 17:38:19.371  2017  2017 I dex2oat : /system/bin/dex2oat --debuggable
08-18 17:38:19.371  2017  2017 E cutils-trace: Error opening trace file: Permission denied (13)
08-18 17:38:19.886  2017  2017 I dex2oat : dex2oat took 514.728ms (threads: 4) arena alloc=180KB java alloc=1464KB native alloc=7MB free=2017KB
08-18 17:38:19.948   611   636 V BackupManagerService: restoreAtInstall pkg=de.szalkowski.activitylauncher token=1 restoreSet=0
08-18 17:38:19.948   611   636 V BackupManagerService: Finishing install immediately
08-18 17:38:19.948   611   636 W Settings: Setting install_non_market_apps has moved from android.provider.Settings.Global to android.provider.Settings.Secure, returning read-only value.
08-18 17:38:19.948   611   636 I art     : Starting a blocking GC Explicit
08-18 17:38:19.962   611   636 I art     : Explicit concurrent mark sweep GC freed 17574(1144KB) AllocSpace objects, 7(140KB) LOS objects, 33% free, 5MB/8MB, paused 293us total 13.190ms
08-18 17:38:19.965  1995  1995 I art     : System.exit called, status: 0
08-18 17:38:19.965  1995  1995 I AndroidRuntime: VM exiting with result code 0.
08-18 17:38:19.968   611   686 I InputReader: Reconfiguring input devices.  changes=0x00000010
08-18 17:38:19.988  1068  1068 D CarrierServiceBindHelper: Receive action: android.intent.action.PACKAGE_ADDED
08-18 17:38:19.989  1068  1068 D CarrierServiceBindHelper: mHandler: 3
08-18 17:38:19.989  1068  1068 D CarrierConfigLoader: mHandler: 9 phoneId: 0
08-18 17:38:20.027   611  1144 I ActivityManager: Start proc 2035:com.svox.pico/u0a50 for broadcast com.svox.pico/.VoiceDataInstallerReceiver
08-18 17:38:20.054   611   626 W VoiceInteractionManagerService: no available voice recognition services found for user 0
08-18 17:38:20.067  2035  2035 E libprocessgroup: failed to make and chown /acct/uid_10050: Read-only file system
08-18 17:38:20.067  2035  2035 W Zygote  : createProcessGroup failed, kernel missing CONFIG_CGROUP_CPUACCT?
08-18 17:38:20.138   611   623 I ActivityManager: Killing 1829:com.android.managedprovisioning/u0a9 (adj 15): empty #17
08-18 17:38:20.138   611   623 W libprocessgroup: failed to open /acct/uid_10009/pid_1829/cgroup.procs: No such file or directory
08-18 17:38:20.344  2052  2052 D AndroidRuntime: >>>>>> START com.android.internal.os.RuntimeInit uid 0 <<<<<<
08-18 17:38:20.347  2052  2052 D AndroidRuntime: CheckJNI is OFF
08-18 17:38:20.360  2052  2052 D ICU     : No timezone override file found: /data/misc/zoneinfo/current/icu/icu_tzdata.dat
08-18 17:38:20.376  2052  2052 E memtrack: Couldn't load memtrack module (No such file or directory)
08-18 17:38:20.376  2052  2052 E android.os.Debug: failed to load memtrack module: -2
08-18 17:38:20.377  2052  2052 I Radio-JNI: register_android_hardware_Radio DONE
08-18 17:38:20.387  2052  2052 D AndroidRuntime: Calling main entry com.android.commands.monkey.Monkey
08-18 17:38:20.399   611   627 W BroadcastQueue: Skipping deliver [background] BroadcastRecord{d271b6f u-1 android.net.conn.CONNECTIVITY_CHANGE} to ReceiverList{adcb07c 2052 (unknown name)/0/u-1 remote:c237549}: process crashing
08-18 17:38:20.407   611  1144 I ActivityManager: START u0 {act=android.intent.action.MAIN cat=[android.intent.category.LAUNCHER] flg=0x10200000 cmp=de.szalkowski.activitylauncher/.MainActivity} from uid 0 on display 0
08-18 17:38:20.455   611   776 I ActivityManager: Start proc 2063:de.szalkowski.activitylauncher/u0a60 for activity de.szalkowski.activitylauncher/.MainActivity
08-18 17:38:20.468  2052  2052 I art     : System.exit called, status: 0
08-18 17:38:20.468  2052  2052 I AndroidRuntime: VM exiting with result code 0.
08-18 17:38:20.551  2063  2063 E libprocessgroup: failed to make and chown /acct/uid_10060: Read-only file system
08-18 17:38:20.551  2063  2063 W Zygote  : createProcessGroup failed, kernel missing CONFIG_CGROUP_CPUACCT?
08-18 17:38:20.551  2063  2063 I art     : Late-enabling -Xcheck:jni
08-18 17:38:21.209  2063  2063 W System  : ClassLoader referenced unknown path: /data/app/de.szalkowski.activitylauncher-1/lib/x86
08-18 17:38:21.368  2063  2063 D leak-17-0: Eastern Standard Time
08-18 17:38:21.628  2063  2063 D leak-17-1: Eastern Standard Time
08-18 17:38:21.628  2063  2063 D leak-18-1: Eastern Standard Time
08-18 17:38:21.754  2063  2063 D leak-24-0: Eastern Standard Time
08-18 17:38:21.984  2063  2075 I art     : Background sticky concurrent mark sweep GC freed 7297(377KB) AllocSpace objects, 1(40KB) LOS objects, 70% free, 659KB/2MB, paused 97us total 190.940ms
08-18 17:38:22.203  2063  2080 D OpenGLRenderer: Use EGL_SWAP_BEHAVIOR_PRESERVED: true
08-18 17:38:22.408  2063  2063 D         : HostConnection::get() New Host Connection established 0xe9b5f940, tid 2063
08-18 17:38:22.946  2063  2080 D libEGL  : loaded /system/lib/egl/libEGL_emulation.so
08-18 17:38:22.946  2063  2080 D libEGL  : loaded /system/lib/egl/libGLESv1_CM_emulation.so
08-18 17:38:23.002  2063  2080 D libEGL  : loaded /system/lib/egl/libGLESv2_emulation.so
08-18 17:38:23.018  2063  2080 D         : HostConnection::get() New Host Connection established 0xeea52870, tid 2080
08-18 17:38:23.513  2063  2080 I OpenGLRenderer: Initialized EGL, version 1.4
08-18 17:38:24.131  2063  2080 W EGL_emulation: eglSurfaceAttrib not implemented
08-18 17:38:24.131  2063  2080 W OpenGLRenderer: Failed to set EGL_SWAP_BEHAVIOR on surface 0xeea535c0, error=EGL_SUCCESS
08-18 17:38:24.187  2063  2080 W EGL_emulation: eglSurfaceAttrib not implemented
08-18 17:38:24.187  2063  2080 W OpenGLRenderer: Failed to set EGL_SWAP_BEHAVIOR on surface 0xeea535e0, error=EGL_SUCCESS
08-18 17:38:24.217  2063  2063 D leak-17-3: Eastern Standard Time
08-18 17:38:24.217  2063  2063 D leak-18-3: Eastern Standard Time
08-18 17:38:24.217  2063  2063 D leak-20-3: Eastern Standard Time
08-18 17:38:24.238  2063  2063 I Choreographer: Skipped 86 frames!  The application may be doing too much work on its main thread.
08-18 17:38:26.246  2085  2085 D AndroidRuntime: >>>>>> START com.android.internal.os.RuntimeInit uid 0 <<<<<<
08-18 17:38:26.304  2085  2085 D AndroidRuntime: CheckJNI is OFF
08-18 17:38:26.387  2085  2085 D ICU     : No timezone override file found: /data/misc/zoneinfo/current/icu/icu_tzdata.dat
08-18 17:38:26.742  2085  2085 E memtrack: Couldn't load memtrack module (No such file or directory)
08-18 17:38:26.742  2085  2085 E android.os.Debug: failed to load memtrack module: -2
08-18 17:38:26.748  2085  2085 I Radio-JNI: register_android_hardware_Radio DONE
08-18 17:38:27.019  2085  2085 D AndroidRuntime: Calling main entry com.android.commands.content.Content
08-18 17:38:27.186  2085  2085 D AndroidRuntime: Shutting down VM
08-18 17:38:28.015  1597  1691 E Surface : getSlotFromBufferLocked: unknown buffer: 0xe8dcd330
08-18 17:38:28.280  2063  2063 D leak-17-6: Eastern Standard Time
08-18 17:38:28.280  2063  2063 D leak-18-6: Eastern Standard Time
08-18 17:38:28.280  2063  2063 D leak-20-6: Eastern Standard Time
08-18 17:38:28.280  2063  2063 D leak-23-6: Eastern Standard Time
08-18 17:38:28.280  2063  2063 I Choreographer: Skipped 241 frames!  The application may be doing too much work on its main thread.
08-18 17:38:28.332   611   632 I ActivityManager: Displayed de.szalkowski.activitylauncher/.MainActivity: +7s903ms
08-18 17:38:28.358  2063  2063 D leak-103-0: Eastern Standard Time
08-18 17:38:28.359  2063  2063 D leak-71-3: Eastern Standard Time
08-18 17:38:28.360  2063  2063 D leak-63-0: Eastern Standard Time
08-18 17:38:28.360  2063  2063 D leak-71-5: Eastern Standard Time
08-18 17:38:28.360  2063  2063 D leak-73-5: Eastern Standard Time
08-18 17:38:28.361  2094  2094 D AndroidRuntime: >>>>>> START com.android.internal.os.RuntimeInit uid 0 <<<<<<
08-18 17:38:28.386  2094  2094 D AndroidRuntime: CheckJNI is OFF
08-18 17:38:28.411  2063  2096 D leak-71-7: Eastern Standard Time
08-18 17:38:28.411  2063  2096 D leak-73-7: Eastern Standard Time
08-18 17:38:28.411  2063  2096 D leak-75-7: Eastern Standard Time
08-18 17:38:28.411  2063  2096 D leak-66-0: Eastern Standard Time
08-18 17:38:28.412  2063  2096 D leak-71-0: Eastern Standard Time
08-18 17:38:28.412  2063  2096 D leak-73-0: Eastern Standard Time
08-18 17:38:28.412  2063  2096 D leak-75-0: Eastern Standard Time
08-18 17:38:28.412  2063  2096 D leak-65-0: Eastern Standard Time
08-18 17:38:28.412  2063  2096 D leak-63-1: Eastern Standard Time
08-18 17:38:28.412  2063  2096 D leak-64-1: Eastern Standard Time
08-18 17:38:28.412  2063  2096 D leak-99-0: Eastern Standard Time
08-18 17:38:28.426  2063  2063 D leak-103-1: Eastern Standard Time
08-18 17:38:28.427  2094  2094 D ICU     : No timezone override file found: /data/misc/zoneinfo/current/icu/icu_tzdata.dat
08-18 17:38:28.441  2063  2063 D leak-104-1: Eastern Standard Time
08-18 17:38:28.455  2063  2096 D leak-99-3: Eastern Standard Time
08-18 17:38:28.455  2063  2096 D leak-102-3: Eastern Standard Time
08-18 17:38:28.455  2063  2096 D leak-85-0: Eastern Standard Time
08-18 17:38:28.474  2063  2096 D leak-99-3: Eastern Standard Time
08-18 17:38:28.474  2063  2096 D leak-102-3: Eastern Standard Time
08-18 17:38:28.474  2063  2096 D leak-85-0: Eastern Standard Time
08-18 17:38:28.511  2094  2094 E memtrack: Couldn't load memtrack module (No such file or directory)
08-18 17:38:28.511  2094  2094 E android.os.Debug: failed to load memtrack module: -2
08-18 17:38:28.513  2094  2094 I Radio-JNI: register_android_hardware_Radio DONE
08-18 17:38:28.531  2094  2094 D AndroidRuntime: Calling main entry com.android.commands.content.Content
08-18 17:38:28.559  2094  2094 D AndroidRuntime: Shutting down VM
08-18 17:38:28.572  2063  2080 W EGL_emulation: eglSurfaceAttrib not implemented
08-18 17:38:28.572  2063  2080 W OpenGLRenderer: Failed to set EGL_SWAP_BEHAVIOR on surface 0xec8e7600, error=EGL_SUCCESS
08-18 17:38:28.610  2063  2063 D leak-66-4: Eastern Standard Time
08-18 17:38:28.610  2063  2063 D leak-71-4: Eastern Standard Time
08-18 17:38:28.610  2063  2063 D leak-72-4: Eastern Standard Time
08-18 17:38:28.610  2063  2063 D leak-73-4: Eastern Standard Time
08-18 17:38:28.610  2063  2063 D leak-75-4: Eastern Standard Time
08-18 17:38:28.610  2063  2063 D leak-66-4: Eastern Standard Time
08-18 17:38:28.610  2063  2063 D leak-71-4: Eastern Standard Time
08-18 17:38:28.610  2063  2063 D leak-72-4: Eastern Standard Time
08-18 17:38:28.610  2063  2063 D leak-73-4: Eastern Standard Time
08-18 17:38:28.610  2063  2063 D leak-75-4: Eastern Standard Time
08-18 17:38:28.993  2063  2063 D leak-66-4: Eastern Standard Time
08-18 17:38:28.993  2063  2063 D leak-71-4: Eastern Standard Time
08-18 17:38:28.993  2063  2063 D leak-72-4: Eastern Standard Time
08-18 17:38:28.993  2063  2063 D leak-73-4: Eastern Standard Time
08-18 17:38:28.993  2063  2063 D leak-75-4: Eastern Standard Time
08-18 17:38:28.993  2063  2063 D leak-66-6: Eastern Standard Time
08-18 17:38:28.993  2063  2063 D leak-71-6: Eastern Standard Time
08-18 17:38:28.993  2063  2063 D leak-72-6: Eastern Standard Time
08-18 17:38:28.993  2063  2063 D leak-73-6: Eastern Standard Time
08-18 17:38:28.993  2063  2063 D leak-74-6: Eastern Standard Time
08-18 17:38:28.993  2063  2063 D leak-75-6: Eastern Standard Time
08-18 17:38:28.994  2063  2063 D leak-103-5: Eastern Standard Time
08-18 17:38:28.994  2063  2063 D leak-104-5: Eastern Standard Time
08-18 17:38:28.994  2063  2063 D leak-108-5: Eastern Standard Time
08-18 17:38:28.994  2063  2063 D leak-81-0: Eastern Standard Time
08-18 17:38:29.037  2063  2063 D leak-85-3: Eastern Standard Time
08-18 17:38:29.037  2063  2063 D leak-88-3: Eastern Standard Time
08-18 17:38:29.037  2063  2063 D leak-85-3: Eastern Standard Time
08-18 17:38:29.037  2063  2063 D leak-88-3: Eastern Standard Time
08-18 17:38:29.067  2063  2080 E Surface : getSlotFromBufferLocked: unknown buffer: 0xe8934540
08-18 17:38:29.101  2063  2063 D leak-81-1: Eastern Standard Time
08-18 17:38:29.101  2063  2063 D leak-82-1: Eastern Standard Time
08-18 17:38:29.103  2063  2063 D leak-85-3: Eastern Standard Time
08-18 17:38:29.103  2063  2063 D leak-88-3: Eastern Standard Time
08-18 17:38:29.103  2063  2063 D leak-85-2: Eastern Standard Time
08-18 17:38:29.103  2063  2063 D leak-87-2: Eastern Standard Time
08-18 17:38:29.103  2063  2063 D leak-88-2: Eastern Standard Time
08-18 17:38:29.103  2063  2063 D leak-81-1: Eastern Standard Time
08-18 17:38:29.106  2063  2063 D leak-82-1: Eastern Standard Time
08-18 17:38:29.106  2063  2063 D leak-85-3: Eastern Standard Time
08-18 17:38:29.106  2063  2063 D leak-88-3: Eastern Standard Time
08-18 17:38:29.106  2063  2063 D leak-85-2: Eastern Standard Time
08-18 17:38:29.106  2063  2063 D leak-87-2: Eastern Standard Time
08-18 17:38:29.106  2063  2063 D leak-88-2: Eastern Standard Time
08-18 17:38:29.383   611   622 I ActivityManager: Killing 1211:android.process.media/u0a6 (adj 15): empty #17
08-18 17:38:29.383   611   622 W libprocessgroup: failed to open /acct/uid_10006/pid_1211/cgroup.procs: No such file or directory
08-18 17:38:29.992   611   686 I InputReader: Reconfiguring input devices.  changes=0x00000010
08-18 17:38:30.071  2117  2117 D AndroidRuntime: >>>>>> START com.android.internal.os.RuntimeInit uid 0 <<<<<<
08-18 17:38:30.074  2117  2117 D AndroidRuntime: CheckJNI is OFF
08-18 17:38:30.090  2117  2117 D ICU     : No timezone override file found: /data/misc/zoneinfo/current/icu/icu_tzdata.dat
08-18 17:38:30.110  2117  2117 E memtrack: Couldn't load memtrack module (No such file or directory)
08-18 17:38:30.110  2117  2117 E android.os.Debug: failed to load memtrack module: -2
08-18 17:38:30.112  2117  2117 I Radio-JNI: register_android_hardware_Radio DONE
08-18 17:38:30.122  2117  2117 D AndroidRuntime: Calling main entry com.android.commands.uiautomator.Launcher
08-18 17:38:31.157  2117  2117 W AccessibilityNodeInfoDumper: Fetch time: 3ms
08-18 17:38:31.158   611   622 W WindowManager: Attempted to remove non-existing token: android.os.Binder@a9d4f2f
08-18 17:38:31.178  2117  2117 D AndroidRuntime: Shutting down VM
08-18 17:38:31.757  2136  2136 D AndroidRuntime: >>>>>> START com.android.internal.os.RuntimeInit uid 0 <<<<<<
08-18 17:38:31.759  2136  2136 D AndroidRuntime: CheckJNI is OFF
08-18 17:38:31.771  2136  2136 D ICU     : No timezone override file found: /data/misc/zoneinfo/current/icu/icu_tzdata.dat
08-18 17:38:31.785  2136  2136 E memtrack: Couldn't load memtrack module (No such file or directory)
08-18 17:38:31.785  2136  2136 E android.os.Debug: failed to load memtrack module: -2
08-18 17:38:31.786  2136  2136 I Radio-JNI: register_android_hardware_Radio DONE
08-18 17:38:31.797  2136  2136 D AndroidRuntime: Calling main entry com.android.commands.uiautomator.Launcher
08-18 17:38:32.816  2136  2136 W AccessibilityNodeInfoDumper: Fetch time: 2ms
08-18 17:38:32.818   611  1188 W WindowManager: Attempted to remove non-existing token: android.os.Binder@75393c
08-18 17:38:32.846  2136  2136 D AndroidRuntime: Shutting down VM
08-18 17:38:34.135  2159  2159 D AndroidRuntime: >>>>>> START com.android.internal.os.RuntimeInit uid 0 <<<<<<
08-18 17:38:34.137  2159  2159 D AndroidRuntime: CheckJNI is OFF
08-18 17:38:34.148  2159  2159 D ICU     : No timezone override file found: /data/misc/zoneinfo/current/icu/icu_tzdata.dat
08-18 17:38:34.160  2159  2159 E memtrack: Couldn't load memtrack module (No such file or directory)
08-18 17:38:34.160  2159  2159 E android.os.Debug: failed to load memtrack module: -2
08-18 17:38:34.161  2159  2159 I Radio-JNI: register_android_hardware_Radio DONE
08-18 17:38:34.167  2159  2159 D AndroidRuntime: Calling main entry com.android.commands.uiautomator.Launcher
08-18 17:38:35.197  2159  2159 W AccessibilityNodeInfoDumper: Fetch time: 2ms
08-18 17:38:35.198   611   622 W WindowManager: Attempted to remove non-existing token: android.os.Binder@9c1d6c5
08-18 17:38:35.217  2159  2159 D AndroidRuntime: Shutting down VM
08-18 17:38:36.439  2187  2187 D AndroidRuntime: >>>>>> START com.android.internal.os.RuntimeInit uid 0 <<<<<<
08-18 17:38:36.441  2187  2187 D AndroidRuntime: CheckJNI is OFF
08-18 17:38:36.454  2187  2187 D ICU     : No timezone override file found: /data/misc/zoneinfo/current/icu/icu_tzdata.dat
08-18 17:38:36.470  2187  2187 E memtrack: Couldn't load memtrack module (No such file or directory)
08-18 17:38:36.470  2187  2187 E android.os.Debug: failed to load memtrack module: -2
08-18 17:38:36.471  2187  2187 I Radio-JNI: register_android_hardware_Radio DONE
08-18 17:38:36.480  2187  2187 D AndroidRuntime: Calling main entry com.android.commands.uiautomator.Launcher
08-18 17:38:37.506  2187  2187 W AccessibilityNodeInfoDumper: Fetch time: 2ms
08-18 17:38:37.507   611   776 W WindowManager: Attempted to remove non-existing token: android.os.Binder@239af4b
08-18 17:38:37.516  2187  2187 D AndroidRuntime: Shutting down VM
08-18 17:38:38.818  2213  2213 D AndroidRuntime: >>>>>> START com.android.internal.os.RuntimeInit uid 0 <<<<<<
08-18 17:38:38.822  2213  2213 D AndroidRuntime: CheckJNI is OFF
08-18 17:38:38.843  2213  2213 D ICU     : No timezone override file found: /data/misc/zoneinfo/current/icu/icu_tzdata.dat
08-18 17:38:38.884  2213  2213 E memtrack: Couldn't load memtrack module (No such file or directory)
08-18 17:38:38.884  2213  2213 E android.os.Debug: failed to load memtrack module: -2
08-18 17:38:38.887  2213  2213 I Radio-JNI: register_android_hardware_Radio DONE
08-18 17:38:38.911  2213  2213 D AndroidRuntime: Calling main entry com.android.commands.uiautomator.Launcher
08-18 17:38:39.937  2213  2213 W AccessibilityNodeInfoDumper: Fetch time: 2ms
08-18 17:38:39.937   611  1040 W WindowManager: Attempted to remove non-existing token: android.os.Binder@4faad28
08-18 17:38:39.954  2213  2213 D AndroidRuntime: Shutting down VM
08-18 17:38:40.538  2231  2231 D AndroidRuntime: >>>>>> START com.android.internal.os.RuntimeInit uid 0 <<<<<<
08-18 17:38:40.539  2231  2231 D AndroidRuntime: CheckJNI is OFF
08-18 17:38:40.552  2231  2231 D ICU     : No timezone override file found: /data/misc/zoneinfo/current/icu/icu_tzdata.dat
08-18 17:38:40.570  2231  2231 E memtrack: Couldn't load memtrack module (No such file or directory)
08-18 17:38:40.570  2231  2231 E android.os.Debug: failed to load memtrack module: -2
08-18 17:38:40.571  2231  2231 I Radio-JNI: register_android_hardware_Radio DONE
08-18 17:38:40.579  2231  2231 D AndroidRuntime: Calling main entry com.android.commands.uiautomator.Launcher
08-18 17:38:41.596  2231  2231 W AccessibilityNodeInfoDumper: Fetch time: 3ms
08-18 17:38:41.597   611  1040 W WindowManager: Attempted to remove non-existing token: android.os.Binder@46e1a41
08-18 17:38:41.605  2231  2231 D AndroidRuntime: Shutting down VM
08-18 17:38:42.742  2255  2255 D AndroidRuntime: >>>>>> START com.android.internal.os.RuntimeInit uid 0 <<<<<<
08-18 17:38:42.744  2255  2255 D AndroidRuntime: CheckJNI is OFF
08-18 17:38:42.760  2255  2255 D ICU     : No timezone override file found: /data/misc/zoneinfo/current/icu/icu_tzdata.dat
08-18 17:38:42.788  2255  2255 E memtrack: Couldn't load memtrack module (No such file or directory)
08-18 17:38:42.789  2255  2255 E android.os.Debug: failed to load memtrack module: -2
08-18 17:38:42.790  2255  2255 I Radio-JNI: register_android_hardware_Radio DONE
08-18 17:38:42.807  2255  2255 D AndroidRuntime: Calling main entry com.android.commands.uiautomator.Launcher
08-18 17:38:43.833  2255  2255 W AccessibilityNodeInfoDumper: Fetch time: 1ms
08-18 17:38:43.833   611   780 W WindowManager: Attempted to remove non-existing token: android.os.Binder@e272be6
08-18 17:38:43.844  2255  2255 D AndroidRuntime: Shutting down VM
08-18 17:38:44.420  2273  2273 D AndroidRuntime: >>>>>> START com.android.internal.os.RuntimeInit uid 0 <<<<<<
08-18 17:38:44.422  2273  2273 D AndroidRuntime: CheckJNI is OFF
08-18 17:38:44.433  2273  2273 D ICU     : No timezone override file found: /data/misc/zoneinfo/current/icu/icu_tzdata.dat
08-18 17:38:44.452  2273  2273 E memtrack: Couldn't load memtrack module (No such file or directory)
08-18 17:38:44.452  2273  2273 E android.os.Debug: failed to load memtrack module: -2
08-18 17:38:44.453  2273  2273 I Radio-JNI: register_android_hardware_Radio DONE
08-18 17:38:44.461  2273  2273 D AndroidRuntime: Calling main entry com.android.commands.uiautomator.Launcher
08-18 17:38:45.473  2273  2273 W AccessibilityNodeInfoDumper: Fetch time: 1ms
08-18 17:38:45.473   611   623 W WindowManager: Attempted to remove non-existing token: android.os.Binder@ff1f527
08-18 17:38:45.484  2273  2273 D AndroidRuntime: Shutting down VM
08-18 17:38:46.673  2296  2296 D AndroidRuntime: >>>>>> START com.android.internal.os.RuntimeInit uid 0 <<<<<<
08-18 17:38:46.674  2296  2296 D AndroidRuntime: CheckJNI is OFF
08-18 17:38:46.686  2296  2296 D ICU     : No timezone override file found: /data/misc/zoneinfo/current/icu/icu_tzdata.dat
08-18 17:38:46.703  2296  2296 E memtrack: Couldn't load memtrack module (No such file or directory)
08-18 17:38:46.703  2296  2296 E android.os.Debug: failed to load memtrack module: -2
08-18 17:38:46.704  2296  2296 I Radio-JNI: register_android_hardware_Radio DONE
08-18 17:38:46.713  2296  2296 D AndroidRuntime: Calling main entry com.android.commands.uiautomator.Launcher
08-18 17:38:47.735  2296  2296 W AccessibilityNodeInfoDumper: Fetch time: 2ms
08-18 17:38:47.735   611  1177 W WindowManager: Attempted to remove non-existing token: android.os.Binder@5e173d4
08-18 17:38:47.746  2296  2296 D AndroidRuntime: Shutting down VM
08-18 17:38:48.299  2314  2314 D AndroidRuntime: >>>>>> START com.android.internal.os.RuntimeInit uid 0 <<<<<<
08-18 17:38:48.300  2314  2314 D AndroidRuntime: CheckJNI is OFF
08-18 17:38:48.310  2314  2314 D ICU     : No timezone override file found: /data/misc/zoneinfo/current/icu/icu_tzdata.dat
08-18 17:38:48.329  2314  2314 E memtrack: Couldn't load memtrack module (No such file or directory)
08-18 17:38:48.329  2314  2314 E android.os.Debug: failed to load memtrack module: -2
08-18 17:38:48.331  2314  2314 I Radio-JNI: register_android_hardware_Radio DONE
08-18 17:38:48.338  2314  2314 D AndroidRuntime: Calling main entry com.android.commands.uiautomator.Launcher
08-18 17:38:49.353  2314  2314 W AccessibilityNodeInfoDumper: Fetch time: 0ms
08-18 17:38:49.354   611  1672 W WindowManager: Attempted to remove non-existing token: android.os.Binder@12a2072
08-18 17:38:49.371  2314  2314 D AndroidRuntime: Shutting down VM
08-18 17:38:50.590  2337  2337 D AndroidRuntime: >>>>>> START com.android.internal.os.RuntimeInit uid 0 <<<<<<
08-18 17:38:50.591  2337  2337 D AndroidRuntime: CheckJNI is OFF
08-18 17:38:50.604  2337  2337 D ICU     : No timezone override file found: /data/misc/zoneinfo/current/icu/icu_tzdata.dat
08-18 17:38:50.624  2337  2337 E memtrack: Couldn't load memtrack module (No such file or directory)
08-18 17:38:50.624  2337  2337 E android.os.Debug: failed to load memtrack module: -2
08-18 17:38:50.625  2337  2337 I Radio-JNI: register_android_hardware_Radio DONE
08-18 17:38:50.635  2337  2337 D AndroidRuntime: Calling main entry com.android.commands.uiautomator.Launcher
08-18 17:38:51.657  2337  2337 W AccessibilityNodeInfoDumper: Fetch time: 2ms
08-18 17:38:51.658   611  1188 W WindowManager: Attempted to remove non-existing token: android.os.Binder@efebcc3
08-18 17:38:51.669  2337  2337 D AndroidRuntime: Shutting down VM
08-18 17:38:52.258  2355  2355 D AndroidRuntime: >>>>>> START com.android.internal.os.RuntimeInit uid 0 <<<<<<
08-18 17:38:52.261  2355  2355 D AndroidRuntime: CheckJNI is OFF
08-18 17:38:52.274  2355  2355 D ICU     : No timezone override file found: /data/misc/zoneinfo/current/icu/icu_tzdata.dat
08-18 17:38:52.294  2355  2355 E memtrack: Couldn't load memtrack module (No such file or directory)
08-18 17:38:52.294  2355  2355 E android.os.Debug: failed to load memtrack module: -2
08-18 17:38:52.295  2355  2355 I Radio-JNI: register_android_hardware_Radio DONE
08-18 17:38:52.304  2355  2355 D AndroidRuntime: Calling main entry com.android.commands.uiautomator.Launcher
08-18 17:38:53.328  2355  2355 W AccessibilityNodeInfoDumper: Fetch time: 2ms
08-18 17:38:53.329   611   776 W WindowManager: Attempted to remove non-existing token: android.os.Binder@1cbf940
08-18 17:38:53.345  2355  2355 D AndroidRuntime: Shutting down VM
08-18 17:38:54.570  2380  2380 D AndroidRuntime: >>>>>> START com.android.internal.os.RuntimeInit uid 0 <<<<<<
08-18 17:38:54.572  2380  2380 D AndroidRuntime: CheckJNI is OFF
08-18 17:38:54.584  2380  2380 D ICU     : No timezone override file found: /data/misc/zoneinfo/current/icu/icu_tzdata.dat
08-18 17:38:54.606  2380  2380 E memtrack: Couldn't load memtrack module (No such file or directory)
08-18 17:38:54.606  2380  2380 E android.os.Debug: failed to load memtrack module: -2
08-18 17:38:54.607  2380  2380 I Radio-JNI: register_android_hardware_Radio DONE
08-18 17:38:54.615  2380  2380 D AndroidRuntime: Calling main entry com.android.commands.uiautomator.Launcher
08-18 17:38:55.640  2380  2380 W AccessibilityNodeInfoDumper: Fetch time: 1ms
08-18 17:38:55.641   611   622 W WindowManager: Attempted to remove non-existing token: android.os.Binder@14ad079
08-18 17:38:55.648  2380  2380 D AndroidRuntime: Shutting down VM
08-18 17:38:56.221  2398  2398 D AndroidRuntime: >>>>>> START com.android.internal.os.RuntimeInit uid 0 <<<<<<
08-18 17:38:56.223  2398  2398 D AndroidRuntime: CheckJNI is OFF
08-18 17:38:56.240  2398  2398 D ICU     : No timezone override file found: /data/misc/zoneinfo/current/icu/icu_tzdata.dat
08-18 17:38:56.254  2398  2398 E memtrack: Couldn't load memtrack module (No such file or directory)
08-18 17:38:56.254  2398  2398 E android.os.Debug: failed to load memtrack module: -2
08-18 17:38:56.257  2398  2398 I Radio-JNI: register_android_hardware_Radio DONE
08-18 17:38:56.265  2398  2398 D AndroidRuntime: Calling main entry com.android.commands.uiautomator.Launcher
08-18 17:38:57.280  2398  2398 W AccessibilityNodeInfoDumper: Fetch time: 1ms
08-18 17:38:57.281   611   776 W WindowManager: Attempted to remove non-existing token: android.os.Binder@ef5d1be
08-18 17:38:57.293  2398  2398 D AndroidRuntime: Shutting down VM
08-18 17:38:57.759  2411  2411 D AndroidRuntime: >>>>>> START com.android.internal.os.RuntimeInit uid 0 <<<<<<
08-18 17:38:57.760  2411  2411 D AndroidRuntime: CheckJNI is OFF
08-18 17:38:57.775  2411  2411 D ICU     : No timezone override file found: /data/misc/zoneinfo/current/icu/icu_tzdata.dat
08-18 17:38:57.788  2411  2411 E memtrack: Couldn't load memtrack module (No such file or directory)
08-18 17:38:57.788  2411  2411 E android.os.Debug: failed to load memtrack module: -2
08-18 17:38:57.789  2411  2411 I Radio-JNI: register_android_hardware_Radio DONE
08-18 17:38:57.800  2411  2411 D AndroidRuntime: Calling main entry com.android.commands.input.Input
08-18 17:38:57.808  2411  2411 I Input   : injectMotionEvent: MotionEvent { action=ACTION_DOWN, actionButton=0, id[0]=0, x[0]=919.0, y[0]=1077.0, toolType[0]=TOOL_TYPE_UNKNOWN, buttonState=0, metaState=0, flags=0x0, edgeFlags=0x0, pointerCount=1, historySize=0, eventTime=485182, downTime=485182, deviceId=0, source=0x1002 }
08-18 17:38:57.832  2411  2411 I Input   : injectMotionEvent: MotionEvent { action=ACTION_UP, actionButton=0, id[0]=0, x[0]=919.0, y[0]=1077.0, toolType[0]=TOOL_TYPE_UNKNOWN, buttonState=0, metaState=0, flags=0x0, edgeFlags=0x0, pointerCount=1, historySize=0, eventTime=485182, downTime=485182, deviceId=0, source=0x1002 }
08-18 17:38:57.833  2411  2411 D AndroidRuntime: Shutting down VM
08-18 17:38:57.845  2063  2063 D leak-29-0: Eastern Standard Time
08-18 17:38:57.846  2063  2063 D leak-26-0: Eastern Standard Time
08-18 17:38:57.918   611   780 D         : HostConnection::get() New Host Connection established 0xdcef97b0, tid 780
08-18 17:38:57.937   274   274 E EGL_emulation: tid 274: eglCreateSyncKHR(1215): error 0x3004 (EGL_BAD_ATTRIBUTE)
08-18 17:38:59.772   611  1177 W art     : Long monitor contention event with owner method=android.graphics.Bitmap com.android.server.wm.WindowManagerService.screenshotApplicationsInner(android.os.IBinder, int, int, int, boolean) from WindowManagerService.java:6223 waiters=0 for 1.383s
08-18 17:38:59.790  2063  2080 E Surface : getSlotFromBufferLocked: unknown buffer: 0xe89343f0
08-18 17:38:59.808  2063  2063 I Choreographer: Skipped 117 frames!  The application may be doing too much work on its main thread.
08-18 17:38:59.822   611   627 I ActivityManager: Killing 1846:com.android.onetimeinitializer/u0a11 (adj 15): empty #17
08-18 17:38:59.823   611   627 W libprocessgroup: failed to open /acct/uid_10011/pid_1846/cgroup.procs: No such file or directory
08-18 17:38:59.871  2063  2080 E Surface : getSlotFromBufferLocked: unknown buffer: 0xe89341c0
08-18 17:38:59.981  1597  1691 W EGL_emulation: eglSurfaceAttrib not implemented
08-18 17:38:59.981  1597  1691 W OpenGLRenderer: Failed to set EGL_SWAP_BEHAVIOR on surface 0xdecb7120, error=EGL_SUCCESS
08-18 17:39:00.038   611  1672 W InputMethodManagerService: Window already focused, ignoring focus gain of: com.android.internal.view.IInputMethodClient$Stub$Proxy@b86621f attribute=android.view.inputmethod.EditorInfo@d17696c, token = android.os.BinderProxy@aa1bc45
08-18 17:39:00.607  1597  1691 V RenderScript: 0xdf989000 Launching thread(s), CPUs 4
08-18 17:39:00.644  1597  1691 W OpenGLRenderer: Incorrectly called buildLayer on View: ShortcutAndWidgetContainer, destroying layer...
08-18 17:39:00.644  1597  1691 W OpenGLRenderer: Incorrectly called buildLayer on View: ShortcutAndWidgetContainer, destroying layer...
08-18 17:39:04.409  2747  2747 D AndroidRuntime: >>>>>> START com.android.internal.os.RuntimeInit uid 0 <<<<<<
08-18 17:39:04.410  2747  2747 D AndroidRuntime: CheckJNI is OFF
08-18 17:39:04.422  2747  2747 D ICU     : No timezone override file found: /data/misc/zoneinfo/current/icu/icu_tzdata.dat
08-18 17:39:04.437  2747  2747 E memtrack: Couldn't load memtrack module (No such file or directory)
08-18 17:39:04.437  2747  2747 E android.os.Debug: failed to load memtrack module: -2
08-18 17:39:04.438  2747  2747 I Radio-JNI: register_android_hardware_Radio DONE
08-18 17:39:04.447  2747  2747 D AndroidRuntime: Calling main entry com.android.commands.monkey.Monkey
08-18 17:39:04.457   611   627 W BroadcastQueue: Skipping deliver [background] BroadcastRecord{8337a04 u-1 android.net.conn.CONNECTIVITY_CHANGE} to ReceiverList{305bed 2747 (unknown name)/0/u-1 remote:f885a96}: process crashing
08-18 17:39:04.460   611   776 I ActivityManager: START u0 {act=android.intent.action.MAIN cat=[android.intent.category.LAUNCHER] flg=0x10200000 cmp=de.szalkowski.activitylauncher/.MainActivity} from uid 0 on display 0
08-18 17:39:04.510   611   628 D Sensors : batch handle 1, but there is no batch sensor in genymotion
08-18 17:39:04.512  2063  2063 D leak-17-0: Eastern Standard Time
08-18 17:39:04.513  2747  2747 I art     : System.exit called, status: 0
08-18 17:39:04.513  2747  2747 I AndroidRuntime: VM exiting with result code 0.
08-18 17:39:04.517  2063  2063 D leak-17-1: Eastern Standard Time
08-18 17:39:04.517  2063  2063 D leak-18-1: Eastern Standard Time
08-18 17:39:04.524  2063  2063 D leak-24-0: Eastern Standard Time
08-18 17:39:05.831   611   628 W art     : Long monitor contention event with owner method=int com.android.server.wm.WindowManagerService.relayoutWindow(com.android.server.wm.Session, android.view.IWindow, int, android.view.WindowManager$LayoutParams, int, int, int, int, android.graphics.Rect, android.graphics.Rect, android.graphics.Rect, android.graphics.Rect, android.graphics.Rect, android.graphics.Rect, android.content.res.Configuration, android.view.Surface) from WindowManagerService.java:3103 waiters=0 for 857ms
08-18 17:39:06.119  2063  2080 W EGL_emulation: eglSurfaceAttrib not implemented
08-18 17:39:06.124  2063  2080 W OpenGLRenderer: Failed to set EGL_SWAP_BEHAVIOR on surface 0xf04741c0, error=EGL_SUCCESS
08-18 17:39:06.769  2063  2080 W EGL_emulation: eglSurfaceAttrib not implemented
08-18 17:39:06.769  2063  2080 W OpenGLRenderer: Failed to set EGL_SWAP_BEHAVIOR on surface 0xf04741e0, error=EGL_SUCCESS
08-18 17:39:07.262  2063  2063 D leak-17-3: Eastern Standard Time
08-18 17:39:07.296  2063  2063 D leak-18-3: Eastern Standard Time
08-18 17:39:07.304  2063  2063 D leak-20-3: Eastern Standard Time
08-18 17:39:07.305  2063  2063 I Choreographer: Skipped 146 frames!  The application may be doing too much work on its main thread.
08-18 17:39:07.707  2063  2063 D leak-17-6: Eastern Standard Time
08-18 17:39:07.707  2063  2063 D leak-18-6: Eastern Standard Time
08-18 17:39:07.707  2063  2063 D leak-20-6: Eastern Standard Time
08-18 17:39:07.707  2063  2063 D leak-23-6: Eastern Standard Time
08-18 17:39:08.697  2063  2063 D leak-103-0: Eastern Standard Time
08-18 17:39:08.746  2063  2063 D leak-71-3: Eastern Standard Time
08-18 17:39:08.747  2063  2063 D leak-63-0: Eastern Standard Time
08-18 17:39:08.753  2063  2063 D leak-71-5: Eastern Standard Time
08-18 17:39:08.753  2063  2063 D leak-73-5: Eastern Standard Time
08-18 17:39:08.803  2063  2063 D leak-103-1: Eastern Standard Time
08-18 17:39:08.810  2063  2063 D leak-104-1: Eastern Standard Time
08-18 17:39:08.810  2063  2063 I Choreographer: Skipped 65 frames!  The application may be doing too much work on its main thread.
08-18 17:39:08.862  2063  2757 D leak-71-7: Eastern Standard Time
08-18 17:39:08.882  2063  2757 D leak-73-7: Eastern Standard Time
08-18 17:39:08.907  2063  2757 D leak-75-7: Eastern Standard Time
08-18 17:39:08.914  2063  2757 D leak-66-0: Eastern Standard Time
08-18 17:39:08.926  2063  2757 D leak-71-0: Eastern Standard Time
08-18 17:39:08.926  2063  2757 D leak-73-0: Eastern Standard Time
08-18 17:39:08.926  2063  2757 D leak-75-0: Eastern Standard Time
08-18 17:39:08.926  2063  2757 D leak-65-0: Eastern Standard Time
08-18 17:39:08.926  2063  2757 D leak-63-1: Eastern Standard Time
08-18 17:39:08.926  2063  2757 D leak-64-1: Eastern Standard Time
08-18 17:39:08.936  2063  2757 D leak-99-3: Eastern Standard Time
08-18 17:39:08.944  2063  2757 D leak-102-3: Eastern Standard Time
08-18 17:39:08.944  2063  2757 D leak-99-3: Eastern Standard Time
08-18 17:39:08.950  2063  2757 D leak-102-3: Eastern Standard Time
08-18 17:39:09.352   611   632 I Choreographer: Skipped 288 frames!  The application may be doing too much work on its main thread.
08-18 17:39:09.363  1597  1691 E Surface : getSlotFromBufferLocked: unknown buffer: 0xe8dcd2c0
08-18 17:39:09.409  2063  2080 W EGL_emulation: eglSurfaceAttrib not implemented
08-18 17:39:09.409  2063  2080 W OpenGLRenderer: Failed to set EGL_SWAP_BEHAVIOR on surface 0xe9b60d00, error=EGL_SUCCESS
08-18 17:39:09.482  2063  2063 I Choreographer: Skipped 39 frames!  The application may be doing too much work on its main thread.
08-18 17:39:09.599  2063  2063 D leak-66-4: Eastern Standard Time
08-18 17:39:09.599  2063  2063 D leak-71-4: Eastern Standard Time
08-18 17:39:09.599  2063  2063 D leak-72-4: Eastern Standard Time
08-18 17:39:09.599  2063  2063 D leak-73-4: Eastern Standard Time
08-18 17:39:09.599  2063  2063 D leak-75-4: Eastern Standard Time
08-18 17:39:09.600  2063  2063 D leak-66-4: Eastern Standard Time
08-18 17:39:09.600  2063  2063 D leak-71-4: Eastern Standard Time
08-18 17:39:09.600  2063  2063 D leak-72-4: Eastern Standard Time
08-18 17:39:09.600  2063  2063 D leak-73-4: Eastern Standard Time
08-18 17:39:09.600  2063  2063 D leak-75-4: Eastern Standard Time
08-18 17:39:09.600  2063  2063 D leak-66-4: Eastern Standard Time
08-18 17:39:09.600  2063  2063 D leak-71-4: Eastern Standard Time
08-18 17:39:09.600  2063  2063 D leak-72-4: Eastern Standard Time
08-18 17:39:09.600  2063  2063 D leak-73-4: Eastern Standard Time
08-18 17:39:09.600  2063  2063 D leak-75-4: Eastern Standard Time
08-18 17:39:09.600  2063  2063 D leak-66-6: Eastern Standard Time
08-18 17:39:09.600  2063  2063 D leak-71-6: Eastern Standard Time
08-18 17:39:09.600  2063  2063 D leak-72-6: Eastern Standard Time
08-18 17:39:09.600  2063  2063 D leak-73-6: Eastern Standard Time
08-18 17:39:09.600  2063  2063 D leak-74-6: Eastern Standard Time
08-18 17:39:09.600  2063  2063 D leak-75-6: Eastern Standard Time
08-18 17:39:09.600  2063  2063 D leak-103-5: Eastern Standard Time
08-18 17:39:09.600  2063  2063 D leak-104-5: Eastern Standard Time
08-18 17:39:09.600  2063  2063 D leak-108-5: Eastern Standard Time
08-18 17:39:09.600  2063  2063 D leak-81-0: Eastern Standard Time
08-18 17:39:09.600  2063  2063 D leak-85-3: Eastern Standard Time
08-18 17:39:09.600  2063  2063 D leak-87-3: Eastern Standard Time
08-18 17:39:09.600  2063  2063 D leak-88-3: Eastern Standard Time
08-18 17:39:09.600  2063  2063 D leak-85-3: Eastern Standard Time
08-18 17:39:09.600  2063  2063 D leak-87-3: Eastern Standard Time
08-18 17:39:09.600  2063  2063 D leak-88-3: Eastern Standard Time
08-18 17:39:09.638  2063  2080 E Surface : getSlotFromBufferLocked: unknown buffer: 0xe8934620
08-18 17:39:09.690   611   632 I ActivityManager: Displayed de.szalkowski.activitylauncher/.MainActivity: +5s183ms
08-18 17:39:09.712  2063  2063 D leak-81-1: Eastern Standard Time
08-18 17:39:09.712  2063  2063 D leak-82-1: Eastern Standard Time
08-18 17:39:09.714  2063  2063 D leak-85-3: Eastern Standard Time
08-18 17:39:09.714  2063  2063 D leak-87-3: Eastern Standard Time
08-18 17:39:09.714  2063  2063 D leak-88-3: Eastern Standard Time
08-18 17:39:09.714  2063  2063 D leak-85-2: Eastern Standard Time
08-18 17:39:09.714  2063  2063 D leak-87-2: Eastern Standard Time
08-18 17:39:09.714  2063  2063 D leak-88-2: Eastern Standard Time
08-18 17:39:09.714  2063  2063 D leak-81-1: Eastern Standard Time
08-18 17:39:09.718  2063  2063 D leak-82-1: Eastern Standard Time
08-18 17:39:09.719  2063  2063 D leak-85-3: Eastern Standard Time
08-18 17:39:09.719  2063  2063 D leak-87-3: Eastern Standard Time
08-18 17:39:09.719  2063  2063 D leak-88-3: Eastern Standard Time
08-18 17:39:09.719  2063  2063 D leak-85-2: Eastern Standard Time
08-18 17:39:09.719  2063  2063 D leak-87-2: Eastern Standard Time
08-18 17:39:09.719  2063  2063 D leak-88-2: Eastern Standard Time
08-18 17:39:10.811  2761  2761 D AndroidRuntime: >>>>>> START com.android.internal.os.RuntimeInit uid 0 <<<<<<
08-18 17:39:10.813  2761  2761 D AndroidRuntime: CheckJNI is OFF
08-18 17:39:10.825  2761  2761 D ICU     : No timezone override file found: /data/misc/zoneinfo/current/icu/icu_tzdata.dat
08-18 17:39:10.842  2761  2761 E memtrack: Couldn't load memtrack module (No such file or directory)
08-18 17:39:10.842  2761  2761 E android.os.Debug: failed to load memtrack module: -2
08-18 17:39:10.845  2761  2761 I Radio-JNI: register_android_hardware_Radio DONE
08-18 17:39:10.853  2761  2761 D AndroidRuntime: Calling main entry com.android.commands.uiautomator.Launcher
08-18 17:39:11.893  2761  2761 W AccessibilityNodeInfoDumper: Fetch time: 2ms
08-18 17:39:11.893   611   776 W WindowManager: Attempted to remove non-existing token: android.os.Binder@17870c9
08-18 17:39:11.919  2761  2761 D AndroidRuntime: Shutting down VM
08-18 17:39:13.039  2784  2784 D AndroidRuntime: >>>>>> START com.android.internal.os.RuntimeInit uid 0 <<<<<<
08-18 17:39:13.042  2784  2784 D AndroidRuntime: CheckJNI is OFF
08-18 17:39:13.052  2784  2784 D ICU     : No timezone override file found: /data/misc/zoneinfo/current/icu/icu_tzdata.dat
08-18 17:39:13.067  2784  2784 E memtrack: Couldn't load memtrack module (No such file or directory)
08-18 17:39:13.067  2784  2784 E android.os.Debug: failed to load memtrack module: -2
08-18 17:39:13.068  2784  2784 I Radio-JNI: register_android_hardware_Radio DONE
08-18 17:39:13.075  2784  2784 D AndroidRuntime: Calling main entry com.android.commands.uiautomator.Launcher
08-18 17:39:14.113  2784  2784 W AccessibilityNodeInfoDumper: Fetch time: 2ms
08-18 17:39:14.115   611   776 W WindowManager: Attempted to remove non-existing token: android.os.Binder@20e5085
08-18 17:39:14.131  2784  2784 D AndroidRuntime: Shutting down VM
08-18 17:39:14.616  2802  2802 D AndroidRuntime: >>>>>> START com.android.internal.os.RuntimeInit uid 0 <<<<<<
08-18 17:39:14.618  2802  2802 D AndroidRuntime: CheckJNI is OFF
08-18 17:39:14.630  2802  2802 D ICU     : No timezone override file found: /data/misc/zoneinfo/current/icu/icu_tzdata.dat
08-18 17:39:14.644  2802  2802 E memtrack: Couldn't load memtrack module (No such file or directory)
08-18 17:39:14.644  2802  2802 E android.os.Debug: failed to load memtrack module: -2
08-18 17:39:14.645  2802  2802 I Radio-JNI: register_android_hardware_Radio DONE
08-18 17:39:14.652  2802  2802 D AndroidRuntime: Calling main entry com.android.commands.uiautomator.Launcher
08-18 17:39:15.671  2802  2802 W AccessibilityNodeInfoDumper: Fetch time: 2ms
08-18 17:39:15.671   611  1188 W WindowManager: Attempted to remove non-existing token: android.os.Binder@87efeda
08-18 17:39:15.692  2802  2802 D AndroidRuntime: Shutting down VM
08-18 17:39:16.821  2825  2825 D AndroidRuntime: >>>>>> START com.android.internal.os.RuntimeInit uid 0 <<<<<<
08-18 17:39:16.822  2825  2825 D AndroidRuntime: CheckJNI is OFF
08-18 17:39:16.831  2825  2825 D ICU     : No timezone override file found: /data/misc/zoneinfo/current/icu/icu_tzdata.dat
08-18 17:39:16.844  2825  2825 E memtrack: Couldn't load memtrack module (No such file or directory)
08-18 17:39:16.844  2825  2825 E android.os.Debug: failed to load memtrack module: -2
08-18 17:39:16.844  2825  2825 I Radio-JNI: register_android_hardware_Radio DONE
08-18 17:39:16.850  2825  2825 D AndroidRuntime: Calling main entry com.android.commands.uiautomator.Launcher
08-18 17:39:17.864  2825  2825 W AccessibilityNodeInfoDumper: Fetch time: 2ms
08-18 17:39:17.865   611   780 W WindowManager: Attempted to remove non-existing token: android.os.Binder@6551f0b
08-18 17:39:17.872  2825  2825 D AndroidRuntime: Shutting down VM
08-18 17:39:19.084  2853  2853 D AndroidRuntime: >>>>>> START com.android.internal.os.RuntimeInit uid 0 <<<<<<
08-18 17:39:19.086  2853  2853 D AndroidRuntime: CheckJNI is OFF
08-18 17:39:19.098  2853  2853 D ICU     : No timezone override file found: /data/misc/zoneinfo/current/icu/icu_tzdata.dat
08-18 17:39:19.117  2853  2853 E memtrack: Couldn't load memtrack module (No such file or directory)
08-18 17:39:19.117  2853  2853 E android.os.Debug: failed to load memtrack module: -2
08-18 17:39:19.119  2853  2853 I Radio-JNI: register_android_hardware_Radio DONE
08-18 17:39:19.129  2853  2853 D AndroidRuntime: Calling main entry com.android.commands.uiautomator.Launcher
08-18 17:39:20.157  2853  2853 W AccessibilityNodeInfoDumper: Fetch time: 2ms
08-18 17:39:20.157   611   776 W WindowManager: Attempted to remove non-existing token: android.os.Binder@f35c1e8
08-18 17:39:20.171  2853  2853 D AndroidRuntime: Shutting down VM
08-18 17:39:21.372  2879  2879 D AndroidRuntime: >>>>>> START com.android.internal.os.RuntimeInit uid 0 <<<<<<
08-18 17:39:21.374  2879  2879 D AndroidRuntime: CheckJNI is OFF
08-18 17:39:21.387  2879  2879 D ICU     : No timezone override file found: /data/misc/zoneinfo/current/icu/icu_tzdata.dat
08-18 17:39:21.406  2879  2879 E memtrack: Couldn't load memtrack module (No such file or directory)
08-18 17:39:21.406  2879  2879 E android.os.Debug: failed to load memtrack module: -2
08-18 17:39:21.408  2879  2879 I Radio-JNI: register_android_hardware_Radio DONE
08-18 17:39:21.416  2879  2879 D AndroidRuntime: Calling main entry com.android.commands.uiautomator.Launcher
08-18 17:39:22.431  2879  2879 W AccessibilityNodeInfoDumper: Fetch time: 3ms
08-18 17:39:22.431   611   776 W WindowManager: Attempted to remove non-existing token: android.os.Binder@c687001
08-18 17:39:22.444  2879  2879 D AndroidRuntime: Shutting down VM
08-18 17:39:22.999  2898  2898 D AndroidRuntime: >>>>>> START com.android.internal.os.RuntimeInit uid 0 <<<<<<
08-18 17:39:23.000  2898  2898 D AndroidRuntime: CheckJNI is OFF
08-18 17:39:23.012  2898  2898 D ICU     : No timezone override file found: /data/misc/zoneinfo/current/icu/icu_tzdata.dat
08-18 17:39:23.027  2898  2898 E memtrack: Couldn't load memtrack module (No such file or directory)
08-18 17:39:23.027  2898  2898 E android.os.Debug: failed to load memtrack module: -2
08-18 17:39:23.028  2898  2898 I Radio-JNI: register_android_hardware_Radio DONE
08-18 17:39:23.037  2898  2898 D AndroidRuntime: Calling main entry com.android.commands.uiautomator.Launcher
08-18 17:39:24.053  2898  2898 W AccessibilityNodeInfoDumper: Fetch time: 1ms
08-18 17:39:24.054   611  1144 W WindowManager: Attempted to remove non-existing token: android.os.Binder@b4a0e7
08-18 17:39:24.063  2898  2898 D AndroidRuntime: Shutting down VM
08-18 17:39:25.217  2921  2921 D AndroidRuntime: >>>>>> START com.android.internal.os.RuntimeInit uid 0 <<<<<<
08-18 17:39:25.220  2921  2921 D AndroidRuntime: CheckJNI is OFF
08-18 17:39:25.231  2921  2921 D ICU     : No timezone override file found: /data/misc/zoneinfo/current/icu/icu_tzdata.dat
08-18 17:39:25.244  2921  2921 E memtrack: Couldn't load memtrack module (No such file or directory)
08-18 17:39:25.244  2921  2921 E android.os.Debug: failed to load memtrack module: -2
08-18 17:39:25.245  2921  2921 I Radio-JNI: register_android_hardware_Radio DONE
08-18 17:39:25.255  2921  2921 D AndroidRuntime: Calling main entry com.android.commands.uiautomator.Launcher
08-18 17:39:26.269  2921  2921 W AccessibilityNodeInfoDumper: Fetch time: 2ms
08-18 17:39:26.270   611   623 W WindowManager: Attempted to remove non-existing token: android.os.Binder@f991494
08-18 17:39:26.281  2921  2921 D AndroidRuntime: Shutting down VM
08-18 17:39:26.962  2939  2939 D AndroidRuntime: >>>>>> START com.android.internal.os.RuntimeInit uid 0 <<<<<<
08-18 17:39:26.965  2939  2939 D AndroidRuntime: CheckJNI is OFF
08-18 17:39:26.982  2939  2939 D ICU     : No timezone override file found: /data/misc/zoneinfo/current/icu/icu_tzdata.dat
08-18 17:39:27.010  2939  2939 E memtrack: Couldn't load memtrack module (No such file or directory)
08-18 17:39:27.010  2939  2939 E android.os.Debug: failed to load memtrack module: -2
08-18 17:39:27.012  2939  2939 I Radio-JNI: register_android_hardware_Radio DONE
08-18 17:39:27.025  2939  2939 D AndroidRuntime: Calling main entry com.android.commands.uiautomator.Launcher
08-18 17:39:28.060  2939  2939 W AccessibilityNodeInfoDumper: Fetch time: 2ms
08-18 17:39:28.060   611  1040 W WindowManager: Attempted to remove non-existing token: android.os.Binder@6eb0b3d
08-18 17:39:28.091  2939  2939 D AndroidRuntime: Shutting down VM
08-18 17:39:29.309  2962  2962 D AndroidRuntime: >>>>>> START com.android.internal.os.RuntimeInit uid 0 <<<<<<
