08-18 17:39:29.311  2962  2962 D AndroidRuntime: CheckJNI is OFF
08-18 17:39:29.325  2962  2962 D ICU     : No timezone override file found: /data/misc/zoneinfo/current/icu/icu_tzdata.dat
08-18 17:39:29.346  2962  2962 E memtrack: Couldn't load memtrack module (No such file or directory)
08-18 17:39:29.346  2962  2962 E android.os.Debug: failed to load memtrack module: -2
08-18 17:39:29.348  2962  2962 I Radio-JNI: register_android_hardware_Radio DONE
08-18 17:39:29.359  2962  2962 D AndroidRuntime: Calling main entry com.android.commands.uiautomator.Launcher
08-18 17:39:30.377  2962  2962 W AccessibilityNodeInfoDumper: Fetch time: 1ms
08-18 17:39:30.377   611  1672 W WindowManager: Attempted to remove non-existing token: android.os.Binder@dae8f32
08-18 17:39:30.417  2962  2962 D AndroidRuntime: Shutting down VM
08-18 17:39:31.078  2980  2980 D AndroidRuntime: >>>>>> START com.android.internal.os.RuntimeInit uid 0 <<<<<<
08-18 17:39:31.080  2980  2980 D AndroidRuntime: CheckJNI is OFF
08-18 17:39:31.096  2980  2980 D ICU     : No timezone override file found: /data/misc/zoneinfo/current/icu/icu_tzdata.dat
08-18 17:39:31.109  2980  2980 E memtrack: Couldn't load memtrack module (No such file or directory)
08-18 17:39:31.109  2980  2980 E android.os.Debug: failed to load memtrack module: -2
08-18 17:39:31.109  2980  2980 I Radio-JNI: register_android_hardware_Radio DONE
08-18 17:39:31.116  2980  2980 D AndroidRuntime: Calling main entry com.android.commands.uiautomator.Launcher
08-18 17:39:32.173  2980  2980 W AccessibilityNodeInfoDumper: Fetch time: 14ms
08-18 17:39:32.178   611   622 W WindowManager: Attempted to remove non-existing token: android.os.Binder@5a06483
08-18 17:39:32.199  2980  2980 D AndroidRuntime: Shutting down VM
08-18 17:39:33.440  3005  3005 D AndroidRuntime: >>>>>> START com.android.internal.os.RuntimeInit uid 0 <<<<<<
08-18 17:39:33.441  3005  3005 D AndroidRuntime: CheckJNI is OFF
08-18 17:39:33.456  3005  3005 D ICU     : No timezone override file found: /data/misc/zoneinfo/current/icu/icu_tzdata.dat
08-18 17:39:33.477  3005  3005 E memtrack: Couldn't load memtrack module (No such file or directory)
08-18 17:39:33.478  3005  3005 E android.os.Debug: failed to load memtrack module: -2
08-18 17:39:33.487  3005  3005 I Radio-JNI: register_android_hardware_Radio DONE
08-18 17:39:33.496  3005  3005 D AndroidRuntime: Calling main entry com.android.commands.uiautomator.Launcher
08-18 17:39:34.526  3005  3005 W AccessibilityNodeInfoDumper: Fetch time: 2ms
08-18 17:39:34.527   611   776 W WindowManager: Attempted to remove non-existing token: android.os.Binder@43ce600
08-18 17:39:34.538  3005  3005 D AndroidRuntime: Shutting down VM
08-18 17:39:35.157  3023  3023 D AndroidRuntime: >>>>>> START com.android.internal.os.RuntimeInit uid 0 <<<<<<
08-18 17:39:35.162  3023  3023 D AndroidRuntime: CheckJNI is OFF
08-18 17:39:35.176  3023  3023 D ICU     : No timezone override file found: /data/misc/zoneinfo/current/icu/icu_tzdata.dat
08-18 17:39:35.198  3023  3023 E memtrack: Couldn't load memtrack module (No such file or directory)
08-18 17:39:35.198  3023  3023 E android.os.Debug: failed to load memtrack module: -2
08-18 17:39:35.200  3023  3023 I Radio-JNI: register_android_hardware_Radio DONE
08-18 17:39:35.209  3023  3023 D AndroidRuntime: Calling main entry com.android.commands.uiautomator.Launcher
08-18 17:39:36.236  3023  3023 W AccessibilityNodeInfoDumper: Fetch time: 2ms
08-18 17:39:36.236   611   776 W WindowManager: Attempted to remove non-existing token: android.os.Binder@21e39
08-18 17:39:36.251  3023  3023 D AndroidRuntime: Shutting down VM
08-18 17:39:36.735  3036  3036 D AndroidRuntime: >>>>>> START com.android.internal.os.RuntimeInit uid 0 <<<<<<
08-18 17:39:36.736  3036  3036 D AndroidRuntime: CheckJNI is OFF
08-18 17:39:36.747  3036  3036 D ICU     : No timezone override file found: /data/misc/zoneinfo/current/icu/icu_tzdata.dat
08-18 17:39:36.760  3036  3036 E memtrack: Couldn't load memtrack module (No such file or directory)
08-18 17:39:36.760  3036  3036 E android.os.Debug: failed to load memtrack module: -2
08-18 17:39:36.761  3036  3036 I Radio-JNI: register_android_hardware_Radio DONE
08-18 17:39:36.770  3036  3036 D AndroidRuntime: Calling main entry com.android.commands.input.Input
08-18 17:39:36.772  3036  3036 I Input   : injectMotionEvent: MotionEvent { action=ACTION_DOWN, actionButton=0, id[0]=0, x[0]=1060.0, y[0]=1077.0, toolType[0]=TOOL_TYPE_UNKNOWN, buttonState=0, metaState=0, flags=0x0, edgeFlags=0x0, pointerCount=1, historySize=0, eventTime=524147, downTime=524147, deviceId=0, source=0x1002 }
08-18 17:39:36.779  3036  3036 I Input   : injectMotionEvent: MotionEvent { action=ACTION_UP, actionButton=0, id[0]=0, x[0]=1060.0, y[0]=1077.0, toolType[0]=TOOL_TYPE_UNKNOWN, buttonState=0, metaState=0, flags=0x0, edgeFlags=0x0, pointerCount=1, historySize=0, eventTime=524147, downTime=524147, deviceId=0, source=0x1002 }
08-18 17:39:36.780  3036  3036 D AndroidRuntime: Shutting down VM
08-18 17:39:36.791  2063  2063 D leak-28-0: Eastern Standard Time
08-18 17:39:36.791  2063  2063 D leak-25-0: Eastern Standard Time
08-18 17:39:36.811  2063  2080 E Surface : getSlotFromBufferLocked: unknown buffer: 0xe8934380
08-18 17:39:41.626  3366  3366 D AndroidRuntime: >>>>>> START com.android.internal.os.RuntimeInit uid 0 <<<<<<
08-18 17:39:41.628  3366  3366 D AndroidRuntime: CheckJNI is OFF
08-18 17:39:41.642  3366  3366 D ICU     : No timezone override file found: /data/misc/zoneinfo/current/icu/icu_tzdata.dat
08-18 17:39:41.663  3366  3366 E memtrack: Couldn't load memtrack module (No such file or directory)
08-18 17:39:41.663  3366  3366 E android.os.Debug: failed to load memtrack module: -2
08-18 17:39:41.665  3366  3366 I Radio-JNI: register_android_hardware_Radio DONE
08-18 17:39:41.691  3366  3366 D AndroidRuntime: Calling main entry com.android.commands.uiautomator.Launcher
08-18 17:39:42.722  3366  3366 W AccessibilityNodeInfoDumper: Fetch time: 2ms
08-18 17:39:42.723   611   622 W WindowManager: Attempted to remove non-existing token: android.os.Binder@6dd64f5
08-18 17:39:42.737  3366  3366 D AndroidRuntime: Shutting down VM
08-18 17:39:43.922  3390  3390 D AndroidRuntime: >>>>>> START com.android.internal.os.RuntimeInit uid 0 <<<<<<
08-18 17:39:43.924  3390  3390 D AndroidRuntime: CheckJNI is OFF
08-18 17:39:43.937  3390  3390 D ICU     : No timezone override file found: /data/misc/zoneinfo/current/icu/icu_tzdata.dat
08-18 17:39:43.952  3390  3390 E memtrack: Couldn't load memtrack module (No such file or directory)
08-18 17:39:43.952  3390  3390 E android.os.Debug: failed to load memtrack module: -2
08-18 17:39:43.953  3390  3390 I Radio-JNI: register_android_hardware_Radio DONE
08-18 17:39:43.960  3390  3390 D AndroidRuntime: Calling main entry com.android.commands.uiautomator.Launcher
08-18 17:39:44.984  3390  3390 W AccessibilityNodeInfoDumper: Fetch time: 2ms
08-18 17:39:44.984   611  1144 W WindowManager: Attempted to remove non-existing token: android.os.Binder@b84d28a
08-18 17:39:44.996  3390  3390 D AndroidRuntime: Shutting down VM
08-18 17:39:45.569  3408  3408 D AndroidRuntime: >>>>>> START com.android.internal.os.RuntimeInit uid 0 <<<<<<
08-18 17:39:45.572  3408  3408 D AndroidRuntime: CheckJNI is OFF
08-18 17:39:45.582  3408  3408 D ICU     : No timezone override file found: /data/misc/zoneinfo/current/icu/icu_tzdata.dat
08-18 17:39:45.600  3408  3408 E memtrack: Couldn't load memtrack module (No such file or directory)
08-18 17:39:45.600  3408  3408 E android.os.Debug: failed to load memtrack module: -2
08-18 17:39:45.601  3408  3408 I Radio-JNI: register_android_hardware_Radio DONE
08-18 17:39:45.609  3408  3408 D AndroidRuntime: Calling main entry com.android.commands.uiautomator.Launcher
08-18 17:39:46.625  3408  3408 W AccessibilityNodeInfoDumper: Fetch time: 2ms
08-18 17:39:46.626   611   623 W WindowManager: Attempted to remove non-existing token: android.os.Binder@6fe0fb
08-18 17:39:46.635  3408  3408 D AndroidRuntime: Shutting down VM
08-18 17:39:47.815  3431  3431 D AndroidRuntime: >>>>>> START com.android.internal.os.RuntimeInit uid 0 <<<<<<
08-18 17:39:47.817  3431  3431 D AndroidRuntime: CheckJNI is OFF
08-18 17:39:47.828  3431  3431 D ICU     : No timezone override file found: /data/misc/zoneinfo/current/icu/icu_tzdata.dat
08-18 17:39:47.844  3431  3431 E memtrack: Couldn't load memtrack module (No such file or directory)
08-18 17:39:47.844  3431  3431 E android.os.Debug: failed to load memtrack module: -2
08-18 17:39:47.846  3431  3431 I Radio-JNI: register_android_hardware_Radio DONE
08-18 17:39:47.853  3431  3431 D AndroidRuntime: Calling main entry com.android.commands.uiautomator.Launcher
08-18 17:39:48.890  3431  3431 W AccessibilityNodeInfoDumper: Fetch time: 3ms
08-18 17:39:48.891   611  1188 W WindowManager: Attempted to remove non-existing token: android.os.Binder@3517518
08-18 17:39:48.902  3431  3431 D AndroidRuntime: Shutting down VM
08-18 17:39:50.081  3459  3459 D AndroidRuntime: >>>>>> START com.android.internal.os.RuntimeInit uid 0 <<<<<<
08-18 17:39:50.082  3459  3459 D AndroidRuntime: CheckJNI is OFF
08-18 17:39:50.091  3459  3459 D ICU     : No timezone override file found: /data/misc/zoneinfo/current/icu/icu_tzdata.dat
08-18 17:39:50.106  3459  3459 E memtrack: Couldn't load memtrack module (No such file or directory)
08-18 17:39:50.106  3459  3459 E android.os.Debug: failed to load memtrack module: -2
08-18 17:39:50.107  3459  3459 I Radio-JNI: register_android_hardware_Radio DONE
08-18 17:39:50.116  3459  3459 D AndroidRuntime: Calling main entry com.android.commands.uiautomator.Launcher
08-18 17:39:51.137  3459  3459 W AccessibilityNodeInfoDumper: Fetch time: 2ms
08-18 17:39:51.137   611   622 W WindowManager: Attempted to remove non-existing token: android.os.Binder@3ec5b71
08-18 17:39:51.151  3459  3459 D AndroidRuntime: Shutting down VM
08-18 17:39:52.354  3485  3485 D AndroidRuntime: >>>>>> START com.android.internal.os.RuntimeInit uid 0 <<<<<<
08-18 17:39:52.356  3485  3485 D AndroidRuntime: CheckJNI is OFF
08-18 17:39:52.369  3485  3485 D ICU     : No timezone override file found: /data/misc/zoneinfo/current/icu/icu_tzdata.dat
08-18 17:39:52.384  3485  3485 E memtrack: Couldn't load memtrack module (No such file or directory)
08-18 17:39:52.384  3485  3485 E android.os.Debug: failed to load memtrack module: -2
08-18 17:39:52.385  3485  3485 I Radio-JNI: register_android_hardware_Radio DONE
08-18 17:39:52.394  3485  3485 D AndroidRuntime: Calling main entry com.android.commands.uiautomator.Launcher
08-18 17:39:53.418  3485  3485 W AccessibilityNodeInfoDumper: Fetch time: 2ms
08-18 17:39:53.418   611  1672 W WindowManager: Attempted to remove non-existing token: android.os.Binder@9e58d56
08-18 17:39:53.439  3485  3485 D AndroidRuntime: Shutting down VM
08-18 17:39:54.009  3503  3503 D AndroidRuntime: >>>>>> START com.android.internal.os.RuntimeInit uid 0 <<<<<<
08-18 17:39:54.011  3503  3503 D AndroidRuntime: CheckJNI is OFF
08-18 17:39:54.022  3503  3503 D ICU     : No timezone override file found: /data/misc/zoneinfo/current/icu/icu_tzdata.dat
08-18 17:39:54.034  3503  3503 E memtrack: Couldn't load memtrack module (No such file or directory)
08-18 17:39:54.034  3503  3503 E android.os.Debug: failed to load memtrack module: -2
08-18 17:39:54.035  3503  3503 I Radio-JNI: register_android_hardware_Radio DONE
08-18 17:39:54.041  3503  3503 D AndroidRuntime: Calling main entry com.android.commands.uiautomator.Launcher
08-18 17:39:55.058  3503  3503 W AccessibilityNodeInfoDumper: Fetch time: 2ms
08-18 17:39:55.058   611   622 W WindowManager: Attempted to remove non-existing token: android.os.Binder@674cac4
08-18 17:39:55.066  3503  3503 D AndroidRuntime: Shutting down VM
08-18 17:39:56.251  3526  3526 D AndroidRuntime: >>>>>> START com.android.internal.os.RuntimeInit uid 0 <<<<<<
08-18 17:39:56.253  3526  3526 D AndroidRuntime: CheckJNI is OFF
08-18 17:39:56.267  3526  3526 D ICU     : No timezone override file found: /data/misc/zoneinfo/current/icu/icu_tzdata.dat
08-18 17:39:56.282  3526  3526 E memtrack: Couldn't load memtrack module (No such file or directory)
08-18 17:39:56.283  3526  3526 E android.os.Debug: failed to load memtrack module: -2
08-18 17:39:56.284  3526  3526 I Radio-JNI: register_android_hardware_Radio DONE
08-18 17:39:56.293  3526  3526 D AndroidRuntime: Calling main entry com.android.commands.uiautomator.Launcher
08-18 17:39:57.316  3526  3526 W AccessibilityNodeInfoDumper: Fetch time: 3ms
08-18 17:39:57.316   611   623 W WindowManager: Attempted to remove non-existing token: android.os.Binder@d1a3dad
08-18 17:39:57.345  3526  3526 D AndroidRuntime: Shutting down VM
08-18 17:39:57.859  3544  3544 D AndroidRuntime: >>>>>> START com.android.internal.os.RuntimeInit uid 0 <<<<<<
08-18 17:39:57.861  3544  3544 D AndroidRuntime: CheckJNI is OFF
08-18 17:39:57.876  3544  3544 D ICU     : No timezone override file found: /data/misc/zoneinfo/current/icu/icu_tzdata.dat
08-18 17:39:57.900  3544  3544 E memtrack: Couldn't load memtrack module (No such file or directory)
08-18 17:39:57.900  3544  3544 E android.os.Debug: failed to load memtrack module: -2
08-18 17:39:57.902  3544  3544 I Radio-JNI: register_android_hardware_Radio DONE
08-18 17:39:57.911  3544  3544 D AndroidRuntime: Calling main entry com.android.commands.uiautomator.Launcher
08-18 17:39:58.929  3544  3544 W AccessibilityNodeInfoDumper: Fetch time: 3ms
08-18 17:39:58.929   611   623 W WindowManager: Attempted to remove non-existing token: android.os.Binder@3c528e2
08-18 17:39:58.955  3544  3544 D AndroidRuntime: Shutting down VM
08-18 17:40:00.282  3567  3567 D AndroidRuntime: >>>>>> START com.android.internal.os.RuntimeInit uid 0 <<<<<<
08-18 17:40:00.285  3567  3567 D AndroidRuntime: CheckJNI is OFF
08-18 17:40:00.305  3567  3567 D ICU     : No timezone override file found: /data/misc/zoneinfo/current/icu/icu_tzdata.dat
08-18 17:40:00.338  3567  3567 E memtrack: Couldn't load memtrack module (No such file or directory)
08-18 17:40:00.339  3567  3567 E android.os.Debug: failed to load memtrack module: -2
08-18 17:40:00.340  3567  3567 I Radio-JNI: register_android_hardware_Radio DONE
08-18 17:40:00.351  3567  3567 D AndroidRuntime: Calling main entry com.android.commands.uiautomator.Launcher
08-18 17:40:01.379  3567  3567 W AccessibilityNodeInfoDumper: Fetch time: 4ms
08-18 17:40:01.380   611  1177 W WindowManager: Attempted to remove non-existing token: android.os.Binder@e337473
08-18 17:40:01.412  3567  3567 D AndroidRuntime: Shutting down VM
08-18 17:40:01.989  3586  3586 D AndroidRuntime: >>>>>> START com.android.internal.os.RuntimeInit uid 0 <<<<<<
08-18 17:40:01.991  3586  3586 D AndroidRuntime: CheckJNI is OFF
08-18 17:40:02.005  3586  3586 D ICU     : No timezone override file found: /data/misc/zoneinfo/current/icu/icu_tzdata.dat
08-18 17:40:02.020  3586  3586 E memtrack: Couldn't load memtrack module (No such file or directory)
08-18 17:40:02.020  3586  3586 E android.os.Debug: failed to load memtrack module: -2
08-18 17:40:02.021  3586  3586 I Radio-JNI: register_android_hardware_Radio DONE
08-18 17:40:02.028  3586  3586 D AndroidRuntime: Calling main entry com.android.commands.uiautomator.Launcher
08-18 17:40:03.050  3586  3586 W AccessibilityNodeInfoDumper: Fetch time: 3ms
08-18 17:40:03.050   611  1144 W WindowManager: Attempted to remove non-existing token: android.os.Binder@d55cf30
08-18 17:40:03.067  3586  3586 D AndroidRuntime: Shutting down VM
08-18 17:40:04.422  3611  3611 D AndroidRuntime: >>>>>> START com.android.internal.os.RuntimeInit uid 0 <<<<<<
08-18 17:40:04.425  3611  3611 D AndroidRuntime: CheckJNI is OFF
08-18 17:40:04.445  3611  3611 D ICU     : No timezone override file found: /data/misc/zoneinfo/current/icu/icu_tzdata.dat
08-18 17:40:04.472  3611  3611 E memtrack: Couldn't load memtrack module (No such file or directory)
08-18 17:40:04.472  3611  3611 E android.os.Debug: failed to load memtrack module: -2
08-18 17:40:04.475  3611  3611 I Radio-JNI: register_android_hardware_Radio DONE
08-18 17:40:04.486  3611  3611 D AndroidRuntime: Calling main entry com.android.commands.uiautomator.Launcher
08-18 17:40:05.509  3611  3611 W AccessibilityNodeInfoDumper: Fetch time: 1ms
08-18 17:40:05.510   611  1040 W WindowManager: Attempted to remove non-existing token: android.os.Binder@1ca07a9
08-18 17:40:05.539  3611  3611 D AndroidRuntime: Shutting down VM
08-18 17:40:06.055  3629  3629 D AndroidRuntime: >>>>>> START com.android.internal.os.RuntimeInit uid 0 <<<<<<
08-18 17:40:06.056  3629  3629 D AndroidRuntime: CheckJNI is OFF
08-18 17:40:06.065  3629  3629 D ICU     : No timezone override file found: /data/misc/zoneinfo/current/icu/icu_tzdata.dat
08-18 17:40:06.079  3629  3629 E memtrack: Couldn't load memtrack module (No such file or directory)
08-18 17:40:06.079  3629  3629 E android.os.Debug: failed to load memtrack module: -2
08-18 17:40:06.080  3629  3629 I Radio-JNI: register_android_hardware_Radio DONE
08-18 17:40:06.087  3629  3629 D AndroidRuntime: Calling main entry com.android.commands.uiautomator.Launcher
08-18 17:40:07.107  3629  3629 W AccessibilityNodeInfoDumper: Fetch time: 2ms
08-18 17:40:07.108   611  1177 W WindowManager: Attempted to remove non-existing token: android.os.Binder@710f12e
08-18 17:40:07.122  3629  3629 D AndroidRuntime: Shutting down VM
08-18 17:40:07.625  3642  3642 D AndroidRuntime: >>>>>> START com.android.internal.os.RuntimeInit uid 0 <<<<<<
08-18 17:40:07.627  3642  3642 D AndroidRuntime: CheckJNI is OFF
08-18 17:40:07.641  3642  3642 D ICU     : No timezone override file found: /data/misc/zoneinfo/current/icu/icu_tzdata.dat
08-18 17:40:07.653  3642  3642 E memtrack: Couldn't load memtrack module (No such file or directory)
08-18 17:40:07.653  3642  3642 E android.os.Debug: failed to load memtrack module: -2
08-18 17:40:07.654  3642  3642 I Radio-JNI: register_android_hardware_Radio DONE
08-18 17:40:07.665  3642  3642 D AndroidRuntime: Calling main entry com.android.commands.input.Input
08-18 17:40:07.666  3642  3642 I Input   : injectMotionEvent: MotionEvent { action=ACTION_DOWN, actionButton=0, id[0]=0, x[0]=333.0, y[0]=112.0, toolType[0]=TOOL_TYPE_UNKNOWN, buttonState=0, metaState=0, flags=0x0, edgeFlags=0x0, pointerCount=1, historySize=0, eventTime=555042, downTime=555042, deviceId=0, source=0x1002 }
08-18 17:40:07.673  3642  3642 I Input   : injectMotionEvent: MotionEvent { action=ACTION_UP, actionButton=0, id[0]=0, x[0]=333.0, y[0]=112.0, toolType[0]=TOOL_TYPE_UNKNOWN, buttonState=0, metaState=0, flags=0x0, edgeFlags=0x0, pointerCount=1, historySize=0, eventTime=555042, downTime=555042, deviceId=0, source=0x1002 }
08-18 17:40:07.674  3642  3642 D AndroidRuntime: Shutting down VM
08-18 17:40:07.730  2063  2080 W EGL_emulation: eglSurfaceAttrib not implemented
08-18 17:40:07.730  2063  2080 W OpenGLRenderer: Failed to set EGL_SWAP_BEHAVIOR on surface 0xe078d500, error=EGL_SUCCESS
08-18 17:40:12.204  3972  3972 D AndroidRuntime: >>>>>> START com.android.internal.os.RuntimeInit uid 0 <<<<<<
08-18 17:40:12.206  3972  3972 D AndroidRuntime: CheckJNI is OFF
08-18 17:40:12.216  3972  3972 D ICU     : No timezone override file found: /data/misc/zoneinfo/current/icu/icu_tzdata.dat
08-18 17:40:12.229  3972  3972 E memtrack: Couldn't load memtrack module (No such file or directory)
08-18 17:40:12.229  3972  3972 E android.os.Debug: failed to load memtrack module: -2
08-18 17:40:12.231  3972  3972 I Radio-JNI: register_android_hardware_Radio DONE
08-18 17:40:12.238  3972  3972 D AndroidRuntime: Calling main entry com.android.commands.uiautomator.Launcher
08-18 17:40:13.262  3972  3972 W AccessibilityNodeInfoDumper: Fetch time: 2ms
08-18 17:40:13.263   611  1177 W WindowManager: Attempted to remove non-existing token: android.os.Binder@876feeb
08-18 17:40:13.295  3972  3972 D AndroidRuntime: Shutting down VM
08-18 17:40:14.400  3995  3995 D AndroidRuntime: >>>>>> START com.android.internal.os.RuntimeInit uid 0 <<<<<<
08-18 17:40:14.402  3995  3995 D AndroidRuntime: CheckJNI is OFF
08-18 17:40:14.412  3995  3995 D ICU     : No timezone override file found: /data/misc/zoneinfo/current/icu/icu_tzdata.dat
08-18 17:40:14.424  3995  3995 E memtrack: Couldn't load memtrack module (No such file or directory)
08-18 17:40:14.424  3995  3995 E android.os.Debug: failed to load memtrack module: -2
08-18 17:40:14.425  3995  3995 I Radio-JNI: register_android_hardware_Radio DONE
08-18 17:40:14.432  3995  3995 D AndroidRuntime: Calling main entry com.android.commands.uiautomator.Launcher
08-18 17:40:15.446  3995  3995 W AccessibilityNodeInfoDumper: Fetch time: 1ms
08-18 17:40:15.447   611  1672 W WindowManager: Attempted to remove non-existing token: android.os.Binder@8ba02e1
08-18 17:40:15.455  3995  3995 D AndroidRuntime: Shutting down VM
08-18 17:40:15.957  4013  4013 D AndroidRuntime: >>>>>> START com.android.internal.os.RuntimeInit uid 0 <<<<<<
08-18 17:40:15.961  4013  4013 D AndroidRuntime: CheckJNI is OFF
08-18 17:40:15.975  4013  4013 D ICU     : No timezone override file found: /data/misc/zoneinfo/current/icu/icu_tzdata.dat
08-18 17:40:15.994  4013  4013 E memtrack: Couldn't load memtrack module (No such file or directory)
08-18 17:40:15.994  4013  4013 E android.os.Debug: failed to load memtrack module: -2
08-18 17:40:15.997  4013  4013 I Radio-JNI: register_android_hardware_Radio DONE
08-18 17:40:16.007  4013  4013 D AndroidRuntime: Calling main entry com.android.commands.uiautomator.Launcher
08-18 17:40:17.028  4013  4013 W AccessibilityNodeInfoDumper: Fetch time: 3ms
08-18 17:40:17.029   611   622 W WindowManager: Attempted to remove non-existing token: android.os.Binder@f19f806
08-18 17:40:17.071  4013  4013 D AndroidRuntime: Shutting down VM
08-18 17:40:18.345  4036  4036 D AndroidRuntime: >>>>>> START com.android.internal.os.RuntimeInit uid 0 <<<<<<
08-18 17:40:18.347  4036  4036 D AndroidRuntime: CheckJNI is OFF
08-18 17:40:18.359  4036  4036 D ICU     : No timezone override file found: /data/misc/zoneinfo/current/icu/icu_tzdata.dat
08-18 17:40:18.371  4036  4036 E memtrack: Couldn't load memtrack module (No such file or directory)
08-18 17:40:18.371  4036  4036 E android.os.Debug: failed to load memtrack module: -2
08-18 17:40:18.373  4036  4036 I Radio-JNI: register_android_hardware_Radio DONE
08-18 17:40:18.379  4036  4036 D AndroidRuntime: Calling main entry com.android.commands.uiautomator.Launcher
08-18 17:40:19.402  4036  4036 W AccessibilityNodeInfoDumper: Fetch time: 2ms
08-18 17:40:19.403   611  1040 W WindowManager: Attempted to remove non-existing token: android.os.Binder@2449ec7
08-18 17:40:19.462  4036  4036 D AndroidRuntime: Shutting down VM
08-18 17:40:20.667  4065  4065 D AndroidRuntime: >>>>>> START com.android.internal.os.RuntimeInit uid 0 <<<<<<
08-18 17:40:20.669  4065  4065 D AndroidRuntime: CheckJNI is OFF
08-18 17:40:20.681  4065  4065 D ICU     : No timezone override file found: /data/misc/zoneinfo/current/icu/icu_tzdata.dat
08-18 17:40:20.695  4065  4065 E memtrack: Couldn't load memtrack module (No such file or directory)
08-18 17:40:20.696  4065  4065 E android.os.Debug: failed to load memtrack module: -2
08-18 17:40:20.697  4065  4065 I Radio-JNI: register_android_hardware_Radio DONE
08-18 17:40:20.705  4065  4065 D AndroidRuntime: Calling main entry com.android.commands.uiautomator.Launcher
08-18 17:40:21.725  4065  4065 W AccessibilityNodeInfoDumper: Fetch time: 1ms
08-18 17:40:21.725   611  1672 W WindowManager: Attempted to remove non-existing token: android.os.Binder@4826cf4
08-18 17:40:21.738  4065  4065 D AndroidRuntime: Shutting down VM
08-18 17:40:22.944  4092  4092 D AndroidRuntime: >>>>>> START com.android.internal.os.RuntimeInit uid 0 <<<<<<
08-18 17:40:22.946  4092  4092 D AndroidRuntime: CheckJNI is OFF
08-18 17:40:22.954  4092  4092 D ICU     : No timezone override file found: /data/misc/zoneinfo/current/icu/icu_tzdata.dat
08-18 17:40:22.968  4092  4092 E memtrack: Couldn't load memtrack module (No such file or directory)
08-18 17:40:22.968  4092  4092 E android.os.Debug: failed to load memtrack module: -2
08-18 17:40:22.970  4092  4092 I Radio-JNI: register_android_hardware_Radio DONE
08-18 17:40:22.977  4092  4092 D AndroidRuntime: Calling main entry com.android.commands.uiautomator.Launcher
08-18 17:40:24.010  4092  4092 W AccessibilityNodeInfoDumper: Fetch time: 2ms
08-18 17:40:24.011   611   622 W WindowManager: Attempted to remove non-existing token: android.os.Binder@172ec1d
08-18 17:40:24.022  4092  4092 D AndroidRuntime: Shutting down VM
08-18 17:40:24.506  4110  4110 D AndroidRuntime: >>>>>> START com.android.internal.os.RuntimeInit uid 0 <<<<<<
08-18 17:40:24.508  4110  4110 D AndroidRuntime: CheckJNI is OFF
08-18 17:40:24.521  4110  4110 D ICU     : No timezone override file found: /data/misc/zoneinfo/current/icu/icu_tzdata.dat
08-18 17:40:24.538  4110  4110 E memtrack: Couldn't load memtrack module (No such file or directory)
08-18 17:40:24.538  4110  4110 E android.os.Debug: failed to load memtrack module: -2
08-18 17:40:24.539  4110  4110 I Radio-JNI: register_android_hardware_Radio DONE
08-18 17:40:24.547  4110  4110 D AndroidRuntime: Calling main entry com.android.commands.uiautomator.Launcher
08-18 17:40:25.575  4110  4110 W AccessibilityNodeInfoDumper: Fetch time: 1ms
08-18 17:40:25.576   611  1177 W WindowManager: Attempted to remove non-existing token: android.os.Binder@2626063
08-18 17:40:25.582  4110  4110 D AndroidRuntime: Shutting down VM
08-18 17:40:26.663  4133  4133 D AndroidRuntime: >>>>>> START com.android.internal.os.RuntimeInit uid 0 <<<<<<
08-18 17:40:26.664  4133  4133 D AndroidRuntime: CheckJNI is OFF
08-18 17:40:26.677  4133  4133 D ICU     : No timezone override file found: /data/misc/zoneinfo/current/icu/icu_tzdata.dat
08-18 17:40:26.690  4133  4133 E memtrack: Couldn't load memtrack module (No such file or directory)
08-18 17:40:26.690  4133  4133 E android.os.Debug: failed to load memtrack module: -2
08-18 17:40:26.691  4133  4133 I Radio-JNI: register_android_hardware_Radio DONE
08-18 17:40:26.696  4133  4133 D AndroidRuntime: Calling main entry com.android.commands.uiautomator.Launcher
08-18 17:40:27.712  4133  4133 W AccessibilityNodeInfoDumper: Fetch time: 2ms
08-18 17:40:27.712   611  1188 W WindowManager: Attempted to remove non-existing token: android.os.Binder@cd36460
08-18 17:40:27.724  4133  4133 D AndroidRuntime: Shutting down VM
08-18 17:40:28.212  4151  4151 D AndroidRuntime: >>>>>> START com.android.internal.os.RuntimeInit uid 0 <<<<<<
08-18 17:40:28.214  4151  4151 D AndroidRuntime: CheckJNI is OFF
08-18 17:40:28.224  4151  4151 D ICU     : No timezone override file found: /data/misc/zoneinfo/current/icu/icu_tzdata.dat
08-18 17:40:28.235  4151  4151 E memtrack: Couldn't load memtrack module (No such file or directory)
08-18 17:40:28.235  4151  4151 E android.os.Debug: failed to load memtrack module: -2
08-18 17:40:28.236  4151  4151 I Radio-JNI: register_android_hardware_Radio DONE
08-18 17:40:28.242  4151  4151 D AndroidRuntime: Calling main entry com.android.commands.uiautomator.Launcher
08-18 17:40:29.266  4151  4151 W AccessibilityNodeInfoDumper: Fetch time: 2ms
08-18 17:40:29.266   611  1672 W WindowManager: Attempted to remove non-existing token: android.os.Binder@d72d19
08-18 17:40:29.278  4151  4151 D AndroidRuntime: Shutting down VM
08-18 17:40:30.372  4174  4174 D AndroidRuntime: >>>>>> START com.android.internal.os.RuntimeInit uid 0 <<<<<<
08-18 17:40:30.374  4174  4174 D AndroidRuntime: CheckJNI is OFF
08-18 17:40:30.383  4174  4174 D ICU     : No timezone override file found: /data/misc/zoneinfo/current/icu/icu_tzdata.dat
08-18 17:40:30.397  4174  4174 E memtrack: Couldn't load memtrack module (No such file or directory)
08-18 17:40:30.397  4174  4174 E android.os.Debug: failed to load memtrack module: -2
08-18 17:40:30.397  4174  4174 I Radio-JNI: register_android_hardware_Radio DONE
08-18 17:40:30.405  4174  4174 D AndroidRuntime: Calling main entry com.android.commands.uiautomator.Launcher
08-18 17:40:31.427  4174  4174 W AccessibilityNodeInfoDumper: Fetch time: 1ms
08-18 17:40:31.428   611   622 W WindowManager: Attempted to remove non-existing token: android.os.Binder@5b201de
08-18 17:40:31.442  4174  4174 D AndroidRuntime: Shutting down VM
08-18 17:40:31.927  4192  4192 D AndroidRuntime: >>>>>> START com.android.internal.os.RuntimeInit uid 0 <<<<<<
08-18 17:40:31.928  4192  4192 D AndroidRuntime: CheckJNI is OFF
08-18 17:40:31.941  4192  4192 D ICU     : No timezone override file found: /data/misc/zoneinfo/current/icu/icu_tzdata.dat
08-18 17:40:31.954  4192  4192 E memtrack: Couldn't load memtrack module (No such file or directory)
08-18 17:40:31.954  4192  4192 E android.os.Debug: failed to load memtrack module: -2
08-18 17:40:31.956  4192  4192 I Radio-JNI: register_android_hardware_Radio DONE
08-18 17:40:31.965  4192  4192 D AndroidRuntime: Calling main entry com.android.commands.uiautomator.Launcher
08-18 17:40:32.987  4192  4192 W AccessibilityNodeInfoDumper: Fetch time: 2ms
08-18 17:40:32.987   611  1188 W WindowManager: Attempted to remove non-existing token: android.os.Binder@9109fbf
08-18 17:40:33.026  4192  4192 D AndroidRuntime: Shutting down VM
08-18 17:40:34.200  4217  4217 D AndroidRuntime: >>>>>> START com.android.internal.os.RuntimeInit uid 0 <<<<<<
08-18 17:40:34.201  4217  4217 D AndroidRuntime: CheckJNI is OFF
08-18 17:40:34.209  4217  4217 D ICU     : No timezone override file found: /data/misc/zoneinfo/current/icu/icu_tzdata.dat
08-18 17:40:34.221  4217  4217 E memtrack: Couldn't load memtrack module (No such file or directory)
08-18 17:40:34.221  4217  4217 E android.os.Debug: failed to load memtrack module: -2
08-18 17:40:34.222  4217  4217 I Radio-JNI: register_android_hardware_Radio DONE
08-18 17:40:34.234  4217  4217 D AndroidRuntime: Calling main entry com.android.commands.uiautomator.Launcher
08-18 17:40:35.254  4217  4217 W AccessibilityNodeInfoDumper: Fetch time: 2ms
08-18 17:40:35.254   611   780 W WindowManager: Attempted to remove non-existing token: android.os.Binder@97a668c
08-18 17:40:35.277  4217  4217 D AndroidRuntime: Shutting down VM
08-18 17:40:35.766  4235  4235 D AndroidRuntime: >>>>>> START com.android.internal.os.RuntimeInit uid 0 <<<<<<
08-18 17:40:35.768  4235  4235 D AndroidRuntime: CheckJNI is OFF
08-18 17:40:35.780  4235  4235 D ICU     : No timezone override file found: /data/misc/zoneinfo/current/icu/icu_tzdata.dat
08-18 17:40:35.795  4235  4235 E memtrack: Couldn't load memtrack module (No such file or directory)
08-18 17:40:35.795  4235  4235 E android.os.Debug: failed to load memtrack module: -2
08-18 17:40:35.797  4235  4235 I Radio-JNI: register_android_hardware_Radio DONE
08-18 17:40:35.807  4235  4235 D AndroidRuntime: Calling main entry com.android.commands.uiautomator.Launcher
08-18 17:40:36.857  4235  4235 W AccessibilityNodeInfoDumper: Fetch time: 1ms
08-18 17:40:36.858   611   623 W WindowManager: Attempted to remove non-existing token: android.os.Binder@a481d5
08-18 17:40:36.868  4235  4235 D AndroidRuntime: Shutting down VM
08-18 17:40:37.281  4248  4248 D AndroidRuntime: >>>>>> START com.android.internal.os.RuntimeInit uid 0 <<<<<<
08-18 17:40:37.283  4248  4248 D AndroidRuntime: CheckJNI is OFF
08-18 17:40:37.294  4248  4248 D ICU     : No timezone override file found: /data/misc/zoneinfo/current/icu/icu_tzdata.dat
08-18 17:40:37.307  4248  4248 E memtrack: Couldn't load memtrack module (No such file or directory)
08-18 17:40:37.307  4248  4248 E android.os.Debug: failed to load memtrack module: -2
08-18 17:40:37.309  4248  4248 I Radio-JNI: register_android_hardware_Radio DONE
08-18 17:40:37.317  4248  4248 D AndroidRuntime: Calling main entry com.android.commands.input.Input
08-18 17:40:37.318  4248  4248 I Input   : injectMotionEvent: MotionEvent { action=ACTION_DOWN, actionButton=0, id[0]=0, x[0]=309.0, y[0]=160.0, toolType[0]=TOOL_TYPE_UNKNOWN, buttonState=0, metaState=0, flags=0x0, edgeFlags=0x0, pointerCount=1, historySize=0, eventTime=584694, downTime=584694, deviceId=0, source=0x1002 }
08-18 17:40:37.336  4248  4248 I Input   : injectMotionEvent: MotionEvent { action=ACTION_UP, actionButton=0, id[0]=0, x[0]=309.0, y[0]=160.0, toolType[0]=TOOL_TYPE_UNKNOWN, buttonState=0, metaState=0, flags=0x0, edgeFlags=0x0, pointerCount=1, historySize=0, eventTime=584694, downTime=584694, deviceId=0, source=0x1002 }
08-18 17:40:37.337  4248  4248 D AndroidRuntime: Shutting down VM
08-18 17:40:37.463  2063  2063 D leak-17-6: Eastern Standard Time
08-18 17:40:37.463  2063  2063 D leak-18-6: Eastern Standard Time
08-18 17:40:37.463  2063  2063 D leak-20-6: Eastern Standard Time
08-18 17:40:37.463  2063  2063 D leak-23-6: Eastern Standard Time
08-18 17:40:37.468  2063  2063 D leak-92-0: Eastern Standard Time
08-18 17:40:37.483  2063  2063 D leak-71-3: Eastern Standard Time
08-18 17:40:37.483  2063  2063 D leak-29-0: Eastern Standard Time
08-18 17:40:37.484  2063  2063 D leak-71-5: Eastern Standard Time
08-18 17:40:37.484  2063  2063 D leak-73-5: Eastern Standard Time
08-18 17:40:37.503  2063  2063 D leak-92-1: Eastern Standard Time
08-18 17:40:37.503  2063  2063 D leak-94-1: Eastern Standard Time
08-18 17:40:37.505  2063  4257 D leak-71-7: Eastern Standard Time
08-18 17:40:37.505  2063  4257 D leak-73-7: Eastern Standard Time
08-18 17:40:37.505  2063  4257 D leak-75-7: Eastern Standard Time
08-18 17:40:37.510  2063  4257 D leak-66-0: Eastern Standard Time
08-18 17:40:37.510  2063  4257 D leak-71-0: Eastern Standard Time
08-18 17:40:37.510  2063  4257 D leak-73-0: Eastern Standard Time
08-18 17:40:37.510  2063  4257 D leak-75-0: Eastern Standard Time
08-18 17:40:37.510  2063  4257 D leak-65-0: Eastern Standard Time
08-18 17:40:37.510  2063  4257 D leak-29-1: Eastern Standard Time
08-18 17:40:37.510  2063  4257 D leak-30-1: Eastern Standard Time
08-18 17:40:37.511  2063  4257 D leak-52-0: Eastern Standard Time
08-18 17:40:37.537  2063  4257 D leak-66-2: Eastern Standard Time
08-18 17:40:37.537  2063  4257 D leak-70-2: Eastern Standard Time
08-18 17:40:37.537  2063  4257 D leak-71-2: Eastern Standard Time
08-18 17:40:37.537  2063  4257 D leak-73-2: Eastern Standard Time
08-18 17:40:37.537  2063  4257 D leak-75-2: Eastern Standard Time
08-18 17:40:37.537  2063  4257 D leak-65-2: Eastern Standard Time
08-18 17:40:37.537  2063  4257 D leak-69-2: Eastern Standard Time
08-18 17:40:37.537  2063  4257 D leak-66-1: Eastern Standard Time
08-18 17:40:37.537  2063  4257 D leak-68-1: Eastern Standard Time
08-18 17:40:37.537  2063  4257 D leak-70-1: Eastern Standard Time
08-18 17:40:37.537  2063  4257 D leak-71-1: Eastern Standard Time
08-18 17:40:37.537  2063  4257 D leak-73-1: Eastern Standard Time
08-18 17:40:37.537  2063  4257 D leak-75-1: Eastern Standard Time
08-18 17:40:37.537  2063  4257 D leak-65-1: Eastern Standard Time
08-18 17:40:37.537  2063  4257 D leak-67-1: Eastern Standard Time
08-18 17:40:37.537  2063  4257 D leak-69-1: Eastern Standard Time
08-18 17:40:37.538  2063  4257 D leak-66-1: Eastern Standard Time
08-18 17:40:37.538  2063  4257 D leak-68-1: Eastern Standard Time
08-18 17:40:37.538  2063  4257 D leak-70-1: Eastern Standard Time
08-18 17:40:37.538  2063  4257 D leak-71-1: Eastern Standard Time
08-18 17:40:37.538  2063  4257 D leak-73-1: Eastern Standard Time
08-18 17:40:37.538  2063  4257 D leak-75-1: Eastern Standard Time
08-18 17:40:37.538  2063  4257 D leak-65-1: Eastern Standard Time
08-18 17:40:37.538  2063  4257 D leak-67-1: Eastern Standard Time
08-18 17:40:37.538  2063  4257 D leak-69-1: Eastern Standard Time
08-18 17:40:37.538  2063  4257 D leak-99-1: Eastern Standard Time
08-18 17:40:37.538  2063  4257 D leak-100-1: Eastern Standard Time
08-18 17:40:37.538  2063  4257 D leak-102-1: Eastern Standard Time
08-18 17:40:37.585  2063  4257 D leak-8-0: Eastern Standard Time
08-18 17:40:37.610  2063  4257 D leak-99-3: Eastern Standard Time
08-18 17:40:37.610  2063  4257 D leak-100-3: Eastern Standard Time
08-18 17:40:37.611  2063  4257 D leak-102-3: Eastern Standard Time
08-18 17:40:37.611  2063  4257 D leak-85-0: Eastern Standard Time
08-18 17:40:37.640  2063  4257 D leak-8-1: Eastern Standard Time
08-18 17:40:37.640  2063  4257 D leak-9-1: Eastern Standard Time
08-18 17:40:37.642  2063  4257 D leak-66-1: Eastern Standard Time
08-18 17:40:37.642  2063  4257 D leak-68-1: Eastern Standard Time
08-18 17:40:37.642  2063  4257 D leak-70-1: Eastern Standard Time
08-18 17:40:37.642  2063  4257 D leak-71-1: Eastern Standard Time
08-18 17:40:37.642  2063  4257 D leak-73-1: Eastern Standard Time
08-18 17:40:37.642  2063  4257 D leak-75-1: Eastern Standard Time
08-18 17:40:37.642  2063  4257 D leak-65-1: Eastern Standard Time
08-18 17:40:37.642  2063  4257 D leak-67-1: Eastern Standard Time
08-18 17:40:37.642  2063  4257 D leak-69-1: Eastern Standard Time
08-18 17:40:37.642  2063  4257 D leak-99-1: Eastern Standard Time
08-18 17:40:37.642  2063  4257 D leak-100-1: Eastern Standard Time
08-18 17:40:37.642  2063  4257 D leak-102-1: Eastern Standard Time
08-18 17:40:37.659  2063  4257 D leak-8-0: Eastern Standard Time
08-18 17:40:37.677  2063  4257 D leak-8-1: Eastern Standard Time
08-18 17:40:37.677  2063  4257 D leak-9-1: Eastern Standard Time
08-18 17:40:37.677  2063  4257 D leak-66-1: Eastern Standard Time
08-18 17:40:37.677  2063  4257 D leak-68-1: Eastern Standard Time
08-18 17:40:37.677  2063  4257 D leak-70-1: Eastern Standard Time
08-18 17:40:37.677  2063  4257 D leak-71-1: Eastern Standard Time
08-18 17:40:37.677  2063  4257 D leak-73-1: Eastern Standard Time
08-18 17:40:37.677  2063  4257 D leak-75-1: Eastern Standard Time
08-18 17:40:37.677  2063  4257 D leak-65-1: Eastern Standard Time
08-18 17:40:37.677  2063  4257 D leak-67-1: Eastern Standard Time
08-18 17:40:37.677  2063  4257 D leak-69-1: Eastern Standard Time
08-18 17:40:37.677  2063  4257 D leak-99-1: Eastern Standard Time
08-18 17:40:37.677  2063  4257 D leak-100-1: Eastern Standard Time
08-18 17:40:37.677  2063  4257 D leak-102-1: Eastern Standard Time
08-18 17:40:37.678  2063  4257 D leak-8-0: Eastern Standard Time
08-18 17:40:37.683  2063  4257 D leak-99-3: Eastern Standard Time
08-18 17:40:37.683  2063  4257 D leak-100-3: Eastern Standard Time
08-18 17:40:37.683  2063  4257 D leak-102-3: Eastern Standard Time
08-18 17:40:37.683  2063  4257 D leak-85-0: Eastern Standard Time
08-18 17:40:37.686  2063  4257 D leak-99-3: Eastern Standard Time
08-18 17:40:37.695  2063  4257 D leak-100-3: Eastern Standard Time
08-18 17:40:37.697  2063  4257 D leak-102-3: Eastern Standard Time
08-18 17:40:37.697  2063  4257 D leak-85-0: Eastern Standard Time
08-18 17:40:37.720  2063  4257 D leak-85-5: Eastern Standard Time
08-18 17:40:37.731  2063  4257 D leak-90-5: Eastern Standard Time
08-18 17:40:37.734  2063  4257 D leak-8-1: Eastern Standard Time
08-18 17:40:37.734  2063  4257 D leak-9-1: Eastern Standard Time
08-18 17:40:37.734  2063  4257 D leak-66-1: Eastern Standard Time
08-18 17:40:37.734  2063  4257 D leak-68-1: Eastern Standard Time
08-18 17:40:37.734  2063  4257 D leak-70-1: Eastern Standard Time
08-18 17:40:37.734  2063  4257 D leak-71-1: Eastern Standard Time
08-18 17:40:37.734  2063  4257 D leak-73-1: Eastern Standard Time
08-18 17:40:37.734  2063  4257 D leak-75-1: Eastern Standard Time
08-18 17:40:37.739  2063  4257 D leak-65-1: Eastern Standard Time
08-18 17:40:37.739  2063  4257 D leak-67-1: Eastern Standard Time
08-18 17:40:37.739  2063  4257 D leak-69-1: Eastern Standard Time
08-18 17:40:37.739  2063  4257 D leak-99-1: Eastern Standard Time
08-18 17:40:37.739  2063  4257 D leak-100-1: Eastern Standard Time
08-18 17:40:37.739  2063  4257 D leak-102-1: Eastern Standard Time
08-18 17:40:37.770  2063  4257 D leak-8-0: Eastern Standard Time
08-18 17:40:37.819  2063  4257 D leak-99-3: Eastern Standard Time
08-18 17:40:37.819  2063  4257 D leak-100-3: Eastern Standard Time
08-18 17:40:37.819  2063  4257 D leak-102-3: Eastern Standard Time
08-18 17:40:37.820  2063  4257 D leak-85-0: Eastern Standard Time
08-18 17:40:37.840  2063  4257 D leak-8-1: Eastern Standard Time
08-18 17:40:37.840  2063  4257 D leak-9-1: Eastern Standard Time
08-18 17:40:37.840  2063  4257 D leak-66-1: Eastern Standard Time
08-18 17:40:37.840  2063  4257 D leak-68-1: Eastern Standard Time
08-18 17:40:37.840  2063  4257 D leak-70-1: Eastern Standard Time
08-18 17:40:37.840  2063  4257 D leak-71-1: Eastern Standard Time
08-18 17:40:37.840  2063  4257 D leak-73-1: Eastern Standard Time
08-18 17:40:37.840  2063  4257 D leak-75-1: Eastern Standard Time
08-18 17:40:37.840  2063  4257 D leak-65-1: Eastern Standard Time
08-18 17:40:37.840  2063  4257 D leak-67-1: Eastern Standard Time
08-18 17:40:37.840  2063  4257 D leak-69-1: Eastern Standard Time
08-18 17:40:37.840  2063  4257 D leak-99-1: Eastern Standard Time
08-18 17:40:37.840  2063  4257 D leak-100-1: Eastern Standard Time
08-18 17:40:37.840  2063  4257 D leak-102-1: Eastern Standard Time
08-18 17:40:37.841  2063  4257 D leak-8-0: Eastern Standard Time
08-18 17:40:37.850  2063  4257 D leak-99-3: Eastern Standard Time
08-18 17:40:37.850  2063  4257 D leak-100-3: Eastern Standard Time
08-18 17:40:37.850  2063  4257 D leak-102-3: Eastern Standard Time
08-18 17:40:37.850  2063  4257 D leak-85-0: Eastern Standard Time
08-18 17:40:37.894  2063  4257 D leak-8-1: Eastern Standard Time
08-18 17:40:37.894  2063  4257 D leak-9-1: Eastern Standard Time
08-18 17:40:37.894  2063  4257 D leak-66-1: Eastern Standard Time
08-18 17:40:37.894  2063  4257 D leak-68-1: Eastern Standard Time
08-18 17:40:37.894  2063  4257 D leak-70-1: Eastern Standard Time
08-18 17:40:37.894  2063  4257 D leak-71-1: Eastern Standard Time
08-18 17:40:37.894  2063  4257 D leak-73-1: Eastern Standard Time
08-18 17:40:37.894  2063  4257 D leak-75-1: Eastern Standard Time
08-18 17:40:37.894  2063  4257 D leak-65-1: Eastern Standard Time
08-18 17:40:37.894  2063  4257 D leak-67-1: Eastern Standard Time
08-18 17:40:37.894  2063  4257 D leak-69-1: Eastern Standard Time
08-18 17:40:37.894  2063  4257 D leak-99-1: Eastern Standard Time
08-18 17:40:37.894  2063  4257 D leak-100-1: Eastern Standard Time
08-18 17:40:37.894  2063  4257 D leak-102-1: Eastern Standard Time
08-18 17:40:37.895  2063  4257 D leak-8-0: Eastern Standard Time
08-18 17:40:37.908  2063  4257 D leak-99-3: Eastern Standard Time
08-18 17:40:37.908  2063  4257 D leak-100-3: Eastern Standard Time
08-18 17:40:37.908  2063  4257 D leak-102-3: Eastern Standard Time
08-18 17:40:37.908  2063  4257 D leak-85-0: Eastern Standard Time
08-18 17:40:37.919  2063  4257 D leak-8-1: Eastern Standard Time
08-18 17:40:37.920  2063  4257 D leak-9-1: Eastern Standard Time
08-18 17:40:37.920  2063  4257 D leak-66-1: Eastern Standard Time
08-18 17:40:37.933  2063  4257 D leak-68-1: Eastern Standard Time
08-18 17:40:37.933  2063  4257 D leak-70-1: Eastern Standard Time
08-18 17:40:37.933  2063  4257 D leak-71-1: Eastern Standard Time
08-18 17:40:37.933  2063  4257 D leak-73-1: Eastern Standard Time
08-18 17:40:37.933  2063  4257 D leak-75-1: Eastern Standard Time
08-18 17:40:37.933  2063  4257 D leak-65-1: Eastern Standard Time
08-18 17:40:37.933  2063  4257 D leak-67-1: Eastern Standard Time
08-18 17:40:37.933  2063  4257 D leak-69-1: Eastern Standard Time
08-18 17:40:37.933  2063  4257 D leak-99-1: Eastern Standard Time
08-18 17:40:37.933  2063  4257 D leak-100-1: Eastern Standard Time
08-18 17:40:37.933  2063  4257 D leak-102-1: Eastern Standard Time
08-18 17:40:37.950  2063  4257 D leak-8-0: Eastern Standard Time
08-18 17:40:37.951  2063  2080 W EGL_emulation: eglSurfaceAttrib not implemented
08-18 17:40:37.951  2063  2080 W OpenGLRenderer: Failed to set EGL_SWAP_BEHAVIOR on surface 0xe0352dc0, error=EGL_SUCCESS
08-18 17:40:37.959  2063  4257 D leak-99-3: Eastern Standard Time
08-18 17:40:37.959  2063  4257 D leak-100-3: Eastern Standard Time
08-18 17:40:37.959  2063  4257 D leak-102-3: Eastern Standard Time
08-18 17:40:37.959  2063  4257 D leak-85-0: Eastern Standard Time
08-18 17:40:37.995  2063  4257 D leak-8-1: Eastern Standard Time
08-18 17:40:37.995  2063  4257 D leak-9-1: Eastern Standard Time
08-18 17:40:37.995  2063  4257 D leak-66-1: Eastern Standard Time
08-18 17:40:37.995  2063  4257 D leak-68-1: Eastern Standard Time
08-18 17:40:37.995  2063  4257 D leak-70-1: Eastern Standard Time
08-18 17:40:37.995  2063  4257 D leak-71-1: Eastern Standard Time
08-18 17:40:37.995  2063  4257 D leak-73-1: Eastern Standard Time
08-18 17:40:37.995  2063  4257 D leak-75-1: Eastern Standard Time
08-18 17:40:37.995  2063  4257 D leak-65-1: Eastern Standard Time
08-18 17:40:37.995  2063  4257 D leak-67-1: Eastern Standard Time
08-18 17:40:37.995  2063  4257 D leak-69-1: Eastern Standard Time
08-18 17:40:37.995  2063  4257 D leak-99-1: Eastern Standard Time
08-18 17:40:37.995  2063  4257 D leak-100-1: Eastern Standard Time
08-18 17:40:37.995  2063  4257 D leak-102-1: Eastern Standard Time
08-18 17:40:37.997  2063  4257 D leak-8-0: Eastern Standard Time
08-18 17:40:38.011  2063  4257 D leak-8-1: Eastern Standard Time
08-18 17:40:38.011  2063  4257 D leak-9-1: Eastern Standard Time
08-18 17:40:38.012  2063  4257 D leak-66-1: Eastern Standard Time
08-18 17:40:38.012  2063  4257 D leak-68-1: Eastern Standard Time
08-18 17:40:38.012  2063  4257 D leak-70-1: Eastern Standard Time
08-18 17:40:38.012  2063  4257 D leak-71-1: Eastern Standard Time
08-18 17:40:38.012  2063  4257 D leak-73-1: Eastern Standard Time
08-18 17:40:38.012  2063  4257 D leak-75-1: Eastern Standard Time
08-18 17:40:38.012  2063  4257 D leak-65-1: Eastern Standard Time
08-18 17:40:38.012  2063  4257 D leak-67-1: Eastern Standard Time
08-18 17:40:38.012  2063  4257 D leak-69-1: Eastern Standard Time
08-18 17:40:38.012  2063  4257 D leak-99-1: Eastern Standard Time
08-18 17:40:38.012  2063  4257 D leak-100-1: Eastern Standard Time
08-18 17:40:38.012  2063  4257 D leak-102-1: Eastern Standard Time
08-18 17:40:38.018  2063  4257 D leak-8-0: Eastern Standard Time
08-18 17:40:38.030  2063  4257 D leak-99-3: Eastern Standard Time
08-18 17:40:38.030  2063  4257 D leak-100-3: Eastern Standard Time
08-18 17:40:38.030  2063  4257 D leak-102-3: Eastern Standard Time
08-18 17:40:38.030  2063  4257 D leak-85-0: Eastern Standard Time
08-18 17:40:38.056  2063  4257 D leak-8-1: Eastern Standard Time
08-18 17:40:38.056  2063  4257 D leak-9-1: Eastern Standard Time
08-18 17:40:38.056  2063  4257 D leak-66-1: Eastern Standard Time
08-18 17:40:38.056  2063  4257 D leak-68-1: Eastern Standard Time
08-18 17:40:38.056  2063  4257 D leak-70-1: Eastern Standard Time
08-18 17:40:38.056  2063  4257 D leak-71-1: Eastern Standard Time
08-18 17:40:38.056  2063  4257 D leak-73-1: Eastern Standard Time
08-18 17:40:38.056  2063  4257 D leak-75-1: Eastern Standard Time
08-18 17:40:38.056  2063  4257 D leak-65-1: Eastern Standard Time
08-18 17:40:38.056  2063  4257 D leak-67-1: Eastern Standard Time
08-18 17:40:38.056  2063  4257 D leak-69-1: Eastern Standard Time
08-18 17:40:38.056  2063  4257 D leak-99-1: Eastern Standard Time
08-18 17:40:38.056  2063  4257 D leak-100-1: Eastern Standard Time
08-18 17:40:38.056  2063  4257 D leak-102-1: Eastern Standard Time
08-18 17:40:38.060  2063  4257 D leak-8-0: Eastern Standard Time
08-18 17:40:38.070  2063  4257 D leak-99-3: Eastern Standard Time
08-18 17:40:38.074  2063  4257 D leak-100-3: Eastern Standard Time
08-18 17:40:38.074  2063  4257 D leak-102-3: Eastern Standard Time
08-18 17:40:38.074  2063  4257 D leak-8-1: Eastern Standard Time
08-18 17:40:38.074  2063  4257 D leak-9-1: Eastern Standard Time
08-18 17:40:38.074  2063  4257 D leak-66-1: Eastern Standard Time
08-18 17:40:38.074  2063  4257 D leak-68-1: Eastern Standard Time
08-18 17:40:38.074  2063  4257 D leak-70-1: Eastern Standard Time
08-18 17:40:38.074  2063  4257 D leak-71-1: Eastern Standard Time
08-18 17:40:38.074  2063  4257 D leak-73-1: Eastern Standard Time
08-18 17:40:38.074  2063  4257 D leak-75-1: Eastern Standard Time
08-18 17:40:38.074  2063  4257 D leak-65-1: Eastern Standard Time
08-18 17:40:38.074  2063  4257 D leak-67-1: Eastern Standard Time
08-18 17:40:38.074  2063  4257 D leak-69-1: Eastern Standard Time
08-18 17:40:38.074  2063  4257 D leak-99-1: Eastern Standard Time
08-18 17:40:38.074  2063  4257 D leak-100-1: Eastern Standard Time
08-18 17:40:38.074  2063  4257 D leak-102-1: Eastern Standard Time
08-18 17:40:38.087  2063  4257 D leak-8-0: Eastern Standard Time
08-18 17:40:38.098  2063  4257 D leak-99-3: Eastern Standard Time
08-18 17:40:38.098  2063  4257 D leak-100-3: Eastern Standard Time
08-18 17:40:38.098  2063  4257 D leak-102-3: Eastern Standard Time
08-18 17:40:38.098  2063  4257 D leak-85-0: Eastern Standard Time
08-18 17:40:38.134  2063  4257 D leak-99-3: Eastern Standard Time
08-18 17:40:38.137  2063  4257 D leak-100-3: Eastern Standard Time
08-18 17:40:38.137  2063  4257 D leak-102-3: Eastern Standard Time
08-18 17:40:38.137  2063  4257 D leak-85-0: Eastern Standard Time
08-18 17:40:38.138  2063  2063 I Choreographer: Skipped 37 frames!  The application may be doing too much work on its main thread.
08-18 17:40:38.161  2063  4257 D leak-85-5: Eastern Standard Time
08-18 17:40:38.161  2063  4257 D leak-90-5: Eastern Standard Time
08-18 17:40:38.161  2063  4257 D leak-8-1: Eastern Standard Time
08-18 17:40:38.161  2063  4257 D leak-9-1: Eastern Standard Time
08-18 17:40:38.161  2063  4257 D leak-66-1: Eastern Standard Time
08-18 17:40:38.161  2063  4257 D leak-68-1: Eastern Standard Time
08-18 17:40:38.161  2063  4257 D leak-70-1: Eastern Standard Time
08-18 17:40:38.161  2063  4257 D leak-71-1: Eastern Standard Time
08-18 17:40:38.161  2063  4257 D leak-73-1: Eastern Standard Time
08-18 17:40:38.161  2063  4257 D leak-75-1: Eastern Standard Time
08-18 17:40:38.161  2063  4257 D leak-65-1: Eastern Standard Time
08-18 17:40:38.161  2063  4257 D leak-67-1: Eastern Standard Time
08-18 17:40:38.161  2063  4257 D leak-69-1: Eastern Standard Time
