08-18 18:12:58.447   604   618 W BroadcastQueue: Skipping deliver [background] BroadcastRecord{3587ec9 u-1 android.net.conn.CONNECTIVITY_CHANGE} to ReceiverList{bc569ce 5628 (unknown name)/0/u-1 remote:ccc0e93}: process crashing
08-18 18:12:58.451   604  1009 I ActivityManager: START u0 {act=android.intent.action.MAIN cat=[android.intent.category.LAUNCHER] flg=0x10200000 cmp=org.androidpn.client/.MainActivity} from uid 0 on display 0
08-18 18:12:58.456   604   619 D Sensors : batch handle 1, but there is no batch sensor in genymotion
08-18 18:12:58.459  5628  5628 I art     : System.exit called, status: 0
08-18 18:12:58.459  5628  5628 I AndroidRuntime: VM exiting with result code 0.
08-18 18:13:04.653  5641  5641 D AndroidRuntime: >>>>>> START com.android.internal.os.RuntimeInit uid 0 <<<<<<
08-18 18:13:04.655  5641  5641 D AndroidRuntime: CheckJNI is OFF
08-18 18:13:04.666  5641  5641 D ICU     : No timezone override file found: /data/misc/zoneinfo/current/icu/icu_tzdata.dat
08-18 18:13:04.680  5641  5641 E memtrack: Couldn't load memtrack module (No such file or directory)
08-18 18:13:04.680  5641  5641 E android.os.Debug: failed to load memtrack module: -2
08-18 18:13:04.684  5641  5641 I Radio-JNI: register_android_hardware_Radio DONE
08-18 18:13:04.690  5641  5641 D AndroidRuntime: Calling main entry com.android.commands.uiautomator.Launcher
08-18 18:13:05.715  5641  5641 W AccessibilityNodeInfoDumper: Fetch time: 2ms
08-18 18:13:05.716   604  1742 W WindowManager: Attempted to remove non-existing token: android.os.Binder@c9f00ef
08-18 18:13:05.732  5641  5641 D AndroidRuntime: Shutting down VM
08-18 18:13:06.914  5664  5664 D AndroidRuntime: >>>>>> START com.android.internal.os.RuntimeInit uid 0 <<<<<<
08-18 18:13:06.916  5664  5664 D AndroidRuntime: CheckJNI is OFF
08-18 18:13:06.925  5664  5664 D ICU     : No timezone override file found: /data/misc/zoneinfo/current/icu/icu_tzdata.dat
08-18 18:13:06.939  5664  5664 E memtrack: Couldn't load memtrack module (No such file or directory)
08-18 18:13:06.939  5664  5664 E android.os.Debug: failed to load memtrack module: -2
08-18 18:13:06.940  5664  5664 I Radio-JNI: register_android_hardware_Radio DONE
08-18 18:13:06.946  5664  5664 D AndroidRuntime: Calling main entry com.android.commands.uiautomator.Launcher
08-18 18:13:07.968  5664  5664 W AccessibilityNodeInfoDumper: Fetch time: 1ms
08-18 18:13:07.969   604  1104 W WindowManager: Attempted to remove non-existing token: android.os.Binder@9d667fc
08-18 18:13:07.991  5664  5664 D AndroidRuntime: Shutting down VM
08-18 18:13:08.483  5682  5682 D AndroidRuntime: >>>>>> START com.android.internal.os.RuntimeInit uid 0 <<<<<<
08-18 18:13:08.484  5682  5682 D AndroidRuntime: CheckJNI is OFF
08-18 18:13:08.493  5682  5682 D ICU     : No timezone override file found: /data/misc/zoneinfo/current/icu/icu_tzdata.dat
08-18 18:13:08.512  5682  5682 E memtrack: Couldn't load memtrack module (No such file or directory)
08-18 18:13:08.512  5682  5682 E android.os.Debug: failed to load memtrack module: -2
08-18 18:13:08.513  5682  5682 I Radio-JNI: register_android_hardware_Radio DONE
08-18 18:13:08.521  5682  5682 D AndroidRuntime: Calling main entry com.android.commands.uiautomator.Launcher
08-18 18:13:09.546  5682  5682 W AccessibilityNodeInfoDumper: Fetch time: 2ms
08-18 18:13:09.546   604  1144 W WindowManager: Attempted to remove non-existing token: android.os.Binder@ce13e85
08-18 18:13:09.594  5682  5682 D AndroidRuntime: Shutting down VM
08-18 18:13:10.762  5705  5705 D AndroidRuntime: >>>>>> START com.android.internal.os.RuntimeInit uid 0 <<<<<<
08-18 18:13:10.764  5705  5705 D AndroidRuntime: CheckJNI is OFF
08-18 18:13:10.779  5705  5705 D ICU     : No timezone override file found: /data/misc/zoneinfo/current/icu/icu_tzdata.dat
08-18 18:13:10.793  5705  5705 E memtrack: Couldn't load memtrack module (No such file or directory)
08-18 18:13:10.793  5705  5705 E android.os.Debug: failed to load memtrack module: -2
08-18 18:13:10.794  5705  5705 I Radio-JNI: register_android_hardware_Radio DONE
08-18 18:13:10.801  5705  5705 D AndroidRuntime: Calling main entry com.android.commands.uiautomator.Launcher
08-18 18:13:11.825  5705  5705 W AccessibilityNodeInfoDumper: Fetch time: 3ms
08-18 18:13:11.825   604  1106 W WindowManager: Attempted to remove non-existing token: android.os.Binder@cd254da
08-18 18:13:11.840  5705  5705 D AndroidRuntime: Shutting down VM
08-18 18:13:13.058  5733  5733 D AndroidRuntime: >>>>>> START com.android.internal.os.RuntimeInit uid 0 <<<<<<
08-18 18:13:13.061  5733  5733 D AndroidRuntime: CheckJNI is OFF
08-18 18:13:13.074  5733  5733 D ICU     : No timezone override file found: /data/misc/zoneinfo/current/icu/icu_tzdata.dat
08-18 18:13:13.088  5733  5733 E memtrack: Couldn't load memtrack module (No such file or directory)
08-18 18:13:13.088  5733  5733 E android.os.Debug: failed to load memtrack module: -2
08-18 18:13:13.091  5733  5733 I Radio-JNI: register_android_hardware_Radio DONE
08-18 18:13:13.098  5733  5733 D AndroidRuntime: Calling main entry com.android.commands.uiautomator.Launcher
08-18 18:13:14.115  5733  5733 W AccessibilityNodeInfoDumper: Fetch time: 2ms
08-18 18:13:14.115   604  1009 W WindowManager: Attempted to remove non-existing token: android.os.Binder@604bd0b
08-18 18:13:14.128  5733  5733 D AndroidRuntime: Shutting down VM
08-18 18:13:15.301  5759  5759 D AndroidRuntime: >>>>>> START com.android.internal.os.RuntimeInit uid 0 <<<<<<
08-18 18:13:15.302  5759  5759 D AndroidRuntime: CheckJNI is OFF
08-18 18:13:15.317  5759  5759 D ICU     : No timezone override file found: /data/misc/zoneinfo/current/icu/icu_tzdata.dat
08-18 18:13:15.332  5759  5759 E memtrack: Couldn't load memtrack module (No such file or directory)
08-18 18:13:15.332  5759  5759 E android.os.Debug: failed to load memtrack module: -2
08-18 18:13:15.333  5759  5759 I Radio-JNI: register_android_hardware_Radio DONE
08-18 18:13:15.340  5759  5759 D AndroidRuntime: Calling main entry com.android.commands.uiautomator.Launcher
08-18 18:13:16.354  5759  5759 W AccessibilityNodeInfoDumper: Fetch time: 2ms
08-18 18:13:16.359   604  1742 W WindowManager: Attempted to remove non-existing token: android.os.Binder@c7c3e01
08-18 18:13:16.373  5759  5759 D AndroidRuntime: Shutting down VM
08-18 18:13:16.906  5777  5777 D AndroidRuntime: >>>>>> START com.android.internal.os.RuntimeInit uid 0 <<<<<<
08-18 18:13:16.909  5777  5777 D AndroidRuntime: CheckJNI is OFF
08-18 18:13:16.920  5777  5777 D ICU     : No timezone override file found: /data/misc/zoneinfo/current/icu/icu_tzdata.dat
08-18 18:13:16.934  5777  5777 E memtrack: Couldn't load memtrack module (No such file or directory)
08-18 18:13:16.934  5777  5777 E android.os.Debug: failed to load memtrack module: -2
08-18 18:13:16.935  5777  5777 I Radio-JNI: register_android_hardware_Radio DONE
08-18 18:13:16.940  5777  5777 D AndroidRuntime: Calling main entry com.android.commands.uiautomator.Launcher
08-18 18:13:17.957  5777  5777 W AccessibilityNodeInfoDumper: Fetch time: 1ms
08-18 18:13:17.958   604   759 W WindowManager: Attempted to remove non-existing token: android.os.Binder@190e4a6
08-18 18:13:17.972  5777  5777 D AndroidRuntime: Shutting down VM
08-18 18:13:19.093  5800  5800 D AndroidRuntime: >>>>>> START com.android.internal.os.RuntimeInit uid 0 <<<<<<
08-18 18:13:19.095  5800  5800 D AndroidRuntime: CheckJNI is OFF
08-18 18:13:19.107  5800  5800 D ICU     : No timezone override file found: /data/misc/zoneinfo/current/icu/icu_tzdata.dat
08-18 18:13:19.120  5800  5800 E memtrack: Couldn't load memtrack module (No such file or directory)
08-18 18:13:19.120  5800  5800 E android.os.Debug: failed to load memtrack module: -2
08-18 18:13:19.123  5800  5800 I Radio-JNI: register_android_hardware_Radio DONE
08-18 18:13:19.134  5800  5800 D AndroidRuntime: Calling main entry com.android.commands.uiautomator.Launcher
08-18 18:13:20.151  5800  5800 W AccessibilityNodeInfoDumper: Fetch time: 3ms
08-18 18:13:20.152   604  1009 W WindowManager: Attempted to remove non-existing token: android.os.Binder@ec01ee7
08-18 18:13:20.162  5800  5800 D AndroidRuntime: Shutting down VM
08-18 18:13:20.671  5818  5818 D AndroidRuntime: >>>>>> START com.android.internal.os.RuntimeInit uid 0 <<<<<<
08-18 18:13:20.673  5818  5818 D AndroidRuntime: CheckJNI is OFF
08-18 18:13:20.683  5818  5818 D ICU     : No timezone override file found: /data/misc/zoneinfo/current/icu/icu_tzdata.dat
08-18 18:13:20.698  5818  5818 E memtrack: Couldn't load memtrack module (No such file or directory)
08-18 18:13:20.698  5818  5818 E android.os.Debug: failed to load memtrack module: -2
08-18 18:13:20.698  5818  5818 I Radio-JNI: register_android_hardware_Radio DONE
08-18 18:13:20.705  5818  5818 D AndroidRuntime: Calling main entry com.android.commands.uiautomator.Launcher
08-18 18:13:21.735  5818  5818 W AccessibilityNodeInfoDumper: Fetch time: 2ms
08-18 18:13:21.735   604  1144 W WindowManager: Attempted to remove non-existing token: android.os.Binder@ee1ba94
08-18 18:13:21.760  5818  5818 D AndroidRuntime: Shutting down VM
08-18 18:13:22.860  5841  5841 D AndroidRuntime: >>>>>> START com.android.internal.os.RuntimeInit uid 0 <<<<<<
08-18 18:13:22.863  5841  5841 D AndroidRuntime: CheckJNI is OFF
08-18 18:13:22.873  5841  5841 D ICU     : No timezone override file found: /data/misc/zoneinfo/current/icu/icu_tzdata.dat
08-18 18:13:22.886  5841  5841 E memtrack: Couldn't load memtrack module (No such file or directory)
08-18 18:13:22.886  5841  5841 E android.os.Debug: failed to load memtrack module: -2
08-18 18:13:22.888  5841  5841 I Radio-JNI: register_android_hardware_Radio DONE
08-18 18:13:22.903  5841  5841 D AndroidRuntime: Calling main entry com.android.commands.uiautomator.Launcher
08-18 18:13:23.918  5841  5841 W AccessibilityNodeInfoDumper: Fetch time: 0ms
08-18 18:13:23.918   604  1742 W WindowManager: Attempted to remove non-existing token: android.os.Binder@f6db93d
08-18 18:13:23.928  5841  5841 D AndroidRuntime: Shutting down VM
08-18 18:13:24.436  5860  5860 D AndroidRuntime: >>>>>> START com.android.internal.os.RuntimeInit uid 0 <<<<<<
08-18 18:13:24.438  5860  5860 D AndroidRuntime: CheckJNI is OFF
08-18 18:13:24.449  5860  5860 D ICU     : No timezone override file found: /data/misc/zoneinfo/current/icu/icu_tzdata.dat
08-18 18:13:24.465  5860  5860 E memtrack: Couldn't load memtrack module (No such file or directory)
08-18 18:13:24.465  5860  5860 E android.os.Debug: failed to load memtrack module: -2
08-18 18:13:24.466  5860  5860 I Radio-JNI: register_android_hardware_Radio DONE
08-18 18:13:24.474  5860  5860 D AndroidRuntime: Calling main entry com.android.commands.uiautomator.Launcher
08-18 18:13:25.488  5860  5860 W AccessibilityNodeInfoDumper: Fetch time: 1ms
08-18 18:13:25.490   604   754 W WindowManager: Attempted to remove non-existing token: android.os.Binder@256a532
08-18 18:13:25.508  5860  5860 D AndroidRuntime: Shutting down VM
08-18 18:13:26.056  5877  5877 D AndroidRuntime: >>>>>> START com.android.internal.os.RuntimeInit uid 0 <<<<<<
08-18 18:13:26.058  5877  5877 D AndroidRuntime: CheckJNI is OFF
08-18 18:13:26.076  5877  5877 D ICU     : No timezone override file found: /data/misc/zoneinfo/current/icu/icu_tzdata.dat
08-18 18:13:26.106  5877  5877 E memtrack: Couldn't load memtrack module (No such file or directory)
08-18 18:13:26.106  5877  5877 E android.os.Debug: failed to load memtrack module: -2
08-18 18:13:26.107  5877  5877 I Radio-JNI: register_android_hardware_Radio DONE
08-18 18:13:26.118  5877  5877 D AndroidRuntime: Calling main entry com.android.commands.monkey.Monkey
08-18 18:13:26.130   604   618 W BroadcastQueue: Skipping deliver [background] BroadcastRecord{901ac39 u-1 android.net.conn.CONNECTIVITY_CHANGE} to ReceiverList{545e27e 5877 (unknown name)/0/u-1 remote:be5c283}: process crashing
08-18 18:13:26.136   604  1106 I ActivityManager: START u0 {act=android.intent.action.MAIN cat=[android.intent.category.LAUNCHER] flg=0x10200000 cmp=org.androidpn.client/.MainActivity} from uid 0 on display 0
08-18 18:13:26.149   604   619 D Sensors : batch handle 1, but there is no batch sensor in genymotion
08-18 18:13:26.156  5877  5877 I art     : System.exit called, status: 0
08-18 18:13:26.156  5877  5877 I AndroidRuntime: VM exiting with result code 0.
08-18 18:13:31.997  5897  5897 D AndroidRuntime: >>>>>> START com.android.internal.os.RuntimeInit uid 0 <<<<<<
08-18 18:13:31.999  5897  5897 D AndroidRuntime: CheckJNI is OFF
08-18 18:13:32.012  5897  5897 D ICU     : No timezone override file found: /data/misc/zoneinfo/current/icu/icu_tzdata.dat
08-18 18:13:32.025  5897  5897 E memtrack: Couldn't load memtrack module (No such file or directory)
08-18 18:13:32.025  5897  5897 E android.os.Debug: failed to load memtrack module: -2
08-18 18:13:32.027  5897  5897 I Radio-JNI: register_android_hardware_Radio DONE
08-18 18:13:32.034  5897  5897 D AndroidRuntime: Calling main entry com.android.commands.uiautomator.Launcher
08-18 18:13:33.064  5897  5897 W AccessibilityNodeInfoDumper: Fetch time: 1ms
08-18 18:13:33.064   604   616 W WindowManager: Attempted to remove non-existing token: android.os.Binder@53803df
08-18 18:13:33.078  5897  5897 D AndroidRuntime: Shutting down VM
08-18 18:13:33.617  5915  5915 D AndroidRuntime: >>>>>> START com.android.internal.os.RuntimeInit uid 0 <<<<<<
08-18 18:13:33.619  5915  5915 D AndroidRuntime: CheckJNI is OFF
08-18 18:13:33.632  5915  5915 D ICU     : No timezone override file found: /data/misc/zoneinfo/current/icu/icu_tzdata.dat
08-18 18:13:33.650  5915  5915 E memtrack: Couldn't load memtrack module (No such file or directory)
08-18 18:13:33.650  5915  5915 E android.os.Debug: failed to load memtrack module: -2
08-18 18:13:33.651  5915  5915 I Radio-JNI: register_android_hardware_Radio DONE
08-18 18:13:33.661  5915  5915 D AndroidRuntime: Calling main entry com.android.commands.uiautomator.Launcher
08-18 18:13:34.673  5915  5915 W AccessibilityNodeInfoDumper: Fetch time: 2ms
08-18 18:13:34.674   604   616 W WindowManager: Attempted to remove non-existing token: android.os.Binder@b47d2f5
08-18 18:13:34.687  5915  5915 D AndroidRuntime: Shutting down VM
08-18 18:13:35.197  5928  5928 D AndroidRuntime: >>>>>> START com.android.internal.os.RuntimeInit uid 0 <<<<<<
08-18 18:13:35.200  5928  5928 D AndroidRuntime: CheckJNI is OFF
08-18 18:13:35.211  5928  5928 D ICU     : No timezone override file found: /data/misc/zoneinfo/current/icu/icu_tzdata.dat
08-18 18:13:35.224  5928  5928 E memtrack: Couldn't load memtrack module (No such file or directory)
08-18 18:13:35.224  5928  5928 E android.os.Debug: failed to load memtrack module: -2
08-18 18:13:35.233  5928  5928 I Radio-JNI: register_android_hardware_Radio DONE
08-18 18:13:35.239  5928  5928 D AndroidRuntime: Calling main entry com.android.commands.input.Input
08-18 18:13:35.240  5928  5928 I Input   : injectMotionEvent: MotionEvent { action=ACTION_DOWN, actionButton=0, id[0]=0, x[0]=896.0, y[0]=1014.0, toolType[0]=TOOL_TYPE_UNKNOWN, buttonState=0, metaState=0, flags=0x0, edgeFlags=0x0, pointerCount=1, historySize=0, eventTime=571906, downTime=571906, deviceId=0, source=0x1002 }
08-18 18:13:35.246  5928  5928 I Input   : injectMotionEvent: MotionEvent { action=ACTION_UP, actionButton=0, id[0]=0, x[0]=896.0, y[0]=1014.0, toolType[0]=TOOL_TYPE_UNKNOWN, buttonState=0, metaState=0, flags=0x0, edgeFlags=0x0, pointerCount=1, historySize=0, eventTime=571906, downTime=571906, deviceId=0, source=0x1002 }
08-18 18:13:35.247  5928  5928 D AndroidRuntime: Shutting down VM
08-18 18:13:35.289  4926  4926 D leak-32-9: Eastern Standard Time
08-18 18:13:35.289  4926  4926 D leak-37-9: Eastern Standard Time
08-18 18:13:35.289  4926  4926 D leak-38-9: Eastern Standard Time
08-18 18:13:35.289  4926  4926 D leak-41-9: Eastern Standard Time
08-18 18:13:35.289  4926  4926 D leak-42-9: Eastern Standard Time
08-18 18:13:35.289  4926  4926 D leak-43-9: Eastern Standard Time
08-18 18:13:35.290  4926  4926 D leak-32-10: Eastern Standard Time
08-18 18:13:35.290  4926  4926 D leak-37-10: Eastern Standard Time
08-18 18:13:35.290  4926  4926 D leak-38-10: Eastern Standard Time
08-18 18:13:35.290  4926  4926 D leak-41-10: Eastern Standard Time
08-18 18:13:35.290  4926  4926 D leak-42-10: Eastern Standard Time
08-18 18:13:35.290  4926  4926 D leak-43-10: Eastern Standard Time
08-18 18:13:35.290  4926  4926 D leak-44-10: Eastern Standard Time
08-18 18:13:35.290  4926  4926 D leak-32-1: Eastern Standard Time
08-18 18:13:35.290  4926  4926 D leak-33-1: Eastern Standard Time
08-18 18:13:35.301  4926  4926 D leak-37-1: Eastern Standard Time
08-18 18:13:35.301  4926  4926 D leak-38-1: Eastern Standard Time
08-18 18:13:35.301  4926  4926 D leak-41-1: Eastern Standard Time
08-18 18:13:35.301  4926  4926 D leak-42-1: Eastern Standard Time
08-18 18:13:35.301  4926  4926 D leak-43-1: Eastern Standard Time
08-18 18:13:35.301  4926  4926 D leak-44-1: Eastern Standard Time
08-18 18:13:35.302  4926  4926 D leak-32-2: Eastern Standard Time
08-18 18:13:35.302  4926  4926 D leak-33-2: Eastern Standard Time
08-18 18:13:35.302  4926  4926 D leak-34-2: Eastern Standard Time
08-18 18:13:35.302  4926  4926 D leak-37-2: Eastern Standard Time
08-18 18:13:35.302  4926  4926 D leak-38-2: Eastern Standard Time
08-18 18:13:35.302  4926  4926 D leak-41-2: Eastern Standard Time
08-18 18:13:35.302  4926  4926 D leak-42-2: Eastern Standard Time
08-18 18:13:35.302  4926  4926 D leak-43-2: Eastern Standard Time
08-18 18:13:35.302  4926  4926 D leak-44-2: Eastern Standard Time
08-18 18:13:35.302  4926  4926 D leak-203-0: Eastern Standard Time
08-18 18:13:35.303  4926  4926 D leak-49-0: Eastern Standard Time
08-18 18:13:35.303  4926  4926 D leak-203-1: Eastern Standard Time
08-18 18:13:35.303  4926  4926 D leak-204-1: Eastern Standard Time
08-18 18:13:35.380  4926  4926 D leak-49-1: Eastern Standard Time
08-18 18:13:35.380  4926  4926 D leak-50-1: Eastern Standard Time
08-18 18:13:35.384  2081  2097 E Surface : getSlotFromBufferLocked: unknown buffer: 0xf2bb4570
08-18 18:13:35.441  2081  2097 D OpenGLRenderer: endAllStagingAnimators on 0xf2b6af80 (RippleDrawable) with handle 0xee9d2970
08-18 18:13:35.455  4926  4926 D leak-203-6: Eastern Standard Time
08-18 18:13:35.455  4926  4926 D leak-204-6: Eastern Standard Time
08-18 18:13:35.455  4926  4926 D leak-209-6: Eastern Standard Time
08-18 18:13:35.456  4926  4926 D Androidpn_MainActivity: No Notifications
08-18 18:13:35.456  4926  4926 D leak-203-2: Eastern Standard Time
08-18 18:13:35.456  4926  4926 D leak-204-2: Eastern Standard Time
08-18 18:13:35.456  4926  4926 D leak-205-2: Eastern Standard Time
08-18 18:13:35.456  4926  4926 D leak-209-2: Eastern Standard Time
08-18 18:13:35.456  4926  4926 D leak-4-0: Eastern Standard Time
08-18 18:13:35.456  4926  4926 D leak-0-0: Eastern Standard Time
08-18 18:13:35.456  4926  4926 D leak-32-9: Eastern Standard Time
08-18 18:13:35.456  4926  4926 D leak-33-9: Eastern Standard Time
08-18 18:13:35.456  4926  4926 D leak-34-9: Eastern Standard Time
08-18 18:13:35.456  4926  4926 D leak-37-9: Eastern Standard Time
08-18 18:13:35.456  4926  4926 D leak-38-9: Eastern Standard Time
08-18 18:13:35.456  4926  4926 D leak-41-9: Eastern Standard Time
08-18 18:13:35.456  4926  4926 D leak-42-9: Eastern Standard Time
08-18 18:13:35.456  4926  4926 D leak-43-9: Eastern Standard Time
08-18 18:13:35.456  4926  4926 D leak-44-9: Eastern Standard Time
08-18 18:13:35.456  4926  4926 D leak-32-11: Eastern Standard Time
08-18 18:13:35.456  4926  4926 D leak-33-11: Eastern Standard Time
08-18 18:13:35.456  4926  4926 D leak-34-11: Eastern Standard Time
08-18 18:13:35.456  4926  4926 D leak-37-11: Eastern Standard Time
08-18 18:13:35.456  4926  4926 D leak-38-11: Eastern Standard Time
08-18 18:13:35.456  4926  4926 D leak-41-11: Eastern Standard Time
08-18 18:13:35.456  4926  4926 D leak-42-11: Eastern Standard Time
08-18 18:13:35.456  4926  4926 D leak-43-11: Eastern Standard Time
08-18 18:13:35.456  4926  4926 D leak-44-11: Eastern Standard Time
08-18 18:13:35.456  4926  4926 D leak-45-11: Eastern Standard Time
08-18 18:13:35.456  4926  4926 D leak-32-7: Eastern Standard Time
08-18 18:13:35.456  4926  4926 D leak-33-7: Eastern Standard Time
08-18 18:13:35.456  4926  4926 D leak-34-7: Eastern Standard Time
08-18 18:13:35.456  4926  4926 D leak-37-7: Eastern Standard Time
08-18 18:13:35.456  4926  4926 D leak-38-7: Eastern Standard Time
08-18 18:13:35.456  4926  4926 D leak-41-7: Eastern Standard Time
08-18 18:13:35.456  4926  4926 D leak-42-7: Eastern Standard Time
08-18 18:13:35.456  4926  4926 D leak-43-7: Eastern Standard Time
08-18 18:13:35.456  4926  4926 D leak-44-7: Eastern Standard Time
08-18 18:13:35.456  4926  4926 D leak-45-7: Eastern Standard Time
08-18 18:13:35.457  4926  4926 D leak-32-2: Eastern Standard Time
08-18 18:13:35.457  4926  4926 D leak-33-2: Eastern Standard Time
08-18 18:13:35.457  4926  4926 D leak-34-2: Eastern Standard Time
08-18 18:13:35.457  4926  4926 D leak-37-2: Eastern Standard Time
08-18 18:13:35.457  4926  4926 D leak-38-2: Eastern Standard Time
08-18 18:13:35.457  4926  4926 D leak-41-2: Eastern Standard Time
08-18 18:13:35.457  4926  4926 D leak-42-2: Eastern Standard Time
08-18 18:13:35.457  4926  4926 D leak-43-2: Eastern Standard Time
08-18 18:13:35.457  4926  4926 D leak-44-2: Eastern Standard Time
08-18 18:13:35.457  4926  4926 D leak-45-2: Eastern Standard Time
08-18 18:13:35.457  4926  4926 D leak-203-0: Eastern Standard Time
08-18 18:13:35.457  4926  4926 D leak-49-0: Eastern Standard Time
08-18 18:13:35.457  4926  4926 D leak-203-1: Eastern Standard Time
08-18 18:13:35.457  4926  4926 D leak-204-1: Eastern Standard Time
08-18 18:13:35.466  4926  4926 D leak-203-6: Eastern Standard Time
08-18 18:13:35.466  4926  4926 D leak-204-6: Eastern Standard Time
08-18 18:13:35.466  4926  4926 D leak-209-6: Eastern Standard Time
08-18 18:13:35.466  4926  4926 D Androidpn_MainActivity: No Notifications
08-18 18:13:35.466  4926  4926 D leak-203-2: Eastern Standard Time
08-18 18:13:35.466  4926  4926 D leak-204-2: Eastern Standard Time
08-18 18:13:35.466  4926  4926 D leak-205-2: Eastern Standard Time
08-18 18:13:35.466  4926  4926 D leak-209-2: Eastern Standard Time
08-18 18:13:35.466  4926  4926 D leak-4-0: Eastern Standard Time
08-18 18:13:35.467  4926  4926 D leak-0-0: Eastern Standard Time
08-18 18:13:35.521   604  1144 I ActivityManager: Killing 1870:com.android.exchange/u0a35 (adj 15): empty #17
08-18 18:13:35.529   604  1144 W libprocessgroup: failed to open /acct/uid_10035/pid_1870/cgroup.procs: No such file or directory
08-18 18:13:35.536  2081  2081 I art     : Starting a blocking GC Explicit
08-18 18:13:35.567  2081  2081 I art     : Explicit concurrent mark sweep GC freed 1494(120KB) AllocSpace objects, 2(40KB) LOS objects, 38% free, 807KB/1319KB, paused 88us total 31.498ms
08-18 18:13:35.587  2081  2081 I art     : Starting a blocking GC Explicit
08-18 18:13:35.593  2081  2081 I art     : Explicit concurrent mark sweep GC freed 1300(76KB) AllocSpace objects, 2(40KB) LOS objects, 42% free, 690KB/1202KB, paused 2.837ms total 5.780ms
08-18 18:13:35.593  2081  2081 I art     : Starting a blocking GC Explicit
08-18 18:13:35.605  2081  2081 I art     : Explicit concurrent mark sweep GC freed 1(16B) AllocSpace objects, 0(0B) LOS objects, 42% free, 690KB/1202KB, paused 112us total 12.516ms
08-18 18:13:35.700   408   408 W SurfaceFlinger: couldn't log to binary event log: overflow.
08-18 18:13:40.520  6264  6264 D AndroidRuntime: >>>>>> START com.android.internal.os.RuntimeInit uid 0 <<<<<<
08-18 18:13:40.526  6264  6264 D AndroidRuntime: CheckJNI is OFF
08-18 18:13:40.550  6264  6264 D ICU     : No timezone override file found: /data/misc/zoneinfo/current/icu/icu_tzdata.dat
08-18 18:13:40.565  6264  6264 E memtrack: Couldn't load memtrack module (No such file or directory)
08-18 18:13:40.565  6264  6264 E android.os.Debug: failed to load memtrack module: -2
08-18 18:13:40.569  6264  6264 I Radio-JNI: register_android_hardware_Radio DONE
08-18 18:13:40.577  6264  6264 D AndroidRuntime: Calling main entry com.android.commands.uiautomator.Launcher
08-18 18:13:41.602  6264  6264 I AccessibilityNodeInfoDumper: Skipping invisible child: android.view.accessibility.AccessibilityNodeInfo@800081ee; boundsInParent: Rect(0, 0 - 1136, 0); boundsInScreen: Rect(32, 208 - 1168, 208); packageName: org.androidpn.client; className: android.widget.ListView; text: null; error: null; maxTextLength: -1; contentDescription: null; viewIdResName: org.androidpn.client:id/listView; checkable: false; checked: false; focusable: false; focused: false; selected: false; clickable: true; longClickable: false; contextClickable: false; enabled: true; password: false; scrollable: false; actions: [AccessibilityAction: ACTION_SELECT - null, AccessibilityAction: ACTION_CLEAR_SELECTION - null, AccessibilityAction: ACTION_CLICK - null, AccessibilityAction: ACTION_ACCESSIBILITY_FOCUS - null, AccessibilityAction: ACTION_UNKNOWN - null]
08-18 18:13:41.603  6264  6264 W AccessibilityNodeInfoDumper: Fetch time: 6ms
08-18 18:13:41.604   604  1130 W WindowManager: Attempted to remove non-existing token: android.os.Binder@432f0c4
08-18 18:13:41.614  6264  6264 D AndroidRuntime: Shutting down VM
08-18 18:13:42.736  6287  6287 D AndroidRuntime: >>>>>> START com.android.internal.os.RuntimeInit uid 0 <<<<<<
08-18 18:13:42.739  6287  6287 D AndroidRuntime: CheckJNI is OFF
08-18 18:13:42.755  6287  6287 D ICU     : No timezone override file found: /data/misc/zoneinfo/current/icu/icu_tzdata.dat
08-18 18:13:42.775  6287  6287 E memtrack: Couldn't load memtrack module (No such file or directory)
08-18 18:13:42.775  6287  6287 E android.os.Debug: failed to load memtrack module: -2
08-18 18:13:42.776  6287  6287 I Radio-JNI: register_android_hardware_Radio DONE
08-18 18:13:42.790  6287  6287 D AndroidRuntime: Calling main entry com.android.commands.uiautomator.Launcher
08-18 18:13:43.810  6287  6287 I AccessibilityNodeInfoDumper: Skipping invisible child: android.view.accessibility.AccessibilityNodeInfo@800081f4; boundsInParent: Rect(0, 0 - 1136, 0); boundsInScreen: Rect(32, 208 - 1168, 208); packageName: org.androidpn.client; className: android.widget.ListView; text: null; error: null; maxTextLength: -1; contentDescription: null; viewIdResName: org.androidpn.client:id/listView; checkable: false; checked: false; focusable: false; focused: false; selected: false; clickable: true; longClickable: false; contextClickable: false; enabled: true; password: false; scrollable: false; actions: [AccessibilityAction: ACTION_SELECT - null, AccessibilityAction: ACTION_CLEAR_SELECTION - null, AccessibilityAction: ACTION_CLICK - null, AccessibilityAction: ACTION_ACCESSIBILITY_FOCUS - null, AccessibilityAction: ACTION_UNKNOWN - null]
08-18 18:13:43.810  6287  6287 W AccessibilityNodeInfoDumper: Fetch time: 6ms
08-18 18:13:43.814   604  1331 W WindowManager: Attempted to remove non-existing token: android.os.Binder@aa46bad
08-18 18:13:43.821  6287  6287 D AndroidRuntime: Shutting down VM
08-18 18:13:44.340  6306  6306 D AndroidRuntime: >>>>>> START com.android.internal.os.RuntimeInit uid 0 <<<<<<
08-18 18:13:44.342  6306  6306 D AndroidRuntime: CheckJNI is OFF
08-18 18:13:44.353  6306  6306 D ICU     : No timezone override file found: /data/misc/zoneinfo/current/icu/icu_tzdata.dat
08-18 18:13:44.365  6306  6306 E memtrack: Couldn't load memtrack module (No such file or directory)
08-18 18:13:44.365  6306  6306 E android.os.Debug: failed to load memtrack module: -2
08-18 18:13:44.367  6306  6306 I Radio-JNI: register_android_hardware_Radio DONE
08-18 18:13:44.375  6306  6306 D AndroidRuntime: Calling main entry com.android.commands.uiautomator.Launcher
08-18 18:13:45.401  6306  6306 I AccessibilityNodeInfoDumper: Skipping invisible child: android.view.accessibility.AccessibilityNodeInfo@800081f9; boundsInParent: Rect(0, 0 - 1136, 0); boundsInScreen: Rect(32, 208 - 1168, 208); packageName: org.androidpn.client; className: android.widget.ListView; text: null; error: null; maxTextLength: -1; contentDescription: null; viewIdResName: org.androidpn.client:id/listView; checkable: false; checked: false; focusable: false; focused: false; selected: false; clickable: true; longClickable: false; contextClickable: false; enabled: true; password: false; scrollable: false; actions: [AccessibilityAction: ACTION_SELECT - null, AccessibilityAction: ACTION_CLEAR_SELECTION - null, AccessibilityAction: ACTION_CLICK - null, AccessibilityAction: ACTION_ACCESSIBILITY_FOCUS - null, AccessibilityAction: ACTION_UNKNOWN - null]
08-18 18:13:45.401  6306  6306 W AccessibilityNodeInfoDumper: Fetch time: 5ms
08-18 18:13:45.402   604  1009 W WindowManager: Attempted to remove non-existing token: android.os.Binder@59ebee2
08-18 18:13:45.412  6306  6306 D AndroidRuntime: Shutting down VM
08-18 18:13:46.528  6329  6329 D AndroidRuntime: >>>>>> START com.android.internal.os.RuntimeInit uid 0 <<<<<<
08-18 18:13:46.529  6329  6329 D AndroidRuntime: CheckJNI is OFF
08-18 18:13:46.540  6329  6329 D ICU     : No timezone override file found: /data/misc/zoneinfo/current/icu/icu_tzdata.dat
08-18 18:13:46.556  6329  6329 E memtrack: Couldn't load memtrack module (No such file or directory)
08-18 18:13:46.556  6329  6329 E android.os.Debug: failed to load memtrack module: -2
08-18 18:13:46.557  6329  6329 I Radio-JNI: register_android_hardware_Radio DONE
08-18 18:13:46.564  6329  6329 D AndroidRuntime: Calling main entry com.android.commands.uiautomator.Launcher
08-18 18:13:47.616  6329  6329 I AccessibilityNodeInfoDumper: Skipping invisible child: android.view.accessibility.AccessibilityNodeInfo@800081ff; boundsInParent: Rect(0, 0 - 1136, 0); boundsInScreen: Rect(32, 208 - 1168, 208); packageName: org.androidpn.client; className: android.widget.ListView; text: null; error: null; maxTextLength: -1; contentDescription: null; viewIdResName: org.androidpn.client:id/listView; checkable: false; checked: false; focusable: false; focused: false; selected: false; clickable: true; longClickable: false; contextClickable: false; enabled: true; password: false; scrollable: false; actions: [AccessibilityAction: ACTION_SELECT - null, AccessibilityAction: ACTION_CLEAR_SELECTION - null, AccessibilityAction: ACTION_CLICK - null, AccessibilityAction: ACTION_ACCESSIBILITY_FOCUS - null, AccessibilityAction: ACTION_UNKNOWN - null]
08-18 18:13:47.617  6329  6329 W AccessibilityNodeInfoDumper: Fetch time: 7ms
08-18 18:13:47.629   604  1331 W WindowManager: Attempted to remove non-existing token: android.os.Binder@78c5273
08-18 18:13:47.632  6329  6329 D AndroidRuntime: Shutting down VM
08-18 18:13:48.835  6357  6357 D AndroidRuntime: >>>>>> START com.android.internal.os.RuntimeInit uid 0 <<<<<<
08-18 18:13:48.836  6357  6357 D AndroidRuntime: CheckJNI is OFF
08-18 18:13:48.849  6357  6357 D ICU     : No timezone override file found: /data/misc/zoneinfo/current/icu/icu_tzdata.dat
08-18 18:13:48.867  6357  6357 E memtrack: Couldn't load memtrack module (No such file or directory)
08-18 18:13:48.867  6357  6357 E android.os.Debug: failed to load memtrack module: -2
08-18 18:13:48.868  6357  6357 I Radio-JNI: register_android_hardware_Radio DONE
08-18 18:13:48.876  6357  6357 D AndroidRuntime: Calling main entry com.android.commands.uiautomator.Launcher
08-18 18:13:49.902  6357  6357 I AccessibilityNodeInfoDumper: Skipping invisible child: android.view.accessibility.AccessibilityNodeInfo@80008205; boundsInParent: Rect(0, 0 - 1136, 0); boundsInScreen: Rect(32, 208 - 1168, 208); packageName: org.androidpn.client; className: android.widget.ListView; text: null; error: null; maxTextLength: -1; contentDescription: null; viewIdResName: org.androidpn.client:id/listView; checkable: false; checked: false; focusable: false; focused: false; selected: false; clickable: true; longClickable: false; contextClickable: false; enabled: true; password: false; scrollable: false; actions: [AccessibilityAction: ACTION_SELECT - null, AccessibilityAction: ACTION_CLEAR_SELECTION - null, AccessibilityAction: ACTION_CLICK - null, AccessibilityAction: ACTION_ACCESSIBILITY_FOCUS - null, AccessibilityAction: ACTION_UNKNOWN - null]
08-18 18:13:49.902  6357  6357 W AccessibilityNodeInfoDumper: Fetch time: 9ms
08-18 18:13:49.903   604  1742 W WindowManager: Attempted to remove non-existing token: android.os.Binder@fd05530
08-18 18:13:49.916  6357  6357 D AndroidRuntime: Shutting down VM
08-18 18:13:51.074  6383  6383 D AndroidRuntime: >>>>>> START com.android.internal.os.RuntimeInit uid 0 <<<<<<
08-18 18:13:51.076  6383  6383 D AndroidRuntime: CheckJNI is OFF
08-18 18:13:51.090  6383  6383 D ICU     : No timezone override file found: /data/misc/zoneinfo/current/icu/icu_tzdata.dat
08-18 18:13:51.109  6383  6383 E memtrack: Couldn't load memtrack module (No such file or directory)
08-18 18:13:51.109  6383  6383 E android.os.Debug: failed to load memtrack module: -2
08-18 18:13:51.111  6383  6383 I Radio-JNI: register_android_hardware_Radio DONE
08-18 18:13:51.128  6383  6383 D AndroidRuntime: Calling main entry com.android.commands.uiautomator.Launcher
08-18 18:13:52.152  6383  6383 I AccessibilityNodeInfoDumper: Skipping invisible child: android.view.accessibility.AccessibilityNodeInfo@8000820d; boundsInParent: Rect(0, 0 - 1136, 0); boundsInScreen: Rect(32, 208 - 1168, 208); packageName: org.androidpn.client; className: android.widget.ListView; text: null; error: null; maxTextLength: -1; contentDescription: null; viewIdResName: org.androidpn.client:id/listView; checkable: false; checked: false; focusable: false; focused: false; selected: false; clickable: true; longClickable: false; contextClickable: false; enabled: true; password: false; scrollable: false; actions: [AccessibilityAction: ACTION_SELECT - null, AccessibilityAction: ACTION_CLEAR_SELECTION - null, AccessibilityAction: ACTION_CLICK - null, AccessibilityAction: ACTION_ACCESSIBILITY_FOCUS - null, AccessibilityAction: ACTION_UNKNOWN - null]
08-18 18:13:52.152  6383  6383 W AccessibilityNodeInfoDumper: Fetch time: 6ms
08-18 18:13:52.158   604  1742 W WindowManager: Attempted to remove non-existing token: android.os.Binder@8c915a9
08-18 18:13:52.168  6383  6383 D AndroidRuntime: Shutting down VM
08-18 18:13:52.685  6401  6401 D AndroidRuntime: >>>>>> START com.android.internal.os.RuntimeInit uid 0 <<<<<<
08-18 18:13:52.687  6401  6401 D AndroidRuntime: CheckJNI is OFF
08-18 18:13:52.699  6401  6401 D ICU     : No timezone override file found: /data/misc/zoneinfo/current/icu/icu_tzdata.dat
08-18 18:13:52.718  6401  6401 E memtrack: Couldn't load memtrack module (No such file or directory)
08-18 18:13:52.718  6401  6401 E android.os.Debug: failed to load memtrack module: -2
08-18 18:13:52.720  6401  6401 I Radio-JNI: register_android_hardware_Radio DONE
08-18 18:13:52.728  6401  6401 D AndroidRuntime: Calling main entry com.android.commands.uiautomator.Launcher
08-18 18:13:53.748  6401  6401 I AccessibilityNodeInfoDumper: Skipping invisible child: android.view.accessibility.AccessibilityNodeInfo@80008212; boundsInParent: Rect(0, 0 - 1136, 0); boundsInScreen: Rect(32, 208 - 1168, 208); packageName: org.androidpn.client; className: android.widget.ListView; text: null; error: null; maxTextLength: -1; contentDescription: null; viewIdResName: org.androidpn.client:id/listView; checkable: false; checked: false; focusable: false; focused: false; selected: false; clickable: true; longClickable: false; contextClickable: false; enabled: true; password: false; scrollable: false; actions: [AccessibilityAction: ACTION_SELECT - null, AccessibilityAction: ACTION_CLEAR_SELECTION - null, AccessibilityAction: ACTION_CLICK - null, AccessibilityAction: ACTION_ACCESSIBILITY_FOCUS - null, AccessibilityAction: ACTION_UNKNOWN - null]
08-18 18:13:53.749  6401  6401 W AccessibilityNodeInfoDumper: Fetch time: 6ms
08-18 18:13:53.750   604  1331 W WindowManager: Attempted to remove non-existing token: android.os.Binder@c4fa2cf
08-18 18:13:53.758  6401  6401 D AndroidRuntime: Shutting down VM
08-18 18:13:54.901  6424  6424 D AndroidRuntime: >>>>>> START com.android.internal.os.RuntimeInit uid 0 <<<<<<
08-18 18:13:54.903  6424  6424 D AndroidRuntime: CheckJNI is OFF
08-18 18:13:54.917  6424  6424 D ICU     : No timezone override file found: /data/misc/zoneinfo/current/icu/icu_tzdata.dat
08-18 18:13:54.932  6424  6424 E memtrack: Couldn't load memtrack module (No such file or directory)
08-18 18:13:54.932  6424  6424 E android.os.Debug: failed to load memtrack module: -2
08-18 18:13:54.933  6424  6424 I Radio-JNI: register_android_hardware_Radio DONE
08-18 18:13:54.941  6424  6424 D AndroidRuntime: Calling main entry com.android.commands.uiautomator.Launcher
08-18 18:13:55.968  6424  6424 I AccessibilityNodeInfoDumper: Skipping invisible child: android.view.accessibility.AccessibilityNodeInfo@80008217; boundsInParent: Rect(0, 0 - 1136, 0); boundsInScreen: Rect(32, 208 - 1168, 208); packageName: org.androidpn.client; className: android.widget.ListView; text: null; error: null; maxTextLength: -1; contentDescription: null; viewIdResName: org.androidpn.client:id/listView; checkable: false; checked: false; focusable: false; focused: false; selected: false; clickable: true; longClickable: false; contextClickable: false; enabled: true; password: false; scrollable: false; actions: [AccessibilityAction: ACTION_SELECT - null, AccessibilityAction: ACTION_CLEAR_SELECTION - null, AccessibilityAction: ACTION_CLICK - null, AccessibilityAction: ACTION_ACCESSIBILITY_FOCUS - null, AccessibilityAction: ACTION_UNKNOWN - null]
08-18 18:13:55.969  6424  6424 W AccessibilityNodeInfoDumper: Fetch time: 7ms
08-18 18:13:55.969   604  1742 W WindowManager: Attempted to remove non-existing token: android.os.Binder@c9d945c
08-18 18:13:55.972  6424  6424 D AndroidRuntime: Shutting down VM
08-18 18:13:56.482  6442  6442 D AndroidRuntime: >>>>>> START com.android.internal.os.RuntimeInit uid 0 <<<<<<
08-18 18:13:56.484  6442  6442 D AndroidRuntime: CheckJNI is OFF
08-18 18:13:56.494  6442  6442 D ICU     : No timezone override file found: /data/misc/zoneinfo/current/icu/icu_tzdata.dat
08-18 18:13:56.508  6442  6442 E memtrack: Couldn't load memtrack module (No such file or directory)
08-18 18:13:56.508  6442  6442 E android.os.Debug: failed to load memtrack module: -2
08-18 18:13:56.509  6442  6442 I Radio-JNI: register_android_hardware_Radio DONE
08-18 18:13:56.522  6442  6442 D AndroidRuntime: Calling main entry com.android.commands.uiautomator.Launcher
08-18 18:13:57.555  6442  6442 I AccessibilityNodeInfoDumper: Skipping invisible child: android.view.accessibility.AccessibilityNodeInfo@8000821d; boundsInParent: Rect(0, 0 - 1136, 0); boundsInScreen: Rect(32, 208 - 1168, 208); packageName: org.androidpn.client; className: android.widget.ListView; text: null; error: null; maxTextLength: -1; contentDescription: null; viewIdResName: org.androidpn.client:id/listView; checkable: false; checked: false; focusable: false; focused: false; selected: false; clickable: true; longClickable: false; contextClickable: false; enabled: true; password: false; scrollable: false; actions: [AccessibilityAction: ACTION_SELECT - null, AccessibilityAction: ACTION_CLEAR_SELECTION - null, AccessibilityAction: ACTION_CLICK - null, AccessibilityAction: ACTION_ACCESSIBILITY_FOCUS - null, AccessibilityAction: ACTION_UNKNOWN - null]
08-18 18:13:57.556  6442  6442 W AccessibilityNodeInfoDumper: Fetch time: 8ms
08-18 18:13:57.578   604   759 W WindowManager: Attempted to remove non-existing token: android.os.Binder@d746365
08-18 18:13:57.581  6442  6442 D AndroidRuntime: Shutting down VM
08-18 18:13:58.706  6465  6465 D AndroidRuntime: >>>>>> START com.android.internal.os.RuntimeInit uid 0 <<<<<<
08-18 18:13:58.708  6465  6465 D AndroidRuntime: CheckJNI is OFF
08-18 18:13:58.720  6465  6465 D ICU     : No timezone override file found: /data/misc/zoneinfo/current/icu/icu_tzdata.dat
08-18 18:13:58.734  6465  6465 E memtrack: Couldn't load memtrack module (No such file or directory)
08-18 18:13:58.734  6465  6465 E android.os.Debug: failed to load memtrack module: -2
08-18 18:13:58.735  6465  6465 I Radio-JNI: register_android_hardware_Radio DONE
08-18 18:13:58.742  6465  6465 D AndroidRuntime: Calling main entry com.android.commands.uiautomator.Launcher
08-18 18:13:59.768  6465  6465 I AccessibilityNodeInfoDumper: Skipping invisible child: android.view.accessibility.AccessibilityNodeInfo@80008224; boundsInParent: Rect(0, 0 - 1136, 0); boundsInScreen: Rect(32, 208 - 1168, 208); packageName: org.androidpn.client; className: android.widget.ListView; text: null; error: null; maxTextLength: -1; contentDescription: null; viewIdResName: org.androidpn.client:id/listView; checkable: false; checked: false; focusable: false; focused: false; selected: false; clickable: true; longClickable: false; contextClickable: false; enabled: true; password: false; scrollable: false; actions: [AccessibilityAction: ACTION_SELECT - null, AccessibilityAction: ACTION_CLEAR_SELECTION - null, AccessibilityAction: ACTION_CLICK - null, AccessibilityAction: ACTION_ACCESSIBILITY_FOCUS - null, AccessibilityAction: ACTION_UNKNOWN - null]
08-18 18:13:59.769  6465  6465 W AccessibilityNodeInfoDumper: Fetch time: 9ms
08-18 18:13:59.770   604  1144 W WindowManager: Attempted to remove non-existing token: android.os.Binder@5f5483a
08-18 18:13:59.776  6465  6465 D AndroidRuntime: Shutting down VM
08-18 18:14:00.298  6483  6483 D AndroidRuntime: >>>>>> START com.android.internal.os.RuntimeInit uid 0 <<<<<<
08-18 18:14:00.302  6483  6483 D AndroidRuntime: CheckJNI is OFF
08-18 18:14:00.313  6483  6483 D ICU     : No timezone override file found: /data/misc/zoneinfo/current/icu/icu_tzdata.dat
08-18 18:14:00.331  6483  6483 E memtrack: Couldn't load memtrack module (No such file or directory)
08-18 18:14:00.331  6483  6483 E android.os.Debug: failed to load memtrack module: -2
08-18 18:14:00.332  6483  6483 I Radio-JNI: register_android_hardware_Radio DONE
08-18 18:14:00.341  6483  6483 D AndroidRuntime: Calling main entry com.android.commands.uiautomator.Launcher
08-18 18:14:01.369  6483  6483 I AccessibilityNodeInfoDumper: Skipping invisible child: android.view.accessibility.AccessibilityNodeInfo@8000822a; boundsInParent: Rect(0, 0 - 1136, 0); boundsInScreen: Rect(32, 208 - 1168, 208); packageName: org.androidpn.client; className: android.widget.ListView; text: null; error: null; maxTextLength: -1; contentDescription: null; viewIdResName: org.androidpn.client:id/listView; checkable: false; checked: false; focusable: false; focused: false; selected: false; clickable: true; longClickable: false; contextClickable: false; enabled: true; password: false; scrollable: false; actions: [AccessibilityAction: ACTION_SELECT - null, AccessibilityAction: ACTION_CLEAR_SELECTION - null, AccessibilityAction: ACTION_CLICK - null, AccessibilityAction: ACTION_ACCESSIBILITY_FOCUS - null, AccessibilityAction: ACTION_UNKNOWN - null]
08-18 18:14:01.370  6483  6483 W AccessibilityNodeInfoDumper: Fetch time: 8ms
08-18 18:14:01.375   604   759 W WindowManager: Attempted to remove non-existing token: android.os.Binder@c4d9ceb
08-18 18:14:01.379  6483  6483 D AndroidRuntime: Shutting down VM
08-18 18:14:02.524  6508  6508 D AndroidRuntime: >>>>>> START com.android.internal.os.RuntimeInit uid 0 <<<<<<
08-18 18:14:02.526  6508  6508 D AndroidRuntime: CheckJNI is OFF
08-18 18:14:02.538  6508  6508 D ICU     : No timezone override file found: /data/misc/zoneinfo/current/icu/icu_tzdata.dat
08-18 18:14:02.551  6508  6508 E memtrack: Couldn't load memtrack module (No such file or directory)
08-18 18:14:02.551  6508  6508 E android.os.Debug: failed to load memtrack module: -2
08-18 18:14:02.552  6508  6508 I Radio-JNI: register_android_hardware_Radio DONE
08-18 18:14:02.562  6508  6508 D AndroidRuntime: Calling main entry com.android.commands.uiautomator.Launcher
08-18 18:14:03.703  6508  6508 I AccessibilityNodeInfoDumper: Skipping invisible child: android.view.accessibility.AccessibilityNodeInfo@8000822f; boundsInParent: Rect(0, 0 - 1136, 0); boundsInScreen: Rect(32, 208 - 1168, 208); packageName: org.androidpn.client; className: android.widget.ListView; text: null; error: null; maxTextLength: -1; contentDescription: null; viewIdResName: org.androidpn.client:id/listView; checkable: false; checked: false; focusable: false; focused: false; selected: false; clickable: true; longClickable: false; contextClickable: false; enabled: true; password: false; scrollable: false; actions: [AccessibilityAction: ACTION_SELECT - null, AccessibilityAction: ACTION_CLEAR_SELECTION - null, AccessibilityAction: ACTION_CLICK - null, AccessibilityAction: ACTION_ACCESSIBILITY_FOCUS - null, AccessibilityAction: ACTION_UNKNOWN - null]
08-18 18:14:03.705  6508  6508 W AccessibilityNodeInfoDumper: Fetch time: 8ms
08-18 18:14:03.706   604  1144 W WindowManager: Attempted to remove non-existing token: android.os.Binder@b9d9a48
08-18 18:14:03.716  6508  6508 D AndroidRuntime: Shutting down VM
08-18 18:14:04.332  6527  6527 D AndroidRuntime: >>>>>> START com.android.internal.os.RuntimeInit uid 0 <<<<<<
08-18 18:14:04.336  6527  6527 D AndroidRuntime: CheckJNI is OFF
08-18 18:14:04.355  6527  6527 D ICU     : No timezone override file found: /data/misc/zoneinfo/current/icu/icu_tzdata.dat
08-18 18:14:04.373  6527  6527 E memtrack: Couldn't load memtrack module (No such file or directory)
08-18 18:14:04.373  6527  6527 E android.os.Debug: failed to load memtrack module: -2
08-18 18:14:04.375  6527  6527 I Radio-JNI: register_android_hardware_Radio DONE
08-18 18:14:04.382  6527  6527 D AndroidRuntime: Calling main entry com.android.commands.uiautomator.Launcher
08-18 18:14:05.405  6527  6527 I AccessibilityNodeInfoDumper: Skipping invisible child: android.view.accessibility.AccessibilityNodeInfo@80008235; boundsInParent: Rect(0, 0 - 1136, 0); boundsInScreen: Rect(32, 208 - 1168, 208); packageName: org.androidpn.client; className: android.widget.ListView; text: null; error: null; maxTextLength: -1; contentDescription: null; viewIdResName: org.androidpn.client:id/listView; checkable: false; checked: false; focusable: false; focused: false; selected: false; clickable: true; longClickable: false; contextClickable: false; enabled: true; password: false; scrollable: false; actions: [AccessibilityAction: ACTION_SELECT - null, AccessibilityAction: ACTION_CLEAR_SELECTION - null, AccessibilityAction: ACTION_CLICK - null, AccessibilityAction: ACTION_ACCESSIBILITY_FOCUS - null, AccessibilityAction: ACTION_UNKNOWN - null]
08-18 18:14:05.406  6527  6527 W AccessibilityNodeInfoDumper: Fetch time: 7ms
08-18 18:14:05.407   604  1331 W WindowManager: Attempted to remove non-existing token: android.os.Binder@2ccd0e1
08-18 18:14:05.410  6527  6527 D AndroidRuntime: Shutting down VM
08-18 18:14:05.867  6540  6540 D AndroidRuntime: >>>>>> START com.android.internal.os.RuntimeInit uid 0 <<<<<<
08-18 18:14:05.868  6540  6540 D AndroidRuntime: CheckJNI is OFF
08-18 18:14:05.882  6540  6540 D ICU     : No timezone override file found: /data/misc/zoneinfo/current/icu/icu_tzdata.dat
08-18 18:14:05.897  6540  6540 E memtrack: Couldn't load memtrack module (No such file or directory)
08-18 18:14:05.897  6540  6540 E android.os.Debug: failed to load memtrack module: -2
08-18 18:14:05.899  6540  6540 I Radio-JNI: register_android_hardware_Radio DONE
08-18 18:14:05.907  6540  6540 D AndroidRuntime: Calling main entry com.android.commands.input.Input
08-18 18:14:05.908  6540  6540 I Input   : injectMotionEvent: MotionEvent { action=ACTION_DOWN, actionButton=0, id[0]=0, x[0]=1144.0, y[0]=112.0, toolType[0]=TOOL_TYPE_UNKNOWN, buttonState=0, metaState=0, flags=0x0, edgeFlags=0x0, pointerCount=1, historySize=0, eventTime=602574, downTime=602574, deviceId=0, source=0x1002 }
08-18 18:14:05.912  6540  6540 I Input   : injectMotionEvent: MotionEvent { action=ACTION_UP, actionButton=0, id[0]=0, x[0]=1144.0, y[0]=112.0, toolType[0]=TOOL_TYPE_UNKNOWN, buttonState=0, metaState=0, flags=0x0, edgeFlags=0x0, pointerCount=1, historySize=0, eventTime=602574, downTime=602574, deviceId=0, source=0x1002 }
08-18 18:14:05.927  6540  6540 D AndroidRuntime: Shutting down VM
08-18 18:14:05.932  4926  4926 D leak-32-4: Eastern Standard Time
08-18 18:14:05.932  4926  4926 D leak-33-4: Eastern Standard Time
08-18 18:14:05.932  4926  4926 D leak-34-4: Eastern Standard Time
08-18 18:14:05.932  4926  4926 D leak-37-4: Eastern Standard Time
08-18 18:14:05.932  4926  4926 D leak-38-4: Eastern Standard Time
08-18 18:14:05.932  4926  4926 D leak-41-4: Eastern Standard Time
08-18 18:14:05.932  4926  4926 D leak-42-4: Eastern Standard Time
08-18 18:14:05.932  4926  4926 D leak-43-4: Eastern Standard Time
08-18 18:14:05.932  4926  4926 D leak-44-4: Eastern Standard Time
08-18 18:14:05.932  4926  4926 D leak-45-4: Eastern Standard Time
08-18 18:14:05.941  4926  4926 W art     : Before Android 4.1, method int android.support.v7.widget.ListViewCompat.lookForSelectablePosition(int, boolean) would have incorrectly overridden the package-private method in android.widget.ListView
08-18 18:14:06.016  4926  4944 W EGL_emulation: eglSurfaceAttrib not implemented
08-18 18:14:06.016  4926  4944 W OpenGLRenderer: Failed to set EGL_SWAP_BEHAVIOR on surface 0xe9b20fa0, error=EGL_SUCCESS
08-18 18:14:10.667  6875  6875 D AndroidRuntime: >>>>>> START com.android.internal.os.RuntimeInit uid 0 <<<<<<
08-18 18:14:10.670  6875  6875 D AndroidRuntime: CheckJNI is OFF
08-18 18:14:10.683  6875  6875 D ICU     : No timezone override file found: /data/misc/zoneinfo/current/icu/icu_tzdata.dat
08-18 18:14:10.703  6875  6875 E memtrack: Couldn't load memtrack module (No such file or directory)
08-18 18:14:10.703  6875  6875 E android.os.Debug: failed to load memtrack module: -2
08-18 18:14:10.704  6875  6875 I Radio-JNI: register_android_hardware_Radio DONE
