08-18 18:10:47.222  2061  2061 D leak-38-10: Eastern Standard Time
08-18 18:10:47.222  2061  2061 D leak-41-10: Eastern Standard Time
08-18 18:10:47.222  2061  2061 D leak-42-10: Eastern Standard Time
08-18 18:10:47.222  2061  2061 D leak-43-10: Eastern Standard Time
08-18 18:10:47.222  2061  2061 D leak-44-10: Eastern Standard Time
08-18 18:10:47.222  2061  2061 D leak-45-10: Eastern Standard Time
08-18 18:10:47.222  2061  2061 D leak-32-1: Eastern Standard Time
08-18 18:10:47.222  2061  2061 D leak-33-1: Eastern Standard Time
08-18 18:10:47.222  2061  2061 D leak-37-1: Eastern Standard Time
08-18 18:10:47.222  2061  2061 D leak-38-1: Eastern Standard Time
08-18 18:10:47.222  2061  2061 D leak-41-1: Eastern Standard Time
08-18 18:10:47.222  2061  2061 D leak-42-1: Eastern Standard Time
08-18 18:10:47.222  2061  2061 D leak-43-1: Eastern Standard Time
08-18 18:10:47.222  2061  2061 D leak-44-1: Eastern Standard Time
08-18 18:10:47.222  2061  2061 D leak-45-1: Eastern Standard Time
08-18 18:10:47.222  2061  2061 D leak-32-2: Eastern Standard Time
08-18 18:10:47.222  2061  2061 D leak-33-2: Eastern Standard Time
08-18 18:10:47.222  2061  2061 D leak-34-2: Eastern Standard Time
08-18 18:10:47.222  2061  2061 D leak-37-2: Eastern Standard Time
08-18 18:10:47.222  2061  2061 D leak-38-2: Eastern Standard Time
08-18 18:10:47.222  2061  2061 D leak-41-2: Eastern Standard Time
08-18 18:10:47.222  2061  2061 D leak-42-2: Eastern Standard Time
08-18 18:10:47.222  2061  2061 D leak-43-2: Eastern Standard Time
08-18 18:10:47.222  2061  2061 D leak-44-2: Eastern Standard Time
08-18 18:10:47.222  2061  2061 D leak-45-2: Eastern Standard Time
08-18 18:10:47.222  2061  2061 D leak-203-0: Eastern Standard Time
08-18 18:10:47.222  2061  2061 D leak-49-0: Eastern Standard Time
08-18 18:10:47.222  2061  2061 D leak-203-1: Eastern Standard Time
08-18 18:10:47.222  2061  2061 D leak-204-1: Eastern Standard Time
08-18 18:10:47.265  2081  2097 E Surface : getSlotFromBufferLocked: unknown buffer: 0xf2bb48f0
08-18 18:10:47.265  2061  2061 D leak-49-1: Eastern Standard Time
08-18 18:10:47.265  2061  2061 D leak-50-1: Eastern Standard Time
08-18 18:10:47.290  2081  2097 D OpenGLRenderer: endAllStagingAnimators on 0xe0a42000 (RippleDrawable) with handle 0xee9d29a0
08-18 18:10:47.302  2061  2061 D leak-203-6: Eastern Standard Time
08-18 18:10:47.302  2061  2061 D leak-204-6: Eastern Standard Time
08-18 18:10:47.302  2061  2061 D leak-209-6: Eastern Standard Time
08-18 18:10:47.302  2061  2061 D Androidpn_MainActivity: No Notifications
08-18 18:10:47.302  2061  2061 D leak-203-2: Eastern Standard Time
08-18 18:10:47.302  2061  2061 D leak-204-2: Eastern Standard Time
08-18 18:10:47.302  2061  2061 D leak-205-2: Eastern Standard Time
08-18 18:10:47.302  2061  2061 D leak-209-2: Eastern Standard Time
08-18 18:10:47.303  2061  2061 D leak-4-0: Eastern Standard Time
08-18 18:10:47.303  2061  2061 D leak-0-0: Eastern Standard Time
08-18 18:10:47.303  2061  2061 D leak-32-7: Eastern Standard Time
08-18 18:10:47.303  2061  2061 D leak-33-7: Eastern Standard Time
08-18 18:10:47.303  2061  2061 D leak-34-7: Eastern Standard Time
08-18 18:10:47.303  2061  2061 D leak-37-7: Eastern Standard Time
08-18 18:10:47.303  2061  2061 D leak-38-7: Eastern Standard Time
08-18 18:10:47.303  2061  2061 D leak-41-7: Eastern Standard Time
08-18 18:10:47.303  2061  2061 D leak-42-7: Eastern Standard Time
08-18 18:10:47.303  2061  2061 D leak-43-7: Eastern Standard Time
08-18 18:10:47.303  2061  2061 D leak-44-7: Eastern Standard Time
08-18 18:10:47.303  2061  2061 D leak-45-7: Eastern Standard Time
08-18 18:10:47.304  2061  2061 D leak-32-2: Eastern Standard Time
08-18 18:10:47.304  2061  2061 D leak-33-2: Eastern Standard Time
08-18 18:10:47.304  2061  2061 D leak-34-2: Eastern Standard Time
08-18 18:10:47.304  2061  2061 D leak-37-2: Eastern Standard Time
08-18 18:10:47.304  2061  2061 D leak-38-2: Eastern Standard Time
08-18 18:10:47.304  2061  2061 D leak-41-2: Eastern Standard Time
08-18 18:10:47.304  2061  2061 D leak-42-2: Eastern Standard Time
08-18 18:10:47.304  2061  2061 D leak-43-2: Eastern Standard Time
08-18 18:10:47.304  2061  2061 D leak-44-2: Eastern Standard Time
08-18 18:10:47.304  2061  2061 D leak-45-2: Eastern Standard Time
08-18 18:10:47.304  2061  2061 D leak-203-0: Eastern Standard Time
08-18 18:10:47.304  2061  2061 D leak-49-0: Eastern Standard Time
08-18 18:10:47.304  2061  2061 D leak-203-1: Eastern Standard Time
08-18 18:10:47.304  2061  2061 D leak-204-1: Eastern Standard Time
08-18 18:10:47.305  2061  2061 D leak-203-6: Eastern Standard Time
08-18 18:10:47.305  2061  2061 D leak-204-6: Eastern Standard Time
08-18 18:10:47.305  2061  2061 D leak-209-6: Eastern Standard Time
08-18 18:10:47.305  2061  2061 D Androidpn_MainActivity: No Notifications
08-18 18:10:47.305  2061  2061 D leak-203-2: Eastern Standard Time
08-18 18:10:47.305  2061  2061 D leak-204-2: Eastern Standard Time
08-18 18:10:47.305  2061  2061 D leak-205-2: Eastern Standard Time
08-18 18:10:47.305  2061  2061 D leak-209-2: Eastern Standard Time
08-18 18:10:47.305  2061  2061 D leak-4-0: Eastern Standard Time
08-18 18:10:47.305  2061  2061 D leak-0-0: Eastern Standard Time
08-18 18:10:47.337   604  1009 I ActivityManager: Killing 1195:android.process.media/u0a6 (adj 15): empty #17
08-18 18:10:47.337   604  1009 W libprocessgroup: failed to open /acct/uid_10006/pid_1195/cgroup.procs: No such file or directory
08-18 18:10:47.518   408   408 W SurfaceFlinger: couldn't log to binary event log: overflow.
08-18 18:10:52.211  3421  3421 D AndroidRuntime: >>>>>> START com.android.internal.os.RuntimeInit uid 0 <<<<<<
08-18 18:10:52.212  3421  3421 D AndroidRuntime: CheckJNI is OFF
08-18 18:10:52.227  3421  3421 D ICU     : No timezone override file found: /data/misc/zoneinfo/current/icu/icu_tzdata.dat
08-18 18:10:52.239  3421  3421 E memtrack: Couldn't load memtrack module (No such file or directory)
08-18 18:10:52.239  3421  3421 E android.os.Debug: failed to load memtrack module: -2
08-18 18:10:52.240  3421  3421 I Radio-JNI: register_android_hardware_Radio DONE
08-18 18:10:52.247  3421  3421 D AndroidRuntime: Calling main entry com.android.commands.uiautomator.Launcher
08-18 18:10:53.279  3421  3421 I AccessibilityNodeInfoDumper: Skipping invisible child: android.view.accessibility.AccessibilityNodeInfo@80008051; boundsInParent: Rect(0, 0 - 1136, 0); boundsInScreen: Rect(32, 208 - 1168, 208); packageName: org.androidpn.client; className: android.widget.ListView; text: null; error: null; maxTextLength: -1; contentDescription: null; viewIdResName: org.androidpn.client:id/listView; checkable: false; checked: false; focusable: false; focused: false; selected: false; clickable: true; longClickable: false; contextClickable: false; enabled: true; password: false; scrollable: false; actions: [AccessibilityAction: ACTION_SELECT - null, AccessibilityAction: ACTION_CLEAR_SELECTION - null, AccessibilityAction: ACTION_CLICK - null, AccessibilityAction: ACTION_ACCESSIBILITY_FOCUS - null, AccessibilityAction: ACTION_UNKNOWN - null]
08-18 18:10:53.286  3421  3421 W AccessibilityNodeInfoDumper: Fetch time: 22ms
08-18 18:10:53.288   604  1106 W WindowManager: Attempted to remove non-existing token: android.os.Binder@24ab890
08-18 18:10:53.295  3421  3421 D AndroidRuntime: Shutting down VM
08-18 18:10:54.364  3444  3444 D AndroidRuntime: >>>>>> START com.android.internal.os.RuntimeInit uid 0 <<<<<<
08-18 18:10:54.366  3444  3444 D AndroidRuntime: CheckJNI is OFF
08-18 18:10:54.376  3444  3444 D ICU     : No timezone override file found: /data/misc/zoneinfo/current/icu/icu_tzdata.dat
08-18 18:10:54.389  3444  3444 E memtrack: Couldn't load memtrack module (No such file or directory)
08-18 18:10:54.389  3444  3444 E android.os.Debug: failed to load memtrack module: -2
08-18 18:10:54.389  3444  3444 I Radio-JNI: register_android_hardware_Radio DONE
08-18 18:10:54.398  3444  3444 D AndroidRuntime: Calling main entry com.android.commands.uiautomator.Launcher
08-18 18:10:55.426  3444  3444 I AccessibilityNodeInfoDumper: Skipping invisible child: android.view.accessibility.AccessibilityNodeInfo@80008055; boundsInParent: Rect(0, 0 - 1136, 0); boundsInScreen: Rect(32, 208 - 1168, 208); packageName: org.androidpn.client; className: android.widget.ListView; text: null; error: null; maxTextLength: -1; contentDescription: null; viewIdResName: org.androidpn.client:id/listView; checkable: false; checked: false; focusable: false; focused: false; selected: false; clickable: true; longClickable: false; contextClickable: false; enabled: true; password: false; scrollable: false; actions: [AccessibilityAction: ACTION_SELECT - null, AccessibilityAction: ACTION_CLEAR_SELECTION - null, AccessibilityAction: ACTION_CLICK - null, AccessibilityAction: ACTION_ACCESSIBILITY_FOCUS - null, AccessibilityAction: ACTION_UNKNOWN - null]
08-18 18:10:55.426  3444  3444 W AccessibilityNodeInfoDumper: Fetch time: 7ms
08-18 18:10:55.427   604  1331 W WindowManager: Attempted to remove non-existing token: android.os.Binder@d6ca589
08-18 18:10:55.441  3444  3444 D AndroidRuntime: Shutting down VM
08-18 18:10:55.984  3462  3462 D AndroidRuntime: >>>>>> START com.android.internal.os.RuntimeInit uid 0 <<<<<<
08-18 18:10:55.985  3462  3462 D AndroidRuntime: CheckJNI is OFF
08-18 18:10:55.996  3462  3462 D ICU     : No timezone override file found: /data/misc/zoneinfo/current/icu/icu_tzdata.dat
08-18 18:10:56.011  3462  3462 E memtrack: Couldn't load memtrack module (No such file or directory)
08-18 18:10:56.011  3462  3462 E android.os.Debug: failed to load memtrack module: -2
08-18 18:10:56.012  3462  3462 I Radio-JNI: register_android_hardware_Radio DONE
08-18 18:10:56.019  3462  3462 D AndroidRuntime: Calling main entry com.android.commands.uiautomator.Launcher
08-18 18:10:57.046  3462  3462 I AccessibilityNodeInfoDumper: Skipping invisible child: android.view.accessibility.AccessibilityNodeInfo@8000805c; boundsInParent: Rect(0, 0 - 1136, 0); boundsInScreen: Rect(32, 208 - 1168, 208); packageName: org.androidpn.client; className: android.widget.ListView; text: null; error: null; maxTextLength: -1; contentDescription: null; viewIdResName: org.androidpn.client:id/listView; checkable: false; checked: false; focusable: false; focused: false; selected: false; clickable: true; longClickable: false; contextClickable: false; enabled: true; password: false; scrollable: false; actions: [AccessibilityAction: ACTION_SELECT - null, AccessibilityAction: ACTION_CLEAR_SELECTION - null, AccessibilityAction: ACTION_CLICK - null, AccessibilityAction: ACTION_ACCESSIBILITY_FOCUS - null, AccessibilityAction: ACTION_UNKNOWN - null]
08-18 18:10:57.047  3462  3462 W AccessibilityNodeInfoDumper: Fetch time: 6ms
08-18 18:10:57.053   604   616 W WindowManager: Attempted to remove non-existing token: android.os.Binder@3b265af
08-18 18:10:57.057  3462  3462 D AndroidRuntime: Shutting down VM
08-18 18:10:58.185  3485  3485 D AndroidRuntime: >>>>>> START com.android.internal.os.RuntimeInit uid 0 <<<<<<
08-18 18:10:58.187  3485  3485 D AndroidRuntime: CheckJNI is OFF
08-18 18:10:58.196  3485  3485 D ICU     : No timezone override file found: /data/misc/zoneinfo/current/icu/icu_tzdata.dat
08-18 18:10:58.213  3485  3485 E memtrack: Couldn't load memtrack module (No such file or directory)
08-18 18:10:58.214  3485  3485 E android.os.Debug: failed to load memtrack module: -2
08-18 18:10:58.215  3485  3485 I Radio-JNI: register_android_hardware_Radio DONE
08-18 18:10:58.221  3485  3485 D AndroidRuntime: Calling main entry com.android.commands.uiautomator.Launcher
08-18 18:10:59.243  3485  3485 I AccessibilityNodeInfoDumper: Skipping invisible child: android.view.accessibility.AccessibilityNodeInfo@80008062; boundsInParent: Rect(0, 0 - 1136, 0); boundsInScreen: Rect(32, 208 - 1168, 208); packageName: org.androidpn.client; className: android.widget.ListView; text: null; error: null; maxTextLength: -1; contentDescription: null; viewIdResName: org.androidpn.client:id/listView; checkable: false; checked: false; focusable: false; focused: false; selected: false; clickable: true; longClickable: false; contextClickable: false; enabled: true; password: false; scrollable: false; actions: [AccessibilityAction: ACTION_SELECT - null, AccessibilityAction: ACTION_CLEAR_SELECTION - null, AccessibilityAction: ACTION_CLICK - null, AccessibilityAction: ACTION_ACCESSIBILITY_FOCUS - null, AccessibilityAction: ACTION_UNKNOWN - null]
08-18 18:10:59.245  3485  3485 W AccessibilityNodeInfoDumper: Fetch time: 9ms
08-18 18:10:59.246   604  1331 W WindowManager: Attempted to remove non-existing token: android.os.Binder@24acdbc
08-18 18:10:59.258  3485  3485 D AndroidRuntime: Shutting down VM
08-18 18:11:00.427  3513  3513 D AndroidRuntime: >>>>>> START com.android.internal.os.RuntimeInit uid 0 <<<<<<
08-18 18:11:00.430  3513  3513 D AndroidRuntime: CheckJNI is OFF
08-18 18:11:00.438  3513  3513 D ICU     : No timezone override file found: /data/misc/zoneinfo/current/icu/icu_tzdata.dat
08-18 18:11:00.453  3513  3513 E memtrack: Couldn't load memtrack module (No such file or directory)
08-18 18:11:00.453  3513  3513 E android.os.Debug: failed to load memtrack module: -2
08-18 18:11:00.454  3513  3513 I Radio-JNI: register_android_hardware_Radio DONE
08-18 18:11:00.460  3513  3513 D AndroidRuntime: Calling main entry com.android.commands.uiautomator.Launcher
08-18 18:11:01.488  3513  3513 I AccessibilityNodeInfoDumper: Skipping invisible child: android.view.accessibility.AccessibilityNodeInfo@80008069; boundsInParent: Rect(0, 0 - 1136, 0); boundsInScreen: Rect(32, 208 - 1168, 208); packageName: org.androidpn.client; className: android.widget.ListView; text: null; error: null; maxTextLength: -1; contentDescription: null; viewIdResName: org.androidpn.client:id/listView; checkable: false; checked: false; focusable: false; focused: false; selected: false; clickable: true; longClickable: false; contextClickable: false; enabled: true; password: false; scrollable: false; actions: [AccessibilityAction: ACTION_SELECT - null, AccessibilityAction: ACTION_CLEAR_SELECTION - null, AccessibilityAction: ACTION_CLICK - null, AccessibilityAction: ACTION_ACCESSIBILITY_FOCUS - null, AccessibilityAction: ACTION_UNKNOWN - null]
08-18 18:11:01.489  3513  3513 W AccessibilityNodeInfoDumper: Fetch time: 7ms
08-18 18:11:01.492   604  1104 W WindowManager: Attempted to remove non-existing token: android.os.Binder@ff11145
08-18 18:11:01.505  3513  3513 D AndroidRuntime: Shutting down VM
08-18 18:11:02.619  3539  3539 D AndroidRuntime: >>>>>> START com.android.internal.os.RuntimeInit uid 0 <<<<<<
08-18 18:11:02.621  3539  3539 D AndroidRuntime: CheckJNI is OFF
08-18 18:11:02.632  3539  3539 D ICU     : No timezone override file found: /data/misc/zoneinfo/current/icu/icu_tzdata.dat
08-18 18:11:02.644  3539  3539 E memtrack: Couldn't load memtrack module (No such file or directory)
08-18 18:11:02.644  3539  3539 E android.os.Debug: failed to load memtrack module: -2
08-18 18:11:02.645  3539  3539 I Radio-JNI: register_android_hardware_Radio DONE
08-18 18:11:02.653  3539  3539 D AndroidRuntime: Calling main entry com.android.commands.uiautomator.Launcher
08-18 18:11:03.673  3539  3539 I AccessibilityNodeInfoDumper: Skipping invisible child: android.view.accessibility.AccessibilityNodeInfo@8000806e; boundsInParent: Rect(0, 0 - 1136, 0); boundsInScreen: Rect(32, 208 - 1168, 208); packageName: org.androidpn.client; className: android.widget.ListView; text: null; error: null; maxTextLength: -1; contentDescription: null; viewIdResName: org.androidpn.client:id/listView; checkable: false; checked: false; focusable: false; focused: false; selected: false; clickable: true; longClickable: false; contextClickable: false; enabled: true; password: false; scrollable: false; actions: [AccessibilityAction: ACTION_SELECT - null, AccessibilityAction: ACTION_CLEAR_SELECTION - null, AccessibilityAction: ACTION_CLICK - null, AccessibilityAction: ACTION_ACCESSIBILITY_FOCUS - null, AccessibilityAction: ACTION_UNKNOWN - null]
08-18 18:11:03.675  3539  3539 W AccessibilityNodeInfoDumper: Fetch time: 6ms
08-18 18:11:03.675   604  1009 W WindowManager: Attempted to remove non-existing token: android.os.Binder@d45909a
08-18 18:11:03.679  3539  3539 D AndroidRuntime: Shutting down VM
08-18 18:11:04.184  3558  3558 D AndroidRuntime: >>>>>> START com.android.internal.os.RuntimeInit uid 0 <<<<<<
08-18 18:11:04.187  3558  3558 D AndroidRuntime: CheckJNI is OFF
08-18 18:11:04.198  3558  3558 D ICU     : No timezone override file found: /data/misc/zoneinfo/current/icu/icu_tzdata.dat
08-18 18:11:04.210  3558  3558 E memtrack: Couldn't load memtrack module (No such file or directory)
08-18 18:11:04.210  3558  3558 E android.os.Debug: failed to load memtrack module: -2
08-18 18:11:04.211  3558  3558 I Radio-JNI: register_android_hardware_Radio DONE
08-18 18:11:04.221  3558  3558 D AndroidRuntime: Calling main entry com.android.commands.uiautomator.Launcher
08-18 18:11:05.241  3558  3558 I AccessibilityNodeInfoDumper: Skipping invisible child: android.view.accessibility.AccessibilityNodeInfo@80008074; boundsInParent: Rect(0, 0 - 1136, 0); boundsInScreen: Rect(32, 208 - 1168, 208); packageName: org.androidpn.client; className: android.widget.ListView; text: null; error: null; maxTextLength: -1; contentDescription: null; viewIdResName: org.androidpn.client:id/listView; checkable: false; checked: false; focusable: false; focused: false; selected: false; clickable: true; longClickable: false; contextClickable: false; enabled: true; password: false; scrollable: false; actions: [AccessibilityAction: ACTION_SELECT - null, AccessibilityAction: ACTION_CLEAR_SELECTION - null, AccessibilityAction: ACTION_CLICK - null, AccessibilityAction: ACTION_ACCESSIBILITY_FOCUS - null, AccessibilityAction: ACTION_UNKNOWN - null]
08-18 18:11:05.241  3558  3558 W AccessibilityNodeInfoDumper: Fetch time: 6ms
08-18 18:11:05.244   604  1742 W WindowManager: Attempted to remove non-existing token: android.os.Binder@9c9adcb
08-18 18:11:05.254  3558  3558 D AndroidRuntime: Shutting down VM
08-18 18:11:06.367  3581  3581 D AndroidRuntime: >>>>>> START com.android.internal.os.RuntimeInit uid 0 <<<<<<
08-18 18:11:06.369  3581  3581 D AndroidRuntime: CheckJNI is OFF
08-18 18:11:06.382  3581  3581 D ICU     : No timezone override file found: /data/misc/zoneinfo/current/icu/icu_tzdata.dat
08-18 18:11:06.394  3581  3581 E memtrack: Couldn't load memtrack module (No such file or directory)
08-18 18:11:06.394  3581  3581 E android.os.Debug: failed to load memtrack module: -2
08-18 18:11:06.394  3581  3581 I Radio-JNI: register_android_hardware_Radio DONE
08-18 18:11:06.403  3581  3581 D AndroidRuntime: Calling main entry com.android.commands.uiautomator.Launcher
08-18 18:11:07.418  3581  3581 I AccessibilityNodeInfoDumper: Skipping invisible child: android.view.accessibility.AccessibilityNodeInfo@80008079; boundsInParent: Rect(0, 0 - 1136, 0); boundsInScreen: Rect(32, 208 - 1168, 208); packageName: org.androidpn.client; className: android.widget.ListView; text: null; error: null; maxTextLength: -1; contentDescription: null; viewIdResName: org.androidpn.client:id/listView; checkable: false; checked: false; focusable: false; focused: false; selected: false; clickable: true; longClickable: false; contextClickable: false; enabled: true; password: false; scrollable: false; actions: [AccessibilityAction: ACTION_SELECT - null, AccessibilityAction: ACTION_CLEAR_SELECTION - null, AccessibilityAction: ACTION_CLICK - null, AccessibilityAction: ACTION_ACCESSIBILITY_FOCUS - null, AccessibilityAction: ACTION_UNKNOWN - null]
08-18 18:11:07.419  3581  3581 W AccessibilityNodeInfoDumper: Fetch time: 8ms
08-18 18:11:07.420   604   615 W WindowManager: Attempted to remove non-existing token: android.os.Binder@3d509a8
08-18 18:11:07.432  3581  3581 D AndroidRuntime: Shutting down VM
08-18 18:11:07.940  3599  3599 D AndroidRuntime: >>>>>> START com.android.internal.os.RuntimeInit uid 0 <<<<<<
08-18 18:11:07.941  3599  3599 D AndroidRuntime: CheckJNI is OFF
08-18 18:11:07.952  3599  3599 D ICU     : No timezone override file found: /data/misc/zoneinfo/current/icu/icu_tzdata.dat
08-18 18:11:07.964  3599  3599 E memtrack: Couldn't load memtrack module (No such file or directory)
08-18 18:11:07.964  3599  3599 E android.os.Debug: failed to load memtrack module: -2
08-18 18:11:07.965  3599  3599 I Radio-JNI: register_android_hardware_Radio DONE
08-18 18:11:07.972  3599  3599 D AndroidRuntime: Calling main entry com.android.commands.uiautomator.Launcher
08-18 18:11:08.989  3599  3599 I AccessibilityNodeInfoDumper: Skipping invisible child: android.view.accessibility.AccessibilityNodeInfo@8000807f; boundsInParent: Rect(0, 0 - 1136, 0); boundsInScreen: Rect(32, 208 - 1168, 208); packageName: org.androidpn.client; className: android.widget.ListView; text: null; error: null; maxTextLength: -1; contentDescription: null; viewIdResName: org.androidpn.client:id/listView; checkable: false; checked: false; focusable: false; focused: false; selected: false; clickable: true; longClickable: false; contextClickable: false; enabled: true; password: false; scrollable: false; actions: [AccessibilityAction: ACTION_SELECT - null, AccessibilityAction: ACTION_CLEAR_SELECTION - null, AccessibilityAction: ACTION_CLICK - null, AccessibilityAction: ACTION_ACCESSIBILITY_FOCUS - null, AccessibilityAction: ACTION_UNKNOWN - null]
08-18 18:11:08.990  3599  3599 W AccessibilityNodeInfoDumper: Fetch time: 5ms
08-18 18:11:08.990   604  1009 W WindowManager: Attempted to remove non-existing token: android.os.Binder@a967cc1
08-18 18:11:08.994  3599  3599 D AndroidRuntime: Shutting down VM
08-18 18:11:10.096  3622  3622 D AndroidRuntime: >>>>>> START com.android.internal.os.RuntimeInit uid 0 <<<<<<
08-18 18:11:10.098  3622  3622 D AndroidRuntime: CheckJNI is OFF
08-18 18:11:10.108  3622  3622 D ICU     : No timezone override file found: /data/misc/zoneinfo/current/icu/icu_tzdata.dat
08-18 18:11:10.121  3622  3622 E memtrack: Couldn't load memtrack module (No such file or directory)
08-18 18:11:10.121  3622  3622 E android.os.Debug: failed to load memtrack module: -2
08-18 18:11:10.122  3622  3622 I Radio-JNI: register_android_hardware_Radio DONE
08-18 18:11:10.128  3622  3622 D AndroidRuntime: Calling main entry com.android.commands.uiautomator.Launcher
08-18 18:11:11.145  3622  3622 I AccessibilityNodeInfoDumper: Skipping invisible child: android.view.accessibility.AccessibilityNodeInfo@80008086; boundsInParent: Rect(0, 0 - 1136, 0); boundsInScreen: Rect(32, 208 - 1168, 208); packageName: org.androidpn.client; className: android.widget.ListView; text: null; error: null; maxTextLength: -1; contentDescription: null; viewIdResName: org.androidpn.client:id/listView; checkable: false; checked: false; focusable: false; focused: false; selected: false; clickable: true; longClickable: false; contextClickable: false; enabled: true; password: false; scrollable: false; actions: [AccessibilityAction: ACTION_SELECT - null, AccessibilityAction: ACTION_CLEAR_SELECTION - null, AccessibilityAction: ACTION_CLICK - null, AccessibilityAction: ACTION_ACCESSIBILITY_FOCUS - null, AccessibilityAction: ACTION_UNKNOWN - null]
08-18 18:11:11.146  3622  3622 W AccessibilityNodeInfoDumper: Fetch time: 6ms
08-18 18:11:11.146   604   759 W WindowManager: Attempted to remove non-existing token: android.os.Binder@6c35ba7
08-18 18:11:11.170  3622  3622 D AndroidRuntime: Shutting down VM
08-18 18:11:11.660  3640  3640 D AndroidRuntime: >>>>>> START com.android.internal.os.RuntimeInit uid 0 <<<<<<
08-18 18:11:11.662  3640  3640 D AndroidRuntime: CheckJNI is OFF
08-18 18:11:11.674  3640  3640 D ICU     : No timezone override file found: /data/misc/zoneinfo/current/icu/icu_tzdata.dat
08-18 18:11:11.687  3640  3640 E memtrack: Couldn't load memtrack module (No such file or directory)
08-18 18:11:11.687  3640  3640 E android.os.Debug: failed to load memtrack module: -2
08-18 18:11:11.689  3640  3640 I Radio-JNI: register_android_hardware_Radio DONE
08-18 18:11:11.695  3640  3640 D AndroidRuntime: Calling main entry com.android.commands.uiautomator.Launcher
08-18 18:11:12.710  3640  3640 I AccessibilityNodeInfoDumper: Skipping invisible child: android.view.accessibility.AccessibilityNodeInfo@8000808b; boundsInParent: Rect(0, 0 - 1136, 0); boundsInScreen: Rect(32, 208 - 1168, 208); packageName: org.androidpn.client; className: android.widget.ListView; text: null; error: null; maxTextLength: -1; contentDescription: null; viewIdResName: org.androidpn.client:id/listView; checkable: false; checked: false; focusable: false; focused: false; selected: false; clickable: true; longClickable: false; contextClickable: false; enabled: true; password: false; scrollable: false; actions: [AccessibilityAction: ACTION_SELECT - null, AccessibilityAction: ACTION_CLEAR_SELECTION - null, AccessibilityAction: ACTION_CLICK - null, AccessibilityAction: ACTION_ACCESSIBILITY_FOCUS - null, AccessibilityAction: ACTION_UNKNOWN - null]
08-18 18:11:12.711  3640  3640 W AccessibilityNodeInfoDumper: Fetch time: 6ms
08-18 18:11:12.713   604   754 W WindowManager: Attempted to remove non-existing token: android.os.Binder@1451854
08-18 18:11:12.716  3640  3640 D AndroidRuntime: Shutting down VM
08-18 18:11:13.858  3665  3665 D AndroidRuntime: >>>>>> START com.android.internal.os.RuntimeInit uid 0 <<<<<<
08-18 18:11:13.859  3665  3665 D AndroidRuntime: CheckJNI is OFF
08-18 18:11:13.868  3665  3665 D ICU     : No timezone override file found: /data/misc/zoneinfo/current/icu/icu_tzdata.dat
08-18 18:11:13.882  3665  3665 E memtrack: Couldn't load memtrack module (No such file or directory)
08-18 18:11:13.882  3665  3665 E android.os.Debug: failed to load memtrack module: -2
08-18 18:11:13.883  3665  3665 I Radio-JNI: register_android_hardware_Radio DONE
08-18 18:11:13.891  3665  3665 D AndroidRuntime: Calling main entry com.android.commands.uiautomator.Launcher
08-18 18:11:14.911  3665  3665 I AccessibilityNodeInfoDumper: Skipping invisible child: android.view.accessibility.AccessibilityNodeInfo@80008091; boundsInParent: Rect(0, 0 - 1136, 0); boundsInScreen: Rect(32, 208 - 1168, 208); packageName: org.androidpn.client; className: android.widget.ListView; text: null; error: null; maxTextLength: -1; contentDescription: null; viewIdResName: org.androidpn.client:id/listView; checkable: false; checked: false; focusable: false; focused: false; selected: false; clickable: true; longClickable: false; contextClickable: false; enabled: true; password: false; scrollable: false; actions: [AccessibilityAction: ACTION_SELECT - null, AccessibilityAction: ACTION_CLEAR_SELECTION - null, AccessibilityAction: ACTION_CLICK - null, AccessibilityAction: ACTION_ACCESSIBILITY_FOCUS - null, AccessibilityAction: ACTION_UNKNOWN - null]
08-18 18:11:14.911  3665  3665 W AccessibilityNodeInfoDumper: Fetch time: 5ms
08-18 18:11:14.912   604  1144 W WindowManager: Attempted to remove non-existing token: android.os.Binder@ccd23fd
08-18 18:11:14.924  3665  3665 D AndroidRuntime: Shutting down VM
08-18 18:11:15.433  3683  3683 D AndroidRuntime: >>>>>> START com.android.internal.os.RuntimeInit uid 0 <<<<<<
08-18 18:11:15.435  3683  3683 D AndroidRuntime: CheckJNI is OFF
08-18 18:11:15.445  3683  3683 D ICU     : No timezone override file found: /data/misc/zoneinfo/current/icu/icu_tzdata.dat
08-18 18:11:15.459  3683  3683 E memtrack: Couldn't load memtrack module (No such file or directory)
08-18 18:11:15.459  3683  3683 E android.os.Debug: failed to load memtrack module: -2
08-18 18:11:15.460  3683  3683 I Radio-JNI: register_android_hardware_Radio DONE
08-18 18:11:15.468  3683  3683 D AndroidRuntime: Calling main entry com.android.commands.uiautomator.Launcher
08-18 18:11:16.486  3683  3683 I AccessibilityNodeInfoDumper: Skipping invisible child: android.view.accessibility.AccessibilityNodeInfo@80008097; boundsInParent: Rect(0, 0 - 1136, 0); boundsInScreen: Rect(32, 208 - 1168, 208); packageName: org.androidpn.client; className: android.widget.ListView; text: null; error: null; maxTextLength: -1; contentDescription: null; viewIdResName: org.androidpn.client:id/listView; checkable: false; checked: false; focusable: false; focused: false; selected: false; clickable: true; longClickable: false; contextClickable: false; enabled: true; password: false; scrollable: false; actions: [AccessibilityAction: ACTION_SELECT - null, AccessibilityAction: ACTION_CLEAR_SELECTION - null, AccessibilityAction: ACTION_CLICK - null, AccessibilityAction: ACTION_ACCESSIBILITY_FOCUS - null, AccessibilityAction: ACTION_UNKNOWN - null]
08-18 18:11:16.486  3683  3683 W AccessibilityNodeInfoDumper: Fetch time: 9ms
08-18 18:11:16.488   604  1144 W WindowManager: Attempted to remove non-existing token: android.os.Binder@6fd98f2
08-18 18:11:16.496  3683  3683 D AndroidRuntime: Shutting down VM
08-18 18:11:16.943  3696  3696 D AndroidRuntime: >>>>>> START com.android.internal.os.RuntimeInit uid 0 <<<<<<
08-18 18:11:16.945  3696  3696 D AndroidRuntime: CheckJNI is OFF
08-18 18:11:16.959  3696  3696 D ICU     : No timezone override file found: /data/misc/zoneinfo/current/icu/icu_tzdata.dat
08-18 18:11:16.973  3696  3696 E memtrack: Couldn't load memtrack module (No such file or directory)
08-18 18:11:16.973  3696  3696 E android.os.Debug: failed to load memtrack module: -2
08-18 18:11:16.974  3696  3696 I Radio-JNI: register_android_hardware_Radio DONE
08-18 18:11:16.981  3696  3696 D AndroidRuntime: Calling main entry com.android.commands.input.Input
08-18 18:11:16.981  3696  3696 I Input   : injectMotionEvent: MotionEvent { action=ACTION_DOWN, actionButton=0, id[0]=0, x[0]=1144.0, y[0]=112.0, toolType[0]=TOOL_TYPE_UNKNOWN, buttonState=0, metaState=0, flags=0x0, edgeFlags=0x0, pointerCount=1, historySize=0, eventTime=433648, downTime=433648, deviceId=0, source=0x1002 }
08-18 18:11:16.991  3696  3696 I Input   : injectMotionEvent: MotionEvent { action=ACTION_UP, actionButton=0, id[0]=0, x[0]=1144.0, y[0]=112.0, toolType[0]=TOOL_TYPE_UNKNOWN, buttonState=0, metaState=0, flags=0x0, edgeFlags=0x0, pointerCount=1, historySize=0, eventTime=433648, downTime=433648, deviceId=0, source=0x1002 }
08-18 18:11:16.997  3696  3696 D AndroidRuntime: Shutting down VM
08-18 18:11:17.019  2061  2061 D leak-32-4: Eastern Standard Time
08-18 18:11:17.019  2061  2061 D leak-33-4: Eastern Standard Time
08-18 18:11:17.019  2061  2061 D leak-34-4: Eastern Standard Time
08-18 18:11:17.019  2061  2061 D leak-37-4: Eastern Standard Time
08-18 18:11:17.019  2061  2061 D leak-38-4: Eastern Standard Time
08-18 18:11:17.019  2061  2061 D leak-41-4: Eastern Standard Time
08-18 18:11:17.019  2061  2061 D leak-42-4: Eastern Standard Time
08-18 18:11:17.019  2061  2061 D leak-43-4: Eastern Standard Time
08-18 18:11:17.019  2061  2061 D leak-44-4: Eastern Standard Time
08-18 18:11:17.019  2061  2061 D leak-45-4: Eastern Standard Time
08-18 18:11:17.025  2061  2061 W art     : Before Android 4.1, method int android.support.v7.widget.ListViewCompat.lookForSelectablePosition(int, boolean) would have incorrectly overridden the package-private method in android.widget.ListView
08-18 18:11:17.099  2061  2079 W EGL_emulation: eglSurfaceAttrib not implemented
08-18 18:11:17.099  2061  2079 W OpenGLRenderer: Failed to set EGL_SWAP_BEHAVIOR on surface 0xe9b21b80, error=EGL_SUCCESS
08-18 18:11:21.520  4031  4031 D AndroidRuntime: >>>>>> START com.android.internal.os.RuntimeInit uid 0 <<<<<<
08-18 18:11:21.522  4031  4031 D AndroidRuntime: CheckJNI is OFF
08-18 18:11:21.532  4031  4031 D ICU     : No timezone override file found: /data/misc/zoneinfo/current/icu/icu_tzdata.dat
08-18 18:11:21.547  4031  4031 E memtrack: Couldn't load memtrack module (No such file or directory)
08-18 18:11:21.547  4031  4031 E android.os.Debug: failed to load memtrack module: -2
08-18 18:11:21.548  4031  4031 I Radio-JNI: register_android_hardware_Radio DONE
08-18 18:11:21.561  4031  4031 D AndroidRuntime: Calling main entry com.android.commands.uiautomator.Launcher
08-18 18:11:22.574  4031  4031 W AccessibilityNodeInfoDumper: Fetch time: 1ms
08-18 18:11:22.574   604  1144 W WindowManager: Attempted to remove non-existing token: android.os.Binder@14e189f
08-18 18:11:22.584  4031  4031 D AndroidRuntime: Shutting down VM
08-18 18:11:23.676  4054  4054 D AndroidRuntime: >>>>>> START com.android.internal.os.RuntimeInit uid 0 <<<<<<
08-18 18:11:23.677  4054  4054 D AndroidRuntime: CheckJNI is OFF
08-18 18:11:23.686  4054  4054 D ICU     : No timezone override file found: /data/misc/zoneinfo/current/icu/icu_tzdata.dat
08-18 18:11:23.699  4054  4054 E memtrack: Couldn't load memtrack module (No such file or directory)
08-18 18:11:23.699  4054  4054 E android.os.Debug: failed to load memtrack module: -2
08-18 18:11:23.700  4054  4054 I Radio-JNI: register_android_hardware_Radio DONE
08-18 18:11:23.706  4054  4054 D AndroidRuntime: Calling main entry com.android.commands.uiautomator.Launcher
08-18 18:11:24.739  4054  4054 W AccessibilityNodeInfoDumper: Fetch time: 2ms
08-18 18:11:24.740   604   759 W WindowManager: Attempted to remove non-existing token: android.os.Binder@3bb1dec
08-18 18:11:24.774  4054  4054 D AndroidRuntime: Shutting down VM
08-18 18:11:25.303  4073  4073 D AndroidRuntime: >>>>>> START com.android.internal.os.RuntimeInit uid 0 <<<<<<
08-18 18:11:25.304  4073  4073 D AndroidRuntime: CheckJNI is OFF
08-18 18:11:25.314  4073  4073 D ICU     : No timezone override file found: /data/misc/zoneinfo/current/icu/icu_tzdata.dat
08-18 18:11:25.327  4073  4073 E memtrack: Couldn't load memtrack module (No such file or directory)
08-18 18:11:25.327  4073  4073 E android.os.Debug: failed to load memtrack module: -2
08-18 18:11:25.327  4073  4073 I Radio-JNI: register_android_hardware_Radio DONE
08-18 18:11:25.335  4073  4073 D AndroidRuntime: Calling main entry com.android.commands.uiautomator.Launcher
08-18 18:11:26.348  4073  4073 W AccessibilityNodeInfoDumper: Fetch time: 2ms
08-18 18:11:26.348   604   616 W WindowManager: Attempted to remove non-existing token: android.os.Binder@a51d5b5
08-18 18:11:26.372  4073  4073 D AndroidRuntime: Shutting down VM
08-18 18:11:27.461  4096  4096 D AndroidRuntime: >>>>>> START com.android.internal.os.RuntimeInit uid 0 <<<<<<
08-18 18:11:27.464  4096  4096 D AndroidRuntime: CheckJNI is OFF
08-18 18:11:27.474  4096  4096 D ICU     : No timezone override file found: /data/misc/zoneinfo/current/icu/icu_tzdata.dat
08-18 18:11:27.489  4096  4096 E memtrack: Couldn't load memtrack module (No such file or directory)
08-18 18:11:27.489  4096  4096 E android.os.Debug: failed to load memtrack module: -2
08-18 18:11:27.490  4096  4096 I Radio-JNI: register_android_hardware_Radio DONE
08-18 18:11:27.497  4096  4096 D AndroidRuntime: Calling main entry com.android.commands.uiautomator.Launcher
08-18 18:11:28.520  4096  4096 W AccessibilityNodeInfoDumper: Fetch time: 2ms
08-18 18:11:28.521   604  1331 W WindowManager: Attempted to remove non-existing token: android.os.Binder@2f3544a
08-18 18:11:28.528  4096  4096 D AndroidRuntime: Shutting down VM
08-18 18:11:29.704  4124  4124 D AndroidRuntime: >>>>>> START com.android.internal.os.RuntimeInit uid 0 <<<<<<
08-18 18:11:29.706  4124  4124 D AndroidRuntime: CheckJNI is OFF
08-18 18:11:29.716  4124  4124 D ICU     : No timezone override file found: /data/misc/zoneinfo/current/icu/icu_tzdata.dat
08-18 18:11:29.734  4124  4124 E memtrack: Couldn't load memtrack module (No such file or directory)
08-18 18:11:29.734  4124  4124 E android.os.Debug: failed to load memtrack module: -2
08-18 18:11:29.735  4124  4124 I Radio-JNI: register_android_hardware_Radio DONE
08-18 18:11:29.744  4124  4124 D AndroidRuntime: Calling main entry com.android.commands.uiautomator.Launcher
08-18 18:11:30.771  4124  4124 W AccessibilityNodeInfoDumper: Fetch time: 2ms
08-18 18:11:30.772   604  1331 W WindowManager: Attempted to remove non-existing token: android.os.Binder@5322cd8
08-18 18:11:30.780  4124  4124 D AndroidRuntime: Shutting down VM
08-18 18:11:31.904  4150  4150 D AndroidRuntime: >>>>>> START com.android.internal.os.RuntimeInit uid 0 <<<<<<
08-18 18:11:31.906  4150  4150 D AndroidRuntime: CheckJNI is OFF
08-18 18:11:31.915  4150  4150 D ICU     : No timezone override file found: /data/misc/zoneinfo/current/icu/icu_tzdata.dat
08-18 18:11:31.929  4150  4150 E memtrack: Couldn't load memtrack module (No such file or directory)
08-18 18:11:31.929  4150  4150 E android.os.Debug: failed to load memtrack module: -2
08-18 18:11:31.930  4150  4150 I Radio-JNI: register_android_hardware_Radio DONE
08-18 18:11:31.936  4150  4150 D AndroidRuntime: Calling main entry com.android.commands.uiautomator.Launcher
08-18 18:11:32.952  4150  4150 W AccessibilityNodeInfoDumper: Fetch time: 1ms
08-18 18:11:32.953   604   754 W WindowManager: Attempted to remove non-existing token: android.os.Binder@7171831
08-18 18:11:32.961  4150  4150 D AndroidRuntime: Shutting down VM
08-18 18:11:33.440  4168  4168 D AndroidRuntime: >>>>>> START com.android.internal.os.RuntimeInit uid 0 <<<<<<
08-18 18:11:33.441  4168  4168 D AndroidRuntime: CheckJNI is OFF
08-18 18:11:33.450  4168  4168 D ICU     : No timezone override file found: /data/misc/zoneinfo/current/icu/icu_tzdata.dat
08-18 18:11:33.463  4168  4168 E memtrack: Couldn't load memtrack module (No such file or directory)
08-18 18:11:33.463  4168  4168 E android.os.Debug: failed to load memtrack module: -2
08-18 18:11:33.464  4168  4168 I Radio-JNI: register_android_hardware_Radio DONE
08-18 18:11:33.474  4168  4168 D AndroidRuntime: Calling main entry com.android.commands.uiautomator.Launcher
08-18 18:11:34.492  4168  4168 W AccessibilityNodeInfoDumper: Fetch time: 1ms
08-18 18:11:34.492   604   615 W WindowManager: Attempted to remove non-existing token: android.os.Binder@51a6b16
08-18 18:11:34.511  4168  4168 D AndroidRuntime: Shutting down VM
08-18 18:11:35.594  4191  4191 D AndroidRuntime: >>>>>> START com.android.internal.os.RuntimeInit uid 0 <<<<<<
08-18 18:11:35.595  4191  4191 D AndroidRuntime: CheckJNI is OFF
08-18 18:11:35.604  4191  4191 D ICU     : No timezone override file found: /data/misc/zoneinfo/current/icu/icu_tzdata.dat
08-18 18:11:35.617  4191  4191 E memtrack: Couldn't load memtrack module (No such file or directory)
08-18 18:11:35.617  4191  4191 E android.os.Debug: failed to load memtrack module: -2
08-18 18:11:35.618  4191  4191 I Radio-JNI: register_android_hardware_Radio DONE
08-18 18:11:35.624  4191  4191 D AndroidRuntime: Calling main entry com.android.commands.uiautomator.Launcher
08-18 18:11:36.639  4191  4191 W AccessibilityNodeInfoDumper: Fetch time: 1ms
08-18 18:11:36.640   604  1009 W WindowManager: Attempted to remove non-existing token: android.os.Binder@1e47c97
08-18 18:11:36.655  4191  4191 D AndroidRuntime: Shutting down VM
08-18 18:11:37.136  4209  4209 D AndroidRuntime: >>>>>> START com.android.internal.os.RuntimeInit uid 0 <<<<<<
08-18 18:11:37.137  4209  4209 D AndroidRuntime: CheckJNI is OFF
08-18 18:11:37.147  4209  4209 D ICU     : No timezone override file found: /data/misc/zoneinfo/current/icu/icu_tzdata.dat
08-18 18:11:37.159  4209  4209 E memtrack: Couldn't load memtrack module (No such file or directory)
08-18 18:11:37.159  4209  4209 E android.os.Debug: failed to load memtrack module: -2
08-18 18:11:37.161  4209  4209 I Radio-JNI: register_android_hardware_Radio DONE
08-18 18:11:37.168  4209  4209 D AndroidRuntime: Calling main entry com.android.commands.uiautomator.Launcher
08-18 18:11:38.188  4209  4209 W AccessibilityNodeInfoDumper: Fetch time: 1ms
08-18 18:11:38.188   604  1104 W WindowManager: Attempted to remove non-existing token: android.os.Binder@93e84
08-18 18:11:38.206  4209  4209 D AndroidRuntime: Shutting down VM
08-18 18:11:39.328  4232  4232 D AndroidRuntime: >>>>>> START com.android.internal.os.RuntimeInit uid 0 <<<<<<
08-18 18:11:39.332  4232  4232 D AndroidRuntime: CheckJNI is OFF
08-18 18:11:39.341  4232  4232 D ICU     : No timezone override file found: /data/misc/zoneinfo/current/icu/icu_tzdata.dat
08-18 18:11:39.355  4232  4232 E memtrack: Couldn't load memtrack module (No such file or directory)
08-18 18:11:39.355  4232  4232 E android.os.Debug: failed to load memtrack module: -2
08-18 18:11:39.355  4232  4232 I Radio-JNI: register_android_hardware_Radio DONE
08-18 18:11:39.362  4232  4232 D AndroidRuntime: Calling main entry com.android.commands.uiautomator.Launcher
08-18 18:11:40.374  4232  4232 W AccessibilityNodeInfoDumper: Fetch time: 1ms
08-18 18:11:40.374   604  1144 W WindowManager: Attempted to remove non-existing token: android.os.Binder@314066d
08-18 18:11:40.382  4232  4232 D AndroidRuntime: Shutting down VM
08-18 18:11:40.860  4250  4250 D AndroidRuntime: >>>>>> START com.android.internal.os.RuntimeInit uid 0 <<<<<<
08-18 18:11:40.863  4250  4250 D AndroidRuntime: CheckJNI is OFF
08-18 18:11:40.873  4250  4250 D ICU     : No timezone override file found: /data/misc/zoneinfo/current/icu/icu_tzdata.dat
08-18 18:11:40.885  4250  4250 E memtrack: Couldn't load memtrack module (No such file or directory)
08-18 18:11:40.885  4250  4250 E android.os.Debug: failed to load memtrack module: -2
08-18 18:11:40.887  4250  4250 I Radio-JNI: register_android_hardware_Radio DONE
08-18 18:11:40.894  4250  4250 D AndroidRuntime: Calling main entry com.android.commands.uiautomator.Launcher
08-18 18:11:41.910  4250  4250 W AccessibilityNodeInfoDumper: Fetch time: 2ms
08-18 18:11:41.910   604  1009 W WindowManager: Attempted to remove non-existing token: android.os.Binder@dea4b33
08-18 18:11:41.925  4250  4250 D AndroidRuntime: Shutting down VM
08-18 18:11:43.025  4275  4275 D AndroidRuntime: >>>>>> START com.android.internal.os.RuntimeInit uid 0 <<<<<<
08-18 18:11:43.027  4275  4275 D AndroidRuntime: CheckJNI is OFF
08-18 18:11:43.036  4275  4275 D ICU     : No timezone override file found: /data/misc/zoneinfo/current/icu/icu_tzdata.dat
08-18 18:11:43.048  4275  4275 E memtrack: Couldn't load memtrack module (No such file or directory)
08-18 18:11:43.048  4275  4275 E android.os.Debug: failed to load memtrack module: -2
08-18 18:11:43.049  4275  4275 I Radio-JNI: register_android_hardware_Radio DONE
08-18 18:11:43.056  4275  4275 D AndroidRuntime: Calling main entry com.android.commands.uiautomator.Launcher
08-18 18:11:44.074  4275  4275 W AccessibilityNodeInfoDumper: Fetch time: 1ms
08-18 18:11:44.075   604   754 W WindowManager: Attempted to remove non-existing token: android.os.Binder@c1dbef0
08-18 18:11:44.093  4275  4275 D AndroidRuntime: Shutting down VM
08-18 18:11:44.578  4294  4294 D AndroidRuntime: >>>>>> START com.android.internal.os.RuntimeInit uid 0 <<<<<<
08-18 18:11:44.580  4294  4294 D AndroidRuntime: CheckJNI is OFF
08-18 18:11:44.589  4294  4294 D ICU     : No timezone override file found: /data/misc/zoneinfo/current/icu/icu_tzdata.dat
08-18 18:11:44.600  4294  4294 E memtrack: Couldn't load memtrack module (No such file or directory)
08-18 18:11:44.600  4294  4294 E android.os.Debug: failed to load memtrack module: -2
08-18 18:11:44.601  4294  4294 I Radio-JNI: register_android_hardware_Radio DONE
08-18 18:11:44.607  4294  4294 D AndroidRuntime: Calling main entry com.android.commands.uiautomator.Launcher
08-18 18:11:45.626  4294  4294 W AccessibilityNodeInfoDumper: Fetch time: 3ms
08-18 18:11:45.628   604  1144 W WindowManager: Attempted to remove non-existing token: android.os.Binder@6779c69
08-18 18:11:45.640  4294  4294 D AndroidRuntime: Shutting down VM
08-18 18:11:46.075  4307  4307 D AndroidRuntime: >>>>>> START com.android.internal.os.RuntimeInit uid 0 <<<<<<
08-18 18:11:46.077  4307  4307 D AndroidRuntime: CheckJNI is OFF
08-18 18:11:46.089  4307  4307 D ICU     : No timezone override file found: /data/misc/zoneinfo/current/icu/icu_tzdata.dat
08-18 18:11:46.099  4307  4307 E memtrack: Couldn't load memtrack module (No such file or directory)
08-18 18:11:46.099  4307  4307 E android.os.Debug: failed to load memtrack module: -2
08-18 18:11:46.100  4307  4307 I Radio-JNI: register_android_hardware_Radio DONE
08-18 18:11:46.108  4307  4307 D AndroidRuntime: Calling main entry com.android.commands.input.Input
08-18 18:11:46.112  4307  4307 I Input   : injectMotionEvent: MotionEvent { action=ACTION_DOWN, actionButton=0, id[0]=0, x[0]=980.0, y[0]=208.0, toolType[0]=TOOL_TYPE_UNKNOWN, buttonState=0, metaState=0, flags=0x0, edgeFlags=0x0, pointerCount=1, historySize=0, eventTime=462774, downTime=462774, deviceId=0, source=0x1002 }
08-18 18:11:46.114  4307  4307 I Input   : injectMotionEvent: MotionEvent { action=ACTION_UP, actionButton=0, id[0]=0, x[0]=980.0, y[0]=208.0, toolType[0]=TOOL_TYPE_UNKNOWN, buttonState=0, metaState=0, flags=0x0, edgeFlags=0x0, pointerCount=1, historySize=0, eventTime=462774, downTime=462774, deviceId=0, source=0x1002 }
08-18 18:11:46.115  4307  4307 D AndroidRuntime: Shutting down VM
08-18 18:11:46.179  2061  2061 D leak-32-5: Eastern Standard Time
08-18 18:11:46.179  2061  2061 D leak-33-5: Eastern Standard Time
08-18 18:11:46.179  2061  2061 D leak-34-5: Eastern Standard Time
08-18 18:11:46.180  2061  2061 D leak-37-5: Eastern Standard Time
08-18 18:11:46.180  2061  2061 D leak-38-5: Eastern Standard Time
08-18 18:11:46.180  2061  2061 D leak-39-5: Eastern Standard Time
08-18 18:11:46.180  2061  2061 D leak-41-5: Eastern Standard Time
08-18 18:11:46.180  2061  2061 D leak-42-5: Eastern Standard Time
08-18 18:11:46.180  2061  2061 D leak-43-5: Eastern Standard Time
08-18 18:11:46.180  2061  2061 D leak-44-5: Eastern Standard Time
08-18 18:11:46.180  2061  2061 D leak-45-5: Eastern Standard Time
08-18 18:11:46.180  2061  2061 D leak-203-1: Eastern Standard Time
08-18 18:11:46.180  2061  2061 D leak-204-1: Eastern Standard Time
08-18 18:11:46.180  2061  2061 D leak-205-1: Eastern Standard Time
08-18 18:11:46.180  2061  2061 D leak-209-1: Eastern Standard Time
08-18 18:11:46.182  2061  2061 D leak-203-5: Eastern Standard Time
08-18 18:11:46.182  2061  2061 D leak-204-5: Eastern Standard Time
08-18 18:11:46.182  2061  2061 D leak-205-5: Eastern Standard Time
08-18 18:11:46.182  2061  2061 D leak-208-5: Eastern Standard Time
08-18 18:11:46.182  2061  2061 D leak-209-5: Eastern Standard Time
08-18 18:11:46.182  2061  2061 I System.out: Delete all notifications
08-18 18:11:46.188  2061  2061 D leak-203-2: Eastern Standard Time
08-18 18:11:46.188  2061  2061 D leak-204-2: Eastern Standard Time
08-18 18:11:46.188  2061  2061 D leak-205-2: Eastern Standard Time
08-18 18:11:46.188  2061  2061 D leak-208-2: Eastern Standard Time
08-18 18:11:46.188  2061  2061 D leak-209-2: Eastern Standard Time
08-18 18:11:46.188  2061  2061 D leak-32-2: Eastern Standard Time
08-18 18:11:46.188  2061  2061 D leak-33-2: Eastern Standard Time
08-18 18:11:46.188  2061  2061 D leak-34-2: Eastern Standard Time
08-18 18:11:46.188  2061  2061 D leak-37-2: Eastern Standard Time
08-18 18:11:46.188  2061  2061 D leak-38-2: Eastern Standard Time
08-18 18:11:46.188  2061  2061 D leak-39-2: Eastern Standard Time
08-18 18:11:46.188  2061  2061 D leak-41-2: Eastern Standard Time
08-18 18:11:46.188  2061  2061 D leak-42-2: Eastern Standard Time
08-18 18:11:46.188  2061  2061 D leak-43-2: Eastern Standard Time
08-18 18:11:46.188  2061  2061 D leak-44-2: Eastern Standard Time
08-18 18:11:46.188  2061  2061 D leak-45-2: Eastern Standard Time
08-18 18:11:46.188  2061  2061 D leak-203-0: Eastern Standard Time
08-18 18:11:46.188  2061  2061 D leak-49-0: Eastern Standard Time
08-18 18:11:46.188  2061  2061 D leak-203-1: Eastern Standard Time
08-18 18:11:46.188  2061  2061 D leak-204-1: Eastern Standard Time
08-18 18:11:46.191  2061  2061 D leak-203-6: Eastern Standard Time
08-18 18:11:46.191  2061  2061 D leak-204-6: Eastern Standard Time
08-18 18:11:46.191  2061  2061 D leak-209-6: Eastern Standard Time
08-18 18:11:46.191  2061  2061 D Androidpn_MainActivity: No Notifications
08-18 18:11:46.191  2061  2061 D leak-203-2: Eastern Standard Time
08-18 18:11:46.191  2061  2061 D leak-204-2: Eastern Standard Time
08-18 18:11:46.191  2061  2061 D leak-205-2: Eastern Standard Time
08-18 18:11:46.191  2061  2061 D leak-209-2: Eastern Standard Time
08-18 18:11:46.191  2061  2061 D leak-4-0: Eastern Standard Time
08-18 18:11:46.191  2061  2061 D leak-0-0: Eastern Standard Time
08-18 18:11:46.545  2061  2079 E Surface : getSlotFromBufferLocked: unknown buffer: 0xe0987540
08-18 18:11:46.554  2061  2079 D OpenGLRenderer: endAllStagingAnimators on 0xdff09e00 (ListPopupWindow$DropDownListView) with handle 0xee9d2ba0
08-18 18:11:50.679  4641  4641 D AndroidRuntime: >>>>>> START com.android.internal.os.RuntimeInit uid 0 <<<<<<
08-18 18:11:50.680  4641  4641 D AndroidRuntime: CheckJNI is OFF
08-18 18:11:50.689  4641  4641 D ICU     : No timezone override file found: /data/misc/zoneinfo/current/icu/icu_tzdata.dat
08-18 18:11:50.702  4641  4641 E memtrack: Couldn't load memtrack module (No such file or directory)
08-18 18:11:50.702  4641  4641 E android.os.Debug: failed to load memtrack module: -2
08-18 18:11:50.703  4641  4641 I Radio-JNI: register_android_hardware_Radio DONE
08-18 18:11:50.712  4641  4641 D AndroidRuntime: Calling main entry com.android.commands.uiautomator.Launcher
