08-18 18:18:43.777 11845 11845 I AccessibilityNodeInfoDumper: Skipping invisible child: android.view.accessibility.AccessibilityNodeInfo@8000e30f; boundsInParent: Rect(0, 0 - 0, 112); boundsInScreen: Rect(1200, 48 - 1200, 160); packageName: protect.babymonitor; className: android.widget.LinearLayout; text: null; error: null; maxTextLength: -1; contentDescription: null; viewIdResName: null; checkable: false; checked: false; focusable: false; focused: false; selected: false; clickable: false; longClickable: false; contextClickable: false; enabled: true; password: false; scrollable: false; actions: [AccessibilityAction: ACTION_SELECT - null, AccessibilityAction: ACTION_CLEAR_SELECTION - null, AccessibilityAction: ACTION_ACCESSIBILITY_FOCUS - null, AccessibilityAction: ACTION_UNKNOWN - null]
08-18 18:18:43.778 11845 11845 W AccessibilityNodeInfoDumper: Fetch time: 8ms
08-18 18:18:43.783   610  1124 W WindowManager: Attempted to remove non-existing token: android.os.Binder@429d962
08-18 18:18:43.798 11845 11845 D AndroidRuntime: Shutting down VM
08-18 18:18:44.328 11863 11863 D AndroidRuntime: >>>>>> START com.android.internal.os.RuntimeInit uid 0 <<<<<<
08-18 18:18:44.330 11863 11863 D AndroidRuntime: CheckJNI is OFF
08-18 18:18:44.344 11863 11863 D ICU     : No timezone override file found: /data/misc/zoneinfo/current/icu/icu_tzdata.dat
08-18 18:18:44.363 11863 11863 E memtrack: Couldn't load memtrack module (No such file or directory)
08-18 18:18:44.363 11863 11863 E android.os.Debug: failed to load memtrack module: -2
08-18 18:18:44.364 11863 11863 I Radio-JNI: register_android_hardware_Radio DONE
08-18 18:18:44.374 11863 11863 D AndroidRuntime: Calling main entry com.android.commands.uiautomator.Launcher
08-18 18:18:45.401 11863 11863 I AccessibilityNodeInfoDumper: Skipping invisible child: android.view.accessibility.AccessibilityNodeInfo@8000e316; boundsInParent: Rect(0, 0 - 0, 112); boundsInScreen: Rect(1200, 48 - 1200, 160); packageName: protect.babymonitor; className: android.widget.LinearLayout; text: null; error: null; maxTextLength: -1; contentDescription: null; viewIdResName: null; checkable: false; checked: false; focusable: false; focused: false; selected: false; clickable: false; longClickable: false; contextClickable: false; enabled: true; password: false; scrollable: false; actions: [AccessibilityAction: ACTION_SELECT - null, AccessibilityAction: ACTION_CLEAR_SELECTION - null, AccessibilityAction: ACTION_ACCESSIBILITY_FOCUS - null, AccessibilityAction: ACTION_UNKNOWN - null]
08-18 18:18:45.402 11863 11863 W AccessibilityNodeInfoDumper: Fetch time: 8ms
08-18 18:18:45.402   610  1004 W WindowManager: Attempted to remove non-existing token: android.os.Binder@9d99af3
08-18 18:18:45.416 11863 11863 D AndroidRuntime: Shutting down VM
08-18 18:18:46.544 11886 11886 D AndroidRuntime: >>>>>> START com.android.internal.os.RuntimeInit uid 0 <<<<<<
08-18 18:18:46.545 11886 11886 D AndroidRuntime: CheckJNI is OFF
08-18 18:18:46.556 11886 11886 D ICU     : No timezone override file found: /data/misc/zoneinfo/current/icu/icu_tzdata.dat
08-18 18:18:46.570 11886 11886 E memtrack: Couldn't load memtrack module (No such file or directory)
08-18 18:18:46.570 11886 11886 E android.os.Debug: failed to load memtrack module: -2
08-18 18:18:46.570 11886 11886 I Radio-JNI: register_android_hardware_Radio DONE
08-18 18:18:46.577 11886 11886 D AndroidRuntime: Calling main entry com.android.commands.uiautomator.Launcher
08-18 18:18:47.596 11886 11886 I AccessibilityNodeInfoDumper: Skipping invisible child: android.view.accessibility.AccessibilityNodeInfo@8000e320; boundsInParent: Rect(0, 0 - 0, 112); boundsInScreen: Rect(1200, 48 - 1200, 160); packageName: protect.babymonitor; className: android.widget.LinearLayout; text: null; error: null; maxTextLength: -1; contentDescription: null; viewIdResName: null; checkable: false; checked: false; focusable: false; focused: false; selected: false; clickable: false; longClickable: false; contextClickable: false; enabled: true; password: false; scrollable: false; actions: [AccessibilityAction: ACTION_SELECT - null, AccessibilityAction: ACTION_CLEAR_SELECTION - null, AccessibilityAction: ACTION_ACCESSIBILITY_FOCUS - null, AccessibilityAction: ACTION_UNKNOWN - null]
08-18 18:18:47.598 11886 11886 W AccessibilityNodeInfoDumper: Fetch time: 7ms
08-18 18:18:47.599   610   770 W WindowManager: Attempted to remove non-existing token: android.os.Binder@9cf33b0
08-18 18:18:47.609 11886 11886 D AndroidRuntime: Shutting down VM
08-18 18:18:48.788 11914 11914 D AndroidRuntime: >>>>>> START com.android.internal.os.RuntimeInit uid 0 <<<<<<
08-18 18:18:48.790 11914 11914 D AndroidRuntime: CheckJNI is OFF
08-18 18:18:48.800 11914 11914 D ICU     : No timezone override file found: /data/misc/zoneinfo/current/icu/icu_tzdata.dat
08-18 18:18:48.813 11914 11914 E memtrack: Couldn't load memtrack module (No such file or directory)
08-18 18:18:48.813 11914 11914 E android.os.Debug: failed to load memtrack module: -2
08-18 18:18:48.814 11914 11914 I Radio-JNI: register_android_hardware_Radio DONE
08-18 18:18:48.832 11914 11914 D AndroidRuntime: Calling main entry com.android.commands.uiautomator.Launcher
08-18 18:18:49.872 11914 11914 I AccessibilityNodeInfoDumper: Skipping invisible child: android.view.accessibility.AccessibilityNodeInfo@8000e327; boundsInParent: Rect(0, 0 - 0, 112); boundsInScreen: Rect(1200, 48 - 1200, 160); packageName: protect.babymonitor; className: android.widget.LinearLayout; text: null; error: null; maxTextLength: -1; contentDescription: null; viewIdResName: null; checkable: false; checked: false; focusable: false; focused: false; selected: false; clickable: false; longClickable: false; contextClickable: false; enabled: true; password: false; scrollable: false; actions: [AccessibilityAction: ACTION_SELECT - null, AccessibilityAction: ACTION_CLEAR_SELECTION - null, AccessibilityAction: ACTION_ACCESSIBILITY_FOCUS - null, AccessibilityAction: ACTION_UNKNOWN - null]
08-18 18:18:49.873 11914 11914 W AccessibilityNodeInfoDumper: Fetch time: 9ms
08-18 18:18:49.874   610  1119 W WindowManager: Attempted to remove non-existing token: android.os.Binder@45029ae
08-18 18:18:49.881 11914 11914 D AndroidRuntime: Shutting down VM
08-18 18:18:51.007 11940 11940 D AndroidRuntime: >>>>>> START com.android.internal.os.RuntimeInit uid 0 <<<<<<
08-18 18:18:51.009 11940 11940 D AndroidRuntime: CheckJNI is OFF
08-18 18:18:51.018 11940 11940 D ICU     : No timezone override file found: /data/misc/zoneinfo/current/icu/icu_tzdata.dat
08-18 18:18:51.032 11940 11940 E memtrack: Couldn't load memtrack module (No such file or directory)
08-18 18:18:51.032 11940 11940 E android.os.Debug: failed to load memtrack module: -2
08-18 18:18:51.032 11940 11940 I Radio-JNI: register_android_hardware_Radio DONE
08-18 18:18:51.039 11940 11940 D AndroidRuntime: Calling main entry com.android.commands.uiautomator.Launcher
08-18 18:18:52.057 11940 11940 I AccessibilityNodeInfoDumper: Skipping invisible child: android.view.accessibility.AccessibilityNodeInfo@8000e330; boundsInParent: Rect(0, 0 - 0, 112); boundsInScreen: Rect(1200, 48 - 1200, 160); packageName: protect.babymonitor; className: android.widget.LinearLayout; text: null; error: null; maxTextLength: -1; contentDescription: null; viewIdResName: null; checkable: false; checked: false; focusable: false; focused: false; selected: false; clickable: false; longClickable: false; contextClickable: false; enabled: true; password: false; scrollable: false; actions: [AccessibilityAction: ACTION_SELECT - null, AccessibilityAction: ACTION_CLEAR_SELECTION - null, AccessibilityAction: ACTION_ACCESSIBILITY_FOCUS - null, AccessibilityAction: ACTION_UNKNOWN - null]
08-18 18:18:52.058 11940 11940 W AccessibilityNodeInfoDumper: Fetch time: 8ms
08-18 18:18:52.065   610  1153 W WindowManager: Attempted to remove non-existing token: android.os.Binder@d68f34f
08-18 18:18:52.069 11940 11940 D AndroidRuntime: Shutting down VM
08-18 18:18:52.584 11959 11959 D AndroidRuntime: >>>>>> START com.android.internal.os.RuntimeInit uid 0 <<<<<<
08-18 18:18:52.585 11959 11959 D AndroidRuntime: CheckJNI is OFF
08-18 18:18:52.598 11959 11959 D ICU     : No timezone override file found: /data/misc/zoneinfo/current/icu/icu_tzdata.dat
08-18 18:18:52.611 11959 11959 E memtrack: Couldn't load memtrack module (No such file or directory)
08-18 18:18:52.611 11959 11959 E android.os.Debug: failed to load memtrack module: -2
08-18 18:18:52.612 11959 11959 I Radio-JNI: register_android_hardware_Radio DONE
08-18 18:18:52.618 11959 11959 D AndroidRuntime: Calling main entry com.android.commands.uiautomator.Launcher
08-18 18:18:53.641 11959 11959 I AccessibilityNodeInfoDumper: Skipping invisible child: android.view.accessibility.AccessibilityNodeInfo@8000e338; boundsInParent: Rect(0, 0 - 0, 112); boundsInScreen: Rect(1200, 48 - 1200, 160); packageName: protect.babymonitor; className: android.widget.LinearLayout; text: null; error: null; maxTextLength: -1; contentDescription: null; viewIdResName: null; checkable: false; checked: false; focusable: false; focused: false; selected: false; clickable: false; longClickable: false; contextClickable: false; enabled: true; password: false; scrollable: false; actions: [AccessibilityAction: ACTION_SELECT - null, AccessibilityAction: ACTION_CLEAR_SELECTION - null, AccessibilityAction: ACTION_ACCESSIBILITY_FOCUS - null, AccessibilityAction: ACTION_UNKNOWN - null]
08-18 18:18:53.643 11959 11959 W AccessibilityNodeInfoDumper: Fetch time: 8ms
08-18 18:18:53.645   610  1124 W WindowManager: Attempted to remove non-existing token: android.os.Binder@debdadc
08-18 18:18:53.667 11959 11959 D AndroidRuntime: Shutting down VM
08-18 18:18:54.834 11982 11982 D AndroidRuntime: >>>>>> START com.android.internal.os.RuntimeInit uid 0 <<<<<<
08-18 18:18:54.836 11982 11982 D AndroidRuntime: CheckJNI is OFF
08-18 18:18:54.848 11982 11982 D ICU     : No timezone override file found: /data/misc/zoneinfo/current/icu/icu_tzdata.dat
08-18 18:18:54.864 11982 11982 E memtrack: Couldn't load memtrack module (No such file or directory)
08-18 18:18:54.864 11982 11982 E android.os.Debug: failed to load memtrack module: -2
08-18 18:18:54.866 11982 11982 I Radio-JNI: register_android_hardware_Radio DONE
08-18 18:18:54.872 11982 11982 D AndroidRuntime: Calling main entry com.android.commands.uiautomator.Launcher
08-18 18:18:55.895 11982 11982 I AccessibilityNodeInfoDumper: Skipping invisible child: android.view.accessibility.AccessibilityNodeInfo@8000e33e; boundsInParent: Rect(0, 0 - 0, 112); boundsInScreen: Rect(1200, 48 - 1200, 160); packageName: protect.babymonitor; className: android.widget.LinearLayout; text: null; error: null; maxTextLength: -1; contentDescription: null; viewIdResName: null; checkable: false; checked: false; focusable: false; focused: false; selected: false; clickable: false; longClickable: false; contextClickable: false; enabled: true; password: false; scrollable: false; actions: [AccessibilityAction: ACTION_SELECT - null, AccessibilityAction: ACTION_CLEAR_SELECTION - null, AccessibilityAction: ACTION_ACCESSIBILITY_FOCUS - null, AccessibilityAction: ACTION_UNKNOWN - null]
08-18 18:18:55.896 11982 11982 W AccessibilityNodeInfoDumper: Fetch time: 9ms
08-18 18:18:55.898   610   622 W WindowManager: Attempted to remove non-existing token: android.os.Binder@c4367e5
08-18 18:18:55.905 11982 11982 D AndroidRuntime: Shutting down VM
08-18 18:18:56.498 12000 12000 D AndroidRuntime: >>>>>> START com.android.internal.os.RuntimeInit uid 0 <<<<<<
08-18 18:18:56.500 12000 12000 D AndroidRuntime: CheckJNI is OFF
08-18 18:18:56.516 12000 12000 D ICU     : No timezone override file found: /data/misc/zoneinfo/current/icu/icu_tzdata.dat
08-18 18:18:56.531 12000 12000 E memtrack: Couldn't load memtrack module (No such file or directory)
08-18 18:18:56.531 12000 12000 E android.os.Debug: failed to load memtrack module: -2
08-18 18:18:56.532 12000 12000 I Radio-JNI: register_android_hardware_Radio DONE
08-18 18:18:56.538 12000 12000 D AndroidRuntime: Calling main entry com.android.commands.uiautomator.Launcher
08-18 18:18:57.566 12000 12000 I AccessibilityNodeInfoDumper: Skipping invisible child: android.view.accessibility.AccessibilityNodeInfo@8000e348; boundsInParent: Rect(0, 0 - 0, 112); boundsInScreen: Rect(1200, 48 - 1200, 160); packageName: protect.babymonitor; className: android.widget.LinearLayout; text: null; error: null; maxTextLength: -1; contentDescription: null; viewIdResName: null; checkable: false; checked: false; focusable: false; focused: false; selected: false; clickable: false; longClickable: false; contextClickable: false; enabled: true; password: false; scrollable: false; actions: [AccessibilityAction: ACTION_SELECT - null, AccessibilityAction: ACTION_CLEAR_SELECTION - null, AccessibilityAction: ACTION_ACCESSIBILITY_FOCUS - null, AccessibilityAction: ACTION_UNKNOWN - null]
08-18 18:18:57.567 12000 12000 W AccessibilityNodeInfoDumper: Fetch time: 6ms
08-18 18:18:57.569   610  1153 W WindowManager: Attempted to remove non-existing token: android.os.Binder@27932ba
08-18 18:18:57.578 12000 12000 D AndroidRuntime: Shutting down VM
08-18 18:18:58.787 12023 12023 D AndroidRuntime: >>>>>> START com.android.internal.os.RuntimeInit uid 0 <<<<<<
08-18 18:18:58.788 12023 12023 D AndroidRuntime: CheckJNI is OFF
08-18 18:18:58.798 12023 12023 D ICU     : No timezone override file found: /data/misc/zoneinfo/current/icu/icu_tzdata.dat
08-18 18:18:58.811 12023 12023 E memtrack: Couldn't load memtrack module (No such file or directory)
08-18 18:18:58.811 12023 12023 E android.os.Debug: failed to load memtrack module: -2
08-18 18:18:58.812 12023 12023 I Radio-JNI: register_android_hardware_Radio DONE
08-18 18:18:58.818 12023 12023 D AndroidRuntime: Calling main entry com.android.commands.uiautomator.Launcher
08-18 18:18:59.842 12023 12023 I AccessibilityNodeInfoDumper: Skipping invisible child: android.view.accessibility.AccessibilityNodeInfo@8000e351; boundsInParent: Rect(0, 0 - 0, 112); boundsInScreen: Rect(1200, 48 - 1200, 160); packageName: protect.babymonitor; className: android.widget.LinearLayout; text: null; error: null; maxTextLength: -1; contentDescription: null; viewIdResName: null; checkable: false; checked: false; focusable: false; focused: false; selected: false; clickable: false; longClickable: false; contextClickable: false; enabled: true; password: false; scrollable: false; actions: [AccessibilityAction: ACTION_SELECT - null, AccessibilityAction: ACTION_CLEAR_SELECTION - null, AccessibilityAction: ACTION_ACCESSIBILITY_FOCUS - null, AccessibilityAction: ACTION_UNKNOWN - null]
08-18 18:18:59.843 12023 12023 W AccessibilityNodeInfoDumper: Fetch time: 7ms
08-18 18:18:59.844   610   621 W WindowManager: Attempted to remove non-existing token: android.os.Binder@eb756b
08-18 18:18:59.847 12023 12023 D AndroidRuntime: Shutting down VM
08-18 18:19:00.388 12042 12042 D AndroidRuntime: >>>>>> START com.android.internal.os.RuntimeInit uid 0 <<<<<<
08-18 18:19:00.389 12042 12042 D AndroidRuntime: CheckJNI is OFF
08-18 18:19:00.401 12042 12042 D ICU     : No timezone override file found: /data/misc/zoneinfo/current/icu/icu_tzdata.dat
08-18 18:19:00.415 12042 12042 E memtrack: Couldn't load memtrack module (No such file or directory)
08-18 18:19:00.415 12042 12042 E android.os.Debug: failed to load memtrack module: -2
08-18 18:19:00.416 12042 12042 I Radio-JNI: register_android_hardware_Radio DONE
08-18 18:19:00.424 12042 12042 D AndroidRuntime: Calling main entry com.android.commands.uiautomator.Launcher
08-18 18:19:01.446 12042 12042 I AccessibilityNodeInfoDumper: Skipping invisible child: android.view.accessibility.AccessibilityNodeInfo@8000e358; boundsInParent: Rect(0, 0 - 0, 112); boundsInScreen: Rect(1200, 48 - 1200, 160); packageName: protect.babymonitor; className: android.widget.LinearLayout; text: null; error: null; maxTextLength: -1; contentDescription: null; viewIdResName: null; checkable: false; checked: false; focusable: false; focused: false; selected: false; clickable: false; longClickable: false; contextClickable: false; enabled: true; password: false; scrollable: false; actions: [AccessibilityAction: ACTION_SELECT - null, AccessibilityAction: ACTION_CLEAR_SELECTION - null, AccessibilityAction: ACTION_ACCESSIBILITY_FOCUS - null, AccessibilityAction: ACTION_UNKNOWN - null]
08-18 18:19:01.447 12042 12042 W AccessibilityNodeInfoDumper: Fetch time: 7ms
08-18 18:19:01.448   610  1360 W WindowManager: Attempted to remove non-existing token: android.os.Binder@cc79d61
08-18 18:19:01.451 12042 12042 D AndroidRuntime: Shutting down VM
08-18 18:19:01.902 12055 12055 D AndroidRuntime: >>>>>> START com.android.internal.os.RuntimeInit uid 0 <<<<<<
08-18 18:19:01.903 12055 12055 D AndroidRuntime: CheckJNI is OFF
08-18 18:19:01.915 12055 12055 D ICU     : No timezone override file found: /data/misc/zoneinfo/current/icu/icu_tzdata.dat
08-18 18:19:01.931 12055 12055 E memtrack: Couldn't load memtrack module (No such file or directory)
08-18 18:19:01.931 12055 12055 E android.os.Debug: failed to load memtrack module: -2
08-18 18:19:01.932 12055 12055 I Radio-JNI: register_android_hardware_Radio DONE
08-18 18:19:01.940 12055 12055 D AndroidRuntime: Calling main entry com.android.commands.input.Input
08-18 18:19:01.946 12055 12055 I Input   : injectMotionEvent: MotionEvent { action=ACTION_DOWN, actionButton=0, id[0]=0, x[0]=600.0, y[0]=453.0, toolType[0]=TOOL_TYPE_UNKNOWN, buttonState=0, metaState=0, flags=0x0, edgeFlags=0x0, pointerCount=1, historySize=0, eventTime=811197, downTime=811197, deviceId=0, source=0x1002 }
08-18 18:19:01.956 12055 12055 I Input   : injectMotionEvent: MotionEvent { action=ACTION_UP, actionButton=0, id[0]=0, x[0]=600.0, y[0]=453.0, toolType[0]=TOOL_TYPE_UNKNOWN, buttonState=0, metaState=0, flags=0x0, edgeFlags=0x0, pointerCount=1, historySize=0, eventTime=811197, downTime=811197, deviceId=0, source=0x1002 }
08-18 18:19:01.959 12055 12055 D AndroidRuntime: Shutting down VM
08-18 18:19:01.990  1025  1025 W RichInputMethodSubtype: Can't find emoji subtype
08-18 18:19:01.991  1025  1025 W RichInputMethodSubtype: No input method subtype found; returning dummy subtype: Multi-lingual subtype: android.view.inputmethod.InputMethodSubtype@d78b2ed0, zz
08-18 18:19:02.031  1025  1025 W ViewPager: Requested offscreen page limit 0 too small; defaulting to 1
08-18 18:19:02.042   610   711 W AudioTrack: AUDIO_OUTPUT_FLAG_FAST denied by client; transfer 4, track 48000 Hz, output 44100 Hz
08-18 18:19:02.046  1025  1025 I LatinIME: Starting input. Cursor position = 0,0
08-18 18:19:02.097  1025 12070 D OpenGLRenderer: Use EGL_SWAP_BEHAVIOR_PRESERVED: true
08-18 18:19:02.109  1025  1025 D         : HostConnection::get() New Host Connection established 0xf3ddc690, tid 1025
08-18 18:19:02.165  1025 12070 D libEGL  : loaded /system/lib/egl/libEGL_emulation.so
08-18 18:19:02.168  1025 12070 D libEGL  : loaded /system/lib/egl/libGLESv1_CM_emulation.so
08-18 18:19:02.173  1025 12070 D libEGL  : loaded /system/lib/egl/libGLESv2_emulation.so
08-18 18:19:02.179  1025 12070 D         : HostConnection::get() New Host Connection established 0xf3ddc7b0, tid 12070
08-18 18:19:02.197  1025 12070 I OpenGLRenderer: Initialized EGL, version 1.4
08-18 18:19:02.226  1025 12070 W EGL_emulation: eglSurfaceAttrib not implemented
08-18 18:19:02.226  1025 12070 W OpenGLRenderer: Failed to set EGL_SWAP_BEHAVIOR on surface 0xf04b4580, error=EGL_SUCCESS
08-18 18:19:02.557 12076 12076 D AndroidRuntime: >>>>>> START com.android.internal.os.RuntimeInit uid 0 <<<<<<
08-18 18:19:02.560 12076 12076 D AndroidRuntime: CheckJNI is OFF
08-18 18:19:02.577 12076 12076 D ICU     : No timezone override file found: /data/misc/zoneinfo/current/icu/icu_tzdata.dat
08-18 18:19:02.596 12076 12076 E memtrack: Couldn't load memtrack module (No such file or directory)
08-18 18:19:02.596 12076 12076 E android.os.Debug: failed to load memtrack module: -2
08-18 18:19:02.597 12076 12076 I Radio-JNI: register_android_hardware_Radio DONE
08-18 18:19:02.606 12076 12076 D AndroidRuntime: Calling main entry com.android.commands.input.Input
08-18 18:19:02.619 12076 12076 I Input   : injectKeyEvent: KeyEvent { action=ACTION_DOWN, keyCode=KEYCODE_ESCAPE, scanCode=0, metaState=0, flags=0x0, repeatCount=0, eventTime=811863, downTime=811863, deviceId=-1, source=0x101 }
08-18 18:19:02.626 12076 12076 I Input   : injectKeyEvent: KeyEvent { action=ACTION_UP, keyCode=KEYCODE_ESCAPE, scanCode=0, metaState=0, flags=0x0, repeatCount=0, eventTime=811863, downTime=811863, deviceId=-1, source=0x101 }
08-18 18:19:02.641 12076 12076 D AndroidRuntime: Shutting down VM
08-18 18:19:02.654  1025 12070 E Surface : getSlotFromBufferLocked: unknown buffer: 0xf3dd5f00
08-18 18:19:03.665 12090 12090 D AndroidRuntime: >>>>>> START com.android.internal.os.RuntimeInit uid 0 <<<<<<
08-18 18:19:03.668 12090 12090 D AndroidRuntime: CheckJNI is OFF
08-18 18:19:03.678 12090 12090 D ICU     : No timezone override file found: /data/misc/zoneinfo/current/icu/icu_tzdata.dat
08-18 18:19:03.691 12090 12090 E memtrack: Couldn't load memtrack module (No such file or directory)
08-18 18:19:03.691 12090 12090 E android.os.Debug: failed to load memtrack module: -2
08-18 18:19:03.692 12090 12090 I Radio-JNI: register_android_hardware_Radio DONE
08-18 18:19:03.699 12090 12090 D AndroidRuntime: Calling main entry com.android.commands.input.Input
08-18 18:19:03.705 12090 12090 I Input   : injectKeyEvent: KeyEvent { action=ACTION_DOWN, keyCode=KEYCODE_MOVE_END, scanCode=0, metaState=0, flags=0x0, repeatCount=0, eventTime=812961, downTime=812961, deviceId=-1, source=0x101 }
08-18 18:19:03.707 12090 12090 I Input   : injectKeyEvent: KeyEvent { action=ACTION_UP, keyCode=KEYCODE_MOVE_END, scanCode=0, metaState=0, flags=0x0, repeatCount=0, eventTime=812961, downTime=812961, deviceId=-1, source=0x101 }
08-18 18:19:03.709 12090 12090 D AndroidRuntime: Shutting down VM
08-18 18:19:04.106 12099 12099 D AndroidRuntime: >>>>>> START com.android.internal.os.RuntimeInit uid 0 <<<<<<
08-18 18:19:04.108 12099 12099 D AndroidRuntime: CheckJNI is OFF
08-18 18:19:04.117 12099 12099 D ICU     : No timezone override file found: /data/misc/zoneinfo/current/icu/icu_tzdata.dat
08-18 18:19:04.130 12099 12099 E memtrack: Couldn't load memtrack module (No such file or directory)
08-18 18:19:04.130 12099 12099 E android.os.Debug: failed to load memtrack module: -2
08-18 18:19:04.132 12099 12099 I Radio-JNI: register_android_hardware_Radio DONE
08-18 18:19:04.140 12099 12099 D AndroidRuntime: Calling main entry com.android.commands.input.Input
08-18 18:19:04.141 12099 12099 I Input   : injectKeyEvent: KeyEvent { action=ACTION_DOWN, keyCode=KEYCODE_DEL, scanCode=0, metaState=0, flags=0x0, repeatCount=0, eventTime=813398, downTime=813398, deviceId=-1, source=0x101 }
08-18 18:19:04.146 12099 12099 I Input   : injectKeyEvent: KeyEvent { action=ACTION_UP, keyCode=KEYCODE_DEL, scanCode=0, metaState=0, flags=0x0, repeatCount=0, eventTime=813398, downTime=813398, deviceId=-1, source=0x101 }
08-18 18:19:04.147 12099 12099 I Input   : injectKeyEvent: KeyEvent { action=ACTION_DOWN, keyCode=KEYCODE_DEL, scanCode=0, metaState=0, flags=0x0, repeatCount=0, eventTime=813403, downTime=813403, deviceId=-1, source=0x101 }
08-18 18:19:04.148 12099 12099 I Input   : injectKeyEvent: KeyEvent { action=ACTION_UP, keyCode=KEYCODE_DEL, scanCode=0, metaState=0, flags=0x0, repeatCount=0, eventTime=813403, downTime=813403, deviceId=-1, source=0x101 }
08-18 18:19:04.150 12099 12099 I Input   : injectKeyEvent: KeyEvent { action=ACTION_DOWN, keyCode=KEYCODE_DEL, scanCode=0, metaState=0, flags=0x0, repeatCount=0, eventTime=813406, downTime=813406, deviceId=-1, source=0x101 }
08-18 18:19:04.151 12099 12099 I Input   : injectKeyEvent: KeyEvent { action=ACTION_UP, keyCode=KEYCODE_DEL, scanCode=0, metaState=0, flags=0x0, repeatCount=0, eventTime=813406, downTime=813406, deviceId=-1, source=0x101 }
08-18 18:19:04.153 12099 12099 I Input   : injectKeyEvent: KeyEvent { action=ACTION_DOWN, keyCode=KEYCODE_DEL, scanCode=0, metaState=0, flags=0x0, repeatCount=0, eventTime=813409, downTime=813409, deviceId=-1, source=0x101 }
08-18 18:19:04.159 12099 12099 I Input   : injectKeyEvent: KeyEvent { action=ACTION_UP, keyCode=KEYCODE_DEL, scanCode=0, metaState=0, flags=0x0, repeatCount=0, eventTime=813409, downTime=813409, deviceId=-1, source=0x101 }
08-18 18:19:04.165 12099 12099 I Input   : injectKeyEvent: KeyEvent { action=ACTION_DOWN, keyCode=KEYCODE_DEL, scanCode=0, metaState=0, flags=0x0, repeatCount=0, eventTime=813422, downTime=813422, deviceId=-1, source=0x101 }
08-18 18:19:04.167 12099 12099 I Input   : injectKeyEvent: KeyEvent { action=ACTION_UP, keyCode=KEYCODE_DEL, scanCode=0, metaState=0, flags=0x0, repeatCount=0, eventTime=813422, downTime=813422, deviceId=-1, source=0x101 }
08-18 18:19:04.168 12099 12099 I Input   : injectKeyEvent: KeyEvent { action=ACTION_DOWN, keyCode=KEYCODE_DEL, scanCode=0, metaState=0, flags=0x0, repeatCount=0, eventTime=813425, downTime=813425, deviceId=-1, source=0x101 }
08-18 18:19:04.176 12099 12099 I Input   : injectKeyEvent: KeyEvent { action=ACTION_UP, keyCode=KEYCODE_DEL, scanCode=0, metaState=0, flags=0x0, repeatCount=0, eventTime=813425, downTime=813425, deviceId=-1, source=0x101 }
08-18 18:19:04.178 12099 12099 I Input   : injectKeyEvent: KeyEvent { action=ACTION_DOWN, keyCode=KEYCODE_DEL, scanCode=0, metaState=0, flags=0x0, repeatCount=0, eventTime=813435, downTime=813435, deviceId=-1, source=0x101 }
08-18 18:19:04.183 12099 12099 I Input   : injectKeyEvent: KeyEvent { action=ACTION_UP, keyCode=KEYCODE_DEL, scanCode=0, metaState=0, flags=0x0, repeatCount=0, eventTime=813435, downTime=813435, deviceId=-1, source=0x101 }
08-18 18:19:04.204 12099 12099 I Input   : injectKeyEvent: KeyEvent { action=ACTION_DOWN, keyCode=KEYCODE_DEL, scanCode=0, metaState=0, flags=0x0, repeatCount=0, eventTime=813461, downTime=813461, deviceId=-1, source=0x101 }
08-18 18:19:04.212 12099 12099 I Input   : injectKeyEvent: KeyEvent { action=ACTION_UP, keyCode=KEYCODE_DEL, scanCode=0, metaState=0, flags=0x0, repeatCount=0, eventTime=813461, downTime=813461, deviceId=-1, source=0x101 }
08-18 18:19:04.213 12099 12099 I Input   : injectKeyEvent: KeyEvent { action=ACTION_DOWN, keyCode=KEYCODE_DEL, scanCode=0, metaState=0, flags=0x0, repeatCount=0, eventTime=813470, downTime=813470, deviceId=-1, source=0x101 }
08-18 18:19:04.214 12099 12099 I Input   : injectKeyEvent: KeyEvent { action=ACTION_UP, keyCode=KEYCODE_DEL, scanCode=0, metaState=0, flags=0x0, repeatCount=0, eventTime=813470, downTime=813470, deviceId=-1, source=0x101 }
08-18 18:19:04.218 12099 12099 I Input   : injectKeyEvent: KeyEvent { action=ACTION_DOWN, keyCode=KEYCODE_DEL, scanCode=0, metaState=0, flags=0x0, repeatCount=0, eventTime=813474, downTime=813474, deviceId=-1, source=0x101 }
08-18 18:19:04.226 12099 12099 I Input   : injectKeyEvent: KeyEvent { action=ACTION_UP, keyCode=KEYCODE_DEL, scanCode=0, metaState=0, flags=0x0, repeatCount=0, eventTime=813474, downTime=813474, deviceId=-1, source=0x101 }
08-18 18:19:04.228 12099 12099 I Input   : injectKeyEvent: KeyEvent { action=ACTION_DOWN, keyCode=KEYCODE_DEL, scanCode=0, metaState=0, flags=0x0, repeatCount=0, eventTime=813484, downTime=813484, deviceId=-1, source=0x101 }
08-18 18:19:04.229 12099 12099 I Input   : injectKeyEvent: KeyEvent { action=ACTION_UP, keyCode=KEYCODE_DEL, scanCode=0, metaState=0, flags=0x0, repeatCount=0, eventTime=813484, downTime=813484, deviceId=-1, source=0x101 }
08-18 18:19:04.230 12099 12099 I Input   : injectKeyEvent: KeyEvent { action=ACTION_DOWN, keyCode=KEYCODE_DEL, scanCode=0, metaState=0, flags=0x0, repeatCount=0, eventTime=813487, downTime=813487, deviceId=-1, source=0x101 }
08-18 18:19:04.232 12099 12099 I Input   : injectKeyEvent: KeyEvent { action=ACTION_UP, keyCode=KEYCODE_DEL, scanCode=0, metaState=0, flags=0x0, repeatCount=0, eventTime=813487, downTime=813487, deviceId=-1, source=0x101 }
08-18 18:19:04.235 12099 12099 I Input   : injectKeyEvent: KeyEvent { action=ACTION_DOWN, keyCode=KEYCODE_DEL, scanCode=0, metaState=0, flags=0x0, repeatCount=0, eventTime=813492, downTime=813492, deviceId=-1, source=0x101 }
08-18 18:19:04.237 12099 12099 I Input   : injectKeyEvent: KeyEvent { action=ACTION_UP, keyCode=KEYCODE_DEL, scanCode=0, metaState=0, flags=0x0, repeatCount=0, eventTime=813492, downTime=813492, deviceId=-1, source=0x101 }
08-18 18:19:04.248 12099 12099 I Input   : injectKeyEvent: KeyEvent { action=ACTION_DOWN, keyCode=KEYCODE_DEL, scanCode=0, metaState=0, flags=0x0, repeatCount=0, eventTime=813505, downTime=813505, deviceId=-1, source=0x101 }
08-18 18:19:04.249 12099 12099 I Input   : injectKeyEvent: KeyEvent { action=ACTION_UP, keyCode=KEYCODE_DEL, scanCode=0, metaState=0, flags=0x0, repeatCount=0, eventTime=813505, downTime=813505, deviceId=-1, source=0x101 }
08-18 18:19:04.257 12099 12099 I Input   : injectKeyEvent: KeyEvent { action=ACTION_DOWN, keyCode=KEYCODE_DEL, scanCode=0, metaState=0, flags=0x0, repeatCount=0, eventTime=813513, downTime=813513, deviceId=-1, source=0x101 }
08-18 18:19:04.271 12099 12099 I Input   : injectKeyEvent: KeyEvent { action=ACTION_UP, keyCode=KEYCODE_DEL, scanCode=0, metaState=0, flags=0x0, repeatCount=0, eventTime=813513, downTime=813513, deviceId=-1, source=0x101 }
08-18 18:19:04.278 12099 12099 I Input   : injectKeyEvent: KeyEvent { action=ACTION_DOWN, keyCode=KEYCODE_DEL, scanCode=0, metaState=0, flags=0x0, repeatCount=0, eventTime=813535, downTime=813535, deviceId=-1, source=0x101 }
08-18 18:19:04.280 12099 12099 I Input   : injectKeyEvent: KeyEvent { action=ACTION_UP, keyCode=KEYCODE_DEL, scanCode=0, metaState=0, flags=0x0, repeatCount=0, eventTime=813535, downTime=813535, deviceId=-1, source=0x101 }
08-18 18:19:04.289 12099 12099 I Input   : injectKeyEvent: KeyEvent { action=ACTION_DOWN, keyCode=KEYCODE_DEL, scanCode=0, metaState=0, flags=0x0, repeatCount=0, eventTime=813546, downTime=813546, deviceId=-1, source=0x101 }
08-18 18:19:04.296 12099 12099 I Input   : injectKeyEvent: KeyEvent { action=ACTION_UP, keyCode=KEYCODE_DEL, scanCode=0, metaState=0, flags=0x0, repeatCount=0, eventTime=813546, downTime=813546, deviceId=-1, source=0x101 }
08-18 18:19:04.300 12099 12099 I Input   : injectKeyEvent: KeyEvent { action=ACTION_DOWN, keyCode=KEYCODE_DEL, scanCode=0, metaState=0, flags=0x0, repeatCount=0, eventTime=813556, downTime=813556, deviceId=-1, source=0x101 }
08-18 18:19:04.301 12099 12099 I Input   : injectKeyEvent: KeyEvent { action=ACTION_UP, keyCode=KEYCODE_DEL, scanCode=0, metaState=0, flags=0x0, repeatCount=0, eventTime=813556, downTime=813556, deviceId=-1, source=0x101 }
08-18 18:19:04.302 12099 12099 I Input   : injectKeyEvent: KeyEvent { action=ACTION_DOWN, keyCode=KEYCODE_DEL, scanCode=0, metaState=0, flags=0x0, repeatCount=0, eventTime=813559, downTime=813559, deviceId=-1, source=0x101 }
08-18 18:19:04.304 12099 12099 I Input   : injectKeyEvent: KeyEvent { action=ACTION_UP, keyCode=KEYCODE_DEL, scanCode=0, metaState=0, flags=0x0, repeatCount=0, eventTime=813559, downTime=813559, deviceId=-1, source=0x101 }
08-18 18:19:04.305 12099 12099 I Input   : injectKeyEvent: KeyEvent { action=ACTION_DOWN, keyCode=KEYCODE_DEL, scanCode=0, metaState=0, flags=0x0, repeatCount=0, eventTime=813562, downTime=813562, deviceId=-1, source=0x101 }
08-18 18:19:04.307 12099 12099 I Input   : injectKeyEvent: KeyEvent { action=ACTION_UP, keyCode=KEYCODE_DEL, scanCode=0, metaState=0, flags=0x0, repeatCount=0, eventTime=813562, downTime=813562, deviceId=-1, source=0x101 }
08-18 18:19:04.311 12099 12099 I Input   : injectKeyEvent: KeyEvent { action=ACTION_DOWN, keyCode=KEYCODE_DEL, scanCode=0, metaState=0, flags=0x0, repeatCount=0, eventTime=813568, downTime=813568, deviceId=-1, source=0x101 }
08-18 18:19:04.329 12099 12099 I Input   : injectKeyEvent: KeyEvent { action=ACTION_UP, keyCode=KEYCODE_DEL, scanCode=0, metaState=0, flags=0x0, repeatCount=0, eventTime=813568, downTime=813568, deviceId=-1, source=0x101 }
08-18 18:19:04.330 12099 12099 I Input   : injectKeyEvent: KeyEvent { action=ACTION_DOWN, keyCode=KEYCODE_DEL, scanCode=0, metaState=0, flags=0x0, repeatCount=0, eventTime=813587, downTime=813587, deviceId=-1, source=0x101 }
08-18 18:19:04.332 12099 12099 I Input   : injectKeyEvent: KeyEvent { action=ACTION_UP, keyCode=KEYCODE_DEL, scanCode=0, metaState=0, flags=0x0, repeatCount=0, eventTime=813587, downTime=813587, deviceId=-1, source=0x101 }
08-18 18:19:04.335 12099 12099 I Input   : injectKeyEvent: KeyEvent { action=ACTION_DOWN, keyCode=KEYCODE_DEL, scanCode=0, metaState=0, flags=0x0, repeatCount=0, eventTime=813591, downTime=813591, deviceId=-1, source=0x101 }
08-18 18:19:04.346 12099 12099 I Input   : injectKeyEvent: KeyEvent { action=ACTION_UP, keyCode=KEYCODE_DEL, scanCode=0, metaState=0, flags=0x0, repeatCount=0, eventTime=813591, downTime=813591, deviceId=-1, source=0x101 }
08-18 18:19:04.350 12099 12099 I Input   : injectKeyEvent: KeyEvent { action=ACTION_DOWN, keyCode=KEYCODE_DEL, scanCode=0, metaState=0, flags=0x0, repeatCount=0, eventTime=813606, downTime=813606, deviceId=-1, source=0x101 }
08-18 18:19:04.351 12099 12099 I Input   : injectKeyEvent: KeyEvent { action=ACTION_UP, keyCode=KEYCODE_DEL, scanCode=0, metaState=0, flags=0x0, repeatCount=0, eventTime=813606, downTime=813606, deviceId=-1, source=0x101 }
08-18 18:19:04.361 12099 12099 I Input   : injectKeyEvent: KeyEvent { action=ACTION_DOWN, keyCode=KEYCODE_DEL, scanCode=0, metaState=0, flags=0x0, repeatCount=0, eventTime=813618, downTime=813618, deviceId=-1, source=0x101 }
08-18 18:19:04.362 12099 12099 I Input   : injectKeyEvent: KeyEvent { action=ACTION_UP, keyCode=KEYCODE_DEL, scanCode=0, metaState=0, flags=0x0, repeatCount=0, eventTime=813618, downTime=813618, deviceId=-1, source=0x101 }
08-18 18:19:04.369 12099 12099 I Input   : injectKeyEvent: KeyEvent { action=ACTION_DOWN, keyCode=KEYCODE_DEL, scanCode=0, metaState=0, flags=0x0, repeatCount=0, eventTime=813626, downTime=813626, deviceId=-1, source=0x101 }
08-18 18:19:04.371 12099 12099 I Input   : injectKeyEvent: KeyEvent { action=ACTION_UP, keyCode=KEYCODE_DEL, scanCode=0, metaState=0, flags=0x0, repeatCount=0, eventTime=813626, downTime=813626, deviceId=-1, source=0x101 }
08-18 18:19:04.373 12099 12099 I Input   : injectKeyEvent: KeyEvent { action=ACTION_DOWN, keyCode=KEYCODE_DEL, scanCode=0, metaState=0, flags=0x0, repeatCount=0, eventTime=813630, downTime=813630, deviceId=-1, source=0x101 }
08-18 18:19:04.375 12099 12099 I Input   : injectKeyEvent: KeyEvent { action=ACTION_UP, keyCode=KEYCODE_DEL, scanCode=0, metaState=0, flags=0x0, repeatCount=0, eventTime=813630, downTime=813630, deviceId=-1, source=0x101 }
08-18 18:19:04.377 12099 12099 I Input   : injectKeyEvent: KeyEvent { action=ACTION_DOWN, keyCode=KEYCODE_DEL, scanCode=0, metaState=0, flags=0x0, repeatCount=0, eventTime=813634, downTime=813634, deviceId=-1, source=0x101 }
08-18 18:19:04.381 12099 12099 I Input   : injectKeyEvent: KeyEvent { action=ACTION_UP, keyCode=KEYCODE_DEL, scanCode=0, metaState=0, flags=0x0, repeatCount=0, eventTime=813634, downTime=813634, deviceId=-1, source=0x101 }
08-18 18:19:04.400 12099 12099 I Input   : injectKeyEvent: KeyEvent { action=ACTION_DOWN, keyCode=KEYCODE_DEL, scanCode=0, metaState=0, flags=0x0, repeatCount=0, eventTime=813657, downTime=813657, deviceId=-1, source=0x101 }
08-18 18:19:04.409 12099 12099 I Input   : injectKeyEvent: KeyEvent { action=ACTION_UP, keyCode=KEYCODE_DEL, scanCode=0, metaState=0, flags=0x0, repeatCount=0, eventTime=813657, downTime=813657, deviceId=-1, source=0x101 }
08-18 18:19:04.418 12099 12099 I Input   : injectKeyEvent: KeyEvent { action=ACTION_DOWN, keyCode=KEYCODE_DEL, scanCode=0, metaState=0, flags=0x0, repeatCount=0, eventTime=813675, downTime=813675, deviceId=-1, source=0x101 }
08-18 18:19:04.424 12099 12099 I Input   : injectKeyEvent: KeyEvent { action=ACTION_UP, keyCode=KEYCODE_DEL, scanCode=0, metaState=0, flags=0x0, repeatCount=0, eventTime=813675, downTime=813675, deviceId=-1, source=0x101 }
08-18 18:19:04.426 12099 12099 I Input   : injectKeyEvent: KeyEvent { action=ACTION_DOWN, keyCode=KEYCODE_DEL, scanCode=0, metaState=0, flags=0x0, repeatCount=0, eventTime=813682, downTime=813682, deviceId=-1, source=0x101 }
08-18 18:19:04.439 12099 12099 I Input   : injectKeyEvent: KeyEvent { action=ACTION_UP, keyCode=KEYCODE_DEL, scanCode=0, metaState=0, flags=0x0, repeatCount=0, eventTime=813682, downTime=813682, deviceId=-1, source=0x101 }
08-18 18:19:04.440 12099 12099 I Input   : injectKeyEvent: KeyEvent { action=ACTION_DOWN, keyCode=KEYCODE_DEL, scanCode=0, metaState=0, flags=0x0, repeatCount=0, eventTime=813697, downTime=813697, deviceId=-1, source=0x101 }
08-18 18:19:04.446 12099 12099 I Input   : injectKeyEvent: KeyEvent { action=ACTION_UP, keyCode=KEYCODE_DEL, scanCode=0, metaState=0, flags=0x0, repeatCount=0, eventTime=813697, downTime=813697, deviceId=-1, source=0x101 }
08-18 18:19:04.449 12099 12099 I Input   : injectKeyEvent: KeyEvent { action=ACTION_DOWN, keyCode=KEYCODE_DEL, scanCode=0, metaState=0, flags=0x0, repeatCount=0, eventTime=813706, downTime=813706, deviceId=-1, source=0x101 }
08-18 18:19:04.454 12099 12099 I Input   : injectKeyEvent: KeyEvent { action=ACTION_UP, keyCode=KEYCODE_DEL, scanCode=0, metaState=0, flags=0x0, repeatCount=0, eventTime=813706, downTime=813706, deviceId=-1, source=0x101 }
08-18 18:19:04.457 12099 12099 I Input   : injectKeyEvent: KeyEvent { action=ACTION_DOWN, keyCode=KEYCODE_DEL, scanCode=0, metaState=0, flags=0x0, repeatCount=0, eventTime=813714, downTime=813714, deviceId=-1, source=0x101 }
08-18 18:19:04.462 12099 12099 I Input   : injectKeyEvent: KeyEvent { action=ACTION_UP, keyCode=KEYCODE_DEL, scanCode=0, metaState=0, flags=0x0, repeatCount=0, eventTime=813714, downTime=813714, deviceId=-1, source=0x101 }
08-18 18:19:04.466 12099 12099 I Input   : injectKeyEvent: KeyEvent { action=ACTION_DOWN, keyCode=KEYCODE_DEL, scanCode=0, metaState=0, flags=0x0, repeatCount=0, eventTime=813722, downTime=813722, deviceId=-1, source=0x101 }
08-18 18:19:04.485 12099 12099 I Input   : injectKeyEvent: KeyEvent { action=ACTION_UP, keyCode=KEYCODE_DEL, scanCode=0, metaState=0, flags=0x0, repeatCount=0, eventTime=813722, downTime=813722, deviceId=-1, source=0x101 }
08-18 18:19:04.487 12099 12099 I Input   : injectKeyEvent: KeyEvent { action=ACTION_DOWN, keyCode=KEYCODE_DEL, scanCode=0, metaState=0, flags=0x0, repeatCount=0, eventTime=813743, downTime=813743, deviceId=-1, source=0x101 }
08-18 18:19:04.512 12099 12099 I Input   : injectKeyEvent: KeyEvent { action=ACTION_UP, keyCode=KEYCODE_DEL, scanCode=0, metaState=0, flags=0x0, repeatCount=0, eventTime=813743, downTime=813743, deviceId=-1, source=0x101 }
08-18 18:19:04.515 12099 12099 I Input   : injectKeyEvent: KeyEvent { action=ACTION_DOWN, keyCode=KEYCODE_DEL, scanCode=0, metaState=0, flags=0x0, repeatCount=0, eventTime=813772, downTime=813772, deviceId=-1, source=0x101 }
08-18 18:19:04.536 12099 12099 I Input   : injectKeyEvent: KeyEvent { action=ACTION_UP, keyCode=KEYCODE_DEL, scanCode=0, metaState=0, flags=0x0, repeatCount=0, eventTime=813772, downTime=813772, deviceId=-1, source=0x101 }
08-18 18:19:04.546 12099 12099 I Input   : injectKeyEvent: KeyEvent { action=ACTION_DOWN, keyCode=KEYCODE_DEL, scanCode=0, metaState=0, flags=0x0, repeatCount=0, eventTime=813803, downTime=813803, deviceId=-1, source=0x101 }
08-18 18:19:04.571 12099 12099 I Input   : injectKeyEvent: KeyEvent { action=ACTION_UP, keyCode=KEYCODE_DEL, scanCode=0, metaState=0, flags=0x0, repeatCount=0, eventTime=813803, downTime=813803, deviceId=-1, source=0x101 }
08-18 18:19:04.578 12099 12099 I Input   : injectKeyEvent: KeyEvent { action=ACTION_DOWN, keyCode=KEYCODE_DEL, scanCode=0, metaState=0, flags=0x0, repeatCount=0, eventTime=813835, downTime=813835, deviceId=-1, source=0x101 }
08-18 18:19:04.585 12099 12099 I Input   : injectKeyEvent: KeyEvent { action=ACTION_UP, keyCode=KEYCODE_DEL, scanCode=0, metaState=0, flags=0x0, repeatCount=0, eventTime=813835, downTime=813835, deviceId=-1, source=0x101 }
08-18 18:19:04.590 12099 12099 I Input   : injectKeyEvent: KeyEvent { action=ACTION_DOWN, keyCode=KEYCODE_DEL, scanCode=0, metaState=0, flags=0x0, repeatCount=0, eventTime=813847, downTime=813847, deviceId=-1, source=0x101 }
08-18 18:19:04.592 12099 12099 I Input   : injectKeyEvent: KeyEvent { action=ACTION_UP, keyCode=KEYCODE_DEL, scanCode=0, metaState=0, flags=0x0, repeatCount=0, eventTime=813847, downTime=813847, deviceId=-1, source=0x101 }
08-18 18:19:04.600 12099 12099 I Input   : injectKeyEvent: KeyEvent { action=ACTION_DOWN, keyCode=KEYCODE_DEL, scanCode=0, metaState=0, flags=0x0, repeatCount=0, eventTime=813856, downTime=813856, deviceId=-1, source=0x101 }
08-18 18:19:04.606 12099 12099 I Input   : injectKeyEvent: KeyEvent { action=ACTION_UP, keyCode=KEYCODE_DEL, scanCode=0, metaState=0, flags=0x0, repeatCount=0, eventTime=813856, downTime=813856, deviceId=-1, source=0x101 }
08-18 18:19:04.608 12099 12099 I Input   : injectKeyEvent: KeyEvent { action=ACTION_DOWN, keyCode=KEYCODE_DEL, scanCode=0, metaState=0, flags=0x0, repeatCount=0, eventTime=813864, downTime=813864, deviceId=-1, source=0x101 }
08-18 18:19:04.611 12099 12099 I Input   : injectKeyEvent: KeyEvent { action=ACTION_UP, keyCode=KEYCODE_DEL, scanCode=0, metaState=0, flags=0x0, repeatCount=0, eventTime=813864, downTime=813864, deviceId=-1, source=0x101 }
08-18 18:19:04.615 12099 12099 I Input   : injectKeyEvent: KeyEvent { action=ACTION_DOWN, keyCode=KEYCODE_DEL, scanCode=0, metaState=0, flags=0x0, repeatCount=0, eventTime=813871, downTime=813871, deviceId=-1, source=0x101 }
08-18 18:19:04.616 12099 12099 I Input   : injectKeyEvent: KeyEvent { action=ACTION_UP, keyCode=KEYCODE_DEL, scanCode=0, metaState=0, flags=0x0, repeatCount=0, eventTime=813871, downTime=813871, deviceId=-1, source=0x101 }
08-18 18:19:04.624 12099 12099 I Input   : injectKeyEvent: KeyEvent { action=ACTION_DOWN, keyCode=KEYCODE_DEL, scanCode=0, metaState=0, flags=0x0, repeatCount=0, eventTime=813880, downTime=813880, deviceId=-1, source=0x101 }
08-18 18:19:04.639 12099 12099 I Input   : injectKeyEvent: KeyEvent { action=ACTION_UP, keyCode=KEYCODE_DEL, scanCode=0, metaState=0, flags=0x0, repeatCount=0, eventTime=813880, downTime=813880, deviceId=-1, source=0x101 }
08-18 18:19:04.641 12099 12099 I Input   : injectKeyEvent: KeyEvent { action=ACTION_DOWN, keyCode=KEYCODE_DEL, scanCode=0, metaState=0, flags=0x0, repeatCount=0, eventTime=813898, downTime=813898, deviceId=-1, source=0x101 }
08-18 18:19:04.647 12099 12099 I Input   : injectKeyEvent: KeyEvent { action=ACTION_UP, keyCode=KEYCODE_DEL, scanCode=0, metaState=0, flags=0x0, repeatCount=0, eventTime=813898, downTime=813898, deviceId=-1, source=0x101 }
08-18 18:19:04.649 12099 12099 I Input   : injectKeyEvent: KeyEvent { action=ACTION_DOWN, keyCode=KEYCODE_DEL, scanCode=0, metaState=0, flags=0x0, repeatCount=0, eventTime=813906, downTime=813906, deviceId=-1, source=0x101 }
08-18 18:19:04.651 12099 12099 I Input   : injectKeyEvent: KeyEvent { action=ACTION_UP, keyCode=KEYCODE_DEL, scanCode=0, metaState=0, flags=0x0, repeatCount=0, eventTime=813906, downTime=813906, deviceId=-1, source=0x101 }
08-18 18:19:04.652 12099 12099 I Input   : injectKeyEvent: KeyEvent { action=ACTION_DOWN, keyCode=KEYCODE_DEL, scanCode=0, metaState=0, flags=0x0, repeatCount=0, eventTime=813908, downTime=813908, deviceId=-1, source=0x101 }
08-18 18:19:04.655 12099 12099 I Input   : injectKeyEvent: KeyEvent { action=ACTION_UP, keyCode=KEYCODE_DEL, scanCode=0, metaState=0, flags=0x0, repeatCount=0, eventTime=813908, downTime=813908, deviceId=-1, source=0x101 }
08-18 18:19:04.655 12099 12099 I Input   : injectKeyEvent: KeyEvent { action=ACTION_DOWN, keyCode=KEYCODE_DEL, scanCode=0, metaState=0, flags=0x0, repeatCount=0, eventTime=813912, downTime=813912, deviceId=-1, source=0x101 }
08-18 18:19:04.666 12099 12099 I Input   : injectKeyEvent: KeyEvent { action=ACTION_UP, keyCode=KEYCODE_DEL, scanCode=0, metaState=0, flags=0x0, repeatCount=0, eventTime=813912, downTime=813912, deviceId=-1, source=0x101 }
08-18 18:19:04.669 12099 12099 I Input   : injectKeyEvent: KeyEvent { action=ACTION_DOWN, keyCode=KEYCODE_DEL, scanCode=0, metaState=0, flags=0x0, repeatCount=0, eventTime=813925, downTime=813925, deviceId=-1, source=0x101 }
08-18 18:19:04.672 12099 12099 I Input   : injectKeyEvent: KeyEvent { action=ACTION_UP, keyCode=KEYCODE_DEL, scanCode=0, metaState=0, flags=0x0, repeatCount=0, eventTime=813925, downTime=813925, deviceId=-1, source=0x101 }
08-18 18:19:04.673 12099 12099 I Input   : injectKeyEvent: KeyEvent { action=ACTION_DOWN, keyCode=KEYCODE_DEL, scanCode=0, metaState=0, flags=0x0, repeatCount=0, eventTime=813929, downTime=813929, deviceId=-1, source=0x101 }
08-18 18:19:04.674 12099 12099 I Input   : injectKeyEvent: KeyEvent { action=ACTION_UP, keyCode=KEYCODE_DEL, scanCode=0, metaState=0, flags=0x0, repeatCount=0, eventTime=813929, downTime=813929, deviceId=-1, source=0x101 }
08-18 18:19:04.676 12099 12099 D AndroidRuntime: Shutting down VM
08-18 18:19:05.062 12108 12108 D AndroidRuntime: >>>>>> START com.android.internal.os.RuntimeInit uid 0 <<<<<<
08-18 18:19:05.064 12108 12108 D AndroidRuntime: CheckJNI is OFF
08-18 18:19:05.074 12108 12108 D ICU     : No timezone override file found: /data/misc/zoneinfo/current/icu/icu_tzdata.dat
08-18 18:19:05.091 12108 12108 E memtrack: Couldn't load memtrack module (No such file or directory)
08-18 18:19:05.091 12108 12108 E android.os.Debug: failed to load memtrack module: -2
08-18 18:19:05.092 12108 12108 I Radio-JNI: register_android_hardware_Radio DONE
08-18 18:19:05.099 12108 12108 D AndroidRuntime: Calling main entry com.android.commands.input.Input
08-18 18:19:05.113 12108 12108 I Input   : injectKeyEvent: KeyEvent { action=ACTION_DOWN, keyCode=KEYCODE_SHIFT_LEFT, scanCode=0, metaState=META_SHIFT_ON|META_SHIFT_LEFT_ON, flags=0x0, repeatCount=0, eventTime=814370, downTime=814370, deviceId=-1, source=0x101 }
08-18 18:19:05.115 12108 12108 I Input   : injectKeyEvent: KeyEvent { action=ACTION_DOWN, keyCode=KEYCODE_T, scanCode=0, metaState=META_SHIFT_ON|META_SHIFT_LEFT_ON, flags=0x0, repeatCount=0, eventTime=814370, downTime=814370, deviceId=-1, source=0x101 }
08-18 18:19:05.118 12108 12108 I Input   : injectKeyEvent: KeyEvent { action=ACTION_UP, keyCode=KEYCODE_T, scanCode=0, metaState=META_SHIFT_ON|META_SHIFT_LEFT_ON, flags=0x0, repeatCount=0, eventTime=814370, downTime=814370, deviceId=-1, source=0x101 }
08-18 18:19:05.120 12108 12108 I Input   : injectKeyEvent: KeyEvent { action=ACTION_UP, keyCode=KEYCODE_SHIFT_LEFT, scanCode=0, metaState=0, flags=0x0, repeatCount=0, eventTime=814370, downTime=814370, deviceId=-1, source=0x101 }
08-18 18:19:05.121 12108 12108 I Input   : injectKeyEvent: KeyEvent { action=ACTION_DOWN, keyCode=KEYCODE_E, scanCode=0, metaState=0, flags=0x0, repeatCount=0, eventTime=814370, downTime=814370, deviceId=-1, source=0x101 }
08-18 18:19:05.128 12108 12108 I Input   : injectKeyEvent: KeyEvent { action=ACTION_UP, keyCode=KEYCODE_E, scanCode=0, metaState=0, flags=0x0, repeatCount=0, eventTime=814370, downTime=814370, deviceId=-1, source=0x101 }
08-18 18:19:05.130 12108 12108 I Input   : injectKeyEvent: KeyEvent { action=ACTION_DOWN, keyCode=KEYCODE_S, scanCode=0, metaState=0, flags=0x0, repeatCount=0, eventTime=814370, downTime=814370, deviceId=-1, source=0x101 }
08-18 18:19:05.135 12108 12108 I Input   : injectKeyEvent: KeyEvent { action=ACTION_UP, keyCode=KEYCODE_S, scanCode=0, metaState=0, flags=0x0, repeatCount=0, eventTime=814370, downTime=814370, deviceId=-1, source=0x101 }
08-18 18:19:05.137 12108 12108 I Input   : injectKeyEvent: KeyEvent { action=ACTION_DOWN, keyCode=KEYCODE_T, scanCode=0, metaState=0, flags=0x0, repeatCount=0, eventTime=814370, downTime=814370, deviceId=-1, source=0x101 }
08-18 18:19:05.139 12108 12108 I Input   : injectKeyEvent: KeyEvent { action=ACTION_UP, keyCode=KEYCODE_T, scanCode=0, metaState=0, flags=0x0, repeatCount=0, eventTime=814370, downTime=814370, deviceId=-1, source=0x101 }
08-18 18:19:05.140 12108 12108 I Input   : injectKeyEvent: KeyEvent { action=ACTION_DOWN, keyCode=KEYCODE_SHIFT_LEFT, scanCode=0, metaState=META_SHIFT_ON|META_SHIFT_LEFT_ON, flags=0x0, repeatCount=0, eventTime=814370, downTime=814370, deviceId=-1, source=0x101 }
08-18 18:19:05.144 12108 12108 I Input   : injectKeyEvent: KeyEvent { action=ACTION_DOWN, keyCode=KEYCODE_T, scanCode=0, metaState=META_SHIFT_ON|META_SHIFT_LEFT_ON, flags=0x0, repeatCount=0, eventTime=814370, downTime=814370, deviceId=-1, source=0x101 }
08-18 18:19:05.155 12108 12108 I Input   : injectKeyEvent: KeyEvent { action=ACTION_UP, keyCode=KEYCODE_T, scanCode=0, metaState=META_SHIFT_ON|META_SHIFT_LEFT_ON, flags=0x0, repeatCount=0, eventTime=814370, downTime=814370, deviceId=-1, source=0x101 }
08-18 18:19:05.157 12108 12108 I Input   : injectKeyEvent: KeyEvent { action=ACTION_UP, keyCode=KEYCODE_SHIFT_LEFT, scanCode=0, metaState=0, flags=0x0, repeatCount=0, eventTime=814370, downTime=814370, deviceId=-1, source=0x101 }
08-18 18:19:05.158 12108 12108 I Input   : injectKeyEvent: KeyEvent { action=ACTION_DOWN, keyCode=KEYCODE_E, scanCode=0, metaState=0, flags=0x0, repeatCount=0, eventTime=814370, downTime=814370, deviceId=-1, source=0x101 }
08-18 18:19:05.162 12108 12108 I Input   : injectKeyEvent: KeyEvent { action=ACTION_UP, keyCode=KEYCODE_E, scanCode=0, metaState=0, flags=0x0, repeatCount=0, eventTime=814370, downTime=814370, deviceId=-1, source=0x101 }
08-18 18:19:05.166 12108 12108 I Input   : injectKeyEvent: KeyEvent { action=ACTION_DOWN, keyCode=KEYCODE_S, scanCode=0, metaState=0, flags=0x0, repeatCount=0, eventTime=814370, downTime=814370, deviceId=-1, source=0x101 }
08-18 18:19:05.175 12108 12108 I Input   : injectKeyEvent: KeyEvent { action=ACTION_UP, keyCode=KEYCODE_S, scanCode=0, metaState=0, flags=0x0, repeatCount=0, eventTime=814370, downTime=814370, deviceId=-1, source=0x101 }
