08-18 18:19:05.220 12108 12108 I Input   : injectKeyEvent: KeyEvent { action=ACTION_DOWN, keyCode=KEYCODE_T, scanCode=0, metaState=0, flags=0x0, repeatCount=0, eventTime=814370, downTime=814370, deviceId=-1, source=0x101 }
08-18 18:19:05.226 12108 12108 I Input   : injectKeyEvent: KeyEvent { action=ACTION_UP, keyCode=KEYCODE_T, scanCode=0, metaState=0, flags=0x0, repeatCount=0, eventTime=814370, downTime=814370, deviceId=-1, source=0x101 }
08-18 18:19:05.243 12108 12108 I Input   : injectKeyEvent: KeyEvent { action=ACTION_DOWN, keyCode=KEYCODE_SPACE, scanCode=0, metaState=0, flags=0x0, repeatCount=0, eventTime=814370, downTime=814370, deviceId=-1, source=0x101 }
08-18 18:19:05.266 12108 12108 I Input   : injectKeyEvent: KeyEvent { action=ACTION_UP, keyCode=KEYCODE_SPACE, scanCode=0, metaState=0, flags=0x0, repeatCount=0, eventTime=814370, downTime=814370, deviceId=-1, source=0x101 }
08-18 18:19:05.267 12108 12108 I Input   : injectKeyEvent: KeyEvent { action=ACTION_DOWN, keyCode=KEYCODE_SHIFT_LEFT, scanCode=0, metaState=META_SHIFT_ON|META_SHIFT_LEFT_ON, flags=0x0, repeatCount=0, eventTime=814370, downTime=814370, deviceId=-1, source=0x101 }
08-18 18:19:05.276 12108 12108 I Input   : injectKeyEvent: KeyEvent { action=ACTION_DOWN, keyCode=KEYCODE_T, scanCode=0, metaState=META_SHIFT_ON|META_SHIFT_LEFT_ON, flags=0x0, repeatCount=0, eventTime=814370, downTime=814370, deviceId=-1, source=0x101 }
08-18 18:19:05.294 12108 12108 I Input   : injectKeyEvent: KeyEvent { action=ACTION_UP, keyCode=KEYCODE_T, scanCode=0, metaState=META_SHIFT_ON|META_SHIFT_LEFT_ON, flags=0x0, repeatCount=0, eventTime=814370, downTime=814370, deviceId=-1, source=0x101 }
08-18 18:19:05.310 12108 12108 I Input   : injectKeyEvent: KeyEvent { action=ACTION_UP, keyCode=KEYCODE_SHIFT_LEFT, scanCode=0, metaState=0, flags=0x0, repeatCount=0, eventTime=814370, downTime=814370, deviceId=-1, source=0x101 }
08-18 18:19:05.314 12108 12108 I Input   : injectKeyEvent: KeyEvent { action=ACTION_DOWN, keyCode=KEYCODE_E, scanCode=0, metaState=0, flags=0x0, repeatCount=0, eventTime=814370, downTime=814370, deviceId=-1, source=0x101 }
08-18 18:19:05.316 12108 12108 I Input   : injectKeyEvent: KeyEvent { action=ACTION_UP, keyCode=KEYCODE_E, scanCode=0, metaState=0, flags=0x0, repeatCount=0, eventTime=814370, downTime=814370, deviceId=-1, source=0x101 }
08-18 18:19:05.326 12108 12108 I Input   : injectKeyEvent: KeyEvent { action=ACTION_DOWN, keyCode=KEYCODE_S, scanCode=0, metaState=0, flags=0x0, repeatCount=0, eventTime=814370, downTime=814370, deviceId=-1, source=0x101 }
08-18 18:19:05.334 12108 12108 I Input   : injectKeyEvent: KeyEvent { action=ACTION_UP, keyCode=KEYCODE_S, scanCode=0, metaState=0, flags=0x0, repeatCount=0, eventTime=814370, downTime=814370, deviceId=-1, source=0x101 }
08-18 18:19:05.383 12108 12108 I Input   : injectKeyEvent: KeyEvent { action=ACTION_DOWN, keyCode=KEYCODE_T, scanCode=0, metaState=0, flags=0x0, repeatCount=0, eventTime=814370, downTime=814370, deviceId=-1, source=0x101 }
08-18 18:19:05.387 12108 12108 I Input   : injectKeyEvent: KeyEvent { action=ACTION_UP, keyCode=KEYCODE_T, scanCode=0, metaState=0, flags=0x0, repeatCount=0, eventTime=814370, downTime=814370, deviceId=-1, source=0x101 }
08-18 18:19:05.415 12108 12108 D AndroidRuntime: Shutting down VM
08-18 18:19:07.431 12442 12442 D AndroidRuntime: >>>>>> START com.android.internal.os.RuntimeInit uid 0 <<<<<<
08-18 18:19:07.434 12442 12442 D AndroidRuntime: CheckJNI is OFF
08-18 18:19:07.447 12442 12442 D ICU     : No timezone override file found: /data/misc/zoneinfo/current/icu/icu_tzdata.dat
08-18 18:19:07.462 12442 12442 E memtrack: Couldn't load memtrack module (No such file or directory)
08-18 18:19:07.462 12442 12442 E android.os.Debug: failed to load memtrack module: -2
08-18 18:19:07.464 12442 12442 I Radio-JNI: register_android_hardware_Radio DONE
08-18 18:19:07.472 12442 12442 D AndroidRuntime: Calling main entry com.android.commands.uiautomator.Launcher
08-18 18:19:08.498 12442 12442 I AccessibilityNodeInfoDumper: Skipping invisible child: android.view.accessibility.AccessibilityNodeInfo@8000e360; boundsInParent: Rect(0, 0 - 0, 112); boundsInScreen: Rect(1200, 48 - 1200, 160); packageName: protect.babymonitor; className: android.widget.LinearLayout; text: null; error: null; maxTextLength: -1; contentDescription: null; viewIdResName: null; checkable: false; checked: false; focusable: false; focused: false; selected: false; clickable: false; longClickable: false; contextClickable: false; enabled: true; password: false; scrollable: false; actions: [AccessibilityAction: ACTION_SELECT - null, AccessibilityAction: ACTION_CLEAR_SELECTION - null, AccessibilityAction: ACTION_ACCESSIBILITY_FOCUS - null, AccessibilityAction: ACTION_UNKNOWN - null]
08-18 18:19:08.500 12442 12442 W AccessibilityNodeInfoDumper: Fetch time: 7ms
08-18 18:19:08.501   610   770 W WindowManager: Attempted to remove non-existing token: android.os.Binder@17157a4
08-18 18:19:08.505 12442 12442 D AndroidRuntime: Shutting down VM
08-18 18:19:09.625 12465 12465 D AndroidRuntime: >>>>>> START com.android.internal.os.RuntimeInit uid 0 <<<<<<
08-18 18:19:09.627 12465 12465 D AndroidRuntime: CheckJNI is OFF
08-18 18:19:09.638 12465 12465 D ICU     : No timezone override file found: /data/misc/zoneinfo/current/icu/icu_tzdata.dat
08-18 18:19:09.653 12465 12465 E memtrack: Couldn't load memtrack module (No such file or directory)
08-18 18:19:09.653 12465 12465 E android.os.Debug: failed to load memtrack module: -2
08-18 18:19:09.654 12465 12465 I Radio-JNI: register_android_hardware_Radio DONE
08-18 18:19:09.662 12465 12465 D AndroidRuntime: Calling main entry com.android.commands.uiautomator.Launcher
08-18 18:19:10.681 12465 12465 I AccessibilityNodeInfoDumper: Skipping invisible child: android.view.accessibility.AccessibilityNodeInfo@8000e367; boundsInParent: Rect(0, 0 - 0, 112); boundsInScreen: Rect(1200, 48 - 1200, 160); packageName: protect.babymonitor; className: android.widget.LinearLayout; text: null; error: null; maxTextLength: -1; contentDescription: null; viewIdResName: null; checkable: false; checked: false; focusable: false; focused: false; selected: false; clickable: false; longClickable: false; contextClickable: false; enabled: true; password: false; scrollable: false; actions: [AccessibilityAction: ACTION_SELECT - null, AccessibilityAction: ACTION_CLEAR_SELECTION - null, AccessibilityAction: ACTION_ACCESSIBILITY_FOCUS - null, AccessibilityAction: ACTION_UNKNOWN - null]
08-18 18:19:10.682 12465 12465 W AccessibilityNodeInfoDumper: Fetch time: 8ms
08-18 18:19:10.683   610  1004 W WindowManager: Attempted to remove non-existing token: android.os.Binder@2ce790d
08-18 18:19:10.685 12465 12465 D AndroidRuntime: Shutting down VM
08-18 18:19:11.200 12484 12484 D AndroidRuntime: >>>>>> START com.android.internal.os.RuntimeInit uid 0 <<<<<<
08-18 18:19:11.202 12484 12484 D AndroidRuntime: CheckJNI is OFF
08-18 18:19:11.215 12484 12484 D ICU     : No timezone override file found: /data/misc/zoneinfo/current/icu/icu_tzdata.dat
08-18 18:19:11.230 12484 12484 E memtrack: Couldn't load memtrack module (No such file or directory)
08-18 18:19:11.230 12484 12484 E android.os.Debug: failed to load memtrack module: -2
08-18 18:19:11.231 12484 12484 I Radio-JNI: register_android_hardware_Radio DONE
08-18 18:19:11.237 12484 12484 D AndroidRuntime: Calling main entry com.android.commands.uiautomator.Launcher
08-18 18:19:12.299 12484 12484 I AccessibilityNodeInfoDumper: Skipping invisible child: android.view.accessibility.AccessibilityNodeInfo@8000e373; boundsInParent: Rect(0, 0 - 0, 112); boundsInScreen: Rect(1200, 48 - 1200, 160); packageName: protect.babymonitor; className: android.widget.LinearLayout; text: null; error: null; maxTextLength: -1; contentDescription: null; viewIdResName: null; checkable: false; checked: false; focusable: false; focused: false; selected: false; clickable: false; longClickable: false; contextClickable: false; enabled: true; password: false; scrollable: false; actions: [AccessibilityAction: ACTION_SELECT - null, AccessibilityAction: ACTION_CLEAR_SELECTION - null, AccessibilityAction: ACTION_ACCESSIBILITY_FOCUS - null, AccessibilityAction: ACTION_UNKNOWN - null]
08-18 18:19:12.299 12484 12484 W AccessibilityNodeInfoDumper: Fetch time: 6ms
08-18 18:19:12.300   610   767 W WindowManager: Attempted to remove non-existing token: android.os.Binder@7d9b0c2
08-18 18:19:12.309 12484 12484 D AndroidRuntime: Shutting down VM
08-18 18:19:12.854 12497 12497 D AndroidRuntime: >>>>>> START com.android.internal.os.RuntimeInit uid 0 <<<<<<
08-18 18:19:12.857 12497 12497 D AndroidRuntime: CheckJNI is OFF
08-18 18:19:12.869 12497 12497 D ICU     : No timezone override file found: /data/misc/zoneinfo/current/icu/icu_tzdata.dat
08-18 18:19:12.884 12497 12497 E memtrack: Couldn't load memtrack module (No such file or directory)
08-18 18:19:12.884 12497 12497 E android.os.Debug: failed to load memtrack module: -2
08-18 18:19:12.886 12497 12497 I Radio-JNI: register_android_hardware_Radio DONE
08-18 18:19:12.897 12497 12497 D AndroidRuntime: Calling main entry com.android.commands.input.Input
08-18 18:19:12.903 12497 12497 I Input   : injectMotionEvent: MotionEvent { action=ACTION_DOWN, actionButton=0, id[0]=0, x[0]=600.0, y[0]=591.0, toolType[0]=TOOL_TYPE_UNKNOWN, buttonState=0, metaState=0, flags=0x0, edgeFlags=0x0, pointerCount=1, historySize=0, eventTime=822154, downTime=822154, deviceId=0, source=0x1002 }
08-18 18:19:12.912 12497 12497 I Input   : injectMotionEvent: MotionEvent { action=ACTION_UP, actionButton=0, id[0]=0, x[0]=600.0, y[0]=591.0, toolType[0]=TOOL_TYPE_UNKNOWN, buttonState=0, metaState=0, flags=0x0, edgeFlags=0x0, pointerCount=1, historySize=0, eventTime=822154, downTime=822154, deviceId=0, source=0x1002 }
08-18 18:19:12.917 12497 12497 D AndroidRuntime: Shutting down VM
08-18 18:19:12.918  1025  1025 I LatinIME: Starting input. Cursor position = 0,0
08-18 18:19:12.993  1025 12070 W EGL_emulation: eglSurfaceAttrib not implemented
08-18 18:19:12.993  1025 12070 W OpenGLRenderer: Failed to set EGL_SWAP_BEHAVIOR on surface 0xdfa7f080, error=EGL_SUCCESS
08-18 18:19:13.469 12508 12508 D AndroidRuntime: >>>>>> START com.android.internal.os.RuntimeInit uid 0 <<<<<<
08-18 18:19:13.471 12508 12508 D AndroidRuntime: CheckJNI is OFF
08-18 18:19:13.482 12508 12508 D ICU     : No timezone override file found: /data/misc/zoneinfo/current/icu/icu_tzdata.dat
08-18 18:19:13.494 12508 12508 E memtrack: Couldn't load memtrack module (No such file or directory)
08-18 18:19:13.495 12508 12508 E android.os.Debug: failed to load memtrack module: -2
08-18 18:19:13.496 12508 12508 I Radio-JNI: register_android_hardware_Radio DONE
08-18 18:19:13.504 12508 12508 D AndroidRuntime: Calling main entry com.android.commands.input.Input
08-18 18:19:13.505 12508 12508 I Input   : injectKeyEvent: KeyEvent { action=ACTION_DOWN, keyCode=KEYCODE_ESCAPE, scanCode=0, metaState=0, flags=0x0, repeatCount=0, eventTime=822761, downTime=822761, deviceId=-1, source=0x101 }
08-18 18:19:13.509 12508 12508 I Input   : injectKeyEvent: KeyEvent { action=ACTION_UP, keyCode=KEYCODE_ESCAPE, scanCode=0, metaState=0, flags=0x0, repeatCount=0, eventTime=822761, downTime=822761, deviceId=-1, source=0x101 }
08-18 18:19:13.513 12508 12508 D AndroidRuntime: Shutting down VM
08-18 18:19:13.531  1025 12070 E Surface : getSlotFromBufferLocked: unknown buffer: 0xf3dd4fb0
08-18 18:19:14.501 12521 12521 D AndroidRuntime: >>>>>> START com.android.internal.os.RuntimeInit uid 0 <<<<<<
08-18 18:19:14.502 12521 12521 D AndroidRuntime: CheckJNI is OFF
08-18 18:19:14.515 12521 12521 D ICU     : No timezone override file found: /data/misc/zoneinfo/current/icu/icu_tzdata.dat
08-18 18:19:14.527 12521 12521 E memtrack: Couldn't load memtrack module (No such file or directory)
08-18 18:19:14.527 12521 12521 E android.os.Debug: failed to load memtrack module: -2
08-18 18:19:14.530 12521 12521 I Radio-JNI: register_android_hardware_Radio DONE
08-18 18:19:14.537 12521 12521 D AndroidRuntime: Calling main entry com.android.commands.input.Input
08-18 18:19:14.537 12521 12521 I Input   : injectKeyEvent: KeyEvent { action=ACTION_DOWN, keyCode=KEYCODE_MOVE_END, scanCode=0, metaState=0, flags=0x0, repeatCount=0, eventTime=823793, downTime=823793, deviceId=-1, source=0x101 }
08-18 18:19:14.553 12521 12521 I Input   : injectKeyEvent: KeyEvent { action=ACTION_UP, keyCode=KEYCODE_MOVE_END, scanCode=0, metaState=0, flags=0x0, repeatCount=0, eventTime=823793, downTime=823793, deviceId=-1, source=0x101 }
08-18 18:19:14.554 12521 12521 D AndroidRuntime: Shutting down VM
08-18 18:19:14.929 12530 12530 D AndroidRuntime: >>>>>> START com.android.internal.os.RuntimeInit uid 0 <<<<<<
08-18 18:19:14.932 12530 12530 D AndroidRuntime: CheckJNI is OFF
08-18 18:19:14.941 12530 12530 D ICU     : No timezone override file found: /data/misc/zoneinfo/current/icu/icu_tzdata.dat
08-18 18:19:14.956 12530 12530 E memtrack: Couldn't load memtrack module (No such file or directory)
08-18 18:19:14.956 12530 12530 E android.os.Debug: failed to load memtrack module: -2
08-18 18:19:14.957 12530 12530 I Radio-JNI: register_android_hardware_Radio DONE
08-18 18:19:14.965 12530 12530 D AndroidRuntime: Calling main entry com.android.commands.input.Input
08-18 18:19:14.970 12530 12530 I Input   : injectKeyEvent: KeyEvent { action=ACTION_DOWN, keyCode=KEYCODE_DEL, scanCode=0, metaState=0, flags=0x0, repeatCount=0, eventTime=824223, downTime=824223, deviceId=-1, source=0x101 }
08-18 18:19:14.978 12530 12530 I Input   : injectKeyEvent: KeyEvent { action=ACTION_UP, keyCode=KEYCODE_DEL, scanCode=0, metaState=0, flags=0x0, repeatCount=0, eventTime=824223, downTime=824223, deviceId=-1, source=0x101 }
08-18 18:19:14.979 12530 12530 I Input   : injectKeyEvent: KeyEvent { action=ACTION_DOWN, keyCode=KEYCODE_DEL, scanCode=0, metaState=0, flags=0x0, repeatCount=0, eventTime=824236, downTime=824236, deviceId=-1, source=0x101 }
08-18 18:19:14.981 12530 12530 I Input   : injectKeyEvent: KeyEvent { action=ACTION_UP, keyCode=KEYCODE_DEL, scanCode=0, metaState=0, flags=0x0, repeatCount=0, eventTime=824236, downTime=824236, deviceId=-1, source=0x101 }
08-18 18:19:14.982 12530 12530 I Input   : injectKeyEvent: KeyEvent { action=ACTION_DOWN, keyCode=KEYCODE_DEL, scanCode=0, metaState=0, flags=0x0, repeatCount=0, eventTime=824238, downTime=824238, deviceId=-1, source=0x101 }
08-18 18:19:14.982 12530 12530 I Input   : injectKeyEvent: KeyEvent { action=ACTION_UP, keyCode=KEYCODE_DEL, scanCode=0, metaState=0, flags=0x0, repeatCount=0, eventTime=824238, downTime=824238, deviceId=-1, source=0x101 }
08-18 18:19:14.984 12530 12530 I Input   : injectKeyEvent: KeyEvent { action=ACTION_DOWN, keyCode=KEYCODE_DEL, scanCode=0, metaState=0, flags=0x0, repeatCount=0, eventTime=824241, downTime=824241, deviceId=-1, source=0x101 }
08-18 18:19:14.985 12530 12530 I Input   : injectKeyEvent: KeyEvent { action=ACTION_UP, keyCode=KEYCODE_DEL, scanCode=0, metaState=0, flags=0x0, repeatCount=0, eventTime=824241, downTime=824241, deviceId=-1, source=0x101 }
08-18 18:19:14.986 12530 12530 I Input   : injectKeyEvent: KeyEvent { action=ACTION_DOWN, keyCode=KEYCODE_DEL, scanCode=0, metaState=0, flags=0x0, repeatCount=0, eventTime=824243, downTime=824243, deviceId=-1, source=0x101 }
08-18 18:19:14.990 12530 12530 I Input   : injectKeyEvent: KeyEvent { action=ACTION_UP, keyCode=KEYCODE_DEL, scanCode=0, metaState=0, flags=0x0, repeatCount=0, eventTime=824243, downTime=824243, deviceId=-1, source=0x101 }
08-18 18:19:15.000 12530 12530 I Input   : injectKeyEvent: KeyEvent { action=ACTION_DOWN, keyCode=KEYCODE_DEL, scanCode=0, metaState=0, flags=0x0, repeatCount=0, eventTime=824257, downTime=824257, deviceId=-1, source=0x101 }
08-18 18:19:15.003 12530 12530 I Input   : injectKeyEvent: KeyEvent { action=ACTION_UP, keyCode=KEYCODE_DEL, scanCode=0, metaState=0, flags=0x0, repeatCount=0, eventTime=824257, downTime=824257, deviceId=-1, source=0x101 }
08-18 18:19:15.008 12530 12530 I Input   : injectKeyEvent: KeyEvent { action=ACTION_DOWN, keyCode=KEYCODE_DEL, scanCode=0, metaState=0, flags=0x0, repeatCount=0, eventTime=824265, downTime=824265, deviceId=-1, source=0x101 }
08-18 18:19:15.012 12530 12530 I Input   : injectKeyEvent: KeyEvent { action=ACTION_UP, keyCode=KEYCODE_DEL, scanCode=0, metaState=0, flags=0x0, repeatCount=0, eventTime=824265, downTime=824265, deviceId=-1, source=0x101 }
08-18 18:19:15.014 12530 12530 I Input   : injectKeyEvent: KeyEvent { action=ACTION_DOWN, keyCode=KEYCODE_DEL, scanCode=0, metaState=0, flags=0x0, repeatCount=0, eventTime=824270, downTime=824270, deviceId=-1, source=0x101 }
08-18 18:19:15.016 12530 12530 I Input   : injectKeyEvent: KeyEvent { action=ACTION_UP, keyCode=KEYCODE_DEL, scanCode=0, metaState=0, flags=0x0, repeatCount=0, eventTime=824270, downTime=824270, deviceId=-1, source=0x101 }
08-18 18:19:15.020 12530 12530 I Input   : injectKeyEvent: KeyEvent { action=ACTION_DOWN, keyCode=KEYCODE_DEL, scanCode=0, metaState=0, flags=0x0, repeatCount=0, eventTime=824277, downTime=824277, deviceId=-1, source=0x101 }
08-18 18:19:15.031 12530 12530 I Input   : injectKeyEvent: KeyEvent { action=ACTION_UP, keyCode=KEYCODE_DEL, scanCode=0, metaState=0, flags=0x0, repeatCount=0, eventTime=824277, downTime=824277, deviceId=-1, source=0x101 }
08-18 18:19:15.035 12530 12530 I Input   : injectKeyEvent: KeyEvent { action=ACTION_DOWN, keyCode=KEYCODE_DEL, scanCode=0, metaState=0, flags=0x0, repeatCount=0, eventTime=824292, downTime=824292, deviceId=-1, source=0x101 }
08-18 18:19:15.036 12530 12530 I Input   : injectKeyEvent: KeyEvent { action=ACTION_UP, keyCode=KEYCODE_DEL, scanCode=0, metaState=0, flags=0x0, repeatCount=0, eventTime=824292, downTime=824292, deviceId=-1, source=0x101 }
08-18 18:19:15.043 12530 12530 I Input   : injectKeyEvent: KeyEvent { action=ACTION_DOWN, keyCode=KEYCODE_DEL, scanCode=0, metaState=0, flags=0x0, repeatCount=0, eventTime=824300, downTime=824300, deviceId=-1, source=0x101 }
08-18 18:19:15.045 12530 12530 I Input   : injectKeyEvent: KeyEvent { action=ACTION_UP, keyCode=KEYCODE_DEL, scanCode=0, metaState=0, flags=0x0, repeatCount=0, eventTime=824300, downTime=824300, deviceId=-1, source=0x101 }
08-18 18:19:15.060 12530 12530 I Input   : injectKeyEvent: KeyEvent { action=ACTION_DOWN, keyCode=KEYCODE_DEL, scanCode=0, metaState=0, flags=0x0, repeatCount=0, eventTime=824316, downTime=824316, deviceId=-1, source=0x101 }
08-18 18:19:15.064 12530 12530 I Input   : injectKeyEvent: KeyEvent { action=ACTION_UP, keyCode=KEYCODE_DEL, scanCode=0, metaState=0, flags=0x0, repeatCount=0, eventTime=824316, downTime=824316, deviceId=-1, source=0x101 }
08-18 18:19:15.067 12530 12530 I Input   : injectKeyEvent: KeyEvent { action=ACTION_DOWN, keyCode=KEYCODE_DEL, scanCode=0, metaState=0, flags=0x0, repeatCount=0, eventTime=824323, downTime=824323, deviceId=-1, source=0x101 }
08-18 18:19:15.071 12530 12530 I Input   : injectKeyEvent: KeyEvent { action=ACTION_UP, keyCode=KEYCODE_DEL, scanCode=0, metaState=0, flags=0x0, repeatCount=0, eventTime=824323, downTime=824323, deviceId=-1, source=0x101 }
08-18 18:19:15.074 12530 12530 I Input   : injectKeyEvent: KeyEvent { action=ACTION_DOWN, keyCode=KEYCODE_DEL, scanCode=0, metaState=0, flags=0x0, repeatCount=0, eventTime=824331, downTime=824331, deviceId=-1, source=0x101 }
08-18 18:19:15.080 12530 12530 I Input   : injectKeyEvent: KeyEvent { action=ACTION_UP, keyCode=KEYCODE_DEL, scanCode=0, metaState=0, flags=0x0, repeatCount=0, eventTime=824331, downTime=824331, deviceId=-1, source=0x101 }
08-18 18:19:15.081 12530 12530 I Input   : injectKeyEvent: KeyEvent { action=ACTION_DOWN, keyCode=KEYCODE_DEL, scanCode=0, metaState=0, flags=0x0, repeatCount=0, eventTime=824338, downTime=824338, deviceId=-1, source=0x101 }
08-18 18:19:15.086 12530 12530 I Input   : injectKeyEvent: KeyEvent { action=ACTION_UP, keyCode=KEYCODE_DEL, scanCode=0, metaState=0, flags=0x0, repeatCount=0, eventTime=824338, downTime=824338, deviceId=-1, source=0x101 }
08-18 18:19:15.091 12530 12530 I Input   : injectKeyEvent: KeyEvent { action=ACTION_DOWN, keyCode=KEYCODE_DEL, scanCode=0, metaState=0, flags=0x0, repeatCount=0, eventTime=824348, downTime=824348, deviceId=-1, source=0x101 }
08-18 18:19:15.099 12530 12530 I Input   : injectKeyEvent: KeyEvent { action=ACTION_UP, keyCode=KEYCODE_DEL, scanCode=0, metaState=0, flags=0x0, repeatCount=0, eventTime=824348, downTime=824348, deviceId=-1, source=0x101 }
08-18 18:19:15.114 12530 12530 I Input   : injectKeyEvent: KeyEvent { action=ACTION_DOWN, keyCode=KEYCODE_DEL, scanCode=0, metaState=0, flags=0x0, repeatCount=0, eventTime=824371, downTime=824371, deviceId=-1, source=0x101 }
08-18 18:19:15.120 12530 12530 I Input   : injectKeyEvent: KeyEvent { action=ACTION_UP, keyCode=KEYCODE_DEL, scanCode=0, metaState=0, flags=0x0, repeatCount=0, eventTime=824371, downTime=824371, deviceId=-1, source=0x101 }
08-18 18:19:15.120 12530 12530 I Input   : injectKeyEvent: KeyEvent { action=ACTION_DOWN, keyCode=KEYCODE_DEL, scanCode=0, metaState=0, flags=0x0, repeatCount=0, eventTime=824377, downTime=824377, deviceId=-1, source=0x101 }
08-18 18:19:15.123 12530 12530 I Input   : injectKeyEvent: KeyEvent { action=ACTION_UP, keyCode=KEYCODE_DEL, scanCode=0, metaState=0, flags=0x0, repeatCount=0, eventTime=824377, downTime=824377, deviceId=-1, source=0x101 }
08-18 18:19:15.128 12530 12530 I Input   : injectKeyEvent: KeyEvent { action=ACTION_DOWN, keyCode=KEYCODE_DEL, scanCode=0, metaState=0, flags=0x0, repeatCount=0, eventTime=824385, downTime=824385, deviceId=-1, source=0x101 }
08-18 18:19:15.131 12530 12530 I Input   : injectKeyEvent: KeyEvent { action=ACTION_UP, keyCode=KEYCODE_DEL, scanCode=0, metaState=0, flags=0x0, repeatCount=0, eventTime=824385, downTime=824385, deviceId=-1, source=0x101 }
08-18 18:19:15.133 12530 12530 I Input   : injectKeyEvent: KeyEvent { action=ACTION_DOWN, keyCode=KEYCODE_DEL, scanCode=0, metaState=0, flags=0x0, repeatCount=0, eventTime=824389, downTime=824389, deviceId=-1, source=0x101 }
08-18 18:19:15.134 12530 12530 I Input   : injectKeyEvent: KeyEvent { action=ACTION_UP, keyCode=KEYCODE_DEL, scanCode=0, metaState=0, flags=0x0, repeatCount=0, eventTime=824389, downTime=824389, deviceId=-1, source=0x101 }
08-18 18:19:15.141 12530 12530 I Input   : injectKeyEvent: KeyEvent { action=ACTION_DOWN, keyCode=KEYCODE_DEL, scanCode=0, metaState=0, flags=0x0, repeatCount=0, eventTime=824397, downTime=824397, deviceId=-1, source=0x101 }
08-18 18:19:15.142 12530 12530 I Input   : injectKeyEvent: KeyEvent { action=ACTION_UP, keyCode=KEYCODE_DEL, scanCode=0, metaState=0, flags=0x0, repeatCount=0, eventTime=824397, downTime=824397, deviceId=-1, source=0x101 }
08-18 18:19:15.151 12530 12530 I Input   : injectKeyEvent: KeyEvent { action=ACTION_DOWN, keyCode=KEYCODE_DEL, scanCode=0, metaState=0, flags=0x0, repeatCount=0, eventTime=824408, downTime=824408, deviceId=-1, source=0x101 }
08-18 18:19:15.156 12530 12530 I Input   : injectKeyEvent: KeyEvent { action=ACTION_UP, keyCode=KEYCODE_DEL, scanCode=0, metaState=0, flags=0x0, repeatCount=0, eventTime=824408, downTime=824408, deviceId=-1, source=0x101 }
08-18 18:19:15.158 12530 12530 I Input   : injectKeyEvent: KeyEvent { action=ACTION_DOWN, keyCode=KEYCODE_DEL, scanCode=0, metaState=0, flags=0x0, repeatCount=0, eventTime=824415, downTime=824415, deviceId=-1, source=0x101 }
08-18 18:19:15.170 12530 12530 I Input   : injectKeyEvent: KeyEvent { action=ACTION_UP, keyCode=KEYCODE_DEL, scanCode=0, metaState=0, flags=0x0, repeatCount=0, eventTime=824415, downTime=824415, deviceId=-1, source=0x101 }
08-18 18:19:15.171 12530 12530 I Input   : injectKeyEvent: KeyEvent { action=ACTION_DOWN, keyCode=KEYCODE_DEL, scanCode=0, metaState=0, flags=0x0, repeatCount=0, eventTime=824428, downTime=824428, deviceId=-1, source=0x101 }
08-18 18:19:15.172 12530 12530 I Input   : injectKeyEvent: KeyEvent { action=ACTION_UP, keyCode=KEYCODE_DEL, scanCode=0, metaState=0, flags=0x0, repeatCount=0, eventTime=824428, downTime=824428, deviceId=-1, source=0x101 }
08-18 18:19:15.183 12530 12530 I Input   : injectKeyEvent: KeyEvent { action=ACTION_DOWN, keyCode=KEYCODE_DEL, scanCode=0, metaState=0, flags=0x0, repeatCount=0, eventTime=824440, downTime=824440, deviceId=-1, source=0x101 }
08-18 18:19:15.184 12530 12530 I Input   : injectKeyEvent: KeyEvent { action=ACTION_UP, keyCode=KEYCODE_DEL, scanCode=0, metaState=0, flags=0x0, repeatCount=0, eventTime=824440, downTime=824440, deviceId=-1, source=0x101 }
08-18 18:19:15.185 12530 12530 I Input   : injectKeyEvent: KeyEvent { action=ACTION_DOWN, keyCode=KEYCODE_DEL, scanCode=0, metaState=0, flags=0x0, repeatCount=0, eventTime=824442, downTime=824442, deviceId=-1, source=0x101 }
08-18 18:19:15.186 12530 12530 I Input   : injectKeyEvent: KeyEvent { action=ACTION_UP, keyCode=KEYCODE_DEL, scanCode=0, metaState=0, flags=0x0, repeatCount=0, eventTime=824442, downTime=824442, deviceId=-1, source=0x101 }
08-18 18:19:15.199 12530 12530 I Input   : injectKeyEvent: KeyEvent { action=ACTION_DOWN, keyCode=KEYCODE_DEL, scanCode=0, metaState=0, flags=0x0, repeatCount=0, eventTime=824455, downTime=824455, deviceId=-1, source=0x101 }
08-18 18:19:15.200 12530 12530 I Input   : injectKeyEvent: KeyEvent { action=ACTION_UP, keyCode=KEYCODE_DEL, scanCode=0, metaState=0, flags=0x0, repeatCount=0, eventTime=824455, downTime=824455, deviceId=-1, source=0x101 }
08-18 18:19:15.217 12530 12530 I Input   : injectKeyEvent: KeyEvent { action=ACTION_DOWN, keyCode=KEYCODE_DEL, scanCode=0, metaState=0, flags=0x0, repeatCount=0, eventTime=824473, downTime=824473, deviceId=-1, source=0x101 }
08-18 18:19:15.219 12530 12530 I Input   : injectKeyEvent: KeyEvent { action=ACTION_UP, keyCode=KEYCODE_DEL, scanCode=0, metaState=0, flags=0x0, repeatCount=0, eventTime=824473, downTime=824473, deviceId=-1, source=0x101 }
08-18 18:19:15.225 12530 12530 I Input   : injectKeyEvent: KeyEvent { action=ACTION_DOWN, keyCode=KEYCODE_DEL, scanCode=0, metaState=0, flags=0x0, repeatCount=0, eventTime=824482, downTime=824482, deviceId=-1, source=0x101 }
08-18 18:19:15.231 12530 12530 I Input   : injectKeyEvent: KeyEvent { action=ACTION_UP, keyCode=KEYCODE_DEL, scanCode=0, metaState=0, flags=0x0, repeatCount=0, eventTime=824482, downTime=824482, deviceId=-1, source=0x101 }
08-18 18:19:15.234 12530 12530 I Input   : injectKeyEvent: KeyEvent { action=ACTION_DOWN, keyCode=KEYCODE_DEL, scanCode=0, metaState=0, flags=0x0, repeatCount=0, eventTime=824491, downTime=824491, deviceId=-1, source=0x101 }
08-18 18:19:15.241 12530 12530 I Input   : injectKeyEvent: KeyEvent { action=ACTION_UP, keyCode=KEYCODE_DEL, scanCode=0, metaState=0, flags=0x0, repeatCount=0, eventTime=824491, downTime=824491, deviceId=-1, source=0x101 }
08-18 18:19:15.243 12530 12530 I Input   : injectKeyEvent: KeyEvent { action=ACTION_DOWN, keyCode=KEYCODE_DEL, scanCode=0, metaState=0, flags=0x0, repeatCount=0, eventTime=824499, downTime=824499, deviceId=-1, source=0x101 }
08-18 18:19:15.248 12530 12530 I Input   : injectKeyEvent: KeyEvent { action=ACTION_UP, keyCode=KEYCODE_DEL, scanCode=0, metaState=0, flags=0x0, repeatCount=0, eventTime=824499, downTime=824499, deviceId=-1, source=0x101 }
08-18 18:19:15.253 12530 12530 I Input   : injectKeyEvent: KeyEvent { action=ACTION_DOWN, keyCode=KEYCODE_DEL, scanCode=0, metaState=0, flags=0x0, repeatCount=0, eventTime=824510, downTime=824510, deviceId=-1, source=0x101 }
08-18 18:19:15.269 12530 12530 I Input   : injectKeyEvent: KeyEvent { action=ACTION_UP, keyCode=KEYCODE_DEL, scanCode=0, metaState=0, flags=0x0, repeatCount=0, eventTime=824510, downTime=824510, deviceId=-1, source=0x101 }
08-18 18:19:15.272 12530 12530 I Input   : injectKeyEvent: KeyEvent { action=ACTION_DOWN, keyCode=KEYCODE_DEL, scanCode=0, metaState=0, flags=0x0, repeatCount=0, eventTime=824529, downTime=824529, deviceId=-1, source=0x101 }
08-18 18:19:15.273 12530 12530 I Input   : injectKeyEvent: KeyEvent { action=ACTION_UP, keyCode=KEYCODE_DEL, scanCode=0, metaState=0, flags=0x0, repeatCount=0, eventTime=824529, downTime=824529, deviceId=-1, source=0x101 }
08-18 18:19:15.275 12530 12530 I Input   : injectKeyEvent: KeyEvent { action=ACTION_DOWN, keyCode=KEYCODE_DEL, scanCode=0, metaState=0, flags=0x0, repeatCount=0, eventTime=824531, downTime=824531, deviceId=-1, source=0x101 }
08-18 18:19:15.280 12530 12530 I Input   : injectKeyEvent: KeyEvent { action=ACTION_UP, keyCode=KEYCODE_DEL, scanCode=0, metaState=0, flags=0x0, repeatCount=0, eventTime=824531, downTime=824531, deviceId=-1, source=0x101 }
08-18 18:19:15.296 12530 12530 I Input   : injectKeyEvent: KeyEvent { action=ACTION_DOWN, keyCode=KEYCODE_DEL, scanCode=0, metaState=0, flags=0x0, repeatCount=0, eventTime=824553, downTime=824553, deviceId=-1, source=0x101 }
08-18 18:19:15.302 12530 12530 I Input   : injectKeyEvent: KeyEvent { action=ACTION_UP, keyCode=KEYCODE_DEL, scanCode=0, metaState=0, flags=0x0, repeatCount=0, eventTime=824553, downTime=824553, deviceId=-1, source=0x101 }
08-18 18:19:15.306 12530 12530 I Input   : injectKeyEvent: KeyEvent { action=ACTION_DOWN, keyCode=KEYCODE_DEL, scanCode=0, metaState=0, flags=0x0, repeatCount=0, eventTime=824563, downTime=824563, deviceId=-1, source=0x101 }
08-18 18:19:15.308 12530 12530 I Input   : injectKeyEvent: KeyEvent { action=ACTION_UP, keyCode=KEYCODE_DEL, scanCode=0, metaState=0, flags=0x0, repeatCount=0, eventTime=824563, downTime=824563, deviceId=-1, source=0x101 }
08-18 18:19:15.312 12530 12530 I Input   : injectKeyEvent: KeyEvent { action=ACTION_DOWN, keyCode=KEYCODE_DEL, scanCode=0, metaState=0, flags=0x0, repeatCount=0, eventTime=824568, downTime=824568, deviceId=-1, source=0x101 }
08-18 18:19:15.316 12530 12530 I Input   : injectKeyEvent: KeyEvent { action=ACTION_UP, keyCode=KEYCODE_DEL, scanCode=0, metaState=0, flags=0x0, repeatCount=0, eventTime=824568, downTime=824568, deviceId=-1, source=0x101 }
08-18 18:19:15.319 12530 12530 I Input   : injectKeyEvent: KeyEvent { action=ACTION_DOWN, keyCode=KEYCODE_DEL, scanCode=0, metaState=0, flags=0x0, repeatCount=0, eventTime=824576, downTime=824576, deviceId=-1, source=0x101 }
08-18 18:19:15.320 12530 12530 I Input   : injectKeyEvent: KeyEvent { action=ACTION_UP, keyCode=KEYCODE_DEL, scanCode=0, metaState=0, flags=0x0, repeatCount=0, eventTime=824576, downTime=824576, deviceId=-1, source=0x101 }
08-18 18:19:15.327 12530 12530 I Input   : injectKeyEvent: KeyEvent { action=ACTION_DOWN, keyCode=KEYCODE_DEL, scanCode=0, metaState=0, flags=0x0, repeatCount=0, eventTime=824583, downTime=824583, deviceId=-1, source=0x101 }
08-18 18:19:15.351 12530 12530 I Input   : injectKeyEvent: KeyEvent { action=ACTION_UP, keyCode=KEYCODE_DEL, scanCode=0, metaState=0, flags=0x0, repeatCount=0, eventTime=824583, downTime=824583, deviceId=-1, source=0x101 }
08-18 18:19:15.352 12530 12530 I Input   : injectKeyEvent: KeyEvent { action=ACTION_DOWN, keyCode=KEYCODE_DEL, scanCode=0, metaState=0, flags=0x0, repeatCount=0, eventTime=824609, downTime=824609, deviceId=-1, source=0x101 }
08-18 18:19:15.360 12530 12530 I Input   : injectKeyEvent: KeyEvent { action=ACTION_UP, keyCode=KEYCODE_DEL, scanCode=0, metaState=0, flags=0x0, repeatCount=0, eventTime=824609, downTime=824609, deviceId=-1, source=0x101 }
08-18 18:19:15.368 12530 12530 I Input   : injectKeyEvent: KeyEvent { action=ACTION_DOWN, keyCode=KEYCODE_DEL, scanCode=0, metaState=0, flags=0x0, repeatCount=0, eventTime=824624, downTime=824624, deviceId=-1, source=0x101 }
08-18 18:19:15.370 12530 12530 I Input   : injectKeyEvent: KeyEvent { action=ACTION_UP, keyCode=KEYCODE_DEL, scanCode=0, metaState=0, flags=0x0, repeatCount=0, eventTime=824624, downTime=824624, deviceId=-1, source=0x101 }
08-18 18:19:15.373 12530 12530 I Input   : injectKeyEvent: KeyEvent { action=ACTION_DOWN, keyCode=KEYCODE_DEL, scanCode=0, metaState=0, flags=0x0, repeatCount=0, eventTime=824629, downTime=824629, deviceId=-1, source=0x101 }
08-18 18:19:15.374 12530 12530 I Input   : injectKeyEvent: KeyEvent { action=ACTION_UP, keyCode=KEYCODE_DEL, scanCode=0, metaState=0, flags=0x0, repeatCount=0, eventTime=824629, downTime=824629, deviceId=-1, source=0x101 }
08-18 18:19:15.375 12530 12530 I Input   : injectKeyEvent: KeyEvent { action=ACTION_DOWN, keyCode=KEYCODE_DEL, scanCode=0, metaState=0, flags=0x0, repeatCount=0, eventTime=824632, downTime=824632, deviceId=-1, source=0x101 }
08-18 18:19:15.379 12530 12530 I Input   : injectKeyEvent: KeyEvent { action=ACTION_UP, keyCode=KEYCODE_DEL, scanCode=0, metaState=0, flags=0x0, repeatCount=0, eventTime=824632, downTime=824632, deviceId=-1, source=0x101 }
08-18 18:19:15.380 12530 12530 I Input   : injectKeyEvent: KeyEvent { action=ACTION_DOWN, keyCode=KEYCODE_DEL, scanCode=0, metaState=0, flags=0x0, repeatCount=0, eventTime=824637, downTime=824637, deviceId=-1, source=0x101 }
08-18 18:19:15.388 12530 12530 I Input   : injectKeyEvent: KeyEvent { action=ACTION_UP, keyCode=KEYCODE_DEL, scanCode=0, metaState=0, flags=0x0, repeatCount=0, eventTime=824637, downTime=824637, deviceId=-1, source=0x101 }
08-18 18:19:15.389 12530 12530 I Input   : injectKeyEvent: KeyEvent { action=ACTION_DOWN, keyCode=KEYCODE_DEL, scanCode=0, metaState=0, flags=0x0, repeatCount=0, eventTime=824646, downTime=824646, deviceId=-1, source=0x101 }
08-18 18:19:15.397 12530 12530 I Input   : injectKeyEvent: KeyEvent { action=ACTION_UP, keyCode=KEYCODE_DEL, scanCode=0, metaState=0, flags=0x0, repeatCount=0, eventTime=824646, downTime=824646, deviceId=-1, source=0x101 }
08-18 18:19:15.398 12530 12530 I Input   : injectKeyEvent: KeyEvent { action=ACTION_DOWN, keyCode=KEYCODE_DEL, scanCode=0, metaState=0, flags=0x0, repeatCount=0, eventTime=824654, downTime=824654, deviceId=-1, source=0x101 }
08-18 18:19:15.402 12530 12530 I Input   : injectKeyEvent: KeyEvent { action=ACTION_UP, keyCode=KEYCODE_DEL, scanCode=0, metaState=0, flags=0x0, repeatCount=0, eventTime=824654, downTime=824654, deviceId=-1, source=0x101 }
08-18 18:19:15.403 12530 12530 I Input   : injectKeyEvent: KeyEvent { action=ACTION_DOWN, keyCode=KEYCODE_DEL, scanCode=0, metaState=0, flags=0x0, repeatCount=0, eventTime=824659, downTime=824659, deviceId=-1, source=0x101 }
08-18 18:19:15.405 12530 12530 I Input   : injectKeyEvent: KeyEvent { action=ACTION_UP, keyCode=KEYCODE_DEL, scanCode=0, metaState=0, flags=0x0, repeatCount=0, eventTime=824659, downTime=824659, deviceId=-1, source=0x101 }
08-18 18:19:15.406 12530 12530 I Input   : injectKeyEvent: KeyEvent { action=ACTION_DOWN, keyCode=KEYCODE_DEL, scanCode=0, metaState=0, flags=0x0, repeatCount=0, eventTime=824663, downTime=824663, deviceId=-1, source=0x101 }
08-18 18:19:15.408 12530 12530 I Input   : injectKeyEvent: KeyEvent { action=ACTION_UP, keyCode=KEYCODE_DEL, scanCode=0, metaState=0, flags=0x0, repeatCount=0, eventTime=824663, downTime=824663, deviceId=-1, source=0x101 }
08-18 18:19:15.415 12530 12530 I Input   : injectKeyEvent: KeyEvent { action=ACTION_DOWN, keyCode=KEYCODE_DEL, scanCode=0, metaState=0, flags=0x0, repeatCount=0, eventTime=824672, downTime=824672, deviceId=-1, source=0x101 }
08-18 18:19:15.427 12530 12530 I Input   : injectKeyEvent: KeyEvent { action=ACTION_UP, keyCode=KEYCODE_DEL, scanCode=0, metaState=0, flags=0x0, repeatCount=0, eventTime=824672, downTime=824672, deviceId=-1, source=0x101 }
08-18 18:19:15.433 12530 12530 I Input   : injectKeyEvent: KeyEvent { action=ACTION_DOWN, keyCode=KEYCODE_DEL, scanCode=0, metaState=0, flags=0x0, repeatCount=0, eventTime=824689, downTime=824689, deviceId=-1, source=0x101 }
08-18 18:19:15.447 12530 12530 I Input   : injectKeyEvent: KeyEvent { action=ACTION_UP, keyCode=KEYCODE_DEL, scanCode=0, metaState=0, flags=0x0, repeatCount=0, eventTime=824689, downTime=824689, deviceId=-1, source=0x101 }
08-18 18:19:15.449 12530 12530 D AndroidRuntime: Shutting down VM
08-18 18:19:15.885 12539 12539 D AndroidRuntime: >>>>>> START com.android.internal.os.RuntimeInit uid 0 <<<<<<
08-18 18:19:15.887 12539 12539 D AndroidRuntime: CheckJNI is OFF
08-18 18:19:15.898 12539 12539 D ICU     : No timezone override file found: /data/misc/zoneinfo/current/icu/icu_tzdata.dat
08-18 18:19:15.910 12539 12539 E memtrack: Couldn't load memtrack module (No such file or directory)
08-18 18:19:15.910 12539 12539 E android.os.Debug: failed to load memtrack module: -2
08-18 18:19:15.913 12539 12539 I Radio-JNI: register_android_hardware_Radio DONE
08-18 18:19:15.928 12539 12539 D AndroidRuntime: Calling main entry com.android.commands.input.Input
08-18 18:19:15.931 12539 12539 I Input   : injectKeyEvent: KeyEvent { action=ACTION_DOWN, keyCode=KEYCODE_1, scanCode=0, metaState=0, flags=0x0, repeatCount=0, eventTime=825187, downTime=825187, deviceId=-1, source=0x101 }
08-18 18:19:15.934 12539 12539 I Input   : injectKeyEvent: KeyEvent { action=ACTION_UP, keyCode=KEYCODE_1, scanCode=0, metaState=0, flags=0x0, repeatCount=0, eventTime=825187, downTime=825187, deviceId=-1, source=0x101 }
08-18 18:19:15.935 12539 12539 I Input   : injectKeyEvent: KeyEvent { action=ACTION_DOWN, keyCode=KEYCODE_2, scanCode=0, metaState=0, flags=0x0, repeatCount=0, eventTime=825187, downTime=825187, deviceId=-1, source=0x101 }
08-18 18:19:15.942 12539 12539 I Input   : injectKeyEvent: KeyEvent { action=ACTION_UP, keyCode=KEYCODE_2, scanCode=0, metaState=0, flags=0x0, repeatCount=0, eventTime=825187, downTime=825187, deviceId=-1, source=0x101 }
08-18 18:19:15.943 12539 12539 I Input   : injectKeyEvent: KeyEvent { action=ACTION_DOWN, keyCode=KEYCODE_3, scanCode=0, metaState=0, flags=0x0, repeatCount=0, eventTime=825187, downTime=825187, deviceId=-1, source=0x101 }
08-18 18:19:15.983 12539 12539 I Input   : injectKeyEvent: KeyEvent { action=ACTION_UP, keyCode=KEYCODE_3, scanCode=0, metaState=0, flags=0x0, repeatCount=0, eventTime=825187, downTime=825187, deviceId=-1, source=0x101 }
08-18 18:19:15.986 12539 12539 I Input   : injectKeyEvent: KeyEvent { action=ACTION_DOWN, keyCode=KEYCODE_4, scanCode=0, metaState=0, flags=0x0, repeatCount=0, eventTime=825187, downTime=825187, deviceId=-1, source=0x101 }
08-18 18:19:15.991 12539 12539 I Input   : injectKeyEvent: KeyEvent { action=ACTION_UP, keyCode=KEYCODE_4, scanCode=0, metaState=0, flags=0x0, repeatCount=0, eventTime=825187, downTime=825187, deviceId=-1, source=0x101 }
08-18 18:19:15.991 12539 12539 I Input   : injectKeyEvent: KeyEvent { action=ACTION_DOWN, keyCode=KEYCODE_5, scanCode=0, metaState=0, flags=0x0, repeatCount=0, eventTime=825187, downTime=825187, deviceId=-1, source=0x101 }
08-18 18:19:16.037 12539 12539 I Input   : injectKeyEvent: KeyEvent { action=ACTION_UP, keyCode=KEYCODE_5, scanCode=0, metaState=0, flags=0x0, repeatCount=0, eventTime=825187, downTime=825187, deviceId=-1, source=0x101 }
08-18 18:19:16.090 12539 12539 I Input   : injectKeyEvent: KeyEvent { action=ACTION_DOWN, keyCode=KEYCODE_6, scanCode=0, metaState=0, flags=0x0, repeatCount=0, eventTime=825187, downTime=825187, deviceId=-1, source=0x101 }
08-18 18:19:16.092 12539 12539 I Input   : injectKeyEvent: KeyEvent { action=ACTION_UP, keyCode=KEYCODE_6, scanCode=0, metaState=0, flags=0x0, repeatCount=0, eventTime=825187, downTime=825187, deviceId=-1, source=0x101 }
08-18 18:19:16.099 12539 12539 I Input   : injectKeyEvent: KeyEvent { action=ACTION_DOWN, keyCode=KEYCODE_7, scanCode=0, metaState=0, flags=0x0, repeatCount=0, eventTime=825187, downTime=825187, deviceId=-1, source=0x101 }
08-18 18:19:16.104 12539 12539 I Input   : injectKeyEvent: KeyEvent { action=ACTION_UP, keyCode=KEYCODE_7, scanCode=0, metaState=0, flags=0x0, repeatCount=0, eventTime=825187, downTime=825187, deviceId=-1, source=0x101 }
08-18 18:19:16.122 12539 12539 D AndroidRuntime: Shutting down VM
08-18 18:19:18.144 12873 12873 D AndroidRuntime: >>>>>> START com.android.internal.os.RuntimeInit uid 0 <<<<<<
08-18 18:19:18.146 12873 12873 D AndroidRuntime: CheckJNI is OFF
08-18 18:19:18.157 12873 12873 D ICU     : No timezone override file found: /data/misc/zoneinfo/current/icu/icu_tzdata.dat
08-18 18:19:18.175 12873 12873 E memtrack: Couldn't load memtrack module (No such file or directory)
08-18 18:19:18.175 12873 12873 E android.os.Debug: failed to load memtrack module: -2
08-18 18:19:18.177 12873 12873 I Radio-JNI: register_android_hardware_Radio DONE
08-18 18:19:18.185 12873 12873 D AndroidRuntime: Calling main entry com.android.commands.uiautomator.Launcher
08-18 18:19:19.213 12873 12873 I AccessibilityNodeInfoDumper: Skipping invisible child: android.view.accessibility.AccessibilityNodeInfo@8000e37b; boundsInParent: Rect(0, 0 - 0, 112); boundsInScreen: Rect(1200, 48 - 1200, 160); packageName: protect.babymonitor; className: android.widget.LinearLayout; text: null; error: null; maxTextLength: -1; contentDescription: null; viewIdResName: null; checkable: false; checked: false; focusable: false; focused: false; selected: false; clickable: false; longClickable: false; contextClickable: false; enabled: true; password: false; scrollable: false; actions: [AccessibilityAction: ACTION_SELECT - null, AccessibilityAction: ACTION_CLEAR_SELECTION - null, AccessibilityAction: ACTION_ACCESSIBILITY_FOCUS - null, AccessibilityAction: ACTION_UNKNOWN - null]
08-18 18:19:19.218 12873 12873 W AccessibilityNodeInfoDumper: Fetch time: 12ms
08-18 18:19:19.218   610   767 W WindowManager: Attempted to remove non-existing token: android.os.Binder@6794b28
08-18 18:19:19.223 12873 12873 D AndroidRuntime: Shutting down VM
08-18 18:19:20.426 12896 12896 D AndroidRuntime: >>>>>> START com.android.internal.os.RuntimeInit uid 0 <<<<<<
08-18 18:19:20.428 12896 12896 D AndroidRuntime: CheckJNI is OFF
08-18 18:19:20.437 12896 12896 D ICU     : No timezone override file found: /data/misc/zoneinfo/current/icu/icu_tzdata.dat
08-18 18:19:20.450 12896 12896 E memtrack: Couldn't load memtrack module (No such file or directory)
08-18 18:19:20.450 12896 12896 E android.os.Debug: failed to load memtrack module: -2
08-18 18:19:20.451 12896 12896 I Radio-JNI: register_android_hardware_Radio DONE
08-18 18:19:20.459 12896 12896 D AndroidRuntime: Calling main entry com.android.commands.uiautomator.Launcher
08-18 18:19:21.486 12896 12896 I AccessibilityNodeInfoDumper: Skipping invisible child: android.view.accessibility.AccessibilityNodeInfo@8000e385; boundsInParent: Rect(0, 0 - 0, 112); boundsInScreen: Rect(1200, 48 - 1200, 160); packageName: protect.babymonitor; className: android.widget.LinearLayout; text: null; error: null; maxTextLength: -1; contentDescription: null; viewIdResName: null; checkable: false; checked: false; focusable: false; focused: false; selected: false; clickable: false; longClickable: false; contextClickable: false; enabled: true; password: false; scrollable: false; actions: [AccessibilityAction: ACTION_SELECT - null, AccessibilityAction: ACTION_CLEAR_SELECTION - null, AccessibilityAction: ACTION_ACCESSIBILITY_FOCUS - null, AccessibilityAction: ACTION_UNKNOWN - null]
08-18 18:19:21.491 12896 12896 W AccessibilityNodeInfoDumper: Fetch time: 12ms
08-18 18:19:21.492   610  1119 W WindowManager: Attempted to remove non-existing token: android.os.Binder@221f9e6
08-18 18:19:21.499 12896 12896 D AndroidRuntime: Shutting down VM
08-18 18:19:22.003 12914 12914 D AndroidRuntime: >>>>>> START com.android.internal.os.RuntimeInit uid 0 <<<<<<
08-18 18:19:22.004 12914 12914 D AndroidRuntime: CheckJNI is OFF
08-18 18:19:22.016 12914 12914 D ICU     : No timezone override file found: /data/misc/zoneinfo/current/icu/icu_tzdata.dat
08-18 18:19:22.034 12914 12914 E memtrack: Couldn't load memtrack module (No such file or directory)
08-18 18:19:22.034 12914 12914 E android.os.Debug: failed to load memtrack module: -2
08-18 18:19:22.035 12914 12914 I Radio-JNI: register_android_hardware_Radio DONE
08-18 18:19:22.043 12914 12914 D AndroidRuntime: Calling main entry com.android.commands.uiautomator.Launcher
08-18 18:19:23.069 12914 12914 I AccessibilityNodeInfoDumper: Skipping invisible child: android.view.accessibility.AccessibilityNodeInfo@8000e38d; boundsInParent: Rect(0, 0 - 0, 112); boundsInScreen: Rect(1200, 48 - 1200, 160); packageName: protect.babymonitor; className: android.widget.LinearLayout; text: null; error: null; maxTextLength: -1; contentDescription: null; viewIdResName: null; checkable: false; checked: false; focusable: false; focused: false; selected: false; clickable: false; longClickable: false; contextClickable: false; enabled: true; password: false; scrollable: false; actions: [AccessibilityAction: ACTION_SELECT - null, AccessibilityAction: ACTION_CLEAR_SELECTION - null, AccessibilityAction: ACTION_ACCESSIBILITY_FOCUS - null, AccessibilityAction: ACTION_UNKNOWN - null]
08-18 18:19:23.069 12914 12914 W AccessibilityNodeInfoDumper: Fetch time: 9ms
08-18 18:19:23.083   610  1153 W WindowManager: Attempted to remove non-existing token: android.os.Binder@7fab27
08-18 18:19:23.131 12914 12914 D AndroidRuntime: Shutting down VM
08-18 18:19:24.442 12939 12939 D AndroidRuntime: >>>>>> START com.android.internal.os.RuntimeInit uid 0 <<<<<<
08-18 18:19:24.444 12939 12939 D AndroidRuntime: CheckJNI is OFF
08-18 18:19:24.460 12939 12939 D ICU     : No timezone override file found: /data/misc/zoneinfo/current/icu/icu_tzdata.dat
08-18 18:19:24.475 12939 12939 E memtrack: Couldn't load memtrack module (No such file or directory)
08-18 18:19:24.475 12939 12939 E android.os.Debug: failed to load memtrack module: -2
08-18 18:19:24.476 12939 12939 I Radio-JNI: register_android_hardware_Radio DONE
08-18 18:19:24.483 12939 12939 D AndroidRuntime: Calling main entry com.android.commands.uiautomator.Launcher
08-18 18:19:25.532 12939 12939 I AccessibilityNodeInfoDumper: Skipping invisible child: android.view.accessibility.AccessibilityNodeInfo@8000e396; boundsInParent: Rect(0, 0 - 0, 112); boundsInScreen: Rect(1200, 48 - 1200, 160); packageName: protect.babymonitor; className: android.widget.LinearLayout; text: null; error: null; maxTextLength: -1; contentDescription: null; viewIdResName: null; checkable: false; checked: false; focusable: false; focused: false; selected: false; clickable: false; longClickable: false; contextClickable: false; enabled: true; password: false; scrollable: false; actions: [AccessibilityAction: ACTION_SELECT - null, AccessibilityAction: ACTION_CLEAR_SELECTION - null, AccessibilityAction: ACTION_ACCESSIBILITY_FOCUS - null, AccessibilityAction: ACTION_UNKNOWN - null]
08-18 18:19:25.533 12939 12939 W AccessibilityNodeInfoDumper: Fetch time: 8ms
08-18 18:19:25.535   610   770 W WindowManager: Attempted to remove non-existing token: android.os.Binder@3abf1d4
08-18 18:19:25.586 12939 12939 D AndroidRuntime: Shutting down VM
08-18 18:19:26.133 12957 12957 D AndroidRuntime: >>>>>> START com.android.internal.os.RuntimeInit uid 0 <<<<<<
08-18 18:19:26.134 12957 12957 D AndroidRuntime: CheckJNI is OFF
08-18 18:19:26.147 12957 12957 D ICU     : No timezone override file found: /data/misc/zoneinfo/current/icu/icu_tzdata.dat
08-18 18:19:26.160 12957 12957 E memtrack: Couldn't load memtrack module (No such file or directory)
08-18 18:19:26.160 12957 12957 E android.os.Debug: failed to load memtrack module: -2
08-18 18:19:26.161 12957 12957 I Radio-JNI: register_android_hardware_Radio DONE
08-18 18:19:26.167 12957 12957 D AndroidRuntime: Calling main entry com.android.commands.uiautomator.Launcher
08-18 18:19:27.200 12957 12957 I AccessibilityNodeInfoDumper: Skipping invisible child: android.view.accessibility.AccessibilityNodeInfo@8000e39f; boundsInParent: Rect(0, 0 - 0, 112); boundsInScreen: Rect(1200, 48 - 1200, 160); packageName: protect.babymonitor; className: android.widget.LinearLayout; text: null; error: null; maxTextLength: -1; contentDescription: null; viewIdResName: null; checkable: false; checked: false; focusable: false; focused: false; selected: false; clickable: false; longClickable: false; contextClickable: false; enabled: true; password: false; scrollable: false; actions: [AccessibilityAction: ACTION_SELECT - null, AccessibilityAction: ACTION_CLEAR_SELECTION - null, AccessibilityAction: ACTION_ACCESSIBILITY_FOCUS - null, AccessibilityAction: ACTION_UNKNOWN - null]
08-18 18:19:27.202 12957 12957 W AccessibilityNodeInfoDumper: Fetch time: 8ms
08-18 18:19:27.202   610  1360 W WindowManager: Attempted to remove non-e