07-31 14:28:38.055  8571  8571 D AndroidRuntime: Calling main entry com.android.commands.uiautomator.Launcher
07-31 14:28:39.079  8571  8571 W AccessibilityNodeInfoDumper: Fetch time: 2ms
07-31 14:28:39.079  1655  1686 W WindowManager: Attempted to remove non-existing token: android.os.Binder@2e1fb2f
07-31 14:28:39.089  8571  8571 D AndroidRuntime: Shutting down VM
07-31 14:28:39.547  8589  8589 D AndroidRuntime: >>>>>> START com.android.internal.os.RuntimeInit uid 0 <<<<<<
07-31 14:28:39.549  8589  8589 D AndroidRuntime: CheckJNI is OFF
07-31 14:28:39.560  8589  8589 D ICU     : No timezone override file found: /data/misc/zoneinfo/current/icu/icu_tzdata.dat
07-31 14:28:39.578  8589  8589 E memtrack: Couldn't load memtrack module (No such file or directory)
07-31 14:28:39.578  8589  8589 E android.os.Debug: failed to load memtrack module: -2
07-31 14:28:39.579  8589  8589 I Radio-JNI: register_android_hardware_Radio DONE
07-31 14:28:39.587  8589  8589 D AndroidRuntime: Calling main entry com.android.commands.uiautomator.Launcher
07-31 14:28:40.609  8589  8589 W AccessibilityNodeInfoDumper: Fetch time: 1ms
07-31 14:28:40.609  1655  2069 W WindowManager: Attempted to remove non-existing token: android.os.Binder@a1a753c
07-31 14:28:40.620  8589  8589 D AndroidRuntime: Shutting down VM
07-31 14:28:41.028  8602  8602 D AndroidRuntime: >>>>>> START com.android.internal.os.RuntimeInit uid 0 <<<<<<
07-31 14:28:41.030  8602  8602 D AndroidRuntime: CheckJNI is OFF
07-31 14:28:41.039  8602  8602 D ICU     : No timezone override file found: /data/misc/zoneinfo/current/icu/icu_tzdata.dat
07-31 14:28:41.051  8602  8602 E memtrack: Couldn't load memtrack module (No such file or directory)
07-31 14:28:41.051  8602  8602 E android.os.Debug: failed to load memtrack module: -2
07-31 14:28:41.051  8602  8602 I Radio-JNI: register_android_hardware_Radio DONE
07-31 14:28:41.057  8602  8602 D AndroidRuntime: Calling main entry com.android.commands.input.Input
07-31 14:28:41.058  8602  8602 I Input   : injectMotionEvent: MotionEvent { action=ACTION_DOWN, actionButton=0, id[0]=0, x[0]=600.0, y[0]=989.0, toolType[0]=TOOL_TYPE_UNKNOWN, buttonState=0, metaState=0, flags=0x0, edgeFlags=0x0, pointerCount=1, historySize=0, eventTime=443276, downTime=443276, deviceId=0, source=0x1002 }
07-31 14:28:41.059  8602  8602 I Input   : injectMotionEvent: MotionEvent { action=ACTION_UP, actionButton=0, id[0]=0, x[0]=600.0, y[0]=989.0, toolType[0]=TOOL_TYPE_UNKNOWN, buttonState=0, metaState=0, flags=0x0, edgeFlags=0x0, pointerCount=1, historySize=0, eventTime=443276, downTime=443276, deviceId=0, source=0x1002 }
07-31 14:28:41.060  8602  8602 D AndroidRuntime: Shutting down VM
07-31 14:28:41.216  2738  2738 D leak-114: Eastern Standard Time
07-31 14:28:41.216  2738  2738 D leak-115: Eastern Standard Time
07-31 14:28:41.217  2738  2738 D leak-152: Eastern Standard Time
07-31 14:28:41.217  2738  2738 D leak-153: Eastern Standard Time
07-31 14:28:41.228  2738  2738 D leak-154: Eastern Standard Time
07-31 14:28:41.228  2738  2738 D leak-154: Eastern Standard Time
07-31 14:28:41.228  2738  2738 D leak-154: Eastern Standard Time
07-31 14:28:41.228  2738  2738 D leak-154: Eastern Standard Time
07-31 14:28:41.228  2738  2738 D leak-154: Eastern Standard Time
07-31 14:28:41.228  2738  2738 D leak-154: Eastern Standard Time
07-31 14:28:41.228  2738  2738 D leak-116: Eastern Standard Time
07-31 14:28:41.399  2738  2738 D leak-117: Eastern Standard Time
07-31 14:28:41.411  2738  2757 E Surface : getSlotFromBufferLocked: unknown buffer: 0xf3dd74e0
07-31 14:28:41.433  1426  1761 D AudioFlinger: mixer(0xf1dc0000) throttle end: throttle time(11)
07-31 14:28:41.444  2738  2757 W EGL_emulation: eglSurfaceAttrib not implemented
07-31 14:28:41.444  2738  2757 W OpenGLRenderer: Failed to set EGL_SWAP_BEHAVIOR on surface 0xdf4a62e0, error=EGL_SUCCESS
07-31 14:28:45.637  8937  8937 D AndroidRuntime: >>>>>> START com.android.internal.os.RuntimeInit uid 0 <<<<<<
07-31 14:28:45.638  8937  8937 D AndroidRuntime: CheckJNI is OFF
07-31 14:28:45.647  8937  8937 D ICU     : No timezone override file found: /data/misc/zoneinfo/current/icu/icu_tzdata.dat
07-31 14:28:45.660  8937  8937 E memtrack: Couldn't load memtrack module (No such file or directory)
07-31 14:28:45.660  8937  8937 E android.os.Debug: failed to load memtrack module: -2
07-31 14:28:45.661  8937  8937 I Radio-JNI: register_android_hardware_Radio DONE
07-31 14:28:45.666  8937  8937 D AndroidRuntime: Calling main entry com.android.commands.uiautomator.Launcher
07-31 14:28:46.449  1655  2594 D NetlinkSocketObserver: NeighborEvent{elapsedMs=448668, 10.0.3.2, [525400123502], RTM_NEWNEIGH, NUD_STALE}
07-31 14:28:46.690  8937  8937 W AccessibilityNodeInfoDumper: Fetch time: 3ms
07-31 14:28:46.690  1655  1684 W WindowManager: Attempted to remove non-existing token: android.os.Binder@f722fd4
07-31 14:28:46.697  8937  8937 D AndroidRuntime: Shutting down VM
07-31 14:28:47.683  8960  8960 D AndroidRuntime: >>>>>> START com.android.internal.os.RuntimeInit uid 0 <<<<<<
07-31 14:28:47.684  8960  8960 D AndroidRuntime: CheckJNI is OFF
07-31 14:28:47.693  8960  8960 D ICU     : No timezone override file found: /data/misc/zoneinfo/current/icu/icu_tzdata.dat
07-31 14:28:47.705  8960  8960 E memtrack: Couldn't load memtrack module (No such file or directory)
07-31 14:28:47.705  8960  8960 E android.os.Debug: failed to load memtrack module: -2
07-31 14:28:47.706  8960  8960 I Radio-JNI: register_android_hardware_Radio DONE
07-31 14:28:47.712  8960  8960 D AndroidRuntime: Calling main entry com.android.commands.uiautomator.Launcher
07-31 14:28:48.728  8960  8960 W AccessibilityNodeInfoDumper: Fetch time: 2ms
07-31 14:28:48.729  1655  2030 W WindowManager: Attempted to remove non-existing token: android.os.Binder@29257d
07-31 14:28:48.737  8960  8960 D AndroidRuntime: Shutting down VM
07-31 14:28:49.151  8978  8978 D AndroidRuntime: >>>>>> START com.android.internal.os.RuntimeInit uid 0 <<<<<<
07-31 14:28:49.152  8978  8978 D AndroidRuntime: CheckJNI is OFF
07-31 14:28:49.161  8978  8978 D ICU     : No timezone override file found: /data/misc/zoneinfo/current/icu/icu_tzdata.dat
07-31 14:28:49.174  8978  8978 E memtrack: Couldn't load memtrack module (No such file or directory)
07-31 14:28:49.174  8978  8978 E android.os.Debug: failed to load memtrack module: -2
07-31 14:28:49.174  8978  8978 I Radio-JNI: register_android_hardware_Radio DONE
07-31 14:28:49.180  8978  8978 D AndroidRuntime: Calling main entry com.android.commands.uiautomator.Launcher
07-31 14:28:50.195  8978  8978 W AccessibilityNodeInfoDumper: Fetch time: 1ms
07-31 14:28:50.195  1655  1686 W WindowManager: Attempted to remove non-existing token: android.os.Binder@69f3c72
07-31 14:28:50.205  8978  8978 D AndroidRuntime: Shutting down VM
07-31 14:43:11.806  1655  1688 I UsageStatsService: User[0] Flushing usage stats to disk
07-31 14:51:17.794  1655  1693 E BluetoothAdapter: Bluetooth binder is null
07-31 14:54:00.002  1655  1655 I ActivityManager: Killing 2494:com.android.calendar/u0a24 (adj 11): empty for 1830s
07-31 14:54:00.002  1655  1655 W libprocessgroup: failed to open /acct/uid_10024/pid_2494/cgroup.procs: No such file or directory
07-31 14:54:00.002  1655  1655 I ActivityManager: Killing 2063:android.process.media/u0a6 (adj 13): empty for 1830s
07-31 14:54:00.002  1655  1655 W libprocessgroup: failed to open /acct/uid_10006/pid_2063/cgroup.procs: No such file or directory
07-31 14:54:00.002  1655  1655 I ActivityManager: Killing 2073:com.android.printspooler/u0a51 (adj 13): empty for 1841s
07-31 14:54:00.002  1655  1655 W libprocessgroup: failed to open /acct/uid_10051/pid_2073/cgroup.procs: No such file or directory
07-31 14:54:00.003  1655  1655 I ActivityManager: Killing 2533:com.android.exchange/u0a35 (adj 13): empty for 1844s
07-31 14:54:00.003  1655  1655 W libprocessgroup: failed to open /acct/uid_10035/pid_2533/cgroup.procs: No such file or directory
07-31 14:54:00.003  1655  1655 I ActivityManager: Killing 2519:com.android.email/u0a34 (adj 13): empty for 1844s
07-31 14:54:00.003  1655  1655 W libprocessgroup: failed to open /acct/uid_10034/pid_2519/cgroup.procs: No such file or directory
07-31 14:54:00.003  1655  1655 I ActivityManager: Killing 2386:com.android.messaging/u0a56 (adj 13): empty for 1844s
07-31 14:54:00.003  1655  1655 W libprocessgroup: failed to open /acct/uid_10056/pid_2386/cgroup.procs: No such file or directory
07-31 14:54:00.003  1655  1655 I ActivityManager: Killing 2479:com.android.onetimeinitializer/u0a11 (adj 15): empty for 1844s
07-31 14:54:00.003  1655  1655 W libprocessgroup: failed to open /acct/uid_10011/pid_2479/cgroup.procs: No such file or directory
07-31 14:54:00.009  1655  1690 I ProcessStatsService: Prepared write state in 1ms
07-31 14:54:00.010  1655  1690 I ProcessStatsService: Prepared write state in 1ms
07-31 14:54:00.011  1655  1690 I ProcessStatsService: Prepared write state in 0ms
07-31 14:54:00.011  1655  1690 I ProcessStatsService: Prepared write state in 1ms
07-31 15:21:17.801  1655  1693 E BluetoothAdapter: Bluetooth binder is null
07-31 15:24:00.018  1655  1690 I ProcessStatsService: Prepared write state in 0ms
07-31 15:51:17.802  1655  1693 E BluetoothAdapter: Bluetooth binder is null
07-31 15:54:00.034  1655  1690 I ProcessStatsService: Prepared write state in 0ms
