--------- beginning of main
07-31 15:59:21.991   593   691 D WifiStateMachine: L2Connected CMD_START_SCAN source -2 4, 5 -> obsolete
07-31 15:59:28.336  1767  1767 D AndroidRuntime: >>>>>> START com.android.internal.os.RuntimeInit uid 0 <<<<<<
07-31 15:59:28.338  1767  1767 D AndroidRuntime: CheckJNI is OFF
07-31 15:59:28.347  1767  1767 D ICU     : No timezone override file found: /data/misc/zoneinfo/current/icu/icu_tzdata.dat
07-31 15:59:28.363  1767  1767 E memtrack: Couldn't load memtrack module (No such file or directory)
07-31 15:59:28.363  1767  1767 E android.os.Debug: failed to load memtrack module: -2
07-31 15:59:28.363  1767  1767 I Radio-JNI: register_android_hardware_Radio DONE
07-31 15:59:28.375  1767  1767 D AndroidRuntime: Calling main entry com.android.commands.pm.Pm
07-31 15:59:28.378   593   806 I PackageManager: Package doesn't exist in get block uninstall com.adonai.manman
--------- beginning of system
07-31 15:59:28.379   593   642 W PackageManager: Package named 'com.adonai.manman' doesn't exist.
07-31 15:59:28.379   593   642 I art     : Starting a blocking GC Explicit
07-31 15:59:28.393   593   642 I art     : Explicit concurrent mark sweep GC freed 21620(1696KB) AllocSpace objects, 25(836KB) LOS objects, 33% free, 5MB/8MB, paused 320us total 13.703ms
07-31 15:59:28.394  1767  1767 E Pm      : Failure details: Bundle[{android.content.pm.extra.STATUS=1, android.content.pm.extra.PACKAGE_NAME=com.adonai.manman, android.content.pm.extra.LEGACY_STATUS=-1, android.content.pm.extra.STATUS_MESSAGE=DELETE_FAILED_INTERNAL_ERROR}]
07-31 15:59:28.396  1767  1767 I art     : System.exit called, status: 1
07-31 15:59:28.396  1767  1767 I AndroidRuntime: VM exiting with result code 1.
07-31 15:59:28.592  1780  1780 D AndroidRuntime: >>>>>> START com.android.internal.os.RuntimeInit uid 0 <<<<<<
07-31 15:59:28.593  1780  1780 D AndroidRuntime: CheckJNI is OFF
07-31 15:59:28.602  1780  1780 D ICU     : No timezone override file found: /data/misc/zoneinfo/current/icu/icu_tzdata.dat
07-31 15:59:28.613  1780  1780 E memtrack: Couldn't load memtrack module (No such file or directory)
07-31 15:59:28.613  1780  1780 E android.os.Debug: failed to load memtrack module: -2
07-31 15:59:28.614  1780  1780 I Radio-JNI: register_android_hardware_Radio DONE
07-31 15:59:28.619  1780  1780 D AndroidRuntime: Calling main entry com.android.commands.pm.Pm
07-31 15:59:28.634   593   642 I ActivityManager: Start proc 1788:com.android.defcontainer/u0a4 for service com.android.defcontainer/.DefaultContainerService
07-31 15:59:28.662  1788  1788 E libprocessgroup: failed to make and chown /acct/uid_10004: Read-only file system
07-31 15:59:28.662  1788  1788 W Zygote  : createProcessGroup failed, kernel missing CONFIG_CGROUP_CPUACCT?
07-31 15:59:28.670   593  1098 W ActivityManager: Wtf, activity ActivityRecord{deb9c58 u0 com.android.provision/.DefaultActivity t2 f} in proc activity list not using proc ProcessRecord{5a59e70 1526:com.android.provision/u0a52}?!? Using null instead.
07-31 15:59:28.670   593   606 I UsageStatsService: User[0] Flushing usage stats to disk
07-31 15:59:28.681   593   606 I UsageStatsDatabase: Time changed by +2s822ms. files deleted: 0 files moved: 4
07-31 15:59:28.685  1788  1799 D DefContainer: Copying /data/local/tmp/manman-googleplay-release-unsigned_REACH.apk to base.apk
07-31 15:59:28.693   593   606 I UsageStatsService: User[0] Rollover scheduled @ 2019-08-01 00:00:00(1564617600000)
07-31 15:59:28.693   593   642 W PackageParser: Unknown element under <manifest>: meta-data at /data/app/vmdl506037605.tmp/base.apk Binary XML file line #15
07-31 15:59:28.755   593   642 I PackageManager.DexOptimizer: Running dexopt (dex2oat) on: /data/app/vmdl506037605.tmp/base.apk pkg=com.adonai.manman isa=x86 vmSafeMode=false debuggable=false oatDir = /data/app/vmdl506037605.tmp/oat
07-31 15:59:28.762  1802  1802 W dex2oat : Unexpected CPU variant for X86 using defaults: x86
07-31 15:59:28.762  1802  1802 I dex2oat : Starting dex2oat.
07-31 15:59:28.762  1802  1802 E cutils-trace: Error opening trace file: Permission denied (13)
07-31 15:59:29.668  1802  1802 I dex2oat : dex2oat took 906.931ms (threads: 4) arena alloc=24MB java alloc=3MB native alloc=35MB free=21MB
07-31 15:59:29.720   593   642 W PackageManager: Unknown permission com.android.vending.BILLING in package com.adonai.manman
07-31 15:59:29.730   593   642 V BackupManagerService: restoreAtInstall pkg=com.adonai.manman token=1 restoreSet=0
07-31 15:59:29.730   593   642 V BackupManagerService: Finishing install immediately
07-31 15:59:29.730   593   642 W Settings: Setting install_non_market_apps has moved from android.provider.Settings.Global to android.provider.Settings.Secure, returning read-only value.
07-31 15:59:29.731   593   642 I art     : Starting a blocking GC Explicit
07-31 15:59:29.740   593   642 I art     : Explicit concurrent mark sweep GC freed 22841(1361KB) AllocSpace objects, 9(280KB) LOS objects, 33% free, 5MB/8MB, paused 297us total 9.689ms
07-31 15:59:29.742   593   607 W ActivityManager: Wtf, activity ActivityRecord{deb9c58 u0 com.android.provision/.DefaultActivity t2 f} in proc activity list not using proc ProcessRecord{5a59e70 1526:com.android.provision/u0a52}?!? Using null instead.
07-31 15:59:29.743  1780  1780 I art     : System.exit called, status: 0
07-31 15:59:29.743  1780  1780 I AndroidRuntime: VM exiting with result code 0.
07-31 15:59:29.745   593   670 I InputReader: Reconfiguring input devices.  changes=0x00000010
07-31 15:59:29.753   593   605 I ActivityManager: Start proc 1808:com.android.musicfx/u0a10 for broadcast com.android.musicfx/.Compatibility$Receiver
07-31 15:59:29.754   593   605 W ActivityManager: Wtf, activity ActivityRecord{deb9c58 u0 com.android.provision/.DefaultActivity t2 f} in proc activity list not using proc ProcessRecord{5a59e70 1526:com.android.provision/u0a52}?!? Using null instead.
07-31 15:59:29.759   985   985 D CarrierServiceBindHelper: Receive action: android.intent.action.PACKAGE_ADDED
07-31 15:59:29.759   985   985 D CarrierServiceBindHelper: mHandler: 3
07-31 15:59:29.759   985   985 D CarrierConfigLoader: mHandler: 9 phoneId: 0
07-31 15:59:29.770   593   606 W VoiceInteractionManagerService: no available voice recognition services found for user 0
07-31 15:59:29.784  1808  1808 E libprocessgroup: failed to make and chown /acct/uid_10010: Read-only file system
07-31 15:59:29.784  1808  1808 W Zygote  : createProcessGroup failed, kernel missing CONFIG_CGROUP_CPUACCT?
07-31 15:59:29.799   593  1094 W ActivityManager: Wtf, activity ActivityRecord{deb9c58 u0 com.android.provision/.DefaultActivity t2 f} in proc activity list not using proc ProcessRecord{5a59e70 1526:com.android.provision/u0a52}?!? Using null instead.
07-31 15:59:29.808  1808  1808 W System  : ClassLoader referenced unknown path: /system/priv-app/MusicFX/lib/x86
07-31 15:59:29.810   593   738 W ActivityManager: Wtf, activity ActivityRecord{deb9c58 u0 com.android.provision/.DefaultActivity t2 f} in proc activity list not using proc ProcessRecord{5a59e70 1526:com.android.provision/u0a52}?!? Using null instead.
07-31 15:59:29.810   593   806 W ActivityManager: Wtf, activity ActivityRecord{deb9c58 u0 com.android.provision/.DefaultActivity t2 f} in proc activity list not using proc ProcessRecord{5a59e70 1526:com.android.provision/u0a52}?!? Using null instead.
07-31 15:59:29.810   593   806 W ActivityManager: Wtf, activity ActivityRecord{deb9c58 u0 com.android.provision/.DefaultActivity t2 f} in proc activity list not using proc ProcessRecord{5a59e70 1526:com.android.provision/u0a52}?!? Using null instead.
07-31 15:59:29.812   593   605 W ActivityManager: Wtf, activity ActivityRecord{deb9c58 u0 com.android.provision/.DefaultActivity t2 f} in proc activity list not using proc ProcessRecord{5a59e70 1526:com.android.provision/u0a52}?!? Using null instead.
07-31 15:59:29.812   593   605 W ActivityManager: Wtf, activity ActivityRecord{deb9c58 u0 com.android.provision/.DefaultActivity t2 f} in proc activity list not using proc ProcessRecord{5a59e70 1526:com.android.provision/u0a52}?!? Using null instead.
07-31 15:59:29.813   593  1093 W ActivityManager: Wtf, activity ActivityRecord{deb9c58 u0 com.android.provision/.DefaultActivity t2 f} in proc activity list not using proc ProcessRecord{5a59e70 1526:com.android.provision/u0a52}?!? Using null instead.
07-31 15:59:29.824   593  1094 I ActivityManager: Start proc 1839:com.svox.pico/u0a50 for broadcast com.svox.pico/.VoiceDataInstallerReceiver
07-31 15:59:29.824   593  1094 W ActivityManager: Wtf, activity ActivityRecord{deb9c58 u0 com.android.provision/.DefaultActivity t2 f} in proc activity list not using proc ProcessRecord{5a59e70 1526:com.android.provision/u0a52}?!? Using null instead.
07-31 15:59:29.829   593  1098 W ActivityManager: Wtf, activity ActivityRecord{deb9c58 u0 com.android.provision/.DefaultActivity t2 f} in proc activity list not using proc ProcessRecord{5a59e70 1526:com.android.provision/u0a52}?!? Using null instead.
07-31 15:59:29.848   593   806 W ActivityManager: Wtf, activity ActivityRecord{deb9c58 u0 com.android.provision/.DefaultActivity t2 f} in proc activity list not using proc ProcessRecord{5a59e70 1526:com.android.provision/u0a52}?!? Using null instead.
07-31 15:59:29.848   593   806 I ActivityManager: Killing 1526:com.android.provision/u0a52 (adj 15): empty #17
07-31 15:59:29.848   593   806 W libprocessgroup: failed to open /acct/uid_10052/pid_1526/cgroup.procs: No such file or directory
07-31 15:59:29.851  1839  1839 E libprocessgroup: failed to make and chown /acct/uid_10050: Read-only file system
07-31 15:59:29.851  1839  1839 W Zygote  : createProcessGroup failed, kernel missing CONFIG_CGROUP_CPUACCT?
07-31 15:59:29.878   593  1094 I ActivityManager: Killing 1584:com.android.keychain/1000 (adj 15): empty #17
07-31 15:59:29.878   593  1094 W libprocessgroup: failed to open /acct/uid_1000/pid_1584/cgroup.procs: No such file or directory
07-31 15:59:29.965  1834  1834 D AndroidRuntime: >>>>>> START com.android.internal.os.RuntimeInit uid 0 <<<<<<
07-31 15:59:29.967  1834  1834 D AndroidRuntime: CheckJNI is OFF
07-31 15:59:29.977  1834  1834 D ICU     : No timezone override file found: /data/misc/zoneinfo/current/icu/icu_tzdata.dat
07-31 15:59:29.991  1834  1834 E memtrack: Couldn't load memtrack module (No such file or directory)
07-31 15:59:29.991  1834  1834 E android.os.Debug: failed to load memtrack module: -2
07-31 15:59:29.993  1834  1834 I Radio-JNI: register_android_hardware_Radio DONE
07-31 15:59:29.999  1834  1834 D AndroidRuntime: Calling main entry com.android.commands.monkey.Monkey
07-31 15:59:30.007   593   607 W BroadcastQueue: Skipping deliver [background] BroadcastRecord{388cd1f u-1 android.net.conn.CONNECTIVITY_CHANGE} to ReceiverList{4b8f86c 1834 (unknown name)/0/u-1 remote:79e8379}: process crashing
07-31 15:59:30.011   593   604 I ActivityManager: START u0 {act=android.intent.action.MAIN cat=[android.intent.category.LAUNCHER] flg=0x10200000 cmp=com.adonai.manman/.MainPagerActivity} from uid 0 on display 0
07-31 15:59:30.087   593   738 I ActivityManager: Start proc 1860:com.adonai.manman/u0a60 for activity com.adonai.manman/.MainPagerActivity
07-31 15:59:30.089   593   608 D Sensors : batch handle 1, but there is no batch sensor in genymotion
07-31 15:59:30.090  1834  1834 I art     : System.exit called, status: 0
07-31 15:59:30.091  1834  1834 I AndroidRuntime: VM exiting with result code 0.
07-31 15:59:30.118  1860  1860 E libprocessgroup: failed to make and chown /acct/uid_10060: Read-only file system
07-31 15:59:30.118  1860  1860 W Zygote  : createProcessGroup failed, kernel missing CONFIG_CGROUP_CPUACCT?
07-31 15:59:30.219  1860  1860 W System  : ClassLoader referenced unknown path: /data/app/com.adonai.manman-1/lib/x86
07-31 15:59:30.220  1860  1860 D leak-445: Eastern Standard Time
07-31 15:59:30.220  1860  1860 D leak-446: Eastern Standard Time
07-31 15:59:30.220  1860  1860 D leak-716: Eastern Standard Time
07-31 15:59:30.221  1860  1860 D leak-718: Eastern Standard Time
07-31 15:59:30.221  1860  1860 D leak-719: Eastern Standard Time
07-31 15:59:30.246  1860  1860 D leak-448: Eastern Standard Time
07-31 15:59:30.256  1860  1860 D leak-710: Eastern Standard Time
07-31 15:59:30.262  1860  1860 D leak-449: Eastern Standard Time
07-31 15:59:30.347  1860  1860 D leak-452: Eastern Standard Time
07-31 15:59:30.352  1860  1860 D leak-453: Eastern Standard Time
07-31 15:59:30.352  1860  1860 D leak-455: Eastern Standard Time
07-31 15:59:30.353  1860  1860 D leak-455: Eastern Standard Time
07-31 15:59:30.353  1860  1860 D leak-456: Eastern Standard Time
07-31 15:59:30.357  1860  1860 D leak-456: Eastern Standard Time
07-31 15:59:30.358  1860  1860 D leak-456: Eastern Standard Time
07-31 15:59:30.358  1860  1860 D leak-456: Eastern Standard Time
07-31 15:59:30.359  1860  1860 D leak-961: Eastern Standard Time
07-31 15:59:30.359  1860  1860 D leak-962: Eastern Standard Time
07-31 15:59:30.363  1860  1860 D leak-834: Eastern Standard Time
07-31 15:59:30.363  1860  1860 D leak-835: Eastern Standard Time
07-31 15:59:30.363  1860  1860 D leak-955: Eastern Standard Time
07-31 15:59:30.363  1860  1860 D leak-963: Eastern Standard Time
07-31 15:59:30.363  1860  1860 D leak-838: Eastern Standard Time
07-31 15:59:30.363  1860  1860 D leak-854: Eastern Standard Time
07-31 15:59:30.364  1860  1860 D leak-955: Eastern Standard Time
07-31 15:59:30.364  1860  1860 D leak-839: Eastern Standard Time
07-31 15:59:30.370  1860  1860 D leak-850: Eastern Standard Time
07-31 15:59:30.370  1860  1860 D leak-851: Eastern Standard Time
07-31 15:59:30.370  1860  1860 D leak-819: Eastern Standard Time
07-31 15:59:30.370  1860  1860 D leak-820: Eastern Standard Time
07-31 15:59:30.370  1860  1860 D leak-822: Eastern Standard Time
07-31 15:59:30.370  1860  1860 D leak-909: Eastern Standard Time
07-31 15:59:30.370  1860  1860 D leak-964: Eastern Standard Time
07-31 15:59:30.372  1860  1860 D leak-825: Eastern Standard Time
07-31 15:59:30.372  1860  1860 D leak-455: Eastern Standard Time
07-31 15:59:30.372  1860  1860 D leak-455: Eastern Standard Time
07-31 15:59:30.398  1860  1875 D OpenGLRenderer: Use EGL_SWAP_BEHAVIOR_PRESERVED: true
07-31 15:59:30.401  1860  1860 D         : HostConnection::get() New Host Connection established 0xeb132e60, tid 1860
07-31 15:59:30.409  1549  1623 E Surface : getSlotFromBufferLocked: unknown buffer: 0xe8e09f80
07-31 15:59:30.425  1860  1860 D leak-455: Eastern Standard Time
07-31 15:59:30.425  1860  1860 D leak-454: Eastern Standard Time
07-31 15:59:30.425  1860  1860 D leak-643: Eastern Standard Time
07-31 15:59:30.425  1860  1860 D leak-640: Eastern Standard Time
07-31 15:59:30.426  1860  1860 D leak-646: Eastern Standard Time
07-31 15:59:30.429  1860  1860 D leak-659: Eastern Standard Time
07-31 15:59:30.433  1860  1860 D leak-641: Eastern Standard Time
07-31 15:59:30.433  1860  1860 D leak-644: Eastern Standard Time
07-31 15:59:30.433  1860  1860 D leak-454: Eastern Standard Time
07-31 15:59:30.434  1860  1860 D leak-215: Eastern Standard Time
07-31 15:59:30.437  1860  1860 D leak-210: Eastern Standard Time
07-31 15:59:30.438  1860  1860 D leak-218: Eastern Standard Time
07-31 15:59:30.438  1860  1860 D leak-248: Eastern Standard Time
07-31 15:59:30.438  1860  1860 D leak-286: Eastern Standard Time
07-31 15:59:30.438  1860  1860 D leak-211: Eastern Standard Time
07-31 15:59:30.438  1860  1860 D leak-213: Eastern Standard Time
07-31 15:59:30.438  1860  1860 D leak-216: Eastern Standard Time
07-31 15:59:30.438  1860  1860 D leak-455: Eastern Standard Time
07-31 15:59:30.438  1860  1860 D leak-457: Eastern Standard Time
07-31 15:59:30.438  1860  1860 D leak-458: Eastern Standard Time
07-31 15:59:30.439  1860  1860 D leak-645: Eastern Standard Time
07-31 15:59:30.439  1860  1860 D leak-694: Eastern Standard Time
07-31 15:59:30.439  1860  1860 D leak-695: Eastern Standard Time
07-31 15:59:30.439  1860  1860 D leak-695: Eastern Standard Time
07-31 15:59:30.439  1860  1860 D leak-695: Eastern Standard Time
07-31 15:59:30.439  1860  1860 D leak-695: Eastern Standard Time
07-31 15:59:30.439  1860  1860 D leak-695: Eastern Standard Time
07-31 15:59:30.439  1860  1860 D leak-695: Eastern Standard Time
07-31 15:59:30.439  1860  1860 D leak-695: Eastern Standard Time
07-31 15:59:30.439  1860  1860 D leak-695: Eastern Standard Time
07-31 15:59:30.439  1860  1860 D leak-695: Eastern Standard Time
07-31 15:59:30.439  1860  1860 D leak-695: Eastern Standard Time
07-31 15:59:30.439  1860  1860 D leak-695: Eastern Standard Time
07-31 15:59:30.439  1860  1860 D leak-695: Eastern Standard Time
07-31 15:59:30.453  1860  1860 D leak-672: Eastern Standard Time
07-31 15:59:30.454  1860  1860 D leak-647: Eastern Standard Time
07-31 15:59:30.454  1860  1860 D leak-364: Eastern Standard Time
07-31 15:59:30.454  1860  1860 D leak-365: Eastern Standard Time
07-31 15:59:30.454  1860  1860 D leak-648: Eastern Standard Time
07-31 15:59:30.454  1860  1860 D leak-660: Eastern Standard Time
07-31 15:59:30.455  1860  1860 D leak-364: Eastern Standard Time
07-31 15:59:30.455  1860  1860 D leak-365: Eastern Standard Time
07-31 15:59:30.455  1860  1860 D leak-661: Eastern Standard Time
07-31 15:59:30.455  1860  1860 D leak-662: Eastern Standard Time
07-31 15:59:30.455  1860  1860 D leak-649: Eastern Standard Time
07-31 15:59:30.455  1860  1860 D leak-217: Eastern Standard Time
07-31 15:59:30.456  1860  1860 D leak-694: Eastern Standard Time
07-31 15:59:30.456  1860  1860 D leak-695: Eastern Standard Time
07-31 15:59:30.456  1860  1860 D leak-695: Eastern Standard Time
07-31 15:59:30.456  1860  1860 D leak-695: Eastern Standard Time
07-31 15:59:30.456  1860  1860 D leak-695: Eastern Standard Time
07-31 15:59:30.456  1860  1860 D leak-695: Eastern Standard Time
07-31 15:59:30.456  1860  1860 D leak-695: Eastern Standard Time
07-31 15:59:30.456  1860  1860 D leak-695: Eastern Standard Time
07-31 15:59:30.456  1860  1860 D leak-695: Eastern Standard Time
07-31 15:59:30.456  1860  1860 D leak-695: Eastern Standard Time
07-31 15:59:30.456  1860  1860 D leak-695: Eastern Standard Time
07-31 15:59:30.456  1860  1860 D leak-695: Eastern Standard Time
07-31 15:59:30.456  1860  1860 D leak-695: Eastern Standard Time
07-31 15:59:30.456  1860  1860 D leak-182: Eastern Standard Time
07-31 15:59:30.456  1860  1860 D leak-183: Eastern Standard Time
07-31 15:59:30.458  1860  1860 D leak-113: Eastern Standard Time
07-31 15:59:30.458  1860  1860 D leak-114: Eastern Standard Time
07-31 15:59:30.458  1860  1860 D leak-118: Eastern Standard Time
07-31 15:59:30.460  1860  1860 D leak-128: Eastern Standard Time
07-31 15:59:30.460  1860  1860 D leak-219: Eastern Standard Time
07-31 15:59:30.460  1860  1860 D leak-364: Eastern Standard Time
07-31 15:59:30.460  1860  1860 D leak-365: Eastern Standard Time
07-31 15:59:30.460  1860  1860 D leak-220: Eastern Standard Time
07-31 15:59:30.460  1860  1860 D leak-249: Eastern Standard Time
07-31 15:59:30.461  1860  1860 D leak-364: Eastern Standard Time
07-31 15:59:30.461  1860  1860 D leak-365: Eastern Standard Time
07-31 15:59:30.461  1860  1860 D leak-250: Eastern Standard Time
07-31 15:59:30.476  1860  1875 D libEGL  : loaded /system/lib/egl/libEGL_emulation.so
07-31 15:59:30.476  1860  1875 D libEGL  : loaded /system/lib/egl/libGLESv1_CM_emulation.so
07-31 15:59:30.480  1860  1875 D libEGL  : loaded /system/lib/egl/libGLESv2_emulation.so
07-31 15:59:30.485  1860  1875 D         : HostConnection::get() New Host Connection established 0xee9129b0, tid 1875
07-31 15:59:30.508  1860  1875 I OpenGLRenderer: Initialized EGL, version 1.4
07-31 15:59:30.554  1860  1875 W EGL_emulation: eglSurfaceAttrib not implemented
07-31 15:59:30.554  1860  1875 W OpenGLRenderer: Failed to set EGL_SWAP_BEHAVIOR on surface 0xe9b7cda0, error=EGL_SUCCESS
07-31 15:59:30.577  1860  1860 D leak-455: Eastern Standard Time
07-31 15:59:30.577  1860  1860 D leak-455: Eastern Standard Time
07-31 15:59:30.578  1860  1860 D leak-457: Eastern Standard Time
07-31 15:59:30.580  1860  1860 D leak-184: Eastern Standard Time
07-31 15:59:30.583  1860  1860 D leak-184: Eastern Standard Time
07-31 15:59:30.584  1860  1860 D leak-184: Eastern Standard Time
07-31 15:59:30.585  1860  1860 D leak-184: Eastern Standard Time
07-31 15:59:30.586  1860  1860 D leak-184: Eastern Standard Time
07-31 15:59:30.587  1860  1860 D leak-184: Eastern Standard Time
07-31 15:59:30.588  1860  1860 D leak-184: Eastern Standard Time
07-31 15:59:30.589  1860  1860 D leak-184: Eastern Standard Time
07-31 15:59:30.590  1860  1860 D leak-184: Eastern Standard Time
07-31 15:59:30.591  1860  1860 D leak-184: Eastern Standard Time
07-31 15:59:30.592  1860  1860 D leak-184: Eastern Standard Time
07-31 15:59:30.593  1860  1860 D leak-184: Eastern Standard Time
07-31 15:59:30.597  1860  1860 D leak-450: Eastern Standard Time
07-31 15:59:30.602  1860  1860 D leak-455: Eastern Standard Time
07-31 15:59:30.779   593   612 I ActivityManager: Displayed com.adonai.manman/.MainPagerActivity: +703ms
07-31 15:59:30.844  1860  1860 D leak-455: Eastern Standard Time
07-31 15:59:30.844  1860  1860 D leak-455: Eastern Standard Time
07-31 15:59:30.844  1860  1860 D leak-457: Eastern Standard Time
07-31 15:59:30.846  1860  1860 D leak-455: Eastern Standard Time
07-31 15:59:31.862  1350  1668 D InitAlarmsService: Clearing and rescheduling alarms.
07-31 15:59:31.868   593   738 I ActivityManager: Killing 1594:com.android.dialer/u0a5 (adj 15): empty #17
07-31 15:59:31.868   593   738 W libprocessgroup: failed to open /acct/uid_10005/pid_1594/cgroup.procs: No such file or directory
07-31 15:59:35.249  1880  1880 D AndroidRuntime: >>>>>> START com.android.internal.os.RuntimeInit uid 0 <<<<<<
07-31 15:59:35.251  1880  1880 D AndroidRuntime: CheckJNI is OFF
07-31 15:59:35.261  1880  1880 D ICU     : No timezone override file found: /data/misc/zoneinfo/current/icu/icu_tzdata.dat
07-31 15:59:35.274  1880  1880 E memtrack: Couldn't load memtrack module (No such file or directory)
07-31 15:59:35.274  1880  1880 E android.os.Debug: failed to load memtrack module: -2
07-31 15:59:35.275  1880  1880 I Radio-JNI: register_android_hardware_Radio DONE
07-31 15:59:35.284  1880  1880 D AndroidRuntime: Calling main entry com.android.commands.content.Content
07-31 15:59:35.288  1880  1880 D AndroidRuntime: Shutting down VM
07-31 15:59:35.654  1889  1889 D AndroidRuntime: >>>>>> START com.android.internal.os.RuntimeInit uid 0 <<<<<<
07-31 15:59:35.656  1889  1889 D AndroidRuntime: CheckJNI is OFF
07-31 15:59:35.666  1889  1889 D ICU     : No timezone override file found: /data/misc/zoneinfo/current/icu/icu_tzdata.dat
07-31 15:59:35.677  1889  1889 E memtrack: Couldn't load memtrack module (No such file or directory)
07-31 15:59:35.677  1889  1889 E android.os.Debug: failed to load memtrack module: -2
07-31 15:59:35.678  1889  1889 I Radio-JNI: register_android_hardware_Radio DONE
07-31 15:59:35.684  1889  1889 D AndroidRuntime: Calling main entry com.android.commands.content.Content
07-31 15:59:35.687  1889  1889 D AndroidRuntime: Shutting down VM
07-31 15:59:36.698  1910  1910 D AndroidRuntime: >>>>>> START com.android.internal.os.RuntimeInit uid 0 <<<<<<
07-31 15:59:36.701  1910  1910 D AndroidRuntime: CheckJNI is OFF
07-31 15:59:36.713  1910  1910 D ICU     : No timezone override file found: /data/misc/zoneinfo/current/icu/icu_tzdata.dat
07-31 15:59:36.732  1910  1910 E memtrack: Couldn't load memtrack module (No such file or directory)
07-31 15:59:36.732  1910  1910 E android.os.Debug: failed to load memtrack module: -2
07-31 15:59:36.734  1910  1910 I Radio-JNI: register_android_hardware_Radio DONE
07-31 15:59:36.745  1910  1910 D AndroidRuntime: Calling main entry com.android.commands.uiautomator.Launcher
07-31 15:59:37.762  1860  1860 D leak-455: Eastern Standard Time
07-31 15:59:37.777  1910  1910 I AccessibilityNodeInfoDumper: Skipping invisible child: android.view.accessibility.AccessibilityNodeInfo@8000bf56; boundsInParent: Rect(0, 0 - 1200, 1540); boundsInScreen: Rect(1200, 278 - 1200, 1818); packageName: com.adonai.manman; className: android.widget.FrameLayout; text: null; error: null; maxTextLength: -1; contentDescription: null; viewIdResName: com.adonai.manman:id/chapter_fragment_frame; checkable: false; checked: false; focusable: true; focused: false; selected: false; clickable: false; longClickable: false; contextClickable: false; enabled: true; password: false; scrollable: false; actions: [AccessibilityAction: ACTION_FOCUS - null, AccessibilityAction: ACTION_SELECT - null, AccessibilityAction: ACTION_CLEAR_SELECTION - null, AccessibilityAction: ACTION_ACCESSIBILITY_FOCUS - null, AccessibilityAction: ACTION_UNKNOWN - null]
07-31 15:59:37.779  1910  1910 W AccessibilityNodeInfoDumper: Fetch time: 13ms
07-31 15:59:37.779   593  1093 W WindowManager: Attempted to remove non-existing token: android.os.Binder@5c117cd
07-31 15:59:37.782  1910  1910 D AndroidRuntime: Shutting down VM
07-31 15:59:38.423  1929  1929 D AndroidRuntime: >>>>>> START com.android.internal.os.RuntimeInit uid 0 <<<<<<
07-31 15:59:38.424  1929  1929 D AndroidRuntime: CheckJNI is OFF
07-31 15:59:38.435  1929  1929 D ICU     : No timezone override file found: /data/misc/zoneinfo/current/icu/icu_tzdata.dat
07-31 15:59:38.450  1929  1929 E memtrack: Couldn't load memtrack module (No such file or directory)
07-31 15:59:38.450  1929  1929 E android.os.Debug: failed to load memtrack module: -2
07-31 15:59:38.450  1929  1929 I Radio-JNI: register_android_hardware_Radio DONE
07-31 15:59:38.456  1929  1929 D AndroidRuntime: Calling main entry com.android.commands.uiautomator.Launcher
07-31 15:59:38.727   593   806 I ActivityManager: Killing 1626:com.android.managedprovisioning/u0a9 (adj 15): empty #17
07-31 15:59:38.727   593   806 W libprocessgroup: failed to open /acct/uid_10009/pid_1626/cgroup.procs: No such file or directory
07-31 15:59:39.470  1860  1860 D leak-455: Eastern Standard Time
07-31 15:59:39.484  1929  1929 I AccessibilityNodeInfoDumper: Skipping invisible child: android.view.accessibility.AccessibilityNodeInfo@8000bf5d; boundsInParent: Rect(0, 0 - 1200, 1540); boundsInScreen: Rect(1200, 278 - 1200, 1818); packageName: com.adonai.manman; className: android.widget.FrameLayout; text: null; error: null; maxTextLength: -1; contentDescription: null; viewIdResName: com.adonai.manman:id/chapter_fragment_frame; checkable: false; checked: false; focusable: true; focused: false; selected: false; clickable: false; longClickable: false; contextClickable: false; enabled: true; password: false; scrollable: false; actions: [AccessibilityAction: ACTION_FOCUS - null, AccessibilityAction: ACTION_SELECT - null, AccessibilityAction: ACTION_CLEAR_SELECTION - null, AccessibilityAction: ACTION_ACCESSIBILITY_FOCUS - null, AccessibilityAction: ACTION_UNKNOWN - null]
07-31 15:59:39.484  1929  1929 W AccessibilityNodeInfoDumper: Fetch time: 9ms
07-31 15:59:39.484   593  1094 W WindowManager: Attempted to remove non-existing token: android.os.Binder@21a2b93
07-31 15:59:39.487  1929  1929 D AndroidRuntime: Shutting down VM
07-31 15:59:39.833   593   670 I InputReader: Reconfiguring input devices.  changes=0x00000010
07-31 15:59:40.524  1953  1953 D AndroidRuntime: >>>>>> START com.android.internal.os.RuntimeInit uid 0 <<<<<<
07-31 15:59:40.525  1953  1953 D AndroidRuntime: CheckJNI is OFF
07-31 15:59:40.535  1953  1953 D ICU     : No timezone override file found: /data/misc/zoneinfo/current/icu/icu_tzdata.dat
07-31 15:59:40.553  1953  1953 E memtrack: Couldn't load memtrack module (No such file or directory)
07-31 15:59:40.553  1953  1953 E android.os.Debug: failed to load memtrack module: -2
07-31 15:59:40.554  1953  1953 I Radio-JNI: register_android_hardware_Radio DONE
07-31 15:59:40.560  1953  1953 D AndroidRuntime: Calling main entry com.android.commands.uiautomator.Launcher
07-31 15:59:41.569  1860  1860 D leak-455: Eastern Standard Time
07-31 15:59:41.594  1953  1953 I AccessibilityNodeInfoDumper: Skipping invisible child: android.view.accessibility.AccessibilityNodeInfo@8000bf61; boundsInParent: Rect(0, 0 - 1200, 1540); boundsInScreen: Rect(1200, 278 - 1200, 1818); packageName: com.adonai.manman; className: android.widget.FrameLayout; text: null; error: null; maxTextLength: -1; contentDescription: null; viewIdResName: com.adonai.manman:id/chapter_fragment_frame; checkable: false; checked: false; focusable: true; focused: false; selected: false; clickable: false; longClickable: false; contextClickable: false; enabled: true; password: false; scrollable: false; actions: [AccessibilityAction: ACTION_FOCUS - null, AccessibilityAction: ACTION_SELECT - null, AccessibilityAction: ACTION_CLEAR_SELECTION - null, AccessibilityAction: ACTION_ACCESSIBILITY_FOCUS - null, AccessibilityAction: ACTION_UNKNOWN - null]
07-31 15:59:41.594  1953  1953 W AccessibilityNodeInfoDumper: Fetch time: 15ms
07-31 15:59:41.595   593  1098 W WindowManager: Attempted to remove non-existing token: android.os.Binder@bbfe5da
07-31 15:59:41.598  1953  1953 D AndroidRuntime: Shutting down VM
07-31 15:59:42.662  1981  1981 D AndroidRuntime: >>>>>> START com.android.internal.os.RuntimeInit uid 0 <<<<<<
07-31 15:59:42.663  1981  1981 D AndroidRuntime: CheckJNI is OFF
07-31 15:59:42.674  1981  1981 D ICU     : No timezone override file found: /data/misc/zoneinfo/current/icu/icu_tzdata.dat
07-31 15:59:42.688  1981  1981 E memtrack: Couldn't load memtrack module (No such file or directory)
07-31 15:59:42.688  1981  1981 E android.os.Debug: failed to load memtrack module: -2
07-31 15:59:42.689  1981  1981 I Radio-JNI: register_android_hardware_Radio DONE
07-31 15:59:42.695  1981  1981 D AndroidRuntime: Calling main entry com.android.commands.uiautomator.Launcher
07-31 15:59:43.709  1860  1860 D leak-455: Eastern Standard Time
07-31 15:59:43.723  1981  1981 I AccessibilityNodeInfoDumper: Skipping invisible child: android.view.accessibility.AccessibilityNodeInfo@8000bf68; boundsInParent: Rect(0, 0 - 1200, 1540); boundsInScreen: Rect(1200, 278 - 1200, 1818); packageName: com.adonai.manman; className: android.widget.FrameLayout; text: null; error: null; maxTextLength: -1; contentDescription: null; viewIdResName: com.adonai.manman:id/chapter_fragment_frame; checkable: false; checked: false; focusable: true; focused: false; selected: false; clickable: false; longClickable: false; contextClickable: false; enabled: true; password: false; scrollable: false; actions: [AccessibilityAction: ACTION_FOCUS - null, AccessibilityAction: ACTION_SELECT - null, AccessibilityAction: ACTION_CLEAR_SELECTION - null, AccessibilityAction: ACTION_ACCESSIBILITY_FOCUS - null, AccessibilityAction: ACTION_UNKNOWN - null]
07-31 15:59:43.723  1981  1981 W AccessibilityNodeInfoDumper: Fetch time: 10ms
07-31 15:59:43.724   593  1098 W WindowManager: Attempted to remove non-existing token: android.os.Binder@9597a0b
07-31 15:59:43.727  1981  1981 D AndroidRuntime: Shutting down VM
07-31 15:59:44.741  2007  2007 D AndroidRuntime: >>>>>> START com.android.internal.os.RuntimeInit uid 0 <<<<<<
07-31 15:59:44.742  2007  2007 D AndroidRuntime: CheckJNI is OFF
07-31 15:59:44.751  2007  2007 D ICU     : No timezone override file found: /data/misc/zoneinfo/current/icu/icu_tzdata.dat
07-31 15:59:44.764  2007  2007 E memtrack: Couldn't load memtrack module (No such file or directory)
07-31 15:59:44.764  2007  2007 E android.os.Debug: failed to load memtrack module: -2
07-31 15:59:44.764  2007  2007 I Radio-JNI: register_android_hardware_Radio DONE
07-31 15:59:44.771  2007  2007 D AndroidRuntime: Calling main entry com.android.commands.uiautomator.Launcher
07-31 15:59:45.790  1860  1860 D leak-455: Eastern Standard Time
07-31 15:59:45.812  2007  2007 I AccessibilityNodeInfoDumper: Skipping invisible child: android.view.accessibility.AccessibilityNodeInfo@8000bf6d; boundsInParent: Rect(0, 0 - 1200, 1540); boundsInScreen: Rect(1200, 278 - 1200, 1818); packageName: com.adonai.manman; className: android.widget.FrameLayout; text: null; error: null; maxTextLength: -1; contentDescription: null; viewIdResName: com.adonai.manman:id/chapter_fragment_frame; checkable: false; checked: false; focusable: true; focused: false; selected: false; clickable: false; longClickable: false; contextClickable: false; enabled: true; password: false; scrollable: false; actions: [AccessibilityAction: ACTION_FOCUS - null, AccessibilityAction: ACTION_SELECT - null, AccessibilityAction: ACTION_CLEAR_SELECTION - null, AccessibilityAction: ACTION_ACCESSIBILITY_FOCUS - null, AccessibilityAction: ACTION_UNKNOWN - null]
07-31 15:59:45.812  2007  2007 W AccessibilityNodeInfoDumper: Fetch time: 18ms
07-31 15:59:45.813   593  1093 W WindowManager: Attempted to remove non-existing token: android.os.Binder@defc301
07-31 15:59:45.816  2007  2007 D AndroidRuntime: Shutting down VM
07-31 15:59:46.279  2025  2025 D AndroidRuntime: >>>>>> START com.android.internal.os.RuntimeInit uid 0 <<<<<<
07-31 15:59:46.281  2025  2025 D AndroidRuntime: CheckJNI is OFF
07-31 15:59:46.289  2025  2025 D ICU     : No timezone override file found: /data/misc/zoneinfo/current/icu/icu_tzdata.dat
07-31 15:59:46.303  2025  2025 E memtrack: Couldn't load memtrack module (No such file or directory)
07-31 15:59:46.303  2025  2025 E android.os.Debug: failed to load memtrack module: -2
07-31 15:59:46.304  2025  2025 I Radio-JNI: register_android_hardware_Radio DONE
07-31 15:59:46.310  2025  2025 D AndroidRuntime: Calling main entry com.android.commands.uiautomator.Launcher
07-31 15:59:47.319  1860  1860 D leak-455: Eastern Standard Time
07-31 15:59:47.333  2025  2025 I AccessibilityNodeInfoDumper: Skipping invisible child: android.view.accessibility.AccessibilityNodeInfo@8000bf73; boundsInParent: Rect(0, 0 - 1200, 1540); boundsInScreen: Rect(1200, 278 - 1200, 1818); packageName: com.adonai.manman; className: android.widget.FrameLayout; text: null; error: null; maxTextLength: -1; contentDescription: null; viewIdResName: com.adonai.manman:id/chapter_fragment_frame; checkable: false; checked: false; focusable: true; focused: false; selected: false; clickable: false; longClickable: false; contextClickable: false; enabled: true; password: false; scrollable: false; actions: [AccessibilityAction: ACTION_FOCUS - null, AccessibilityAction: ACTION_SELECT - null, AccessibilityAction: ACTION_CLEAR_SELECTION - null, AccessibilityAction: ACTION_ACCESSIBILITY_FOCUS - null, AccessibilityAction: ACTION_UNKNOWN - null]
07-31 15:59:47.333  2025  2025 W AccessibilityNodeInfoDumper: Fetch time: 10ms
07-31 15:59:47.334   593  1098 W WindowManager: Attempted to remove non-existing token: android.os.Binder@4685a6
07-31 15:59:47.337  2025  2025 D AndroidRuntime: Shutting down VM
07-31 15:59:48.394  2048  2048 D AndroidRuntime: >>>>>> START com.android.internal.os.RuntimeInit uid 0 <<<<<<
07-31 15:59:48.396  2048  2048 D AndroidRuntime: CheckJNI is OFF
07-31 15:59:48.405  2048  2048 D ICU     : No timezone override file found: /data/misc/zoneinfo/current/icu/icu_tzdata.dat
07-31 15:59:48.418  2048  2048 E memtrack: Couldn't load memtrack module (No such file or directory)
07-31 15:59:48.418  2048  2048 E android.os.Debug: failed to load memtrack module: -2
07-31 15:59:48.418  2048  2048 I Radio-JNI: register_android_hardware_Radio DONE
07-31 15:59:48.425  2048  2048 D AndroidRuntime: Calling main entry com.android.commands.uiautomator.Launcher
07-31 15:59:49.440  1860  1860 D leak-455: Eastern Standard Time
07-31 15:59:49.454  2048  2048 I AccessibilityNodeInfoDumper: Skipping invisible child: android.view.accessibility.AccessibilityNodeInfo@8000bf79; boundsInParent: Rect(0, 0 - 1200, 1540); boundsInScreen: Rect(1200, 278 - 1200, 1818); packageName: com.adonai.manman; className: android.widget.FrameLayout; text: null; error: null; maxTextLength: -1; contentDescription: null; viewIdResName: com.adonai.manman:id/chapter_fragment_frame; checkable: false; checked: false; focusable: true; focused: false; selected: false; clickable: false; longClickable: false; contextClickable: false; enabled: true; password: false; scrollable: false; actions: [AccessibilityAction: ACTION_FOCUS - null, AccessibilityAction: ACTION_SELECT - null, AccessibilityAction: ACTION_CLEAR_SELECTION - null, AccessibilityAction: ACTION_ACCESSIBILITY_FOCUS - null, AccessibilityAction: ACTION_UNKNOWN - null]
07-31 15:59:49.455  2048  2048 W AccessibilityNodeInfoDumper: Fetch time: 11ms
07-31 15:59:49.455   593  1093 W WindowManager: Attempted to remove non-existing token: android.os.Binder@f23abe7
07-31 15:59:49.457  2048  2048 D AndroidRuntime: Shutting down VM
07-31 15:59:49.893  2066  2066 D AndroidRuntime: >>>>>> START com.android.internal.os.RuntimeInit uid 0 <<<<<<
07-31 15:59:49.895  2066  2066 D AndroidRuntime: CheckJNI is OFF
07-31 15:59:49.902  2066  2066 D ICU     : No timezone override file found: /data/misc/zoneinfo/current/icu/icu_tzdata.dat
07-31 15:59:49.915  2066  2066 E memtrack: Couldn't load memtrack module (No such file or directory)
07-31 15:59:49.915  2066  2066 E android.os.Debug: failed to load memtrack module: -2
07-31 15:59:49.916  2066  2066 I Radio-JNI: register_android_hardware_Radio DONE
07-31 15:59:49.922  2066  2066 D AndroidRuntime: Calling main entry com.android.commands.uiautomator.Launcher
07-31 15:59:50.939  1860  1860 D leak-455: Eastern Standard Time
07-31 15:59:50.961  2066  2066 I AccessibilityNodeInfoDumper: Skipping invisible child: android.view.accessibility.AccessibilityNodeInfo@8000bf7f; boundsInParent: Rect(0, 0 - 1200, 1540); boundsInScreen: Rect(1200, 278 - 1200, 1818); packageName: com.adonai.manman; className: android.widget.FrameLayout; text: null; error: null; maxTextLength: -1; contentDescription: null; viewIdResName: com.adonai.manman:id/chapter_fragment_frame; checkable: false; checked: false; focusable: true; focused: false; selected: false; clickable: false; longClickable: false; contextClickable: false; enabled: true; password: false; scrollable: false; actions: [AccessibilityAction: ACTION_FOCUS - null, AccessibilityAction: ACTION_SELECT - null, AccessibilityAction: ACTION_CLEAR_SELECTION - null, AccessibilityAction: ACTION_ACCESSIBILITY_FOCUS - null, AccessibilityAction: ACTION_UNKNOWN - null]
07-31 15:59:50.963  2066  2066 W AccessibilityNodeInfoDumper: Fetch time: 18ms
07-31 15:59:50.964   593   806 W WindowManager: Attempted to remove non-existing token: android.os.Binder@c3ac394
07-31 15:59:50.966  2066  2066 D AndroidRuntime: Shutting down VM
07-31 15:59:52.030  2090  2090 D AndroidRuntime: >>>>>> START com.android.internal.os.RuntimeInit uid 0 <<<<<<
07-31 15:59:52.032  2090  2090 D AndroidRuntime: CheckJNI is OFF
07-31 15:59:52.042  2090  2090 D ICU     : No timezone override file found: /data/misc/zoneinfo/current/icu/icu_tzdata.dat
07-31 15:59:52.057  2090  2090 E memtrack: Couldn't load memtrack module (No such file or directory)
07-31 15:59:52.057  2090  2090 E android.os.Debug: failed to load memtrack module: -2
07-31 15:59:52.058  2090  2090 I Radio-JNI: register_android_hardware_Radio DONE
07-31 15:59:52.066  2090  2090 D AndroidRuntime: Calling main entry com.android.commands.uiautomator.Launcher
07-31 15:59:52.142  1808  1808 V MusicFXControlPanelReceiver: onReceive
07-31 15:59:52.142  1808  1808 V MusicFXControlPanelReceiver: Action: android.media.action.CLOSE_AUDIO_EFFECT_CONTROL_SESSION
07-31 15:59:52.142  1808  1808 V MusicFXControlPanelReceiver: Package name: com.android.music
07-31 15:59:52.142  1808  1808 V MusicFXControlPanelReceiver: Audio session: 8
07-31 15:59:52.142  1808  1808 V MusicFXControlPanelEffect: closeSession(android.app.ReceiverRestrictedContext@4b1fee6, com.android.music, 8)
07-31 15:59:52.144   593   605 I MediaFocusControl:  AudioFocus  abandonAudioFocus() from android.media.AudioManager@4b1fee6com.android.music.MediaPlaybackService$3@757cc27
07-31 15:59:52.145   593   738 I ActivityManager: Killing 1228:com.android.music/u0a44 (adj 15): empty #17
07-31 15:59:52.145   593   738 W libprocessgroup: failed to open /acct/uid_10044/pid_1228/cgroup.procs: No such file or directory
07-31 15:59:53.079  1860  1860 D leak-455: Eastern Standard Time
07-31 15:59:53.092  2090  2090 I AccessibilityNodeInfoDumper: Skipping invisible child: android.view.accessibility.AccessibilityNodeInfo@8000bf85; boundsInParent: Rect(0, 0 - 1200, 1540); boundsInScreen: Rect(1200, 278 - 1200, 1818); packageName: com.adonai.manman; className: android.widget.FrameLayout; text: null; error: null; maxTextLength: -1; contentDescription: null; viewIdResName: com.adonai.manman:id/chapter_fragment_frame; checkable: false; checked: false; focusable: true; focused: false; selected: false; clickable: false; longClickable: false; contextClickable: false; enabled: true; password: false; scrollable: false; actions: [AccessibilityAction: ACTION_FOCUS - null, AccessibilityAction: ACTION_SELECT - null, AccessibilityAction: ACTION_CLEAR_SELECTION - null, AccessibilityAction: ACTION_ACCESSIBILITY_FOCUS - null, AccessibilityAction: ACTION_UNKNOWN - null]
07-31 15:59:53.094  2090  2090 W AccessibilityNodeInfoDumper: Fetch time: 10ms
07-31 15:59:53.094   593   605 W WindowManager: Attempted to remove non-existing token: android.os.Binder@5148e3d
07-31 15:59:53.097  2090  2090 D AndroidRuntime: Shutting down VM
07-31 15:59:53.531  2109  2109 D AndroidRuntime: >>>>>> START com.android.internal.os.RuntimeInit uid 0 <<<<<<
07-31 15:59:53.532  2109  2109 D AndroidRuntime: CheckJNI is OFF
07-31 15:59:53.542  2109  2109 D ICU     : No timezone override file found: /data/misc/zoneinfo/current/icu/icu_tzdata.dat
07-31 15:59:53.557  2109  2109 E memtrack: Couldn't load memtrack module (No such file or directory)
07-31 15:59:53.557  2109  2109 E android.os.Debug: failed to load memtrack module: -2
07-31 15:59:53.558  2109  2109 I Radio-JNI: register_android_hardware_Radio DONE
07-31 15:59:53.566  2109  2109 D AndroidRuntime: Calling main entry com.android.commands.uiautomator.Launcher
07-31 15:59:54.581  1860  1860 D leak-455: Eastern Standard Time
07-31 15:59:54.595  2109  2109 I AccessibilityNodeInfoDumper: Skipping invisible child: android.view.accessibility.AccessibilityNodeInfo@8000bf8b; boundsInParent: Rect(0, 0 - 1200, 1540); boundsInScreen: Rect(1200, 278 - 1200, 1818); packageName: com.adonai.manman; className: android.widget.FrameLayout; text: null; error: null; maxTextLength: -1; contentDescription: null; viewIdResName: com.adonai.manman:id/chapter_fragment_frame; checkable: false; checked: false; focusable: true; focused: false; selected: false; clickable: false; longClickable: false; contextClickable: false; enabled: true; password: false; scrollable: false; actions: [AccessibilityAction: ACTION_FOCUS - null, AccessibilityAction: ACTION_SELECT - null, AccessibilityAction: ACTION_CLEAR_SELECTION - null, AccessibilityAction: ACTION_ACCESSIBILITY_FOCUS - null, AccessibilityAction: ACTION_UNKNOWN - null]
07-31 15:59:54.596  2109  2109 W AccessibilityNodeInfoDumper: Fetch time: 11ms
07-31 15:59:54.596   593   738 W WindowManager: Attempted to remove non-existing token: android.os.Binder@d455632
07-31 15:59:54.600  2109  2109 D AndroidRuntime: Shutting down VM
07-31 15:59:55.594  2132  2132 D AndroidRuntime: >>>>>> START com.android.internal.os.RuntimeInit uid 0 <<<<<<
07-31 15:59:55.595  2132  2132 D AndroidRuntime: CheckJNI is OFF
07-31 15:59:55.604  2132  2132 D ICU     : No timezone override file found: /data/misc/zoneinfo/current/icu/icu_tzdata.dat
07-31 15:59:55.618  2132  2132 E memtrack: Couldn't load memtrack module (No such file or directory)
07-31 15:59:55.618  2132  2132 E android.os.Debug: failed to load memtrack module: -2
07-31 15:59:55.619  2132  2132 I Radio-JNI: register_android_hardware_Radio DONE
07-31 15:59:55.625  2132  2132 D AndroidRuntime: Calling main entry com.android.commands.uiautomator.Launcher
07-31 15:59:56.634  1860  1860 D leak-455: Eastern Standard Time
07-31 15:59:56.649  2132  2132 I AccessibilityNodeInfoDumper: Skipping invisible child: android.view.accessibility.AccessibilityNodeInfo@8000bf92; boundsInParent: Rect(0, 0 - 1200, 1540); boundsInScreen: Rect(1200, 278 - 1200, 1818); packageName: com.adonai.manman; className: android.widget.FrameLayout; text: null; error: null; maxTextLength: -1; contentDescription: null; viewIdResName: com.adonai.manman:id/chapter_fragment_frame; checkable: false; checked: false; focusable: true; focused: false; selected: false; clickable: false; longClickable: false; contextClickable: false; enabled: true; password: false; scrollable: false; actions: [AccessibilityAction: ACTION_FOCUS - null, AccessibilityAction: ACTION_SELECT - null, AccessibilityAction: ACTION_CLEAR_SELECTION - null, AccessibilityAction: ACTION_ACCESSIBILITY_FOCUS - null, AccessibilityAction: ACTION_UNKNOWN - null]
07-31 15:59:56.650  2132  2132 W AccessibilityNodeInfoDumper: Fetch time: 11ms
07-31 15:59:56.651   593  1094 W WindowManager: Attempted to remove non-existing token: android.os.Binder@aca8500
07-31 15:59:56.654  2132  2132 D AndroidRuntime: Shutting down VM
07-31 15:59:57.110  2150  2150 D AndroidRuntime: >>>>>> START com.android.internal.os.RuntimeInit uid 0 <<<<<<
07-31 15:59:57.112  2150  2150 D AndroidRuntime: CheckJNI is OFF
07-31 15:59:57.121  2150  2150 D ICU     : No timezone override file found: /data/misc/zoneinfo/current/icu/icu_tzdata.dat
07-31 15:59:57.134  2150  2150 E memtrack: Couldn't load memtrack module (No such file or directory)
07-31 15:59:57.134  2150  2150 E android.os.Debug: failed to load memtrack module: -2
07-31 15:59:57.135  2150  2150 I Radio-JNI: register_android_hardware_Radio DONE
07-31 15:59:57.141  2150  2150 D AndroidRuntime: Calling main entry com.android.commands.uiautomator.Launcher
07-31 15:59:58.159  1860  1860 D leak-455: Eastern Standard Time
07-31 15:59:58.174  2150  2150 I AccessibilityNodeInfoDumper: Skipping invisible child: android.view.accessibility.AccessibilityNodeInfo@8000bf97; boundsInParent: Rect(0, 0 - 1200, 1540); boundsInScreen: Rect(1200, 278 - 1200, 1818); packageName: com.adonai.manman; className: android.widget.FrameLayout; text: null; error: null; maxTextLength: -1; contentDescription: null; viewIdResName: com.adonai.manman:id/chapter_fragment_frame; checkable: false; checked: false; focusable: true; focused: false; selected: false; clickable: false; longClickable: false; contextClickable: false; enabled: true; password: false; scrollable: false; actions: [AccessibilityAction: ACTION_FOCUS - null, AccessibilityAction: ACTION_SELECT - null, AccessibilityAction: ACTION_CLEAR_SELECTION - null, AccessibilityAction: ACTION_ACCESSIBILITY_FOCUS - null, AccessibilityAction: ACTION_UNKNOWN - null]
07-31 15:59:58.174  2150  2150 W AccessibilityNodeInfoDumper: Fetch time: 11ms
07-31 15:59:58.175   593   806 W WindowManager: Attempted to remove non-existing token: android.os.Binder@ac0d139
07-31 15:59:58.177  2150  2150 D AndroidRuntime: Shutting down VM
07-31 15:59:58.585  2163  2163 D AndroidRuntime: >>>>>> START com.android.internal.os.RuntimeInit uid 0 <<<<<<
07-31 15:59:58.587  2163  2163 D AndroidRuntime: CheckJNI is OFF
07-31 15:59:58.596  2163  2163 D ICU     : No timezone override file found: /data/misc/zoneinfo/current/icu/icu_tzdata.dat
07-31 15:59:58.609  2163  2163 E memtrack: Couldn't load memtrack module (No such file or directory)
07-31 15:59:58.609  2163  2163 E android.os.Debug: failed to load memtrack module: -2
07-31 15:59:58.609  2163  2163 I Radio-JNI: register_android_hardware_Radio DONE
07-31 15:59:58.615  2163  2163 D AndroidRuntime: Calling main entry com.android.commands.input.Input
07-31 15:59:58.616  2163  2163 I Input   : injectMotionEvent: MotionEvent { action=ACTION_DOWN, actionButton=0, id[0]=0, x[0]=640.0, y[0]=322.0, toolType[0]=TOOL_TYPE_UNKNOWN, buttonState=0, metaState=0, flags=0x0, edgeFlags=0x0, pointerCount=1, historySize=0, eventTime=78794, downTime=78794, deviceId=0, source=0x1002 }
07-31 15:59:58.618  2163  2163 I Input   : injectMotionEvent: MotionEvent { action=ACTION_UP, actionButton=0, id[0]=0, x[0]=640.0, y[0]=322.0, toolType[0]=TOOL_TYPE_UNKNOWN, buttonState=0, metaState=0, flags=0x0, edgeFlags=0x0, pointerCount=1, historySize=0, eventTime=78794, downTime=78794, deviceId=0, source=0x1002 }
07-31 15:59:58.620  2163  2163 D AndroidRuntime: Shutting down VM
07-31 15:59:58.637   932   932 W RichInputMethodSubtype: Can't find emoji subtype
07-31 15:59:58.637   932   932 W RichInputMethodSubtype: No input method subtype found; returning dummy subtype: Multi-lingual subtype: android.view.inputmethod.InputMethodSubtype@d78b2ed0, zz
07-31 15:59:58.663   932   932 W ViewPager: Requested offscreen page limit 0 too small; defaulting to 1
07-31 15:59:58.665   593   698 W AudioTrack: AUDIO_OUTPUT_FLAG_FAST denied by client; transfer 4, track 48000 Hz, output 44100 Hz
07-31 15:59:58.670   932   932 I LatinIME: Starting input. Cursor position = 0,0
07-31 15:59:58.707   266   661 D AudioFlinger: mixer(0xf1d80000) throttle end: throttle time(54)
07-31 15:59:58.852  1860  1860 D leak-455: Eastern Standard Time
07-31 15:59:58.852  1860  1860 D leak-455: Eastern Standard Time
07-31 15:59:58.852  1860  1860 D leak-457: Eastern Standard Time
07-31 15:59:58.872  1860  1860 D leak-455: Eastern Standard Time
07-31 15:59:58.886   932  2180 D OpenGLRenderer: Use EGL_SWAP_BEHAVIOR_PRESERVED: true
07-31 15:59:58.893   266   661 D AudioFlinger: mixer(0xf1d80000) throttle end: throttle time(11)
07-31 15:59:58.898   932   932 D         : HostConnection::get() New Host Connection established 0xee8f0bd0, tid 932
07-31 15:59:58.959   932  2180 D libEGL  : loaded /system/lib/egl/libEGL_emulation.so
07-31 15:59:58.961   932  2180 D libEGL  : loaded /system/lib/egl/libGLESv1_CM_emulation.so
07-31 15:59:58.966   932  2180 D libEGL  : loaded /system/lib/egl/libGLESv2_emulation.so
