07-31 16:55:09.001  3397  3397 E memtrack: Couldn't load memtrack module (No such file or directory)
07-31 16:55:09.001  3397  3397 E android.os.Debug: failed to load memtrack module: -2
07-31 16:55:09.002  3397  3397 I Radio-JNI: register_android_hardware_Radio DONE
07-31 16:55:09.008  3397  3397 D AndroidRuntime: Calling main entry com.android.commands.uiautomator.Launcher
07-31 16:55:10.026  3397  3397 W AccessibilityNodeInfoDumper: Fetch time: 2ms
07-31 16:55:10.026   587  1193 W WindowManager: Attempted to remove non-existing token: android.os.Binder@a6a7e30
07-31 16:55:10.034  3397  3397 D AndroidRuntime: Shutting down VM
07-31 16:55:11.066  3422  3422 D AndroidRuntime: >>>>>> START com.android.internal.os.RuntimeInit uid 0 <<<<<<
07-31 16:55:11.067  3422  3422 D AndroidRuntime: CheckJNI is OFF
07-31 16:55:11.076  3422  3422 D ICU     : No timezone override file found: /data/misc/zoneinfo/current/icu/icu_tzdata.dat
07-31 16:55:11.088  3422  3422 E memtrack: Couldn't load memtrack module (No such file or directory)
07-31 16:55:11.088  3422  3422 E android.os.Debug: failed to load memtrack module: -2
07-31 16:55:11.088  3422  3422 I Radio-JNI: register_android_hardware_Radio DONE
07-31 16:55:11.094  3422  3422 D AndroidRuntime: Calling main entry com.android.commands.uiautomator.Launcher
07-31 16:55:12.109  3422  3422 W AccessibilityNodeInfoDumper: Fetch time: 2ms
07-31 16:55:12.110   587  1197 W WindowManager: Attempted to remove non-existing token: android.os.Binder@aea8aa9
07-31 16:55:12.119  3422  3422 D AndroidRuntime: Shutting down VM
07-31 16:55:12.543  3440  3440 D AndroidRuntime: >>>>>> START com.android.internal.os.RuntimeInit uid 0 <<<<<<
07-31 16:55:12.544  3440  3440 D AndroidRuntime: CheckJNI is OFF
07-31 16:55:12.552  3440  3440 D ICU     : No timezone override file found: /data/misc/zoneinfo/current/icu/icu_tzdata.dat
07-31 16:55:12.565  3440  3440 E memtrack: Couldn't load memtrack module (No such file or directory)
07-31 16:55:12.566  3440  3440 E android.os.Debug: failed to load memtrack module: -2
07-31 16:55:12.566  3440  3440 I Radio-JNI: register_android_hardware_Radio DONE
07-31 16:55:12.572  3440  3440 D AndroidRuntime: Calling main entry com.android.commands.uiautomator.Launcher
07-31 16:55:13.589  3440  3440 W AccessibilityNodeInfoDumper: Fetch time: 1ms
07-31 16:55:13.590   587  1193 W WindowManager: Attempted to remove non-existing token: android.os.Binder@66a9fcf
07-31 16:55:13.600  3440  3440 D AndroidRuntime: Shutting down VM
07-31 16:55:14.015  3453  3453 D AndroidRuntime: >>>>>> START com.android.internal.os.RuntimeInit uid 0 <<<<<<
07-31 16:55:14.016  3453  3453 D AndroidRuntime: CheckJNI is OFF
07-31 16:55:14.024  3453  3453 D ICU     : No timezone override file found: /data/misc/zoneinfo/current/icu/icu_tzdata.dat
07-31 16:55:14.035  3453  3453 E memtrack: Couldn't load memtrack module (No such file or directory)
07-31 16:55:14.035  3453  3453 E android.os.Debug: failed to load memtrack module: -2
07-31 16:55:14.036  3453  3453 I Radio-JNI: register_android_hardware_Radio DONE
07-31 16:55:14.042  3453  3453 D AndroidRuntime: Calling main entry com.android.commands.input.Input
07-31 16:55:14.042  3453  3453 I Input   : injectMotionEvent: MotionEvent { action=ACTION_DOWN, actionButton=0, id[0]=0, x[0]=600.0, y[0]=1347.0, toolType[0]=TOOL_TYPE_UNKNOWN, buttonState=0, metaState=0, flags=0x0, edgeFlags=0x0, pointerCount=1, historySize=0, eventTime=125634, downTime=125634, deviceId=0, source=0x1002 }
07-31 16:55:14.044  3453  3453 I Input   : injectMotionEvent: MotionEvent { action=ACTION_UP, actionButton=0, id[0]=0, x[0]=600.0, y[0]=1347.0, toolType[0]=TOOL_TYPE_UNKNOWN, buttonState=0, metaState=0, flags=0x0, edgeFlags=0x0, pointerCount=1, historySize=0, eventTime=125634, downTime=125634, deviceId=0, source=0x1002 }
07-31 16:55:14.044   587   752 I ActivityManager: START u0 {act=android.intent.action.VIEW dat=http://tango.freedesktop.org/... cmp=com.android.browser/.BrowserActivity (has extras)} from uid 10060 on display 0
07-31 16:55:14.046   600   639 D PermissionCache: checking android.permission.READ_FRAME_BUFFER for uid=1000 => granted (210 us)
07-31 16:55:14.050   587   752 D         : HostConnection::get() New Host Connection established 0xd74beac0, tid 752
07-31 16:55:14.062   600   600 E EGL_emulation: tid 600: eglCreateSyncKHR(1215): error 0x3004 (EGL_BAD_ATTRIBUTE)
07-31 16:55:14.118  3453  3453 D AndroidRuntime: Shutting down VM
07-31 16:55:14.119  1865  1865 D leak-47 : Eastern Standard Time
07-31 16:55:14.119  1865  1865 D leak-48 : Eastern Standard Time
07-31 16:55:14.130   587   599 I ActivityManager: Start proc 3463:com.android.browser/u0a22 for activity com.android.browser/.BrowserActivity
07-31 16:55:14.171  3463  3463 E libprocessgroup: failed to make and chown /acct/uid_10022: Read-only file system
07-31 16:55:14.171  3463  3463 W Zygote  : createProcessGroup failed, kernel missing CONFIG_CGROUP_CPUACCT?
07-31 16:55:14.237  3463  3463 W System  : ClassLoader referenced unknown path: /system/app/Browser/lib/x86
07-31 16:55:14.271   587   748 D VoldConnector: SND -> {29 volume mkdirs /storage/emulated/0/Android/data/com.android.browser/files/}
07-31 16:55:14.272   587   680 D VoldConnector: RCV <- {200 29 Command succeeded}
07-31 16:55:14.334  3463  3478 E ActivityThread: Failed to find provider info for com.google.settings
07-31 16:55:14.337  3463  3478 E ActivityThread: Failed to find provider info for com.google.settings
07-31 16:55:14.349  3463  3463 V WebViewFactory: webViewPackageName: com.android.webview
07-31 16:55:14.349  3463  3463 I WebViewFactory: Loading com.android.webview version 44.0.2403.119 (code 246011910)
07-31 16:55:14.382  3463  3463 W System  : ClassLoader referenced unknown path: /system/app/webview/lib/x86
07-31 16:55:14.387  3463  3463 I LibraryLoader: Time to load native libraries: 4 ms (timestamps 5976-5980)
07-31 16:55:14.387  3463  3463 I LibraryLoader: Expected native library version number "",actual native library version number ""
07-31 16:55:14.393  3463  3463 V WebViewChromiumFactoryProvider: Binding Chromium to main looper Looper (main, tid 1) {da467e3}
07-31 16:55:14.393  3463  3463 I LibraryLoader: Expected native library version number "",actual native library version number ""
07-31 16:55:14.393  3463  3463 I chromium: [INFO:library_loader_hooks.cc(120)] Chromium logging enabled: level = 0, default verbosity = 0
07-31 16:55:14.394  3463  3463 I BrowserStartupController: Initializing chromium process, singleProcess=true
07-31 16:55:14.395  3463  3463 E SysUtils: ApplicationContext is null in ApplicationStatus
07-31 16:55:14.400  3463  3463 W chromium: [WARNING:resource_bundle.cc(285)] locale_file_path.empty()
07-31 16:55:14.404  3463  3463 D libEGL  : loaded /system/lib/egl/libEGL_emulation.so
07-31 16:55:14.405  3463  3463 D libEGL  : loaded /system/lib/egl/libGLESv1_CM_emulation.so
07-31 16:55:14.408  3463  3463 D libEGL  : loaded /system/lib/egl/libGLESv2_emulation.so
07-31 16:55:14.412  3463  3463 E libEGL  : validate_display:255 error 3008 (EGL_BAD_DISPLAY)
07-31 16:55:14.412  3463  3463 E libEGL  : validate_display:255 error 3008 (EGL_BAD_DISPLAY)
07-31 16:55:14.413  3463  3463 D         : HostConnection::get() New Host Connection established 0xe9bbf0f0, tid 3463
07-31 16:55:14.430  3463  3463 E eglCodecCommon: glUtilsParamSize: unknow param 0x00008d57
07-31 16:55:14.444  3463  3496 W AudioManagerAndroid: Requires BLUETOOTH permission
07-31 16:55:14.449  3463  3463 E DataReductionProxySettingListener: No DRP key due to exception:java.lang.ClassNotFoundException: com.android.webview.chromium.Drp
07-31 16:55:14.537   587   599 I AccountManagerService: getTypesVisibleToCaller: isPermitted? false
07-31 16:55:14.544  1865  1901 E Surface : getSlotFromBufferLocked: unknown buffer: 0xe9aac2b0
07-31 16:55:14.557  3463  3478 E ActivityThread: Failed to find provider info for com.google.settings
07-31 16:55:14.559  3463  3478 E ActivityThread: Failed to find provider info for com.google.settings
07-31 16:55:14.563  1865  1901 E Surface : getSlotFromBufferLocked: unknown buffer: 0xe9aac5c0
07-31 16:55:14.564  3463  3478 E ActivityThread: Failed to find provider info for com.google.settings
07-31 16:55:14.565  3463  3478 E ActivityThread: Failed to find provider info for com.google.settings
07-31 16:55:14.568  3463  3478 E ActivityThread: Failed to find provider info for com.google.settings
07-31 16:55:14.568  3463  3478 E ActivityThread: Failed to find provider info for com.google.settings
07-31 16:55:14.569  3463  3478 E ActivityThread: Failed to find provider info for com.google.settings
07-31 16:55:14.569  3463  3478 E ActivityThread: Failed to find provider info for com.google.settings
07-31 16:55:14.572  3463  3478 E ActivityThread: Failed to find provider info for com.google.settings
07-31 16:55:14.573  3463  3478 E ActivityThread: Failed to find provider info for com.google.settings
07-31 16:55:14.574  3463  3478 E ActivityThread: Failed to find provider info for com.google.settings
07-31 16:55:14.577  3463  3478 E ActivityThread: Failed to find provider info for com.google.settings
07-31 16:55:14.579  3463  3478 E ActivityThread: Failed to find provider info for com.google.settings
07-31 16:55:14.582  3463  3478 E ActivityThread: Failed to find provider info for com.google.settings
07-31 16:55:14.584   587  1193 I AccountManagerService: getTypesVisibleToCaller: isPermitted? false
07-31 16:55:14.595  3463  3478 E SQLiteLog: (1) no such table: _sync_state_metadata
07-31 16:55:14.612  3463  3463 W AwContents: onDetachedFromWindow called when already detached. Ignoring
07-31 16:55:14.618  3463  3463 D WebViewTimersControl: onBrowserActivityResume
07-31 16:55:14.618  3463  3463 D WebViewTimersControl: Resuming webview timers, view=com.android.browser.BrowserWebView{eab42e VFEDHVCL. .F....I. 0,0-0,0}
07-31 16:55:14.670  3463  3463 V NFC     : this device does not have NFC support
07-31 16:55:14.673  3463  3508 D OpenGLRenderer: Use EGL_SWAP_BEHAVIOR_PRESERVED: true
07-31 16:55:14.687  3463  3494 W chromium: [WARNING:data_reduction_proxy_config.cc(423)] SPDY proxy OFF at startup
07-31 16:55:14.710  3463  3508 I OpenGLRenderer: Initialized EGL, version 1.4
07-31 16:55:14.710  3463  3508 D         : HostConnection::get() New Host Connection established 0xe8e1c780, tid 3508
07-31 16:55:14.754  3463  3508 W EGL_emulation: eglSurfaceAttrib not implemented
07-31 16:55:14.754  3463  3508 W OpenGLRenderer: Failed to set EGL_SWAP_BEHAVIOR on surface 0xe9a92ca0, error=EGL_SUCCESS
07-31 16:55:15.109   587   611 I ActivityManager: Displayed com.android.browser/.BrowserActivity: +990ms
07-31 16:55:15.231  3463  3515 D         : HostConnection::get() New Host Connection established 0xdf24f820, tid 3515
07-31 16:55:16.306  1865  1865 D leak-50 : Eastern Standard Time
07-31 16:55:16.306  1865  1865 D leak-159: Eastern Standard Time
07-31 16:55:16.306  1865  1865 D leak-49 : Eastern Standard Time
07-31 16:55:17.548  3463  3463 W BindingManager: Cannot call determinedVisibility() - never saw a connection for the pid: 3463
07-31 16:55:19.891  3852  3852 D AndroidRuntime: >>>>>> START com.android.internal.os.RuntimeInit uid 0 <<<<<<
07-31 16:55:19.893  3852  3852 D AndroidRuntime: CheckJNI is OFF
07-31 16:55:19.902  3852  3852 D ICU     : No timezone override file found: /data/misc/zoneinfo/current/icu/icu_tzdata.dat
07-31 16:55:19.915  3852  3852 E memtrack: Couldn't load memtrack module (No such file or directory)
07-31 16:55:19.915  3852  3852 E android.os.Debug: failed to load memtrack module: -2
07-31 16:55:19.915  3852  3852 I Radio-JNI: register_android_hardware_Radio DONE
07-31 16:55:19.922  3852  3852 D AndroidRuntime: Calling main entry com.android.commands.monkey.Monkey
07-31 16:55:19.931   587   602 W BroadcastQueue: Skipping deliver [background] BroadcastRecord{37d5733 u-1 android.net.conn.CONNECTIVITY_CHANGE} to ReceiverList{161daf0 3852 (unknown name)/0/u-1 remote:2b5326d}: process crashing
07-31 16:55:19.934   587  1193 I ActivityManager: START u0 {act=android.intent.action.MAIN cat=[android.intent.category.LAUNCHER] flg=0x10200000 cmp=com.markuspage.android.atimetracker/.Activities} from uid 0 on display 0
07-31 16:55:19.941   587  1193 D         : HostConnection::get() New Host Connection established 0xd887a4f0, tid 1193
07-31 16:55:19.957   600   600 E EGL_emulation: tid 600: eglCreateSyncKHR(1215): error 0x3004 (EGL_BAD_ATTRIBUTE)
07-31 16:55:20.039   587   603 D Sensors : batch handle 1, but there is no batch sensor in genymotion
07-31 16:55:20.040  3852  3852 I art     : System.exit called, status: 0
07-31 16:55:20.040  3852  3852 I AndroidRuntime: VM exiting with result code 0.
07-31 16:55:20.060  1865  1901 W EGL_emulation: eglSurfaceAttrib not implemented
07-31 16:55:20.060  1865  1901 W OpenGLRenderer: Failed to set EGL_SWAP_BEHAVIOR on surface 0xe0274380, error=EGL_SUCCESS
07-31 16:55:20.080  1865  1865 D leak-52 : Eastern Standard Time
07-31 16:55:20.080  1865  1865 D leak-78 : Eastern Standard Time
07-31 16:55:20.080  1865  1865 D leak-161: Eastern Standard Time
07-31 16:55:20.080  1865  1865 D leak-162: Eastern Standard Time
07-31 16:55:20.080  1865  1865 D leak-163: Eastern Standard Time
07-31 16:55:20.080  1865  1865 D leak-164: Eastern Standard Time
07-31 16:55:20.080  1865  1865 D leak-165: Eastern Standard Time
07-31 16:55:20.080  1865  1865 D leak-165: Eastern Standard Time
07-31 16:55:20.080  1865  1865 D leak-165: Eastern Standard Time
07-31 16:55:20.080  1865  1865 D leak-164: Eastern Standard Time
07-31 16:55:20.081  1865  1865 D leak-165: Eastern Standard Time
07-31 16:55:20.081  1865  1865 D leak-165: Eastern Standard Time
07-31 16:55:20.081  1865  1865 D leak-165: Eastern Standard Time
07-31 16:55:20.081  1865  1865 D leak-164: Eastern Standard Time
07-31 16:55:20.081  1865  1865 D leak-165: Eastern Standard Time
07-31 16:55:20.081  1865  1865 D leak-165: Eastern Standard Time
07-31 16:55:20.081  1865  1865 D leak-165: Eastern Standard Time
07-31 16:55:20.081  1865  1865 D leak-164: Eastern Standard Time
07-31 16:55:20.081  1865  1865 D leak-165: Eastern Standard Time
07-31 16:55:20.081  1865  1865 D leak-165: Eastern Standard Time
07-31 16:55:20.081  1865  1865 D leak-165: Eastern Standard Time
07-31 16:55:20.081  1865  1865 D leak-166: Eastern Standard Time
07-31 16:55:20.082  1865  1865 D leak-174: Eastern Standard Time
07-31 16:55:20.082  1865  1865 D leak-183: Eastern Standard Time
07-31 16:55:20.082  1865  1865 D leak-183: Eastern Standard Time
07-31 16:55:20.082  1865  1865 D leak-79 : Eastern Standard Time
07-31 16:55:20.082  1865  1865 D leak-151: Eastern Standard Time
07-31 16:55:20.082  1865  1865 D leak-152: Eastern Standard Time
07-31 16:55:20.082  1865  1865 D leak-155: Eastern Standard Time
07-31 16:55:20.092  1865  1865 D leak-183: Eastern Standard Time
07-31 16:55:20.112  1865  1901 W EGL_emulation: eglSurfaceAttrib not implemented
07-31 16:55:20.112  1865  1901 W OpenGLRenderer: Failed to set EGL_SWAP_BEHAVIOR on surface 0xde970560, error=EGL_SUCCESS
07-31 16:55:20.161  3463  3508 E Surface : getSlotFromBufferLocked: unknown buffer: 0xf3d94a00
07-31 16:55:20.275   587  1739 D NetlinkSocketObserver: NeighborEvent{elapsedMs=131868, 10.0.3.2, [525400123502], RTM_NEWNEIGH, NUD_REACHABLE}
07-31 16:55:20.480  3463  3463 D WebViewTimersControl: onBrowserActivityPause
07-31 16:55:20.480  3463  3463 D WebViewTimersControl: Pausing webview timers, view=com.android.browser.BrowserWebView{eab42e VFEDHVCL. .F...... 0,0-1200,1568}
07-31 16:55:20.481  3463  3463 D WebViewTimersControl: onBrowserActivityPause
07-31 16:55:20.481  3463  3463 D WebViewTimersControl: Pausing webview timers, view=com.android.browser.BrowserWebView{eab42e VFEDHVCL. .F...... 0,0-1200,1568}
07-31 16:55:26.227  3869  3869 D AndroidRuntime: >>>>>> START com.android.internal.os.RuntimeInit uid 0 <<<<<<
07-31 16:55:26.229  3869  3869 D AndroidRuntime: CheckJNI is OFF
07-31 16:55:26.240  3869  3869 D ICU     : No timezone override file found: /data/misc/zoneinfo/current/icu/icu_tzdata.dat
07-31 16:55:26.255  3869  3869 E memtrack: Couldn't load memtrack module (No such file or directory)
07-31 16:55:26.255  3869  3869 E android.os.Debug: failed to load memtrack module: -2
07-31 16:55:26.256  3869  3869 I Radio-JNI: register_android_hardware_Radio DONE
07-31 16:55:26.262  3869  3869 D AndroidRuntime: Calling main entry com.android.commands.uiautomator.Launcher
07-31 16:55:27.276  3869  3869 W AccessibilityNodeInfoDumper: Fetch time: 2ms
07-31 16:55:27.277   587   599 W WindowManager: Attempted to remove non-existing token: android.os.Binder@b86dba1
07-31 16:55:27.285  3869  3869 D AndroidRuntime: Shutting down VM
07-31 16:55:28.280  3892  3892 D AndroidRuntime: >>>>>> START com.android.internal.os.RuntimeInit uid 0 <<<<<<
07-31 16:55:28.281  3892  3892 D AndroidRuntime: CheckJNI is OFF
07-31 16:55:28.291  3892  3892 D ICU     : No timezone override file found: /data/misc/zoneinfo/current/icu/icu_tzdata.dat
07-31 16:55:28.305  3892  3892 E memtrack: Couldn't load memtrack module (No such file or directory)
07-31 16:55:28.305  3892  3892 E android.os.Debug: failed to load memtrack module: -2
07-31 16:55:28.306  3892  3892 I Radio-JNI: register_android_hardware_Radio DONE
07-31 16:55:28.311  3892  3892 D AndroidRuntime: Calling main entry com.android.commands.uiautomator.Launcher
07-31 16:55:29.391  3892  3892 W AccessibilityNodeInfoDumper: Fetch time: 1ms
07-31 16:55:29.391   587   748 W WindowManager: Attempted to remove non-existing token: android.os.Binder@c2d0587
07-31 16:55:29.398  3892  3892 D AndroidRuntime: Shutting down VM
07-31 16:55:29.825  3910  3910 D AndroidRuntime: >>>>>> START com.android.internal.os.RuntimeInit uid 0 <<<<<<
07-31 16:55:29.826  3910  3910 D AndroidRuntime: CheckJNI is OFF
07-31 16:55:29.835  3910  3910 D ICU     : No timezone override file found: /data/misc/zoneinfo/current/icu/icu_tzdata.dat
07-31 16:55:29.849  3910  3910 E memtrack: Couldn't load memtrack module (No such file or directory)
07-31 16:55:29.849  3910  3910 E android.os.Debug: failed to load memtrack module: -2
07-31 16:55:29.850  3910  3910 I Radio-JNI: register_android_hardware_Radio DONE
07-31 16:55:29.857  3910  3910 D AndroidRuntime: Calling main entry com.android.commands.uiautomator.Launcher
07-31 16:55:30.870  3910  3910 W AccessibilityNodeInfoDumper: Fetch time: 2ms
07-31 16:55:30.870   587   748 W WindowManager: Attempted to remove non-existing token: android.os.Binder@444acb4
07-31 16:55:30.879  3910  3910 D AndroidRuntime: Shutting down VM
07-31 16:55:31.892  3933  3933 D AndroidRuntime: >>>>>> START com.android.internal.os.RuntimeInit uid 0 <<<<<<
07-31 16:55:31.893  3933  3933 D AndroidRuntime: CheckJNI is OFF
07-31 16:55:31.901  3933  3933 D ICU     : No timezone override file found: /data/misc/zoneinfo/current/icu/icu_tzdata.dat
07-31 16:55:31.916  3933  3933 E memtrack: Couldn't load memtrack module (No such file or directory)
07-31 16:55:31.916  3933  3933 E android.os.Debug: failed to load memtrack module: -2
07-31 16:55:31.916  3933  3933 I Radio-JNI: register_android_hardware_Radio DONE
07-31 16:55:31.923  3933  3933 D AndroidRuntime: Calling main entry com.android.commands.uiautomator.Launcher
07-31 16:55:32.997  3933  3933 W AccessibilityNodeInfoDumper: Fetch time: 1ms
07-31 16:55:32.998   587  1197 W WindowManager: Attempted to remove non-existing token: android.os.Binder@51490dd
07-31 16:55:33.006  3933  3933 D AndroidRuntime: Shutting down VM
07-31 16:55:34.046  3961  3961 D AndroidRuntime: >>>>>> START com.android.internal.os.RuntimeInit uid 0 <<<<<<
07-31 16:55:34.048  3961  3961 D AndroidRuntime: CheckJNI is OFF
07-31 16:55:34.057  3961  3961 D ICU     : No timezone override file found: /data/misc/zoneinfo/current/icu/icu_tzdata.dat
07-31 16:55:34.069  3961  3961 E memtrack: Couldn't load memtrack module (No such file or directory)
07-31 16:55:34.069  3961  3961 E android.os.Debug: failed to load memtrack module: -2
07-31 16:55:34.070  3961  3961 I Radio-JNI: register_android_hardware_Radio DONE
07-31 16:55:34.076  3961  3961 D AndroidRuntime: Calling main entry com.android.commands.uiautomator.Launcher
07-31 16:55:35.003   587  1739 D NetlinkSocketObserver: NeighborEvent{elapsedMs=146596, 10.0.3.2, [525400123502], RTM_NEWNEIGH, NUD_STALE}
07-31 16:55:35.091  3961  3961 W AccessibilityNodeInfoDumper: Fetch time: 2ms
07-31 16:55:35.091   587   748 W WindowManager: Attempted to remove non-existing token: android.os.Binder@5d33452
07-31 16:55:35.099  3961  3961 D AndroidRuntime: Shutting down VM
07-31 16:55:36.100  3987  3987 D AndroidRuntime: >>>>>> START com.android.internal.os.RuntimeInit uid 0 <<<<<<
07-31 16:55:36.101  3987  3987 D AndroidRuntime: CheckJNI is OFF
07-31 16:55:36.110  3987  3987 D ICU     : No timezone override file found: /data/misc/zoneinfo/current/icu/icu_tzdata.dat
07-31 16:55:36.122  3987  3987 E memtrack: Couldn't load memtrack module (No such file or directory)
07-31 16:55:36.122  3987  3987 E android.os.Debug: failed to load memtrack module: -2
07-31 16:55:36.123  3987  3987 I Radio-JNI: register_android_hardware_Radio DONE
07-31 16:55:36.130  3987  3987 D AndroidRuntime: Calling main entry com.android.commands.uiautomator.Launcher
07-31 16:55:37.145  3987  3987 W AccessibilityNodeInfoDumper: Fetch time: 3ms
07-31 16:55:37.146   587   752 W WindowManager: Attempted to remove non-existing token: android.os.Binder@e4a7323
07-31 16:55:37.154  3987  3987 D AndroidRuntime: Shutting down VM
07-31 16:55:37.616  4005  4005 D AndroidRuntime: >>>>>> START com.android.internal.os.RuntimeInit uid 0 <<<<<<
07-31 16:55:37.619  4005  4005 D AndroidRuntime: CheckJNI is OFF
07-31 16:55:37.629  4005  4005 D ICU     : No timezone override file found: /data/misc/zoneinfo/current/icu/icu_tzdata.dat
07-31 16:55:37.645  4005  4005 E memtrack: Couldn't load memtrack module (No such file or directory)
07-31 16:55:37.645  4005  4005 E android.os.Debug: failed to load memtrack module: -2
07-31 16:55:37.646  4005  4005 I Radio-JNI: register_android_hardware_Radio DONE
07-31 16:55:37.655  4005  4005 D AndroidRuntime: Calling main entry com.android.commands.uiautomator.Launcher
07-31 16:55:38.667  4005  4005 W AccessibilityNodeInfoDumper: Fetch time: 1ms
07-31 16:55:38.667   587  1193 W WindowManager: Attempted to remove non-existing token: android.os.Binder@bce5dd9
07-31 16:55:38.676  4005  4005 D AndroidRuntime: Shutting down VM
07-31 16:55:39.671  4028  4028 D AndroidRuntime: >>>>>> START com.android.internal.os.RuntimeInit uid 0 <<<<<<
07-31 16:55:39.672  4028  4028 D AndroidRuntime: CheckJNI is OFF
07-31 16:55:39.680  4028  4028 D ICU     : No timezone override file found: /data/misc/zoneinfo/current/icu/icu_tzdata.dat
07-31 16:55:39.691  4028  4028 E memtrack: Couldn't load memtrack module (No such file or directory)
07-31 16:55:39.691  4028  4028 E android.os.Debug: failed to load memtrack module: -2
07-31 16:55:39.692  4028  4028 I Radio-JNI: register_android_hardware_Radio DONE
07-31 16:55:39.698  4028  4028 D AndroidRuntime: Calling main entry com.android.commands.uiautomator.Launcher
07-31 16:55:40.714  4028  4028 W AccessibilityNodeInfoDumper: Fetch time: 2ms
07-31 16:55:40.714   587  1197 W WindowManager: Attempted to remove non-existing token: android.os.Binder@64c439e
07-31 16:55:40.722  4028  4028 D AndroidRuntime: Shutting down VM
07-31 16:55:41.140  4046  4046 D AndroidRuntime: >>>>>> START com.android.internal.os.RuntimeInit uid 0 <<<<<<
07-31 16:55:41.141  4046  4046 D AndroidRuntime: CheckJNI is OFF
07-31 16:55:41.150  4046  4046 D ICU     : No timezone override file found: /data/misc/zoneinfo/current/icu/icu_tzdata.dat
07-31 16:55:41.161  4046  4046 E memtrack: Couldn't load memtrack module (No such file or directory)
07-31 16:55:41.161  4046  4046 E android.os.Debug: failed to load memtrack module: -2
07-31 16:55:41.162  4046  4046 I Radio-JNI: register_android_hardware_Radio DONE
07-31 16:55:41.167  4046  4046 D AndroidRuntime: Calling main entry com.android.commands.uiautomator.Launcher
07-31 16:55:42.183  4046  4046 W AccessibilityNodeInfoDumper: Fetch time: 2ms
07-31 16:55:42.184   587  1197 W WindowManager: Attempted to remove non-existing token: android.os.Binder@5471e7f
07-31 16:55:42.192  4046  4046 D AndroidRuntime: Shutting down VM
07-31 16:55:43.183  4069  4069 D AndroidRuntime: >>>>>> START com.android.internal.os.RuntimeInit uid 0 <<<<<<
07-31 16:55:43.184  4069  4069 D AndroidRuntime: CheckJNI is OFF
07-31 16:55:43.195  4069  4069 D ICU     : No timezone override file found: /data/misc/zoneinfo/current/icu/icu_tzdata.dat
07-31 16:55:43.208  4069  4069 E memtrack: Couldn't load memtrack module (No such file or directory)
07-31 16:55:43.208  4069  4069 E android.os.Debug: failed to load memtrack module: -2
07-31 16:55:43.209  4069  4069 I Radio-JNI: register_android_hardware_Radio DONE
07-31 16:55:43.215  4069  4069 D AndroidRuntime: Calling main entry com.android.commands.uiautomator.Launcher
07-31 16:55:44.231  4069  4069 W AccessibilityNodeInfoDumper: Fetch time: 1ms
07-31 16:55:44.231   587   748 W WindowManager: Attempted to remove non-existing token: android.os.Binder@fccde4c
07-31 16:55:44.239  4069  4069 D AndroidRuntime: Shutting down VM
07-31 16:55:44.652  4087  4087 D AndroidRuntime: >>>>>> START com.android.internal.os.RuntimeInit uid 0 <<<<<<
07-31 16:55:44.653  4087  4087 D AndroidRuntime: CheckJNI is OFF
07-31 16:55:44.662  4087  4087 D ICU     : No timezone override file found: /data/misc/zoneinfo/current/icu/icu_tzdata.dat
07-31 16:55:44.675  4087  4087 E memtrack: Couldn't load memtrack module (No such file or directory)
07-31 16:55:44.675  4087  4087 E android.os.Debug: failed to load memtrack module: -2
07-31 16:55:44.676  4087  4087 I Radio-JNI: register_android_hardware_Radio DONE
07-31 16:55:44.681  4087  4087 D AndroidRuntime: Calling main entry com.android.commands.uiautomator.Launcher
07-31 16:55:45.700  4087  4087 W AccessibilityNodeInfoDumper: Fetch time: 2ms
07-31 16:55:45.701   587  1193 W WindowManager: Attempted to remove non-existing token: android.os.Binder@bdfe95
07-31 16:55:45.708  4087  4087 D AndroidRuntime: Shutting down VM
07-31 16:55:46.721  4113  4113 D AndroidRuntime: >>>>>> START com.android.internal.os.RuntimeInit uid 0 <<<<<<
07-31 16:55:46.722  4113  4113 D AndroidRuntime: CheckJNI is OFF
07-31 16:55:46.732  4113  4113 D ICU     : No timezone override file found: /data/misc/zoneinfo/current/icu/icu_tzdata.dat
07-31 16:55:46.747  4113  4113 E memtrack: Couldn't load memtrack module (No such file or directory)
07-31 16:55:46.747  4113  4113 E android.os.Debug: failed to load memtrack module: -2
07-31 16:55:46.748  4113  4113 I Radio-JNI: register_android_hardware_Radio DONE
07-31 16:55:46.754  4113  4113 D AndroidRuntime: Calling main entry com.android.commands.uiautomator.Launcher
07-31 16:55:47.772  4113  4113 W AccessibilityNodeInfoDumper: Fetch time: 4ms
07-31 16:55:47.772   587  1197 W WindowManager: Attempted to remove non-existing token: android.os.Binder@b4fbaa
07-31 16:55:47.781  4113  4113 D AndroidRuntime: Shutting down VM
07-31 16:55:48.209  4131  4131 D AndroidRuntime: >>>>>> START com.android.internal.os.RuntimeInit uid 0 <<<<<<
07-31 16:55:48.211  4131  4131 D AndroidRuntime: CheckJNI is OFF
07-31 16:55:48.219  4131  4131 D ICU     : No timezone override file found: /data/misc/zoneinfo/current/icu/icu_tzdata.dat
07-31 16:55:48.232  4131  4131 E memtrack: Couldn't load memtrack module (No such file or directory)
07-31 16:55:48.232  4131  4131 E android.os.Debug: failed to load memtrack module: -2
07-31 16:55:48.232  4131  4131 I Radio-JNI: register_android_hardware_Radio DONE
07-31 16:55:48.238  4131  4131 D AndroidRuntime: Calling main entry com.android.commands.uiautomator.Launcher
07-31 16:55:49.253  4131  4131 W AccessibilityNodeInfoDumper: Fetch time: 2ms
07-31 16:55:49.253   587   599 W WindowManager: Attempted to remove non-existing token: android.os.Binder@30f9338
07-31 16:55:49.264  4131  4131 D AndroidRuntime: Shutting down VM
07-31 16:55:49.685  4144  4144 D AndroidRuntime: >>>>>> START com.android.internal.os.RuntimeInit uid 0 <<<<<<
07-31 16:55:49.687  4144  4144 D AndroidRuntime: CheckJNI is OFF
07-31 16:55:49.697  4144  4144 D ICU     : No timezone override file found: /data/misc/zoneinfo/current/icu/icu_tzdata.dat
07-31 16:55:49.709  4144  4144 E memtrack: Couldn't load memtrack module (No such file or directory)
07-31 16:55:49.709  4144  4144 E android.os.Debug: failed to load memtrack module: -2
07-31 16:55:49.710  4144  4144 I Radio-JNI: register_android_hardware_Radio DONE
07-31 16:55:49.717  4144  4144 D AndroidRuntime: Calling main entry com.android.commands.input.Input
07-31 16:55:49.717  4144  4144 I Input   : injectMotionEvent: MotionEvent { action=ACTION_DOWN, actionButton=0, id[0]=0, x[0]=600.0, y[0]=1347.0, toolType[0]=TOOL_TYPE_UNKNOWN, buttonState=0, metaState=0, flags=0x0, edgeFlags=0x0, pointerCount=1, historySize=0, eventTime=161310, downTime=161310, deviceId=0, source=0x1002 }
07-31 16:55:49.720  4144  4144 I Input   : injectMotionEvent: MotionEvent { action=ACTION_MOVE, actionButton=0, id[0]=0, x[0]=600.0, y[0]=1347.0, toolType[0]=TOOL_TYPE_UNKNOWN, buttonState=0, metaState=0, flags=0x0, edgeFlags=0x0, pointerCount=1, historySize=0, eventTime=161310, downTime=161310, deviceId=0, source=0x1002 }
07-31 16:55:49.725  4144  4144 I Input   : injectMotionEvent: MotionEvent { action=ACTION_MOVE, actionButton=0, id[0]=0, x[0]=600.0, y[0]=1347.0, toolType[0]=TOOL_TYPE_UNKNOWN, buttonState=0, metaState=0, flags=0x0, edgeFlags=0x0, pointerCount=1, historySize=0, eventTime=161317, downTime=161317, deviceId=0, source=0x1002 }
07-31 16:55:49.742  4144  4144 I Input   : injectMotionEvent: MotionEvent { action=ACTION_MOVE, actionButton=0, id[0]=0, x[0]=600.0, y[0]=1347.0, toolType[0]=TOOL_TYPE_UNKNOWN, buttonState=0, metaState=0, flags=0x0, edgeFlags=0x0, pointerCount=1, historySize=0, eventTime=161334, downTime=161334, deviceId=0, source=0x1002 }
07-31 16:55:49.760  4144  4144 I Input   : injectMotionEvent: MotionEvent { action=ACTION_MOVE, actionButton=0, id[0]=0, x[0]=600.0, y[0]=1347.0, toolType[0]=TOOL_TYPE_UNKNOWN, buttonState=0, metaState=0, flags=0x0, edgeFlags=0x0, pointerCount=1, historySize=0, eventTime=161352, downTime=161352, deviceId=0, source=0x1002 }
07-31 16:55:49.776  4144  4144 I Input   : injectMotionEvent: MotionEvent { action=ACTION_MOVE, actionButton=0, id[0]=0, x[0]=600.0, y[0]=1347.0, toolType[0]=TOOL_TYPE_UNKNOWN, buttonState=0, metaState=0, flags=0x0, edgeFlags=0x0, pointerCount=1, historySize=0, eventTime=161368, downTime=161368, deviceId=0, source=0x1002 }
07-31 16:55:49.793  4144  4144 I Input   : injectMotionEvent: MotionEvent { action=ACTION_MOVE, actionButton=0, id[0]=0, x[0]=600.0, y[0]=1347.0, toolType[0]=TOOL_TYPE_UNKNOWN, buttonState=0, metaState=0, flags=0x0, edgeFlags=0x0, pointerCount=1, historySize=0, eventTime=161385, downTime=161385, deviceId=0, source=0x1002 }
07-31 16:55:49.808  4144  4144 I Input   : injectMotionEvent: MotionEvent { action=ACTION_MOVE, actionButton=0, id[0]=0, x[0]=600.0, y[0]=1347.0, toolType[0]=TOOL_TYPE_UNKNOWN, buttonState=0, metaState=0, flags=0x0, edgeFlags=0x0, pointerCount=1, historySize=0, eventTime=161401, downTime=161401, deviceId=0, source=0x1002 }
07-31 16:55:49.825  4144  4144 I Input   : injectMotionEvent: MotionEvent { action=ACTION_MOVE, actionButton=0, id[0]=0, x[0]=600.0, y[0]=1347.0, toolType[0]=TOOL_TYPE_UNKNOWN, buttonState=0, metaState=0, flags=0x0, edgeFlags=0x0, pointerCount=1, historySize=0, eventTime=161417, downTime=161417, deviceId=0, source=0x1002 }
07-31 16:55:49.843  4144  4144 I Input   : injectMotionEvent: MotionEvent { action=ACTION_MOVE, actionButton=0, id[0]=0, x[0]=600.0, y[0]=1347.0, toolType[0]=TOOL_TYPE_UNKNOWN, buttonState=0, metaState=0, flags=0x0, edgeFlags=0x0, pointerCount=1, historySize=0, eventTime=161436, downTime=161436, deviceId=0, source=0x1002 }
07-31 16:55:49.859  4144  4144 I Input   : injectMotionEvent: MotionEvent { action=ACTION_MOVE, actionButton=0, id[0]=0, x[0]=600.0, y[0]=1347.0, toolType[0]=TOOL_TYPE_UNKNOWN, buttonState=0, metaState=0, flags=0x0, edgeFlags=0x0, pointerCount=1, historySize=0, eventTime=161452, downTime=161452, deviceId=0, source=0x1002 }
07-31 16:55:49.875  4144  4144 I Input   : injectMotionEvent: MotionEvent { action=ACTION_MOVE, actionButton=0, id[0]=0, x[0]=600.0, y[0]=1347.0, toolType[0]=TOOL_TYPE_UNKNOWN, buttonState=0, metaState=0, flags=0x0, edgeFlags=0x0, pointerCount=1, historySize=0, eventTime=161467, downTime=161467, deviceId=0, source=0x1002 }
07-31 16:55:49.893  4144  4144 I Input   : injectMotionEvent: MotionEvent { action=ACTION_MOVE, actionButton=0, id[0]=0, x[0]=600.0, y[0]=1347.0, toolType[0]=TOOL_TYPE_UNKNOWN, buttonState=0, metaState=0, flags=0x0, edgeFlags=0x0, pointerCount=1, historySize=0, eventTime=161486, downTime=161486, deviceId=0, source=0x1002 }
07-31 16:55:49.909  4144  4144 I Input   : injectMotionEvent: MotionEvent { action=ACTION_MOVE, actionButton=0, id[0]=0, x[0]=600.0, y[0]=1347.0, toolType[0]=TOOL_TYPE_UNKNOWN, buttonState=0, metaState=0, flags=0x0, edgeFlags=0x0, pointerCount=1, historySize=0, eventTime=161502, downTime=161502, deviceId=0, source=0x1002 }
07-31 16:55:49.926  4144  4144 I Input   : injectMotionEvent: MotionEvent { action=ACTION_MOVE, actionButton=0, id[0]=0, x[0]=600.0, y[0]=1347.0, toolType[0]=TOOL_TYPE_UNKNOWN, buttonState=0, metaState=0, flags=0x0, edgeFlags=0x0, pointerCount=1, historySize=0, eventTime=161519, downTime=161519, deviceId=0, source=0x1002 }
07-31 16:55:49.943  4144  4144 I Input   : injectMotionEvent: MotionEvent { action=ACTION_MOVE, actionButton=0, id[0]=0, x[0]=600.0, y[0]=1347.0, toolType[0]=TOOL_TYPE_UNKNOWN, buttonState=0, metaState=0, flags=0x0, edgeFlags=0x0, pointerCount=1, historySize=0, eventTime=161535, downTime=161535, deviceId=0, source=0x1002 }
07-31 16:55:49.960  4144  4144 I Input   : injectMotionEvent: MotionEvent { action=ACTION_MOVE, actionButton=0, id[0]=0, x[0]=600.0, y[0]=1347.0, toolType[0]=TOOL_TYPE_UNKNOWN, buttonState=0, metaState=0, flags=0x0, edgeFlags=0x0, pointerCount=1, historySize=0, eventTime=161552, downTime=161552, deviceId=0, source=0x1002 }
07-31 16:55:49.975  4144  4144 I Input   : injectMotionEvent: MotionEvent { action=ACTION_MOVE, actionButton=0, id[0]=0, x[0]=600.0, y[0]=1347.0, toolType[0]=TOOL_TYPE_UNKNOWN, buttonState=0, metaState=0, flags=0x0, edgeFlags=0x0, pointerCount=1, historySize=0, eventTime=161568, downTime=161568, deviceId=0, source=0x1002 }
07-31 16:55:49.993  4144  4144 I Input   : injectMotionEvent: MotionEvent { action=ACTION_MOVE, actionButton=0, id[0]=0, x[0]=600.0, y[0]=1347.0, toolType[0]=TOOL_TYPE_UNKNOWN, buttonState=0, metaState=0, flags=0x0, edgeFlags=0x0, pointerCount=1, historySize=0, eventTime=161585, downTime=161585, deviceId=0, source=0x1002 }
07-31 16:55:50.008  4144  4144 I Input   : injectMotionEvent: MotionEvent { action=ACTION_MOVE, actionButton=0, id[0]=0, x[0]=600.0, y[0]=1347.0, toolType[0]=TOOL_TYPE_UNKNOWN, buttonState=0, metaState=0, flags=0x0, edgeFlags=0x0, pointerCount=1, historySize=0, eventTime=161600, downTime=161600, deviceId=0, source=0x1002 }
07-31 16:55:50.027  4144  4144 I Input   : injectMotionEvent: MotionEvent { action=ACTION_MOVE, actionButton=0, id[0]=0, x[0]=600.0, y[0]=1347.0, toolType[0]=TOOL_TYPE_UNKNOWN, buttonState=0, metaState=0, flags=0x0, edgeFlags=0x0, pointerCount=1, historySize=0, eventTime=161619, downTime=161619, deviceId=0, source=0x1002 }
07-31 16:55:50.041  4144  4144 I Input   : injectMotionEvent: MotionEvent { action=ACTION_MOVE, actionButton=0, id[0]=0, x[0]=600.0, y[0]=1347.0, toolType[0]=TOOL_TYPE_UNKNOWN, buttonState=0, metaState=0, flags=0x0, edgeFlags=0x0, pointerCount=1, historySize=0, eventTime=161634, downTime=161634, deviceId=0, source=0x1002 }
07-31 16:55:50.058  4144  4144 I Input   : injectMotionEvent: MotionEvent { action=ACTION_MOVE, actionButton=0, id[0]=0, x[0]=600.0, y[0]=1347.0, toolType[0]=TOOL_TYPE_UNKNOWN, buttonState=0, metaState=0, flags=0x0, edgeFlags=0x0, pointerCount=1, historySize=0, eventTime=161651, downTime=161651, deviceId=0, source=0x1002 }
07-31 16:55:50.074  4144  4144 I Input   : injectMotionEvent: MotionEvent { action=ACTION_MOVE, actionButton=0, id[0]=0, x[0]=600.0, y[0]=1347.0, toolType[0]=TOOL_TYPE_UNKNOWN, buttonState=0, metaState=0, flags=0x0, edgeFlags=0x0, pointerCount=1, historySize=0, eventTime=161667, downTime=161667, deviceId=0, source=0x1002 }
07-31 16:55:50.093  4144  4144 I Input   : injectMotionEvent: MotionEvent { action=ACTION_MOVE, actionButton=0, id[0]=0, x[0]=600.0, y[0]=1347.0, toolType[0]=TOOL_TYPE_UNKNOWN, buttonState=0, metaState=0, flags=0x0, edgeFlags=0x0, pointerCount=1, historySize=0, eventTime=161685, downTime=161685, deviceId=0, source=0x1002 }
07-31 16:55:50.108  4144  4144 I Input   : injectMotionEvent: MotionEvent { action=ACTION_MOVE, actionButton=0, id[0]=0, x[0]=600.0, y[0]=1347.0, toolType[0]=TOOL_TYPE_UNKNOWN, buttonState=0, metaState=0, flags=0x0, edgeFlags=0x0, pointerCount=1, historySize=0, eventTime=161700, downTime=161700, deviceId=0, source=0x1002 }
07-31 16:55:50.126  4144  4144 I Input   : injectMotionEvent: MotionEvent { action=ACTION_MOVE, actionButton=0, id[0]=0, x[0]=600.0, y[0]=1347.0, toolType[0]=TOOL_TYPE_UNKNOWN, buttonState=0, metaState=0, flags=0x0, edgeFlags=0x0, pointerCount=1, historySize=0, eventTime=161719, downTime=161719, deviceId=0, source=0x1002 }
07-31 16:55:50.142  4144  4144 I Input   : injectMotionEvent: MotionEvent { action=ACTION_MOVE, actionButton=0, id[0]=0, x[0]=600.0, y[0]=1347.0, toolType[0]=TOOL_TYPE_UNKNOWN, buttonState=0, metaState=0, flags=0x0, edgeFlags=0x0, pointerCount=1, historySize=0, eventTime=161735, downTime=161735, deviceId=0, source=0x1002 }
07-31 16:55:50.164  4144  4144 I Input   : injectMotionEvent: MotionEvent { action=ACTION_MOVE, actionButton=0, id[0]=0, x[0]=600.0, y[0]=1347.0, toolType[0]=TOOL_TYPE_UNKNOWN, buttonState=0, metaState=0, flags=0x0, edgeFlags=0x0, pointerCount=1, historySize=0, eventTime=161756, downTime=161756, deviceId=0, source=0x1002 }
07-31 16:55:50.175  4144  4144 I Input   : injectMotionEvent: MotionEvent { action=ACTION_MOVE, actionButton=0, id[0]=0, x[0]=600.0, y[0]=1347.0, toolType[0]=TOOL_TYPE_UNKNOWN, buttonState=0, metaState=0, flags=0x0, edgeFlags=0x0, pointerCount=1, historySize=0, eventTime=161767, downTime=161767, deviceId=0, source=0x1002 }
07-31 16:55:50.191  4144  4144 I Input   : injectMotionEvent: MotionEvent { action=ACTION_MOVE, actionButton=0, id[0]=0, x[0]=600.0, y[0]=1347.0, toolType[0]=TOOL_TYPE_UNKNOWN, buttonState=0, metaState=0, flags=0x0, edgeFlags=0x0, pointerCount=1, historySize=0, eventTime=161784, downTime=161784, deviceId=0, source=0x1002 }
07-31 16:55:50.210  4144  4144 I Input   : injectMotionEvent: MotionEvent { action=ACTION_MOVE, actionButton=0, id[0]=0, x[0]=600.0, y[0]=1347.0, toolType[0]=TOOL_TYPE_UNKNOWN, buttonState=0, metaState=0, flags=0x0, edgeFlags=0x0, pointerCount=1, historySize=0, eventTime=161802, downTime=161802, deviceId=0, source=0x1002 }
07-31 16:55:50.225  4144  4144 I Input   : injectMotionEvent: MotionEvent { action=ACTION_MOVE, actionButton=0, id[0]=0, x[0]=600.0, y[0]=1347.0, toolType[0]=TOOL_TYPE_UNKNOWN, buttonState=0, metaState=0, flags=0x0, edgeFlags=0x0, pointerCount=1, historySize=0, eventTime=161818, downTime=161818, deviceId=0, source=0x1002 }
07-31 16:55:50.243  4144  4144 I Input   : injectMotionEvent: MotionEvent { action=ACTION_MOVE, actionButton=0, id[0]=0, x[0]=600.0, y[0]=1347.0, toolType[0]=TOOL_TYPE_UNKNOWN, buttonState=0, metaState=0, flags=0x0, edgeFlags=0x0, pointerCount=1, historySize=0, eventTime=161835, downTime=161835, deviceId=0, source=0x1002 }
07-31 16:55:50.259  4144  4144 I Input   : injectMotionEvent: MotionEvent { action=ACTION_MOVE, actionButton=0, id[0]=0, x[0]=600.0, y[0]=1347.0, toolType[0]=TOOL_TYPE_UNKNOWN, buttonState=0, metaState=0, flags=0x0, edgeFlags=0x0, pointerCount=1, historySize=0, eventTime=161852, downTime=161852, deviceId=0, source=0x1002 }
07-31 16:55:50.275  4144  4144 I Input   : injectMotionEvent: MotionEvent { action=ACTION_MOVE, actionButton=0, id[0]=0, x[0]=600.0, y[0]=1347.0, toolType[0]=TOOL_TYPE_UNKNOWN, buttonState=0, metaState=0, flags=0x0, edgeFlags=0x0, pointerCount=1, historySize=0, eventTime=161867, downTime=161867, deviceId=0, source=0x1002 }
07-31 16:55:50.293  4144  4144 I Input   : injectMotionEvent: MotionEvent { action=ACTION_MOVE, actionButton=0, id[0]=0, x[0]=600.0, y[0]=1347.0, toolType[0]=TOOL_TYPE_UNKNOWN, buttonState=0, metaState=0, flags=0x0, edgeFlags=0x0, pointerCount=1, historySize=0, eventTime=161885, downTime=161885, deviceId=0, source=0x1002 }
07-31 16:55:50.309  4144  4144 I Input   : injectMotionEvent: MotionEvent { action=ACTION_MOVE, actionButton=0, id[0]=0, x[0]=600.0, y[0]=1347.0, toolType[0]=TOOL_TYPE_UNKNOWN, buttonState=0, metaState=0, flags=0x0, edgeFlags=0x0, pointerCount=1, historySize=0, eventTime=161902, downTime=161902, deviceId=0, source=0x1002 }
07-31 16:55:50.325  4144  4144 I Input   : injectMotionEvent: MotionEvent { action=ACTION_MOVE, actionButton=0, id[0]=0, x[0]=600.0, y[0]=1347.0, toolType[0]=TOOL_TYPE_UNKNOWN, buttonState=0, metaState=0, flags=0x0, edgeFlags=0x0, pointerCount=1, historySize=0, eventTime=161917, downTime=161917, deviceId=0, source=0x1002 }
07-31 16:55:50.341  4144  4144 I Input   : injectMotionEvent: MotionEvent { action=ACTION_MOVE, actionButton=0, id[0]=0, x[0]=600.0, y[0]=1347.0, toolType[0]=TOOL_TYPE_UNKNOWN, buttonState=0, metaState=0, flags=0x0, edgeFlags=0x0, pointerCount=1, historySize=0, eventTime=161934, downTime=161934, deviceId=0, source=0x1002 }
07-31 16:55:50.360  4144  4144 I Input   : injectMotionEvent: MotionEvent { action=ACTION_MOVE, actionButton=0, id[0]=0, x[0]=600.0, y[0]=1347.0, toolType[0]=TOOL_TYPE_UNKNOWN, buttonState=0, metaState=0, flags=0x0, edgeFlags=0x0, pointerCount=1, historySize=0, eventTime=161952, downTime=161952, deviceId=0, source=0x1002 }
07-31 16:55:50.375  4144  4144 I Input   : injectMotionEvent: MotionEvent { action=ACTION_MOVE, actionButton=0, id[0]=0, x[0]=600.0, y[0]=1347.0, toolType[0]=TOOL_TYPE_UNKNOWN, buttonState=0, metaState=0, flags=0x0, edgeFlags=0x0, pointerCount=1, historySize=0, eventTime=161968, downTime=161968, deviceId=0, source=0x1002 }
07-31 16:55:50.393  4144  4144 I Input   : injectMotionEvent: MotionEvent { action=ACTION_MOVE, actionButton=0, id[0]=0, x[0]=600.0, y[0]=1347.0, toolType[0]=TOOL_TYPE_UNKNOWN, buttonState=0, metaState=0, flags=0x0, edgeFlags=0x0, pointerCount=1, historySize=0, eventTime=161985, downTime=161985, deviceId=0, source=0x1002 }
07-31 16:55:50.409  4144  4144 I Input   : injectMotionEvent: MotionEvent { action=ACTION_MOVE, actionButton=0, id[0]=0, x[0]=600.0, y[0]=1347.0, toolType[0]=TOOL_TYPE_UNKNOWN, buttonState=0, metaState=0, flags=0x0, edgeFlags=0x0, pointerCount=1, historySize=0, eventTime=162002, downTime=162002, deviceId=0, source=0x1002 }
07-31 16:55:50.425  4144  4144 I Input   : injectMotionEvent: MotionEvent { action=ACTION_MOVE, actionButton=0, id[0]=0, x[0]=600.0, y[0]=1347.0, toolType[0]=TOOL_TYPE_UNKNOWN, buttonState=0, metaState=0, flags=0x0, edgeFlags=0x0, pointerCount=1, historySize=0, eventTime=162017, downTime=162017, deviceId=0, source=0x1002 }
07-31 16:55:50.443  4144  4144 I Input   : injectMotionEvent: MotionEvent { action=ACTION_MOVE, actionButton=0, id[0]=0, x[0]=600.0, y[0]=1347.0, toolType[0]=TOOL_TYPE_UNKNOWN, buttonState=0, metaState=0, flags=0x0, edgeFlags=0x0, pointerCount=1, historySize=0, eventTime=162035, downTime=162035, deviceId=0, source=0x1002 }
07-31 16:55:50.459  4144  4144 I Input   : injectMotionEvent: MotionEvent { action=ACTION_MOVE, actionButton=0, id[0]=0, x[0]=600.0, y[0]=1347.0, toolType[0]=TOOL_TYPE_UNKNOWN, buttonState=0, metaState=0, flags=0x0, edgeFlags=0x0, pointerCount=1, historySize=0, eventTime=162052, downTime=162052, deviceId=0, source=0x1002 }
07-31 16:55:50.475  4144  4144 I Input   : injectMotionEvent: MotionEvent { action=ACTION_MOVE, actionButton=0, id[0]=0, x[0]=600.0, y[0]=1347.0, toolType[0]=TOOL_TYPE_UNKNOWN, buttonState=0, metaState=0, flags=0x0, edgeFlags=0x0, pointerCount=1, historySize=0, eventTime=162067, downTime=162067, deviceId=0, source=0x1002 }
07-31 16:55:50.493  4144  4144 I Input   : injectMotionEvent: MotionEvent { action=ACTION_MOVE, actionButton=0, id[0]=0, x[0]=600.0, y[0]=1347.0, toolType[0]=TOOL_TYPE_UNKNOWN, buttonState=0, metaState=0, flags=0x0, edgeFlags=0x0, pointerCount=1, historySize=0, eventTime=162085, downTime=162085, deviceId=0, source=0x1002 }
07-31 16:55:50.508  4144  4144 I Input   : injectMotionEvent: MotionEvent { action=ACTION_MOVE, actionButton=0, id[0]=0, x[0]=600.0, y[0]=1347.0, toolType[0]=TOOL_TYPE_UNKNOWN, buttonState=0, metaState=0, flags=0x0, edgeFlags=0x0, pointerCount=1, historySize=0, eventTime=162101, downTime=162101, deviceId=0, source=0x1002 }
07-31 16:55:50.525  4144  4144 I Input   : injectMotionEvent: MotionEvent { action=ACTION_MOVE, actionButton=0, id[0]=0, x[0]=600.0, y[0]=1347.0, toolType[0]=TOOL_TYPE_UNKNOWN, buttonState=0, metaState=0, flags=0x0, edgeFlags=0x0, pointerCount=1, historySize=0, eventTime=162117, downTime=162117, deviceId=0, source=0x1002 }
07-31 16:55:50.543  4144  4144 I Input   : injectMotionEvent: MotionEvent { action=ACTION_MOVE, actionButton=0, id[0]=0, x[0]=600.0, y[0]=1347.0, toolType[0]=TOOL_TYPE_UNKNOWN, buttonState=0, metaState=0, flags=0x0, edgeFlags=0x0, pointerCount=1, historySize=0, eventTime=162135, downTime=162135, deviceId=0, source=0x1002 }
07-31 16:55:50.559  4144  4144 I Input   : injectMotionEvent: MotionEvent { action=ACTION_MOVE, actionButton=0, id[0]=0, x[0]=600.0, y[0]=1347.0, toolType[0]=TOOL_TYPE_UNKNOWN, buttonState=0, metaState=0, flags=0x0, edgeFlags=0x0, pointerCount=1, historySize=0, eventTime=162152, downTime=162152, deviceId=0, source=0x1002 }
07-31 16:55:50.576  4144  4144 I Input   : injectMotionEvent: MotionEvent { action=ACTION_MOVE, actionButton=0, id[0]=0, x[0]=600.0, y[0]=1347.0, toolType[0]=TOOL_TYPE_UNKNOWN, buttonState=0, metaState=0, flags=0x0, edgeFlags=0x0, pointerCount=1, historySize=0, eventTime=162168, downTime=162168, deviceId=0, source=0x1002 }
07-31 16:55:50.592  4144  4144 I Input   : injectMotionEvent: MotionEvent { action=ACTION_MOVE, actionButton=0, id[0]=0, x[0]=600.0, y[0]=1347.0, toolType[0]=TOOL_TYPE_UNKNOWN, buttonState=0, metaState=0, flags=0x0, edgeFlags=0x0, pointerCount=1, historySize=0, eventTime=162185, downTime=162185, deviceId=0, source=0x1002 }
07-31 16:55:50.608  4144  4144 I Input   : injectMotionEvent: MotionEvent { action=ACTION_MOVE, actionButton=0, id[0]=0, x[0]=600.0, y[0]=1347.0, toolType[0]=TOOL_TYPE_UNKNOWN, buttonState=0, metaState=0, flags=0x0, edgeFlags=0x0, pointerCount=1, historySize=0, eventTime=162201, downTime=162201, deviceId=0, source=0x1002 }
07-31 16:55:50.626  4144  4144 I Input   : injectMotionEvent: MotionEvent { action=ACTION_MOVE, actionButton=0, id[0]=0, x[0]=600.0, y[0]=1347.0, toolType[0]=TOOL_TYPE_UNKNOWN, buttonState=0, metaState=0, flags=0x0, edgeFlags=0x0, pointerCount=1, historySize=0, eventTime=162218, downTime=162218, deviceId=0, source=0x1002 }
07-31 16:55:50.642  4144  4144 I Input   : injectMotionEvent: MotionEvent { action=ACTION_MOVE, actionButton=0, id[0]=0, x[0]=600.0, y[0]=1347.0, toolType[0]=TOOL_TYPE_UNKNOWN, buttonState=0, metaState=0, flags=0x0, edgeFlags=0x0, pointerCount=1, historySize=0, eventTime=162235, downTime=162235, deviceId=0, source=0x1002 }
07-31 16:55:50.659  4144  4144 I Input   : injectMotionEvent: MotionEvent { action=ACTION_MOVE, actionButton=0, id[0]=0, x[0]=600.0, y[0]=1347.0, toolType[0]=TOOL_TYPE_UNKNOWN, buttonState=0, metaState=0, flags=0x0, edgeFlags=0x0, pointerCount=1, historySize=0, eventTime=162252, downTime=162252, deviceId=0, source=0x1002 }
07-31 16:55:50.677  4144  4144 I Input   : injectMotionEvent: MotionEvent { action=ACTION_MOVE, actionButton=0, id[0]=0, x[0]=600.0, y[0]=1347.0, toolType[0]=TOOL_TYPE_UNKNOWN, buttonState=0, metaState=0, flags=0x0, edgeFlags=0x0, pointerCount=1, historySize=0, eventTime=162270, downTime=162270, deviceId=0, source=0x1002 }
07-31 16:55:50.692  4144  4144 I Input   : injectMotionEvent: MotionEvent { action=ACTION_MOVE, actionButton=0, id[0]=0, x[0]=600.0, y[0]=1347.0, toolType[0]=TOOL_TYPE_UNKNOWN, buttonState=0, metaState=0, flags=0x0, edgeFlags=0x0, pointerCount=1, historySize=0, eventTime=162284, downTime=162284, deviceId=0, source=0x1002 }
07-31 16:55:50.708  4144  4144 I Input   : injectMotionEvent: MotionEvent { action=ACTION_MOVE, actionButton=0, id[0]=0, x[0]=600.0, y[0]=1347.0, toolType[0]=TOOL_TYPE_UNKNOWN, buttonState=0, metaState=0, flags=0x0, edgeFlags=0x0, pointerCount=1, historySize=0, eventTime=162300, downTime=162300, deviceId=0, source=0x1002 }
07-31 16:55:50.725  4144  4144 I Input   : injectMotionEvent: MotionEvent { action=ACTION_MOVE, actionButton=0, id[0]=0, x[0]=600.0, y[0]=1347.0, toolType[0]=TOOL_TYPE_UNKNOWN, buttonState=0, metaState=0, flags=0x0, edgeFlags=0x0, pointerCount=1, historySize=0, eventTime=162317, downTime=162317, deviceId=0, source=0x1002 }
07-31 16:55:50.743  4144  4144 I Input   : injectMotionEvent: MotionEvent { action=ACTION_MOVE, actionButton=0, id[0]=0, x[0]=600.0, y[0]=1347.0, toolType[0]=TOOL_TYPE_UNKNOWN, buttonState=0, metaState=0, flags=0x0, edgeFlags=0x0, pointerCount=1, historySize=0, eventTime=162336, downTime=162336, deviceId=0, source=0x1002 }
07-31 16:55:50.759  4144  4144 I Input   : injectMotionEvent: MotionEvent { action=ACTION_MOVE, actionButton=0, id[0]=0, x[0]=600.0, y[0]=1347.0, toolType[0]=TOOL_TYPE_UNKNOWN, buttonState=0, metaState=0, flags=0x0, edgeFlags=0x0, pointerCount=1, historySize=0, eventTime=162352, downTime=162352, deviceId=0, source=0x1002 }
