07-29 15:39:36.430  3835  3835 I AccessibilityNodeInfoDumper: Skipping invisible child: android.view.accessibility.AccessibilityNodeInfo@8000b50e; boundsInParent: Rect(0, 0 - 0, 128); boundsInScreen: Rect(1184, 48 - 1184, 176); packageName: com.zola.bmi; className: android.support.v7.widget.LinearLayoutCompat; text: null; error: null; maxTextLength: -1; contentDescription: null; viewIdResName: null; checkable: false; checked: false; focusable: false; focused: false; selected: false; clickable: false; longClickable: false; contextClickable: false; enabled: true; password: false; scrollable: false; actions: [AccessibilityAction: ACTION_SELECT - null, AccessibilityAction: ACTION_CLEAR_SELECTION - null, AccessibilityAction: ACTION_ACCESSIBILITY_FOCUS - null, AccessibilityAction: ACTION_UNKNOWN - null]
07-29 15:39:36.431  3835  3835 I AccessibilityNodeInfoDumper: Skipping invisible child: android.view.accessibility.AccessibilityNodeInfo@80008f84; boundsInParent: Rect(0, 0 - 0, 54); boundsInScreen: Rect(72, 662 - 72, 716); packageName: com.zola.bmi; className: android.widget.TextView; text: null; error: null; maxTextLength: -1; contentDescription: null; viewIdResName: com.zola.bmi:id/resultLabel; checkable: false; checked: false; focusable: false; focused: false; selected: false; clickable: false; longClickable: false; contextClickable: false; enabled: true; password: false; scrollable: false; actions: [AccessibilityAction: ACTION_SELECT - null, AccessibilityAction: ACTION_CLEAR_SELECTION - null, AccessibilityAction: ACTION_ACCESSIBILITY_FOCUS - null, AccessibilityAction: ACTION_UNKNOWN - null]
07-29 15:39:36.431  3835  3835 W AccessibilityNodeInfoDumper: Fetch time: 7ms
07-29 15:39:36.432   599   917 W WindowManager: Attempted to remove non-existing token: android.os.Binder@2ae8d1a
07-29 15:39:36.435  3835  3835 D AndroidRuntime: Shutting down VM
07-29 15:39:36.876  3853  3853 D AndroidRuntime: >>>>>> START com.android.internal.os.RuntimeInit uid 0 <<<<<<
07-29 15:39:36.877  3853  3853 D AndroidRuntime: CheckJNI is OFF
07-29 15:39:36.888  3853  3853 D ICU     : No timezone override file found: /data/misc/zoneinfo/current/icu/icu_tzdata.dat
07-29 15:39:36.900  3853  3853 E memtrack: Couldn't load memtrack module (No such file or directory)
07-29 15:39:36.900  3853  3853 E android.os.Debug: failed to load memtrack module: -2
07-29 15:39:36.901  3853  3853 I Radio-JNI: register_android_hardware_Radio DONE
07-29 15:39:36.907  3853  3853 D AndroidRuntime: Calling main entry com.android.commands.uiautomator.Launcher
07-29 15:39:37.929  3853  3853 I AccessibilityNodeInfoDumper: Skipping invisible child: android.view.accessibility.AccessibilityNodeInfo@8000b514; boundsInParent: Rect(0, 0 - 0, 128); boundsInScreen: Rect(1184, 48 - 1184, 176); packageName: com.zola.bmi; className: android.support.v7.widget.LinearLayoutCompat; text: null; error: null; maxTextLength: -1; contentDescription: null; viewIdResName: null; checkable: false; checked: false; focusable: false; focused: false; selected: false; clickable: false; longClickable: false; contextClickable: false; enabled: true; password: false; scrollable: false; actions: [AccessibilityAction: ACTION_SELECT - null, AccessibilityAction: ACTION_CLEAR_SELECTION - null, AccessibilityAction: ACTION_ACCESSIBILITY_FOCUS - null, AccessibilityAction: ACTION_UNKNOWN - null]
07-29 15:39:37.930  3853  3853 I AccessibilityNodeInfoDumper: Skipping invisible child: android.view.accessibility.AccessibilityNodeInfo@80008f8a; boundsInParent: Rect(0, 0 - 0, 54); boundsInScreen: Rect(72, 662 - 72, 716); packageName: com.zola.bmi; className: android.widget.TextView; text: null; error: null; maxTextLength: -1; contentDescription: null; viewIdResName: com.zola.bmi:id/resultLabel; checkable: false; checked: false; focusable: false; focused: false; selected: false; clickable: false; longClickable: false; contextClickable: false; enabled: true; password: false; scrollable: false; actions: [AccessibilityAction: ACTION_SELECT - null, AccessibilityAction: ACTION_CLEAR_SELECTION - null, AccessibilityAction: ACTION_ACCESSIBILITY_FOCUS - null, AccessibilityAction: ACTION_UNKNOWN - null]
07-29 15:39:37.930  3853  3853 W AccessibilityNodeInfoDumper: Fetch time: 7ms
07-29 15:39:37.931   599   738 W WindowManager: Attempted to remove non-existing token: android.os.Binder@f6c304b
07-29 15:39:37.938  3853  3853 D AndroidRuntime: Shutting down VM
07-29 15:39:38.905  3876  3876 D AndroidRuntime: >>>>>> START com.android.internal.os.RuntimeInit uid 0 <<<<<<
07-29 15:39:38.906  3876  3876 D AndroidRuntime: CheckJNI is OFF
07-29 15:39:38.915  3876  3876 D ICU     : No timezone override file found: /data/misc/zoneinfo/current/icu/icu_tzdata.dat
07-29 15:39:38.926  3876  3876 E memtrack: Couldn't load memtrack module (No such file or directory)
07-29 15:39:38.926  3876  3876 E android.os.Debug: failed to load memtrack module: -2
07-29 15:39:38.927  3876  3876 I Radio-JNI: register_android_hardware_Radio DONE
07-29 15:39:38.932  3876  3876 D AndroidRuntime: Calling main entry com.android.commands.uiautomator.Launcher
07-29 15:39:39.953  3876  3876 I AccessibilityNodeInfoDumper: Skipping invisible child: android.view.accessibility.AccessibilityNodeInfo@8000b51d; boundsInParent: Rect(0, 0 - 0, 128); boundsInScreen: Rect(1184, 48 - 1184, 176); packageName: com.zola.bmi; className: android.support.v7.widget.LinearLayoutCompat; text: null; error: null; maxTextLength: -1; contentDescription: null; viewIdResName: null; checkable: false; checked: false; focusable: false; focused: false; selected: false; clickable: false; longClickable: false; contextClickable: false; enabled: true; password: false; scrollable: false; actions: [AccessibilityAction: ACTION_SELECT - null, AccessibilityAction: ACTION_CLEAR_SELECTION - null, AccessibilityAction: ACTION_ACCESSIBILITY_FOCUS - null, AccessibilityAction: ACTION_UNKNOWN - null]
07-29 15:39:39.953  3876  3876 I AccessibilityNodeInfoDumper: Skipping invisible child: android.view.accessibility.AccessibilityNodeInfo@80008f93; boundsInParent: Rect(0, 0 - 0, 54); boundsInScreen: Rect(72, 662 - 72, 716); packageName: com.zola.bmi; className: android.widget.TextView; text: null; error: null; maxTextLength: -1; contentDescription: null; viewIdResName: com.zola.bmi:id/resultLabel; checkable: false; checked: false; focusable: false; focused: false; selected: false; clickable: false; longClickable: false; contextClickable: false; enabled: true; password: false; scrollable: false; actions: [AccessibilityAction: ACTION_SELECT - null, AccessibilityAction: ACTION_CLEAR_SELECTION - null, AccessibilityAction: ACTION_ACCESSIBILITY_FOCUS - null, AccessibilityAction: ACTION_UNKNOWN - null]
07-29 15:39:39.955  3876  3876 W AccessibilityNodeInfoDumper: Fetch time: 6ms
07-29 15:39:39.955   599   917 W WindowManager: Attempted to remove non-existing token: android.os.Binder@cc99a28
07-29 15:39:39.958  3876  3876 D AndroidRuntime: Shutting down VM
07-29 15:39:40.967  3904  3904 D AndroidRuntime: >>>>>> START com.android.internal.os.RuntimeInit uid 0 <<<<<<
07-29 15:39:40.969  3904  3904 D AndroidRuntime: CheckJNI is OFF
07-29 15:39:40.977  3904  3904 D ICU     : No timezone override file found: /data/misc/zoneinfo/current/icu/icu_tzdata.dat
07-29 15:39:40.988  3904  3904 E memtrack: Couldn't load memtrack module (No such file or directory)
07-29 15:39:40.988  3904  3904 E android.os.Debug: failed to load memtrack module: -2
07-29 15:39:40.988  3904  3904 I Radio-JNI: register_android_hardware_Radio DONE
07-29 15:39:40.993  3904  3904 D AndroidRuntime: Calling main entry com.android.commands.uiautomator.Launcher
07-29 15:39:42.018  3904  3904 I AccessibilityNodeInfoDumper: Skipping invisible child: android.view.accessibility.AccessibilityNodeInfo@8000b523; boundsInParent: Rect(0, 0 - 0, 128); boundsInScreen: Rect(1184, 48 - 1184, 176); packageName: com.zola.bmi; className: android.support.v7.widget.LinearLayoutCompat; text: null; error: null; maxTextLength: -1; contentDescription: null; viewIdResName: null; checkable: false; checked: false; focusable: false; focused: false; selected: false; clickable: false; longClickable: false; contextClickable: false; enabled: true; password: false; scrollable: false; actions: [AccessibilityAction: ACTION_SELECT - null, AccessibilityAction: ACTION_CLEAR_SELECTION - null, AccessibilityAction: ACTION_ACCESSIBILITY_FOCUS - null, AccessibilityAction: ACTION_UNKNOWN - null]
07-29 15:39:42.018  3904  3904 I AccessibilityNodeInfoDumper: Skipping invisible child: android.view.accessibility.AccessibilityNodeInfo@80008f99; boundsInParent: Rect(0, 0 - 0, 54); boundsInScreen: Rect(72, 662 - 72, 716); packageName: com.zola.bmi; className: android.widget.TextView; text: null; error: null; maxTextLength: -1; contentDescription: null; viewIdResName: com.zola.bmi:id/resultLabel; checkable: false; checked: false; focusable: false; focused: false; selected: false; clickable: false; longClickable: false; contextClickable: false; enabled: true; password: false; scrollable: false; actions: [AccessibilityAction: ACTION_SELECT - null, AccessibilityAction: ACTION_CLEAR_SELECTION - null, AccessibilityAction: ACTION_ACCESSIBILITY_FOCUS - null, AccessibilityAction: ACTION_UNKNOWN - null]
07-29 15:39:42.019  3904  3904 W AccessibilityNodeInfoDumper: Fetch time: 6ms
07-29 15:39:42.019   599   610 W WindowManager: Attempted to remove non-existing token: android.os.Binder@1bf0341
07-29 15:39:42.022  3904  3904 D AndroidRuntime: Shutting down VM
07-29 15:39:43.017  3930  3930 D AndroidRuntime: >>>>>> START com.android.internal.os.RuntimeInit uid 0 <<<<<<
07-29 15:39:43.019  3930  3930 D AndroidRuntime: CheckJNI is OFF
07-29 15:39:43.028  3930  3930 D ICU     : No timezone override file found: /data/misc/zoneinfo/current/icu/icu_tzdata.dat
07-29 15:39:43.040  3930  3930 E memtrack: Couldn't load memtrack module (No such file or directory)
07-29 15:39:43.040  3930  3930 E android.os.Debug: failed to load memtrack module: -2
07-29 15:39:43.040  3930  3930 I Radio-JNI: register_android_hardware_Radio DONE
07-29 15:39:43.047  3930  3930 D AndroidRuntime: Calling main entry com.android.commands.uiautomator.Launcher
07-29 15:39:44.066  3930  3930 I AccessibilityNodeInfoDumper: Skipping invisible child: android.view.accessibility.AccessibilityNodeInfo@8000b529; boundsInParent: Rect(0, 0 - 0, 128); boundsInScreen: Rect(1184, 48 - 1184, 176); packageName: com.zola.bmi; className: android.support.v7.widget.LinearLayoutCompat; text: null; error: null; maxTextLength: -1; contentDescription: null; viewIdResName: null; checkable: false; checked: false; focusable: false; focused: false; selected: false; clickable: false; longClickable: false; contextClickable: false; enabled: true; password: false; scrollable: false; actions: [AccessibilityAction: ACTION_SELECT - null, AccessibilityAction: ACTION_CLEAR_SELECTION - null, AccessibilityAction: ACTION_ACCESSIBILITY_FOCUS - null, AccessibilityAction: ACTION_UNKNOWN - null]
07-29 15:39:44.067  3930  3930 I AccessibilityNodeInfoDumper: Skipping invisible child: android.view.accessibility.AccessibilityNodeInfo@80008f9f; boundsInParent: Rect(0, 0 - 0, 54); boundsInScreen: Rect(72, 662 - 72, 716); packageName: com.zola.bmi; className: android.widget.TextView; text: null; error: null; maxTextLength: -1; contentDescription: null; viewIdResName: com.zola.bmi:id/resultLabel; checkable: false; checked: false; focusable: false; focused: false; selected: false; clickable: false; longClickable: false; contextClickable: false; enabled: true; password: false; scrollable: false; actions: [AccessibilityAction: ACTION_SELECT - null, AccessibilityAction: ACTION_CLEAR_SELECTION - null, AccessibilityAction: ACTION_ACCESSIBILITY_FOCUS - null, AccessibilityAction: ACTION_UNKNOWN - null]
07-29 15:39:44.067  3930  3930 W AccessibilityNodeInfoDumper: Fetch time: 6ms
07-29 15:39:44.068   599   739 W WindowManager: Attempted to remove non-existing token: android.os.Binder@44b8627
07-29 15:39:44.070  3930  3930 D AndroidRuntime: Shutting down VM
07-29 15:39:44.500  3948  3948 D AndroidRuntime: >>>>>> START com.android.internal.os.RuntimeInit uid 0 <<<<<<
07-29 15:39:44.501  3948  3948 D AndroidRuntime: CheckJNI is OFF
07-29 15:39:44.511  3948  3948 D ICU     : No timezone override file found: /data/misc/zoneinfo/current/icu/icu_tzdata.dat
07-29 15:39:44.522  3948  3948 E memtrack: Couldn't load memtrack module (No such file or directory)
07-29 15:39:44.522  3948  3948 E android.os.Debug: failed to load memtrack module: -2
07-29 15:39:44.523  3948  3948 I Radio-JNI: register_android_hardware_Radio DONE
07-29 15:39:44.529  3948  3948 D AndroidRuntime: Calling main entry com.android.commands.uiautomator.Launcher
07-29 15:39:45.548  3948  3948 I AccessibilityNodeInfoDumper: Skipping invisible child: android.view.accessibility.AccessibilityNodeInfo@8000b530; boundsInParent: Rect(0, 0 - 0, 128); boundsInScreen: Rect(1184, 48 - 1184, 176); packageName: com.zola.bmi; className: android.support.v7.widget.LinearLayoutCompat; text: null; error: null; maxTextLength: -1; contentDescription: null; viewIdResName: null; checkable: false; checked: false; focusable: false; focused: false; selected: false; clickable: false; longClickable: false; contextClickable: false; enabled: true; password: false; scrollable: false; actions: [AccessibilityAction: ACTION_SELECT - null, AccessibilityAction: ACTION_CLEAR_SELECTION - null, AccessibilityAction: ACTION_ACCESSIBILITY_FOCUS - null, AccessibilityAction: ACTION_UNKNOWN - null]
07-29 15:39:45.548  3948  3948 I AccessibilityNodeInfoDumper: Skipping invisible child: android.view.accessibility.AccessibilityNodeInfo@80008fa6; boundsInParent: Rect(0, 0 - 0, 54); boundsInScreen: Rect(72, 662 - 72, 716); packageName: com.zola.bmi; className: android.widget.TextView; text: null; error: null; maxTextLength: -1; contentDescription: null; viewIdResName: com.zola.bmi:id/resultLabel; checkable: false; checked: false; focusable: false; focused: false; selected: false; clickable: false; longClickable: false; contextClickable: false; enabled: true; password: false; scrollable: false; actions: [AccessibilityAction: ACTION_SELECT - null, AccessibilityAction: ACTION_CLEAR_SELECTION - null, AccessibilityAction: ACTION_ACCESSIBILITY_FOCUS - null, AccessibilityAction: ACTION_UNKNOWN - null]
07-29 15:39:45.549  3948  3948 W AccessibilityNodeInfoDumper: Fetch time: 6ms
07-29 15:39:45.549   599   610 W WindowManager: Attempted to remove non-existing token: android.os.Binder@3230d4
07-29 15:39:45.552  3948  3948 D AndroidRuntime: Shutting down VM
07-29 15:39:46.525  3971  3971 D AndroidRuntime: >>>>>> START com.android.internal.os.RuntimeInit uid 0 <<<<<<
07-29 15:39:46.527  3971  3971 D AndroidRuntime: CheckJNI is OFF
07-29 15:39:46.536  3971  3971 D ICU     : No timezone override file found: /data/misc/zoneinfo/current/icu/icu_tzdata.dat
07-29 15:39:46.548  3971  3971 E memtrack: Couldn't load memtrack module (No such file or directory)
07-29 15:39:46.549  3971  3971 E android.os.Debug: failed to load memtrack module: -2
07-29 15:39:46.549  3971  3971 I Radio-JNI: register_android_hardware_Radio DONE
07-29 15:39:46.554  3971  3971 D AndroidRuntime: Calling main entry com.android.commands.uiautomator.Launcher
07-29 15:39:47.578  3971  3971 I AccessibilityNodeInfoDumper: Skipping invisible child: android.view.accessibility.AccessibilityNodeInfo@8000b539; boundsInParent: Rect(0, 0 - 0, 128); boundsInScreen: Rect(1184, 48 - 1184, 176); packageName: com.zola.bmi; className: android.support.v7.widget.LinearLayoutCompat; text: null; error: null; maxTextLength: -1; contentDescription: null; viewIdResName: null; checkable: false; checked: false; focusable: false; focused: false; selected: false; clickable: false; longClickable: false; contextClickable: false; enabled: true; password: false; scrollable: false; actions: [AccessibilityAction: ACTION_SELECT - null, AccessibilityAction: ACTION_CLEAR_SELECTION - null, AccessibilityAction: ACTION_ACCESSIBILITY_FOCUS - null, AccessibilityAction: ACTION_UNKNOWN - null]
07-29 15:39:47.579  3971  3971 I AccessibilityNodeInfoDumper: Skipping invisible child: android.view.accessibility.AccessibilityNodeInfo@80008faf; boundsInParent: Rect(0, 0 - 0, 54); boundsInScreen: Rect(72, 662 - 72, 716); packageName: com.zola.bmi; className: android.widget.TextView; text: null; error: null; maxTextLength: -1; contentDescription: null; viewIdResName: com.zola.bmi:id/resultLabel; checkable: false; checked: false; focusable: false; focused: false; selected: false; clickable: false; longClickable: false; contextClickable: false; enabled: true; password: false; scrollable: false; actions: [AccessibilityAction: ACTION_SELECT - null, AccessibilityAction: ACTION_CLEAR_SELECTION - null, AccessibilityAction: ACTION_ACCESSIBILITY_FOCUS - null, AccessibilityAction: ACTION_UNKNOWN - null]
07-29 15:39:47.580  3971  3971 W AccessibilityNodeInfoDumper: Fetch time: 8ms
07-29 15:39:47.580   599   611 W WindowManager: Attempted to remove non-existing token: android.os.Binder@837927d
07-29 15:39:47.583  3971  3971 D AndroidRuntime: Shutting down VM
07-29 15:39:48.013  3989  3989 D AndroidRuntime: >>>>>> START com.android.internal.os.RuntimeInit uid 0 <<<<<<
07-29 15:39:48.015  3989  3989 D AndroidRuntime: CheckJNI is OFF
07-29 15:39:48.023  3989  3989 D ICU     : No timezone override file found: /data/misc/zoneinfo/current/icu/icu_tzdata.dat
07-29 15:39:48.033  3989  3989 E memtrack: Couldn't load memtrack module (No such file or directory)
07-29 15:39:48.033  3989  3989 E android.os.Debug: failed to load memtrack module: -2
07-29 15:39:48.034  3989  3989 I Radio-JNI: register_android_hardware_Radio DONE
07-29 15:39:48.040  3989  3989 D AndroidRuntime: Calling main entry com.android.commands.uiautomator.Launcher
07-29 15:39:49.062  3989  3989 I AccessibilityNodeInfoDumper: Skipping invisible child: android.view.accessibility.AccessibilityNodeInfo@8000b53f; boundsInParent: Rect(0, 0 - 0, 128); boundsInScreen: Rect(1184, 48 - 1184, 176); packageName: com.zola.bmi; className: android.support.v7.widget.LinearLayoutCompat; text: null; error: null; maxTextLength: -1; contentDescription: null; viewIdResName: null; checkable: false; checked: false; focusable: false; focused: false; selected: false; clickable: false; longClickable: false; contextClickable: false; enabled: true; password: false; scrollable: false; actions: [AccessibilityAction: ACTION_SELECT - null, AccessibilityAction: ACTION_CLEAR_SELECTION - null, AccessibilityAction: ACTION_ACCESSIBILITY_FOCUS - null, AccessibilityAction: ACTION_UNKNOWN - null]
07-29 15:39:49.063  3989  3989 I AccessibilityNodeInfoDumper: Skipping invisible child: android.view.accessibility.AccessibilityNodeInfo@80008fb5; boundsInParent: Rect(0, 0 - 0, 54); boundsInScreen: Rect(72, 662 - 72, 716); packageName: com.zola.bmi; className: android.widget.TextView; text: null; error: null; maxTextLength: -1; contentDescription: null; viewIdResName: com.zola.bmi:id/resultLabel; checkable: false; checked: false; focusable: false; focused: false; selected: false; clickable: false; longClickable: false; contextClickable: false; enabled: true; password: false; scrollable: false; actions: [AccessibilityAction: ACTION_SELECT - null, AccessibilityAction: ACTION_CLEAR_SELECTION - null, AccessibilityAction: ACTION_ACCESSIBILITY_FOCUS - null, AccessibilityAction: ACTION_UNKNOWN - null]
07-29 15:39:49.063  3989  3989 W AccessibilityNodeInfoDumper: Fetch time: 7ms
07-29 15:39:49.064   599   611 W WindowManager: Attempted to remove non-existing token: android.os.Binder@7f9a572
07-29 15:39:49.067  3989  3989 D AndroidRuntime: Shutting down VM
07-29 15:39:50.058  4012  4012 D AndroidRuntime: >>>>>> START com.android.internal.os.RuntimeInit uid 0 <<<<<<
07-29 15:39:50.060  4012  4012 D AndroidRuntime: CheckJNI is OFF
07-29 15:39:50.067  4012  4012 D ICU     : No timezone override file found: /data/misc/zoneinfo/current/icu/icu_tzdata.dat
07-29 15:39:50.079  4012  4012 E memtrack: Couldn't load memtrack module (No such file or directory)
07-29 15:39:50.079  4012  4012 E android.os.Debug: failed to load memtrack module: -2
07-29 15:39:50.079  4012  4012 I Radio-JNI: register_android_hardware_Radio DONE
07-29 15:39:50.085  4012  4012 D AndroidRuntime: Calling main entry com.android.commands.uiautomator.Launcher
07-29 15:39:51.108  4012  4012 I AccessibilityNodeInfoDumper: Skipping invisible child: android.view.accessibility.AccessibilityNodeInfo@8000b546; boundsInParent: Rect(0, 0 - 0, 128); boundsInScreen: Rect(1184, 48 - 1184, 176); packageName: com.zola.bmi; className: android.support.v7.widget.LinearLayoutCompat; text: null; error: null; maxTextLength: -1; contentDescription: null; viewIdResName: null; checkable: false; checked: false; focusable: false; focused: false; selected: false; clickable: false; longClickable: false; contextClickable: false; enabled: true; password: false; scrollable: false; actions: [AccessibilityAction: ACTION_SELECT - null, AccessibilityAction: ACTION_CLEAR_SELECTION - null, AccessibilityAction: ACTION_ACCESSIBILITY_FOCUS - null, AccessibilityAction: ACTION_UNKNOWN - null]
07-29 15:39:51.108  4012  4012 I AccessibilityNodeInfoDumper: Skipping invisible child: android.view.accessibility.AccessibilityNodeInfo@80008fbc; boundsInParent: Rect(0, 0 - 0, 54); boundsInScreen: Rect(72, 662 - 72, 716); packageName: com.zola.bmi; className: android.widget.TextView; text: null; error: null; maxTextLength: -1; contentDescription: null; viewIdResName: com.zola.bmi:id/resultLabel; checkable: false; checked: false; focusable: false; focused: false; selected: false; clickable: false; longClickable: false; contextClickable: false; enabled: true; password: false; scrollable: false; actions: [AccessibilityAction: ACTION_SELECT - null, AccessibilityAction: ACTION_CLEAR_SELECTION - null, AccessibilityAction: ACTION_ACCESSIBILITY_FOCUS - null, AccessibilityAction: ACTION_UNKNOWN - null]
07-29 15:39:51.108  4012  4012 W AccessibilityNodeInfoDumper: Fetch time: 6ms
07-29 15:39:51.108   599   611 W WindowManager: Attempted to remove non-existing token: android.os.Binder@de05dc3
07-29 15:39:51.111  4012  4012 D AndroidRuntime: Shutting down VM
07-29 15:39:51.517  4030  4030 D AndroidRuntime: >>>>>> START com.android.internal.os.RuntimeInit uid 0 <<<<<<
07-29 15:39:51.518  4030  4030 D AndroidRuntime: CheckJNI is OFF
07-29 15:39:51.526  4030  4030 D ICU     : No timezone override file found: /data/misc/zoneinfo/current/icu/icu_tzdata.dat
07-29 15:39:51.538  4030  4030 E memtrack: Couldn't load memtrack module (No such file or directory)
07-29 15:39:51.538  4030  4030 E android.os.Debug: failed to load memtrack module: -2
07-29 15:39:51.539  4030  4030 I Radio-JNI: register_android_hardware_Radio DONE
07-29 15:39:51.544  4030  4030 D AndroidRuntime: Calling main entry com.android.commands.uiautomator.Launcher
07-29 15:39:52.565  4030  4030 I AccessibilityNodeInfoDumper: Skipping invisible child: android.view.accessibility.AccessibilityNodeInfo@8000b54d; boundsInParent: Rect(0, 0 - 0, 128); boundsInScreen: Rect(1184, 48 - 1184, 176); packageName: com.zola.bmi; className: android.support.v7.widget.LinearLayoutCompat; text: null; error: null; maxTextLength: -1; contentDescription: null; viewIdResName: null; checkable: false; checked: false; focusable: false; focused: false; selected: false; clickable: false; longClickable: false; contextClickable: false; enabled: true; password: false; scrollable: false; actions: [AccessibilityAction: ACTION_SELECT - null, AccessibilityAction: ACTION_CLEAR_SELECTION - null, AccessibilityAction: ACTION_ACCESSIBILITY_FOCUS - null, AccessibilityAction: ACTION_UNKNOWN - null]
07-29 15:39:52.565  4030  4030 I AccessibilityNodeInfoDumper: Skipping invisible child: android.view.accessibility.AccessibilityNodeInfo@80008fc3; boundsInParent: Rect(0, 0 - 0, 54); boundsInScreen: Rect(72, 662 - 72, 716); packageName: com.zola.bmi; className: android.widget.TextView; text: null; error: null; maxTextLength: -1; contentDescription: null; viewIdResName: com.zola.bmi:id/resultLabel; checkable: false; checked: false; focusable: false; focused: false; selected: false; clickable: false; longClickable: false; contextClickable: false; enabled: true; password: false; scrollable: false; actions: [AccessibilityAction: ACTION_SELECT - null, AccessibilityAction: ACTION_CLEAR_SELECTION - null, AccessibilityAction: ACTION_ACCESSIBILITY_FOCUS - null, AccessibilityAction: ACTION_UNKNOWN - null]
07-29 15:39:52.566  4030  4030 W AccessibilityNodeInfoDumper: Fetch time: 7ms
07-29 15:39:52.567   599   738 W WindowManager: Attempted to remove non-existing token: android.os.Binder@8afd979
07-29 15:39:52.569  4030  4030 D AndroidRuntime: Shutting down VM
07-29 15:39:52.969  4043  4043 D AndroidRuntime: >>>>>> START com.android.internal.os.RuntimeInit uid 0 <<<<<<
07-29 15:39:52.970  4043  4043 D AndroidRuntime: CheckJNI is OFF
07-29 15:39:52.980  4043  4043 D ICU     : No timezone override file found: /data/misc/zoneinfo/current/icu/icu_tzdata.dat
07-29 15:39:52.993  4043  4043 E memtrack: Couldn't load memtrack module (No such file or directory)
07-29 15:39:52.993  4043  4043 E android.os.Debug: failed to load memtrack module: -2
07-29 15:39:52.994  4043  4043 I Radio-JNI: register_android_hardware_Radio DONE
07-29 15:39:53.000  4043  4043 D AndroidRuntime: Calling main entry com.android.commands.input.Input
07-29 15:39:53.001  4043  4043 I Input   : injectMotionEvent: MotionEvent { action=ACTION_DOWN, actionButton=0, id[0]=0, x[0]=1027.0, y[0]=320.0, toolType[0]=TOOL_TYPE_UNKNOWN, buttonState=0, metaState=0, flags=0x0, edgeFlags=0x0, pointerCount=1, historySize=0, eventTime=132051, downTime=132051, deviceId=0, source=0x1002 }
07-29 15:39:53.004  4043  4043 I Input   : injectMotionEvent: MotionEvent { action=ACTION_UP, actionButton=0, id[0]=0, x[0]=1027.0, y[0]=320.0, toolType[0]=TOOL_TYPE_UNKNOWN, buttonState=0, metaState=0, flags=0x0, edgeFlags=0x0, pointerCount=1, historySize=0, eventTime=132051, downTime=132051, deviceId=0, source=0x1002 }
07-29 15:39:53.008  4043  4043 D AndroidRuntime: Shutting down VM
07-29 15:39:53.008   810   810 I LatinIME: Starting input. Cursor position = 6,6
07-29 15:39:53.060  1641  1655 W EGL_emulation: eglSurfaceAttrib not implemented
07-29 15:39:53.060  1641  1655 W OpenGLRenderer: Failed to set EGL_SWAP_BEHAVIOR on surface 0xe9bd37e0, error=EGL_SUCCESS
07-29 15:39:53.099   810  1669 W EGL_emulation: eglSurfaceAttrib not implemented
07-29 15:39:53.099   810  1669 W OpenGLRenderer: Failed to set EGL_SWAP_BEHAVIOR on surface 0xdf8ff340, error=EGL_SUCCESS
07-29 15:39:53.408  4054  4054 D AndroidRuntime: >>>>>> START com.android.internal.os.RuntimeInit uid 0 <<<<<<
07-29 15:39:53.410  4054  4054 D AndroidRuntime: CheckJNI is OFF
07-29 15:39:53.421  4054  4054 D ICU     : No timezone override file found: /data/misc/zoneinfo/current/icu/icu_tzdata.dat
07-29 15:39:53.432  4054  4054 E memtrack: Couldn't load memtrack module (No such file or directory)
07-29 15:39:53.432  4054  4054 E android.os.Debug: failed to load memtrack module: -2
07-29 15:39:53.433  4054  4054 I Radio-JNI: register_android_hardware_Radio DONE
07-29 15:39:53.439  4054  4054 D AndroidRuntime: Calling main entry com.android.commands.input.Input
07-29 15:39:53.439  4054  4054 I Input   : injectKeyEvent: KeyEvent { action=ACTION_DOWN, keyCode=KEYCODE_ESCAPE, scanCode=0, metaState=0, flags=0x0, repeatCount=0, eventTime=132489, downTime=132489, deviceId=-1, source=0x101 }
07-29 15:39:53.442  4054  4054 I Input   : injectKeyEvent: KeyEvent { action=ACTION_UP, keyCode=KEYCODE_ESCAPE, scanCode=0, metaState=0, flags=0x0, repeatCount=0, eventTime=132489, downTime=132489, deviceId=-1, source=0x101 }
07-29 15:39:53.445  4054  4054 D AndroidRuntime: Shutting down VM
07-29 15:39:53.454   810  1669 E Surface : getSlotFromBufferLocked: unknown buffer: 0xf3dd4e60
07-29 15:39:54.385  4068  4068 D AndroidRuntime: >>>>>> START com.android.internal.os.RuntimeInit uid 0 <<<<<<
07-29 15:39:54.386  4068  4068 D AndroidRuntime: CheckJNI is OFF
07-29 15:39:54.394  4068  4068 D ICU     : No timezone override file found: /data/misc/zoneinfo/current/icu/icu_tzdata.dat
07-29 15:39:54.406  4068  4068 E memtrack: Couldn't load memtrack module (No such file or directory)
07-29 15:39:54.406  4068  4068 E android.os.Debug: failed to load memtrack module: -2
07-29 15:39:54.406  4068  4068 I Radio-JNI: register_android_hardware_Radio DONE
07-29 15:39:54.412  4068  4068 D AndroidRuntime: Calling main entry com.android.commands.input.Input
07-29 15:39:54.412  4068  4068 I Input   : injectKeyEvent: KeyEvent { action=ACTION_DOWN, keyCode=KEYCODE_MOVE_END, scanCode=0, metaState=0, flags=0x0, repeatCount=0, eventTime=133462, downTime=133462, deviceId=-1, source=0x101 }
07-29 15:39:54.416  1641  1655 E Surface : getSlotFromBufferLocked: unknown buffer: 0xf2c70e60
07-29 15:39:54.418  4068  4068 I Input   : injectKeyEvent: KeyEvent { action=ACTION_UP, keyCode=KEYCODE_MOVE_END, scanCode=0, metaState=0, flags=0x0, repeatCount=0, eventTime=133462, downTime=133462, deviceId=-1, source=0x101 }
07-29 15:39:54.419  4068  4068 D AndroidRuntime: Shutting down VM
07-29 15:39:54.771  4077  4077 D AndroidRuntime: >>>>>> START com.android.internal.os.RuntimeInit uid 0 <<<<<<
07-29 15:39:54.771  4077  4077 D AndroidRuntime: CheckJNI is OFF
07-29 15:39:54.781  4077  4077 D ICU     : No timezone override file found: /data/misc/zoneinfo/current/icu/icu_tzdata.dat
07-29 15:39:54.792  4077  4077 E memtrack: Couldn't load memtrack module (No such file or directory)
07-29 15:39:54.792  4077  4077 E android.os.Debug: failed to load memtrack module: -2
07-29 15:39:54.796  4077  4077 I Radio-JNI: register_android_hardware_Radio DONE
07-29 15:39:54.803  4077  4077 D AndroidRuntime: Calling main entry com.android.commands.input.Input
07-29 15:39:54.804  4077  4077 I Input   : injectKeyEvent: KeyEvent { action=ACTION_DOWN, keyCode=KEYCODE_DEL, scanCode=0, metaState=0, flags=0x0, repeatCount=0, eventTime=133854, downTime=133854, deviceId=-1, source=0x101 }
07-29 15:39:54.813  4077  4077 I Input   : injectKeyEvent: KeyEvent { action=ACTION_UP, keyCode=KEYCODE_DEL, scanCode=0, metaState=0, flags=0x0, repeatCount=0, eventTime=133854, downTime=133854, deviceId=-1, source=0x101 }
07-29 15:39:54.813  4077  4077 I Input   : injectKeyEvent: KeyEvent { action=ACTION_DOWN, keyCode=KEYCODE_DEL, scanCode=0, metaState=0, flags=0x0, repeatCount=0, eventTime=133864, downTime=133864, deviceId=-1, source=0x101 }
07-29 15:39:54.814  4077  4077 I Input   : injectKeyEvent: KeyEvent { action=ACTION_UP, keyCode=KEYCODE_DEL, scanCode=0, metaState=0, flags=0x0, repeatCount=0, eventTime=133864, downTime=133864, deviceId=-1, source=0x101 }
07-29 15:39:54.815  4077  4077 I Input   : injectKeyEvent: KeyEvent { action=ACTION_DOWN, keyCode=KEYCODE_DEL, scanCode=0, metaState=0, flags=0x0, repeatCount=0, eventTime=133865, downTime=133865, deviceId=-1, source=0x101 }
07-29 15:39:54.816  4077  4077 I Input   : injectKeyEvent: KeyEvent { action=ACTION_UP, keyCode=KEYCODE_DEL, scanCode=0, metaState=0, flags=0x0, repeatCount=0, eventTime=133865, downTime=133865, deviceId=-1, source=0x101 }
07-29 15:39:54.818  4077  4077 I Input   : injectKeyEvent: KeyEvent { action=ACTION_DOWN, keyCode=KEYCODE_DEL, scanCode=0, metaState=0, flags=0x0, repeatCount=0, eventTime=133868, downTime=133868, deviceId=-1, source=0x101 }
07-29 15:39:54.819  4077  4077 I Input   : injectKeyEvent: KeyEvent { action=ACTION_UP, keyCode=KEYCODE_DEL, scanCode=0, metaState=0, flags=0x0, repeatCount=0, eventTime=133868, downTime=133868, deviceId=-1, source=0x101 }
07-29 15:39:54.821  4077  4077 I Input   : injectKeyEvent: KeyEvent { action=ACTION_DOWN, keyCode=KEYCODE_DEL, scanCode=0, metaState=0, flags=0x0, repeatCount=0, eventTime=133871, downTime=133871, deviceId=-1, source=0x101 }
07-29 15:39:54.822  4077  4077 I Input   : injectKeyEvent: KeyEvent { action=ACTION_UP, keyCode=KEYCODE_DEL, scanCode=0, metaState=0, flags=0x0, repeatCount=0, eventTime=133871, downTime=133871, deviceId=-1, source=0x101 }
07-29 15:39:54.822  4077  4077 I Input   : injectKeyEvent: KeyEvent { action=ACTION_DOWN, keyCode=KEYCODE_DEL, scanCode=0, metaState=0, flags=0x0, repeatCount=0, eventTime=133873, downTime=133873, deviceId=-1, source=0x101 }
07-29 15:39:54.823  4077  4077 I Input   : injectKeyEvent: KeyEvent { action=ACTION_UP, keyCode=KEYCODE_DEL, scanCode=0, metaState=0, flags=0x0, repeatCount=0, eventTime=133873, downTime=133873, deviceId=-1, source=0x101 }
07-29 15:39:54.824  4077  4077 I Input   : injectKeyEvent: KeyEvent { action=ACTION_DOWN, keyCode=KEYCODE_DEL, scanCode=0, metaState=0, flags=0x0, repeatCount=0, eventTime=133875, downTime=133875, deviceId=-1, source=0x101 }
07-29 15:39:54.825  4077  4077 I Input   : injectKeyEvent: KeyEvent { action=ACTION_UP, keyCode=KEYCODE_DEL, scanCode=0, metaState=0, flags=0x0, repeatCount=0, eventTime=133875, downTime=133875, deviceId=-1, source=0x101 }
07-29 15:39:54.826  4077  4077 I Input   : injectKeyEvent: KeyEvent { action=ACTION_DOWN, keyCode=KEYCODE_DEL, scanCode=0, metaState=0, flags=0x0, repeatCount=0, eventTime=133877, downTime=133877, deviceId=-1, source=0x101 }
07-29 15:39:54.827  4077  4077 I Input   : injectKeyEvent: KeyEvent { action=ACTION_UP, keyCode=KEYCODE_DEL, scanCode=0, metaState=0, flags=0x0, repeatCount=0, eventTime=133877, downTime=133877, deviceId=-1, source=0x101 }
07-29 15:39:54.827  4077  4077 I Input   : injectKeyEvent: KeyEvent { action=ACTION_DOWN, keyCode=KEYCODE_DEL, scanCode=0, metaState=0, flags=0x0, repeatCount=0, eventTime=133878, downTime=133878, deviceId=-1, source=0x101 }
07-29 15:39:54.828  4077  4077 I Input   : injectKeyEvent: KeyEvent { action=ACTION_UP, keyCode=KEYCODE_DEL, scanCode=0, metaState=0, flags=0x0, repeatCount=0, eventTime=133878, downTime=133878, deviceId=-1, source=0x101 }
07-29 15:39:54.829  4077  4077 I Input   : injectKeyEvent: KeyEvent { action=ACTION_DOWN, keyCode=KEYCODE_DEL, scanCode=0, metaState=0, flags=0x0, repeatCount=0, eventTime=133879, downTime=133879, deviceId=-1, source=0x101 }
07-29 15:39:54.830  4077  4077 I Input   : injectKeyEvent: KeyEvent { action=ACTION_UP, keyCode=KEYCODE_DEL, scanCode=0, metaState=0, flags=0x0, repeatCount=0, eventTime=133879, downTime=133879, deviceId=-1, source=0x101 }
07-29 15:39:54.830  4077  4077 I Input   : injectKeyEvent: KeyEvent { action=ACTION_DOWN, keyCode=KEYCODE_DEL, scanCode=0, metaState=0, flags=0x0, repeatCount=0, eventTime=133881, downTime=133881, deviceId=-1, source=0x101 }
07-29 15:39:54.831  4077  4077 I Input   : injectKeyEvent: KeyEvent { action=ACTION_UP, keyCode=KEYCODE_DEL, scanCode=0, metaState=0, flags=0x0, repeatCount=0, eventTime=133881, downTime=133881, deviceId=-1, source=0x101 }
07-29 15:39:54.832  4077  4077 I Input   : injectKeyEvent: KeyEvent { action=ACTION_DOWN, keyCode=KEYCODE_DEL, scanCode=0, metaState=0, flags=0x0, repeatCount=0, eventTime=133882, downTime=133882, deviceId=-1, source=0x101 }
07-29 15:39:54.832  4077  4077 I Input   : injectKeyEvent: KeyEvent { action=ACTION_UP, keyCode=KEYCODE_DEL, scanCode=0, metaState=0, flags=0x0, repeatCount=0, eventTime=133882, downTime=133882, deviceId=-1, source=0x101 }
07-29 15:39:54.835  4077  4077 I Input   : injectKeyEvent: KeyEvent { action=ACTION_DOWN, keyCode=KEYCODE_DEL, scanCode=0, metaState=0, flags=0x0, repeatCount=0, eventTime=133886, downTime=133886, deviceId=-1, source=0x101 }
07-29 15:39:54.837  4077  4077 I Input   : injectKeyEvent: KeyEvent { action=ACTION_UP, keyCode=KEYCODE_DEL, scanCode=0, metaState=0, flags=0x0, repeatCount=0, eventTime=133886, downTime=133886, deviceId=-1, source=0x101 }
07-29 15:39:54.837  4077  4077 I Input   : injectKeyEvent: KeyEvent { action=ACTION_DOWN, keyCode=KEYCODE_DEL, scanCode=0, metaState=0, flags=0x0, repeatCount=0, eventTime=133888, downTime=133888, deviceId=-1, source=0x101 }
07-29 15:39:54.838  4077  4077 I Input   : injectKeyEvent: KeyEvent { action=ACTION_UP, keyCode=KEYCODE_DEL, scanCode=0, metaState=0, flags=0x0, repeatCount=0, eventTime=133888, downTime=133888, deviceId=-1, source=0x101 }
07-29 15:39:54.839  4077  4077 I Input   : injectKeyEvent: KeyEvent { action=ACTION_DOWN, keyCode=KEYCODE_DEL, scanCode=0, metaState=0, flags=0x0, repeatCount=0, eventTime=133889, downTime=133889, deviceId=-1, source=0x101 }
07-29 15:39:54.840  4077  4077 I Input   : injectKeyEvent: KeyEvent { action=ACTION_UP, keyCode=KEYCODE_DEL, scanCode=0, metaState=0, flags=0x0, repeatCount=0, eventTime=133889, downTime=133889, deviceId=-1, source=0x101 }
07-29 15:39:54.841  4077  4077 I Input   : injectKeyEvent: KeyEvent { action=ACTION_DOWN, keyCode=KEYCODE_DEL, scanCode=0, metaState=0, flags=0x0, repeatCount=0, eventTime=133892, downTime=133892, deviceId=-1, source=0x101 }
07-29 15:39:54.842  4077  4077 I Input   : injectKeyEvent: KeyEvent { action=ACTION_UP, keyCode=KEYCODE_DEL, scanCode=0, metaState=0, flags=0x0, repeatCount=0, eventTime=133892, downTime=133892, deviceId=-1, source=0x101 }
07-29 15:39:54.843  4077  4077 I Input   : injectKeyEvent: KeyEvent { action=ACTION_DOWN, keyCode=KEYCODE_DEL, scanCode=0, metaState=0, flags=0x0, repeatCount=0, eventTime=133894, downTime=133894, deviceId=-1, source=0x101 }
07-29 15:39:54.845  4077  4077 I Input   : injectKeyEvent: KeyEvent { action=ACTION_UP, keyCode=KEYCODE_DEL, scanCode=0, metaState=0, flags=0x0, repeatCount=0, eventTime=133894, downTime=133894, deviceId=-1, source=0x101 }
07-29 15:39:54.846  4077  4077 I Input   : injectKeyEvent: KeyEvent { action=ACTION_DOWN, keyCode=KEYCODE_DEL, scanCode=0, metaState=0, flags=0x0, repeatCount=0, eventTime=133896, downTime=133896, deviceId=-1, source=0x101 }
07-29 15:39:54.846  4077  4077 I Input   : injectKeyEvent: KeyEvent { action=ACTION_UP, keyCode=KEYCODE_DEL, scanCode=0, metaState=0, flags=0x0, repeatCount=0, eventTime=133896, downTime=133896, deviceId=-1, source=0x101 }
07-29 15:39:54.847  4077  4077 I Input   : injectKeyEvent: KeyEvent { action=ACTION_DOWN, keyCode=KEYCODE_DEL, scanCode=0, metaState=0, flags=0x0, repeatCount=0, eventTime=133897, downTime=133897, deviceId=-1, source=0x101 }
07-29 15:39:54.848  4077  4077 I Input   : injectKeyEvent: KeyEvent { action=ACTION_UP, keyCode=KEYCODE_DEL, scanCode=0, metaState=0, flags=0x0, repeatCount=0, eventTime=133897, downTime=133897, deviceId=-1, source=0x101 }
07-29 15:39:54.848  4077  4077 I Input   : injectKeyEvent: KeyEvent { action=ACTION_DOWN, keyCode=KEYCODE_DEL, scanCode=0, metaState=0, flags=0x0, repeatCount=0, eventTime=133899, downTime=133899, deviceId=-1, source=0x101 }
07-29 15:39:54.849  4077  4077 I Input   : injectKeyEvent: KeyEvent { action=ACTION_UP, keyCode=KEYCODE_DEL, scanCode=0, metaState=0, flags=0x0, repeatCount=0, eventTime=133899, downTime=133899, deviceId=-1, source=0x101 }
07-29 15:39:54.850  4077  4077 I Input   : injectKeyEvent: KeyEvent { action=ACTION_DOWN, keyCode=KEYCODE_DEL, scanCode=0, metaState=0, flags=0x0, repeatCount=0, eventTime=133901, downTime=133901, deviceId=-1, source=0x101 }
07-29 15:39:54.852  4077  4077 I Input   : injectKeyEvent: KeyEvent { action=ACTION_UP, keyCode=KEYCODE_DEL, scanCode=0, metaState=0, flags=0x0, repeatCount=0, eventTime=133901, downTime=133901, deviceId=-1, source=0x101 }
07-29 15:39:54.852  4077  4077 I Input   : injectKeyEvent: KeyEvent { action=ACTION_DOWN, keyCode=KEYCODE_DEL, scanCode=0, metaState=0, flags=0x0, repeatCount=0, eventTime=133903, downTime=133903, deviceId=-1, source=0x101 }
07-29 15:39:54.853  4077  4077 I Input   : injectKeyEvent: KeyEvent { action=ACTION_UP, keyCode=KEYCODE_DEL, scanCode=0, metaState=0, flags=0x0, repeatCount=0, eventTime=133903, downTime=133903, deviceId=-1, source=0x101 }
07-29 15:39:54.854  4077  4077 I Input   : injectKeyEvent: KeyEvent { action=ACTION_DOWN, keyCode=KEYCODE_DEL, scanCode=0, metaState=0, flags=0x0, repeatCount=0, eventTime=133904, downTime=133904, deviceId=-1, source=0x101 }
07-29 15:39:54.860  4077  4077 I Input   : injectKeyEvent: KeyEvent { action=ACTION_UP, keyCode=KEYCODE_DEL, scanCode=0, metaState=0, flags=0x0, repeatCount=0, eventTime=133904, downTime=133904, deviceId=-1, source=0x101 }
07-29 15:39:54.861  4077  4077 I Input   : injectKeyEvent: KeyEvent { action=ACTION_DOWN, keyCode=KEYCODE_DEL, scanCode=0, metaState=0, flags=0x0, repeatCount=0, eventTime=133911, downTime=133911, deviceId=-1, source=0x101 }
07-29 15:39:54.861  4077  4077 I Input   : injectKeyEvent: KeyEvent { action=ACTION_UP, keyCode=KEYCODE_DEL, scanCode=0, metaState=0, flags=0x0, repeatCount=0, eventTime=133911, downTime=133911, deviceId=-1, source=0x101 }
07-29 15:39:54.862  4077  4077 I Input   : injectKeyEvent: KeyEvent { action=ACTION_DOWN, keyCode=KEYCODE_DEL, scanCode=0, metaState=0, flags=0x0, repeatCount=0, eventTime=133912, downTime=133912, deviceId=-1, source=0x101 }
07-29 15:39:54.862  4077  4077 I Input   : injectKeyEvent: KeyEvent { action=ACTION_UP, keyCode=KEYCODE_DEL, scanCode=0, metaState=0, flags=0x0, repeatCount=0, eventTime=133912, downTime=133912, deviceId=-1, source=0x101 }
07-29 15:39:54.863  4077  4077 I Input   : injectKeyEvent: KeyEvent { action=ACTION_DOWN, keyCode=KEYCODE_DEL, scanCode=0, metaState=0, flags=0x0, repeatCount=0, eventTime=133913, downTime=133913, deviceId=-1, source=0x101 }
07-29 15:39:54.863  4077  4077 I Input   : injectKeyEvent: KeyEvent { action=ACTION_UP, keyCode=KEYCODE_DEL, scanCode=0, metaState=0, flags=0x0, repeatCount=0, eventTime=133913, downTime=133913, deviceId=-1, source=0x101 }
07-29 15:39:54.864  4077  4077 I Input   : injectKeyEvent: KeyEvent { action=ACTION_DOWN, keyCode=KEYCODE_DEL, scanCode=0, metaState=0, flags=0x0, repeatCount=0, eventTime=133914, downTime=133914, deviceId=-1, source=0x101 }
07-29 15:39:54.865  4077  4077 I Input   : injectKeyEvent: KeyEvent { action=ACTION_UP, keyCode=KEYCODE_DEL, scanCode=0, metaState=0, flags=0x0, repeatCount=0, eventTime=133914, downTime=133914, deviceId=-1, source=0x101 }
07-29 15:39:54.865  4077  4077 I Input   : injectKeyEvent: KeyEvent { action=ACTION_DOWN, keyCode=KEYCODE_DEL, scanCode=0, metaState=0, flags=0x0, repeatCount=0, eventTime=133916, downTime=133916, deviceId=-1, source=0x101 }
07-29 15:39:54.866  4077  4077 I Input   : injectKeyEvent: KeyEvent { action=ACTION_UP, keyCode=KEYCODE_DEL, scanCode=0, metaState=0, flags=0x0, repeatCount=0, eventTime=133916, downTime=133916, deviceId=-1, source=0x101 }
07-29 15:39:54.867  4077  4077 I Input   : injectKeyEvent: KeyEvent { action=ACTION_DOWN, keyCode=KEYCODE_DEL, scanCode=0, metaState=0, flags=0x0, repeatCount=0, eventTime=133917, downTime=133917, deviceId=-1, source=0x101 }
07-29 15:39:54.867  4077  4077 I Input   : injectKeyEvent: KeyEvent { action=ACTION_UP, keyCode=KEYCODE_DEL, scanCode=0, metaState=0, flags=0x0, repeatCount=0, eventTime=133917, downTime=133917, deviceId=-1, source=0x101 }
07-29 15:39:54.868  4077  4077 I Input   : injectKeyEvent: KeyEvent { action=ACTION_DOWN, keyCode=KEYCODE_DEL, scanCode=0, metaState=0, flags=0x0, repeatCount=0, eventTime=133919, downTime=133919, deviceId=-1, source=0x101 }
07-29 15:39:54.869  4077  4077 I Input   : injectKeyEvent: KeyEvent { action=ACTION_UP, keyCode=KEYCODE_DEL, scanCode=0, metaState=0, flags=0x0, repeatCount=0, eventTime=133919, downTime=133919, deviceId=-1, source=0x101 }
07-29 15:39:54.869  4077  4077 I Input   : injectKeyEvent: KeyEvent { action=ACTION_DOWN, keyCode=KEYCODE_DEL, scanCode=0, metaState=0, flags=0x0, repeatCount=0, eventTime=133920, downTime=133920, deviceId=-1, source=0x101 }
07-29 15:39:54.870  4077  4077 I Input   : injectKeyEvent: KeyEvent { action=ACTION_UP, keyCode=KEYCODE_DEL, scanCode=0, metaState=0, flags=0x0, repeatCount=0, eventTime=133920, downTime=133920, deviceId=-1, source=0x101 }
07-29 15:39:54.871  4077  4077 I Input   : injectKeyEvent: KeyEvent { action=ACTION_DOWN, keyCode=KEYCODE_DEL, scanCode=0, metaState=0, flags=0x0, repeatCount=0, eventTime=133921, downTime=133921, deviceId=-1, source=0x101 }
07-29 15:39:54.871  4077  4077 I Input   : injectKeyEvent: KeyEvent { action=ACTION_UP, keyCode=KEYCODE_DEL, scanCode=0, metaState=0, flags=0x0, repeatCount=0, eventTime=133921, downTime=133921, deviceId=-1, source=0x101 }
07-29 15:39:54.872  4077  4077 I Input   : injectKeyEvent: KeyEvent { action=ACTION_DOWN, keyCode=KEYCODE_DEL, scanCode=0, metaState=0, flags=0x0, repeatCount=0, eventTime=133922, downTime=133922, deviceId=-1, source=0x101 }
07-29 15:39:54.872  4077  4077 I Input   : injectKeyEvent: KeyEvent { action=ACTION_UP, keyCode=KEYCODE_DEL, scanCode=0, metaState=0, flags=0x0, repeatCount=0, eventTime=133922, downTime=133922, deviceId=-1, source=0x101 }
07-29 15:39:54.873  4077  4077 I Input   : injectKeyEvent: KeyEvent { action=ACTION_DOWN, keyCode=KEYCODE_DEL, scanCode=0, metaState=0, flags=0x0, repeatCount=0, eventTime=133923, downTime=133923, deviceId=-1, source=0x101 }
07-29 15:39:54.873  4077  4077 I Input   : injectKeyEvent: KeyEvent { action=ACTION_UP, keyCode=KEYCODE_DEL, scanCode=0, metaState=0, flags=0x0, repeatCount=0, eventTime=133923, downTime=133923, deviceId=-1, source=0x101 }
07-29 15:39:54.874  4077  4077 I Input   : injectKeyEvent: KeyEvent { action=ACTION_DOWN, keyCode=KEYCODE_DEL, scanCode=0, metaState=0, flags=0x0, repeatCount=0, eventTime=133925, downTime=133925, deviceId=-1, source=0x101 }
07-29 15:39:54.875  4077  4077 I Input   : injectKeyEvent: KeyEvent { action=ACTION_UP, keyCode=KEYCODE_DEL, scanCode=0, metaState=0, flags=0x0, repeatCount=0, eventTime=133925, downTime=133925, deviceId=-1, source=0x101 }
07-29 15:39:54.875  4077  4077 I Input   : injectKeyEvent: KeyEvent { action=ACTION_DOWN, keyCode=KEYCODE_DEL, scanCode=0, metaState=0, flags=0x0, repeatCount=0, eventTime=133926, downTime=133926, deviceId=-1, source=0x101 }
07-29 15:39:54.876  4077  4077 I Input   : injectKeyEvent: KeyEvent { action=ACTION_UP, keyCode=KEYCODE_DEL, scanCode=0, metaState=0, flags=0x0, repeatCount=0, eventTime=133926, downTime=133926, deviceId=-1, source=0x101 }
07-29 15:39:54.877  4077  4077 I Input   : injectKeyEvent: KeyEvent { action=ACTION_DOWN, keyCode=KEYCODE_DEL, scanCode=0, metaState=0, flags=0x0, repeatCount=0, eventTime=133927, downTime=133927, deviceId=-1, source=0x101 }
07-29 15:39:54.877  4077  4077 I Input   : injectKeyEvent: KeyEvent { action=ACTION_UP, keyCode=KEYCODE_DEL, scanCode=0, metaState=0, flags=0x0, repeatCount=0, eventTime=133927, downTime=133927, deviceId=-1, source=0x101 }
07-29 15:39:54.878  4077  4077 I Input   : injectKeyEvent: KeyEvent { action=ACTION_DOWN, keyCode=KEYCODE_DEL, scanCode=0, metaState=0, flags=0x0, repeatCount=0, eventTime=133928, downTime=133928, deviceId=-1, source=0x101 }
07-29 15:39:54.879  4077  4077 I Input   : injectKeyEvent: KeyEvent { action=ACTION_UP, keyCode=KEYCODE_DEL, scanCode=0, metaState=0, flags=0x0, repeatCount=0, eventTime=133928, downTime=133928, deviceId=-1, source=0x101 }
07-29 15:39:54.879  4077  4077 I Input   : injectKeyEvent: KeyEvent { action=ACTION_DOWN, keyCode=KEYCODE_DEL, scanCode=0, metaState=0, flags=0x0, repeatCount=0, eventTime=133930, downTime=133930, deviceId=-1, source=0x101 }
07-29 15:39:54.880  4077  4077 I Input   : injectKeyEvent: KeyEvent { action=ACTION_UP, keyCode=KEYCODE_DEL, scanCode=0, metaState=0, flags=0x0, repeatCount=0, eventTime=133930, downTime=133930, deviceId=-1, source=0x101 }
07-29 15:39:54.880  4077  4077 I Input   : injectKeyEvent: KeyEvent { action=ACTION_DOWN, keyCode=KEYCODE_DEL, scanCode=0, metaState=0, flags=0x0, repeatCount=0, eventTime=133931, downTime=133931, deviceId=-1, source=0x101 }
07-29 15:39:54.881  4077  4077 I Input   : injectKeyEvent: KeyEvent { action=ACTION_UP, keyCode=KEYCODE_DEL, scanCode=0, metaState=0, flags=0x0, repeatCount=0, eventTime=133931, downTime=133931, deviceId=-1, source=0x101 }
07-29 15:39:54.882  4077  4077 I Input   : injectKeyEvent: KeyEvent { action=ACTION_DOWN, keyCode=KEYCODE_DEL, scanCode=0, metaState=0, flags=0x0, repeatCount=0, eventTime=133932, downTime=133932, deviceId=-1, source=0x101 }
07-29 15:39:54.882  4077  4077 I Input   : injectKeyEvent: KeyEvent { action=ACTION_UP, keyCode=KEYCODE_DEL, scanCode=0, metaState=0, flags=0x0, repeatCount=0, eventTime=133932, downTime=133932, deviceId=-1, source=0x101 }
07-29 15:39:54.883  4077  4077 I Input   : injectKeyEvent: KeyEvent { action=ACTION_DOWN, keyCode=KEYCODE_DEL, scanCode=0, metaState=0, flags=0x0, repeatCount=0, eventTime=133933, downTime=133933, deviceId=-1, source=0x101 }
07-29 15:39:54.884  4077  4077 I Input   : injectKeyEvent: KeyEvent { action=ACTION_UP, keyCode=KEYCODE_DEL, scanCode=0, metaState=0, flags=0x0, repeatCount=0, eventTime=133933, downTime=133933, deviceId=-1, source=0x101 }
07-29 15:39:54.884  4077  4077 I Input   : injectKeyEvent: KeyEvent { action=ACTION_DOWN, keyCode=KEYCODE_DEL, scanCode=0, metaState=0, flags=0x0, repeatCount=0, eventTime=133935, downTime=133935, deviceId=-1, source=0x101 }
07-29 15:39:54.885  4077  4077 I Input   : injectKeyEvent: KeyEvent { action=ACTION_UP, keyCode=KEYCODE_DEL, scanCode=0, metaState=0, flags=0x0, repeatCount=0, eventTime=133935, downTime=133935, deviceId=-1, source=0x101 }
07-29 15:39:54.886  4077  4077 I Input   : injectKeyEvent: KeyEvent { action=ACTION_DOWN, keyCode=KEYCODE_DEL, scanCode=0, metaState=0, flags=0x0, repeatCount=0, eventTime=133936, downTime=133936, deviceId=-1, source=0x101 }
07-29 15:39:54.886  4077  4077 I Input   : injectKeyEvent: KeyEvent { action=ACTION_UP, keyCode=KEYCODE_DEL, scanCode=0, metaState=0, flags=0x0, repeatCount=0, eventTime=133936, downTime=133936, deviceId=-1, source=0x101 }
07-29 15:39:54.887  4077  4077 I Input   : injectKeyEvent: KeyEvent { action=ACTION_DOWN, keyCode=KEYCODE_DEL, scanCode=0, metaState=0, flags=0x0, repeatCount=0, eventTime=133937, downTime=133937, deviceId=-1, source=0x101 }
