07-29 16:46:38.491  2846  2846 I Input   : injectMotionEvent: MotionEvent { action=ACTION_MOVE, actionButton=0, id[0]=0, x[0]=1136.0, y[0]=112.0, toolType[0]=TOOL_TYPE_UNKNOWN, buttonState=0, metaState=0, flags=0x0, edgeFlags=0x0, pointerCount=1, historySize=0, eventTime=201343, downTime=201343, deviceId=0, source=0x1002 }
07-29 16:46:38.502  2846  2846 I Input   : injectMotionEvent: MotionEvent { action=ACTION_MOVE, actionButton=0, id[0]=0, x[0]=1136.0, y[0]=112.0, toolType[0]=TOOL_TYPE_UNKNOWN, buttonState=0, metaState=0, flags=0x0, edgeFlags=0x0, pointerCount=1, historySize=0, eventTime=201354, downTime=201354, deviceId=0, source=0x1002 }
07-29 16:46:38.515  2846  2846 I Input   : injectMotionEvent: MotionEvent { action=ACTION_MOVE, actionButton=0, id[0]=0, x[0]=1136.0, y[0]=112.0, toolType[0]=TOOL_TYPE_UNKNOWN, buttonState=0, metaState=0, flags=0x0, edgeFlags=0x0, pointerCount=1, historySize=0, eventTime=201367, downTime=201367, deviceId=0, source=0x1002 }
07-29 16:46:38.532  2846  2846 I Input   : injectMotionEvent: MotionEvent { action=ACTION_MOVE, actionButton=0, id[0]=0, x[0]=1136.0, y[0]=112.0, toolType[0]=TOOL_TYPE_UNKNOWN, buttonState=0, metaState=0, flags=0x0, edgeFlags=0x0, pointerCount=1, historySize=0, eventTime=201384, downTime=201384, deviceId=0, source=0x1002 }
07-29 16:46:38.550  2846  2846 I Input   : injectMotionEvent: MotionEvent { action=ACTION_MOVE, actionButton=0, id[0]=0, x[0]=1136.0, y[0]=112.0, toolType[0]=TOOL_TYPE_UNKNOWN, buttonState=0, metaState=0, flags=0x0, edgeFlags=0x0, pointerCount=1, historySize=0, eventTime=201402, downTime=201402, deviceId=0, source=0x1002 }
07-29 16:46:38.566  2846  2846 I Input   : injectMotionEvent: MotionEvent { action=ACTION_MOVE, actionButton=0, id[0]=0, x[0]=1136.0, y[0]=112.0, toolType[0]=TOOL_TYPE_UNKNOWN, buttonState=0, metaState=0, flags=0x0, edgeFlags=0x0, pointerCount=1, historySize=0, eventTime=201418, downTime=201418, deviceId=0, source=0x1002 }
07-29 16:46:38.582  2846  2846 I Input   : injectMotionEvent: MotionEvent { action=ACTION_MOVE, actionButton=0, id[0]=0, x[0]=1136.0, y[0]=112.0, toolType[0]=TOOL_TYPE_UNKNOWN, buttonState=0, metaState=0, flags=0x0, edgeFlags=0x0, pointerCount=1, historySize=0, eventTime=201434, downTime=201434, deviceId=0, source=0x1002 }
07-29 16:46:38.598  2846  2846 I Input   : injectMotionEvent: MotionEvent { action=ACTION_MOVE, actionButton=0, id[0]=0, x[0]=1136.0, y[0]=112.0, toolType[0]=TOOL_TYPE_UNKNOWN, buttonState=0, metaState=0, flags=0x0, edgeFlags=0x0, pointerCount=1, historySize=0, eventTime=201451, downTime=201451, deviceId=0, source=0x1002 }
07-29 16:46:38.616  2846  2846 I Input   : injectMotionEvent: MotionEvent { action=ACTION_MOVE, actionButton=0, id[0]=0, x[0]=1136.0, y[0]=112.0, toolType[0]=TOOL_TYPE_UNKNOWN, buttonState=0, metaState=0, flags=0x0, edgeFlags=0x0, pointerCount=1, historySize=0, eventTime=201469, downTime=201469, deviceId=0, source=0x1002 }
07-29 16:46:38.632  2846  2846 I Input   : injectMotionEvent: MotionEvent { action=ACTION_MOVE, actionButton=0, id[0]=0, x[0]=1136.0, y[0]=112.0, toolType[0]=TOOL_TYPE_UNKNOWN, buttonState=0, metaState=0, flags=0x0, edgeFlags=0x0, pointerCount=1, historySize=0, eventTime=201484, downTime=201484, deviceId=0, source=0x1002 }
07-29 16:46:38.649  2846  2846 I Input   : injectMotionEvent: MotionEvent { action=ACTION_MOVE, actionButton=0, id[0]=0, x[0]=1136.0, y[0]=112.0, toolType[0]=TOOL_TYPE_UNKNOWN, buttonState=0, metaState=0, flags=0x0, edgeFlags=0x0, pointerCount=1, historySize=0, eventTime=201501, downTime=201501, deviceId=0, source=0x1002 }
07-29 16:46:38.666  2846  2846 I Input   : injectMotionEvent: MotionEvent { action=ACTION_MOVE, actionButton=0, id[0]=0, x[0]=1136.0, y[0]=112.0, toolType[0]=TOOL_TYPE_UNKNOWN, buttonState=0, metaState=0, flags=0x0, edgeFlags=0x0, pointerCount=1, historySize=0, eventTime=201518, downTime=201518, deviceId=0, source=0x1002 }
07-29 16:46:38.693  2846  2846 I Input   : injectMotionEvent: MotionEvent { action=ACTION_MOVE, actionButton=0, id[0]=0, x[0]=1136.0, y[0]=112.0, toolType[0]=TOOL_TYPE_UNKNOWN, buttonState=0, metaState=0, flags=0x0, edgeFlags=0x0, pointerCount=1, historySize=0, eventTime=201546, downTime=201546, deviceId=0, source=0x1002 }
07-29 16:46:38.748  1877  1893 W EGL_emulation: eglSurfaceAttrib not implemented
07-29 16:46:38.748  1877  1893 W OpenGLRenderer: Failed to set EGL_SWAP_BEHAVIOR on surface 0xdf279320, error=EGL_SUCCESS
07-29 16:46:38.762  2846  2846 I Input   : injectMotionEvent: MotionEvent { action=ACTION_MOVE, actionButton=0, id[0]=0, x[0]=1136.0, y[0]=112.0, toolType[0]=TOOL_TYPE_UNKNOWN, buttonState=0, metaState=0, flags=0x0, edgeFlags=0x0, pointerCount=1, historySize=0, eventTime=201614, downTime=201614, deviceId=0, source=0x1002 }
07-29 16:46:38.785  2846  2846 I Input   : injectMotionEvent: MotionEvent { action=ACTION_MOVE, actionButton=0, id[0]=0, x[0]=1136.0, y[0]=112.0, toolType[0]=TOOL_TYPE_UNKNOWN, buttonState=0, metaState=0, flags=0x0, edgeFlags=0x0, pointerCount=1, historySize=0, eventTime=201637, downTime=201637, deviceId=0, source=0x1002 }
07-29 16:46:38.799  2846  2846 I Input   : injectMotionEvent: MotionEvent { action=ACTION_MOVE, actionButton=0, id[0]=0, x[0]=1136.0, y[0]=112.0, toolType[0]=TOOL_TYPE_UNKNOWN, buttonState=0, metaState=0, flags=0x0, edgeFlags=0x0, pointerCount=1, historySize=0, eventTime=201651, downTime=201651, deviceId=0, source=0x1002 }
07-29 16:46:38.815  2846  2846 I Input   : injectMotionEvent: MotionEvent { action=ACTION_MOVE, actionButton=0, id[0]=0, x[0]=1136.0, y[0]=112.0, toolType[0]=TOOL_TYPE_UNKNOWN, buttonState=0, metaState=0, flags=0x0, edgeFlags=0x0, pointerCount=1, historySize=0, eventTime=201667, downTime=201667, deviceId=0, source=0x1002 }
07-29 16:46:38.831  2846  2846 I Input   : injectMotionEvent: MotionEvent { action=ACTION_MOVE, actionButton=0, id[0]=0, x[0]=1136.0, y[0]=112.0, toolType[0]=TOOL_TYPE_UNKNOWN, buttonState=0, metaState=0, flags=0x0, edgeFlags=0x0, pointerCount=1, historySize=0, eventTime=201684, downTime=201684, deviceId=0, source=0x1002 }
07-29 16:46:38.848  2846  2846 I Input   : injectMotionEvent: MotionEvent { action=ACTION_MOVE, actionButton=0, id[0]=0, x[0]=1136.0, y[0]=112.0, toolType[0]=TOOL_TYPE_UNKNOWN, buttonState=0, metaState=0, flags=0x0, edgeFlags=0x0, pointerCount=1, historySize=0, eventTime=201700, downTime=201700, deviceId=0, source=0x1002 }
07-29 16:46:38.875  2846  2846 I Input   : injectMotionEvent: MotionEvent { action=ACTION_MOVE, actionButton=0, id[0]=0, x[0]=1136.0, y[0]=112.0, toolType[0]=TOOL_TYPE_UNKNOWN, buttonState=0, metaState=0, flags=0x0, edgeFlags=0x0, pointerCount=1, historySize=0, eventTime=201727, downTime=201727, deviceId=0, source=0x1002 }
07-29 16:46:38.899  2846  2846 I Input   : injectMotionEvent: MotionEvent { action=ACTION_MOVE, actionButton=0, id[0]=0, x[0]=1136.0, y[0]=112.0, toolType[0]=TOOL_TYPE_UNKNOWN, buttonState=0, metaState=0, flags=0x0, edgeFlags=0x0, pointerCount=1, historySize=0, eventTime=201752, downTime=201752, deviceId=0, source=0x1002 }
07-29 16:46:38.932  2846  2846 I Input   : injectMotionEvent: MotionEvent { action=ACTION_MOVE, actionButton=0, id[0]=0, x[0]=1136.0, y[0]=112.0, toolType[0]=TOOL_TYPE_UNKNOWN, buttonState=0, metaState=0, flags=0x0, edgeFlags=0x0, pointerCount=1, historySize=0, eventTime=201785, downTime=201785, deviceId=0, source=0x1002 }
07-29 16:46:38.948  2846  2846 I Input   : injectMotionEvent: MotionEvent { action=ACTION_MOVE, actionButton=0, id[0]=0, x[0]=1136.0, y[0]=112.0, toolType[0]=TOOL_TYPE_UNKNOWN, buttonState=0, metaState=0, flags=0x0, edgeFlags=0x0, pointerCount=1, historySize=0, eventTime=201800, downTime=201800, deviceId=0, source=0x1002 }
07-29 16:46:38.965  2846  2846 I Input   : injectMotionEvent: MotionEvent { action=ACTION_MOVE, actionButton=0, id[0]=0, x[0]=1136.0, y[0]=112.0, toolType[0]=TOOL_TYPE_UNKNOWN, buttonState=0, metaState=0, flags=0x0, edgeFlags=0x0, pointerCount=1, historySize=0, eventTime=201817, downTime=201817, deviceId=0, source=0x1002 }
07-29 16:46:38.982  2846  2846 I Input   : injectMotionEvent: MotionEvent { action=ACTION_MOVE, actionButton=0, id[0]=0, x[0]=1136.0, y[0]=112.0, toolType[0]=TOOL_TYPE_UNKNOWN, buttonState=0, metaState=0, flags=0x0, edgeFlags=0x0, pointerCount=1, historySize=0, eventTime=201835, downTime=201835, deviceId=0, source=0x1002 }
07-29 16:46:38.999  2846  2846 I Input   : injectMotionEvent: MotionEvent { action=ACTION_MOVE, actionButton=0, id[0]=0, x[0]=1136.0, y[0]=112.0, toolType[0]=TOOL_TYPE_UNKNOWN, buttonState=0, metaState=0, flags=0x0, edgeFlags=0x0, pointerCount=1, historySize=0, eventTime=201851, downTime=201851, deviceId=0, source=0x1002 }
07-29 16:46:39.016  2846  2846 I Input   : injectMotionEvent: MotionEvent { action=ACTION_MOVE, actionButton=0, id[0]=0, x[0]=1136.0, y[0]=112.0, toolType[0]=TOOL_TYPE_UNKNOWN, buttonState=0, metaState=0, flags=0x0, edgeFlags=0x0, pointerCount=1, historySize=0, eventTime=201868, downTime=201868, deviceId=0, source=0x1002 }
07-29 16:46:39.032  2846  2846 I Input   : injectMotionEvent: MotionEvent { action=ACTION_MOVE, actionButton=0, id[0]=0, x[0]=1136.0, y[0]=112.0, toolType[0]=TOOL_TYPE_UNKNOWN, buttonState=0, metaState=0, flags=0x0, edgeFlags=0x0, pointerCount=1, historySize=0, eventTime=201884, downTime=201884, deviceId=0, source=0x1002 }
07-29 16:46:39.049  2846  2846 I Input   : injectMotionEvent: MotionEvent { action=ACTION_MOVE, actionButton=0, id[0]=0, x[0]=1136.0, y[0]=112.0, toolType[0]=TOOL_TYPE_UNKNOWN, buttonState=0, metaState=0, flags=0x0, edgeFlags=0x0, pointerCount=1, historySize=0, eventTime=201901, downTime=201901, deviceId=0, source=0x1002 }
07-29 16:46:39.065  2846  2846 I Input   : injectMotionEvent: MotionEvent { action=ACTION_MOVE, actionButton=0, id[0]=0, x[0]=1136.0, y[0]=112.0, toolType[0]=TOOL_TYPE_UNKNOWN, buttonState=0, metaState=0, flags=0x0, edgeFlags=0x0, pointerCount=1, historySize=0, eventTime=201917, downTime=201917, deviceId=0, source=0x1002 }
07-29 16:46:39.081  2846  2846 I Input   : injectMotionEvent: MotionEvent { action=ACTION_MOVE, actionButton=0, id[0]=0, x[0]=1136.0, y[0]=112.0, toolType[0]=TOOL_TYPE_UNKNOWN, buttonState=0, metaState=0, flags=0x0, edgeFlags=0x0, pointerCount=1, historySize=0, eventTime=201933, downTime=201933, deviceId=0, source=0x1002 }
07-29 16:46:39.101  2846  2846 I Input   : injectMotionEvent: MotionEvent { action=ACTION_MOVE, actionButton=0, id[0]=0, x[0]=1136.0, y[0]=112.0, toolType[0]=TOOL_TYPE_UNKNOWN, buttonState=0, metaState=0, flags=0x0, edgeFlags=0x0, pointerCount=1, historySize=0, eventTime=201953, downTime=201953, deviceId=0, source=0x1002 }
07-29 16:46:39.116  2846  2846 I Input   : injectMotionEvent: MotionEvent { action=ACTION_MOVE, actionButton=0, id[0]=0, x[0]=1136.0, y[0]=112.0, toolType[0]=TOOL_TYPE_UNKNOWN, buttonState=0, metaState=0, flags=0x0, edgeFlags=0x0, pointerCount=1, historySize=0, eventTime=201968, downTime=201968, deviceId=0, source=0x1002 }
07-29 16:46:39.132  2846  2846 I Input   : injectMotionEvent: MotionEvent { action=ACTION_MOVE, actionButton=0, id[0]=0, x[0]=1136.0, y[0]=112.0, toolType[0]=TOOL_TYPE_UNKNOWN, buttonState=0, metaState=0, flags=0x0, edgeFlags=0x0, pointerCount=1, historySize=0, eventTime=201985, downTime=201985, deviceId=0, source=0x1002 }
07-29 16:46:39.149  2846  2846 I Input   : injectMotionEvent: MotionEvent { action=ACTION_MOVE, actionButton=0, id[0]=0, x[0]=1136.0, y[0]=112.0, toolType[0]=TOOL_TYPE_UNKNOWN, buttonState=0, metaState=0, flags=0x0, edgeFlags=0x0, pointerCount=1, historySize=0, eventTime=202001, downTime=202001, deviceId=0, source=0x1002 }
07-29 16:46:39.165  2846  2846 I Input   : injectMotionEvent: MotionEvent { action=ACTION_MOVE, actionButton=0, id[0]=0, x[0]=1136.0, y[0]=112.0, toolType[0]=TOOL_TYPE_UNKNOWN, buttonState=0, metaState=0, flags=0x0, edgeFlags=0x0, pointerCount=1, historySize=0, eventTime=202018, downTime=202018, deviceId=0, source=0x1002 }
07-29 16:46:39.181  2846  2846 I Input   : injectMotionEvent: MotionEvent { action=ACTION_MOVE, actionButton=0, id[0]=0, x[0]=1136.0, y[0]=112.0, toolType[0]=TOOL_TYPE_UNKNOWN, buttonState=0, metaState=0, flags=0x0, edgeFlags=0x0, pointerCount=1, historySize=0, eventTime=202034, downTime=202034, deviceId=0, source=0x1002 }
07-29 16:46:39.199  2846  2846 I Input   : injectMotionEvent: MotionEvent { action=ACTION_MOVE, actionButton=0, id[0]=0, x[0]=1136.0, y[0]=112.0, toolType[0]=TOOL_TYPE_UNKNOWN, buttonState=0, metaState=0, flags=0x0, edgeFlags=0x0, pointerCount=1, historySize=0, eventTime=202051, downTime=202051, deviceId=0, source=0x1002 }
07-29 16:46:39.228  2846  2846 I Input   : injectMotionEvent: MotionEvent { action=ACTION_MOVE, actionButton=0, id[0]=0, x[0]=1136.0, y[0]=112.0, toolType[0]=TOOL_TYPE_UNKNOWN, buttonState=0, metaState=0, flags=0x0, edgeFlags=0x0, pointerCount=1, historySize=0, eventTime=202080, downTime=202080, deviceId=0, source=0x1002 }
07-29 16:46:39.251  2846  2846 I Input   : injectMotionEvent: MotionEvent { action=ACTION_MOVE, actionButton=0, id[0]=0, x[0]=1136.0, y[0]=112.0, toolType[0]=TOOL_TYPE_UNKNOWN, buttonState=0, metaState=0, flags=0x0, edgeFlags=0x0, pointerCount=1, historySize=0, eventTime=202103, downTime=202103, deviceId=0, source=0x1002 }
07-29 16:46:39.265  2846  2846 I Input   : injectMotionEvent: MotionEvent { action=ACTION_MOVE, actionButton=0, id[0]=0, x[0]=1136.0, y[0]=112.0, toolType[0]=TOOL_TYPE_UNKNOWN, buttonState=0, metaState=0, flags=0x0, edgeFlags=0x0, pointerCount=1, historySize=0, eventTime=202117, downTime=202117, deviceId=0, source=0x1002 }
07-29 16:46:39.282  2846  2846 I Input   : injectMotionEvent: MotionEvent { action=ACTION_MOVE, actionButton=0, id[0]=0, x[0]=1136.0, y[0]=112.0, toolType[0]=TOOL_TYPE_UNKNOWN, buttonState=0, metaState=0, flags=0x0, edgeFlags=0x0, pointerCount=1, historySize=0, eventTime=202134, downTime=202134, deviceId=0, source=0x1002 }
07-29 16:46:39.313  2846  2846 I Input   : injectMotionEvent: MotionEvent { action=ACTION_MOVE, actionButton=0, id[0]=0, x[0]=1136.0, y[0]=112.0, toolType[0]=TOOL_TYPE_UNKNOWN, buttonState=0, metaState=0, flags=0x0, edgeFlags=0x0, pointerCount=1, historySize=0, eventTime=202165, downTime=202165, deviceId=0, source=0x1002 }
07-29 16:46:39.332  2846  2846 I Input   : injectMotionEvent: MotionEvent { action=ACTION_MOVE, actionButton=0, id[0]=0, x[0]=1136.0, y[0]=112.0, toolType[0]=TOOL_TYPE_UNKNOWN, buttonState=0, metaState=0, flags=0x0, edgeFlags=0x0, pointerCount=1, historySize=0, eventTime=202184, downTime=202184, deviceId=0, source=0x1002 }
07-29 16:46:39.349  2846  2846 I Input   : injectMotionEvent: MotionEvent { action=ACTION_MOVE, actionButton=0, id[0]=0, x[0]=1136.0, y[0]=112.0, toolType[0]=TOOL_TYPE_UNKNOWN, buttonState=0, metaState=0, flags=0x0, edgeFlags=0x0, pointerCount=1, historySize=0, eventTime=202202, downTime=202202, deviceId=0, source=0x1002 }
07-29 16:46:39.365  2846  2846 I Input   : injectMotionEvent: MotionEvent { action=ACTION_MOVE, actionButton=0, id[0]=0, x[0]=1136.0, y[0]=112.0, toolType[0]=TOOL_TYPE_UNKNOWN, buttonState=0, metaState=0, flags=0x0, edgeFlags=0x0, pointerCount=1, historySize=0, eventTime=202217, downTime=202217, deviceId=0, source=0x1002 }
07-29 16:46:39.383  2846  2846 I Input   : injectMotionEvent: MotionEvent { action=ACTION_MOVE, actionButton=0, id[0]=0, x[0]=1136.0, y[0]=112.0, toolType[0]=TOOL_TYPE_UNKNOWN, buttonState=0, metaState=0, flags=0x0, edgeFlags=0x0, pointerCount=1, historySize=0, eventTime=202235, downTime=202235, deviceId=0, source=0x1002 }
07-29 16:46:39.398  2846  2846 I Input   : injectMotionEvent: MotionEvent { action=ACTION_MOVE, actionButton=0, id[0]=0, x[0]=1136.0, y[0]=112.0, toolType[0]=TOOL_TYPE_UNKNOWN, buttonState=0, metaState=0, flags=0x0, edgeFlags=0x0, pointerCount=1, historySize=0, eventTime=202250, downTime=202250, deviceId=0, source=0x1002 }
07-29 16:46:39.415  2846  2846 I Input   : injectMotionEvent: MotionEvent { action=ACTION_MOVE, actionButton=0, id[0]=0, x[0]=1136.0, y[0]=112.0, toolType[0]=TOOL_TYPE_UNKNOWN, buttonState=0, metaState=0, flags=0x0, edgeFlags=0x0, pointerCount=1, historySize=0, eventTime=202267, downTime=202267, deviceId=0, source=0x1002 }
07-29 16:46:39.434  2846  2846 I Input   : injectMotionEvent: MotionEvent { action=ACTION_MOVE, actionButton=0, id[0]=0, x[0]=1136.0, y[0]=112.0, toolType[0]=TOOL_TYPE_UNKNOWN, buttonState=0, metaState=0, flags=0x0, edgeFlags=0x0, pointerCount=1, historySize=0, eventTime=202286, downTime=202286, deviceId=0, source=0x1002 }
07-29 16:46:39.448  2846  2846 I Input   : injectMotionEvent: MotionEvent { action=ACTION_MOVE, actionButton=0, id[0]=0, x[0]=1136.0, y[0]=112.0, toolType[0]=TOOL_TYPE_UNKNOWN, buttonState=0, metaState=0, flags=0x0, edgeFlags=0x0, pointerCount=1, historySize=0, eventTime=202300, downTime=202300, deviceId=0, source=0x1002 }
07-29 16:46:39.465  2846  2846 I Input   : injectMotionEvent: MotionEvent { action=ACTION_MOVE, actionButton=0, id[0]=0, x[0]=1136.0, y[0]=112.0, toolType[0]=TOOL_TYPE_UNKNOWN, buttonState=0, metaState=0, flags=0x0, edgeFlags=0x0, pointerCount=1, historySize=0, eventTime=202317, downTime=202317, deviceId=0, source=0x1002 }
07-29 16:46:39.482  2846  2846 I Input   : injectMotionEvent: MotionEvent { action=ACTION_MOVE, actionButton=0, id[0]=0, x[0]=1136.0, y[0]=112.0, toolType[0]=TOOL_TYPE_UNKNOWN, buttonState=0, metaState=0, flags=0x0, edgeFlags=0x0, pointerCount=1, historySize=0, eventTime=202334, downTime=202334, deviceId=0, source=0x1002 }
07-29 16:46:39.498  2846  2846 I Input   : injectMotionEvent: MotionEvent { action=ACTION_MOVE, actionButton=0, id[0]=0, x[0]=1136.0, y[0]=112.0, toolType[0]=TOOL_TYPE_UNKNOWN, buttonState=0, metaState=0, flags=0x0, edgeFlags=0x0, pointerCount=1, historySize=0, eventTime=202350, downTime=202350, deviceId=0, source=0x1002 }
07-29 16:46:39.516  2846  2846 I Input   : injectMotionEvent: MotionEvent { action=ACTION_MOVE, actionButton=0, id[0]=0, x[0]=1136.0, y[0]=112.0, toolType[0]=TOOL_TYPE_UNKNOWN, buttonState=0, metaState=0, flags=0x0, edgeFlags=0x0, pointerCount=1, historySize=0, eventTime=202369, downTime=202369, deviceId=0, source=0x1002 }
07-29 16:46:39.542  2846  2846 I Input   : injectMotionEvent: MotionEvent { action=ACTION_MOVE, actionButton=0, id[0]=0, x[0]=1136.0, y[0]=112.0, toolType[0]=TOOL_TYPE_UNKNOWN, buttonState=0, metaState=0, flags=0x0, edgeFlags=0x0, pointerCount=1, historySize=0, eventTime=202395, downTime=202395, deviceId=0, source=0x1002 }
07-29 16:46:39.565  2846  2846 I Input   : injectMotionEvent: MotionEvent { action=ACTION_MOVE, actionButton=0, id[0]=0, x[0]=1136.0, y[0]=112.0, toolType[0]=TOOL_TYPE_UNKNOWN, buttonState=0, metaState=0, flags=0x0, edgeFlags=0x0, pointerCount=1, historySize=0, eventTime=202417, downTime=202417, deviceId=0, source=0x1002 }
07-29 16:46:39.583  2846  2846 I Input   : injectMotionEvent: MotionEvent { action=ACTION_MOVE, actionButton=0, id[0]=0, x[0]=1136.0, y[0]=112.0, toolType[0]=TOOL_TYPE_UNKNOWN, buttonState=0, metaState=0, flags=0x0, edgeFlags=0x0, pointerCount=1, historySize=0, eventTime=202435, downTime=202435, deviceId=0, source=0x1002 }
07-29 16:46:39.609  2846  2846 I Input   : injectMotionEvent: MotionEvent { action=ACTION_MOVE, actionButton=0, id[0]=0, x[0]=1136.0, y[0]=112.0, toolType[0]=TOOL_TYPE_UNKNOWN, buttonState=0, metaState=0, flags=0x0, edgeFlags=0x0, pointerCount=1, historySize=0, eventTime=202461, downTime=202461, deviceId=0, source=0x1002 }
07-29 16:46:39.615  2846  2846 I Input   : injectMotionEvent: MotionEvent { action=ACTION_MOVE, actionButton=0, id[0]=0, x[0]=1136.0, y[0]=112.0, toolType[0]=TOOL_TYPE_UNKNOWN, buttonState=0, metaState=0, flags=0x0, edgeFlags=0x0, pointerCount=1, historySize=0, eventTime=202467, downTime=202467, deviceId=0, source=0x1002 }
07-29 16:46:39.647  2846  2846 I Input   : injectMotionEvent: MotionEvent { action=ACTION_MOVE, actionButton=0, id[0]=0, x[0]=1136.0, y[0]=112.0, toolType[0]=TOOL_TYPE_UNKNOWN, buttonState=0, metaState=0, flags=0x0, edgeFlags=0x0, pointerCount=1, historySize=0, eventTime=202499, downTime=202499, deviceId=0, source=0x1002 }
07-29 16:46:39.666  2846  2846 I Input   : injectMotionEvent: MotionEvent { action=ACTION_MOVE, actionButton=0, id[0]=0, x[0]=1136.0, y[0]=112.0, toolType[0]=TOOL_TYPE_UNKNOWN, buttonState=0, metaState=0, flags=0x0, edgeFlags=0x0, pointerCount=1, historySize=0, eventTime=202518, downTime=202518, deviceId=0, source=0x1002 }
07-29 16:46:39.681  2846  2846 I Input   : injectMotionEvent: MotionEvent { action=ACTION_MOVE, actionButton=0, id[0]=0, x[0]=1136.0, y[0]=112.0, toolType[0]=TOOL_TYPE_UNKNOWN, buttonState=0, metaState=0, flags=0x0, edgeFlags=0x0, pointerCount=1, historySize=0, eventTime=202534, downTime=202534, deviceId=0, source=0x1002 }
07-29 16:46:39.716  2846  2846 I Input   : injectMotionEvent: MotionEvent { action=ACTION_MOVE, actionButton=0, id[0]=0, x[0]=1136.0, y[0]=112.0, toolType[0]=TOOL_TYPE_UNKNOWN, buttonState=0, metaState=0, flags=0x0, edgeFlags=0x0, pointerCount=1, historySize=0, eventTime=202568, downTime=202568, deviceId=0, source=0x1002 }
07-29 16:46:39.731  2846  2846 I Input   : injectMotionEvent: MotionEvent { action=ACTION_MOVE, actionButton=0, id[0]=0, x[0]=1136.0, y[0]=112.0, toolType[0]=TOOL_TYPE_UNKNOWN, buttonState=0, metaState=0, flags=0x0, edgeFlags=0x0, pointerCount=1, historySize=0, eventTime=202584, downTime=202584, deviceId=0, source=0x1002 }
07-29 16:46:39.748  2846  2846 I Input   : injectMotionEvent: MotionEvent { action=ACTION_MOVE, actionButton=0, id[0]=0, x[0]=1136.0, y[0]=112.0, toolType[0]=TOOL_TYPE_UNKNOWN, buttonState=0, metaState=0, flags=0x0, edgeFlags=0x0, pointerCount=1, historySize=0, eventTime=202600, downTime=202600, deviceId=0, source=0x1002 }
07-29 16:46:39.766  2846  2846 I Input   : injectMotionEvent: MotionEvent { action=ACTION_MOVE, actionButton=0, id[0]=0, x[0]=1136.0, y[0]=112.0, toolType[0]=TOOL_TYPE_UNKNOWN, buttonState=0, metaState=0, flags=0x0, edgeFlags=0x0, pointerCount=1, historySize=0, eventTime=202618, downTime=202618, deviceId=0, source=0x1002 }
07-29 16:46:39.782  2846  2846 I Input   : injectMotionEvent: MotionEvent { action=ACTION_MOVE, actionButton=0, id[0]=0, x[0]=1136.0, y[0]=112.0, toolType[0]=TOOL_TYPE_UNKNOWN, buttonState=0, metaState=0, flags=0x0, edgeFlags=0x0, pointerCount=1, historySize=0, eventTime=202635, downTime=202635, deviceId=0, source=0x1002 }
07-29 16:46:39.799  2846  2846 I Input   : injectMotionEvent: MotionEvent { action=ACTION_MOVE, actionButton=0, id[0]=0, x[0]=1136.0, y[0]=112.0, toolType[0]=TOOL_TYPE_UNKNOWN, buttonState=0, metaState=0, flags=0x0, edgeFlags=0x0, pointerCount=1, historySize=0, eventTime=202651, downTime=202651, deviceId=0, source=0x1002 }
07-29 16:46:39.815  2846  2846 I Input   : injectMotionEvent: MotionEvent { action=ACTION_MOVE, actionButton=0, id[0]=0, x[0]=1136.0, y[0]=112.0, toolType[0]=TOOL_TYPE_UNKNOWN, buttonState=0, metaState=0, flags=0x0, edgeFlags=0x0, pointerCount=1, historySize=0, eventTime=202667, downTime=202667, deviceId=0, source=0x1002 }
07-29 16:46:39.833  2846  2846 I Input   : injectMotionEvent: MotionEvent { action=ACTION_MOVE, actionButton=0, id[0]=0, x[0]=1136.0, y[0]=112.0, toolType[0]=TOOL_TYPE_UNKNOWN, buttonState=0, metaState=0, flags=0x0, edgeFlags=0x0, pointerCount=1, historySize=0, eventTime=202685, downTime=202685, deviceId=0, source=0x1002 }
07-29 16:46:39.851  2846  2846 I Input   : injectMotionEvent: MotionEvent { action=ACTION_MOVE, actionButton=0, id[0]=0, x[0]=1136.0, y[0]=112.0, toolType[0]=TOOL_TYPE_UNKNOWN, buttonState=0, metaState=0, flags=0x0, edgeFlags=0x0, pointerCount=1, historySize=0, eventTime=202703, downTime=202703, deviceId=0, source=0x1002 }
07-29 16:46:39.866  2846  2846 I Input   : injectMotionEvent: MotionEvent { action=ACTION_MOVE, actionButton=0, id[0]=0, x[0]=1136.0, y[0]=112.0, toolType[0]=TOOL_TYPE_UNKNOWN, buttonState=0, metaState=0, flags=0x0, edgeFlags=0x0, pointerCount=1, historySize=0, eventTime=202718, downTime=202718, deviceId=0, source=0x1002 }
07-29 16:46:39.881  2846  2846 I Input   : injectMotionEvent: MotionEvent { action=ACTION_MOVE, actionButton=0, id[0]=0, x[0]=1136.0, y[0]=112.0, toolType[0]=TOOL_TYPE_UNKNOWN, buttonState=0, metaState=0, flags=0x0, edgeFlags=0x0, pointerCount=1, historySize=0, eventTime=202734, downTime=202734, deviceId=0, source=0x1002 }
07-29 16:46:39.899  2846  2846 I Input   : injectMotionEvent: MotionEvent { action=ACTION_MOVE, actionButton=0, id[0]=0, x[0]=1136.0, y[0]=112.0, toolType[0]=TOOL_TYPE_UNKNOWN, buttonState=0, metaState=0, flags=0x0, edgeFlags=0x0, pointerCount=1, historySize=0, eventTime=202752, downTime=202752, deviceId=0, source=0x1002 }
07-29 16:46:39.915  2846  2846 I Input   : injectMotionEvent: MotionEvent { action=ACTION_MOVE, actionButton=0, id[0]=0, x[0]=1136.0, y[0]=112.0, toolType[0]=TOOL_TYPE_UNKNOWN, buttonState=0, metaState=0, flags=0x0, edgeFlags=0x0, pointerCount=1, historySize=0, eventTime=202768, downTime=202768, deviceId=0, source=0x1002 }
07-29 16:46:39.932  2846  2846 I Input   : injectMotionEvent: MotionEvent { action=ACTION_MOVE, actionButton=0, id[0]=0, x[0]=1136.0, y[0]=112.0, toolType[0]=TOOL_TYPE_UNKNOWN, buttonState=0, metaState=0, flags=0x0, edgeFlags=0x0, pointerCount=1, historySize=0, eventTime=202784, downTime=202784, deviceId=0, source=0x1002 }
07-29 16:46:39.948  2846  2846 I Input   : injectMotionEvent: MotionEvent { action=ACTION_MOVE, actionButton=0, id[0]=0, x[0]=1136.0, y[0]=112.0, toolType[0]=TOOL_TYPE_UNKNOWN, buttonState=0, metaState=0, flags=0x0, edgeFlags=0x0, pointerCount=1, historySize=0, eventTime=202800, downTime=202800, deviceId=0, source=0x1002 }
07-29 16:46:39.965  2846  2846 I Input   : injectMotionEvent: MotionEvent { action=ACTION_MOVE, actionButton=0, id[0]=0, x[0]=1136.0, y[0]=112.0, toolType[0]=TOOL_TYPE_UNKNOWN, buttonState=0, metaState=0, flags=0x0, edgeFlags=0x0, pointerCount=1, historySize=0, eventTime=202818, downTime=202818, deviceId=0, source=0x1002 }
07-29 16:46:39.982  2846  2846 I Input   : injectMotionEvent: MotionEvent { action=ACTION_MOVE, actionButton=0, id[0]=0, x[0]=1136.0, y[0]=112.0, toolType[0]=TOOL_TYPE_UNKNOWN, buttonState=0, metaState=0, flags=0x0, edgeFlags=0x0, pointerCount=1, historySize=0, eventTime=202834, downTime=202834, deviceId=0, source=0x1002 }
07-29 16:46:40.000  2846  2846 I Input   : injectMotionEvent: MotionEvent { action=ACTION_MOVE, actionButton=0, id[0]=0, x[0]=1136.0, y[0]=112.0, toolType[0]=TOOL_TYPE_UNKNOWN, buttonState=0, metaState=0, flags=0x0, edgeFlags=0x0, pointerCount=1, historySize=0, eventTime=202853, downTime=202853, deviceId=0, source=0x1002 }
07-29 16:46:40.021  2846  2846 I Input   : injectMotionEvent: MotionEvent { action=ACTION_MOVE, actionButton=0, id[0]=0, x[0]=1136.0, y[0]=112.0, toolType[0]=TOOL_TYPE_UNKNOWN, buttonState=0, metaState=0, flags=0x0, edgeFlags=0x0, pointerCount=1, historySize=0, eventTime=202873, downTime=202873, deviceId=0, source=0x1002 }
07-29 16:46:40.048  2846  2846 I Input   : injectMotionEvent: MotionEvent { action=ACTION_MOVE, actionButton=0, id[0]=0, x[0]=1136.0, y[0]=112.0, toolType[0]=TOOL_TYPE_UNKNOWN, buttonState=0, metaState=0, flags=0x0, edgeFlags=0x0, pointerCount=1, historySize=0, eventTime=202900, downTime=202900, deviceId=0, source=0x1002 }
07-29 16:46:40.068  2846  2846 I Input   : injectMotionEvent: MotionEvent { action=ACTION_MOVE, actionButton=0, id[0]=0, x[0]=1136.0, y[0]=112.0, toolType[0]=TOOL_TYPE_UNKNOWN, buttonState=0, metaState=0, flags=0x0, edgeFlags=0x0, pointerCount=1, historySize=0, eventTime=202920, downTime=202920, deviceId=0, source=0x1002 }
07-29 16:46:40.078  2846  2846 I Input   : injectMotionEvent: MotionEvent { action=ACTION_MOVE, actionButton=0, id[0]=0, x[0]=1136.0, y[0]=112.0, toolType[0]=TOOL_TYPE_UNKNOWN, buttonState=0, metaState=0, flags=0x0, edgeFlags=0x0, pointerCount=1, historySize=0, eventTime=202930, downTime=202930, deviceId=0, source=0x1002 }
07-29 16:46:40.096  2846  2846 I Input   : injectMotionEvent: MotionEvent { action=ACTION_MOVE, actionButton=0, id[0]=0, x[0]=1136.0, y[0]=112.0, toolType[0]=TOOL_TYPE_UNKNOWN, buttonState=0, metaState=0, flags=0x0, edgeFlags=0x0, pointerCount=1, historySize=0, eventTime=202948, downTime=202948, deviceId=0, source=0x1002 }
07-29 16:46:40.117  2846  2846 I Input   : injectMotionEvent: MotionEvent { action=ACTION_MOVE, actionButton=0, id[0]=0, x[0]=1136.0, y[0]=112.0, toolType[0]=TOOL_TYPE_UNKNOWN, buttonState=0, metaState=0, flags=0x0, edgeFlags=0x0, pointerCount=1, historySize=0, eventTime=202969, downTime=202969, deviceId=0, source=0x1002 }
07-29 16:46:40.129  2846  2846 I Input   : injectMotionEvent: MotionEvent { action=ACTION_MOVE, actionButton=0, id[0]=0, x[0]=1136.0, y[0]=112.0, toolType[0]=TOOL_TYPE_UNKNOWN, buttonState=0, metaState=0, flags=0x0, edgeFlags=0x0, pointerCount=1, historySize=0, eventTime=202981, downTime=202981, deviceId=0, source=0x1002 }
07-29 16:46:40.147  2846  2846 I Input   : injectMotionEvent: MotionEvent { action=ACTION_MOVE, actionButton=0, id[0]=0, x[0]=1136.0, y[0]=112.0, toolType[0]=TOOL_TYPE_UNKNOWN, buttonState=0, metaState=0, flags=0x0, edgeFlags=0x0, pointerCount=1, historySize=0, eventTime=202999, downTime=202999, deviceId=0, source=0x1002 }
07-29 16:46:40.162  2846  2846 I Input   : injectMotionEvent: MotionEvent { action=ACTION_MOVE, actionButton=0, id[0]=0, x[0]=1136.0, y[0]=112.0, toolType[0]=TOOL_TYPE_UNKNOWN, buttonState=0, metaState=0, flags=0x0, edgeFlags=0x0, pointerCount=1, historySize=0, eventTime=203015, downTime=203015, deviceId=0, source=0x1002 }
07-29 16:46:40.180  2846  2846 I Input   : injectMotionEvent: MotionEvent { action=ACTION_UP, actionButton=0, id[0]=0, x[0]=1136.0, y[0]=112.0, toolType[0]=TOOL_TYPE_UNKNOWN, buttonState=0, metaState=0, flags=0x0, edgeFlags=0x0, pointerCount=1, historySize=0, eventTime=203033, downTime=203033, deviceId=0, source=0x1002 }
07-29 16:46:40.181  2846  2846 D AndroidRuntime: Shutting down VM
07-29 16:46:41.192  1877  1893 E Surface : getSlotFromBufferLocked: unknown buffer: 0xdf4c31f0
07-29 16:46:44.628  3183  3183 D AndroidRuntime: >>>>>> START com.android.internal.os.RuntimeInit uid 0 <<<<<<
07-29 16:46:44.629  3183  3183 D AndroidRuntime: CheckJNI is OFF
07-29 16:46:44.638  3183  3183 D ICU     : No timezone override file found: /data/misc/zoneinfo/current/icu/icu_tzdata.dat
07-29 16:46:44.656  3183  3183 E memtrack: Couldn't load memtrack module (No such file or directory)
07-29 16:46:44.656  3183  3183 E android.os.Debug: failed to load memtrack module: -2
07-29 16:46:44.656  3183  3183 I Radio-JNI: register_android_hardware_Radio DONE
07-29 16:46:44.663  3183  3183 D AndroidRuntime: Calling main entry com.android.commands.uiautomator.Launcher
07-29 16:46:44.674  1877  1877 D leak-114: Eastern Standard Time
07-29 16:46:44.674  1877  1877 D leak-114: Eastern Standard Time
07-29 16:46:45.675  1877  1877 D leak-114: Eastern Standard Time
07-29 16:46:45.686  3183  3183 I AccessibilityNodeInfoDumper: Skipping invisible child: android.view.accessibility.AccessibilityNodeInfo@80010ecc; boundsInParent: Rect(0, 0 - 1200, 60); boundsInScreen: Rect(0, 2516 - 1200, 1824); packageName: com.jvillalba.apod.classic; className: android.widget.TextView; text: Collinder 399: The Coat Hanger; error: null; maxTextLength: -1; contentDescription: null; viewIdResName: com.jvillalba.apod.classic:id/textViewAPOD; checkable: false; checked: false; focusable: false; focused: false; selected: false; clickable: false; longClickable: false; contextClickable: false; enabled: true; password: false; scrollable: false; actions: [AccessibilityAction: ACTION_SELECT - null, AccessibilityAction: ACTION_CLEAR_SELECTION - null, AccessibilityAction: ACTION_ACCESSIBILITY_FOCUS - null, AccessibilityAction: ACTION_NEXT_AT_MOVEMENT_GRANULARITY - null, AccessibilityAction: ACTION_PREVIOUS_AT_MOVEMENT_GRANULARITY - null, AccessibilityAction: ACTION_SET_SELECTION - null, AccessibilityAction: ACTION_UNKNOWN - null]
07-29 16:46:45.687  3183  3183 W AccessibilityNodeInfoDumper: Fetch time: 7ms
07-29 16:46:45.687   587  1047 W WindowManager: Attempted to remove non-existing token: android.os.Binder@4f22a30
07-29 16:46:45.690  3183  3183 D AndroidRuntime: Shutting down VM
07-29 16:46:46.689  3206  3206 D AndroidRuntime: >>>>>> START com.android.internal.os.RuntimeInit uid 0 <<<<<<
07-29 16:46:46.690  3206  3206 D AndroidRuntime: CheckJNI is OFF
07-29 16:46:46.699  3206  3206 D ICU     : No timezone override file found: /data/misc/zoneinfo/current/icu/icu_tzdata.dat
07-29 16:46:46.713  3206  3206 E memtrack: Couldn't load memtrack module (No such file or directory)
07-29 16:46:46.713  3206  3206 E android.os.Debug: failed to load memtrack module: -2
07-29 16:46:46.714  3206  3206 I Radio-JNI: register_android_hardware_Radio DONE
07-29 16:46:46.722  3206  3206 D AndroidRuntime: Calling main entry com.android.commands.uiautomator.Launcher
07-29 16:46:46.732  1877  1877 D leak-114: Eastern Standard Time
07-29 16:46:46.732  1877  1877 D leak-114: Eastern Standard Time
07-29 16:46:47.740  1877  1877 D leak-114: Eastern Standard Time
07-29 16:46:47.751  3206  3206 I AccessibilityNodeInfoDumper: Skipping invisible child: android.view.accessibility.AccessibilityNodeInfo@80010ed2; boundsInParent: Rect(0, 0 - 1200, 60); boundsInScreen: Rect(0, 2516 - 1200, 1824); packageName: com.jvillalba.apod.classic; className: android.widget.TextView; text: Collinder 399: The Coat Hanger; error: null; maxTextLength: -1; contentDescription: null; viewIdResName: com.jvillalba.apod.classic:id/textViewAPOD; checkable: false; checked: false; focusable: false; focused: false; selected: false; clickable: false; longClickable: false; contextClickable: false; enabled: true; password: false; scrollable: false; actions: [AccessibilityAction: ACTION_SELECT - null, AccessibilityAction: ACTION_CLEAR_SELECTION - null, AccessibilityAction: ACTION_ACCESSIBILITY_FOCUS - null, AccessibilityAction: ACTION_NEXT_AT_MOVEMENT_GRANULARITY - null, AccessibilityAction: ACTION_PREVIOUS_AT_MOVEMENT_GRANULARITY - null, AccessibilityAction: ACTION_SET_SELECTION - null, AccessibilityAction: ACTION_UNKNOWN - null]
07-29 16:46:47.751  3206  3206 W AccessibilityNodeInfoDumper: Fetch time: 7ms
07-29 16:46:47.752   587  1025 W WindowManager: Attempted to remove non-existing token: android.os.Binder@516c6a9
07-29 16:46:47.754  3206  3206 D AndroidRuntime: Shutting down VM
07-29 16:46:48.175  3224  3224 D AndroidRuntime: >>>>>> START com.android.internal.os.RuntimeInit uid 0 <<<<<<
07-29 16:46:48.177  3224  3224 D AndroidRuntime: CheckJNI is OFF
07-29 16:46:48.186  3224  3224 D ICU     : No timezone override file found: /data/misc/zoneinfo/current/icu/icu_tzdata.dat
07-29 16:46:48.212  3224  3224 E memtrack: Couldn't load memtrack module (No such file or directory)
07-29 16:46:48.212  3224  3224 E android.os.Debug: failed to load memtrack module: -2
07-29 16:46:48.212  3224  3224 I Radio-JNI: register_android_hardware_Radio DONE
07-29 16:46:48.218  3224  3224 D AndroidRuntime: Calling main entry com.android.commands.uiautomator.Launcher
07-29 16:46:48.227  1877  1877 D leak-114: Eastern Standard Time
07-29 16:46:48.228  1877  1877 D leak-114: Eastern Standard Time
07-29 16:46:49.230  1877  1877 D leak-114: Eastern Standard Time
07-29 16:46:49.239  3224  3224 I AccessibilityNodeInfoDumper: Skipping invisible child: android.view.accessibility.AccessibilityNodeInfo@80010ed8; boundsInParent: Rect(0, 0 - 1200, 60); boundsInScreen: Rect(0, 2516 - 1200, 1824); packageName: com.jvillalba.apod.classic; className: android.widget.TextView; text: Collinder 399: The Coat Hanger; error: null; maxTextLength: -1; contentDescription: null; viewIdResName: com.jvillalba.apod.classic:id/textViewAPOD; checkable: false; checked: false; focusable: false; focused: false; selected: false; clickable: false; longClickable: false; contextClickable: false; enabled: true; password: false; scrollable: false; actions: [AccessibilityAction: ACTION_SELECT - null, AccessibilityAction: ACTION_CLEAR_SELECTION - null, AccessibilityAction: ACTION_ACCESSIBILITY_FOCUS - null, AccessibilityAction: ACTION_NEXT_AT_MOVEMENT_GRANULARITY - null, AccessibilityAction: ACTION_PREVIOUS_AT_MOVEMENT_GRANULARITY - null, AccessibilityAction: ACTION_SET_SELECTION - null, AccessibilityAction: ACTION_UNKNOWN - null]
07-29 16:46:49.240  3224  3224 W AccessibilityNodeInfoDumper: Fetch time: 6ms
07-29 16:46:49.240   587   599 W WindowManager: Attempted to remove non-existing token: android.os.Binder@af0442e
07-29 16:46:49.242  3224  3224 D AndroidRuntime: Shutting down VM
07-29 16:46:50.270  3247  3247 D AndroidRuntime: >>>>>> START com.android.internal.os.RuntimeInit uid 0 <<<<<<
07-29 16:46:50.271  3247  3247 D AndroidRuntime: CheckJNI is OFF
07-29 16:46:50.279  3247  3247 D ICU     : No timezone override file found: /data/misc/zoneinfo/current/icu/icu_tzdata.dat
07-29 16:46:50.290  3247  3247 E memtrack: Couldn't load memtrack module (No such file or directory)
07-29 16:46:50.290  3247  3247 E android.os.Debug: failed to load memtrack module: -2
07-29 16:46:50.291  3247  3247 I Radio-JNI: register_android_hardware_Radio DONE
07-29 16:46:50.296  3247  3247 D AndroidRuntime: Calling main entry com.android.commands.uiautomator.Launcher
07-29 16:46:50.304  1877  1877 D leak-114: Eastern Standard Time
07-29 16:46:50.305  1877  1877 D leak-114: Eastern Standard Time
07-29 16:46:51.306  1877  1877 D leak-114: Eastern Standard Time
07-29 16:46:51.313  3247  3247 I AccessibilityNodeInfoDumper: Skipping invisible child: android.view.accessibility.AccessibilityNodeInfo@80010edf; boundsInParent: Rect(0, 0 - 1200, 60); boundsInScreen: Rect(0, 2516 - 1200, 1824); packageName: com.jvillalba.apod.classic; className: android.widget.TextView; text: Collinder 399: The Coat Hanger; error: null; maxTextLength: -1; contentDescription: null; viewIdResName: com.jvillalba.apod.classic:id/textViewAPOD; checkable: false; checked: false; focusable: false; focused: false; selected: false; clickable: false; longClickable: false; contextClickable: false; enabled: true; password: false; scrollable: false; actions: [AccessibilityAction: ACTION_SELECT - null, AccessibilityAction: ACTION_CLEAR_SELECTION - null, AccessibilityAction: ACTION_ACCESSIBILITY_FOCUS - null, AccessibilityAction: ACTION_NEXT_AT_MOVEMENT_GRANULARITY - null, AccessibilityAction: ACTION_PREVIOUS_AT_MOVEMENT_GRANULARITY - null, AccessibilityAction: ACTION_SET_SELECTION - null, AccessibilityAction: ACTION_UNKNOWN - null]
07-29 16:46:51.314  3247  3247 W AccessibilityNodeInfoDumper: Fetch time: 5ms
07-29 16:46:51.314   587  1025 W WindowManager: Attempted to remove non-existing token: android.os.Binder@6a73bcf
07-29 16:46:51.317  3247  3247 D AndroidRuntime: Shutting down VM
07-29 16:46:52.343  3276  3276 D AndroidRuntime: >>>>>> START com.android.internal.os.RuntimeInit uid 0 <<<<<<
07-29 16:46:52.344  3276  3276 D AndroidRuntime: CheckJNI is OFF
07-29 16:46:52.351  3276  3276 D ICU     : No timezone override file found: /data/misc/zoneinfo/current/icu/icu_tzdata.dat
07-29 16:46:52.363  3276  3276 E memtrack: Couldn't load memtrack module (No such file or directory)
07-29 16:46:52.363  3276  3276 E android.os.Debug: failed to load memtrack module: -2
07-29 16:46:52.364  3276  3276 I Radio-JNI: register_android_hardware_Radio DONE
07-29 16:46:52.369  3276  3276 D AndroidRuntime: Calling main entry com.android.commands.uiautomator.Launcher
07-29 16:46:52.376  1877  1877 D leak-114: Eastern Standard Time
07-29 16:46:52.376  1877  1877 D leak-114: Eastern Standard Time
07-29 16:46:53.378  1877  1877 D leak-114: Eastern Standard Time
07-29 16:46:53.387  3276  3276 I AccessibilityNodeInfoDumper: Skipping invisible child: android.view.accessibility.AccessibilityNodeInfo@80010ee5; boundsInParent: Rect(0, 0 - 1200, 60); boundsInScreen: Rect(0, 2516 - 1200, 1824); packageName: com.jvillalba.apod.classic; className: android.widget.TextView; text: Collinder 399: The Coat Hanger; error: null; maxTextLength: -1; contentDescription: null; viewIdResName: com.jvillalba.apod.classic:id/textViewAPOD; checkable: false; checked: false; focusable: false; focused: false; selected: false; clickable: false; longClickable: false; contextClickable: false; enabled: true; password: false; scrollable: false; actions: [AccessibilityAction: ACTION_SELECT - null, AccessibilityAction: ACTION_CLEAR_SELECTION - null, AccessibilityAction: ACTION_ACCESSIBILITY_FOCUS - null, AccessibilityAction: ACTION_NEXT_AT_MOVEMENT_GRANULARITY - null, AccessibilityAction: ACTION_PREVIOUS_AT_MOVEMENT_GRANULARITY - null, AccessibilityAction: ACTION_SET_SELECTION - null, AccessibilityAction: ACTION_UNKNOWN - null]
07-29 16:46:53.387  3276  3276 W AccessibilityNodeInfoDumper: Fetch time: 5ms
07-29 16:46:53.388   587   746 W WindowManager: Attempted to remove non-existing token: android.os.Binder@a87b95c
07-29 16:46:53.391  3276  3276 D AndroidRuntime: Shutting down VM
07-29 16:46:54.396  3302  3302 D AndroidRuntime: >>>>>> START com.android.internal.os.RuntimeInit uid 0 <<<<<<
07-29 16:46:54.398  3302  3302 D AndroidRuntime: CheckJNI is OFF
07-29 16:46:54.409  3302  3302 D ICU     : No timezone override file found: /data/misc/zoneinfo/current/icu/icu_tzdata.dat
07-29 16:46:54.420  3302  3302 E memtrack: Couldn't load memtrack module (No such file or directory)
07-29 16:46:54.420  3302  3302 E android.os.Debug: failed to load memtrack module: -2
07-29 16:46:54.421  3302  3302 I Radio-JNI: register_android_hardware_Radio DONE
07-29 16:46:54.427  3302  3302 D AndroidRuntime: Calling main entry com.android.commands.uiautomator.Launcher
07-29 16:46:54.435  1877  1877 D leak-114: Eastern Standard Time
07-29 16:46:54.435  1877  1877 D leak-114: Eastern Standard Time
07-29 16:46:55.437  1877  1877 D leak-114: Eastern Standard Time
07-29 16:46:55.446  3302  3302 I AccessibilityNodeInfoDumper: Skipping invisible child: android.view.accessibility.AccessibilityNodeInfo@80010eeb; boundsInParent: Rect(0, 0 - 1200, 60); boundsInScreen: Rect(0, 2516 - 1200, 1824); packageName: com.jvillalba.apod.classic; className: android.widget.TextView; text: Collinder 399: The Coat Hanger; error: null; maxTextLength: -1; contentDescription: null; viewIdResName: com.jvillalba.apod.classic:id/textViewAPOD; checkable: false; checked: false; focusable: false; focused: false; selected: false; clickable: false; longClickable: false; contextClickable: false; enabled: true; password: false; scrollable: false; actions: [AccessibilityAction: ACTION_SELECT - null, AccessibilityAction: ACTION_CLEAR_SELECTION - null, AccessibilityAction: ACTION_ACCESSIBILITY_FOCUS - null, AccessibilityAction: ACTION_NEXT_AT_MOVEMENT_GRANULARITY - null, AccessibilityAction: ACTION_PREVIOUS_AT_MOVEMENT_GRANULARITY - null, AccessibilityAction: ACTION_SET_SELECTION - null, AccessibilityAction: ACTION_UNKNOWN - null]
07-29 16:46:55.447  3302  3302 W AccessibilityNodeInfoDumper: Fetch time: 6ms
07-29 16:46:55.448   587   747 W WindowManager: Attempted to remove non-existing token: android.os.Binder@f40753a
07-29 16:46:55.450  3302  3302 D AndroidRuntime: Shutting down VM
07-29 16:46:55.874  3320  3320 D AndroidRuntime: >>>>>> START com.android.internal.os.RuntimeInit uid 0 <<<<<<
07-29 16:46:55.876  3320  3320 D AndroidRuntime: CheckJNI is OFF
07-29 16:46:55.884  3320  3320 D ICU     : No timezone override file found: /data/misc/zoneinfo/current/icu/icu_tzdata.dat
07-29 16:46:55.895  3320  3320 E memtrack: Couldn't load memtrack module (No such file or directory)
07-29 16:46:55.895  3320  3320 E android.os.Debug: failed to load memtrack module: -2
07-29 16:46:55.895  3320  3320 I Radio-JNI: register_android_hardware_Radio DONE
07-29 16:46:55.901  3320  3320 D AndroidRuntime: Calling main entry com.android.commands.uiautomator.Launcher
07-29 16:46:55.910  1877  1877 D leak-114: Eastern Standard Time
07-29 16:46:55.910  1877  1877 D leak-114: Eastern Standard Time
07-29 16:46:56.912  1877  1877 D leak-114: Eastern Standard Time
07-29 16:46:56.924  3320  3320 I AccessibilityNodeInfoDumper: Skipping invisible child: android.view.accessibility.AccessibilityNodeInfo@80010ef2; boundsInParent: Rect(0, 0 - 1200, 60); boundsInScreen: Rect(0, 2516 - 1200, 1824); packageName: com.jvillalba.apod.classic; className: android.widget.TextView; text: Collinder 399: The Coat Hanger; error: null; maxTextLength: -1; contentDescription: null; viewIdResName: com.jvillalba.apod.classic:id/textViewAPOD; checkable: false; checked: false; focusable: false; focused: false; selected: false; clickable: false; longClickable: false; contextClickable: false; enabled: true; password: false; scrollable: false; actions: [AccessibilityAction: ACTION_SELECT - null, AccessibilityAction: ACTION_CLEAR_SELECTION - null, AccessibilityAction: ACTION_ACCESSIBILITY_FOCUS - null, AccessibilityAction: ACTION_NEXT_AT_MOVEMENT_GRANULARITY - null, AccessibilityAction: ACTION_PREVIOUS_AT_MOVEMENT_GRANULARITY - null, AccessibilityAction: ACTION_SET_SELECTION - null, AccessibilityAction: ACTION_UNKNOWN - null]
07-29 16:46:56.924  3320  3320 W AccessibilityNodeInfoDumper: Fetch time: 8ms
07-29 16:46:56.925   587  1047 W WindowManager: Attempted to remove non-existing token: android.os.Binder@705c5eb
07-29 16:46:56.928  3320  3320 D AndroidRuntime: Shutting down VM
07-29 16:46:57.958  3343  3343 D AndroidRuntime: >>>>>> START com.android.internal.os.RuntimeInit uid 0 <<<<<<
07-29 16:46:57.959  3343  3343 D AndroidRuntime: CheckJNI is OFF
07-29 16:46:57.968  3343  3343 D ICU     : No timezone override file found: /data/misc/zoneinfo/current/icu/icu_tzdata.dat
07-29 16:46:57.980  3343  3343 E memtrack: Couldn't load memtrack module (No such file or directory)
07-29 16:46:57.980  3343  3343 E android.os.Debug: failed to load memtrack module: -2
07-29 16:46:57.981  3343  3343 I Radio-JNI: register_android_hardware_Radio DONE
07-29 16:46:57.987  3343  3343 D AndroidRuntime: Calling main entry com.android.commands.uiautomator.Launcher
07-29 16:46:57.994  1877  1877 D leak-114: Eastern Standard Time
07-29 16:46:57.995  1877  1877 D leak-114: Eastern Standard Time
07-29 16:46:59.001  1877  1877 D leak-114: Eastern Standard Time
07-29 16:46:59.012  3343  3343 I AccessibilityNodeInfoDumper: Skipping invisible child: android.view.accessibility.AccessibilityNodeInfo@80010ef7; boundsInParent: Rect(0, 0 - 1200, 60); boundsInScreen: Rect(0, 2516 - 1200, 1824); packageName: com.jvillalba.apod.classic; className: android.widget.TextView; text: Collinder 399: The Coat Hanger; error: null; maxTextLength: -1; contentDescription: null; viewIdResName: com.jvillalba.apod.classic:id/textViewAPOD; checkable: false; checked: false; focusable: false; focused: false; selected: false; clickable: false; longClickable: false; contextClickable: false; enabled: true; password: false; scrollable: false; actions: [AccessibilityAction: ACTION_SELECT - null, AccessibilityAction: ACTION_CLEAR_SELECTION - null, AccessibilityAction: ACTION_ACCESSIBILITY_FOCUS - null, AccessibilityAction: ACTION_NEXT_AT_MOVEMENT_GRANULARITY - null, AccessibilityAction: ACTION_PREVIOUS_AT_MOVEMENT_GRANULARITY - null, AccessibilityAction: ACTION_SET_SELECTION - null, AccessibilityAction: ACTION_UNKNOWN - null]
07-29 16:46:59.013  3343  3343 W AccessibilityNodeInfoDumper: Fetch time: 9ms
07-29 16:46:59.013   587   747 W WindowManager: Attempted to remove non-existing token: android.os.Binder@e850f48
07-29 16:46:59.015  3343  3343 D AndroidRuntime: Shutting down VM
07-29 16:46:59.449  3361  3361 D AndroidRuntime: >>>>>> START com.android.internal.os.RuntimeInit uid 0 <<<<<<
07-29 16:46:59.451  3361  3361 D AndroidRuntime: CheckJNI is OFF
07-29 16:46:59.458  3361  3361 D ICU     : No timezone override file found: /data/misc/zoneinfo/current/icu/icu_tzdata.dat
07-29 16:46:59.470  3361  3361 E memtrack: Couldn't load memtrack module (No such file or directory)
07-29 16:46:59.470  3361  3361 E android.os.Debug: failed to load memtrack module: -2
07-29 16:46:59.470  3361  3361 I Radio-JNI: register_android_hardware_Radio DONE
07-29 16:46:59.475  3361  3361 D AndroidRuntime: Calling main entry com.android.commands.uiautomator.Launcher
07-29 16:46:59.483  1877  1877 D leak-114: Eastern Standard Time
07-29 16:46:59.483  1877  1877 D leak-114: Eastern Standard Time
07-29 16:47:00.485  1877  1877 D leak-114: Eastern Standard Time
07-29 16:47:00.495  3361  3361 I AccessibilityNodeInfoDumper: Skipping invisible child: android.view.accessibility.AccessibilityNodeInfo@80010efd; boundsInParent: Rect(0, 0 - 1200, 60); boundsInScreen: Rect(0, 2516 - 1200, 1824); packageName: com.jvillalba.apod.classic; className: android.widget.TextView; text: Collinder 399: The Coat Hanger; error: null; maxTextLength: -1; contentDescription: null; viewIdResName: com.jvillalba.apod.classic:id/textViewAPOD; checkable: false; checked: false; focusable: false; focused: false; selected: false; clickable: false; longClickable: false; contextClickable: false; enabled: true; password: false; scrollable: false; actions: [AccessibilityAction: ACTION_SELECT - null, AccessibilityAction: ACTION_CLEAR_SELECTION - null, AccessibilityAction: ACTION_ACCESSIBILITY_FOCUS - null, AccessibilityAction: ACTION_NEXT_AT_MOVEMENT_GRANULARITY - null, AccessibilityAction: ACTION_PREVIOUS_AT_MOVEMENT_GRANULARITY - null, AccessibilityAction: ACTION_SET_SELECTION - null, AccessibilityAction: ACTION_UNKNOWN - null]
07-29 16:47:00.495  3361  3361 W AccessibilityNodeInfoDumper: Fetch time: 6ms
07-29 16:47:00.495   587  1047 W WindowManager: Attempted to remove non-existing token: android.os.Binder@2ffa1e1
07-29 16:47:00.498  3361  3361 D AndroidRuntime: Shutting down VM
07-29 16:47:01.508  3384  3384 D AndroidRuntime: >>>>>> START com.android.internal.os.RuntimeInit uid 0 <<<<<<
07-29 16:47:01.510  3384  3384 D AndroidRuntime: CheckJNI is OFF
07-29 16:47:01.523  3384  3384 D ICU     : No timezone override file found: /data/misc/zoneinfo/current/icu/icu_tzdata.dat
07-29 16:47:01.536  3384  3384 E memtrack: Couldn't load memtrack module (No such file or directory)
