07-29 15:41:04.855  6102  6102 E android.os.Debug: failed to load memtrack module: -2
07-29 15:41:04.856  6102  6102 I Radio-JNI: register_android_hardware_Radio DONE
07-29 15:41:04.861  6102  6102 D AndroidRuntime: Calling main entry com.android.commands.uiautomator.Launcher
07-29 15:41:05.882  6102  6102 I AccessibilityNodeInfoDumper: Skipping invisible child: android.view.accessibility.AccessibilityNodeInfo@8000b639; boundsInParent: Rect(0, 0 - 0, 128); boundsInScreen: Rect(1184, 48 - 1184, 176); packageName: com.zola.bmi; className: android.support.v7.widget.LinearLayoutCompat; text: null; error: null; maxTextLength: -1; contentDescription: null; viewIdResName: null; checkable: false; checked: false; focusable: false; focused: false; selected: false; clickable: false; longClickable: false; contextClickable: false; enabled: true; password: false; scrollable: false; actions: [AccessibilityAction: ACTION_SELECT - null, AccessibilityAction: ACTION_CLEAR_SELECTION - null, AccessibilityAction: ACTION_ACCESSIBILITY_FOCUS - null, AccessibilityAction: ACTION_UNKNOWN - null]
07-29 15:41:05.882  6102  6102 I AccessibilityNodeInfoDumper: Skipping invisible child: android.view.accessibility.AccessibilityNodeInfo@800090af; boundsInParent: Rect(0, 0 - 0, 54); boundsInScreen: Rect(72, 662 - 72, 716); packageName: com.zola.bmi; className: android.widget.TextView; text: null; error: null; maxTextLength: -1; contentDescription: null; viewIdResName: com.zola.bmi:id/resultLabel; checkable: false; checked: false; focusable: false; focused: false; selected: false; clickable: false; longClickable: false; contextClickable: false; enabled: true; password: false; scrollable: false; actions: [AccessibilityAction: ACTION_SELECT - null, AccessibilityAction: ACTION_CLEAR_SELECTION - null, AccessibilityAction: ACTION_ACCESSIBILITY_FOCUS - null, AccessibilityAction: ACTION_UNKNOWN - null]
07-29 15:41:05.883  6102  6102 W AccessibilityNodeInfoDumper: Fetch time: 6ms
07-29 15:41:05.883   599   610 W WindowManager: Attempted to remove non-existing token: android.os.Binder@601f6ad
07-29 15:41:05.886  6102  6102 D AndroidRuntime: Shutting down VM
07-29 15:41:06.279  6115  6115 D AndroidRuntime: >>>>>> START com.android.internal.os.RuntimeInit uid 0 <<<<<<
07-29 15:41:06.280  6115  6115 D AndroidRuntime: CheckJNI is OFF
07-29 15:41:06.290  6115  6115 D ICU     : No timezone override file found: /data/misc/zoneinfo/current/icu/icu_tzdata.dat
07-29 15:41:06.303  6115  6115 E memtrack: Couldn't load memtrack module (No such file or directory)
07-29 15:41:06.303  6115  6115 E android.os.Debug: failed to load memtrack module: -2
07-29 15:41:06.304  6115  6115 I Radio-JNI: register_android_hardware_Radio DONE
07-29 15:41:06.309  6115  6115 D AndroidRuntime: Calling main entry com.android.commands.input.Input
07-29 15:41:06.310  6115  6115 I Input   : injectMotionEvent: MotionEvent { action=ACTION_DOWN, actionButton=0, id[0]=0, x[0]=1027.0, y[0]=320.0, toolType[0]=TOOL_TYPE_UNKNOWN, buttonState=0, metaState=0, flags=0x0, edgeFlags=0x0, pointerCount=1, historySize=0, eventTime=205360, downTime=205360, deviceId=0, source=0x1002 }
07-29 15:41:06.313  6115  6115 I Input   : injectMotionEvent: MotionEvent { action=ACTION_UP, actionButton=0, id[0]=0, x[0]=1027.0, y[0]=320.0, toolType[0]=TOOL_TYPE_UNKNOWN, buttonState=0, metaState=0, flags=0x0, edgeFlags=0x0, pointerCount=1, historySize=0, eventTime=205360, downTime=205360, deviceId=0, source=0x1002 }
07-29 15:41:06.317  6115  6115 D AndroidRuntime: Shutting down VM
07-29 15:41:06.317   810   810 I LatinIME: Starting input. Cursor position = 6,6
07-29 15:41:06.354  1641  1655 W EGL_emulation: eglSurfaceAttrib not implemented
07-29 15:41:06.354  1641  1655 W OpenGLRenderer: Failed to set EGL_SWAP_BEHAVIOR on surface 0xe9bd4200, error=EGL_SUCCESS
07-29 15:41:06.399   810  1669 W EGL_emulation: eglSurfaceAttrib not implemented
07-29 15:41:06.399   810  1669 W OpenGLRenderer: Failed to set EGL_SWAP_BEHAVIOR on surface 0xdf8ffb40, error=EGL_SUCCESS
07-29 15:41:06.724  6126  6126 D AndroidRuntime: >>>>>> START com.android.internal.os.RuntimeInit uid 0 <<<<<<
07-29 15:41:06.726  6126  6126 D AndroidRuntime: CheckJNI is OFF
07-29 15:41:06.736  6126  6126 D ICU     : No timezone override file found: /data/misc/zoneinfo/current/icu/icu_tzdata.dat
07-29 15:41:06.747  6126  6126 E memtrack: Couldn't load memtrack module (No such file or directory)
07-29 15:41:06.747  6126  6126 E android.os.Debug: failed to load memtrack module: -2
07-29 15:41:06.747  6126  6126 I Radio-JNI: register_android_hardware_Radio DONE
07-29 15:41:06.754  6126  6126 D AndroidRuntime: Calling main entry com.android.commands.input.Input
07-29 15:41:06.755  6126  6126 I Input   : injectKeyEvent: KeyEvent { action=ACTION_DOWN, keyCode=KEYCODE_ESCAPE, scanCode=0, metaState=0, flags=0x0, repeatCount=0, eventTime=205805, downTime=205805, deviceId=-1, source=0x101 }
07-29 15:41:06.757  6126  6126 I Input   : injectKeyEvent: KeyEvent { action=ACTION_UP, keyCode=KEYCODE_ESCAPE, scanCode=0, metaState=0, flags=0x0, repeatCount=0, eventTime=205805, downTime=205805, deviceId=-1, source=0x101 }
07-29 15:41:06.759  6126  6126 D AndroidRuntime: Shutting down VM
07-29 15:41:06.769   810  1669 E Surface : getSlotFromBufferLocked: unknown buffer: 0xf3dd4e60
07-29 15:41:07.688  6139  6139 D AndroidRuntime: >>>>>> START com.android.internal.os.RuntimeInit uid 0 <<<<<<
07-29 15:41:07.689  6139  6139 D AndroidRuntime: CheckJNI is OFF
07-29 15:41:07.697  6139  6139 D ICU     : No timezone override file found: /data/misc/zoneinfo/current/icu/icu_tzdata.dat
07-29 15:41:07.707  6139  6139 E memtrack: Couldn't load memtrack module (No such file or directory)
07-29 15:41:07.707  6139  6139 E android.os.Debug: failed to load memtrack module: -2
07-29 15:41:07.708  6139  6139 I Radio-JNI: register_android_hardware_Radio DONE
07-29 15:41:07.713  6139  6139 D AndroidRuntime: Calling main entry com.android.commands.input.Input
07-29 15:41:07.713  6139  6139 I Input   : injectKeyEvent: KeyEvent { action=ACTION_DOWN, keyCode=KEYCODE_MOVE_END, scanCode=0, metaState=0, flags=0x0, repeatCount=0, eventTime=206763, downTime=206763, deviceId=-1, source=0x101 }
07-29 15:41:07.716  1641  1655 E Surface : getSlotFromBufferLocked: unknown buffer: 0xf2c70fb0
07-29 15:41:07.720  6139  6139 I Input   : injectKeyEvent: KeyEvent { action=ACTION_UP, keyCode=KEYCODE_MOVE_END, scanCode=0, metaState=0, flags=0x0, repeatCount=0, eventTime=206763, downTime=206763, deviceId=-1, source=0x101 }
07-29 15:41:07.721  6139  6139 D AndroidRuntime: Shutting down VM
07-29 15:41:08.088  6148  6148 D AndroidRuntime: >>>>>> START com.android.internal.os.RuntimeInit uid 0 <<<<<<
07-29 15:41:08.089  6148  6148 D AndroidRuntime: CheckJNI is OFF
07-29 15:41:08.100  6148  6148 D ICU     : No timezone override file found: /data/misc/zoneinfo/current/icu/icu_tzdata.dat
07-29 15:41:08.110  6148  6148 E memtrack: Couldn't load memtrack module (No such file or directory)
07-29 15:41:08.111  6148  6148 E android.os.Debug: failed to load memtrack module: -2
07-29 15:41:08.111  6148  6148 I Radio-JNI: register_android_hardware_Radio DONE
07-29 15:41:08.116  6148  6148 D AndroidRuntime: Calling main entry com.android.commands.input.Input
07-29 15:41:08.117  6148  6148 I Input   : injectKeyEvent: KeyEvent { action=ACTION_DOWN, keyCode=KEYCODE_DEL, scanCode=0, metaState=0, flags=0x0, repeatCount=0, eventTime=207167, downTime=207167, deviceId=-1, source=0x101 }
07-29 15:41:08.119  6148  6148 I Input   : injectKeyEvent: KeyEvent { action=ACTION_UP, keyCode=KEYCODE_DEL, scanCode=0, metaState=0, flags=0x0, repeatCount=0, eventTime=207167, downTime=207167, deviceId=-1, source=0x101 }
07-29 15:41:08.120  6148  6148 I Input   : injectKeyEvent: KeyEvent { action=ACTION_DOWN, keyCode=KEYCODE_DEL, scanCode=0, metaState=0, flags=0x0, repeatCount=0, eventTime=207170, downTime=207170, deviceId=-1, source=0x101 }
07-29 15:41:08.121  6148  6148 I Input   : injectKeyEvent: KeyEvent { action=ACTION_UP, keyCode=KEYCODE_DEL, scanCode=0, metaState=0, flags=0x0, repeatCount=0, eventTime=207170, downTime=207170, deviceId=-1, source=0x101 }
07-29 15:41:08.122  6148  6148 I Input   : injectKeyEvent: KeyEvent { action=ACTION_DOWN, keyCode=KEYCODE_DEL, scanCode=0, metaState=0, flags=0x0, repeatCount=0, eventTime=207172, downTime=207172, deviceId=-1, source=0x101 }
07-29 15:41:08.123  6148  6148 I Input   : injectKeyEvent: KeyEvent { action=ACTION_UP, keyCode=KEYCODE_DEL, scanCode=0, metaState=0, flags=0x0, repeatCount=0, eventTime=207172, downTime=207172, deviceId=-1, source=0x101 }
07-29 15:41:08.124  6148  6148 I Input   : injectKeyEvent: KeyEvent { action=ACTION_DOWN, keyCode=KEYCODE_DEL, scanCode=0, metaState=0, flags=0x0, repeatCount=0, eventTime=207174, downTime=207174, deviceId=-1, source=0x101 }
07-29 15:41:08.125  6148  6148 I Input   : injectKeyEvent: KeyEvent { action=ACTION_UP, keyCode=KEYCODE_DEL, scanCode=0, metaState=0, flags=0x0, repeatCount=0, eventTime=207174, downTime=207174, deviceId=-1, source=0x101 }
07-29 15:41:08.126  6148  6148 I Input   : injectKeyEvent: KeyEvent { action=ACTION_DOWN, keyCode=KEYCODE_DEL, scanCode=0, metaState=0, flags=0x0, repeatCount=0, eventTime=207176, downTime=207176, deviceId=-1, source=0x101 }
07-29 15:41:08.127  6148  6148 I Input   : injectKeyEvent: KeyEvent { action=ACTION_UP, keyCode=KEYCODE_DEL, scanCode=0, metaState=0, flags=0x0, repeatCount=0, eventTime=207176, downTime=207176, deviceId=-1, source=0x101 }
07-29 15:41:08.128  6148  6148 I Input   : injectKeyEvent: KeyEvent { action=ACTION_DOWN, keyCode=KEYCODE_DEL, scanCode=0, metaState=0, flags=0x0, repeatCount=0, eventTime=207179, downTime=207179, deviceId=-1, source=0x101 }
07-29 15:41:08.130  6148  6148 I Input   : injectKeyEvent: KeyEvent { action=ACTION_UP, keyCode=KEYCODE_DEL, scanCode=0, metaState=0, flags=0x0, repeatCount=0, eventTime=207179, downTime=207179, deviceId=-1, source=0x101 }
07-29 15:41:08.131  6148  6148 I Input   : injectKeyEvent: KeyEvent { action=ACTION_DOWN, keyCode=KEYCODE_DEL, scanCode=0, metaState=0, flags=0x0, repeatCount=0, eventTime=207181, downTime=207181, deviceId=-1, source=0x101 }
07-29 15:41:08.132  6148  6148 I Input   : injectKeyEvent: KeyEvent { action=ACTION_UP, keyCode=KEYCODE_DEL, scanCode=0, metaState=0, flags=0x0, repeatCount=0, eventTime=207181, downTime=207181, deviceId=-1, source=0x101 }
07-29 15:41:08.132  6148  6148 I Input   : injectKeyEvent: KeyEvent { action=ACTION_DOWN, keyCode=KEYCODE_DEL, scanCode=0, metaState=0, flags=0x0, repeatCount=0, eventTime=207183, downTime=207183, deviceId=-1, source=0x101 }
07-29 15:41:08.133  6148  6148 I Input   : injectKeyEvent: KeyEvent { action=ACTION_UP, keyCode=KEYCODE_DEL, scanCode=0, metaState=0, flags=0x0, repeatCount=0, eventTime=207183, downTime=207183, deviceId=-1, source=0x101 }
07-29 15:41:08.135  6148  6148 I Input   : injectKeyEvent: KeyEvent { action=ACTION_DOWN, keyCode=KEYCODE_DEL, scanCode=0, metaState=0, flags=0x0, repeatCount=0, eventTime=207186, downTime=207186, deviceId=-1, source=0x101 }
07-29 15:41:08.136  6148  6148 I Input   : injectKeyEvent: KeyEvent { action=ACTION_UP, keyCode=KEYCODE_DEL, scanCode=0, metaState=0, flags=0x0, repeatCount=0, eventTime=207186, downTime=207186, deviceId=-1, source=0x101 }
07-29 15:41:08.137  6148  6148 I Input   : injectKeyEvent: KeyEvent { action=ACTION_DOWN, keyCode=KEYCODE_DEL, scanCode=0, metaState=0, flags=0x0, repeatCount=0, eventTime=207188, downTime=207188, deviceId=-1, source=0x101 }
07-29 15:41:08.138  6148  6148 I Input   : injectKeyEvent: KeyEvent { action=ACTION_UP, keyCode=KEYCODE_DEL, scanCode=0, metaState=0, flags=0x0, repeatCount=0, eventTime=207188, downTime=207188, deviceId=-1, source=0x101 }
07-29 15:41:08.139  6148  6148 I Input   : injectKeyEvent: KeyEvent { action=ACTION_DOWN, keyCode=KEYCODE_DEL, scanCode=0, metaState=0, flags=0x0, repeatCount=0, eventTime=207189, downTime=207189, deviceId=-1, source=0x101 }
07-29 15:41:08.140  6148  6148 I Input   : injectKeyEvent: KeyEvent { action=ACTION_UP, keyCode=KEYCODE_DEL, scanCode=0, metaState=0, flags=0x0, repeatCount=0, eventTime=207189, downTime=207189, deviceId=-1, source=0x101 }
07-29 15:41:08.141  6148  6148 I Input   : injectKeyEvent: KeyEvent { action=ACTION_DOWN, keyCode=KEYCODE_DEL, scanCode=0, metaState=0, flags=0x0, repeatCount=0, eventTime=207192, downTime=207192, deviceId=-1, source=0x101 }
07-29 15:41:08.142  6148  6148 I Input   : injectKeyEvent: KeyEvent { action=ACTION_UP, keyCode=KEYCODE_DEL, scanCode=0, metaState=0, flags=0x0, repeatCount=0, eventTime=207192, downTime=207192, deviceId=-1, source=0x101 }
07-29 15:41:08.143  6148  6148 I Input   : injectKeyEvent: KeyEvent { action=ACTION_DOWN, keyCode=KEYCODE_DEL, scanCode=0, metaState=0, flags=0x0, repeatCount=0, eventTime=207193, downTime=207193, deviceId=-1, source=0x101 }
07-29 15:41:08.143  6148  6148 I Input   : injectKeyEvent: KeyEvent { action=ACTION_UP, keyCode=KEYCODE_DEL, scanCode=0, metaState=0, flags=0x0, repeatCount=0, eventTime=207193, downTime=207193, deviceId=-1, source=0x101 }
07-29 15:41:08.144  6148  6148 I Input   : injectKeyEvent: KeyEvent { action=ACTION_DOWN, keyCode=KEYCODE_DEL, scanCode=0, metaState=0, flags=0x0, repeatCount=0, eventTime=207195, downTime=207195, deviceId=-1, source=0x101 }
07-29 15:41:08.145  6148  6148 I Input   : injectKeyEvent: KeyEvent { action=ACTION_UP, keyCode=KEYCODE_DEL, scanCode=0, metaState=0, flags=0x0, repeatCount=0, eventTime=207195, downTime=207195, deviceId=-1, source=0x101 }
07-29 15:41:08.146  6148  6148 I Input   : injectKeyEvent: KeyEvent { action=ACTION_DOWN, keyCode=KEYCODE_DEL, scanCode=0, metaState=0, flags=0x0, repeatCount=0, eventTime=207196, downTime=207196, deviceId=-1, source=0x101 }
07-29 15:41:08.147  6148  6148 I Input   : injectKeyEvent: KeyEvent { action=ACTION_UP, keyCode=KEYCODE_DEL, scanCode=0, metaState=0, flags=0x0, repeatCount=0, eventTime=207196, downTime=207196, deviceId=-1, source=0x101 }
07-29 15:41:08.147  6148  6148 I Input   : injectKeyEvent: KeyEvent { action=ACTION_DOWN, keyCode=KEYCODE_DEL, scanCode=0, metaState=0, flags=0x0, repeatCount=0, eventTime=207198, downTime=207198, deviceId=-1, source=0x101 }
07-29 15:41:08.148  6148  6148 I Input   : injectKeyEvent: KeyEvent { action=ACTION_UP, keyCode=KEYCODE_DEL, scanCode=0, metaState=0, flags=0x0, repeatCount=0, eventTime=207198, downTime=207198, deviceId=-1, source=0x101 }
07-29 15:41:08.149  6148  6148 I Input   : injectKeyEvent: KeyEvent { action=ACTION_DOWN, keyCode=KEYCODE_DEL, scanCode=0, metaState=0, flags=0x0, repeatCount=0, eventTime=207199, downTime=207199, deviceId=-1, source=0x101 }
07-29 15:41:08.149  6148  6148 I Input   : injectKeyEvent: KeyEvent { action=ACTION_UP, keyCode=KEYCODE_DEL, scanCode=0, metaState=0, flags=0x0, repeatCount=0, eventTime=207199, downTime=207199, deviceId=-1, source=0x101 }
07-29 15:41:08.150  6148  6148 I Input   : injectKeyEvent: KeyEvent { action=ACTION_DOWN, keyCode=KEYCODE_DEL, scanCode=0, metaState=0, flags=0x0, repeatCount=0, eventTime=207201, downTime=207201, deviceId=-1, source=0x101 }
07-29 15:41:08.151  6148  6148 I Input   : injectKeyEvent: KeyEvent { action=ACTION_UP, keyCode=KEYCODE_DEL, scanCode=0, metaState=0, flags=0x0, repeatCount=0, eventTime=207201, downTime=207201, deviceId=-1, source=0x101 }
07-29 15:41:08.153  6148  6148 I Input   : injectKeyEvent: KeyEvent { action=ACTION_DOWN, keyCode=KEYCODE_DEL, scanCode=0, metaState=0, flags=0x0, repeatCount=0, eventTime=207203, downTime=207203, deviceId=-1, source=0x101 }
07-29 15:41:08.154  6148  6148 I Input   : injectKeyEvent: KeyEvent { action=ACTION_UP, keyCode=KEYCODE_DEL, scanCode=0, metaState=0, flags=0x0, repeatCount=0, eventTime=207203, downTime=207203, deviceId=-1, source=0x101 }
07-29 15:41:08.155  6148  6148 I Input   : injectKeyEvent: KeyEvent { action=ACTION_DOWN, keyCode=KEYCODE_DEL, scanCode=0, metaState=0, flags=0x0, repeatCount=0, eventTime=207205, downTime=207205, deviceId=-1, source=0x101 }
07-29 15:41:08.156  6148  6148 I Input   : injectKeyEvent: KeyEvent { action=ACTION_UP, keyCode=KEYCODE_DEL, scanCode=0, metaState=0, flags=0x0, repeatCount=0, eventTime=207205, downTime=207205, deviceId=-1, source=0x101 }
07-29 15:41:08.156  6148  6148 I Input   : injectKeyEvent: KeyEvent { action=ACTION_DOWN, keyCode=KEYCODE_DEL, scanCode=0, metaState=0, flags=0x0, repeatCount=0, eventTime=207207, downTime=207207, deviceId=-1, source=0x101 }
07-29 15:41:08.157  6148  6148 I Input   : injectKeyEvent: KeyEvent { action=ACTION_UP, keyCode=KEYCODE_DEL, scanCode=0, metaState=0, flags=0x0, repeatCount=0, eventTime=207207, downTime=207207, deviceId=-1, source=0x101 }
07-29 15:41:08.158  6148  6148 I Input   : injectKeyEvent: KeyEvent { action=ACTION_DOWN, keyCode=KEYCODE_DEL, scanCode=0, metaState=0, flags=0x0, repeatCount=0, eventTime=207208, downTime=207208, deviceId=-1, source=0x101 }
07-29 15:41:08.160  6148  6148 I Input   : injectKeyEvent: KeyEvent { action=ACTION_UP, keyCode=KEYCODE_DEL, scanCode=0, metaState=0, flags=0x0, repeatCount=0, eventTime=207208, downTime=207208, deviceId=-1, source=0x101 }
07-29 15:41:08.160  6148  6148 I Input   : injectKeyEvent: KeyEvent { action=ACTION_DOWN, keyCode=KEYCODE_DEL, scanCode=0, metaState=0, flags=0x0, repeatCount=0, eventTime=207211, downTime=207211, deviceId=-1, source=0x101 }
07-29 15:41:08.161  6148  6148 I Input   : injectKeyEvent: KeyEvent { action=ACTION_UP, keyCode=KEYCODE_DEL, scanCode=0, metaState=0, flags=0x0, repeatCount=0, eventTime=207211, downTime=207211, deviceId=-1, source=0x101 }
07-29 15:41:08.162  6148  6148 I Input   : injectKeyEvent: KeyEvent { action=ACTION_DOWN, keyCode=KEYCODE_DEL, scanCode=0, metaState=0, flags=0x0, repeatCount=0, eventTime=207213, downTime=207213, deviceId=-1, source=0x101 }
07-29 15:41:08.163  6148  6148 I Input   : injectKeyEvent: KeyEvent { action=ACTION_UP, keyCode=KEYCODE_DEL, scanCode=0, metaState=0, flags=0x0, repeatCount=0, eventTime=207213, downTime=207213, deviceId=-1, source=0x101 }
07-29 15:41:08.163  6148  6148 I Input   : injectKeyEvent: KeyEvent { action=ACTION_DOWN, keyCode=KEYCODE_DEL, scanCode=0, metaState=0, flags=0x0, repeatCount=0, eventTime=207214, downTime=207214, deviceId=-1, source=0x101 }
07-29 15:41:08.164  6148  6148 I Input   : injectKeyEvent: KeyEvent { action=ACTION_UP, keyCode=KEYCODE_DEL, scanCode=0, metaState=0, flags=0x0, repeatCount=0, eventTime=207214, downTime=207214, deviceId=-1, source=0x101 }
07-29 15:41:08.165  6148  6148 I Input   : injectKeyEvent: KeyEvent { action=ACTION_DOWN, keyCode=KEYCODE_DEL, scanCode=0, metaState=0, flags=0x0, repeatCount=0, eventTime=207216, downTime=207216, deviceId=-1, source=0x101 }
07-29 15:41:08.166  6148  6148 I Input   : injectKeyEvent: KeyEvent { action=ACTION_UP, keyCode=KEYCODE_DEL, scanCode=0, metaState=0, flags=0x0, repeatCount=0, eventTime=207216, downTime=207216, deviceId=-1, source=0x101 }
07-29 15:41:08.166  6148  6148 I Input   : injectKeyEvent: KeyEvent { action=ACTION_DOWN, keyCode=KEYCODE_DEL, scanCode=0, metaState=0, flags=0x0, repeatCount=0, eventTime=207217, downTime=207217, deviceId=-1, source=0x101 }
07-29 15:41:08.167  6148  6148 I Input   : injectKeyEvent: KeyEvent { action=ACTION_UP, keyCode=KEYCODE_DEL, scanCode=0, metaState=0, flags=0x0, repeatCount=0, eventTime=207217, downTime=207217, deviceId=-1, source=0x101 }
07-29 15:41:08.168  6148  6148 I Input   : injectKeyEvent: KeyEvent { action=ACTION_DOWN, keyCode=KEYCODE_DEL, scanCode=0, metaState=0, flags=0x0, repeatCount=0, eventTime=207219, downTime=207219, deviceId=-1, source=0x101 }
07-29 15:41:08.169  6148  6148 I Input   : injectKeyEvent: KeyEvent { action=ACTION_UP, keyCode=KEYCODE_DEL, scanCode=0, metaState=0, flags=0x0, repeatCount=0, eventTime=207219, downTime=207219, deviceId=-1, source=0x101 }
07-29 15:41:08.169  6148  6148 I Input   : injectKeyEvent: KeyEvent { action=ACTION_DOWN, keyCode=KEYCODE_DEL, scanCode=0, metaState=0, flags=0x0, repeatCount=0, eventTime=207220, downTime=207220, deviceId=-1, source=0x101 }
07-29 15:41:08.170  6148  6148 I Input   : injectKeyEvent: KeyEvent { action=ACTION_UP, keyCode=KEYCODE_DEL, scanCode=0, metaState=0, flags=0x0, repeatCount=0, eventTime=207220, downTime=207220, deviceId=-1, source=0x101 }
07-29 15:41:08.170  6148  6148 I Input   : injectKeyEvent: KeyEvent { action=ACTION_DOWN, keyCode=KEYCODE_DEL, scanCode=0, metaState=0, flags=0x0, repeatCount=0, eventTime=207221, downTime=207221, deviceId=-1, source=0x101 }
07-29 15:41:08.171  6148  6148 I Input   : injectKeyEvent: KeyEvent { action=ACTION_UP, keyCode=KEYCODE_DEL, scanCode=0, metaState=0, flags=0x0, repeatCount=0, eventTime=207221, downTime=207221, deviceId=-1, source=0x101 }
07-29 15:41:08.172  6148  6148 I Input   : injectKeyEvent: KeyEvent { action=ACTION_DOWN, keyCode=KEYCODE_DEL, scanCode=0, metaState=0, flags=0x0, repeatCount=0, eventTime=207222, downTime=207222, deviceId=-1, source=0x101 }
07-29 15:41:08.172  6148  6148 I Input   : injectKeyEvent: KeyEvent { action=ACTION_UP, keyCode=KEYCODE_DEL, scanCode=0, metaState=0, flags=0x0, repeatCount=0, eventTime=207222, downTime=207222, deviceId=-1, source=0x101 }
07-29 15:41:08.173  6148  6148 I Input   : injectKeyEvent: KeyEvent { action=ACTION_DOWN, keyCode=KEYCODE_DEL, scanCode=0, metaState=0, flags=0x0, repeatCount=0, eventTime=207223, downTime=207223, deviceId=-1, source=0x101 }
07-29 15:41:08.174  6148  6148 I Input   : injectKeyEvent: KeyEvent { action=ACTION_UP, keyCode=KEYCODE_DEL, scanCode=0, metaState=0, flags=0x0, repeatCount=0, eventTime=207223, downTime=207223, deviceId=-1, source=0x101 }
07-29 15:41:08.174  6148  6148 I Input   : injectKeyEvent: KeyEvent { action=ACTION_DOWN, keyCode=KEYCODE_DEL, scanCode=0, metaState=0, flags=0x0, repeatCount=0, eventTime=207225, downTime=207225, deviceId=-1, source=0x101 }
07-29 15:41:08.175  6148  6148 I Input   : injectKeyEvent: KeyEvent { action=ACTION_UP, keyCode=KEYCODE_DEL, scanCode=0, metaState=0, flags=0x0, repeatCount=0, eventTime=207225, downTime=207225, deviceId=-1, source=0x101 }
07-29 15:41:08.175  6148  6148 I Input   : injectKeyEvent: KeyEvent { action=ACTION_DOWN, keyCode=KEYCODE_DEL, scanCode=0, metaState=0, flags=0x0, repeatCount=0, eventTime=207226, downTime=207226, deviceId=-1, source=0x101 }
07-29 15:41:08.176  6148  6148 I Input   : injectKeyEvent: KeyEvent { action=ACTION_UP, keyCode=KEYCODE_DEL, scanCode=0, metaState=0, flags=0x0, repeatCount=0, eventTime=207226, downTime=207226, deviceId=-1, source=0x101 }
07-29 15:41:08.177  6148  6148 I Input   : injectKeyEvent: KeyEvent { action=ACTION_DOWN, keyCode=KEYCODE_DEL, scanCode=0, metaState=0, flags=0x0, repeatCount=0, eventTime=207227, downTime=207227, deviceId=-1, source=0x101 }
07-29 15:41:08.177  6148  6148 I Input   : injectKeyEvent: KeyEvent { action=ACTION_UP, keyCode=KEYCODE_DEL, scanCode=0, metaState=0, flags=0x0, repeatCount=0, eventTime=207227, downTime=207227, deviceId=-1, source=0x101 }
07-29 15:41:08.178  6148  6148 I Input   : injectKeyEvent: KeyEvent { action=ACTION_DOWN, keyCode=KEYCODE_DEL, scanCode=0, metaState=0, flags=0x0, repeatCount=0, eventTime=207228, downTime=207228, deviceId=-1, source=0x101 }
07-29 15:41:08.178  6148  6148 I Input   : injectKeyEvent: KeyEvent { action=ACTION_UP, keyCode=KEYCODE_DEL, scanCode=0, metaState=0, flags=0x0, repeatCount=0, eventTime=207228, downTime=207228, deviceId=-1, source=0x101 }
07-29 15:41:08.179  6148  6148 I Input   : injectKeyEvent: KeyEvent { action=ACTION_DOWN, keyCode=KEYCODE_DEL, scanCode=0, metaState=0, flags=0x0, repeatCount=0, eventTime=207229, downTime=207229, deviceId=-1, source=0x101 }
07-29 15:41:08.180  6148  6148 I Input   : injectKeyEvent: KeyEvent { action=ACTION_UP, keyCode=KEYCODE_DEL, scanCode=0, metaState=0, flags=0x0, repeatCount=0, eventTime=207229, downTime=207229, deviceId=-1, source=0x101 }
07-29 15:41:08.180  6148  6148 I Input   : injectKeyEvent: KeyEvent { action=ACTION_DOWN, keyCode=KEYCODE_DEL, scanCode=0, metaState=0, flags=0x0, repeatCount=0, eventTime=207231, downTime=207231, deviceId=-1, source=0x101 }
07-29 15:41:08.181  6148  6148 I Input   : injectKeyEvent: KeyEvent { action=ACTION_UP, keyCode=KEYCODE_DEL, scanCode=0, metaState=0, flags=0x0, repeatCount=0, eventTime=207231, downTime=207231, deviceId=-1, source=0x101 }
07-29 15:41:08.181  6148  6148 I Input   : injectKeyEvent: KeyEvent { action=ACTION_DOWN, keyCode=KEYCODE_DEL, scanCode=0, metaState=0, flags=0x0, repeatCount=0, eventTime=207232, downTime=207232, deviceId=-1, source=0x101 }
07-29 15:41:08.182  6148  6148 I Input   : injectKeyEvent: KeyEvent { action=ACTION_UP, keyCode=KEYCODE_DEL, scanCode=0, metaState=0, flags=0x0, repeatCount=0, eventTime=207232, downTime=207232, deviceId=-1, source=0x101 }
07-29 15:41:08.183  6148  6148 I Input   : injectKeyEvent: KeyEvent { action=ACTION_DOWN, keyCode=KEYCODE_DEL, scanCode=0, metaState=0, flags=0x0, repeatCount=0, eventTime=207233, downTime=207233, deviceId=-1, source=0x101 }
07-29 15:41:08.183  6148  6148 I Input   : injectKeyEvent: KeyEvent { action=ACTION_UP, keyCode=KEYCODE_DEL, scanCode=0, metaState=0, flags=0x0, repeatCount=0, eventTime=207233, downTime=207233, deviceId=-1, source=0x101 }
07-29 15:41:08.184  6148  6148 I Input   : injectKeyEvent: KeyEvent { action=ACTION_DOWN, keyCode=KEYCODE_DEL, scanCode=0, metaState=0, flags=0x0, repeatCount=0, eventTime=207234, downTime=207234, deviceId=-1, source=0x101 }
07-29 15:41:08.184  6148  6148 I Input   : injectKeyEvent: KeyEvent { action=ACTION_UP, keyCode=KEYCODE_DEL, scanCode=0, metaState=0, flags=0x0, repeatCount=0, eventTime=207234, downTime=207234, deviceId=-1, source=0x101 }
07-29 15:41:08.185  6148  6148 I Input   : injectKeyEvent: KeyEvent { action=ACTION_DOWN, keyCode=KEYCODE_DEL, scanCode=0, metaState=0, flags=0x0, repeatCount=0, eventTime=207236, downTime=207236, deviceId=-1, source=0x101 }
07-29 15:41:08.186  6148  6148 I Input   : injectKeyEvent: KeyEvent { action=ACTION_UP, keyCode=KEYCODE_DEL, scanCode=0, metaState=0, flags=0x0, repeatCount=0, eventTime=207236, downTime=207236, deviceId=-1, source=0x101 }
07-29 15:41:08.186  6148  6148 I Input   : injectKeyEvent: KeyEvent { action=ACTION_DOWN, keyCode=KEYCODE_DEL, scanCode=0, metaState=0, flags=0x0, repeatCount=0, eventTime=207237, downTime=207237, deviceId=-1, source=0x101 }
07-29 15:41:08.187  6148  6148 I Input   : injectKeyEvent: KeyEvent { action=ACTION_UP, keyCode=KEYCODE_DEL, scanCode=0, metaState=0, flags=0x0, repeatCount=0, eventTime=207237, downTime=207237, deviceId=-1, source=0x101 }
07-29 15:41:08.187  6148  6148 I Input   : injectKeyEvent: KeyEvent { action=ACTION_DOWN, keyCode=KEYCODE_DEL, scanCode=0, metaState=0, flags=0x0, repeatCount=0, eventTime=207238, downTime=207238, deviceId=-1, source=0x101 }
07-29 15:41:08.188  6148  6148 I Input   : injectKeyEvent: KeyEvent { action=ACTION_UP, keyCode=KEYCODE_DEL, scanCode=0, metaState=0, flags=0x0, repeatCount=0, eventTime=207238, downTime=207238, deviceId=-1, source=0x101 }
07-29 15:41:08.188  6148  6148 I Input   : injectKeyEvent: KeyEvent { action=ACTION_DOWN, keyCode=KEYCODE_DEL, scanCode=0, metaState=0, flags=0x0, repeatCount=0, eventTime=207239, downTime=207239, deviceId=-1, source=0x101 }
07-29 15:41:08.189  6148  6148 I Input   : injectKeyEvent: KeyEvent { action=ACTION_UP, keyCode=KEYCODE_DEL, scanCode=0, metaState=0, flags=0x0, repeatCount=0, eventTime=207239, downTime=207239, deviceId=-1, source=0x101 }
07-29 15:41:08.190  6148  6148 I Input   : injectKeyEvent: KeyEvent { action=ACTION_DOWN, keyCode=KEYCODE_DEL, scanCode=0, metaState=0, flags=0x0, repeatCount=0, eventTime=207240, downTime=207240, deviceId=-1, source=0x101 }
07-29 15:41:08.190  6148  6148 I Input   : injectKeyEvent: KeyEvent { action=ACTION_UP, keyCode=KEYCODE_DEL, scanCode=0, metaState=0, flags=0x0, repeatCount=0, eventTime=207240, downTime=207240, deviceId=-1, source=0x101 }
07-29 15:41:08.191  6148  6148 I Input   : injectKeyEvent: KeyEvent { action=ACTION_DOWN, keyCode=KEYCODE_DEL, scanCode=0, metaState=0, flags=0x0, repeatCount=0, eventTime=207241, downTime=207241, deviceId=-1, source=0x101 }
07-29 15:41:08.192  6148  6148 I Input   : injectKeyEvent: KeyEvent { action=ACTION_UP, keyCode=KEYCODE_DEL, scanCode=0, metaState=0, flags=0x0, repeatCount=0, eventTime=207241, downTime=207241, deviceId=-1, source=0x101 }
07-29 15:41:08.192  6148  6148 I Input   : injectKeyEvent: KeyEvent { action=ACTION_DOWN, keyCode=KEYCODE_DEL, scanCode=0, metaState=0, flags=0x0, repeatCount=0, eventTime=207243, downTime=207243, deviceId=-1, source=0x101 }
07-29 15:41:08.193  6148  6148 I Input   : injectKeyEvent: KeyEvent { action=ACTION_UP, keyCode=KEYCODE_DEL, scanCode=0, metaState=0, flags=0x0, repeatCount=0, eventTime=207243, downTime=207243, deviceId=-1, source=0x101 }
07-29 15:41:08.194  6148  6148 I Input   : injectKeyEvent: KeyEvent { action=ACTION_DOWN, keyCode=KEYCODE_DEL, scanCode=0, metaState=0, flags=0x0, repeatCount=0, eventTime=207244, downTime=207244, deviceId=-1, source=0x101 }
07-29 15:41:08.195  6148  6148 I Input   : injectKeyEvent: KeyEvent { action=ACTION_UP, keyCode=KEYCODE_DEL, scanCode=0, metaState=0, flags=0x0, repeatCount=0, eventTime=207244, downTime=207244, deviceId=-1, source=0x101 }
07-29 15:41:08.195  6148  6148 I Input   : injectKeyEvent: KeyEvent { action=ACTION_DOWN, keyCode=KEYCODE_DEL, scanCode=0, metaState=0, flags=0x0, repeatCount=0, eventTime=207246, downTime=207246, deviceId=-1, source=0x101 }
07-29 15:41:08.196  6148  6148 I Input   : injectKeyEvent: KeyEvent { action=ACTION_UP, keyCode=KEYCODE_DEL, scanCode=0, metaState=0, flags=0x0, repeatCount=0, eventTime=207246, downTime=207246, deviceId=-1, source=0x101 }
07-29 15:41:08.197  6148  6148 D AndroidRuntime: Shutting down VM
07-29 15:41:08.536  6157  6157 D AndroidRuntime: >>>>>> START com.android.internal.os.RuntimeInit uid 0 <<<<<<
07-29 15:41:08.540  6157  6157 D AndroidRuntime: CheckJNI is OFF
07-29 15:41:08.547  6157  6157 D ICU     : No timezone override file found: /data/misc/zoneinfo/current/icu/icu_tzdata.dat
07-29 15:41:08.557  6157  6157 E memtrack: Couldn't load memtrack module (No such file or directory)
07-29 15:41:08.557  6157  6157 E android.os.Debug: failed to load memtrack module: -2
07-29 15:41:08.558  6157  6157 I Radio-JNI: register_android_hardware_Radio DONE
07-29 15:41:08.564  6157  6157 D AndroidRuntime: Calling main entry com.android.commands.input.Input
07-29 15:41:08.566  6157  6157 I Input   : injectKeyEvent: KeyEvent { action=ACTION_DOWN, keyCode=KEYCODE_1, scanCode=0, metaState=0, flags=0x0, repeatCount=0, eventTime=207615, downTime=207615, deviceId=-1, source=0x101 }
07-29 15:41:08.567  6157  6157 I Input   : injectKeyEvent: KeyEvent { action=ACTION_UP, keyCode=KEYCODE_1, scanCode=0, metaState=0, flags=0x0, repeatCount=0, eventTime=207615, downTime=207615, deviceId=-1, source=0x101 }
07-29 15:41:08.567  6157  6157 I Input   : injectKeyEvent: KeyEvent { action=ACTION_DOWN, keyCode=KEYCODE_2, scanCode=0, metaState=0, flags=0x0, repeatCount=0, eventTime=207615, downTime=207615, deviceId=-1, source=0x101 }
07-29 15:41:08.568  6157  6157 I Input   : injectKeyEvent: KeyEvent { action=ACTION_UP, keyCode=KEYCODE_2, scanCode=0, metaState=0, flags=0x0, repeatCount=0, eventTime=207615, downTime=207615, deviceId=-1, source=0x101 }
07-29 15:41:08.569  6157  6157 I Input   : injectKeyEvent: KeyEvent { action=ACTION_DOWN, keyCode=KEYCODE_3, scanCode=0, metaState=0, flags=0x0, repeatCount=0, eventTime=207615, downTime=207615, deviceId=-1, source=0x101 }
07-29 15:41:08.570  6157  6157 I Input   : injectKeyEvent: KeyEvent { action=ACTION_UP, keyCode=KEYCODE_3, scanCode=0, metaState=0, flags=0x0, repeatCount=0, eventTime=207615, downTime=207615, deviceId=-1, source=0x101 }
07-29 15:41:08.571  6157  6157 I Input   : injectKeyEvent: KeyEvent { action=ACTION_DOWN, keyCode=KEYCODE_4, scanCode=0, metaState=0, flags=0x0, repeatCount=0, eventTime=207615, downTime=207615, deviceId=-1, source=0x101 }
07-29 15:41:08.572  6157  6157 I Input   : injectKeyEvent: KeyEvent { action=ACTION_UP, keyCode=KEYCODE_4, scanCode=0, metaState=0, flags=0x0, repeatCount=0, eventTime=207615, downTime=207615, deviceId=-1, source=0x101 }
07-29 15:41:08.573  6157  6157 I Input   : injectKeyEvent: KeyEvent { action=ACTION_DOWN, keyCode=KEYCODE_5, scanCode=0, metaState=0, flags=0x0, repeatCount=0, eventTime=207615, downTime=207615, deviceId=-1, source=0x101 }
07-29 15:41:08.574  6157  6157 I Input   : injectKeyEvent: KeyEvent { action=ACTION_UP, keyCode=KEYCODE_5, scanCode=0, metaState=0, flags=0x0, repeatCount=0, eventTime=207615, downTime=207615, deviceId=-1, source=0x101 }
07-29 15:41:08.575  6157  6157 I Input   : injectKeyEvent: KeyEvent { action=ACTION_DOWN, keyCode=KEYCODE_6, scanCode=0, metaState=0, flags=0x0, repeatCount=0, eventTime=207615, downTime=207615, deviceId=-1, source=0x101 }
07-29 15:41:08.576  6157  6157 I Input   : injectKeyEvent: KeyEvent { action=ACTION_UP, keyCode=KEYCODE_6, scanCode=0, metaState=0, flags=0x0, repeatCount=0, eventTime=207615, downTime=207615, deviceId=-1, source=0x101 }
07-29 15:41:08.577  6157  6157 I Input   : injectKeyEvent: KeyEvent { action=ACTION_DOWN, keyCode=KEYCODE_7, scanCode=0, metaState=0, flags=0x0, repeatCount=0, eventTime=207615, downTime=207615, deviceId=-1, source=0x101 }
07-29 15:41:08.578  6157  6157 I Input   : injectKeyEvent: KeyEvent { action=ACTION_UP, keyCode=KEYCODE_7, scanCode=0, metaState=0, flags=0x0, repeatCount=0, eventTime=207615, downTime=207615, deviceId=-1, source=0x101 }
07-29 15:41:08.578  6157  6157 D AndroidRuntime: Shutting down VM
07-29 15:41:10.370  6487  6487 D AndroidRuntime: >>>>>> START com.android.internal.os.RuntimeInit uid 0 <<<<<<
07-29 15:41:10.371  6487  6487 D AndroidRuntime: CheckJNI is OFF
07-29 15:41:10.380  6487  6487 D ICU     : No timezone override file found: /data/misc/zoneinfo/current/icu/icu_tzdata.dat
07-29 15:41:10.394  6487  6487 E memtrack: Couldn't load memtrack module (No such file or directory)
07-29 15:41:10.394  6487  6487 E android.os.Debug: failed to load memtrack module: -2
07-29 15:41:10.394  6487  6487 I Radio-JNI: register_android_hardware_Radio DONE
07-29 15:41:10.400  6487  6487 D AndroidRuntime: Calling main entry com.android.commands.uiautomator.Launcher
07-29 15:41:11.419  6487  6487 I AccessibilityNodeInfoDumper: Skipping invisible child: android.view.accessibility.AccessibilityNodeInfo@8000b640; boundsInParent: Rect(0, 0 - 0, 128); boundsInScreen: Rect(1184, 48 - 1184, 176); packageName: com.zola.bmi; className: android.support.v7.widget.LinearLayoutCompat; text: null; error: null; maxTextLength: -1; contentDescription: null; viewIdResName: null; checkable: false; checked: false; focusable: false; focused: false; selected: false; clickable: false; longClickable: false; contextClickable: false; enabled: true; password: false; scrollable: false; actions: [AccessibilityAction: ACTION_SELECT - null, AccessibilityAction: ACTION_CLEAR_SELECTION - null, AccessibilityAction: ACTION_ACCESSIBILITY_FOCUS - null, AccessibilityAction: ACTION_UNKNOWN - null]
07-29 15:41:11.419  6487  6487 I AccessibilityNodeInfoDumper: Skipping invisible child: android.view.accessibility.AccessibilityNodeInfo@800090b6; boundsInParent: Rect(0, 0 - 0, 54); boundsInScreen: Rect(72, 662 - 72, 716); packageName: com.zola.bmi; className: android.widget.TextView; text: null; error: null; maxTextLength: -1; contentDescription: null; viewIdResName: com.zola.bmi:id/resultLabel; checkable: false; checked: false; focusable: false; focused: false; selected: false; clickable: false; longClickable: false; contextClickable: false; enabled: true; password: false; scrollable: false; actions: [AccessibilityAction: ACTION_SELECT - null, AccessibilityAction: ACTION_CLEAR_SELECTION - null, AccessibilityAction: ACTION_ACCESSIBILITY_FOCUS - null, AccessibilityAction: ACTION_UNKNOWN - null]
07-29 15:41:11.420  6487  6487 W AccessibilityNodeInfoDumper: Fetch time: 8ms
07-29 15:41:11.421   599   739 W WindowManager: Attempted to remove non-existing token: android.os.Binder@4318163
07-29 15:41:11.424  6487  6487 D AndroidRuntime: Shutting down VM
07-29 15:41:12.406  6510  6510 D AndroidRuntime: >>>>>> START com.android.internal.os.RuntimeInit uid 0 <<<<<<
07-29 15:41:12.407  6510  6510 D AndroidRuntime: CheckJNI is OFF
07-29 15:41:12.417  6510  6510 D ICU     : No timezone override file found: /data/misc/zoneinfo/current/icu/icu_tzdata.dat
07-29 15:41:12.428  6510  6510 E memtrack: Couldn't load memtrack module (No such file or directory)
07-29 15:41:12.428  6510  6510 E android.os.Debug: failed to load memtrack module: -2
07-29 15:41:12.428  6510  6510 I Radio-JNI: register_android_hardware_Radio DONE
07-29 15:41:12.434  6510  6510 D AndroidRuntime: Calling main entry com.android.commands.uiautomator.Launcher
07-29 15:41:13.453  6510  6510 I AccessibilityNodeInfoDumper: Skipping invisible child: android.view.accessibility.AccessibilityNodeInfo@8000b648; boundsInParent: Rect(0, 0 - 0, 128); boundsInScreen: Rect(1184, 48 - 1184, 176); packageName: com.zola.bmi; className: android.support.v7.widget.LinearLayoutCompat; text: null; error: null; maxTextLength: -1; contentDescription: null; viewIdResName: null; checkable: false; checked: false; focusable: false; focused: false; selected: false; clickable: false; longClickable: false; contextClickable: false; enabled: true; password: false; scrollable: false; actions: [AccessibilityAction: ACTION_SELECT - null, AccessibilityAction: ACTION_CLEAR_SELECTION - null, AccessibilityAction: ACTION_ACCESSIBILITY_FOCUS - null, AccessibilityAction: ACTION_UNKNOWN - null]
07-29 15:41:13.453  6510  6510 I AccessibilityNodeInfoDumper: Skipping invisible child: android.view.accessibility.AccessibilityNodeInfo@800090be; boundsInParent: Rect(0, 0 - 0, 54); boundsInScreen: Rect(72, 662 - 72, 716); packageName: com.zola.bmi; className: android.widget.TextView; text: null; error: null; maxTextLength: -1; contentDescription: null; viewIdResName: com.zola.bmi:id/resultLabel; checkable: false; checked: false; focusable: false; focused: false; selected: false; clickable: false; longClickable: false; contextClickable: false; enabled: true; password: false; scrollable: false; actions: [AccessibilityAction: ACTION_SELECT - null, AccessibilityAction: ACTION_CLEAR_SELECTION - null, AccessibilityAction: ACTION_ACCESSIBILITY_FOCUS - null, AccessibilityAction: ACTION_UNKNOWN - null]
07-29 15:41:13.454  6510  6510 W AccessibilityNodeInfoDumper: Fetch time: 7ms
07-29 15:41:13.455   599   610 W WindowManager: Attempted to remove non-existing token: android.os.Binder@4127160
07-29 15:41:13.457  6510  6510 D AndroidRuntime: Shutting down VM
07-29 15:41:13.864  6528  6528 D AndroidRuntime: >>>>>> START com.android.internal.os.RuntimeInit uid 0 <<<<<<
07-29 15:41:13.864  6528  6528 D AndroidRuntime: CheckJNI is OFF
07-29 15:41:13.873  6528  6528 D ICU     : No timezone override file found: /data/misc/zoneinfo/current/icu/icu_tzdata.dat
07-29 15:41:13.885  6528  6528 E memtrack: Couldn't load memtrack module (No such file or directory)
07-29 15:41:13.885  6528  6528 E android.os.Debug: failed to load memtrack module: -2
07-29 15:41:13.885  6528  6528 I Radio-JNI: register_android_hardware_Radio DONE
07-29 15:41:13.891  6528  6528 D AndroidRuntime: Calling main entry com.android.commands.uiautomator.Launcher
07-29 15:41:14.912  6528  6528 I AccessibilityNodeInfoDumper: Skipping invisible child: android.view.accessibility.AccessibilityNodeInfo@8000b64f; boundsInParent: Rect(0, 0 - 0, 128); boundsInScreen: Rect(1184, 48 - 1184, 176); packageName: com.zola.bmi; className: android.support.v7.widget.LinearLayoutCompat; text: null; error: null; maxTextLength: -1; contentDescription: null; viewIdResName: null; checkable: false; checked: false; focusable: false; focused: false; selected: false; clickable: false; longClickable: false; contextClickable: false; enabled: true; password: false; scrollable: false; actions: [AccessibilityAction: ACTION_SELECT - null, AccessibilityAction: ACTION_CLEAR_SELECTION - null, AccessibilityAction: ACTION_ACCESSIBILITY_FOCUS - null, AccessibilityAction: ACTION_UNKNOWN - null]
07-29 15:41:14.912  6528  6528 I AccessibilityNodeInfoDumper: Skipping invisible child: android.view.accessibility.AccessibilityNodeInfo@800090c5; boundsInParent: Rect(0, 0 - 0, 54); boundsInScreen: Rect(72, 662 - 72, 716); packageName: com.zola.bmi; className: android.widget.TextView; text: null; error: null; maxTextLength: -1; contentDescription: null; viewIdResName: com.zola.bmi:id/resultLabel; checkable: false; checked: false; focusable: false; focused: false; selected: false; clickable: false; longClickable: false; contextClickable: false; enabled: true; password: false; scrollable: false; actions: [AccessibilityAction: ACTION_SELECT - null, AccessibilityAction: ACTION_CLEAR_SELECTION - null, AccessibilityAction: ACTION_ACCESSIBILITY_FOCUS - null, AccessibilityAction: ACTION_UNKNOWN - null]
07-29 15:41:14.913  6528  6528 W AccessibilityNodeInfoDumper: Fetch time: 7ms
07-29 15:41:14.913   599   611 W WindowManager: Attempted to remove non-existing token: android.os.Binder@aa5b619
07-29 15:41:14.916  6528  6528 D AndroidRuntime: Shutting down VM
07-29 15:41:15.322  6542  6542 D AndroidRuntime: >>>>>> START com.android.internal.os.RuntimeInit uid 0 <<<<<<
07-29 15:41:15.324  6542  6542 D AndroidRuntime: CheckJNI is OFF
07-29 15:41:15.334  6542  6542 D ICU     : No timezone override file found: /data/misc/zoneinfo/current/icu/icu_tzdata.dat
07-29 15:41:15.345  6542  6542 E memtrack: Couldn't load memtrack module (No such file or directory)
07-29 15:41:15.345  6542  6542 E android.os.Debug: failed to load memtrack module: -2
07-29 15:41:15.346  6542  6542 I Radio-JNI: register_android_hardware_Radio DONE
07-29 15:41:15.353  6542  6542 D AndroidRuntime: Calling main entry com.android.commands.input.Input
07-29 15:41:15.355  6542  6542 I Input   : injectMotionEvent: MotionEvent { action=ACTION_DOWN, actionButton=0, id[0]=0, x[0]=1027.0, y[0]=480.0, toolType[0]=TOOL_TYPE_UNKNOWN, buttonState=0, metaState=0, flags=0x0, edgeFlags=0x0, pointerCount=1, historySize=0, eventTime=214404, downTime=214404, deviceId=0, source=0x1002 }
07-29 15:41:15.358  6542  6542 I Input   : injectMotionEvent: MotionEvent { action=ACTION_UP, actionButton=0, id[0]=0, x[0]=1027.0, y[0]=480.0, toolType[0]=TOOL_TYPE_UNKNOWN, buttonState=0, metaState=0, flags=0x0, edgeFlags=0x0, pointerCount=1, historySize=0, eventTime=214404, downTime=214404, deviceId=0, source=0x1002 }
07-29 15:41:15.361  6542  6542 D AndroidRuntime: Shutting down VM
07-29 15:41:15.362   810   810 I LatinIME: Starting input. Cursor position = 6,6
07-29 15:41:15.406  1641  1655 W EGL_emulation: eglSurfaceAttrib not implemented
07-29 15:41:15.406  1641  1655 W OpenGLRenderer: Failed to set EGL_SWAP_BEHAVIOR on surface 0xe9bd4340, error=EGL_SUCCESS
07-29 15:41:15.450   810  1669 W EGL_emulation: eglSurfaceAttrib not implemented
07-29 15:41:15.450   810  1669 W OpenGLRenderer: Failed to set EGL_SWAP_BEHAVIOR on surface 0xdf8ff380, error=EGL_SUCCESS
07-29 15:41:15.754  6553  6553 D AndroidRuntime: >>>>>> START com.android.internal.os.RuntimeInit uid 0 <<<<<<
07-29 15:41:15.756  6553  6553 D AndroidRuntime: CheckJNI is OFF
07-29 15:41:15.766  6553  6553 D ICU     : No timezone override file found: /data/misc/zoneinfo/current/icu/icu_tzdata.dat
07-29 15:41:15.778  6553  6553 E memtrack: Couldn't load memtrack module (No such file or directory)
07-29 15:41:15.778  6553  6553 E android.os.Debug: failed to load memtrack module: -2
07-29 15:41:15.779  6553  6553 I Radio-JNI: register_android_hardware_Radio DONE
07-29 15:41:15.786  6553  6553 D AndroidRuntime: Calling main entry com.android.commands.input.Input
07-29 15:41:15.787  6553  6553 I Input   : injectKeyEvent: KeyEvent { action=ACTION_DOWN, keyCode=KEYCODE_ESCAPE, scanCode=0, metaState=0, flags=0x0, repeatCount=0, eventTime=214837, downTime=214837, deviceId=-1, source=0x101 }
07-29 15:41:15.790  6553  6553 I Input   : injectKeyEvent: KeyEvent { action=ACTION_UP, keyCode=KEYCODE_ESCAPE, scanCode=0, metaState=0, flags=0x0, repeatCount=0, eventTime=214837, downTime=214837, deviceId=-1, source=0x101 }
07-29 15:41:15.792  6553  6553 D AndroidRuntime: Shutting down VM
07-29 15:41:15.802   810  1669 E Surface : getSlotFromBufferLocked: unknown buffer: 0xf3dd4f40
07-29 15:41:16.711  6566  6566 D AndroidRuntime: >>>>>> START com.android.internal.os.RuntimeInit uid 0 <<<<<<
07-29 15:41:16.712  6566  6566 D AndroidRuntime: CheckJNI is OFF
07-29 15:41:16.721  6566  6566 D ICU     : No timezone override file found: /data/misc/zoneinfo/current/icu/icu_tzdata.dat
07-29 15:41:16.732  6566  6566 E memtrack: Couldn't load memtrack module (No such file or directory)
07-29 15:41:16.732  6566  6566 E android.os.Debug: failed to load memtrack module: -2
07-29 15:41:16.733  6566  6566 I Radio-JNI: register_android_hardware_Radio DONE
07-29 15:41:16.739  6566  6566 D AndroidRuntime: Calling main entry com.android.commands.input.Input
07-29 15:41:16.740  6566  6566 I Input   : injectKeyEvent: KeyEvent { action=ACTION_DOWN, keyCode=KEYCODE_MOVE_END, scanCode=0, metaState=0, flags=0x0, repeatCount=0, eventTime=215790, downTime=215790, deviceId=-1, source=0x101 }
07-29 15:41:16.743  1641  1655 E Surface : getSlotFromBufferLocked: unknown buffer: 0xf2c70e60
07-29 15:41:16.745  6566  6566 I Input   : injectKeyEvent: KeyEvent { action=ACTION_UP, keyCode=KEYCODE_MOVE_END, scanCode=0, metaState=0, flags=0x0, repeatCount=0, eventTime=215790, downTime=215790, deviceId=-1, source=0x101 }
07-29 15:41:16.746  6566  6566 D AndroidRuntime: Shutting down VM
07-29 15:41:17.102  6575  6575 D AndroidRuntime: >>>>>> START com.android.internal.os.RuntimeInit uid 0 <<<<<<
07-29 15:41:17.103  6575  6575 D AndroidRuntime: CheckJNI is OFF
07-29 15:41:17.113  6575  6575 D ICU     : No timezone override file found: /data/misc/zoneinfo/current/icu/icu_tzdata.dat
07-29 15:41:17.124  6575  6575 E memtrack: Couldn't load memtrack module (No such file or directory)
07-29 15:41:17.124  6575  6575 E android.os.Debug: failed to load memtrack module: -2
07-29 15:41:17.125  6575  6575 I Radio-JNI: register_android_hardware_Radio DONE
07-29 15:41:17.130  6575  6575 D AndroidRuntime: Calling main entry com.android.commands.input.Input
07-29 15:41:17.130  6575  6575 I Input   : injectKeyEvent: KeyEvent { action=ACTION_DOWN, keyCode=KEYCODE_DEL, scanCode=0, metaState=0, flags=0x0, repeatCount=0, eventTime=216181, downTime=216181, deviceId=-1, source=0x101 }
07-29 15:41:17.133  6575  6575 I Input   : injectKeyEvent: KeyEvent { action=ACTION_UP, keyCode=KEYCODE_DEL, scanCode=0, metaState=0, flags=0x0, repeatCount=0, eventTime=216181, downTime=216181, deviceId=-1, source=0x101 }
07-29 15:41:17.134  6575  6575 I Input   : injectKeyEvent: KeyEvent { action=ACTION_DOWN, keyCode=KEYCODE_DEL, scanCode=0, metaState=0, flags=0x0, repeatCount=0, eventTime=216184, downTime=216184, deviceId=-1, source=0x101 }
07-29 15:41:17.135  6575  6575 I Input   : injectKeyEvent: KeyEvent { action=ACTION_UP, keyCode=KEYCODE_DEL, scanCode=0, metaState=0, flags=0x0, repeatCount=0, eventTime=216184, downTime=216184, deviceId=-1, source=0x101 }
07-29 15:41:17.136  6575  6575 I Input   : injectKeyEvent: KeyEvent { action=ACTION_DOWN, keyCode=KEYCODE_DEL, scanCode=0, metaState=0, flags=0x0, repeatCount=0, eventTime=216186, downTime=216186, deviceId=-1, source=0x101 }
07-29 15:41:17.137  6575  6575 I Input   : injectKeyEvent: KeyEvent { action=ACTION_UP, keyCode=KEYCODE_DEL, scanCode=0, metaState=0, flags=0x0, repeatCount=0, eventTime=216186, downTime=216186, deviceId=-1, source=0x101 }
07-29 15:41:17.139  6575  6575 I Input   : injectKeyEvent: KeyEvent { action=ACTION_DOWN, keyCode=KEYCODE_DEL, scanCode=0, metaState=0, flags=0x0, repeatCount=0, eventTime=216189, downTime=216189, deviceId=-1, source=0x101 }
07-29 15:41:17.140  6575  6575 I Input   : injectKeyEvent: KeyEvent { action=ACTION_UP, keyCode=KEYCODE_DEL, scanCode=0, metaState=0, flags=0x0, repeatCount=0, eventTime=216189, downTime=216189, deviceId=-1, source=0x101 }
07-29 15:41:17.141  6575  6575 I Input   : injectKeyEvent: KeyEvent { action=ACTION_DOWN, keyCode=KEYCODE_DEL, scanCode=0, metaState=0, flags=0x0, repeatCount=0, eventTime=216191, downTime=216191, deviceId=-1, source=0x101 }
07-29 15:41:17.141  6575  6575 I Input   : injectKeyEvent: KeyEvent { action=ACTION_UP, keyCode=KEYCODE_DEL, scanCode=0, metaState=0, flags=0x0, repeatCount=0, eventTime=216191, downTime=216191, deviceId=-1, source=0x101 }
07-29 15:41:17.142  6575  6575 I Input   : injectKeyEvent: KeyEvent { action=ACTION_DOWN, keyCode=KEYCODE_DEL, scanCode=0, metaState=0, flags=0x0, repeatCount=0, eventTime=216192, downTime=216192, deviceId=-1, source=0x101 }
07-29 15:41:17.143  6575  6575 I Input   : injectKeyEvent: KeyEvent { action=ACTION_UP, keyCode=KEYCODE_DEL, scanCode=0, metaState=0, flags=0x0, repeatCount=0, eventTime=216192, downTime=216192, deviceId=-1, source=0x101 }
07-29 15:41:17.144  6575  6575 I Input   : injectKeyEvent: KeyEvent { action=ACTION_DOWN, keyCode=KEYCODE_DEL, scanCode=0, metaState=0, flags=0x0, repeatCount=0, eventTime=216194, downTime=216194, deviceId=-1, source=0x101 }
07-29 15:41:17.145  6575  6575 I Input   : injectKeyEvent: KeyEvent { action=ACTION_UP, keyCode=KEYCODE_DEL, scanCode=0, metaState=0, flags=0x0, repeatCount=0, eventTime=216194, downTime=216194, deviceId=-1, source=0x101 }
07-29 15:41:17.146  6575  6575 I Input   : injectKeyEvent: KeyEvent { action=ACTION_DOWN, keyCode=KEYCODE_DEL, scanCode=0, metaState=0, flags=0x0, repeatCount=0, eventTime=216196, downTime=216196, deviceId=-1, source=0x101 }
07-29 15:41:17.147  6575  6575 I Input   : injectKeyEvent: KeyEvent { action=ACTION_UP, keyCode=KEYCODE_DEL, scanCode=0, metaState=0, flags=0x0, repeatCount=0, eventTime=216196, downTime=216196, deviceId=-1, source=0x101 }
