07-29 18:28:49.323  2132  2132 D leak-64 : Eastern Standard Time
07-29 18:28:49.323  2132  2132 D leak-101: Eastern Standard Time
07-29 18:28:49.323  2132  2132 D leak-103: Eastern Standard Time
07-29 18:28:49.323  2132  2132 D leak-55 : Eastern Standard Time
07-29 18:28:49.323  2132  2132 D leak-63 : Eastern Standard Time
07-29 18:28:49.323  2132  2132 D leak-64 : Eastern Standard Time
07-29 18:28:49.325  2132  2132 D leak-101: Eastern Standard Time
07-29 18:28:49.331  2132  2132 D leak-103: Eastern Standard Time
07-29 18:28:49.331  2132  2132 D leak-55 : Eastern Standard Time
07-29 18:28:49.331  2132  2132 D leak-63 : Eastern Standard Time
07-29 18:28:49.331  2132  2132 D leak-64 : Eastern Standard Time
07-29 18:28:49.331  2132  2132 D leak-101: Eastern Standard Time
07-29 18:28:49.331  2132  2132 D leak-103: Eastern Standard Time
07-29 18:28:49.331  2132  2132 D leak-55 : Eastern Standard Time
07-29 18:28:49.331  2132  2132 D leak-63 : Eastern Standard Time
07-29 18:28:49.331  2132  2132 D leak-64 : Eastern Standard Time
07-29 18:28:49.331  2132  2132 D leak-101: Eastern Standard Time
07-29 18:28:49.331  2132  2132 D leak-103: Eastern Standard Time
07-29 18:28:49.331  2132  2132 D leak-55 : Eastern Standard Time
07-29 18:28:49.331  2132  2132 D leak-63 : Eastern Standard Time
07-29 18:28:49.331  2132  2132 D leak-64 : Eastern Standard Time
07-29 18:28:49.331  2132  2132 D leak-171: Eastern Standard Time
07-29 18:28:49.332  2132  2132 D leak-172: Eastern Standard Time
07-29 18:28:49.332  2132  2132 D leak-55 : Eastern Standard Time
07-29 18:28:49.332  2132  2132 D leak-63 : Eastern Standard Time
07-29 18:28:49.332  2132  2132 D leak-64 : Eastern Standard Time
07-29 18:28:49.332  2132  2132 D leak-139: Eastern Standard Time
07-29 18:28:49.332  2132  2132 D leak-140: Eastern Standard Time
07-29 18:28:49.332  2132  2132 D leak-55 : Eastern Standard Time
07-29 18:28:49.332  2132  2132 D leak-63 : Eastern Standard Time
07-29 18:28:49.332  2132  2132 D leak-64 : Eastern Standard Time
07-29 18:28:49.332  2132  2132 D leak-132: Eastern Standard Time
07-29 18:28:49.332  2132  2132 D leak-133: Eastern Standard Time
07-29 18:28:49.332  2132  2132 D leak-55 : Eastern Standard Time
07-29 18:28:49.332  2132  2132 D leak-63 : Eastern Standard Time
07-29 18:28:49.332  2132  2132 D leak-64 : Eastern Standard Time
07-29 18:28:49.332  2132  2132 D leak-101: Eastern Standard Time
07-29 18:28:49.332  2132  2132 D leak-103: Eastern Standard Time
07-29 18:28:49.332  2132  2132 D leak-55 : Eastern Standard Time
07-29 18:28:49.333  2132  2132 D leak-63 : Eastern Standard Time
07-29 18:28:49.333  2132  2132 D leak-64 : Eastern Standard Time
07-29 18:28:49.333  2132  2132 D leak-105: Eastern Standard Time
07-29 18:28:49.333  2132  2132 D leak-106: Eastern Standard Time
07-29 18:28:49.333  2132  2132 D leak-55 : Eastern Standard Time
07-29 18:28:49.333  2132  2132 D leak-63 : Eastern Standard Time
07-29 18:28:49.333  2132  2132 D leak-64 : Eastern Standard Time
07-29 18:28:49.333  2132  2132 D leak-101: Eastern Standard Time
07-29 18:28:49.333  2132  2132 D leak-103: Eastern Standard Time
07-29 18:28:49.333  2132  2132 D leak-55 : Eastern Standard Time
07-29 18:28:49.333  2132  2132 D leak-63 : Eastern Standard Time
07-29 18:28:49.333  2132  2132 D leak-64 : Eastern Standard Time
07-29 18:28:49.333  2132  2132 D leak-101: Eastern Standard Time
07-29 18:28:49.333  2132  2132 D leak-103: Eastern Standard Time
07-29 18:28:49.333  2132  2132 D leak-55 : Eastern Standard Time
07-29 18:28:49.333  2132  2132 D leak-63 : Eastern Standard Time
07-29 18:28:49.333  2132  2132 D leak-64 : Eastern Standard Time
07-29 18:28:49.333  2132  2132 D leak-101: Eastern Standard Time
07-29 18:28:49.333  2132  2132 D leak-103: Eastern Standard Time
07-29 18:28:49.333  2132  2132 D leak-55 : Eastern Standard Time
07-29 18:28:49.333  2132  2132 D leak-63 : Eastern Standard Time
07-29 18:28:49.333  2132  2132 D leak-64 : Eastern Standard Time
07-29 18:28:49.333  2132  2132 D leak-101: Eastern Standard Time
07-29 18:28:49.333  2132  2132 D leak-103: Eastern Standard Time
07-29 18:28:49.333  2132  2132 D leak-55 : Eastern Standard Time
07-29 18:28:49.333  2132  2132 D leak-63 : Eastern Standard Time
07-29 18:28:49.333  2132  2132 D leak-64 : Eastern Standard Time
07-29 18:28:49.333  2132  2132 D leak-94 : Eastern Standard Time
07-29 18:28:49.333  2132  2132 D leak-95 : Eastern Standard Time
07-29 18:28:49.333  2132  2132 D leak-55 : Eastern Standard Time
07-29 18:28:49.333  2132  2132 D leak-63 : Eastern Standard Time
07-29 18:28:49.333  2132  2132 D leak-64 : Eastern Standard Time
07-29 18:28:49.333  2132  2132 D leak-81 : Eastern Standard Time
07-29 18:28:49.333  2132  2132 D leak-82 : Eastern Standard Time
07-29 18:28:49.333  2132  2132 D leak-55 : Eastern Standard Time
07-29 18:28:49.334  2132  2132 D leak-63 : Eastern Standard Time
07-29 18:28:49.338  2132  2132 D leak-64 : Eastern Standard Time
07-29 18:28:49.338  2132  2132 D leak-111: Eastern Standard Time
07-29 18:28:49.338  2132  2132 D leak-112: Eastern Standard Time
07-29 18:28:49.338  2132  2132 D leak-55 : Eastern Standard Time
07-29 18:28:49.338  2132  2132 D leak-63 : Eastern Standard Time
07-29 18:28:49.338  2132  2132 D leak-64 : Eastern Standard Time
07-29 18:28:49.338  2132  2132 D leak-175: Eastern Standard Time
07-29 18:28:49.338  2132  2132 D leak-176: Eastern Standard Time
07-29 18:28:49.338  2132  2132 D leak-55 : Eastern Standard Time
07-29 18:28:49.338  2132  2132 D leak-63 : Eastern Standard Time
07-29 18:28:49.338  2132  2132 D leak-64 : Eastern Standard Time
07-29 18:28:49.338  2132  2132 D leak-101: Eastern Standard Time
07-29 18:28:49.338  2132  2132 D leak-103: Eastern Standard Time
07-29 18:28:49.338  2132  2132 D leak-55 : Eastern Standard Time
07-29 18:28:49.348  2132  2132 D leak-231: Eastern Standard Time
07-29 18:28:49.348  2132  2132 D leak-230: Eastern Standard Time
07-29 18:28:49.348  2132  2132 D leak-233: Eastern Standard Time
07-29 18:28:49.348  2132  2132 D leak-239: Eastern Standard Time
07-29 18:28:49.348  2132  2132 D leak-234: Eastern Standard Time
07-29 18:28:49.350  2132  2132 D leak-46 : Eastern Standard Time
07-29 18:28:49.350  2132  2132 D leak-47 : Eastern Standard Time
07-29 18:28:49.350  2132  2132 D leak-51 : Eastern Standard Time
07-29 18:28:49.350  2132  2132 D leak-235: Eastern Standard Time
07-29 18:28:49.350  2132  2132 D leak-202: Eastern Standard Time
07-29 18:28:49.350  2132  2132 D leak-203: Eastern Standard Time
07-29 18:28:49.350  2132  2132 D leak-204: Eastern Standard Time
07-29 18:28:49.350  2132  2132 D leak-237: Eastern Standard Time
07-29 18:28:49.350  2132  2132 D leak-188: Eastern Standard Time
07-29 18:28:49.350  2132  2132 D leak-189: Eastern Standard Time
07-29 18:28:49.350  2132  2132 D leak-190: Eastern Standard Time
07-29 18:28:49.351  2132  2132 D leak-210: Eastern Standard Time
07-29 18:28:49.351  2132  2132 D leak-211: Eastern Standard Time
07-29 18:28:49.351  2132  2132 D leak-212: Eastern Standard Time
07-29 18:28:49.351  2132  2132 D leak-213: Eastern Standard Time
07-29 18:28:49.352  2132  2132 D AndroidRuntime: Shutting down VM
--------- beginning of crash
07-29 18:28:49.352  2132  2132 E AndroidRuntime: FATAL EXCEPTION: main
07-29 18:28:49.352  2132  2132 E AndroidRuntime: Process: com.iamtrk.androidexplorer, PID: 2132
07-29 18:28:49.352  2132  2132 E AndroidRuntime: java.lang.RuntimeException: java.io.FileNotFoundException: /sys/devices/system/cpu/cpu0/cpufreq/scaling_cur_freq: open failed: ENOENT (No such file or directory)
07-29 18:28:49.352  2132  2132 E AndroidRuntime: 	at com.iamtrk.a.c.<init>(Unknown Source)
07-29 18:28:49.352  2132  2132 E AndroidRuntime: 	at com.iamtrk.ItemListActivity.k(Unknown Source)
07-29 18:28:49.352  2132  2132 E AndroidRuntime: 	at com.iamtrk.ItemListActivity$1.onClick(Unknown Source)
07-29 18:28:49.352  2132  2132 E AndroidRuntime: 	at android.support.v7.a.b$b.handleMessage(Unknown Source)
07-29 18:28:49.352  2132  2132 E AndroidRuntime: 	at android.os.Handler.dispatchMessage(Handler.java:102)
07-29 18:28:49.352  2132  2132 E AndroidRuntime: 	at android.os.Looper.loop(Looper.java:148)
07-29 18:28:49.352  2132  2132 E AndroidRuntime: 	at android.app.ActivityThread.main(ActivityThread.java:5417)
07-29 18:28:49.352  2132  2132 E AndroidRuntime: 	at java.lang.reflect.Method.invoke(Native Method)
07-29 18:28:49.352  2132  2132 E AndroidRuntime: 	at com.android.internal.os.ZygoteInit$MethodAndArgsCaller.run(ZygoteInit.java:726)
07-29 18:28:49.352  2132  2132 E AndroidRuntime: 	at com.android.internal.os.ZygoteInit.main(ZygoteInit.java:616)
07-29 18:28:49.352  2132  2132 E AndroidRuntime: Caused by: java.io.FileNotFoundException: /sys/devices/system/cpu/cpu0/cpufreq/scaling_cur_freq: open failed: ENOENT (No such file or directory)
07-29 18:28:49.352  2132  2132 E AndroidRuntime: 	at libcore.io.IoBridge.open(IoBridge.java:452)
07-29 18:28:49.352  2132  2132 E AndroidRuntime: 	at java.io.RandomAccessFile.<init>(RandomAccessFile.java:117)
07-29 18:28:49.352  2132  2132 E AndroidRuntime: 	at java.io.RandomAccessFile.<init>(RandomAccessFile.java:149)
07-29 18:28:49.352  2132  2132 E AndroidRuntime: 	... 10 more
07-29 18:28:49.352  2132  2132 E AndroidRuntime: Caused by: android.system.ErrnoException: open failed: ENOENT (No such file or directory)
07-29 18:28:49.352  2132  2132 E AndroidRuntime: 	at libcore.io.Posix.open(Native Method)
07-29 18:28:49.352  2132  2132 E AndroidRuntime: 	at libcore.io.BlockGuardOs.open(BlockGuardOs.java:186)
07-29 18:28:49.352  2132  2132 E AndroidRuntime: 	at libcore.io.IoBridge.open(IoBridge.java:438)
07-29 18:28:49.352  2132  2132 E AndroidRuntime: 	... 12 more
07-29 18:28:49.354   624   799 W ActivityManager:   Force finishing activity com.iamtrk.androidexplorer/com.iamtrk.ItemListActivity
07-29 18:28:49.355   415   447 D PermissionCache: checking android.permission.READ_FRAME_BUFFER for uid=1000 => granted (239 us)
07-29 18:28:49.360   624   799 D         : HostConnection::get() New Host Connection established 0xdb7f9b40, tid 799
07-29 18:28:49.372   415   415 E EGL_emulation: tid 415: eglCreateSyncKHR(1215): error 0x3004 (EGL_BAD_ATTRIBUTE)
07-29 18:28:50.475   624  1596 W art     : Long monitor contention event with owner method=android.graphics.Bitmap com.android.server.wm.WindowManagerService.screenshotApplicationsInner(android.os.IBinder, int, int, int, boolean) from WindowManagerService.java:6223 waiters=0 for 810ms
07-29 18:28:50.525   624   624 W art     : Long monitor contention event with owner method=void com.android.server.am.ActivityManagerService.crashApplication(com.android.server.am.ProcessRecord, android.app.ApplicationErrorReport$CrashInfo) from ActivityManagerService.java:12568 waiters=0 for 1.169s
07-29 18:28:50.548   624  3130 D OpenGLRenderer: Use EGL_SWAP_BEHAVIOR_PRESERVED: true
07-29 18:28:50.582   624  3130 I OpenGLRenderer: Initialized EGL, version 1.4
07-29 18:28:50.582   624  3130 D         : HostConnection::get() New Host Connection established 0xdb7f9c20, tid 3130
07-29 18:28:50.643   624  3130 W EGL_emulation: eglSurfaceAttrib not implemented
07-29 18:28:50.643   624  3130 W OpenGLRenderer: Failed to set EGL_SWAP_BEHAVIOR on surface 0xd833d760, error=EGL_SUCCESS
07-29 18:28:51.026   624   640 W ActivityManager: Activity pause timeout for ActivityRecord{2785720 u0 com.iamtrk.androidexplorer/com.iamtrk.ItemListActivity t4 f}
07-29 18:28:51.129   624   640 I ActivityManager: Killing 1503:com.android.calendar/u0a24 (adj 15): empty #17
07-29 18:28:51.129   624   640 W libprocessgroup: failed to open /acct/uid_10024/pid_1503/cgroup.procs: No such file or directory
07-29 18:28:51.130   624   640 I ProcessStatsService: Prepared write state in 1ms
07-29 18:28:51.139   624   640 I ProcessStatsService: Prepared write state in 8ms
07-29 18:28:51.140   624   640 I ProcessStatsService: Prepared write state in 1ms
07-29 18:28:51.200  1520  1654 W EGL_emulation: eglSurfaceAttrib not implemented
07-29 18:28:51.200  1520  1654 W OpenGLRenderer: Failed to set EGL_SWAP_BEHAVIOR on surface 0xde722020, error=EGL_SUCCESS
07-29 18:28:51.783  1520  1654 V RenderScript: 0xe06fe000 Launching thread(s), CPUs 4
07-29 18:28:51.805  1520  1654 W OpenGLRenderer: Incorrectly called buildLayer on View: ShortcutAndWidgetContainer, destroying layer...
07-29 18:28:51.805  1520  1654 W OpenGLRenderer: Incorrectly called buildLayer on View: ShortcutAndWidgetContainer, destroying layer...
07-29 18:28:59.708  3465  3465 D AndroidRuntime: >>>>>> START com.android.internal.os.RuntimeInit uid 0 <<<<<<
07-29 18:28:59.710  3465  3465 D AndroidRuntime: CheckJNI is OFF
07-29 18:28:59.718  3465  3465 D ICU     : No timezone override file found: /data/misc/zoneinfo/current/icu/icu_tzdata.dat
07-29 18:28:59.731  3465  3465 E memtrack: Couldn't load memtrack module (No such file or directory)
07-29 18:28:59.731  3465  3465 E android.os.Debug: failed to load memtrack module: -2
07-29 18:28:59.732  3465  3465 I Radio-JNI: register_android_hardware_Radio DONE
07-29 18:28:59.737  3465  3465 D AndroidRuntime: Calling main entry com.android.commands.monkey.Monkey
07-29 18:28:59.745   624   640 W BroadcastQueue: Skipping deliver [background] BroadcastRecord{3eac81e u-1 android.net.conn.CONNECTIVITY_CHANGE} to ReceiverList{92488ff 3465 (unknown name)/0/u-1 remote:956b0a0}: process crashing
07-29 18:28:59.751   624   956 I ActivityManager: START u0 {act=android.intent.action.MAIN cat=[android.intent.category.LAUNCHER] flg=0x10200000 cmp=com.iamtrk.androidexplorer/com.iamtrk.ItemListActivity} from uid 0 on display 0
07-29 18:28:59.759  3465  3465 I art     : System.exit called, status: 0
07-29 18:28:59.759  3465  3465 I AndroidRuntime: VM exiting with result code 0.
07-29 18:29:01.133   624   640 W ActivityManager: Activity destroy timeout for ActivityRecord{2785720 u0 com.iamtrk.androidexplorer/com.iamtrk.ItemListActivity t4 f}
07-29 18:29:01.473   624   645 I Choreographer: Skipped 100 frames!  The application may be doing too much work on its main thread.
07-29 18:29:01.488  1520  1654 E Surface : getSlotFromBufferLocked: unknown buffer: 0xeb0ae410
07-29 18:29:05.967  3480  3480 D AndroidRuntime: >>>>>> START com.android.internal.os.RuntimeInit uid 0 <<<<<<
07-29 18:29:05.968  3480  3480 D AndroidRuntime: CheckJNI is OFF
07-29 18:29:05.981  3480  3480 D ICU     : No timezone override file found: /data/misc/zoneinfo/current/icu/icu_tzdata.dat
07-29 18:29:05.998  3480  3480 E memtrack: Couldn't load memtrack module (No such file or directory)
07-29 18:29:05.998  3480  3480 E android.os.Debug: failed to load memtrack module: -2
07-29 18:29:05.999  3480  3480 I Radio-JNI: register_android_hardware_Radio DONE
07-29 18:29:06.004  3480  3480 D AndroidRuntime: Calling main entry com.android.commands.uiautomator.Launcher
07-29 18:29:07.024  3480  3480 W AccessibilityNodeInfoDumper: Fetch time: 0ms
07-29 18:29:07.024   624   753 W WindowManager: Attempted to remove non-existing token: android.os.Binder@977afef
07-29 18:29:07.036  3480  3480 D AndroidRuntime: Shutting down VM
07-29 18:29:07.467  3493  3493 D AndroidRuntime: >>>>>> START com.android.internal.os.RuntimeInit uid 0 <<<<<<
07-29 18:29:07.469  3493  3493 D AndroidRuntime: CheckJNI is OFF
07-29 18:29:07.479  3493  3493 D ICU     : No timezone override file found: /data/misc/zoneinfo/current/icu/icu_tzdata.dat
07-29 18:29:07.489  3493  3493 E memtrack: Couldn't load memtrack module (No such file or directory)
07-29 18:29:07.489  3493  3493 E android.os.Debug: failed to load memtrack module: -2
07-29 18:29:07.490  3493  3493 I Radio-JNI: register_android_hardware_Radio DONE
07-29 18:29:07.498  3493  3493 D AndroidRuntime: Calling main entry com.android.commands.input.Input
07-29 18:29:07.502  3493  3493 I Input   : injectMotionEvent: MotionEvent { action=ACTION_DOWN, actionButton=0, id[0]=0, x[0]=959.0, y[0]=984.0, toolType[0]=TOOL_TYPE_UNKNOWN, buttonState=0, metaState=0, flags=0x0, edgeFlags=0x0, pointerCount=1, historySize=0, eventTime=1840251, downTime=1840251, deviceId=0, source=0x1002 }
07-29 18:29:07.505  3493  3493 I Input   : injectMotionEvent: MotionEvent { action=ACTION_UP, actionButton=0, id[0]=0, x[0]=959.0, y[0]=984.0, toolType[0]=TOOL_TYPE_UNKNOWN, buttonState=0, metaState=0, flags=0x0, edgeFlags=0x0, pointerCount=1, historySize=0, eventTime=1840251, downTime=1840251, deviceId=0, source=0x1002 }
07-29 18:29:07.506  3493  3493 D AndroidRuntime: Shutting down VM
07-29 18:29:07.515  2132  2132 I Process : Sending signal. PID: 2132 SIG: 9
07-29 18:29:07.525   624   636 W libprocessgroup: failed to open /acct/uid_10060/pid_2132/cgroup.procs: No such file or directory
07-29 18:29:07.525   624   636 I ActivityManager: Process com.iamtrk.androidexplorer (pid 2132) has died
07-29 18:29:07.525   624  1077 D GraphicsStats: Buffer count: 4
07-29 18:29:07.535   624  3130 E Surface : getSlotFromBufferLocked: unknown buffer: 0xddb94ae0
07-29 18:29:07.585   624   636 I ActivityManager: Start proc 3502:com.iamtrk.androidexplorer/u0a60 for activity com.iamtrk.androidexplorer/com.iamtrk.ItemListActivity
07-29 18:29:07.603  3502  3502 E libprocessgroup: failed to make and chown /acct/uid_10060: Read-only file system
07-29 18:29:07.603  3502  3502 W Zygote  : createProcessGroup failed, kernel missing CONFIG_CGROUP_CPUACCT?
07-29 18:29:07.621  3502  3502 W System  : ClassLoader referenced unknown path: /data/app/com.iamtrk.androidexplorer-1/lib/x86
07-29 18:29:07.624  3502  3502 D leak-5  : Eastern Standard Time
07-29 18:29:07.638  3502  3502 D leak-18 : Eastern Standard Time
07-29 18:29:07.638  3502  3502 D leak-19 : Eastern Standard Time
07-29 18:29:07.638  3502  3502 D leak-6  : Eastern Standard Time
07-29 18:29:07.639  3502  3502 D leak-20 : Eastern Standard Time
07-29 18:29:07.639  3502  3502 D leak-13 : Eastern Standard Time
07-29 18:29:07.642  3502  3502 D leak-14 : Eastern Standard Time
07-29 18:29:07.644  3502  3502 D leak-15 : Eastern Standard Time
07-29 18:29:07.650  3502  3502 I AppCompatDelegate: The Activity's LayoutInflater already has a Factory installed so we can not install AppCompat's
07-29 18:29:07.661  3502  3515 D OpenGLRenderer: Use EGL_SWAP_BEHAVIOR_PRESERVED: true
07-29 18:29:07.663  3502  3502 D         : HostConnection::get() New Host Connection established 0xe9b1f950, tid 3502
07-29 18:29:07.716  3502  3515 D libEGL  : loaded /system/lib/egl/libEGL_emulation.so
07-29 18:29:07.717  3502  3515 D libEGL  : loaded /system/lib/egl/libGLESv1_CM_emulation.so
07-29 18:29:07.720  3502  3515 D libEGL  : loaded /system/lib/egl/libGLESv2_emulation.so
07-29 18:29:07.728  3502  3515 D         : HostConnection::get() New Host Connection established 0xee8d28a0, tid 3515
07-29 18:29:07.733   624   645 W AppOps  : Finishing op nesting under-run: uid 1000 pkg android code 24 time=0 duration=0 nesting=0
07-29 18:29:07.752  3502  3515 I OpenGLRenderer: Initialized EGL, version 1.4
07-29 18:29:07.806  3502  3515 W EGL_emulation: eglSurfaceAttrib not implemented
07-29 18:29:07.806  3502  3515 W OpenGLRenderer: Failed to set EGL_SWAP_BEHAVIOR on surface 0xee8ca580, error=EGL_SUCCESS
07-29 18:29:07.861  3502  3515 W EGL_emulation: eglSurfaceAttrib not implemented
07-29 18:29:07.861  3502  3515 W OpenGLRenderer: Failed to set EGL_SWAP_BEHAVIOR on surface 0xee8ca5a0, error=EGL_SUCCESS
07-29 18:29:08.095   624   645 I ActivityManager: Displayed com.iamtrk.androidexplorer/com.iamtrk.ItemListActivity: +8s341ms
07-29 18:29:08.486  3522  3522 D AndroidRuntime: >>>>>> START com.android.internal.os.RuntimeInit uid 0 <<<<<<
07-29 18:29:08.488  3522  3522 D AndroidRuntime: CheckJNI is OFF
07-29 18:29:08.499  3522  3522 D ICU     : No timezone override file found: /data/misc/zoneinfo/current/icu/icu_tzdata.dat
07-29 18:29:08.513  3522  3522 E memtrack: Couldn't load memtrack module (No such file or directory)
07-29 18:29:08.513  3522  3522 E android.os.Debug: failed to load memtrack module: -2
07-29 18:29:08.514  3522  3522 I Radio-JNI: register_android_hardware_Radio DONE
07-29 18:29:08.523  3522  3522 D AndroidRuntime: Calling main entry com.android.commands.am.Am
07-29 18:29:08.525   624  1059 I ActivityManager: Force stopping com.iamtrk.androidexplorer appid=10060 user=0: from pid 3522
07-29 18:29:08.526   624  1059 I ActivityManager: Killing 3502:com.iamtrk.androidexplorer/u0a60 (adj 0): stop com.iamtrk.androidexplorer
07-29 18:29:08.526   624  1059 W libprocessgroup: failed to open /acct/uid_10060/pid_3502/cgroup.procs: No such file or directory
07-29 18:29:08.526   624  1059 W ActivityManager: Force removing ActivityRecord{a8636cc u0 com.iamtrk.androidexplorer/com.iamtrk.ItemListActivity t5}: app died, no saved state
07-29 18:29:08.537   624   645 E JavaBinder: !!! FAILED BINDER TRANSACTION !!!  (parcel size = 56)
07-29 18:29:08.537   624   645 W WindowAnimator: Failed to dispatch window animation state change.
07-29 18:29:08.537   624   645 W WindowAnimator: android.os.DeadObjectException: Transaction failed on small parcel; remote process probably died
07-29 18:29:08.537   624   645 W WindowAnimator: 	at android.os.BinderProxy.transactNative(Native Method)
07-29 18:29:08.537   624   645 W WindowAnimator: 	at android.os.BinderProxy.transact(Binder.java:557)
07-29 18:29:08.537   624   645 W WindowAnimator: 	at android.view.IWindow$Stub$Proxy.onAnimationStarted(IWindow.java:520)
07-29 18:29:08.537   624   645 W WindowAnimator: 	at com.android.server.wm.WindowAnimator.updateWindowsLocked(WindowAnimator.java:282)
07-29 18:29:08.537   624   645 W WindowAnimator: 	at com.android.server.wm.WindowAnimator.animateLocked(WindowAnimator.java:678)
07-29 18:29:08.537   624   645 W WindowAnimator: 	at com.android.server.wm.WindowAnimator.-wrap0(WindowAnimator.java)
07-29 18:29:08.537   624   645 W WindowAnimator: 	at com.android.server.wm.WindowAnimator$1.doFrame(WindowAnimator.java:123)
07-29 18:29:08.537   624   645 W WindowAnimator: 	at android.view.Choreographer$CallbackRecord.run(Choreographer.java:856)
07-29 18:29:08.537   624   645 W WindowAnimator: 	at android.view.Choreographer.doCallbacks(Choreographer.java:670)
07-29 18:29:08.537   624   645 W WindowAnimator: 	at android.view.Choreographer.doFrame(Choreographer.java:603)
07-29 18:29:08.537   624   645 W WindowAnimator: 	at android.view.Choreographer$FrameDisplayEventReceiver.run(Choreographer.java:844)
07-29 18:29:08.537   624   645 W WindowAnimator: 	at android.os.Handler.handleCallback(Handler.java:739)
07-29 18:29:08.537   624   645 W WindowAnimator: 	at android.os.Handler.dispatchMessage(Handler.java:95)
07-29 18:29:08.537   624   645 W WindowAnimator: 	at android.os.Looper.loop(Looper.java:148)
07-29 18:29:08.537   624   645 W WindowAnimator: 	at android.os.HandlerThread.run(HandlerThread.java:61)
07-29 18:29:08.537   624   645 W WindowAnimator: 	at com.android.server.ServiceThread.run(ServiceThread.java:46)
07-29 18:29:08.562   624   676 W InputDispatcher: channel '9aee56 com.iamtrk.androidexplorer/com.iamtrk.ItemListActivity (server)' ~ Consumer closed input channel or an error occurred.  events=0x9
07-29 18:29:08.562   624   676 E InputDispatcher: channel '9aee56 com.iamtrk.androidexplorer/com.iamtrk.ItemListActivity (server)' ~ Channel is unrecoverably broken and will be disposed!
07-29 18:29:08.562   624   676 W InputDispatcher: channel '85ae18 com.iamtrk.androidexplorer/com.iamtrk.ItemListActivity (server)' ~ Consumer closed input channel or an error occurred.  events=0x9
07-29 18:29:08.562   624   676 E InputDispatcher: channel '85ae18 com.iamtrk.androidexplorer/com.iamtrk.ItemListActivity (server)' ~ Channel is unrecoverably broken and will be disposed!
07-29 18:29:08.567   624  1602 D GraphicsStats: Buffer count: 4
07-29 18:29:08.586  3522  3522 D AndroidRuntime: Shutting down VM
07-29 18:29:08.681   624   960 I WindowState: WIN DEATH: Window{9aee56 u0 com.iamtrk.androidexplorer/com.iamtrk.ItemListActivity}
07-29 18:29:08.681   624   960 W InputDispatcher: Attempted to unregister already unregistered input channel '9aee56 com.iamtrk.androidexplorer/com.iamtrk.ItemListActivity (server)'
07-29 18:29:08.692   624  1625 I WindowState: WIN DEATH: Window{85ae18 u0 com.iamtrk.androidexplorer/com.iamtrk.ItemListActivity}
07-29 18:29:08.692   624  1625 W InputDispatcher: Attempted to unregister already unregistered input channel '85ae18 com.iamtrk.androidexplorer/com.iamtrk.ItemListActivity (server)'
07-29 18:29:08.707   624   645 W WindowAnimator: Failed to dispatch window animation state change.
07-29 18:29:08.707   624   645 W WindowAnimator: android.os.DeadObjectException
07-29 18:29:08.707   624   645 W WindowAnimator: 	at android.os.BinderProxy.transactNative(Native Method)
07-29 18:29:08.707   624   645 W WindowAnimator: 	at android.os.BinderProxy.transact(Binder.java:557)
07-29 18:29:08.707   624   645 W WindowAnimator: 	at android.view.IWindow$Stub$Proxy.onAnimationStopped(IWindow.java:534)
07-29 18:29:08.707   624   645 W WindowAnimator: 	at com.android.server.wm.WindowAnimator.updateWindowsLocked(WindowAnimator.java:286)
07-29 18:29:08.707   624   645 W WindowAnimator: 	at com.android.server.wm.WindowAnimator.animateLocked(WindowAnimator.java:678)
07-29 18:29:08.707   624   645 W WindowAnimator: 	at com.android.server.wm.WindowAnimator.-wrap0(WindowAnimator.java)
07-29 18:29:08.707   624   645 W WindowAnimator: 	at com.android.server.wm.WindowAnimator$1.doFrame(WindowAnimator.java:123)
07-29 18:29:08.707   624   645 W WindowAnimator: 	at android.view.Choreographer$CallbackRecord.run(Choreographer.java:856)
07-29 18:29:08.707   624   645 W WindowAnimator: 	at android.view.Choreographer.doCallbacks(Choreographer.java:670)
07-29 18:29:08.707   624   645 W WindowAnimator: 	at android.view.Choreographer.doFrame(Choreographer.java:603)
07-29 18:29:08.707   624   645 W WindowAnimator: 	at android.view.Choreographer$FrameDisplayEventReceiver.run(Choreographer.java:844)
07-29 18:29:08.707   624   645 W WindowAnimator: 	at android.os.Handler.handleCallback(Handler.java:739)
07-29 18:29:08.707   624   645 W WindowAnimator: 	at android.os.Handler.dispatchMessage(Handler.java:95)
07-29 18:29:08.707   624   645 W WindowAnimator: 	at android.os.Looper.loop(Looper.java:148)
07-29 18:29:08.707   624   645 W WindowAnimator: 	at android.os.HandlerThread.run(HandlerThread.java:61)
07-29 18:29:08.707   624   645 W WindowAnimator: 	at com.android.server.ServiceThread.run(ServiceThread.java:46)
07-29 18:29:08.719  1520  1654 W EGL_emulation: eglSurfaceAttrib not implemented
07-29 18:29:08.719  1520  1654 W OpenGLRenderer: Failed to set EGL_SWAP_BEHAVIOR on surface 0xde730c00, error=EGL_SUCCESS
07-29 18:29:08.748   624   960 W InputMethodManagerService: Got RemoteException sending setActive(false) notification to pid 2132 uid 10060
07-29 18:29:09.265  1520  1654 W OpenGLRenderer: Incorrectly called buildLayer on View: ShortcutAndWidgetContainer, destroying layer...
07-29 18:29:09.265  1520  1654 W OpenGLRenderer: Incorrectly called buildLayer on View: ShortcutAndWidgetContainer, destroying layer...
07-29 18:29:11.035  3533  3533 D AndroidRuntime: >>>>>> START com.android.internal.os.RuntimeInit uid 0 <<<<<<
07-29 18:29:11.036  3533  3533 D AndroidRuntime: CheckJNI is OFF
07-29 18:29:11.045  3533  3533 D ICU     : No timezone override file found: /data/misc/zoneinfo/current/icu/icu_tzdata.dat
07-29 18:29:11.056  3533  3533 E memtrack: Couldn't load memtrack module (No such file or directory)
07-29 18:29:11.056  3533  3533 E android.os.Debug: failed to load memtrack module: -2
07-29 18:29:11.056  3533  3533 I Radio-JNI: register_android_hardware_Radio DONE
07-29 18:29:11.065  3533  3533 D AndroidRuntime: Calling main entry com.android.commands.monkey.Monkey
07-29 18:29:11.074   624   640 W BroadcastQueue: Skipping deliver [background] BroadcastRecord{44ccd48 u-1 android.net.conn.CONNECTIVITY_CHANGE} to ReceiverList{8ef87e1 3533 (unknown name)/0/u-1 remote:f26833a}: process crashing
07-29 18:29:11.079   624   635 I ActivityManager: START u0 {act=android.intent.action.MAIN cat=[android.intent.category.LAUNCHER] flg=0x10200000 cmp=com.iamtrk.androidexplorer/com.iamtrk.ItemListActivity} from uid 0 on display 0
07-29 18:29:11.096   624   956 I ActivityManager: Start proc 3542:com.iamtrk.androidexplorer/u0a60 for activity com.iamtrk.androidexplorer/com.iamtrk.ItemListActivity
07-29 18:29:11.117  3533  3533 I art     : System.exit called, status: 0
07-29 18:29:11.117  3533  3533 I AndroidRuntime: VM exiting with result code 0.
07-29 18:29:11.139  3542  3542 E libprocessgroup: failed to make and chown /acct/uid_10060: Read-only file system
07-29 18:29:11.139  3542  3542 W Zygote  : createProcessGroup failed, kernel missing CONFIG_CGROUP_CPUACCT?
07-29 18:29:11.331  3542  3542 W System  : ClassLoader referenced unknown path: /data/app/com.iamtrk.androidexplorer-1/lib/x86
07-29 18:29:11.411  3542  3542 D leak-5  : Eastern Standard Time
07-29 18:29:11.704  3542  3553 I art     : Background sticky concurrent mark sweep GC freed 11642(487KB) AllocSpace objects, 0(0B) LOS objects, 76% free, 529KB/2MB, paused 4.569ms total 151.019ms
07-29 18:29:11.741  3542  3542 D leak-18 : Eastern Standard Time
07-29 18:29:11.749  3542  3542 D leak-19 : Eastern Standard Time
07-29 18:29:11.749  3542  3542 D leak-6  : Eastern Standard Time
07-29 18:29:11.758  3542  3542 D leak-20 : Eastern Standard Time
07-29 18:29:11.765  3542  3542 D leak-13 : Eastern Standard Time
07-29 18:29:11.765  3542  3542 D leak-14 : Eastern Standard Time
07-29 18:29:11.766  3542  3542 D leak-15 : Eastern Standard Time
07-29 18:29:11.767  3542  3542 I AppCompatDelegate: The Activity's LayoutInflater already has a Factory installed so we can not install AppCompat's
07-29 18:29:11.968  3542  3556 D OpenGLRenderer: Use EGL_SWAP_BEHAVIOR_PRESERVED: true
07-29 18:29:12.029  3542  3542 D         : HostConnection::get() New Host Connection established 0xe9b1f970, tid 3542
07-29 18:29:12.850  3542  3556 D libEGL  : loaded /system/lib/egl/libEGL_emulation.so
07-29 18:29:12.851  3542  3556 D libEGL  : loaded /system/lib/egl/libGLESv1_CM_emulation.so
07-29 18:29:12.855  3542  3556 D libEGL  : loaded /system/lib/egl/libGLESv2_emulation.so
07-29 18:29:12.868  3542  3556 D         : HostConnection::get() New Host Connection established 0xee8d28c0, tid 3556
07-29 18:29:13.435  3542  3556 I OpenGLRenderer: Initialized EGL, version 1.4
07-29 18:29:14.342  3542  3556 W EGL_emulation: eglSurfaceAttrib not implemented
07-29 18:29:14.342  3542  3556 W OpenGLRenderer: Failed to set EGL_SWAP_BEHAVIOR on surface 0xee8ca500, error=EGL_SUCCESS
07-29 18:29:14.696  3542  3556 W EGL_emulation: eglSurfaceAttrib not implemented
07-29 18:29:14.696  3542  3556 W OpenGLRenderer: Failed to set EGL_SWAP_BEHAVIOR on surface 0xee8ca520, error=EGL_SUCCESS
07-29 18:29:14.719  1520  1654 E Surface : getSlotFromBufferLocked: unknown buffer: 0xeb0ae480
07-29 18:29:15.272   624   645 I ActivityManager: Displayed com.iamtrk.androidexplorer/com.iamtrk.ItemListActivity: +4s187ms
07-29 18:29:16.961  3571  3571 D AndroidRuntime: >>>>>> START com.android.internal.os.RuntimeInit uid 0 <<<<<<
07-29 18:29:16.962  3571  3571 D AndroidRuntime: CheckJNI is OFF
07-29 18:29:16.972  3571  3571 D ICU     : No timezone override file found: /data/misc/zoneinfo/current/icu/icu_tzdata.dat
07-29 18:29:16.984  3571  3571 E memtrack: Couldn't load memtrack module (No such file or directory)
07-29 18:29:16.984  3571  3571 E android.os.Debug: failed to load memtrack module: -2
07-29 18:29:16.985  3571  3571 I Radio-JNI: register_android_hardware_Radio DONE
07-29 18:29:16.991  3571  3571 D AndroidRuntime: Calling main entry com.android.commands.uiautomator.Launcher
07-29 18:29:18.007  3571  3571 W AccessibilityNodeInfoDumper: Fetch time: 2ms
07-29 18:29:18.008   624  1625 W WindowManager: Attempted to remove non-existing token: android.os.Binder@b2f8bcb
07-29 18:29:18.023  3571  3571 D AndroidRuntime: Shutting down VM
07-29 18:29:18.567  3588  3588 D AndroidRuntime: >>>>>> START com.android.internal.os.RuntimeInit uid 0 <<<<<<
07-29 18:29:18.568  3588  3588 D AndroidRuntime: CheckJNI is OFF
07-29 18:29:18.579  3588  3588 D ICU     : No timezone override file found: /data/misc/zoneinfo/current/icu/icu_tzdata.dat
07-29 18:29:18.592  3588  3588 E memtrack: Couldn't load memtrack module (No such file or directory)
07-29 18:29:18.592  3588  3588 E android.os.Debug: failed to load memtrack module: -2
07-29 18:29:18.594  3588  3588 I Radio-JNI: register_android_hardware_Radio DONE
07-29 18:29:18.599  3588  3588 D AndroidRuntime: Calling main entry com.android.commands.uiautomator.Launcher
07-29 18:29:19.612  3588  3588 W AccessibilityNodeInfoDumper: Fetch time: 2ms
07-29 18:29:19.613   624  1602 W WindowManager: Attempted to remove non-existing token: android.os.Binder@9d88fa8
07-29 18:29:19.637  3588  3588 D AndroidRuntime: Shutting down VM
07-29 18:29:20.691  3611  3611 D AndroidRuntime: >>>>>> START com.android.internal.os.RuntimeInit uid 0 <<<<<<
07-29 18:29:20.692  3611  3611 D AndroidRuntime: CheckJNI is OFF
07-29 18:29:20.701  3611  3611 D ICU     : No timezone override file found: /data/misc/zoneinfo/current/icu/icu_tzdata.dat
07-29 18:29:20.713  3611  3611 E memtrack: Couldn't load memtrack module (No such file or directory)
07-29 18:29:20.713  3611  3611 E android.os.Debug: failed to load memtrack module: -2
07-29 18:29:20.713  3611  3611 I Radio-JNI: register_android_hardware_Radio DONE
07-29 18:29:20.719  3611  3611 D AndroidRuntime: Calling main entry com.android.commands.uiautomator.Launcher
07-29 18:29:21.741  3611  3611 W AccessibilityNodeInfoDumper: Fetch time: 4ms
07-29 18:29:21.742   624  1077 W WindowManager: Attempted to remove non-existing token: android.os.Binder@ea8ac1
07-29 18:29:21.762  3611  3611 D AndroidRuntime: Shutting down VM
07-29 18:29:22.944  3639  3639 D AndroidRuntime: >>>>>> START com.android.internal.os.RuntimeInit uid 0 <<<<<<
07-29 18:29:22.947  3639  3639 D AndroidRuntime: CheckJNI is OFF
07-29 18:29:22.955  3639  3639 D ICU     : No timezone override file found: /data/misc/zoneinfo/current/icu/icu_tzdata.dat
07-29 18:29:22.968  3639  3639 E memtrack: Couldn't load memtrack module (No such file or directory)
07-29 18:29:22.968  3639  3639 E android.os.Debug: failed to load memtrack module: -2
07-29 18:29:22.969  3639  3639 I Radio-JNI: register_android_hardware_Radio DONE
07-29 18:29:22.975  3639  3639 D AndroidRuntime: Calling main entry com.android.commands.uiautomator.Launcher
07-29 18:29:23.990  3639  3639 W AccessibilityNodeInfoDumper: Fetch time: 2ms
07-29 18:29:23.990   624  1077 W WindowManager: Attempted to remove non-existing token: android.os.Binder@c6a1266
07-29 18:29:24.001  3639  3639 D AndroidRuntime: Shutting down VM
07-29 18:29:25.850  3672  3672 D AndroidRuntime: >>>>>> START com.android.internal.os.RuntimeInit uid 0 <<<<<<
07-29 18:29:25.851  3672  3672 D AndroidRuntime: CheckJNI is OFF
07-29 18:29:25.861  3672  3672 D ICU     : No timezone override file found: /data/misc/zoneinfo/current/icu/icu_tzdata.dat
07-29 18:29:25.873  3672  3672 E memtrack: Couldn't load memtrack module (No such file or directory)
07-29 18:29:25.873  3672  3672 E android.os.Debug: failed to load memtrack module: -2
07-29 18:29:25.874  3672  3672 I Radio-JNI: register_android_hardware_Radio DONE
07-29 18:29:25.880  3672  3672 D AndroidRuntime: Calling main entry com.android.commands.uiautomator.Launcher
07-29 18:29:26.892  3672  3672 W AccessibilityNodeInfoDumper: Fetch time: 1ms
07-29 18:29:26.892   624   799 W WindowManager: Attempted to remove non-existing token: android.os.Binder@afafe54
07-29 18:29:26.916  3672  3672 D AndroidRuntime: Shutting down VM
07-29 18:29:27.393  3689  3689 D AndroidRuntime: >>>>>> START com.android.internal.os.RuntimeInit uid 0 <<<<<<
07-29 18:29:27.394  3689  3689 D AndroidRuntime: CheckJNI is OFF
07-29 18:29:27.405  3689  3689 D ICU     : No timezone override file found: /data/misc/zoneinfo/current/icu/icu_tzdata.dat
07-29 18:29:27.418  3689  3689 E memtrack: Couldn't load memtrack module (No such file or directory)
07-29 18:29:27.418  3689  3689 E android.os.Debug: failed to load memtrack module: -2
07-29 18:29:27.419  3689  3689 I Radio-JNI: register_android_hardware_Radio DONE
07-29 18:29:27.425  3689  3689 D AndroidRuntime: Calling main entry com.android.commands.uiautomator.Launcher
07-29 18:29:28.447  3689  3689 W AccessibilityNodeInfoDumper: Fetch time: 2ms
07-29 18:29:28.448   624   799 W WindowManager: Attempted to remove non-existing token: android.os.Binder@f5411fd
07-29 18:29:28.456  3689  3689 D AndroidRuntime: Shutting down VM
07-29 18:29:29.517  3712  3712 D AndroidRuntime: >>>>>> START com.android.internal.os.RuntimeInit uid 0 <<<<<<
07-29 18:29:29.518  3712  3712 D AndroidRuntime: CheckJNI is OFF
07-29 18:29:29.528  3712  3712 D ICU     : No timezone override file found: /data/misc/zoneinfo/current/icu/icu_tzdata.dat
07-29 18:29:29.539  3712  3712 E memtrack: Couldn't load memtrack module (No such file or directory)
07-29 18:29:29.539  3712  3712 E android.os.Debug: failed to load memtrack module: -2
07-29 18:29:29.540  3712  3712 I Radio-JNI: register_android_hardware_Radio DONE
07-29 18:29:29.546  3712  3712 D AndroidRuntime: Calling main entry com.android.commands.uiautomator.Launcher
07-29 18:29:30.562  3712  3712 W AccessibilityNodeInfoDumper: Fetch time: 1ms
07-29 18:29:30.563   624   636 W WindowManager: Attempted to remove non-existing token: android.os.Binder@af4eef2
07-29 18:29:30.569  3712  3712 D AndroidRuntime: Shutting down VM
07-29 18:29:31.050  3729  3729 D AndroidRuntime: >>>>>> START com.android.internal.os.RuntimeInit uid 0 <<<<<<
07-29 18:29:31.051  3729  3729 D AndroidRuntime: CheckJNI is OFF
07-29 18:29:31.060  3729  3729 D ICU     : No timezone override file found: /data/misc/zoneinfo/current/icu/icu_tzdata.dat
07-29 18:29:31.076  3729  3729 E memtrack: Couldn't load memtrack module (No such file or directory)
07-29 18:29:31.076  3729  3729 E android.os.Debug: failed to load memtrack module: -2
07-29 18:29:31.077  3729  3729 I Radio-JNI: register_android_hardware_Radio DONE
07-29 18:29:31.095  3729  3729 D AndroidRuntime: Calling main entry com.android.commands.uiautomator.Launcher
07-29 18:29:32.113  3729  3729 W AccessibilityNodeInfoDumper: Fetch time: 1ms
07-29 18:29:32.113   624  1625 W WindowManager: Attempted to remove non-existing token: android.os.Binder@c43a943
07-29 18:29:32.120  3729  3729 D AndroidRuntime: Shutting down VM
07-29 18:29:33.234  3752  3752 D AndroidRuntime: >>>>>> START com.android.internal.os.RuntimeInit uid 0 <<<<<<
07-29 18:29:33.235  3752  3752 D AndroidRuntime: CheckJNI is OFF
07-29 18:29:33.244  3752  3752 D ICU     : No timezone override file found: /data/misc/zoneinfo/current/icu/icu_tzdata.dat
07-29 18:29:33.256  3752  3752 E memtrack: Couldn't load memtrack module (No such file or directory)
07-29 18:29:33.256  3752  3752 E android.os.Debug: failed to load memtrack module: -2
07-29 18:29:33.257  3752  3752 I Radio-JNI: register_android_hardware_Radio DONE
07-29 18:29:33.265  3752  3752 D AndroidRuntime: Calling main entry com.android.commands.uiautomator.Launcher
07-29 18:29:34.283  3752  3752 W AccessibilityNodeInfoDumper: Fetch time: 2ms
07-29 18:29:34.284   624   799 W WindowManager: Attempted to remove non-existing token: android.os.Binder@333abc0
07-29 18:29:34.295  3752  3752 D AndroidRuntime: Shutting down VM
07-29 18:29:34.758  3769  3769 D AndroidRuntime: >>>>>> START com.android.internal.os.RuntimeInit uid 0 <<<<<<
07-29 18:29:34.759  3769  3769 D AndroidRuntime: CheckJNI is OFF
07-29 18:29:34.768  3769  3769 D ICU     : No timezone override file found: /data/misc/zoneinfo/current/icu/icu_tzdata.dat
07-29 18:29:34.780  3769  3769 E memtrack: Couldn't load memtrack module (No such file or directory)
07-29 18:29:34.780  3769  3769 E android.os.Debug: failed to load memtrack module: -2
07-29 18:29:34.781  3769  3769 I Radio-JNI: register_android_hardware_Radio DONE
07-29 18:29:34.787  3769  3769 D AndroidRuntime: Calling main entry com.android.commands.uiautomator.Launcher
07-29 18:29:35.802  3769  3769 W AccessibilityNodeInfoDumper: Fetch time: 2ms
07-29 18:29:35.803   624  1596 W WindowManager: Attempted to remove non-existing token: android.os.Binder@1d4d0f9
07-29 18:29:35.820  3769  3769 D AndroidRuntime: Shutting down VM
07-29 18:29:36.922  3794  3794 D AndroidRuntime: >>>>>> START com.android.internal.os.RuntimeInit uid 0 <<<<<<
07-29 18:29:36.923  3794  3794 D AndroidRuntime: CheckJNI is OFF
07-29 18:29:36.931  3794  3794 D ICU     : No timezone override file found: /data/misc/zoneinfo/current/icu/icu_tzdata.dat
07-29 18:29:36.944  3794  3794 E memtrack: Couldn't load memtrack module (No such file or directory)
07-29 18:29:36.944  3794  3794 E android.os.Debug: failed to load memtrack module: -2
07-29 18:29:36.945  3794  3794 I Radio-JNI: register_android_hardware_Radio DONE
07-29 18:29:36.952  3794  3794 D AndroidRuntime: Calling main entry com.android.commands.uiautomator.Launcher
07-29 18:29:37.964  3794  3794 W AccessibilityNodeInfoDumper: Fetch time: 1ms
07-29 18:29:37.964   624   799 W WindowManager: Attempted to remove non-existing token: android.os.Binder@8df083e
07-29 18:29:37.972  3794  3794 D AndroidRuntime: Shutting down VM
07-29 18:29:38.437  3811  3811 D AndroidRuntime: >>>>>> START com.android.internal.os.RuntimeInit uid 0 <<<<<<
07-29 18:29:38.440  3811  3811 D AndroidRuntime: CheckJNI is OFF
07-29 18:29:38.449  3811  3811 D ICU     : No timezone override file found: /data/misc/zoneinfo/current/icu/icu_tzdata.dat
07-29 18:29:38.461  3811  3811 E memtrack: Couldn't load memtrack module (No such file or directory)
07-29 18:29:38.461  3811  3811 E android.os.Debug: failed to load memtrack module: -2
07-29 18:29:38.463  3811  3811 I Radio-JNI: register_android_hardware_Radio DONE
07-29 18:29:38.469  3811  3811 D AndroidRuntime: Calling main entry com.android.commands.uiautomator.Launcher
07-29 18:29:39.486  3811  3811 W AccessibilityNodeInfoDumper: Fetch time: 2ms
07-29 18:29:39.487   624   636 W WindowManager: Attempted to remove non-existing token: android.os.Binder@587c3ec
07-29 18:29:39.494  3811  3811 D AndroidRuntime: Shutting down VM
07-29 18:29:39.917  3824  3824 D AndroidRuntime: >>>>>> START com.android.internal.os.RuntimeInit uid 0 <<<<<<
07-29 18:29:39.918  3824  3824 D AndroidRuntime: CheckJNI is OFF
07-29 18:29:39.928  3824  3824 D ICU     : No timezone override file found: /data/misc/zoneinfo/current/icu/icu_tzdata.dat
07-29 18:29:39.940  3824  3824 E memtrack: Couldn't load memtrack module (No such file or directory)
07-29 18:29:39.940  3824  3824 E android.os.Debug: failed to load memtrack module: -2
07-29 18:29:39.942  3824  3824 I Radio-JNI: register_android_hardware_Radio DONE
07-29 18:29:39.949  3824  3824 D AndroidRuntime: Calling main entry com.android.commands.input.Input
07-29 18:29:39.953  3824  3824 I Input   : injectMotionEvent: MotionEvent { action=ACTION_DOWN, actionButton=0, id[0]=0, x[0]=959.0, y[0]=1029.0, toolType[0]=TOOL_TYPE_UNKNOWN, buttonState=0, metaState=0, flags=0x0, edgeFlags=0x0, pointerCount=1, historySize=0, eventTime=1872702, downTime=1872702, deviceId=0, source=0x1002 }
07-29 18:29:39.955  3824  3824 I Input   : injectMotionEvent: MotionEvent { action=ACTION_UP, actionButton=0, id[0]=0, x[0]=959.0, y[0]=1029.0, toolType[0]=TOOL_TYPE_UNKNOWN, buttonState=0, metaState=0, flags=0x0, edgeFlags=0x0, pointerCount=1, historySize=0, eventTime=1872702, downTime=1872702, deviceId=0, source=0x1002 }
07-29 18:29:39.957  3824  3824 D AndroidRuntime: Shutting down VM
07-29 18:29:39.966  3542  3542 D leak-16 : Eastern Standard Time
07-29 18:29:39.966  3542  3542 D leak-7  : Eastern Standard Time
07-29 18:29:39.966   624   636 I ActivityManager: START u0 {act=android.content.pm.action.REQUEST_PERMISSIONS pkg=com.android.packageinstaller cmp=com.android.packageinstaller/.permission.ui.GrantPermissionsActivity (has extras)} from uid 10060 on display 0
07-29 18:29:39.974  3542  3556 E Surface : getSlotFromBufferLocked: unknown buffer: 0xe1574150
07-29 18:29:40.067  2150  2165 W EGL_emulation: eglSurfaceAttrib not implemented
07-29 18:29:40.071  2150  2165 W OpenGLRenderer: Failed to set EGL_SWAP_BEHAVIOR on surface 0xe90beb20, error=EGL_SUCCESS
07-29 18:29:40.242   624   645 I ActivityManager: Displayed com.android.packageinstaller/.permission.ui.GrantPermissionsActivity: +264ms
07-29 18:29:44.415  4161  4161 D AndroidRuntime: >>>>>> START com.android.internal.os.RuntimeInit uid 0 <<<<<<
07-29 18:29:44.417  4161  4161 D AndroidRuntime: CheckJNI is OFF
07-29 18:29:44.426  4161  4161 D ICU     : No timezone override file found: /data/misc/zoneinfo/current/icu/icu_tzdata.dat
07-29 18:29:44.443  4161  4161 E memtrack: Couldn't load memtrack module (No such file or directory)
07-29 18:29:44.443  4161  4161 E android.os.Debug: failed to load memtrack module: -2
07-29 18:29:44.444  4161  4161 I Radio-JNI: register_android_hardware_Radio DONE
07-29 18:29:44.451  4161  4161 D AndroidRuntime: Calling main entry com.android.commands.monkey.Monkey
07-29 18:29:44.470   624   640 W BroadcastQueue: Skipping deliver [background] BroadcastRecord{8fa001c u-1 android.net.conn.CONNECTIVITY_CHANGE} to ReceiverList{22c425 4161 (unknown name)/0/u-1 remote:5fbfcee}: process crashing
07-29 18:29:44.473   624   799 I ActivityManager: START u0 {act=android.intent.action.MAIN cat=[android.intent.category.LAUNCHER] flg=0x10200000 cmp=com.iamtrk.androidexplorer/com.iamtrk.ItemListActivity} from uid 0 on display 0
07-29 18:29:44.479  4161  4161 I art     : System.exit called, status: 0
07-29 18:29:44.479  4161  4161 I AndroidRuntime: VM exiting with result code 0.
07-29 18:29:44.479   624   641 D Sensors : batch handle 1, but there is no batch sensor in genymotion
07-29 18:29:50.662  4173  4173 D AndroidRuntime: >>>>>> START com.android.internal.os.RuntimeInit uid 0 <<<<<<
07-29 18:29:50.664  4173  4173 D AndroidRuntime: CheckJNI is OFF
07-29 18:29:50.673  4173  4173 D ICU     : No timezone override file found: /data/misc/zoneinfo/current/icu/icu_tzdata.dat
07-29 18:29:50.685  4173  4173 E memtrack: Couldn't load memtrack module (No such file or directory)
07-29 18:29:50.685  4173  4173 E android.os.Debug: failed to load memtrack module: -2
07-29 18:29:50.686  4173  4173 I Radio-JNI: register_android_hardware_Radio DONE
07-29 18:29:50.695  4173  4173 D AndroidRuntime: Calling main entry com.android.commands.uiautomator.Launcher
07-29 18:29:51.717  4173  4173 W AccessibilityNodeInfoDumper: Fetch time: 2ms
07-29 18:29:51.718   624   635 W WindowManager: Attempted to remove non-existing token: android.os.Binder@2ef9fa
07-29 18:29:51.739  4173  4173 D AndroidRuntime: Shutting down VM
07-29 18:29:52.812  4196  4196 D AndroidRuntime: >>>>>> START com.android.internal.os.RuntimeInit uid 0 <<<<<<
07-29 18:29:52.814  4196  4196 D AndroidRuntime: CheckJNI is OFF
07-29 18:29:52.822  4196  4196 D ICU     : No timezone override file found: /data/misc/zoneinfo/current/icu/icu_tzdata.dat
07-29 18:29:52.834  4196  4196 E memtrack: Couldn't load memtrack module (No such file or directory)
07-29 18:29:52.834  4196  4196 E android.os.Debug: failed to load memtrack module: -2
07-29 18:29:52.835  4196  4196 I Radio-JNI: register_android_hardware_Radio DONE
07-29 18:29:52.841  4196  4196 D AndroidRuntime: Calling main entry com.android.commands.uiautomator.Launcher
07-29 18:29:53.855  4196  4196 W AccessibilityNodeInfoDumper: Fetch time: 1ms
07-29 18:29:53.856   624   960 W WindowManager: Attempted to remove non-existing token: android.os.Binder@586cbab
07-29 18:29:53.867  4196  4196 D AndroidRuntime: Shutting down VM
07-29 18:29:54.321  4214  4214 D AndroidRuntime: >>>>>> START com.android.internal.os.RuntimeInit uid 0 <<<<<<
07-29 18:29:54.322  4214  4214 D AndroidRuntime: CheckJNI is OFF
07-29 18:29:54.331  4214  4214 D ICU     : No timezone override file found: /data/misc/zoneinfo/current/icu/icu_tzdata.dat
07-29 18:29:54.342  4214  4214 E memtrack: Couldn't load memtrack module (No such file or directory)
07-29 18:29:54.343  4214  4214 E android.os.Debug: failed to load memtrack module: -2
07-29 18:29:54.344  4214  4214 I Radio-JNI: register_android_hardware_Radio DONE
07-29 18:29:54.350  4214  4214 D AndroidRuntime: Calling main entry com.android.commands.uiautomator.Launcher
07-29 18:29:55.365  4214  4214 W AccessibilityNodeInfoDumper: Fetch time: 1ms
07-29 18:29:55.365   624  1059 W WindowManager: Attempted to remove non-existing token: android.os.Binder@db50208
07-29 18:29:55.385  4214  4214 D AndroidRuntime: Shutting down VM
07-29 18:29:56.439  4237  4237 D AndroidRuntime: >>>>>> START com.android.internal.os.RuntimeInit uid 0 <<<<<<
07-29 18:29:56.441  4237  4237 D AndroidRuntime: CheckJNI is OFF
07-29 18:29:56.449  4237  4237 D ICU     : No timezone override file found: /data/misc/zoneinfo/current/icu/icu_tzdata.dat
07-29 18:29:56.460  4237  4237 E memtrack: Couldn't load memtrack module (No such file or directory)
07-29 18:29:56.460  4237  4237 E android.os.Debug: failed to load memtrack module: -2
07-29 18:29:56.461  4237  4237 I Radio-JNI: register_android_hardware_Radio DONE
07-29 18:29:56.467  4237  4237 D AndroidRuntime: Calling main entry com.android.commands.uiautomator.Launcher
07-29 18:29:57.480  4237  4237 W AccessibilityNodeInfoDumper: Fetch time: 0ms
07-29 18:29:57.480   624   636 W WindowManager: Attempted to remove non-existing token: android.os.Binder@6e07da1
07-29 18:29:57.512  4237  4237 D AndroidRuntime: Shutting down VM
07-29 18:29:58.658  4265  4265 D AndroidRuntime: >>>>>> START com.android.internal.os.RuntimeInit uid 0 <<<<<<
07-29 18:29:58.659  4265  4265 D AndroidRuntime: CheckJNI is OFF
07-29 18:29:58.670  4265  4265 D ICU     : No timezone override file found: /data/misc/zoneinfo/current/icu/icu_tzdata.dat
07-29 18:29:58.686  4265  4265 E memtrack: Couldn't load memtrack module (No such file or directory)
