07-29 16:49:02.165  5909  5909 I Input   : injectMotionEvent: MotionEvent { action=ACTION_MOVE, actionButton=0, id[0]=0, x[0]=1128.0, y[0]=112.0, toolType[0]=TOOL_TYPE_UNKNOWN, buttonState=0, metaState=0, flags=0x0, edgeFlags=0x0, pointerCount=1, historySize=0, eventTime=345017, downTime=345017, deviceId=0, source=0x1002 }
07-29 16:49:02.182  5909  5909 I Input   : injectMotionEvent: MotionEvent { action=ACTION_MOVE, actionButton=0, id[0]=0, x[0]=1128.0, y[0]=112.0, toolType[0]=TOOL_TYPE_UNKNOWN, buttonState=0, metaState=0, flags=0x0, edgeFlags=0x0, pointerCount=1, historySize=0, eventTime=345034, downTime=345034, deviceId=0, source=0x1002 }
07-29 16:49:02.200  5909  5909 I Input   : injectMotionEvent: MotionEvent { action=ACTION_MOVE, actionButton=0, id[0]=0, x[0]=1128.0, y[0]=112.0, toolType[0]=TOOL_TYPE_UNKNOWN, buttonState=0, metaState=0, flags=0x0, edgeFlags=0x0, pointerCount=1, historySize=0, eventTime=345052, downTime=345052, deviceId=0, source=0x1002 }
07-29 16:49:02.216  5909  5909 I Input   : injectMotionEvent: MotionEvent { action=ACTION_MOVE, actionButton=0, id[0]=0, x[0]=1128.0, y[0]=112.0, toolType[0]=TOOL_TYPE_UNKNOWN, buttonState=0, metaState=0, flags=0x0, edgeFlags=0x0, pointerCount=1, historySize=0, eventTime=345068, downTime=345068, deviceId=0, source=0x1002 }
07-29 16:49:02.232  5909  5909 I Input   : injectMotionEvent: MotionEvent { action=ACTION_MOVE, actionButton=0, id[0]=0, x[0]=1128.0, y[0]=112.0, toolType[0]=TOOL_TYPE_UNKNOWN, buttonState=0, metaState=0, flags=0x0, edgeFlags=0x0, pointerCount=1, historySize=0, eventTime=345084, downTime=345084, deviceId=0, source=0x1002 }
07-29 16:49:02.249  5909  5909 I Input   : injectMotionEvent: MotionEvent { action=ACTION_MOVE, actionButton=0, id[0]=0, x[0]=1128.0, y[0]=112.0, toolType[0]=TOOL_TYPE_UNKNOWN, buttonState=0, metaState=0, flags=0x0, edgeFlags=0x0, pointerCount=1, historySize=0, eventTime=345102, downTime=345102, deviceId=0, source=0x1002 }
07-29 16:49:02.265  5909  5909 I Input   : injectMotionEvent: MotionEvent { action=ACTION_MOVE, actionButton=0, id[0]=0, x[0]=1128.0, y[0]=112.0, toolType[0]=TOOL_TYPE_UNKNOWN, buttonState=0, metaState=0, flags=0x0, edgeFlags=0x0, pointerCount=1, historySize=0, eventTime=345117, downTime=345117, deviceId=0, source=0x1002 }
07-29 16:49:02.284  5909  5909 I Input   : injectMotionEvent: MotionEvent { action=ACTION_MOVE, actionButton=0, id[0]=0, x[0]=1128.0, y[0]=112.0, toolType[0]=TOOL_TYPE_UNKNOWN, buttonState=0, metaState=0, flags=0x0, edgeFlags=0x0, pointerCount=1, historySize=0, eventTime=345136, downTime=345136, deviceId=0, source=0x1002 }
07-29 16:49:02.300  5909  5909 I Input   : injectMotionEvent: MotionEvent { action=ACTION_MOVE, actionButton=0, id[0]=0, x[0]=1128.0, y[0]=112.0, toolType[0]=TOOL_TYPE_UNKNOWN, buttonState=0, metaState=0, flags=0x0, edgeFlags=0x0, pointerCount=1, historySize=0, eventTime=345152, downTime=345152, deviceId=0, source=0x1002 }
07-29 16:49:02.316  5909  5909 I Input   : injectMotionEvent: MotionEvent { action=ACTION_MOVE, actionButton=0, id[0]=0, x[0]=1128.0, y[0]=112.0, toolType[0]=TOOL_TYPE_UNKNOWN, buttonState=0, metaState=0, flags=0x0, edgeFlags=0x0, pointerCount=1, historySize=0, eventTime=345168, downTime=345168, deviceId=0, source=0x1002 }
07-29 16:49:02.332  5909  5909 I Input   : injectMotionEvent: MotionEvent { action=ACTION_MOVE, actionButton=0, id[0]=0, x[0]=1128.0, y[0]=112.0, toolType[0]=TOOL_TYPE_UNKNOWN, buttonState=0, metaState=0, flags=0x0, edgeFlags=0x0, pointerCount=1, historySize=0, eventTime=345184, downTime=345184, deviceId=0, source=0x1002 }
07-29 16:49:02.350  5909  5909 I Input   : injectMotionEvent: MotionEvent { action=ACTION_MOVE, actionButton=0, id[0]=0, x[0]=1128.0, y[0]=112.0, toolType[0]=TOOL_TYPE_UNKNOWN, buttonState=0, metaState=0, flags=0x0, edgeFlags=0x0, pointerCount=1, historySize=0, eventTime=345202, downTime=345202, deviceId=0, source=0x1002 }
07-29 16:49:02.371  5909  5909 I Input   : injectMotionEvent: MotionEvent { action=ACTION_MOVE, actionButton=0, id[0]=0, x[0]=1128.0, y[0]=112.0, toolType[0]=TOOL_TYPE_UNKNOWN, buttonState=0, metaState=0, flags=0x0, edgeFlags=0x0, pointerCount=1, historySize=0, eventTime=345224, downTime=345224, deviceId=0, source=0x1002 }
07-29 16:49:02.382  5909  5909 I Input   : injectMotionEvent: MotionEvent { action=ACTION_MOVE, actionButton=0, id[0]=0, x[0]=1128.0, y[0]=112.0, toolType[0]=TOOL_TYPE_UNKNOWN, buttonState=0, metaState=0, flags=0x0, edgeFlags=0x0, pointerCount=1, historySize=0, eventTime=345234, downTime=345234, deviceId=0, source=0x1002 }
07-29 16:49:02.399  5909  5909 I Input   : injectMotionEvent: MotionEvent { action=ACTION_MOVE, actionButton=0, id[0]=0, x[0]=1128.0, y[0]=112.0, toolType[0]=TOOL_TYPE_UNKNOWN, buttonState=0, metaState=0, flags=0x0, edgeFlags=0x0, pointerCount=1, historySize=0, eventTime=345252, downTime=345252, deviceId=0, source=0x1002 }
07-29 16:49:02.415  5909  5909 I Input   : injectMotionEvent: MotionEvent { action=ACTION_MOVE, actionButton=0, id[0]=0, x[0]=1128.0, y[0]=112.0, toolType[0]=TOOL_TYPE_UNKNOWN, buttonState=0, metaState=0, flags=0x0, edgeFlags=0x0, pointerCount=1, historySize=0, eventTime=345267, downTime=345267, deviceId=0, source=0x1002 }
07-29 16:49:02.432  5909  5909 I Input   : injectMotionEvent: MotionEvent { action=ACTION_MOVE, actionButton=0, id[0]=0, x[0]=1128.0, y[0]=112.0, toolType[0]=TOOL_TYPE_UNKNOWN, buttonState=0, metaState=0, flags=0x0, edgeFlags=0x0, pointerCount=1, historySize=0, eventTime=345285, downTime=345285, deviceId=0, source=0x1002 }
07-29 16:49:02.449  5909  5909 I Input   : injectMotionEvent: MotionEvent { action=ACTION_MOVE, actionButton=0, id[0]=0, x[0]=1128.0, y[0]=112.0, toolType[0]=TOOL_TYPE_UNKNOWN, buttonState=0, metaState=0, flags=0x0, edgeFlags=0x0, pointerCount=1, historySize=0, eventTime=345301, downTime=345301, deviceId=0, source=0x1002 }
07-29 16:49:02.471  5909  5909 I Input   : injectMotionEvent: MotionEvent { action=ACTION_MOVE, actionButton=0, id[0]=0, x[0]=1128.0, y[0]=112.0, toolType[0]=TOOL_TYPE_UNKNOWN, buttonState=0, metaState=0, flags=0x0, edgeFlags=0x0, pointerCount=1, historySize=0, eventTime=345323, downTime=345323, deviceId=0, source=0x1002 }
07-29 16:49:02.482  5909  5909 I Input   : injectMotionEvent: MotionEvent { action=ACTION_MOVE, actionButton=0, id[0]=0, x[0]=1128.0, y[0]=112.0, toolType[0]=TOOL_TYPE_UNKNOWN, buttonState=0, metaState=0, flags=0x0, edgeFlags=0x0, pointerCount=1, historySize=0, eventTime=345335, downTime=345335, deviceId=0, source=0x1002 }
07-29 16:49:02.500  5909  5909 I Input   : injectMotionEvent: MotionEvent { action=ACTION_MOVE, actionButton=0, id[0]=0, x[0]=1128.0, y[0]=112.0, toolType[0]=TOOL_TYPE_UNKNOWN, buttonState=0, metaState=0, flags=0x0, edgeFlags=0x0, pointerCount=1, historySize=0, eventTime=345352, downTime=345352, deviceId=0, source=0x1002 }
07-29 16:49:02.515  5909  5909 I Input   : injectMotionEvent: MotionEvent { action=ACTION_MOVE, actionButton=0, id[0]=0, x[0]=1128.0, y[0]=112.0, toolType[0]=TOOL_TYPE_UNKNOWN, buttonState=0, metaState=0, flags=0x0, edgeFlags=0x0, pointerCount=1, historySize=0, eventTime=345367, downTime=345367, deviceId=0, source=0x1002 }
07-29 16:49:02.533  5909  5909 I Input   : injectMotionEvent: MotionEvent { action=ACTION_MOVE, actionButton=0, id[0]=0, x[0]=1128.0, y[0]=112.0, toolType[0]=TOOL_TYPE_UNKNOWN, buttonState=0, metaState=0, flags=0x0, edgeFlags=0x0, pointerCount=1, historySize=0, eventTime=345385, downTime=345385, deviceId=0, source=0x1002 }
07-29 16:49:02.549  5909  5909 I Input   : injectMotionEvent: MotionEvent { action=ACTION_MOVE, actionButton=0, id[0]=0, x[0]=1128.0, y[0]=112.0, toolType[0]=TOOL_TYPE_UNKNOWN, buttonState=0, metaState=0, flags=0x0, edgeFlags=0x0, pointerCount=1, historySize=0, eventTime=345401, downTime=345401, deviceId=0, source=0x1002 }
07-29 16:49:02.572  5909  5909 I Input   : injectMotionEvent: MotionEvent { action=ACTION_MOVE, actionButton=0, id[0]=0, x[0]=1128.0, y[0]=112.0, toolType[0]=TOOL_TYPE_UNKNOWN, buttonState=0, metaState=0, flags=0x0, edgeFlags=0x0, pointerCount=1, historySize=0, eventTime=345424, downTime=345424, deviceId=0, source=0x1002 }
07-29 16:49:02.582  5909  5909 I Input   : injectMotionEvent: MotionEvent { action=ACTION_MOVE, actionButton=0, id[0]=0, x[0]=1128.0, y[0]=112.0, toolType[0]=TOOL_TYPE_UNKNOWN, buttonState=0, metaState=0, flags=0x0, edgeFlags=0x0, pointerCount=1, historySize=0, eventTime=345434, downTime=345434, deviceId=0, source=0x1002 }
07-29 16:49:02.600  5909  5909 I Input   : injectMotionEvent: MotionEvent { action=ACTION_MOVE, actionButton=0, id[0]=0, x[0]=1128.0, y[0]=112.0, toolType[0]=TOOL_TYPE_UNKNOWN, buttonState=0, metaState=0, flags=0x0, edgeFlags=0x0, pointerCount=1, historySize=0, eventTime=345452, downTime=345452, deviceId=0, source=0x1002 }
07-29 16:49:02.616  5909  5909 I Input   : injectMotionEvent: MotionEvent { action=ACTION_MOVE, actionButton=0, id[0]=0, x[0]=1128.0, y[0]=112.0, toolType[0]=TOOL_TYPE_UNKNOWN, buttonState=0, metaState=0, flags=0x0, edgeFlags=0x0, pointerCount=1, historySize=0, eventTime=345468, downTime=345468, deviceId=0, source=0x1002 }
07-29 16:49:02.633  5909  5909 I Input   : injectMotionEvent: MotionEvent { action=ACTION_MOVE, actionButton=0, id[0]=0, x[0]=1128.0, y[0]=112.0, toolType[0]=TOOL_TYPE_UNKNOWN, buttonState=0, metaState=0, flags=0x0, edgeFlags=0x0, pointerCount=1, historySize=0, eventTime=345485, downTime=345485, deviceId=0, source=0x1002 }
07-29 16:49:02.649  5909  5909 I Input   : injectMotionEvent: MotionEvent { action=ACTION_MOVE, actionButton=0, id[0]=0, x[0]=1128.0, y[0]=112.0, toolType[0]=TOOL_TYPE_UNKNOWN, buttonState=0, metaState=0, flags=0x0, edgeFlags=0x0, pointerCount=1, historySize=0, eventTime=345501, downTime=345501, deviceId=0, source=0x1002 }
07-29 16:49:02.671  5909  5909 I Input   : injectMotionEvent: MotionEvent { action=ACTION_MOVE, actionButton=0, id[0]=0, x[0]=1128.0, y[0]=112.0, toolType[0]=TOOL_TYPE_UNKNOWN, buttonState=0, metaState=0, flags=0x0, edgeFlags=0x0, pointerCount=1, historySize=0, eventTime=345523, downTime=345523, deviceId=0, source=0x1002 }
07-29 16:49:02.682  5909  5909 I Input   : injectMotionEvent: MotionEvent { action=ACTION_MOVE, actionButton=0, id[0]=0, x[0]=1128.0, y[0]=112.0, toolType[0]=TOOL_TYPE_UNKNOWN, buttonState=0, metaState=0, flags=0x0, edgeFlags=0x0, pointerCount=1, historySize=0, eventTime=345534, downTime=345534, deviceId=0, source=0x1002 }
07-29 16:49:02.700  5909  5909 I Input   : injectMotionEvent: MotionEvent { action=ACTION_MOVE, actionButton=0, id[0]=0, x[0]=1128.0, y[0]=112.0, toolType[0]=TOOL_TYPE_UNKNOWN, buttonState=0, metaState=0, flags=0x0, edgeFlags=0x0, pointerCount=1, historySize=0, eventTime=345552, downTime=345552, deviceId=0, source=0x1002 }
07-29 16:49:02.715  5909  5909 I Input   : injectMotionEvent: MotionEvent { action=ACTION_MOVE, actionButton=0, id[0]=0, x[0]=1128.0, y[0]=112.0, toolType[0]=TOOL_TYPE_UNKNOWN, buttonState=0, metaState=0, flags=0x0, edgeFlags=0x0, pointerCount=1, historySize=0, eventTime=345567, downTime=345567, deviceId=0, source=0x1002 }
07-29 16:49:02.733  5909  5909 I Input   : injectMotionEvent: MotionEvent { action=ACTION_MOVE, actionButton=0, id[0]=0, x[0]=1128.0, y[0]=112.0, toolType[0]=TOOL_TYPE_UNKNOWN, buttonState=0, metaState=0, flags=0x0, edgeFlags=0x0, pointerCount=1, historySize=0, eventTime=345585, downTime=345585, deviceId=0, source=0x1002 }
07-29 16:49:02.748  5909  5909 I Input   : injectMotionEvent: MotionEvent { action=ACTION_MOVE, actionButton=0, id[0]=0, x[0]=1128.0, y[0]=112.0, toolType[0]=TOOL_TYPE_UNKNOWN, buttonState=0, metaState=0, flags=0x0, edgeFlags=0x0, pointerCount=1, historySize=0, eventTime=345600, downTime=345600, deviceId=0, source=0x1002 }
07-29 16:49:02.771  5909  5909 I Input   : injectMotionEvent: MotionEvent { action=ACTION_MOVE, actionButton=0, id[0]=0, x[0]=1128.0, y[0]=112.0, toolType[0]=TOOL_TYPE_UNKNOWN, buttonState=0, metaState=0, flags=0x0, edgeFlags=0x0, pointerCount=1, historySize=0, eventTime=345623, downTime=345623, deviceId=0, source=0x1002 }
07-29 16:49:02.792  5909  5909 I Input   : injectMotionEvent: MotionEvent { action=ACTION_MOVE, actionButton=0, id[0]=0, x[0]=1128.0, y[0]=112.0, toolType[0]=TOOL_TYPE_UNKNOWN, buttonState=0, metaState=0, flags=0x0, edgeFlags=0x0, pointerCount=1, historySize=0, eventTime=345644, downTime=345644, deviceId=0, source=0x1002 }
07-29 16:49:02.799  5909  5909 I Input   : injectMotionEvent: MotionEvent { action=ACTION_MOVE, actionButton=0, id[0]=0, x[0]=1128.0, y[0]=112.0, toolType[0]=TOOL_TYPE_UNKNOWN, buttonState=0, metaState=0, flags=0x0, edgeFlags=0x0, pointerCount=1, historySize=0, eventTime=345651, downTime=345651, deviceId=0, source=0x1002 }
07-29 16:49:02.815  5909  5909 I Input   : injectMotionEvent: MotionEvent { action=ACTION_MOVE, actionButton=0, id[0]=0, x[0]=1128.0, y[0]=112.0, toolType[0]=TOOL_TYPE_UNKNOWN, buttonState=0, metaState=0, flags=0x0, edgeFlags=0x0, pointerCount=1, historySize=0, eventTime=345667, downTime=345667, deviceId=0, source=0x1002 }
07-29 16:49:02.833  5909  5909 I Input   : injectMotionEvent: MotionEvent { action=ACTION_MOVE, actionButton=0, id[0]=0, x[0]=1128.0, y[0]=112.0, toolType[0]=TOOL_TYPE_UNKNOWN, buttonState=0, metaState=0, flags=0x0, edgeFlags=0x0, pointerCount=1, historySize=0, eventTime=345685, downTime=345685, deviceId=0, source=0x1002 }
07-29 16:49:02.849  5909  5909 I Input   : injectMotionEvent: MotionEvent { action=ACTION_MOVE, actionButton=0, id[0]=0, x[0]=1128.0, y[0]=112.0, toolType[0]=TOOL_TYPE_UNKNOWN, buttonState=0, metaState=0, flags=0x0, edgeFlags=0x0, pointerCount=1, historySize=0, eventTime=345701, downTime=345701, deviceId=0, source=0x1002 }
07-29 16:49:02.868  5909  5909 I Input   : injectMotionEvent: MotionEvent { action=ACTION_MOVE, actionButton=0, id[0]=0, x[0]=1128.0, y[0]=112.0, toolType[0]=TOOL_TYPE_UNKNOWN, buttonState=0, metaState=0, flags=0x0, edgeFlags=0x0, pointerCount=1, historySize=0, eventTime=345721, downTime=345721, deviceId=0, source=0x1002 }
07-29 16:49:02.881  5909  5909 I Input   : injectMotionEvent: MotionEvent { action=ACTION_MOVE, actionButton=0, id[0]=0, x[0]=1128.0, y[0]=112.0, toolType[0]=TOOL_TYPE_UNKNOWN, buttonState=0, metaState=0, flags=0x0, edgeFlags=0x0, pointerCount=1, historySize=0, eventTime=345734, downTime=345734, deviceId=0, source=0x1002 }
07-29 16:49:02.899  5909  5909 I Input   : injectMotionEvent: MotionEvent { action=ACTION_MOVE, actionButton=0, id[0]=0, x[0]=1128.0, y[0]=112.0, toolType[0]=TOOL_TYPE_UNKNOWN, buttonState=0, metaState=0, flags=0x0, edgeFlags=0x0, pointerCount=1, historySize=0, eventTime=345752, downTime=345752, deviceId=0, source=0x1002 }
07-29 16:49:02.915  5909  5909 I Input   : injectMotionEvent: MotionEvent { action=ACTION_MOVE, actionButton=0, id[0]=0, x[0]=1128.0, y[0]=112.0, toolType[0]=TOOL_TYPE_UNKNOWN, buttonState=0, metaState=0, flags=0x0, edgeFlags=0x0, pointerCount=1, historySize=0, eventTime=345767, downTime=345767, deviceId=0, source=0x1002 }
07-29 16:49:02.932  5909  5909 I Input   : injectMotionEvent: MotionEvent { action=ACTION_MOVE, actionButton=0, id[0]=0, x[0]=1128.0, y[0]=112.0, toolType[0]=TOOL_TYPE_UNKNOWN, buttonState=0, metaState=0, flags=0x0, edgeFlags=0x0, pointerCount=1, historySize=0, eventTime=345784, downTime=345784, deviceId=0, source=0x1002 }
07-29 16:49:02.948  5909  5909 I Input   : injectMotionEvent: MotionEvent { action=ACTION_MOVE, actionButton=0, id[0]=0, x[0]=1128.0, y[0]=112.0, toolType[0]=TOOL_TYPE_UNKNOWN, buttonState=0, metaState=0, flags=0x0, edgeFlags=0x0, pointerCount=1, historySize=0, eventTime=345800, downTime=345800, deviceId=0, source=0x1002 }
07-29 16:49:02.968  5909  5909 I Input   : injectMotionEvent: MotionEvent { action=ACTION_MOVE, actionButton=0, id[0]=0, x[0]=1128.0, y[0]=112.0, toolType[0]=TOOL_TYPE_UNKNOWN, buttonState=0, metaState=0, flags=0x0, edgeFlags=0x0, pointerCount=1, historySize=0, eventTime=345820, downTime=345820, deviceId=0, source=0x1002 }
07-29 16:49:02.983  5909  5909 I Input   : injectMotionEvent: MotionEvent { action=ACTION_MOVE, actionButton=0, id[0]=0, x[0]=1128.0, y[0]=112.0, toolType[0]=TOOL_TYPE_UNKNOWN, buttonState=0, metaState=0, flags=0x0, edgeFlags=0x0, pointerCount=1, historySize=0, eventTime=345835, downTime=345835, deviceId=0, source=0x1002 }
07-29 16:49:03.000  5909  5909 I Input   : injectMotionEvent: MotionEvent { action=ACTION_MOVE, actionButton=0, id[0]=0, x[0]=1128.0, y[0]=112.0, toolType[0]=TOOL_TYPE_UNKNOWN, buttonState=0, metaState=0, flags=0x0, edgeFlags=0x0, pointerCount=1, historySize=0, eventTime=345852, downTime=345852, deviceId=0, source=0x1002 }
07-29 16:49:03.016  5909  5909 I Input   : injectMotionEvent: MotionEvent { action=ACTION_MOVE, actionButton=0, id[0]=0, x[0]=1128.0, y[0]=112.0, toolType[0]=TOOL_TYPE_UNKNOWN, buttonState=0, metaState=0, flags=0x0, edgeFlags=0x0, pointerCount=1, historySize=0, eventTime=345868, downTime=345868, deviceId=0, source=0x1002 }
07-29 16:49:03.044  5909  5909 I Input   : injectMotionEvent: MotionEvent { action=ACTION_MOVE, actionButton=0, id[0]=0, x[0]=1128.0, y[0]=112.0, toolType[0]=TOOL_TYPE_UNKNOWN, buttonState=0, metaState=0, flags=0x0, edgeFlags=0x0, pointerCount=1, historySize=0, eventTime=345896, downTime=345896, deviceId=0, source=0x1002 }
07-29 16:49:03.070  5909  5909 I Input   : injectMotionEvent: MotionEvent { action=ACTION_MOVE, actionButton=0, id[0]=0, x[0]=1128.0, y[0]=112.0, toolType[0]=TOOL_TYPE_UNKNOWN, buttonState=0, metaState=0, flags=0x0, edgeFlags=0x0, pointerCount=1, historySize=0, eventTime=345922, downTime=345922, deviceId=0, source=0x1002 }
07-29 16:49:03.082  5909  5909 I Input   : injectMotionEvent: MotionEvent { action=ACTION_MOVE, actionButton=0, id[0]=0, x[0]=1128.0, y[0]=112.0, toolType[0]=TOOL_TYPE_UNKNOWN, buttonState=0, metaState=0, flags=0x0, edgeFlags=0x0, pointerCount=1, historySize=0, eventTime=345935, downTime=345935, deviceId=0, source=0x1002 }
07-29 16:49:03.114  5909  5909 I Input   : injectMotionEvent: MotionEvent { action=ACTION_MOVE, actionButton=0, id[0]=0, x[0]=1128.0, y[0]=112.0, toolType[0]=TOOL_TYPE_UNKNOWN, buttonState=0, metaState=0, flags=0x0, edgeFlags=0x0, pointerCount=1, historySize=0, eventTime=345966, downTime=345966, deviceId=0, source=0x1002 }
07-29 16:49:03.133  5909  5909 I Input   : injectMotionEvent: MotionEvent { action=ACTION_MOVE, actionButton=0, id[0]=0, x[0]=1128.0, y[0]=112.0, toolType[0]=TOOL_TYPE_UNKNOWN, buttonState=0, metaState=0, flags=0x0, edgeFlags=0x0, pointerCount=1, historySize=0, eventTime=345985, downTime=345985, deviceId=0, source=0x1002 }
07-29 16:49:03.148  5909  5909 I Input   : injectMotionEvent: MotionEvent { action=ACTION_UP, actionButton=0, id[0]=0, x[0]=1128.0, y[0]=112.0, toolType[0]=TOOL_TYPE_UNKNOWN, buttonState=0, metaState=0, flags=0x0, edgeFlags=0x0, pointerCount=1, historySize=0, eventTime=346000, downTime=346000, deviceId=0, source=0x1002 }
07-29 16:49:03.148  5909  5909 D AndroidRuntime: Shutting down VM
07-29 16:49:03.931   587   689 D WifiStateMachine: L2Connected CMD_START_SCAN source -2 19, 21 -> obsolete
07-29 16:49:04.264  1877  1893 E Surface : getSlotFromBufferLocked: unknown buffer: 0xdf4c2930
07-29 16:49:07.470  6243  6243 D AndroidRuntime: >>>>>> START com.android.internal.os.RuntimeInit uid 0 <<<<<<
07-29 16:49:07.472  6243  6243 D AndroidRuntime: CheckJNI is OFF
07-29 16:49:07.480  6243  6243 D ICU     : No timezone override file found: /data/misc/zoneinfo/current/icu/icu_tzdata.dat
07-29 16:49:07.491  6243  6243 E memtrack: Couldn't load memtrack module (No such file or directory)
07-29 16:49:07.491  6243  6243 E android.os.Debug: failed to load memtrack module: -2
07-29 16:49:07.492  6243  6243 I Radio-JNI: register_android_hardware_Radio DONE
07-29 16:49:07.498  6243  6243 D AndroidRuntime: Calling main entry com.android.commands.uiautomator.Launcher
07-29 16:49:08.514  6243  6243 W AccessibilityNodeInfoDumper: Fetch time: 2ms
07-29 16:49:08.514   587  1025 W WindowManager: Attempted to remove non-existing token: android.os.Binder@fa8deac
07-29 16:49:08.521  6243  6243 D AndroidRuntime: Shutting down VM
07-29 16:49:08.904   587  1733 D NetlinkSocketObserver: NeighborEvent{elapsedMs=351756, 10.0.3.2, [525400123502], RTM_NEWNEIGH, NUD_PROBE}
07-29 16:49:08.904   587  1733 D NetlinkSocketObserver: NeighborEvent{elapsedMs=351757, 10.0.3.2, [525400123502], RTM_NEWNEIGH, NUD_REACHABLE}
07-29 16:49:09.493  6266  6266 D AndroidRuntime: >>>>>> START com.android.internal.os.RuntimeInit uid 0 <<<<<<
07-29 16:49:09.494  6266  6266 D AndroidRuntime: CheckJNI is OFF
07-29 16:49:09.502  6266  6266 D ICU     : No timezone override file found: /data/misc/zoneinfo/current/icu/icu_tzdata.dat
07-29 16:49:09.513  6266  6266 E memtrack: Couldn't load memtrack module (No such file or directory)
07-29 16:49:09.513  6266  6266 E android.os.Debug: failed to load memtrack module: -2
07-29 16:49:09.514  6266  6266 I Radio-JNI: register_android_hardware_Radio DONE
07-29 16:49:09.519  6266  6266 D AndroidRuntime: Calling main entry com.android.commands.uiautomator.Launcher
07-29 16:49:10.537  6266  6266 W AccessibilityNodeInfoDumper: Fetch time: 2ms
07-29 16:49:10.537   587  1047 W WindowManager: Attempted to remove non-existing token: android.os.Binder@3c76775
07-29 16:49:10.546  6266  6266 D AndroidRuntime: Shutting down VM
07-29 16:49:10.955  6285  6285 D AndroidRuntime: >>>>>> START com.android.internal.os.RuntimeInit uid 0 <<<<<<
07-29 16:49:10.956  6285  6285 D AndroidRuntime: CheckJNI is OFF
07-29 16:49:10.965  6285  6285 D ICU     : No timezone override file found: /data/misc/zoneinfo/current/icu/icu_tzdata.dat
07-29 16:49:10.975  6285  6285 E memtrack: Couldn't load memtrack module (No such file or directory)
07-29 16:49:10.975  6285  6285 E android.os.Debug: failed to load memtrack module: -2
07-29 16:49:10.976  6285  6285 I Radio-JNI: register_android_hardware_Radio DONE
07-29 16:49:10.981  6285  6285 D AndroidRuntime: Calling main entry com.android.commands.uiautomator.Launcher
07-29 16:49:11.996  6285  6285 W AccessibilityNodeInfoDumper: Fetch time: 2ms
07-29 16:49:11.997   587  1038 W WindowManager: Attempted to remove non-existing token: android.os.Binder@6eae30a
07-29 16:49:12.004  6285  6285 D AndroidRuntime: Shutting down VM
07-29 16:49:12.974  6308  6308 D AndroidRuntime: >>>>>> START com.android.internal.os.RuntimeInit uid 0 <<<<<<
07-29 16:49:12.975  6308  6308 D AndroidRuntime: CheckJNI is OFF
07-29 16:49:12.983  6308  6308 D ICU     : No timezone override file found: /data/misc/zoneinfo/current/icu/icu_tzdata.dat
07-29 16:49:12.994  6308  6308 E memtrack: Couldn't load memtrack module (No such file or directory)
07-29 16:49:12.994  6308  6308 E android.os.Debug: failed to load memtrack module: -2
07-29 16:49:12.995  6308  6308 I Radio-JNI: register_android_hardware_Radio DONE
07-29 16:49:13.000  6308  6308 D AndroidRuntime: Calling main entry com.android.commands.uiautomator.Launcher
07-29 16:49:14.017  6308  6308 W AccessibilityNodeInfoDumper: Fetch time: 2ms
07-29 16:49:14.017   587   747 W WindowManager: Attempted to remove non-existing token: android.os.Binder@6ebe77b
07-29 16:49:14.025  6308  6308 D AndroidRuntime: Shutting down VM
07-29 16:49:15.050  6336  6336 D AndroidRuntime: >>>>>> START com.android.internal.os.RuntimeInit uid 0 <<<<<<
07-29 16:49:15.052  6336  6336 D AndroidRuntime: CheckJNI is OFF
07-29 16:49:15.061  6336  6336 D ICU     : No timezone override file found: /data/misc/zoneinfo/current/icu/icu_tzdata.dat
07-29 16:49:15.080  6336  6336 E memtrack: Couldn't load memtrack module (No such file or directory)
07-29 16:49:15.080  6336  6336 E android.os.Debug: failed to load memtrack module: -2
07-29 16:49:15.082  6336  6336 I Radio-JNI: register_android_hardware_Radio DONE
07-29 16:49:15.087  6336  6336 D AndroidRuntime: Calling main entry com.android.commands.uiautomator.Launcher
07-29 16:49:16.103  6336  6336 W AccessibilityNodeInfoDumper: Fetch time: 1ms
07-29 16:49:16.103   587   599 W WindowManager: Attempted to remove non-existing token: android.os.Binder@71b3998
07-29 16:49:16.111  6336  6336 D AndroidRuntime: Shutting down VM
07-29 16:49:17.099  6362  6362 D AndroidRuntime: >>>>>> START com.android.internal.os.RuntimeInit uid 0 <<<<<<
07-29 16:49:17.100  6362  6362 D AndroidRuntime: CheckJNI is OFF
07-29 16:49:17.108  6362  6362 D ICU     : No timezone override file found: /data/misc/zoneinfo/current/icu/icu_tzdata.dat
07-29 16:49:17.119  6362  6362 E memtrack: Couldn't load memtrack module (No such file or directory)
07-29 16:49:17.119  6362  6362 E android.os.Debug: failed to load memtrack module: -2
07-29 16:49:17.120  6362  6362 I Radio-JNI: register_android_hardware_Radio DONE
07-29 16:49:17.125  6362  6362 D AndroidRuntime: Calling main entry com.android.commands.uiautomator.Launcher
07-29 16:49:18.140  6362  6362 W AccessibilityNodeInfoDumper: Fetch time: 2ms
07-29 16:49:18.141   587  1047 W WindowManager: Attempted to remove non-existing token: android.os.Binder@dc25d6
07-29 16:49:18.147  6362  6362 D AndroidRuntime: Shutting down VM
07-29 16:49:18.552  6380  6380 D AndroidRuntime: >>>>>> START com.android.internal.os.RuntimeInit uid 0 <<<<<<
07-29 16:49:18.553  6380  6380 D AndroidRuntime: CheckJNI is OFF
07-29 16:49:18.562  6380  6380 D ICU     : No timezone override file found: /data/misc/zoneinfo/current/icu/icu_tzdata.dat
07-29 16:49:18.573  6380  6380 E memtrack: Couldn't load memtrack module (No such file or directory)
07-29 16:49:18.573  6380  6380 E android.os.Debug: failed to load memtrack module: -2
07-29 16:49:18.574  6380  6380 I Radio-JNI: register_android_hardware_Radio DONE
07-29 16:49:18.579  6380  6380 D AndroidRuntime: Calling main entry com.android.commands.uiautomator.Launcher
07-29 16:49:19.598  6380  6380 W AccessibilityNodeInfoDumper: Fetch time: 3ms
07-29 16:49:19.598   587  1038 W WindowManager: Attempted to remove non-existing token: android.os.Binder@ac78057
07-29 16:49:19.606  6380  6380 D AndroidRuntime: Shutting down VM
07-29 16:49:20.571  6403  6403 D AndroidRuntime: >>>>>> START com.android.internal.os.RuntimeInit uid 0 <<<<<<
07-29 16:49:20.573  6403  6403 D AndroidRuntime: CheckJNI is OFF
07-29 16:49:20.581  6403  6403 D ICU     : No timezone override file found: /data/misc/zoneinfo/current/icu/icu_tzdata.dat
07-29 16:49:20.593  6403  6403 E memtrack: Couldn't load memtrack module (No such file or directory)
07-29 16:49:20.593  6403  6403 E android.os.Debug: failed to load memtrack module: -2
07-29 16:49:20.594  6403  6403 I Radio-JNI: register_android_hardware_Radio DONE
07-29 16:49:20.600  6403  6403 D AndroidRuntime: Calling main entry com.android.commands.uiautomator.Launcher
07-29 16:49:21.616  6403  6403 W AccessibilityNodeInfoDumper: Fetch time: 2ms
07-29 16:49:21.616   587   747 W WindowManager: Attempted to remove non-existing token: android.os.Binder@a565744
07-29 16:49:21.624  6403  6403 D AndroidRuntime: Shutting down VM
07-29 16:49:22.031  6421  6421 D AndroidRuntime: >>>>>> START com.android.internal.os.RuntimeInit uid 0 <<<<<<
07-29 16:49:22.032  6421  6421 D AndroidRuntime: CheckJNI is OFF
07-29 16:49:22.040  6421  6421 D ICU     : No timezone override file found: /data/misc/zoneinfo/current/icu/icu_tzdata.dat
07-29 16:49:22.052  6421  6421 E memtrack: Couldn't load memtrack module (No such file or directory)
07-29 16:49:22.052  6421  6421 E android.os.Debug: failed to load memtrack module: -2
07-29 16:49:22.052  6421  6421 I Radio-JNI: register_android_hardware_Radio DONE
07-29 16:49:22.057  6421  6421 D AndroidRuntime: Calling main entry com.android.commands.uiautomator.Launcher
07-29 16:49:23.075  6421  6421 W AccessibilityNodeInfoDumper: Fetch time: 2ms
07-29 16:49:23.076   587  1038 W WindowManager: Attempted to remove non-existing token: android.os.Binder@7f2102d
07-29 16:49:23.085  6421  6421 D AndroidRuntime: Shutting down VM
07-29 16:49:24.075  6444  6444 D AndroidRuntime: >>>>>> START com.android.internal.os.RuntimeInit uid 0 <<<<<<
07-29 16:49:24.076  6444  6444 D AndroidRuntime: CheckJNI is OFF
07-29 16:49:24.085  6444  6444 D ICU     : No timezone override file found: /data/misc/zoneinfo/current/icu/icu_tzdata.dat
07-29 16:49:24.096  6444  6444 E memtrack: Couldn't load memtrack module (No such file or directory)
07-29 16:49:24.096  6444  6444 E android.os.Debug: failed to load memtrack module: -2
07-29 16:49:24.097  6444  6444 I Radio-JNI: register_android_hardware_Radio DONE
07-29 16:49:24.102  6444  6444 D AndroidRuntime: Calling main entry com.android.commands.uiautomator.Launcher
07-29 16:49:25.118  6444  6444 W AccessibilityNodeInfoDumper: Fetch time: 1ms
07-29 16:49:25.118   587   598 W WindowManager: Attempted to remove non-existing token: android.os.Binder@2ccc962
07-29 16:49:25.126  6444  6444 D AndroidRuntime: Shutting down VM
07-29 16:49:25.521  6462  6462 D AndroidRuntime: >>>>>> START com.android.internal.os.RuntimeInit uid 0 <<<<<<
07-29 16:49:25.523  6462  6462 D AndroidRuntime: CheckJNI is OFF
07-29 16:49:25.532  6462  6462 D ICU     : No timezone override file found: /data/misc/zoneinfo/current/icu/icu_tzdata.dat
07-29 16:49:25.543  6462  6462 E memtrack: Couldn't load memtrack module (No such file or directory)
07-29 16:49:25.543  6462  6462 E android.os.Debug: failed to load memtrack module: -2
07-29 16:49:25.544  6462  6462 I Radio-JNI: register_android_hardware_Radio DONE
07-29 16:49:25.549  6462  6462 D AndroidRuntime: Calling main entry com.android.commands.uiautomator.Launcher
07-29 16:49:26.564  6462  6462 W AccessibilityNodeInfoDumper: Fetch time: 2ms
07-29 16:49:26.564   587  1047 W WindowManager: Attempted to remove non-existing token: android.os.Binder@a59caf3
07-29 16:49:26.572  6462  6462 D AndroidRuntime: Shutting down VM
07-29 16:49:26.840   587  1733 D NetlinkSocketObserver: NeighborEvent{elapsedMs=369692, 10.0.3.2, [525400123502], RTM_NEWNEIGH, NUD_STALE}
07-29 16:49:27.577  6487  6487 D AndroidRuntime: >>>>>> START com.android.internal.os.RuntimeInit uid 0 <<<<<<
07-29 16:49:27.579  6487  6487 D AndroidRuntime: CheckJNI is OFF
07-29 16:49:27.587  6487  6487 D ICU     : No timezone override file found: /data/misc/zoneinfo/current/icu/icu_tzdata.dat
07-29 16:49:27.599  6487  6487 E memtrack: Couldn't load memtrack module (No such file or directory)
07-29 16:49:27.599  6487  6487 E android.os.Debug: failed to load memtrack module: -2
07-29 16:49:27.600  6487  6487 I Radio-JNI: register_android_hardware_Radio DONE
07-29 16:49:27.605  6487  6487 D AndroidRuntime: Calling main entry com.android.commands.uiautomator.Launcher
07-29 16:49:28.618  6487  6487 W AccessibilityNodeInfoDumper: Fetch time: 1ms
07-29 16:49:28.618   587   746 W WindowManager: Attempted to remove non-existing token: android.os.Binder@f03a3b0
07-29 16:49:28.626  6487  6487 D AndroidRuntime: Shutting down VM
07-29 16:49:29.037  6505  6505 D AndroidRuntime: >>>>>> START com.android.internal.os.RuntimeInit uid 0 <<<<<<
07-29 16:49:29.039  6505  6505 D AndroidRuntime: CheckJNI is OFF
07-29 16:49:29.048  6505  6505 D ICU     : No timezone override file found: /data/misc/zoneinfo/current/icu/icu_tzdata.dat
07-29 16:49:29.060  6505  6505 E memtrack: Couldn't load memtrack module (No such file or directory)
07-29 16:49:29.060  6505  6505 E android.os.Debug: failed to load memtrack module: -2
07-29 16:49:29.061  6505  6505 I Radio-JNI: register_android_hardware_Radio DONE
07-29 16:49:29.066  6505  6505 D AndroidRuntime: Calling main entry com.android.commands.uiautomator.Launcher
07-29 16:49:30.079  6505  6505 W AccessibilityNodeInfoDumper: Fetch time: 2ms
07-29 16:49:30.079   587   746 W WindowManager: Attempted to remove non-existing token: android.os.Binder@23219ae
07-29 16:49:30.088  6505  6505 D AndroidRuntime: Shutting down VM
07-29 16:49:30.502  6518  6518 D AndroidRuntime: >>>>>> START com.android.internal.os.RuntimeInit uid 0 <<<<<<
07-29 16:49:30.504  6518  6518 D AndroidRuntime: CheckJNI is OFF
07-29 16:49:30.515  6518  6518 D ICU     : No timezone override file found: /data/misc/zoneinfo/current/icu/icu_tzdata.dat
07-29 16:49:30.528  6518  6518 E memtrack: Couldn't load memtrack module (No such file or directory)
07-29 16:49:30.528  6518  6518 E android.os.Debug: failed to load memtrack module: -2
07-29 16:49:30.529  6518  6518 I Radio-JNI: register_android_hardware_Radio DONE
07-29 16:49:30.536  6518  6518 D AndroidRuntime: Calling main entry com.android.commands.input.Input
07-29 16:49:30.537  6518  6518 I Input   : injectMotionEvent: MotionEvent { action=ACTION_DOWN, actionButton=0, id[0]=0, x[0]=600.0, y[0]=636.0, toolType[0]=TOOL_TYPE_UNKNOWN, buttonState=0, metaState=0, flags=0x0, edgeFlags=0x0, pointerCount=1, historySize=0, eventTime=373389, downTime=373389, deviceId=0, source=0x1002 }
07-29 16:49:30.539  6518  6518 I Input   : injectMotionEvent: MotionEvent { action=ACTION_UP, actionButton=0, id[0]=0, x[0]=600.0, y[0]=636.0, toolType[0]=TOOL_TYPE_UNKNOWN, buttonState=0, metaState=0, flags=0x0, edgeFlags=0x0, pointerCount=1, historySize=0, eventTime=373389, downTime=373389, deviceId=0, source=0x1002 }
07-29 16:49:30.539  1877  1877 D leak-55 : Eastern Standard Time
07-29 16:49:30.539  6518  6518 D AndroidRuntime: Shutting down VM
07-29 16:49:30.540  1877  1877 D leak-87 : Eastern Standard Time
07-29 16:49:30.540   587  1038 I ActivityManager: START u0 {flg=0x50800000 cmp=com.jvillalba.apod.classic/.activities.ImageActivity (has extras)} from uid 10060 on display 0
07-29 16:49:30.726   610   641 D PermissionCache: checking android.permission.READ_FRAME_BUFFER for uid=1000 => granted (152 us)
07-29 16:49:30.814   610   610 E EGL_emulation: tid 610: eglCreateSyncKHR(1215): error 0x3004 (EGL_BAD_ATTRIBUTE)
07-29 16:49:30.831   610   610 D SurfaceFlinger: setOrientation, mFbdev=0xf6b823c0, mFbDev->setOrientation=0x0, orientation=1
07-29 16:49:30.831   610   610 E SurfaceFlinger: setOrientation: can't set orientation
07-29 16:49:30.832   587  1025 I ActivityManager: Config changes=480 {1.0 310mcc270mnc en_US ldltr sw600dp w960dp h528dp 320dpi lrg land finger -keyb/v/h dpad/v s.8}
07-29 16:49:30.832   587   606 W art     : Long monitor contention event with owner method=android.content.res.Configuration com.android.server.wm.WindowManagerService.updateOrientationFromAppTokens(android.content.res.Configuration, android.os.IBinder) from WindowManagerService.java:3950 waiters=0 for 284ms
07-29 16:49:30.836   587   670 I InputReader: Reconfiguring input devices.  changes=0x00000004
07-29 16:49:30.836   587   670 I InputReader: Device reconfigured: id=1, name='Genymotion Virtual Input', size 1200x1920, orientation 1, mode 1, display id 0
07-29 16:49:30.872  1877  1877 D leak-33 : Eastern Standard Time
07-29 16:49:30.872  1877  1877 D leak-34 : Eastern Standard Time
07-29 16:49:30.872  1877  1877 D leak-36 : Eastern Standard Time
07-29 16:49:30.872  1877  1877 D leak-39 : Eastern Standard Time
07-29 16:49:30.875  1877  1877 D leak-41 : Eastern Standard Time
07-29 16:49:30.879  1877  1877 D leak-42 : Eastern Standard Time
07-29 16:49:30.880  1877  1877 D leak-44 : Eastern Standard Time
07-29 16:49:30.880  1877  1877 D leak-51 : Eastern Standard Time
07-29 16:49:30.913   812  1248 E Surface : getSlotFromBufferLocked: unknown buffer: 0xee933180
07-29 16:49:30.914  1877  1893 E Surface : getSlotFromBufferLocked: unknown buffer: 0xdf4c32d0
07-29 16:49:30.927   812  1248 W EGL_emulation: eglSurfaceAttrib not implemented
07-29 16:49:30.927   812  1248 W OpenGLRenderer: Failed to set EGL_SWAP_BEHAVIOR on surface 0xe9b7a7a0, error=EGL_SUCCESS
07-29 16:49:30.976  1877  1893 W EGL_emulation: eglSurfaceAttrib not implemented
07-29 16:49:30.976  1877  1893 W OpenGLRenderer: Failed to set EGL_SWAP_BEHAVIOR on surface 0xdec67e40, error=EGL_SUCCESS
07-29 16:49:30.981   812  1248 E Surface : getSlotFromBufferLocked: unknown buffer: 0xee9330a0
07-29 16:49:31.074   812  1248 W EGL_emulation: eglSurfaceAttrib not implemented
07-29 16:49:31.074   812  1248 W OpenGLRenderer: Failed to set EGL_SWAP_BEHAVIOR on surface 0xe9b7a7c0, error=EGL_SUCCESS
07-29 16:49:31.075  1877  1877 D leak-40 : Eastern Standard Time
07-29 16:49:31.075  1877  1877 D leak-48 : Eastern Standard Time
07-29 16:49:31.121   587   606 I ActivityManager: Displayed com.jvillalba.apod.classic/.activities.ImageActivity: +576ms
07-29 16:49:31.132   587   606 I WindowManager: Screen frozen for +587ms due to Window{450421b u0 NavigationBar}
07-29 16:49:31.462   587   599 W art     : Long monitor contention event with owner method=void com.android.server.wm.WindowManagerService$H.handleMessage(android.os.Message) from WindowManagerService.java:7820 waiters=0 for 330ms
07-29 16:49:31.463  1877  1877 D leak-35 : Eastern Standard Time
07-29 16:49:31.478  1877  1893 E Surface : getSlotFromBufferLocked: unknown buffer: 0xdf4c5090
07-29 16:49:31.526  1877  1893 W EGL_emulation: eglSurfaceAttrib not implemented
07-29 16:49:31.526  1877  1893 W OpenGLRenderer: Failed to set EGL_SWAP_BEHAVIOR on surface 0xdec67e40, error=EGL_SUCCESS
07-29 16:49:32.222   587  6534 D OpenGLRenderer: Use EGL_SWAP_BEHAVIOR_PRESERVED: true
07-29 16:49:32.269   587  6534 I OpenGLRenderer: Initialized EGL, version 1.4
07-29 16:49:32.269   587  6534 D         : HostConnection::get() New Host Connection established 0xd800f970, tid 6534
07-29 16:49:32.460   587  6534 W EGL_emulation: eglSurfaceAttrib not implemented
07-29 16:49:32.460   587  6534 W OpenGLRenderer: Failed to set EGL_SWAP_BEHAVIOR on surface 0xddf13420, error=EGL_SUCCESS
07-29 16:49:33.421   587   602 I Choreographer: Skipped 53 frames!  The application may be doing too much work on its main thread.
07-29 16:49:33.464   587   606 I art     : Starting a blocking GC Explicit
07-29 16:49:33.475   587   606 I art     : Explicit concurrent mark sweep GC freed 18438(1323KB) AllocSpace objects, 14(280KB) LOS objects, 33% free, 6MB/9MB, paused 284us total 10.190ms
07-29 16:49:35.578  6857  6857 D AndroidRuntime: >>>>>> START com.android.internal.os.RuntimeInit uid 0 <<<<<<
07-29 16:49:35.579  6857  6857 D AndroidRuntime: CheckJNI is OFF
07-29 16:49:35.588  6857  6857 D ICU     : No timezone override file found: /data/misc/zoneinfo/current/icu/icu_tzdata.dat
07-29 16:49:35.601  6857  6857 E memtrack: Couldn't load memtrack module (No such file or directory)
07-29 16:49:35.601  6857  6857 E android.os.Debug: failed to load memtrack module: -2
07-29 16:49:35.601  6857  6857 I Radio-JNI: register_android_hardware_Radio DONE
07-29 16:49:35.607  6857  6857 D AndroidRuntime: Calling main entry com.android.commands.uiautomator.Launcher
07-29 16:49:35.900   587  1733 D NetlinkSocketObserver: NeighborEvent{elapsedMs=378753, 10.0.3.2, [525400123502], RTM_NEWNEIGH, NUD_REACHABLE}
07-29 16:49:36.622  6857  6857 W AccessibilityNodeInfoDumper: Fetch time: 1ms
07-29 16:49:36.623   587   746 W WindowManager: Attempted to remove non-existing token: android.os.Binder@366354b
07-29 16:49:36.633  6857  6857 D AndroidRuntime: Shutting down VM
07-29 16:49:37.600  6880  6880 D AndroidRuntime: >>>>>> START com.android.internal.os.RuntimeInit uid 0 <<<<<<
07-29 16:49:37.602  6880  6880 D AndroidRuntime: CheckJNI is OFF
07-29 16:49:37.609  6880  6880 D ICU     : No timezone override file found: /data/misc/zoneinfo/current/icu/icu_tzdata.dat
07-29 16:49:37.620  6880  6880 E memtrack: Couldn't load memtrack module (No such file or directory)
07-29 16:49:37.620  6880  6880 E android.os.Debug: failed to load memtrack module: -2
07-29 16:49:37.620  6880  6880 I Radio-JNI: register_android_hardware_Radio DONE
07-29 16:49:37.626  6880  6880 D AndroidRuntime: Calling main entry com.android.commands.uiautomator.Launcher
07-29 16:49:38.640  6880  6880 W AccessibilityNodeInfoDumper: Fetch time: 2ms
07-29 16:49:38.640   587   747 W WindowManager: Attempted to remove non-existing token: android.os.Binder@44d1041
07-29 16:49:38.648  6880  6880 D AndroidRuntime: Shutting down VM
07-29 16:49:39.051  6898  6898 D AndroidRuntime: >>>>>> START com.android.internal.os.RuntimeInit uid 0 <<<<<<
07-29 16:49:39.053  6898  6898 D AndroidRuntime: CheckJNI is OFF
07-29 16:49:39.061  6898  6898 D ICU     : No timezone override file found: /data/misc/zoneinfo/current/icu/icu_tzdata.dat
07-29 16:49:39.071  6898  6898 E memtrack: Couldn't load memtrack module (No such file or directory)
07-29 16:49:39.071  6898  6898 E android.os.Debug: failed to load memtrack module: -2
07-29 16:49:39.072  6898  6898 I Radio-JNI: register_android_hardware_Radio DONE
07-29 16:49:39.077  6898  6898 D AndroidRuntime: Calling main entry com.android.commands.uiautomator.Launcher
07-29 16:49:40.092  6898  6898 W AccessibilityNodeInfoDumper: Fetch time: 2ms
07-29 16:49:40.092   587  1037 W WindowManager: Attempted to remove non-existing token: android.os.Binder@309e9e6
07-29 16:49:40.100  6898  6898 D AndroidRuntime: Shutting down VM
07-29 16:49:41.075  6921  6921 D AndroidRuntime: >>>>>> START com.android.internal.os.RuntimeInit uid 0 <<<<<<
07-29 16:49:41.077  6921  6921 D AndroidRuntime: CheckJNI is OFF
07-29 16:49:41.085  6921  6921 D ICU     : No timezone override file found: /data/misc/zoneinfo/current/icu/icu_tzdata.dat
07-29 16:49:41.099  6921  6921 E memtrack: Couldn't load memtrack module (No such file or directory)
07-29 16:49:41.099  6921  6921 E android.os.Debug: failed to load memtrack module: -2
07-29 16:49:41.100  6921  6921 I Radio-JNI: register_android_hardware_Radio DONE
07-29 16:49:41.105  6921  6921 D AndroidRuntime: Calling main entry com.android.commands.uiautomator.Launcher
07-29 16:49:42.118  6921  6921 W AccessibilityNodeInfoDumper: Fetch time: 1ms
07-29 16:49:42.118   587  1037 W WindowManager: Attempted to remove non-existing token: android.os.Binder@e60db27
07-29 16:49:42.126  6921  6921 D AndroidRuntime: Shutting down VM
07-29 16:49:43.146  6949  6949 D AndroidRuntime: >>>>>> START com.android.internal.os.RuntimeInit uid 0 <<<<<<
07-29 16:49:43.147  6949  6949 D AndroidRuntime: CheckJNI is OFF
07-29 16:49:43.155  6949  6949 D ICU     : No timezone override file found: /data/misc/zoneinfo/current/icu/icu_tzdata.dat
07-29 16:49:43.167  6949  6949 E memtrack: Couldn't load memtrack module (No such file or directory)
07-29 16:49:43.167  6949  6949 E android.os.Debug: failed to load memtrack module: -2
07-29 16:49:43.168  6949  6949 I Radio-JNI: register_android_hardware_Radio DONE
07-29 16:49:43.174  6949  6949 D AndroidRuntime: Calling main entry com.android.commands.uiautomator.Launcher
07-29 16:49:44.187  6949  6949 W AccessibilityNodeInfoDumper: Fetch time: 2ms
07-29 16:49:44.187   587  1047 W WindowManager: Attempted to remove non-existing token: android.os.Binder@92d61d4
07-29 16:49:44.194  6949  6949 D AndroidRuntime: Shutting down VM
07-29 16:49:45.233  6975  6975 D AndroidRuntime: >>>>>> START com.android.internal.os.RuntimeInit uid 0 <<<<<<
07-29 16:49:45.235  6975  6975 D AndroidRuntime: CheckJNI is OFF
07-29 16:49:45.243  6975  6975 D ICU     : No timezone override file found: /data/misc/zoneinfo/current/icu/icu_tzdata.dat
07-29 16:49:45.254  6975  6975 E memtrack: Couldn't load memtrack module (No such file or directory)
07-29 16:49:45.254  6975  6975 E android.os.Debug: failed to load memtrack module: -2
07-29 16:49:45.255  6975  6975 I Radio-JNI: register_android_hardware_Radio DONE
07-29 16:49:45.261  6975  6975 D AndroidRuntime: Calling main entry com.android.commands.uiautomator.Launcher
07-29 16:49:46.273  6975  6975 W AccessibilityNodeInfoDumper: Fetch time: 1ms
07-29 16:49:46.274   587  1025 W WindowManager: Attempted to remove non-existing token: android.os.Binder@a196f7d
07-29 16:49:46.281  6975  6975 D AndroidRuntime: Shutting down VM
07-29 16:49:46.705  6993  6993 D AndroidRuntime: >>>>>> START com.android.internal.os.RuntimeInit uid 0 <<<<<<
07-29 16:49:46.707  6993  6993 D AndroidRuntime: CheckJNI is OFF
07-29 16:49:46.715  6993  6993 D ICU     : No timezone override file found: /data/misc/zoneinfo/current/icu/icu_tzdata.dat
07-29 16:49:46.727  6993  6993 E memtrack: Couldn't load memtrack module (No such file or directory)
07-29 16:49:46.727  6993  6993 E android.os.Debug: failed to load memtrack module: -2
07-29 16:49:46.728  6993  6993 I Radio-JNI: register_android_hardware_Radio DONE
07-29 16:49:46.732  6993  6993 D AndroidRuntime: Calling main entry com.android.commands.uiautomator.Launcher
07-29 16:49:47.755  6993  6993 W AccessibilityNodeInfoDumper: Fetch time: 2ms
07-29 16:49:47.755   587   746 W WindowManager: Attempted to remove non-existing token: android.os.Binder@c7602c3
07-29 16:49:47.763  6993  6993 D AndroidRuntime: Shutting down VM
07-29 16:49:48.737  7016  7016 D AndroidRuntime: >>>>>> START com.android.internal.os.RuntimeInit uid 0 <<<<<<
07-29 16:49:48.739  7016  7016 D AndroidRuntime: CheckJNI is OFF
07-29 16:49:48.746  7016  7016 D ICU     : No timezone override file found: /data/misc/zoneinfo/current/icu/icu_tzdata.dat
07-29 16:49:48.757  7016  7016 E memtrack: Couldn't load memtrack module (No such file or directory)
07-29 16:49:48.757  7016  7016 E android.os.Debug: failed to load memtrack module: -2
07-29 16:49:48.758  7016  7016 I Radio-JNI: register_android_hardware_Radio DONE
07-29 16:49:48.763  7016  7016 D AndroidRuntime: Calling main entry com.android.commands.uiautomator.Launcher
07-29 16:49:48.920   587  1733 D NetlinkSocketObserver: NeighborEvent{elapsedMs=391773, 10.0.3.2, [525400123502], RTM_NEWNEIGH, NUD_STALE}
07-29 16:49:49.775  7016  7016 W AccessibilityNodeInfoDumper: Fetch time: 2ms
07-29 16:49:49.775   587   747 W WindowManager: Attempted to remove non-existing token: android.os.Binder@8e8c740
07-29 16:49:49.783  7016  7016 D AndroidRuntime: Shutting down VM
07-29 16:49:50.189  7034  7034 D AndroidRuntime: >>>>>> START com.android.internal.os.RuntimeInit uid 0 <<<<<<
07-29 16:49:50.190  7034  7034 D AndroidRuntime: CheckJNI is OFF
07-29 16:49:50.198  7034  7034 D ICU     : No timezone override file found: /data/misc/zoneinfo/current/icu/icu_tzdata.dat
07-29 16:49:50.209  7034  7034 E memtrack: Couldn't load memtrack module (No such file or directory)
07-29 16:49:50.209  7034  7034 E android.os.Debug: failed to load memtrack module: -2
07-29 16:49:50.210  7034  7034 I Radio-JNI: register_android_hardware_Radio DONE
07-29 16:49:50.217  7034  7034 D AndroidRuntime: Calling main entry com.android.commands.uiautomator.Launcher
07-29 16:49:51.231  7034  7034 W AccessibilityNodeInfoDumper: Fetch time: 1ms
07-29 16:49:51.231   587   599 W WindowManager: Attempted to remove non-existing token: android.os.Binder@3528679
07-29 16:49:51.238  7034  7034 D AndroidRuntime: Shutting down VM
07-29 16:49:52.218  7058  7058 D AndroidRuntime: >>>>>> START com.android.internal.os.RuntimeInit uid 0 <<<<<<
07-29 16:49:52.219  7058  7058 D AndroidRuntime: CheckJNI is OFF
07-29 16:49:52.228  7058  7058 D ICU     : No timezone override file found: /data/misc/zoneinfo/current/icu/icu_tzdata.dat
07-29 16:49:52.245  7058  7058 E memtrack: Couldn't load memtrack module (No such file or directory)
07-29 16:49:52.245  7058  7058 E android.os.Debug: failed to load memtrack module: -2
07-29 16:49:52.246  7058  7058 I Radio-JNI: register_android_hardware_Radio DONE
07-29 16:49:52.252  7058  7058 D AndroidRuntime: Calling main entry com.android.commands.uiautomator.Launcher
07-29 16:49:53.266  7058  7058 W AccessibilityNodeInfoDumper: Fetch time: 1ms
07-29 16:49:53.267   587   746 W WindowManager: Attempted to remove non-existing token: android.os.Binder@9b24fbe
07-29 16:49:53.274  7058  7058 D AndroidRuntime: Shutting down VM
07-29 16:49:53.683  7076  7076 D AndroidRuntime: >>>>>> START com.android.internal.os.RuntimeInit uid 0 <<<<<<
07-29 16:49:53.685  7076  7076 D AndroidRuntime: CheckJNI is OFF
07-29 16:49:53.692  7076  7076 D ICU     : No timezone override file found: /data/misc/zoneinfo/current/icu/icu_tzdata.dat
07-29 16:49:53.703  7076  7076 E memtrack: Couldn't load memtrack module (No such file or directory)
07-29 16:49:53.703  7076  7076 E android.os.Debug: failed to load memtrack module: -2
07-29 16:49:53.704  7076  7076 I Radio-JNI: register_android_hardware_Radio DONE
07-29 16:49:53.709  7076  7076 D AndroidRuntime: Calling main entry com.android.commands.uiautomator.Launcher
07-29 16:49:54.721  7076  7076 W AccessibilityNodeInfoDumper: Fetch time: 2ms
07-29 16:49:54.722   587  1047 W WindowManager: Attempted to remove non-existing token: android.os.Binder@2c081f
07-29 16:49:54.728  7076  7076 D AndroidRuntime: Shutting down VM
07-29 16:49:55.731  7101  7101 D AndroidRuntime: >>>>>> START com.android.internal.os.RuntimeInit uid 0 <<<<<<
07-29 16:49:55.733  7101  7101 D AndroidRuntime: CheckJNI is OFF
07-29 16:49:55.742  7101  7101 D ICU     : No timezone override file found: /data/misc/zoneinfo/current/icu/icu_tzdata.dat
07-29 16:49:55.753  7101  7101 E memtrack: Couldn't load memtrack module (No such file or directory)
07-29 16:49:55.753  7101  7101 E android.os.Debug: failed to load memtrack module: -2
07-29 16:49:55.754  7101  7101 I Radio-JNI: register_android_hardware_Radio DONE
07-29 16:49:55.759  7101  7101 D AndroidRuntime: Calling main entry com.android.commands.uiautomator.Launcher
07-29 16:49:56.782  7101  7101 W AccessibilityNodeInfoDumper: Fetch time: 2ms
07-29 16:49:56.782   587   746 W WindowManager: Attempted to remove non-existing token: android.os.Binder@433176c
07-29 16:49:56.790  7101  7101 D AndroidRuntime: Shutting down VM
07-29 16:49:57.200  7119  7119 D AndroidRuntime: >>>>>> START com.android.internal.os.RuntimeInit uid 0 <<<<<<
07-29 16:49:57.201  7119  7119 D AndroidRuntime: CheckJNI is OFF
07-29 16:49:57.209  7119  7119 D ICU     : No timezone override file found: /data/misc/zoneinfo/current/icu/icu_tzdata.dat
07-29 16:49:57.220  7119  7119 E memtrack: Couldn't load memtrack module (No such file or directory)
07-29 16:49:57.220  7119  7119 E android.os.Debug: failed to load memtrack module: -2
07-29 16:49:57.220  7119  7119 I Radio-JNI: register_android_hardware_Radio DONE
07-29 16:49:57.226  7119  7119 D AndroidRuntime: Calling main entry com.android.commands.uiautomator.Launcher
