07-31 16:55:50.776  4144  4144 I Input   : injectMotionEvent: MotionEvent { action=ACTION_MOVE, actionButton=0, id[0]=0, x[0]=600.0, y[0]=1347.0, toolType[0]=TOOL_TYPE_UNKNOWN, buttonState=0, metaState=0, flags=0x0, edgeFlags=0x0, pointerCount=1, historySize=0, eventTime=162368, downTime=162368, deviceId=0, source=0x1002 }
07-31 16:55:50.793  4144  4144 I Input   : injectMotionEvent: MotionEvent { action=ACTION_MOVE, actionButton=0, id[0]=0, x[0]=600.0, y[0]=1347.0, toolType[0]=TOOL_TYPE_UNKNOWN, buttonState=0, metaState=0, flags=0x0, edgeFlags=0x0, pointerCount=1, historySize=0, eventTime=162385, downTime=162385, deviceId=0, source=0x1002 }
07-31 16:55:50.808  4144  4144 I Input   : injectMotionEvent: MotionEvent { action=ACTION_MOVE, actionButton=0, id[0]=0, x[0]=600.0, y[0]=1347.0, toolType[0]=TOOL_TYPE_UNKNOWN, buttonState=0, metaState=0, flags=0x0, edgeFlags=0x0, pointerCount=1, historySize=0, eventTime=162400, downTime=162400, deviceId=0, source=0x1002 }
07-31 16:55:50.826  4144  4144 I Input   : injectMotionEvent: MotionEvent { action=ACTION_MOVE, actionButton=0, id[0]=0, x[0]=600.0, y[0]=1347.0, toolType[0]=TOOL_TYPE_UNKNOWN, buttonState=0, metaState=0, flags=0x0, edgeFlags=0x0, pointerCount=1, historySize=0, eventTime=162418, downTime=162418, deviceId=0, source=0x1002 }
07-31 16:55:50.842  4144  4144 I Input   : injectMotionEvent: MotionEvent { action=ACTION_MOVE, actionButton=0, id[0]=0, x[0]=600.0, y[0]=1347.0, toolType[0]=TOOL_TYPE_UNKNOWN, buttonState=0, metaState=0, flags=0x0, edgeFlags=0x0, pointerCount=1, historySize=0, eventTime=162435, downTime=162435, deviceId=0, source=0x1002 }
07-31 16:55:50.859  4144  4144 I Input   : injectMotionEvent: MotionEvent { action=ACTION_MOVE, actionButton=0, id[0]=0, x[0]=600.0, y[0]=1347.0, toolType[0]=TOOL_TYPE_UNKNOWN, buttonState=0, metaState=0, flags=0x0, edgeFlags=0x0, pointerCount=1, historySize=0, eventTime=162451, downTime=162451, deviceId=0, source=0x1002 }
07-31 16:55:50.875  4144  4144 I Input   : injectMotionEvent: MotionEvent { action=ACTION_MOVE, actionButton=0, id[0]=0, x[0]=600.0, y[0]=1347.0, toolType[0]=TOOL_TYPE_UNKNOWN, buttonState=0, metaState=0, flags=0x0, edgeFlags=0x0, pointerCount=1, historySize=0, eventTime=162467, downTime=162467, deviceId=0, source=0x1002 }
07-31 16:55:50.893  4144  4144 I Input   : injectMotionEvent: MotionEvent { action=ACTION_MOVE, actionButton=0, id[0]=0, x[0]=600.0, y[0]=1347.0, toolType[0]=TOOL_TYPE_UNKNOWN, buttonState=0, metaState=0, flags=0x0, edgeFlags=0x0, pointerCount=1, historySize=0, eventTime=162485, downTime=162485, deviceId=0, source=0x1002 }
07-31 16:55:50.909  4144  4144 I Input   : injectMotionEvent: MotionEvent { action=ACTION_MOVE, actionButton=0, id[0]=0, x[0]=600.0, y[0]=1347.0, toolType[0]=TOOL_TYPE_UNKNOWN, buttonState=0, metaState=0, flags=0x0, edgeFlags=0x0, pointerCount=1, historySize=0, eventTime=162502, downTime=162502, deviceId=0, source=0x1002 }
07-31 16:55:50.924  4144  4144 I Input   : injectMotionEvent: MotionEvent { action=ACTION_MOVE, actionButton=0, id[0]=0, x[0]=600.0, y[0]=1347.0, toolType[0]=TOOL_TYPE_UNKNOWN, buttonState=0, metaState=0, flags=0x0, edgeFlags=0x0, pointerCount=1, historySize=0, eventTime=162517, downTime=162517, deviceId=0, source=0x1002 }
07-31 16:55:50.942  4144  4144 I Input   : injectMotionEvent: MotionEvent { action=ACTION_MOVE, actionButton=0, id[0]=0, x[0]=600.0, y[0]=1347.0, toolType[0]=TOOL_TYPE_UNKNOWN, buttonState=0, metaState=0, flags=0x0, edgeFlags=0x0, pointerCount=1, historySize=0, eventTime=162534, downTime=162534, deviceId=0, source=0x1002 }
07-31 16:55:50.959  4144  4144 I Input   : injectMotionEvent: MotionEvent { action=ACTION_MOVE, actionButton=0, id[0]=0, x[0]=600.0, y[0]=1347.0, toolType[0]=TOOL_TYPE_UNKNOWN, buttonState=0, metaState=0, flags=0x0, edgeFlags=0x0, pointerCount=1, historySize=0, eventTime=162552, downTime=162552, deviceId=0, source=0x1002 }
07-31 16:55:50.976  4144  4144 I Input   : injectMotionEvent: MotionEvent { action=ACTION_MOVE, actionButton=0, id[0]=0, x[0]=600.0, y[0]=1347.0, toolType[0]=TOOL_TYPE_UNKNOWN, buttonState=0, metaState=0, flags=0x0, edgeFlags=0x0, pointerCount=1, historySize=0, eventTime=162569, downTime=162569, deviceId=0, source=0x1002 }
07-31 16:55:50.993  4144  4144 I Input   : injectMotionEvent: MotionEvent { action=ACTION_MOVE, actionButton=0, id[0]=0, x[0]=600.0, y[0]=1347.0, toolType[0]=TOOL_TYPE_UNKNOWN, buttonState=0, metaState=0, flags=0x0, edgeFlags=0x0, pointerCount=1, historySize=0, eventTime=162585, downTime=162585, deviceId=0, source=0x1002 }
07-31 16:55:51.008  4144  4144 I Input   : injectMotionEvent: MotionEvent { action=ACTION_MOVE, actionButton=0, id[0]=0, x[0]=600.0, y[0]=1347.0, toolType[0]=TOOL_TYPE_UNKNOWN, buttonState=0, metaState=0, flags=0x0, edgeFlags=0x0, pointerCount=1, historySize=0, eventTime=162600, downTime=162600, deviceId=0, source=0x1002 }
07-31 16:55:51.026  4144  4144 I Input   : injectMotionEvent: MotionEvent { action=ACTION_MOVE, actionButton=0, id[0]=0, x[0]=600.0, y[0]=1347.0, toolType[0]=TOOL_TYPE_UNKNOWN, buttonState=0, metaState=0, flags=0x0, edgeFlags=0x0, pointerCount=1, historySize=0, eventTime=162619, downTime=162619, deviceId=0, source=0x1002 }
07-31 16:55:51.042  4144  4144 I Input   : injectMotionEvent: MotionEvent { action=ACTION_MOVE, actionButton=0, id[0]=0, x[0]=600.0, y[0]=1347.0, toolType[0]=TOOL_TYPE_UNKNOWN, buttonState=0, metaState=0, flags=0x0, edgeFlags=0x0, pointerCount=1, historySize=0, eventTime=162635, downTime=162635, deviceId=0, source=0x1002 }
07-31 16:55:51.059  4144  4144 I Input   : injectMotionEvent: MotionEvent { action=ACTION_MOVE, actionButton=0, id[0]=0, x[0]=600.0, y[0]=1347.0, toolType[0]=TOOL_TYPE_UNKNOWN, buttonState=0, metaState=0, flags=0x0, edgeFlags=0x0, pointerCount=1, historySize=0, eventTime=162651, downTime=162651, deviceId=0, source=0x1002 }
07-31 16:55:51.076  4144  4144 I Input   : injectMotionEvent: MotionEvent { action=ACTION_MOVE, actionButton=0, id[0]=0, x[0]=600.0, y[0]=1347.0, toolType[0]=TOOL_TYPE_UNKNOWN, buttonState=0, metaState=0, flags=0x0, edgeFlags=0x0, pointerCount=1, historySize=0, eventTime=162668, downTime=162668, deviceId=0, source=0x1002 }
07-31 16:55:51.093  4144  4144 I Input   : injectMotionEvent: MotionEvent { action=ACTION_MOVE, actionButton=0, id[0]=0, x[0]=600.0, y[0]=1347.0, toolType[0]=TOOL_TYPE_UNKNOWN, buttonState=0, metaState=0, flags=0x0, edgeFlags=0x0, pointerCount=1, historySize=0, eventTime=162685, downTime=162685, deviceId=0, source=0x1002 }
07-31 16:55:51.109  4144  4144 I Input   : injectMotionEvent: MotionEvent { action=ACTION_MOVE, actionButton=0, id[0]=0, x[0]=600.0, y[0]=1347.0, toolType[0]=TOOL_TYPE_UNKNOWN, buttonState=0, metaState=0, flags=0x0, edgeFlags=0x0, pointerCount=1, historySize=0, eventTime=162702, downTime=162702, deviceId=0, source=0x1002 }
07-31 16:55:51.124  4144  4144 I Input   : injectMotionEvent: MotionEvent { action=ACTION_MOVE, actionButton=0, id[0]=0, x[0]=600.0, y[0]=1347.0, toolType[0]=TOOL_TYPE_UNKNOWN, buttonState=0, metaState=0, flags=0x0, edgeFlags=0x0, pointerCount=1, historySize=0, eventTime=162717, downTime=162717, deviceId=0, source=0x1002 }
07-31 16:55:51.142  4144  4144 I Input   : injectMotionEvent: MotionEvent { action=ACTION_MOVE, actionButton=0, id[0]=0, x[0]=600.0, y[0]=1347.0, toolType[0]=TOOL_TYPE_UNKNOWN, buttonState=0, metaState=0, flags=0x0, edgeFlags=0x0, pointerCount=1, historySize=0, eventTime=162734, downTime=162734, deviceId=0, source=0x1002 }
07-31 16:55:51.159  4144  4144 I Input   : injectMotionEvent: MotionEvent { action=ACTION_MOVE, actionButton=0, id[0]=0, x[0]=600.0, y[0]=1347.0, toolType[0]=TOOL_TYPE_UNKNOWN, buttonState=0, metaState=0, flags=0x0, edgeFlags=0x0, pointerCount=1, historySize=0, eventTime=162752, downTime=162752, deviceId=0, source=0x1002 }
07-31 16:55:51.175  4144  4144 I Input   : injectMotionEvent: MotionEvent { action=ACTION_MOVE, actionButton=0, id[0]=0, x[0]=600.0, y[0]=1347.0, toolType[0]=TOOL_TYPE_UNKNOWN, buttonState=0, metaState=0, flags=0x0, edgeFlags=0x0, pointerCount=1, historySize=0, eventTime=162767, downTime=162767, deviceId=0, source=0x1002 }
07-31 16:55:51.192  4144  4144 I Input   : injectMotionEvent: MotionEvent { action=ACTION_MOVE, actionButton=0, id[0]=0, x[0]=600.0, y[0]=1347.0, toolType[0]=TOOL_TYPE_UNKNOWN, buttonState=0, metaState=0, flags=0x0, edgeFlags=0x0, pointerCount=1, historySize=0, eventTime=162784, downTime=162784, deviceId=0, source=0x1002 }
07-31 16:55:51.210  4144  4144 I Input   : injectMotionEvent: MotionEvent { action=ACTION_MOVE, actionButton=0, id[0]=0, x[0]=600.0, y[0]=1347.0, toolType[0]=TOOL_TYPE_UNKNOWN, buttonState=0, metaState=0, flags=0x0, edgeFlags=0x0, pointerCount=1, historySize=0, eventTime=162802, downTime=162802, deviceId=0, source=0x1002 }
07-31 16:55:51.225  4144  4144 I Input   : injectMotionEvent: MotionEvent { action=ACTION_MOVE, actionButton=0, id[0]=0, x[0]=600.0, y[0]=1347.0, toolType[0]=TOOL_TYPE_UNKNOWN, buttonState=0, metaState=0, flags=0x0, edgeFlags=0x0, pointerCount=1, historySize=0, eventTime=162817, downTime=162817, deviceId=0, source=0x1002 }
07-31 16:55:51.243  4144  4144 I Input   : injectMotionEvent: MotionEvent { action=ACTION_MOVE, actionButton=0, id[0]=0, x[0]=600.0, y[0]=1347.0, toolType[0]=TOOL_TYPE_UNKNOWN, buttonState=0, metaState=0, flags=0x0, edgeFlags=0x0, pointerCount=1, historySize=0, eventTime=162835, downTime=162835, deviceId=0, source=0x1002 }
07-31 16:55:51.259  4144  4144 I Input   : injectMotionEvent: MotionEvent { action=ACTION_MOVE, actionButton=0, id[0]=0, x[0]=600.0, y[0]=1347.0, toolType[0]=TOOL_TYPE_UNKNOWN, buttonState=0, metaState=0, flags=0x0, edgeFlags=0x0, pointerCount=1, historySize=0, eventTime=162852, downTime=162852, deviceId=0, source=0x1002 }
07-31 16:55:51.275  4144  4144 I Input   : injectMotionEvent: MotionEvent { action=ACTION_MOVE, actionButton=0, id[0]=0, x[0]=600.0, y[0]=1347.0, toolType[0]=TOOL_TYPE_UNKNOWN, buttonState=0, metaState=0, flags=0x0, edgeFlags=0x0, pointerCount=1, historySize=0, eventTime=162867, downTime=162867, deviceId=0, source=0x1002 }
07-31 16:55:51.293  4144  4144 I Input   : injectMotionEvent: MotionEvent { action=ACTION_MOVE, actionButton=0, id[0]=0, x[0]=600.0, y[0]=1347.0, toolType[0]=TOOL_TYPE_UNKNOWN, buttonState=0, metaState=0, flags=0x0, edgeFlags=0x0, pointerCount=1, historySize=0, eventTime=162885, downTime=162885, deviceId=0, source=0x1002 }
07-31 16:55:51.308  4144  4144 I Input   : injectMotionEvent: MotionEvent { action=ACTION_MOVE, actionButton=0, id[0]=0, x[0]=600.0, y[0]=1347.0, toolType[0]=TOOL_TYPE_UNKNOWN, buttonState=0, metaState=0, flags=0x0, edgeFlags=0x0, pointerCount=1, historySize=0, eventTime=162900, downTime=162900, deviceId=0, source=0x1002 }
07-31 16:55:51.325  4144  4144 I Input   : injectMotionEvent: MotionEvent { action=ACTION_MOVE, actionButton=0, id[0]=0, x[0]=600.0, y[0]=1347.0, toolType[0]=TOOL_TYPE_UNKNOWN, buttonState=0, metaState=0, flags=0x0, edgeFlags=0x0, pointerCount=1, historySize=0, eventTime=162917, downTime=162917, deviceId=0, source=0x1002 }
07-31 16:55:51.343  4144  4144 I Input   : injectMotionEvent: MotionEvent { action=ACTION_MOVE, actionButton=0, id[0]=0, x[0]=600.0, y[0]=1347.0, toolType[0]=TOOL_TYPE_UNKNOWN, buttonState=0, metaState=0, flags=0x0, edgeFlags=0x0, pointerCount=1, historySize=0, eventTime=162935, downTime=162935, deviceId=0, source=0x1002 }
07-31 16:55:51.360  4144  4144 I Input   : injectMotionEvent: MotionEvent { action=ACTION_MOVE, actionButton=0, id[0]=0, x[0]=600.0, y[0]=1347.0, toolType[0]=TOOL_TYPE_UNKNOWN, buttonState=0, metaState=0, flags=0x0, edgeFlags=0x0, pointerCount=1, historySize=0, eventTime=162952, downTime=162952, deviceId=0, source=0x1002 }
07-31 16:55:51.375  4144  4144 I Input   : injectMotionEvent: MotionEvent { action=ACTION_MOVE, actionButton=0, id[0]=0, x[0]=600.0, y[0]=1347.0, toolType[0]=TOOL_TYPE_UNKNOWN, buttonState=0, metaState=0, flags=0x0, edgeFlags=0x0, pointerCount=1, historySize=0, eventTime=162967, downTime=162967, deviceId=0, source=0x1002 }
07-31 16:55:51.392  4144  4144 I Input   : injectMotionEvent: MotionEvent { action=ACTION_MOVE, actionButton=0, id[0]=0, x[0]=600.0, y[0]=1347.0, toolType[0]=TOOL_TYPE_UNKNOWN, buttonState=0, metaState=0, flags=0x0, edgeFlags=0x0, pointerCount=1, historySize=0, eventTime=162985, downTime=162985, deviceId=0, source=0x1002 }
07-31 16:55:51.408  4144  4144 I Input   : injectMotionEvent: MotionEvent { action=ACTION_MOVE, actionButton=0, id[0]=0, x[0]=600.0, y[0]=1347.0, toolType[0]=TOOL_TYPE_UNKNOWN, buttonState=0, metaState=0, flags=0x0, edgeFlags=0x0, pointerCount=1, historySize=0, eventTime=163000, downTime=163000, deviceId=0, source=0x1002 }
07-31 16:55:51.426  4144  4144 I Input   : injectMotionEvent: MotionEvent { action=ACTION_MOVE, actionButton=0, id[0]=0, x[0]=600.0, y[0]=1347.0, toolType[0]=TOOL_TYPE_UNKNOWN, buttonState=0, metaState=0, flags=0x0, edgeFlags=0x0, pointerCount=1, historySize=0, eventTime=163018, downTime=163018, deviceId=0, source=0x1002 }
07-31 16:55:51.442  4144  4144 I Input   : injectMotionEvent: MotionEvent { action=ACTION_MOVE, actionButton=0, id[0]=0, x[0]=600.0, y[0]=1347.0, toolType[0]=TOOL_TYPE_UNKNOWN, buttonState=0, metaState=0, flags=0x0, edgeFlags=0x0, pointerCount=1, historySize=0, eventTime=163034, downTime=163034, deviceId=0, source=0x1002 }
07-31 16:55:51.458  4144  4144 I Input   : injectMotionEvent: MotionEvent { action=ACTION_MOVE, actionButton=0, id[0]=0, x[0]=600.0, y[0]=1347.0, toolType[0]=TOOL_TYPE_UNKNOWN, buttonState=0, metaState=0, flags=0x0, edgeFlags=0x0, pointerCount=1, historySize=0, eventTime=163050, downTime=163050, deviceId=0, source=0x1002 }
07-31 16:55:51.475  4144  4144 I Input   : injectMotionEvent: MotionEvent { action=ACTION_MOVE, actionButton=0, id[0]=0, x[0]=600.0, y[0]=1347.0, toolType[0]=TOOL_TYPE_UNKNOWN, buttonState=0, metaState=0, flags=0x0, edgeFlags=0x0, pointerCount=1, historySize=0, eventTime=163068, downTime=163068, deviceId=0, source=0x1002 }
07-31 16:55:51.492  4144  4144 I Input   : injectMotionEvent: MotionEvent { action=ACTION_MOVE, actionButton=0, id[0]=0, x[0]=600.0, y[0]=1347.0, toolType[0]=TOOL_TYPE_UNKNOWN, buttonState=0, metaState=0, flags=0x0, edgeFlags=0x0, pointerCount=1, historySize=0, eventTime=163085, downTime=163085, deviceId=0, source=0x1002 }
07-31 16:55:51.508  4144  4144 I Input   : injectMotionEvent: MotionEvent { action=ACTION_MOVE, actionButton=0, id[0]=0, x[0]=600.0, y[0]=1347.0, toolType[0]=TOOL_TYPE_UNKNOWN, buttonState=0, metaState=0, flags=0x0, edgeFlags=0x0, pointerCount=1, historySize=0, eventTime=163101, downTime=163101, deviceId=0, source=0x1002 }
07-31 16:55:51.525  4144  4144 I Input   : injectMotionEvent: MotionEvent { action=ACTION_MOVE, actionButton=0, id[0]=0, x[0]=600.0, y[0]=1347.0, toolType[0]=TOOL_TYPE_UNKNOWN, buttonState=0, metaState=0, flags=0x0, edgeFlags=0x0, pointerCount=1, historySize=0, eventTime=163117, downTime=163117, deviceId=0, source=0x1002 }
07-31 16:55:51.543  4144  4144 I Input   : injectMotionEvent: MotionEvent { action=ACTION_MOVE, actionButton=0, id[0]=0, x[0]=600.0, y[0]=1347.0, toolType[0]=TOOL_TYPE_UNKNOWN, buttonState=0, metaState=0, flags=0x0, edgeFlags=0x0, pointerCount=1, historySize=0, eventTime=163136, downTime=163136, deviceId=0, source=0x1002 }
07-31 16:55:51.559  4144  4144 I Input   : injectMotionEvent: MotionEvent { action=ACTION_MOVE, actionButton=0, id[0]=0, x[0]=600.0, y[0]=1347.0, toolType[0]=TOOL_TYPE_UNKNOWN, buttonState=0, metaState=0, flags=0x0, edgeFlags=0x0, pointerCount=1, historySize=0, eventTime=163151, downTime=163151, deviceId=0, source=0x1002 }
07-31 16:55:51.575  4144  4144 I Input   : injectMotionEvent: MotionEvent { action=ACTION_MOVE, actionButton=0, id[0]=0, x[0]=600.0, y[0]=1347.0, toolType[0]=TOOL_TYPE_UNKNOWN, buttonState=0, metaState=0, flags=0x0, edgeFlags=0x0, pointerCount=1, historySize=0, eventTime=163167, downTime=163167, deviceId=0, source=0x1002 }
07-31 16:55:51.592  4144  4144 I Input   : injectMotionEvent: MotionEvent { action=ACTION_MOVE, actionButton=0, id[0]=0, x[0]=600.0, y[0]=1347.0, toolType[0]=TOOL_TYPE_UNKNOWN, buttonState=0, metaState=0, flags=0x0, edgeFlags=0x0, pointerCount=1, historySize=0, eventTime=163185, downTime=163185, deviceId=0, source=0x1002 }
07-31 16:55:51.608  4144  4144 I Input   : injectMotionEvent: MotionEvent { action=ACTION_MOVE, actionButton=0, id[0]=0, x[0]=600.0, y[0]=1347.0, toolType[0]=TOOL_TYPE_UNKNOWN, buttonState=0, metaState=0, flags=0x0, edgeFlags=0x0, pointerCount=1, historySize=0, eventTime=163200, downTime=163200, deviceId=0, source=0x1002 }
07-31 16:55:51.626  4144  4144 I Input   : injectMotionEvent: MotionEvent { action=ACTION_MOVE, actionButton=0, id[0]=0, x[0]=600.0, y[0]=1347.0, toolType[0]=TOOL_TYPE_UNKNOWN, buttonState=0, metaState=0, flags=0x0, edgeFlags=0x0, pointerCount=1, historySize=0, eventTime=163219, downTime=163219, deviceId=0, source=0x1002 }
07-31 16:55:51.642  4144  4144 I Input   : injectMotionEvent: MotionEvent { action=ACTION_MOVE, actionButton=0, id[0]=0, x[0]=600.0, y[0]=1347.0, toolType[0]=TOOL_TYPE_UNKNOWN, buttonState=0, metaState=0, flags=0x0, edgeFlags=0x0, pointerCount=1, historySize=0, eventTime=163235, downTime=163235, deviceId=0, source=0x1002 }
07-31 16:55:51.658  4144  4144 I Input   : injectMotionEvent: MotionEvent { action=ACTION_MOVE, actionButton=0, id[0]=0, x[0]=600.0, y[0]=1347.0, toolType[0]=TOOL_TYPE_UNKNOWN, buttonState=0, metaState=0, flags=0x0, edgeFlags=0x0, pointerCount=1, historySize=0, eventTime=163250, downTime=163250, deviceId=0, source=0x1002 }
07-31 16:55:51.676  4144  4144 I Input   : injectMotionEvent: MotionEvent { action=ACTION_MOVE, actionButton=0, id[0]=0, x[0]=600.0, y[0]=1347.0, toolType[0]=TOOL_TYPE_UNKNOWN, buttonState=0, metaState=0, flags=0x0, edgeFlags=0x0, pointerCount=1, historySize=0, eventTime=163269, downTime=163269, deviceId=0, source=0x1002 }
07-31 16:55:51.693  4144  4144 I Input   : injectMotionEvent: MotionEvent { action=ACTION_MOVE, actionButton=0, id[0]=0, x[0]=600.0, y[0]=1347.0, toolType[0]=TOOL_TYPE_UNKNOWN, buttonState=0, metaState=0, flags=0x0, edgeFlags=0x0, pointerCount=1, historySize=0, eventTime=163286, downTime=163286, deviceId=0, source=0x1002 }
07-31 16:55:51.709  4144  4144 I Input   : injectMotionEvent: MotionEvent { action=ACTION_MOVE, actionButton=0, id[0]=0, x[0]=600.0, y[0]=1347.0, toolType[0]=TOOL_TYPE_UNKNOWN, buttonState=0, metaState=0, flags=0x0, edgeFlags=0x0, pointerCount=1, historySize=0, eventTime=163301, downTime=163301, deviceId=0, source=0x1002 }
07-31 16:55:51.725  4144  4144 I Input   : injectMotionEvent: MotionEvent { action=ACTION_UP, actionButton=0, id[0]=0, x[0]=600.0, y[0]=1347.0, toolType[0]=TOOL_TYPE_UNKNOWN, buttonState=0, metaState=0, flags=0x0, edgeFlags=0x0, pointerCount=1, historySize=0, eventTime=163317, downTime=163317, deviceId=0, source=0x1002 }
07-31 16:55:51.725   587  1193 I ActivityManager: START u0 {act=android.intent.action.VIEW dat=http://tango.freedesktop.org/... cmp=com.android.browser/.BrowserActivity (has extras)} from uid 10060 on display 0
07-31 16:55:51.740   600   600 E EGL_emulation: tid 600: eglCreateSyncKHR(1215): error 0x3004 (EGL_BAD_ATTRIBUTE)
07-31 16:55:51.905   587  1197 W art     : Long monitor contention event with owner method=android.graphics.Bitmap com.android.server.wm.WindowManagerService.screenshotApplicationsInner(android.os.IBinder, int, int, int, boolean) from WindowManagerService.java:6223 waiters=1 for 178ms
07-31 16:55:51.909  1865  1865 D leak-47 : Eastern Standard Time
07-31 16:55:51.909  1865  1865 D leak-48 : Eastern Standard Time
07-31 16:55:51.909  4144  4144 D AndroidRuntime: Shutting down VM
07-31 16:55:51.932  3463  3463 W AwContents: onDetachedFromWindow called when already detached. Ignoring
07-31 16:55:51.944  3463  3463 D WebViewTimersControl: onBrowserActivityResume
07-31 16:55:51.944  3463  3463 D WebViewTimersControl: Resuming webview timers, view=com.android.browser.BrowserWebView{aaf51e VFEDHVCL. .F....I. 0,0-0,0}
07-31 16:55:51.961  3463  3508 W EGL_emulation: eglSurfaceAttrib not implemented
07-31 16:55:51.961  3463  3508 W OpenGLRenderer: Failed to set EGL_SWAP_BEHAVIOR on surface 0xdde38540, error=EGL_SUCCESS
07-31 16:55:51.981   587   748 W InputMethodManagerService: Window already focused, ignoring focus gain of: com.android.internal.view.IInputMethodClient$Stub$Proxy@8006b4d attribute=android.view.inputmethod.EditorInfo@36d5602, token = android.os.BinderProxy@3ae49f
07-31 16:55:52.064  1865  1901 E Surface : getSlotFromBufferLocked: unknown buffer: 0xe9aac160
07-31 16:55:52.102  1865  1901 E Surface : getSlotFromBufferLocked: unknown buffer: 0xe9aac400
07-31 16:55:52.781  1865  1865 D leak-50 : Eastern Standard Time
07-31 16:55:52.781  1865  1865 D leak-159: Eastern Standard Time
07-31 16:55:52.781  1865  1865 D leak-49 : Eastern Standard Time
07-31 16:55:53.402  3463  3463 W BindingManager: Cannot call determinedVisibility() - never saw a connection for the pid: 3463
07-31 16:55:57.064   587  1739 D NetlinkSocketObserver: NeighborEvent{elapsedMs=168657, 10.0.3.2, [525400123502], RTM_NEWNEIGH, NUD_REACHABLE}
07-31 16:55:57.468  4488  4488 D AndroidRuntime: >>>>>> START com.android.internal.os.RuntimeInit uid 0 <<<<<<
07-31 16:55:57.470  4488  4488 D AndroidRuntime: CheckJNI is OFF
07-31 16:55:57.480  4488  4488 D ICU     : No timezone override file found: /data/misc/zoneinfo/current/icu/icu_tzdata.dat
07-31 16:55:57.492  4488  4488 E memtrack: Couldn't load memtrack module (No such file or directory)
07-31 16:55:57.492  4488  4488 E android.os.Debug: failed to load memtrack module: -2
07-31 16:55:57.493  4488  4488 I Radio-JNI: register_android_hardware_Radio DONE
07-31 16:55:57.501  4488  4488 D AndroidRuntime: Calling main entry com.android.commands.monkey.Monkey
07-31 16:55:57.513   587   602 W BroadcastQueue: Skipping deliver [background] BroadcastRecord{4209b26 u-1 android.net.conn.CONNECTIVITY_CHANGE} to ReceiverList{68bd367 4488 (unknown name)/0/u-1 remote:22a3a68}: process crashing
07-31 16:55:57.518   587   752 I ActivityManager: START u0 {act=android.intent.action.MAIN cat=[android.intent.category.LAUNCHER] flg=0x10200000 cmp=com.markuspage.android.atimetracker/.Activities} from uid 0 on display 0
07-31 16:55:57.536   600   600 E EGL_emulation: tid 600: eglCreateSyncKHR(1215): error 0x3004 (EGL_BAD_ATTRIBUTE)
07-31 16:55:57.641  3463  3463 D WebViewTimersControl: onBrowserActivityPause
07-31 16:55:57.641  3463  3463 D WebViewTimersControl: Pausing webview timers, view=com.android.browser.BrowserWebView{aaf51e VFEDHVCL. .F...... 0,0-1200,1568}
07-31 16:55:57.649   587   603 D Sensors : batch handle 1, but there is no batch sensor in genymotion
07-31 16:55:57.652  4488  4488 I art     : System.exit called, status: 0
07-31 16:55:57.652  4488  4488 I AndroidRuntime: VM exiting with result code 0.
07-31 16:55:57.674  1865  1901 W EGL_emulation: eglSurfaceAttrib not implemented
07-31 16:55:57.674  1865  1901 W OpenGLRenderer: Failed to set EGL_SWAP_BEHAVIOR on surface 0xde970560, error=EGL_SUCCESS
07-31 16:55:57.689  1865  1865 D leak-52 : Eastern Standard Time
07-31 16:55:57.689  1865  1865 D leak-78 : Eastern Standard Time
07-31 16:55:57.689  1865  1865 D leak-161: Eastern Standard Time
07-31 16:55:57.689  1865  1865 D leak-162: Eastern Standard Time
07-31 16:55:57.689  1865  1865 D leak-163: Eastern Standard Time
07-31 16:55:57.689  1865  1865 D leak-164: Eastern Standard Time
07-31 16:55:57.689  1865  1865 D leak-165: Eastern Standard Time
07-31 16:55:57.689  1865  1865 D leak-165: Eastern Standard Time
07-31 16:55:57.689  1865  1865 D leak-165: Eastern Standard Time
07-31 16:55:57.689  1865  1865 D leak-164: Eastern Standard Time
07-31 16:55:57.689  1865  1865 D leak-165: Eastern Standard Time
07-31 16:55:57.689  1865  1865 D leak-165: Eastern Standard Time
07-31 16:55:57.689  1865  1865 D leak-165: Eastern Standard Time
07-31 16:55:57.689  1865  1865 D leak-164: Eastern Standard Time
07-31 16:55:57.689  1865  1865 D leak-165: Eastern Standard Time
07-31 16:55:57.689  1865  1865 D leak-165: Eastern Standard Time
07-31 16:55:57.689  1865  1865 D leak-165: Eastern Standard Time
07-31 16:55:57.689  1865  1865 D leak-164: Eastern Standard Time
07-31 16:55:57.689  1865  1865 D leak-165: Eastern Standard Time
07-31 16:55:57.689  1865  1865 D leak-165: Eastern Standard Time
07-31 16:55:57.689  1865  1865 D leak-165: Eastern Standard Time
07-31 16:55:57.689  1865  1865 D leak-166: Eastern Standard Time
07-31 16:55:57.690  1865  1865 D leak-174: Eastern Standard Time
07-31 16:55:57.690  1865  1865 D leak-183: Eastern Standard Time
07-31 16:55:57.690  1865  1865 D leak-183: Eastern Standard Time
07-31 16:55:57.690  1865  1865 D leak-79 : Eastern Standard Time
07-31 16:55:57.690  1865  1865 D leak-151: Eastern Standard Time
07-31 16:55:57.690  1865  1865 D leak-152: Eastern Standard Time
07-31 16:55:57.690  1865  1865 D leak-155: Eastern Standard Time
07-31 16:55:57.699  1865  1865 D leak-183: Eastern Standard Time
07-31 16:55:57.713  1865  1901 W EGL_emulation: eglSurfaceAttrib not implemented
07-31 16:55:57.713  1865  1901 W OpenGLRenderer: Failed to set EGL_SWAP_BEHAVIOR on surface 0xde9709e0, error=EGL_SUCCESS
07-31 16:55:57.746  3463  3508 E Surface : getSlotFromBufferLocked: unknown buffer: 0xe9aa7230
07-31 16:56:03.831  4500  4500 D AndroidRuntime: >>>>>> START com.android.internal.os.RuntimeInit uid 0 <<<<<<
07-31 16:56:03.833  4500  4500 D AndroidRuntime: CheckJNI is OFF
07-31 16:56:03.843  4500  4500 D ICU     : No timezone override file found: /data/misc/zoneinfo/current/icu/icu_tzdata.dat
07-31 16:56:03.857  4500  4500 E memtrack: Couldn't load memtrack module (No such file or directory)
07-31 16:56:03.857  4500  4500 E android.os.Debug: failed to load memtrack module: -2
07-31 16:56:03.857  4500  4500 I Radio-JNI: register_android_hardware_Radio DONE
07-31 16:56:03.863  4500  4500 D AndroidRuntime: Calling main entry com.android.commands.uiautomator.Launcher
07-31 16:56:04.880  4500  4500 W AccessibilityNodeInfoDumper: Fetch time: 2ms
07-31 16:56:04.880   587   752 W WindowManager: Attempted to remove non-existing token: android.os.Binder@16d72ac
07-31 16:56:04.889  4500  4500 D AndroidRuntime: Shutting down VM
07-31 16:56:05.879  4524  4524 D AndroidRuntime: >>>>>> START com.android.internal.os.RuntimeInit uid 0 <<<<<<
07-31 16:56:05.881  4524  4524 D AndroidRuntime: CheckJNI is OFF
07-31 16:56:05.890  4524  4524 D ICU     : No timezone override file found: /data/misc/zoneinfo/current/icu/icu_tzdata.dat
07-31 16:56:05.902  4524  4524 E memtrack: Couldn't load memtrack module (No such file or directory)
07-31 16:56:05.902  4524  4524 E android.os.Debug: failed to load memtrack module: -2
07-31 16:56:05.903  4524  4524 I Radio-JNI: register_android_hardware_Radio DONE
07-31 16:56:05.909  4524  4524 D AndroidRuntime: Calling main entry com.android.commands.uiautomator.Launcher
07-31 16:56:06.967  4524  4524 W AccessibilityNodeInfoDumper: Fetch time: 2ms
07-31 16:56:06.968   587   752 W WindowManager: Attempted to remove non-existing token: android.os.Binder@993970a
07-31 16:56:06.976  4524  4524 D AndroidRuntime: Shutting down VM
07-31 16:56:07.402  4542  4542 D AndroidRuntime: >>>>>> START com.android.internal.os.RuntimeInit uid 0 <<<<<<
07-31 16:56:07.403  4542  4542 D AndroidRuntime: CheckJNI is OFF
07-31 16:56:07.412  4542  4542 D ICU     : No timezone override file found: /data/misc/zoneinfo/current/icu/icu_tzdata.dat
07-31 16:56:07.425  4542  4542 E memtrack: Couldn't load memtrack module (No such file or directory)
07-31 16:56:07.425  4542  4542 E android.os.Debug: failed to load memtrack module: -2
07-31 16:56:07.425  4542  4542 I Radio-JNI: register_android_hardware_Radio DONE
07-31 16:56:07.432  4542  4542 D AndroidRuntime: Calling main entry com.android.commands.uiautomator.Launcher
07-31 16:56:08.419   587  1739 D NetlinkSocketObserver: NeighborEvent{elapsedMs=180011, 10.0.3.2, [525400123502], RTM_NEWNEIGH, NUD_STALE}
07-31 16:56:08.448  4542  4542 W AccessibilityNodeInfoDumper: Fetch time: 2ms
07-31 16:56:08.448   587   752 W WindowManager: Attempted to remove non-existing token: android.os.Binder@7988b7b
07-31 16:56:08.456  4542  4542 D AndroidRuntime: Shutting down VM
07-31 16:56:09.443  4565  4565 D AndroidRuntime: >>>>>> START com.android.internal.os.RuntimeInit uid 0 <<<<<<
07-31 16:56:09.444  4565  4565 D AndroidRuntime: CheckJNI is OFF
07-31 16:56:09.453  4565  4565 D ICU     : No timezone override file found: /data/misc/zoneinfo/current/icu/icu_tzdata.dat
07-31 16:56:09.466  4565  4565 E memtrack: Couldn't load memtrack module (No such file or directory)
07-31 16:56:09.466  4565  4565 E android.os.Debug: failed to load memtrack module: -2
07-31 16:56:09.467  4565  4565 I Radio-JNI: register_android_hardware_Radio DONE
07-31 16:56:09.473  4565  4565 D AndroidRuntime: Calling main entry com.android.commands.uiautomator.Launcher
07-31 16:56:10.489  4565  4565 W AccessibilityNodeInfoDumper: Fetch time: 1ms
07-31 16:56:10.490   587   752 W WindowManager: Attempted to remove non-existing token: android.os.Binder@2950d98
07-31 16:56:10.499  4565  4565 D AndroidRuntime: Shutting down VM
07-31 16:56:11.551  4593  4593 D AndroidRuntime: >>>>>> START com.android.internal.os.RuntimeInit uid 0 <<<<<<
07-31 16:56:11.552  4593  4593 D AndroidRuntime: CheckJNI is OFF
07-31 16:56:11.563  4593  4593 D ICU     : No timezone override file found: /data/misc/zoneinfo/current/icu/icu_tzdata.dat
07-31 16:56:11.576  4593  4593 E memtrack: Couldn't load memtrack module (No such file or directory)
07-31 16:56:11.576  4593  4593 E android.os.Debug: failed to load memtrack module: -2
07-31 16:56:11.577  4593  4593 I Radio-JNI: register_android_hardware_Radio DONE
07-31 16:56:11.583  4593  4593 D AndroidRuntime: Calling main entry com.android.commands.uiautomator.Launcher
07-31 16:56:12.600  4593  4593 W AccessibilityNodeInfoDumper: Fetch time: 2ms
07-31 16:56:12.600   587   599 W WindowManager: Attempted to remove non-existing token: android.os.Binder@f2b49f1
07-31 16:56:12.607  4593  4593 D AndroidRuntime: Shutting down VM
07-31 16:56:13.615  4619  4619 D AndroidRuntime: >>>>>> START com.android.internal.os.RuntimeInit uid 0 <<<<<<
07-31 16:56:13.617  4619  4619 D AndroidRuntime: CheckJNI is OFF
07-31 16:56:13.627  4619  4619 D ICU     : No timezone override file found: /data/misc/zoneinfo/current/icu/icu_tzdata.dat
07-31 16:56:13.641  4619  4619 E memtrack: Couldn't load memtrack module (No such file or directory)
07-31 16:56:13.641  4619  4619 E android.os.Debug: failed to load memtrack module: -2
07-31 16:56:13.641  4619  4619 I Radio-JNI: register_android_hardware_Radio DONE
07-31 16:56:13.647  4619  4619 D AndroidRuntime: Calling main entry com.android.commands.uiautomator.Launcher
07-31 16:56:14.664  4619  4619 W AccessibilityNodeInfoDumper: Fetch time: 2ms
07-31 16:56:14.664   587   748 W WindowManager: Attempted to remove non-existing token: android.os.Binder@75c19d6
07-31 16:56:14.672  4619  4619 D AndroidRuntime: Shutting down VM
07-31 16:56:15.132  4637  4637 D AndroidRuntime: >>>>>> START com.android.internal.os.RuntimeInit uid 0 <<<<<<
07-31 16:56:15.133  4637  4637 D AndroidRuntime: CheckJNI is OFF
07-31 16:56:15.146  4637  4637 D ICU     : No timezone override file found: /data/misc/zoneinfo/current/icu/icu_tzdata.dat
07-31 16:56:15.163  4637  4637 E memtrack: Couldn't load memtrack module (No such file or directory)
07-31 16:56:15.163  4637  4637 E android.os.Debug: failed to load memtrack module: -2
07-31 16:56:15.163  4637  4637 I Radio-JNI: register_android_hardware_Radio DONE
07-31 16:56:15.171  4637  4637 D AndroidRuntime: Calling main entry com.android.commands.uiautomator.Launcher
07-31 16:56:16.188  4637  4637 W AccessibilityNodeInfoDumper: Fetch time: 1ms
07-31 16:56:16.188   587   748 W WindowManager: Attempted to remove non-existing token: android.os.Binder@5996b44
07-31 16:56:16.198  4637  4637 D AndroidRuntime: Shutting down VM
07-31 16:56:17.216  4660  4660 D AndroidRuntime: >>>>>> START com.android.internal.os.RuntimeInit uid 0 <<<<<<
07-31 16:56:17.217  4660  4660 D AndroidRuntime: CheckJNI is OFF
07-31 16:56:17.227  4660  4660 D ICU     : No timezone override file found: /data/misc/zoneinfo/current/icu/icu_tzdata.dat
07-31 16:56:17.239  4660  4660 E memtrack: Couldn't load memtrack module (No such file or directory)
07-31 16:56:17.239  4660  4660 E android.os.Debug: failed to load memtrack module: -2
07-31 16:56:17.240  4660  4660 I Radio-JNI: register_android_hardware_Radio DONE
07-31 16:56:17.245  4660  4660 D AndroidRuntime: Calling main entry com.android.commands.uiautomator.Launcher
07-31 16:56:18.261  4660  4660 W AccessibilityNodeInfoDumper: Fetch time: 2ms
07-31 16:56:18.261   587  1193 W WindowManager: Attempted to remove non-existing token: android.os.Binder@b99942d
07-31 16:56:18.269  4660  4660 D AndroidRuntime: Shutting down VM
07-31 16:56:18.698  4678  4678 D AndroidRuntime: >>>>>> START com.android.internal.os.RuntimeInit uid 0 <<<<<<
07-31 16:56:18.700  4678  4678 D AndroidRuntime: CheckJNI is OFF
07-31 16:56:18.710  4678  4678 D ICU     : No timezone override file found: /data/misc/zoneinfo/current/icu/icu_tzdata.dat
07-31 16:56:18.723  4678  4678 E memtrack: Couldn't load memtrack module (No such file or directory)
07-31 16:56:18.723  4678  4678 E android.os.Debug: failed to load memtrack module: -2
07-31 16:56:18.724  4678  4678 I Radio-JNI: register_android_hardware_Radio DONE
07-31 16:56:18.730  4678  4678 D AndroidRuntime: Calling main entry com.android.commands.uiautomator.Launcher
07-31 16:56:19.745  4678  4678 W AccessibilityNodeInfoDumper: Fetch time: 2ms
07-31 16:56:19.746   587   752 W WindowManager: Attempted to remove non-existing token: android.os.Binder@357fd62
07-31 16:56:19.754  4678  4678 D AndroidRuntime: Shutting down VM
07-31 16:56:20.760  4701  4701 D AndroidRuntime: >>>>>> START com.android.internal.os.RuntimeInit uid 0 <<<<<<
07-31 16:56:20.761  4701  4701 D AndroidRuntime: CheckJNI is OFF
07-31 16:56:20.770  4701  4701 D ICU     : No timezone override file found: /data/misc/zoneinfo/current/icu/icu_tzdata.dat
07-31 16:56:20.783  4701  4701 E memtrack: Couldn't load memtrack module (No such file or directory)
07-31 16:56:20.783  4701  4701 E android.os.Debug: failed to load memtrack module: -2
07-31 16:56:20.784  4701  4701 I Radio-JNI: register_android_hardware_Radio DONE
07-31 16:56:20.790  4701  4701 D AndroidRuntime: Calling main entry com.android.commands.uiautomator.Launcher
07-31 16:56:21.809  4701  4701 W AccessibilityNodeInfoDumper: Fetch time: 1ms
07-31 16:56:21.809   587   598 W WindowManager: Attempted to remove non-existing token: android.os.Binder@776eef3
07-31 16:56:21.817  4701  4701 D AndroidRuntime: Shutting down VM
07-31 16:56:22.241  4719  4719 D AndroidRuntime: >>>>>> START com.android.internal.os.RuntimeInit uid 0 <<<<<<
07-31 16:56:22.244  4719  4719 D AndroidRuntime: CheckJNI is OFF
07-31 16:56:22.252  4719  4719 D ICU     : No timezone override file found: /data/misc/zoneinfo/current/icu/icu_tzdata.dat
07-31 16:56:22.267  4719  4719 E memtrack: Couldn't load memtrack module (No such file or directory)
07-31 16:56:22.267  4719  4719 E android.os.Debug: failed to load memtrack module: -2
07-31 16:56:22.268  4719  4719 I Radio-JNI: register_android_hardware_Radio DONE
07-31 16:56:22.274  4719  4719 D AndroidRuntime: Calling main entry com.android.commands.uiautomator.Launcher
07-31 16:56:23.286  4719  4719 W AccessibilityNodeInfoDumper: Fetch time: 1ms
07-31 16:56:23.287   587  1193 W WindowManager: Attempted to remove non-existing token: android.os.Binder@d63f7b0
07-31 16:56:23.296  4719  4719 D AndroidRuntime: Shutting down VM
07-31 16:56:24.318  4744  4744 D AndroidRuntime: >>>>>> START com.android.internal.os.RuntimeInit uid 0 <<<<<<
07-31 16:56:24.319  4744  4744 D AndroidRuntime: CheckJNI is OFF
07-31 16:56:24.329  4744  4744 D ICU     : No timezone override file found: /data/misc/zoneinfo/current/icu/icu_tzdata.dat
07-31 16:56:24.342  4744  4744 E memtrack: Couldn't load memtrack module (No such file or directory)
07-31 16:56:24.342  4744  4744 E android.os.Debug: failed to load memtrack module: -2
07-31 16:56:24.342  4744  4744 I Radio-JNI: register_android_hardware_Radio DONE
07-31 16:56:24.349  4744  4744 D AndroidRuntime: Calling main entry com.android.commands.uiautomator.Launcher
07-31 16:56:25.365  4744  4744 W AccessibilityNodeInfoDumper: Fetch time: 2ms
07-31 16:56:25.365   587  1193 W WindowManager: Attempted to remove non-existing token: android.os.Binder@b284629
07-31 16:56:25.373  4744  4744 D AndroidRuntime: Shutting down VM
07-31 16:56:25.812  4763  4763 D AndroidRuntime: >>>>>> START com.android.internal.os.RuntimeInit uid 0 <<<<<<
07-31 16:56:25.813  4763  4763 D AndroidRuntime: CheckJNI is OFF
07-31 16:56:25.822  4763  4763 D ICU     : No timezone override file found: /data/misc/zoneinfo/current/icu/icu_tzdata.dat
07-31 16:56:25.836  4763  4763 E memtrack: Couldn't load memtrack module (No such file or directory)
07-31 16:56:25.836  4763  4763 E android.os.Debug: failed to load memtrack module: -2
07-31 16:56:25.837  4763  4763 I Radio-JNI: register_android_hardware_Radio DONE
07-31 16:56:25.844  4763  4763 D AndroidRuntime: Calling main entry com.android.commands.uiautomator.Launcher
07-31 16:56:26.859  4763  4763 W AccessibilityNodeInfoDumper: Fetch time: 2ms
07-31 16:56:26.860   587   598 W WindowManager: Attempted to remove non-existing token: android.os.Binder@23c8dae
07-31 16:56:26.867  4763  4763 D AndroidRuntime: Shutting down VM
07-31 16:56:27.270  4776  4776 D AndroidRuntime: >>>>>> START com.android.internal.os.RuntimeInit uid 0 <<<<<<
07-31 16:56:27.272  4776  4776 D AndroidRuntime: CheckJNI is OFF
07-31 16:56:27.281  4776  4776 D ICU     : No timezone override file found: /data/misc/zoneinfo/current/icu/icu_tzdata.dat
07-31 16:56:27.293  4776  4776 E memtrack: Couldn't load memtrack module (No such file or directory)
07-31 16:56:27.293  4776  4776 E android.os.Debug: failed to load memtrack module: -2
07-31 16:56:27.294  4776  4776 I Radio-JNI: register_android_hardware_Radio DONE
07-31 16:56:27.301  4776  4776 D AndroidRuntime: Calling main entry com.android.commands.input.Input
07-31 16:56:27.302  4776  4776 I Input   : injectMotionEvent: MotionEvent { action=ACTION_DOWN, actionButton=0, id[0]=0, x[0]=1060.0, y[0]=1549.0, toolType[0]=TOOL_TYPE_UNKNOWN, buttonState=0, metaState=0, flags=0x0, edgeFlags=0x0, pointerCount=1, historySize=0, eventTime=198894, downTime=198894, deviceId=0, source=0x1002 }
07-31 16:56:27.305  4776  4776 I Input   : injectMotionEvent: MotionEvent { action=ACTION_UP, actionButton=0, id[0]=0, x[0]=1060.0, y[0]=1549.0, toolType[0]=TOOL_TYPE_UNKNOWN, buttonState=0, metaState=0, flags=0x0, edgeFlags=0x0, pointerCount=1, historySize=0, eventTime=198894, downTime=198894, deviceId=0, source=0x1002 }
07-31 16:56:27.305  4776  4776 D AndroidRuntime: Shutting down VM
07-31 16:56:27.316  1865  1901 E Surface : getSlotFromBufferLocked: unknown buffer: 0xe9aac550
07-31 16:56:27.369   265   660 D AudioFlinger: mixer(0xf1e40000) throttle end: throttle time(55)
07-31 16:56:31.738  5112  5112 D AndroidRuntime: >>>>>> START com.android.internal.os.RuntimeInit uid 0 <<<<<<
07-31 16:56:31.740  5112  5112 D AndroidRuntime: CheckJNI is OFF
07-31 16:56:31.748  5112  5112 D ICU     : No timezone override file found: /data/misc/zoneinfo/current/icu/icu_tzdata.dat
07-31 16:56:31.763  5112  5112 E memtrack: Couldn't load memtrack module (No such file or directory)
07-31 16:56:31.764  5112  5112 E android.os.Debug: failed to load memtrack module: -2
07-31 16:56:31.764  5112  5112 I Radio-JNI: register_android_hardware_Radio DONE
07-31 16:56:31.771  5112  5112 D AndroidRuntime: Calling main entry com.android.commands.uiautomator.Launcher
07-31 16:56:32.781  1865  1865 D leak-183: Eastern Standard Time
07-31 16:56:32.786  5112  5112 W AccessibilityNodeInfoDumper: Fetch time: 2ms
07-31 16:56:32.786   587  1197 W WindowManager: Attempted to remove non-existing token: android.os.Binder@cc7d6ba
07-31 16:56:32.795  5112  5112 D AndroidRuntime: Shutting down VM
07-31 16:56:33.792  5135  5135 D AndroidRuntime: >>>>>> START com.android.internal.os.RuntimeInit uid 0 <<<<<<
07-31 16:56:33.794  5135  5135 D AndroidRuntime: CheckJNI is OFF
07-31 16:56:33.802  5135  5135 D ICU     : No timezone override file found: /data/misc/zoneinfo/current/icu/icu_tzdata.dat
07-31 16:56:33.815  5135  5135 E memtrack: Couldn't load memtrack module (No such file or directory)
07-31 16:56:33.815  5135  5135 E android.os.Debug: failed to load memtrack module: -2
07-31 16:56:33.816  5135  5135 I Radio-JNI: register_android_hardware_Radio DONE
07-31 16:56:33.821  5135  5135 D AndroidRuntime: Calling main entry com.android.commands.uiautomator.Launcher
07-31 16:56:34.831  1865  1865 D leak-183: Eastern Standard Time
07-31 16:56:34.835  5135  5135 W AccessibilityNodeInfoDumper: Fetch time: 1ms
07-31 16:56:34.835   587   599 W WindowManager: Attempted to remove non-existing token: android.os.Binder@eb30cc8
07-31 16:56:34.843  5135  5135 D AndroidRuntime: Shutting down VM
07-31 16:56:35.263  5153  5153 D AndroidRuntime: >>>>>> START com.android.internal.os.RuntimeInit uid 0 <<<<<<
07-31 16:56:35.264  5153  5153 D AndroidRuntime: CheckJNI is OFF
07-31 16:56:35.272  5153  5153 D ICU     : No timezone override file found: /data/misc/zoneinfo/current/icu/icu_tzdata.dat
07-31 16:56:35.284  5153  5153 E memtrack: Couldn't load memtrack module (No such file or directory)
07-31 16:56:35.284  5153  5153 E android.os.Debug: failed to load memtrack module: -2
07-31 16:56:35.285  5153  5153 I Radio-JNI: register_android_hardware_Radio DONE
07-31 16:56:35.291  5153  5153 D AndroidRuntime: Calling main entry com.android.commands.uiautomator.Launcher
07-31 16:56:36.300  1865  1865 D leak-183: Eastern Standard Time
07-31 16:56:36.305  5153  5153 W AccessibilityNodeInfoDumper: Fetch time: 2ms
07-31 16:56:36.305   587   598 W WindowManager: Attempted to remove non-existing token: android.os.Binder@ad19161
07-31 16:56:36.313  5153  5153 D AndroidRuntime: Shutting down VM
07-31 16:56:37.310  5176  5176 D AndroidRuntime: >>>>>> START com.android.internal.os.RuntimeInit uid 0 <<<<<<
07-31 16:56:37.311  5176  5176 D AndroidRuntime: CheckJNI is OFF
07-31 16:56:37.321  5176  5176 D ICU     : No timezone override file found: /data/misc/zoneinfo/current/icu/icu_tzdata.dat
07-31 16:56:37.333  5176  5176 E memtrack: Couldn't load memtrack module (No such file or directory)
07-31 16:56:37.333  5176  5176 E android.os.Debug: failed to load memtrack module: -2
07-31 16:56:37.334  5176  5176 I Radio-JNI: register_android_hardware_Radio DONE
07-31 16:56:37.339  5176  5176 D AndroidRuntime: Calling main entry com.android.commands.uiautomator.Launcher
07-31 16:56:38.348  1865  1865 D leak-183: Eastern Standard Time
07-31 16:56:38.352  5176  5176 W AccessibilityNodeInfoDumper: Fetch time: 0ms
07-31 16:56:38.353   587   598 W WindowManager: Attempted to remove non-existing token: android.os.Binder@78ca486
07-31 16:56:38.360  5176  5176 D AndroidRuntime: Shutting down VM
07-31 16:56:39.468  5204  5204 D AndroidRuntime: >>>>>> START com.android.internal.os.RuntimeInit uid 0 <<<<<<
07-31 16:56:39.470  5204  5204 D AndroidRuntime: CheckJNI is OFF
07-31 16:56:39.479  5204  5204 D ICU     : No timezone override file found: /data/misc/zoneinfo/current/icu/icu_tzdata.dat
07-31 16:56:39.492  5204  5204 E memtrack: Couldn't load memtrack module (No such file or directory)
07-31 16:56:39.492  5204  5204 E android.os.Debug: failed to load memtrack module: -2
07-31 16:56:39.493  5204  5204 I Radio-JNI: register_android_hardware_Radio DONE
07-31 16:56:39.500  5204  5204 D AndroidRuntime: Calling main entry com.android.commands.uiautomator.Launcher
07-31 16:56:40.514  1865  1865 D leak-183: Eastern Standard Time
07-31 16:56:40.519  5204  5204 W AccessibilityNodeInfoDumper: Fetch time: 1ms
07-31 16:56:40.519   587   599 W WindowManager: Attempted to remove non-existing token: android.os.Binder@6a71147
07-31 16:56:40.527  5204  5204 D AndroidRuntime: Shutting down VM
07-31 16:56:41.546  5230  5230 D AndroidRuntime: >>>>>> START com.android.internal.os.RuntimeInit uid 0 <<<<<<
07-31 16:56:41.548  5230  5230 D AndroidRuntime: CheckJNI is OFF
07-31 16:56:41.556  5230  5230 D ICU     : No timezone override file found: /data/misc/zoneinfo/current/icu/icu_tzdata.dat
07-31 16:56:41.570  5230  5230 E memtrack: Couldn't load memtrack module (No such file or directory)
07-31 16:56:41.570  5230  5230 E android.os.Debug: failed to load memtrack module: -2
07-31 16:56:41.570  5230  5230 I Radio-JNI: register_android_hardware_Radio DONE
07-31 16:56:41.577  5230  5230 D AndroidRuntime: Calling main entry com.android.commands.uiautomator.Launcher
07-31 16:56:42.588  1865  1865 D leak-183: Eastern Standard Time
07-31 16:56:42.593  5230  5230 W AccessibilityNodeInfoDumper: Fetch time: 1ms
07-31 16:56:42.593   587  1193 W WindowManager: Attempted to remove non-existing token: android.os.Binder@502d74
07-31 16:56:42.601  5230  5230 D AndroidRuntime: Shutting down VM
07-31 16:56:43.058  5248  5248 D AndroidRuntime: >>>>>> START com.android.internal.os.RuntimeInit uid 0 <<<<<<
07-31 16:56:43.059  5248  5248 D AndroidRuntime: CheckJNI is OFF
07-31 16:56:43.070  5248  5248 D ICU     : No timezone override file found: /data/misc/zoneinfo/current/icu/icu_tzdata.dat
07-31 16:56:43.082  5248  5248 E memtrack: Couldn't load memtrack module (No such file or directory)
07-31 16:56:43.083  5248  5248 E android.os.Debug: failed to load memtrack module: -2
07-31 16:56:43.085  5248  5248 I Radio-JNI: register_android_hardware_Radio DONE
07-31 16:56:43.091  5248  5248 D AndroidRuntime: Calling main entry com.android.commands.uiautomator.Launcher
07-31 16:56:44.101  1865  1865 D leak-183: Eastern Standard Time
07-31 16:56:44.107  5248  5248 W AccessibilityNodeInfoDumper: Fetch time: 2ms
07-31 16:56:44.107   587  1197 W WindowManager: Attempted to remove non-existing token: android.os.Binder@b7e8312
07-31 16:56:44.116  5248  5248 D AndroidRuntime: Shutting down VM
07-31 16:56:45.145  5271  5271 D AndroidRuntime: >>>>>> START com.android.internal.os.RuntimeInit uid 0 <<<<<<
07-31 16:56:45.147  5271  5271 D AndroidRuntime: CheckJNI is OFF
07-31 16:56:45.157  5271  5271 D ICU     : No timezone override file found: /data/misc/zoneinfo/current/icu/icu_tzdata.dat
07-31 16:56:45.171  5271  5271 E memtrack: Couldn't load memtrack module (No such file or directory)
07-31 16:56:45.171  5271  5271 E android.os.Debug: failed to load memtrack module: -2
07-31 16:56:45.172  5271  5271 I Radio-JNI: register_android_hardware_Radio DONE
07-31 16:56:45.178  5271  5271 D AndroidRuntime: Calling main entry com.android.commands.uiautomator.Launcher
07-31 16:56:46.187  1865  1865 D leak-183: Eastern Standard Time
07-31 16:56:46.191  5271  5271 W AccessibilityNodeInfoDumper: Fetch time: 2ms
07-31 16:56:46.192   587   752 W WindowManager: Attempted to remove non-existing token: android.os.Binder@2b97ae3
07-31 16:56:46.200  5271  5271 D AndroidRuntime: Shutting down VM
07-31 16:56:46.626  5290  5290 D AndroidRuntime: >>>>>> START com.android.internal.os.RuntimeInit uid 0 <<<<<<
07-31 16:56:46.628  5290  5290 D AndroidRuntime: CheckJNI is OFF
07-31 16:56:46.638  5290  5290 D ICU     : No timezone override file found: /data/misc/zoneinfo/current/icu/icu_tzdata.dat
07-31 16:56:46.652  5290  5290 E memtrack: Couldn't load memtrack module (No such file or directory)
07-31 16:56:46.652  5290  5290 E android.os.Debug: failed to load memtrack module: -2
07-31 16:56:46.653  5290  5290 I Radio-JNI: register_android_hardware_Radio DONE
07-31 16:56:46.659  5290  5290 D AndroidRuntime: Calling main entry com.android.commands.uiautomator.Launcher
07-31 16:56:47.673  1865  1865 D leak-183: Eastern Standard Time
07-31 16:56:47.678  5290  5290 W AccessibilityNodeInfoDumper: Fetch time: 1ms
07-31 16:56:47.678   587   598 W WindowManager: Attempted to remove non-existing token: android.os.Binder@afcace0
07-31 16:56:47.686  5290  5290 D AndroidRuntime: Shutting down VM
07-31 16:56:48.675  5313  5313 D AndroidRuntime: >>>>>> START com.android.internal.os.RuntimeInit uid 0 <<<<<<
07-31 16:56:48.677  5313  5313 D AndroidRuntime: CheckJNI is OFF
07-31 16:56:48.688  5313  5313 D ICU     : No timezone override file found: /data/misc/zoneinfo/current/icu/icu_tzdata.dat
07-31 16:56:48.699  5313  5313 E memtrack: Couldn't load memtrack module (No such file or directory)
07-31 16:56:48.699  5313  5313 E android.os.Debug: failed to load memtrack module: -2
07-31 16:56:48.701  5313  5313 I Radio-JNI: register_android_hardware_Radio DONE
07-31 16:56:48.707  5313  5313 D AndroidRuntime: Calling main entry com.android.commands.uiautomator.Launcher
07-31 16:56:49.718  1865  1865 D leak-183: Eastern Standard Time
07-31 16:56:49.722  5313  5313 W AccessibilityNodeInfoDumper: Fetch time: 2ms
07-31 16:56:49.723   587   748 W WindowManager: Attempted to remove non-existing token: android.os.Binder@f820b99
07-31 16:56:49.733  5313  5313 D AndroidRuntime: Shutting down VM
07-31 16:56:50.156  5331  5331 D AndroidRuntime: >>>>>> START com.android.internal.os.RuntimeInit uid 0 <<<<<<
07-31 16:56:50.158  5331  5331 D AndroidRuntime: CheckJNI is OFF
07-31 16:56:50.166  5331  5331 D ICU     : No timezone override file found: /data/misc/zoneinfo/current/icu/icu_tzdata.dat
07-31 16:56:50.180  5331  5331 E memtrack: Couldn't load memtrack module (No such file or directory)
07-31 16:56:50.180  5331  5331 E android.os.Debug: failed to load memtrack module: -2
07-31 16:56:50.181  5331  5331 I Radio-JNI: register_android_hardware_Radio DONE
07-31 16:56:50.187  5331  5331 D AndroidRuntime: Calling main entry com.android.commands.uiautomator.Launcher
07-31 16:56:51.197  1865  1865 D leak-183: Eastern Standard Time
07-31 16:56:51.201  5331  5331 W AccessibilityNodeInfoDumper: Fetch time: 2ms
