07-31 16:59:27.327  8491  8491 I Input   : injectMotionEvent: MotionEvent { action=ACTION_MOVE, actionButton=0, id[0]=0, x[0]=600.0, y[0]=1000.0, toolType[0]=TOOL_TYPE_UNKNOWN, buttonState=0, metaState=0, flags=0x0, edgeFlags=0x0, pointerCount=1, historySize=0, eventTime=378919, downTime=378919, deviceId=0, source=0x1002 }
07-31 16:59:27.341  8491  8491 I Input   : injectMotionEvent: MotionEvent { action=ACTION_MOVE, actionButton=0, id[0]=0, x[0]=600.0, y[0]=1000.0, toolType[0]=TOOL_TYPE_UNKNOWN, buttonState=0, metaState=0, flags=0x0, edgeFlags=0x0, pointerCount=1, historySize=0, eventTime=378934, downTime=378934, deviceId=0, source=0x1002 }
07-31 16:59:27.359  8491  8491 I Input   : injectMotionEvent: MotionEvent { action=ACTION_MOVE, actionButton=0, id[0]=0, x[0]=600.0, y[0]=1000.0, toolType[0]=TOOL_TYPE_UNKNOWN, buttonState=0, metaState=0, flags=0x0, edgeFlags=0x0, pointerCount=1, historySize=0, eventTime=378952, downTime=378952, deviceId=0, source=0x1002 }
07-31 16:59:27.376  8491  8491 I Input   : injectMotionEvent: MotionEvent { action=ACTION_MOVE, actionButton=0, id[0]=0, x[0]=600.0, y[0]=1000.0, toolType[0]=TOOL_TYPE_UNKNOWN, buttonState=0, metaState=0, flags=0x0, edgeFlags=0x0, pointerCount=1, historySize=0, eventTime=378968, downTime=378968, deviceId=0, source=0x1002 }
07-31 16:59:27.392  8491  8491 I Input   : injectMotionEvent: MotionEvent { action=ACTION_MOVE, actionButton=0, id[0]=0, x[0]=600.0, y[0]=1000.0, toolType[0]=TOOL_TYPE_UNKNOWN, buttonState=0, metaState=0, flags=0x0, edgeFlags=0x0, pointerCount=1, historySize=0, eventTime=378985, downTime=378985, deviceId=0, source=0x1002 }
07-31 16:59:27.408  8491  8491 I Input   : injectMotionEvent: MotionEvent { action=ACTION_MOVE, actionButton=0, id[0]=0, x[0]=600.0, y[0]=1000.0, toolType[0]=TOOL_TYPE_UNKNOWN, buttonState=0, metaState=0, flags=0x0, edgeFlags=0x0, pointerCount=1, historySize=0, eventTime=379000, downTime=379000, deviceId=0, source=0x1002 }
07-31 16:59:27.432  8491  8491 I Input   : injectMotionEvent: MotionEvent { action=ACTION_MOVE, actionButton=0, id[0]=0, x[0]=600.0, y[0]=1000.0, toolType[0]=TOOL_TYPE_UNKNOWN, buttonState=0, metaState=0, flags=0x0, edgeFlags=0x0, pointerCount=1, historySize=0, eventTime=379025, downTime=379025, deviceId=0, source=0x1002 }
07-31 16:59:27.441  8491  8491 I Input   : injectMotionEvent: MotionEvent { action=ACTION_MOVE, actionButton=0, id[0]=0, x[0]=600.0, y[0]=1000.0, toolType[0]=TOOL_TYPE_UNKNOWN, buttonState=0, metaState=0, flags=0x0, edgeFlags=0x0, pointerCount=1, historySize=0, eventTime=379034, downTime=379034, deviceId=0, source=0x1002 }
07-31 16:59:27.459  8491  8491 I Input   : injectMotionEvent: MotionEvent { action=ACTION_MOVE, actionButton=0, id[0]=0, x[0]=600.0, y[0]=1000.0, toolType[0]=TOOL_TYPE_UNKNOWN, buttonState=0, metaState=0, flags=0x0, edgeFlags=0x0, pointerCount=1, historySize=0, eventTime=379051, downTime=379051, deviceId=0, source=0x1002 }
07-31 16:59:27.476  8491  8491 I Input   : injectMotionEvent: MotionEvent { action=ACTION_MOVE, actionButton=0, id[0]=0, x[0]=600.0, y[0]=1000.0, toolType[0]=TOOL_TYPE_UNKNOWN, buttonState=0, metaState=0, flags=0x0, edgeFlags=0x0, pointerCount=1, historySize=0, eventTime=379068, downTime=379068, deviceId=0, source=0x1002 }
07-31 16:59:27.491  8491  8491 I Input   : injectMotionEvent: MotionEvent { action=ACTION_MOVE, actionButton=0, id[0]=0, x[0]=600.0, y[0]=1000.0, toolType[0]=TOOL_TYPE_UNKNOWN, buttonState=0, metaState=0, flags=0x0, edgeFlags=0x0, pointerCount=1, historySize=0, eventTime=379084, downTime=379084, deviceId=0, source=0x1002 }
07-31 16:59:27.508  8491  8491 I Input   : injectMotionEvent: MotionEvent { action=ACTION_MOVE, actionButton=0, id[0]=0, x[0]=600.0, y[0]=1000.0, toolType[0]=TOOL_TYPE_UNKNOWN, buttonState=0, metaState=0, flags=0x0, edgeFlags=0x0, pointerCount=1, historySize=0, eventTime=379100, downTime=379100, deviceId=0, source=0x1002 }
07-31 16:59:27.525  8491  8491 I Input   : injectMotionEvent: MotionEvent { action=ACTION_MOVE, actionButton=0, id[0]=0, x[0]=600.0, y[0]=1000.0, toolType[0]=TOOL_TYPE_UNKNOWN, buttonState=0, metaState=0, flags=0x0, edgeFlags=0x0, pointerCount=1, historySize=0, eventTime=379117, downTime=379117, deviceId=0, source=0x1002 }
07-31 16:59:27.541  8491  8491 I Input   : injectMotionEvent: MotionEvent { action=ACTION_MOVE, actionButton=0, id[0]=0, x[0]=600.0, y[0]=1000.0, toolType[0]=TOOL_TYPE_UNKNOWN, buttonState=0, metaState=0, flags=0x0, edgeFlags=0x0, pointerCount=1, historySize=0, eventTime=379134, downTime=379134, deviceId=0, source=0x1002 }
07-31 16:59:27.560  8491  8491 I Input   : injectMotionEvent: MotionEvent { action=ACTION_MOVE, actionButton=0, id[0]=0, x[0]=600.0, y[0]=1000.0, toolType[0]=TOOL_TYPE_UNKNOWN, buttonState=0, metaState=0, flags=0x0, edgeFlags=0x0, pointerCount=1, historySize=0, eventTime=379152, downTime=379152, deviceId=0, source=0x1002 }
07-31 16:59:27.575  8491  8491 I Input   : injectMotionEvent: MotionEvent { action=ACTION_MOVE, actionButton=0, id[0]=0, x[0]=600.0, y[0]=1000.0, toolType[0]=TOOL_TYPE_UNKNOWN, buttonState=0, metaState=0, flags=0x0, edgeFlags=0x0, pointerCount=1, historySize=0, eventTime=379167, downTime=379167, deviceId=0, source=0x1002 }
07-31 16:59:27.593  8491  8491 I Input   : injectMotionEvent: MotionEvent { action=ACTION_MOVE, actionButton=0, id[0]=0, x[0]=600.0, y[0]=1000.0, toolType[0]=TOOL_TYPE_UNKNOWN, buttonState=0, metaState=0, flags=0x0, edgeFlags=0x0, pointerCount=1, historySize=0, eventTime=379185, downTime=379185, deviceId=0, source=0x1002 }
07-31 16:59:27.608  8491  8491 I Input   : injectMotionEvent: MotionEvent { action=ACTION_MOVE, actionButton=0, id[0]=0, x[0]=600.0, y[0]=1000.0, toolType[0]=TOOL_TYPE_UNKNOWN, buttonState=0, metaState=0, flags=0x0, edgeFlags=0x0, pointerCount=1, historySize=0, eventTime=379200, downTime=379200, deviceId=0, source=0x1002 }
07-31 16:59:27.626  8491  8491 I Input   : injectMotionEvent: MotionEvent { action=ACTION_MOVE, actionButton=0, id[0]=0, x[0]=600.0, y[0]=1000.0, toolType[0]=TOOL_TYPE_UNKNOWN, buttonState=0, metaState=0, flags=0x0, edgeFlags=0x0, pointerCount=1, historySize=0, eventTime=379218, downTime=379218, deviceId=0, source=0x1002 }
07-31 16:59:27.642  8491  8491 I Input   : injectMotionEvent: MotionEvent { action=ACTION_MOVE, actionButton=0, id[0]=0, x[0]=600.0, y[0]=1000.0, toolType[0]=TOOL_TYPE_UNKNOWN, buttonState=0, metaState=0, flags=0x0, edgeFlags=0x0, pointerCount=1, historySize=0, eventTime=379235, downTime=379235, deviceId=0, source=0x1002 }
07-31 16:59:27.659  8491  8491 I Input   : injectMotionEvent: MotionEvent { action=ACTION_MOVE, actionButton=0, id[0]=0, x[0]=600.0, y[0]=1000.0, toolType[0]=TOOL_TYPE_UNKNOWN, buttonState=0, metaState=0, flags=0x0, edgeFlags=0x0, pointerCount=1, historySize=0, eventTime=379252, downTime=379252, deviceId=0, source=0x1002 }
07-31 16:59:27.675  8491  8491 I Input   : injectMotionEvent: MotionEvent { action=ACTION_MOVE, actionButton=0, id[0]=0, x[0]=600.0, y[0]=1000.0, toolType[0]=TOOL_TYPE_UNKNOWN, buttonState=0, metaState=0, flags=0x0, edgeFlags=0x0, pointerCount=1, historySize=0, eventTime=379267, downTime=379267, deviceId=0, source=0x1002 }
07-31 16:59:27.691  8491  8491 I Input   : injectMotionEvent: MotionEvent { action=ACTION_MOVE, actionButton=0, id[0]=0, x[0]=600.0, y[0]=1000.0, toolType[0]=TOOL_TYPE_UNKNOWN, buttonState=0, metaState=0, flags=0x0, edgeFlags=0x0, pointerCount=1, historySize=0, eventTime=379284, downTime=379284, deviceId=0, source=0x1002 }
07-31 16:59:27.708  8491  8491 I Input   : injectMotionEvent: MotionEvent { action=ACTION_MOVE, actionButton=0, id[0]=0, x[0]=600.0, y[0]=1000.0, toolType[0]=TOOL_TYPE_UNKNOWN, buttonState=0, metaState=0, flags=0x0, edgeFlags=0x0, pointerCount=1, historySize=0, eventTime=379301, downTime=379301, deviceId=0, source=0x1002 }
07-31 16:59:27.725  8491  8491 I Input   : injectMotionEvent: MotionEvent { action=ACTION_MOVE, actionButton=0, id[0]=0, x[0]=600.0, y[0]=1000.0, toolType[0]=TOOL_TYPE_UNKNOWN, buttonState=0, metaState=0, flags=0x0, edgeFlags=0x0, pointerCount=1, historySize=0, eventTime=379317, downTime=379317, deviceId=0, source=0x1002 }
07-31 16:59:27.741  8491  8491 I Input   : injectMotionEvent: MotionEvent { action=ACTION_MOVE, actionButton=0, id[0]=0, x[0]=600.0, y[0]=1000.0, toolType[0]=TOOL_TYPE_UNKNOWN, buttonState=0, metaState=0, flags=0x0, edgeFlags=0x0, pointerCount=1, historySize=0, eventTime=379334, downTime=379334, deviceId=0, source=0x1002 }
07-31 16:59:27.760  8491  8491 I Input   : injectMotionEvent: MotionEvent { action=ACTION_MOVE, actionButton=0, id[0]=0, x[0]=600.0, y[0]=1000.0, toolType[0]=TOOL_TYPE_UNKNOWN, buttonState=0, metaState=0, flags=0x0, edgeFlags=0x0, pointerCount=1, historySize=0, eventTime=379352, downTime=379352, deviceId=0, source=0x1002 }
07-31 16:59:27.775  8491  8491 I Input   : injectMotionEvent: MotionEvent { action=ACTION_MOVE, actionButton=0, id[0]=0, x[0]=600.0, y[0]=1000.0, toolType[0]=TOOL_TYPE_UNKNOWN, buttonState=0, metaState=0, flags=0x0, edgeFlags=0x0, pointerCount=1, historySize=0, eventTime=379367, downTime=379367, deviceId=0, source=0x1002 }
07-31 16:59:27.793  8491  8491 I Input   : injectMotionEvent: MotionEvent { action=ACTION_MOVE, actionButton=0, id[0]=0, x[0]=600.0, y[0]=1000.0, toolType[0]=TOOL_TYPE_UNKNOWN, buttonState=0, metaState=0, flags=0x0, edgeFlags=0x0, pointerCount=1, historySize=0, eventTime=379385, downTime=379385, deviceId=0, source=0x1002 }
07-31 16:59:27.808  8491  8491 I Input   : injectMotionEvent: MotionEvent { action=ACTION_MOVE, actionButton=0, id[0]=0, x[0]=600.0, y[0]=1000.0, toolType[0]=TOOL_TYPE_UNKNOWN, buttonState=0, metaState=0, flags=0x0, edgeFlags=0x0, pointerCount=1, historySize=0, eventTime=379400, downTime=379400, deviceId=0, source=0x1002 }
07-31 16:59:27.825  8491  8491 I Input   : injectMotionEvent: MotionEvent { action=ACTION_MOVE, actionButton=0, id[0]=0, x[0]=600.0, y[0]=1000.0, toolType[0]=TOOL_TYPE_UNKNOWN, buttonState=0, metaState=0, flags=0x0, edgeFlags=0x0, pointerCount=1, historySize=0, eventTime=379417, downTime=379417, deviceId=0, source=0x1002 }
07-31 16:59:27.842  8491  8491 I Input   : injectMotionEvent: MotionEvent { action=ACTION_MOVE, actionButton=0, id[0]=0, x[0]=600.0, y[0]=1000.0, toolType[0]=TOOL_TYPE_UNKNOWN, buttonState=0, metaState=0, flags=0x0, edgeFlags=0x0, pointerCount=1, historySize=0, eventTime=379434, downTime=379434, deviceId=0, source=0x1002 }
07-31 16:59:27.859  8491  8491 I Input   : injectMotionEvent: MotionEvent { action=ACTION_MOVE, actionButton=0, id[0]=0, x[0]=600.0, y[0]=1000.0, toolType[0]=TOOL_TYPE_UNKNOWN, buttonState=0, metaState=0, flags=0x0, edgeFlags=0x0, pointerCount=1, historySize=0, eventTime=379452, downTime=379452, deviceId=0, source=0x1002 }
07-31 16:59:27.875  8491  8491 I Input   : injectMotionEvent: MotionEvent { action=ACTION_MOVE, actionButton=0, id[0]=0, x[0]=600.0, y[0]=1000.0, toolType[0]=TOOL_TYPE_UNKNOWN, buttonState=0, metaState=0, flags=0x0, edgeFlags=0x0, pointerCount=1, historySize=0, eventTime=379467, downTime=379467, deviceId=0, source=0x1002 }
07-31 16:59:27.891  8491  8491 I Input   : injectMotionEvent: MotionEvent { action=ACTION_MOVE, actionButton=0, id[0]=0, x[0]=600.0, y[0]=1000.0, toolType[0]=TOOL_TYPE_UNKNOWN, buttonState=0, metaState=0, flags=0x0, edgeFlags=0x0, pointerCount=1, historySize=0, eventTime=379484, downTime=379484, deviceId=0, source=0x1002 }
07-31 16:59:27.908  8491  8491 I Input   : injectMotionEvent: MotionEvent { action=ACTION_MOVE, actionButton=0, id[0]=0, x[0]=600.0, y[0]=1000.0, toolType[0]=TOOL_TYPE_UNKNOWN, buttonState=0, metaState=0, flags=0x0, edgeFlags=0x0, pointerCount=1, historySize=0, eventTime=379501, downTime=379501, deviceId=0, source=0x1002 }
07-31 16:59:27.926  8491  8491 I Input   : injectMotionEvent: MotionEvent { action=ACTION_MOVE, actionButton=0, id[0]=0, x[0]=600.0, y[0]=1000.0, toolType[0]=TOOL_TYPE_UNKNOWN, buttonState=0, metaState=0, flags=0x0, edgeFlags=0x0, pointerCount=1, historySize=0, eventTime=379518, downTime=379518, deviceId=0, source=0x1002 }
07-31 16:59:27.943  8491  8491 I Input   : injectMotionEvent: MotionEvent { action=ACTION_MOVE, actionButton=0, id[0]=0, x[0]=600.0, y[0]=1000.0, toolType[0]=TOOL_TYPE_UNKNOWN, buttonState=0, metaState=0, flags=0x0, edgeFlags=0x0, pointerCount=1, historySize=0, eventTime=379535, downTime=379535, deviceId=0, source=0x1002 }
07-31 16:59:27.958  8491  8491 I Input   : injectMotionEvent: MotionEvent { action=ACTION_MOVE, actionButton=0, id[0]=0, x[0]=600.0, y[0]=1000.0, toolType[0]=TOOL_TYPE_UNKNOWN, buttonState=0, metaState=0, flags=0x0, edgeFlags=0x0, pointerCount=1, historySize=0, eventTime=379550, downTime=379550, deviceId=0, source=0x1002 }
07-31 16:59:27.976  8491  8491 I Input   : injectMotionEvent: MotionEvent { action=ACTION_MOVE, actionButton=0, id[0]=0, x[0]=600.0, y[0]=1000.0, toolType[0]=TOOL_TYPE_UNKNOWN, buttonState=0, metaState=0, flags=0x0, edgeFlags=0x0, pointerCount=1, historySize=0, eventTime=379568, downTime=379568, deviceId=0, source=0x1002 }
07-31 16:59:27.991  8491  8491 I Input   : injectMotionEvent: MotionEvent { action=ACTION_MOVE, actionButton=0, id[0]=0, x[0]=600.0, y[0]=1000.0, toolType[0]=TOOL_TYPE_UNKNOWN, buttonState=0, metaState=0, flags=0x0, edgeFlags=0x0, pointerCount=1, historySize=0, eventTime=379584, downTime=379584, deviceId=0, source=0x1002 }
07-31 16:59:28.008  8491  8491 I Input   : injectMotionEvent: MotionEvent { action=ACTION_MOVE, actionButton=0, id[0]=0, x[0]=600.0, y[0]=1000.0, toolType[0]=TOOL_TYPE_UNKNOWN, buttonState=0, metaState=0, flags=0x0, edgeFlags=0x0, pointerCount=1, historySize=0, eventTime=379600, downTime=379600, deviceId=0, source=0x1002 }
07-31 16:59:28.025  8491  8491 I Input   : injectMotionEvent: MotionEvent { action=ACTION_MOVE, actionButton=0, id[0]=0, x[0]=600.0, y[0]=1000.0, toolType[0]=TOOL_TYPE_UNKNOWN, buttonState=0, metaState=0, flags=0x0, edgeFlags=0x0, pointerCount=1, historySize=0, eventTime=379617, downTime=379617, deviceId=0, source=0x1002 }
07-31 16:59:28.042  8491  8491 I Input   : injectMotionEvent: MotionEvent { action=ACTION_MOVE, actionButton=0, id[0]=0, x[0]=600.0, y[0]=1000.0, toolType[0]=TOOL_TYPE_UNKNOWN, buttonState=0, metaState=0, flags=0x0, edgeFlags=0x0, pointerCount=1, historySize=0, eventTime=379634, downTime=379634, deviceId=0, source=0x1002 }
07-31 16:59:28.059  8491  8491 I Input   : injectMotionEvent: MotionEvent { action=ACTION_MOVE, actionButton=0, id[0]=0, x[0]=600.0, y[0]=1000.0, toolType[0]=TOOL_TYPE_UNKNOWN, buttonState=0, metaState=0, flags=0x0, edgeFlags=0x0, pointerCount=1, historySize=0, eventTime=379652, downTime=379652, deviceId=0, source=0x1002 }
07-31 16:59:28.075  8491  8491 I Input   : injectMotionEvent: MotionEvent { action=ACTION_MOVE, actionButton=0, id[0]=0, x[0]=600.0, y[0]=1000.0, toolType[0]=TOOL_TYPE_UNKNOWN, buttonState=0, metaState=0, flags=0x0, edgeFlags=0x0, pointerCount=1, historySize=0, eventTime=379667, downTime=379667, deviceId=0, source=0x1002 }
07-31 16:59:28.092  8491  8491 I Input   : injectMotionEvent: MotionEvent { action=ACTION_MOVE, actionButton=0, id[0]=0, x[0]=600.0, y[0]=1000.0, toolType[0]=TOOL_TYPE_UNKNOWN, buttonState=0, metaState=0, flags=0x0, edgeFlags=0x0, pointerCount=1, historySize=0, eventTime=379685, downTime=379685, deviceId=0, source=0x1002 }
07-31 16:59:28.108  8491  8491 I Input   : injectMotionEvent: MotionEvent { action=ACTION_MOVE, actionButton=0, id[0]=0, x[0]=600.0, y[0]=1000.0, toolType[0]=TOOL_TYPE_UNKNOWN, buttonState=0, metaState=0, flags=0x0, edgeFlags=0x0, pointerCount=1, historySize=0, eventTime=379700, downTime=379700, deviceId=0, source=0x1002 }
07-31 16:59:28.126  8491  8491 I Input   : injectMotionEvent: MotionEvent { action=ACTION_MOVE, actionButton=0, id[0]=0, x[0]=600.0, y[0]=1000.0, toolType[0]=TOOL_TYPE_UNKNOWN, buttonState=0, metaState=0, flags=0x0, edgeFlags=0x0, pointerCount=1, historySize=0, eventTime=379718, downTime=379718, deviceId=0, source=0x1002 }
07-31 16:59:28.142  8491  8491 I Input   : injectMotionEvent: MotionEvent { action=ACTION_MOVE, actionButton=0, id[0]=0, x[0]=600.0, y[0]=1000.0, toolType[0]=TOOL_TYPE_UNKNOWN, buttonState=0, metaState=0, flags=0x0, edgeFlags=0x0, pointerCount=1, historySize=0, eventTime=379735, downTime=379735, deviceId=0, source=0x1002 }
07-31 16:59:28.159  8491  8491 I Input   : injectMotionEvent: MotionEvent { action=ACTION_MOVE, actionButton=0, id[0]=0, x[0]=600.0, y[0]=1000.0, toolType[0]=TOOL_TYPE_UNKNOWN, buttonState=0, metaState=0, flags=0x0, edgeFlags=0x0, pointerCount=1, historySize=0, eventTime=379751, downTime=379751, deviceId=0, source=0x1002 }
07-31 16:59:28.175  8491  8491 I Input   : injectMotionEvent: MotionEvent { action=ACTION_MOVE, actionButton=0, id[0]=0, x[0]=600.0, y[0]=1000.0, toolType[0]=TOOL_TYPE_UNKNOWN, buttonState=0, metaState=0, flags=0x0, edgeFlags=0x0, pointerCount=1, historySize=0, eventTime=379767, downTime=379767, deviceId=0, source=0x1002 }
07-31 16:59:28.192  8491  8491 I Input   : injectMotionEvent: MotionEvent { action=ACTION_MOVE, actionButton=0, id[0]=0, x[0]=600.0, y[0]=1000.0, toolType[0]=TOOL_TYPE_UNKNOWN, buttonState=0, metaState=0, flags=0x0, edgeFlags=0x0, pointerCount=1, historySize=0, eventTime=379785, downTime=379785, deviceId=0, source=0x1002 }
07-31 16:59:28.208  8491  8491 I Input   : injectMotionEvent: MotionEvent { action=ACTION_MOVE, actionButton=0, id[0]=0, x[0]=600.0, y[0]=1000.0, toolType[0]=TOOL_TYPE_UNKNOWN, buttonState=0, metaState=0, flags=0x0, edgeFlags=0x0, pointerCount=1, historySize=0, eventTime=379800, downTime=379800, deviceId=0, source=0x1002 }
07-31 16:59:28.225  8491  8491 I Input   : injectMotionEvent: MotionEvent { action=ACTION_MOVE, actionButton=0, id[0]=0, x[0]=600.0, y[0]=1000.0, toolType[0]=TOOL_TYPE_UNKNOWN, buttonState=0, metaState=0, flags=0x0, edgeFlags=0x0, pointerCount=1, historySize=0, eventTime=379817, downTime=379817, deviceId=0, source=0x1002 }
07-31 16:59:28.242  8491  8491 I Input   : injectMotionEvent: MotionEvent { action=ACTION_MOVE, actionButton=0, id[0]=0, x[0]=600.0, y[0]=1000.0, toolType[0]=TOOL_TYPE_UNKNOWN, buttonState=0, metaState=0, flags=0x0, edgeFlags=0x0, pointerCount=1, historySize=0, eventTime=379834, downTime=379834, deviceId=0, source=0x1002 }
07-31 16:59:28.261  8491  8491 I Input   : injectMotionEvent: MotionEvent { action=ACTION_MOVE, actionButton=0, id[0]=0, x[0]=600.0, y[0]=1000.0, toolType[0]=TOOL_TYPE_UNKNOWN, buttonState=0, metaState=0, flags=0x0, edgeFlags=0x0, pointerCount=1, historySize=0, eventTime=379854, downTime=379854, deviceId=0, source=0x1002 }
07-31 16:59:28.275  8491  8491 I Input   : injectMotionEvent: MotionEvent { action=ACTION_MOVE, actionButton=0, id[0]=0, x[0]=600.0, y[0]=1000.0, toolType[0]=TOOL_TYPE_UNKNOWN, buttonState=0, metaState=0, flags=0x0, edgeFlags=0x0, pointerCount=1, historySize=0, eventTime=379867, downTime=379867, deviceId=0, source=0x1002 }
07-31 16:59:28.292  8491  8491 I Input   : injectMotionEvent: MotionEvent { action=ACTION_MOVE, actionButton=0, id[0]=0, x[0]=600.0, y[0]=1000.0, toolType[0]=TOOL_TYPE_UNKNOWN, buttonState=0, metaState=0, flags=0x0, edgeFlags=0x0, pointerCount=1, historySize=0, eventTime=379885, downTime=379885, deviceId=0, source=0x1002 }
07-31 16:59:28.309  8491  8491 I Input   : injectMotionEvent: MotionEvent { action=ACTION_MOVE, actionButton=0, id[0]=0, x[0]=600.0, y[0]=1000.0, toolType[0]=TOOL_TYPE_UNKNOWN, buttonState=0, metaState=0, flags=0x0, edgeFlags=0x0, pointerCount=1, historySize=0, eventTime=379902, downTime=379902, deviceId=0, source=0x1002 }
07-31 16:59:28.325  8491  8491 I Input   : injectMotionEvent: MotionEvent { action=ACTION_MOVE, actionButton=0, id[0]=0, x[0]=600.0, y[0]=1000.0, toolType[0]=TOOL_TYPE_UNKNOWN, buttonState=0, metaState=0, flags=0x0, edgeFlags=0x0, pointerCount=1, historySize=0, eventTime=379917, downTime=379917, deviceId=0, source=0x1002 }
07-31 16:59:28.341  8491  8491 I Input   : injectMotionEvent: MotionEvent { action=ACTION_MOVE, actionButton=0, id[0]=0, x[0]=600.0, y[0]=1000.0, toolType[0]=TOOL_TYPE_UNKNOWN, buttonState=0, metaState=0, flags=0x0, edgeFlags=0x0, pointerCount=1, historySize=0, eventTime=379934, downTime=379934, deviceId=0, source=0x1002 }
07-31 16:59:28.359  8491  8491 I Input   : injectMotionEvent: MotionEvent { action=ACTION_MOVE, actionButton=0, id[0]=0, x[0]=600.0, y[0]=1000.0, toolType[0]=TOOL_TYPE_UNKNOWN, buttonState=0, metaState=0, flags=0x0, edgeFlags=0x0, pointerCount=1, historySize=0, eventTime=379951, downTime=379951, deviceId=0, source=0x1002 }
07-31 16:59:28.376  8491  8491 I Input   : injectMotionEvent: MotionEvent { action=ACTION_MOVE, actionButton=0, id[0]=0, x[0]=600.0, y[0]=1000.0, toolType[0]=TOOL_TYPE_UNKNOWN, buttonState=0, metaState=0, flags=0x0, edgeFlags=0x0, pointerCount=1, historySize=0, eventTime=379968, downTime=379968, deviceId=0, source=0x1002 }
07-31 16:59:28.391  8491  8491 I Input   : injectMotionEvent: MotionEvent { action=ACTION_MOVE, actionButton=0, id[0]=0, x[0]=600.0, y[0]=1000.0, toolType[0]=TOOL_TYPE_UNKNOWN, buttonState=0, metaState=0, flags=0x0, edgeFlags=0x0, pointerCount=1, historySize=0, eventTime=379984, downTime=379984, deviceId=0, source=0x1002 }
07-31 16:59:28.408  8491  8491 I Input   : injectMotionEvent: MotionEvent { action=ACTION_MOVE, actionButton=0, id[0]=0, x[0]=600.0, y[0]=1000.0, toolType[0]=TOOL_TYPE_UNKNOWN, buttonState=0, metaState=0, flags=0x0, edgeFlags=0x0, pointerCount=1, historySize=0, eventTime=380000, downTime=380000, deviceId=0, source=0x1002 }
07-31 16:59:28.428  8491  8491 I Input   : injectMotionEvent: MotionEvent { action=ACTION_MOVE, actionButton=0, id[0]=0, x[0]=600.0, y[0]=1000.0, toolType[0]=TOOL_TYPE_UNKNOWN, buttonState=0, metaState=0, flags=0x0, edgeFlags=0x0, pointerCount=1, historySize=0, eventTime=380021, downTime=380021, deviceId=0, source=0x1002 }
07-31 16:59:28.442  8491  8491 I Input   : injectMotionEvent: MotionEvent { action=ACTION_UP, actionButton=0, id[0]=0, x[0]=600.0, y[0]=1000.0, toolType[0]=TOOL_TYPE_UNKNOWN, buttonState=0, metaState=0, flags=0x0, edgeFlags=0x0, pointerCount=1, historySize=0, eventTime=380035, downTime=380035, deviceId=0, source=0x1002 }
07-31 16:59:28.443  8491  8491 D AndroidRuntime: Shutting down VM
07-31 16:59:32.828  8825  8825 D AndroidRuntime: >>>>>> START com.android.internal.os.RuntimeInit uid 0 <<<<<<
07-31 16:59:32.830  8825  8825 D AndroidRuntime: CheckJNI is OFF
07-31 16:59:32.841  8825  8825 D ICU     : No timezone override file found: /data/misc/zoneinfo/current/icu/icu_tzdata.dat
07-31 16:59:32.854  8825  8825 E memtrack: Couldn't load memtrack module (No such file or directory)
07-31 16:59:32.854  8825  8825 E android.os.Debug: failed to load memtrack module: -2
07-31 16:59:32.855  8825  8825 I Radio-JNI: register_android_hardware_Radio DONE
07-31 16:59:32.861  8825  8825 D AndroidRuntime: Calling main entry com.android.commands.uiautomator.Launcher
07-31 16:59:33.869  1865  1865 D leak-183: Eastern Standard Time
07-31 16:59:33.874  8825  8825 W AccessibilityNodeInfoDumper: Fetch time: 1ms
07-31 16:59:33.874   587   599 W WindowManager: Attempted to remove non-existing token: android.os.Binder@6bd3648
07-31 16:59:33.882  8825  8825 D AndroidRuntime: Shutting down VM
07-31 16:59:34.870  8848  8848 D AndroidRuntime: >>>>>> START com.android.internal.os.RuntimeInit uid 0 <<<<<<
07-31 16:59:34.872  8848  8848 D AndroidRuntime: CheckJNI is OFF
07-31 16:59:34.881  8848  8848 D ICU     : No timezone override file found: /data/misc/zoneinfo/current/icu/icu_tzdata.dat
07-31 16:59:34.894  8848  8848 E memtrack: Couldn't load memtrack module (No such file or directory)
07-31 16:59:34.894  8848  8848 E android.os.Debug: failed to load memtrack module: -2
07-31 16:59:34.894  8848  8848 I Radio-JNI: register_android_hardware_Radio DONE
07-31 16:59:34.900  8848  8848 D AndroidRuntime: Calling main entry com.android.commands.uiautomator.Launcher
07-31 16:59:35.912  1865  1865 D leak-183: Eastern Standard Time
07-31 16:59:35.916  8848  8848 W AccessibilityNodeInfoDumper: Fetch time: 1ms
07-31 16:59:35.917   587   748 W WindowManager: Attempted to remove non-existing token: android.os.Binder@8ca3ce1
07-31 16:59:35.926  8848  8848 D AndroidRuntime: Shutting down VM
07-31 16:59:36.354  8866  8866 D AndroidRuntime: >>>>>> START com.android.internal.os.RuntimeInit uid 0 <<<<<<
07-31 16:59:36.356  8866  8866 D AndroidRuntime: CheckJNI is OFF
07-31 16:59:36.366  8866  8866 D ICU     : No timezone override file found: /data/misc/zoneinfo/current/icu/icu_tzdata.dat
07-31 16:59:36.378  8866  8866 E memtrack: Couldn't load memtrack module (No such file or directory)
07-31 16:59:36.378  8866  8866 E android.os.Debug: failed to load memtrack module: -2
07-31 16:59:36.380  8866  8866 I Radio-JNI: register_android_hardware_Radio DONE
07-31 16:59:36.385  8866  8866 D AndroidRuntime: Calling main entry com.android.commands.uiautomator.Launcher
07-31 16:59:37.394  1865  1865 D leak-183: Eastern Standard Time
07-31 16:59:37.399  8866  8866 W AccessibilityNodeInfoDumper: Fetch time: 2ms
07-31 16:59:37.399   587   752 W WindowManager: Attempted to remove non-existing token: android.os.Binder@3aeaa06
07-31 16:59:37.405  8866  8866 D AndroidRuntime: Shutting down VM
07-31 16:59:38.390  8889  8889 D AndroidRuntime: >>>>>> START com.android.internal.os.RuntimeInit uid 0 <<<<<<
07-31 16:59:38.392  8889  8889 D AndroidRuntime: CheckJNI is OFF
07-31 16:59:38.401  8889  8889 D ICU     : No timezone override file found: /data/misc/zoneinfo/current/icu/icu_tzdata.dat
07-31 16:59:38.414  8889  8889 E memtrack: Couldn't load memtrack module (No such file or directory)
07-31 16:59:38.414  8889  8889 E android.os.Debug: failed to load memtrack module: -2
07-31 16:59:38.415  8889  8889 I Radio-JNI: register_android_hardware_Radio DONE
07-31 16:59:38.421  8889  8889 D AndroidRuntime: Calling main entry com.android.commands.uiautomator.Launcher
07-31 16:59:39.434  1865  1865 D leak-183: Eastern Standard Time
07-31 16:59:39.439  8889  8889 W AccessibilityNodeInfoDumper: Fetch time: 1ms
07-31 16:59:39.439   587   752 W WindowManager: Attempted to remove non-existing token: android.os.Binder@fd068c7
07-31 16:59:39.447  8889  8889 D AndroidRuntime: Shutting down VM
07-31 16:59:40.491  8917  8917 D AndroidRuntime: >>>>>> START com.android.internal.os.RuntimeInit uid 0 <<<<<<
07-31 16:59:40.492  8917  8917 D AndroidRuntime: CheckJNI is OFF
07-31 16:59:40.501  8917  8917 D ICU     : No timezone override file found: /data/misc/zoneinfo/current/icu/icu_tzdata.dat
07-31 16:59:40.515  8917  8917 E memtrack: Couldn't load memtrack module (No such file or directory)
07-31 16:59:40.515  8917  8917 E android.os.Debug: failed to load memtrack module: -2
07-31 16:59:40.516  8917  8917 I Radio-JNI: register_android_hardware_Radio DONE
07-31 16:59:40.522  8917  8917 D AndroidRuntime: Calling main entry com.android.commands.uiautomator.Launcher
07-31 16:59:41.532  1865  1865 D leak-183: Eastern Standard Time
07-31 16:59:41.536  8917  8917 W AccessibilityNodeInfoDumper: Fetch time: 0ms
07-31 16:59:41.536   587  1197 W WindowManager: Attempted to remove non-existing token: android.os.Binder@c936ef4
07-31 16:59:41.545  8917  8917 D AndroidRuntime: Shutting down VM
07-31 16:59:42.562  8943  8943 D AndroidRuntime: >>>>>> START com.android.internal.os.RuntimeInit uid 0 <<<<<<
07-31 16:59:42.563  8943  8943 D AndroidRuntime: CheckJNI is OFF
07-31 16:59:42.572  8943  8943 D ICU     : No timezone override file found: /data/misc/zoneinfo/current/icu/icu_tzdata.dat
07-31 16:59:42.585  8943  8943 E memtrack: Couldn't load memtrack module (No such file or directory)
07-31 16:59:42.586  8943  8943 E android.os.Debug: failed to load memtrack module: -2
07-31 16:59:42.586  8943  8943 I Radio-JNI: register_android_hardware_Radio DONE
07-31 16:59:42.592  8943  8943 D AndroidRuntime: Calling main entry com.android.commands.uiautomator.Launcher
07-31 16:59:43.697  1865  1865 D leak-183: Eastern Standard Time
07-31 16:59:43.701  8943  8943 W AccessibilityNodeInfoDumper: Fetch time: 2ms
07-31 16:59:43.702   587   598 W WindowManager: Attempted to remove non-existing token: android.os.Binder@b7b6092
07-31 16:59:43.710  8943  8943 D AndroidRuntime: Shutting down VM
07-31 16:59:44.144  8961  8961 D AndroidRuntime: >>>>>> START com.android.internal.os.RuntimeInit uid 0 <<<<<<
07-31 16:59:44.145  8961  8961 D AndroidRuntime: CheckJNI is OFF
07-31 16:59:44.156  8961  8961 D ICU     : No timezone override file found: /data/misc/zoneinfo/current/icu/icu_tzdata.dat
07-31 16:59:44.170  8961  8961 E memtrack: Couldn't load memtrack module (No such file or directory)
07-31 16:59:44.170  8961  8961 E android.os.Debug: failed to load memtrack module: -2
07-31 16:59:44.171  8961  8961 I Radio-JNI: register_android_hardware_Radio DONE
07-31 16:59:44.178  8961  8961 D AndroidRuntime: Calling main entry com.android.commands.uiautomator.Launcher
07-31 16:59:45.190  1865  1865 D leak-183: Eastern Standard Time
07-31 16:59:45.194  8961  8961 W AccessibilityNodeInfoDumper: Fetch time: 0ms
07-31 16:59:45.194   587   599 W WindowManager: Attempted to remove non-existing token: android.os.Binder@de0ca63
07-31 16:59:45.201  8961  8961 D AndroidRuntime: Shutting down VM
07-31 16:59:46.217  8985  8985 D AndroidRuntime: >>>>>> START com.android.internal.os.RuntimeInit uid 0 <<<<<<
07-31 16:59:46.218  8985  8985 D AndroidRuntime: CheckJNI is OFF
07-31 16:59:46.228  8985  8985 D ICU     : No timezone override file found: /data/misc/zoneinfo/current/icu/icu_tzdata.dat
07-31 16:59:46.242  8985  8985 E memtrack: Couldn't load memtrack module (No such file or directory)
07-31 16:59:46.242  8985  8985 E android.os.Debug: failed to load memtrack module: -2
07-31 16:59:46.243  8985  8985 I Radio-JNI: register_android_hardware_Radio DONE
07-31 16:59:46.250  8985  8985 D AndroidRuntime: Calling main entry com.android.commands.uiautomator.Launcher
07-31 16:59:47.261  1865  1865 D leak-183: Eastern Standard Time
07-31 16:59:47.266  8985  8985 W AccessibilityNodeInfoDumper: Fetch time: 1ms
07-31 16:59:47.266   587   598 W WindowManager: Attempted to remove non-existing token: android.os.Binder@1f28660
07-31 16:59:47.274  8985  8985 D AndroidRuntime: Shutting down VM
07-31 16:59:47.704  9003  9003 D AndroidRuntime: >>>>>> START com.android.internal.os.RuntimeInit uid 0 <<<<<<
07-31 16:59:47.705  9003  9003 D AndroidRuntime: CheckJNI is OFF
07-31 16:59:47.715  9003  9003 D ICU     : No timezone override file found: /data/misc/zoneinfo/current/icu/icu_tzdata.dat
07-31 16:59:47.730  9003  9003 E memtrack: Couldn't load memtrack module (No such file or directory)
07-31 16:59:47.730  9003  9003 E android.os.Debug: failed to load memtrack module: -2
07-31 16:59:47.731  9003  9003 I Radio-JNI: register_android_hardware_Radio DONE
07-31 16:59:47.738  9003  9003 D AndroidRuntime: Calling main entry com.android.commands.uiautomator.Launcher
07-31 16:59:48.749  1865  1865 D leak-183: Eastern Standard Time
07-31 16:59:48.754  9003  9003 W AccessibilityNodeInfoDumper: Fetch time: 1ms
07-31 16:59:48.754   587  1197 W WindowManager: Attempted to remove non-existing token: android.os.Binder@774a719
07-31 16:59:48.762  9003  9003 D AndroidRuntime: Shutting down VM
07-31 16:59:49.251  9022  9022 D AndroidRuntime: >>>>>> START com.android.internal.os.RuntimeInit uid 0 <<<<<<
07-31 16:59:49.254  9022  9022 D AndroidRuntime: CheckJNI is OFF
07-31 16:59:49.265  9022  9022 D ICU     : No timezone override file found: /data/misc/zoneinfo/current/icu/icu_tzdata.dat
07-31 16:59:49.281  9022  9022 E memtrack: Couldn't load memtrack module (No such file or directory)
07-31 16:59:49.281  9022  9022 E android.os.Debug: failed to load memtrack module: -2
07-31 16:59:49.282  9022  9022 I Radio-JNI: register_android_hardware_Radio DONE
07-31 16:59:49.291  9022  9022 D AndroidRuntime: Calling main entry com.android.commands.uiautomator.Launcher
07-31 16:59:50.307  1865  1865 D leak-183: Eastern Standard Time
07-31 16:59:50.312  9022  9022 W AccessibilityNodeInfoDumper: Fetch time: 2ms
07-31 16:59:50.313   587  1197 W WindowManager: Attempted to remove non-existing token: android.os.Binder@deaf3de
07-31 16:59:50.321  9022  9022 D AndroidRuntime: Shutting down VM
07-31 16:59:51.318  9045  9045 D AndroidRuntime: >>>>>> START com.android.internal.os.RuntimeInit uid 0 <<<<<<
07-31 16:59:51.321  9045  9045 D AndroidRuntime: CheckJNI is OFF
07-31 16:59:51.330  9045  9045 D ICU     : No timezone override file found: /data/misc/zoneinfo/current/icu/icu_tzdata.dat
07-31 16:59:51.342  9045  9045 E memtrack: Couldn't load memtrack module (No such file or directory)
07-31 16:59:51.342  9045  9045 E android.os.Debug: failed to load memtrack module: -2
07-31 16:59:51.343  9045  9045 I Radio-JNI: register_android_hardware_Radio DONE
07-31 16:59:51.349  9045  9045 D AndroidRuntime: Calling main entry com.android.commands.uiautomator.Launcher
07-31 16:59:52.359  1865  1865 D leak-183: Eastern Standard Time
07-31 16:59:52.363  9045  9045 W AccessibilityNodeInfoDumper: Fetch time: 2ms
07-31 16:59:52.364   587   598 W WindowManager: Attempted to remove non-existing token: android.os.Binder@f0ba9bf
07-31 16:59:52.373  9045  9045 D AndroidRuntime: Shutting down VM
07-31 16:59:52.790  9063  9063 D AndroidRuntime: >>>>>> START com.android.internal.os.RuntimeInit uid 0 <<<<<<
07-31 16:59:52.792  9063  9063 D AndroidRuntime: CheckJNI is OFF
07-31 16:59:52.801  9063  9063 D ICU     : No timezone override file found: /data/misc/zoneinfo/current/icu/icu_tzdata.dat
07-31 16:59:52.816  9063  9063 E memtrack: Couldn't load memtrack module (No such file or directory)
07-31 16:59:52.816  9063  9063 E android.os.Debug: failed to load memtrack module: -2
07-31 16:59:52.817  9063  9063 I Radio-JNI: register_android_hardware_Radio DONE
07-31 16:59:52.824  9063  9063 D AndroidRuntime: Calling main entry com.android.commands.uiautomator.Launcher
07-31 16:59:53.834  1865  1865 D leak-183: Eastern Standard Time
07-31 16:59:53.838  9063  9063 W AccessibilityNodeInfoDumper: Fetch time: 0ms
07-31 16:59:53.838   587   599 W WindowManager: Attempted to remove non-existing token: android.os.Binder@c9f9bd5
07-31 16:59:53.847  9063  9063 D AndroidRuntime: Shutting down VM
07-31 16:59:54.826  9086  9086 D AndroidRuntime: >>>>>> START com.android.internal.os.RuntimeInit uid 0 <<<<<<
07-31 16:59:54.828  9086  9086 D AndroidRuntime: CheckJNI is OFF
07-31 16:59:54.837  9086  9086 D ICU     : No timezone override file found: /data/misc/zoneinfo/current/icu/icu_tzdata.dat
07-31 16:59:54.850  9086  9086 E memtrack: Couldn't load memtrack module (No such file or directory)
07-31 16:59:54.850  9086  9086 E android.os.Debug: failed to load memtrack module: -2
07-31 16:59:54.851  9086  9086 I Radio-JNI: register_android_hardware_Radio DONE
07-31 16:59:54.857  9086  9086 D AndroidRuntime: Calling main entry com.android.commands.uiautomator.Launcher
07-31 16:59:55.866  1865  1865 D leak-183: Eastern Standard Time
07-31 16:59:55.870  9086  9086 W AccessibilityNodeInfoDumper: Fetch time: 1ms
07-31 16:59:55.870   587   599 W WindowManager: Attempted to remove non-existing token: android.os.Binder@d2e6fea
07-31 16:59:55.880  9086  9086 D AndroidRuntime: Shutting down VM
07-31 16:59:56.895  9114  9114 D AndroidRuntime: >>>>>> START com.android.internal.os.RuntimeInit uid 0 <<<<<<
07-31 16:59:56.897  9114  9114 D AndroidRuntime: CheckJNI is OFF
07-31 16:59:56.905  9114  9114 D ICU     : No timezone override file found: /data/misc/zoneinfo/current/icu/icu_tzdata.dat
07-31 16:59:56.917  9114  9114 E memtrack: Couldn't load memtrack module (No such file or directory)
07-31 16:59:56.917  9114  9114 E android.os.Debug: failed to load memtrack module: -2
07-31 16:59:56.917  9114  9114 I Radio-JNI: register_android_hardware_Radio DONE
07-31 16:59:56.924  9114  9114 D AndroidRuntime: Calling main entry com.android.commands.uiautomator.Launcher
07-31 16:59:57.941  1865  1865 D leak-183: Eastern Standard Time
07-31 16:59:57.945  9114  9114 W AccessibilityNodeInfoDumper: Fetch time: 2ms
07-31 16:59:57.945   587   748 W WindowManager: Attempted to remove non-existing token: android.os.Binder@bdb22db
07-31 16:59:57.952  9114  9114 D AndroidRuntime: Shutting down VM
07-31 16:59:58.965  9140  9140 D AndroidRuntime: >>>>>> START com.android.internal.os.RuntimeInit uid 0 <<<<<<
07-31 16:59:58.967  9140  9140 D AndroidRuntime: CheckJNI is OFF
07-31 16:59:58.978  9140  9140 D ICU     : No timezone override file found: /data/misc/zoneinfo/current/icu/icu_tzdata.dat
07-31 16:59:58.992  9140  9140 E memtrack: Couldn't load memtrack module (No such file or directory)
07-31 16:59:58.992  9140  9140 E android.os.Debug: failed to load memtrack module: -2
07-31 16:59:58.993  9140  9140 I Radio-JNI: register_android_hardware_Radio DONE
07-31 16:59:58.998  9140  9140 D AndroidRuntime: Calling main entry com.android.commands.uiautomator.Launcher
07-31 17:00:00.012  1865  1865 D leak-183: Eastern Standard Time
07-31 17:00:00.016  9140  9140 W AccessibilityNodeInfoDumper: Fetch time: 1ms
07-31 17:00:00.017   587   748 W WindowManager: Attempted to remove non-existing token: android.os.Binder@14ec178
07-31 17:00:00.024  9140  9140 D AndroidRuntime: Shutting down VM
07-31 17:00:00.449  9158  9158 D AndroidRuntime: >>>>>> START com.android.internal.os.RuntimeInit uid 0 <<<<<<
07-31 17:00:00.450  9158  9158 D AndroidRuntime: CheckJNI is OFF
07-31 17:00:00.458  9158  9158 D ICU     : No timezone override file found: /data/misc/zoneinfo/current/icu/icu_tzdata.dat
07-31 17:00:00.470  9158  9158 E memtrack: Couldn't load memtrack module (No such file or directory)
07-31 17:00:00.470  9158  9158 E android.os.Debug: failed to load memtrack module: -2
07-31 17:00:00.471  9158  9158 I Radio-JNI: register_android_hardware_Radio DONE
07-31 17:00:00.476  9158  9158 D AndroidRuntime: Calling main entry com.android.commands.uiautomator.Launcher
07-31 17:00:01.486  1865  1865 D leak-183: Eastern Standard Time
07-31 17:00:01.491  9158  9158 W AccessibilityNodeInfoDumper: Fetch time: 2ms
07-31 17:00:01.491   587  1197 W WindowManager: Attempted to remove non-existing token: android.os.Binder@b7ba0b6
07-31 17:00:01.498  9158  9158 D AndroidRuntime: Shutting down VM
07-31 17:00:01.912  9171  9171 D AndroidRuntime: >>>>>> START com.android.internal.os.RuntimeInit uid 0 <<<<<<
07-31 17:00:01.913  9171  9171 D AndroidRuntime: CheckJNI is OFF
07-31 17:00:01.924  9171  9171 D ICU     : No timezone override file found: /data/misc/zoneinfo/current/icu/icu_tzdata.dat
07-31 17:00:01.937  9171  9171 E memtrack: Couldn't load memtrack module (No such file or directory)
07-31 17:00:01.937  9171  9171 E android.os.Debug: failed to load memtrack module: -2
07-31 17:00:01.938  9171  9171 I Radio-JNI: register_android_hardware_Radio DONE
07-31 17:00:01.944  9171  9171 D AndroidRuntime: Calling main entry com.android.commands.am.Am
07-31 17:00:01.945   587  1197 I ActivityManager: Force stopping com.markuspage.android.atimetracker appid=10060 user=0: from pid 9171
07-31 17:00:01.946   587  1197 I ActivityManager: Killing 1865:com.markuspage.android.atimetracker/u0a60 (adj 0): stop com.markuspage.android.atimetracker
07-31 17:00:01.946   587  1197 W libprocessgroup: failed to open /acct/uid_10060/pid_1865/cgroup.procs: No such file or directory
07-31 17:00:01.946   587  1197 W ActivityManager: Force removing ActivityRecord{2380fac u0 com.markuspage.android.atimetracker/.Activities t4}: app died, no saved state
07-31 17:00:01.952  9171  9171 D AndroidRuntime: Shutting down VM
07-31 17:00:01.952   587   598 D GraphicsStats: Buffer count: 4
07-31 17:00:01.962  3463  3463 D WebViewTimersControl: onBrowserActivityResume
07-31 17:00:01.962  3463  3463 D WebViewTimersControl: Resuming webview timers, view=com.android.browser.BrowserWebView{aaf51e VFEDHVCL. .F...... 0,0-1200,1568}
07-31 17:00:01.992  3463  3508 W EGL_emulation: eglSurfaceAttrib not implemented
07-31 17:00:01.992  3463  3508 W OpenGLRenderer: Failed to set EGL_SWAP_BEHAVIOR on surface 0xdde38540, error=EGL_SUCCESS
07-31 17:00:02.012   587  1193 W InputMethodManagerService: Got RemoteException sending setActive(false) notification to pid 1865 uid 10060
07-31 17:00:05.180  9188  9188 D AndroidRuntime: >>>>>> START com.android.internal.os.RuntimeInit uid 0 <<<<<<
07-31 17:00:05.181  9188  9188 D AndroidRuntime: CheckJNI is OFF
07-31 17:00:05.190  9188  9188 D ICU     : No timezone override file found: /data/misc/zoneinfo/current/icu/icu_tzdata.dat
07-31 17:00:05.202  9188  9188 E memtrack: Couldn't load memtrack module (No such file or directory)
07-31 17:00:05.202  9188  9188 E android.os.Debug: failed to load memtrack module: -2
07-31 17:00:05.202  9188  9188 I Radio-JNI: register_android_hardware_Radio DONE
07-31 17:00:05.208  9188  9188 D AndroidRuntime: Calling main entry com.android.commands.pm.Pm
07-31 17:00:05.211   587   602 I ActivityManager: Force stopping com.markuspage.android.atimetracker appid=10060 user=-1: uninstall pkg
07-31 17:00:05.224   587   648 I art     : Starting a blocking GC Explicit
07-31 17:00:05.233   587   648 I art     : Explicit concurrent mark sweep GC freed 14306(944KB) AllocSpace objects, 12(252KB) LOS objects, 33% free, 5MB/8MB, paused 222us total 8.558ms
07-31 17:00:05.235   587   648 W PackageManager: Couldn't remove dex file for package:  at location /data/app/com.markuspage.android.atimetracker-1/base.apk, retcode=-1
07-31 17:00:05.237  9188  9188 I art     : System.exit called, status: 0
07-31 17:00:05.237  9188  9188 I AndroidRuntime: VM exiting with result code 0.
07-31 17:00:05.239   587   648 I ActivityManager: Force stopping com.markuspage.android.atimetracker appid=10060 user=0: pkg removed
07-31 17:00:05.254   964  1176 I LatinIME:LogUtils: Dictionary info: dictionary = main:en ; version = 54 ; date = 1414726273
07-31 17:00:05.268   898  9202 D VoicemailCleanupService: Cleaning up data for package: com.markuspage.android.atimetracker
07-31 17:00:05.272   587   587 D JobSchedulerService: Receieved: android.intent.action.PACKAGE_REMOVED
07-31 17:00:05.272   587   676 I InputReader: Reconfiguring input devices.  changes=0x00000010
07-31 17:00:05.291   587   599 I ActivityManager: Start proc 9205:com.android.keychain/1000 for broadcast com.android.keychain/.KeyChainBroadcastReceiver
07-31 17:00:05.299   998   998 D CarrierServiceBindHelper: Receive action: android.intent.action.PACKAGE_REMOVED
07-31 17:00:05.319  9205  9205 E libprocessgroup: failed to make and chown /acct/uid_1000: Read-only file system
07-31 17:00:05.319  9205  9205 W Zygote  : createProcessGroup failed, kernel missing CONFIG_CGROUP_CPUACCT?
07-31 17:00:05.338  9205  9205 W System  : ClassLoader referenced unknown path: /system/app/KeyChain/lib/x86
07-31 17:00:05.339  9205  9205 W ContextImpl: Calling a method in the system process without a qualified user: android.app.ContextImpl.startService:1221 android.content.ContextWrapper.startService:581 android.content.ContextWrapper.startService:581 com.android.keychain.KeyChainBroadcastReceiver.onReceive:12 android.app.ActivityThread.handleReceiver:2725 
07-31 17:00:05.352   587   587 I ActivityManager: Start proc 9223:com.android.documentsui/u0a33 for broadcast com.android.documentsui/.PackageReceiver
07-31 17:00:05.360   587   598 I ActivityManager: Killing 1667:com.android.camera2/u0a25 (adj 15): empty #17
07-31 17:00:05.360   587   598 W libprocessgroup: failed to open /acct/uid_10025/pid_1667/cgroup.procs: No such file or directory
07-31 17:00:05.381  9223  9223 E libprocessgroup: failed to make and chown /acct/uid_10033: Read-only file system
07-31 17:00:05.381  9223  9223 W Zygote  : createProcessGroup failed, kernel missing CONFIG_CGROUP_CPUACCT?
07-31 17:00:05.393  9223  9223 W System  : ClassLoader referenced unknown path: /system/app/DocumentsUI/lib/x86
07-31 17:00:05.423   587   748 I ActivityManager: Start proc 9237:com.android.externalstorage/u0a7 for content provider com.android.externalstorage/.ExternalStorageProvider
07-31 17:00:05.430   587  1193 I ActivityManager: Killing 1234:com.android.email/u0a34 (adj 15): empty #17
07-31 17:00:05.430   587  1193 W libprocessgroup: failed to open /acct/uid_10034/pid_1234/cgroup.procs: No such file or directory
07-31 17:00:05.449  9212  9212 D AndroidRuntime: >>>>>> START com.android.internal.os.RuntimeInit uid 0 <<<<<<
07-31 17:00:05.450  9212  9212 D AndroidRuntime: CheckJNI is OFF
07-31 17:00:05.452  9237  9237 E libprocessgroup: failed to make and chown /acct/uid_10007: Read-only file system
07-31 17:00:05.452  9237  9237 W Zygote  : createProcessGroup failed, kernel missing CONFIG_CGROUP_CPUACCT?
07-31 17:00:05.460  9212  9212 D ICU     : No timezone override file found: /data/misc/zoneinfo/current/icu/icu_tzdata.dat
07-31 17:00:05.464   587  1193 I ActivityManager: Killing 1185:com.android.exchange/u0a35 (adj 15): empty #17
07-31 17:00:05.464   587  1193 W libprocessgroup: failed to open /acct/uid_10035/pid_1185/cgroup.procs: No such file or directory
07-31 17:00:05.468  9237  9237 W System  : ClassLoader referenced unknown path: /system/priv-app/ExternalStorageProvider/lib/x86
07-31 17:00:05.470  9237  9237 D ExternalStorage: After updating volumes, found 1 active roots
07-31 17:00:05.473  9212  9212 E memtrack: Couldn't load memtrack module (No such file or directory)
07-31 17:00:05.473  9212  9212 E android.os.Debug: failed to load memtrack module: -2
07-31 17:00:05.474  9212  9212 I Radio-JNI: register_android_hardware_Radio DONE
07-31 17:00:05.478  9223  9236 D Documents: Update found 6 roots in 73ms
07-31 17:00:05.480  9223  9256 D Documents: Update found 6 roots in 8ms
07-31 17:00:05.480  9212  9212 D AndroidRuntime: Calling main entry com.android.commands.pm.Pm
07-31 17:00:05.488  1793  1805 D DefContainer: Copying /data/local/tmp/timetracker-release-unsigned_REACH.apk to base.apk
07-31 17:00:05.522   587   648 I PackageManager.DexOptimizer: Running dexopt (dex2oat) on: /data/app/vmdl405407421.tmp/base.apk pkg=com.markuspage.android.atimetracker isa=x86 vmSafeMode=false debuggable=false oatDir = /data/app/vmdl405407421.tmp/oat
07-31 17:00:05.528  9260  9260 W dex2oat : Unexpected CPU variant for X86 using defaults: x86
07-31 17:00:05.528  9260  9260 I dex2oat : Starting dex2oat.
07-31 17:00:05.528  9260  9260 E cutils-trace: Error opening trace file: Permission denied (13)
07-31 17:00:05.907  9260  9260 I dex2oat : dex2oat took 379.482ms (threads: 4) arena alloc=2MB java alloc=1610KB native alloc=8MB free=2MB
07-31 17:00:05.920   587   648 I PackageManager: New shared user com.markuspage.android.atimetracker: id=10061
07-31 17:00:05.942   587   648 V BackupManagerService: restoreAtInstall pkg=com.markuspage.android.atimetracker token=2 restoreSet=0
07-31 17:00:05.942   587   648 V BackupManagerService: Finishing install immediately
07-31 17:00:05.942   587   648 W Settings: Setting install_non_market_apps has moved from android.provider.Settings.Global to android.provider.Settings.Secure, returning read-only value.
07-31 17:00:05.942   587   648 I art     : Starting a blocking GC Explicit
07-31 17:00:05.952   587   648 I art     : Explicit concurrent mark sweep GC freed 27522(1872KB) AllocSpace objects, 14(312KB) LOS objects, 33% free, 6MB/9MB, paused 249us total 9.404ms
07-31 17:00:05.956  9212  9212 I art     : System.exit called, status: 0
07-31 17:00:05.956  9212  9212 I AndroidRuntime: VM exiting with result code 0.
07-31 17:00:05.958  9223  9267 D Documents: Update found 6 roots in 1ms
07-31 17:00:05.964   587   676 I InputReader: Reconfiguring input devices.  changes=0x00000010
07-31 17:00:05.972   998   998 D CarrierServiceBindHelper: Receive action: android.intent.action.PACKAGE_ADDED
07-31 17:00:05.973   998   998 D CarrierServiceBindHelper: mHandler: 3
07-31 17:00:05.973   998   998 D CarrierConfigLoader: mHandler: 9 phoneId: 0
07-31 17:00:05.979   587   601 W VoiceInteractionManagerService: no available voice recognition services found for user 0
07-31 17:00:06.159  9276  9276 D AndroidRuntime: >>>>>> START com.android.internal.os.RuntimeInit uid 0 <<<<<<
07-31 17:00:06.160  9276  9276 D AndroidRuntime: CheckJNI is OFF
07-31 17:00:06.171  9276  9276 D ICU     : No timezone override file found: /data/misc/zoneinfo/current/icu/icu_tzdata.dat
07-31 17:00:06.185  9276  9276 E memtrack: Couldn't load memtrack module (No such file or directory)
07-31 17:00:06.185  9276  9276 E android.os.Debug: failed to load memtrack module: -2
07-31 17:00:06.187  9276  9276 I Radio-JNI: register_android_hardware_Radio DONE
07-31 17:00:06.194  9276  9276 D AndroidRuntime: Calling main entry com.android.commands.monkey.Monkey
07-31 17:00:06.204   587   602 W BroadcastQueue: Skipping deliver [background] BroadcastRecord{267688b u-1 android.net.conn.CONNECTIVITY_CHANGE} to ReceiverList{e640d68 9276 (unknown name)/0/u-1 remote:4561e05}: process crashing
07-31 17:00:06.207   587   748 I ActivityManager: START u0 {act=android.intent.action.MAIN cat=[android.intent.category.LAUNCHER] flg=0x10200000 cmp=com.markuspage.android.atimetracker/.Activities} from uid 0 on display 0
07-31 17:00:06.212   587   748 D         : HostConnection::get() New Host Connection established 0xde0115b0, tid 748
07-31 17:00:06.252   600   600 E EGL_emulation: tid 600: eglCreateSyncKHR(1215): error 0x3004 (EGL_BAD_ATTRIBUTE)
07-31 17:00:06.315  3463  3463 D WebViewTimersControl: onBrowserActivityPause
07-31 17:00:06.315  3463  3463 D WebViewTimersControl: Pausing webview timers, view=com.android.browser.BrowserWebView{aaf51e VFEDHVCL. .F...... 0,0-1200,1568}
07-31 17:00:06.327   587  1193 I ActivityManager: Start proc 9287:com.markuspage.android.atimetracker/u0a61 for activity com.markuspage.android.atimetracker/.Activities
07-31 17:00:06.345  9276  9276 I art     : System.exit called, status: 0
07-31 17:00:06.345  9276  9276 I AndroidRuntime: VM exiting with result code 0.
07-31 17:00:06.352  9287  9287 E libprocessgroup: failed to make and chown /acct/uid_10061: Read-only file system
