07-31 16:02:39.100  6145  6145 I Input   : injectMotionEvent: MotionEvent { action=ACTION_DOWN, actionButton=0, id[0]=0, x[0]=150.0, y[0]=222.0, toolType[0]=TOOL_TYPE_UNKNOWN, buttonState=0, metaState=0, flags=0x0, edgeFlags=0x0, pointerCount=1, historySize=0, eventTime=239277, downTime=239277, deviceId=0, source=0x1002 }
07-31 16:02:39.102  6145  6145 I Input   : injectMotionEvent: MotionEvent { action=ACTION_UP, actionButton=0, id[0]=0, x[0]=150.0, y[0]=222.0, toolType[0]=TOOL_TYPE_UNKNOWN, buttonState=0, metaState=0, flags=0x0, edgeFlags=0x0, pointerCount=1, historySize=0, eventTime=239277, downTime=239277, deviceId=0, source=0x1002 }
07-31 16:02:39.103  6145  6145 D AndroidRuntime: Shutting down VM
07-31 16:02:39.342   266   661 D AudioFlinger: mixer(0xf1d80000) throttle end: throttle time(11)
07-31 16:02:43.616  6481  6481 D AndroidRuntime: >>>>>> START com.android.internal.os.RuntimeInit uid 0 <<<<<<
07-31 16:02:43.618  6481  6481 D AndroidRuntime: CheckJNI is OFF
07-31 16:02:43.628  6481  6481 D ICU     : No timezone override file found: /data/misc/zoneinfo/current/icu/icu_tzdata.dat
07-31 16:02:43.642  6481  6481 E memtrack: Couldn't load memtrack module (No such file or directory)
07-31 16:02:43.642  6481  6481 E android.os.Debug: failed to load memtrack module: -2
07-31 16:02:43.642  6481  6481 I Radio-JNI: register_android_hardware_Radio DONE
07-31 16:02:43.649  6481  6481 D AndroidRuntime: Calling main entry com.android.commands.uiautomator.Launcher
07-31 16:02:44.662  1860  1860 D leak-455: Eastern Standard Time
07-31 16:02:44.675  6481  6481 I AccessibilityNodeInfoDumper: Skipping invisible child: android.view.accessibility.AccessibilityNodeInfo@8000c1a9; boundsInParent: Rect(0, 0 - 1200, 1540); boundsInScreen: Rect(1200, 278 - 1200, 1818); packageName: com.adonai.manman; className: android.widget.FrameLayout; text: null; error: null; maxTextLength: -1; contentDescription: null; viewIdResName: com.adonai.manman:id/chapter_fragment_frame; checkable: false; checked: false; focusable: true; focused: false; selected: false; clickable: false; longClickable: false; contextClickable: false; enabled: true; password: false; scrollable: false; actions: [AccessibilityAction: ACTION_FOCUS - null, AccessibilityAction: ACTION_SELECT - null, AccessibilityAction: ACTION_CLEAR_SELECTION - null, AccessibilityAction: ACTION_ACCESSIBILITY_FOCUS - null, AccessibilityAction: ACTION_UNKNOWN - null]
07-31 16:02:44.675  6481  6481 W AccessibilityNodeInfoDumper: Fetch time: 9ms
07-31 16:02:44.676   593   738 W WindowManager: Attempted to remove non-existing token: android.os.Binder@a47af03
07-31 16:02:44.678  6481  6481 D AndroidRuntime: Shutting down VM
07-31 16:02:45.743  6504  6504 D AndroidRuntime: >>>>>> START com.android.internal.os.RuntimeInit uid 0 <<<<<<
07-31 16:02:45.745  6504  6504 D AndroidRuntime: CheckJNI is OFF
07-31 16:02:45.755  6504  6504 D ICU     : No timezone override file found: /data/misc/zoneinfo/current/icu/icu_tzdata.dat
07-31 16:02:45.769  6504  6504 E memtrack: Couldn't load memtrack module (No such file or directory)
07-31 16:02:45.769  6504  6504 E android.os.Debug: failed to load memtrack module: -2
07-31 16:02:45.769  6504  6504 I Radio-JNI: register_android_hardware_Radio DONE
07-31 16:02:45.776  6504  6504 D AndroidRuntime: Calling main entry com.android.commands.uiautomator.Launcher
07-31 16:02:46.787  1860  1860 D leak-455: Eastern Standard Time
07-31 16:02:46.801  6504  6504 I AccessibilityNodeInfoDumper: Skipping invisible child: android.view.accessibility.AccessibilityNodeInfo@8000c1af; boundsInParent: Rect(0, 0 - 1200, 1540); boundsInScreen: Rect(1200, 278 - 1200, 1818); packageName: com.adonai.manman; className: android.widget.FrameLayout; text: null; error: null; maxTextLength: -1; contentDescription: null; viewIdResName: com.adonai.manman:id/chapter_fragment_frame; checkable: false; checked: false; focusable: true; focused: false; selected: false; clickable: false; longClickable: false; contextClickable: false; enabled: true; password: false; scrollable: false; actions: [AccessibilityAction: ACTION_FOCUS - null, AccessibilityAction: ACTION_SELECT - null, AccessibilityAction: ACTION_CLEAR_SELECTION - null, AccessibilityAction: ACTION_ACCESSIBILITY_FOCUS - null, AccessibilityAction: ACTION_UNKNOWN - null]
07-31 16:02:46.801  6504  6504 W AccessibilityNodeInfoDumper: Fetch time: 10ms
07-31 16:02:46.802   593   605 W WindowManager: Attempted to remove non-existing token: android.os.Binder@72a9e80
07-31 16:02:46.805  6504  6504 D AndroidRuntime: Shutting down VM
07-31 16:02:47.263  6522  6522 D AndroidRuntime: >>>>>> START com.android.internal.os.RuntimeInit uid 0 <<<<<<
07-31 16:02:47.264  6522  6522 D AndroidRuntime: CheckJNI is OFF
07-31 16:02:47.276  6522  6522 D ICU     : No timezone override file found: /data/misc/zoneinfo/current/icu/icu_tzdata.dat
07-31 16:02:47.289  6522  6522 E memtrack: Couldn't load memtrack module (No such file or directory)
07-31 16:02:47.289  6522  6522 E android.os.Debug: failed to load memtrack module: -2
07-31 16:02:47.290  6522  6522 I Radio-JNI: register_android_hardware_Radio DONE
07-31 16:02:47.295  6522  6522 D AndroidRuntime: Calling main entry com.android.commands.uiautomator.Launcher
07-31 16:02:48.309  1860  1860 D leak-455: Eastern Standard Time
07-31 16:02:48.325  6522  6522 I AccessibilityNodeInfoDumper: Skipping invisible child: android.view.accessibility.AccessibilityNodeInfo@8000c1b7; boundsInParent: Rect(0, 0 - 1200, 1540); boundsInScreen: Rect(1200, 278 - 1200, 1818); packageName: com.adonai.manman; className: android.widget.FrameLayout; text: null; error: null; maxTextLength: -1; contentDescription: null; viewIdResName: com.adonai.manman:id/chapter_fragment_frame; checkable: false; checked: false; focusable: true; focused: false; selected: false; clickable: false; longClickable: false; contextClickable: false; enabled: true; password: false; scrollable: false; actions: [AccessibilityAction: ACTION_FOCUS - null, AccessibilityAction: ACTION_SELECT - null, AccessibilityAction: ACTION_CLEAR_SELECTION - null, AccessibilityAction: ACTION_ACCESSIBILITY_FOCUS - null, AccessibilityAction: ACTION_UNKNOWN - null]
07-31 16:02:48.326  6522  6522 W AccessibilityNodeInfoDumper: Fetch time: 13ms
07-31 16:02:48.327   593  1098 W WindowManager: Attempted to remove non-existing token: android.os.Binder@70acb9
07-31 16:02:48.330  6522  6522 D AndroidRuntime: Shutting down VM
07-31 16:02:49.401  6545  6545 D AndroidRuntime: >>>>>> START com.android.internal.os.RuntimeInit uid 0 <<<<<<
07-31 16:02:49.403  6545  6545 D AndroidRuntime: CheckJNI is OFF
07-31 16:02:49.413  6545  6545 D ICU     : No timezone override file found: /data/misc/zoneinfo/current/icu/icu_tzdata.dat
07-31 16:02:49.431  6545  6545 E memtrack: Couldn't load memtrack module (No such file or directory)
07-31 16:02:49.431  6545  6545 E android.os.Debug: failed to load memtrack module: -2
07-31 16:02:49.433  6545  6545 I Radio-JNI: register_android_hardware_Radio DONE
07-31 16:02:49.439  6545  6545 D AndroidRuntime: Calling main entry com.android.commands.uiautomator.Launcher
07-31 16:02:50.449  1860  1860 D leak-455: Eastern Standard Time
07-31 16:02:50.464  6545  6545 I AccessibilityNodeInfoDumper: Skipping invisible child: android.view.accessibility.AccessibilityNodeInfo@8000c1be; boundsInParent: Rect(0, 0 - 1200, 1540); boundsInScreen: Rect(1200, 278 - 1200, 1818); packageName: com.adonai.manman; className: android.widget.FrameLayout; text: null; error: null; maxTextLength: -1; contentDescription: null; viewIdResName: com.adonai.manman:id/chapter_fragment_frame; checkable: false; checked: false; focusable: true; focused: false; selected: false; clickable: false; longClickable: false; contextClickable: false; enabled: true; password: false; scrollable: false; actions: [AccessibilityAction: ACTION_FOCUS - null, AccessibilityAction: ACTION_SELECT - null, AccessibilityAction: ACTION_CLEAR_SELECTION - null, AccessibilityAction: ACTION_ACCESSIBILITY_FOCUS - null, AccessibilityAction: ACTION_UNKNOWN - null]
07-31 16:02:50.465  6545  6545 W AccessibilityNodeInfoDumper: Fetch time: 11ms
07-31 16:02:50.466   593  1093 W WindowManager: Attempted to remove non-existing token: android.os.Binder@4b018fe
07-31 16:02:50.469  6545  6545 D AndroidRuntime: Shutting down VM
07-31 16:02:51.535  6573  6573 D AndroidRuntime: >>>>>> START com.android.internal.os.RuntimeInit uid 0 <<<<<<
07-31 16:02:51.537  6573  6573 D AndroidRuntime: CheckJNI is OFF
07-31 16:02:51.553  6573  6573 D ICU     : No timezone override file found: /data/misc/zoneinfo/current/icu/icu_tzdata.dat
07-31 16:02:51.585  6573  6573 E memtrack: Couldn't load memtrack module (No such file or directory)
07-31 16:02:51.585  6573  6573 E android.os.Debug: failed to load memtrack module: -2
07-31 16:02:51.586  6573  6573 I Radio-JNI: register_android_hardware_Radio DONE
07-31 16:02:51.593  6573  6573 D AndroidRuntime: Calling main entry com.android.commands.uiautomator.Launcher
07-31 16:02:52.607  1860  1860 D leak-455: Eastern Standard Time
07-31 16:02:52.621  6573  6573 I AccessibilityNodeInfoDumper: Skipping invisible child: android.view.accessibility.AccessibilityNodeInfo@8000c1c5; boundsInParent: Rect(0, 0 - 1200, 1540); boundsInScreen: Rect(1200, 278 - 1200, 1818); packageName: com.adonai.manman; className: android.widget.FrameLayout; text: null; error: null; maxTextLength: -1; contentDescription: null; viewIdResName: com.adonai.manman:id/chapter_fragment_frame; checkable: false; checked: false; focusable: true; focused: false; selected: false; clickable: false; longClickable: false; contextClickable: false; enabled: true; password: false; scrollable: false; actions: [AccessibilityAction: ACTION_FOCUS - null, AccessibilityAction: ACTION_SELECT - null, AccessibilityAction: ACTION_CLEAR_SELECTION - null, AccessibilityAction: ACTION_ACCESSIBILITY_FOCUS - null, AccessibilityAction: ACTION_UNKNOWN - null]
07-31 16:02:52.621  6573  6573 W AccessibilityNodeInfoDumper: Fetch time: 10ms
07-31 16:02:52.621   593   744 W WindowManager: Attempted to remove non-existing token: android.os.Binder@bdb22ac
07-31 16:02:52.624  6573  6573 D AndroidRuntime: Shutting down VM
07-31 16:02:53.692  6600  6600 D AndroidRuntime: >>>>>> START com.android.internal.os.RuntimeInit uid 0 <<<<<<
07-31 16:02:53.695  6600  6600 D AndroidRuntime: CheckJNI is OFF
07-31 16:02:53.712  6600  6600 D ICU     : No timezone override file found: /data/misc/zoneinfo/current/icu/icu_tzdata.dat
07-31 16:02:53.732  6600  6600 E memtrack: Couldn't load memtrack module (No such file or directory)
07-31 16:02:53.732  6600  6600 E android.os.Debug: failed to load memtrack module: -2
07-31 16:02:53.734  6600  6600 I Radio-JNI: register_android_hardware_Radio DONE
07-31 16:02:53.746  6600  6600 D AndroidRuntime: Calling main entry com.android.commands.uiautomator.Launcher
07-31 16:02:54.767  1860  1860 D leak-455: Eastern Standard Time
07-31 16:02:54.780  6600  6600 I AccessibilityNodeInfoDumper: Skipping invisible child: android.view.accessibility.AccessibilityNodeInfo@8000c1cb; boundsInParent: Rect(0, 0 - 1200, 1540); boundsInScreen: Rect(1200, 278 - 1200, 1818); packageName: com.adonai.manman; className: android.widget.FrameLayout; text: null; error: null; maxTextLength: -1; contentDescription: null; viewIdResName: com.adonai.manman:id/chapter_fragment_frame; checkable: false; checked: false; focusable: true; focused: false; selected: false; clickable: false; longClickable: false; contextClickable: false; enabled: true; password: false; scrollable: false; actions: [AccessibilityAction: ACTION_FOCUS - null, AccessibilityAction: ACTION_SELECT - null, AccessibilityAction: ACTION_CLEAR_SELECTION - null, AccessibilityAction: ACTION_ACCESSIBILITY_FOCUS - null, AccessibilityAction: ACTION_UNKNOWN - null]
07-31 16:02:54.781  6600  6600 W AccessibilityNodeInfoDumper: Fetch time: 10ms
07-31 16:02:54.781   593  1098 W WindowManager: Attempted to remove non-existing token: android.os.Binder@de65b75
07-31 16:02:54.784  6600  6600 D AndroidRuntime: Shutting down VM
07-31 16:02:55.264  6618  6618 D AndroidRuntime: >>>>>> START com.android.internal.os.RuntimeInit uid 0 <<<<<<
07-31 16:02:55.265  6618  6618 D AndroidRuntime: CheckJNI is OFF
07-31 16:02:55.277  6618  6618 D ICU     : No timezone override file found: /data/misc/zoneinfo/current/icu/icu_tzdata.dat
07-31 16:02:55.298  6618  6618 E memtrack: Couldn't load memtrack module (No such file or directory)
07-31 16:02:55.298  6618  6618 E android.os.Debug: failed to load memtrack module: -2
07-31 16:02:55.300  6618  6618 I Radio-JNI: register_android_hardware_Radio DONE
07-31 16:02:55.310  6618  6618 D AndroidRuntime: Calling main entry com.android.commands.uiautomator.Launcher
07-31 16:02:56.323  1860  1860 D leak-455: Eastern Standard Time
07-31 16:02:56.336  6618  6618 I AccessibilityNodeInfoDumper: Skipping invisible child: android.view.accessibility.AccessibilityNodeInfo@8000c1d2; boundsInParent: Rect(0, 0 - 1200, 1540); boundsInScreen: Rect(1200, 278 - 1200, 1818); packageName: com.adonai.manman; className: android.widget.FrameLayout; text: null; error: null; maxTextLength: -1; contentDescription: null; viewIdResName: com.adonai.manman:id/chapter_fragment_frame; checkable: false; checked: false; focusable: true; focused: false; selected: false; clickable: false; longClickable: false; contextClickable: false; enabled: true; password: false; scrollable: false; actions: [AccessibilityAction: ACTION_FOCUS - null, AccessibilityAction: ACTION_SELECT - null, AccessibilityAction: ACTION_CLEAR_SELECTION - null, AccessibilityAction: ACTION_ACCESSIBILITY_FOCUS - null, AccessibilityAction: ACTION_UNKNOWN - null]
07-31 16:02:56.338  6618  6618 W AccessibilityNodeInfoDumper: Fetch time: 11ms
07-31 16:02:56.338   593   604 W WindowManager: Attempted to remove non-existing token: android.os.Binder@c70c70a
07-31 16:02:56.340  6618  6618 D AndroidRuntime: Shutting down VM
07-31 16:02:57.450  6641  6641 D AndroidRuntime: >>>>>> START com.android.internal.os.RuntimeInit uid 0 <<<<<<
07-31 16:02:57.452  6641  6641 D AndroidRuntime: CheckJNI is OFF
07-31 16:02:57.463  6641  6641 D ICU     : No timezone override file found: /data/misc/zoneinfo/current/icu/icu_tzdata.dat
07-31 16:02:57.479  6641  6641 E memtrack: Couldn't load memtrack module (No such file or directory)
07-31 16:02:57.479  6641  6641 E android.os.Debug: failed to load memtrack module: -2
07-31 16:02:57.480  6641  6641 I Radio-JNI: register_android_hardware_Radio DONE
07-31 16:02:57.492  6641  6641 D AndroidRuntime: Calling main entry com.android.commands.uiautomator.Launcher
07-31 16:02:58.504  1860  1860 D leak-455: Eastern Standard Time
07-31 16:02:58.516  6641  6641 I AccessibilityNodeInfoDumper: Skipping invisible child: android.view.accessibility.AccessibilityNodeInfo@8000c1dc; boundsInParent: Rect(0, 0 - 1200, 1540); boundsInScreen: Rect(1200, 278 - 1200, 1818); packageName: com.adonai.manman; className: android.widget.FrameLayout; text: null; error: null; maxTextLength: -1; contentDescription: null; viewIdResName: com.adonai.manman:id/chapter_fragment_frame; checkable: false; checked: false; focusable: true; focused: false; selected: false; clickable: false; longClickable: false; contextClickable: false; enabled: true; password: false; scrollable: false; actions: [AccessibilityAction: ACTION_FOCUS - null, AccessibilityAction: ACTION_SELECT - null, AccessibilityAction: ACTION_CLEAR_SELECTION - null, AccessibilityAction: ACTION_ACCESSIBILITY_FOCUS - null, AccessibilityAction: ACTION_UNKNOWN - null]
07-31 16:02:58.517  6641  6641 W AccessibilityNodeInfoDumper: Fetch time: 9ms
07-31 16:02:58.517   593   605 W WindowManager: Attempted to remove non-existing token: android.os.Binder@465fb7b
07-31 16:02:58.520  6641  6641 D AndroidRuntime: Shutting down VM
07-31 16:02:58.982  6659  6659 D AndroidRuntime: >>>>>> START com.android.internal.os.RuntimeInit uid 0 <<<<<<
07-31 16:02:58.984  6659  6659 D AndroidRuntime: CheckJNI is OFF
07-31 16:02:58.995  6659  6659 D ICU     : No timezone override file found: /data/misc/zoneinfo/current/icu/icu_tzdata.dat
07-31 16:02:59.010  6659  6659 E memtrack: Couldn't load memtrack module (No such file or directory)
07-31 16:02:59.010  6659  6659 E android.os.Debug: failed to load memtrack module: -2
07-31 16:02:59.011  6659  6659 I Radio-JNI: register_android_hardware_Radio DONE
07-31 16:02:59.018  6659  6659 D AndroidRuntime: Calling main entry com.android.commands.uiautomator.Launcher
07-31 16:03:00.028  1860  1860 D leak-455: Eastern Standard Time
07-31 16:03:00.053  6659  6659 I AccessibilityNodeInfoDumper: Skipping invisible child: android.view.accessibility.AccessibilityNodeInfo@8000c1e0; boundsInParent: Rect(0, 0 - 1200, 1540); boundsInScreen: Rect(1200, 278 - 1200, 1818); packageName: com.adonai.manman; className: android.widget.FrameLayout; text: null; error: null; maxTextLength: -1; contentDescription: null; viewIdResName: com.adonai.manman:id/chapter_fragment_frame; checkable: false; checked: false; focusable: true; focused: false; selected: false; clickable: false; longClickable: false; contextClickable: false; enabled: true; password: false; scrollable: false; actions: [AccessibilityAction: ACTION_FOCUS - null, AccessibilityAction: ACTION_SELECT - null, AccessibilityAction: ACTION_CLEAR_SELECTION - null, AccessibilityAction: ACTION_ACCESSIBILITY_FOCUS - null, AccessibilityAction: ACTION_UNKNOWN - null]
07-31 16:03:00.055  6659  6659 W AccessibilityNodeInfoDumper: Fetch time: 21ms
07-31 16:03:00.055   593   604 W WindowManager: Attempted to remove non-existing token: android.os.Binder@e2dbd98
07-31 16:03:00.059  6659  6659 D AndroidRuntime: Shutting down VM
07-31 16:03:01.167  6682  6682 D AndroidRuntime: >>>>>> START com.android.internal.os.RuntimeInit uid 0 <<<<<<
07-31 16:03:01.169  6682  6682 D AndroidRuntime: CheckJNI is OFF
07-31 16:03:01.184  6682  6682 D ICU     : No timezone override file found: /data/misc/zoneinfo/current/icu/icu_tzdata.dat
07-31 16:03:01.203  6682  6682 E memtrack: Couldn't load memtrack module (No such file or directory)
07-31 16:03:01.203  6682  6682 E android.os.Debug: failed to load memtrack module: -2
07-31 16:03:01.204  6682  6682 I Radio-JNI: register_android_hardware_Radio DONE
07-31 16:03:01.212  6682  6682 D AndroidRuntime: Calling main entry com.android.commands.uiautomator.Launcher
07-31 16:03:02.223  1860  1860 D leak-455: Eastern Standard Time
07-31 16:03:02.238  6682  6682 I AccessibilityNodeInfoDumper: Skipping invisible child: android.view.accessibility.AccessibilityNodeInfo@8000c1e8; boundsInParent: Rect(0, 0 - 1200, 1540); boundsInScreen: Rect(1200, 278 - 1200, 1818); packageName: com.adonai.manman; className: android.widget.FrameLayout; text: null; error: null; maxTextLength: -1; contentDescription: null; viewIdResName: com.adonai.manman:id/chapter_fragment_frame; checkable: false; checked: false; focusable: true; focused: false; selected: false; clickable: false; longClickable: false; contextClickable: false; enabled: true; password: false; scrollable: false; actions: [AccessibilityAction: ACTION_FOCUS - null, AccessibilityAction: ACTION_SELECT - null, AccessibilityAction: ACTION_CLEAR_SELECTION - null, AccessibilityAction: ACTION_ACCESSIBILITY_FOCUS - null, AccessibilityAction: ACTION_UNKNOWN - null]
07-31 16:03:02.238  6682  6682 W AccessibilityNodeInfoDumper: Fetch time: 11ms
07-31 16:03:02.239   593   744 W WindowManager: Attempted to remove non-existing token: android.os.Binder@2dc49d6
07-31 16:03:02.242  6682  6682 D AndroidRuntime: Shutting down VM
07-31 16:03:02.693  6700  6700 D AndroidRuntime: >>>>>> START com.android.internal.os.RuntimeInit uid 0 <<<<<<
07-31 16:03:02.694  6700  6700 D AndroidRuntime: CheckJNI is OFF
07-31 16:03:02.705  6700  6700 D ICU     : No timezone override file found: /data/misc/zoneinfo/current/icu/icu_tzdata.dat
07-31 16:03:02.737  6700  6700 E memtrack: Couldn't load memtrack module (No such file or directory)
07-31 16:03:02.737  6700  6700 E android.os.Debug: failed to load memtrack module: -2
07-31 16:03:02.738  6700  6700 I Radio-JNI: register_android_hardware_Radio DONE
07-31 16:03:02.744  6700  6700 D AndroidRuntime: Calling main entry com.android.commands.uiautomator.Launcher
07-31 16:03:03.756  1860  1860 D leak-455: Eastern Standard Time
07-31 16:03:03.771  6700  6700 I AccessibilityNodeInfoDumper: Skipping invisible child: android.view.accessibility.AccessibilityNodeInfo@8000c1ef; boundsInParent: Rect(0, 0 - 1200, 1540); boundsInScreen: Rect(1200, 278 - 1200, 1818); packageName: com.adonai.manman; className: android.widget.FrameLayout; text: null; error: null; maxTextLength: -1; contentDescription: null; viewIdResName: com.adonai.manman:id/chapter_fragment_frame; checkable: false; checked: false; focusable: true; focused: false; selected: false; clickable: false; longClickable: false; contextClickable: false; enabled: true; password: false; scrollable: false; actions: [AccessibilityAction: ACTION_FOCUS - null, AccessibilityAction: ACTION_SELECT - null, AccessibilityAction: ACTION_CLEAR_SELECTION - null, AccessibilityAction: ACTION_ACCESSIBILITY_FOCUS - null, AccessibilityAction: ACTION_UNKNOWN - null]
07-31 16:03:03.772  6700  6700 W AccessibilityNodeInfoDumper: Fetch time: 12ms
07-31 16:03:03.773   593   738 W WindowManager: Attempted to remove non-existing token: android.os.Binder@7ced457
07-31 16:03:03.775  6700  6700 D AndroidRuntime: Shutting down VM
07-31 16:03:04.178  6713  6713 D AndroidRuntime: >>>>>> START com.android.internal.os.RuntimeInit uid 0 <<<<<<
07-31 16:03:04.180  6713  6713 D AndroidRuntime: CheckJNI is OFF
07-31 16:03:04.189  6713  6713 D ICU     : No timezone override file found: /data/misc/zoneinfo/current/icu/icu_tzdata.dat
07-31 16:03:04.202  6713  6713 E memtrack: Couldn't load memtrack module (No such file or directory)
07-31 16:03:04.202  6713  6713 E android.os.Debug: failed to load memtrack module: -2
07-31 16:03:04.203  6713  6713 I Radio-JNI: register_android_hardware_Radio DONE
07-31 16:03:04.209  6713  6713 D AndroidRuntime: Calling main entry com.android.commands.input.Input
07-31 16:03:04.210  6713  6713 I Input   : injectMotionEvent: MotionEvent { action=ACTION_DOWN, actionButton=0, id[0]=0, x[0]=640.0, y[0]=322.0, toolType[0]=TOOL_TYPE_UNKNOWN, buttonState=0, metaState=0, flags=0x0, edgeFlags=0x0, pointerCount=1, historySize=0, eventTime=264387, downTime=264387, deviceId=0, source=0x1002 }
07-31 16:03:04.212  6713  6713 I Input   : injectMotionEvent: MotionEvent { action=ACTION_UP, actionButton=0, id[0]=0, x[0]=640.0, y[0]=322.0, toolType[0]=TOOL_TYPE_UNKNOWN, buttonState=0, metaState=0, flags=0x0, edgeFlags=0x0, pointerCount=1, historySize=0, eventTime=264387, downTime=264387, deviceId=0, source=0x1002 }
07-31 16:03:04.214  6713  6713 D AndroidRuntime: Shutting down VM
07-31 16:03:04.216   932   932 I LatinIME: Starting input. Cursor position = 0,0
07-31 16:03:04.256  1860  1860 D leak-455: Eastern Standard Time
07-31 16:03:04.256  1860  1860 D leak-455: Eastern Standard Time
07-31 16:03:04.256  1860  1860 D leak-457: Eastern Standard Time
07-31 16:03:04.289  1860  1860 D leak-455: Eastern Standard Time
07-31 16:03:04.300   932  2180 W EGL_emulation: eglSurfaceAttrib not implemented
07-31 16:03:04.300   932  2180 W OpenGLRenderer: Failed to set EGL_SWAP_BEHAVIOR on surface 0xf2bb13e0, error=EGL_SUCCESS
07-31 16:03:04.339  1860  1860 D leak-455: Eastern Standard Time
07-31 16:03:04.339  1860  1860 D leak-455: Eastern Standard Time
07-31 16:03:04.339  1860  1860 D leak-457: Eastern Standard Time
07-31 16:03:04.342  1860  1860 D leak-455: Eastern Standard Time
07-31 16:03:04.342  1860  1860 D leak-455: Eastern Standard Time
07-31 16:03:04.342  1860  1860 D leak-457: Eastern Standard Time
07-31 16:03:04.343  1860  1860 D leak-184: Eastern Standard Time
07-31 16:03:04.343  1860  1860 D leak-184: Eastern Standard Time
07-31 16:03:04.343  1860  1860 D leak-184: Eastern Standard Time
07-31 16:03:04.343  1860  1860 D leak-184: Eastern Standard Time
07-31 16:03:04.344  1860  1860 D leak-184: Eastern Standard Time
07-31 16:03:04.344  1860  1860 D leak-184: Eastern Standard Time
07-31 16:03:04.344  1860  1860 D leak-184: Eastern Standard Time
07-31 16:03:04.344  1860  1860 D leak-184: Eastern Standard Time
07-31 16:03:04.345  1860  1860 D leak-455: Eastern Standard Time
07-31 16:03:04.624  6724  6724 D AndroidRuntime: >>>>>> START com.android.internal.os.RuntimeInit uid 0 <<<<<<
07-31 16:03:04.625  6724  6724 D AndroidRuntime: CheckJNI is OFF
07-31 16:03:04.636  6724  6724 D ICU     : No timezone override file found: /data/misc/zoneinfo/current/icu/icu_tzdata.dat
07-31 16:03:04.649  6724  6724 E memtrack: Couldn't load memtrack module (No such file or directory)
07-31 16:03:04.649  6724  6724 E android.os.Debug: failed to load memtrack module: -2
07-31 16:03:04.651  6724  6724 I Radio-JNI: register_android_hardware_Radio DONE
07-31 16:03:04.657  6724  6724 D AndroidRuntime: Calling main entry com.android.commands.input.Input
07-31 16:03:04.657  6724  6724 I Input   : injectKeyEvent: KeyEvent { action=ACTION_DOWN, keyCode=KEYCODE_ESCAPE, scanCode=0, metaState=0, flags=0x0, repeatCount=0, eventTime=264835, downTime=264835, deviceId=-1, source=0x101 }
07-31 16:03:04.660  6724  6724 I Input   : injectKeyEvent: KeyEvent { action=ACTION_UP, keyCode=KEYCODE_ESCAPE, scanCode=0, metaState=0, flags=0x0, repeatCount=0, eventTime=264835, downTime=264835, deviceId=-1, source=0x101 }
07-31 16:03:04.662  6724  6724 D AndroidRuntime: Shutting down VM
07-31 16:03:04.674   932  2180 E Surface : getSlotFromBufferLocked: unknown buffer: 0xf2bea2d0
07-31 16:03:04.707  1860  1860 D leak-455: Eastern Standard Time
07-31 16:03:04.707  1860  1860 D leak-455: Eastern Standard Time
07-31 16:03:04.707  1860  1860 D leak-457: Eastern Standard Time
07-31 16:03:04.709  1860  1860 D leak-455: Eastern Standard Time
07-31 16:03:04.709  1860  1860 D leak-455: Eastern Standard Time
07-31 16:03:04.709  1860  1860 D leak-457: Eastern Standard Time
07-31 16:03:04.710  1860  1860 D leak-184: Eastern Standard Time
07-31 16:03:04.710  1860  1860 D leak-184: Eastern Standard Time
07-31 16:03:04.710  1860  1860 D leak-184: Eastern Standard Time
07-31 16:03:04.710  1860  1860 D leak-184: Eastern Standard Time
07-31 16:03:04.710  1860  1860 D leak-184: Eastern Standard Time
07-31 16:03:04.710  1860  1860 D leak-184: Eastern Standard Time
07-31 16:03:04.710  1860  1860 D leak-184: Eastern Standard Time
07-31 16:03:04.710  1860  1860 D leak-184: Eastern Standard Time
07-31 16:03:04.710  1860  1860 D leak-184: Eastern Standard Time
07-31 16:03:04.710  1860  1860 D leak-184: Eastern Standard Time
07-31 16:03:04.710  1860  1860 D leak-184: Eastern Standard Time
07-31 16:03:04.710  1860  1860 D leak-184: Eastern Standard Time
07-31 16:03:04.711  1860  1860 D leak-455: Eastern Standard Time
07-31 16:03:05.577  6737  6737 D AndroidRuntime: >>>>>> START com.android.internal.os.RuntimeInit uid 0 <<<<<<
07-31 16:03:05.578  6737  6737 D AndroidRuntime: CheckJNI is OFF
07-31 16:03:05.588  6737  6737 D ICU     : No timezone override file found: /data/misc/zoneinfo/current/icu/icu_tzdata.dat
07-31 16:03:05.599  6737  6737 E memtrack: Couldn't load memtrack module (No such file or directory)
07-31 16:03:05.599  6737  6737 E android.os.Debug: failed to load memtrack module: -2
07-31 16:03:05.600  6737  6737 I Radio-JNI: register_android_hardware_Radio DONE
07-31 16:03:05.606  6737  6737 D AndroidRuntime: Calling main entry com.android.commands.input.Input
07-31 16:03:05.606  6737  6737 I Input   : injectKeyEvent: KeyEvent { action=ACTION_DOWN, keyCode=KEYCODE_MOVE_END, scanCode=0, metaState=0, flags=0x0, repeatCount=0, eventTime=265784, downTime=265784, deviceId=-1, source=0x101 }
07-31 16:03:05.608  6737  6737 I Input   : injectKeyEvent: KeyEvent { action=ACTION_UP, keyCode=KEYCODE_MOVE_END, scanCode=0, metaState=0, flags=0x0, repeatCount=0, eventTime=265784, downTime=265784, deviceId=-1, source=0x101 }
07-31 16:03:05.609  6737  6737 D AndroidRuntime: Shutting down VM
07-31 16:03:05.975  6746  6746 D AndroidRuntime: >>>>>> START com.android.internal.os.RuntimeInit uid 0 <<<<<<
07-31 16:03:05.977  6746  6746 D AndroidRuntime: CheckJNI is OFF
07-31 16:03:05.987  6746  6746 D ICU     : No timezone override file found: /data/misc/zoneinfo/current/icu/icu_tzdata.dat
07-31 16:03:05.999  6746  6746 E memtrack: Couldn't load memtrack module (No such file or directory)
07-31 16:03:05.999  6746  6746 E android.os.Debug: failed to load memtrack module: -2
07-31 16:03:06.000  6746  6746 I Radio-JNI: register_android_hardware_Radio DONE
07-31 16:03:06.007  6746  6746 D AndroidRuntime: Calling main entry com.android.commands.input.Input
07-31 16:03:06.007  6746  6746 I Input   : injectKeyEvent: KeyEvent { action=ACTION_DOWN, keyCode=KEYCODE_DEL, scanCode=0, metaState=0, flags=0x0, repeatCount=0, eventTime=266185, downTime=266185, deviceId=-1, source=0x101 }
07-31 16:03:06.010  6746  6746 I Input   : injectKeyEvent: KeyEvent { action=ACTION_UP, keyCode=KEYCODE_DEL, scanCode=0, metaState=0, flags=0x0, repeatCount=0, eventTime=266185, downTime=266185, deviceId=-1, source=0x101 }
07-31 16:03:06.011  6746  6746 I Input   : injectKeyEvent: KeyEvent { action=ACTION_DOWN, keyCode=KEYCODE_DEL, scanCode=0, metaState=0, flags=0x0, repeatCount=0, eventTime=266189, downTime=266189, deviceId=-1, source=0x101 }
07-31 16:03:06.012  6746  6746 I Input   : injectKeyEvent: KeyEvent { action=ACTION_UP, keyCode=KEYCODE_DEL, scanCode=0, metaState=0, flags=0x0, repeatCount=0, eventTime=266189, downTime=266189, deviceId=-1, source=0x101 }
07-31 16:03:06.013  6746  6746 I Input   : injectKeyEvent: KeyEvent { action=ACTION_DOWN, keyCode=KEYCODE_DEL, scanCode=0, metaState=0, flags=0x0, repeatCount=0, eventTime=266191, downTime=266191, deviceId=-1, source=0x101 }
07-31 16:03:06.014  6746  6746 I Input   : injectKeyEvent: KeyEvent { action=ACTION_UP, keyCode=KEYCODE_DEL, scanCode=0, metaState=0, flags=0x0, repeatCount=0, eventTime=266191, downTime=266191, deviceId=-1, source=0x101 }
07-31 16:03:06.015  6746  6746 I Input   : injectKeyEvent: KeyEvent { action=ACTION_DOWN, keyCode=KEYCODE_DEL, scanCode=0, metaState=0, flags=0x0, repeatCount=0, eventTime=266193, downTime=266193, deviceId=-1, source=0x101 }
07-31 16:03:06.016  6746  6746 I Input   : injectKeyEvent: KeyEvent { action=ACTION_UP, keyCode=KEYCODE_DEL, scanCode=0, metaState=0, flags=0x0, repeatCount=0, eventTime=266193, downTime=266193, deviceId=-1, source=0x101 }
07-31 16:03:06.018  6746  6746 I Input   : injectKeyEvent: KeyEvent { action=ACTION_DOWN, keyCode=KEYCODE_DEL, scanCode=0, metaState=0, flags=0x0, repeatCount=0, eventTime=266196, downTime=266196, deviceId=-1, source=0x101 }
07-31 16:03:06.019  6746  6746 I Input   : injectKeyEvent: KeyEvent { action=ACTION_UP, keyCode=KEYCODE_DEL, scanCode=0, metaState=0, flags=0x0, repeatCount=0, eventTime=266196, downTime=266196, deviceId=-1, source=0x101 }
07-31 16:03:06.020  6746  6746 I Input   : injectKeyEvent: KeyEvent { action=ACTION_DOWN, keyCode=KEYCODE_DEL, scanCode=0, metaState=0, flags=0x0, repeatCount=0, eventTime=266198, downTime=266198, deviceId=-1, source=0x101 }
07-31 16:03:06.020  6746  6746 I Input   : injectKeyEvent: KeyEvent { action=ACTION_UP, keyCode=KEYCODE_DEL, scanCode=0, metaState=0, flags=0x0, repeatCount=0, eventTime=266198, downTime=266198, deviceId=-1, source=0x101 }
07-31 16:03:06.022  6746  6746 I Input   : injectKeyEvent: KeyEvent { action=ACTION_DOWN, keyCode=KEYCODE_DEL, scanCode=0, metaState=0, flags=0x0, repeatCount=0, eventTime=266200, downTime=266200, deviceId=-1, source=0x101 }
07-31 16:03:06.023  6746  6746 I Input   : injectKeyEvent: KeyEvent { action=ACTION_UP, keyCode=KEYCODE_DEL, scanCode=0, metaState=0, flags=0x0, repeatCount=0, eventTime=266200, downTime=266200, deviceId=-1, source=0x101 }
07-31 16:03:06.023  6746  6746 I Input   : injectKeyEvent: KeyEvent { action=ACTION_DOWN, keyCode=KEYCODE_DEL, scanCode=0, metaState=0, flags=0x0, repeatCount=0, eventTime=266202, downTime=266202, deviceId=-1, source=0x101 }
07-31 16:03:06.025  6746  6746 I Input   : injectKeyEvent: KeyEvent { action=ACTION_UP, keyCode=KEYCODE_DEL, scanCode=0, metaState=0, flags=0x0, repeatCount=0, eventTime=266202, downTime=266202, deviceId=-1, source=0x101 }
07-31 16:03:06.026  6746  6746 I Input   : injectKeyEvent: KeyEvent { action=ACTION_DOWN, keyCode=KEYCODE_DEL, scanCode=0, metaState=0, flags=0x0, repeatCount=0, eventTime=266204, downTime=266204, deviceId=-1, source=0x101 }
07-31 16:03:06.027  6746  6746 I Input   : injectKeyEvent: KeyEvent { action=ACTION_UP, keyCode=KEYCODE_DEL, scanCode=0, metaState=0, flags=0x0, repeatCount=0, eventTime=266204, downTime=266204, deviceId=-1, source=0x101 }
07-31 16:03:06.028  6746  6746 I Input   : injectKeyEvent: KeyEvent { action=ACTION_DOWN, keyCode=KEYCODE_DEL, scanCode=0, metaState=0, flags=0x0, repeatCount=0, eventTime=266206, downTime=266206, deviceId=-1, source=0x101 }
07-31 16:03:06.028  6746  6746 I Input   : injectKeyEvent: KeyEvent { action=ACTION_UP, keyCode=KEYCODE_DEL, scanCode=0, metaState=0, flags=0x0, repeatCount=0, eventTime=266206, downTime=266206, deviceId=-1, source=0x101 }
07-31 16:03:06.029  6746  6746 I Input   : injectKeyEvent: KeyEvent { action=ACTION_DOWN, keyCode=KEYCODE_DEL, scanCode=0, metaState=0, flags=0x0, repeatCount=0, eventTime=266207, downTime=266207, deviceId=-1, source=0x101 }
07-31 16:03:06.031  6746  6746 I Input   : injectKeyEvent: KeyEvent { action=ACTION_UP, keyCode=KEYCODE_DEL, scanCode=0, metaState=0, flags=0x0, repeatCount=0, eventTime=266207, downTime=266207, deviceId=-1, source=0x101 }
07-31 16:03:06.032  6746  6746 I Input   : injectKeyEvent: KeyEvent { action=ACTION_DOWN, keyCode=KEYCODE_DEL, scanCode=0, metaState=0, flags=0x0, repeatCount=0, eventTime=266210, downTime=266210, deviceId=-1, source=0x101 }
07-31 16:03:06.033  6746  6746 I Input   : injectKeyEvent: KeyEvent { action=ACTION_UP, keyCode=KEYCODE_DEL, scanCode=0, metaState=0, flags=0x0, repeatCount=0, eventTime=266210, downTime=266210, deviceId=-1, source=0x101 }
07-31 16:03:06.034  6746  6746 I Input   : injectKeyEvent: KeyEvent { action=ACTION_DOWN, keyCode=KEYCODE_DEL, scanCode=0, metaState=0, flags=0x0, repeatCount=0, eventTime=266212, downTime=266212, deviceId=-1, source=0x101 }
07-31 16:03:06.037  6746  6746 I Input   : injectKeyEvent: KeyEvent { action=ACTION_UP, keyCode=KEYCODE_DEL, scanCode=0, metaState=0, flags=0x0, repeatCount=0, eventTime=266212, downTime=266212, deviceId=-1, source=0x101 }
07-31 16:03:06.038  6746  6746 I Input   : injectKeyEvent: KeyEvent { action=ACTION_DOWN, keyCode=KEYCODE_DEL, scanCode=0, metaState=0, flags=0x0, repeatCount=0, eventTime=266216, downTime=266216, deviceId=-1, source=0x101 }
07-31 16:03:06.039  6746  6746 I Input   : injectKeyEvent: KeyEvent { action=ACTION_UP, keyCode=KEYCODE_DEL, scanCode=0, metaState=0, flags=0x0, repeatCount=0, eventTime=266216, downTime=266216, deviceId=-1, source=0x101 }
07-31 16:03:06.040  6746  6746 I Input   : injectKeyEvent: KeyEvent { action=ACTION_DOWN, keyCode=KEYCODE_DEL, scanCode=0, metaState=0, flags=0x0, repeatCount=0, eventTime=266218, downTime=266218, deviceId=-1, source=0x101 }
07-31 16:03:06.041  6746  6746 I Input   : injectKeyEvent: KeyEvent { action=ACTION_UP, keyCode=KEYCODE_DEL, scanCode=0, metaState=0, flags=0x0, repeatCount=0, eventTime=266218, downTime=266218, deviceId=-1, source=0x101 }
07-31 16:03:06.041  6746  6746 I Input   : injectKeyEvent: KeyEvent { action=ACTION_DOWN, keyCode=KEYCODE_DEL, scanCode=0, metaState=0, flags=0x0, repeatCount=0, eventTime=266219, downTime=266219, deviceId=-1, source=0x101 }
07-31 16:03:06.042  6746  6746 I Input   : injectKeyEvent: KeyEvent { action=ACTION_UP, keyCode=KEYCODE_DEL, scanCode=0, metaState=0, flags=0x0, repeatCount=0, eventTime=266219, downTime=266219, deviceId=-1, source=0x101 }
07-31 16:03:06.044  6746  6746 I Input   : injectKeyEvent: KeyEvent { action=ACTION_DOWN, keyCode=KEYCODE_DEL, scanCode=0, metaState=0, flags=0x0, repeatCount=0, eventTime=266222, downTime=266222, deviceId=-1, source=0x101 }
07-31 16:03:06.045  6746  6746 I Input   : injectKeyEvent: KeyEvent { action=ACTION_UP, keyCode=KEYCODE_DEL, scanCode=0, metaState=0, flags=0x0, repeatCount=0, eventTime=266222, downTime=266222, deviceId=-1, source=0x101 }
07-31 16:03:06.045  6746  6746 I Input   : injectKeyEvent: KeyEvent { action=ACTION_DOWN, keyCode=KEYCODE_DEL, scanCode=0, metaState=0, flags=0x0, repeatCount=0, eventTime=266223, downTime=266223, deviceId=-1, source=0x101 }
07-31 16:03:06.046  6746  6746 I Input   : injectKeyEvent: KeyEvent { action=ACTION_UP, keyCode=KEYCODE_DEL, scanCode=0, metaState=0, flags=0x0, repeatCount=0, eventTime=266223, downTime=266223, deviceId=-1, source=0x101 }
07-31 16:03:06.047  6746  6746 I Input   : injectKeyEvent: KeyEvent { action=ACTION_DOWN, keyCode=KEYCODE_DEL, scanCode=0, metaState=0, flags=0x0, repeatCount=0, eventTime=266225, downTime=266225, deviceId=-1, source=0x101 }
07-31 16:03:06.048  6746  6746 I Input   : injectKeyEvent: KeyEvent { action=ACTION_UP, keyCode=KEYCODE_DEL, scanCode=0, metaState=0, flags=0x0, repeatCount=0, eventTime=266225, downTime=266225, deviceId=-1, source=0x101 }
07-31 16:03:06.048  6746  6746 I Input   : injectKeyEvent: KeyEvent { action=ACTION_DOWN, keyCode=KEYCODE_DEL, scanCode=0, metaState=0, flags=0x0, repeatCount=0, eventTime=266226, downTime=266226, deviceId=-1, source=0x101 }
07-31 16:03:06.050  6746  6746 I Input   : injectKeyEvent: KeyEvent { action=ACTION_UP, keyCode=KEYCODE_DEL, scanCode=0, metaState=0, flags=0x0, repeatCount=0, eventTime=266226, downTime=266226, deviceId=-1, source=0x101 }
07-31 16:03:06.050  6746  6746 I Input   : injectKeyEvent: KeyEvent { action=ACTION_DOWN, keyCode=KEYCODE_DEL, scanCode=0, metaState=0, flags=0x0, repeatCount=0, eventTime=266228, downTime=266228, deviceId=-1, source=0x101 }
07-31 16:03:06.051  6746  6746 I Input   : injectKeyEvent: KeyEvent { action=ACTION_UP, keyCode=KEYCODE_DEL, scanCode=0, metaState=0, flags=0x0, repeatCount=0, eventTime=266228, downTime=266228, deviceId=-1, source=0x101 }
07-31 16:03:06.052  6746  6746 I Input   : injectKeyEvent: KeyEvent { action=ACTION_DOWN, keyCode=KEYCODE_DEL, scanCode=0, metaState=0, flags=0x0, repeatCount=0, eventTime=266230, downTime=266230, deviceId=-1, source=0x101 }
07-31 16:03:06.052  6746  6746 I Input   : injectKeyEvent: KeyEvent { action=ACTION_UP, keyCode=KEYCODE_DEL, scanCode=0, metaState=0, flags=0x0, repeatCount=0, eventTime=266230, downTime=266230, deviceId=-1, source=0x101 }
07-31 16:03:06.053  6746  6746 I Input   : injectKeyEvent: KeyEvent { action=ACTION_DOWN, keyCode=KEYCODE_DEL, scanCode=0, metaState=0, flags=0x0, repeatCount=0, eventTime=266231, downTime=266231, deviceId=-1, source=0x101 }
07-31 16:03:06.054  6746  6746 I Input   : injectKeyEvent: KeyEvent { action=ACTION_UP, keyCode=KEYCODE_DEL, scanCode=0, metaState=0, flags=0x0, repeatCount=0, eventTime=266231, downTime=266231, deviceId=-1, source=0x101 }
07-31 16:03:06.054  6746  6746 I Input   : injectKeyEvent: KeyEvent { action=ACTION_DOWN, keyCode=KEYCODE_DEL, scanCode=0, metaState=0, flags=0x0, repeatCount=0, eventTime=266232, downTime=266232, deviceId=-1, source=0x101 }
07-31 16:03:06.055  6746  6746 I Input   : injectKeyEvent: KeyEvent { action=ACTION_UP, keyCode=KEYCODE_DEL, scanCode=0, metaState=0, flags=0x0, repeatCount=0, eventTime=266232, downTime=266232, deviceId=-1, source=0x101 }
07-31 16:03:06.056  6746  6746 I Input   : injectKeyEvent: KeyEvent { action=ACTION_DOWN, keyCode=KEYCODE_DEL, scanCode=0, metaState=0, flags=0x0, repeatCount=0, eventTime=266234, downTime=266234, deviceId=-1, source=0x101 }
07-31 16:03:06.056  6746  6746 I Input   : injectKeyEvent: KeyEvent { action=ACTION_UP, keyCode=KEYCODE_DEL, scanCode=0, metaState=0, flags=0x0, repeatCount=0, eventTime=266234, downTime=266234, deviceId=-1, source=0x101 }
07-31 16:03:06.057  6746  6746 I Input   : injectKeyEvent: KeyEvent { action=ACTION_DOWN, keyCode=KEYCODE_DEL, scanCode=0, metaState=0, flags=0x0, repeatCount=0, eventTime=266235, downTime=266235, deviceId=-1, source=0x101 }
07-31 16:03:06.058  6746  6746 I Input   : injectKeyEvent: KeyEvent { action=ACTION_UP, keyCode=KEYCODE_DEL, scanCode=0, metaState=0, flags=0x0, repeatCount=0, eventTime=266235, downTime=266235, deviceId=-1, source=0x101 }
07-31 16:03:06.058  6746  6746 I Input   : injectKeyEvent: KeyEvent { action=ACTION_DOWN, keyCode=KEYCODE_DEL, scanCode=0, metaState=0, flags=0x0, repeatCount=0, eventTime=266236, downTime=266236, deviceId=-1, source=0x101 }
07-31 16:03:06.059  6746  6746 I Input   : injectKeyEvent: KeyEvent { action=ACTION_UP, keyCode=KEYCODE_DEL, scanCode=0, metaState=0, flags=0x0, repeatCount=0, eventTime=266236, downTime=266236, deviceId=-1, source=0x101 }
07-31 16:03:06.059  6746  6746 I Input   : injectKeyEvent: KeyEvent { action=ACTION_DOWN, keyCode=KEYCODE_DEL, scanCode=0, metaState=0, flags=0x0, repeatCount=0, eventTime=266237, downTime=266237, deviceId=-1, source=0x101 }
07-31 16:03:06.060  6746  6746 I Input   : injectKeyEvent: KeyEvent { action=ACTION_UP, keyCode=KEYCODE_DEL, scanCode=0, metaState=0, flags=0x0, repeatCount=0, eventTime=266237, downTime=266237, deviceId=-1, source=0x101 }
07-31 16:03:06.061  6746  6746 I Input   : injectKeyEvent: KeyEvent { action=ACTION_DOWN, keyCode=KEYCODE_DEL, scanCode=0, metaState=0, flags=0x0, repeatCount=0, eventTime=266239, downTime=266239, deviceId=-1, source=0x101 }
07-31 16:03:06.062  6746  6746 I Input   : injectKeyEvent: KeyEvent { action=ACTION_UP, keyCode=KEYCODE_DEL, scanCode=0, metaState=0, flags=0x0, repeatCount=0, eventTime=266239, downTime=266239, deviceId=-1, source=0x101 }
07-31 16:03:06.062  6746  6746 I Input   : injectKeyEvent: KeyEvent { action=ACTION_DOWN, keyCode=KEYCODE_DEL, scanCode=0, metaState=0, flags=0x0, repeatCount=0, eventTime=266240, downTime=266240, deviceId=-1, source=0x101 }
07-31 16:03:06.063  6746  6746 I Input   : injectKeyEvent: KeyEvent { action=ACTION_UP, keyCode=KEYCODE_DEL, scanCode=0, metaState=0, flags=0x0, repeatCount=0, eventTime=266240, downTime=266240, deviceId=-1, source=0x101 }
07-31 16:03:06.064  6746  6746 I Input   : injectKeyEvent: KeyEvent { action=ACTION_DOWN, keyCode=KEYCODE_DEL, scanCode=0, metaState=0, flags=0x0, repeatCount=0, eventTime=266242, downTime=266242, deviceId=-1, source=0x101 }
07-31 16:03:06.064  6746  6746 I Input   : injectKeyEvent: KeyEvent { action=ACTION_UP, keyCode=KEYCODE_DEL, scanCode=0, metaState=0, flags=0x0, repeatCount=0, eventTime=266242, downTime=266242, deviceId=-1, source=0x101 }
07-31 16:03:06.065  6746  6746 I Input   : injectKeyEvent: KeyEvent { action=ACTION_DOWN, keyCode=KEYCODE_DEL, scanCode=0, metaState=0, flags=0x0, repeatCount=0, eventTime=266243, downTime=266243, deviceId=-1, source=0x101 }
07-31 16:03:06.066  6746  6746 I Input   : injectKeyEvent: KeyEvent { action=ACTION_UP, keyCode=KEYCODE_DEL, scanCode=0, metaState=0, flags=0x0, repeatCount=0, eventTime=266243, downTime=266243, deviceId=-1, source=0x101 }
07-31 16:03:06.067  6746  6746 I Input   : injectKeyEvent: KeyEvent { action=ACTION_DOWN, keyCode=KEYCODE_DEL, scanCode=0, metaState=0, flags=0x0, repeatCount=0, eventTime=266245, downTime=266245, deviceId=-1, source=0x101 }
07-31 16:03:06.068  6746  6746 I Input   : injectKeyEvent: KeyEvent { action=ACTION_UP, keyCode=KEYCODE_DEL, scanCode=0, metaState=0, flags=0x0, repeatCount=0, eventTime=266245, downTime=266245, deviceId=-1, source=0x101 }
07-31 16:03:06.069  6746  6746 I Input   : injectKeyEvent: KeyEvent { action=ACTION_DOWN, keyCode=KEYCODE_DEL, scanCode=0, metaState=0, flags=0x0, repeatCount=0, eventTime=266247, downTime=266247, deviceId=-1, source=0x101 }
07-31 16:03:06.069  6746  6746 I Input   : injectKeyEvent: KeyEvent { action=ACTION_UP, keyCode=KEYCODE_DEL, scanCode=0, metaState=0, flags=0x0, repeatCount=0, eventTime=266247, downTime=266247, deviceId=-1, source=0x101 }
07-31 16:03:06.070  6746  6746 I Input   : injectKeyEvent: KeyEvent { action=ACTION_DOWN, keyCode=KEYCODE_DEL, scanCode=0, metaState=0, flags=0x0, repeatCount=0, eventTime=266248, downTime=266248, deviceId=-1, source=0x101 }
07-31 16:03:06.071  6746  6746 I Input   : injectKeyEvent: KeyEvent { action=ACTION_UP, keyCode=KEYCODE_DEL, scanCode=0, metaState=0, flags=0x0, repeatCount=0, eventTime=266248, downTime=266248, deviceId=-1, source=0x101 }
07-31 16:03:06.071  6746  6746 I Input   : injectKeyEvent: KeyEvent { action=ACTION_DOWN, keyCode=KEYCODE_DEL, scanCode=0, metaState=0, flags=0x0, repeatCount=0, eventTime=266249, downTime=266249, deviceId=-1, source=0x101 }
07-31 16:03:06.072  6746  6746 I Input   : injectKeyEvent: KeyEvent { action=ACTION_UP, keyCode=KEYCODE_DEL, scanCode=0, metaState=0, flags=0x0, repeatCount=0, eventTime=266249, downTime=266249, deviceId=-1, source=0x101 }
07-31 16:03:06.073  6746  6746 I Input   : injectKeyEvent: KeyEvent { action=ACTION_DOWN, keyCode=KEYCODE_DEL, scanCode=0, metaState=0, flags=0x0, repeatCount=0, eventTime=266251, downTime=266251, deviceId=-1, source=0x101 }
07-31 16:03:06.073  6746  6746 I Input   : injectKeyEvent: KeyEvent { action=ACTION_UP, keyCode=KEYCODE_DEL, scanCode=0, metaState=0, flags=0x0, repeatCount=0, eventTime=266251, downTime=266251, deviceId=-1, source=0x101 }
07-31 16:03:06.074  6746  6746 I Input   : injectKeyEvent: KeyEvent { action=ACTION_DOWN, keyCode=KEYCODE_DEL, scanCode=0, metaState=0, flags=0x0, repeatCount=0, eventTime=266252, downTime=266252, deviceId=-1, source=0x101 }
07-31 16:03:06.075  6746  6746 I Input   : injectKeyEvent: KeyEvent { action=ACTION_UP, keyCode=KEYCODE_DEL, scanCode=0, metaState=0, flags=0x0, repeatCount=0, eventTime=266252, downTime=266252, deviceId=-1, source=0x101 }
07-31 16:03:06.075  6746  6746 I Input   : injectKeyEvent: KeyEvent { action=ACTION_DOWN, keyCode=KEYCODE_DEL, scanCode=0, metaState=0, flags=0x0, repeatCount=0, eventTime=266253, downTime=266253, deviceId=-1, source=0x101 }
07-31 16:03:06.076  6746  6746 I Input   : injectKeyEvent: KeyEvent { action=ACTION_UP, keyCode=KEYCODE_DEL, scanCode=0, metaState=0, flags=0x0, repeatCount=0, eventTime=266253, downTime=266253, deviceId=-1, source=0x101 }
07-31 16:03:06.077  6746  6746 I Input   : injectKeyEvent: KeyEvent { action=ACTION_DOWN, keyCode=KEYCODE_DEL, scanCode=0, metaState=0, flags=0x0, repeatCount=0, eventTime=266255, downTime=266255, deviceId=-1, source=0x101 }
07-31 16:03:06.078  6746  6746 I Input   : injectKeyEvent: KeyEvent { action=ACTION_UP, keyCode=KEYCODE_DEL, scanCode=0, metaState=0, flags=0x0, repeatCount=0, eventTime=266255, downTime=266255, deviceId=-1, source=0x101 }
07-31 16:03:06.079  6746  6746 I Input   : injectKeyEvent: KeyEvent { action=ACTION_DOWN, keyCode=KEYCODE_DEL, scanCode=0, metaState=0, flags=0x0, repeatCount=0, eventTime=266257, downTime=266257, deviceId=-1, source=0x101 }
07-31 16:03:06.079  6746  6746 I Input   : injectKeyEvent: KeyEvent { action=ACTION_UP, keyCode=KEYCODE_DEL, scanCode=0, metaState=0, flags=0x0, repeatCount=0, eventTime=266257, downTime=266257, deviceId=-1, source=0x101 }
07-31 16:03:06.080  6746  6746 I Input   : injectKeyEvent: KeyEvent { action=ACTION_DOWN, keyCode=KEYCODE_DEL, scanCode=0, metaState=0, flags=0x0, repeatCount=0, eventTime=266258, downTime=266258, deviceId=-1, source=0x101 }
07-31 16:03:06.080  6746  6746 I Input   : injectKeyEvent: KeyEvent { action=ACTION_UP, keyCode=KEYCODE_DEL, scanCode=0, metaState=0, flags=0x0, repeatCount=0, eventTime=266258, downTime=266258, deviceId=-1, source=0x101 }
07-31 16:03:06.081  6746  6746 I Input   : injectKeyEvent: KeyEvent { action=ACTION_DOWN, keyCode=KEYCODE_DEL, scanCode=0, metaState=0, flags=0x0, repeatCount=0, eventTime=266259, downTime=266259, deviceId=-1, source=0x101 }
07-31 16:03:06.082  6746  6746 I Input   : injectKeyEvent: KeyEvent { action=ACTION_UP, keyCode=KEYCODE_DEL, scanCode=0, metaState=0, flags=0x0, repeatCount=0, eventTime=266259, downTime=266259, deviceId=-1, source=0x101 }
07-31 16:03:06.083  6746  6746 I Input   : injectKeyEvent: KeyEvent { action=ACTION_DOWN, keyCode=KEYCODE_DEL, scanCode=0, metaState=0, flags=0x0, repeatCount=0, eventTime=266261, downTime=266261, deviceId=-1, source=0x101 }
07-31 16:03:06.084  6746  6746 I Input   : injectKeyEvent: KeyEvent { action=ACTION_UP, keyCode=KEYCODE_DEL, scanCode=0, metaState=0, flags=0x0, repeatCount=0, eventTime=266261, downTime=266261, deviceId=-1, source=0x101 }
07-31 16:03:06.084  6746  6746 I Input   : injectKeyEvent: KeyEvent { action=ACTION_DOWN, keyCode=KEYCODE_DEL, scanCode=0, metaState=0, flags=0x0, repeatCount=0, eventTime=266262, downTime=266262, deviceId=-1, source=0x101 }
07-31 16:03:06.085  6746  6746 I Input   : injectKeyEvent: KeyEvent { action=ACTION_UP, keyCode=KEYCODE_DEL, scanCode=0, metaState=0, flags=0x0, repeatCount=0, eventTime=266262, downTime=266262, deviceId=-1, source=0x101 }
07-31 16:03:06.086  6746  6746 I Input   : injectKeyEvent: KeyEvent { action=ACTION_DOWN, keyCode=KEYCODE_DEL, scanCode=0, metaState=0, flags=0x0, repeatCount=0, eventTime=266264, downTime=266264, deviceId=-1, source=0x101 }
07-31 16:03:06.087  6746  6746 I Input   : injectKeyEvent: KeyEvent { action=ACTION_UP, keyCode=KEYCODE_DEL, scanCode=0, metaState=0, flags=0x0, repeatCount=0, eventTime=266264, downTime=266264, deviceId=-1, source=0x101 }
07-31 16:03:06.088  6746  6746 I Input   : injectKeyEvent: KeyEvent { action=ACTION_DOWN, keyCode=KEYCODE_DEL, scanCode=0, metaState=0, flags=0x0, repeatCount=0, eventTime=266266, downTime=266266, deviceId=-1, source=0x101 }
07-31 16:03:06.089  6746  6746 I Input   : injectKeyEvent: KeyEvent { action=ACTION_UP, keyCode=KEYCODE_DEL, scanCode=0, metaState=0, flags=0x0, repeatCount=0, eventTime=266266, downTime=266266, deviceId=-1, source=0x101 }
