--------- beginning of main
07-31 14:23:48.676  2628  2628 D AndroidRuntime: >>>>>> START com.android.internal.os.RuntimeInit uid 0 <<<<<<
07-31 14:23:48.678  2628  2628 D AndroidRuntime: CheckJNI is OFF
07-31 14:23:48.687  2628  2628 D ICU     : No timezone override file found: /data/misc/zoneinfo/current/icu/icu_tzdata.dat
07-31 14:23:48.697  2628  2628 E memtrack: Couldn't load memtrack module (No such file or directory)
07-31 14:23:48.697  2628  2628 E android.os.Debug: failed to load memtrack module: -2
07-31 14:23:48.697  2628  2628 I Radio-JNI: register_android_hardware_Radio DONE
07-31 14:23:48.703  2628  2628 D AndroidRuntime: Calling main entry com.android.commands.pm.Pm
07-31 14:23:48.705  1655  2069 I PackageManager: Package doesn't exist in get block uninstall com.oF2pks.kalturadeviceinfos
--------- beginning of system
07-31 14:23:48.706  1655  1712 W PackageManager: Package named 'com.oF2pks.kalturadeviceinfos' doesn't exist.
07-31 14:23:48.706  1655  1712 I art     : Starting a blocking GC Explicit
07-31 14:23:48.713  1655  1712 I art     : Explicit concurrent mark sweep GC freed 9533(675KB) AllocSpace objects, 10(364KB) LOS objects, 33% free, 5MB/8MB, paused 205us total 7.510ms
07-31 14:23:48.714  2628  2628 E Pm      : Failure details: Bundle[{android.content.pm.extra.STATUS=1, android.content.pm.extra.PACKAGE_NAME=com.oF2pks.kalturadeviceinfos, android.content.pm.extra.LEGACY_STATUS=-1, android.content.pm.extra.STATUS_MESSAGE=DELETE_FAILED_INTERNAL_ERROR}]
07-31 14:23:48.715  2628  2628 I art     : System.exit called, status: 1
07-31 14:23:48.715  2628  2628 I AndroidRuntime: VM exiting with result code 1.
07-31 14:23:48.872  2641  2641 D AndroidRuntime: >>>>>> START com.android.internal.os.RuntimeInit uid 0 <<<<<<
07-31 14:23:48.874  2641  2641 D AndroidRuntime: CheckJNI is OFF
07-31 14:23:48.883  2641  2641 D ICU     : No timezone override file found: /data/misc/zoneinfo/current/icu/icu_tzdata.dat
07-31 14:23:48.892  2641  2641 E memtrack: Couldn't load memtrack module (No such file or directory)
07-31 14:23:48.892  2641  2641 E android.os.Debug: failed to load memtrack module: -2
07-31 14:23:48.893  2641  2641 I Radio-JNI: register_android_hardware_Radio DONE
07-31 14:23:48.899  2641  2641 D AndroidRuntime: Calling main entry com.android.commands.pm.Pm
07-31 14:23:48.912  1655  1712 I ActivityManager: Start proc 2649:com.android.defcontainer/u0a4 for service com.android.defcontainer/.DefaultContainerService
07-31 14:23:48.964  2649  2649 E libprocessgroup: failed to make and chown /acct/uid_10004: Read-only file system
07-31 14:23:48.964  2649  2649 W Zygote  : createProcessGroup failed, kernel missing CONFIG_CGROUP_CPUACCT?
07-31 14:23:48.971  1655  1688 I UsageStatsService: User[0] Flushing usage stats to disk
07-31 14:23:48.978  1655  1688 I UsageStatsDatabase: Time changed by +2s781ms. files deleted: 0 files moved: 5
07-31 14:23:48.981  2649  2660 D DefContainer: Copying /data/local/tmp/kaltura-release-unsigned_REACH.apk to base.apk
07-31 14:23:48.984  1655  1688 I UsageStatsService: User[0] Rollover scheduled @ 2019-07-31 20:00:00(1564617600000)
07-31 14:23:49.054  1655  1712 I PackageManager.DexOptimizer: Running dexopt (dex2oat) on: /data/app/vmdl616027306.tmp/base.apk pkg=com.oF2pks.kalturadeviceinfos isa=x86 vmSafeMode=false debuggable=false oatDir = /data/app/vmdl616027306.tmp/oat
07-31 14:23:49.089  2663  2663 W dex2oat : Unexpected CPU variant for X86 using defaults: x86
07-31 14:23:49.092  2663  2663 I dex2oat : Starting dex2oat.
07-31 14:23:49.092  2663  2663 E cutils-trace: Error opening trace file: Permission denied (13)
07-31 14:23:49.176  2663  2666 W dex2oat : Before Android 4.1, method int android.support.v7.widget.DropDownListView.lookForSelectablePosition(int, boolean) would have incorrectly overridden the package-private method in android.widget.ListView
07-31 14:23:49.187  2663  2663 W dex2oat : Before Android 4.1, method int android.support.v7.widget.MenuPopupWindow$MenuDropDownListView.lookForSelectablePosition(int, boolean) would have incorrectly overridden the package-private method in android.widget.ListView
07-31 14:23:49.188  2663  2666 W dex2oat : Before Android 4.1, method android.graphics.PorterDuffColorFilter android.support.graphics.drawable.VectorDrawableCompat.updateTintFilter(android.graphics.PorterDuffColorFilter, android.content.res.ColorStateList, android.graphics.PorterDuff$Mode) would have incorrectly overridden the package-private method in android.graphics.drawable.Drawable
07-31 14:23:49.983  2663  2663 I dex2oat : dex2oat took 893.627ms (threads: 4) arena alloc=10MB java alloc=3MB native alloc=22MB free=5MB
07-31 14:23:50.034  1655  1712 W PackageManager: Unknown permission com.google.android.providers.gsf.permission.READ_GSERVICES in package com.oF2pks.kalturadeviceinfos
07-31 14:23:50.044  1655  1712 V BackupManagerService: restoreAtInstall pkg=com.oF2pks.kalturadeviceinfos token=1 restoreSet=0
07-31 14:23:50.044  1655  1712 V BackupManagerService: Finishing install immediately
07-31 14:23:50.044  1655  1712 W Settings: Setting install_non_market_apps has moved from android.provider.Settings.Global to android.provider.Settings.Secure, returning read-only value.
07-31 14:23:50.044  1655  1712 I art     : Starting a blocking GC Explicit
07-31 14:23:50.052  1655  1712 I art     : Explicit concurrent mark sweep GC freed 21053(1252KB) AllocSpace objects, 5(132KB) LOS objects, 33% free, 5MB/8MB, paused 216us total 7.624ms
07-31 14:23:50.054  2641  2641 I art     : System.exit called, status: 0
07-31 14:23:50.054  2641  2641 I AndroidRuntime: VM exiting with result code 0.
07-31 14:23:50.057  1655  1769 I InputReader: Reconfiguring input devices.  changes=0x00000010
07-31 14:23:50.065  1655  2069 I ActivityManager: Start proc 2669:com.android.musicfx/u0a10 for broadcast com.android.musicfx/.Compatibility$Receiver
07-31 14:23:50.071  2022  2022 D CarrierServiceBindHelper: Receive action: android.intent.action.PACKAGE_ADDED
07-31 14:23:50.072  2022  2022 D CarrierServiceBindHelper: mHandler: 3
07-31 14:23:50.072  2022  2022 D CarrierConfigLoader: mHandler: 9 phoneId: 0
07-31 14:23:50.074  1655  1688 W VoiceInteractionManagerService: no available voice recognition services found for user 0
07-31 14:23:50.093  2669  2669 E libprocessgroup: failed to make and chown /acct/uid_10010: Read-only file system
07-31 14:23:50.093  2669  2669 W Zygote  : createProcessGroup failed, kernel missing CONFIG_CGROUP_CPUACCT?
07-31 14:23:50.112  2669  2669 W System  : ClassLoader referenced unknown path: /system/priv-app/MusicFX/lib/x86
07-31 14:23:50.125  1655  2086 I ActivityManager: Start proc 2691:com.android.gallery3d/u0a37 for broadcast com.android.gallery3d/.app.PackagesMonitor
07-31 14:23:50.126  1655  1686 I ActivityManager: Killing 2336:com.android.quicksearchbox/u0a53 (adj 15): empty #17
07-31 14:23:50.126  1655  1686 W libprocessgroup: failed to open /acct/uid_10053/pid_2336/cgroup.procs: No such file or directory
07-31 14:23:50.165  2691  2691 E libprocessgroup: failed to make and chown /acct/uid_10037: Read-only file system
07-31 14:23:50.165  2691  2691 W Zygote  : createProcessGroup failed, kernel missing CONFIG_CGROUP_CPUACCT?
07-31 14:23:50.230  1655  2086 I ActivityManager: Start proc 2707:com.svox.pico/u0a50 for broadcast com.svox.pico/.VoiceDataInstallerReceiver
07-31 14:23:50.233  1655  2069 I ActivityManager: Killing 2356:com.android.settings/1000 (adj 15): empty #17
07-31 14:23:50.233  1655  2069 W libprocessgroup: failed to open /acct/uid_1000/pid_2356/cgroup.procs: No such file or directory
07-31 14:23:50.253  2707  2707 E libprocessgroup: failed to make and chown /acct/uid_10050: Read-only file system
07-31 14:23:50.253  2707  2707 W Zygote  : createProcessGroup failed, kernel missing CONFIG_CGROUP_CPUACCT?
07-31 14:23:50.259  2688  2688 D AndroidRuntime: >>>>>> START com.android.internal.os.RuntimeInit uid 0 <<<<<<
07-31 14:23:50.260  2688  2688 D AndroidRuntime: CheckJNI is OFF
07-31 14:23:50.270  2688  2688 D ICU     : No timezone override file found: /data/misc/zoneinfo/current/icu/icu_tzdata.dat
07-31 14:23:50.281  2688  2688 E memtrack: Couldn't load memtrack module (No such file or directory)
07-31 14:23:50.281  2688  2688 E android.os.Debug: failed to load memtrack module: -2
07-31 14:23:50.282  1655  1684 I ActivityManager: Start proc 2721:com.android.quicksearchbox/u0a53 for broadcast com.android.quicksearchbox/.SearchWidgetProvider
07-31 14:23:50.282  1655  1684 I ActivityManager: Killing 2416:com.android.keychain/1000 (adj 15): empty #17
07-31 14:23:50.282  1655  1684 W libprocessgroup: failed to open /acct/uid_1000/pid_2416/cgroup.procs: No such file or directory
07-31 14:23:50.283  2688  2688 I Radio-JNI: register_android_hardware_Radio DONE
07-31 14:23:50.288  2688  2688 D AndroidRuntime: Calling main entry com.android.commands.monkey.Monkey
07-31 14:23:50.295  1655  1690 W BroadcastQueue: Skipping deliver [background] BroadcastRecord{f89e809 u-1 android.net.conn.CONNECTIVITY_CHANGE} to ReceiverList{260ba0e 2688 (unknown name)/0/u-1 remote:bf085d3}: process crashing
07-31 14:23:50.299  1655  2070 I ActivityManager: START u0 {act=android.intent.action.MAIN cat=[android.intent.category.LAUNCHER] flg=0x10200000 cmp=com.oF2pks.kalturadeviceinfos/.MainActivity} from uid 0 on display 0
07-31 14:23:50.306  2721  2721 E libprocessgroup: failed to make and chown /acct/uid_10053: Read-only file system
07-31 14:23:50.306  2721  2721 W Zygote  : createProcessGroup failed, kernel missing CONFIG_CGROUP_CPUACCT?
07-31 14:23:50.318  1655  2086 I ActivityManager: Start proc 2738:com.oF2pks.kalturadeviceinfos/u0a60 for activity com.oF2pks.kalturadeviceinfos/.MainActivity
07-31 14:23:50.334  1655  1691 D Sensors : batch handle 1, but there is no batch sensor in genymotion
07-31 14:23:50.337  2688  2688 I art     : System.exit called, status: 0
07-31 14:23:50.337  2688  2688 I AndroidRuntime: VM exiting with result code 0.
07-31 14:23:50.343  2721  2721 W System  : ClassLoader referenced unknown path: /system/app/QuickSearchBox/lib/x86
07-31 14:23:50.345  2738  2738 E libprocessgroup: failed to make and chown /acct/uid_10060: Read-only file system
07-31 14:23:50.345  2738  2738 W Zygote  : createProcessGroup failed, kernel missing CONFIG_CGROUP_CPUACCT?
07-31 14:23:50.347  1655  1863 I ActivityManager: Killing 2432:com.android.dialer/u0a5 (adj 15): empty #17
07-31 14:23:50.347  1655  1863 W libprocessgroup: failed to open /acct/uid_10005/pid_2432/cgroup.procs: No such file or directory
07-31 14:23:50.378  2738  2738 W System  : ClassLoader referenced unknown path: /data/app/com.oF2pks.kalturadeviceinfos-1/lib/x86
07-31 14:23:50.381  2738  2738 D leak-104: Eastern Standard Time
07-31 14:23:50.390  2738  2738 W art     : Before Android 4.1, method android.graphics.PorterDuffColorFilter android.support.graphics.drawable.VectorDrawableCompat.updateTintFilter(android.graphics.PorterDuffColorFilter, android.content.res.ColorStateList, android.graphics.PorterDuff$Mode) would have incorrectly overridden the package-private method in android.graphics.drawable.Drawable
07-31 14:23:50.396  2738  2738 D leak-106: Eastern Standard Time
07-31 14:23:50.446  2738  2738 D leak-123: Eastern Standard Time
07-31 14:23:50.446  2738  2738 D leak-107: Eastern Standard Time
07-31 14:23:50.453  2738  2756 D leak-124: Eastern Standard Time
07-31 14:23:50.460  2738  2757 D OpenGLRenderer: Use EGL_SWAP_BEHAVIOR_PRESERVED: true
07-31 14:23:50.482  2738  2738 D         : HostConnection::get() New Host Connection established 0xe9bdf890, tid 2738
07-31 14:23:50.484  2738  2756 D leak-65 : Eastern Standard Time
07-31 14:23:50.484  2738  2756 D leak-1  : Eastern Standard Time
07-31 14:23:50.484  2738  2756 D leak-2  : Eastern Standard Time
07-31 14:23:50.484  2738  2756 D leak-0  : Eastern Standard Time
07-31 14:23:50.485  2738  2756 D leak-5  : Eastern Standard Time
07-31 14:23:50.485  2738  2756 D leak-6  : Eastern Standard Time
07-31 14:23:50.485  2738  2756 D leak-7  : Eastern Standard Time
07-31 14:23:50.486  2738  2756 D leak-42 : Eastern Standard Time
07-31 14:23:50.487  2738  2756 D leak-39 : Eastern Standard Time
07-31 14:23:50.487  2738  2756 D leak-152: Eastern Standard Time
07-31 14:23:50.487  2738  2756 D leak-153: Eastern Standard Time
07-31 14:23:50.498  2738  2756 D leak-154: Eastern Standard Time
07-31 14:23:50.498  2738  2756 D leak-40 : Eastern Standard Time
07-31 14:23:50.498  2738  2756 D leak-48 : Eastern Standard Time
07-31 14:23:50.498  2738  2756 D leak-67 : Eastern Standard Time
07-31 14:23:50.498  2738  2756 D leak-68 : Eastern Standard Time
07-31 14:23:50.498  2738  2756 D leak-70 : Eastern Standard Time
07-31 14:23:50.503  1426  1763 E Drm     : Failed to find drm plugin
07-31 14:23:50.504  2738  2756 D leak-71 : Eastern Standard Time
07-31 14:23:50.504  2738  2756 D leak-49 : Eastern Standard Time
07-31 14:23:50.517  2738  2756 D leak-53 : Eastern Standard Time
07-31 14:23:50.517  2738  2756 D leak-50 : Eastern Standard Time
07-31 14:23:50.517  2738  2756 D leak-86 : Eastern Standard Time
07-31 14:23:50.517  2738  2756 D leak-144: Eastern Standard Time
07-31 14:23:50.518  2738  2756 D leak-145: Eastern Standard Time
07-31 14:23:50.518  2738  2756 D leak-144: Eastern Standard Time
07-31 14:23:50.518  2738  2756 D leak-145: Eastern Standard Time
07-31 14:23:50.519  2738  2756 D leak-88 : Eastern Standard Time
07-31 14:23:50.519  2738  2756 D leak-144: Eastern Standard Time
07-31 14:23:50.519  2738  2756 D leak-145: Eastern Standard Time
07-31 14:23:50.519  2738  2756 D leak-144: Eastern Standard Time
07-31 14:23:50.519  2738  2756 D leak-145: Eastern Standard Time
07-31 14:23:50.520  2738  2756 D leak-144: Eastern Standard Time
07-31 14:23:50.520  2738  2756 D leak-145: Eastern Standard Time
07-31 14:23:50.520  2738  2756 D leak-96 : Eastern Standard Time
07-31 14:23:50.520  2738  2756 D leak-97 : Eastern Standard Time
07-31 14:23:50.536  2738  2756 D leak-98 : Eastern Standard Time
07-31 14:23:50.536  2738  2756 D leak-96 : Eastern Standard Time
07-31 14:23:50.536  2738  2756 D leak-97 : Eastern Standard Time
07-31 14:23:50.545  2738  2756 D leak-98 : Eastern Standard Time
07-31 14:23:50.545  2738  2756 D leak-89 : Eastern Standard Time
07-31 14:23:50.545  2738  2756 D leak-100: Eastern Standard Time
07-31 14:23:50.545  2738  2756 D leak-101: Eastern Standard Time
07-31 14:23:50.550  2738  2757 D libEGL  : loaded /system/lib/egl/libEGL_emulation.so
07-31 14:23:50.550  2738  2757 D libEGL  : loaded /system/lib/egl/libGLESv1_CM_emulation.so
07-31 14:23:50.553  2738  2757 D libEGL  : loaded /system/lib/egl/libGLESv2_emulation.so
07-31 14:23:50.556  2738  2756 D leak-102: Eastern Standard Time
07-31 14:23:50.556  2738  2756 D leak-102: Eastern Standard Time
07-31 14:23:50.556  2738  2756 D leak-102: Eastern Standard Time
07-31 14:23:50.556  2738  2756 D leak-102: Eastern Standard Time
07-31 14:23:50.556  2738  2756 D leak-102: Eastern Standard Time
07-31 14:23:50.556  2738  2756 D leak-102: Eastern Standard Time
07-31 14:23:50.556  2738  2756 D leak-102: Eastern Standard Time
07-31 14:23:50.556  2738  2756 D leak-102: Eastern Standard Time
07-31 14:23:50.556  2738  2756 D leak-102: Eastern Standard Time
07-31 14:23:50.556  2738  2756 D leak-102: Eastern Standard Time
07-31 14:23:50.556  2738  2756 D leak-102: Eastern Standard Time
07-31 14:23:50.556  2738  2756 D leak-102: Eastern Standard Time
07-31 14:23:50.556  2738  2756 D leak-102: Eastern Standard Time
07-31 14:23:50.556  2738  2756 D leak-102: Eastern Standard Time
07-31 14:23:50.556  2738  2756 D leak-102: Eastern Standard Time
07-31 14:23:50.556  2738  2756 D leak-102: Eastern Standard Time
07-31 14:23:50.556  2738  2756 D leak-102: Eastern Standard Time
07-31 14:23:50.556  2738  2756 D leak-102: Eastern Standard Time
07-31 14:23:50.556  2738  2756 D leak-102: Eastern Standard Time
07-31 14:23:50.556  2738  2756 D leak-102: Eastern Standard Time
07-31 14:23:50.556  2738  2756 D leak-102: Eastern Standard Time
07-31 14:23:50.556  2738  2756 D leak-102: Eastern Standard Time
07-31 14:23:50.556  2738  2756 D leak-102: Eastern Standard Time
07-31 14:23:50.556  2738  2756 D leak-102: Eastern Standard Time
07-31 14:23:50.556  2738  2756 D leak-102: Eastern Standard Time
07-31 14:23:50.556  2738  2756 D leak-102: Eastern Standard Time
07-31 14:23:50.556  2738  2756 D leak-102: Eastern Standard Time
07-31 14:23:50.556  2738  2756 D leak-102: Eastern Standard Time
07-31 14:23:50.556  2738  2756 D leak-102: Eastern Standard Time
07-31 14:23:50.556  2738  2756 D leak-102: Eastern Standard Time
07-31 14:23:50.556  2738  2756 D leak-102: Eastern Standard Time
07-31 14:23:50.556  2738  2756 D leak-102: Eastern Standard Time
07-31 14:23:50.556  2738  2756 D leak-102: Eastern Standard Time
07-31 14:23:50.556  2738  2756 D leak-102: Eastern Standard Time
07-31 14:23:50.556  2738  2756 D leak-102: Eastern Standard Time
07-31 14:23:50.556  2738  2756 D leak-102: Eastern Standard Time
07-31 14:23:50.556  2738  2756 D leak-102: Eastern Standard Time
07-31 14:23:50.556  2738  2756 D leak-102: Eastern Standard Time
07-31 14:23:50.556  2738  2756 D leak-102: Eastern Standard Time
07-31 14:23:50.556  2738  2756 D leak-102: Eastern Standard Time
07-31 14:23:50.556  2738  2756 D leak-102: Eastern Standard Time
07-31 14:23:50.556  2738  2756 D leak-102: Eastern Standard Time
07-31 14:23:50.556  2738  2756 D leak-102: Eastern Standard Time
07-31 14:23:50.556  2738  2756 D leak-102: Eastern Standard Time
07-31 14:23:50.556  2738  2756 D leak-102: Eastern Standard Time
07-31 14:23:50.556  2738  2756 D leak-102: Eastern Standard Time
07-31 14:23:50.556  2738  2756 D leak-102: Eastern Standard Time
07-31 14:23:50.556  2738  2756 D leak-102: Eastern Standard Time
07-31 14:23:50.556  2738  2756 D leak-102: Eastern Standard Time
07-31 14:23:50.556  2738  2756 D leak-102: Eastern Standard Time
07-31 14:23:50.556  2738  2756 D leak-102: Eastern Standard Time
07-31 14:23:50.556  2738  2756 D leak-102: Eastern Standard Time
07-31 14:23:50.556  2738  2756 D leak-102: Eastern Standard Time
07-31 14:23:50.556  2738  2756 D leak-102: Eastern Standard Time
07-31 14:23:50.556  2738  2756 D leak-102: Eastern Standard Time
07-31 14:23:50.556  2738  2756 D leak-102: Eastern Standard Time
07-31 14:23:50.556  2738  2756 D leak-102: Eastern Standard Time
07-31 14:23:50.556  2738  2756 D leak-102: Eastern Standard Time
07-31 14:23:50.556  2738  2756 D leak-102: Eastern Standard Time
07-31 14:23:50.556  2738  2756 D leak-102: Eastern Standard Time
07-31 14:23:50.556  2738  2756 D leak-102: Eastern Standard Time
07-31 14:23:50.556  2738  2756 D leak-102: Eastern Standard Time
07-31 14:23:50.558  2738  2756 D leak-102: Eastern Standard Time
07-31 14:23:50.558  2738  2756 D leak-102: Eastern Standard Time
07-31 14:23:50.558  2738  2756 D leak-102: Eastern Standard Time
07-31 14:23:50.558  2738  2756 D leak-102: Eastern Standard Time
07-31 14:23:50.558  2738  2756 D leak-102: Eastern Standard Time
07-31 14:23:50.558  2738  2756 D leak-102: Eastern Standard Time
07-31 14:23:50.558  2738  2756 D leak-102: Eastern Standard Time
07-31 14:23:50.558  2738  2756 D leak-102: Eastern Standard Time
07-31 14:23:50.558  2738  2756 D leak-102: Eastern Standard Time
07-31 14:23:50.558  2738  2756 D leak-102: Eastern Standard Time
07-31 14:23:50.558  2738  2756 D leak-102: Eastern Standard Time
07-31 14:23:50.558  2738  2756 D leak-102: Eastern Standard Time
07-31 14:23:50.558  2738  2756 D leak-102: Eastern Standard Time
07-31 14:23:50.558  2738  2756 D leak-102: Eastern Standard Time
07-31 14:23:50.558  2738  2756 D leak-102: Eastern Standard Time
07-31 14:23:50.558  2738  2756 D leak-102: Eastern Standard Time
07-31 14:23:50.558  2738  2756 D leak-102: Eastern Standard Time
07-31 14:23:50.558  2738  2756 D leak-102: Eastern Standard Time
07-31 14:23:50.558  2738  2756 D leak-102: Eastern Standard Time
07-31 14:23:50.558  2738  2756 D leak-102: Eastern Standard Time
07-31 14:23:50.558  2738  2756 D leak-102: Eastern Standard Time
07-31 14:23:50.558  2738  2756 D leak-102: Eastern Standard Time
07-31 14:23:50.558  2738  2756 D leak-102: Eastern Standard Time
07-31 14:23:50.558  2738  2756 D leak-102: Eastern Standard Time
07-31 14:23:50.558  2738  2756 D leak-102: Eastern Standard Time
07-31 14:23:50.558  2738  2756 D leak-102: Eastern Standard Time
07-31 14:23:50.558  2738  2756 D leak-102: Eastern Standard Time
07-31 14:23:50.558  2738  2756 D leak-102: Eastern Standard Time
07-31 14:23:50.558  2738  2756 D leak-102: Eastern Standard Time
07-31 14:23:50.558  2738  2756 D leak-102: Eastern Standard Time
07-31 14:23:50.558  2738  2756 D leak-102: Eastern Standard Time
07-31 14:23:50.558  2738  2756 D leak-102: Eastern Standard Time
07-31 14:23:50.558  2738  2756 D leak-102: Eastern Standard Time
07-31 14:23:50.558  2738  2756 D leak-102: Eastern Standard Time
07-31 14:23:50.558  2738  2756 D leak-102: Eastern Standard Time
07-31 14:23:50.558  2738  2756 D leak-102: Eastern Standard Time
07-31 14:23:50.558  2738  2756 D leak-102: Eastern Standard Time
07-31 14:23:50.558  2738  2756 D leak-102: Eastern Standard Time
07-31 14:23:50.559  2738  2756 D leak-102: Eastern Standard Time
07-31 14:23:50.559  2738  2756 D leak-102: Eastern Standard Time
07-31 14:23:50.559  2738  2756 D leak-102: Eastern Standard Time
07-31 14:23:50.559  2738  2756 D leak-102: Eastern Standard Time
07-31 14:23:50.559  2738  2756 D leak-144: Eastern Standard Time
07-31 14:23:50.559  2738  2756 D leak-145: Eastern Standard Time
07-31 14:23:50.559  2738  2756 D leak-152: Eastern Standard Time
07-31 14:23:50.559  2738  2756 D leak-153: Eastern Standard Time
07-31 14:23:50.573  2738  2756 D leak-154: Eastern Standard Time
07-31 14:23:50.575  2738  2756 D leak-144: Eastern Standard Time
07-31 14:23:50.575  2738  2756 D leak-145: Eastern Standard Time
07-31 14:23:50.577  2738  2756 D leak-144: Eastern Standard Time
07-31 14:23:50.577  2738  2756 D leak-145: Eastern Standard Time
07-31 14:23:50.577  2738  2757 D         : HostConnection::get() New Host Connection established 0xe9bdfbe0, tid 2757
07-31 14:23:50.578  2738  2756 D leak-43 : Eastern Standard Time
07-31 14:23:50.578  2738  2756 D leak-144: Eastern Standard Time
07-31 14:23:50.578  2738  2756 D leak-145: Eastern Standard Time
07-31 14:23:50.579  2738  2756 D leak-44 : Eastern Standard Time
07-31 14:23:50.579  2738  2756 D leak-47 : Eastern Standard Time
07-31 14:23:50.580  2738  2756 D leak-58 : Eastern Standard Time
07-31 14:23:50.580  2738  2756 D leak-59 : Eastern Standard Time
07-31 14:23:50.581  2738  2756 W AudioCapabilities: Unsupported mime audio/x-ms-wma
07-31 14:23:50.583  2738  2756 W AudioCapabilities: Unsupported mime audio/vnd.rn-realaudio
07-31 14:23:50.585  2738  2756 W AudioCapabilities: Unsupported mime audio/mpeg-L2
07-31 14:23:50.586  2738  2756 W AudioCapabilities: Unsupported mime audio/ac3
07-31 14:23:50.587  2738  2756 W AudioCapabilities: Unsupported mime audio/x-ape
07-31 14:23:50.588  2738  2756 W AudioCapabilities: Unsupported mime audio/vnd.dts
07-31 14:23:50.589  2738  2757 I OpenGLRenderer: Initialized EGL, version 1.4
07-31 14:23:50.590  2738  2756 W AudioCapabilities: Unsupported mime audio/x-pcm
07-31 14:23:50.591  2738  2756 W AudioCapabilities: Unsupported mime audio/ffmpeg
07-31 14:23:50.594  2738  2756 W VideoCapabilities: Unsupported mime video/x-ms-wmv
07-31 14:23:50.596  2738  2756 W VideoCapabilities: Unsupported mime video/vnd.rn-realvideo
07-31 14:23:50.597  2738  2756 W VideoCapabilities: Unsupported mime video/vc1
07-31 14:23:50.600  2738  2756 W VideoCapabilities: Unsupported mime video/x-flv
07-31 14:23:50.601  2738  2756 W VideoCapabilities: Unsupported mime video/divx
07-31 14:23:50.603  2738  2756 W VideoCapabilities: Unsupported mime video/ffmpeg
07-31 14:23:50.610  2738  2757 W EGL_emulation: eglSurfaceAttrib not implemented
07-31 14:23:50.610  2738  2757 W OpenGLRenderer: Failed to set EGL_SWAP_BEHAVIOR on surface 0xe9bfd1c0, error=EGL_SUCCESS
07-31 14:23:50.620  2738  2756 I VideoCapabilities: Unsupported profile 4 for video/mp4v-es
07-31 14:23:50.623  2738  2756 D leak-66 : Eastern Standard Time
07-31 14:23:50.623  2738  2756 D leak-66 : Eastern Standard Time
07-31 14:23:50.623  2738  2756 D leak-66 : Eastern Standard Time
07-31 14:23:50.623  2738  2756 D leak-66 : Eastern Standard Time
07-31 14:23:50.623  2738  2756 D leak-66 : Eastern Standard Time
07-31 14:23:50.623  2738  2756 D leak-66 : Eastern Standard Time
07-31 14:23:50.623  2738  2756 D leak-66 : Eastern Standard Time
07-31 14:23:50.623  2738  2756 D leak-66 : Eastern Standard Time
07-31 14:23:50.623  2738  2756 D leak-66 : Eastern Standard Time
07-31 14:23:50.623  2738  2756 D leak-66 : Eastern Standard Time
07-31 14:23:50.623  2738  2756 D leak-66 : Eastern Standard Time
07-31 14:23:50.623  2738  2756 D leak-66 : Eastern Standard Time
07-31 14:23:50.623  2738  2756 D leak-66 : Eastern Standard Time
07-31 14:23:50.623  2738  2756 D leak-66 : Eastern Standard Time
07-31 14:23:50.623  2738  2756 D leak-66 : Eastern Standard Time
07-31 14:23:50.623  2738  2756 D leak-66 : Eastern Standard Time
07-31 14:23:50.623  2738  2756 D leak-66 : Eastern Standard Time
07-31 14:23:50.623  2738  2756 D leak-66 : Eastern Standard Time
07-31 14:23:50.623  2738  2756 D leak-66 : Eastern Standard Time
07-31 14:23:50.623  2738  2756 D leak-66 : Eastern Standard Time
07-31 14:23:50.623  2738  2756 D leak-66 : Eastern Standard Time
07-31 14:23:50.623  2738  2756 D leak-66 : Eastern Standard Time
07-31 14:23:50.623  2738  2756 D leak-66 : Eastern Standard Time
07-31 14:23:50.623  2738  2756 D leak-66 : Eastern Standard Time
07-31 14:23:50.623  2738  2756 D leak-66 : Eastern Standard Time
07-31 14:23:50.623  2738  2756 D leak-66 : Eastern Standard Time
07-31 14:23:50.623  2738  2756 D leak-66 : Eastern Standard Time
07-31 14:23:50.623  2738  2756 D leak-66 : Eastern Standard Time
07-31 14:23:50.623  2738  2756 D leak-66 : Eastern Standard Time
07-31 14:23:50.623  2738  2756 D leak-66 : Eastern Standard Time
07-31 14:23:50.623  2738  2756 D leak-66 : Eastern Standard Time
07-31 14:23:50.623  2738  2756 D leak-66 : Eastern Standard Time
07-31 14:23:50.623  2738  2756 D leak-66 : Eastern Standard Time
07-31 14:23:50.623  2738  2756 D leak-66 : Eastern Standard Time
07-31 14:23:50.623  2738  2756 D leak-66 : Eastern Standard Time
07-31 14:23:50.623  2738  2756 D leak-66 : Eastern Standard Time
07-31 14:23:50.623  2738  2756 D leak-66 : Eastern Standard Time
07-31 14:23:50.623  2738  2756 D leak-66 : Eastern Standard Time
07-31 14:23:50.623  2738  2756 D leak-66 : Eastern Standard Time
07-31 14:23:50.624  2738  2756 D leak-66 : Eastern Standard Time
07-31 14:23:50.624  2738  2756 D leak-66 : Eastern Standard Time
07-31 14:23:50.624  2738  2756 D leak-66 : Eastern Standard Time
07-31 14:23:50.624  2738  2756 D leak-66 : Eastern Standard Time
07-31 14:23:50.624  2738  2756 D leak-66 : Eastern Standard Time
07-31 14:23:50.624  2738  2756 D leak-66 : Eastern Standard Time
07-31 14:23:50.624  2738  2756 D leak-66 : Eastern Standard Time
07-31 14:23:50.625  2738  2756 D leak-66 : Eastern Standard Time
07-31 14:23:50.625  2738  2756 D leak-66 : Eastern Standard Time
07-31 14:23:50.625  2738  2756 D leak-66 : Eastern Standard Time
07-31 14:23:50.625  2738  2756 D leak-66 : Eastern Standard Time
07-31 14:23:50.625  2738  2756 D leak-66 : Eastern Standard Time
07-31 14:23:50.626  2738  2756 D leak-66 : Eastern Standard Time
07-31 14:23:50.626  2738  2756 D leak-66 : Eastern Standard Time
07-31 14:23:50.626  2738  2756 D leak-66 : Eastern Standard Time
07-31 14:23:50.626  2738  2756 D leak-66 : Eastern Standard Time
07-31 14:23:50.626  2738  2756 D leak-66 : Eastern Standard Time
07-31 14:23:50.626  2738  2756 D leak-66 : Eastern Standard Time
07-31 14:23:50.626  2738  2756 D leak-66 : Eastern Standard Time
07-31 14:23:50.626  2738  2756 D leak-66 : Eastern Standard Time
07-31 14:23:50.626  2738  2756 D leak-66 : Eastern Standard Time
07-31 14:23:50.626  2738  2756 D leak-66 : Eastern Standard Time
07-31 14:23:50.626  2738  2756 D leak-66 : Eastern Standard Time
07-31 14:23:50.626  2738  2756 D leak-66 : Eastern Standard Time
07-31 14:23:50.626  2738  2756 D leak-66 : Eastern Standard Time
07-31 14:23:50.626  2738  2756 D leak-66 : Eastern Standard Time
07-31 14:23:50.626  2738  2756 D leak-66 : Eastern Standard Time
07-31 14:23:50.626  2738  2756 D leak-66 : Eastern Standard Time
07-31 14:23:50.626  2738  2756 D leak-66 : Eastern Standard Time
07-31 14:23:50.626  2738  2756 D leak-66 : Eastern Standard Time
07-31 14:23:50.626  2738  2756 D leak-66 : Eastern Standard Time
07-31 14:23:50.627  2738  2756 D leak-66 : Eastern Standard Time
07-31 14:23:50.627  2738  2756 D leak-66 : Eastern Standard Time
07-31 14:23:50.627  2738  2756 D leak-66 : Eastern Standard Time
07-31 14:23:50.627  2738  2756 D leak-66 : Eastern Standard Time
07-31 14:23:50.627  2738  2756 D leak-66 : Eastern Standard Time
07-31 14:23:50.627  2738  2756 D leak-66 : Eastern Standard Time
07-31 14:23:50.627  2738  2756 D leak-66 : Eastern Standard Time
07-31 14:23:50.627  2738  2756 D leak-66 : Eastern Standard Time
07-31 14:23:50.627  2738  2756 D leak-66 : Eastern Standard Time
07-31 14:23:50.627  2738  2756 D leak-66 : Eastern Standard Time
07-31 14:23:50.627  2738  2756 D leak-66 : Eastern Standard Time
07-31 14:23:50.627  2738  2756 D leak-66 : Eastern Standard Time
07-31 14:23:50.627  2738  2756 D leak-66 : Eastern Standard Time
07-31 14:23:50.627  2738  2756 D leak-66 : Eastern Standard Time
07-31 14:23:50.627  2738  2756 D leak-66 : Eastern Standard Time
07-31 14:23:50.627  2738  2756 D leak-66 : Eastern Standard Time
07-31 14:23:50.627  2738  2756 D leak-66 : Eastern Standard Time
07-31 14:23:50.627  2738  2756 D leak-66 : Eastern Standard Time
07-31 14:23:50.627  2738  2756 D leak-66 : Eastern Standard Time
07-31 14:23:50.627  2738  2756 D leak-66 : Eastern Standard Time
07-31 14:23:50.627  2738  2756 D leak-66 : Eastern Standard Time
07-31 14:23:50.627  2738  2756 D leak-66 : Eastern Standard Time
07-31 14:23:50.627  2738  2756 D leak-66 : Eastern Standard Time
07-31 14:23:50.628  2738  2756 D leak-66 : Eastern Standard Time
07-31 14:23:50.628  2738  2756 D leak-66 : Eastern Standard Time
07-31 14:23:50.628  2738  2756 D leak-66 : Eastern Standard Time
07-31 14:23:50.628  2738  2756 D leak-66 : Eastern Standard Time
07-31 14:23:50.628  2738  2756 D leak-66 : Eastern Standard Time
07-31 14:23:50.628  2738  2756 D leak-66 : Eastern Standard Time
07-31 14:23:50.628  2738  2756 D leak-66 : Eastern Standard Time
07-31 14:23:50.628  2738  2756 D leak-66 : Eastern Standard Time
07-31 14:23:50.628  2738  2756 D leak-66 : Eastern Standard Time
07-31 14:23:50.628  2738  2756 D leak-66 : Eastern Standard Time
07-31 14:23:50.628  2738  2756 D leak-66 : Eastern Standard Time
07-31 14:23:50.628  2738  2756 D leak-66 : Eastern Standard Time
07-31 14:23:50.628  2738  2756 D leak-66 : Eastern Standard Time
07-31 14:23:50.628  2738  2756 D leak-66 : Eastern Standard Time
07-31 14:23:50.628  2738  2756 D leak-66 : Eastern Standard Time
07-31 14:23:50.628  2738  2756 D leak-66 : Eastern Standard Time
07-31 14:23:50.628  2738  2756 D leak-66 : Eastern Standard Time
07-31 14:23:50.628  2738  2756 D leak-66 : Eastern Standard Time
07-31 14:23:50.628  2738  2756 D leak-66 : Eastern Standard Time
07-31 14:23:50.628  2738  2756 D leak-66 : Eastern Standard Time
07-31 14:23:50.628  2738  2756 D leak-66 : Eastern Standard Time
07-31 14:23:50.628  2738  2756 D leak-66 : Eastern Standard Time
07-31 14:23:50.628  2738  2756 D leak-66 : Eastern Standard Time
07-31 14:23:50.628  2738  2756 D leak-66 : Eastern Standard Time
07-31 14:23:50.628  2738  2756 D leak-66 : Eastern Standard Time
07-31 14:23:50.628  2738  2756 D leak-66 : Eastern Standard Time
07-31 14:23:50.628  2738  2756 D leak-66 : Eastern Standard Time
07-31 14:23:50.628  2738  2756 D leak-66 : Eastern Standard Time
07-31 14:23:50.628  2738  2756 D leak-66 : Eastern Standard Time
07-31 14:23:50.628  2738  2756 D leak-66 : Eastern Standard Time
07-31 14:23:50.628  2738  2756 D leak-66 : Eastern Standard Time
07-31 14:23:50.628  2738  2756 D leak-66 : Eastern Standard Time
07-31 14:23:50.628  2738  2756 D leak-66 : Eastern Standard Time
07-31 14:23:50.628  2738  2756 D leak-66 : Eastern Standard Time
07-31 14:23:50.628  2738  2756 D leak-66 : Eastern Standard Time
07-31 14:23:50.628  2738  2756 D leak-66 : Eastern Standard Time
07-31 14:23:50.628  2738  2756 D leak-66 : Eastern Standard Time
07-31 14:23:50.628  2738  2756 D leak-66 : Eastern Standard Time
07-31 14:23:50.628  2738  2756 D leak-66 : Eastern Standard Time
07-31 14:23:50.629  2738  2756 D leak-66 : Eastern Standard Time
07-31 14:23:50.629  2738  2756 D leak-66 : Eastern Standard Time
07-31 14:23:50.629  2738  2756 D leak-66 : Eastern Standard Time
07-31 14:23:50.629  2738  2756 D leak-66 : Eastern Standard Time
07-31 14:23:50.629  2738  2756 D leak-66 : Eastern Standard Time
07-31 14:23:50.629  2738  2756 D leak-66 : Eastern Standard Time
07-31 14:23:50.629  2738  2756 D leak-66 : Eastern Standard Time
07-31 14:23:50.629  2738  2756 D leak-66 : Eastern Standard Time
07-31 14:23:50.629  2738  2756 D leak-66 : Eastern Standard Time
07-31 14:23:50.629  2738  2756 D leak-62 : Eastern Standard Time
07-31 14:23:50.629  2738  2756 D leak-64 : Eastern Standard Time
07-31 14:23:50.629  2738  2756 D leak-56 : Eastern Standard Time
07-31 14:23:50.629  2738  2756 D leak-57 : Eastern Standard Time
07-31 14:23:50.629  2738  2756 D leak-62 : Eastern Standard Time
07-31 14:23:50.629  2738  2756 D leak-64 : Eastern Standard Time
07-31 14:23:50.629  2738  2756 D leak-56 : Eastern Standard Time
07-31 14:23:50.629  2738  2756 D leak-57 : Eastern Standard Time
07-31 14:23:50.630  2738  2756 D leak-62 : Eastern Standard Time
07-31 14:23:50.630  2738  2756 D leak-64 : Eastern Standard Time
07-31 14:23:50.630  2738  2756 D leak-56 : Eastern Standard Time
07-31 14:23:50.630  2738  2756 D leak-57 : Eastern Standard Time
07-31 14:23:50.631  2738  2756 D leak-62 : Eastern Standard Time
07-31 14:23:50.631  2738  2756 D leak-64 : Eastern Standard Time
07-31 14:23:50.631  2738  2756 D leak-56 : Eastern Standard Time
07-31 14:23:50.631  2738  2756 D leak-57 : Eastern Standard Time
07-31 14:23:50.631  2738  2756 D leak-62 : Eastern Standard Time
07-31 14:23:50.631  2738  2756 D leak-64 : Eastern Standard Time
07-31 14:23:50.631  2738  2756 D leak-56 : Eastern Standard Time
07-31 14:23:50.631  2738  2756 D leak-57 : Eastern Standard Time
07-31 14:23:50.631  2738  2756 D leak-62 : Eastern Standard Time
07-31 14:23:50.631  2738  2756 D leak-64 : Eastern Standard Time
07-31 14:23:50.631  2738  2756 D leak-56 : Eastern Standard Time
07-31 14:23:50.631  2738  2756 D leak-57 : Eastern Standard Time
07-31 14:23:50.632  2738  2756 D leak-62 : Eastern Standard Time
07-31 14:23:50.632  2738  2756 D leak-64 : Eastern Standard Time
07-31 14:23:50.632  2738  2756 D leak-56 : Eastern Standard Time
07-31 14:23:50.632  2738  2756 D leak-57 : Eastern Standard Time
07-31 14:23:50.632  2738  2756 D leak-62 : Eastern Standard Time
07-31 14:23:50.632  2738  2756 D leak-64 : Eastern Standard Time
07-31 14:23:50.632  2738  2756 D leak-56 : Eastern Standard Time
07-31 14:23:50.632  2738  2756 D leak-57 : Eastern Standard Time
07-31 14:23:50.632  2738  2756 D leak-62 : Eastern Standard Time
07-31 14:23:50.632  2738  2756 D leak-64 : Eastern Standard Time
07-31 14:23:50.632  2738  2756 D leak-56 : Eastern Standard Time
07-31 14:23:50.633  2738  2756 D leak-57 : Eastern Standard Time
07-31 14:23:50.633  2738  2756 D leak-62 : Eastern Standard Time
07-31 14:23:50.633  2738  2756 D leak-64 : Eastern Standard Time
07-31 14:23:50.633  2738  2756 D leak-56 : Eastern Standard Time
07-31 14:23:50.633  2738  2756 D leak-57 : Eastern Standard Time
07-31 14:23:50.633  2738  2756 D leak-62 : Eastern Standard Time
07-31 14:23:50.633  2738  2756 D leak-64 : Eastern Standard Time
07-31 14:23:50.633  2738  2756 D leak-56 : Eastern Standard Time
07-31 14:23:50.633  2738  2756 D leak-57 : Eastern Standard Time
07-31 14:23:50.633  2738  2756 D leak-62 : Eastern Standard Time
07-31 14:23:50.633  2738  2756 D leak-64 : Eastern Standard Time
07-31 14:23:50.633  2738  2756 D leak-56 : Eastern Standard Time
07-31 14:23:50.633  2738  2756 D leak-57 : Eastern Standard Time
07-31 14:23:50.633  2738  2756 D leak-62 : Eastern Standard Time
07-31 14:23:50.633  2738  2756 D leak-64 : Eastern Standard Time
07-31 14:23:50.638  2738  2756 D leak-56 : Eastern Standard Time
07-31 14:23:50.645  2738  2756 D leak-57 : Eastern Standard Time
07-31 14:23:50.645  2738  2756 D leak-62 : Eastern Standard Time
07-31 14:23:50.645  2738  2756 D leak-64 : Eastern Standard Time
07-31 14:23:50.646  2738  2756 D leak-56 : Eastern Standard Time
07-31 14:23:50.646  2738  2756 D leak-57 : Eastern Standard Time
07-31 14:23:50.646  2738  2756 D leak-62 : Eastern Standard Time
07-31 14:23:50.646  2738  2756 D leak-64 : Eastern Standard Time
07-31 14:23:50.646  2738  2756 D leak-56 : Eastern Standard Time
07-31 14:23:50.646  2738  2756 D leak-57 : Eastern Standard Time
07-31 14:23:50.646  2738  2756 D leak-62 : Eastern Standard Time
07-31 14:23:50.646  2738  2756 D leak-64 : Eastern Standard Time
07-31 14:23:50.646  2738  2756 D leak-56 : Eastern Standard Time
07-31 14:23:50.646  2738  2756 D leak-57 : Eastern Standard Time
07-31 14:23:50.646  2738  2756 D leak-62 : Eastern Standard Time
07-31 14:23:50.646  2738  2756 D leak-64 : Eastern Standard Time
07-31 14:23:50.646  2738  2756 D leak-56 : Eastern Standard Time
07-31 14:23:50.646  2738  2756 D leak-57 : Eastern Standard Time
07-31 14:23:50.646  2738  2756 D leak-62 : Eastern Standard Time
07-31 14:23:50.646  2738  2756 D leak-64 : Eastern Standard Time
07-31 14:23:50.646  2738  2756 D leak-56 : Eastern Standard Time
07-31 14:23:50.646  2738  2756 D leak-57 : Eastern Standard Time
07-31 14:23:50.646  2738  2756 D leak-62 : Eastern Standard Time
07-31 14:23:50.646  2738  2756 D leak-64 : Eastern Standard Time
07-31 14:23:50.646  2738  2756 D leak-56 : Eastern Standard Time
07-31 14:23:50.646  2738  2756 D leak-57 : Eastern Standard Time
07-31 14:23:50.646  2738  2756 D leak-62 : Eastern Standard Time
07-31 14:23:50.646  2738  2756 D leak-63 : Eastern Standard Time
07-31 14:23:50.646  2738  2756 D leak-56 : Eastern Standard Time
07-31 14:23:50.646  2738  2756 D leak-57 : Eastern Standard Time
07-31 14:23:50.646  2738  2756 D leak-62 : Eastern Standard Time
07-31 14:23:50.646  2738  2756 D leak-64 : Eastern Standard Time
07-31 14:23:50.647  2738  2756 D leak-56 : Eastern Standard Time
07-31 14:23:50.647  2738  2756 D leak-57 : Eastern Standard Time
07-31 14:23:50.647  2738  2756 D leak-62 : Eastern Standard Time
07-31 14:23:50.647  2738  2756 D leak-63 : Eastern Standard Time
07-31 14:23:50.647  2738  2756 D leak-56 : Eastern Standard Time
07-31 14:23:50.647  2738  2756 D leak-57 : Eastern Standard Time
07-31 14:23:50.647  2738  2756 D leak-62 : Eastern Standard Time
07-31 14:23:50.647  2738  2756 D leak-64 : Eastern Standard Time
07-31 14:23:50.647  2738  2756 D leak-56 : Eastern Standard Time
07-31 14:23:50.647  2738  2756 D leak-57 : Eastern Standard Time
07-31 14:23:50.647  2738  2756 D leak-62 : Eastern Standard Time
07-31 14:23:50.647  2738  2756 D leak-63 : Eastern Standard Time
07-31 14:23:50.647  2738  2756 D leak-56 : Eastern Standard Time
07-31 14:23:50.647  2738  2756 D leak-57 : Eastern Standard Time
07-31 14:23:50.647  2738  2756 D leak-62 : Eastern Standard Time
07-31 14:23:50.647  2738  2756 D leak-63 : Eastern Standard Time
07-31 14:23:50.647  2738  2756 D leak-56 : Eastern Standard Time
07-31 14:23:50.647  2738  2756 D leak-57 : Eastern Standard Time
07-31 14:23:50.647  2738  2756 D leak-62 : Eastern Standard Time
07-31 14:23:50.647  2738  2756 D leak-64 : Eastern Standard Time
07-31 14:23:50.647  2738  2756 D leak-56 : Eastern Standard Time
07-31 14:23:50.647  2738  2756 D leak-57 : Eastern Standard Time
07-31 14:23:50.647  2738  2756 D leak-62 : Eastern Standard Time
07-31 14:23:50.647  2738  2756 D leak-64 : Eastern Standard Time
07-31 14:23:50.647  2738  2756 D leak-56 : Eastern Standard Time
07-31 14:23:50.647  2738  2756 D leak-57 : Eastern Standard Time
07-31 14:23:50.647  2738  2756 D leak-62 : Eastern Standard Time
07-31 14:23:50.647  2738  2756 D leak-64 : Eastern Standard Time
07-31 14:23:50.647  2738  2756 D leak-56 : Eastern Standard Time
07-31 14:23:50.647  2738  2756 D leak-57 : Eastern Standard Time
07-31 14:23:50.648  2738  2756 D leak-62 : Eastern Standard Time
07-31 14:23:50.648  2738  2756 D leak-64 : Eastern Standard Time
07-31 14:23:50.648  2738  2756 D leak-56 : Eastern Standard Time
07-31 14:23:50.648  2738  2756 D leak-57 : Eastern Standard Time
07-31 14:23:50.648  2738  2756 D leak-62 : Eastern Standard Time
07-31 14:23:50.648  2738  2756 D leak-63 : Eastern Standard Time
07-31 14:23:50.648  2738  2756 D leak-56 : Eastern Standard Time
07-31 14:23:50.648  2738  2756 D leak-57 : Eastern Standard Time
07-31 14:23:50.648  2738  2756 D leak-62 : Eastern Standard Time
07-31 14:23:50.648  2738  2756 D leak-63 : Eastern Standard Time
07-31 14:23:50.648  2738  2756 D leak-56 : Eastern Standard Time
07-31 14:23:50.648  2738  2756 D leak-57 : Eastern Standard Time
07-31 14:23:50.648  2738  2756 D leak-62 : Eastern Standard Time
07-31 14:23:50.648  2738  2756 D leak-64 : Eastern Standard Time
07-31 14:23:50.648  2738  2756 D leak-56 : Eastern Standard Time
07-31 14:23:50.648  2738  2756 D leak-57 : Eastern Standard Time
07-31 14:23:50.648  2738  2756 D leak-62 : Eastern Standard Time
07-31 14:23:50.649  2738  2756 D leak-64 : Eastern Standard Time
07-31 14:23:50.649  2738  2756 D leak-56 : Eastern Standard Time
07-31 14:23:50.649  2738  2756 D leak-57 : Eastern Standard Time
07-31 14:23:50.649  2738  2756 D leak-62 : Eastern Standard Time
07-31 14:23:50.649  2738  2756 D leak-63 : Eastern Standard Time
07-31 14:23:50.649  2738  2756 D leak-56 : Eastern Standard Time
07-31 14:23:50.649  2738  2756 D leak-57 : Eastern Standard Time
07-31 14:23:50.649  2738  2756 D leak-62 : Eastern Standard Time
07-31 14:23:50.649  2738  2756 D leak-64 : Eastern Standard Time
07-31 14:23:50.649  2738  2756 D leak-56 : Eastern Standard Time
07-31 14:23:50.649  2738  2756 D leak-57 : Eastern Standard Time
07-31 14:23:50.649  2738  2756 D leak-62 : Eastern Standard Time
07-31 14:23:50.649  2738  2756 D leak-64 : Eastern Standard Time
07-31 14:23:50.649  2738  2756 D leak-56 : Eastern Standard Time
07-31 14:23:50.650  2738  2756 D leak-57 : Eastern Standard Time
07-31 14:23:50.650  2738  2756 D leak-62 : Eastern Standard Time
07-31 14:23:50.650  2738  2756 D leak-64 : Eastern Standard Time
07-31 14:23:50.650  2738  2756 D leak-56 : Eastern Standard Time
07-31 14:23:50.650  2738  2756 D leak-57 : Eastern Standard Time
07-31 14:23:50.650  2738  2756 D leak-62 : Eastern Standard Time
07-31 14:23:50.650  2738  2756 D leak-64 : Eastern Standard Time
07-31 14:23:50.650  2738  2756 D leak-56 : Eastern Standard Time
07-31 14:23:50.650  2738  2756 D leak-57 : Eastern Standard Time
07-31 14:23:50.650  2738  2756 D leak-62 : Eastern Standard Time
07-31 14:23:50.650  2738  2756 D leak-63 : Eastern Standard Time
07-31 14:23:50.650  2738  2756 D leak-56 : Eastern Standard Time
07-31 14:23:50.650  2738  2756 D leak-57 : Eastern Standard Time
07-31 14:23:50.650  2738  2756 D leak-62 : Eastern Standard Time
07-31 14:23:50.650  2738  2756 D leak-64 : Eastern Standard Time
07-31 14:23:50.650  2738  2756 D leak-56 : Eastern Standard Time
07-31 14:23:50.650  2738  2756 D leak-57 : Eastern Standard Time
07-31 14:23:50.650  2738  2756 D leak-90 : Eastern Standard Time
07-31 14:23:50.650  2738  2756 D leak-91 : Eastern Standard Time
07-31 14:23:50.650  2738  2756 D leak-91 : Eastern Standard Time
07-31 14:23:50.650  2738  2756 D leak-91 : Eastern Standard Time
07-31 14:23:50.651  2738  2756 D leak-91 : Eastern Standard Time
07-31 14:23:50.651  2738  2756 D leak-91 : Eastern Standard Time
07-31 14:23:50.651  2738  2756 D leak-91 : Eastern Standard Time
07-31 14:23:50.651  2738  2756 D leak-10 : Eastern Standard Time
07-31 14:23:50.651  2738  2756 D leak-11 : Eastern Standard Time
07-31 14:23:50.652  1426  1763 V EmulatedCamera_Camera: getCameraInfo
07-31 14:23:50.652  1426  1763 V EmulatedCamera_BaseCamera: getCameraInfo
07-31 14:23:50.652  2738  2756 D leak-12 : Eastern Standard Time
07-31 14:23:50.653  1426  1426 W ServiceManager: Permission failure: android.permission.CAMERA from uid=10060 pid=2738
07-31 14:23:50.653  1426  1426 E CameraService: Permission Denial: can't use the camera pid=2738, uid=10060
07-31 14:23:50.654  2738  2756 W CameraBase: An error occurred while connecting to camera: 0
07-31 14:23:50.654  2738  2756 D leak-13 : Eastern Standard Time
07-31 14:23:50.654  2738  2756 D leak-11 : Eastern Standard Time
07-31 14:23:50.654  1426  1763 V EmulatedCamera_Camera: getCameraInfo
07-31 14:23:50.654  1426  1763 V EmulatedCamera_BaseCamera: getCameraInfo
07-31 14:23:50.655  2738  2756 D leak-12 : Eastern Standard Time
07-31 14:23:50.655  1426  1426 W ServiceManager: Permission failure: android.permission.CAMERA from uid=10060 pid=2738
07-31 14:23:50.655  1426  1426 E CameraService: Permission Denial: can't use the camera pid=2738, uid=10060
07-31 14:23:50.656  2738  2756 W CameraBase: An error occurred while connecting to camera: 1
07-31 14:23:50.656  2738  2756 D leak-13 : Eastern Standard Time
07-31 14:23:50.656  2738  2756 D leak-14 : Eastern Standard Time
07-31 14:23:50.656  2738  2756 D leak-15 : Eastern Standard Time
07-31 14:23:50.656  2738  2756 I CameraManagerGlobal: Connecting to camera service
07-31 14:23:50.659  1426  1907 V EmulatedCamera_Camera: getCameraInfo
07-31 14:23:50.659  1426  1907 V EmulatedCamera_BaseCamera: getCameraInfo
07-31 14:23:50.659  1426  1907 I CameraService: getCameraCharacteristics: Switching to HAL1 shim implementation...
07-31 14:23:50.659  1426  1907 V EmulatedCamera_Camera: getCameraInfo
07-31 14:23:50.659  1426  1907 V EmulatedCamera_BaseCamera: getCameraInfo
07-31 14:23:50.659  1426  1763 V EmulatedCamera_Camera: getCameraInfo
07-31 14:23:50.659  1426  1763 V EmulatedCamera_BaseCamera: getCameraInfo
07-31 14:23:50.659  1426  1763 I CameraService: getCameraCharacteristics: Switching to HAL1 shim implementation...
07-31 14:23:50.659  1426  1763 V EmulatedCamera_Camera: getCameraInfo
07-31 14:23:50.659  1426  1763 V EmulatedCamera_BaseCamera: getCameraInfo
07-31 14:23:50.659  2738  2756 D leak-16 : Eastern Standard Time
07-31 14:23:50.660  1426  1426 V EmulatedCamera_Camera: getCameraInfo
07-31 14:23:50.660  1426  1426 V EmulatedCamera_BaseCamera: getCameraInfo
07-31 14:23:50.661  1426  1763 V EmulatedCamera_Camera: getCameraInfo
07-31 14:23:50.661  1426  1763 V EmulatedCamera_BaseCamera: getCameraInfo
07-31 14:23:50.663  2738  2756 D leak-19 : Eastern Standard Time
07-31 14:23:50.666  2738  2756 D leak-22 : Eastern Standard Time
07-31 14:23:50.666  2738  2756 D leak-23 : Eastern Standard Time
07-31 14:23:50.666  2738  2756 D leak-22 : Eastern Standard Time
07-31 14:23:50.666  2738  2756 D leak-23 : Eastern Standard Time
07-31 14:23:50.666  2738  2756 D leak-22 : Eastern Standard Time
07-31 14:23:50.666  2738  2756 D leak-23 : Eastern Standard Time
07-31 14:23:50.666  2738  2756 D leak-22 : Eastern Standard Time
07-31 14:23:50.666  2738  2756 D leak-23 : Eastern Standard Time
07-31 14:23:50.666  2738  2756 D leak-22 : Eastern Standard Time
07-31 14:23:50.666  2738  2756 D leak-22 : Eastern Standard Time
07-31 14:23:50.666  2738  2756 D leak-22 : Eastern Standard Time
07-31 14:23:50.666  2738  2756 D leak-22 : Eastern Standard Time
07-31 14:23:50.666  2738  2756 D leak-23 : Eastern Standard Time
07-31 14:23:50.666  2738  2756 D leak-22 : Eastern Standard Time
07-31 14:23:50.666  2738  2756 D leak-23 : Eastern Standard Time
07-31 14:23:50.666  2738  2756 D leak-22 : Eastern Standard Time
07-31 14:23:50.666  2738  2756 D leak-23 : Eastern Standard Time
07-31 14:23:50.666  2738  2756 D leak-22 : Eastern Standard Time
07-31 14:23:50.666  2738  2756 D leak-23 : Eastern Standard Time
07-31 14:23:50.666  2738  2756 D leak-22 : Eastern Standard Time
07-31 14:23:50.666  2738  2756 D leak-23 : Eastern Standard Time
07-31 14:23:50.666  2738  2756 D leak-22 : Eastern Standard Time
07-31 14:23:50.666  2738  2756 D leak-23 : Eastern Standard Time
07-31 14:23:50.666  2738  2756 D leak-22 : Eastern Standard Time
07-31 14:23:50.666  2738  2756 D leak-22 : Eastern Standard Time
07-31 14:23:50.667  2738  2756 D leak-22 : Eastern Standard Time
07-31 14:23:50.667  2738  2756 D leak-22 : Eastern Standard Time
07-31 14:23:50.667  2738  2756 D leak-22 : Eastern Standard Time
07-31 14:23:50.667  2738  2756 D leak-22 : Eastern Standard Time
07-31 14:23:50.667  2738  2756 D leak-22 : Eastern Standard Time
07-31 14:23:50.667  2738  2756 D leak-23 : Eastern Standard Time
07-31 14:23:50.667  2738  2756 D leak-22 : Eastern Standard Time
07-31 14:23:50.667  2738  2756 D leak-22 : Eastern Standard Time
07-31 14:23:50.667  2738  2756 D leak-23 : Eastern Standard Time
07-31 14:23:50.667  2738  2756 D leak-22 : Eastern Standard Time
07-31 14:23:50.667  2738  2756 D leak-22 : Eastern Standard Time
07-31 14:23:50.667  2738  2756 D leak-23 : Eastern Standard Time
07-31 14:23:50.667  2738  2756 D leak-22 : Eastern Standard Time
07-31 14:23:50.667  2738  2756 D leak-23 : Eastern Standard Time
07-31 14:23:50.667  2738  2756 D leak-22 : Eastern Standard Time
07-31 14:23:50.667  2738  2756 D leak-22 : Eastern Standard Time
07-31 14:23:50.667  2738  2756 D leak-22 : Eastern Standard Time
07-31 14:23:50.667  2738  2756 D leak-22 : Eastern Standard Time
07-31 14:23:50.667  2738  2756 D leak-22 : Eastern Standard Time
07-31 14:23:50.667  2738  2756 D leak-22 : Eastern Standard Time
07-31 14:23:50.667  2738  2756 D leak-22 : Eastern Standard Time
