07-29 18:32:31.535   624   645 W WindowAnimator: 	at com.android.server.wm.WindowAnimator.animateLocked(WindowAnimator.java:678)
07-29 18:32:31.535   624   645 W WindowAnimator: 	at com.android.server.wm.WindowAnimator.-wrap0(WindowAnimator.java)
07-29 18:32:31.535   624   645 W WindowAnimator: 	at com.android.server.wm.WindowAnimator$1.doFrame(WindowAnimator.java:123)
07-29 18:32:31.535   624   645 W WindowAnimator: 	at android.view.Choreographer$CallbackRecord.run(Choreographer.java:856)
07-29 18:32:31.535   624   645 W WindowAnimator: 	at android.view.Choreographer.doCallbacks(Choreographer.java:670)
07-29 18:32:31.535   624   645 W WindowAnimator: 	at android.view.Choreographer.doFrame(Choreographer.java:603)
07-29 18:32:31.535   624   645 W WindowAnimator: 	at android.view.Choreographer$FrameDisplayEventReceiver.run(Choreographer.java:844)
07-29 18:32:31.535   624   645 W WindowAnimator: 	at android.os.Handler.handleCallback(Handler.java:739)
07-29 18:32:31.535   624   645 W WindowAnimator: 	at android.os.Handler.dispatchMessage(Handler.java:95)
07-29 18:32:31.535   624   645 W WindowAnimator: 	at android.os.Looper.loop(Looper.java:148)
07-29 18:32:31.535   624   645 W WindowAnimator: 	at android.os.HandlerThread.run(HandlerThread.java:61)
07-29 18:32:31.535   624   645 W WindowAnimator: 	at com.android.server.ServiceThread.run(ServiceThread.java:46)
07-29 18:32:31.554   624  1602 W InputMethodManagerService: Window already focused, ignoring focus gain of: com.android.internal.view.IInputMethodClient$Stub$Proxy@9247aeb attribute=null, token = android.os.BinderProxy@1311ece
07-29 18:32:31.734   624   640 W art     : Long monitor contention event with owner method=int com.android.server.am.ActivityManagerService.broadcastIntent(android.app.IApplicationThread, android.content.Intent, java.lang.String, android.content.IIntentReceiver, int, java.lang.String, android.os.Bundle, java.lang.String[], int, android.os.Bundle, boolean, boolean, int) from ActivityManagerService.java:16973 waiters=4 for 138ms
07-29 18:32:31.740   624   753 W art     : Long monitor contention event with owner method=int com.android.server.am.ActivityManagerService.broadcastIntent(android.app.IApplicationThread, android.content.Intent, java.lang.String, android.content.IIntentReceiver, int, java.lang.String, android.os.Bundle, java.lang.String[], int, android.os.Bundle, boolean, boolean, int) from ActivityManagerService.java:16973 waiters=2 for 223ms
07-29 18:32:31.828   624   624 D JobSchedulerService: Receieved: android.intent.action.PACKAGE_REMOVED
07-29 18:32:32.032   973  1217 I LatinIME:LogUtils: Dictionary info: dictionary = main:en ; version = 54 ; date = 1414726273
07-29 18:32:32.307   871  6184 D VoicemailCleanupService: Cleaning up data for package: com.iamtrk.androidexplorer
07-29 18:32:32.421   624   645 I Choreographer: Skipped 34 frames!  The application may be doing too much work on its main thread.
07-29 18:32:32.423   624   677 I InputReader: Reconfiguring input devices.  changes=0x00000010
07-29 18:32:32.466   624   641 W art     : Long monitor contention event with owner method=android.content.ComponentName com.android.server.am.ActivityManagerService.startService(android.app.IApplicationThread, android.content.Intent, java.lang.String, java.lang.String, int) from ActivityManagerService.java:15718 waiters=0 for 203ms
07-29 18:32:32.468   624   639 W art     : Long monitor contention event with owner method=android.content.ComponentName com.android.server.am.ActivityManagerService.startService(android.app.IApplicationThread, android.content.Intent, java.lang.String, java.lang.String, int) from ActivityManagerService.java:15718 waiters=2 for 173ms
07-29 18:32:32.827   624  1077 I ActivityManager: Start proc 6187:com.android.keychain/1000 for broadcast com.android.keychain/.KeyChainBroadcastReceiver
07-29 18:32:32.884  6187  6187 E libprocessgroup: failed to make and chown /acct/uid_1000: Read-only file system
07-29 18:32:32.884  6187  6187 W Zygote  : createProcessGroup failed, kernel missing CONFIG_CGROUP_CPUACCT?
07-29 18:32:32.908  1520  1520 I Choreographer: Skipped 77 frames!  The application may be doing too much work on its main thread.
07-29 18:32:32.954  1031  1031 D CarrierServiceBindHelper: Receive action: android.intent.action.PACKAGE_REMOVED
07-29 18:32:33.046  6187  6187 W System  : ClassLoader referenced unknown path: /system/app/KeyChain/lib/x86
07-29 18:32:33.051  6187  6187 W ContextImpl: Calling a method in the system process without a qualified user: android.app.ContextImpl.startService:1221 android.content.ContextWrapper.startService:581 android.content.ContextWrapper.startService:581 com.android.keychain.KeyChainBroadcastReceiver.onReceive:12 android.app.ActivityThread.handleReceiver:2725 
07-29 18:32:33.070  1520  1654 W OpenGLRenderer: Incorrectly called buildLayer on View: ShortcutAndWidgetContainer, destroying layer...
07-29 18:32:33.070  1520  1654 W OpenGLRenderer: Incorrectly called buildLayer on View: ShortcutAndWidgetContainer, destroying layer...
07-29 18:32:33.074   624   624 I ActivityManager: Start proc 6205:com.android.documentsui/u0a33 for broadcast com.android.documentsui/.PackageReceiver
07-29 18:32:33.115  6205  6205 E libprocessgroup: failed to make and chown /acct/uid_10033: Read-only file system
07-29 18:32:33.115  6205  6205 W Zygote  : createProcessGroup failed, kernel missing CONFIG_CGROUP_CPUACCT?
07-29 18:32:33.134  6205  6205 W System  : ClassLoader referenced unknown path: /system/app/DocumentsUI/lib/x86
07-29 18:32:33.178   624   799 I ActivityManager: Start proc 6220:android.process.media/u0a6 for content provider com.android.providers.downloads/.DownloadStorageProvider
07-29 18:32:33.207  6220  6220 E libprocessgroup: failed to make and chown /acct/uid_10006: Read-only file system
07-29 18:32:33.207  6220  6220 W Zygote  : createProcessGroup failed, kernel missing CONFIG_CGROUP_CPUACCT?
07-29 18:32:33.220  6220  6220 W System  : ClassLoader referenced unknown path: /system/priv-app/DownloadProvider/lib/x86
07-29 18:32:33.226  6220  6220 W System  : ClassLoader referenced unknown path: /system/priv-app/MediaProvider/lib/x86
07-29 18:32:33.248  6198  6198 D AndroidRuntime: >>>>>> START com.android.internal.os.RuntimeInit uid 0 <<<<<<
07-29 18:32:33.249  6198  6198 D AndroidRuntime: CheckJNI is OFF
07-29 18:32:33.273  6198  6198 D ICU     : No timezone override file found: /data/misc/zoneinfo/current/icu/icu_tzdata.dat
07-29 18:32:33.287   624   753 I ActivityManager: Start proc 6239:com.android.externalstorage/u0a7 for content provider com.android.externalstorage/.ExternalStorageProvider
07-29 18:32:33.323  6239  6239 E libprocessgroup: failed to make and chown /acct/uid_10007: Read-only file system
07-29 18:32:33.323  6239  6239 W Zygote  : createProcessGroup failed, kernel missing CONFIG_CGROUP_CPUACCT?
07-29 18:32:33.326  6198  6198 E memtrack: Couldn't load memtrack module (No such file or directory)
07-29 18:32:33.326  6198  6198 E android.os.Debug: failed to load memtrack module: -2
07-29 18:32:33.332  6198  6198 I Radio-JNI: register_android_hardware_Radio DONE
07-29 18:32:33.340  6198  6198 D AndroidRuntime: Calling main entry com.android.commands.pm.Pm
07-29 18:32:33.348  2070  2082 D DefContainer: Copying /data/local/tmp/device_explorer-release-unsigned_REACHABILITY.apk to base.apk
07-29 18:32:33.349  6239  6239 W System  : ClassLoader referenced unknown path: /system/priv-app/ExternalStorageProvider/lib/x86
07-29 18:32:33.351  6239  6239 D ExternalStorage: After updating volumes, found 1 active roots
07-29 18:32:33.359  6205  6219 D Documents: Update found 6 roots in 195ms
07-29 18:32:33.367  6205  6260 D Documents: Update found 6 roots in 14ms
07-29 18:32:33.400   624   649 I PackageManager.DexOptimizer: Running dexopt (dex2oat) on: /data/app/vmdl1786759265.tmp/base.apk pkg=com.iamtrk.androidexplorer isa=x86 vmSafeMode=false debuggable=false oatDir = /data/app/vmdl1786759265.tmp/oat
07-29 18:32:33.411  6261  6261 W dex2oat : Unexpected CPU variant for X86 using defaults: x86
07-29 18:32:33.411  6261  6261 I dex2oat : Starting dex2oat.
07-29 18:32:33.411  6261  6261 E cutils-trace: Error opening trace file: Permission denied (13)
07-29 18:32:33.761  6261  6261 I dex2oat : dex2oat took 350.750ms (threads: 4) arena alloc=3MB java alloc=1665KB native alloc=7MB free=2MB
07-29 18:32:33.798   624   649 V BackupManagerService: restoreAtInstall pkg=com.iamtrk.androidexplorer token=2 restoreSet=0
07-29 18:32:33.798   624   649 V BackupManagerService: Finishing install immediately
07-29 18:32:33.798   624   649 W Settings: Setting install_non_market_apps has moved from android.provider.Settings.Global to android.provider.Settings.Secure, returning read-only value.
07-29 18:32:33.798   624   649 I art     : Starting a blocking GC Explicit
07-29 18:32:33.806   624   649 I art     : Explicit concurrent mark sweep GC freed 24003(1414KB) AllocSpace objects, 8(196KB) LOS objects, 33% free, 6MB/10MB, paused 206us total 7.904ms
07-29 18:32:33.819  6198  6198 I art     : System.exit called, status: 0
07-29 18:32:33.819  6198  6198 I AndroidRuntime: VM exiting with result code 0.
07-29 18:32:33.834  6205  6267 D Documents: Update found 6 roots in 10ms
07-29 18:32:33.846   624   677 I InputReader: Reconfiguring input devices.  changes=0x00000010
07-29 18:32:33.854  1031  1031 D CarrierServiceBindHelper: Receive action: android.intent.action.PACKAGE_ADDED
07-29 18:32:33.855  1031  1031 D CarrierServiceBindHelper: mHandler: 3
07-29 18:32:33.855  1031  1031 D CarrierConfigLoader: mHandler: 9 phoneId: 0
07-29 18:32:33.867   624   639 W VoiceInteractionManagerService: no available voice recognition services found for user 0
07-29 18:32:34.051  6276  6276 D AndroidRuntime: >>>>>> START com.android.internal.os.RuntimeInit uid 0 <<<<<<
07-29 18:32:34.053  6276  6276 D AndroidRuntime: CheckJNI is OFF
07-29 18:32:34.062  6276  6276 D ICU     : No timezone override file found: /data/misc/zoneinfo/current/icu/icu_tzdata.dat
07-29 18:32:34.074  6276  6276 E memtrack: Couldn't load memtrack module (No such file or directory)
07-29 18:32:34.074  6276  6276 E android.os.Debug: failed to load memtrack module: -2
07-29 18:32:34.075  6276  6276 I Radio-JNI: register_android_hardware_Radio DONE
07-29 18:32:34.081  6276  6276 D AndroidRuntime: Calling main entry com.android.commands.monkey.Monkey
07-29 18:32:34.095   624   640 W BroadcastQueue: Skipping deliver [background] BroadcastRecord{25e19dd u-1 android.net.conn.CONNECTIVITY_CHANGE} to ReceiverList{be08952 6276 (unknown name)/0/u-1 remote:83f2687}: process crashing
07-29 18:32:34.100   624  1596 I ActivityManager: START u0 {act=android.intent.action.MAIN cat=[android.intent.category.LAUNCHER] flg=0x10200000 cmp=com.iamtrk.androidexplorer/com.iamtrk.ItemListActivity} from uid 0 on display 0
07-29 18:32:34.128   624   960 I ActivityManager: Start proc 6285:com.iamtrk.androidexplorer/u0a61 for activity com.iamtrk.androidexplorer/com.iamtrk.ItemListActivity
07-29 18:32:34.157  6276  6276 I art     : System.exit called, status: 0
07-29 18:32:34.170  6276  6276 I AndroidRuntime: VM exiting with result code 0.
07-29 18:32:34.173  6285  6285 E libprocessgroup: failed to make and chown /acct/uid_10061: Read-only file system
07-29 18:32:34.191  6285  6285 W Zygote  : createProcessGroup failed, kernel missing CONFIG_CGROUP_CPUACCT?
07-29 18:32:34.294  6285  6296 W art     : Suspending all threads took: 7.880ms
07-29 18:32:34.323  6285  6296 I art     : Background sticky concurrent mark sweep GC freed 13086(512KB) AllocSpace objects, 0(0B) LOS objects, 83% free, 361KB/2MB, paused 29.855ms total 99.818ms
07-29 18:32:34.483  6285  6285 W System  : ClassLoader referenced unknown path: /data/app/com.iamtrk.androidexplorer-1/lib/x86
07-29 18:32:34.519  6285  6285 D leak-5  : Eastern Standard Time
07-29 18:32:34.654  6285  6285 D leak-18 : Eastern Standard Time
07-29 18:32:34.654  6285  6285 D leak-19 : Eastern Standard Time
07-29 18:32:34.654  6285  6285 D leak-6  : Eastern Standard Time
07-29 18:32:34.671  6285  6285 D leak-20 : Eastern Standard Time
07-29 18:32:34.671  6285  6285 D leak-13 : Eastern Standard Time
07-29 18:32:34.684  6285  6285 D leak-17 : Eastern Standard Time
07-29 18:32:34.686  6285  6285 D leak-7  : Eastern Standard Time
07-29 18:32:34.689   624   799 I ActivityManager: START u0 {act=android.content.pm.action.REQUEST_PERMISSIONS pkg=com.android.packageinstaller cmp=com.android.packageinstaller/.permission.ui.GrantPermissionsActivity (has extras)} from uid 10061 on display 0
07-29 18:32:34.989  6285  6300 D OpenGLRenderer: Use EGL_SWAP_BEHAVIOR_PRESERVED: true
07-29 18:32:35.111  6285  6285 D         : HostConnection::get() New Host Connection established 0xe9b1fb00, tid 6285
07-29 18:32:35.300   624   640 W ActivityManager: Activity pause timeout for ActivityRecord{fdda423 u0 com.iamtrk.androidexplorer/com.iamtrk.ItemListActivity t9}
07-29 18:32:35.679  2150  2160 I art     : Background sticky concurrent mark sweep GC freed 11638(465KB) AllocSpace objects, 0(0B) LOS objects, 29% free, 705KB/1002KB, paused 88us total 101.214ms
07-29 18:32:35.731  6285  6300 D libEGL  : loaded /system/lib/egl/libEGL_emulation.so
07-29 18:32:35.736  6285  6300 D libEGL  : loaded /system/lib/egl/libGLESv1_CM_emulation.so
07-29 18:32:35.767  6285  6300 D libEGL  : loaded /system/lib/egl/libGLESv2_emulation.so
07-29 18:32:35.818  6285  6300 D         : HostConnection::get() New Host Connection established 0xe9b1fc90, tid 6300
07-29 18:32:36.379  6285  6300 I OpenGLRenderer: Initialized EGL, version 1.4
07-29 18:32:36.914   624  1625 W art     : Long monitor contention event with owner method=int com.android.server.wm.WindowManagerService.relayoutWindow(com.android.server.wm.Session, android.view.IWindow, int, android.view.WindowManager$LayoutParams, int, int, int, int, android.graphics.Rect, android.graphics.Rect, android.graphics.Rect, android.graphics.Rect, android.graphics.Rect, android.graphics.Rect, android.content.res.Configuration, android.view.Surface) from WindowManagerService.java:3103 waiters=0 for 349ms
07-29 18:32:37.139  2150  2165 W EGL_emulation: eglSurfaceAttrib not implemented
07-29 18:32:37.139  2150  2165 W OpenGLRenderer: Failed to set EGL_SWAP_BEHAVIOR on surface 0xe90befa0, error=EGL_SUCCESS
07-29 18:32:37.378  6285  6300 W EGL_emulation: eglSurfaceAttrib not implemented
07-29 18:32:37.378  6285  6300 W OpenGLRenderer: Failed to set EGL_SWAP_BEHAVIOR on surface 0xe90bed40, error=EGL_SUCCESS
07-29 18:32:37.953   624   645 I ActivityManager: Displayed com.android.packageinstaller/.permission.ui.GrantPermissionsActivity: +2s652ms (total +3s844ms)
07-29 18:32:37.966  1520  1654 E Surface : getSlotFromBufferLocked: unknown buffer: 0xdf3b58c0
07-29 18:32:39.381  6304  6304 D AndroidRuntime: >>>>>> START com.android.internal.os.RuntimeInit uid 0 <<<<<<
07-29 18:32:39.383  6304  6304 D AndroidRuntime: CheckJNI is OFF
07-29 18:32:39.396  6304  6304 D ICU     : No timezone override file found: /data/misc/zoneinfo/current/icu/icu_tzdata.dat
07-29 18:32:39.412  6304  6304 E memtrack: Couldn't load memtrack module (No such file or directory)
07-29 18:32:39.412  6304  6304 E android.os.Debug: failed to load memtrack module: -2
07-29 18:32:39.414  6304  6304 I Radio-JNI: register_android_hardware_Radio DONE
07-29 18:32:39.422  6304  6304 D AndroidRuntime: Calling main entry com.android.commands.content.Content
07-29 18:32:39.430  6304  6304 D AndroidRuntime: Shutting down VM
07-29 18:32:39.812  6313  6313 D AndroidRuntime: >>>>>> START com.android.internal.os.RuntimeInit uid 0 <<<<<<
07-29 18:32:39.814  6313  6313 D AndroidRuntime: CheckJNI is OFF
07-29 18:32:39.824  6313  6313 D ICU     : No timezone override file found: /data/misc/zoneinfo/current/icu/icu_tzdata.dat
07-29 18:32:39.835  6313  6313 E memtrack: Couldn't load memtrack module (No such file or directory)
07-29 18:32:39.835  6313  6313 E android.os.Debug: failed to load memtrack module: -2
07-29 18:32:39.837  6313  6313 I Radio-JNI: register_android_hardware_Radio DONE
07-29 18:32:39.842  6313  6313 D AndroidRuntime: Calling main entry com.android.commands.content.Content
07-29 18:32:39.845  6313  6313 D AndroidRuntime: Shutting down VM
07-29 18:32:40.898  6334  6334 D AndroidRuntime: >>>>>> START com.android.internal.os.RuntimeInit uid 0 <<<<<<
07-29 18:32:40.901  6334  6334 D AndroidRuntime: CheckJNI is OFF
07-29 18:32:40.919  6334  6334 D ICU     : No timezone override file found: /data/misc/zoneinfo/current/icu/icu_tzdata.dat
07-29 18:32:40.937  6334  6334 E memtrack: Couldn't load memtrack module (No such file or directory)
07-29 18:32:40.937  6334  6334 E android.os.Debug: failed to load memtrack module: -2
07-29 18:32:40.938  6334  6334 I Radio-JNI: register_android_hardware_Radio DONE
07-29 18:32:40.947  6334  6334 D AndroidRuntime: Calling main entry com.android.commands.uiautomator.Launcher
07-29 18:32:41.974  6334  6334 W AccessibilityNodeInfoDumper: Fetch time: 2ms
07-29 18:32:41.975   624   799 W WindowManager: Attempted to remove non-existing token: android.os.Binder@36c9475
07-29 18:32:41.988  6334  6334 D AndroidRuntime: Shutting down VM
07-29 18:32:42.494  6354  6354 D AndroidRuntime: >>>>>> START com.android.internal.os.RuntimeInit uid 0 <<<<<<
07-29 18:32:42.496  6354  6354 D AndroidRuntime: CheckJNI is OFF
07-29 18:32:42.504  6354  6354 D ICU     : No timezone override file found: /data/misc/zoneinfo/current/icu/icu_tzdata.dat
07-29 18:32:42.519  6354  6354 E memtrack: Couldn't load memtrack module (No such file or directory)
07-29 18:32:42.519  6354  6354 E android.os.Debug: failed to load memtrack module: -2
07-29 18:32:42.520  6354  6354 I Radio-JNI: register_android_hardware_Radio DONE
07-29 18:32:42.529  6354  6354 D AndroidRuntime: Calling main entry com.android.commands.uiautomator.Launcher
07-29 18:32:43.560  6354  6354 W AccessibilityNodeInfoDumper: Fetch time: 1ms
07-29 18:32:43.560   624  1077 W WindowManager: Attempted to remove non-existing token: android.os.Binder@8bd5c7b
07-29 18:32:43.578  6354  6354 D AndroidRuntime: Shutting down VM
07-29 18:32:44.655  6377  6377 D AndroidRuntime: >>>>>> START com.android.internal.os.RuntimeInit uid 0 <<<<<<
07-29 18:32:44.657  6377  6377 D AndroidRuntime: CheckJNI is OFF
07-29 18:32:44.666  6377  6377 D ICU     : No timezone override file found: /data/misc/zoneinfo/current/icu/icu_tzdata.dat
07-29 18:32:44.678  6377  6377 E memtrack: Couldn't load memtrack module (No such file or directory)
07-29 18:32:44.678  6377  6377 E android.os.Debug: failed to load memtrack module: -2
07-29 18:32:44.679  6377  6377 I Radio-JNI: register_android_hardware_Radio DONE
07-29 18:32:44.685  6377  6377 D AndroidRuntime: Calling main entry com.android.commands.uiautomator.Launcher
07-29 18:32:45.699  6377  6377 W AccessibilityNodeInfoDumper: Fetch time: 2ms
07-29 18:32:45.700   624  1059 W WindowManager: Attempted to remove non-existing token: android.os.Binder@cf00a98
07-29 18:32:45.712  6377  6377 D AndroidRuntime: Shutting down VM
07-29 18:32:46.873  6405  6405 D AndroidRuntime: >>>>>> START com.android.internal.os.RuntimeInit uid 0 <<<<<<
07-29 18:32:46.874  6405  6405 D AndroidRuntime: CheckJNI is OFF
07-29 18:32:46.885  6405  6405 D ICU     : No timezone override file found: /data/misc/zoneinfo/current/icu/icu_tzdata.dat
07-29 18:32:46.897  6405  6405 E memtrack: Couldn't load memtrack module (No such file or directory)
07-29 18:32:46.897  6405  6405 E android.os.Debug: failed to load memtrack module: -2
07-29 18:32:46.898  6405  6405 I Radio-JNI: register_android_hardware_Radio DONE
07-29 18:32:46.905  6405  6405 D AndroidRuntime: Calling main entry com.android.commands.uiautomator.Launcher
07-29 18:32:47.925  6405  6405 W AccessibilityNodeInfoDumper: Fetch time: 2ms
07-29 18:32:47.926   624   799 W WindowManager: Attempted to remove non-existing token: android.os.Binder@eff02f1
07-29 18:32:47.936  6405  6405 D AndroidRuntime: Shutting down VM
07-29 18:32:49.039  6431  6431 D AndroidRuntime: >>>>>> START com.android.internal.os.RuntimeInit uid 0 <<<<<<
07-29 18:32:49.041  6431  6431 D AndroidRuntime: CheckJNI is OFF
07-29 18:32:49.050  6431  6431 D ICU     : No timezone override file found: /data/misc/zoneinfo/current/icu/icu_tzdata.dat
07-29 18:32:49.064  6431  6431 E memtrack: Couldn't load memtrack module (No such file or directory)
07-29 18:32:49.064  6431  6431 E android.os.Debug: failed to load memtrack module: -2
07-29 18:32:49.064  6431  6431 I Radio-JNI: register_android_hardware_Radio DONE
07-29 18:32:49.070  6431  6431 D AndroidRuntime: Calling main entry com.android.commands.uiautomator.Launcher
07-29 18:32:50.082  6431  6431 W AccessibilityNodeInfoDumper: Fetch time: 2ms
07-29 18:32:50.083   624   799 W WindowManager: Attempted to remove non-existing token: android.os.Binder@cdfded6
07-29 18:32:50.091  6431  6431 D AndroidRuntime: Shutting down VM
07-29 18:32:50.581  6449  6449 D AndroidRuntime: >>>>>> START com.android.internal.os.RuntimeInit uid 0 <<<<<<
07-29 18:32:50.583  6449  6449 D AndroidRuntime: CheckJNI is OFF
07-29 18:32:50.592  6449  6449 D ICU     : No timezone override file found: /data/misc/zoneinfo/current/icu/icu_tzdata.dat
07-29 18:32:50.604  6449  6449 E memtrack: Couldn't load memtrack module (No such file or directory)
07-29 18:32:50.604  6449  6449 E android.os.Debug: failed to load memtrack module: -2
07-29 18:32:50.604  6449  6449 I Radio-JNI: register_android_hardware_Radio DONE
07-29 18:32:50.612  6449  6449 D AndroidRuntime: Calling main entry com.android.commands.uiautomator.Launcher
07-29 18:32:51.629  6449  6449 W AccessibilityNodeInfoDumper: Fetch time: 1ms
07-29 18:32:51.629   624  1625 W WindowManager: Attempted to remove non-existing token: android.os.Binder@7273844
07-29 18:32:51.637  6449  6449 D AndroidRuntime: Shutting down VM
07-29 18:32:52.780  6472  6472 D AndroidRuntime: >>>>>> START com.android.internal.os.RuntimeInit uid 0 <<<<<<
07-29 18:32:52.781  6472  6472 D AndroidRuntime: CheckJNI is OFF
07-29 18:32:52.791  6472  6472 D ICU     : No timezone override file found: /data/misc/zoneinfo/current/icu/icu_tzdata.dat
07-29 18:32:52.804  6472  6472 E memtrack: Couldn't load memtrack module (No such file or directory)
07-29 18:32:52.804  6472  6472 E android.os.Debug: failed to load memtrack module: -2
07-29 18:32:52.805  6472  6472 I Radio-JNI: register_android_hardware_Radio DONE
07-29 18:32:52.811  6472  6472 D AndroidRuntime: Calling main entry com.android.commands.uiautomator.Launcher
07-29 18:32:53.834  6472  6472 W AccessibilityNodeInfoDumper: Fetch time: 2ms
07-29 18:32:53.834   624  1077 W WindowManager: Attempted to remove non-existing token: android.os.Binder@76fdd2d
07-29 18:32:53.850  6472  6472 D AndroidRuntime: Shutting down VM
07-29 18:32:54.376  6490  6490 D AndroidRuntime: >>>>>> START com.android.internal.os.RuntimeInit uid 0 <<<<<<
07-29 18:32:54.378  6490  6490 D AndroidRuntime: CheckJNI is OFF
07-29 18:32:54.389  6490  6490 D ICU     : No timezone override file found: /data/misc/zoneinfo/current/icu/icu_tzdata.dat
07-29 18:32:54.404  6490  6490 E memtrack: Couldn't load memtrack module (No such file or directory)
07-29 18:32:54.404  6490  6490 E android.os.Debug: failed to load memtrack module: -2
07-29 18:32:54.406  6490  6490 I Radio-JNI: register_android_hardware_Radio DONE
07-29 18:32:54.414  6490  6490 D AndroidRuntime: Calling main entry com.android.commands.uiautomator.Launcher
07-29 18:32:55.436  6490  6490 W AccessibilityNodeInfoDumper: Fetch time: 1ms
07-29 18:32:55.437   624   635 W WindowManager: Attempted to remove non-existing token: android.os.Binder@dd31262
07-29 18:32:55.458  6490  6490 D AndroidRuntime: Shutting down VM
07-29 18:32:56.537  6513  6513 D AndroidRuntime: >>>>>> START com.android.internal.os.RuntimeInit uid 0 <<<<<<
07-29 18:32:56.538  6513  6513 D AndroidRuntime: CheckJNI is OFF
07-29 18:32:56.547  6513  6513 D ICU     : No timezone override file found: /data/misc/zoneinfo/current/icu/icu_tzdata.dat
07-29 18:32:56.561  6513  6513 E memtrack: Couldn't load memtrack module (No such file or directory)
07-29 18:32:56.561  6513  6513 E android.os.Debug: failed to load memtrack module: -2
07-29 18:32:56.563  6513  6513 I Radio-JNI: register_android_hardware_Radio DONE
07-29 18:32:56.572  6513  6513 D AndroidRuntime: Calling main entry com.android.commands.uiautomator.Launcher
07-29 18:32:57.586  6513  6513 W AccessibilityNodeInfoDumper: Fetch time: 2ms
07-29 18:32:57.586   624  1077 W WindowManager: Attempted to remove non-existing token: android.os.Binder@c44dff3
07-29 18:32:57.593  6513  6513 D AndroidRuntime: Shutting down VM
07-29 18:32:58.073  6531  6531 D AndroidRuntime: >>>>>> START com.android.internal.os.RuntimeInit uid 0 <<<<<<
07-29 18:32:58.074  6531  6531 D AndroidRuntime: CheckJNI is OFF
07-29 18:32:58.083  6531  6531 D ICU     : No timezone override file found: /data/misc/zoneinfo/current/icu/icu_tzdata.dat
07-29 18:32:58.096  6531  6531 E memtrack: Couldn't load memtrack module (No such file or directory)
07-29 18:32:58.096  6531  6531 E android.os.Debug: failed to load memtrack module: -2
07-29 18:32:58.097  6531  6531 I Radio-JNI: register_android_hardware_Radio DONE
07-29 18:32:58.103  6531  6531 D AndroidRuntime: Calling main entry com.android.commands.uiautomator.Launcher
07-29 18:32:59.123  6531  6531 W AccessibilityNodeInfoDumper: Fetch time: 1ms
07-29 18:32:59.123   624   635 W WindowManager: Attempted to remove non-existing token: android.os.Binder@e8194b0
07-29 18:32:59.137  6531  6531 D AndroidRuntime: Shutting down VM
07-29 18:33:00.217  6554  6554 D AndroidRuntime: >>>>>> START com.android.internal.os.RuntimeInit uid 0 <<<<<<
07-29 18:33:00.218  6554  6554 D AndroidRuntime: CheckJNI is OFF
07-29 18:33:00.227  6554  6554 D ICU     : No timezone override file found: /data/misc/zoneinfo/current/icu/icu_tzdata.dat
07-29 18:33:00.246  6554  6554 E memtrack: Couldn't load memtrack module (No such file or directory)
07-29 18:33:00.246  6554  6554 E android.os.Debug: failed to load memtrack module: -2
07-29 18:33:00.250  6554  6554 I Radio-JNI: register_android_hardware_Radio DONE
07-29 18:33:00.255  6554  6554 D AndroidRuntime: Calling main entry com.android.commands.uiautomator.Launcher
07-29 18:33:01.276  6554  6554 W AccessibilityNodeInfoDumper: Fetch time: 6ms
07-29 18:33:01.283   624  1602 W WindowManager: Attempted to remove non-existing token: android.os.Binder@89a1f29
07-29 18:33:01.293  6554  6554 D AndroidRuntime: Shutting down VM
07-29 18:33:01.859  6572  6572 D AndroidRuntime: >>>>>> START com.android.internal.os.RuntimeInit uid 0 <<<<<<
07-29 18:33:01.861  6572  6572 D AndroidRuntime: CheckJNI is OFF
07-29 18:33:01.876  6572  6572 D ICU     : No timezone override file found: /data/misc/zoneinfo/current/icu/icu_tzdata.dat
07-29 18:33:01.894  6572  6572 E memtrack: Couldn't load memtrack module (No such file or directory)
07-29 18:33:01.894  6572  6572 E android.os.Debug: failed to load memtrack module: -2
07-29 18:33:01.896  6572  6572 I Radio-JNI: register_android_hardware_Radio DONE
07-29 18:33:01.906  6572  6572 D AndroidRuntime: Calling main entry com.android.commands.uiautomator.Launcher
07-29 18:33:02.925  6572  6572 W AccessibilityNodeInfoDumper: Fetch time: 1ms
07-29 18:33:02.925   624  1602 W WindowManager: Attempted to remove non-existing token: android.os.Binder@1d3f2ae
07-29 18:33:02.958  6572  6572 D AndroidRuntime: Shutting down VM
07-29 18:33:03.484  6590  6590 D AndroidRuntime: >>>>>> START com.android.internal.os.RuntimeInit uid 0 <<<<<<
07-29 18:33:03.485  6590  6590 D AndroidRuntime: CheckJNI is OFF
07-29 18:33:03.494  6590  6590 D ICU     : No timezone override file found: /data/misc/zoneinfo/current/icu/icu_tzdata.dat
07-29 18:33:03.504  6590  6590 E memtrack: Couldn't load memtrack module (No such file or directory)
07-29 18:33:03.504  6590  6590 E android.os.Debug: failed to load memtrack module: -2
07-29 18:33:03.505  6590  6590 I Radio-JNI: register_android_hardware_Radio DONE
07-29 18:33:03.513  6590  6590 D AndroidRuntime: Calling main entry com.android.commands.monkey.Monkey
07-29 18:33:03.521   624   640 W BroadcastQueue: Skipping deliver [background] BroadcastRecord{70c84e5 u-1 android.net.conn.CONNECTIVITY_CHANGE} to ReceiverList{ef08bba 6590 (unknown name)/0/u-1 remote:bc3884f}: process crashing
07-29 18:33:03.525   624   636 I ActivityManager: START u0 {act=android.intent.action.MAIN cat=[android.intent.category.LAUNCHER] flg=0x10200000 cmp=com.iamtrk.androidexplorer/com.iamtrk.ItemListActivity} from uid 0 on display 0
07-29 18:33:03.528   624   641 D Sensors : batch handle 1, but there is no batch sensor in genymotion
07-29 18:33:03.538  6590  6590 I art     : System.exit called, status: 0
07-29 18:33:03.539  6590  6590 I AndroidRuntime: VM exiting with result code 0.
07-29 18:33:09.350  6610  6610 D AndroidRuntime: >>>>>> START com.android.internal.os.RuntimeInit uid 0 <<<<<<
07-29 18:33:09.352  6610  6610 D AndroidRuntime: CheckJNI is OFF
07-29 18:33:09.361  6610  6610 D ICU     : No timezone override file found: /data/misc/zoneinfo/current/icu/icu_tzdata.dat
07-29 18:33:09.373  6610  6610 E memtrack: Couldn't load memtrack module (No such file or directory)
07-29 18:33:09.373  6610  6610 E android.os.Debug: failed to load memtrack module: -2
07-29 18:33:09.374  6610  6610 I Radio-JNI: register_android_hardware_Radio DONE
07-29 18:33:09.379  6610  6610 D AndroidRuntime: Calling main entry com.android.commands.uiautomator.Launcher
07-29 18:33:10.395  6610  6610 W AccessibilityNodeInfoDumper: Fetch time: 2ms
07-29 18:33:10.396   624  1059 W WindowManager: Attempted to remove non-existing token: android.os.Binder@2da5a6b
07-29 18:33:10.411  6610  6610 D AndroidRuntime: Shutting down VM
07-29 18:33:10.938  6628  6628 D AndroidRuntime: >>>>>> START com.android.internal.os.RuntimeInit uid 0 <<<<<<
07-29 18:33:10.941  6628  6628 D AndroidRuntime: CheckJNI is OFF
07-29 18:33:10.952  6628  6628 D ICU     : No timezone override file found: /data/misc/zoneinfo/current/icu/icu_tzdata.dat
07-29 18:33:10.968  6628  6628 E memtrack: Couldn't load memtrack module (No such file or directory)
07-29 18:33:10.968  6628  6628 E android.os.Debug: failed to load memtrack module: -2
07-29 18:33:10.969  6628  6628 I Radio-JNI: register_android_hardware_Radio DONE
07-29 18:33:10.977  6628  6628 D AndroidRuntime: Calling main entry com.android.commands.uiautomator.Launcher
07-29 18:33:11.995  6628  6628 W AccessibilityNodeInfoDumper: Fetch time: 2ms
07-29 18:33:11.997   624   960 W WindowManager: Attempted to remove non-existing token: android.os.Binder@7858a61
07-29 18:33:12.019  6628  6628 D AndroidRuntime: Shutting down VM
07-29 18:33:12.452  6641  6641 D AndroidRuntime: >>>>>> START com.android.internal.os.RuntimeInit uid 0 <<<<<<
07-29 18:33:12.454  6641  6641 D AndroidRuntime: CheckJNI is OFF
07-29 18:33:12.473  6641  6641 D ICU     : No timezone override file found: /data/misc/zoneinfo/current/icu/icu_tzdata.dat
07-29 18:33:12.489  6641  6641 E memtrack: Couldn't load memtrack module (No such file or directory)
07-29 18:33:12.489  6641  6641 E android.os.Debug: failed to load memtrack module: -2
07-29 18:33:12.490  6641  6641 I Radio-JNI: register_android_hardware_Radio DONE
07-29 18:33:12.497  6641  6641 D AndroidRuntime: Calling main entry com.android.commands.input.Input
07-29 18:33:12.498  6641  6641 I Input   : injectMotionEvent: MotionEvent { action=ACTION_DOWN, actionButton=0, id[0]=0, x[0]=1046.0, y[0]=1014.0, toolType[0]=TOOL_TYPE_UNKNOWN, buttonState=0, metaState=0, flags=0x0, edgeFlags=0x0, pointerCount=1, historySize=0, eventTime=2085250, downTime=2085250, deviceId=0, source=0x1002 }
07-29 18:33:12.500  6641  6641 I Input   : injectMotionEvent: MotionEvent { action=ACTION_UP, actionButton=0, id[0]=0, x[0]=1046.0, y[0]=1014.0, toolType[0]=TOOL_TYPE_UNKNOWN, buttonState=0, metaState=0, flags=0x0, edgeFlags=0x0, pointerCount=1, historySize=0, eventTime=2085250, downTime=2085250, deviceId=0, source=0x1002 }
07-29 18:33:12.502  6641  6641 D AndroidRuntime: Shutting down VM
07-29 18:33:12.520  6285  6285 D leak-8  : Eastern Standard Time
07-29 18:33:12.520  6285  6285 D leak-9  : Eastern Standard Time
07-29 18:33:12.520  6285  6285 D leak-34 : Eastern Standard Time
07-29 18:33:12.520  6285  6285 D leak-186: Eastern Standard Time
07-29 18:33:12.523  6285  6285 D leak-63 : Eastern Standard Time
07-29 18:33:12.523  6285  6285 D leak-64 : Eastern Standard Time
07-29 18:33:12.523  6285  6285 D leak-75 : Eastern Standard Time
07-29 18:33:12.523  6285  6285 D leak-79 : Eastern Standard Time
07-29 18:33:12.523  6285  6285 D leak-55 : Eastern Standard Time
07-29 18:33:12.523  6285  6285 D leak-63 : Eastern Standard Time
07-29 18:33:12.523  6285  6285 D leak-64 : Eastern Standard Time
07-29 18:33:12.523  6285  6285 D leak-143: Eastern Standard Time
07-29 18:33:12.523  6285  6285 D leak-144: Eastern Standard Time
07-29 18:33:12.523  6285  6285 D leak-55 : Eastern Standard Time
07-29 18:33:12.523  6285  6285 D leak-63 : Eastern Standard Time
07-29 18:33:12.523  6285  6285 D leak-64 : Eastern Standard Time
07-29 18:33:12.523  6285  6285 D leak-117: Eastern Standard Time
07-29 18:33:12.523  6285  6285 D leak-118: Eastern Standard Time
07-29 18:33:12.523  6285  6285 D leak-55 : Eastern Standard Time
07-29 18:33:12.524  6285  6285 D leak-63 : Eastern Standard Time
07-29 18:33:12.524  6285  6285 D leak-64 : Eastern Standard Time
07-29 18:33:12.524  6285  6285 D leak-89 : Eastern Standard Time
07-29 18:33:12.524  6285  6285 D leak-91 : Eastern Standard Time
07-29 18:33:12.524  6285  6285 D leak-92 : Eastern Standard Time
07-29 18:33:12.524  6285  6285 D leak-68 : Eastern Standard Time
07-29 18:33:12.524  6285  6285 D leak-69 : Eastern Standard Time
07-29 18:33:12.524  6285  6285 D leak-68 : Eastern Standard Time
07-29 18:33:12.524  6285  6285 D leak-69 : Eastern Standard Time
07-29 18:33:12.524  6285  6285 D leak-68 : Eastern Standard Time
07-29 18:33:12.524  6285  6285 D leak-69 : Eastern Standard Time
07-29 18:33:12.524  6285  6285 D leak-68 : Eastern Standard Time
07-29 18:33:12.524  6285  6285 D leak-69 : Eastern Standard Time
07-29 18:33:12.524  6285  6285 D leak-68 : Eastern Standard Time
07-29 18:33:12.524  6285  6285 D leak-69 : Eastern Standard Time
07-29 18:33:12.524  6285  6285 D leak-68 : Eastern Standard Time
07-29 18:33:12.524  6285  6285 D leak-69 : Eastern Standard Time
07-29 18:33:12.524  6285  6285 D leak-68 : Eastern Standard Time
07-29 18:33:12.524  6285  6285 D leak-69 : Eastern Standard Time
07-29 18:33:12.524  6285  6285 D leak-68 : Eastern Standard Time
07-29 18:33:12.524  6285  6285 D leak-69 : Eastern Standard Time
07-29 18:33:12.524  6285  6285 D leak-70 : Eastern Standard Time
07-29 18:33:12.524  6285  6285 D leak-71 : Eastern Standard Time
07-29 18:33:12.524  6285  6285 D leak-71 : Eastern Standard Time
07-29 18:33:12.524  6285  6285 D leak-72 : Eastern Standard Time
07-29 18:33:12.524  6285  6285 D leak-73 : Eastern Standard Time
07-29 18:33:12.524  6285  6285 D leak-71 : Eastern Standard Time
07-29 18:33:12.524  6285  6285 D leak-71 : Eastern Standard Time
07-29 18:33:12.524  6285  6285 D leak-71 : Eastern Standard Time
07-29 18:33:12.524  6285  6285 D leak-71 : Eastern Standard Time
07-29 18:33:12.524  6285  6285 D leak-71 : Eastern Standard Time
07-29 18:33:12.524  6285  6285 D leak-72 : Eastern Standard Time
07-29 18:33:12.524  6285  6285 D leak-73 : Eastern Standard Time
07-29 18:33:12.525  6285  6285 D leak-71 : Eastern Standard Time
07-29 18:33:12.525  6285  6285 I ConfigItem: Config: {1.0 310mcc270mnc en_US ldltr sw600dp w600dp h888dp 320dpi lrg port finger -keyb/v/h dpad/v s.7}
07-29 18:33:12.525  6285  6285 I ConfigItem: fontScale: 1.00000
07-29 18:33:12.525  6285  6285 I ConfigItem: hardKeyboardHidden: 2
07-29 18:33:12.525  6285  6285 I ConfigItem: keyboard: 1
07-29 18:33:12.525  6285  6285 I ConfigItem: keyboardHidden: 1
07-29 18:33:12.525  6285  6285 I ConfigItem: locale: en_US
07-29 18:33:12.525  6285  6285 I ConfigItem: mcc: 310
07-29 18:33:12.525  6285  6285 I ConfigItem: mnc: 270
07-29 18:33:12.525  6285  6285 I ConfigItem: navigation: 2
07-29 18:33:12.525  6285  6285 I ConfigItem: navigationHidden: 1
07-29 18:33:12.525  6285  6285 I ConfigItem: orientation: 1
07-29 18:33:12.525  6285  6285 I ConfigItem: screenHeightDp: 888
07-29 18:33:12.525  6285  6285 I ConfigItem: screenLayout: 0x10000153
07-29 18:33:12.525  6285  6285 I ConfigItem: screenWidthDp: 600
07-29 18:33:12.525  6285  6285 I ConfigItem: smallestScreenWidthDp: 600
07-29 18:33:12.525  6285  6285 I ConfigItem: touchscreen: 3
07-29 18:33:12.525  6285  6285 I ConfigItem: uiMode: UI_MODE_TYPE_NORMAL|UI_MODE_NIGHT_NO
07-29 18:33:12.525  6285  6285 D leak-55 : Eastern Standard Time
07-29 18:33:12.526  6285  6285 D leak-63 : Eastern Standard Time
07-29 18:33:12.526  6285  6285 D leak-64 : Eastern Standard Time
07-29 18:33:12.526  6285  6285 D leak-85 : Eastern Standard Time
07-29 18:33:12.526  6285  6285 D leak-87 : Eastern Standard Time
07-29 18:33:12.526  6285  6285 D leak-55 : Eastern Standard Time
07-29 18:33:12.526  6285  6285 D leak-63 : Eastern Standard Time
07-29 18:33:12.526  6285  6285 D leak-64 : Eastern Standard Time
07-29 18:33:12.526  6285  6285 D leak-101: Eastern Standard Time
07-29 18:33:12.526  6285  6285 D leak-103: Eastern Standard Time
07-29 18:33:12.526  6285  6285 D leak-55 : Eastern Standard Time
07-29 18:33:12.526  6285  6285 D leak-63 : Eastern Standard Time
07-29 18:33:12.526  6285  6285 D leak-64 : Eastern Standard Time
07-29 18:33:12.526  6285  6285 D leak-101: Eastern Standard Time
07-29 18:33:12.526  6285  6285 D leak-103: Eastern Standard Time
07-29 18:33:12.526  6285  6285 D leak-55 : Eastern Standard Time
07-29 18:33:12.526  6285  6285 D leak-63 : Eastern Standard Time
07-29 18:33:12.526  6285  6285 D leak-64 : Eastern Standard Time
07-29 18:33:12.526  6285  6285 D leak-101: Eastern Standard Time
07-29 18:33:12.527  6285  6285 D leak-103: Eastern Standard Time
07-29 18:33:12.527  6285  6285 D leak-55 : Eastern Standard Time
07-29 18:33:12.527  6285  6285 D leak-63 : Eastern Standard Time
07-29 18:33:12.527  6285  6285 D leak-64 : Eastern Standard Time
07-29 18:33:12.527  6285  6285 D leak-101: Eastern Standard Time
07-29 18:33:12.527  6285  6285 D leak-103: Eastern Standard Time
07-29 18:33:12.527  6285  6285 D leak-55 : Eastern Standard Time
07-29 18:33:12.527  6285  6285 D leak-63 : Eastern Standard Time
07-29 18:33:12.527  6285  6285 D leak-64 : Eastern Standard Time
07-29 18:33:12.527  6285  6285 D leak-171: Eastern Standard Time
07-29 18:33:12.527  6285  6285 D leak-172: Eastern Standard Time
07-29 18:33:12.527  6285  6285 D leak-55 : Eastern Standard Time
07-29 18:33:12.529  6285  6285 D leak-63 : Eastern Standard Time
07-29 18:33:12.529  6285  6285 D leak-64 : Eastern Standard Time
07-29 18:33:12.529  6285  6285 D leak-139: Eastern Standard Time
07-29 18:33:12.529  6285  6285 D leak-140: Eastern Standard Time
07-29 18:33:12.529  6285  6285 D leak-55 : Eastern Standard Time
07-29 18:33:12.529  6285  6285 D leak-63 : Eastern Standard Time
07-29 18:33:12.529  6285  6285 D leak-64 : Eastern Standard Time
07-29 18:33:12.529  6285  6285 D leak-132: Eastern Standard Time
07-29 18:33:12.529  6285  6285 D leak-133: Eastern Standard Time
07-29 18:33:12.529  6285  6285 D leak-55 : Eastern Standard Time
07-29 18:33:12.529  6285  6285 D leak-63 : Eastern Standard Time
07-29 18:33:12.529  6285  6285 D leak-64 : Eastern Standard Time
07-29 18:33:12.529  6285  6285 D leak-101: Eastern Standard Time
07-29 18:33:12.529  6285  6285 D leak-103: Eastern Standard Time
07-29 18:33:12.530  6285  6285 D leak-55 : Eastern Standard Time
07-29 18:33:12.530  6285  6285 D leak-63 : Eastern Standard Time
07-29 18:33:12.530  6285  6285 D leak-64 : Eastern Standard Time
07-29 18:33:12.530  6285  6285 D leak-105: Eastern Standard Time
07-29 18:33:12.530  6285  6285 D leak-106: Eastern Standard Time
07-29 18:33:12.530  6285  6285 D leak-55 : Eastern Standard Time
07-29 18:33:12.530  6285  6285 D leak-63 : Eastern Standard Time
07-29 18:33:12.530  6285  6285 D leak-64 : Eastern Standard Time
07-29 18:33:12.530  6285  6285 D leak-101: Eastern Standard Time
07-29 18:33:12.530  6285  6285 D leak-103: Eastern Standard Time
07-29 18:33:12.530  6285  6285 D leak-55 : Eastern Standard Time
07-29 18:33:12.530  6285  6285 D leak-63 : Eastern Standard Time
07-29 18:33:12.530  6285  6285 D leak-64 : Eastern Standard Time
07-29 18:33:12.530  6285  6285 D leak-101: Eastern Standard Time
07-29 18:33:12.530  6285  6285 D leak-103: Eastern Standard Time
07-29 18:33:12.530  6285  6285 D leak-55 : Eastern Standard Time
07-29 18:33:12.530  6285  6285 D leak-63 : Eastern Standard Time
07-29 18:33:12.530  6285  6285 D leak-64 : Eastern Standard Time
07-29 18:33:12.530  6285  6285 D leak-101: Eastern Standard Time
07-29 18:33:12.530  6285  6285 D leak-103: Eastern Standard Time
07-29 18:33:12.530  6285  6285 D leak-55 : Eastern Standard Time
07-29 18:33:12.530  6285  6285 D leak-63 : Eastern Standard Time
07-29 18:33:12.530  6285  6285 D leak-64 : Eastern Standard Time
07-29 18:33:12.530  6285  6285 D leak-101: Eastern Standard Time
07-29 18:33:12.530  6285  6285 D leak-103: Eastern Standard Time
07-29 18:33:12.530  6285  6285 D leak-55 : Eastern Standard Time
07-29 18:33:12.531  6285  6285 D leak-63 : Eastern Standard Time
07-29 18:33:12.531  6285  6285 D leak-64 : Eastern Standard Time
07-29 18:33:12.531  6285  6285 D leak-94 : Eastern Standard Time
07-29 18:33:12.531  6285  6285 D leak-95 : Eastern Standard Time
07-29 18:33:12.531  6285  6285 D leak-55 : Eastern Standard Time
07-29 18:33:12.531  6285  6285 D leak-63 : Eastern Standard Time
07-29 18:33:12.531  6285  6285 D leak-64 : Eastern Standard Time
07-29 18:33:12.531  6285  6285 D leak-81 : Eastern Standard Time
07-29 18:33:12.531  6285  6285 D leak-82 : Eastern Standard Time
07-29 18:33:12.531  6285  6285 D leak-55 : Eastern Standard Time
07-29 18:33:12.568  6285  6285 D leak-63 : Eastern Standard Time
07-29 18:33:12.568  6285  6285 D leak-64 : Eastern Standard Time
07-29 18:33:12.568  6285  6285 D leak-111: Eastern Standard Time
07-29 18:33:12.568  6285  6285 D leak-112: Eastern Standard Time
07-29 18:33:12.568  6285  6285 D leak-55 : Eastern Standard Time
07-29 18:33:12.569  6285  6285 D leak-63 : Eastern Standard Time
07-29 18:33:12.569  6285  6285 D leak-64 : Eastern Standard Time
07-29 18:33:12.569  6285  6285 D leak-175: Eastern Standard Time
07-29 18:33:12.569  6285  6285 D leak-176: Eastern Standard Time
07-29 18:33:12.569  6285  6285 D leak-55 : Eastern Standard Time
07-29 18:33:12.569  6285  6285 D leak-63 : Eastern Standard Time
07-29 18:33:12.569  6285  6285 D leak-64 : Eastern Standard Time
07-29 18:33:12.569  6285  6285 D leak-101: Eastern Standard Time
07-29 18:33:12.569  6285  6285 D leak-103: Eastern Standard Time
07-29 18:33:12.569  6285  6285 D leak-55 : Eastern Standard Time
07-29 18:33:12.579  6285  6285 D leak-231: Eastern Standard Time
07-29 18:33:12.583  6285  6285 D leak-230: Eastern Standard Time
07-29 18:33:12.583  6285  6285 D leak-233: Eastern Standard Time
07-29 18:33:12.583  6285  6285 D leak-239: Eastern Standard Time
07-29 18:33:12.583  6285  6285 D leak-234: Eastern Standard Time
07-29 18:33:12.586  6285  6285 D leak-46 : Eastern Standard Time
07-29 18:33:12.586  6285  6285 D leak-47 : Eastern Standard Time
07-29 18:33:12.586  6285  6285 D leak-51 : Eastern Standard Time
07-29 18:33:12.586  6285  6285 D leak-235: Eastern Standard Time
07-29 18:33:12.586  6285  6285 D leak-202: Eastern Standard Time
07-29 18:33:12.586  6285  6285 D leak-203: Eastern Standard Time
07-29 18:33:12.586  6285  6285 D leak-204: Eastern Standard Time
07-29 18:33:12.587  6285  6285 D leak-237: Eastern Standard Time
07-29 18:33:12.587  6285  6285 D leak-188: Eastern Standard Time
07-29 18:33:12.587  6285  6285 D leak-189: Eastern Standard Time
07-29 18:33:12.587  6285  6285 D leak-190: Eastern Standard Time
07-29 18:33:12.587  6285  6285 D leak-210: Eastern Standard Time
07-29 18:33:12.587  6285  6285 D leak-211: Eastern Standard Time
07-29 18:33:12.587  6285  6285 D leak-212: Eastern Standard Time
07-29 18:33:12.589  6285  6285 D leak-213: Eastern Standard Time
07-29 18:33:12.589  6285  6285 D AndroidRuntime: Shutting down VM
07-29 18:33:12.589  6285  6285 E AndroidRuntime: FATAL EXCEPTION: main
07-29 18:33:12.589  6285  6285 E AndroidRuntime: Process: com.iamtrk.androidexplorer, PID: 6285
07-29 18:33:12.589  6285  6285 E AndroidRuntime: java.lang.RuntimeException: Failure delivering result ResultInfo{who=@android:requestPermissions:, request=123, result=-1, data=Intent { act=android.content.pm.action.REQUEST_PERMISSIONS (has extras) }} to activity {com.iamtrk.androidexplorer/com.iamtrk.ItemListActivity}: java.lang.RuntimeException: java.io.FileNotFoundException: /sys/devices/system/cpu/cpu0/cpufreq/scaling_cur_freq: open failed: ENOENT (No such file or directory)
07-29 18:33:12.589  6285  6285 E AndroidRuntime: 	at android.app.ActivityThread.deliverResults(ActivityThread.java:3699)
07-29 18:33:12.589  6285  6285 E AndroidRuntime: 	at android.app.ActivityThread.handleSendResult(ActivityThread.java:3742)
07-29 18:33:12.589  6285  6285 E AndroidRuntime: 	at android.app.ActivityThread.-wrap16(ActivityThread.java)
07-29 18:33:12.589  6285  6285 E AndroidRuntime: 	at android.app.ActivityThread$H.handleMessage(ActivityThread.java:1393)
07-29 18:33:12.589  6285  6285 E AndroidRuntime: 	at android.os.Handler.dispatchMessage(Handler.java:102)
07-29 18:33:12.589  6285  6285 E AndroidRuntime: 	at android.os.Looper.loop(Looper.java:148)
07-29 18:33:12.589  6285  6285 E AndroidRuntime: 	at android.app.ActivityThread.main(ActivityThread.java:5417)
07-29 18:33:12.589  6285  6285 E AndroidRuntime: 	at java.lang.reflect.Method.invoke(Native Method)
07-29 18:33:12.589  6285  6285 E AndroidRuntime: 	at com.android.internal.os.ZygoteInit$MethodAndArgsCaller.run(ZygoteInit.java:726)
07-29 18:33:12.589  6285  6285 E AndroidRuntime: 	at com.android.internal.os.ZygoteInit.main(ZygoteInit.java:616)
07-29 18:33:12.589  6285  6285 E AndroidRuntime: Caused by: java.lang.RuntimeException: java.io.FileNotFoundException: /sys/devices/system/cpu/cpu0/cpufreq/scaling_cur_freq: open failed: ENOENT (No such file or directory)
07-29 18:33:12.589  6285  6285 E AndroidRuntime: 	at com.iamtrk.a.c.<init>(Unknown Source)
07-29 18:33:12.589  6285  6285 E AndroidRuntime: 	at com.iamtrk.ItemListActivity.k(Unknown Source)
07-29 18:33:12.589  6285  6285 E AndroidRuntime: 	at com.iamtrk.ItemListActivity.onRequestPermissionsResult(Unknown Source)
07-29 18:33:12.589  6285  6285 E AndroidRuntime: 	at android.app.Activity.dispatchRequestPermissionsResult(Activity.java:6553)
07-29 18:33:12.589  6285  6285 E AndroidRuntime: 	at android.app.Activity.dispatchActivityResult(Activity.java:6432)
07-29 18:33:12.589  6285  6285 E AndroidRuntime: 	at android.app.ActivityThread.deliverResults(ActivityThread.java:3695)
07-29 18:33:12.589  6285  6285 E AndroidRuntime: 	... 9 more
07-29 18:33:12.589  6285  6285 E AndroidRuntime: Caused by: java.io.FileNotFoundException: /sys/devices/system/cpu/cpu0/cpufreq/scaling_cur_freq: open failed: ENOENT (No such file or directory)
07-29 18:33:12.589  6285  6285 E AndroidRuntime: 	at libcore.io.IoBridge.open(IoBridge.java:452)
07-29 18:33:12.589  6285  6285 E AndroidRuntime: 	at java.io.RandomAccessFile.<init>(RandomAccessFile.java:117)
07-29 18:33:12.589  6285  6285 E AndroidRuntime: 	at java.io.RandomAccessFile.<init>(RandomAccessFile.java:149)
07-29 18:33:12.589  6285  6285 E AndroidRuntime: 	... 15 more
07-29 18:33:12.589  6285  6285 E AndroidRuntime: Caused by: android.system.ErrnoException: open failed: ENOENT (No such file or directory)
07-29 18:33:12.589  6285  6285 E AndroidRuntime: 	at libcore.io.Posix.open(Native Method)
07-29 18:33:12.589  6285  6285 E AndroidRuntime: 	at libcore.io.BlockGuardOs.open(BlockGuardOs.java:186)
07-29 18:33:12.589  6285  6285 E AndroidRuntime: 	at libcore.io.IoBridge.open(IoBridge.java:438)
07-29 18:33:12.589  6285  6285 E AndroidRuntime: 	... 17 more
07-29 18:33:12.605   624  1625 W ActivityManager:   Force finishing activity com.iamtrk.androidexplorer/com.iamtrk.ItemListActivity
07-29 18:33:12.625  2150  2165 E Surface : getSlotFromBufferLocked: unknown buffer: 0xee8f87a0
07-29 18:33:12.634  2150  2165 D OpenGLRenderer: endAllStagingAnimators on 0xe062bd00 (RippleDrawable) with handle 0xee8d2db0
07-29 18:33:12.665   415   415 E EGL_emulation: tid 415: eglCreateSyncKHR(1215): error 0x3004 (EGL_BAD_ATTRIBUTE)
07-29 18:33:13.445   624   645 W art     : Long monitor contention event with owner method=android.graphics.Bitmap com.android.server.wm.WindowManagerService.screenshotApplicationsInner(android.os.IBinder, int, int, int, boolean) from WindowManagerService.java:6223 waiters=0 for 819ms
07-29 18:33:13.448   624   960 W art     : Long monitor contention event with owner method=android.graphics.Bitmap com.android.server.wm.WindowManagerService.screenshotApplicationsInner(android.os.IBinder, int, int, int, boolean) from WindowManagerService.java:6223 waiters=1 for 800ms
07-29 18:33:13.464   624   639 W art     : Long monitor contention event with owner method=void com.android.server.am.ActivityManagerService.crashApplication(com.android.server.am.ProcessRecord, android.app.ApplicationErrorReport$CrashInfo) from ActivityManagerService.java:12568 waiters=0 for 865ms
07-29 18:33:13.464   624   640 W art     : Long monitor contention event with owner method=void com.android.server.am.ActivityManagerService.crashApplication(com.android.server.am.ProcessRecord, android.app.ApplicationErrorReport$CrashInfo) from ActivityManagerService.java:12568 waiters=2 for 443ms
