07-29 18:31:30.771  3542  3542 D leak-132: Eastern Standard Time
07-29 18:31:30.771  3542  3542 D leak-133: Eastern Standard Time
07-29 18:31:30.772  3542  3542 D leak-55 : Eastern Standard Time
07-29 18:31:30.772  3542  3542 D leak-63 : Eastern Standard Time
07-29 18:31:30.772  3542  3542 D leak-64 : Eastern Standard Time
07-29 18:31:30.772  3542  3542 D leak-101: Eastern Standard Time
07-29 18:31:30.800  3542  3542 D leak-103: Eastern Standard Time
07-29 18:31:30.801  3542  3542 D leak-55 : Eastern Standard Time
07-29 18:31:30.801  3542  3542 D leak-63 : Eastern Standard Time
07-29 18:31:30.801  3542  3542 D leak-64 : Eastern Standard Time
07-29 18:31:30.801  3542  3542 D leak-105: Eastern Standard Time
07-29 18:31:30.801  3542  3542 D leak-106: Eastern Standard Time
07-29 18:31:30.801  3542  3542 D leak-55 : Eastern Standard Time
07-29 18:31:30.801  3542  3542 D leak-63 : Eastern Standard Time
07-29 18:31:30.801  3542  3542 D leak-64 : Eastern Standard Time
07-29 18:31:30.801  3542  3542 D leak-101: Eastern Standard Time
07-29 18:31:30.801  3542  3542 D leak-103: Eastern Standard Time
07-29 18:31:30.801  3542  3542 D leak-55 : Eastern Standard Time
07-29 18:31:30.801  3542  3542 D leak-63 : Eastern Standard Time
07-29 18:31:30.801  3542  3542 D leak-64 : Eastern Standard Time
07-29 18:31:30.801  3542  3542 D leak-101: Eastern Standard Time
07-29 18:31:30.801  3542  3542 D leak-103: Eastern Standard Time
07-29 18:31:30.801  3542  3542 D leak-55 : Eastern Standard Time
07-29 18:31:30.801  3542  3542 D leak-63 : Eastern Standard Time
07-29 18:31:30.801  3542  3542 D leak-64 : Eastern Standard Time
07-29 18:31:30.807  3542  3542 D leak-101: Eastern Standard Time
07-29 18:31:30.807  3542  3542 D leak-103: Eastern Standard Time
07-29 18:31:30.807  3542  3542 D leak-55 : Eastern Standard Time
07-29 18:31:30.807  3542  3542 D leak-63 : Eastern Standard Time
07-29 18:31:30.808  3542  3542 D leak-64 : Eastern Standard Time
07-29 18:31:30.808  3542  3542 D leak-101: Eastern Standard Time
07-29 18:31:30.808  3542  3542 D leak-103: Eastern Standard Time
07-29 18:31:30.808  3542  3542 D leak-55 : Eastern Standard Time
07-29 18:31:30.808  3542  3542 D leak-63 : Eastern Standard Time
07-29 18:31:30.808  3542  3542 D leak-64 : Eastern Standard Time
07-29 18:31:30.809  3542  3542 D leak-94 : Eastern Standard Time
07-29 18:31:30.809  3542  3542 D leak-95 : Eastern Standard Time
07-29 18:31:30.809  3542  3542 D leak-55 : Eastern Standard Time
07-29 18:31:30.809  3542  3542 D leak-63 : Eastern Standard Time
07-29 18:31:30.809  3542  3542 D leak-64 : Eastern Standard Time
07-29 18:31:30.809  3542  3542 D leak-81 : Eastern Standard Time
07-29 18:31:30.809  3542  3542 D leak-82 : Eastern Standard Time
07-29 18:31:30.809  3542  3542 D leak-55 : Eastern Standard Time
07-29 18:31:30.814  3542  3542 D leak-63 : Eastern Standard Time
07-29 18:31:30.814  3542  3542 D leak-64 : Eastern Standard Time
07-29 18:31:30.814  3542  3542 D leak-111: Eastern Standard Time
07-29 18:31:30.814  3542  3542 D leak-112: Eastern Standard Time
07-29 18:31:30.814  3542  3542 D leak-55 : Eastern Standard Time
07-29 18:31:30.814  3542  3542 D leak-63 : Eastern Standard Time
07-29 18:31:30.814  3542  3542 D leak-64 : Eastern Standard Time
07-29 18:31:30.814  3542  3542 D leak-175: Eastern Standard Time
07-29 18:31:30.814  3542  3542 D leak-176: Eastern Standard Time
07-29 18:31:30.814  3542  3542 D leak-55 : Eastern Standard Time
07-29 18:31:30.814  3542  3542 D leak-63 : Eastern Standard Time
07-29 18:31:30.814  3542  3542 D leak-64 : Eastern Standard Time
07-29 18:31:30.814  3542  3542 D leak-101: Eastern Standard Time
07-29 18:31:30.814  3542  3542 D leak-103: Eastern Standard Time
07-29 18:31:30.814  3542  3542 D leak-55 : Eastern Standard Time
07-29 18:31:30.826  3542  3542 D leak-231: Eastern Standard Time
07-29 18:31:30.826  3542  3542 D leak-230: Eastern Standard Time
07-29 18:31:30.826  3542  3542 D leak-233: Eastern Standard Time
07-29 18:31:30.826  3542  3542 D leak-239: Eastern Standard Time
07-29 18:31:30.826  3542  3542 D leak-234: Eastern Standard Time
07-29 18:31:30.830  3542  3542 D leak-46 : Eastern Standard Time
07-29 18:31:30.830  3542  3542 D leak-47 : Eastern Standard Time
07-29 18:31:30.830  3542  3542 D leak-51 : Eastern Standard Time
07-29 18:31:30.830  3542  3542 D leak-235: Eastern Standard Time
07-29 18:31:30.830  3542  3542 D leak-202: Eastern Standard Time
07-29 18:31:30.831  3542  3542 D leak-203: Eastern Standard Time
07-29 18:31:30.831  3542  3542 D leak-204: Eastern Standard Time
07-29 18:31:30.831  3542  3542 D leak-237: Eastern Standard Time
07-29 18:31:30.831  3542  3542 D leak-188: Eastern Standard Time
07-29 18:31:30.831  3542  3542 D leak-189: Eastern Standard Time
07-29 18:31:30.831  3542  3542 D leak-190: Eastern Standard Time
07-29 18:31:30.831  3542  3542 D leak-210: Eastern Standard Time
07-29 18:31:30.831  3542  3542 D leak-211: Eastern Standard Time
07-29 18:31:30.831  3542  3542 D leak-212: Eastern Standard Time
07-29 18:31:30.831  3542  3542 D leak-213: Eastern Standard Time
07-29 18:31:30.831  3542  3542 D AndroidRuntime: Shutting down VM
07-29 18:31:30.831  3542  3542 E AndroidRuntime: FATAL EXCEPTION: main
07-29 18:31:30.831  3542  3542 E AndroidRuntime: Process: com.iamtrk.androidexplorer, PID: 3542
07-29 18:31:30.831  3542  3542 E AndroidRuntime: java.lang.RuntimeException: java.io.FileNotFoundException: /sys/devices/system/cpu/cpu0/cpufreq/scaling_cur_freq: open failed: ENOENT (No such file or directory)
07-29 18:31:30.831  3542  3542 E AndroidRuntime: 	at com.iamtrk.a.c.<init>(Unknown Source)
07-29 18:31:30.831  3542  3542 E AndroidRuntime: 	at com.iamtrk.ItemListActivity.k(Unknown Source)
07-29 18:31:30.831  3542  3542 E AndroidRuntime: 	at com.iamtrk.ItemListActivity$1.onClick(Unknown Source)
07-29 18:31:30.831  3542  3542 E AndroidRuntime: 	at android.support.v7.a.b$b.handleMessage(Unknown Source)
07-29 18:31:30.831  3542  3542 E AndroidRuntime: 	at android.os.Handler.dispatchMessage(Handler.java:102)
07-29 18:31:30.831  3542  3542 E AndroidRuntime: 	at android.os.Looper.loop(Looper.java:148)
07-29 18:31:30.831  3542  3542 E AndroidRuntime: 	at android.app.ActivityThread.main(ActivityThread.java:5417)
07-29 18:31:30.831  3542  3542 E AndroidRuntime: 	at java.lang.reflect.Method.invoke(Native Method)
07-29 18:31:30.831  3542  3542 E AndroidRuntime: 	at com.android.internal.os.ZygoteInit$MethodAndArgsCaller.run(ZygoteInit.java:726)
07-29 18:31:30.831  3542  3542 E AndroidRuntime: 	at com.android.internal.os.ZygoteInit.main(ZygoteInit.java:616)
07-29 18:31:30.831  3542  3542 E AndroidRuntime: Caused by: java.io.FileNotFoundException: /sys/devices/system/cpu/cpu0/cpufreq/scaling_cur_freq: open failed: ENOENT (No such file or directory)
07-29 18:31:30.831  3542  3542 E AndroidRuntime: 	at libcore.io.IoBridge.open(IoBridge.java:452)
07-29 18:31:30.831  3542  3542 E AndroidRuntime: 	at java.io.RandomAccessFile.<init>(RandomAccessFile.java:117)
07-29 18:31:30.831  3542  3542 E AndroidRuntime: 	at java.io.RandomAccessFile.<init>(RandomAccessFile.java:149)
07-29 18:31:30.831  3542  3542 E AndroidRuntime: 	... 10 more
07-29 18:31:30.831  3542  3542 E AndroidRuntime: Caused by: android.system.ErrnoException: open failed: ENOENT (No such file or directory)
07-29 18:31:30.831  3542  3542 E AndroidRuntime: 	at libcore.io.Posix.open(Native Method)
07-29 18:31:30.831  3542  3542 E AndroidRuntime: 	at libcore.io.BlockGuardOs.open(BlockGuardOs.java:186)
07-29 18:31:30.831  3542  3542 E AndroidRuntime: 	at libcore.io.IoBridge.open(IoBridge.java:438)
07-29 18:31:30.831  3542  3542 E AndroidRuntime: 	... 12 more
07-29 18:31:30.832   624  1625 W ActivityManager:   Force finishing activity com.iamtrk.androidexplorer/com.iamtrk.ItemListActivity
07-29 18:31:30.850   624  1625 D         : HostConnection::get() New Host Connection established 0xdb5212a0, tid 1625
07-29 18:31:30.869   415   415 E EGL_emulation: tid 415: eglCreateSyncKHR(1215): error 0x3004 (EGL_BAD_ATTRIBUTE)
07-29 18:31:31.796   624   635 W art     : Long monitor contention event with owner method=android.graphics.Bitmap com.android.server.wm.WindowManagerService.screenshotApplicationsInner(android.os.IBinder, int, int, int, boolean) from WindowManagerService.java:6223 waiters=0 for 618ms
07-29 18:31:31.814   624   624 W art     : Long monitor contention event with owner method=void com.android.server.am.ActivityManagerService.crashApplication(com.android.server.am.ProcessRecord, android.app.ApplicationErrorReport$CrashInfo) from ActivityManagerService.java:12568 waiters=0 for 971ms
07-29 18:31:31.849   624  3130 I OpenGLRenderer: Initialized EGL, version 1.4
07-29 18:31:31.889   624  3130 W EGL_emulation: eglSurfaceAttrib not implemented
07-29 18:31:31.889   624  3130 W OpenGLRenderer: Failed to set EGL_SWAP_BEHAVIOR on surface 0xdb498280, error=EGL_SUCCESS
07-29 18:31:32.314   624   640 W ActivityManager: Activity pause timeout for ActivityRecord{2699906 u0 com.iamtrk.androidexplorer/com.iamtrk.ItemListActivity t6 f}
07-29 18:31:32.371  1520  1654 W EGL_emulation: eglSurfaceAttrib not implemented
07-29 18:31:32.371  1520  1654 W OpenGLRenderer: Failed to set EGL_SWAP_BEHAVIOR on surface 0xde722d20, error=EGL_SUCCESS
07-29 18:31:32.926  1520  1654 W OpenGLRenderer: Incorrectly called buildLayer on View: ShortcutAndWidgetContainer, destroying layer...
07-29 18:31:32.926  1520  1654 W OpenGLRenderer: Incorrectly called buildLayer on View: ShortcutAndWidgetContainer, destroying layer...
07-29 18:31:38.195  5715  5715 D AndroidRuntime: >>>>>> START com.android.internal.os.RuntimeInit uid 0 <<<<<<
07-29 18:31:38.196  5715  5715 D AndroidRuntime: CheckJNI is OFF
07-29 18:31:38.206  5715  5715 D ICU     : No timezone override file found: /data/misc/zoneinfo/current/icu/icu_tzdata.dat
07-29 18:31:38.223  5715  5715 E memtrack: Couldn't load memtrack module (No such file or directory)
07-29 18:31:38.223  5715  5715 E android.os.Debug: failed to load memtrack module: -2
07-29 18:31:38.224  5715  5715 I Radio-JNI: register_android_hardware_Radio DONE
07-29 18:31:38.232  5715  5715 D AndroidRuntime: Calling main entry com.android.commands.uiautomator.Launcher
07-29 18:31:39.248  5715  5715 W AccessibilityNodeInfoDumper: Fetch time: 1ms
07-29 18:31:39.249   624  1602 W WindowManager: Attempted to remove non-existing token: android.os.Binder@b28355b
07-29 18:31:39.258  5715  5715 D AndroidRuntime: Shutting down VM
07-29 18:31:39.749  5732  5732 D AndroidRuntime: >>>>>> START com.android.internal.os.RuntimeInit uid 0 <<<<<<
07-29 18:31:39.750  5732  5732 D AndroidRuntime: CheckJNI is OFF
07-29 18:31:39.760  5732  5732 D ICU     : No timezone override file found: /data/misc/zoneinfo/current/icu/icu_tzdata.dat
07-29 18:31:39.776  5732  5732 E memtrack: Couldn't load memtrack module (No such file or directory)
07-29 18:31:39.776  5732  5732 E android.os.Debug: failed to load memtrack module: -2
07-29 18:31:39.777  5732  5732 I Radio-JNI: register_android_hardware_Radio DONE
07-29 18:31:39.782  5732  5732 D AndroidRuntime: Calling main entry com.android.commands.uiautomator.Launcher
07-29 18:31:40.812  5732  5732 W AccessibilityNodeInfoDumper: Fetch time: 2ms
07-29 18:31:40.813   624   960 W WindowManager: Attempted to remove non-existing token: android.os.Binder@69c350e
07-29 18:31:40.842  5732  5732 D AndroidRuntime: Shutting down VM
07-29 18:31:41.941  5755  5755 D AndroidRuntime: >>>>>> START com.android.internal.os.RuntimeInit uid 0 <<<<<<
07-29 18:31:41.943  5755  5755 D AndroidRuntime: CheckJNI is OFF
07-29 18:31:41.951  5755  5755 D ICU     : No timezone override file found: /data/misc/zoneinfo/current/icu/icu_tzdata.dat
07-29 18:31:41.969  5755  5755 E memtrack: Couldn't load memtrack module (No such file or directory)
07-29 18:31:41.969  5755  5755 E android.os.Debug: failed to load memtrack module: -2
07-29 18:31:41.969  5755  5755 I Radio-JNI: register_android_hardware_Radio DONE
07-29 18:31:41.981  5755  5755 D AndroidRuntime: Calling main entry com.android.commands.uiautomator.Launcher
07-29 18:31:42.327   624   640 W ActivityManager: Activity destroy timeout for ActivityRecord{2699906 u0 com.iamtrk.androidexplorer/com.iamtrk.ItemListActivity t6 f}
07-29 18:31:42.999  5755  5755 W AccessibilityNodeInfoDumper: Fetch time: 2ms
07-29 18:31:42.999   624  1059 W WindowManager: Attempted to remove non-existing token: android.os.Binder@f810b2f
07-29 18:31:43.009  5755  5755 D AndroidRuntime: Shutting down VM
07-29 18:31:44.164  5783  5783 D AndroidRuntime: >>>>>> START com.android.internal.os.RuntimeInit uid 0 <<<<<<
07-29 18:31:44.166  5783  5783 D AndroidRuntime: CheckJNI is OFF
07-29 18:31:44.177  5783  5783 D ICU     : No timezone override file found: /data/misc/zoneinfo/current/icu/icu_tzdata.dat
07-29 18:31:44.190  5783  5783 E memtrack: Couldn't load memtrack module (No such file or directory)
07-29 18:31:44.190  5783  5783 E android.os.Debug: failed to load memtrack module: -2
07-29 18:31:44.191  5783  5783 I Radio-JNI: register_android_hardware_Radio DONE
07-29 18:31:44.196  5783  5783 D AndroidRuntime: Calling main entry com.android.commands.uiautomator.Launcher
07-29 18:31:45.215  5783  5783 W AccessibilityNodeInfoDumper: Fetch time: 2ms
07-29 18:31:45.215   624  1077 W WindowManager: Attempted to remove non-existing token: android.os.Binder@b4453c
07-29 18:31:45.223  5783  5783 D AndroidRuntime: Shutting down VM
07-29 18:31:46.345  5808  5808 D AndroidRuntime: >>>>>> START com.android.internal.os.RuntimeInit uid 0 <<<<<<
07-29 18:31:46.346  5808  5808 D AndroidRuntime: CheckJNI is OFF
07-29 18:31:46.356  5808  5808 D ICU     : No timezone override file found: /data/misc/zoneinfo/current/icu/icu_tzdata.dat
07-29 18:31:46.370  5808  5808 E memtrack: Couldn't load memtrack module (No such file or directory)
07-29 18:31:46.370  5808  5808 E android.os.Debug: failed to load memtrack module: -2
07-29 18:31:46.371  5808  5808 I Radio-JNI: register_android_hardware_Radio DONE
07-29 18:31:46.377  5808  5808 D AndroidRuntime: Calling main entry com.android.commands.uiautomator.Launcher
07-29 18:31:47.395  5808  5808 W AccessibilityNodeInfoDumper: Fetch time: 2ms
07-29 18:31:47.397   624  1602 W WindowManager: Attempted to remove non-existing token: android.os.Binder@241f2c5
07-29 18:31:47.406  5808  5808 D AndroidRuntime: Shutting down VM
07-29 18:31:47.886  5825  5825 D AndroidRuntime: >>>>>> START com.android.internal.os.RuntimeInit uid 0 <<<<<<
07-29 18:31:47.888  5825  5825 D AndroidRuntime: CheckJNI is OFF
07-29 18:31:47.899  5825  5825 D ICU     : No timezone override file found: /data/misc/zoneinfo/current/icu/icu_tzdata.dat
07-29 18:31:47.913  5825  5825 E memtrack: Couldn't load memtrack module (No such file or directory)
07-29 18:31:47.913  5825  5825 E android.os.Debug: failed to load memtrack module: -2
07-29 18:31:47.914  5825  5825 I Radio-JNI: register_android_hardware_Radio DONE
07-29 18:31:47.920  5825  5825 D AndroidRuntime: Calling main entry com.android.commands.uiautomator.Launcher
07-29 18:31:48.934  5825  5825 W AccessibilityNodeInfoDumper: Fetch time: 1ms
07-29 18:31:48.934   624  1602 W WindowManager: Attempted to remove non-existing token: android.os.Binder@76a941a
07-29 18:31:48.943  5825  5825 D AndroidRuntime: Shutting down VM
07-29 18:31:50.067  5848  5848 D AndroidRuntime: >>>>>> START com.android.internal.os.RuntimeInit uid 0 <<<<<<
07-29 18:31:50.069  5848  5848 D AndroidRuntime: CheckJNI is OFF
07-29 18:31:50.079  5848  5848 D ICU     : No timezone override file found: /data/misc/zoneinfo/current/icu/icu_tzdata.dat
07-29 18:31:50.092  5848  5848 E memtrack: Couldn't load memtrack module (No such file or directory)
07-29 18:31:50.093  5848  5848 E android.os.Debug: failed to load memtrack module: -2
07-29 18:31:50.093  5848  5848 I Radio-JNI: register_android_hardware_Radio DONE
07-29 18:31:50.100  5848  5848 D AndroidRuntime: Calling main entry com.android.commands.uiautomator.Launcher
07-29 18:31:51.118  5848  5848 W AccessibilityNodeInfoDumper: Fetch time: 2ms
07-29 18:31:51.118   624   956 W WindowManager: Attempted to remove non-existing token: android.os.Binder@79d2b4b
07-29 18:31:51.127  5848  5848 D AndroidRuntime: Shutting down VM
07-29 18:31:51.614  5865  5865 D AndroidRuntime: >>>>>> START com.android.internal.os.RuntimeInit uid 0 <<<<<<
07-29 18:31:51.616  5865  5865 D AndroidRuntime: CheckJNI is OFF
07-29 18:31:51.626  5865  5865 D ICU     : No timezone override file found: /data/misc/zoneinfo/current/icu/icu_tzdata.dat
07-29 18:31:51.640  5865  5865 E memtrack: Couldn't load memtrack module (No such file or directory)
07-29 18:31:51.640  5865  5865 E android.os.Debug: failed to load memtrack module: -2
07-29 18:31:51.641  5865  5865 I Radio-JNI: register_android_hardware_Radio DONE
07-29 18:31:51.647  5865  5865 D AndroidRuntime: Calling main entry com.android.commands.uiautomator.Launcher
07-29 18:31:52.667  5865  5865 W AccessibilityNodeInfoDumper: Fetch time: 2ms
07-29 18:31:52.668   624   636 W WindowManager: Attempted to remove non-existing token: android.os.Binder@ad3f641
07-29 18:31:52.682  5865  5865 D AndroidRuntime: Shutting down VM
07-29 18:31:53.804  5888  5888 D AndroidRuntime: >>>>>> START com.android.internal.os.RuntimeInit uid 0 <<<<<<
07-29 18:31:53.807  5888  5888 D AndroidRuntime: CheckJNI is OFF
07-29 18:31:53.818  5888  5888 D ICU     : No timezone override file found: /data/misc/zoneinfo/current/icu/icu_tzdata.dat
07-29 18:31:53.834  5888  5888 E memtrack: Couldn't load memtrack module (No such file or directory)
07-29 18:31:53.834  5888  5888 E android.os.Debug: failed to load memtrack module: -2
07-29 18:31:53.835  5888  5888 I Radio-JNI: register_android_hardware_Radio DONE
07-29 18:31:53.842  5888  5888 D AndroidRuntime: Calling main entry com.android.commands.uiautomator.Launcher
07-29 18:31:54.866  5888  5888 W AccessibilityNodeInfoDumper: Fetch time: 2ms
07-29 18:31:54.867   624  1077 W WindowManager: Attempted to remove non-existing token: android.os.Binder@88dd7e6
07-29 18:31:54.882  5888  5888 D AndroidRuntime: Shutting down VM
07-29 18:31:55.393  5905  5905 D AndroidRuntime: >>>>>> START com.android.internal.os.RuntimeInit uid 0 <<<<<<
07-29 18:31:55.395  5905  5905 D AndroidRuntime: CheckJNI is OFF
07-29 18:31:55.405  5905  5905 D ICU     : No timezone override file found: /data/misc/zoneinfo/current/icu/icu_tzdata.dat
07-29 18:31:55.419  5905  5905 E memtrack: Couldn't load memtrack module (No such file or directory)
07-29 18:31:55.419  5905  5905 E android.os.Debug: failed to load memtrack module: -2
07-29 18:31:55.420  5905  5905 I Radio-JNI: register_android_hardware_Radio DONE
07-29 18:31:55.428  5905  5905 D AndroidRuntime: Calling main entry com.android.commands.uiautomator.Launcher
07-29 18:31:56.438  5905  5905 W AccessibilityNodeInfoDumper: Fetch time: 1ms
07-29 18:31:56.439   624  1059 W WindowManager: Attempted to remove non-existing token: android.os.Binder@e113127
07-29 18:31:56.463  5905  5905 D AndroidRuntime: Shutting down VM
07-29 18:31:57.571  5928  5928 D AndroidRuntime: >>>>>> START com.android.internal.os.RuntimeInit uid 0 <<<<<<
07-29 18:31:57.572  5928  5928 D AndroidRuntime: CheckJNI is OFF
07-29 18:31:57.582  5928  5928 D ICU     : No timezone override file found: /data/misc/zoneinfo/current/icu/icu_tzdata.dat
07-29 18:31:57.596  5928  5928 E memtrack: Couldn't load memtrack module (No such file or directory)
07-29 18:31:57.596  5928  5928 E android.os.Debug: failed to load memtrack module: -2
07-29 18:31:57.597  5928  5928 I Radio-JNI: register_android_hardware_Radio DONE
07-29 18:31:57.603  5928  5928 D AndroidRuntime: Calling main entry com.android.commands.uiautomator.Launcher
07-29 18:31:58.626  5928  5928 W AccessibilityNodeInfoDumper: Fetch time: 1ms
07-29 18:31:58.627   624   753 W WindowManager: Attempted to remove non-existing token: android.os.Binder@575ffd4
07-29 18:31:58.646  5928  5928 D AndroidRuntime: Shutting down VM
07-29 18:31:59.166  5945  5945 D AndroidRuntime: >>>>>> START com.android.internal.os.RuntimeInit uid 0 <<<<<<
07-29 18:31:59.168  5945  5945 D AndroidRuntime: CheckJNI is OFF
07-29 18:31:59.179  5945  5945 D ICU     : No timezone override file found: /data/misc/zoneinfo/current/icu/icu_tzdata.dat
07-29 18:31:59.195  5945  5945 E memtrack: Couldn't load memtrack module (No such file or directory)
07-29 18:31:59.195  5945  5945 E android.os.Debug: failed to load memtrack module: -2
07-29 18:31:59.197  5945  5945 I Radio-JNI: register_android_hardware_Radio DONE
07-29 18:31:59.202  5945  5945 D AndroidRuntime: Calling main entry com.android.commands.uiautomator.Launcher
07-29 18:32:00.224  5945  5945 W AccessibilityNodeInfoDumper: Fetch time: 2ms
07-29 18:32:00.224   624   960 W WindowManager: Attempted to remove non-existing token: android.os.Binder@928b57d
07-29 18:32:00.234  5945  5945 D AndroidRuntime: Shutting down VM
07-29 18:32:05.780  5965  5965 D AndroidRuntime: >>>>>> START com.android.internal.os.RuntimeInit uid 0 <<<<<<
07-29 18:32:05.781  5965  5965 D AndroidRuntime: CheckJNI is OFF
07-29 18:32:05.797  5965  5965 D ICU     : No timezone override file found: /data/misc/zoneinfo/current/icu/icu_tzdata.dat
07-29 18:32:05.816  5965  5965 E memtrack: Couldn't load memtrack module (No such file or directory)
07-29 18:32:05.816  5965  5965 E android.os.Debug: failed to load memtrack module: -2
07-29 18:32:05.817  5965  5965 I Radio-JNI: register_android_hardware_Radio DONE
07-29 18:32:05.825  5965  5965 D AndroidRuntime: Calling main entry com.android.commands.monkey.Monkey
07-29 18:32:05.833   624   640 W BroadcastQueue: Skipping deliver [background] BroadcastRecord{41d4540 u-1 android.net.conn.CONNECTIVITY_CHANGE} to ReceiverList{b102c79 5965 (unknown name)/0/u-1 remote:94f8c72}: process crashing
07-29 18:32:05.841   624  1596 I ActivityManager: START u0 {act=android.intent.action.MAIN cat=[android.intent.category.LAUNCHER] flg=0x10200000 cmp=com.iamtrk.androidexplorer/com.iamtrk.ItemListActivity} from uid 0 on display 0
07-29 18:32:05.887   624   641 D Sensors : batch handle 1, but there is no batch sensor in genymotion
07-29 18:32:05.891  5965  5965 I art     : System.exit called, status: 0
07-29 18:32:05.891  5965  5965 I AndroidRuntime: VM exiting with result code 0.
07-29 18:32:08.192   624   645 I Choreographer: Skipped 138 frames!  The application may be doing too much work on its main thread.
07-29 18:32:08.210  1520  1654 E Surface : getSlotFromBufferLocked: unknown buffer: 0xdf3b5540
07-29 18:32:12.090  5978  5978 D AndroidRuntime: >>>>>> START com.android.internal.os.RuntimeInit uid 0 <<<<<<
07-29 18:32:12.091  5978  5978 D AndroidRuntime: CheckJNI is OFF
07-29 18:32:12.102  5978  5978 D ICU     : No timezone override file found: /data/misc/zoneinfo/current/icu/icu_tzdata.dat
07-29 18:32:12.115  5978  5978 E memtrack: Couldn't load memtrack module (No such file or directory)
07-29 18:32:12.115  5978  5978 E android.os.Debug: failed to load memtrack module: -2
07-29 18:32:12.116  5978  5978 I Radio-JNI: register_android_hardware_Radio DONE
07-29 18:32:12.122  5978  5978 D AndroidRuntime: Calling main entry com.android.commands.uiautomator.Launcher
07-29 18:32:13.135  5978  5978 W AccessibilityNodeInfoDumper: Fetch time: 2ms
07-29 18:32:13.136   624  1059 W WindowManager: Attempted to remove non-existing token: android.os.Binder@eac7e70
07-29 18:32:13.145  5978  5978 D AndroidRuntime: Shutting down VM
07-29 18:32:13.570  5991  5991 D AndroidRuntime: >>>>>> START com.android.internal.os.RuntimeInit uid 0 <<<<<<
07-29 18:32:13.572  5991  5991 D AndroidRuntime: CheckJNI is OFF
07-29 18:32:13.582  5991  5991 D ICU     : No timezone override file found: /data/misc/zoneinfo/current/icu/icu_tzdata.dat
07-29 18:32:13.593  5991  5991 E memtrack: Couldn't load memtrack module (No such file or directory)
07-29 18:32:13.593  5991  5991 E android.os.Debug: failed to load memtrack module: -2
07-29 18:32:13.594  5991  5991 I Radio-JNI: register_android_hardware_Radio DONE
07-29 18:32:13.601  5991  5991 D AndroidRuntime: Calling main entry com.android.commands.input.Input
07-29 18:32:13.602  5991  5991 I Input   : injectMotionEvent: MotionEvent { action=ACTION_DOWN, actionButton=0, id[0]=0, x[0]=959.0, y[0]=984.0, toolType[0]=TOOL_TYPE_UNKNOWN, buttonState=0, metaState=0, flags=0x0, edgeFlags=0x0, pointerCount=1, historySize=0, eventTime=2026353, downTime=2026353, deviceId=0, source=0x1002 }
07-29 18:32:13.609  5991  5991 I Input   : injectMotionEvent: MotionEvent { action=ACTION_UP, actionButton=0, id[0]=0, x[0]=959.0, y[0]=984.0, toolType[0]=TOOL_TYPE_UNKNOWN, buttonState=0, metaState=0, flags=0x0, edgeFlags=0x0, pointerCount=1, historySize=0, eventTime=2026353, downTime=2026353, deviceId=0, source=0x1002 }
07-29 18:32:13.613  5991  5991 D AndroidRuntime: Shutting down VM
07-29 18:32:13.628  3542  3542 I Process : Sending signal. PID: 3542 SIG: 9
07-29 18:32:13.635   624  3130 E Surface : getSlotFromBufferLocked: unknown buffer: 0xddb94ae0
07-29 18:32:13.691   624  1596 D GraphicsStats: Buffer count: 4
07-29 18:32:13.692   624   960 W libprocessgroup: failed to open /acct/uid_10060/pid_3542/cgroup.procs: No such file or directory
07-29 18:32:13.692   624   960 I ActivityManager: Process com.iamtrk.androidexplorer (pid 3542) has died
07-29 18:32:13.707   624   960 I ActivityManager: Start proc 6000:com.iamtrk.androidexplorer/u0a60 for activity com.iamtrk.androidexplorer/com.iamtrk.ItemListActivity
07-29 18:32:13.735  6000  6000 E libprocessgroup: failed to make and chown /acct/uid_10060: Read-only file system
07-29 18:32:13.735  6000  6000 W Zygote  : createProcessGroup failed, kernel missing CONFIG_CGROUP_CPUACCT?
07-29 18:32:13.750  6000  6000 W System  : ClassLoader referenced unknown path: /data/app/com.iamtrk.androidexplorer-1/lib/x86
07-29 18:32:13.754  6000  6000 D leak-5  : Eastern Standard Time
07-29 18:32:13.763  6000  6000 D leak-18 : Eastern Standard Time
07-29 18:32:13.763  6000  6000 D leak-19 : Eastern Standard Time
07-29 18:32:13.763  6000  6000 D leak-6  : Eastern Standard Time
07-29 18:32:13.767  6000  6000 D leak-20 : Eastern Standard Time
07-29 18:32:13.767  6000  6000 D leak-13 : Eastern Standard Time
07-29 18:32:13.768  6000  6000 D leak-17 : Eastern Standard Time
07-29 18:32:13.768  6000  6000 D leak-7  : Eastern Standard Time
07-29 18:32:13.768   624  1596 I ActivityManager: START u0 {act=android.content.pm.action.REQUEST_PERMISSIONS pkg=com.android.packageinstaller cmp=com.android.packageinstaller/.permission.ui.GrantPermissionsActivity (has extras)} from uid 10060 on display 0
07-29 18:32:13.852  6000  6013 D OpenGLRenderer: Use EGL_SWAP_BEHAVIOR_PRESERVED: true
07-29 18:32:13.856  6000  6000 D         : HostConnection::get() New Host Connection established 0xe9b1f960, tid 6000
07-29 18:32:13.898   624   645 W AppOps  : Finishing op nesting under-run: uid 1000 pkg android code 24 time=0 duration=0 nesting=0
07-29 18:32:13.940  6000  6013 D libEGL  : loaded /system/lib/egl/libEGL_emulation.so
07-29 18:32:13.940  6000  6013 D libEGL  : loaded /system/lib/egl/libGLESv1_CM_emulation.so
07-29 18:32:13.946  6000  6013 D libEGL  : loaded /system/lib/egl/libGLESv2_emulation.so
07-29 18:32:13.950  6000  6013 D         : HostConnection::get() New Host Connection established 0xee8d28e0, tid 6013
07-29 18:32:13.973  6000  6013 I OpenGLRenderer: Initialized EGL, version 1.4
07-29 18:32:14.021  6000  6013 W EGL_emulation: eglSurfaceAttrib not implemented
07-29 18:32:14.021  6000  6013 W OpenGLRenderer: Failed to set EGL_SWAP_BEHAVIOR on surface 0xee8ca560, error=EGL_SUCCESS
07-29 18:32:14.061   624  1077 W InputMethodManagerService: Got RemoteException sending setActive(false) notification to pid 3542 uid 10060
07-29 18:32:14.070  6000  6000 D leak-8  : Eastern Standard Time
07-29 18:32:14.070  6000  6000 D leak-10 : Eastern Standard Time
07-29 18:32:14.089  6000  6000 D leak-11 : Eastern Standard Time
07-29 18:32:14.091  6000  6000 I AppCompatDelegate: The Activity's LayoutInflater already has a Factory installed so we can not install AppCompat's
07-29 18:32:14.311  6000  6013 W EGL_emulation: eglSurfaceAttrib not implemented
07-29 18:32:14.311  6000  6013 W OpenGLRenderer: Failed to set EGL_SWAP_BEHAVIOR on surface 0xee8ca5c0, error=EGL_SUCCESS
07-29 18:32:14.627  6020  6020 D AndroidRuntime: >>>>>> START com.android.internal.os.RuntimeInit uid 0 <<<<<<
07-29 18:32:14.629  6020  6020 D AndroidRuntime: CheckJNI is OFF
07-29 18:32:14.642  6020  6020 D ICU     : No timezone override file found: /data/misc/zoneinfo/current/icu/icu_tzdata.dat
07-29 18:32:14.656  6020  6020 E memtrack: Couldn't load memtrack module (No such file or directory)
07-29 18:32:14.656  6020  6020 E android.os.Debug: failed to load memtrack module: -2
07-29 18:32:14.657  6020  6020 I Radio-JNI: register_android_hardware_Radio DONE
07-29 18:32:14.665  6020  6020 D AndroidRuntime: Calling main entry com.android.commands.am.Am
07-29 18:32:14.674   624   635 I ActivityManager: Force stopping com.iamtrk.androidexplorer appid=10060 user=0: from pid 6020
07-29 18:32:14.674   624   635 I ActivityManager: Killing 6000:com.iamtrk.androidexplorer/u0a60 (adj 0): stop com.iamtrk.androidexplorer
07-29 18:32:14.674   624   635 W libprocessgroup: failed to open /acct/uid_10060/pid_6000/cgroup.procs: No such file or directory
07-29 18:32:14.674   624   635 W ActivityManager: Force removing ActivityRecord{205fdbe u0 com.iamtrk.androidexplorer/com.iamtrk.ItemListActivity t7}: app died, no saved state
07-29 18:32:14.679   624   676 W InputDispatcher: channel '8ac19cc com.iamtrk.androidexplorer/com.iamtrk.ItemListActivity (server)' ~ Consumer closed input channel or an error occurred.  events=0x9
07-29 18:32:14.679   624   676 E InputDispatcher: channel '8ac19cc com.iamtrk.androidexplorer/com.iamtrk.ItemListActivity (server)' ~ Channel is unrecoverably broken and will be disposed!
07-29 18:32:14.679   624   676 W InputDispatcher: channel 'b895b59 com.iamtrk.androidexplorer/com.iamtrk.ItemListActivity (server)' ~ Consumer closed input channel or an error occurred.  events=0x9
07-29 18:32:14.679   624   676 E InputDispatcher: channel 'b895b59 com.iamtrk.androidexplorer/com.iamtrk.ItemListActivity (server)' ~ Channel is unrecoverably broken and will be disposed!
07-29 18:32:14.680   624   956 D GraphicsStats: Buffer count: 4
07-29 18:32:14.686   624  1596 I WindowState: WIN DEATH: Window{8ac19cc u0 com.iamtrk.androidexplorer/com.iamtrk.ItemListActivity}
07-29 18:32:14.686   624  1596 W InputDispatcher: Attempted to unregister already unregistered input channel '8ac19cc com.iamtrk.androidexplorer/com.iamtrk.ItemListActivity (server)'
07-29 18:32:14.701   624   636 I WindowState: WIN DEATH: Window{b895b59 u0 com.iamtrk.androidexplorer/com.iamtrk.ItemListActivity}
07-29 18:32:14.701   624   636 W InputDispatcher: Attempted to unregister already unregistered input channel 'b895b59 com.iamtrk.androidexplorer/com.iamtrk.ItemListActivity (server)'
07-29 18:32:14.767  1520  1654 W EGL_emulation: eglSurfaceAttrib not implemented
07-29 18:32:14.767  1520  1654 W OpenGLRenderer: Failed to set EGL_SWAP_BEHAVIOR on surface 0xde730d40, error=EGL_SUCCESS
07-29 18:32:14.789   624   641 W art     : Long monitor contention event with owner method=void com.android.server.am.ActivityManagerService.forceStopPackage(java.lang.String, int) from ActivityManagerService.java:5303 waiters=0 for 114ms
07-29 18:32:14.789  6020  6020 D AndroidRuntime: Shutting down VM
07-29 18:32:14.831   624  1596 W InputMethodManagerService: Got RemoteException sending setActive(false) notification to pid 6000 uid 10060
07-29 18:32:14.850   624   645 W WindowAnimator: Failed to dispatch window animation state change.
07-29 18:32:14.850   624   645 W WindowAnimator: android.os.DeadObjectException
07-29 18:32:14.850   624   645 W WindowAnimator: 	at android.os.BinderProxy.transactNative(Native Method)
07-29 18:32:14.850   624   645 W WindowAnimator: 	at android.os.BinderProxy.transact(Binder.java:557)
07-29 18:32:14.850   624   645 W WindowAnimator: 	at android.view.IWindow$Stub$Proxy.onAnimationStopped(IWindow.java:534)
07-29 18:32:14.850   624   645 W WindowAnimator: 	at com.android.server.wm.WindowAnimator.updateWindowsLocked(WindowAnimator.java:286)
07-29 18:32:14.850   624   645 W WindowAnimator: 	at com.android.server.wm.WindowAnimator.animateLocked(WindowAnimator.java:678)
07-29 18:32:14.850   624   645 W WindowAnimator: 	at com.android.server.wm.WindowAnimator.-wrap0(WindowAnimator.java)
07-29 18:32:14.850   624   645 W WindowAnimator: 	at com.android.server.wm.WindowAnimator$1.doFrame(WindowAnimator.java:123)
07-29 18:32:14.850   624   645 W WindowAnimator: 	at android.view.Choreographer$CallbackRecord.run(Choreographer.java:856)
07-29 18:32:14.850   624   645 W WindowAnimator: 	at android.view.Choreographer.doCallbacks(Choreographer.java:670)
07-29 18:32:14.850   624   645 W WindowAnimator: 	at android.view.Choreographer.doFrame(Choreographer.java:603)
07-29 18:32:14.850   624   645 W WindowAnimator: 	at android.view.Choreographer$FrameDisplayEventReceiver.run(Choreographer.java:844)
07-29 18:32:14.850   624   645 W WindowAnimator: 	at android.os.Handler.handleCallback(Handler.java:739)
07-29 18:32:14.850   624   645 W WindowAnimator: 	at android.os.Handler.dispatchMessage(Handler.java:95)
07-29 18:32:14.850   624   645 W WindowAnimator: 	at android.os.Looper.loop(Looper.java:148)
07-29 18:32:14.850   624   645 W WindowAnimator: 	at android.os.HandlerThread.run(HandlerThread.java:61)
07-29 18:32:14.850   624   645 W WindowAnimator: 	at com.android.server.ServiceThread.run(ServiceThread.java:46)
07-29 18:32:15.372  1520  1654 W OpenGLRenderer: Incorrectly called buildLayer on View: ShortcutAndWidgetContainer, destroying layer...
07-29 18:32:15.372  1520  1654 W OpenGLRenderer: Incorrectly called buildLayer on View: ShortcutAndWidgetContainer, destroying layer...
07-29 18:32:17.247  6032  6032 D AndroidRuntime: >>>>>> START com.android.internal.os.RuntimeInit uid 0 <<<<<<
07-29 18:32:17.250  6032  6032 D AndroidRuntime: CheckJNI is OFF
07-29 18:32:17.259  6032  6032 D ICU     : No timezone override file found: /data/misc/zoneinfo/current/icu/icu_tzdata.dat
07-29 18:32:17.273  6032  6032 E memtrack: Couldn't load memtrack module (No such file or directory)
07-29 18:32:17.273  6032  6032 E android.os.Debug: failed to load memtrack module: -2
07-29 18:32:17.274  6032  6032 I Radio-JNI: register_android_hardware_Radio DONE
07-29 18:32:17.286  6032  6032 D AndroidRuntime: Calling main entry com.android.commands.monkey.Monkey
07-29 18:32:17.296   624   640 W BroadcastQueue: Skipping deliver [background] BroadcastRecord{cbd2d82 u-1 android.net.conn.CONNECTIVITY_CHANGE} to ReceiverList{4f62c93 6032 (unknown name)/0/u-1 remote:ee1d664}: process crashing
07-29 18:32:17.302   624   635 I ActivityManager: START u0 {act=android.intent.action.MAIN cat=[android.intent.category.LAUNCHER] flg=0x10200000 cmp=com.iamtrk.androidexplorer/com.iamtrk.ItemListActivity} from uid 0 on display 0
07-29 18:32:17.325   624  1625 I ActivityManager: Start proc 6041:com.iamtrk.androidexplorer/u0a60 for activity com.iamtrk.androidexplorer/com.iamtrk.ItemListActivity
07-29 18:32:17.358  6041  6041 E libprocessgroup: failed to make and chown /acct/uid_10060: Read-only file system
07-29 18:32:17.363  6041  6041 W Zygote  : createProcessGroup failed, kernel missing CONFIG_CGROUP_CPUACCT?
07-29 18:32:17.371  6032  6032 I art     : System.exit called, status: 0
07-29 18:32:17.371  6032  6032 I AndroidRuntime: VM exiting with result code 0.
07-29 18:32:17.735  6041  6041 W System  : ClassLoader referenced unknown path: /data/app/com.iamtrk.androidexplorer-1/lib/x86
07-29 18:32:17.763  6041  6052 I art     : Background sticky concurrent mark sweep GC freed 11749(469KB) AllocSpace objects, 0(0B) LOS objects, 82% free, 400KB/2MB, paused 7.331ms total 12.614ms
07-29 18:32:17.859  6041  6041 D leak-5  : Eastern Standard Time
07-29 18:32:18.087  6041  6041 D leak-18 : Eastern Standard Time
07-29 18:32:18.087  6041  6041 D leak-19 : Eastern Standard Time
07-29 18:32:18.087  6041  6041 D leak-6  : Eastern Standard Time
07-29 18:32:18.110  6041  6041 D leak-20 : Eastern Standard Time
07-29 18:32:18.110  6041  6041 D leak-13 : Eastern Standard Time
07-29 18:32:18.132  6041  6041 D leak-17 : Eastern Standard Time
07-29 18:32:18.138  6041  6041 D leak-7  : Eastern Standard Time
07-29 18:32:18.151   624  1625 I ActivityManager: START u0 {act=android.content.pm.action.REQUEST_PERMISSIONS pkg=com.android.packageinstaller cmp=com.android.packageinstaller/.permission.ui.GrantPermissionsActivity (has extras)} from uid 10060 on display 0
07-29 18:32:18.381   624   733 W art     : Long monitor contention event with owner method=int com.android.server.am.ActivityStackSupervisor.startActivityMayWait(android.app.IApplicationThread, int, java.lang.String, android.content.Intent, java.lang.String, android.service.voice.IVoiceInteractionSession, com.android.internal.app.IVoiceInteractor, android.os.IBinder, java.lang.String, int, int, android.app.ProfilerInfo, android.app.IActivityManager$WaitResult, android.content.res.Configuration, android.os.Bundle, boolean, int, android.app.IActivityContainer, com.android.server.am.TaskRecord) from ActivityStackSupervisor.java:946 waiters=0 for 168ms
07-29 18:32:18.591  6041  6055 D OpenGLRenderer: Use EGL_SWAP_BEHAVIOR_PRESERVED: true
07-29 18:32:18.643  6041  6041 D         : HostConnection::get() New Host Connection established 0xe9b1f9f0, tid 6041
07-29 18:32:18.799   624   640 W ActivityManager: Activity pause timeout for ActivityRecord{b17f4d0 u0 com.iamtrk.androidexplorer/com.iamtrk.ItemListActivity t8}
07-29 18:32:19.182  6041  6055 D libEGL  : loaded /system/lib/egl/libEGL_emulation.so
07-29 18:32:19.185  6041  6055 D libEGL  : loaded /system/lib/egl/libGLESv1_CM_emulation.so
07-29 18:32:19.198  6041  6055 D libEGL  : loaded /system/lib/egl/libGLESv2_emulation.so
07-29 18:32:19.210  6041  6055 D         : HostConnection::get() New Host Connection established 0xee8d2840, tid 6055
07-29 18:32:20.012  6041  6055 I OpenGLRenderer: Initialized EGL, version 1.4
07-29 18:32:20.738  6041  6055 W EGL_emulation: eglSurfaceAttrib not implemented
07-29 18:32:20.739  6041  6055 W OpenGLRenderer: Failed to set EGL_SWAP_BEHAVIOR on surface 0xee8ca460, error=EGL_SUCCESS
07-29 18:32:20.828  6041  6041 D leak-8  : Eastern Standard Time
07-29 18:32:20.828  6041  6041 D leak-10 : Eastern Standard Time
07-29 18:32:20.829  6041  6041 D leak-11 : Eastern Standard Time
07-29 18:32:20.830  6041  6041 I AppCompatDelegate: The Activity's LayoutInflater already has a Factory installed so we can not install AppCompat's
07-29 18:32:21.188  1520  1654 E Surface : getSlotFromBufferLocked: unknown buffer: 0xdf3b5070
07-29 18:32:21.227  6041  6055 W EGL_emulation: eglSurfaceAttrib not implemented
07-29 18:32:21.227  6041  6055 W OpenGLRenderer: Failed to set EGL_SWAP_BEHAVIOR on surface 0xee8ca4c0, error=EGL_SUCCESS
07-29 18:32:21.397  2150  2150 I art     : Starting a blocking GC Explicit
07-29 18:32:21.410  2150  2150 I art     : Explicit concurrent mark sweep GC freed 4836(262KB) AllocSpace objects, 4(80KB) LOS objects, 41% free, 711KB/1223KB, paused 102us total 10.598ms
07-29 18:32:21.419  2150  2150 I art     : Starting a blocking GC Explicit
07-29 18:32:21.425  2150  2150 I art     : Explicit concurrent mark sweep GC freed 1112(79KB) AllocSpace objects, 0(0B) LOS objects, 44% free, 632KB/1144KB, paused 70us total 3.441ms
07-29 18:32:21.425  2150  2150 I art     : Starting a blocking GC Explicit
07-29 18:32:21.455  2150  2150 I art     : Explicit concurrent mark sweep GC freed 3(96B) AllocSpace objects, 0(0B) LOS objects, 44% free, 632KB/1144KB, paused 102us total 16.414ms
07-29 18:32:23.273  6072  6072 D AndroidRuntime: >>>>>> START com.android.internal.os.RuntimeInit uid 0 <<<<<<
07-29 18:32:23.276  6072  6072 D AndroidRuntime: CheckJNI is OFF
07-29 18:32:23.285  6072  6072 D ICU     : No timezone override file found: /data/misc/zoneinfo/current/icu/icu_tzdata.dat
07-29 18:32:23.299  6072  6072 E memtrack: Couldn't load memtrack module (No such file or directory)
07-29 18:32:23.299  6072  6072 E android.os.Debug: failed to load memtrack module: -2
07-29 18:32:23.300  6072  6072 I Radio-JNI: register_android_hardware_Radio DONE
07-29 18:32:23.307  6072  6072 D AndroidRuntime: Calling main entry com.android.commands.uiautomator.Launcher
07-29 18:32:24.321  6072  6072 W AccessibilityNodeInfoDumper: Fetch time: 1ms
07-29 18:32:24.321   624   956 W WindowManager: Attempted to remove non-existing token: android.os.Binder@a6994e2
07-29 18:32:24.339  6072  6072 D AndroidRuntime: Shutting down VM
07-29 18:32:24.814  6089  6089 D AndroidRuntime: >>>>>> START com.android.internal.os.RuntimeInit uid 0 <<<<<<
07-29 18:32:24.815  6089  6089 D AndroidRuntime: CheckJNI is OFF
07-29 18:32:24.824  6089  6089 D ICU     : No timezone override file found: /data/misc/zoneinfo/current/icu/icu_tzdata.dat
07-29 18:32:24.837  6089  6089 E memtrack: Couldn't load memtrack module (No such file or directory)
07-29 18:32:24.837  6089  6089 E android.os.Debug: failed to load memtrack module: -2
07-29 18:32:24.838  6089  6089 I Radio-JNI: register_android_hardware_Radio DONE
07-29 18:32:24.845  6089  6089 D AndroidRuntime: Calling main entry com.android.commands.uiautomator.Launcher
07-29 18:32:25.875  6089  6089 W AccessibilityNodeInfoDumper: Fetch time: 1ms
07-29 18:32:25.875   624   960 W WindowManager: Attempted to remove non-existing token: android.os.Binder@7be1b30
07-29 18:32:25.903  6089  6089 D AndroidRuntime: Shutting down VM
07-29 18:32:26.981  6112  6112 D AndroidRuntime: >>>>>> START com.android.internal.os.RuntimeInit uid 0 <<<<<<
07-29 18:32:26.983  6112  6112 D AndroidRuntime: CheckJNI is OFF
07-29 18:32:26.991  6112  6112 D ICU     : No timezone override file found: /data/misc/zoneinfo/current/icu/icu_tzdata.dat
07-29 18:32:27.006  6112  6112 E memtrack: Couldn't load memtrack module (No such file or directory)
07-29 18:32:27.006  6112  6112 E android.os.Debug: failed to load memtrack module: -2
07-29 18:32:27.006  6112  6112 I Radio-JNI: register_android_hardware_Radio DONE
07-29 18:32:27.013  6112  6112 D AndroidRuntime: Calling main entry com.android.commands.uiautomator.Launcher
07-29 18:32:28.026  6112  6112 W AccessibilityNodeInfoDumper: Fetch time: 2ms
07-29 18:32:28.027   624  1059 W WindowManager: Attempted to remove non-existing token: android.os.Binder@f5a63a9
07-29 18:32:28.041  6112  6112 D AndroidRuntime: Shutting down VM
07-29 18:32:29.182  6139  6139 D AndroidRuntime: >>>>>> START com.android.internal.os.RuntimeInit uid 0 <<<<<<
07-29 18:32:29.183  6139  6139 D AndroidRuntime: CheckJNI is OFF
07-29 18:32:29.194  6139  6139 D ICU     : No timezone override file found: /data/misc/zoneinfo/current/icu/icu_tzdata.dat
07-29 18:32:29.207  6139  6139 E memtrack: Couldn't load memtrack module (No such file or directory)
07-29 18:32:29.207  6139  6139 E android.os.Debug: failed to load memtrack module: -2
07-29 18:32:29.208  6139  6139 I Radio-JNI: register_android_hardware_Radio DONE
07-29 18:32:29.217  6139  6139 D AndroidRuntime: Calling main entry com.android.commands.uiautomator.Launcher
07-29 18:32:30.233  6139  6139 W AccessibilityNodeInfoDumper: Fetch time: 1ms
07-29 18:32:30.234   624   960 W WindowManager: Attempted to remove non-existing token: android.os.Binder@1901d2e
07-29 18:32:30.242  6139  6139 D AndroidRuntime: Shutting down VM
07-29 18:32:31.315  6170  6170 D AndroidRuntime: >>>>>> START com.android.internal.os.RuntimeInit uid 0 <<<<<<
07-29 18:32:31.319  6170  6170 D AndroidRuntime: CheckJNI is OFF
07-29 18:32:31.330  6170  6170 D ICU     : No timezone override file found: /data/misc/zoneinfo/current/icu/icu_tzdata.dat
07-29 18:32:31.344  6170  6170 E memtrack: Couldn't load memtrack module (No such file or directory)
07-29 18:32:31.344  6170  6170 E android.os.Debug: failed to load memtrack module: -2
07-29 18:32:31.345  6170  6170 I Radio-JNI: register_android_hardware_Radio DONE
07-29 18:32:31.352  6170  6170 D AndroidRuntime: Calling main entry com.android.commands.pm.Pm
07-29 18:32:31.354   624   640 I ActivityManager: Force stopping com.iamtrk.androidexplorer appid=10060 user=-1: uninstall pkg
07-29 18:32:31.354   624   640 I ActivityManager: Killing 6041:com.iamtrk.androidexplorer/u0a60 (adj 0): stop com.iamtrk.androidexplorer
07-29 18:32:31.355   624   640 W libprocessgroup: failed to open /acct/uid_10060/pid_6041/cgroup.procs: No such file or directory
07-29 18:32:31.355   624   640 W ActivityManager: Force removing ActivityRecord{b17f4d0 u0 com.iamtrk.androidexplorer/com.iamtrk.ItemListActivity t8}: app died, no saved state
07-29 18:32:31.357   624   645 E JavaBinder: !!! FAILED BINDER TRANSACTION !!!  (parcel size = 60)
07-29 18:32:31.363   624   676 W InputDispatcher: channel '76181df com.iamtrk.androidexplorer/com.iamtrk.ItemListActivity (server)' ~ Consumer closed input channel or an error occurred.  events=0x9
07-29 18:32:31.363   624   676 E InputDispatcher: channel '76181df com.iamtrk.androidexplorer/com.iamtrk.ItemListActivity (server)' ~ Channel is unrecoverably broken and will be disposed!
07-29 18:32:31.363   624   676 W InputDispatcher: channel 'c837a39 com.iamtrk.androidexplorer/com.iamtrk.ItemListActivity (server)' ~ Consumer closed input channel or an error occurred.  events=0x9
07-29 18:32:31.363   624   676 E InputDispatcher: channel 'c837a39 com.iamtrk.androidexplorer/com.iamtrk.ItemListActivity (server)' ~ Channel is unrecoverably broken and will be disposed!
07-29 18:32:31.367   624   635 I WindowState: WIN DEATH: Window{76181df u0 com.iamtrk.androidexplorer/com.iamtrk.ItemListActivity}
07-29 18:32:31.367   624   635 W InputDispatcher: Attempted to unregister already unregistered input channel '76181df com.iamtrk.androidexplorer/com.iamtrk.ItemListActivity (server)'
07-29 18:32:31.367   624   960 D GraphicsStats: Buffer count: 4
07-29 18:32:31.368   624   645 W WindowAnimator: Failed to dispatch window animation state change.
07-29 18:32:31.368   624   645 W WindowAnimator: android.os.DeadObjectException
07-29 18:32:31.368   624   645 W WindowAnimator: 	at android.os.BinderProxy.transactNative(Native Method)
07-29 18:32:31.368   624   645 W WindowAnimator: 	at android.os.BinderProxy.transact(Binder.java:557)
07-29 18:32:31.368   624   645 W WindowAnimator: 	at android.view.IWindow$Stub$Proxy.onAnimationStarted(IWindow.java:520)
07-29 18:32:31.368   624   645 W WindowAnimator: 	at com.android.server.wm.WindowAnimator.updateWindowsLocked(WindowAnimator.java:282)
07-29 18:32:31.368   624   645 W WindowAnimator: 	at com.android.server.wm.WindowAnimator.animateLocked(WindowAnimator.java:678)
07-29 18:32:31.368   624   645 W WindowAnimator: 	at com.android.server.wm.WindowAnimator.-wrap0(WindowAnimator.java)
07-29 18:32:31.368   624   645 W WindowAnimator: 	at com.android.server.wm.WindowAnimator$1.doFrame(WindowAnimator.java:123)
07-29 18:32:31.368   624   645 W WindowAnimator: 	at android.view.Choreographer$CallbackRecord.run(Choreographer.java:856)
07-29 18:32:31.368   624   645 W WindowAnimator: 	at android.view.Choreographer.doCallbacks(Choreographer.java:670)
07-29 18:32:31.368   624   645 W WindowAnimator: 	at android.view.Choreographer.doFrame(Choreographer.java:603)
07-29 18:32:31.368   624   645 W WindowAnimator: 	at android.view.Choreographer$FrameDisplayEventReceiver.run(Choreographer.java:844)
07-29 18:32:31.368   624   645 W WindowAnimator: 	at android.os.Handler.handleCallback(Handler.java:739)
07-29 18:32:31.368   624   645 W WindowAnimator: 	at android.os.Handler.dispatchMessage(Handler.java:95)
07-29 18:32:31.368   624   645 W WindowAnimator: 	at android.os.Looper.loop(Looper.java:148)
07-29 18:32:31.368   624   645 W WindowAnimator: 	at android.os.HandlerThread.run(HandlerThread.java:61)
07-29 18:32:31.368   624   645 W WindowAnimator: 	at com.android.server.ServiceThread.run(ServiceThread.java:46)
07-29 18:32:31.368   624  1625 I WindowState: WIN DEATH: Window{c837a39 u0 com.iamtrk.androidexplorer/com.iamtrk.ItemListActivity}
07-29 18:32:31.369   624  1625 W InputDispatcher: Attempted to unregister already unregistered input channel 'c837a39 com.iamtrk.androidexplorer/com.iamtrk.ItemListActivity (server)'
07-29 18:32:31.390   624   649 I art     : Starting a blocking GC Explicit
07-29 18:32:31.437   624   649 I art     : Explicit concurrent mark sweep GC freed 33301(2MB) AllocSpace objects, 33(688KB) LOS objects, 33% free, 6MB/10MB, paused 332us total 47.223ms
07-29 18:32:31.441   624   649 W PackageManager: Couldn't remove dex file for package:  at location /data/app/com.iamtrk.androidexplorer-1/base.apk, retcode=-1
07-29 18:32:31.473  1520  1654 W EGL_emulation: eglSurfaceAttrib not implemented
07-29 18:32:31.473  1520  1654 W OpenGLRenderer: Failed to set EGL_SWAP_BEHAVIOR on surface 0xde77f3e0, error=EGL_SUCCESS
07-29 18:32:31.474  6170  6170 I art     : System.exit called, status: 0
07-29 18:32:31.483  6170  6170 I AndroidRuntime: VM exiting with result code 0.
07-29 18:32:31.485   624   649 I ActivityManager: Force stopping com.iamtrk.androidexplorer appid=10060 user=0: pkg removed
07-29 18:32:31.535   624   645 W WindowAnimator: Failed to dispatch window animation state change.
07-29 18:32:31.535   624   645 W WindowAnimator: android.os.DeadObjectException
07-29 18:32:31.535   624   645 W WindowAnimator: 	at android.os.BinderProxy.transactNative(Native Method)
07-29 18:32:31.535   624   645 W WindowAnimator: 	at android.os.BinderProxy.transact(Binder.java:557)
07-29 18:32:31.535   624   645 W WindowAnimator: 	at android.view.IWindow$Stub$Proxy.onAnimationStopped(IWindow.java:534)
07-29 18:32:31.535   624   645 W WindowAnimator: 	at com.android.server.wm.WindowAnimator.updateWindowsLocked(WindowAnimator.java:286)
