07-29 18:34:46.603  7954  7954 E AndroidRuntime: java.lang.RuntimeException: Unable to start activity ComponentInfo{com.iamtrk.androidexplorer/com.iamtrk.ItemListActivity}: java.lang.RuntimeException: java.io.FileNotFoundException: /sys/devices/system/cpu/cpu0/cpufreq/scaling_cur_freq: open failed: ENOENT (No such file or directory)
07-29 18:34:46.603  7954  7954 E AndroidRuntime: 	at android.app.ActivityThread.performLaunchActivity(ActivityThread.java:2416)
07-29 18:34:46.603  7954  7954 E AndroidRuntime: 	at android.app.ActivityThread.handleLaunchActivity(ActivityThread.java:2476)
07-29 18:34:46.603  7954  7954 E AndroidRuntime: 	at android.app.ActivityThread.-wrap11(ActivityThread.java)
07-29 18:34:46.603  7954  7954 E AndroidRuntime: 	at android.app.ActivityThread$H.handleMessage(ActivityThread.java:1344)
07-29 18:34:46.603  7954  7954 E AndroidRuntime: 	at android.os.Handler.dispatchMessage(Handler.java:102)
07-29 18:34:46.603  7954  7954 E AndroidRuntime: 	at android.os.Looper.loop(Looper.java:148)
07-29 18:34:46.603  7954  7954 E AndroidRuntime: 	at android.app.ActivityThread.main(ActivityThread.java:5417)
07-29 18:34:46.603  7954  7954 E AndroidRuntime: 	at java.lang.reflect.Method.invoke(Native Method)
07-29 18:34:46.603  7954  7954 E AndroidRuntime: 	at com.android.internal.os.ZygoteInit$MethodAndArgsCaller.run(ZygoteInit.java:726)
07-29 18:34:46.603  7954  7954 E AndroidRuntime: 	at com.android.internal.os.ZygoteInit.main(ZygoteInit.java:616)
07-29 18:34:46.603  7954  7954 E AndroidRuntime: Caused by: java.lang.RuntimeException: java.io.FileNotFoundException: /sys/devices/system/cpu/cpu0/cpufreq/scaling_cur_freq: open failed: ENOENT (No such file or directory)
07-29 18:34:46.603  7954  7954 E AndroidRuntime: 	at com.iamtrk.a.c.<init>(Unknown Source)
07-29 18:34:46.603  7954  7954 E AndroidRuntime: 	at com.iamtrk.ItemListActivity.k(Unknown Source)
07-29 18:34:46.603  7954  7954 E AndroidRuntime: 	at com.iamtrk.ItemListActivity.onCreate(Unknown Source)
07-29 18:34:46.603  7954  7954 E AndroidRuntime: 	at android.app.Activity.performCreate(Activity.java:6237)
07-29 18:34:46.603  7954  7954 E AndroidRuntime: 	at android.app.Instrumentation.callActivityOnCreate(Instrumentation.java:1107)
07-29 18:34:46.603  7954  7954 E AndroidRuntime: 	at android.app.ActivityThread.performLaunchActivity(ActivityThread.java:2369)
07-29 18:34:46.603  7954  7954 E AndroidRuntime: 	... 9 more
07-29 18:34:46.603  7954  7954 E AndroidRuntime: Caused by: java.io.FileNotFoundException: /sys/devices/system/cpu/cpu0/cpufreq/scaling_cur_freq: open failed: ENOENT (No such file or directory)
07-29 18:34:46.603  7954  7954 E AndroidRuntime: 	at libcore.io.IoBridge.open(IoBridge.java:452)
07-29 18:34:46.603  7954  7954 E AndroidRuntime: 	at java.io.RandomAccessFile.<init>(RandomAccessFile.java:117)
07-29 18:34:46.603  7954  7954 E AndroidRuntime: 	at java.io.RandomAccessFile.<init>(RandomAccessFile.java:149)
07-29 18:34:46.603  7954  7954 E AndroidRuntime: 	... 15 more
07-29 18:34:46.603  7954  7954 E AndroidRuntime: Caused by: android.system.ErrnoException: open failed: ENOENT (No such file or directory)
07-29 18:34:46.603  7954  7954 E AndroidRuntime: 	at libcore.io.Posix.open(Native Method)
07-29 18:34:46.603  7954  7954 E AndroidRuntime: 	at libcore.io.BlockGuardOs.open(BlockGuardOs.java:186)
07-29 18:34:46.603  7954  7954 E AndroidRuntime: 	at libcore.io.IoBridge.open(IoBridge.java:438)
07-29 18:34:46.603  7954  7954 E AndroidRuntime: 	... 17 more
07-29 18:34:46.622   624   753 W ActivityManager:   Force finishing activity com.iamtrk.androidexplorer/com.iamtrk.ItemListActivity
07-29 18:34:46.634   624   645 W AppOps  : Finishing op nesting under-run: uid 1000 pkg android code 24 time=0 duration=0 nesting=0
07-29 18:34:46.949   624   753 I WindowManager: Screenshot max retries 4 of Token{11ce4d1 ActivityRecord{bf2c7f8 u0 com.iamtrk.androidexplorer/com.iamtrk.ItemListActivity t15 f}} appWin=Window{4965d09 u0 Starting com.iamtrk.androidexplorer} drawState=4
07-29 18:34:46.949   624   624 W art     : Long monitor contention event with owner method=void com.android.server.am.ActivityManagerService.crashApplication(com.android.server.am.ProcessRecord, android.app.ApplicationErrorReport$CrashInfo) from ActivityManagerService.java:12568 waiters=0 for 330ms
07-29 18:34:46.982   624  3130 I OpenGLRenderer: Initialized EGL, version 1.4
07-29 18:34:47.041   624  3130 W EGL_emulation: eglSurfaceAttrib not implemented
07-29 18:34:47.041   624  3130 W OpenGLRenderer: Failed to set EGL_SWAP_BEHAVIOR on surface 0xdb4345a0, error=EGL_SUCCESS
07-29 18:34:47.355  7970  7970 D AndroidRuntime: >>>>>> START com.android.internal.os.RuntimeInit uid 0 <<<<<<
07-29 18:34:47.357  7970  7970 D AndroidRuntime: CheckJNI is OFF
07-29 18:34:47.372  7970  7970 D ICU     : No timezone override file found: /data/misc/zoneinfo/current/icu/icu_tzdata.dat
07-29 18:34:47.385  7970  7970 E memtrack: Couldn't load memtrack module (No such file or directory)
07-29 18:34:47.385  7970  7970 E android.os.Debug: failed to load memtrack module: -2
07-29 18:34:47.386  7970  7970 I Radio-JNI: register_android_hardware_Radio DONE
07-29 18:34:47.394  7970  7970 D AndroidRuntime: Calling main entry com.android.commands.am.Am
07-29 18:34:47.399   624  1625 I ActivityManager: Force stopping com.iamtrk.androidexplorer appid=10061 user=0: from pid 7970
07-29 18:34:47.399   624  1625 I ActivityManager: Killing 7954:com.iamtrk.androidexplorer/u0a61 (adj 0): stop com.iamtrk.androidexplorer
07-29 18:34:47.399   624  1625 W libprocessgroup: failed to open /acct/uid_10061/pid_7954/cgroup.procs: No such file or directory
07-29 18:34:47.406  7970  7970 D AndroidRuntime: Shutting down VM
07-29 18:34:47.409   624  3130 E Surface : getSlotFromBufferLocked: unknown buffer: 0xddb94b50
07-29 18:34:47.432  1520  1654 W EGL_emulation: eglSurfaceAttrib not implemented
07-29 18:34:47.432  1520  1654 W OpenGLRenderer: Failed to set EGL_SWAP_BEHAVIOR on surface 0xde730ee0, error=EGL_SUCCESS
07-29 18:34:47.462   624   799 W InputMethodManagerService: Window already focused, ignoring focus gain of: com.android.internal.view.IInputMethodClient$Stub$Proxy@9ff05ed attribute=null, token = android.os.BinderProxy@1311ece
07-29 18:34:47.582   624   645 W AppOps  : Finishing op nesting under-run: uid 1000 pkg android code 24 time=0 duration=0 nesting=0
07-29 18:34:47.981  1520  1654 W OpenGLRenderer: Incorrectly called buildLayer on View: ShortcutAndWidgetContainer, destroying layer...
07-29 18:34:47.981  1520  1654 W OpenGLRenderer: Incorrectly called buildLayer on View: ShortcutAndWidgetContainer, destroying layer...
07-29 18:34:49.807  7981  7981 D AndroidRuntime: >>>>>> START com.android.internal.os.RuntimeInit uid 0 <<<<<<
07-29 18:34:49.808  7981  7981 D AndroidRuntime: CheckJNI is OFF
07-29 18:34:49.817  7981  7981 D ICU     : No timezone override file found: /data/misc/zoneinfo/current/icu/icu_tzdata.dat
07-29 18:34:49.829  7981  7981 E memtrack: Couldn't load memtrack module (No such file or directory)
07-29 18:34:49.829  7981  7981 E android.os.Debug: failed to load memtrack module: -2
07-29 18:34:49.830  7981  7981 I Radio-JNI: register_android_hardware_Radio DONE
07-29 18:34:49.836  7981  7981 D AndroidRuntime: Calling main entry com.android.commands.monkey.Monkey
07-29 18:34:49.853   624   640 W BroadcastQueue: Skipping deliver [background] BroadcastRecord{dd313e9 u-1 android.net.conn.CONNECTIVITY_CHANGE} to ReceiverList{226a86e 7981 (unknown name)/0/u-1 remote:10016b3}: process crashing
07-29 18:34:49.857   624   635 I ActivityManager: START u0 {act=android.intent.action.MAIN cat=[android.intent.category.LAUNCHER] flg=0x10200000 cmp=com.iamtrk.androidexplorer/com.iamtrk.ItemListActivity} from uid 0 on display 0
07-29 18:34:49.884   624   956 I ActivityManager: Start proc 7990:com.iamtrk.androidexplorer/u0a61 for activity com.iamtrk.androidexplorer/com.iamtrk.ItemListActivity
07-29 18:34:49.903   624   641 D Sensors : batch handle 1, but there is no batch sensor in genymotion
07-29 18:34:49.903  7981  7981 I art     : System.exit called, status: 0
07-29 18:34:49.903  7981  7981 I AndroidRuntime: VM exiting with result code 0.
07-29 18:34:49.912  7990  7990 E libprocessgroup: failed to make and chown /acct/uid_10061: Read-only file system
07-29 18:34:49.912  7990  7990 W Zygote  : createProcessGroup failed, kernel missing CONFIG_CGROUP_CPUACCT?
07-29 18:34:50.210   624   641 W art     : Long monitor contention event with owner method=void com.android.server.am.ActivityManagerService.attachApplication(android.app.IApplicationThread) from ActivityManagerService.java:6235 waiters=1 for 119ms
07-29 18:34:50.315  7990  7990 W System  : ClassLoader referenced unknown path: /data/app/com.iamtrk.androidexplorer-1/lib/x86
07-29 18:34:50.334  7990  7990 D leak-5  : Eastern Standard Time
07-29 18:34:50.459  7990  7990 D leak-18 : Eastern Standard Time
07-29 18:34:50.459  7990  7990 D leak-19 : Eastern Standard Time
07-29 18:34:50.459  7990  7990 D leak-6  : Eastern Standard Time
07-29 18:34:50.477  7990  7990 D leak-21 : Eastern Standard Time
07-29 18:34:50.477  7990  7990 D leak-34 : Eastern Standard Time
07-29 18:34:50.477  7990  7990 D leak-186: Eastern Standard Time
07-29 18:34:50.498  7990  7990 D leak-63 : Eastern Standard Time
07-29 18:34:50.498  7990  7990 D leak-64 : Eastern Standard Time
07-29 18:34:50.499  7990  7990 D leak-75 : Eastern Standard Time
07-29 18:34:50.499  7990  7990 D leak-79 : Eastern Standard Time
07-29 18:34:50.499  7990  7990 D leak-55 : Eastern Standard Time
07-29 18:34:50.499  7990  7990 D leak-63 : Eastern Standard Time
07-29 18:34:50.499  7990  7990 D leak-64 : Eastern Standard Time
07-29 18:34:50.499  7990  7990 D leak-143: Eastern Standard Time
07-29 18:34:50.499  7990  7990 D leak-144: Eastern Standard Time
07-29 18:34:50.499  7990  7990 D leak-55 : Eastern Standard Time
07-29 18:34:50.499  7990  7990 D leak-63 : Eastern Standard Time
07-29 18:34:50.499  7990  7990 D leak-64 : Eastern Standard Time
07-29 18:34:50.499  7990  7990 D leak-117: Eastern Standard Time
07-29 18:34:50.499  7990  7990 D leak-118: Eastern Standard Time
07-29 18:34:50.499  7990  7990 D leak-55 : Eastern Standard Time
07-29 18:34:50.499  7990  7990 D leak-63 : Eastern Standard Time
07-29 18:34:50.499  7990  7990 D leak-64 : Eastern Standard Time
07-29 18:34:50.499  7990  7990 D leak-89 : Eastern Standard Time
07-29 18:34:50.499  7990  7990 D leak-91 : Eastern Standard Time
07-29 18:34:50.499  7990  7990 D leak-92 : Eastern Standard Time
07-29 18:34:50.509  7990  7990 D leak-68 : Eastern Standard Time
07-29 18:34:50.509  7990  7990 D leak-69 : Eastern Standard Time
07-29 18:34:50.509  7990  7990 D leak-68 : Eastern Standard Time
07-29 18:34:50.509  7990  7990 D leak-69 : Eastern Standard Time
07-29 18:34:50.509  7990  7990 D leak-68 : Eastern Standard Time
07-29 18:34:50.509  7990  7990 D leak-69 : Eastern Standard Time
07-29 18:34:50.509  7990  7990 D leak-68 : Eastern Standard Time
07-29 18:34:50.509  7990  7990 D leak-69 : Eastern Standard Time
07-29 18:34:50.509  7990  7990 D leak-68 : Eastern Standard Time
07-29 18:34:50.509  7990  7990 D leak-69 : Eastern Standard Time
07-29 18:34:50.509  7990  7990 D leak-68 : Eastern Standard Time
07-29 18:34:50.509  7990  7990 D leak-69 : Eastern Standard Time
07-29 18:34:50.509  7990  7990 D leak-68 : Eastern Standard Time
07-29 18:34:50.509  7990  7990 D leak-69 : Eastern Standard Time
07-29 18:34:50.509  7990  7990 D leak-68 : Eastern Standard Time
07-29 18:34:50.509  7990  7990 D leak-69 : Eastern Standard Time
07-29 18:34:50.509  7990  7990 D leak-70 : Eastern Standard Time
07-29 18:34:50.509  7990  7990 D leak-71 : Eastern Standard Time
07-29 18:34:50.509  7990  7990 D leak-71 : Eastern Standard Time
07-29 18:34:50.509  7990  7990 D leak-72 : Eastern Standard Time
07-29 18:34:50.509  7990  7990 D leak-73 : Eastern Standard Time
07-29 18:34:50.509  7990  7990 D leak-71 : Eastern Standard Time
07-29 18:34:50.523  7990  7990 D leak-71 : Eastern Standard Time
07-29 18:34:50.528  7990  7990 D leak-71 : Eastern Standard Time
07-29 18:34:50.528  7990  7990 D leak-71 : Eastern Standard Time
07-29 18:34:50.528  7990  7990 D leak-71 : Eastern Standard Time
07-29 18:34:50.528  7990  7990 D leak-72 : Eastern Standard Time
07-29 18:34:50.528  7990  7990 D leak-73 : Eastern Standard Time
07-29 18:34:50.528  7990  7990 D leak-71 : Eastern Standard Time
07-29 18:34:50.528  7990  7990 I ConfigItem: Config: {1.0 310mcc270mnc en_US ldltr sw600dp w600dp h888dp 320dpi lrg port finger -keyb/v/h dpad/v s.7}
07-29 18:34:50.528  7990  7990 I ConfigItem: fontScale: 1.00000
07-29 18:34:50.528  7990  7990 I ConfigItem: hardKeyboardHidden: 2
07-29 18:34:50.528  7990  7990 I ConfigItem: keyboard: 1
07-29 18:34:50.528  7990  7990 I ConfigItem: keyboardHidden: 1
07-29 18:34:50.528  7990  7990 I ConfigItem: locale: en_US
07-29 18:34:50.528  7990  7990 I ConfigItem: mcc: 310
07-29 18:34:50.528  7990  7990 I ConfigItem: mnc: 270
07-29 18:34:50.528  7990  7990 I ConfigItem: navigation: 2
07-29 18:34:50.528  7990  7990 I ConfigItem: navigationHidden: 1
07-29 18:34:50.528  7990  7990 I ConfigItem: orientation: 1
07-29 18:34:50.528  7990  7990 I ConfigItem: screenHeightDp: 888
07-29 18:34:50.528  7990  7990 I ConfigItem: screenLayout: 0x10000153
07-29 18:34:50.528  7990  7990 I ConfigItem: screenWidthDp: 600
07-29 18:34:50.528  7990  7990 I ConfigItem: smallestScreenWidthDp: 600
07-29 18:34:50.528  7990  7990 I ConfigItem: touchscreen: 3
07-29 18:34:50.528  7990  7990 I ConfigItem: uiMode: UI_MODE_TYPE_NORMAL|UI_MODE_NIGHT_NO
07-29 18:34:50.528  7990  7990 D leak-55 : Eastern Standard Time
07-29 18:34:50.547  7990  7990 D leak-63 : Eastern Standard Time
07-29 18:34:50.553  7990  7990 D leak-64 : Eastern Standard Time
07-29 18:34:50.553  7990  7990 D leak-85 : Eastern Standard Time
07-29 18:34:50.553  7990  7990 D leak-87 : Eastern Standard Time
07-29 18:34:50.553  7990  7990 D leak-55 : Eastern Standard Time
07-29 18:34:50.553  7990  7990 D leak-63 : Eastern Standard Time
07-29 18:34:50.553  7990  7990 D leak-64 : Eastern Standard Time
07-29 18:34:50.553  7990  7990 D leak-101: Eastern Standard Time
07-29 18:34:50.553  7990  7990 D leak-103: Eastern Standard Time
07-29 18:34:50.553  7990  7990 D leak-55 : Eastern Standard Time
07-29 18:34:50.553  7990  7990 D leak-63 : Eastern Standard Time
07-29 18:34:50.553  7990  7990 D leak-64 : Eastern Standard Time
07-29 18:34:50.553  7990  7990 D leak-101: Eastern Standard Time
07-29 18:34:50.553  7990  7990 D leak-103: Eastern Standard Time
07-29 18:34:50.553  7990  7990 D leak-55 : Eastern Standard Time
07-29 18:34:50.554  7990  7990 D leak-63 : Eastern Standard Time
07-29 18:34:50.554  7990  7990 D leak-64 : Eastern Standard Time
07-29 18:34:50.554  7990  7990 D leak-101: Eastern Standard Time
07-29 18:34:50.554  7990  7990 D leak-103: Eastern Standard Time
07-29 18:34:50.554  7990  7990 D leak-55 : Eastern Standard Time
07-29 18:34:50.554  7990  7990 D leak-63 : Eastern Standard Time
07-29 18:34:50.554  7990  7990 D leak-64 : Eastern Standard Time
07-29 18:34:50.554  7990  7990 D leak-101: Eastern Standard Time
07-29 18:34:50.554  7990  7990 D leak-103: Eastern Standard Time
07-29 18:34:50.554  7990  7990 D leak-55 : Eastern Standard Time
07-29 18:34:50.554  7990  7990 D leak-63 : Eastern Standard Time
07-29 18:34:50.554  7990  7990 D leak-64 : Eastern Standard Time
07-29 18:34:50.554  7990  7990 D leak-171: Eastern Standard Time
07-29 18:34:50.554  7990  7990 D leak-172: Eastern Standard Time
07-29 18:34:50.554  7990  7990 D leak-55 : Eastern Standard Time
07-29 18:34:50.554  7990  7990 D leak-63 : Eastern Standard Time
07-29 18:34:50.554  7990  7990 D leak-64 : Eastern Standard Time
07-29 18:34:50.554  7990  7990 D leak-139: Eastern Standard Time
07-29 18:34:50.554  7990  7990 D leak-140: Eastern Standard Time
07-29 18:34:50.554  7990  7990 D leak-55 : Eastern Standard Time
07-29 18:34:50.554  7990  7990 D leak-63 : Eastern Standard Time
07-29 18:34:50.554  7990  7990 D leak-64 : Eastern Standard Time
07-29 18:34:50.554  7990  7990 D leak-132: Eastern Standard Time
07-29 18:34:50.554  7990  7990 D leak-133: Eastern Standard Time
07-29 18:34:50.554  7990  7990 D leak-55 : Eastern Standard Time
07-29 18:34:50.554  7990  7990 D leak-63 : Eastern Standard Time
07-29 18:34:50.554  7990  7990 D leak-64 : Eastern Standard Time
07-29 18:34:50.554  7990  7990 D leak-101: Eastern Standard Time
07-29 18:34:50.554  7990  7990 D leak-103: Eastern Standard Time
07-29 18:34:50.554  7990  7990 D leak-55 : Eastern Standard Time
07-29 18:34:50.555  7990  7990 D leak-63 : Eastern Standard Time
07-29 18:34:50.555  7990  7990 D leak-64 : Eastern Standard Time
07-29 18:34:50.555  7990  7990 D leak-105: Eastern Standard Time
07-29 18:34:50.555  7990  7990 D leak-106: Eastern Standard Time
07-29 18:34:50.555  7990  7990 D leak-55 : Eastern Standard Time
07-29 18:34:50.555  7990  7990 D leak-63 : Eastern Standard Time
07-29 18:34:50.555  7990  7990 D leak-64 : Eastern Standard Time
07-29 18:34:50.555  7990  7990 D leak-101: Eastern Standard Time
07-29 18:34:50.555  7990  7990 D leak-103: Eastern Standard Time
07-29 18:34:50.555  7990  7990 D leak-55 : Eastern Standard Time
07-29 18:34:50.555  7990  7990 D leak-63 : Eastern Standard Time
07-29 18:34:50.555  7990  7990 D leak-64 : Eastern Standard Time
07-29 18:34:50.555  7990  7990 D leak-101: Eastern Standard Time
07-29 18:34:50.555  7990  7990 D leak-103: Eastern Standard Time
07-29 18:34:50.555  7990  7990 D leak-55 : Eastern Standard Time
07-29 18:34:50.555  7990  7990 D leak-63 : Eastern Standard Time
07-29 18:34:50.555  7990  7990 D leak-64 : Eastern Standard Time
07-29 18:34:50.555  7990  7990 D leak-101: Eastern Standard Time
07-29 18:34:50.555  7990  7990 D leak-103: Eastern Standard Time
07-29 18:34:50.555  7990  7990 D leak-55 : Eastern Standard Time
07-29 18:34:50.555  7990  7990 D leak-63 : Eastern Standard Time
07-29 18:34:50.555  7990  7990 D leak-64 : Eastern Standard Time
07-29 18:34:50.555  7990  7990 D leak-101: Eastern Standard Time
07-29 18:34:50.555  7990  7990 D leak-103: Eastern Standard Time
07-29 18:34:50.555  7990  7990 D leak-55 : Eastern Standard Time
07-29 18:34:50.555  7990  7990 D leak-63 : Eastern Standard Time
07-29 18:34:50.555  7990  7990 D leak-64 : Eastern Standard Time
07-29 18:34:50.555  7990  7990 D leak-94 : Eastern Standard Time
07-29 18:34:50.555  7990  7990 D leak-95 : Eastern Standard Time
07-29 18:34:50.555  7990  7990 D leak-55 : Eastern Standard Time
07-29 18:34:50.555  7990  7990 D leak-63 : Eastern Standard Time
07-29 18:34:50.555  7990  7990 D leak-64 : Eastern Standard Time
07-29 18:34:50.555  7990  7990 D leak-81 : Eastern Standard Time
07-29 18:34:50.555  7990  7990 D leak-82 : Eastern Standard Time
07-29 18:34:50.555  7990  7990 D leak-55 : Eastern Standard Time
07-29 18:34:50.598  7990  7990 D leak-63 : Eastern Standard Time
07-29 18:34:50.603  7990  7990 D leak-64 : Eastern Standard Time
07-29 18:34:50.603  7990  7990 D leak-111: Eastern Standard Time
07-29 18:34:50.603  7990  7990 D leak-112: Eastern Standard Time
07-29 18:34:50.603  7990  7990 D leak-55 : Eastern Standard Time
07-29 18:34:50.603  7990  7990 D leak-63 : Eastern Standard Time
07-29 18:34:50.603  7990  7990 D leak-64 : Eastern Standard Time
07-29 18:34:50.603  7990  7990 D leak-175: Eastern Standard Time
07-29 18:34:50.603  7990  7990 D leak-176: Eastern Standard Time
07-29 18:34:50.603  7990  7990 D leak-55 : Eastern Standard Time
07-29 18:34:50.603  7990  7990 D leak-63 : Eastern Standard Time
07-29 18:34:50.603  7990  7990 D leak-64 : Eastern Standard Time
07-29 18:34:50.603  7990  7990 D leak-101: Eastern Standard Time
07-29 18:34:50.603  7990  7990 D leak-103: Eastern Standard Time
07-29 18:34:50.603  7990  7990 D leak-55 : Eastern Standard Time
07-29 18:34:50.634  7990  7990 D leak-231: Eastern Standard Time
07-29 18:34:50.635  7990  7990 D leak-230: Eastern Standard Time
07-29 18:34:50.635  7990  7990 D leak-233: Eastern Standard Time
07-29 18:34:50.635  7990  7990 D leak-239: Eastern Standard Time
07-29 18:34:50.635  7990  7990 D leak-234: Eastern Standard Time
07-29 18:34:50.642  7990  7990 D leak-46 : Eastern Standard Time
07-29 18:34:50.647  7990  7990 D leak-47 : Eastern Standard Time
07-29 18:34:50.647  7990  7990 D leak-51 : Eastern Standard Time
07-29 18:34:50.647  7990  7990 D leak-235: Eastern Standard Time
07-29 18:34:50.654  7990  7990 D leak-202: Eastern Standard Time
07-29 18:34:50.654  7990  7990 D leak-203: Eastern Standard Time
07-29 18:34:50.654  7990  7990 D leak-204: Eastern Standard Time
07-29 18:34:50.654  7990  7990 D leak-237: Eastern Standard Time
07-29 18:34:50.655  7990  7990 D leak-188: Eastern Standard Time
07-29 18:34:50.655  7990  7990 D leak-189: Eastern Standard Time
07-29 18:34:50.655  7990  7990 D leak-190: Eastern Standard Time
07-29 18:34:50.655  7990  7990 D leak-210: Eastern Standard Time
07-29 18:34:50.655  7990  7990 D leak-211: Eastern Standard Time
07-29 18:34:50.655  7990  7990 D leak-212: Eastern Standard Time
07-29 18:34:50.655  7990  7990 D leak-213: Eastern Standard Time
07-29 18:34:50.655  7990  7990 D AndroidRuntime: Shutting down VM
07-29 18:34:50.657  7990  7990 E AndroidRuntime: FATAL EXCEPTION: main
07-29 18:34:50.657  7990  7990 E AndroidRuntime: Process: com.iamtrk.androidexplorer, PID: 7990
07-29 18:34:50.657  7990  7990 E AndroidRuntime: java.lang.RuntimeException: Unable to start activity ComponentInfo{com.iamtrk.androidexplorer/com.iamtrk.ItemListActivity}: java.lang.RuntimeException: java.io.FileNotFoundException: /sys/devices/system/cpu/cpu0/cpufreq/scaling_cur_freq: open failed: ENOENT (No such file or directory)
07-29 18:34:50.657  7990  7990 E AndroidRuntime: 	at android.app.ActivityThread.performLaunchActivity(ActivityThread.java:2416)
07-29 18:34:50.657  7990  7990 E AndroidRuntime: 	at android.app.ActivityThread.handleLaunchActivity(ActivityThread.java:2476)
07-29 18:34:50.657  7990  7990 E AndroidRuntime: 	at android.app.ActivityThread.-wrap11(ActivityThread.java)
07-29 18:34:50.657  7990  7990 E AndroidRuntime: 	at android.app.ActivityThread$H.handleMessage(ActivityThread.java:1344)
07-29 18:34:50.657  7990  7990 E AndroidRuntime: 	at android.os.Handler.dispatchMessage(Handler.java:102)
07-29 18:34:50.657  7990  7990 E AndroidRuntime: 	at android.os.Looper.loop(Looper.java:148)
07-29 18:34:50.657  7990  7990 E AndroidRuntime: 	at android.app.ActivityThread.main(ActivityThread.java:5417)
07-29 18:34:50.657  7990  7990 E AndroidRuntime: 	at java.lang.reflect.Method.invoke(Native Method)
07-29 18:34:50.657  7990  7990 E AndroidRuntime: 	at com.android.internal.os.ZygoteInit$MethodAndArgsCaller.run(ZygoteInit.java:726)
07-29 18:34:50.657  7990  7990 E AndroidRuntime: 	at com.android.internal.os.ZygoteInit.main(ZygoteInit.java:616)
07-29 18:34:50.657  7990  7990 E AndroidRuntime: Caused by: java.lang.RuntimeException: java.io.FileNotFoundException: /sys/devices/system/cpu/cpu0/cpufreq/scaling_cur_freq: open failed: ENOENT (No such file or directory)
07-29 18:34:50.657  7990  7990 E AndroidRuntime: 	at com.iamtrk.a.c.<init>(Unknown Source)
07-29 18:34:50.657  7990  7990 E AndroidRuntime: 	at com.iamtrk.ItemListActivity.k(Unknown Source)
07-29 18:34:50.657  7990  7990 E AndroidRuntime: 	at com.iamtrk.ItemListActivity.onCreate(Unknown Source)
07-29 18:34:50.657  7990  7990 E AndroidRuntime: 	at android.app.Activity.performCreate(Activity.java:6237)
07-29 18:34:50.657  7990  7990 E AndroidRuntime: 	at android.app.Instrumentation.callActivityOnCreate(Instrumentation.java:1107)
07-29 18:34:50.657  7990  7990 E AndroidRuntime: 	at android.app.ActivityThread.performLaunchActivity(ActivityThread.java:2369)
07-29 18:34:50.657  7990  7990 E AndroidRuntime: 	... 9 more
07-29 18:34:50.657  7990  7990 E AndroidRuntime: Caused by: java.io.FileNotFoundException: /sys/devices/system/cpu/cpu0/cpufreq/scaling_cur_freq: open failed: ENOENT (No such file or directory)
07-29 18:34:50.657  7990  7990 E AndroidRuntime: 	at libcore.io.IoBridge.open(IoBridge.java:452)
07-29 18:34:50.657  7990  7990 E AndroidRuntime: 	at java.io.RandomAccessFile.<init>(RandomAccessFile.java:117)
07-29 18:34:50.657  7990  7990 E AndroidRuntime: 	at java.io.RandomAccessFile.<init>(RandomAccessFile.java:149)
07-29 18:34:50.657  7990  7990 E AndroidRuntime: 	... 15 more
07-29 18:34:50.657  7990  7990 E AndroidRuntime: Caused by: android.system.ErrnoException: open failed: ENOENT (No such file or directory)
07-29 18:34:50.657  7990  7990 E AndroidRuntime: 	at libcore.io.Posix.open(Native Method)
07-29 18:34:50.657  7990  7990 E AndroidRuntime: 	at libcore.io.BlockGuardOs.open(BlockGuardOs.java:186)
07-29 18:34:50.657  7990  7990 E AndroidRuntime: 	at libcore.io.IoBridge.open(IoBridge.java:438)
07-29 18:34:50.657  7990  7990 E AndroidRuntime: 	... 17 more
07-29 18:34:50.660   624   960 W ActivityManager:   Force finishing activity com.iamtrk.androidexplorer/com.iamtrk.ItemListActivity
07-29 18:34:50.985   624   960 I WindowManager: Screenshot max retries 4 of Token{8a5579c ActivityRecord{4db6b0f u0 com.iamtrk.androidexplorer/com.iamtrk.ItemListActivity t16 f}} appWin=Window{76afe34 u0 Starting com.iamtrk.androidexplorer} drawState=1
07-29 18:34:51.010   624   624 W art     : Long monitor contention event with owner method=void com.android.server.am.ActivityManagerService.crashApplication(com.android.server.am.ProcessRecord, android.app.ApplicationErrorReport$CrashInfo) from ActivityManagerService.java:12568 waiters=0 for 303ms
07-29 18:34:51.107   624   733 W art     : Long monitor contention event with owner method=void com.android.server.am.ActivityManagerService.crashApplication(com.android.server.am.ProcessRecord, android.app.ApplicationErrorReport$CrashInfo) from ActivityManagerService.java:12568 waiters=2 for 200ms
07-29 18:34:51.494   624   640 W ActivityManager: Activity pause timeout for ActivityRecord{4db6b0f u0 com.iamtrk.androidexplorer/com.iamtrk.ItemListActivity t16 f}
07-29 18:34:51.715   624  1596 W art     : Long monitor contention event with owner method=int com.android.server.wm.WindowManagerService.relayoutWindow(com.android.server.wm.Session, android.view.IWindow, int, android.view.WindowManager$LayoutParams, int, int, int, int, android.graphics.Rect, android.graphics.Rect, android.graphics.Rect, android.graphics.Rect, android.graphics.Rect, android.graphics.Rect, android.content.res.Configuration, android.view.Surface) from WindowManagerService.java:3103 waiters=0 for 440ms
07-29 18:34:51.723   624  3130 I OpenGLRenderer: Initialized EGL, version 1.4
07-29 18:34:51.735   624   642 W art     : Long monitor contention event with owner method=java.util.List com.android.server.am.ActivityManagerService.getAllStackInfos() from ActivityManagerService.java:9003 waiters=0 for 303ms
07-29 18:34:51.935   624   733 W art     : Long monitor contention event with owner method=java.util.List com.android.server.am.ActivityManagerService.getAllStackInfos() from ActivityManagerService.java:9003 waiters=2 for 323ms
07-29 18:34:51.950   624  1625 W art     : Long monitor contention event with owner method=void com.android.server.am.ActivityStack$ActivityStackHandler.handleMessage(android.os.Message) from ActivityStack.java:283 waiters=1 for 161ms
07-29 18:34:52.612   624  3130 W EGL_emulation: eglSurfaceAttrib not implemented
07-29 18:34:52.612   624  3130 W OpenGLRenderer: Failed to set EGL_SWAP_BEHAVIOR on surface 0xd833d880, error=EGL_SUCCESS
07-29 18:34:52.752   624   641 I Choreographer: Skipped 97 frames!  The application may be doing too much work on its main thread.
07-29 18:34:55.731  8015  8015 D AndroidRuntime: >>>>>> START com.android.internal.os.RuntimeInit uid 0 <<<<<<
07-29 18:34:55.740  8015  8015 D AndroidRuntime: CheckJNI is OFF
07-29 18:34:55.751  8015  8015 D ICU     : No timezone override file found: /data/misc/zoneinfo/current/icu/icu_tzdata.dat
07-29 18:34:55.765  8015  8015 E memtrack: Couldn't load memtrack module (No such file or directory)
07-29 18:34:55.765  8015  8015 E android.os.Debug: failed to load memtrack module: -2
07-29 18:34:55.766  8015  8015 I Radio-JNI: register_android_hardware_Radio DONE
07-29 18:34:55.777  8015  8015 D AndroidRuntime: Calling main entry com.android.commands.uiautomator.Launcher
07-29 18:34:56.795  8015  8015 W AccessibilityNodeInfoDumper: Fetch time: 1ms
07-29 18:34:56.796   624  1602 W WindowManager: Attempted to remove non-existing token: android.os.Binder@6a3e5f7
07-29 18:34:56.823  8015  8015 D AndroidRuntime: Shutting down VM
07-29 18:34:57.288  8032  8032 D AndroidRuntime: >>>>>> START com.android.internal.os.RuntimeInit uid 0 <<<<<<
07-29 18:34:57.289  8032  8032 D AndroidRuntime: CheckJNI is OFF
07-29 18:34:57.298  8032  8032 D ICU     : No timezone override file found: /data/misc/zoneinfo/current/icu/icu_tzdata.dat
07-29 18:34:57.312  8032  8032 E memtrack: Couldn't load memtrack module (No such file or directory)
07-29 18:34:57.312  8032  8032 E android.os.Debug: failed to load memtrack module: -2
07-29 18:34:57.313  8032  8032 I Radio-JNI: register_android_hardware_Radio DONE
07-29 18:34:57.319  8032  8032 D AndroidRuntime: Calling main entry com.android.commands.uiautomator.Launcher
07-29 18:34:58.336  8032  8032 W AccessibilityNodeInfoDumper: Fetch time: 1ms
07-29 18:34:58.336   624  1596 W WindowManager: Attempted to remove non-existing token: android.os.Binder@aeca0da
07-29 18:34:58.344  8032  8032 D AndroidRuntime: Shutting down VM
07-29 18:34:59.466  8055  8055 D AndroidRuntime: >>>>>> START com.android.internal.os.RuntimeInit uid 0 <<<<<<
07-29 18:34:59.468  8055  8055 D AndroidRuntime: CheckJNI is OFF
07-29 18:34:59.482  8055  8055 D ICU     : No timezone override file found: /data/misc/zoneinfo/current/icu/icu_tzdata.dat
07-29 18:34:59.500  8055  8055 E memtrack: Couldn't load memtrack module (No such file or directory)
07-29 18:34:59.500  8055  8055 E android.os.Debug: failed to load memtrack module: -2
07-29 18:34:59.501  8055  8055 I Radio-JNI: register_android_hardware_Radio DONE
07-29 18:34:59.509  8055  8055 D AndroidRuntime: Calling main entry com.android.commands.uiautomator.Launcher
07-29 18:35:00.521  8055  8055 W AccessibilityNodeInfoDumper: Fetch time: 2ms
07-29 18:35:00.521   624   753 W WindowManager: Attempted to remove non-existing token: android.os.Binder@25f190b
07-29 18:35:00.531  8055  8055 D AndroidRuntime: Shutting down VM
07-29 18:35:01.713  8082  8082 D AndroidRuntime: >>>>>> START com.android.internal.os.RuntimeInit uid 0 <<<<<<
07-29 18:35:01.714  8082  8082 D AndroidRuntime: CheckJNI is OFF
07-29 18:35:01.725  8082  8082 D ICU     : No timezone override file found: /data/misc/zoneinfo/current/icu/icu_tzdata.dat
07-29 18:35:01.738  8082  8082 E memtrack: Couldn't load memtrack module (No such file or directory)
07-29 18:35:01.738  8082  8082 E android.os.Debug: failed to load memtrack module: -2
07-29 18:35:01.739  8082  8082 I Radio-JNI: register_android_hardware_Radio DONE
07-29 18:35:01.746  8082  8082 D AndroidRuntime: Calling main entry com.android.commands.uiautomator.Launcher
07-29 18:35:02.012   624   640 W ActivityManager: Activity destroy timeout for ActivityRecord{4db6b0f u0 com.iamtrk.androidexplorer/com.iamtrk.ItemListActivity t16 f}
07-29 18:35:02.757  8082  8082 W AccessibilityNodeInfoDumper: Fetch time: 1ms
07-29 18:35:02.758   624   799 W WindowManager: Attempted to remove non-existing token: android.os.Binder@5a133e8
07-29 18:35:02.773  8082  8082 D AndroidRuntime: Shutting down VM
Elapsed Time: 444773
