07-31 15:59:58.970   932  2180 D         : HostConnection::get() New Host Connection established 0xee8f0d80, tid 2180
07-31 15:59:58.990   932  2180 I OpenGLRenderer: Initialized EGL, version 1.4
07-31 15:59:59.028   932  2180 W EGL_emulation: eglSurfaceAttrib not implemented
07-31 15:59:59.028   932  2180 W OpenGLRenderer: Failed to set EGL_SWAP_BEHAVIOR on surface 0xf03ebc80, error=EGL_SUCCESS
07-31 15:59:59.029   520  1878 D         : HostConnection::get() New Host Connection established 0xf6c3e2a0, tid 1878
07-31 15:59:59.063  1860  1860 D leak-455: Eastern Standard Time
07-31 15:59:59.063  1860  1860 D leak-455: Eastern Standard Time
07-31 15:59:59.063  1860  1860 D leak-457: Eastern Standard Time
07-31 15:59:59.064  1860  1860 D leak-455: Eastern Standard Time
07-31 15:59:59.064  1860  1860 D leak-455: Eastern Standard Time
07-31 15:59:59.064  1860  1860 D leak-457: Eastern Standard Time
07-31 15:59:59.065  1860  1860 D leak-184: Eastern Standard Time
07-31 15:59:59.072  1860  1860 D leak-184: Eastern Standard Time
07-31 15:59:59.073  1860  1860 D leak-184: Eastern Standard Time
07-31 15:59:59.073  1860  1860 D leak-184: Eastern Standard Time
07-31 15:59:59.073  1860  1860 D leak-184: Eastern Standard Time
07-31 15:59:59.073  1860  1860 D leak-184: Eastern Standard Time
07-31 15:59:59.073  1860  1860 D leak-184: Eastern Standard Time
07-31 15:59:59.073  1860  1860 D leak-184: Eastern Standard Time
07-31 15:59:59.075  1860  1860 D leak-455: Eastern Standard Time
07-31 15:59:59.106  2183  2183 D AndroidRuntime: >>>>>> START com.android.internal.os.RuntimeInit uid 0 <<<<<<
07-31 15:59:59.108  2183  2183 D AndroidRuntime: CheckJNI is OFF
07-31 15:59:59.120  2183  2183 D ICU     : No timezone override file found: /data/misc/zoneinfo/current/icu/icu_tzdata.dat
07-31 15:59:59.136  2183  2183 E memtrack: Couldn't load memtrack module (No such file or directory)
07-31 15:59:59.136  2183  2183 E android.os.Debug: failed to load memtrack module: -2
07-31 15:59:59.138  2183  2183 I Radio-JNI: register_android_hardware_Radio DONE
07-31 15:59:59.145  2183  2183 D AndroidRuntime: Calling main entry com.android.commands.input.Input
07-31 15:59:59.146  2183  2183 I Input   : injectKeyEvent: KeyEvent { action=ACTION_DOWN, keyCode=KEYCODE_ESCAPE, scanCode=0, metaState=0, flags=0x0, repeatCount=0, eventTime=79324, downTime=79324, deviceId=-1, source=0x101 }
07-31 15:59:59.210  2183  2183 I Input   : injectKeyEvent: KeyEvent { action=ACTION_UP, keyCode=KEYCODE_ESCAPE, scanCode=0, metaState=0, flags=0x0, repeatCount=0, eventTime=79324, downTime=79324, deviceId=-1, source=0x101 }
07-31 15:59:59.213  2183  2183 D AndroidRuntime: Shutting down VM
07-31 15:59:59.224   932  2180 E Surface : getSlotFromBufferLocked: unknown buffer: 0xf2bea3b0
07-31 15:59:59.256  1860  1860 D leak-455: Eastern Standard Time
07-31 15:59:59.256  1860  1860 D leak-455: Eastern Standard Time
07-31 15:59:59.256  1860  1860 D leak-457: Eastern Standard Time
07-31 15:59:59.259  1860  1860 D leak-455: Eastern Standard Time
07-31 15:59:59.259  1860  1860 D leak-455: Eastern Standard Time
07-31 15:59:59.259  1860  1860 D leak-457: Eastern Standard Time
07-31 15:59:59.259  1860  1860 D leak-184: Eastern Standard Time
07-31 15:59:59.260  1860  1860 D leak-184: Eastern Standard Time
07-31 15:59:59.260  1860  1860 D leak-184: Eastern Standard Time
07-31 15:59:59.260  1860  1860 D leak-184: Eastern Standard Time
07-31 15:59:59.260  1860  1860 D leak-184: Eastern Standard Time
07-31 15:59:59.260  1860  1860 D leak-184: Eastern Standard Time
07-31 15:59:59.260  1860  1860 D leak-184: Eastern Standard Time
07-31 15:59:59.260  1860  1860 D leak-184: Eastern Standard Time
07-31 15:59:59.261  1860  1860 D leak-184: Eastern Standard Time
07-31 15:59:59.261  1860  1860 D leak-184: Eastern Standard Time
07-31 15:59:59.262  1860  1860 D leak-184: Eastern Standard Time
07-31 15:59:59.263  1860  1860 D leak-184: Eastern Standard Time
07-31 15:59:59.264  1860  1860 D leak-455: Eastern Standard Time
07-31 16:00:00.154  2199  2199 D AndroidRuntime: >>>>>> START com.android.internal.os.RuntimeInit uid 0 <<<<<<
07-31 16:00:00.155  2199  2199 D AndroidRuntime: CheckJNI is OFF
07-31 16:00:00.166  2199  2199 D ICU     : No timezone override file found: /data/misc/zoneinfo/current/icu/icu_tzdata.dat
07-31 16:00:00.179  2199  2199 E memtrack: Couldn't load memtrack module (No such file or directory)
07-31 16:00:00.179  2199  2199 E android.os.Debug: failed to load memtrack module: -2
07-31 16:00:00.180  2199  2199 I Radio-JNI: register_android_hardware_Radio DONE
07-31 16:00:00.188  2199  2199 D AndroidRuntime: Calling main entry com.android.commands.input.Input
07-31 16:00:00.188  2199  2199 I Input   : injectKeyEvent: KeyEvent { action=ACTION_DOWN, keyCode=KEYCODE_MOVE_END, scanCode=0, metaState=0, flags=0x0, repeatCount=0, eventTime=80366, downTime=80366, deviceId=-1, source=0x101 }
07-31 16:00:00.192  2199  2199 I Input   : injectKeyEvent: KeyEvent { action=ACTION_UP, keyCode=KEYCODE_MOVE_END, scanCode=0, metaState=0, flags=0x0, repeatCount=0, eventTime=80366, downTime=80366, deviceId=-1, source=0x101 }
07-31 16:00:00.193  2199  2199 D AndroidRuntime: Shutting down VM
07-31 16:00:00.574  2208  2208 D AndroidRuntime: >>>>>> START com.android.internal.os.RuntimeInit uid 0 <<<<<<
07-31 16:00:00.576  2208  2208 D AndroidRuntime: CheckJNI is OFF
07-31 16:00:00.585  2208  2208 D ICU     : No timezone override file found: /data/misc/zoneinfo/current/icu/icu_tzdata.dat
07-31 16:00:00.599  2208  2208 E memtrack: Couldn't load memtrack module (No such file or directory)
07-31 16:00:00.599  2208  2208 E android.os.Debug: failed to load memtrack module: -2
07-31 16:00:00.600  2208  2208 I Radio-JNI: register_android_hardware_Radio DONE
07-31 16:00:00.608  2208  2208 D AndroidRuntime: Calling main entry com.android.commands.input.Input
07-31 16:00:00.608  2208  2208 I Input   : injectKeyEvent: KeyEvent { action=ACTION_DOWN, keyCode=KEYCODE_DEL, scanCode=0, metaState=0, flags=0x0, repeatCount=0, eventTime=80786, downTime=80786, deviceId=-1, source=0x101 }
07-31 16:00:00.613  2208  2208 I Input   : injectKeyEvent: KeyEvent { action=ACTION_UP, keyCode=KEYCODE_DEL, scanCode=0, metaState=0, flags=0x0, repeatCount=0, eventTime=80786, downTime=80786, deviceId=-1, source=0x101 }
07-31 16:00:00.614  2208  2208 I Input   : injectKeyEvent: KeyEvent { action=ACTION_DOWN, keyCode=KEYCODE_DEL, scanCode=0, metaState=0, flags=0x0, repeatCount=0, eventTime=80792, downTime=80792, deviceId=-1, source=0x101 }
07-31 16:00:00.614  2208  2208 I Input   : injectKeyEvent: KeyEvent { action=ACTION_UP, keyCode=KEYCODE_DEL, scanCode=0, metaState=0, flags=0x0, repeatCount=0, eventTime=80792, downTime=80792, deviceId=-1, source=0x101 }
07-31 16:00:00.615  2208  2208 I Input   : injectKeyEvent: KeyEvent { action=ACTION_DOWN, keyCode=KEYCODE_DEL, scanCode=0, metaState=0, flags=0x0, repeatCount=0, eventTime=80793, downTime=80793, deviceId=-1, source=0x101 }
07-31 16:00:00.616  2208  2208 I Input   : injectKeyEvent: KeyEvent { action=ACTION_UP, keyCode=KEYCODE_DEL, scanCode=0, metaState=0, flags=0x0, repeatCount=0, eventTime=80793, downTime=80793, deviceId=-1, source=0x101 }
07-31 16:00:00.618  2208  2208 I Input   : injectKeyEvent: KeyEvent { action=ACTION_DOWN, keyCode=KEYCODE_DEL, scanCode=0, metaState=0, flags=0x0, repeatCount=0, eventTime=80796, downTime=80796, deviceId=-1, source=0x101 }
07-31 16:00:00.619  2208  2208 I Input   : injectKeyEvent: KeyEvent { action=ACTION_UP, keyCode=KEYCODE_DEL, scanCode=0, metaState=0, flags=0x0, repeatCount=0, eventTime=80796, downTime=80796, deviceId=-1, source=0x101 }
07-31 16:00:00.620  2208  2208 I Input   : injectKeyEvent: KeyEvent { action=ACTION_DOWN, keyCode=KEYCODE_DEL, scanCode=0, metaState=0, flags=0x0, repeatCount=0, eventTime=80798, downTime=80798, deviceId=-1, source=0x101 }
07-31 16:00:00.621  2208  2208 I Input   : injectKeyEvent: KeyEvent { action=ACTION_UP, keyCode=KEYCODE_DEL, scanCode=0, metaState=0, flags=0x0, repeatCount=0, eventTime=80798, downTime=80798, deviceId=-1, source=0x101 }
07-31 16:00:00.622  2208  2208 I Input   : injectKeyEvent: KeyEvent { action=ACTION_DOWN, keyCode=KEYCODE_DEL, scanCode=0, metaState=0, flags=0x0, repeatCount=0, eventTime=80800, downTime=80800, deviceId=-1, source=0x101 }
07-31 16:00:00.623  2208  2208 I Input   : injectKeyEvent: KeyEvent { action=ACTION_UP, keyCode=KEYCODE_DEL, scanCode=0, metaState=0, flags=0x0, repeatCount=0, eventTime=80800, downTime=80800, deviceId=-1, source=0x101 }
07-31 16:00:00.624  2208  2208 I Input   : injectKeyEvent: KeyEvent { action=ACTION_DOWN, keyCode=KEYCODE_DEL, scanCode=0, metaState=0, flags=0x0, repeatCount=0, eventTime=80802, downTime=80802, deviceId=-1, source=0x101 }
07-31 16:00:00.626  2208  2208 I Input   : injectKeyEvent: KeyEvent { action=ACTION_UP, keyCode=KEYCODE_DEL, scanCode=0, metaState=0, flags=0x0, repeatCount=0, eventTime=80802, downTime=80802, deviceId=-1, source=0x101 }
07-31 16:00:00.627  2208  2208 I Input   : injectKeyEvent: KeyEvent { action=ACTION_DOWN, keyCode=KEYCODE_DEL, scanCode=0, metaState=0, flags=0x0, repeatCount=0, eventTime=80805, downTime=80805, deviceId=-1, source=0x101 }
07-31 16:00:00.628  2208  2208 I Input   : injectKeyEvent: KeyEvent { action=ACTION_UP, keyCode=KEYCODE_DEL, scanCode=0, metaState=0, flags=0x0, repeatCount=0, eventTime=80805, downTime=80805, deviceId=-1, source=0x101 }
07-31 16:00:00.629  2208  2208 I Input   : injectKeyEvent: KeyEvent { action=ACTION_DOWN, keyCode=KEYCODE_DEL, scanCode=0, metaState=0, flags=0x0, repeatCount=0, eventTime=80807, downTime=80807, deviceId=-1, source=0x101 }
07-31 16:00:00.630  2208  2208 I Input   : injectKeyEvent: KeyEvent { action=ACTION_UP, keyCode=KEYCODE_DEL, scanCode=0, metaState=0, flags=0x0, repeatCount=0, eventTime=80807, downTime=80807, deviceId=-1, source=0x101 }
07-31 16:00:00.631  2208  2208 I Input   : injectKeyEvent: KeyEvent { action=ACTION_DOWN, keyCode=KEYCODE_DEL, scanCode=0, metaState=0, flags=0x0, repeatCount=0, eventTime=80809, downTime=80809, deviceId=-1, source=0x101 }
07-31 16:00:00.631  2208  2208 I Input   : injectKeyEvent: KeyEvent { action=ACTION_UP, keyCode=KEYCODE_DEL, scanCode=0, metaState=0, flags=0x0, repeatCount=0, eventTime=80809, downTime=80809, deviceId=-1, source=0x101 }
07-31 16:00:00.632  2208  2208 I Input   : injectKeyEvent: KeyEvent { action=ACTION_DOWN, keyCode=KEYCODE_DEL, scanCode=0, metaState=0, flags=0x0, repeatCount=0, eventTime=80810, downTime=80810, deviceId=-1, source=0x101 }
07-31 16:00:00.633  2208  2208 I Input   : injectKeyEvent: KeyEvent { action=ACTION_UP, keyCode=KEYCODE_DEL, scanCode=0, metaState=0, flags=0x0, repeatCount=0, eventTime=80810, downTime=80810, deviceId=-1, source=0x101 }
07-31 16:00:00.634  2208  2208 I Input   : injectKeyEvent: KeyEvent { action=ACTION_DOWN, keyCode=KEYCODE_DEL, scanCode=0, metaState=0, flags=0x0, repeatCount=0, eventTime=80812, downTime=80812, deviceId=-1, source=0x101 }
07-31 16:00:00.635  2208  2208 I Input   : injectKeyEvent: KeyEvent { action=ACTION_UP, keyCode=KEYCODE_DEL, scanCode=0, metaState=0, flags=0x0, repeatCount=0, eventTime=80812, downTime=80812, deviceId=-1, source=0x101 }
07-31 16:00:00.636  2208  2208 I Input   : injectKeyEvent: KeyEvent { action=ACTION_DOWN, keyCode=KEYCODE_DEL, scanCode=0, metaState=0, flags=0x0, repeatCount=0, eventTime=80814, downTime=80814, deviceId=-1, source=0x101 }
07-31 16:00:00.637  2208  2208 I Input   : injectKeyEvent: KeyEvent { action=ACTION_UP, keyCode=KEYCODE_DEL, scanCode=0, metaState=0, flags=0x0, repeatCount=0, eventTime=80814, downTime=80814, deviceId=-1, source=0x101 }
07-31 16:00:00.638  2208  2208 I Input   : injectKeyEvent: KeyEvent { action=ACTION_DOWN, keyCode=KEYCODE_DEL, scanCode=0, metaState=0, flags=0x0, repeatCount=0, eventTime=80816, downTime=80816, deviceId=-1, source=0x101 }
07-31 16:00:00.639  2208  2208 I Input   : injectKeyEvent: KeyEvent { action=ACTION_UP, keyCode=KEYCODE_DEL, scanCode=0, metaState=0, flags=0x0, repeatCount=0, eventTime=80816, downTime=80816, deviceId=-1, source=0x101 }
07-31 16:00:00.640  2208  2208 I Input   : injectKeyEvent: KeyEvent { action=ACTION_DOWN, keyCode=KEYCODE_DEL, scanCode=0, metaState=0, flags=0x0, repeatCount=0, eventTime=80818, downTime=80818, deviceId=-1, source=0x101 }
07-31 16:00:00.642  2208  2208 I Input   : injectKeyEvent: KeyEvent { action=ACTION_UP, keyCode=KEYCODE_DEL, scanCode=0, metaState=0, flags=0x0, repeatCount=0, eventTime=80818, downTime=80818, deviceId=-1, source=0x101 }
07-31 16:00:00.643  2208  2208 I Input   : injectKeyEvent: KeyEvent { action=ACTION_DOWN, keyCode=KEYCODE_DEL, scanCode=0, metaState=0, flags=0x0, repeatCount=0, eventTime=80821, downTime=80821, deviceId=-1, source=0x101 }
07-31 16:00:00.644  2208  2208 I Input   : injectKeyEvent: KeyEvent { action=ACTION_UP, keyCode=KEYCODE_DEL, scanCode=0, metaState=0, flags=0x0, repeatCount=0, eventTime=80821, downTime=80821, deviceId=-1, source=0x101 }
07-31 16:00:00.645  2208  2208 I Input   : injectKeyEvent: KeyEvent { action=ACTION_DOWN, keyCode=KEYCODE_DEL, scanCode=0, metaState=0, flags=0x0, repeatCount=0, eventTime=80823, downTime=80823, deviceId=-1, source=0x101 }
07-31 16:00:00.646  2208  2208 I Input   : injectKeyEvent: KeyEvent { action=ACTION_UP, keyCode=KEYCODE_DEL, scanCode=0, metaState=0, flags=0x0, repeatCount=0, eventTime=80823, downTime=80823, deviceId=-1, source=0x101 }
07-31 16:00:00.647  2208  2208 I Input   : injectKeyEvent: KeyEvent { action=ACTION_DOWN, keyCode=KEYCODE_DEL, scanCode=0, metaState=0, flags=0x0, repeatCount=0, eventTime=80825, downTime=80825, deviceId=-1, source=0x101 }
07-31 16:00:00.648  2208  2208 I Input   : injectKeyEvent: KeyEvent { action=ACTION_UP, keyCode=KEYCODE_DEL, scanCode=0, metaState=0, flags=0x0, repeatCount=0, eventTime=80825, downTime=80825, deviceId=-1, source=0x101 }
07-31 16:00:00.649  2208  2208 I Input   : injectKeyEvent: KeyEvent { action=ACTION_DOWN, keyCode=KEYCODE_DEL, scanCode=0, metaState=0, flags=0x0, repeatCount=0, eventTime=80827, downTime=80827, deviceId=-1, source=0x101 }
07-31 16:00:00.650  2208  2208 I Input   : injectKeyEvent: KeyEvent { action=ACTION_UP, keyCode=KEYCODE_DEL, scanCode=0, metaState=0, flags=0x0, repeatCount=0, eventTime=80827, downTime=80827, deviceId=-1, source=0x101 }
07-31 16:00:00.651  2208  2208 I Input   : injectKeyEvent: KeyEvent { action=ACTION_DOWN, keyCode=KEYCODE_DEL, scanCode=0, metaState=0, flags=0x0, repeatCount=0, eventTime=80829, downTime=80829, deviceId=-1, source=0x101 }
07-31 16:00:00.652  2208  2208 I Input   : injectKeyEvent: KeyEvent { action=ACTION_UP, keyCode=KEYCODE_DEL, scanCode=0, metaState=0, flags=0x0, repeatCount=0, eventTime=80829, downTime=80829, deviceId=-1, source=0x101 }
07-31 16:00:00.653  2208  2208 I Input   : injectKeyEvent: KeyEvent { action=ACTION_DOWN, keyCode=KEYCODE_DEL, scanCode=0, metaState=0, flags=0x0, repeatCount=0, eventTime=80831, downTime=80831, deviceId=-1, source=0x101 }
07-31 16:00:00.654  2208  2208 I Input   : injectKeyEvent: KeyEvent { action=ACTION_UP, keyCode=KEYCODE_DEL, scanCode=0, metaState=0, flags=0x0, repeatCount=0, eventTime=80831, downTime=80831, deviceId=-1, source=0x101 }
07-31 16:00:00.655  2208  2208 I Input   : injectKeyEvent: KeyEvent { action=ACTION_DOWN, keyCode=KEYCODE_DEL, scanCode=0, metaState=0, flags=0x0, repeatCount=0, eventTime=80833, downTime=80833, deviceId=-1, source=0x101 }
07-31 16:00:00.656  2208  2208 I Input   : injectKeyEvent: KeyEvent { action=ACTION_UP, keyCode=KEYCODE_DEL, scanCode=0, metaState=0, flags=0x0, repeatCount=0, eventTime=80833, downTime=80833, deviceId=-1, source=0x101 }
07-31 16:00:00.657  2208  2208 I Input   : injectKeyEvent: KeyEvent { action=ACTION_DOWN, keyCode=KEYCODE_DEL, scanCode=0, metaState=0, flags=0x0, repeatCount=0, eventTime=80835, downTime=80835, deviceId=-1, source=0x101 }
07-31 16:00:00.658  2208  2208 I Input   : injectKeyEvent: KeyEvent { action=ACTION_UP, keyCode=KEYCODE_DEL, scanCode=0, metaState=0, flags=0x0, repeatCount=0, eventTime=80835, downTime=80835, deviceId=-1, source=0x101 }
07-31 16:00:00.658  2208  2208 I Input   : injectKeyEvent: KeyEvent { action=ACTION_DOWN, keyCode=KEYCODE_DEL, scanCode=0, metaState=0, flags=0x0, repeatCount=0, eventTime=80837, downTime=80837, deviceId=-1, source=0x101 }
07-31 16:00:00.659  2208  2208 I Input   : injectKeyEvent: KeyEvent { action=ACTION_UP, keyCode=KEYCODE_DEL, scanCode=0, metaState=0, flags=0x0, repeatCount=0, eventTime=80837, downTime=80837, deviceId=-1, source=0x101 }
07-31 16:00:00.660  2208  2208 I Input   : injectKeyEvent: KeyEvent { action=ACTION_DOWN, keyCode=KEYCODE_DEL, scanCode=0, metaState=0, flags=0x0, repeatCount=0, eventTime=80839, downTime=80839, deviceId=-1, source=0x101 }
07-31 16:00:00.661  2208  2208 I Input   : injectKeyEvent: KeyEvent { action=ACTION_UP, keyCode=KEYCODE_DEL, scanCode=0, metaState=0, flags=0x0, repeatCount=0, eventTime=80839, downTime=80839, deviceId=-1, source=0x101 }
07-31 16:00:00.662  2208  2208 I Input   : injectKeyEvent: KeyEvent { action=ACTION_DOWN, keyCode=KEYCODE_DEL, scanCode=0, metaState=0, flags=0x0, repeatCount=0, eventTime=80840, downTime=80840, deviceId=-1, source=0x101 }
07-31 16:00:00.663  2208  2208 I Input   : injectKeyEvent: KeyEvent { action=ACTION_UP, keyCode=KEYCODE_DEL, scanCode=0, metaState=0, flags=0x0, repeatCount=0, eventTime=80840, downTime=80840, deviceId=-1, source=0x101 }
07-31 16:00:00.664  2208  2208 I Input   : injectKeyEvent: KeyEvent { action=ACTION_DOWN, keyCode=KEYCODE_DEL, scanCode=0, metaState=0, flags=0x0, repeatCount=0, eventTime=80842, downTime=80842, deviceId=-1, source=0x101 }
07-31 16:00:00.665  2208  2208 I Input   : injectKeyEvent: KeyEvent { action=ACTION_UP, keyCode=KEYCODE_DEL, scanCode=0, metaState=0, flags=0x0, repeatCount=0, eventTime=80842, downTime=80842, deviceId=-1, source=0x101 }
07-31 16:00:00.665  2208  2208 I Input   : injectKeyEvent: KeyEvent { action=ACTION_DOWN, keyCode=KEYCODE_DEL, scanCode=0, metaState=0, flags=0x0, repeatCount=0, eventTime=80843, downTime=80843, deviceId=-1, source=0x101 }
07-31 16:00:00.667  2208  2208 I Input   : injectKeyEvent: KeyEvent { action=ACTION_UP, keyCode=KEYCODE_DEL, scanCode=0, metaState=0, flags=0x0, repeatCount=0, eventTime=80843, downTime=80843, deviceId=-1, source=0x101 }
07-31 16:00:00.668  2208  2208 I Input   : injectKeyEvent: KeyEvent { action=ACTION_DOWN, keyCode=KEYCODE_DEL, scanCode=0, metaState=0, flags=0x0, repeatCount=0, eventTime=80846, downTime=80846, deviceId=-1, source=0x101 }
07-31 16:00:00.669  2208  2208 I Input   : injectKeyEvent: KeyEvent { action=ACTION_UP, keyCode=KEYCODE_DEL, scanCode=0, metaState=0, flags=0x0, repeatCount=0, eventTime=80846, downTime=80846, deviceId=-1, source=0x101 }
07-31 16:00:00.670  2208  2208 I Input   : injectKeyEvent: KeyEvent { action=ACTION_DOWN, keyCode=KEYCODE_DEL, scanCode=0, metaState=0, flags=0x0, repeatCount=0, eventTime=80848, downTime=80848, deviceId=-1, source=0x101 }
07-31 16:00:00.670  2208  2208 I Input   : injectKeyEvent: KeyEvent { action=ACTION_UP, keyCode=KEYCODE_DEL, scanCode=0, metaState=0, flags=0x0, repeatCount=0, eventTime=80848, downTime=80848, deviceId=-1, source=0x101 }
07-31 16:00:00.672  2208  2208 I Input   : injectKeyEvent: KeyEvent { action=ACTION_DOWN, keyCode=KEYCODE_DEL, scanCode=0, metaState=0, flags=0x0, repeatCount=0, eventTime=80850, downTime=80850, deviceId=-1, source=0x101 }
07-31 16:00:00.672  2208  2208 I Input   : injectKeyEvent: KeyEvent { action=ACTION_UP, keyCode=KEYCODE_DEL, scanCode=0, metaState=0, flags=0x0, repeatCount=0, eventTime=80850, downTime=80850, deviceId=-1, source=0x101 }
07-31 16:00:00.673  2208  2208 I Input   : injectKeyEvent: KeyEvent { action=ACTION_DOWN, keyCode=KEYCODE_DEL, scanCode=0, metaState=0, flags=0x0, repeatCount=0, eventTime=80851, downTime=80851, deviceId=-1, source=0x101 }
07-31 16:00:00.674  2208  2208 I Input   : injectKeyEvent: KeyEvent { action=ACTION_UP, keyCode=KEYCODE_DEL, scanCode=0, metaState=0, flags=0x0, repeatCount=0, eventTime=80851, downTime=80851, deviceId=-1, source=0x101 }
07-31 16:00:00.676  2208  2208 I Input   : injectKeyEvent: KeyEvent { action=ACTION_DOWN, keyCode=KEYCODE_DEL, scanCode=0, metaState=0, flags=0x0, repeatCount=0, eventTime=80854, downTime=80854, deviceId=-1, source=0x101 }
07-31 16:00:00.676  2208  2208 I Input   : injectKeyEvent: KeyEvent { action=ACTION_UP, keyCode=KEYCODE_DEL, scanCode=0, metaState=0, flags=0x0, repeatCount=0, eventTime=80854, downTime=80854, deviceId=-1, source=0x101 }
07-31 16:00:00.678  2208  2208 I Input   : injectKeyEvent: KeyEvent { action=ACTION_DOWN, keyCode=KEYCODE_DEL, scanCode=0, metaState=0, flags=0x0, repeatCount=0, eventTime=80856, downTime=80856, deviceId=-1, source=0x101 }
07-31 16:00:00.679  2208  2208 I Input   : injectKeyEvent: KeyEvent { action=ACTION_UP, keyCode=KEYCODE_DEL, scanCode=0, metaState=0, flags=0x0, repeatCount=0, eventTime=80856, downTime=80856, deviceId=-1, source=0x101 }
07-31 16:00:00.679  2208  2208 I Input   : injectKeyEvent: KeyEvent { action=ACTION_DOWN, keyCode=KEYCODE_DEL, scanCode=0, metaState=0, flags=0x0, repeatCount=0, eventTime=80857, downTime=80857, deviceId=-1, source=0x101 }
07-31 16:00:00.680  2208  2208 I Input   : injectKeyEvent: KeyEvent { action=ACTION_UP, keyCode=KEYCODE_DEL, scanCode=0, metaState=0, flags=0x0, repeatCount=0, eventTime=80857, downTime=80857, deviceId=-1, source=0x101 }
07-31 16:00:00.681  2208  2208 I Input   : injectKeyEvent: KeyEvent { action=ACTION_DOWN, keyCode=KEYCODE_DEL, scanCode=0, metaState=0, flags=0x0, repeatCount=0, eventTime=80859, downTime=80859, deviceId=-1, source=0x101 }
07-31 16:00:00.682  2208  2208 I Input   : injectKeyEvent: KeyEvent { action=ACTION_UP, keyCode=KEYCODE_DEL, scanCode=0, metaState=0, flags=0x0, repeatCount=0, eventTime=80859, downTime=80859, deviceId=-1, source=0x101 }
07-31 16:00:00.684  2208  2208 I Input   : injectKeyEvent: KeyEvent { action=ACTION_DOWN, keyCode=KEYCODE_DEL, scanCode=0, metaState=0, flags=0x0, repeatCount=0, eventTime=80862, downTime=80862, deviceId=-1, source=0x101 }
07-31 16:00:00.685  2208  2208 I Input   : injectKeyEvent: KeyEvent { action=ACTION_UP, keyCode=KEYCODE_DEL, scanCode=0, metaState=0, flags=0x0, repeatCount=0, eventTime=80862, downTime=80862, deviceId=-1, source=0x101 }
07-31 16:00:00.686  2208  2208 I Input   : injectKeyEvent: KeyEvent { action=ACTION_DOWN, keyCode=KEYCODE_DEL, scanCode=0, metaState=0, flags=0x0, repeatCount=0, eventTime=80864, downTime=80864, deviceId=-1, source=0x101 }
07-31 16:00:00.687  2208  2208 I Input   : injectKeyEvent: KeyEvent { action=ACTION_UP, keyCode=KEYCODE_DEL, scanCode=0, metaState=0, flags=0x0, repeatCount=0, eventTime=80864, downTime=80864, deviceId=-1, source=0x101 }
07-31 16:00:00.688  2208  2208 I Input   : injectKeyEvent: KeyEvent { action=ACTION_DOWN, keyCode=KEYCODE_DEL, scanCode=0, metaState=0, flags=0x0, repeatCount=0, eventTime=80866, downTime=80866, deviceId=-1, source=0x101 }
07-31 16:00:00.689  2208  2208 I Input   : injectKeyEvent: KeyEvent { action=ACTION_UP, keyCode=KEYCODE_DEL, scanCode=0, metaState=0, flags=0x0, repeatCount=0, eventTime=80866, downTime=80866, deviceId=-1, source=0x101 }
07-31 16:00:00.689  2208  2208 I Input   : injectKeyEvent: KeyEvent { action=ACTION_DOWN, keyCode=KEYCODE_DEL, scanCode=0, metaState=0, flags=0x0, repeatCount=0, eventTime=80867, downTime=80867, deviceId=-1, source=0x101 }
07-31 16:00:00.690  2208  2208 I Input   : injectKeyEvent: KeyEvent { action=ACTION_UP, keyCode=KEYCODE_DEL, scanCode=0, metaState=0, flags=0x0, repeatCount=0, eventTime=80867, downTime=80867, deviceId=-1, source=0x101 }
07-31 16:00:00.692  2208  2208 I Input   : injectKeyEvent: KeyEvent { action=ACTION_DOWN, keyCode=KEYCODE_DEL, scanCode=0, metaState=0, flags=0x0, repeatCount=0, eventTime=80870, downTime=80870, deviceId=-1, source=0x101 }
07-31 16:00:00.693  2208  2208 I Input   : injectKeyEvent: KeyEvent { action=ACTION_UP, keyCode=KEYCODE_DEL, scanCode=0, metaState=0, flags=0x0, repeatCount=0, eventTime=80870, downTime=80870, deviceId=-1, source=0x101 }
07-31 16:00:00.693  2208  2208 I Input   : injectKeyEvent: KeyEvent { action=ACTION_DOWN, keyCode=KEYCODE_DEL, scanCode=0, metaState=0, flags=0x0, repeatCount=0, eventTime=80871, downTime=80871, deviceId=-1, source=0x101 }
07-31 16:00:00.694  2208  2208 I Input   : injectKeyEvent: KeyEvent { action=ACTION_UP, keyCode=KEYCODE_DEL, scanCode=0, metaState=0, flags=0x0, repeatCount=0, eventTime=80871, downTime=80871, deviceId=-1, source=0x101 }
07-31 16:00:00.695  2208  2208 I Input   : injectKeyEvent: KeyEvent { action=ACTION_DOWN, keyCode=KEYCODE_DEL, scanCode=0, metaState=0, flags=0x0, repeatCount=0, eventTime=80873, downTime=80873, deviceId=-1, source=0x101 }
07-31 16:00:00.695  2208  2208 I Input   : injectKeyEvent: KeyEvent { action=ACTION_UP, keyCode=KEYCODE_DEL, scanCode=0, metaState=0, flags=0x0, repeatCount=0, eventTime=80873, downTime=80873, deviceId=-1, source=0x101 }
07-31 16:00:00.696  2208  2208 I Input   : injectKeyEvent: KeyEvent { action=ACTION_DOWN, keyCode=KEYCODE_DEL, scanCode=0, metaState=0, flags=0x0, repeatCount=0, eventTime=80874, downTime=80874, deviceId=-1, source=0x101 }
07-31 16:00:00.697  2208  2208 I Input   : injectKeyEvent: KeyEvent { action=ACTION_UP, keyCode=KEYCODE_DEL, scanCode=0, metaState=0, flags=0x0, repeatCount=0, eventTime=80874, downTime=80874, deviceId=-1, source=0x101 }
07-31 16:00:00.698  2208  2208 I Input   : injectKeyEvent: KeyEvent { action=ACTION_DOWN, keyCode=KEYCODE_DEL, scanCode=0, metaState=0, flags=0x0, repeatCount=0, eventTime=80876, downTime=80876, deviceId=-1, source=0x101 }
07-31 16:00:00.699  2208  2208 I Input   : injectKeyEvent: KeyEvent { action=ACTION_UP, keyCode=KEYCODE_DEL, scanCode=0, metaState=0, flags=0x0, repeatCount=0, eventTime=80876, downTime=80876, deviceId=-1, source=0x101 }
07-31 16:00:00.700  2208  2208 I Input   : injectKeyEvent: KeyEvent { action=ACTION_DOWN, keyCode=KEYCODE_DEL, scanCode=0, metaState=0, flags=0x0, repeatCount=0, eventTime=80878, downTime=80878, deviceId=-1, source=0x101 }
07-31 16:00:00.701  2208  2208 I Input   : injectKeyEvent: KeyEvent { action=ACTION_UP, keyCode=KEYCODE_DEL, scanCode=0, metaState=0, flags=0x0, repeatCount=0, eventTime=80878, downTime=80878, deviceId=-1, source=0x101 }
07-31 16:00:00.702  2208  2208 I Input   : injectKeyEvent: KeyEvent { action=ACTION_DOWN, keyCode=KEYCODE_DEL, scanCode=0, metaState=0, flags=0x0, repeatCount=0, eventTime=80880, downTime=80880, deviceId=-1, source=0x101 }
07-31 16:00:00.703  2208  2208 I Input   : injectKeyEvent: KeyEvent { action=ACTION_UP, keyCode=KEYCODE_DEL, scanCode=0, metaState=0, flags=0x0, repeatCount=0, eventTime=80880, downTime=80880, deviceId=-1, source=0x101 }
07-31 16:00:00.704  2208  2208 I Input   : injectKeyEvent: KeyEvent { action=ACTION_DOWN, keyCode=KEYCODE_DEL, scanCode=0, metaState=0, flags=0x0, repeatCount=0, eventTime=80882, downTime=80882, deviceId=-1, source=0x101 }
07-31 16:00:00.705  2208  2208 I Input   : injectKeyEvent: KeyEvent { action=ACTION_UP, keyCode=KEYCODE_DEL, scanCode=0, metaState=0, flags=0x0, repeatCount=0, eventTime=80882, downTime=80882, deviceId=-1, source=0x101 }
07-31 16:00:00.705  2208  2208 I Input   : injectKeyEvent: KeyEvent { action=ACTION_DOWN, keyCode=KEYCODE_DEL, scanCode=0, metaState=0, flags=0x0, repeatCount=0, eventTime=80883, downTime=80883, deviceId=-1, source=0x101 }
07-31 16:00:00.706  2208  2208 I Input   : injectKeyEvent: KeyEvent { action=ACTION_UP, keyCode=KEYCODE_DEL, scanCode=0, metaState=0, flags=0x0, repeatCount=0, eventTime=80883, downTime=80883, deviceId=-1, source=0x101 }
07-31 16:00:00.707  2208  2208 I Input   : injectKeyEvent: KeyEvent { action=ACTION_DOWN, keyCode=KEYCODE_DEL, scanCode=0, metaState=0, flags=0x0, repeatCount=0, eventTime=80885, downTime=80885, deviceId=-1, source=0x101 }
07-31 16:00:00.709  2208  2208 I Input   : injectKeyEvent: KeyEvent { action=ACTION_UP, keyCode=KEYCODE_DEL, scanCode=0, metaState=0, flags=0x0, repeatCount=0, eventTime=80885, downTime=80885, deviceId=-1, source=0x101 }
07-31 16:00:00.710  2208  2208 D AndroidRuntime: Shutting down VM
07-31 16:00:01.070  2217  2217 D AndroidRuntime: >>>>>> START com.android.internal.os.RuntimeInit uid 0 <<<<<<
07-31 16:00:01.071  2217  2217 D AndroidRuntime: CheckJNI is OFF
07-31 16:00:01.081  2217  2217 D ICU     : No timezone override file found: /data/misc/zoneinfo/current/icu/icu_tzdata.dat
07-31 16:00:01.099  2217  2217 E memtrack: Couldn't load memtrack module (No such file or directory)
07-31 16:00:01.099  2217  2217 E android.os.Debug: failed to load memtrack module: -2
07-31 16:00:01.101  2217  2217 I Radio-JNI: register_android_hardware_Radio DONE
07-31 16:00:01.107  2217  2217 D AndroidRuntime: Calling main entry com.android.commands.input.Input
07-31 16:00:01.109  2217  2217 I Input   : injectKeyEvent: KeyEvent { action=ACTION_DOWN, keyCode=KEYCODE_N, scanCode=0, metaState=0, flags=0x0, repeatCount=0, eventTime=81287, downTime=81287, deviceId=-1, source=0x101 }
07-31 16:00:01.110  2217  2217 I Input   : injectKeyEvent: KeyEvent { action=ACTION_UP, keyCode=KEYCODE_N, scanCode=0, metaState=0, flags=0x0, repeatCount=0, eventTime=81287, downTime=81287, deviceId=-1, source=0x101 }
07-31 16:00:01.111  2217  2217 I Input   : injectKeyEvent: KeyEvent { action=ACTION_DOWN, keyCode=KEYCODE_U, scanCode=0, metaState=0, flags=0x0, repeatCount=0, eventTime=81287, downTime=81287, deviceId=-1, source=0x101 }
07-31 16:00:01.112  2217  2217 I Input   : injectKeyEvent: KeyEvent { action=ACTION_UP, keyCode=KEYCODE_U, scanCode=0, metaState=0, flags=0x0, repeatCount=0, eventTime=81287, downTime=81287, deviceId=-1, source=0x101 }
07-31 16:00:01.113  2217  2217 I Input   : injectKeyEvent: KeyEvent { action=ACTION_DOWN, keyCode=KEYCODE_L, scanCode=0, metaState=0, flags=0x0, repeatCount=0, eventTime=81287, downTime=81287, deviceId=-1, source=0x101 }
07-31 16:00:01.114  2217  2217 I Input   : injectKeyEvent: KeyEvent { action=ACTION_UP, keyCode=KEYCODE_L, scanCode=0, metaState=0, flags=0x0, repeatCount=0, eventTime=81287, downTime=81287, deviceId=-1, source=0x101 }
07-31 16:00:01.115  2217  2217 I Input   : injectKeyEvent: KeyEvent { action=ACTION_DOWN, keyCode=KEYCODE_L, scanCode=0, metaState=0, flags=0x0, repeatCount=0, eventTime=81287, downTime=81287, deviceId=-1, source=0x101 }
07-31 16:00:01.116  2217  2217 I Input   : injectKeyEvent: KeyEvent { action=ACTION_UP, keyCode=KEYCODE_L, scanCode=0, metaState=0, flags=0x0, repeatCount=0, eventTime=81287, downTime=81287, deviceId=-1, source=0x101 }
07-31 16:00:01.117  2217  2217 D AndroidRuntime: Shutting down VM
07-31 16:00:02.945  2549  2549 D AndroidRuntime: >>>>>> START com.android.internal.os.RuntimeInit uid 0 <<<<<<
07-31 16:00:02.946  2549  2549 D AndroidRuntime: CheckJNI is OFF
07-31 16:00:02.956  2549  2549 D ICU     : No timezone override file found: /data/misc/zoneinfo/current/icu/icu_tzdata.dat
07-31 16:00:02.969  2549  2549 E memtrack: Couldn't load memtrack module (No such file or directory)
07-31 16:00:02.969  2549  2549 E android.os.Debug: failed to load memtrack module: -2
07-31 16:00:02.969  2549  2549 I Radio-JNI: register_android_hardware_Radio DONE
07-31 16:00:02.975  2549  2549 D AndroidRuntime: Calling main entry com.android.commands.uiautomator.Launcher
07-31 16:00:03.985  1860  1860 D leak-455: Eastern Standard Time
07-31 16:00:03.998  2549  2549 I AccessibilityNodeInfoDumper: Skipping invisible child: android.view.accessibility.AccessibilityNodeInfo@8000bf9d; boundsInParent: Rect(0, 0 - 1200, 1540); boundsInScreen: Rect(1200, 278 - 1200, 1818); packageName: com.adonai.manman; className: android.widget.FrameLayout; text: null; error: null; maxTextLength: -1; contentDescription: null; viewIdResName: com.adonai.manman:id/chapter_fragment_frame; checkable: false; checked: false; focusable: true; focused: false; selected: false; clickable: false; longClickable: false; contextClickable: false; enabled: true; password: false; scrollable: false; actions: [AccessibilityAction: ACTION_FOCUS - null, AccessibilityAction: ACTION_SELECT - null, AccessibilityAction: ACTION_CLEAR_SELECTION - null, AccessibilityAction: ACTION_ACCESSIBILITY_FOCUS - null, AccessibilityAction: ACTION_UNKNOWN - null]
07-31 16:00:03.998  2549  2549 W AccessibilityNodeInfoDumper: Fetch time: 9ms
07-31 16:00:03.999   593   605 W WindowManager: Attempted to remove non-existing token: android.os.Binder@7081865
07-31 16:00:04.001  2549  2549 D AndroidRuntime: Shutting down VM
07-31 16:00:05.021  2572  2572 D AndroidRuntime: >>>>>> START com.android.internal.os.RuntimeInit uid 0 <<<<<<
07-31 16:00:05.022  2572  2572 D AndroidRuntime: CheckJNI is OFF
07-31 16:00:05.031  2572  2572 D ICU     : No timezone override file found: /data/misc/zoneinfo/current/icu/icu_tzdata.dat
07-31 16:00:05.043  2572  2572 E memtrack: Couldn't load memtrack module (No such file or directory)
07-31 16:00:05.043  2572  2572 E android.os.Debug: failed to load memtrack module: -2
07-31 16:00:05.044  2572  2572 I Radio-JNI: register_android_hardware_Radio DONE
07-31 16:00:05.051  2572  2572 D AndroidRuntime: Calling main entry com.android.commands.uiautomator.Launcher
07-31 16:00:06.058  1860  1860 D leak-455: Eastern Standard Time
07-31 16:00:06.074  2572  2572 I AccessibilityNodeInfoDumper: Skipping invisible child: android.view.accessibility.AccessibilityNodeInfo@8000bfa4; boundsInParent: Rect(0, 0 - 1200, 1540); boundsInScreen: Rect(1200, 278 - 1200, 1818); packageName: com.adonai.manman; className: android.widget.FrameLayout; text: null; error: null; maxTextLength: -1; contentDescription: null; viewIdResName: com.adonai.manman:id/chapter_fragment_frame; checkable: false; checked: false; focusable: true; focused: false; selected: false; clickable: false; longClickable: false; contextClickable: false; enabled: true; password: false; scrollable: false; actions: [AccessibilityAction: ACTION_FOCUS - null, AccessibilityAction: ACTION_SELECT - null, AccessibilityAction: ACTION_CLEAR_SELECTION - null, AccessibilityAction: ACTION_ACCESSIBILITY_FOCUS - null, AccessibilityAction: ACTION_UNKNOWN - null]
07-31 16:00:06.076  2572  2572 W AccessibilityNodeInfoDumper: Fetch time: 13ms
07-31 16:00:06.077   593   806 W WindowManager: Attempted to remove non-existing token: android.os.Binder@8ff593a
07-31 16:00:06.085  2572  2572 D AndroidRuntime: Shutting down VM
07-31 16:00:06.666  2590  2590 D AndroidRuntime: >>>>>> START com.android.internal.os.RuntimeInit uid 0 <<<<<<
07-31 16:00:06.667  2590  2590 D AndroidRuntime: CheckJNI is OFF
07-31 16:00:06.679  2590  2590 D ICU     : No timezone override file found: /data/misc/zoneinfo/current/icu/icu_tzdata.dat
07-31 16:00:06.695  2590  2590 E memtrack: Couldn't load memtrack module (No such file or directory)
07-31 16:00:06.695  2590  2590 E android.os.Debug: failed to load memtrack module: -2
07-31 16:00:06.696  2590  2590 I Radio-JNI: register_android_hardware_Radio DONE
07-31 16:00:06.703  2590  2590 D AndroidRuntime: Calling main entry com.android.commands.uiautomator.Launcher
07-31 16:00:07.715  1860  1860 D leak-455: Eastern Standard Time
07-31 16:00:07.729  2590  2590 I AccessibilityNodeInfoDumper: Skipping invisible child: android.view.accessibility.AccessibilityNodeInfo@8000bfad; boundsInParent: Rect(0, 0 - 1200, 1540); boundsInScreen: Rect(1200, 278 - 1200, 1818); packageName: com.adonai.manman; className: android.widget.FrameLayout; text: null; error: null; maxTextLength: -1; contentDescription: null; viewIdResName: com.adonai.manman:id/chapter_fragment_frame; checkable: false; checked: false; focusable: true; focused: false; selected: false; clickable: false; longClickable: false; contextClickable: false; enabled: true; password: false; scrollable: false; actions: [AccessibilityAction: ACTION_FOCUS - null, AccessibilityAction: ACTION_SELECT - null, AccessibilityAction: ACTION_CLEAR_SELECTION - null, AccessibilityAction: ACTION_ACCESSIBILITY_FOCUS - null, AccessibilityAction: ACTION_UNKNOWN - null]
07-31 16:00:07.730  2590  2590 W AccessibilityNodeInfoDumper: Fetch time: 10ms
07-31 16:00:07.730   593   604 W WindowManager: Attempted to remove non-existing token: android.os.Binder@ec4d9eb
07-31 16:00:07.733  2590  2590 D AndroidRuntime: Shutting down VM
07-31 16:00:08.772  2615  2615 D AndroidRuntime: >>>>>> START com.android.internal.os.RuntimeInit uid 0 <<<<<<
07-31 16:00:08.773  2615  2615 D AndroidRuntime: CheckJNI is OFF
07-31 16:00:08.782  2615  2615 D ICU     : No timezone override file found: /data/misc/zoneinfo/current/icu/icu_tzdata.dat
07-31 16:00:08.796  2615  2615 E memtrack: Couldn't load memtrack module (No such file or directory)
07-31 16:00:08.796  2615  2615 E android.os.Debug: failed to load memtrack module: -2
07-31 16:00:08.797  2615  2615 I Radio-JNI: register_android_hardware_Radio DONE
07-31 16:00:08.802  2615  2615 D AndroidRuntime: Calling main entry com.android.commands.uiautomator.Launcher
07-31 16:00:09.816  1860  1860 D leak-455: Eastern Standard Time
07-31 16:00:09.828  2615  2615 I AccessibilityNodeInfoDumper: Skipping invisible child: android.view.accessibility.AccessibilityNodeInfo@8000bfb4; boundsInParent: Rect(0, 0 - 1200, 1540); boundsInScreen: Rect(1200, 278 - 1200, 1818); packageName: com.adonai.manman; className: android.widget.FrameLayout; text: null; error: null; maxTextLength: -1; contentDescription: null; viewIdResName: com.adonai.manman:id/chapter_fragment_frame; checkable: false; checked: false; focusable: true; focused: false; selected: false; clickable: false; longClickable: false; contextClickable: false; enabled: true; password: false; scrollable: false; actions: [AccessibilityAction: ACTION_FOCUS - null, AccessibilityAction: ACTION_SELECT - null, AccessibilityAction: ACTION_CLEAR_SELECTION - null, AccessibilityAction: ACTION_ACCESSIBILITY_FOCUS - null, AccessibilityAction: ACTION_UNKNOWN - null]
07-31 16:00:09.829  2615  2615 W AccessibilityNodeInfoDumper: Fetch time: 9ms
07-31 16:00:09.829   593   604 W WindowManager: Attempted to remove non-existing token: android.os.Binder@af89348
07-31 16:00:09.831  2615  2615 D AndroidRuntime: Shutting down VM
07-31 16:00:10.260  2633  2633 D AndroidRuntime: >>>>>> START com.android.internal.os.RuntimeInit uid 0 <<<<<<
07-31 16:00:10.261  2633  2633 D AndroidRuntime: CheckJNI is OFF
07-31 16:00:10.271  2633  2633 D ICU     : No timezone override file found: /data/misc/zoneinfo/current/icu/icu_tzdata.dat
07-31 16:00:10.285  2633  2633 E memtrack: Couldn't load memtrack module (No such file or directory)
07-31 16:00:10.285  2633  2633 E android.os.Debug: failed to load memtrack module: -2
07-31 16:00:10.285  2633  2633 I Radio-JNI: register_android_hardware_Radio DONE
07-31 16:00:10.292  2633  2633 D AndroidRuntime: Calling main entry com.android.commands.uiautomator.Launcher
07-31 16:00:11.300  1860  1860 D leak-455: Eastern Standard Time
07-31 16:00:11.319  2633  2633 I AccessibilityNodeInfoDumper: Skipping invisible child: android.view.accessibility.AccessibilityNodeInfo@8000bfbb; boundsInParent: Rect(0, 0 - 1200, 1540); boundsInScreen: Rect(1200, 278 - 1200, 1818); packageName: com.adonai.manman; className: android.widget.FrameLayout; text: null; error: null; maxTextLength: -1; contentDescription: null; viewIdResName: com.adonai.manman:id/chapter_fragment_frame; checkable: false; checked: false; focusable: true; focused: false; selected: false; clickable: false; longClickable: false; contextClickable: false; enabled: true; password: false; scrollable: false; actions: [AccessibilityAction: ACTION_FOCUS - null, AccessibilityAction: ACTION_SELECT - null, AccessibilityAction: ACTION_CLEAR_SELECTION - null, AccessibilityAction: ACTION_ACCESSIBILITY_FOCUS - null, AccessibilityAction: ACTION_UNKNOWN - null]
07-31 16:00:11.319  2633  2633 W AccessibilityNodeInfoDumper: Fetch time: 14ms
07-31 16:00:11.320   593   744 W WindowManager: Attempted to remove non-existing token: android.os.Binder@ff9cf06
07-31 16:00:11.328  2633  2633 D AndroidRuntime: Shutting down VM
07-31 16:00:11.734  2646  2646 D AndroidRuntime: >>>>>> START com.android.internal.os.RuntimeInit uid 0 <<<<<<
07-31 16:00:11.735  2646  2646 D AndroidRuntime: CheckJNI is OFF
07-31 16:00:11.746  2646  2646 D ICU     : No timezone override file found: /data/misc/zoneinfo/current/icu/icu_tzdata.dat
07-31 16:00:11.760  2646  2646 E memtrack: Couldn't load memtrack module (No such file or directory)
07-31 16:00:11.760  2646  2646 E android.os.Debug: failed to load memtrack module: -2
07-31 16:00:11.761  2646  2646 I Radio-JNI: register_android_hardware_Radio DONE
07-31 16:00:11.768  2646  2646 D AndroidRuntime: Calling main entry com.android.commands.input.Input
07-31 16:00:11.769  2646  2646 I Input   : injectMotionEvent: MotionEvent { action=ACTION_DOWN, actionButton=0, id[0]=0, x[0]=1144.0, y[0]=112.0, toolType[0]=TOOL_TYPE_UNKNOWN, buttonState=0, metaState=0, flags=0x0, edgeFlags=0x0, pointerCount=1, historySize=0, eventTime=91946, downTime=91946, deviceId=0, source=0x1002 }
07-31 16:00:11.771  2646  2646 I Input   : injectMotionEvent: MotionEvent { action=ACTION_UP, actionButton=0, id[0]=0, x[0]=1144.0, y[0]=112.0, toolType[0]=TOOL_TYPE_UNKNOWN, buttonState=0, metaState=0, flags=0x0, edgeFlags=0x0, pointerCount=1, historySize=0, eventTime=91946, downTime=91946, deviceId=0, source=0x1002 }
07-31 16:00:11.772  2646  2646 D AndroidRuntime: Shutting down VM
07-31 16:00:11.792   593   698 W AudioTrack: AUDIO_OUTPUT_FLAG_FAST denied by client; transfer 4, track 48000 Hz, output 44100 Hz
07-31 16:00:11.792  1860  1860 I ListPopupWindow: Could not find method setEpicenterBounds(Rect) on PopupWindow. Oh well.
07-31 16:00:11.994  1860  1875 W EGL_emulation: eglSurfaceAttrib not implemented
07-31 16:00:11.994  1860  1875 W OpenGLRenderer: Failed to set EGL_SWAP_BEHAVIOR on surface 0xe067e420, error=EGL_SUCCESS
07-31 16:00:12.017   266   661 D AudioFlinger: mixer(0xf1d80000) throttle end: throttle time(11)
07-31 16:00:16.236  2986  2986 D AndroidRuntime: >>>>>> START com.android.internal.os.RuntimeInit uid 0 <<<<<<
07-31 16:00:16.238  2986  2986 D AndroidRuntime: CheckJNI is OFF
07-31 16:00:16.247  2986  2986 D ICU     : No timezone override file found: /data/misc/zoneinfo/current/icu/icu_tzdata.dat
07-31 16:00:16.260  2986  2986 E memtrack: Couldn't load memtrack module (No such file or directory)
07-31 16:00:16.260  2986  2986 E android.os.Debug: failed to load memtrack module: -2
07-31 16:00:16.260  2986  2986 I Radio-JNI: register_android_hardware_Radio DONE
07-31 16:00:16.265  2986  2986 D AndroidRuntime: Calling main entry com.android.commands.uiautomator.Launcher
07-31 16:00:17.284  2986  2986 W AccessibilityNodeInfoDumper: Fetch time: 2ms
07-31 16:00:17.284   593  1098 W WindowManager: Attempted to remove non-existing token: android.os.Binder@3309b63
07-31 16:00:17.298  2986  2986 D AndroidRuntime: Shutting down VM
07-31 16:00:18.302  3009  3009 D AndroidRuntime: >>>>>> START com.android.internal.os.RuntimeInit uid 0 <<<<<<
07-31 16:00:18.303  3009  3009 D AndroidRuntime: CheckJNI is OFF
07-31 16:00:18.313  3009  3009 D ICU     : No timezone override file found: /data/misc/zoneinfo/current/icu/icu_tzdata.dat
07-31 16:00:18.326  3009  3009 E memtrack: Couldn't load memtrack module (No such file or directory)
07-31 16:00:18.326  3009  3009 E android.os.Debug: failed to load memtrack module: -2
07-31 16:00:18.327  3009  3009 I Radio-JNI: register_android_hardware_Radio DONE
07-31 16:00:18.334  3009  3009 D AndroidRuntime: Calling main entry com.android.commands.uiautomator.Launcher
07-31 16:00:19.355  3009  3009 W AccessibilityNodeInfoDumper: Fetch time: 3ms
07-31 16:00:19.355   593   605 W WindowManager: Attempted to remove non-existing token: android.os.Binder@c9c8360
07-31 16:00:19.363  3009  3009 D AndroidRuntime: Shutting down VM
07-31 16:00:19.826  3027  3027 D AndroidRuntime: >>>>>> START com.android.internal.os.RuntimeInit uid 0 <<<<<<
07-31 16:00:19.828  3027  3027 D AndroidRuntime: CheckJNI is OFF
07-31 16:00:19.836  3027  3027 D ICU     : No timezone override file found: /data/misc/zoneinfo/current/icu/icu_tzdata.dat
07-31 16:00:19.849  3027  3027 E memtrack: Couldn't load memtrack module (No such file or directory)
07-31 16:00:19.849  3027  3027 E android.os.Debug: failed to load memtrack module: -2
07-31 16:00:19.849  3027  3027 I Radio-JNI: register_android_hardware_Radio DONE
07-31 16:00:19.855  3027  3027 D AndroidRuntime: Calling main entry com.android.commands.uiautomator.Launcher
07-31 16:00:20.872  3027  3027 W AccessibilityNodeInfoDumper: Fetch time: 1ms
07-31 16:00:20.873   593   744 W WindowManager: Attempted to remove non-existing token: android.os.Binder@aeb6019
07-31 16:00:20.882  3027  3027 D AndroidRuntime: Shutting down VM
07-31 16:00:21.904  3050  3050 D AndroidRuntime: >>>>>> START com.android.internal.os.RuntimeInit uid 0 <<<<<<
07-31 16:00:21.905  3050  3050 D AndroidRuntime: CheckJNI is OFF
07-31 16:00:21.913  3050  3050 D ICU     : No timezone override file found: /data/misc/zoneinfo/current/icu/icu_tzdata.dat
07-31 16:00:21.926  3050  3050 E memtrack: Couldn't load memtrack module (No such file or directory)
07-31 16:00:21.926  3050  3050 E android.os.Debug: failed to load memtrack module: -2
07-31 16:00:21.927  3050  3050 I Radio-JNI: register_android_hardware_Radio DONE
07-31 16:00:21.933  3050  3050 D AndroidRuntime: Calling main entry com.android.commands.uiautomator.Launcher
07-31 16:00:22.957  3050  3050 W AccessibilityNodeInfoDumper: Fetch time: 2ms
07-31 16:00:22.958   593   605 W WindowManager: Attempted to remove non-existing token: android.os.Binder@9d5b8de
07-31 16:00:22.966  3050  3050 D AndroidRuntime: Shutting down VM
07-31 16:00:24.179  3078  3078 D AndroidRuntime: >>>>>> START com.android.internal.os.RuntimeInit uid 0 <<<<<<
07-31 16:00:24.180  3078  3078 D AndroidRuntime: CheckJNI is OFF
07-31 16:00:24.193  3078  3078 D ICU     : No timezone override file found: /data/misc/zoneinfo/current/icu/icu_tzdata.dat
07-31 16:00:24.212  3078  3078 E memtrack: Couldn't load memtrack module (No such file or directory)
07-31 16:00:24.212  3078  3078 E android.os.Debug: failed to load memtrack module: -2
07-31 16:00:24.213  3078  3078 I Radio-JNI: register_android_hardware_Radio DONE
07-31 16:00:24.221  3078  3078 D AndroidRuntime: Calling main entry com.android.commands.uiautomator.Launcher
07-31 16:00:25.235  3078  3078 W AccessibilityNodeInfoDumper: Fetch time: 2ms
07-31 16:00:25.235   593   604 W WindowManager: Attempted to remove non-existing token: android.os.Binder@8078abf
07-31 16:00:25.245  3078  3078 D AndroidRuntime: Shutting down VM
07-31 16:00:26.315  3104  3104 D AndroidRuntime: >>>>>> START com.android.internal.os.RuntimeInit uid 0 <<<<<<
07-31 16:00:26.317  3104  3104 D AndroidRuntime: CheckJNI is OFF
07-31 16:00:26.327  3104  3104 D ICU     : No timezone override file found: /data/misc/zoneinfo/current/icu/icu_tzdata.dat
07-31 16:00:26.344  3104  3104 E memtrack: Couldn't load memtrack module (No such file or directory)
07-31 16:00:26.344  3104  3104 E android.os.Debug: failed to load memtrack module: -2
07-31 16:00:26.346  3104  3104 I Radio-JNI: register_android_hardware_Radio DONE
07-31 16:00:26.354  3104  3104 D AndroidRuntime: Calling main entry com.android.commands.uiautomator.Launcher
07-31 16:00:27.374  3104  3104 W AccessibilityNodeInfoDumper: Fetch time: 2ms
07-31 16:00:27.375   593  1094 W WindowManager: Attempted to remove non-existing token: android.os.Binder@348e4d5
07-31 16:00:27.382  3104  3104 D AndroidRuntime: Shutting down VM
07-31 16:00:27.837  3122  3122 D AndroidRuntime: >>>>>> START com.android.internal.os.RuntimeInit uid 0 <<<<<<
07-31 16:00:27.839  3122  3122 D AndroidRuntime: CheckJNI is OFF
07-31 16:00:27.851  3122  3122 D ICU     : No timezone override file found: /data/misc/zoneinfo/current/icu/icu_tzdata.dat
07-31 16:00:27.877  3122  3122 E memtrack: Couldn't load memtrack module (No such file or directory)
07-31 16:00:27.877  3122  3122 E android.os.Debug: failed to load memtrack module: -2
07-31 16:00:27.879  3122  3122 I Radio-JNI: register_android_hardware_Radio DONE
07-31 16:00:27.886  3122  3122 D AndroidRuntime: Calling main entry com.android.commands.uiautomator.Launcher
07-31 16:00:28.911  3122  3122 W AccessibilityNodeInfoDumper: Fetch time: 8ms
07-31 16:00:28.912   593  1093 W WindowManager: Attempted to remove non-existing token: android.os.Binder@d8084ea
07-31 16:00:28.929  3122  3122 D AndroidRuntime: Shutting down VM
07-31 16:00:30.015  3145  3145 D AndroidRuntime: >>>>>> START com.android.internal.os.RuntimeInit uid 0 <<<<<<
07-31 16:00:30.017  3145  3145 D AndroidRuntime: CheckJNI is OFF
07-31 16:00:30.026  3145  3145 D ICU     : No timezone override file found: /data/misc/zoneinfo/current/icu/icu_tzdata.dat
07-31 16:00:30.041  3145  3145 E memtrack: Couldn't load memtrack module (No such file or directory)
07-31 16:00:30.041  3145  3145 E android.os.Debug: failed to load memtrack module: -2
07-31 16:00:30.042  3145  3145 I Radio-JNI: register_android_hardware_Radio DONE
07-31 16:00:30.048  3145  3145 D AndroidRuntime: Calling main entry com.android.commands.uiautomator.Launcher
07-31 16:00:31.063  3145  3145 W AccessibilityNodeInfoDumper: Fetch time: 2ms
07-31 16:00:31.063   593   605 W WindowManager: Attempted to remove non-existing token: android.os.Binder@f3413db
07-31 16:00:31.071  3145  3145 D AndroidRuntime: Shutting down VM
07-31 16:00:31.526  3163  3163 D AndroidRuntime: >>>>>> START com.android.internal.os.RuntimeInit uid 0 <<<<<<
07-31 16:00:31.528  3163  3163 D AndroidRuntime: CheckJNI is OFF
07-31 16:00:31.538  3163  3163 D ICU     : No timezone override file found: /data/misc/zoneinfo/current/icu/icu_tzdata.dat
07-31 16:00:31.554  3163  3163 E memtrack: Couldn't load memtrack module (No such file or directory)
07-31 16:00:31.554  3163  3163 E android.os.Debug: failed to load memtrack module: -2
