07-29 15:41:17.147  6575  6575 I Input   : injectKeyEvent: KeyEvent { action=ACTION_DOWN, keyCode=KEYCODE_DEL, scanCode=0, metaState=0, flags=0x0, repeatCount=0, eventTime=216198, downTime=216198, deviceId=-1, source=0x101 }
07-29 15:41:17.148  6575  6575 I Input   : injectKeyEvent: KeyEvent { action=ACTION_UP, keyCode=KEYCODE_DEL, scanCode=0, metaState=0, flags=0x0, repeatCount=0, eventTime=216198, downTime=216198, deviceId=-1, source=0x101 }
07-29 15:41:17.149  6575  6575 I Input   : injectKeyEvent: KeyEvent { action=ACTION_DOWN, keyCode=KEYCODE_DEL, scanCode=0, metaState=0, flags=0x0, repeatCount=0, eventTime=216199, downTime=216199, deviceId=-1, source=0x101 }
07-29 15:41:17.151  6575  6575 I Input   : injectKeyEvent: KeyEvent { action=ACTION_UP, keyCode=KEYCODE_DEL, scanCode=0, metaState=0, flags=0x0, repeatCount=0, eventTime=216199, downTime=216199, deviceId=-1, source=0x101 }
07-29 15:41:17.152  6575  6575 I Input   : injectKeyEvent: KeyEvent { action=ACTION_DOWN, keyCode=KEYCODE_DEL, scanCode=0, metaState=0, flags=0x0, repeatCount=0, eventTime=216203, downTime=216203, deviceId=-1, source=0x101 }
07-29 15:41:17.153  6575  6575 I Input   : injectKeyEvent: KeyEvent { action=ACTION_UP, keyCode=KEYCODE_DEL, scanCode=0, metaState=0, flags=0x0, repeatCount=0, eventTime=216203, downTime=216203, deviceId=-1, source=0x101 }
07-29 15:41:17.154  6575  6575 I Input   : injectKeyEvent: KeyEvent { action=ACTION_DOWN, keyCode=KEYCODE_DEL, scanCode=0, metaState=0, flags=0x0, repeatCount=0, eventTime=216204, downTime=216204, deviceId=-1, source=0x101 }
07-29 15:41:17.154  6575  6575 I Input   : injectKeyEvent: KeyEvent { action=ACTION_UP, keyCode=KEYCODE_DEL, scanCode=0, metaState=0, flags=0x0, repeatCount=0, eventTime=216204, downTime=216204, deviceId=-1, source=0x101 }
07-29 15:41:17.155  6575  6575 I Input   : injectKeyEvent: KeyEvent { action=ACTION_DOWN, keyCode=KEYCODE_DEL, scanCode=0, metaState=0, flags=0x0, repeatCount=0, eventTime=216206, downTime=216206, deviceId=-1, source=0x101 }
07-29 15:41:17.156  6575  6575 I Input   : injectKeyEvent: KeyEvent { action=ACTION_UP, keyCode=KEYCODE_DEL, scanCode=0, metaState=0, flags=0x0, repeatCount=0, eventTime=216206, downTime=216206, deviceId=-1, source=0x101 }
07-29 15:41:17.156  6575  6575 I Input   : injectKeyEvent: KeyEvent { action=ACTION_DOWN, keyCode=KEYCODE_DEL, scanCode=0, metaState=0, flags=0x0, repeatCount=0, eventTime=216207, downTime=216207, deviceId=-1, source=0x101 }
07-29 15:41:17.157  6575  6575 I Input   : injectKeyEvent: KeyEvent { action=ACTION_UP, keyCode=KEYCODE_DEL, scanCode=0, metaState=0, flags=0x0, repeatCount=0, eventTime=216207, downTime=216207, deviceId=-1, source=0x101 }
07-29 15:41:17.158  6575  6575 I Input   : injectKeyEvent: KeyEvent { action=ACTION_DOWN, keyCode=KEYCODE_DEL, scanCode=0, metaState=0, flags=0x0, repeatCount=0, eventTime=216208, downTime=216208, deviceId=-1, source=0x101 }
07-29 15:41:17.159  6575  6575 I Input   : injectKeyEvent: KeyEvent { action=ACTION_UP, keyCode=KEYCODE_DEL, scanCode=0, metaState=0, flags=0x0, repeatCount=0, eventTime=216208, downTime=216208, deviceId=-1, source=0x101 }
07-29 15:41:17.159  6575  6575 I Input   : injectKeyEvent: KeyEvent { action=ACTION_DOWN, keyCode=KEYCODE_DEL, scanCode=0, metaState=0, flags=0x0, repeatCount=0, eventTime=216210, downTime=216210, deviceId=-1, source=0x101 }
07-29 15:41:17.160  6575  6575 I Input   : injectKeyEvent: KeyEvent { action=ACTION_UP, keyCode=KEYCODE_DEL, scanCode=0, metaState=0, flags=0x0, repeatCount=0, eventTime=216210, downTime=216210, deviceId=-1, source=0x101 }
07-29 15:41:17.160  6575  6575 I Input   : injectKeyEvent: KeyEvent { action=ACTION_DOWN, keyCode=KEYCODE_DEL, scanCode=0, metaState=0, flags=0x0, repeatCount=0, eventTime=216211, downTime=216211, deviceId=-1, source=0x101 }
07-29 15:41:17.161  6575  6575 I Input   : injectKeyEvent: KeyEvent { action=ACTION_UP, keyCode=KEYCODE_DEL, scanCode=0, metaState=0, flags=0x0, repeatCount=0, eventTime=216211, downTime=216211, deviceId=-1, source=0x101 }
07-29 15:41:17.162  6575  6575 I Input   : injectKeyEvent: KeyEvent { action=ACTION_DOWN, keyCode=KEYCODE_DEL, scanCode=0, metaState=0, flags=0x0, repeatCount=0, eventTime=216212, downTime=216212, deviceId=-1, source=0x101 }
07-29 15:41:17.163  6575  6575 I Input   : injectKeyEvent: KeyEvent { action=ACTION_UP, keyCode=KEYCODE_DEL, scanCode=0, metaState=0, flags=0x0, repeatCount=0, eventTime=216212, downTime=216212, deviceId=-1, source=0x101 }
07-29 15:41:17.163  6575  6575 I Input   : injectKeyEvent: KeyEvent { action=ACTION_DOWN, keyCode=KEYCODE_DEL, scanCode=0, metaState=0, flags=0x0, repeatCount=0, eventTime=216214, downTime=216214, deviceId=-1, source=0x101 }
07-29 15:41:17.164  6575  6575 I Input   : injectKeyEvent: KeyEvent { action=ACTION_UP, keyCode=KEYCODE_DEL, scanCode=0, metaState=0, flags=0x0, repeatCount=0, eventTime=216214, downTime=216214, deviceId=-1, source=0x101 }
07-29 15:41:17.165  6575  6575 I Input   : injectKeyEvent: KeyEvent { action=ACTION_DOWN, keyCode=KEYCODE_DEL, scanCode=0, metaState=0, flags=0x0, repeatCount=0, eventTime=216215, downTime=216215, deviceId=-1, source=0x101 }
07-29 15:41:17.165  6575  6575 I Input   : injectKeyEvent: KeyEvent { action=ACTION_UP, keyCode=KEYCODE_DEL, scanCode=0, metaState=0, flags=0x0, repeatCount=0, eventTime=216215, downTime=216215, deviceId=-1, source=0x101 }
07-29 15:41:17.166  6575  6575 I Input   : injectKeyEvent: KeyEvent { action=ACTION_DOWN, keyCode=KEYCODE_DEL, scanCode=0, metaState=0, flags=0x0, repeatCount=0, eventTime=216217, downTime=216217, deviceId=-1, source=0x101 }
07-29 15:41:17.167  6575  6575 I Input   : injectKeyEvent: KeyEvent { action=ACTION_UP, keyCode=KEYCODE_DEL, scanCode=0, metaState=0, flags=0x0, repeatCount=0, eventTime=216217, downTime=216217, deviceId=-1, source=0x101 }
07-29 15:41:17.168  6575  6575 I Input   : injectKeyEvent: KeyEvent { action=ACTION_DOWN, keyCode=KEYCODE_DEL, scanCode=0, metaState=0, flags=0x0, repeatCount=0, eventTime=216218, downTime=216218, deviceId=-1, source=0x101 }
07-29 15:41:17.169  6575  6575 I Input   : injectKeyEvent: KeyEvent { action=ACTION_UP, keyCode=KEYCODE_DEL, scanCode=0, metaState=0, flags=0x0, repeatCount=0, eventTime=216218, downTime=216218, deviceId=-1, source=0x101 }
07-29 15:41:17.169  6575  6575 I Input   : injectKeyEvent: KeyEvent { action=ACTION_DOWN, keyCode=KEYCODE_DEL, scanCode=0, metaState=0, flags=0x0, repeatCount=0, eventTime=216220, downTime=216220, deviceId=-1, source=0x101 }
07-29 15:41:17.170  6575  6575 I Input   : injectKeyEvent: KeyEvent { action=ACTION_UP, keyCode=KEYCODE_DEL, scanCode=0, metaState=0, flags=0x0, repeatCount=0, eventTime=216220, downTime=216220, deviceId=-1, source=0x101 }
07-29 15:41:17.171  6575  6575 I Input   : injectKeyEvent: KeyEvent { action=ACTION_DOWN, keyCode=KEYCODE_DEL, scanCode=0, metaState=0, flags=0x0, repeatCount=0, eventTime=216221, downTime=216221, deviceId=-1, source=0x101 }
07-29 15:41:17.172  6575  6575 I Input   : injectKeyEvent: KeyEvent { action=ACTION_UP, keyCode=KEYCODE_DEL, scanCode=0, metaState=0, flags=0x0, repeatCount=0, eventTime=216221, downTime=216221, deviceId=-1, source=0x101 }
07-29 15:41:17.172  6575  6575 I Input   : injectKeyEvent: KeyEvent { action=ACTION_DOWN, keyCode=KEYCODE_DEL, scanCode=0, metaState=0, flags=0x0, repeatCount=0, eventTime=216223, downTime=216223, deviceId=-1, source=0x101 }
07-29 15:41:17.173  6575  6575 I Input   : injectKeyEvent: KeyEvent { action=ACTION_UP, keyCode=KEYCODE_DEL, scanCode=0, metaState=0, flags=0x0, repeatCount=0, eventTime=216223, downTime=216223, deviceId=-1, source=0x101 }
07-29 15:41:17.174  6575  6575 I Input   : injectKeyEvent: KeyEvent { action=ACTION_DOWN, keyCode=KEYCODE_DEL, scanCode=0, metaState=0, flags=0x0, repeatCount=0, eventTime=216224, downTime=216224, deviceId=-1, source=0x101 }
07-29 15:41:17.175  6575  6575 I Input   : injectKeyEvent: KeyEvent { action=ACTION_UP, keyCode=KEYCODE_DEL, scanCode=0, metaState=0, flags=0x0, repeatCount=0, eventTime=216224, downTime=216224, deviceId=-1, source=0x101 }
07-29 15:41:17.175  6575  6575 I Input   : injectKeyEvent: KeyEvent { action=ACTION_DOWN, keyCode=KEYCODE_DEL, scanCode=0, metaState=0, flags=0x0, repeatCount=0, eventTime=216226, downTime=216226, deviceId=-1, source=0x101 }
07-29 15:41:17.176  6575  6575 I Input   : injectKeyEvent: KeyEvent { action=ACTION_UP, keyCode=KEYCODE_DEL, scanCode=0, metaState=0, flags=0x0, repeatCount=0, eventTime=216226, downTime=216226, deviceId=-1, source=0x101 }
07-29 15:41:17.177  6575  6575 I Input   : injectKeyEvent: KeyEvent { action=ACTION_DOWN, keyCode=KEYCODE_DEL, scanCode=0, metaState=0, flags=0x0, repeatCount=0, eventTime=216227, downTime=216227, deviceId=-1, source=0x101 }
07-29 15:41:17.178  6575  6575 I Input   : injectKeyEvent: KeyEvent { action=ACTION_UP, keyCode=KEYCODE_DEL, scanCode=0, metaState=0, flags=0x0, repeatCount=0, eventTime=216227, downTime=216227, deviceId=-1, source=0x101 }
07-29 15:41:17.178  6575  6575 I Input   : injectKeyEvent: KeyEvent { action=ACTION_DOWN, keyCode=KEYCODE_DEL, scanCode=0, metaState=0, flags=0x0, repeatCount=0, eventTime=216229, downTime=216229, deviceId=-1, source=0x101 }
07-29 15:41:17.179  6575  6575 I Input   : injectKeyEvent: KeyEvent { action=ACTION_UP, keyCode=KEYCODE_DEL, scanCode=0, metaState=0, flags=0x0, repeatCount=0, eventTime=216229, downTime=216229, deviceId=-1, source=0x101 }
07-29 15:41:17.180  6575  6575 I Input   : injectKeyEvent: KeyEvent { action=ACTION_DOWN, keyCode=KEYCODE_DEL, scanCode=0, metaState=0, flags=0x0, repeatCount=0, eventTime=216230, downTime=216230, deviceId=-1, source=0x101 }
07-29 15:41:17.180  6575  6575 I Input   : injectKeyEvent: KeyEvent { action=ACTION_UP, keyCode=KEYCODE_DEL, scanCode=0, metaState=0, flags=0x0, repeatCount=0, eventTime=216230, downTime=216230, deviceId=-1, source=0x101 }
07-29 15:41:17.181  6575  6575 I Input   : injectKeyEvent: KeyEvent { action=ACTION_DOWN, keyCode=KEYCODE_DEL, scanCode=0, metaState=0, flags=0x0, repeatCount=0, eventTime=216231, downTime=216231, deviceId=-1, source=0x101 }
07-29 15:41:17.181  6575  6575 I Input   : injectKeyEvent: KeyEvent { action=ACTION_UP, keyCode=KEYCODE_DEL, scanCode=0, metaState=0, flags=0x0, repeatCount=0, eventTime=216231, downTime=216231, deviceId=-1, source=0x101 }
07-29 15:41:17.182  6575  6575 I Input   : injectKeyEvent: KeyEvent { action=ACTION_DOWN, keyCode=KEYCODE_DEL, scanCode=0, metaState=0, flags=0x0, repeatCount=0, eventTime=216232, downTime=216232, deviceId=-1, source=0x101 }
07-29 15:41:17.183  6575  6575 I Input   : injectKeyEvent: KeyEvent { action=ACTION_UP, keyCode=KEYCODE_DEL, scanCode=0, metaState=0, flags=0x0, repeatCount=0, eventTime=216232, downTime=216232, deviceId=-1, source=0x101 }
07-29 15:41:17.183  6575  6575 I Input   : injectKeyEvent: KeyEvent { action=ACTION_DOWN, keyCode=KEYCODE_DEL, scanCode=0, metaState=0, flags=0x0, repeatCount=0, eventTime=216234, downTime=216234, deviceId=-1, source=0x101 }
07-29 15:41:17.185  6575  6575 I Input   : injectKeyEvent: KeyEvent { action=ACTION_UP, keyCode=KEYCODE_DEL, scanCode=0, metaState=0, flags=0x0, repeatCount=0, eventTime=216234, downTime=216234, deviceId=-1, source=0x101 }
07-29 15:41:17.185  6575  6575 I Input   : injectKeyEvent: KeyEvent { action=ACTION_DOWN, keyCode=KEYCODE_DEL, scanCode=0, metaState=0, flags=0x0, repeatCount=0, eventTime=216236, downTime=216236, deviceId=-1, source=0x101 }
07-29 15:41:17.186  6575  6575 I Input   : injectKeyEvent: KeyEvent { action=ACTION_UP, keyCode=KEYCODE_DEL, scanCode=0, metaState=0, flags=0x0, repeatCount=0, eventTime=216236, downTime=216236, deviceId=-1, source=0x101 }
07-29 15:41:17.187  6575  6575 I Input   : injectKeyEvent: KeyEvent { action=ACTION_DOWN, keyCode=KEYCODE_DEL, scanCode=0, metaState=0, flags=0x0, repeatCount=0, eventTime=216238, downTime=216238, deviceId=-1, source=0x101 }
07-29 15:41:17.188  6575  6575 I Input   : injectKeyEvent: KeyEvent { action=ACTION_UP, keyCode=KEYCODE_DEL, scanCode=0, metaState=0, flags=0x0, repeatCount=0, eventTime=216238, downTime=216238, deviceId=-1, source=0x101 }
07-29 15:41:17.189  6575  6575 I Input   : injectKeyEvent: KeyEvent { action=ACTION_DOWN, keyCode=KEYCODE_DEL, scanCode=0, metaState=0, flags=0x0, repeatCount=0, eventTime=216239, downTime=216239, deviceId=-1, source=0x101 }
07-29 15:41:17.189  6575  6575 I Input   : injectKeyEvent: KeyEvent { action=ACTION_UP, keyCode=KEYCODE_DEL, scanCode=0, metaState=0, flags=0x0, repeatCount=0, eventTime=216239, downTime=216239, deviceId=-1, source=0x101 }
07-29 15:41:17.190  6575  6575 I Input   : injectKeyEvent: KeyEvent { action=ACTION_DOWN, keyCode=KEYCODE_DEL, scanCode=0, metaState=0, flags=0x0, repeatCount=0, eventTime=216240, downTime=216240, deviceId=-1, source=0x101 }
07-29 15:41:17.191  6575  6575 I Input   : injectKeyEvent: KeyEvent { action=ACTION_UP, keyCode=KEYCODE_DEL, scanCode=0, metaState=0, flags=0x0, repeatCount=0, eventTime=216240, downTime=216240, deviceId=-1, source=0x101 }
07-29 15:41:17.191  6575  6575 I Input   : injectKeyEvent: KeyEvent { action=ACTION_DOWN, keyCode=KEYCODE_DEL, scanCode=0, metaState=0, flags=0x0, repeatCount=0, eventTime=216242, downTime=216242, deviceId=-1, source=0x101 }
07-29 15:41:17.192  6575  6575 I Input   : injectKeyEvent: KeyEvent { action=ACTION_UP, keyCode=KEYCODE_DEL, scanCode=0, metaState=0, flags=0x0, repeatCount=0, eventTime=216242, downTime=216242, deviceId=-1, source=0x101 }
07-29 15:41:17.193  6575  6575 I Input   : injectKeyEvent: KeyEvent { action=ACTION_DOWN, keyCode=KEYCODE_DEL, scanCode=0, metaState=0, flags=0x0, repeatCount=0, eventTime=216243, downTime=216243, deviceId=-1, source=0x101 }
07-29 15:41:17.194  6575  6575 I Input   : injectKeyEvent: KeyEvent { action=ACTION_UP, keyCode=KEYCODE_DEL, scanCode=0, metaState=0, flags=0x0, repeatCount=0, eventTime=216243, downTime=216243, deviceId=-1, source=0x101 }
07-29 15:41:17.194  6575  6575 I Input   : injectKeyEvent: KeyEvent { action=ACTION_DOWN, keyCode=KEYCODE_DEL, scanCode=0, metaState=0, flags=0x0, repeatCount=0, eventTime=216245, downTime=216245, deviceId=-1, source=0x101 }
07-29 15:41:17.195  6575  6575 I Input   : injectKeyEvent: KeyEvent { action=ACTION_UP, keyCode=KEYCODE_DEL, scanCode=0, metaState=0, flags=0x0, repeatCount=0, eventTime=216245, downTime=216245, deviceId=-1, source=0x101 }
07-29 15:41:17.196  6575  6575 I Input   : injectKeyEvent: KeyEvent { action=ACTION_DOWN, keyCode=KEYCODE_DEL, scanCode=0, metaState=0, flags=0x0, repeatCount=0, eventTime=216246, downTime=216246, deviceId=-1, source=0x101 }
07-29 15:41:17.197  6575  6575 I Input   : injectKeyEvent: KeyEvent { action=ACTION_UP, keyCode=KEYCODE_DEL, scanCode=0, metaState=0, flags=0x0, repeatCount=0, eventTime=216246, downTime=216246, deviceId=-1, source=0x101 }
07-29 15:41:17.197  6575  6575 I Input   : injectKeyEvent: KeyEvent { action=ACTION_DOWN, keyCode=KEYCODE_DEL, scanCode=0, metaState=0, flags=0x0, repeatCount=0, eventTime=216248, downTime=216248, deviceId=-1, source=0x101 }
07-29 15:41:17.198  6575  6575 I Input   : injectKeyEvent: KeyEvent { action=ACTION_UP, keyCode=KEYCODE_DEL, scanCode=0, metaState=0, flags=0x0, repeatCount=0, eventTime=216248, downTime=216248, deviceId=-1, source=0x101 }
07-29 15:41:17.199  6575  6575 I Input   : injectKeyEvent: KeyEvent { action=ACTION_DOWN, keyCode=KEYCODE_DEL, scanCode=0, metaState=0, flags=0x0, repeatCount=0, eventTime=216249, downTime=216249, deviceId=-1, source=0x101 }
07-29 15:41:17.200  6575  6575 I Input   : injectKeyEvent: KeyEvent { action=ACTION_UP, keyCode=KEYCODE_DEL, scanCode=0, metaState=0, flags=0x0, repeatCount=0, eventTime=216249, downTime=216249, deviceId=-1, source=0x101 }
07-29 15:41:17.201  6575  6575 I Input   : injectKeyEvent: KeyEvent { action=ACTION_DOWN, keyCode=KEYCODE_DEL, scanCode=0, metaState=0, flags=0x0, repeatCount=0, eventTime=216251, downTime=216251, deviceId=-1, source=0x101 }
07-29 15:41:17.201  6575  6575 I Input   : injectKeyEvent: KeyEvent { action=ACTION_UP, keyCode=KEYCODE_DEL, scanCode=0, metaState=0, flags=0x0, repeatCount=0, eventTime=216251, downTime=216251, deviceId=-1, source=0x101 }
07-29 15:41:17.202  6575  6575 I Input   : injectKeyEvent: KeyEvent { action=ACTION_DOWN, keyCode=KEYCODE_DEL, scanCode=0, metaState=0, flags=0x0, repeatCount=0, eventTime=216252, downTime=216252, deviceId=-1, source=0x101 }
07-29 15:41:17.203  6575  6575 I Input   : injectKeyEvent: KeyEvent { action=ACTION_UP, keyCode=KEYCODE_DEL, scanCode=0, metaState=0, flags=0x0, repeatCount=0, eventTime=216252, downTime=216252, deviceId=-1, source=0x101 }
07-29 15:41:17.203  6575  6575 I Input   : injectKeyEvent: KeyEvent { action=ACTION_DOWN, keyCode=KEYCODE_DEL, scanCode=0, metaState=0, flags=0x0, repeatCount=0, eventTime=216254, downTime=216254, deviceId=-1, source=0x101 }
07-29 15:41:17.204  6575  6575 I Input   : injectKeyEvent: KeyEvent { action=ACTION_UP, keyCode=KEYCODE_DEL, scanCode=0, metaState=0, flags=0x0, repeatCount=0, eventTime=216254, downTime=216254, deviceId=-1, source=0x101 }
07-29 15:41:17.205  6575  6575 I Input   : injectKeyEvent: KeyEvent { action=ACTION_DOWN, keyCode=KEYCODE_DEL, scanCode=0, metaState=0, flags=0x0, repeatCount=0, eventTime=216255, downTime=216255, deviceId=-1, source=0x101 }
07-29 15:41:17.206  6575  6575 I Input   : injectKeyEvent: KeyEvent { action=ACTION_UP, keyCode=KEYCODE_DEL, scanCode=0, metaState=0, flags=0x0, repeatCount=0, eventTime=216255, downTime=216255, deviceId=-1, source=0x101 }
07-29 15:41:17.206  6575  6575 I Input   : injectKeyEvent: KeyEvent { action=ACTION_DOWN, keyCode=KEYCODE_DEL, scanCode=0, metaState=0, flags=0x0, repeatCount=0, eventTime=216257, downTime=216257, deviceId=-1, source=0x101 }
07-29 15:41:17.207  6575  6575 I Input   : injectKeyEvent: KeyEvent { action=ACTION_UP, keyCode=KEYCODE_DEL, scanCode=0, metaState=0, flags=0x0, repeatCount=0, eventTime=216257, downTime=216257, deviceId=-1, source=0x101 }
07-29 15:41:17.207  6575  6575 I Input   : injectKeyEvent: KeyEvent { action=ACTION_DOWN, keyCode=KEYCODE_DEL, scanCode=0, metaState=0, flags=0x0, repeatCount=0, eventTime=216258, downTime=216258, deviceId=-1, source=0x101 }
07-29 15:41:17.208  6575  6575 I Input   : injectKeyEvent: KeyEvent { action=ACTION_UP, keyCode=KEYCODE_DEL, scanCode=0, metaState=0, flags=0x0, repeatCount=0, eventTime=216258, downTime=216258, deviceId=-1, source=0x101 }
07-29 15:41:17.208  6575  6575 I Input   : injectKeyEvent: KeyEvent { action=ACTION_DOWN, keyCode=KEYCODE_DEL, scanCode=0, metaState=0, flags=0x0, repeatCount=0, eventTime=216259, downTime=216259, deviceId=-1, source=0x101 }
07-29 15:41:17.209  6575  6575 I Input   : injectKeyEvent: KeyEvent { action=ACTION_UP, keyCode=KEYCODE_DEL, scanCode=0, metaState=0, flags=0x0, repeatCount=0, eventTime=216259, downTime=216259, deviceId=-1, source=0x101 }
07-29 15:41:17.210  6575  6575 D AndroidRuntime: Shutting down VM
07-29 15:41:17.556  6584  6584 D AndroidRuntime: >>>>>> START com.android.internal.os.RuntimeInit uid 0 <<<<<<
07-29 15:41:17.557  6584  6584 D AndroidRuntime: CheckJNI is OFF
07-29 15:41:17.565  6584  6584 D ICU     : No timezone override file found: /data/misc/zoneinfo/current/icu/icu_tzdata.dat
07-29 15:41:17.576  6584  6584 E memtrack: Couldn't load memtrack module (No such file or directory)
07-29 15:41:17.576  6584  6584 E android.os.Debug: failed to load memtrack module: -2
07-29 15:41:17.576  6584  6584 I Radio-JNI: register_android_hardware_Radio DONE
07-29 15:41:17.583  6584  6584 D AndroidRuntime: Calling main entry com.android.commands.input.Input
07-29 15:41:17.586  6584  6584 I Input   : injectKeyEvent: KeyEvent { action=ACTION_DOWN, keyCode=KEYCODE_1, scanCode=0, metaState=0, flags=0x0, repeatCount=0, eventTime=216636, downTime=216636, deviceId=-1, source=0x101 }
07-29 15:41:17.587  6584  6584 I Input   : injectKeyEvent: KeyEvent { action=ACTION_UP, keyCode=KEYCODE_1, scanCode=0, metaState=0, flags=0x0, repeatCount=0, eventTime=216636, downTime=216636, deviceId=-1, source=0x101 }
07-29 15:41:17.588  6584  6584 I Input   : injectKeyEvent: KeyEvent { action=ACTION_DOWN, keyCode=KEYCODE_2, scanCode=0, metaState=0, flags=0x0, repeatCount=0, eventTime=216636, downTime=216636, deviceId=-1, source=0x101 }
07-29 15:41:17.589  6584  6584 I Input   : injectKeyEvent: KeyEvent { action=ACTION_UP, keyCode=KEYCODE_2, scanCode=0, metaState=0, flags=0x0, repeatCount=0, eventTime=216636, downTime=216636, deviceId=-1, source=0x101 }
07-29 15:41:17.590  6584  6584 I Input   : injectKeyEvent: KeyEvent { action=ACTION_DOWN, keyCode=KEYCODE_3, scanCode=0, metaState=0, flags=0x0, repeatCount=0, eventTime=216636, downTime=216636, deviceId=-1, source=0x101 }
07-29 15:41:17.591  6584  6584 I Input   : injectKeyEvent: KeyEvent { action=ACTION_UP, keyCode=KEYCODE_3, scanCode=0, metaState=0, flags=0x0, repeatCount=0, eventTime=216636, downTime=216636, deviceId=-1, source=0x101 }
07-29 15:41:17.591  6584  6584 I Input   : injectKeyEvent: KeyEvent { action=ACTION_DOWN, keyCode=KEYCODE_4, scanCode=0, metaState=0, flags=0x0, repeatCount=0, eventTime=216636, downTime=216636, deviceId=-1, source=0x101 }
07-29 15:41:17.593  6584  6584 I Input   : injectKeyEvent: KeyEvent { action=ACTION_UP, keyCode=KEYCODE_4, scanCode=0, metaState=0, flags=0x0, repeatCount=0, eventTime=216636, downTime=216636, deviceId=-1, source=0x101 }
07-29 15:41:17.594  6584  6584 I Input   : injectKeyEvent: KeyEvent { action=ACTION_DOWN, keyCode=KEYCODE_5, scanCode=0, metaState=0, flags=0x0, repeatCount=0, eventTime=216636, downTime=216636, deviceId=-1, source=0x101 }
07-29 15:41:17.595  6584  6584 I Input   : injectKeyEvent: KeyEvent { action=ACTION_UP, keyCode=KEYCODE_5, scanCode=0, metaState=0, flags=0x0, repeatCount=0, eventTime=216636, downTime=216636, deviceId=-1, source=0x101 }
07-29 15:41:17.596  6584  6584 I Input   : injectKeyEvent: KeyEvent { action=ACTION_DOWN, keyCode=KEYCODE_6, scanCode=0, metaState=0, flags=0x0, repeatCount=0, eventTime=216636, downTime=216636, deviceId=-1, source=0x101 }
07-29 15:41:17.597  6584  6584 I Input   : injectKeyEvent: KeyEvent { action=ACTION_UP, keyCode=KEYCODE_6, scanCode=0, metaState=0, flags=0x0, repeatCount=0, eventTime=216636, downTime=216636, deviceId=-1, source=0x101 }
07-29 15:41:17.598  6584  6584 I Input   : injectKeyEvent: KeyEvent { action=ACTION_DOWN, keyCode=KEYCODE_7, scanCode=0, metaState=0, flags=0x0, repeatCount=0, eventTime=216636, downTime=216636, deviceId=-1, source=0x101 }
07-29 15:41:17.598  6584  6584 I Input   : injectKeyEvent: KeyEvent { action=ACTION_UP, keyCode=KEYCODE_7, scanCode=0, metaState=0, flags=0x0, repeatCount=0, eventTime=216636, downTime=216636, deviceId=-1, source=0x101 }
07-29 15:41:17.599  6584  6584 D AndroidRuntime: Shutting down VM
07-29 15:41:19.395  6914  6914 D AndroidRuntime: >>>>>> START com.android.internal.os.RuntimeInit uid 0 <<<<<<
07-29 15:41:19.397  6914  6914 D AndroidRuntime: CheckJNI is OFF
07-29 15:41:19.407  6914  6914 D ICU     : No timezone override file found: /data/misc/zoneinfo/current/icu/icu_tzdata.dat
07-29 15:41:19.422  6914  6914 E memtrack: Couldn't load memtrack module (No such file or directory)
07-29 15:41:19.422  6914  6914 E android.os.Debug: failed to load memtrack module: -2
07-29 15:41:19.423  6914  6914 I Radio-JNI: register_android_hardware_Radio DONE
07-29 15:41:19.430  6914  6914 D AndroidRuntime: Calling main entry com.android.commands.uiautomator.Launcher
07-29 15:41:20.449  6914  6914 I AccessibilityNodeInfoDumper: Skipping invisible child: android.view.accessibility.AccessibilityNodeInfo@8000b656; boundsInParent: Rect(0, 0 - 0, 128); boundsInScreen: Rect(1184, 48 - 1184, 176); packageName: com.zola.bmi; className: android.support.v7.widget.LinearLayoutCompat; text: null; error: null; maxTextLength: -1; contentDescription: null; viewIdResName: null; checkable: false; checked: false; focusable: false; focused: false; selected: false; clickable: false; longClickable: false; contextClickable: false; enabled: true; password: false; scrollable: false; actions: [AccessibilityAction: ACTION_SELECT - null, AccessibilityAction: ACTION_CLEAR_SELECTION - null, AccessibilityAction: ACTION_ACCESSIBILITY_FOCUS - null, AccessibilityAction: ACTION_UNKNOWN - null]
07-29 15:41:20.450  6914  6914 I AccessibilityNodeInfoDumper: Skipping invisible child: android.view.accessibility.AccessibilityNodeInfo@800090cc; boundsInParent: Rect(0, 0 - 0, 54); boundsInScreen: Rect(72, 662 - 72, 716); packageName: com.zola.bmi; className: android.widget.TextView; text: null; error: null; maxTextLength: -1; contentDescription: null; viewIdResName: com.zola.bmi:id/resultLabel; checkable: false; checked: false; focusable: false; focused: false; selected: false; clickable: false; longClickable: false; contextClickable: false; enabled: true; password: false; scrollable: false; actions: [AccessibilityAction: ACTION_SELECT - null, AccessibilityAction: ACTION_CLEAR_SELECTION - null, AccessibilityAction: ACTION_ACCESSIBILITY_FOCUS - null, AccessibilityAction: ACTION_UNKNOWN - null]
07-29 15:41:20.451  6914  6914 W AccessibilityNodeInfoDumper: Fetch time: 6ms
07-29 15:41:20.451   599   739 W WindowManager: Attempted to remove non-existing token: android.os.Binder@20567af
07-29 15:41:20.454  6914  6914 D AndroidRuntime: Shutting down VM
07-29 15:41:21.436  6937  6937 D AndroidRuntime: >>>>>> START com.android.internal.os.RuntimeInit uid 0 <<<<<<
07-29 15:41:21.438  6937  6937 D AndroidRuntime: CheckJNI is OFF
07-29 15:41:21.447  6937  6937 D ICU     : No timezone override file found: /data/misc/zoneinfo/current/icu/icu_tzdata.dat
07-29 15:41:21.460  6937  6937 E memtrack: Couldn't load memtrack module (No such file or directory)
07-29 15:41:21.460  6937  6937 E android.os.Debug: failed to load memtrack module: -2
07-29 15:41:21.460  6937  6937 I Radio-JNI: register_android_hardware_Radio DONE
07-29 15:41:21.465  6937  6937 D AndroidRuntime: Calling main entry com.android.commands.uiautomator.Launcher
07-29 15:41:22.482  6937  6937 I AccessibilityNodeInfoDumper: Skipping invisible child: android.view.accessibility.AccessibilityNodeInfo@8000b65d; boundsInParent: Rect(0, 0 - 0, 128); boundsInScreen: Rect(1184, 48 - 1184, 176); packageName: com.zola.bmi; className: android.support.v7.widget.LinearLayoutCompat; text: null; error: null; maxTextLength: -1; contentDescription: null; viewIdResName: null; checkable: false; checked: false; focusable: false; focused: false; selected: false; clickable: false; longClickable: false; contextClickable: false; enabled: true; password: false; scrollable: false; actions: [AccessibilityAction: ACTION_SELECT - null, AccessibilityAction: ACTION_CLEAR_SELECTION - null, AccessibilityAction: ACTION_ACCESSIBILITY_FOCUS - null, AccessibilityAction: ACTION_UNKNOWN - null]
07-29 15:41:22.483  6937  6937 I AccessibilityNodeInfoDumper: Skipping invisible child: android.view.accessibility.AccessibilityNodeInfo@800090d3; boundsInParent: Rect(0, 0 - 0, 54); boundsInScreen: Rect(72, 662 - 72, 716); packageName: com.zola.bmi; className: android.widget.TextView; text: null; error: null; maxTextLength: -1; contentDescription: null; viewIdResName: com.zola.bmi:id/resultLabel; checkable: false; checked: false; focusable: false; focused: false; selected: false; clickable: false; longClickable: false; contextClickable: false; enabled: true; password: false; scrollable: false; actions: [AccessibilityAction: ACTION_SELECT - null, AccessibilityAction: ACTION_CLEAR_SELECTION - null, AccessibilityAction: ACTION_ACCESSIBILITY_FOCUS - null, AccessibilityAction: ACTION_UNKNOWN - null]
07-29 15:41:22.483  6937  6937 W AccessibilityNodeInfoDumper: Fetch time: 7ms
07-29 15:41:22.485   599   736 W WindowManager: Attempted to remove non-existing token: android.os.Binder@330e345
07-29 15:41:22.488  6937  6937 D AndroidRuntime: Shutting down VM
07-29 15:41:22.901  6955  6955 D AndroidRuntime: >>>>>> START com.android.internal.os.RuntimeInit uid 0 <<<<<<
07-29 15:41:22.903  6955  6955 D AndroidRuntime: CheckJNI is OFF
07-29 15:41:22.911  6955  6955 D ICU     : No timezone override file found: /data/misc/zoneinfo/current/icu/icu_tzdata.dat
07-29 15:41:22.922  6955  6955 E memtrack: Couldn't load memtrack module (No such file or directory)
07-29 15:41:22.922  6955  6955 E android.os.Debug: failed to load memtrack module: -2
07-29 15:41:22.922  6955  6955 I Radio-JNI: register_android_hardware_Radio DONE
07-29 15:41:22.929  6955  6955 D AndroidRuntime: Calling main entry com.android.commands.uiautomator.Launcher
07-29 15:41:23.946  6955  6955 I AccessibilityNodeInfoDumper: Skipping invisible child: android.view.accessibility.AccessibilityNodeInfo@8000b664; boundsInParent: Rect(0, 0 - 0, 128); boundsInScreen: Rect(1184, 48 - 1184, 176); packageName: com.zola.bmi; className: android.support.v7.widget.LinearLayoutCompat; text: null; error: null; maxTextLength: -1; contentDescription: null; viewIdResName: null; checkable: false; checked: false; focusable: false; focused: false; selected: false; clickable: false; longClickable: false; contextClickable: false; enabled: true; password: false; scrollable: false; actions: [AccessibilityAction: ACTION_SELECT - null, AccessibilityAction: ACTION_CLEAR_SELECTION - null, AccessibilityAction: ACTION_ACCESSIBILITY_FOCUS - null, AccessibilityAction: ACTION_UNKNOWN - null]
07-29 15:41:23.946  6955  6955 I AccessibilityNodeInfoDumper: Skipping invisible child: android.view.accessibility.AccessibilityNodeInfo@800090da; boundsInParent: Rect(0, 0 - 0, 54); boundsInScreen: Rect(72, 662 - 72, 716); packageName: com.zola.bmi; className: android.widget.TextView; text: null; error: null; maxTextLength: -1; contentDescription: null; viewIdResName: com.zola.bmi:id/resultLabel; checkable: false; checked: false; focusable: false; focused: false; selected: false; clickable: false; longClickable: false; contextClickable: false; enabled: true; password: false; scrollable: false; actions: [AccessibilityAction: ACTION_SELECT - null, AccessibilityAction: ACTION_CLEAR_SELECTION - null, AccessibilityAction: ACTION_ACCESSIBILITY_FOCUS - null, AccessibilityAction: ACTION_UNKNOWN - null]
07-29 15:41:23.947  6955  6955 W AccessibilityNodeInfoDumper: Fetch time: 7ms
07-29 15:41:23.948   599   736 W WindowManager: Attempted to remove non-existing token: android.os.Binder@d6dfa9a
07-29 15:41:23.951  6955  6955 D AndroidRuntime: Shutting down VM
07-29 15:41:24.952  6980  6980 D AndroidRuntime: >>>>>> START com.android.internal.os.RuntimeInit uid 0 <<<<<<
07-29 15:41:24.953  6980  6980 D AndroidRuntime: CheckJNI is OFF
07-29 15:41:24.961  6980  6980 D ICU     : No timezone override file found: /data/misc/zoneinfo/current/icu/icu_tzdata.dat
07-29 15:41:24.973  6980  6980 E memtrack: Couldn't load memtrack module (No such file or directory)
07-29 15:41:24.973  6980  6980 E android.os.Debug: failed to load memtrack module: -2
07-29 15:41:24.974  6980  6980 I Radio-JNI: register_android_hardware_Radio DONE
07-29 15:41:24.982  6980  6980 D AndroidRuntime: Calling main entry com.android.commands.uiautomator.Launcher
07-29 15:41:26.001  6980  6980 I AccessibilityNodeInfoDumper: Skipping invisible child: android.view.accessibility.AccessibilityNodeInfo@8000b66a; boundsInParent: Rect(0, 0 - 0, 128); boundsInScreen: Rect(1184, 48 - 1184, 176); packageName: com.zola.bmi; className: android.support.v7.widget.LinearLayoutCompat; text: null; error: null; maxTextLength: -1; contentDescription: null; viewIdResName: null; checkable: false; checked: false; focusable: false; focused: false; selected: false; clickable: false; longClickable: false; contextClickable: false; enabled: true; password: false; scrollable: false; actions: [AccessibilityAction: ACTION_SELECT - null, AccessibilityAction: ACTION_CLEAR_SELECTION - null, AccessibilityAction: ACTION_ACCESSIBILITY_FOCUS - null, AccessibilityAction: ACTION_UNKNOWN - null]
07-29 15:41:26.002  6980  6980 I AccessibilityNodeInfoDumper: Skipping invisible child: android.view.accessibility.AccessibilityNodeInfo@800090e0; boundsInParent: Rect(0, 0 - 0, 54); boundsInScreen: Rect(72, 662 - 72, 716); packageName: com.zola.bmi; className: android.widget.TextView; text: null; error: null; maxTextLength: -1; contentDescription: null; viewIdResName: com.zola.bmi:id/resultLabel; checkable: false; checked: false; focusable: false; focused: false; selected: false; clickable: false; longClickable: false; contextClickable: false; enabled: true; password: false; scrollable: false; actions: [AccessibilityAction: ACTION_SELECT - null, AccessibilityAction: ACTION_CLEAR_SELECTION - null, AccessibilityAction: ACTION_ACCESSIBILITY_FOCUS - null, AccessibilityAction: ACTION_UNKNOWN - null]
07-29 15:41:26.003  6980  6980 W AccessibilityNodeInfoDumper: Fetch time: 7ms
07-29 15:41:26.003   599   611 W WindowManager: Attempted to remove non-existing token: android.os.Binder@74acfcb
07-29 15:41:26.006  6980  6980 D AndroidRuntime: Shutting down VM
07-29 15:41:26.439  6998  6998 D AndroidRuntime: >>>>>> START com.android.internal.os.RuntimeInit uid 0 <<<<<<
07-29 15:41:26.441  6998  6998 D AndroidRuntime: CheckJNI is OFF
07-29 15:41:26.449  6998  6998 D ICU     : No timezone override file found: /data/misc/zoneinfo/current/icu/icu_tzdata.dat
07-29 15:41:26.462  6998  6998 E memtrack: Couldn't load memtrack module (No such file or directory)
07-29 15:41:26.462  6998  6998 E android.os.Debug: failed to load memtrack module: -2
07-29 15:41:26.463  6998  6998 I Radio-JNI: register_android_hardware_Radio DONE
07-29 15:41:26.470  6998  6998 D AndroidRuntime: Calling main entry com.android.commands.uiautomator.Launcher
07-29 15:41:27.491  6998  6998 I AccessibilityNodeInfoDumper: Skipping invisible child: android.view.accessibility.AccessibilityNodeInfo@8000b671; boundsInParent: Rect(0, 0 - 0, 128); boundsInScreen: Rect(1184, 48 - 1184, 176); packageName: com.zola.bmi; className: android.support.v7.widget.LinearLayoutCompat; text: null; error: null; maxTextLength: -1; contentDescription: null; viewIdResName: null; checkable: false; checked: false; focusable: false; focused: false; selected: false; clickable: false; longClickable: false; contextClickable: false; enabled: true; password: false; scrollable: false; actions: [AccessibilityAction: ACTION_SELECT - null, AccessibilityAction: ACTION_CLEAR_SELECTION - null, AccessibilityAction: ACTION_ACCESSIBILITY_FOCUS - null, AccessibilityAction: ACTION_UNKNOWN - null]
07-29 15:41:27.492  6998  6998 I AccessibilityNodeInfoDumper: Skipping invisible child: android.view.accessibility.AccessibilityNodeInfo@800090e7; boundsInParent: Rect(0, 0 - 0, 54); boundsInScreen: Rect(72, 662 - 72, 716); packageName: com.zola.bmi; className: android.widget.TextView; text: null; error: null; maxTextLength: -1; contentDescription: null; viewIdResName: com.zola.bmi:id/resultLabel; checkable: false; checked: false; focusable: false; focused: false; selected: false; clickable: false; longClickable: false; contextClickable: false; enabled: true; password: false; scrollable: false; actions: [AccessibilityAction: ACTION_SELECT - null, AccessibilityAction: ACTION_CLEAR_SELECTION - null, AccessibilityAction: ACTION_ACCESSIBILITY_FOCUS - null, AccessibilityAction: ACTION_UNKNOWN - null]
07-29 15:41:27.493  6998  6998 W AccessibilityNodeInfoDumper: Fetch time: 6ms
07-29 15:41:27.493   599   917 W WindowManager: Attempted to remove non-existing token: android.os.Binder@7016ec1
07-29 15:41:27.496  6998  6998 D AndroidRuntime: Shutting down VM
07-29 15:41:27.899  7011  7011 D AndroidRuntime: >>>>>> START com.android.internal.os.RuntimeInit uid 0 <<<<<<
07-29 15:41:27.901  7011  7011 D AndroidRuntime: CheckJNI is OFF
07-29 15:41:27.912  7011  7011 D ICU     : No timezone override file found: /data/misc/zoneinfo/current/icu/icu_tzdata.dat
07-29 15:41:27.923  7011  7011 E memtrack: Couldn't load memtrack module (No such file or directory)
07-29 15:41:27.923  7011  7011 E android.os.Debug: failed to load memtrack module: -2
07-29 15:41:27.924  7011  7011 I Radio-JNI: register_android_hardware_Radio DONE
07-29 15:41:27.930  7011  7011 D AndroidRuntime: Calling main entry com.android.commands.input.Input
07-29 15:41:27.930  7011  7011 I Input   : injectMotionEvent: MotionEvent { action=ACTION_DOWN, actionButton=0, id[0]=0, x[0]=993.0, y[0]=614.0, toolType[0]=TOOL_TYPE_UNKNOWN, buttonState=0, metaState=0, flags=0x0, edgeFlags=0x0, pointerCount=1, historySize=0, eventTime=226980, downTime=226980, deviceId=0, source=0x1002 }
07-29 15:41:27.932  7011  7011 I Input   : injectMotionEvent: MotionEvent { action=ACTION_UP, actionButton=0, id[0]=0, x[0]=993.0, y[0]=614.0, toolType[0]=TOOL_TYPE_UNKNOWN, buttonState=0, metaState=0, flags=0x0, edgeFlags=0x0, pointerCount=1, historySize=0, eventTime=226980, downTime=226980, deviceId=0, source=0x1002 }
07-29 15:41:27.933  7011  7011 D AndroidRuntime: Shutting down VM
07-29 15:41:27.934  1641  1641 D leak-3  : Eastern Standard Time
07-29 15:41:27.934  1641  1641 D leak-4  : Eastern Standard Time
07-29 15:41:27.934  1641  1641 D leak-5  : Eastern Standard Time
07-29 15:41:27.934  1641  1641 D leak-6  : Eastern Standard Time
07-29 15:41:27.934  1641  1641 D leak-10 : Eastern Standard Time
07-29 15:41:27.934  1641  1641 D leak-11 : Eastern Standard Time
07-29 15:41:27.935  1641  1641 D leak-12 : Eastern Standard Time
07-29 15:41:27.935  1641  1641 D leak-13 : Eastern Standard Time
07-29 15:41:28.155   265   658 D AudioFlinger: mixer(0xf1dc0000) throttle end: throttle time(11)
07-29 15:41:32.328  7345  7345 D AndroidRuntime: >>>>>> START com.android.internal.os.RuntimeInit uid 0 <<<<<<
07-29 15:41:32.329  7345  7345 D AndroidRuntime: CheckJNI is OFF
07-29 15:41:32.337  7345  7345 D ICU     : No timezone override file found: /data/misc/zoneinfo/current/icu/icu_tzdata.dat
07-29 15:41:32.348  7345  7345 E memtrack: Couldn't load memtrack module (No such file or directory)
07-29 15:41:32.348  7345  7345 E android.os.Debug: failed to load memtrack module: -2
07-29 15:41:32.348  7345  7345 I Radio-JNI: register_android_hardware_Radio DONE
07-29 15:41:32.354  7345  7345 D AndroidRuntime: Calling main entry com.android.commands.uiautomator.Launcher
07-29 15:41:33.372  7345  7345 I AccessibilityNodeInfoDumper: Skipping invisible child: android.view.accessibility.AccessibilityNodeInfo@8000b67a; boundsInParent: Rect(0, 0 - 0, 128); boundsInScreen: Rect(1184, 48 - 1184, 176); packageName: com.zola.bmi; className: android.support.v7.widget.LinearLayoutCompat; text: null; error: null; maxTextLength: -1; contentDescription: null; viewIdResName: null; checkable: false; checked: false; focusable: false; focused: false; selected: false; clickable: false; longClickable: false; contextClickable: false; enabled: true; password: false; scrollable: false; actions: [AccessibilityAction: ACTION_SELECT - null, AccessibilityAction: ACTION_CLEAR_SELECTION - null, AccessibilityAction: ACTION_ACCESSIBILITY_FOCUS - null, AccessibilityAction: ACTION_UNKNOWN - null]
07-29 15:41:33.373  7345  7345 W AccessibilityNodeInfoDumper: Fetch time: 7ms
07-29 15:41:33.374   599   738 W WindowManager: Attempted to remove non-existing token: android.os.Binder@5a12666
07-29 15:41:33.377  7345  7345 D AndroidRuntime: Shutting down VM
07-29 15:41:34.359  7368  7368 D AndroidRuntime: >>>>>> START com.android.internal.os.RuntimeInit uid 0 <<<<<<
07-29 15:41:34.361  7368  7368 D AndroidRuntime: CheckJNI is OFF
07-29 15:41:34.371  7368  7368 D ICU     : No timezone override file found: /data/misc/zoneinfo/current/icu/icu_tzdata.dat
07-29 15:41:34.383  7368  7368 E memtrack: Couldn't load memtrack module (No such file or directory)
07-29 15:41:34.383  7368  7368 E android.os.Debug: failed to load memtrack module: -2
07-29 15:41:34.384  7368  7368 I Radio-JNI: register_android_hardware_Radio DONE
07-29 15:41:34.390  7368  7368 D AndroidRuntime: Calling main entry com.android.commands.uiautomator.Launcher
07-29 15:41:35.414  7368  7368 I AccessibilityNodeInfoDumper: Skipping invisible child: android.view.accessibility.AccessibilityNodeInfo@8000b67f; boundsInParent: Rect(0, 0 - 0, 128); boundsInScreen: Rect(1184, 48 - 1184, 176); packageName: com.zola.bmi; className: android.support.v7.widget.LinearLayoutCompat; text: null; error: null; maxTextLength: -1; contentDescription: null; viewIdResName: null; checkable: false; checked: false; focusable: false; focused: false; selected: false; clickable: false; longClickable: false; contextClickable: false; enabled: true; password: false; scrollable: false; actions: [AccessibilityAction: ACTION_SELECT - null, AccessibilityAction: ACTION_CLEAR_SELECTION - null, AccessibilityAction: ACTION_ACCESSIBILITY_FOCUS - null, AccessibilityAction: ACTION_UNKNOWN - null]
07-29 15:41:35.415  7368  7368 W AccessibilityNodeInfoDumper: Fetch time: 10ms
07-29 15:41:35.416   599   917 W WindowManager: Attempted to remove non-existing token: android.os.Binder@8349da7
07-29 15:41:35.420  7368  7368 D AndroidRuntime: Shutting down VM
07-29 15:41:35.835  7387  7387 D AndroidRuntime: >>>>>> START com.android.internal.os.RuntimeInit uid 0 <<<<<<
07-29 15:41:35.836  7387  7387 D AndroidRuntime: CheckJNI is OFF
07-29 15:41:35.844  7387  7387 D ICU     : No timezone override file found: /data/misc/zoneinfo/current/icu/icu_tzdata.dat
07-29 15:41:35.855  7387  7387 E memtrack: Couldn't load memtrack module (No such file or directory)
07-29 15:41:35.855  7387  7387 E android.os.Debug: failed to load memtrack module: -2
07-29 15:41:35.856  7387  7387 I Radio-JNI: register_android_hardware_Radio DONE
07-29 15:41:35.861  7387  7387 D AndroidRuntime: Calling main entry com.android.commands.uiautomator.Launcher
07-29 15:41:36.880  7387  7387 I AccessibilityNodeInfoDumper: Skipping invisible child: android.view.accessibility.AccessibilityNodeInfo@8000b686; boundsInParent: Rect(0, 0 - 0, 128); boundsInScreen: Rect(1184, 48 - 1184, 176); packageName: com.zola.bmi; className: android.support.v7.widget.LinearLayoutCompat; text: null; error: null; maxTextLength: -1; contentDescription: null; viewIdResName: null; checkable: false; checked: false; focusable: false; focused: false; selected: false; clickable: false; longClickable: false; contextClickable: false; enabled: true; password: false; scrollable: false; actions: [AccessibilityAction: ACTION_SELECT - null, AccessibilityAction: ACTION_CLEAR_SELECTION - null, AccessibilityAction: ACTION_ACCESSIBILITY_FOCUS - null, AccessibilityAction: ACTION_UNKNOWN - null]
07-29 15:41:36.881  7387  7387 W AccessibilityNodeInfoDumper: Fetch time: 8ms
07-29 15:41:36.882   599   739 W WindowManager: Attempted to remove non-existing token: android.os.Binder@c9a3254
07-29 15:41:36.884  7387  7387 D AndroidRuntime: Shutting down VM
07-29 15:41:37.861  7410  7410 D AndroidRuntime: >>>>>> START com.android.internal.os.RuntimeInit uid 0 <<<<<<
07-29 15:41:37.863  7410  7410 D AndroidRuntime: CheckJNI is OFF
07-29 15:41:37.872  7410  7410 D ICU     : No timezone override file found: /data/misc/zoneinfo/current/icu/icu_tzdata.dat
07-29 15:41:37.884  7410  7410 E memtrack: Couldn't load memtrack module (No such file or directory)
07-29 15:41:37.884  7410  7410 E android.os.Debug: failed to load memtrack module: -2
07-29 15:41:37.885  7410  7410 I Radio-JNI: register_android_hardware_Radio DONE
07-29 15:41:37.890  7410  7410 D AndroidRuntime: Calling main entry com.android.commands.uiautomator.Launcher
07-29 15:41:38.908  7410  7410 I AccessibilityNodeInfoDumper: Skipping invisible child: android.view.accessibility.AccessibilityNodeInfo@8000b68e; boundsInParent: Rect(0, 0 - 0, 128); boundsInScreen: Rect(1184, 48 - 1184, 176); packageName: com.zola.bmi; className: android.support.v7.widget.LinearLayoutCompat; text: null; error: null; maxTextLength: -1; contentDescription: null; viewIdResName: null; checkable: false; checked: false; focusable: false; focused: false; selected: false; clickable: false; longClickable: false; contextClickable: false; enabled: true; password: false; scrollable: false; actions: [AccessibilityAction: ACTION_SELECT - null, AccessibilityAction: ACTION_CLEAR_SELECTION - null, AccessibilityAction: ACTION_ACCESSIBILITY_FOCUS - null, AccessibilityAction: ACTION_UNKNOWN - null]
07-29 15:41:38.909  7410  7410 W AccessibilityNodeInfoDumper: Fetch time: 7ms
07-29 15:41:38.910   599   917 W WindowManager: Attempted to remove non-existing token: android.os.Binder@9f535fd
07-29 15:41:38.912  7410  7410 D AndroidRuntime: Shutting down VM
07-29 15:41:39.916  7438  7438 D AndroidRuntime: >>>>>> START com.android.internal.os.RuntimeInit uid 0 <<<<<<
07-29 15:41:39.918  7438  7438 D AndroidRuntime: CheckJNI is OFF
07-29 15:41:39.926  7438  7438 D ICU     : No timezone override file found: /data/misc/zoneinfo/current/icu/icu_tzdata.dat
07-29 15:41:39.937  7438  7438 E memtrack: Couldn't load memtrack module (No such file or directory)
07-29 15:41:39.937  7438  7438 E android.os.Debug: failed to load memtrack module: -2
07-29 15:41:39.937  7438  7438 I Radio-JNI: register_android_hardware_Radio DONE
07-29 15:41:39.943  7438  7438 D AndroidRuntime: Calling main entry com.android.commands.uiautomator.Launcher
07-29 15:41:40.962  7438  7438 I AccessibilityNodeInfoDumper: Skipping invisible child: android.view.accessibility.AccessibilityNodeInfo@8000b696; boundsInParent: Rect(0, 0 - 0, 128); boundsInScreen: Rect(1184, 48 - 1184, 176); packageName: com.zola.bmi; className: android.support.v7.widget.LinearLayoutCompat; text: null; error: null; maxTextLength: -1; contentDescription: null; viewIdResName: null; checkable: false; checked: false; focusable: false; focused: false; selected: false; clickable: false; longClickable: false; contextClickable: false; enabled: true; password: false; scrollable: false; actions: [AccessibilityAction: ACTION_SELECT - null, AccessibilityAction: ACTION_CLEAR_SELECTION - null, AccessibilityAction: ACTION_ACCESSIBILITY_FOCUS - null, AccessibilityAction: ACTION_UNKNOWN - null]
07-29 15:41:40.963  7438  7438 W AccessibilityNodeInfoDumper: Fetch time: 7ms
07-29 15:41:40.963   599   610 W WindowManager: Attempted to remove non-existing token: android.os.Binder@36d43
07-29 15:41:40.967  7438  7438 D AndroidRuntime: Shutting down VM
07-29 15:41:41.973  7464  7464 D AndroidRuntime: >>>>>> START com.android.internal.os.RuntimeInit uid 0 <<<<<<
07-29 15:41:41.974  7464  7464 D AndroidRuntime: CheckJNI is OFF
07-29 15:41:41.983  7464  7464 D ICU     : No timezone override file found: /data/misc/zoneinfo/current/icu/icu_tzdata.dat
07-29 15:41:41.995  7464  7464 E memtrack: Couldn't load memtrack module (No such file or directory)
07-29 15:41:41.995  7464  7464 E android.os.Debug: failed to load memtrack module: -2
07-29 15:41:41.995  7464  7464 I Radio-JNI: register_android_hardware_Radio DONE
07-29 15:41:42.001  7464  7464 D AndroidRuntime: Calling main entry com.android.commands.uiautomator.Launcher
07-29 15:41:43.025  7464  7464 I AccessibilityNodeInfoDumper: Skipping invisible child: android.view.accessibility.AccessibilityNodeInfo@8000b69b; boundsInParent: Rect(0, 0 - 0, 128); boundsInScreen: Rect(1184, 48 - 1184, 176); packageName: com.zola.bmi; className: android.support.v7.widget.LinearLayoutCompat; text: null; error: null; maxTextLength: -1; contentDescription: null; viewIdResName: null; checkable: false; checked: false; focusable: false; focused: false; selected: false; clickable: false; longClickable: false; contextClickable: false; enabled: true; password: false; scrollable: false; actions: [AccessibilityAction: ACTION_SELECT - null, AccessibilityAction: ACTION_CLEAR_SELECTION - null, AccessibilityAction: ACTION_ACCESSIBILITY_FOCUS - null, AccessibilityAction: ACTION_UNKNOWN - null]
07-29 15:41:43.025  7464  7464 W AccessibilityNodeInfoDumper: Fetch time: 9ms
07-29 15:41:43.026   599   611 W WindowManager: Attempted to remove non-existing token: android.os.Binder@1921fc0
07-29 15:41:43.028  7464  7464 D AndroidRuntime: Shutting down VM
07-29 15:41:43.459  7482  7482 D AndroidRuntime: >>>>>> START com.android.internal.os.RuntimeInit uid 0 <<<<<<
07-29 15:41:43.460  7482  7482 D AndroidRuntime: CheckJNI is OFF
07-29 15:41:43.471  7482  7482 D ICU     : No timezone override file found: /data/misc/zoneinfo/current/icu/icu_tzdata.dat
07-29 15:41:43.484  7482  7482 E memtrack: Couldn't load memtrack module (No such file or directory)
07-29 15:41:43.484  7482  7482 E android.os.Debug: failed to load memtrack module: -2
07-29 15:41:43.485  7482  7482 I Radio-JNI: register_android_hardware_Radio DONE
07-29 15:41:43.492  7482  7482 D AndroidRuntime: Calling main entry com.android.commands.uiautomator.Launcher
07-29 15:41:44.514  7482  7482 I AccessibilityNodeInfoDumper: Skipping invisible child: android.view.accessibility.AccessibilityNodeInfo@8000b6a5; boundsInParent: Rect(0, 0 - 0, 128); boundsInScreen: Rect(1184, 48 - 1184, 176); packageName: com.zola.bmi; className: android.support.v7.widget.LinearLayoutCompat; text: null; error: null; maxTextLength: -1; contentDescription: null; viewIdResName: null; checkable: false; checked: false; focusable: false; focused: false; selected: false; clickable: false; longClickable: false; contextClickable: false; enabled: true; password: false; scrollable: false; actions: [AccessibilityAction: ACTION_SELECT - null, AccessibilityAction: ACTION_CLEAR_SELECTION - null, AccessibilityAction: ACTION_ACCESSIBILITY_FOCUS - null, AccessibilityAction: ACTION_UNKNOWN - null]
07-29 15:41:44.515  7482  7482 W AccessibilityNodeInfoDumper: Fetch time: 7ms
07-29 15:41:44.515   599   611 W WindowManager: Attempted to remove non-existing token: android.os.Binder@7649c3e
07-29 15:41:44.518  7482  7482 D AndroidRuntime: Shutting down VM
07-29 15:41:44.930  7495  7495 D AndroidRuntime: >>>>>> START com.android.internal.os.RuntimeInit uid 0 <<<<<<
07-29 15:41:44.932  7495  7495 D AndroidRuntime: CheckJNI is OFF
07-29 15:41:44.944  7495  7495 D ICU     : No timezone override file found: /data/misc/zoneinfo/current/icu/icu_tzdata.dat
