07-31 16:58:30.028  7269  7269 I Input   : injectMotionEvent: MotionEvent { action=ACTION_DOWN, actionButton=0, id[0]=0, x[0]=896.0, y[0]=1014.0, toolType[0]=TOOL_TYPE_UNKNOWN, buttonState=0, metaState=0, flags=0x0, edgeFlags=0x0, pointerCount=1, historySize=0, eventTime=321620, downTime=321620, deviceId=0, source=0x1002 }
07-31 16:58:30.030  7269  7269 I Input   : injectMotionEvent: MotionEvent { action=ACTION_UP, actionButton=0, id[0]=0, x[0]=896.0, y[0]=1014.0, toolType[0]=TOOL_TYPE_UNKNOWN, buttonState=0, metaState=0, flags=0x0, edgeFlags=0x0, pointerCount=1, historySize=0, eventTime=321620, downTime=321620, deviceId=0, source=0x1002 }
07-31 16:58:30.031  7269  7269 D AndroidRuntime: Shutting down VM
07-31 16:58:30.045  1865  1865 D leak-141: Eastern Standard Time
07-31 16:58:30.046  1865  1865 D leak-52 : Eastern Standard Time
07-31 16:58:30.046  1865  1865 D leak-78 : Eastern Standard Time
07-31 16:58:30.046  1865  1865 D leak-161: Eastern Standard Time
07-31 16:58:30.046  1865  1865 D leak-162: Eastern Standard Time
07-31 16:58:30.046  1865  1865 D leak-163: Eastern Standard Time
07-31 16:58:30.046  1865  1865 D leak-164: Eastern Standard Time
07-31 16:58:30.046  1865  1865 D leak-165: Eastern Standard Time
07-31 16:58:30.046  1865  1865 D leak-165: Eastern Standard Time
07-31 16:58:30.046  1865  1865 D leak-165: Eastern Standard Time
07-31 16:58:30.046  1865  1865 D leak-164: Eastern Standard Time
07-31 16:58:30.046  1865  1865 D leak-165: Eastern Standard Time
07-31 16:58:30.046  1865  1865 D leak-165: Eastern Standard Time
07-31 16:58:30.046  1865  1865 D leak-165: Eastern Standard Time
07-31 16:58:30.046  1865  1865 D leak-164: Eastern Standard Time
07-31 16:58:30.046  1865  1865 D leak-165: Eastern Standard Time
07-31 16:58:30.046  1865  1865 D leak-165: Eastern Standard Time
07-31 16:58:30.046  1865  1865 D leak-165: Eastern Standard Time
07-31 16:58:30.046  1865  1865 D leak-164: Eastern Standard Time
07-31 16:58:30.046  1865  1865 D leak-165: Eastern Standard Time
07-31 16:58:30.046  1865  1865 D leak-165: Eastern Standard Time
07-31 16:58:30.046  1865  1865 D leak-165: Eastern Standard Time
07-31 16:58:30.046  1865  1865 D leak-166: Eastern Standard Time
07-31 16:58:30.046  1865  1865 D leak-174: Eastern Standard Time
07-31 16:58:30.046  1865  1865 D leak-183: Eastern Standard Time
07-31 16:58:30.046  1865  1865 D leak-183: Eastern Standard Time
07-31 16:58:30.046  1865  1865 D leak-79 : Eastern Standard Time
07-31 16:58:30.046  1865  1865 D leak-151: Eastern Standard Time
07-31 16:58:30.046  1865  1865 D leak-152: Eastern Standard Time
07-31 16:58:30.046  1865  1865 D leak-155: Eastern Standard Time
07-31 16:58:30.097  1865  1865 D leak-183: Eastern Standard Time
07-31 16:58:30.109   587   748 I ActivityManager: Killing 1651:com.android.onetimeinitializer/u0a11 (adj 15): empty #17
07-31 16:58:30.109   587   748 W libprocessgroup: failed to open /acct/uid_10011/pid_1651/cgroup.procs: No such file or directory
07-31 16:58:30.110  6619  6632 E Surface : getSlotFromBufferLocked: unknown buffer: 0xe12ad230
07-31 16:58:30.112  6619  6632 D OpenGLRenderer: endAllStagingAnimators on 0xf2c38d80 (RippleDrawable) with handle 0xeea52bf0
07-31 16:58:30.307   600   600 W SurfaceFlinger: couldn't log to binary event log: overflow.
07-31 16:58:34.914  7605  7605 D AndroidRuntime: >>>>>> START com.android.internal.os.RuntimeInit uid 0 <<<<<<
07-31 16:58:34.916  7605  7605 D AndroidRuntime: CheckJNI is OFF
07-31 16:58:34.926  7605  7605 D ICU     : No timezone override file found: /data/misc/zoneinfo/current/icu/icu_tzdata.dat
07-31 16:58:34.936  7605  7605 E memtrack: Couldn't load memtrack module (No such file or directory)
07-31 16:58:34.936  7605  7605 E android.os.Debug: failed to load memtrack module: -2
07-31 16:58:34.937  7605  7605 I Radio-JNI: register_android_hardware_Radio DONE
07-31 16:58:34.943  7605  7605 D AndroidRuntime: Calling main entry com.android.commands.uiautomator.Launcher
07-31 16:58:35.952  1865  1865 D leak-183: Eastern Standard Time
07-31 16:58:35.955  7605  7605 W AccessibilityNodeInfoDumper: Fetch time: 1ms
07-31 16:58:35.956   587  1197 W WindowManager: Attempted to remove non-existing token: android.os.Binder@a53aa01
07-31 16:58:35.964  7605  7605 D AndroidRuntime: Shutting down VM
07-31 16:58:36.981  7628  7628 D AndroidRuntime: >>>>>> START com.android.internal.os.RuntimeInit uid 0 <<<<<<
07-31 16:58:36.984  7628  7628 D AndroidRuntime: CheckJNI is OFF
07-31 16:58:36.993  7628  7628 D ICU     : No timezone override file found: /data/misc/zoneinfo/current/icu/icu_tzdata.dat
07-31 16:58:37.009  7628  7628 E memtrack: Couldn't load memtrack module (No such file or directory)
07-31 16:58:37.009  7628  7628 E android.os.Debug: failed to load memtrack module: -2
07-31 16:58:37.009  7628  7628 I Radio-JNI: register_android_hardware_Radio DONE
07-31 16:58:37.017  7628  7628 D AndroidRuntime: Calling main entry com.android.commands.uiautomator.Launcher
07-31 16:58:38.026  1865  1865 D leak-183: Eastern Standard Time
07-31 16:58:38.032  7628  7628 W AccessibilityNodeInfoDumper: Fetch time: 3ms
07-31 16:58:38.033   587  1197 W WindowManager: Attempted to remove non-existing token: android.os.Binder@131e0a6
07-31 16:58:38.050  7628  7628 D AndroidRuntime: Shutting down VM
07-31 16:58:38.489  7646  7646 D AndroidRuntime: >>>>>> START com.android.internal.os.RuntimeInit uid 0 <<<<<<
07-31 16:58:38.490  7646  7646 D AndroidRuntime: CheckJNI is OFF
07-31 16:58:38.503  7646  7646 D ICU     : No timezone override file found: /data/misc/zoneinfo/current/icu/icu_tzdata.dat
07-31 16:58:38.516  7646  7646 E memtrack: Couldn't load memtrack module (No such file or directory)
07-31 16:58:38.516  7646  7646 E android.os.Debug: failed to load memtrack module: -2
07-31 16:58:38.517  7646  7646 I Radio-JNI: register_android_hardware_Radio DONE
07-31 16:58:38.526  7646  7646 D AndroidRuntime: Calling main entry com.android.commands.uiautomator.Launcher
07-31 16:58:39.543  1865  1865 D leak-183: Eastern Standard Time
07-31 16:58:39.547  7646  7646 W AccessibilityNodeInfoDumper: Fetch time: 1ms
07-31 16:58:39.547   587   598 W WindowManager: Attempted to remove non-existing token: android.os.Binder@b136ae7
07-31 16:58:39.554   587   697 D WifiStateMachine: L2Connected CMD_START_SCAN source -2 19, 21 -> obsolete
07-31 16:58:39.555  7646  7646 D AndroidRuntime: Shutting down VM
07-31 16:58:40.538  7669  7669 D AndroidRuntime: >>>>>> START com.android.internal.os.RuntimeInit uid 0 <<<<<<
07-31 16:58:40.540  7669  7669 D AndroidRuntime: CheckJNI is OFF
07-31 16:58:40.548  7669  7669 D ICU     : No timezone override file found: /data/misc/zoneinfo/current/icu/icu_tzdata.dat
07-31 16:58:40.560  7669  7669 E memtrack: Couldn't load memtrack module (No such file or directory)
07-31 16:58:40.560  7669  7669 E android.os.Debug: failed to load memtrack module: -2
07-31 16:58:40.560  7669  7669 I Radio-JNI: register_android_hardware_Radio DONE
07-31 16:58:40.566  7669  7669 D AndroidRuntime: Calling main entry com.android.commands.uiautomator.Launcher
07-31 16:58:41.575  1865  1865 D leak-183: Eastern Standard Time
07-31 16:58:41.579  7669  7669 W AccessibilityNodeInfoDumper: Fetch time: 2ms
07-31 16:58:41.579   587   599 W WindowManager: Attempted to remove non-existing token: android.os.Binder@14fe53d
07-31 16:58:41.586  7669  7669 D AndroidRuntime: Shutting down VM
07-31 16:58:42.586  7697  7697 D AndroidRuntime: >>>>>> START com.android.internal.os.RuntimeInit uid 0 <<<<<<
07-31 16:58:42.588  7697  7697 D AndroidRuntime: CheckJNI is OFF
07-31 16:58:42.597  7697  7697 D ICU     : No timezone override file found: /data/misc/zoneinfo/current/icu/icu_tzdata.dat
07-31 16:58:42.610  7697  7697 E memtrack: Couldn't load memtrack module (No such file or directory)
07-31 16:58:42.610  7697  7697 E android.os.Debug: failed to load memtrack module: -2
07-31 16:58:42.612  7697  7697 I Radio-JNI: register_android_hardware_Radio DONE
07-31 16:58:42.618  7697  7697 D AndroidRuntime: Calling main entry com.android.commands.uiautomator.Launcher
07-31 16:58:43.626  1865  1865 D leak-183: Eastern Standard Time
07-31 16:58:43.631  7697  7697 W AccessibilityNodeInfoDumper: Fetch time: 2ms
07-31 16:58:43.632   587   599 W WindowManager: Attempted to remove non-existing token: android.os.Binder@10b6132
07-31 16:58:43.639  7697  7697 D AndroidRuntime: Shutting down VM
07-31 16:58:44.421   587  1739 D NetlinkSocketObserver: NeighborEvent{elapsedMs=336013, 10.0.3.2, [525400123502], RTM_NEWNEIGH, NUD_PROBE}
07-31 16:58:44.421   587  1739 D NetlinkSocketObserver: NeighborEvent{elapsedMs=336013, 10.0.3.2, [525400123502], RTM_NEWNEIGH, NUD_REACHABLE}
07-31 16:58:44.646  7723  7723 D AndroidRuntime: >>>>>> START com.android.internal.os.RuntimeInit uid 0 <<<<<<
07-31 16:58:44.648  7723  7723 D AndroidRuntime: CheckJNI is OFF
07-31 16:58:44.657  7723  7723 D ICU     : No timezone override file found: /data/misc/zoneinfo/current/icu/icu_tzdata.dat
07-31 16:58:44.669  7723  7723 E memtrack: Couldn't load memtrack module (No such file or directory)
07-31 16:58:44.669  7723  7723 E android.os.Debug: failed to load memtrack module: -2
07-31 16:58:44.670  7723  7723 I Radio-JNI: register_android_hardware_Radio DONE
07-31 16:58:44.675  7723  7723 D AndroidRuntime: Calling main entry com.android.commands.uiautomator.Launcher
07-31 16:58:45.709  1865  1865 D leak-183: Eastern Standard Time
07-31 16:58:45.714  7723  7723 W AccessibilityNodeInfoDumper: Fetch time: 2ms
07-31 16:58:45.715   587   752 W WindowManager: Attempted to remove non-existing token: android.os.Binder@821ce83
07-31 16:58:45.722  7723  7723 D AndroidRuntime: Shutting down VM
07-31 16:58:46.138  7742  7742 D AndroidRuntime: >>>>>> START com.android.internal.os.RuntimeInit uid 0 <<<<<<
07-31 16:58:46.139  7742  7742 D AndroidRuntime: CheckJNI is OFF
07-31 16:58:46.147  7742  7742 D ICU     : No timezone override file found: /data/misc/zoneinfo/current/icu/icu_tzdata.dat
07-31 16:58:46.160  7742  7742 E memtrack: Couldn't load memtrack module (No such file or directory)
07-31 16:58:46.160  7742  7742 E android.os.Debug: failed to load memtrack module: -2
07-31 16:58:46.161  7742  7742 I Radio-JNI: register_android_hardware_Radio DONE
07-31 16:58:46.167  7742  7742 D AndroidRuntime: Calling main entry com.android.commands.uiautomator.Launcher
07-31 16:58:47.174  1865  1865 D leak-183: Eastern Standard Time
07-31 16:58:47.178  7742  7742 W AccessibilityNodeInfoDumper: Fetch time: 0ms
07-31 16:58:47.178   587   748 W WindowManager: Attempted to remove non-existing token: android.os.Binder@fa30800
07-31 16:58:47.185  7742  7742 D AndroidRuntime: Shutting down VM
07-31 16:58:48.225  7765  7765 D AndroidRuntime: >>>>>> START com.android.internal.os.RuntimeInit uid 0 <<<<<<
07-31 16:58:48.226  7765  7765 D AndroidRuntime: CheckJNI is OFF
07-31 16:58:48.235  7765  7765 D ICU     : No timezone override file found: /data/misc/zoneinfo/current/icu/icu_tzdata.dat
07-31 16:58:48.248  7765  7765 E memtrack: Couldn't load memtrack module (No such file or directory)
07-31 16:58:48.248  7765  7765 E android.os.Debug: failed to load memtrack module: -2
07-31 16:58:48.248  7765  7765 I Radio-JNI: register_android_hardware_Radio DONE
07-31 16:58:48.255  7765  7765 D AndroidRuntime: Calling main entry com.android.commands.uiautomator.Launcher
07-31 16:58:49.272  1865  1865 D leak-183: Eastern Standard Time
07-31 16:58:49.277  7765  7765 W AccessibilityNodeInfoDumper: Fetch time: 1ms
07-31 16:58:49.277   587  1193 W WindowManager: Attempted to remove non-existing token: android.os.Binder@4da9839
07-31 16:58:49.285  7765  7765 D AndroidRuntime: Shutting down VM
07-31 16:58:49.721  7783  7783 D AndroidRuntime: >>>>>> START com.android.internal.os.RuntimeInit uid 0 <<<<<<
07-31 16:58:49.722  7783  7783 D AndroidRuntime: CheckJNI is OFF
07-31 16:58:49.733  7783  7783 D ICU     : No timezone override file found: /data/misc/zoneinfo/current/icu/icu_tzdata.dat
07-31 16:58:49.747  7783  7783 E memtrack: Couldn't load memtrack module (No such file or directory)
07-31 16:58:49.747  7783  7783 E android.os.Debug: failed to load memtrack module: -2
07-31 16:58:49.748  7783  7783 I Radio-JNI: register_android_hardware_Radio DONE
07-31 16:58:49.754  7783  7783 D AndroidRuntime: Calling main entry com.android.commands.uiautomator.Launcher
07-31 16:58:50.763  1865  1865 D leak-183: Eastern Standard Time
07-31 16:58:50.769  7783  7783 W AccessibilityNodeInfoDumper: Fetch time: 2ms
07-31 16:58:50.769   587  1193 W WindowManager: Attempted to remove non-existing token: android.os.Binder@728cfdf
07-31 16:58:50.779  7783  7783 D AndroidRuntime: Shutting down VM
07-31 16:58:51.857  7806  7806 D AndroidRuntime: >>>>>> START com.android.internal.os.RuntimeInit uid 0 <<<<<<
07-31 16:58:51.859  7806  7806 D AndroidRuntime: CheckJNI is OFF
07-31 16:58:51.870  7806  7806 D ICU     : No timezone override file found: /data/misc/zoneinfo/current/icu/icu_tzdata.dat
07-31 16:58:51.891  7806  7806 E memtrack: Couldn't load memtrack module (No such file or directory)
07-31 16:58:51.891  7806  7806 E android.os.Debug: failed to load memtrack module: -2
07-31 16:58:51.892  7806  7806 I Radio-JNI: register_android_hardware_Radio DONE
07-31 16:58:51.903  7806  7806 D AndroidRuntime: Calling main entry com.android.commands.uiautomator.Launcher
07-31 16:58:52.915  1865  1865 D leak-183: Eastern Standard Time
07-31 16:58:52.920  7806  7806 W AccessibilityNodeInfoDumper: Fetch time: 2ms
07-31 16:58:52.920   587   752 W WindowManager: Attempted to remove non-existing token: android.os.Binder@130a42c
07-31 16:58:52.930  7806  7806 D AndroidRuntime: Shutting down VM
07-31 16:58:53.368  7824  7824 D AndroidRuntime: >>>>>> START com.android.internal.os.RuntimeInit uid 0 <<<<<<
07-31 16:58:53.370  7824  7824 D AndroidRuntime: CheckJNI is OFF
07-31 16:58:53.379  7824  7824 D ICU     : No timezone override file found: /data/misc/zoneinfo/current/icu/icu_tzdata.dat
07-31 16:58:53.392  7824  7824 E memtrack: Couldn't load memtrack module (No such file or directory)
07-31 16:58:53.392  7824  7824 E android.os.Debug: failed to load memtrack module: -2
07-31 16:58:53.393  7824  7824 I Radio-JNI: register_android_hardware_Radio DONE
07-31 16:58:53.399  7824  7824 D AndroidRuntime: Calling main entry com.android.commands.uiautomator.Launcher
07-31 16:58:54.413  1865  1865 D leak-183: Eastern Standard Time
07-31 16:58:54.416  7824  7824 W AccessibilityNodeInfoDumper: Fetch time: 1ms
07-31 16:58:54.416   587   599 W WindowManager: Attempted to remove non-existing token: android.os.Binder@9c37ef5
07-31 16:58:54.426  7824  7824 D AndroidRuntime: Shutting down VM
07-31 16:58:55.532  7849  7849 D AndroidRuntime: >>>>>> START com.android.internal.os.RuntimeInit uid 0 <<<<<<
07-31 16:58:55.534  7849  7849 D AndroidRuntime: CheckJNI is OFF
07-31 16:58:55.544  7849  7849 D ICU     : No timezone override file found: /data/misc/zoneinfo/current/icu/icu_tzdata.dat
07-31 16:58:55.556  7849  7849 E memtrack: Couldn't load memtrack module (No such file or directory)
07-31 16:58:55.556  7849  7849 E android.os.Debug: failed to load memtrack module: -2
07-31 16:58:55.557  7849  7849 I Radio-JNI: register_android_hardware_Radio DONE
07-31 16:58:55.563  7849  7849 D AndroidRuntime: Calling main entry com.android.commands.uiautomator.Launcher
07-31 16:58:56.575  1865  1865 D leak-183: Eastern Standard Time
07-31 16:58:56.581  7849  7849 W AccessibilityNodeInfoDumper: Fetch time: 2ms
07-31 16:58:56.581   587  1193 W WindowManager: Attempted to remove non-existing token: android.os.Binder@f69e48a
07-31 16:58:56.588  7849  7849 D AndroidRuntime: Shutting down VM
07-31 16:58:57.028  7867  7867 D AndroidRuntime: >>>>>> START com.android.internal.os.RuntimeInit uid 0 <<<<<<
07-31 16:58:57.031  7867  7867 D AndroidRuntime: CheckJNI is OFF
07-31 16:58:57.042  7867  7867 D ICU     : No timezone override file found: /data/misc/zoneinfo/current/icu/icu_tzdata.dat
07-31 16:58:57.055  7867  7867 E memtrack: Couldn't load memtrack module (No such file or directory)
07-31 16:58:57.055  7867  7867 E android.os.Debug: failed to load memtrack module: -2
07-31 16:58:57.056  7867  7867 I Radio-JNI: register_android_hardware_Radio DONE
07-31 16:58:57.063  7867  7867 D AndroidRuntime: Calling main entry com.android.commands.uiautomator.Launcher
07-31 16:58:57.876   587  1739 D NetlinkSocketObserver: NeighborEvent{elapsedMs=349468, 10.0.3.2, [525400123502], RTM_NEWNEIGH, NUD_STALE}
07-31 16:58:58.073  1865  1865 D leak-183: Eastern Standard Time
07-31 16:58:58.076  7867  7867 W AccessibilityNodeInfoDumper: Fetch time: 1ms
07-31 16:58:58.077   587   599 W WindowManager: Attempted to remove non-existing token: android.os.Binder@748afb
07-31 16:58:58.089  7867  7867 D AndroidRuntime: Shutting down VM
07-31 16:58:58.489  7880  7880 D AndroidRuntime: >>>>>> START com.android.internal.os.RuntimeInit uid 0 <<<<<<
07-31 16:58:58.491  7880  7880 D AndroidRuntime: CheckJNI is OFF
07-31 16:58:58.499  7880  7880 D ICU     : No timezone override file found: /data/misc/zoneinfo/current/icu/icu_tzdata.dat
07-31 16:58:58.510  7880  7880 E memtrack: Couldn't load memtrack module (No such file or directory)
07-31 16:58:58.510  7880  7880 E android.os.Debug: failed to load memtrack module: -2
07-31 16:58:58.511  7880  7880 I Radio-JNI: register_android_hardware_Radio DONE
07-31 16:58:58.519  7880  7880 D AndroidRuntime: Calling main entry com.android.commands.input.Input
07-31 16:58:58.520  7880  7880 I Input   : injectMotionEvent: MotionEvent { action=ACTION_DOWN, actionButton=0, id[0]=0, x[0]=600.0, y[0]=1000.0, toolType[0]=TOOL_TYPE_UNKNOWN, buttonState=0, metaState=0, flags=0x0, edgeFlags=0x0, pointerCount=1, historySize=0, eventTime=350112, downTime=350112, deviceId=0, source=0x1002 }
07-31 16:58:58.521  7880  7880 I Input   : injectMotionEvent: MotionEvent { action=ACTION_UP, actionButton=0, id[0]=0, x[0]=600.0, y[0]=1000.0, toolType[0]=TOOL_TYPE_UNKNOWN, buttonState=0, metaState=0, flags=0x0, edgeFlags=0x0, pointerCount=1, historySize=0, eventTime=350112, downTime=350112, deviceId=0, source=0x1002 }
07-31 16:58:58.521  7880  7880 D AndroidRuntime: Shutting down VM
07-31 16:59:02.912  8214  8214 D AndroidRuntime: >>>>>> START com.android.internal.os.RuntimeInit uid 0 <<<<<<
07-31 16:59:02.913  8214  8214 D AndroidRuntime: CheckJNI is OFF
07-31 16:59:02.923  8214  8214 D ICU     : No timezone override file found: /data/misc/zoneinfo/current/icu/icu_tzdata.dat
07-31 16:59:02.936  8214  8214 E memtrack: Couldn't load memtrack module (No such file or directory)
07-31 16:59:02.937  8214  8214 E android.os.Debug: failed to load memtrack module: -2
07-31 16:59:02.937  8214  8214 I Radio-JNI: register_android_hardware_Radio DONE
07-31 16:59:02.945  8214  8214 D AndroidRuntime: Calling main entry com.android.commands.uiautomator.Launcher
07-31 16:59:03.956  1865  1865 D leak-183: Eastern Standard Time
07-31 16:59:03.961  8214  8214 W AccessibilityNodeInfoDumper: Fetch time: 2ms
07-31 16:59:03.961   587   599 W WindowManager: Attempted to remove non-existing token: android.os.Binder@d19d718
07-31 16:59:03.970  8214  8214 D AndroidRuntime: Shutting down VM
07-31 16:59:05.000  8237  8237 D AndroidRuntime: >>>>>> START com.android.internal.os.RuntimeInit uid 0 <<<<<<
07-31 16:59:05.002  8237  8237 D AndroidRuntime: CheckJNI is OFF
07-31 16:59:05.011  8237  8237 D ICU     : No timezone override file found: /data/misc/zoneinfo/current/icu/icu_tzdata.dat
07-31 16:59:05.024  8237  8237 E memtrack: Couldn't load memtrack module (No such file or directory)
07-31 16:59:05.024  8237  8237 E android.os.Debug: failed to load memtrack module: -2
07-31 16:59:05.025  8237  8237 I Radio-JNI: register_android_hardware_Radio DONE
07-31 16:59:05.032  8237  8237 D AndroidRuntime: Calling main entry com.android.commands.uiautomator.Launcher
07-31 16:59:06.041  1865  1865 D leak-183: Eastern Standard Time
07-31 16:59:06.044  8237  8237 W AccessibilityNodeInfoDumper: Fetch time: 2ms
07-31 16:59:06.045   587  1193 W WindowManager: Attempted to remove non-existing token: android.os.Binder@81a1571
07-31 16:59:06.053  8237  8237 D AndroidRuntime: Shutting down VM
07-31 16:59:06.477  8256  8256 D AndroidRuntime: >>>>>> START com.android.internal.os.RuntimeInit uid 0 <<<<<<
07-31 16:59:06.479  8256  8256 D AndroidRuntime: CheckJNI is OFF
07-31 16:59:06.487  8256  8256 D ICU     : No timezone override file found: /data/misc/zoneinfo/current/icu/icu_tzdata.dat
07-31 16:59:06.500  8256  8256 E memtrack: Couldn't load memtrack module (No such file or directory)
07-31 16:59:06.500  8256  8256 E android.os.Debug: failed to load memtrack module: -2
07-31 16:59:06.500  8256  8256 I Radio-JNI: register_android_hardware_Radio DONE
07-31 16:59:06.506  8256  8256 D AndroidRuntime: Calling main entry com.android.commands.uiautomator.Launcher
07-31 16:59:07.515  1865  1865 D leak-183: Eastern Standard Time
07-31 16:59:07.519  8256  8256 W AccessibilityNodeInfoDumper: Fetch time: 2ms
07-31 16:59:07.520   587   599 W WindowManager: Attempted to remove non-existing token: android.os.Binder@af6dbd7
07-31 16:59:07.528  8256  8256 D AndroidRuntime: Shutting down VM
07-31 16:59:08.518  8279  8279 D AndroidRuntime: >>>>>> START com.android.internal.os.RuntimeInit uid 0 <<<<<<
07-31 16:59:08.519  8279  8279 D AndroidRuntime: CheckJNI is OFF
07-31 16:59:08.527  8279  8279 D ICU     : No timezone override file found: /data/misc/zoneinfo/current/icu/icu_tzdata.dat
07-31 16:59:08.540  8279  8279 E memtrack: Couldn't load memtrack module (No such file or directory)
07-31 16:59:08.540  8279  8279 E android.os.Debug: failed to load memtrack module: -2
07-31 16:59:08.541  8279  8279 I Radio-JNI: register_android_hardware_Radio DONE
07-31 16:59:08.547  8279  8279 D AndroidRuntime: Calling main entry com.android.commands.uiautomator.Launcher
07-31 16:59:09.555  1865  1865 D leak-183: Eastern Standard Time
07-31 16:59:09.560  8279  8279 W AccessibilityNodeInfoDumper: Fetch time: 1ms
07-31 16:59:09.560   587   599 W WindowManager: Attempted to remove non-existing token: android.os.Binder@1614cc4
07-31 16:59:09.571  8279  8279 D AndroidRuntime: Shutting down VM
07-31 16:59:10.646  8307  8307 D AndroidRuntime: >>>>>> START com.android.internal.os.RuntimeInit uid 0 <<<<<<
07-31 16:59:10.648  8307  8307 D AndroidRuntime: CheckJNI is OFF
07-31 16:59:10.658  8307  8307 D ICU     : No timezone override file found: /data/misc/zoneinfo/current/icu/icu_tzdata.dat
07-31 16:59:10.671  8307  8307 E memtrack: Couldn't load memtrack module (No such file or directory)
07-31 16:59:10.671  8307  8307 E android.os.Debug: failed to load memtrack module: -2
07-31 16:59:10.672  8307  8307 I Radio-JNI: register_android_hardware_Radio DONE
07-31 16:59:10.677  8307  8307 D AndroidRuntime: Calling main entry com.android.commands.uiautomator.Launcher
07-31 16:59:11.691  1865  1865 D leak-183: Eastern Standard Time
07-31 16:59:11.695  8307  8307 W AccessibilityNodeInfoDumper: Fetch time: 2ms
07-31 16:59:11.696   587  1193 W WindowManager: Attempted to remove non-existing token: android.os.Binder@f6997ad
07-31 16:59:11.703  8307  8307 D AndroidRuntime: Shutting down VM
07-31 16:59:12.755  8333  8333 D AndroidRuntime: >>>>>> START com.android.internal.os.RuntimeInit uid 0 <<<<<<
07-31 16:59:12.757  8333  8333 D AndroidRuntime: CheckJNI is OFF
07-31 16:59:12.769  8333  8333 D ICU     : No timezone override file found: /data/misc/zoneinfo/current/icu/icu_tzdata.dat
07-31 16:59:12.782  8333  8333 E memtrack: Couldn't load memtrack module (No such file or directory)
07-31 16:59:12.782  8333  8333 E android.os.Debug: failed to load memtrack module: -2
07-31 16:59:12.784  8333  8333 I Radio-JNI: register_android_hardware_Radio DONE
07-31 16:59:12.791  8333  8333 D AndroidRuntime: Calling main entry com.android.commands.uiautomator.Launcher
07-31 16:59:13.802  1865  1865 D leak-183: Eastern Standard Time
07-31 16:59:13.807  8333  8333 W AccessibilityNodeInfoDumper: Fetch time: 1ms
07-31 16:59:13.807   587   599 W WindowManager: Attempted to remove non-existing token: android.os.Binder@8fa7ae2
07-31 16:59:13.816  8333  8333 D AndroidRuntime: Shutting down VM
07-31 16:59:14.256  8351  8351 D AndroidRuntime: >>>>>> START com.android.internal.os.RuntimeInit uid 0 <<<<<<
07-31 16:59:14.259  8351  8351 D AndroidRuntime: CheckJNI is OFF
07-31 16:59:14.268  8351  8351 D ICU     : No timezone override file found: /data/misc/zoneinfo/current/icu/icu_tzdata.dat
07-31 16:59:14.282  8351  8351 E memtrack: Couldn't load memtrack module (No such file or directory)
07-31 16:59:14.282  8351  8351 E android.os.Debug: failed to load memtrack module: -2
07-31 16:59:14.283  8351  8351 I Radio-JNI: register_android_hardware_Radio DONE
07-31 16:59:14.290  8351  8351 D AndroidRuntime: Calling main entry com.android.commands.uiautomator.Launcher
07-31 16:59:15.298  1865  1865 D leak-183: Eastern Standard Time
07-31 16:59:15.302  8351  8351 W AccessibilityNodeInfoDumper: Fetch time: 1ms
07-31 16:59:15.302   587  1193 W WindowManager: Attempted to remove non-existing token: android.os.Binder@7887130
07-31 16:59:15.313  8351  8351 D AndroidRuntime: Shutting down VM
07-31 16:59:16.349  8374  8374 D AndroidRuntime: >>>>>> START com.android.internal.os.RuntimeInit uid 0 <<<<<<
07-31 16:59:16.350  8374  8374 D AndroidRuntime: CheckJNI is OFF
07-31 16:59:16.359  8374  8374 D ICU     : No timezone override file found: /data/misc/zoneinfo/current/icu/icu_tzdata.dat
07-31 16:59:16.372  8374  8374 E memtrack: Couldn't load memtrack module (No such file or directory)
07-31 16:59:16.372  8374  8374 E android.os.Debug: failed to load memtrack module: -2
07-31 16:59:16.373  8374  8374 I Radio-JNI: register_android_hardware_Radio DONE
07-31 16:59:16.378  8374  8374 D AndroidRuntime: Calling main entry com.android.commands.uiautomator.Launcher
07-31 16:59:17.392  1865  1865 D leak-183: Eastern Standard Time
07-31 16:59:17.396  8374  8374 W AccessibilityNodeInfoDumper: Fetch time: 1ms
07-31 16:59:17.396   587  1197 W WindowManager: Attempted to remove non-existing token: android.os.Binder@2b501a9
07-31 16:59:17.402  8374  8374 D AndroidRuntime: Shutting down VM
07-31 16:59:17.828  8392  8392 D AndroidRuntime: >>>>>> START com.android.internal.os.RuntimeInit uid 0 <<<<<<
07-31 16:59:17.829  8392  8392 D AndroidRuntime: CheckJNI is OFF
07-31 16:59:17.876  8392  8392 D ICU     : No timezone override file found: /data/misc/zoneinfo/current/icu/icu_tzdata.dat
07-31 16:59:17.893  8392  8392 E memtrack: Couldn't load memtrack module (No such file or directory)
07-31 16:59:17.893  8392  8392 E android.os.Debug: failed to load memtrack module: -2
07-31 16:59:17.895  8392  8392 I Radio-JNI: register_android_hardware_Radio DONE
07-31 16:59:17.905  8392  8392 D AndroidRuntime: Calling main entry com.android.commands.uiautomator.Launcher
07-31 16:59:18.923  1865  1865 D leak-183: Eastern Standard Time
07-31 16:59:18.928  8392  8392 W AccessibilityNodeInfoDumper: Fetch time: 2ms
07-31 16:59:18.928   587   752 W WindowManager: Attempted to remove non-existing token: android.os.Binder@f49632e
07-31 16:59:18.937  8392  8392 D AndroidRuntime: Shutting down VM
07-31 16:59:19.925  8415  8415 D AndroidRuntime: >>>>>> START com.android.internal.os.RuntimeInit uid 0 <<<<<<
07-31 16:59:19.927  8415  8415 D AndroidRuntime: CheckJNI is OFF
07-31 16:59:19.936  8415  8415 D ICU     : No timezone override file found: /data/misc/zoneinfo/current/icu/icu_tzdata.dat
07-31 16:59:19.953  8415  8415 E memtrack: Couldn't load memtrack module (No such file or directory)
07-31 16:59:19.953  8415  8415 E android.os.Debug: failed to load memtrack module: -2
07-31 16:59:19.954  8415  8415 I Radio-JNI: register_android_hardware_Radio DONE
07-31 16:59:19.960  8415  8415 D AndroidRuntime: Calling main entry com.android.commands.uiautomator.Launcher
07-31 16:59:20.970  1865  1865 D leak-183: Eastern Standard Time
07-31 16:59:20.974  8415  8415 W AccessibilityNodeInfoDumper: Fetch time: 2ms
07-31 16:59:20.975   587   598 W WindowManager: Attempted to remove non-existing token: android.os.Binder@20b6ecf
07-31 16:59:20.983  8415  8415 D AndroidRuntime: Shutting down VM
07-31 16:59:21.398  8433  8433 D AndroidRuntime: >>>>>> START com.android.internal.os.RuntimeInit uid 0 <<<<<<
07-31 16:59:21.400  8433  8433 D AndroidRuntime: CheckJNI is OFF
07-31 16:59:21.410  8433  8433 D ICU     : No timezone override file found: /data/misc/zoneinfo/current/icu/icu_tzdata.dat
07-31 16:59:21.425  8433  8433 E memtrack: Couldn't load memtrack module (No such file or directory)
07-31 16:59:21.425  8433  8433 E android.os.Debug: failed to load memtrack module: -2
07-31 16:59:21.425  8433  8433 I Radio-JNI: register_android_hardware_Radio DONE
07-31 16:59:21.431  8433  8433 D AndroidRuntime: Calling main entry com.android.commands.uiautomator.Launcher
07-31 16:59:22.443  1865  1865 D leak-183: Eastern Standard Time
07-31 16:59:22.447  8433  8433 W AccessibilityNodeInfoDumper: Fetch time: 1ms
07-31 16:59:22.447   587   752 W WindowManager: Attempted to remove non-existing token: android.os.Binder@dbb705c
07-31 16:59:22.456  8433  8433 D AndroidRuntime: Shutting down VM
07-31 16:59:23.466  8458  8458 D AndroidRuntime: >>>>>> START com.android.internal.os.RuntimeInit uid 0 <<<<<<
07-31 16:59:23.470  8458  8458 D AndroidRuntime: CheckJNI is OFF
07-31 16:59:23.478  8458  8458 D ICU     : No timezone override file found: /data/misc/zoneinfo/current/icu/icu_tzdata.dat
07-31 16:59:23.492  8458  8458 E memtrack: Couldn't load memtrack module (No such file or directory)
07-31 16:59:23.492  8458  8458 E android.os.Debug: failed to load memtrack module: -2
07-31 16:59:23.493  8458  8458 I Radio-JNI: register_android_hardware_Radio DONE
07-31 16:59:23.499  8458  8458 D AndroidRuntime: Calling main entry com.android.commands.uiautomator.Launcher
07-31 16:59:24.512  1865  1865 D leak-183: Eastern Standard Time
07-31 16:59:24.516  8458  8458 W AccessibilityNodeInfoDumper: Fetch time: 2ms
07-31 16:59:24.517   587   598 W WindowManager: Attempted to remove non-existing token: android.os.Binder@8330f65
07-31 16:59:24.525  8458  8458 D AndroidRuntime: Shutting down VM
07-31 16:59:24.943  8477  8477 D AndroidRuntime: >>>>>> START com.android.internal.os.RuntimeInit uid 0 <<<<<<
07-31 16:59:24.944  8477  8477 D AndroidRuntime: CheckJNI is OFF
07-31 16:59:24.954  8477  8477 D ICU     : No timezone override file found: /data/misc/zoneinfo/current/icu/icu_tzdata.dat
07-31 16:59:24.967  8477  8477 E memtrack: Couldn't load memtrack module (No such file or directory)
07-31 16:59:24.967  8477  8477 E android.os.Debug: failed to load memtrack module: -2
07-31 16:59:24.968  8477  8477 I Radio-JNI: register_android_hardware_Radio DONE
07-31 16:59:24.974  8477  8477 D AndroidRuntime: Calling main entry com.android.commands.uiautomator.Launcher
07-31 16:59:25.984  1865  1865 D leak-183: Eastern Standard Time
07-31 16:59:25.989  8477  8477 W AccessibilityNodeInfoDumper: Fetch time: 1ms
07-31 16:59:25.989   587   748 W WindowManager: Attempted to remove non-existing token: android.os.Binder@98c843a
07-31 16:59:25.998  8477  8477 D AndroidRuntime: Shutting down VM
07-31 16:59:26.405  8491  8491 D AndroidRuntime: >>>>>> START com.android.internal.os.RuntimeInit uid 0 <<<<<<
07-31 16:59:26.407  8491  8491 D AndroidRuntime: CheckJNI is OFF
07-31 16:59:26.417  8491  8491 D ICU     : No timezone override file found: /data/misc/zoneinfo/current/icu/icu_tzdata.dat
07-31 16:59:26.428  8491  8491 E memtrack: Couldn't load memtrack module (No such file or directory)
07-31 16:59:26.428  8491  8491 E android.os.Debug: failed to load memtrack module: -2
07-31 16:59:26.429  8491  8491 I Radio-JNI: register_android_hardware_Radio DONE
07-31 16:59:26.434  8491  8491 D AndroidRuntime: Calling main entry com.android.commands.input.Input
07-31 16:59:26.435  8491  8491 I Input   : injectMotionEvent: MotionEvent { action=ACTION_DOWN, actionButton=0, id[0]=0, x[0]=600.0, y[0]=1000.0, toolType[0]=TOOL_TYPE_UNKNOWN, buttonState=0, metaState=0, flags=0x0, edgeFlags=0x0, pointerCount=1, historySize=0, eventTime=378027, downTime=378027, deviceId=0, source=0x1002 }
07-31 16:59:26.436  8491  8491 I Input   : injectMotionEvent: MotionEvent { action=ACTION_MOVE, actionButton=0, id[0]=0, x[0]=600.0, y[0]=1000.0, toolType[0]=TOOL_TYPE_UNKNOWN, buttonState=0, metaState=0, flags=0x0, edgeFlags=0x0, pointerCount=1, historySize=0, eventTime=378027, downTime=378027, deviceId=0, source=0x1002 }
07-31 16:59:26.441  8491  8491 I Input   : injectMotionEvent: MotionEvent { action=ACTION_MOVE, actionButton=0, id[0]=0, x[0]=600.0, y[0]=1000.0, toolType[0]=TOOL_TYPE_UNKNOWN, buttonState=0, metaState=0, flags=0x0, edgeFlags=0x0, pointerCount=1, historySize=0, eventTime=378034, downTime=378034, deviceId=0, source=0x1002 }
07-31 16:59:26.459  8491  8491 I Input   : injectMotionEvent: MotionEvent { action=ACTION_MOVE, actionButton=0, id[0]=0, x[0]=600.0, y[0]=1000.0, toolType[0]=TOOL_TYPE_UNKNOWN, buttonState=0, metaState=0, flags=0x0, edgeFlags=0x0, pointerCount=1, historySize=0, eventTime=378052, downTime=378052, deviceId=0, source=0x1002 }
07-31 16:59:26.475  8491  8491 I Input   : injectMotionEvent: MotionEvent { action=ACTION_MOVE, actionButton=0, id[0]=0, x[0]=600.0, y[0]=1000.0, toolType[0]=TOOL_TYPE_UNKNOWN, buttonState=0, metaState=0, flags=0x0, edgeFlags=0x0, pointerCount=1, historySize=0, eventTime=378067, downTime=378067, deviceId=0, source=0x1002 }
07-31 16:59:26.491  8491  8491 I Input   : injectMotionEvent: MotionEvent { action=ACTION_MOVE, actionButton=0, id[0]=0, x[0]=600.0, y[0]=1000.0, toolType[0]=TOOL_TYPE_UNKNOWN, buttonState=0, metaState=0, flags=0x0, edgeFlags=0x0, pointerCount=1, historySize=0, eventTime=378084, downTime=378084, deviceId=0, source=0x1002 }
07-31 16:59:26.509  8491  8491 I Input   : injectMotionEvent: MotionEvent { action=ACTION_MOVE, actionButton=0, id[0]=0, x[0]=600.0, y[0]=1000.0, toolType[0]=TOOL_TYPE_UNKNOWN, buttonState=0, metaState=0, flags=0x0, edgeFlags=0x0, pointerCount=1, historySize=0, eventTime=378101, downTime=378101, deviceId=0, source=0x1002 }
07-31 16:59:26.530  8491  8491 I Input   : injectMotionEvent: MotionEvent { action=ACTION_MOVE, actionButton=0, id[0]=0, x[0]=600.0, y[0]=1000.0, toolType[0]=TOOL_TYPE_UNKNOWN, buttonState=0, metaState=0, flags=0x0, edgeFlags=0x0, pointerCount=1, historySize=0, eventTime=378123, downTime=378123, deviceId=0, source=0x1002 }
07-31 16:59:26.543  8491  8491 I Input   : injectMotionEvent: MotionEvent { action=ACTION_MOVE, actionButton=0, id[0]=0, x[0]=600.0, y[0]=1000.0, toolType[0]=TOOL_TYPE_UNKNOWN, buttonState=0, metaState=0, flags=0x0, edgeFlags=0x0, pointerCount=1, historySize=0, eventTime=378135, downTime=378135, deviceId=0, source=0x1002 }
07-31 16:59:26.558  8491  8491 I Input   : injectMotionEvent: MotionEvent { action=ACTION_MOVE, actionButton=0, id[0]=0, x[0]=600.0, y[0]=1000.0, toolType[0]=TOOL_TYPE_UNKNOWN, buttonState=0, metaState=0, flags=0x0, edgeFlags=0x0, pointerCount=1, historySize=0, eventTime=378151, downTime=378151, deviceId=0, source=0x1002 }
07-31 16:59:26.576  8491  8491 I Input   : injectMotionEvent: MotionEvent { action=ACTION_MOVE, actionButton=0, id[0]=0, x[0]=600.0, y[0]=1000.0, toolType[0]=TOOL_TYPE_UNKNOWN, buttonState=0, metaState=0, flags=0x0, edgeFlags=0x0, pointerCount=1, historySize=0, eventTime=378168, downTime=378168, deviceId=0, source=0x1002 }
07-31 16:59:26.591  8491  8491 I Input   : injectMotionEvent: MotionEvent { action=ACTION_MOVE, actionButton=0, id[0]=0, x[0]=600.0, y[0]=1000.0, toolType[0]=TOOL_TYPE_UNKNOWN, buttonState=0, metaState=0, flags=0x0, edgeFlags=0x0, pointerCount=1, historySize=0, eventTime=378184, downTime=378184, deviceId=0, source=0x1002 }
07-31 16:59:26.610  8491  8491 I Input   : injectMotionEvent: MotionEvent { action=ACTION_MOVE, actionButton=0, id[0]=0, x[0]=600.0, y[0]=1000.0, toolType[0]=TOOL_TYPE_UNKNOWN, buttonState=0, metaState=0, flags=0x0, edgeFlags=0x0, pointerCount=1, historySize=0, eventTime=378202, downTime=378202, deviceId=0, source=0x1002 }
07-31 16:59:26.630  8491  8491 I Input   : injectMotionEvent: MotionEvent { action=ACTION_MOVE, actionButton=0, id[0]=0, x[0]=600.0, y[0]=1000.0, toolType[0]=TOOL_TYPE_UNKNOWN, buttonState=0, metaState=0, flags=0x0, edgeFlags=0x0, pointerCount=1, historySize=0, eventTime=378222, downTime=378222, deviceId=0, source=0x1002 }
07-31 16:59:26.642  8491  8491 I Input   : injectMotionEvent: MotionEvent { action=ACTION_MOVE, actionButton=0, id[0]=0, x[0]=600.0, y[0]=1000.0, toolType[0]=TOOL_TYPE_UNKNOWN, buttonState=0, metaState=0, flags=0x0, edgeFlags=0x0, pointerCount=1, historySize=0, eventTime=378235, downTime=378235, deviceId=0, source=0x1002 }
07-31 16:59:26.659  8491  8491 I Input   : injectMotionEvent: MotionEvent { action=ACTION_MOVE, actionButton=0, id[0]=0, x[0]=600.0, y[0]=1000.0, toolType[0]=TOOL_TYPE_UNKNOWN, buttonState=0, metaState=0, flags=0x0, edgeFlags=0x0, pointerCount=1, historySize=0, eventTime=378251, downTime=378251, deviceId=0, source=0x1002 }
07-31 16:59:26.675  8491  8491 I Input   : injectMotionEvent: MotionEvent { action=ACTION_MOVE, actionButton=0, id[0]=0, x[0]=600.0, y[0]=1000.0, toolType[0]=TOOL_TYPE_UNKNOWN, buttonState=0, metaState=0, flags=0x0, edgeFlags=0x0, pointerCount=1, historySize=0, eventTime=378267, downTime=378267, deviceId=0, source=0x1002 }
07-31 16:59:26.693  8491  8491 I Input   : injectMotionEvent: MotionEvent { action=ACTION_MOVE, actionButton=0, id[0]=0, x[0]=600.0, y[0]=1000.0, toolType[0]=TOOL_TYPE_UNKNOWN, buttonState=0, metaState=0, flags=0x0, edgeFlags=0x0, pointerCount=1, historySize=0, eventTime=378285, downTime=378285, deviceId=0, source=0x1002 }
07-31 16:59:26.708  8491  8491 I Input   : injectMotionEvent: MotionEvent { action=ACTION_MOVE, actionButton=0, id[0]=0, x[0]=600.0, y[0]=1000.0, toolType[0]=TOOL_TYPE_UNKNOWN, buttonState=0, metaState=0, flags=0x0, edgeFlags=0x0, pointerCount=1, historySize=0, eventTime=378301, downTime=378301, deviceId=0, source=0x1002 }
07-31 16:59:26.731  8491  8491 I Input   : injectMotionEvent: MotionEvent { action=ACTION_MOVE, actionButton=0, id[0]=0, x[0]=600.0, y[0]=1000.0, toolType[0]=TOOL_TYPE_UNKNOWN, buttonState=0, metaState=0, flags=0x0, edgeFlags=0x0, pointerCount=1, historySize=0, eventTime=378324, downTime=378324, deviceId=0, source=0x1002 }
07-31 16:59:26.741  8491  8491 I Input   : injectMotionEvent: MotionEvent { action=ACTION_MOVE, actionButton=0, id[0]=0, x[0]=600.0, y[0]=1000.0, toolType[0]=TOOL_TYPE_UNKNOWN, buttonState=0, metaState=0, flags=0x0, edgeFlags=0x0, pointerCount=1, historySize=0, eventTime=378334, downTime=378334, deviceId=0, source=0x1002 }
07-31 16:59:26.760  8491  8491 I Input   : injectMotionEvent: MotionEvent { action=ACTION_MOVE, actionButton=0, id[0]=0, x[0]=600.0, y[0]=1000.0, toolType[0]=TOOL_TYPE_UNKNOWN, buttonState=0, metaState=0, flags=0x0, edgeFlags=0x0, pointerCount=1, historySize=0, eventTime=378352, downTime=378352, deviceId=0, source=0x1002 }
07-31 16:59:26.776  8491  8491 I Input   : injectMotionEvent: MotionEvent { action=ACTION_MOVE, actionButton=0, id[0]=0, x[0]=600.0, y[0]=1000.0, toolType[0]=TOOL_TYPE_UNKNOWN, buttonState=0, metaState=0, flags=0x0, edgeFlags=0x0, pointerCount=1, historySize=0, eventTime=378368, downTime=378368, deviceId=0, source=0x1002 }
07-31 16:59:26.791  8491  8491 I Input   : injectMotionEvent: MotionEvent { action=ACTION_MOVE, actionButton=0, id[0]=0, x[0]=600.0, y[0]=1000.0, toolType[0]=TOOL_TYPE_UNKNOWN, buttonState=0, metaState=0, flags=0x0, edgeFlags=0x0, pointerCount=1, historySize=0, eventTime=378384, downTime=378384, deviceId=0, source=0x1002 }
07-31 16:59:26.810  8491  8491 I Input   : injectMotionEvent: MotionEvent { action=ACTION_MOVE, actionButton=0, id[0]=0, x[0]=600.0, y[0]=1000.0, toolType[0]=TOOL_TYPE_UNKNOWN, buttonState=0, metaState=0, flags=0x0, edgeFlags=0x0, pointerCount=1, historySize=0, eventTime=378402, downTime=378402, deviceId=0, source=0x1002 }
07-31 16:59:26.830  8491  8491 I Input   : injectMotionEvent: MotionEvent { action=ACTION_MOVE, actionButton=0, id[0]=0, x[0]=600.0, y[0]=1000.0, toolType[0]=TOOL_TYPE_UNKNOWN, buttonState=0, metaState=0, flags=0x0, edgeFlags=0x0, pointerCount=1, historySize=0, eventTime=378422, downTime=378422, deviceId=0, source=0x1002 }
07-31 16:59:26.841  8491  8491 I Input   : injectMotionEvent: MotionEvent { action=ACTION_MOVE, actionButton=0, id[0]=0, x[0]=600.0, y[0]=1000.0, toolType[0]=TOOL_TYPE_UNKNOWN, buttonState=0, metaState=0, flags=0x0, edgeFlags=0x0, pointerCount=1, historySize=0, eventTime=378434, downTime=378434, deviceId=0, source=0x1002 }
07-31 16:59:26.860  8491  8491 I Input   : injectMotionEvent: MotionEvent { action=ACTION_MOVE, actionButton=0, id[0]=0, x[0]=600.0, y[0]=1000.0, toolType[0]=TOOL_TYPE_UNKNOWN, buttonState=0, metaState=0, flags=0x0, edgeFlags=0x0, pointerCount=1, historySize=0, eventTime=378452, downTime=378452, deviceId=0, source=0x1002 }
07-31 16:59:26.875  8491  8491 I Input   : injectMotionEvent: MotionEvent { action=ACTION_MOVE, actionButton=0, id[0]=0, x[0]=600.0, y[0]=1000.0, toolType[0]=TOOL_TYPE_UNKNOWN, buttonState=0, metaState=0, flags=0x0, edgeFlags=0x0, pointerCount=1, historySize=0, eventTime=378467, downTime=378467, deviceId=0, source=0x1002 }
07-31 16:59:26.891  8491  8491 I Input   : injectMotionEvent: MotionEvent { action=ACTION_MOVE, actionButton=0, id[0]=0, x[0]=600.0, y[0]=1000.0, toolType[0]=TOOL_TYPE_UNKNOWN, buttonState=0, metaState=0, flags=0x0, edgeFlags=0x0, pointerCount=1, historySize=0, eventTime=378484, downTime=378484, deviceId=0, source=0x1002 }
07-31 16:59:26.910  8491  8491 I Input   : injectMotionEvent: MotionEvent { action=ACTION_MOVE, actionButton=0, id[0]=0, x[0]=600.0, y[0]=1000.0, toolType[0]=TOOL_TYPE_UNKNOWN, buttonState=0, metaState=0, flags=0x0, edgeFlags=0x0, pointerCount=1, historySize=0, eventTime=378502, downTime=378502, deviceId=0, source=0x1002 }
07-31 16:59:26.930  8491  8491 I Input   : injectMotionEvent: MotionEvent { action=ACTION_MOVE, actionButton=0, id[0]=0, x[0]=600.0, y[0]=1000.0, toolType[0]=TOOL_TYPE_UNKNOWN, buttonState=0, metaState=0, flags=0x0, edgeFlags=0x0, pointerCount=1, historySize=0, eventTime=378522, downTime=378522, deviceId=0, source=0x1002 }
07-31 16:59:26.941  8491  8491 I Input   : injectMotionEvent: MotionEvent { action=ACTION_MOVE, actionButton=0, id[0]=0, x[0]=600.0, y[0]=1000.0, toolType[0]=TOOL_TYPE_UNKNOWN, buttonState=0, metaState=0, flags=0x0, edgeFlags=0x0, pointerCount=1, historySize=0, eventTime=378534, downTime=378534, deviceId=0, source=0x1002 }
07-31 16:59:26.960  8491  8491 I Input   : injectMotionEvent: MotionEvent { action=ACTION_MOVE, actionButton=0, id[0]=0, x[0]=600.0, y[0]=1000.0, toolType[0]=TOOL_TYPE_UNKNOWN, buttonState=0, metaState=0, flags=0x0, edgeFlags=0x0, pointerCount=1, historySize=0, eventTime=378552, downTime=378552, deviceId=0, source=0x1002 }
07-31 16:59:26.975  8491  8491 I Input   : injectMotionEvent: MotionEvent { action=ACTION_MOVE, actionButton=0, id[0]=0, x[0]=600.0, y[0]=1000.0, toolType[0]=TOOL_TYPE_UNKNOWN, buttonState=0, metaState=0, flags=0x0, edgeFlags=0x0, pointerCount=1, historySize=0, eventTime=378567, downTime=378567, deviceId=0, source=0x1002 }
07-31 16:59:26.992  8491  8491 I Input   : injectMotionEvent: MotionEvent { action=ACTION_MOVE, actionButton=0, id[0]=0, x[0]=600.0, y[0]=1000.0, toolType[0]=TOOL_TYPE_UNKNOWN, buttonState=0, metaState=0, flags=0x0, edgeFlags=0x0, pointerCount=1, historySize=0, eventTime=378585, downTime=378585, deviceId=0, source=0x1002 }
07-31 16:59:27.009  8491  8491 I Input   : injectMotionEvent: MotionEvent { action=ACTION_MOVE, actionButton=0, id[0]=0, x[0]=600.0, y[0]=1000.0, toolType[0]=TOOL_TYPE_UNKNOWN, buttonState=0, metaState=0, flags=0x0, edgeFlags=0x0, pointerCount=1, historySize=0, eventTime=378601, downTime=378601, deviceId=0, source=0x1002 }
07-31 16:59:27.029  8491  8491 I Input   : injectMotionEvent: MotionEvent { action=ACTION_MOVE, actionButton=0, id[0]=0, x[0]=600.0, y[0]=1000.0, toolType[0]=TOOL_TYPE_UNKNOWN, buttonState=0, metaState=0, flags=0x0, edgeFlags=0x0, pointerCount=1, historySize=0, eventTime=378621, downTime=378621, deviceId=0, source=0x1002 }
07-31 16:59:27.041  8491  8491 I Input   : injectMotionEvent: MotionEvent { action=ACTION_MOVE, actionButton=0, id[0]=0, x[0]=600.0, y[0]=1000.0, toolType[0]=TOOL_TYPE_UNKNOWN, buttonState=0, metaState=0, flags=0x0, edgeFlags=0x0, pointerCount=1, historySize=0, eventTime=378634, downTime=378634, deviceId=0, source=0x1002 }
07-31 16:59:27.059  8491  8491 I Input   : injectMotionEvent: MotionEvent { action=ACTION_MOVE, actionButton=0, id[0]=0, x[0]=600.0, y[0]=1000.0, toolType[0]=TOOL_TYPE_UNKNOWN, buttonState=0, metaState=0, flags=0x0, edgeFlags=0x0, pointerCount=1, historySize=0, eventTime=378652, downTime=378652, deviceId=0, source=0x1002 }
07-31 16:59:27.075  8491  8491 I Input   : injectMotionEvent: MotionEvent { action=ACTION_MOVE, actionButton=0, id[0]=0, x[0]=600.0, y[0]=1000.0, toolType[0]=TOOL_TYPE_UNKNOWN, buttonState=0, metaState=0, flags=0x0, edgeFlags=0x0, pointerCount=1, historySize=0, eventTime=378667, downTime=378667, deviceId=0, source=0x1002 }
07-31 16:59:27.092  8491  8491 I Input   : injectMotionEvent: MotionEvent { action=ACTION_MOVE, actionButton=0, id[0]=0, x[0]=600.0, y[0]=1000.0, toolType[0]=TOOL_TYPE_UNKNOWN, buttonState=0, metaState=0, flags=0x0, edgeFlags=0x0, pointerCount=1, historySize=0, eventTime=378685, downTime=378685, deviceId=0, source=0x1002 }
07-31 16:59:27.108  8491  8491 I Input   : injectMotionEvent: MotionEvent { action=ACTION_MOVE, actionButton=0, id[0]=0, x[0]=600.0, y[0]=1000.0, toolType[0]=TOOL_TYPE_UNKNOWN, buttonState=0, metaState=0, flags=0x0, edgeFlags=0x0, pointerCount=1, historySize=0, eventTime=378700, downTime=378700, deviceId=0, source=0x1002 }
07-31 16:59:27.127  8491  8491 I Input   : injectMotionEvent: MotionEvent { action=ACTION_MOVE, actionButton=0, id[0]=0, x[0]=600.0, y[0]=1000.0, toolType[0]=TOOL_TYPE_UNKNOWN, buttonState=0, metaState=0, flags=0x0, edgeFlags=0x0, pointerCount=1, historySize=0, eventTime=378719, downTime=378719, deviceId=0, source=0x1002 }
07-31 16:59:27.141  8491  8491 I Input   : injectMotionEvent: MotionEvent { action=ACTION_MOVE, actionButton=0, id[0]=0, x[0]=600.0, y[0]=1000.0, toolType[0]=TOOL_TYPE_UNKNOWN, buttonState=0, metaState=0, flags=0x0, edgeFlags=0x0, pointerCount=1, historySize=0, eventTime=378734, downTime=378734, deviceId=0, source=0x1002 }
07-31 16:59:27.160  8491  8491 I Input   : injectMotionEvent: MotionEvent { action=ACTION_MOVE, actionButton=0, id[0]=0, x[0]=600.0, y[0]=1000.0, toolType[0]=TOOL_TYPE_UNKNOWN, buttonState=0, metaState=0, flags=0x0, edgeFlags=0x0, pointerCount=1, historySize=0, eventTime=378752, downTime=378752, deviceId=0, source=0x1002 }
07-31 16:59:27.176  8491  8491 I Input   : injectMotionEvent: MotionEvent { action=ACTION_MOVE, actionButton=0, id[0]=0, x[0]=600.0, y[0]=1000.0, toolType[0]=TOOL_TYPE_UNKNOWN, buttonState=0, metaState=0, flags=0x0, edgeFlags=0x0, pointerCount=1, historySize=0, eventTime=378768, downTime=378768, deviceId=0, source=0x1002 }
07-31 16:59:27.193  8491  8491 I Input   : injectMotionEvent: MotionEvent { action=ACTION_MOVE, actionButton=0, id[0]=0, x[0]=600.0, y[0]=1000.0, toolType[0]=TOOL_TYPE_UNKNOWN, buttonState=0, metaState=0, flags=0x0, edgeFlags=0x0, pointerCount=1, historySize=0, eventTime=378785, downTime=378785, deviceId=0, source=0x1002 }
07-31 16:59:27.209  8491  8491 I Input   : injectMotionEvent: MotionEvent { action=ACTION_MOVE, actionButton=0, id[0]=0, x[0]=600.0, y[0]=1000.0, toolType[0]=TOOL_TYPE_UNKNOWN, buttonState=0, metaState=0, flags=0x0, edgeFlags=0x0, pointerCount=1, historySize=0, eventTime=378801, downTime=378801, deviceId=0, source=0x1002 }
07-31 16:59:27.225  8491  8491 I Input   : injectMotionEvent: MotionEvent { action=ACTION_MOVE, actionButton=0, id[0]=0, x[0]=600.0, y[0]=1000.0, toolType[0]=TOOL_TYPE_UNKNOWN, buttonState=0, metaState=0, flags=0x0, edgeFlags=0x0, pointerCount=1, historySize=0, eventTime=378817, downTime=378817, deviceId=0, source=0x1002 }
07-31 16:59:27.241  8491  8491 I Input   : injectMotionEvent: MotionEvent { action=ACTION_MOVE, actionButton=0, id[0]=0, x[0]=600.0, y[0]=1000.0, toolType[0]=TOOL_TYPE_UNKNOWN, buttonState=0, metaState=0, flags=0x0, edgeFlags=0x0, pointerCount=1, historySize=0, eventTime=378834, downTime=378834, deviceId=0, source=0x1002 }
07-31 16:59:27.259  8491  8491 I Input   : injectMotionEvent: MotionEvent { action=ACTION_MOVE, actionButton=0, id[0]=0, x[0]=600.0, y[0]=1000.0, toolType[0]=TOOL_TYPE_UNKNOWN, buttonState=0, metaState=0, flags=0x0, edgeFlags=0x0, pointerCount=1, historySize=0, eventTime=378851, downTime=378851, deviceId=0, source=0x1002 }
07-31 16:59:27.275  8491  8491 I Input   : injectMotionEvent: MotionEvent { action=ACTION_MOVE, actionButton=0, id[0]=0, x[0]=600.0, y[0]=1000.0, toolType[0]=TOOL_TYPE_UNKNOWN, buttonState=0, metaState=0, flags=0x0, edgeFlags=0x0, pointerCount=1, historySize=0, eventTime=378867, downTime=378867, deviceId=0, source=0x1002 }
07-31 16:59:27.292  8491  8491 I Input   : injectMotionEvent: MotionEvent { action=ACTION_MOVE, actionButton=0, id[0]=0, x[0]=600.0, y[0]=1000.0, toolType[0]=TOOL_TYPE_UNKNOWN, buttonState=0, metaState=0, flags=0x0, edgeFlags=0x0, pointerCount=1, historySize=0, eventTime=378885, downTime=378885, deviceId=0, source=0x1002 }
07-31 16:59:27.308  8491  8491 I Input   : injectMotionEvent: MotionEvent { action=ACTION_MOVE, actionButton=0, id[0]=0, x[0]=600.0, y[0]=1000.0, toolType[0]=TOOL_TYPE_UNKNOWN, buttonState=0, metaState=0, flags=0x0, edgeFlags=0x0, pointerCount=1, historySize=0, eventTime=378900, downTime=378900, deviceId=0, source=0x1002 }
