07-31 16:02:19.504  5601  5601 D ICU     : No timezone override file found: /data/misc/zoneinfo/current/icu/icu_tzdata.dat
07-31 16:02:19.516  5601  5601 E memtrack: Couldn't load memtrack module (No such file or directory)
07-31 16:02:19.516  5601  5601 E android.os.Debug: failed to load memtrack module: -2
07-31 16:02:19.517  5601  5601 I Radio-JNI: register_android_hardware_Radio DONE
07-31 16:02:19.522  5601  5601 D AndroidRuntime: Calling main entry com.android.commands.uiautomator.Launcher
07-31 16:02:20.529  1860  1860 D leak-455: Eastern Standard Time
07-31 16:02:20.539  5601  5601 I AccessibilityNodeInfoDumper: Skipping invisible child: android.view.accessibility.AccessibilityNodeInfo@8000c169; boundsInParent: Rect(0, 0 - 1200, 1540); boundsInScreen: Rect(1200, 278 - 1200, 1818); packageName: com.adonai.manman; className: android.widget.FrameLayout; text: null; error: null; maxTextLength: -1; contentDescription: null; viewIdResName: com.adonai.manman:id/chapter_fragment_frame; checkable: false; checked: false; focusable: true; focused: false; selected: false; clickable: false; longClickable: false; contextClickable: false; enabled: true; password: false; scrollable: false; actions: [AccessibilityAction: ACTION_FOCUS - null, AccessibilityAction: ACTION_SELECT - null, AccessibilityAction: ACTION_CLEAR_SELECTION - null, AccessibilityAction: ACTION_ACCESSIBILITY_FOCUS - null, AccessibilityAction: ACTION_UNKNOWN - null]
07-31 16:02:20.539  5601  5601 W AccessibilityNodeInfoDumper: Fetch time: 7ms
07-31 16:02:20.540   593  1093 W WindowManager: Attempted to remove non-existing token: android.os.Binder@12a5b4d
07-31 16:02:20.542  5601  5601 D AndroidRuntime: Shutting down VM
07-31 16:02:20.957  5619  5619 D AndroidRuntime: >>>>>> START com.android.internal.os.RuntimeInit uid 0 <<<<<<
07-31 16:02:20.959  5619  5619 D AndroidRuntime: CheckJNI is OFF
07-31 16:02:20.967  5619  5619 D ICU     : No timezone override file found: /data/misc/zoneinfo/current/icu/icu_tzdata.dat
07-31 16:02:20.978  5619  5619 E memtrack: Couldn't load memtrack module (No such file or directory)
07-31 16:02:20.978  5619  5619 E android.os.Debug: failed to load memtrack module: -2
07-31 16:02:20.979  5619  5619 I Radio-JNI: register_android_hardware_Radio DONE
07-31 16:02:20.985  5619  5619 D AndroidRuntime: Calling main entry com.android.commands.uiautomator.Launcher
07-31 16:02:21.999  1860  1860 D leak-455: Eastern Standard Time
07-31 16:02:22.010  5619  5619 I AccessibilityNodeInfoDumper: Skipping invisible child: android.view.accessibility.AccessibilityNodeInfo@8000c170; boundsInParent: Rect(0, 0 - 1200, 1540); boundsInScreen: Rect(1200, 278 - 1200, 1818); packageName: com.adonai.manman; className: android.widget.FrameLayout; text: null; error: null; maxTextLength: -1; contentDescription: null; viewIdResName: com.adonai.manman:id/chapter_fragment_frame; checkable: false; checked: false; focusable: true; focused: false; selected: false; clickable: false; longClickable: false; contextClickable: false; enabled: true; password: false; scrollable: false; actions: [AccessibilityAction: ACTION_FOCUS - null, AccessibilityAction: ACTION_SELECT - null, AccessibilityAction: ACTION_CLEAR_SELECTION - null, AccessibilityAction: ACTION_ACCESSIBILITY_FOCUS - null, AccessibilityAction: ACTION_UNKNOWN - null]
07-31 16:02:22.010  5619  5619 W AccessibilityNodeInfoDumper: Fetch time: 7ms
07-31 16:02:22.010   593   744 W WindowManager: Attempted to remove non-existing token: android.os.Binder@1688602
07-31 16:02:22.012  5619  5619 D AndroidRuntime: Shutting down VM
07-31 16:02:22.996  5642  5642 D AndroidRuntime: >>>>>> START com.android.internal.os.RuntimeInit uid 0 <<<<<<
07-31 16:02:22.997  5642  5642 D AndroidRuntime: CheckJNI is OFF
07-31 16:02:23.007  5642  5642 D ICU     : No timezone override file found: /data/misc/zoneinfo/current/icu/icu_tzdata.dat
07-31 16:02:23.020  5642  5642 E memtrack: Couldn't load memtrack module (No such file or directory)
07-31 16:02:23.020  5642  5642 E android.os.Debug: failed to load memtrack module: -2
07-31 16:02:23.021  5642  5642 I Radio-JNI: register_android_hardware_Radio DONE
07-31 16:02:23.027  5642  5642 D AndroidRuntime: Calling main entry com.android.commands.uiautomator.Launcher
07-31 16:02:24.036  1860  1860 D leak-455: Eastern Standard Time
07-31 16:02:24.048  5642  5642 I AccessibilityNodeInfoDumper: Skipping invisible child: android.view.accessibility.AccessibilityNodeInfo@8000c178; boundsInParent: Rect(0, 0 - 1200, 1540); boundsInScreen: Rect(1200, 278 - 1200, 1818); packageName: com.adonai.manman; className: android.widget.FrameLayout; text: null; error: null; maxTextLength: -1; contentDescription: null; viewIdResName: com.adonai.manman:id/chapter_fragment_frame; checkable: false; checked: false; focusable: true; focused: false; selected: false; clickable: false; longClickable: false; contextClickable: false; enabled: true; password: false; scrollable: false; actions: [AccessibilityAction: ACTION_FOCUS - null, AccessibilityAction: ACTION_SELECT - null, AccessibilityAction: ACTION_CLEAR_SELECTION - null, AccessibilityAction: ACTION_ACCESSIBILITY_FOCUS - null, AccessibilityAction: ACTION_UNKNOWN - null]
07-31 16:02:24.048  5642  5642 W AccessibilityNodeInfoDumper: Fetch time: 8ms
07-31 16:02:24.049   593   806 W WindowManager: Attempted to remove non-existing token: android.os.Binder@9e1db13
07-31 16:02:24.053  5642  5642 D AndroidRuntime: Shutting down VM
07-31 16:02:24.494  5660  5660 D AndroidRuntime: >>>>>> START com.android.internal.os.RuntimeInit uid 0 <<<<<<
07-31 16:02:24.495  5660  5660 D AndroidRuntime: CheckJNI is OFF
07-31 16:02:24.507  5660  5660 D ICU     : No timezone override file found: /data/misc/zoneinfo/current/icu/icu_tzdata.dat
07-31 16:02:24.521  5660  5660 E memtrack: Couldn't load memtrack module (No such file or directory)
07-31 16:02:24.522  5660  5660 E android.os.Debug: failed to load memtrack module: -2
07-31 16:02:24.522  5660  5660 I Radio-JNI: register_android_hardware_Radio DONE
07-31 16:02:24.529  5660  5660 D AndroidRuntime: Calling main entry com.android.commands.uiautomator.Launcher
07-31 16:02:25.537  1860  1860 D leak-455: Eastern Standard Time
07-31 16:02:25.548  5660  5660 I AccessibilityNodeInfoDumper: Skipping invisible child: android.view.accessibility.AccessibilityNodeInfo@8000c17e; boundsInParent: Rect(0, 0 - 1200, 1540); boundsInScreen: Rect(1200, 278 - 1200, 1818); packageName: com.adonai.manman; className: android.widget.FrameLayout; text: null; error: null; maxTextLength: -1; contentDescription: null; viewIdResName: com.adonai.manman:id/chapter_fragment_frame; checkable: false; checked: false; focusable: true; focused: false; selected: false; clickable: false; longClickable: false; contextClickable: false; enabled: true; password: false; scrollable: false; actions: [AccessibilityAction: ACTION_FOCUS - null, AccessibilityAction: ACTION_SELECT - null, AccessibilityAction: ACTION_CLEAR_SELECTION - null, AccessibilityAction: ACTION_ACCESSIBILITY_FOCUS - null, AccessibilityAction: ACTION_UNKNOWN - null]
07-31 16:02:25.549  5660  5660 W AccessibilityNodeInfoDumper: Fetch time: 9ms
07-31 16:02:25.549   593   744 W WindowManager: Attempted to remove non-existing token: android.os.Binder@99c4150
07-31 16:02:25.551  5660  5660 D AndroidRuntime: Shutting down VM
07-31 16:02:26.010  5673  5673 D AndroidRuntime: >>>>>> START com.android.internal.os.RuntimeInit uid 0 <<<<<<
07-31 16:02:26.011  5673  5673 D AndroidRuntime: CheckJNI is OFF
07-31 16:02:26.022  5673  5673 D ICU     : No timezone override file found: /data/misc/zoneinfo/current/icu/icu_tzdata.dat
07-31 16:02:26.032  5673  5673 E memtrack: Couldn't load memtrack module (No such file or directory)
07-31 16:02:26.032  5673  5673 E android.os.Debug: failed to load memtrack module: -2
07-31 16:02:26.035  5673  5673 I Radio-JNI: register_android_hardware_Radio DONE
07-31 16:02:26.040  5673  5673 D AndroidRuntime: Calling main entry com.android.commands.input.Input
07-31 16:02:26.041  5673  5673 I Input   : injectMotionEvent: MotionEvent { action=ACTION_DOWN, actionButton=0, id[0]=0, x[0]=640.0, y[0]=322.0, toolType[0]=TOOL_TYPE_UNKNOWN, buttonState=0, metaState=0, flags=0x0, edgeFlags=0x0, pointerCount=1, historySize=0, eventTime=226218, downTime=226218, deviceId=0, source=0x1002 }
07-31 16:02:26.042  5673  5673 I Input   : injectMotionEvent: MotionEvent { action=ACTION_UP, actionButton=0, id[0]=0, x[0]=640.0, y[0]=322.0, toolType[0]=TOOL_TYPE_UNKNOWN, buttonState=0, metaState=0, flags=0x0, edgeFlags=0x0, pointerCount=1, historySize=0, eventTime=226218, downTime=226218, deviceId=0, source=0x1002 }
07-31 16:02:26.044  5673  5673 D AndroidRuntime: Shutting down VM
07-31 16:02:26.045   932   932 I LatinIME: Starting input. Cursor position = 0,0
07-31 16:02:26.089  1860  1860 D leak-455: Eastern Standard Time
07-31 16:02:26.089  1860  1860 D leak-455: Eastern Standard Time
07-31 16:02:26.089  1860  1860 D leak-457: Eastern Standard Time
07-31 16:02:26.118   932  2180 W EGL_emulation: eglSurfaceAttrib not implemented
07-31 16:02:26.118   932  2180 W OpenGLRenderer: Failed to set EGL_SWAP_BEHAVIOR on surface 0xf03ebb80, error=EGL_SUCCESS
07-31 16:02:26.123  1860  1860 D leak-455: Eastern Standard Time
07-31 16:02:26.155  1860  1860 D leak-455: Eastern Standard Time
07-31 16:02:26.155  1860  1860 D leak-455: Eastern Standard Time
07-31 16:02:26.155  1860  1860 D leak-457: Eastern Standard Time
07-31 16:02:26.158  1860  1860 D leak-455: Eastern Standard Time
07-31 16:02:26.158  1860  1860 D leak-455: Eastern Standard Time
07-31 16:02:26.158  1860  1860 D leak-457: Eastern Standard Time
07-31 16:02:26.159  1860  1860 D leak-184: Eastern Standard Time
07-31 16:02:26.159  1860  1860 D leak-184: Eastern Standard Time
07-31 16:02:26.159  1860  1860 D leak-184: Eastern Standard Time
07-31 16:02:26.159  1860  1860 D leak-184: Eastern Standard Time
07-31 16:02:26.159  1860  1860 D leak-184: Eastern Standard Time
07-31 16:02:26.159  1860  1860 D leak-184: Eastern Standard Time
07-31 16:02:26.159  1860  1860 D leak-184: Eastern Standard Time
07-31 16:02:26.159  1860  1860 D leak-184: Eastern Standard Time
07-31 16:02:26.160  1860  1860 D leak-455: Eastern Standard Time
07-31 16:02:26.449  5684  5684 D AndroidRuntime: >>>>>> START com.android.internal.os.RuntimeInit uid 0 <<<<<<
07-31 16:02:26.450  5684  5684 D AndroidRuntime: CheckJNI is OFF
07-31 16:02:26.461  5684  5684 D ICU     : No timezone override file found: /data/misc/zoneinfo/current/icu/icu_tzdata.dat
07-31 16:02:26.472  5684  5684 E memtrack: Couldn't load memtrack module (No such file or directory)
07-31 16:02:26.472  5684  5684 E android.os.Debug: failed to load memtrack module: -2
07-31 16:02:26.473  5684  5684 I Radio-JNI: register_android_hardware_Radio DONE
07-31 16:02:26.478  5684  5684 D AndroidRuntime: Calling main entry com.android.commands.input.Input
07-31 16:02:26.479  5684  5684 I Input   : injectKeyEvent: KeyEvent { action=ACTION_DOWN, keyCode=KEYCODE_ESCAPE, scanCode=0, metaState=0, flags=0x0, repeatCount=0, eventTime=226656, downTime=226656, deviceId=-1, source=0x101 }
07-31 16:02:26.481  5684  5684 I Input   : injectKeyEvent: KeyEvent { action=ACTION_UP, keyCode=KEYCODE_ESCAPE, scanCode=0, metaState=0, flags=0x0, repeatCount=0, eventTime=226656, downTime=226656, deviceId=-1, source=0x101 }
07-31 16:02:26.485  5684  5684 D AndroidRuntime: Shutting down VM
07-31 16:02:26.495   932  2180 E Surface : getSlotFromBufferLocked: unknown buffer: 0xf2bea3b0
07-31 16:02:26.523  1860  1860 D leak-455: Eastern Standard Time
07-31 16:02:26.523  1860  1860 D leak-455: Eastern Standard Time
07-31 16:02:26.523  1860  1860 D leak-457: Eastern Standard Time
07-31 16:02:26.533  1860  1860 D leak-455: Eastern Standard Time
07-31 16:02:26.533  1860  1860 D leak-455: Eastern Standard Time
07-31 16:02:26.533  1860  1860 D leak-457: Eastern Standard Time
07-31 16:02:26.535  1860  1860 D leak-184: Eastern Standard Time
07-31 16:02:26.535  1860  1860 D leak-184: Eastern Standard Time
07-31 16:02:26.535  1860  1860 D leak-184: Eastern Standard Time
07-31 16:02:26.536  1860  1860 D leak-184: Eastern Standard Time
07-31 16:02:26.536  1860  1860 D leak-184: Eastern Standard Time
07-31 16:02:26.536  1860  1860 D leak-184: Eastern Standard Time
07-31 16:02:26.536  1860  1860 D leak-184: Eastern Standard Time
07-31 16:02:26.536  1860  1860 D leak-184: Eastern Standard Time
07-31 16:02:26.537  1860  1860 D leak-184: Eastern Standard Time
07-31 16:02:26.538  1860  1860 D leak-184: Eastern Standard Time
07-31 16:02:26.541  1860  1860 D leak-184: Eastern Standard Time
07-31 16:02:26.543  1860  1860 D leak-184: Eastern Standard Time
07-31 16:02:26.544  1860  1860 D leak-455: Eastern Standard Time
07-31 16:02:27.450  5697  5697 D AndroidRuntime: >>>>>> START com.android.internal.os.RuntimeInit uid 0 <<<<<<
07-31 16:02:27.451  5697  5697 D AndroidRuntime: CheckJNI is OFF
07-31 16:02:27.460  5697  5697 D ICU     : No timezone override file found: /data/misc/zoneinfo/current/icu/icu_tzdata.dat
07-31 16:02:27.470  5697  5697 E memtrack: Couldn't load memtrack module (No such file or directory)
07-31 16:02:27.470  5697  5697 E android.os.Debug: failed to load memtrack module: -2
07-31 16:02:27.471  5697  5697 I Radio-JNI: register_android_hardware_Radio DONE
07-31 16:02:27.476  5697  5697 D AndroidRuntime: Calling main entry com.android.commands.input.Input
07-31 16:02:27.476  5697  5697 I Input   : injectKeyEvent: KeyEvent { action=ACTION_DOWN, keyCode=KEYCODE_MOVE_END, scanCode=0, metaState=0, flags=0x0, repeatCount=0, eventTime=227654, downTime=227654, deviceId=-1, source=0x101 }
07-31 16:02:27.479  5697  5697 I Input   : injectKeyEvent: KeyEvent { action=ACTION_UP, keyCode=KEYCODE_MOVE_END, scanCode=0, metaState=0, flags=0x0, repeatCount=0, eventTime=227654, downTime=227654, deviceId=-1, source=0x101 }
07-31 16:02:27.479  5697  5697 D AndroidRuntime: Shutting down VM
07-31 16:02:27.834  5706  5706 D AndroidRuntime: >>>>>> START com.android.internal.os.RuntimeInit uid 0 <<<<<<
07-31 16:02:27.835  5706  5706 D AndroidRuntime: CheckJNI is OFF
07-31 16:02:27.844  5706  5706 D ICU     : No timezone override file found: /data/misc/zoneinfo/current/icu/icu_tzdata.dat
07-31 16:02:27.856  5706  5706 E memtrack: Couldn't load memtrack module (No such file or directory)
07-31 16:02:27.856  5706  5706 E android.os.Debug: failed to load memtrack module: -2
07-31 16:02:27.856  5706  5706 I Radio-JNI: register_android_hardware_Radio DONE
07-31 16:02:27.862  5706  5706 D AndroidRuntime: Calling main entry com.android.commands.input.Input
07-31 16:02:27.862  5706  5706 I Input   : injectKeyEvent: KeyEvent { action=ACTION_DOWN, keyCode=KEYCODE_DEL, scanCode=0, metaState=0, flags=0x0, repeatCount=0, eventTime=228040, downTime=228040, deviceId=-1, source=0x101 }
07-31 16:02:27.863  5706  5706 I Input   : injectKeyEvent: KeyEvent { action=ACTION_UP, keyCode=KEYCODE_DEL, scanCode=0, metaState=0, flags=0x0, repeatCount=0, eventTime=228040, downTime=228040, deviceId=-1, source=0x101 }
07-31 16:02:27.865  5706  5706 I Input   : injectKeyEvent: KeyEvent { action=ACTION_DOWN, keyCode=KEYCODE_DEL, scanCode=0, metaState=0, flags=0x0, repeatCount=0, eventTime=228043, downTime=228043, deviceId=-1, source=0x101 }
07-31 16:02:27.865  5706  5706 I Input   : injectKeyEvent: KeyEvent { action=ACTION_UP, keyCode=KEYCODE_DEL, scanCode=0, metaState=0, flags=0x0, repeatCount=0, eventTime=228043, downTime=228043, deviceId=-1, source=0x101 }
07-31 16:02:27.866  5706  5706 I Input   : injectKeyEvent: KeyEvent { action=ACTION_DOWN, keyCode=KEYCODE_DEL, scanCode=0, metaState=0, flags=0x0, repeatCount=0, eventTime=228044, downTime=228044, deviceId=-1, source=0x101 }
07-31 16:02:27.867  5706  5706 I Input   : injectKeyEvent: KeyEvent { action=ACTION_UP, keyCode=KEYCODE_DEL, scanCode=0, metaState=0, flags=0x0, repeatCount=0, eventTime=228044, downTime=228044, deviceId=-1, source=0x101 }
07-31 16:02:27.869  5706  5706 I Input   : injectKeyEvent: KeyEvent { action=ACTION_DOWN, keyCode=KEYCODE_DEL, scanCode=0, metaState=0, flags=0x0, repeatCount=0, eventTime=228047, downTime=228047, deviceId=-1, source=0x101 }
07-31 16:02:27.869  5706  5706 I Input   : injectKeyEvent: KeyEvent { action=ACTION_UP, keyCode=KEYCODE_DEL, scanCode=0, metaState=0, flags=0x0, repeatCount=0, eventTime=228047, downTime=228047, deviceId=-1, source=0x101 }
07-31 16:02:27.870  5706  5706 I Input   : injectKeyEvent: KeyEvent { action=ACTION_DOWN, keyCode=KEYCODE_DEL, scanCode=0, metaState=0, flags=0x0, repeatCount=0, eventTime=228048, downTime=228048, deviceId=-1, source=0x101 }
07-31 16:02:27.871  5706  5706 I Input   : injectKeyEvent: KeyEvent { action=ACTION_UP, keyCode=KEYCODE_DEL, scanCode=0, metaState=0, flags=0x0, repeatCount=0, eventTime=228048, downTime=228048, deviceId=-1, source=0x101 }
07-31 16:02:27.871  5706  5706 I Input   : injectKeyEvent: KeyEvent { action=ACTION_DOWN, keyCode=KEYCODE_DEL, scanCode=0, metaState=0, flags=0x0, repeatCount=0, eventTime=228049, downTime=228049, deviceId=-1, source=0x101 }
07-31 16:02:27.872  5706  5706 I Input   : injectKeyEvent: KeyEvent { action=ACTION_UP, keyCode=KEYCODE_DEL, scanCode=0, metaState=0, flags=0x0, repeatCount=0, eventTime=228049, downTime=228049, deviceId=-1, source=0x101 }
07-31 16:02:27.873  5706  5706 I Input   : injectKeyEvent: KeyEvent { action=ACTION_DOWN, keyCode=KEYCODE_DEL, scanCode=0, metaState=0, flags=0x0, repeatCount=0, eventTime=228051, downTime=228051, deviceId=-1, source=0x101 }
07-31 16:02:27.874  5706  5706 I Input   : injectKeyEvent: KeyEvent { action=ACTION_UP, keyCode=KEYCODE_DEL, scanCode=0, metaState=0, flags=0x0, repeatCount=0, eventTime=228051, downTime=228051, deviceId=-1, source=0x101 }
07-31 16:02:27.874  5706  5706 I Input   : injectKeyEvent: KeyEvent { action=ACTION_DOWN, keyCode=KEYCODE_DEL, scanCode=0, metaState=0, flags=0x0, repeatCount=0, eventTime=228052, downTime=228052, deviceId=-1, source=0x101 }
07-31 16:02:27.875  5706  5706 I Input   : injectKeyEvent: KeyEvent { action=ACTION_UP, keyCode=KEYCODE_DEL, scanCode=0, metaState=0, flags=0x0, repeatCount=0, eventTime=228052, downTime=228052, deviceId=-1, source=0x101 }
07-31 16:02:27.876  5706  5706 I Input   : injectKeyEvent: KeyEvent { action=ACTION_DOWN, keyCode=KEYCODE_DEL, scanCode=0, metaState=0, flags=0x0, repeatCount=0, eventTime=228054, downTime=228054, deviceId=-1, source=0x101 }
07-31 16:02:27.876  5706  5706 I Input   : injectKeyEvent: KeyEvent { action=ACTION_UP, keyCode=KEYCODE_DEL, scanCode=0, metaState=0, flags=0x0, repeatCount=0, eventTime=228054, downTime=228054, deviceId=-1, source=0x101 }
07-31 16:02:27.877  5706  5706 I Input   : injectKeyEvent: KeyEvent { action=ACTION_DOWN, keyCode=KEYCODE_DEL, scanCode=0, metaState=0, flags=0x0, repeatCount=0, eventTime=228055, downTime=228055, deviceId=-1, source=0x101 }
07-31 16:02:27.878  5706  5706 I Input   : injectKeyEvent: KeyEvent { action=ACTION_UP, keyCode=KEYCODE_DEL, scanCode=0, metaState=0, flags=0x0, repeatCount=0, eventTime=228055, downTime=228055, deviceId=-1, source=0x101 }
07-31 16:02:27.879  5706  5706 I Input   : injectKeyEvent: KeyEvent { action=ACTION_DOWN, keyCode=KEYCODE_DEL, scanCode=0, metaState=0, flags=0x0, repeatCount=0, eventTime=228057, downTime=228057, deviceId=-1, source=0x101 }
07-31 16:02:27.879  5706  5706 I Input   : injectKeyEvent: KeyEvent { action=ACTION_UP, keyCode=KEYCODE_DEL, scanCode=0, metaState=0, flags=0x0, repeatCount=0, eventTime=228057, downTime=228057, deviceId=-1, source=0x101 }
07-31 16:02:27.880  5706  5706 I Input   : injectKeyEvent: KeyEvent { action=ACTION_DOWN, keyCode=KEYCODE_DEL, scanCode=0, metaState=0, flags=0x0, repeatCount=0, eventTime=228058, downTime=228058, deviceId=-1, source=0x101 }
07-31 16:02:27.881  5706  5706 I Input   : injectKeyEvent: KeyEvent { action=ACTION_UP, keyCode=KEYCODE_DEL, scanCode=0, metaState=0, flags=0x0, repeatCount=0, eventTime=228058, downTime=228058, deviceId=-1, source=0x101 }
07-31 16:02:27.882  5706  5706 I Input   : injectKeyEvent: KeyEvent { action=ACTION_DOWN, keyCode=KEYCODE_DEL, scanCode=0, metaState=0, flags=0x0, repeatCount=0, eventTime=228060, downTime=228060, deviceId=-1, source=0x101 }
07-31 16:02:27.882  5706  5706 I Input   : injectKeyEvent: KeyEvent { action=ACTION_UP, keyCode=KEYCODE_DEL, scanCode=0, metaState=0, flags=0x0, repeatCount=0, eventTime=228060, downTime=228060, deviceId=-1, source=0x101 }
07-31 16:02:27.883  5706  5706 I Input   : injectKeyEvent: KeyEvent { action=ACTION_DOWN, keyCode=KEYCODE_DEL, scanCode=0, metaState=0, flags=0x0, repeatCount=0, eventTime=228061, downTime=228061, deviceId=-1, source=0x101 }
07-31 16:02:27.884  5706  5706 I Input   : injectKeyEvent: KeyEvent { action=ACTION_UP, keyCode=KEYCODE_DEL, scanCode=0, metaState=0, flags=0x0, repeatCount=0, eventTime=228061, downTime=228061, deviceId=-1, source=0x101 }
07-31 16:02:27.885  5706  5706 I Input   : injectKeyEvent: KeyEvent { action=ACTION_DOWN, keyCode=KEYCODE_DEL, scanCode=0, metaState=0, flags=0x0, repeatCount=0, eventTime=228063, downTime=228063, deviceId=-1, source=0x101 }
07-31 16:02:27.885  5706  5706 I Input   : injectKeyEvent: KeyEvent { action=ACTION_UP, keyCode=KEYCODE_DEL, scanCode=0, metaState=0, flags=0x0, repeatCount=0, eventTime=228063, downTime=228063, deviceId=-1, source=0x101 }
07-31 16:02:27.886  5706  5706 I Input   : injectKeyEvent: KeyEvent { action=ACTION_DOWN, keyCode=KEYCODE_DEL, scanCode=0, metaState=0, flags=0x0, repeatCount=0, eventTime=228064, downTime=228064, deviceId=-1, source=0x101 }
07-31 16:02:27.887  5706  5706 I Input   : injectKeyEvent: KeyEvent { action=ACTION_UP, keyCode=KEYCODE_DEL, scanCode=0, metaState=0, flags=0x0, repeatCount=0, eventTime=228064, downTime=228064, deviceId=-1, source=0x101 }
07-31 16:02:27.888  5706  5706 I Input   : injectKeyEvent: KeyEvent { action=ACTION_DOWN, keyCode=KEYCODE_DEL, scanCode=0, metaState=0, flags=0x0, repeatCount=0, eventTime=228066, downTime=228066, deviceId=-1, source=0x101 }
07-31 16:02:27.889  5706  5706 I Input   : injectKeyEvent: KeyEvent { action=ACTION_UP, keyCode=KEYCODE_DEL, scanCode=0, metaState=0, flags=0x0, repeatCount=0, eventTime=228066, downTime=228066, deviceId=-1, source=0x101 }
07-31 16:02:27.890  5706  5706 I Input   : injectKeyEvent: KeyEvent { action=ACTION_DOWN, keyCode=KEYCODE_DEL, scanCode=0, metaState=0, flags=0x0, repeatCount=0, eventTime=228068, downTime=228068, deviceId=-1, source=0x101 }
07-31 16:02:27.891  5706  5706 I Input   : injectKeyEvent: KeyEvent { action=ACTION_UP, keyCode=KEYCODE_DEL, scanCode=0, metaState=0, flags=0x0, repeatCount=0, eventTime=228068, downTime=228068, deviceId=-1, source=0x101 }
07-31 16:02:27.891  5706  5706 I Input   : injectKeyEvent: KeyEvent { action=ACTION_DOWN, keyCode=KEYCODE_DEL, scanCode=0, metaState=0, flags=0x0, repeatCount=0, eventTime=228069, downTime=228069, deviceId=-1, source=0x101 }
07-31 16:02:27.892  5706  5706 I Input   : injectKeyEvent: KeyEvent { action=ACTION_UP, keyCode=KEYCODE_DEL, scanCode=0, metaState=0, flags=0x0, repeatCount=0, eventTime=228069, downTime=228069, deviceId=-1, source=0x101 }
07-31 16:02:27.893  5706  5706 I Input   : injectKeyEvent: KeyEvent { action=ACTION_DOWN, keyCode=KEYCODE_DEL, scanCode=0, metaState=0, flags=0x0, repeatCount=0, eventTime=228071, downTime=228071, deviceId=-1, source=0x101 }
07-31 16:02:27.894  5706  5706 I Input   : injectKeyEvent: KeyEvent { action=ACTION_UP, keyCode=KEYCODE_DEL, scanCode=0, metaState=0, flags=0x0, repeatCount=0, eventTime=228071, downTime=228071, deviceId=-1, source=0x101 }
07-31 16:02:27.894  5706  5706 I Input   : injectKeyEvent: KeyEvent { action=ACTION_DOWN, keyCode=KEYCODE_DEL, scanCode=0, metaState=0, flags=0x0, repeatCount=0, eventTime=228072, downTime=228072, deviceId=-1, source=0x101 }
07-31 16:02:27.895  5706  5706 I Input   : injectKeyEvent: KeyEvent { action=ACTION_UP, keyCode=KEYCODE_DEL, scanCode=0, metaState=0, flags=0x0, repeatCount=0, eventTime=228072, downTime=228072, deviceId=-1, source=0x101 }
07-31 16:02:27.896  5706  5706 I Input   : injectKeyEvent: KeyEvent { action=ACTION_DOWN, keyCode=KEYCODE_DEL, scanCode=0, metaState=0, flags=0x0, repeatCount=0, eventTime=228074, downTime=228074, deviceId=-1, source=0x101 }
07-31 16:02:27.897  5706  5706 I Input   : injectKeyEvent: KeyEvent { action=ACTION_UP, keyCode=KEYCODE_DEL, scanCode=0, metaState=0, flags=0x0, repeatCount=0, eventTime=228074, downTime=228074, deviceId=-1, source=0x101 }
07-31 16:02:27.898  5706  5706 I Input   : injectKeyEvent: KeyEvent { action=ACTION_DOWN, keyCode=KEYCODE_DEL, scanCode=0, metaState=0, flags=0x0, repeatCount=0, eventTime=228076, downTime=228076, deviceId=-1, source=0x101 }
07-31 16:02:27.899  5706  5706 I Input   : injectKeyEvent: KeyEvent { action=ACTION_UP, keyCode=KEYCODE_DEL, scanCode=0, metaState=0, flags=0x0, repeatCount=0, eventTime=228076, downTime=228076, deviceId=-1, source=0x101 }
07-31 16:02:27.900  5706  5706 I Input   : injectKeyEvent: KeyEvent { action=ACTION_DOWN, keyCode=KEYCODE_DEL, scanCode=0, metaState=0, flags=0x0, repeatCount=0, eventTime=228078, downTime=228078, deviceId=-1, source=0x101 }
07-31 16:02:27.901  5706  5706 I Input   : injectKeyEvent: KeyEvent { action=ACTION_UP, keyCode=KEYCODE_DEL, scanCode=0, metaState=0, flags=0x0, repeatCount=0, eventTime=228078, downTime=228078, deviceId=-1, source=0x101 }
07-31 16:02:27.901  5706  5706 I Input   : injectKeyEvent: KeyEvent { action=ACTION_DOWN, keyCode=KEYCODE_DEL, scanCode=0, metaState=0, flags=0x0, repeatCount=0, eventTime=228079, downTime=228079, deviceId=-1, source=0x101 }
07-31 16:02:27.902  5706  5706 I Input   : injectKeyEvent: KeyEvent { action=ACTION_UP, keyCode=KEYCODE_DEL, scanCode=0, metaState=0, flags=0x0, repeatCount=0, eventTime=228079, downTime=228079, deviceId=-1, source=0x101 }
07-31 16:02:27.903  5706  5706 I Input   : injectKeyEvent: KeyEvent { action=ACTION_DOWN, keyCode=KEYCODE_DEL, scanCode=0, metaState=0, flags=0x0, repeatCount=0, eventTime=228081, downTime=228081, deviceId=-1, source=0x101 }
07-31 16:02:27.904  5706  5706 I Input   : injectKeyEvent: KeyEvent { action=ACTION_UP, keyCode=KEYCODE_DEL, scanCode=0, metaState=0, flags=0x0, repeatCount=0, eventTime=228081, downTime=228081, deviceId=-1, source=0x101 }
07-31 16:02:27.904  5706  5706 I Input   : injectKeyEvent: KeyEvent { action=ACTION_DOWN, keyCode=KEYCODE_DEL, scanCode=0, metaState=0, flags=0x0, repeatCount=0, eventTime=228082, downTime=228082, deviceId=-1, source=0x101 }
07-31 16:02:27.905  5706  5706 I Input   : injectKeyEvent: KeyEvent { action=ACTION_UP, keyCode=KEYCODE_DEL, scanCode=0, metaState=0, flags=0x0, repeatCount=0, eventTime=228082, downTime=228082, deviceId=-1, source=0x101 }
07-31 16:02:27.906  5706  5706 I Input   : injectKeyEvent: KeyEvent { action=ACTION_DOWN, keyCode=KEYCODE_DEL, scanCode=0, metaState=0, flags=0x0, repeatCount=0, eventTime=228084, downTime=228084, deviceId=-1, source=0x101 }
07-31 16:02:27.907  5706  5706 I Input   : injectKeyEvent: KeyEvent { action=ACTION_UP, keyCode=KEYCODE_DEL, scanCode=0, metaState=0, flags=0x0, repeatCount=0, eventTime=228084, downTime=228084, deviceId=-1, source=0x101 }
07-31 16:02:27.908  5706  5706 I Input   : injectKeyEvent: KeyEvent { action=ACTION_DOWN, keyCode=KEYCODE_DEL, scanCode=0, metaState=0, flags=0x0, repeatCount=0, eventTime=228086, downTime=228086, deviceId=-1, source=0x101 }
07-31 16:02:27.909  5706  5706 I Input   : injectKeyEvent: KeyEvent { action=ACTION_UP, keyCode=KEYCODE_DEL, scanCode=0, metaState=0, flags=0x0, repeatCount=0, eventTime=228086, downTime=228086, deviceId=-1, source=0x101 }
07-31 16:02:27.909  5706  5706 I Input   : injectKeyEvent: KeyEvent { action=ACTION_DOWN, keyCode=KEYCODE_DEL, scanCode=0, metaState=0, flags=0x0, repeatCount=0, eventTime=228087, downTime=228087, deviceId=-1, source=0x101 }
07-31 16:02:27.910  5706  5706 I Input   : injectKeyEvent: KeyEvent { action=ACTION_UP, keyCode=KEYCODE_DEL, scanCode=0, metaState=0, flags=0x0, repeatCount=0, eventTime=228087, downTime=228087, deviceId=-1, source=0x101 }
07-31 16:02:27.910  5706  5706 I Input   : injectKeyEvent: KeyEvent { action=ACTION_DOWN, keyCode=KEYCODE_DEL, scanCode=0, metaState=0, flags=0x0, repeatCount=0, eventTime=228088, downTime=228088, deviceId=-1, source=0x101 }
07-31 16:02:27.911  5706  5706 I Input   : injectKeyEvent: KeyEvent { action=ACTION_UP, keyCode=KEYCODE_DEL, scanCode=0, metaState=0, flags=0x0, repeatCount=0, eventTime=228088, downTime=228088, deviceId=-1, source=0x101 }
07-31 16:02:27.912  5706  5706 I Input   : injectKeyEvent: KeyEvent { action=ACTION_DOWN, keyCode=KEYCODE_DEL, scanCode=0, metaState=0, flags=0x0, repeatCount=0, eventTime=228090, downTime=228090, deviceId=-1, source=0x101 }
07-31 16:02:27.913  5706  5706 I Input   : injectKeyEvent: KeyEvent { action=ACTION_UP, keyCode=KEYCODE_DEL, scanCode=0, metaState=0, flags=0x0, repeatCount=0, eventTime=228090, downTime=228090, deviceId=-1, source=0x101 }
07-31 16:02:27.914  5706  5706 I Input   : injectKeyEvent: KeyEvent { action=ACTION_DOWN, keyCode=KEYCODE_DEL, scanCode=0, metaState=0, flags=0x0, repeatCount=0, eventTime=228092, downTime=228092, deviceId=-1, source=0x101 }
07-31 16:02:27.915  5706  5706 I Input   : injectKeyEvent: KeyEvent { action=ACTION_UP, keyCode=KEYCODE_DEL, scanCode=0, metaState=0, flags=0x0, repeatCount=0, eventTime=228092, downTime=228092, deviceId=-1, source=0x101 }
07-31 16:02:27.915  5706  5706 I Input   : injectKeyEvent: KeyEvent { action=ACTION_DOWN, keyCode=KEYCODE_DEL, scanCode=0, metaState=0, flags=0x0, repeatCount=0, eventTime=228093, downTime=228093, deviceId=-1, source=0x101 }
07-31 16:02:27.916  5706  5706 I Input   : injectKeyEvent: KeyEvent { action=ACTION_UP, keyCode=KEYCODE_DEL, scanCode=0, metaState=0, flags=0x0, repeatCount=0, eventTime=228093, downTime=228093, deviceId=-1, source=0x101 }
07-31 16:02:27.917  5706  5706 I Input   : injectKeyEvent: KeyEvent { action=ACTION_DOWN, keyCode=KEYCODE_DEL, scanCode=0, metaState=0, flags=0x0, repeatCount=0, eventTime=228095, downTime=228095, deviceId=-1, source=0x101 }
07-31 16:02:27.918  5706  5706 I Input   : injectKeyEvent: KeyEvent { action=ACTION_UP, keyCode=KEYCODE_DEL, scanCode=0, metaState=0, flags=0x0, repeatCount=0, eventTime=228095, downTime=228095, deviceId=-1, source=0x101 }
07-31 16:02:27.919  5706  5706 I Input   : injectKeyEvent: KeyEvent { action=ACTION_DOWN, keyCode=KEYCODE_DEL, scanCode=0, metaState=0, flags=0x0, repeatCount=0, eventTime=228097, downTime=228097, deviceId=-1, source=0x101 }
07-31 16:02:27.920  5706  5706 I Input   : injectKeyEvent: KeyEvent { action=ACTION_UP, keyCode=KEYCODE_DEL, scanCode=0, metaState=0, flags=0x0, repeatCount=0, eventTime=228097, downTime=228097, deviceId=-1, source=0x101 }
07-31 16:02:27.921  5706  5706 I Input   : injectKeyEvent: KeyEvent { action=ACTION_DOWN, keyCode=KEYCODE_DEL, scanCode=0, metaState=0, flags=0x0, repeatCount=0, eventTime=228099, downTime=228099, deviceId=-1, source=0x101 }
07-31 16:02:27.921  5706  5706 I Input   : injectKeyEvent: KeyEvent { action=ACTION_UP, keyCode=KEYCODE_DEL, scanCode=0, metaState=0, flags=0x0, repeatCount=0, eventTime=228099, downTime=228099, deviceId=-1, source=0x101 }
07-31 16:02:27.922  5706  5706 I Input   : injectKeyEvent: KeyEvent { action=ACTION_DOWN, keyCode=KEYCODE_DEL, scanCode=0, metaState=0, flags=0x0, repeatCount=0, eventTime=228100, downTime=228100, deviceId=-1, source=0x101 }
07-31 16:02:27.923  5706  5706 I Input   : injectKeyEvent: KeyEvent { action=ACTION_UP, keyCode=KEYCODE_DEL, scanCode=0, metaState=0, flags=0x0, repeatCount=0, eventTime=228100, downTime=228100, deviceId=-1, source=0x101 }
07-31 16:02:27.924  5706  5706 I Input   : injectKeyEvent: KeyEvent { action=ACTION_DOWN, keyCode=KEYCODE_DEL, scanCode=0, metaState=0, flags=0x0, repeatCount=0, eventTime=228102, downTime=228102, deviceId=-1, source=0x101 }
07-31 16:02:27.924  5706  5706 I Input   : injectKeyEvent: KeyEvent { action=ACTION_UP, keyCode=KEYCODE_DEL, scanCode=0, metaState=0, flags=0x0, repeatCount=0, eventTime=228102, downTime=228102, deviceId=-1, source=0x101 }
07-31 16:02:27.925  5706  5706 I Input   : injectKeyEvent: KeyEvent { action=ACTION_DOWN, keyCode=KEYCODE_DEL, scanCode=0, metaState=0, flags=0x0, repeatCount=0, eventTime=228103, downTime=228103, deviceId=-1, source=0x101 }
07-31 16:02:27.926  5706  5706 I Input   : injectKeyEvent: KeyEvent { action=ACTION_UP, keyCode=KEYCODE_DEL, scanCode=0, metaState=0, flags=0x0, repeatCount=0, eventTime=228103, downTime=228103, deviceId=-1, source=0x101 }
07-31 16:02:27.927  5706  5706 I Input   : injectKeyEvent: KeyEvent { action=ACTION_DOWN, keyCode=KEYCODE_DEL, scanCode=0, metaState=0, flags=0x0, repeatCount=0, eventTime=228105, downTime=228105, deviceId=-1, source=0x101 }
07-31 16:02:27.927  5706  5706 I Input   : injectKeyEvent: KeyEvent { action=ACTION_UP, keyCode=KEYCODE_DEL, scanCode=0, metaState=0, flags=0x0, repeatCount=0, eventTime=228105, downTime=228105, deviceId=-1, source=0x101 }
07-31 16:02:27.928  5706  5706 I Input   : injectKeyEvent: KeyEvent { action=ACTION_DOWN, keyCode=KEYCODE_DEL, scanCode=0, metaState=0, flags=0x0, repeatCount=0, eventTime=228106, downTime=228106, deviceId=-1, source=0x101 }
07-31 16:02:27.929  5706  5706 I Input   : injectKeyEvent: KeyEvent { action=ACTION_UP, keyCode=KEYCODE_DEL, scanCode=0, metaState=0, flags=0x0, repeatCount=0, eventTime=228106, downTime=228106, deviceId=-1, source=0x101 }
07-31 16:02:27.930  5706  5706 I Input   : injectKeyEvent: KeyEvent { action=ACTION_DOWN, keyCode=KEYCODE_DEL, scanCode=0, metaState=0, flags=0x0, repeatCount=0, eventTime=228108, downTime=228108, deviceId=-1, source=0x101 }
07-31 16:02:27.930  5706  5706 I Input   : injectKeyEvent: KeyEvent { action=ACTION_UP, keyCode=KEYCODE_DEL, scanCode=0, metaState=0, flags=0x0, repeatCount=0, eventTime=228108, downTime=228108, deviceId=-1, source=0x101 }
07-31 16:02:27.932  5706  5706 I Input   : injectKeyEvent: KeyEvent { action=ACTION_DOWN, keyCode=KEYCODE_DEL, scanCode=0, metaState=0, flags=0x0, repeatCount=0, eventTime=228110, downTime=228110, deviceId=-1, source=0x101 }
07-31 16:02:27.933  5706  5706 I Input   : injectKeyEvent: KeyEvent { action=ACTION_UP, keyCode=KEYCODE_DEL, scanCode=0, metaState=0, flags=0x0, repeatCount=0, eventTime=228110, downTime=228110, deviceId=-1, source=0x101 }
07-31 16:02:27.933  5706  5706 I Input   : injectKeyEvent: KeyEvent { action=ACTION_DOWN, keyCode=KEYCODE_DEL, scanCode=0, metaState=0, flags=0x0, repeatCount=0, eventTime=228111, downTime=228111, deviceId=-1, source=0x101 }
07-31 16:02:27.935  5706  5706 I Input   : injectKeyEvent: KeyEvent { action=ACTION_UP, keyCode=KEYCODE_DEL, scanCode=0, metaState=0, flags=0x0, repeatCount=0, eventTime=228111, downTime=228111, deviceId=-1, source=0x101 }
07-31 16:02:27.936  5706  5706 I Input   : injectKeyEvent: KeyEvent { action=ACTION_DOWN, keyCode=KEYCODE_DEL, scanCode=0, metaState=0, flags=0x0, repeatCount=0, eventTime=228114, downTime=228114, deviceId=-1, source=0x101 }
07-31 16:02:27.936  5706  5706 I Input   : injectKeyEvent: KeyEvent { action=ACTION_UP, keyCode=KEYCODE_DEL, scanCode=0, metaState=0, flags=0x0, repeatCount=0, eventTime=228114, downTime=228114, deviceId=-1, source=0x101 }
07-31 16:02:27.937  5706  5706 I Input   : injectKeyEvent: KeyEvent { action=ACTION_DOWN, keyCode=KEYCODE_DEL, scanCode=0, metaState=0, flags=0x0, repeatCount=0, eventTime=228115, downTime=228115, deviceId=-1, source=0x101 }
07-31 16:02:27.938  5706  5706 I Input   : injectKeyEvent: KeyEvent { action=ACTION_UP, keyCode=KEYCODE_DEL, scanCode=0, metaState=0, flags=0x0, repeatCount=0, eventTime=228115, downTime=228115, deviceId=-1, source=0x101 }
07-31 16:02:27.938  5706  5706 I Input   : injectKeyEvent: KeyEvent { action=ACTION_DOWN, keyCode=KEYCODE_DEL, scanCode=0, metaState=0, flags=0x0, repeatCount=0, eventTime=228116, downTime=228116, deviceId=-1, source=0x101 }
07-31 16:02:27.939  5706  5706 I Input   : injectKeyEvent: KeyEvent { action=ACTION_UP, keyCode=KEYCODE_DEL, scanCode=0, metaState=0, flags=0x0, repeatCount=0, eventTime=228116, downTime=228116, deviceId=-1, source=0x101 }
07-31 16:02:27.940  5706  5706 I Input   : injectKeyEvent: KeyEvent { action=ACTION_DOWN, keyCode=KEYCODE_DEL, scanCode=0, metaState=0, flags=0x0, repeatCount=0, eventTime=228118, downTime=228118, deviceId=-1, source=0x101 }
07-31 16:02:27.941  5706  5706 I Input   : injectKeyEvent: KeyEvent { action=ACTION_UP, keyCode=KEYCODE_DEL, scanCode=0, metaState=0, flags=0x0, repeatCount=0, eventTime=228118, downTime=228118, deviceId=-1, source=0x101 }
07-31 16:02:27.942  5706  5706 I Input   : injectKeyEvent: KeyEvent { action=ACTION_DOWN, keyCode=KEYCODE_DEL, scanCode=0, metaState=0, flags=0x0, repeatCount=0, eventTime=228120, downTime=228120, deviceId=-1, source=0x101 }
07-31 16:02:27.942  5706  5706 I Input   : injectKeyEvent: KeyEvent { action=ACTION_UP, keyCode=KEYCODE_DEL, scanCode=0, metaState=0, flags=0x0, repeatCount=0, eventTime=228120, downTime=228120, deviceId=-1, source=0x101 }
07-31 16:02:27.943  5706  5706 D AndroidRuntime: Shutting down VM
07-31 16:02:28.303  5715  5715 D AndroidRuntime: >>>>>> START com.android.internal.os.RuntimeInit uid 0 <<<<<<
07-31 16:02:28.305  5715  5715 D AndroidRuntime: CheckJNI is OFF
07-31 16:02:28.313  5715  5715 D ICU     : No timezone override file found: /data/misc/zoneinfo/current/icu/icu_tzdata.dat
07-31 16:02:28.324  5715  5715 E memtrack: Couldn't load memtrack module (No such file or directory)
07-31 16:02:28.324  5715  5715 E android.os.Debug: failed to load memtrack module: -2
07-31 16:02:28.325  5715  5715 I Radio-JNI: register_android_hardware_Radio DONE
07-31 16:02:28.331  5715  5715 D AndroidRuntime: Calling main entry com.android.commands.input.Input
07-31 16:02:28.332  5715  5715 I Input   : injectKeyEvent: KeyEvent { action=ACTION_DOWN, keyCode=KEYCODE_N, scanCode=0, metaState=0, flags=0x0, repeatCount=0, eventTime=228510, downTime=228510, deviceId=-1, source=0x101 }
07-31 16:02:28.334  5715  5715 I Input   : injectKeyEvent: KeyEvent { action=ACTION_UP, keyCode=KEYCODE_N, scanCode=0, metaState=0, flags=0x0, repeatCount=0, eventTime=228510, downTime=228510, deviceId=-1, source=0x101 }
07-31 16:02:28.334  5715  5715 I Input   : injectKeyEvent: KeyEvent { action=ACTION_DOWN, keyCode=KEYCODE_U, scanCode=0, metaState=0, flags=0x0, repeatCount=0, eventTime=228510, downTime=228510, deviceId=-1, source=0x101 }
07-31 16:02:28.335  5715  5715 I Input   : injectKeyEvent: KeyEvent { action=ACTION_UP, keyCode=KEYCODE_U, scanCode=0, metaState=0, flags=0x0, repeatCount=0, eventTime=228510, downTime=228510, deviceId=-1, source=0x101 }
07-31 16:02:28.336  5715  5715 I Input   : injectKeyEvent: KeyEvent { action=ACTION_DOWN, keyCode=KEYCODE_L, scanCode=0, metaState=0, flags=0x0, repeatCount=0, eventTime=228510, downTime=228510, deviceId=-1, source=0x101 }
07-31 16:02:28.336  5715  5715 I Input   : injectKeyEvent: KeyEvent { action=ACTION_UP, keyCode=KEYCODE_L, scanCode=0, metaState=0, flags=0x0, repeatCount=0, eventTime=228510, downTime=228510, deviceId=-1, source=0x101 }
07-31 16:02:28.337  5715  5715 I Input   : injectKeyEvent: KeyEvent { action=ACTION_DOWN, keyCode=KEYCODE_L, scanCode=0, metaState=0, flags=0x0, repeatCount=0, eventTime=228510, downTime=228510, deviceId=-1, source=0x101 }
07-31 16:02:28.338  5715  5715 I Input   : injectKeyEvent: KeyEvent { action=ACTION_UP, keyCode=KEYCODE_L, scanCode=0, metaState=0, flags=0x0, repeatCount=0, eventTime=228510, downTime=228510, deviceId=-1, source=0x101 }
07-31 16:02:28.338  5715  5715 D AndroidRuntime: Shutting down VM
07-31 16:02:30.276  6047  6047 D AndroidRuntime: >>>>>> START com.android.internal.os.RuntimeInit uid 0 <<<<<<
07-31 16:02:30.278  6047  6047 D AndroidRuntime: CheckJNI is OFF
07-31 16:02:30.287  6047  6047 D ICU     : No timezone override file found: /data/misc/zoneinfo/current/icu/icu_tzdata.dat
07-31 16:02:30.299  6047  6047 E memtrack: Couldn't load memtrack module (No such file or directory)
07-31 16:02:30.299  6047  6047 E android.os.Debug: failed to load memtrack module: -2
07-31 16:02:30.300  6047  6047 I Radio-JNI: register_android_hardware_Radio DONE
07-31 16:02:30.307  6047  6047 D AndroidRuntime: Calling main entry com.android.commands.uiautomator.Launcher
07-31 16:02:31.314  1860  1860 D leak-455: Eastern Standard Time
07-31 16:02:31.326  6047  6047 I AccessibilityNodeInfoDumper: Skipping invisible child: android.view.accessibility.AccessibilityNodeInfo@8000c186; boundsInParent: Rect(0, 0 - 1200, 1540); boundsInScreen: Rect(1200, 278 - 1200, 1818); packageName: com.adonai.manman; className: android.widget.FrameLayout; text: null; error: null; maxTextLength: -1; contentDescription: null; viewIdResName: com.adonai.manman:id/chapter_fragment_frame; checkable: false; checked: false; focusable: true; focused: false; selected: false; clickable: false; longClickable: false; contextClickable: false; enabled: true; password: false; scrollable: false; actions: [AccessibilityAction: ACTION_FOCUS - null, AccessibilityAction: ACTION_SELECT - null, AccessibilityAction: ACTION_CLEAR_SELECTION - null, AccessibilityAction: ACTION_ACCESSIBILITY_FOCUS - null, AccessibilityAction: ACTION_UNKNOWN - null]
07-31 16:02:31.327  6047  6047 W AccessibilityNodeInfoDumper: Fetch time: 8ms
07-31 16:02:31.327   593   605 W WindowManager: Attempted to remove non-existing token: android.os.Binder@c3dae81
07-31 16:02:31.330  6047  6047 D AndroidRuntime: Shutting down VM
07-31 16:02:32.401  6070  6070 D AndroidRuntime: >>>>>> START com.android.internal.os.RuntimeInit uid 0 <<<<<<
07-31 16:02:32.403  6070  6070 D AndroidRuntime: CheckJNI is OFF
07-31 16:02:32.416  6070  6070 D ICU     : No timezone override file found: /data/misc/zoneinfo/current/icu/icu_tzdata.dat
07-31 16:02:32.443  6070  6070 E memtrack: Couldn't load memtrack module (No such file or directory)
07-31 16:02:32.443  6070  6070 E android.os.Debug: failed to load memtrack module: -2
07-31 16:02:32.445  6070  6070 I Radio-JNI: register_android_hardware_Radio DONE
07-31 16:02:32.457  6070  6070 D AndroidRuntime: Calling main entry com.android.commands.uiautomator.Launcher
07-31 16:02:33.474  1860  1860 D leak-455: Eastern Standard Time
07-31 16:02:33.485  6070  6070 I AccessibilityNodeInfoDumper: Skipping invisible child: android.view.accessibility.AccessibilityNodeInfo@8000c18c; boundsInParent: Rect(0, 0 - 1200, 1540); boundsInScreen: Rect(1200, 278 - 1200, 1818); packageName: com.adonai.manman; className: android.widget.FrameLayout; text: null; error: null; maxTextLength: -1; contentDescription: null; viewIdResName: com.adonai.manman:id/chapter_fragment_frame; checkable: false; checked: false; focusable: true; focused: false; selected: false; clickable: false; longClickable: false; contextClickable: false; enabled: true; password: false; scrollable: false; actions: [AccessibilityAction: ACTION_FOCUS - null, AccessibilityAction: ACTION_SELECT - null, AccessibilityAction: ACTION_CLEAR_SELECTION - null, AccessibilityAction: ACTION_ACCESSIBILITY_FOCUS - null, AccessibilityAction: ACTION_UNKNOWN - null]
07-31 16:02:33.486  6070  6070 W AccessibilityNodeInfoDumper: Fetch time: 9ms
07-31 16:02:33.487   593  1094 W WindowManager: Attempted to remove non-existing token: android.os.Binder@a34cb26
07-31 16:02:33.490  6070  6070 D AndroidRuntime: Shutting down VM
07-31 16:02:33.906  6089  6089 D AndroidRuntime: >>>>>> START com.android.internal.os.RuntimeInit uid 0 <<<<<<
07-31 16:02:33.907  6089  6089 D AndroidRuntime: CheckJNI is OFF
07-31 16:02:33.917  6089  6089 D ICU     : No timezone override file found: /data/misc/zoneinfo/current/icu/icu_tzdata.dat
07-31 16:02:33.930  6089  6089 E memtrack: Couldn't load memtrack module (No such file or directory)
07-31 16:02:33.930  6089  6089 E android.os.Debug: failed to load memtrack module: -2
07-31 16:02:33.930  6089  6089 I Radio-JNI: register_android_hardware_Radio DONE
07-31 16:02:33.937  6089  6089 D AndroidRuntime: Calling main entry com.android.commands.uiautomator.Launcher
07-31 16:02:34.946  1860  1860 D leak-455: Eastern Standard Time
07-31 16:02:34.960  6089  6089 I AccessibilityNodeInfoDumper: Skipping invisible child: android.view.accessibility.AccessibilityNodeInfo@8000c194; boundsInParent: Rect(0, 0 - 1200, 1540); boundsInScreen: Rect(1200, 278 - 1200, 1818); packageName: com.adonai.manman; className: android.widget.FrameLayout; text: null; error: null; maxTextLength: -1; contentDescription: null; viewIdResName: com.adonai.manman:id/chapter_fragment_frame; checkable: false; checked: false; focusable: true; focused: false; selected: false; clickable: false; longClickable: false; contextClickable: false; enabled: true; password: false; scrollable: false; actions: [AccessibilityAction: ACTION_FOCUS - null, AccessibilityAction: ACTION_SELECT - null, AccessibilityAction: ACTION_CLEAR_SELECTION - null, AccessibilityAction: ACTION_ACCESSIBILITY_FOCUS - null, AccessibilityAction: ACTION_UNKNOWN - null]
07-31 16:02:34.960  6089  6089 W AccessibilityNodeInfoDumper: Fetch time: 10ms
07-31 16:02:34.960   593   738 W WindowManager: Attempted to remove non-existing token: android.os.Binder@fc44514
07-31 16:02:34.962  6089  6089 D AndroidRuntime: Shutting down VM
07-31 16:02:35.999  6114  6114 D AndroidRuntime: >>>>>> START com.android.internal.os.RuntimeInit uid 0 <<<<<<
07-31 16:02:36.001  6114  6114 D AndroidRuntime: CheckJNI is OFF
07-31 16:02:36.011  6114  6114 D ICU     : No timezone override file found: /data/misc/zoneinfo/current/icu/icu_tzdata.dat
07-31 16:02:36.033  6114  6114 E memtrack: Couldn't load memtrack module (No such file or directory)
07-31 16:02:36.033  6114  6114 E android.os.Debug: failed to load memtrack module: -2
07-31 16:02:36.035  6114  6114 I Radio-JNI: register_android_hardware_Radio DONE
07-31 16:02:36.046  6114  6114 D AndroidRuntime: Calling main entry com.android.commands.uiautomator.Launcher
07-31 16:02:37.062  1860  1860 D leak-455: Eastern Standard Time
07-31 16:02:37.076  6114  6114 I AccessibilityNodeInfoDumper: Skipping invisible child: android.view.accessibility.AccessibilityNodeInfo@8000c19a; boundsInParent: Rect(0, 0 - 1200, 1540); boundsInScreen: Rect(1200, 278 - 1200, 1818); packageName: com.adonai.manman; className: android.widget.FrameLayout; text: null; error: null; maxTextLength: -1; contentDescription: null; viewIdResName: com.adonai.manman:id/chapter_fragment_frame; checkable: false; checked: false; focusable: true; focused: false; selected: false; clickable: false; longClickable: false; contextClickable: false; enabled: true; password: false; scrollable: false; actions: [AccessibilityAction: ACTION_FOCUS - null, AccessibilityAction: ACTION_SELECT - null, AccessibilityAction: ACTION_CLEAR_SELECTION - null, AccessibilityAction: ACTION_ACCESSIBILITY_FOCUS - null, AccessibilityAction: ACTION_UNKNOWN - null]
07-31 16:02:37.077  6114  6114 W AccessibilityNodeInfoDumper: Fetch time: 10ms
07-31 16:02:37.077   593  1094 W WindowManager: Attempted to remove non-existing token: android.os.Binder@515b1bd
07-31 16:02:37.080  6114  6114 D AndroidRuntime: Shutting down VM
07-31 16:02:37.515  6132  6132 D AndroidRuntime: >>>>>> START com.android.internal.os.RuntimeInit uid 0 <<<<<<
07-31 16:02:37.517  6132  6132 D AndroidRuntime: CheckJNI is OFF
07-31 16:02:37.527  6132  6132 D ICU     : No timezone override file found: /data/misc/zoneinfo/current/icu/icu_tzdata.dat
07-31 16:02:37.546  6132  6132 E memtrack: Couldn't load memtrack module (No such file or directory)
07-31 16:02:37.546  6132  6132 E android.os.Debug: failed to load memtrack module: -2
07-31 16:02:37.548  6132  6132 I Radio-JNI: register_android_hardware_Radio DONE
07-31 16:02:37.555  6132  6132 D AndroidRuntime: Calling main entry com.android.commands.uiautomator.Launcher
07-31 16:02:38.576  1860  1860 D leak-455: Eastern Standard Time
07-31 16:02:38.599  6132  6132 I AccessibilityNodeInfoDumper: Skipping invisible child: android.view.accessibility.AccessibilityNodeInfo@8000c1a1; boundsInParent: Rect(0, 0 - 1200, 1540); boundsInScreen: Rect(1200, 278 - 1200, 1818); packageName: com.adonai.manman; className: android.widget.FrameLayout; text: null; error: null; maxTextLength: -1; contentDescription: null; viewIdResName: com.adonai.manman:id/chapter_fragment_frame; checkable: false; checked: false; focusable: true; focused: false; selected: false; clickable: false; longClickable: false; contextClickable: false; enabled: true; password: false; scrollable: false; actions: [AccessibilityAction: ACTION_FOCUS - null, AccessibilityAction: ACTION_SELECT - null, AccessibilityAction: ACTION_CLEAR_SELECTION - null, AccessibilityAction: ACTION_ACCESSIBILITY_FOCUS - null, AccessibilityAction: ACTION_UNKNOWN - null]
07-31 16:02:38.600  6132  6132 W AccessibilityNodeInfoDumper: Fetch time: 18ms
07-31 16:02:38.602   593   738 W WindowManager: Attempted to remove non-existing token: android.os.Binder@b9273b2
07-31 16:02:38.608  6132  6132 D AndroidRuntime: Shutting down VM
07-31 16:02:39.047  6145  6145 D AndroidRuntime: >>>>>> START com.android.internal.os.RuntimeInit uid 0 <<<<<<
07-31 16:02:39.049  6145  6145 D AndroidRuntime: CheckJNI is OFF
07-31 16:02:39.069  6145  6145 D ICU     : No timezone override file found: /data/misc/zoneinfo/current/icu/icu_tzdata.dat
07-31 16:02:39.091  6145  6145 E memtrack: Couldn't load memtrack module (No such file or directory)
07-31 16:02:39.091  6145  6145 E android.os.Debug: failed to load memtrack module: -2
07-31 16:02:39.092  6145  6145 I Radio-JNI: register_android_hardware_Radio DONE
07-31 16:02:39.098  6145  6145 D AndroidRuntime: Calling main entry com.android.commands.input.Input
