07-29 16:50:39.562   587   606 W WindowManager: Current app token list:
07-29 16:50:39.562   587   606 V WindowManager:   Stack #0 tasks from bottom to top:
07-29 16:50:39.562   587   606 V WindowManager:     Task #3 activities from bottom to top:
07-29 16:50:39.562   587   606 V WindowManager:       activity #0: Token{9a223ed ActivityRecord{caf6204 u0 com.android.launcher3/.Launcher t3}}
07-29 16:50:39.562   587   606 W WindowManager: Final window list:
07-29 16:50:39.562   587   606 V WindowManager:  Display #0
07-29 16:50:39.562   587   606 V WindowManager:   #5: Window{450421b u0 NavigationBar}
07-29 16:50:39.562   587   606 V WindowManager:   #4: Window{2f71b5d u0 StatusBar}
07-29 16:50:39.562   587   606 V WindowManager:   #3: Window{3fa61c0 u0 KeyguardScrim}
07-29 16:50:39.562   587   606 V WindowManager:   #2: Window{b41a56b u0 AssistPreviewPanel}
07-29 16:50:39.562   587   606 V WindowManager:   #1: Window{12eeca6 u0 com.android.launcher3/com.android.launcher3.Launcher}
07-29 16:50:39.562   587   606 V WindowManager:   #0: Window{8c398bf u0 com.android.systemui.ImageWallpaper}
07-29 16:50:42.308  7927  7927 D AndroidRuntime: >>>>>> START com.android.internal.os.RuntimeInit uid 0 <<<<<<
07-29 16:50:42.310  7927  7927 D AndroidRuntime: CheckJNI is OFF
07-29 16:50:42.319  7927  7927 D ICU     : No timezone override file found: /data/misc/zoneinfo/current/icu/icu_tzdata.dat
07-29 16:50:42.335  7927  7927 E memtrack: Couldn't load memtrack module (No such file or directory)
07-29 16:50:42.335  7927  7927 E android.os.Debug: failed to load memtrack module: -2
07-29 16:50:42.336  7927  7927 I Radio-JNI: register_android_hardware_Radio DONE
07-29 16:50:42.341  7927  7927 D AndroidRuntime: Calling main entry com.android.commands.pm.Pm
07-29 16:50:42.343   587   601 I ActivityManager: Force stopping com.jvillalba.apod.classic appid=10060 user=-1: uninstall pkg
07-29 16:50:42.344   587   601 I ActivityManager: Killing 7903:com.jvillalba.apod.classic/u0a60 (adj 9): stop com.jvillalba.apod.classic
07-29 16:50:42.344   587   601 W libprocessgroup: failed to open /acct/uid_10060/pid_7903/cgroup.procs: No such file or directory
07-29 16:50:42.361   587   644 I art     : Starting a blocking GC Explicit
07-29 16:50:42.370   587   644 I art     : Explicit concurrent mark sweep GC freed 7516(435KB) AllocSpace objects, 6(120KB) LOS objects, 33% free, 6MB/9MB, paused 245us total 8.971ms
07-29 16:50:42.373   587   644 W PackageManager: Couldn't remove dex file for package:  at location /data/app/com.jvillalba.apod.classic-1/base.apk, retcode=-1
07-29 16:50:42.375  7927  7927 I art     : System.exit called, status: 0
07-29 16:50:42.375  7927  7927 I AndroidRuntime: VM exiting with result code 0.
07-29 16:50:42.375   587   644 I ActivityManager: Force stopping com.jvillalba.apod.classic appid=10060 user=0: pkg removed
07-29 16:50:42.381   953  1188 I LatinIME:LogUtils: Dictionary info: dictionary = main:en ; version = 54 ; date = 1414726273
07-29 16:50:42.381   857  7939 D VoicemailCleanupService: Cleaning up data for package: com.jvillalba.apod.classic
07-29 16:50:42.383   587   670 I InputReader: Reconfiguring input devices.  changes=0x00000010
07-29 16:50:42.389   587   587 D JobSchedulerService: Receieved: android.intent.action.PACKAGE_REMOVED
07-29 16:50:42.397   587  1037 I ActivityManager: Start proc 7944:com.android.keychain/1000 for broadcast com.android.keychain/.KeyChainBroadcastReceiver
07-29 16:50:42.403   988   988 D CarrierServiceBindHelper: Receive action: android.intent.action.PACKAGE_REMOVED
07-29 16:50:42.433  7944  7944 E libprocessgroup: failed to make and chown /acct/uid_1000: Read-only file system
07-29 16:50:42.433  7944  7944 W Zygote  : createProcessGroup failed, kernel missing CONFIG_CGROUP_CPUACCT?
07-29 16:50:42.446  7944  7944 W System  : ClassLoader referenced unknown path: /system/app/KeyChain/lib/x86
07-29 16:50:42.447  7944  7944 W ContextImpl: Calling a method in the system process without a qualified user: android.app.ContextImpl.startService:1221 android.content.ContextWrapper.startService:581 android.content.ContextWrapper.startService:581 com.android.keychain.KeyChainBroadcastReceiver.onReceive:12 android.app.ActivityThread.handleReceiver:2725 
07-29 16:50:42.460   587   587 I ActivityManager: Start proc 7962:com.android.documentsui/u0a33 for broadcast com.android.documentsui/.PackageReceiver
07-29 16:50:42.483  7962  7962 E libprocessgroup: failed to make and chown /acct/uid_10033: Read-only file system
07-29 16:50:42.483  7962  7962 W Zygote  : createProcessGroup failed, kernel missing CONFIG_CGROUP_CPUACCT?
07-29 16:50:42.499  7962  7962 W System  : ClassLoader referenced unknown path: /system/app/DocumentsUI/lib/x86
07-29 16:50:42.530   587  7902 I ActivityManager: Start proc 7976:com.android.externalstorage/u0a7 for content provider com.android.externalstorage/.ExternalStorageProvider
07-29 16:50:42.541   587  1047 I ActivityManager: Killing 1660:com.android.camera2/u0a25 (adj 15): empty #17
07-29 16:50:42.541   587  1047 W libprocessgroup: failed to open /acct/uid_10025/pid_1660/cgroup.procs: No such file or directory
07-29 16:50:42.555  7976  7976 E libprocessgroup: failed to make and chown /acct/uid_10007: Read-only file system
07-29 16:50:42.555  7976  7976 W Zygote  : createProcessGroup failed, kernel missing CONFIG_CGROUP_CPUACCT?
07-29 16:50:42.565   587  1025 I ActivityManager: Killing 1172:com.android.email/u0a34 (adj 15): empty #17
07-29 16:50:42.565   587  1025 W libprocessgroup: failed to open /acct/uid_10034/pid_1172/cgroup.procs: No such file or directory
07-29 16:50:42.570  7976  7976 W System  : ClassLoader referenced unknown path: /system/priv-app/ExternalStorageProvider/lib/x86
07-29 16:50:42.572  7976  7976 D ExternalStorage: After updating volumes, found 1 active roots
07-29 16:50:42.579  7962  7975 D Documents: Update found 6 roots in 63ms
07-29 16:50:42.582  7962  7989 D Documents: Update found 6 roots in 9ms
07-29 16:50:42.582  7959  7959 D AndroidRuntime: >>>>>> START com.android.internal.os.RuntimeInit uid 0 <<<<<<
07-29 16:50:42.583  7959  7959 D AndroidRuntime: CheckJNI is OFF
07-29 16:50:42.592  7959  7959 D ICU     : No timezone override file found: /data/misc/zoneinfo/current/icu/icu_tzdata.dat
07-29 16:50:42.603  7959  7959 E memtrack: Couldn't load memtrack module (No such file or directory)
07-29 16:50:42.603  7959  7959 E android.os.Debug: failed to load memtrack module: -2
07-29 16:50:42.603  7959  7959 I Radio-JNI: register_android_hardware_Radio DONE
07-29 16:50:42.609  7959  7959 D AndroidRuntime: Calling main entry com.android.commands.pm.Pm
07-29 16:50:42.615  1818  1830 D DefContainer: Copying /data/local/tmp/NASApod-release-unsigned_REACH.apk to base.apk
07-29 16:50:42.682   587   644 I PackageManager.DexOptimizer: Running dexopt (dex2oat) on: /data/app/vmdl605007697.tmp/base.apk pkg=com.jvillalba.apod.classic isa=x86 vmSafeMode=false debuggable=false oatDir = /data/app/vmdl605007697.tmp/oat
07-29 16:50:42.688  7998  7998 W dex2oat : Unexpected CPU variant for X86 using defaults: x86
07-29 16:50:42.688  7998  7998 I dex2oat : Starting dex2oat.
07-29 16:50:42.688  7998  7998 E cutils-trace: Error opening trace file: Permission denied (13)
07-29 16:50:42.778  7998  8000 W dex2oat : Before Android 4.1, method int android.support.v7.widget.ListViewCompat.lookForSelectablePosition(int, boolean) would have incorrectly overridden the package-private method in android.widget.ListView
07-29 16:50:42.788  7998  8000 W dex2oat : Before Android 4.1, method android.graphics.PorterDuffColorFilter android.support.graphics.drawable.VectorDrawableCompat.updateTintFilter(android.graphics.PorterDuffColorFilter, android.content.res.ColorStateList, android.graphics.PorterDuff$Mode) would have incorrectly overridden the package-private method in android.graphics.drawable.Drawable
07-29 16:50:43.248  7998  8002 W dex2oat : Compilation of void com.google.gson.internal.$Gson$Types$ParameterizedTypeImpl.<init>(java.lang.reflect.Type, java.lang.reflect.Type, java.lang.reflect.Type[]) took 104.718ms
07-29 16:50:43.723  7998  7998 I dex2oat : dex2oat took 1.035s (threads: 4) arena alloc=37MB java alloc=3MB native alloc=52MB free=30MB
07-29 16:50:43.781   587   644 V BackupManagerService: restoreAtInstall pkg=com.jvillalba.apod.classic token=2 restoreSet=0
07-29 16:50:43.781   587   644 V BackupManagerService: Finishing install immediately
07-29 16:50:43.781   587   644 W Settings: Setting install_non_market_apps has moved from android.provider.Settings.Global to android.provider.Settings.Secure, returning read-only value.
07-29 16:50:43.781   587   644 I art     : Starting a blocking GC Explicit
07-29 16:50:43.783   587  1733 D NetlinkSocketObserver: NeighborEvent{elapsedMs=446636, 10.0.3.2, [525400123502], RTM_NEWNEIGH, NUD_REACHABLE}
07-29 16:50:43.788   587   644 I art     : Explicit concurrent mark sweep GC freed 7693(505KB) AllocSpace objects, 4(80KB) LOS objects, 33% free, 6MB/9MB, paused 239us total 7.111ms
07-29 16:50:43.791  7962  8004 D Documents: Update found 6 roots in 1ms
07-29 16:50:43.792  7959  7959 I art     : System.exit called, status: 0
07-29 16:50:43.792  7959  7959 I AndroidRuntime: VM exiting with result code 0.
07-29 16:50:43.799   988   988 D CarrierServiceBindHelper: Receive action: android.intent.action.PACKAGE_ADDED
07-29 16:50:43.800   988   988 D CarrierServiceBindHelper: mHandler: 3
07-29 16:50:43.800   988   988 D CarrierConfigLoader: mHandler: 9 phoneId: 0
07-29 16:50:43.804   587   670 I InputReader: Reconfiguring input devices.  changes=0x00000010
07-29 16:50:43.813   587   600 W VoiceInteractionManagerService: no available voice recognition services found for user 0
07-29 16:50:43.971  8013  8013 D AndroidRuntime: >>>>>> START com.android.internal.os.RuntimeInit uid 0 <<<<<<
07-29 16:50:43.972  8013  8013 D AndroidRuntime: CheckJNI is OFF
07-29 16:50:43.981  8013  8013 D ICU     : No timezone override file found: /data/misc/zoneinfo/current/icu/icu_tzdata.dat
07-29 16:50:43.992  8013  8013 E memtrack: Couldn't load memtrack module (No such file or directory)
07-29 16:50:43.992  8013  8013 E android.os.Debug: failed to load memtrack module: -2
07-29 16:50:43.993  8013  8013 I Radio-JNI: register_android_hardware_Radio DONE
07-29 16:50:43.999  8013  8013 D AndroidRuntime: Calling main entry com.android.commands.monkey.Monkey
07-29 16:50:44.007   587   601 W BroadcastQueue: Skipping deliver [background] BroadcastRecord{e3286bb u-1 android.net.conn.CONNECTIVITY_CHANGE} to ReceiverList{3287d8 8013 (unknown name)/0/u-1 remote:854a4b5}: process crashing
07-29 16:50:44.010   587  1037 I ActivityManager: START u0 {act=android.intent.action.MAIN cat=[android.intent.category.LAUNCHER] flg=0x10200000 cmp=com.jvillalba.apod.classic/.activities.MainActivity} from uid 0 on display 0
07-29 16:50:44.028   587  1038 I ActivityManager: Start proc 8022:com.jvillalba.apod.classic/u0a61 for activity com.jvillalba.apod.classic/.activities.MainActivity
07-29 16:50:44.030  8013  8013 I art     : System.exit called, status: 0
07-29 16:50:44.030  8013  8013 I AndroidRuntime: VM exiting with result code 0.
07-29 16:50:44.031   587   602 D Sensors : batch handle 1, but there is no batch sensor in genymotion
07-29 16:50:44.051  8022  8022 E libprocessgroup: failed to make and chown /acct/uid_10061: Read-only file system
07-29 16:50:44.051  8022  8022 W Zygote  : createProcessGroup failed, kernel missing CONFIG_CGROUP_CPUACCT?
07-29 16:50:44.176   610   610 E EGL_emulation: tid 610: eglCreateSyncKHR(1215): error 0x3004 (EGL_BAD_ATTRIBUTE)
07-29 16:50:44.214   610   610 D SurfaceFlinger: setOrientation, mFbdev=0xf6b823c0, mFbDev->setOrientation=0x0, orientation=0
07-29 16:50:44.214   610   610 E SurfaceFlinger: setOrientation: can't set orientation
07-29 16:50:44.215   587   598 I ActivityManager: Config changes=480 {1.0 310mcc270mnc en_US ldltr sw600dp w600dp h888dp 320dpi lrg port finger -keyb/v/h dpad/v s.9}
07-29 16:50:44.238  8022  8022 W System  : ClassLoader referenced unknown path: /data/app/com.jvillalba.apod.classic-1/lib/x86
07-29 16:50:44.242  8022  8022 D leak-20 : Eastern Standard Time
07-29 16:50:44.249  8022  8022 W art     : Before Android 4.1, method android.graphics.PorterDuffColorFilter android.support.graphics.drawable.VectorDrawableCompat.updateTintFilter(android.graphics.PorterDuffColorFilter, android.content.res.ColorStateList, android.graphics.PorterDuff$Mode) would have incorrectly overridden the package-private method in android.graphics.drawable.Drawable
07-29 16:50:44.253  1549  1623 E Surface : getSlotFromBufferLocked: unknown buffer: 0xe10c9ab0
07-29 16:50:44.262  8022  8022 D leak-21 : Eastern Standard Time
07-29 16:50:44.282  8022  8022 D leak-28 : Eastern Standard Time
07-29 16:50:44.285  8022  8022 D leak-22 : Eastern Standard Time
07-29 16:50:44.285  8022  8022 D leak-107: Eastern Standard Time
07-29 16:50:44.285  8022  8022 D leak-111: Eastern Standard Time
07-29 16:50:44.285  8022  8022 D leak-30 : Eastern Standard Time
07-29 16:50:44.285  8022  8022 D leak-31 : Eastern Standard Time
07-29 16:50:44.285  8022  8022 D leak-29 : Eastern Standard Time
07-29 16:50:44.285  8022  8022 D leak-120: Eastern Standard Time
07-29 16:50:44.285  8022  8022 D leak-121: Eastern Standard Time
07-29 16:50:44.285  8022  8022 D leak-1  : Eastern Standard Time
07-29 16:50:44.286  8022  8022 D leak-2  : Eastern Standard Time
07-29 16:50:44.286  8022  8022 D leak-4  : Eastern Standard Time
07-29 16:50:44.294  8022  8022 D leak-122: Eastern Standard Time
07-29 16:50:44.299  8022  8038 D OpenGLRenderer: Use EGL_SWAP_BEHAVIOR_PRESERVED: true
07-29 16:50:44.301  8022  8022 D         : HostConnection::get() New Host Connection established 0xe8e7fa50, tid 8022
07-29 16:50:44.389  8022  8038 D libEGL  : loaded /system/lib/egl/libEGL_emulation.so
07-29 16:50:44.389  8022  8038 D libEGL  : loaded /system/lib/egl/libGLESv1_CM_emulation.so
07-29 16:50:44.392  8022  8038 D libEGL  : loaded /system/lib/egl/libGLESv2_emulation.so
07-29 16:50:44.396  8022  8038 D         : HostConnection::get() New Host Connection established 0xe8e7fbf0, tid 8038
07-29 16:50:44.426  8022  8038 I OpenGLRenderer: Initialized EGL, version 1.4
07-29 16:50:44.489   587   670 I InputReader: Reconfiguring input devices.  changes=0x00000004
07-29 16:50:44.489   587   670 I InputReader: Device reconfigured: id=1, name='Genymotion Virtual Input', size 1200x1920, orientation 0, mode 1, display id 0
07-29 16:50:44.605  8022  8038 W EGL_emulation: eglSurfaceAttrib not implemented
07-29 16:50:44.605  8022  8038 W OpenGLRenderer: Failed to set EGL_SWAP_BEHAVIOR on surface 0xe0c7a300, error=EGL_SUCCESS
07-29 16:50:44.629   812  1248 E Surface : getSlotFromBufferLocked: unknown buffer: 0xee933180
07-29 16:50:44.629  8022  8022 D leak-114: Eastern Standard Time
07-29 16:50:44.629  8022  8022 D leak-114: Eastern Standard Time
07-29 16:50:44.631  8022  8022 D leak-26 : Eastern Standard Time
07-29 16:50:44.656   812  1248 W EGL_emulation: eglSurfaceAttrib not implemented
07-29 16:50:44.656   812  1248 W OpenGLRenderer: Failed to set EGL_SWAP_BEHAVIOR on surface 0xe9b7a7a0, error=EGL_SUCCESS
07-29 16:50:44.666   812  1248 E Surface : getSlotFromBufferLocked: unknown buffer: 0xee9331f0
07-29 16:50:44.669   812  1248 W EGL_emulation: eglSurfaceAttrib not implemented
07-29 16:50:44.669   812  1248 W OpenGLRenderer: Failed to set EGL_SWAP_BEHAVIOR on surface 0xe9b7a7c0, error=EGL_SUCCESS
07-29 16:50:44.870   587   606 V WindowManager: Layouts looping: On entry to LockedInner, mPendingLayoutChanges = 0x1
07-29 16:50:44.871   587   606 V WindowManager: Layouts looping: after finishPostLayoutPolicyLw, mPendingLayoutChanges = 0x0
07-29 16:50:44.871   587   606 V WindowManager: Layouts looping: mLayoutNeeded, mPendingLayoutChanges = 0x1
07-29 16:50:44.872   587   606 V WindowManager: Layouts looping: On entry to LockedInner, mPendingLayoutChanges = 0x1
07-29 16:50:44.872   587   606 V WindowManager: Layouts looping: after finishPostLayoutPolicyLw, mPendingLayoutChanges = 0x0
07-29 16:50:44.872   587   606 V WindowManager: Layouts looping: mLayoutNeeded, mPendingLayoutChanges = 0x1
07-29 16:50:44.872   587   606 E WindowManager: Performed 6 layouts in a row. Skipping
07-29 16:50:44.874  8022  8022 D leak-114: Eastern Standard Time
07-29 16:50:44.874  8022  8022 D leak-114: Eastern Standard Time
07-29 16:50:44.884   587   606 I ActivityManager: Displayed com.jvillalba.apod.classic/.activities.MainActivity: +865ms
07-29 16:50:44.902   587   606 I WindowManager: Screen frozen for +837ms due to Window{d6679ee u0 Starting com.jvillalba.apod.classic}
07-29 16:50:45.163   587   598 W art     : Long monitor contention event with owner method=void com.android.server.wm.WindowManagerService$H.handleMessage(android.os.Message) from WindowManagerService.java:7820 waiters=0 for 252ms
07-29 16:50:47.166   587   606 I art     : Starting a blocking GC Explicit
07-29 16:50:47.177   587   606 I art     : Explicit concurrent mark sweep GC freed 9349(728KB) AllocSpace objects, 7(264KB) LOS objects, 33% free, 6MB/9MB, paused 344us total 10.568ms
07-29 16:50:49.169  8046  8046 D AndroidRuntime: >>>>>> START com.android.internal.os.RuntimeInit uid 0 <<<<<<
07-29 16:50:49.170  8046  8046 D AndroidRuntime: CheckJNI is OFF
07-29 16:50:49.178  8046  8046 D ICU     : No timezone override file found: /data/misc/zoneinfo/current/icu/icu_tzdata.dat
07-29 16:50:49.188  8046  8046 E memtrack: Couldn't load memtrack module (No such file or directory)
07-29 16:50:49.188  8046  8046 E android.os.Debug: failed to load memtrack module: -2
07-29 16:50:49.188  8046  8046 I Radio-JNI: register_android_hardware_Radio DONE
07-29 16:50:49.193  8046  8046 D AndroidRuntime: Calling main entry com.android.commands.content.Content
07-29 16:50:49.197  8046  8046 D AndroidRuntime: Shutting down VM
07-29 16:50:49.535  8056  8056 D AndroidRuntime: >>>>>> START com.android.internal.os.RuntimeInit uid 0 <<<<<<
07-29 16:50:49.536  8056  8056 D AndroidRuntime: CheckJNI is OFF
07-29 16:50:49.544  8056  8056 D ICU     : No timezone override file found: /data/misc/zoneinfo/current/icu/icu_tzdata.dat
07-29 16:50:49.554  8056  8056 E memtrack: Couldn't load memtrack module (No such file or directory)
07-29 16:50:49.554  8056  8056 E android.os.Debug: failed to load memtrack module: -2
07-29 16:50:49.554  8056  8056 I Radio-JNI: register_android_hardware_Radio DONE
07-29 16:50:49.560  8056  8056 D AndroidRuntime: Calling main entry com.android.commands.content.Content
07-29 16:50:49.562  8056  8056 D AndroidRuntime: Shutting down VM
07-29 16:50:50.525  8077  8077 D AndroidRuntime: >>>>>> START com.android.internal.os.RuntimeInit uid 0 <<<<<<
07-29 16:50:50.526  8077  8077 D AndroidRuntime: CheckJNI is OFF
07-29 16:50:50.534  8077  8077 D ICU     : No timezone override file found: /data/misc/zoneinfo/current/icu/icu_tzdata.dat
07-29 16:50:50.545  8077  8077 E memtrack: Couldn't load memtrack module (No such file or directory)
07-29 16:50:50.545  8077  8077 E android.os.Debug: failed to load memtrack module: -2
07-29 16:50:50.545  8077  8077 I Radio-JNI: register_android_hardware_Radio DONE
07-29 16:50:50.551  8077  8077 D AndroidRuntime: Calling main entry com.android.commands.uiautomator.Launcher
07-29 16:50:50.560  8022  8022 D leak-114: Eastern Standard Time
07-29 16:50:50.560  8022  8022 D leak-114: Eastern Standard Time
07-29 16:50:51.562  8022  8022 D leak-114: Eastern Standard Time
07-29 16:50:51.566  8077  8077 W AccessibilityNodeInfoDumper: Fetch time: 0ms
07-29 16:50:51.567   587  8036 W WindowManager: Attempted to remove non-existing token: android.os.Binder@10ed238
07-29 16:50:51.577  8077  8077 D AndroidRuntime: Shutting down VM
07-29 16:50:52.024  8096  8096 D AndroidRuntime: >>>>>> START com.android.internal.os.RuntimeInit uid 0 <<<<<<
07-29 16:50:52.027  8096  8096 D AndroidRuntime: CheckJNI is OFF
07-29 16:50:52.036  8096  8096 D ICU     : No timezone override file found: /data/misc/zoneinfo/current/icu/icu_tzdata.dat
07-29 16:50:52.051  8096  8096 E memtrack: Couldn't load memtrack module (No such file or directory)
07-29 16:50:52.051  8096  8096 E android.os.Debug: failed to load memtrack module: -2
07-29 16:50:52.052  8096  8096 I Radio-JNI: register_android_hardware_Radio DONE
07-29 16:50:52.057  8096  8096 D AndroidRuntime: Calling main entry com.android.commands.uiautomator.Launcher
07-29 16:50:52.065  8022  8022 D leak-114: Eastern Standard Time
07-29 16:50:52.066  8022  8022 D leak-114: Eastern Standard Time
07-29 16:50:53.068  8022  8022 D leak-114: Eastern Standard Time
07-29 16:50:53.073  8096  8096 W AccessibilityNodeInfoDumper: Fetch time: 2ms
07-29 16:50:53.073   587   747 W WindowManager: Attempted to remove non-existing token: android.os.Binder@4d5ff76
07-29 16:50:53.080  8096  8096 D AndroidRuntime: Shutting down VM
07-29 16:50:54.067  8120  8120 D AndroidRuntime: >>>>>> START com.android.internal.os.RuntimeInit uid 0 <<<<<<
07-29 16:50:54.068  8120  8120 D AndroidRuntime: CheckJNI is OFF
07-29 16:50:54.078  8120  8120 D ICU     : No timezone override file found: /data/misc/zoneinfo/current/icu/icu_tzdata.dat
07-29 16:50:54.091  8120  8120 E memtrack: Couldn't load memtrack module (No such file or directory)
07-29 16:50:54.091  8120  8120 E android.os.Debug: failed to load memtrack module: -2
07-29 16:50:54.092  8120  8120 I Radio-JNI: register_android_hardware_Radio DONE
07-29 16:50:54.098  8120  8120 D AndroidRuntime: Calling main entry com.android.commands.uiautomator.Launcher
07-29 16:50:54.108  8022  8022 D leak-114: Eastern Standard Time
07-29 16:50:54.109  8022  8022 D leak-114: Eastern Standard Time
07-29 16:50:54.441  8022  8022 D leak-124: Eastern Standard Time
07-29 16:50:54.470  8022  8038 W EGL_emulation: eglSurfaceAttrib not implemented
07-29 16:50:54.470  8022  8038 W OpenGLRenderer: Failed to set EGL_SWAP_BEHAVIOR on surface 0xe0c7a980, error=EGL_SUCCESS
07-29 16:50:54.505  8022  8038 V RenderScript: 0xdff3d000 Launching thread(s), CPUs 4
07-29 16:50:55.446  8022  8022 D leak-114: Eastern Standard Time
07-29 16:50:55.450  8120  8120 W AccessibilityNodeInfoDumper: Fetch time: 1ms
07-29 16:50:55.450   587   598 W WindowManager: Attempted to remove non-existing token: android.os.Binder@ffad9e4
07-29 16:50:55.458  8120  8120 D AndroidRuntime: Shutting down VM
07-29 16:50:56.452  8022  8038 E Surface : getSlotFromBufferLocked: unknown buffer: 0xf3d984a0
07-29 16:50:56.491  8152  8152 D AndroidRuntime: >>>>>> START com.android.internal.os.RuntimeInit uid 0 <<<<<<
07-29 16:50:56.492  8152  8152 D AndroidRuntime: CheckJNI is OFF
07-29 16:50:56.503  8152  8152 D ICU     : No timezone override file found: /data/misc/zoneinfo/current/icu/icu_tzdata.dat
07-29 16:50:56.516  8152  8152 E memtrack: Couldn't load memtrack module (No such file or directory)
07-29 16:50:56.516  8152  8152 E android.os.Debug: failed to load memtrack module: -2
07-29 16:50:56.517  8152  8152 I Radio-JNI: register_android_hardware_Radio DONE
07-29 16:50:56.523  8152  8152 D AndroidRuntime: Calling main entry com.android.commands.uiautomator.Launcher
07-29 16:50:56.533  8022  8022 D leak-114: Eastern Standard Time
07-29 16:50:56.534  8022  8022 D leak-114: Eastern Standard Time
07-29 16:50:57.535  8022  8022 D leak-114: Eastern Standard Time
07-29 16:50:57.539  8152  8152 W AccessibilityNodeInfoDumper: Fetch time: 2ms
07-29 16:50:57.540   587   599 W WindowManager: Attempted to remove non-existing token: android.os.Binder@615817c
07-29 16:50:57.552  8152  8152 D AndroidRuntime: Shutting down VM
07-29 16:50:58.556  8178  8178 D AndroidRuntime: >>>>>> START com.android.internal.os.RuntimeInit uid 0 <<<<<<
07-29 16:50:58.557  8178  8178 D AndroidRuntime: CheckJNI is OFF
07-29 16:50:58.564  8178  8178 D ICU     : No timezone override file found: /data/misc/zoneinfo/current/icu/icu_tzdata.dat
07-29 16:50:58.584  8178  8178 E memtrack: Couldn't load memtrack module (No such file or directory)
07-29 16:50:58.584  8178  8178 E android.os.Debug: failed to load memtrack module: -2
07-29 16:50:58.585  8178  8178 I Radio-JNI: register_android_hardware_Radio DONE
07-29 16:50:58.591  8178  8178 D AndroidRuntime: Calling main entry com.android.commands.uiautomator.Launcher
07-29 16:50:58.600  8022  8022 D leak-114: Eastern Standard Time
07-29 16:50:58.600  8022  8022 D leak-114: Eastern Standard Time
07-29 16:50:59.607  8022  8022 D leak-114: Eastern Standard Time
07-29 16:50:59.611  8178  8178 W AccessibilityNodeInfoDumper: Fetch time: 1ms
07-29 16:50:59.611   587  1037 W WindowManager: Attempted to remove non-existing token: android.os.Binder@6841a05
07-29 16:50:59.621  8178  8178 D AndroidRuntime: Shutting down VM
07-29 16:51:00.057  8196  8196 D AndroidRuntime: >>>>>> START com.android.internal.os.RuntimeInit uid 0 <<<<<<
07-29 16:51:00.058  8196  8196 D AndroidRuntime: CheckJNI is OFF
07-29 16:51:00.070  8196  8196 D ICU     : No timezone override file found: /data/misc/zoneinfo/current/icu/icu_tzdata.dat
07-29 16:51:00.086  8196  8196 E memtrack: Couldn't load memtrack module (No such file or directory)
07-29 16:51:00.086  8196  8196 E android.os.Debug: failed to load memtrack module: -2
07-29 16:51:00.087  8196  8196 I Radio-JNI: register_android_hardware_Radio DONE
07-29 16:51:00.097  8196  8196 D AndroidRuntime: Calling main entry com.android.commands.uiautomator.Launcher
07-29 16:51:00.104  8022  8022 D leak-114: Eastern Standard Time
07-29 16:51:00.105  8022  8022 D leak-114: Eastern Standard Time
07-29 16:51:01.107  8022  8022 D leak-114: Eastern Standard Time
07-29 16:51:01.112  8196  8196 W AccessibilityNodeInfoDumper: Fetch time: 1ms
07-29 16:51:01.112   587   599 W WindowManager: Attempted to remove non-existing token: android.os.Binder@b0aca5a
07-29 16:51:01.121  8196  8196 D AndroidRuntime: Shutting down VM
07-29 16:51:02.103  8219  8219 D AndroidRuntime: >>>>>> START com.android.internal.os.RuntimeInit uid 0 <<<<<<
07-29 16:51:02.105  8219  8219 D AndroidRuntime: CheckJNI is OFF
07-29 16:51:02.113  8219  8219 D ICU     : No timezone override file found: /data/misc/zoneinfo/current/icu/icu_tzdata.dat
07-29 16:51:02.127  8219  8219 E memtrack: Couldn't load memtrack module (No such file or directory)
07-29 16:51:02.127  8219  8219 E android.os.Debug: failed to load memtrack module: -2
07-29 16:51:02.127  8219  8219 I Radio-JNI: register_android_hardware_Radio DONE
07-29 16:51:02.133  8219  8219 D AndroidRuntime: Calling main entry com.android.commands.uiautomator.Launcher
07-29 16:51:02.141  8022  8022 D leak-114: Eastern Standard Time
07-29 16:51:02.141  8022  8022 D leak-114: Eastern Standard Time
07-29 16:51:03.144  8022  8022 D leak-114: Eastern Standard Time
07-29 16:51:03.149  8219  8219 W AccessibilityNodeInfoDumper: Fetch time: 2ms
07-29 16:51:03.149   587   747 W WindowManager: Attempted to remove non-existing token: android.os.Binder@8dbc48b
07-29 16:51:03.158  8219  8219 D AndroidRuntime: Shutting down VM
07-29 16:51:03.604  8237  8237 D AndroidRuntime: >>>>>> START com.android.internal.os.RuntimeInit uid 0 <<<<<<
07-29 16:51:03.605  8237  8237 D AndroidRuntime: CheckJNI is OFF
07-29 16:51:03.614  8237  8237 D ICU     : No timezone override file found: /data/misc/zoneinfo/current/icu/icu_tzdata.dat
07-29 16:51:03.627  8237  8237 E memtrack: Couldn't load memtrack module (No such file or directory)
07-29 16:51:03.627  8237  8237 E android.os.Debug: failed to load memtrack module: -2
07-29 16:51:03.628  8237  8237 I Radio-JNI: register_android_hardware_Radio DONE
07-29 16:51:03.633  8237  8237 D AndroidRuntime: Calling main entry com.android.commands.uiautomator.Launcher
07-29 16:51:03.643  8022  8022 D leak-114: Eastern Standard Time
07-29 16:51:03.643  8022  8022 D leak-114: Eastern Standard Time
07-29 16:51:04.651  8022  8022 D leak-114: Eastern Standard Time
07-29 16:51:04.656  8237  8237 W AccessibilityNodeInfoDumper: Fetch time: 1ms
07-29 16:51:04.656   587  8036 W WindowManager: Attempted to remove non-existing token: android.os.Binder@315181
07-29 16:51:04.663  8237  8237 D AndroidRuntime: Shutting down VM
07-29 16:51:05.645  8260  8260 D AndroidRuntime: >>>>>> START com.android.internal.os.RuntimeInit uid 0 <<<<<<
07-29 16:51:05.647  8260  8260 D AndroidRuntime: CheckJNI is OFF
07-29 16:51:05.655  8260  8260 D ICU     : No timezone override file found: /data/misc/zoneinfo/current/icu/icu_tzdata.dat
07-29 16:51:05.666  8260  8260 E memtrack: Couldn't load memtrack module (No such file or directory)
07-29 16:51:05.666  8260  8260 E android.os.Debug: failed to load memtrack module: -2
07-29 16:51:05.667  8260  8260 I Radio-JNI: register_android_hardware_Radio DONE
07-29 16:51:05.673  8260  8260 D AndroidRuntime: Calling main entry com.android.commands.uiautomator.Launcher
07-29 16:51:05.681  8022  8022 D leak-114: Eastern Standard Time
07-29 16:51:05.681  8022  8022 D leak-114: Eastern Standard Time
07-29 16:51:06.682  8022  8022 D leak-114: Eastern Standard Time
07-29 16:51:06.686  8260  8260 W AccessibilityNodeInfoDumper: Fetch time: 2ms
07-29 16:51:06.687   587  8036 W WindowManager: Attempted to remove non-existing token: android.os.Binder@69b3226
07-29 16:51:06.694  8260  8260 D AndroidRuntime: Shutting down VM
07-29 16:51:07.106  8278  8278 D AndroidRuntime: >>>>>> START com.android.internal.os.RuntimeInit uid 0 <<<<<<
07-29 16:51:07.107  8278  8278 D AndroidRuntime: CheckJNI is OFF
07-29 16:51:07.115  8278  8278 D ICU     : No timezone override file found: /data/misc/zoneinfo/current/icu/icu_tzdata.dat
07-29 16:51:07.126  8278  8278 E memtrack: Couldn't load memtrack module (No such file or directory)
07-29 16:51:07.126  8278  8278 E android.os.Debug: failed to load memtrack module: -2
07-29 16:51:07.126  8278  8278 I Radio-JNI: register_android_hardware_Radio DONE
07-29 16:51:07.132  8278  8278 D AndroidRuntime: Calling main entry com.android.commands.uiautomator.Launcher
07-29 16:51:07.139  8022  8022 D leak-114: Eastern Standard Time
07-29 16:51:07.140  8022  8022 D leak-114: Eastern Standard Time
07-29 16:51:08.141  8022  8022 D leak-114: Eastern Standard Time
07-29 16:51:08.146  8278  8278 W AccessibilityNodeInfoDumper: Fetch time: 2ms
07-29 16:51:08.146   587  1025 W WindowManager: Attempted to remove non-existing token: android.os.Binder@8c01e67
07-29 16:51:08.153  8278  8278 D AndroidRuntime: Shutting down VM
07-29 16:51:09.134  8301  8301 D AndroidRuntime: >>>>>> START com.android.internal.os.RuntimeInit uid 0 <<<<<<
07-29 16:51:09.136  8301  8301 D AndroidRuntime: CheckJNI is OFF
07-29 16:51:09.143  8301  8301 D ICU     : No timezone override file found: /data/misc/zoneinfo/current/icu/icu_tzdata.dat
07-29 16:51:09.155  8301  8301 E memtrack: Couldn't load memtrack module (No such file or directory)
07-29 16:51:09.155  8301  8301 E android.os.Debug: failed to load memtrack module: -2
07-29 16:51:09.156  8301  8301 I Radio-JNI: register_android_hardware_Radio DONE
07-29 16:51:09.161  8301  8301 D AndroidRuntime: Calling main entry com.android.commands.uiautomator.Launcher
07-29 16:51:09.168  8022  8022 D leak-114: Eastern Standard Time
07-29 16:51:09.168  8022  8022 D leak-114: Eastern Standard Time
07-29 16:51:10.170  8022  8022 D leak-114: Eastern Standard Time
07-29 16:51:10.174  8301  8301 W AccessibilityNodeInfoDumper: Fetch time: 1ms
07-29 16:51:10.174   587   599 W WindowManager: Attempted to remove non-existing token: android.os.Binder@dba8414
07-29 16:51:10.182  8301  8301 D AndroidRuntime: Shutting down VM
07-29 16:51:10.596  8320  8320 D AndroidRuntime: >>>>>> START com.android.internal.os.RuntimeInit uid 0 <<<<<<
07-29 16:51:10.597  8320  8320 D AndroidRuntime: CheckJNI is OFF
07-29 16:51:10.605  8320  8320 D ICU     : No timezone override file found: /data/misc/zoneinfo/current/icu/icu_tzdata.dat
07-29 16:51:10.616  8320  8320 E memtrack: Couldn't load memtrack module (No such file or directory)
07-29 16:51:10.616  8320  8320 E android.os.Debug: failed to load memtrack module: -2
07-29 16:51:10.616  8320  8320 I Radio-JNI: register_android_hardware_Radio DONE
07-29 16:51:10.622  8320  8320 D AndroidRuntime: Calling main entry com.android.commands.uiautomator.Launcher
07-29 16:51:10.630  8022  8022 D leak-114: Eastern Standard Time
07-29 16:51:10.631  8022  8022 D leak-114: Eastern Standard Time
07-29 16:51:11.641  8022  8022 D leak-114: Eastern Standard Time
07-29 16:51:11.647  8320  8320 W AccessibilityNodeInfoDumper: Fetch time: 2ms
07-29 16:51:11.648   587  1047 W WindowManager: Attempted to remove non-existing token: android.os.Binder@82084bd
07-29 16:51:11.654  8320  8320 D AndroidRuntime: Shutting down VM
07-29 16:51:12.376   587  1733 D NetlinkSocketObserver: NeighborEvent{elapsedMs=475228, 10.0.3.2, [525400123502], RTM_NEWNEIGH, NUD_STALE}
07-29 16:51:12.645  8345  8345 D AndroidRuntime: >>>>>> START com.android.internal.os.RuntimeInit uid 0 <<<<<<
07-29 16:51:12.647  8345  8345 D AndroidRuntime: CheckJNI is OFF
07-29 16:51:12.655  8345  8345 D ICU     : No timezone override file found: /data/misc/zoneinfo/current/icu/icu_tzdata.dat
07-29 16:51:12.666  8345  8345 E memtrack: Couldn't load memtrack module (No such file or directory)
07-29 16:51:12.666  8345  8345 E android.os.Debug: failed to load memtrack module: -2
07-29 16:51:12.667  8345  8345 I Radio-JNI: register_android_hardware_Radio DONE
07-29 16:51:12.673  8345  8345 D AndroidRuntime: Calling main entry com.android.commands.uiautomator.Launcher
07-29 16:51:12.681  8022  8022 D leak-114: Eastern Standard Time
07-29 16:51:12.681  8022  8022 D leak-114: Eastern Standard Time
07-29 16:51:13.683  8022  8022 D leak-114: Eastern Standard Time
07-29 16:51:13.687  8345  8345 W AccessibilityNodeInfoDumper: Fetch time: 2ms
07-29 16:51:13.688   587  1025 W WindowManager: Attempted to remove non-existing token: android.os.Binder@5784ab2
07-29 16:51:13.694  8345  8345 D AndroidRuntime: Shutting down VM
07-29 16:51:14.101  8363  8363 D AndroidRuntime: >>>>>> START com.android.internal.os.RuntimeInit uid 0 <<<<<<
07-29 16:51:14.102  8363  8363 D AndroidRuntime: CheckJNI is OFF
07-29 16:51:14.110  8363  8363 D ICU     : No timezone override file found: /data/misc/zoneinfo/current/icu/icu_tzdata.dat
07-29 16:51:14.122  8363  8363 E memtrack: Couldn't load memtrack module (No such file or directory)
07-29 16:51:14.122  8363  8363 E android.os.Debug: failed to load memtrack module: -2
07-29 16:51:14.122  8363  8363 I Radio-JNI: register_android_hardware_Radio DONE
07-29 16:51:14.127  8363  8363 D AndroidRuntime: Calling main entry com.android.commands.uiautomator.Launcher
07-29 16:51:14.134  8022  8022 D leak-114: Eastern Standard Time
07-29 16:51:14.134  8022  8022 D leak-114: Eastern Standard Time
07-29 16:51:15.139  8022  8022 D leak-114: Eastern Standard Time
07-29 16:51:15.146  8363  8363 W AccessibilityNodeInfoDumper: Fetch time: 2ms
07-29 16:51:15.146   587  8036 W WindowManager: Attempted to remove non-existing token: android.os.Binder@2a63a03
07-29 16:51:15.161  8363  8363 D AndroidRuntime: Shutting down VM
07-29 16:51:15.562  8376  8376 D AndroidRuntime: >>>>>> START com.android.internal.os.RuntimeInit uid 0 <<<<<<
07-29 16:51:15.564  8376  8376 D AndroidRuntime: CheckJNI is OFF
07-29 16:51:15.574  8376  8376 D ICU     : No timezone override file found: /data/misc/zoneinfo/current/icu/icu_tzdata.dat
07-29 16:51:15.585  8376  8376 E memtrack: Couldn't load memtrack module (No such file or directory)
07-29 16:51:15.585  8376  8376 E android.os.Debug: failed to load memtrack module: -2
07-29 16:51:15.586  8376  8376 I Radio-JNI: register_android_hardware_Radio DONE
07-29 16:51:15.593  8376  8376 D AndroidRuntime: Calling main entry com.android.commands.input.Input
07-29 16:51:15.594  8376  8376 I Input   : injectMotionEvent: MotionEvent { action=ACTION_DOWN, actionButton=0, id[0]=0, x[0]=1136.0, y[0]=112.0, toolType[0]=TOOL_TYPE_UNKNOWN, buttonState=0, metaState=0, flags=0x0, edgeFlags=0x0, pointerCount=1, historySize=0, eventTime=478445, downTime=478445, deviceId=0, source=0x1002 }
07-29 16:51:15.596  8376  8376 I Input   : injectMotionEvent: MotionEvent { action=ACTION_UP, actionButton=0, id[0]=0, x[0]=1136.0, y[0]=112.0, toolType[0]=TOOL_TYPE_UNKNOWN, buttonState=0, metaState=0, flags=0x0, edgeFlags=0x0, pointerCount=1, historySize=0, eventTime=478445, downTime=478445, deviceId=0, source=0x1002 }
07-29 16:51:15.597  8376  8376 D AndroidRuntime: Shutting down VM
07-29 16:51:15.602  8022  8022 D leak-27 : Eastern Standard Time
07-29 16:51:15.603  8022  8022 D leak-20 : Eastern Standard Time
07-29 16:51:15.604  8022  8022 D leak-21 : Eastern Standard Time
07-29 16:51:15.606  8022  8022 D leak-28 : Eastern Standard Time
07-29 16:51:15.606  8022  8022 D leak-22 : Eastern Standard Time
07-29 16:51:15.606  8022  8022 D leak-107: Eastern Standard Time
07-29 16:51:15.606  8022  8022 D leak-111: Eastern Standard Time
07-29 16:51:15.606  8022  8022 D leak-30 : Eastern Standard Time
07-29 16:51:15.606  8022  8022 D leak-31 : Eastern Standard Time
07-29 16:51:15.607  8022  8022 D leak-29 : Eastern Standard Time
07-29 16:51:15.607  8022  8022 D leak-120: Eastern Standard Time
07-29 16:51:15.607  8022  8022 D leak-121: Eastern Standard Time
07-29 16:51:15.607  8022  8022 D leak-1  : Eastern Standard Time
07-29 16:51:15.607  8022  8022 D leak-122: Eastern Standard Time
07-29 16:51:15.616  8022  8038 E Surface : getSlotFromBufferLocked: unknown buffer: 0xf3d97f60
07-29 16:51:15.818  8022  8038 W EGL_emulation: eglSurfaceAttrib not implemented
07-29 16:51:15.818  8022  8038 W OpenGLRenderer: Failed to set EGL_SWAP_BEHAVIOR on surface 0xe0c7a300, error=EGL_SUCCESS
07-29 16:51:15.859  8022  8022 D leak-114: Eastern Standard Time
07-29 16:51:15.859  8022  8022 D leak-114: Eastern Standard Time
07-29 16:51:15.860  8022  8022 D leak-26 : Eastern Standard Time
07-29 16:51:15.865  8022  8022 D leak-114: Eastern Standard Time
07-29 16:51:15.865  8022  8022 D leak-114: Eastern Standard Time
07-29 16:51:19.964  8709  8709 D AndroidRuntime: >>>>>> START com.android.internal.os.RuntimeInit uid 0 <<<<<<
07-29 16:51:19.966  8709  8709 D AndroidRuntime: CheckJNI is OFF
07-29 16:51:19.978  8709  8709 D ICU     : No timezone override file found: /data/misc/zoneinfo/current/icu/icu_tzdata.dat
07-29 16:51:19.990  8709  8709 E memtrack: Couldn't load memtrack module (No such file or directory)
07-29 16:51:19.990  8709  8709 E android.os.Debug: failed to load memtrack module: -2
07-29 16:51:19.991  8709  8709 I Radio-JNI: register_android_hardware_Radio DONE
07-29 16:51:19.998  8709  8709 D AndroidRuntime: Calling main entry com.android.commands.uiautomator.Launcher
07-29 16:51:20.006  8022  8022 D leak-114: Eastern Standard Time
07-29 16:51:20.006  8022  8022 D leak-114: Eastern Standard Time
07-29 16:51:20.617   587  1733 D NetlinkSocketObserver: NeighborEvent{elapsedMs=483469, 10.0.3.2, [525400123502], RTM_NEWNEIGH, NUD_REACHABLE}
07-29 16:51:21.009  8022  8022 D leak-114: Eastern Standard Time
07-29 16:51:21.014  8709  8709 W AccessibilityNodeInfoDumper: Fetch time: 2ms
07-29 16:51:21.014   587  8036 W WindowManager: Attempted to remove non-existing token: android.os.Binder@48735f
07-29 16:51:21.022  8709  8709 D AndroidRuntime: Shutting down VM
07-29 16:51:21.277  8022  8022 D leak-123: Eastern Standard Time
07-29 16:51:21.277  8022  8022 D leak-108: Eastern Standard Time
07-29 16:51:21.277  8022  8022 D leak-109: Eastern Standard Time
07-29 16:51:21.277  8022  8022 D leak-89 : Eastern Standard Time
07-29 16:51:21.277  8022  8022 D leak-110: Eastern Standard Time
07-29 16:51:21.277  8022  8022 D leak-109: Eastern Standard Time
07-29 16:51:21.277  8022  8022 D leak-89 : Eastern Standard Time
07-29 16:51:21.277  8022  8022 D leak-110: Eastern Standard Time
07-29 16:51:21.277  8022  8022 D leak-109: Eastern Standard Time
07-29 16:51:21.277  8022  8022 D leak-89 : Eastern Standard Time
07-29 16:51:21.277  8022  8022 D leak-110: Eastern Standard Time
07-29 16:51:21.277  8022  8022 D leak-109: Eastern Standard Time
07-29 16:51:21.277  8022  8022 D leak-89 : Eastern Standard Time
07-29 16:51:21.277  8022  8022 D leak-110: Eastern Standard Time
07-29 16:51:21.277  8022  8022 D leak-109: Eastern Standard Time
07-29 16:51:21.277  8022  8022 D leak-89 : Eastern Standard Time
07-29 16:51:21.277  8022  8022 D leak-110: Eastern Standard Time
07-29 16:51:21.277  8022  8022 D leak-109: Eastern Standard Time
07-29 16:51:21.277  8022  8022 D leak-89 : Eastern Standard Time
07-29 16:51:21.277  8022  8022 D leak-110: Eastern Standard Time
07-29 16:51:21.277  8022  8022 D leak-109: Eastern Standard Time
07-29 16:51:21.277  8022  8022 D leak-89 : Eastern Standard Time
07-29 16:51:21.277  8022  8022 D leak-110: Eastern Standard Time
07-29 16:51:21.277  8022  8022 D leak-109: Eastern Standard Time
07-29 16:51:21.277  8022  8022 D leak-89 : Eastern Standard Time
07-29 16:51:21.277  8022  8022 D leak-110: Eastern Standard Time
07-29 16:51:21.277  8022  8022 D leak-109: Eastern Standard Time
07-29 16:51:21.277  8022  8022 D leak-89 : Eastern Standard Time
07-29 16:51:21.277  8022  8022 D leak-110: Eastern Standard Time
07-29 16:51:21.277  8022  8022 D leak-109: Eastern Standard Time
07-29 16:51:21.277  8022  8022 D leak-89 : Eastern Standard Time
07-29 16:51:21.277  8022  8022 D leak-110: Eastern Standard Time
07-29 16:51:21.277  8022  8022 D leak-109: Eastern Standard Time
07-29 16:51:21.277  8022  8022 D leak-89 : Eastern Standard Time
07-29 16:51:21.277  8022  8022 D leak-110: Eastern Standard Time
07-29 16:51:21.277  8022  8022 D leak-109: Eastern Standard Time
07-29 16:51:21.277  8022  8022 D leak-89 : Eastern Standard Time
07-29 16:51:21.277  8022  8022 D leak-110: Eastern Standard Time
07-29 16:51:21.277  8022  8022 D leak-109: Eastern Standard Time
07-29 16:51:21.277  8022  8022 D leak-89 : Eastern Standard Time
07-29 16:51:21.278  8022  8022 D leak-110: Eastern Standard Time
07-29 16:51:21.278  8022  8022 D leak-109: Eastern Standard Time
07-29 16:51:21.278  8022  8022 D leak-89 : Eastern Standard Time
07-29 16:51:21.278  8022  8022 D leak-110: Eastern Standard Time
07-29 16:51:21.278  8022  8022 D leak-109: Eastern Standard Time
07-29 16:51:21.278  8022  8022 D leak-89 : Eastern Standard Time
07-29 16:51:21.278  8022  8022 D leak-110: Eastern Standard Time
07-29 16:51:21.278  8022  8022 D leak-109: Eastern Standard Time
07-29 16:51:21.278  8022  8022 D leak-89 : Eastern Standard Time
07-29 16:51:21.278  8022  8022 D leak-110: Eastern Standard Time
07-29 16:51:21.278  8022  8022 D leak-109: Eastern Standard Time
07-29 16:51:21.278  8022  8022 D leak-89 : Eastern Standard Time
07-29 16:51:21.278  8022  8022 D leak-110: Eastern Standard Time
07-29 16:51:21.278  8022  8022 D leak-109: Eastern Standard Time
07-29 16:51:21.278  8022  8022 D leak-89 : Eastern Standard Time
07-29 16:51:21.278  8022  8022 D leak-110: Eastern Standard Time
07-29 16:51:21.278  8022  8022 D leak-109: Eastern Standard Time
07-29 16:51:21.278  8022  8022 D leak-89 : Eastern Standard Time
07-29 16:51:21.278  8022  8022 D leak-110: Eastern Standard Time
07-29 16:51:21.278  8022  8022 D leak-109: Eastern Standard Time
07-29 16:51:21.278  8022  8022 D leak-89 : Eastern Standard Time
07-29 16:51:21.278  8022  8022 D leak-109: Eastern Standard Time
07-29 16:51:21.278  8022  8022 D leak-89 : Eastern Standard Time
07-29 16:51:21.278  8022  8022 D leak-110: Eastern Standard Time
07-29 16:51:21.278  8022  8022 D leak-109: Eastern Standard Time
07-29 16:51:21.278  8022  8022 D leak-89 : Eastern Standard Time
07-29 16:51:21.278  8022  8022 D leak-110: Eastern Standard Time
07-29 16:51:21.278  8022  8022 D leak-109: Eastern Standard Time
07-29 16:51:21.278  8022  8022 D leak-89 : Eastern Standard Time
07-29 16:51:21.278  8022  8022 D leak-110: Eastern Standard Time
07-29 16:51:21.278  8022  8022 D leak-109: Eastern Standard Time
07-29 16:51:21.278  8022  8022 D leak-89 : Eastern Standard Time
07-29 16:51:21.278  8022  8022 D leak-110: Eastern Standard Time
07-29 16:51:21.278  8022  8022 D leak-109: Eastern Standard Time
07-29 16:51:21.278  8022  8022 D leak-89 : Eastern Standard Time
07-29 16:51:21.278  8022  8022 D leak-110: Eastern Standard Time
07-29 16:51:21.278  8022  8022 D leak-109: Eastern Standard Time
07-29 16:51:21.278  8022  8022 D leak-89 : Eastern Standard Time
07-29 16:51:21.278  8022  8022 D leak-110: Eastern Standard Time
07-29 16:51:21.278  8022  8022 D leak-109: Eastern Standard Time
07-29 16:51:21.278  8022  8022 D leak-89 : Eastern Standard Time
07-29 16:51:21.278  8022  8022 D leak-110: Eastern Standard Time
07-29 16:51:21.278  8022  8022 D leak-109: Eastern Standard Time
07-29 16:51:21.278  8022  8022 D leak-89 : Eastern Standard Time
07-29 16:51:21.278  8022  8022 D leak-110: Eastern Standard Time
07-29 16:51:21.278  8022  8022 D leak-109: Eastern Standard Time
07-29 16:51:21.278  8022  8022 D leak-89 : Eastern Standard Time
07-29 16:51:21.278  8022  8022 D leak-110: Eastern Standard Time
07-29 16:51:21.281  8022  8022 D leak-114: Eastern Standard Time
07-29 16:51:21.281  8022  8022 D leak-114: Eastern Standard Time
07-29 16:51:21.281  8022  8022 D leak-114: Eastern Standard Time
07-29 16:51:21.281  8022  8022 D leak-112: Eastern Standard Time
07-29 16:51:21.282  8022  8022 D leak-115: Eastern Standard Time
07-29 16:51:21.282  8022  8022 D leak-116: Eastern Standard Time
07-29 16:51:21.282  8022  8022 D leak-113: Eastern Standard Time
07-29 16:51:21.282  8022  8022 D leak-117: Eastern Standard Time
07-29 16:51:21.282  8022  8022 D leak-93 : Eastern Standard Time
07-29 16:51:21.285  8022  8022 W Settings: Setting airplane_mode_on has moved from android.provider.Settings.System to android.provider.Settings.Global, returning read-only value.
07-29 16:51:21.287  8022  8022 D leak-95 : Eastern Standard Time
07-29 16:51:21.288  8022  8022 D leak-118: Eastern Standard Time
07-29 16:51:21.289  8022  8022 D leak-114: Eastern Standard Time
07-29 16:51:21.289  8022  8022 D leak-112: Eastern Standard Time
07-29 16:51:21.289  8022  8022 D leak-115: Eastern Standard Time
07-29 16:51:21.290  8022  8022 D leak-116: Eastern Standard Time
07-29 16:51:21.290  8022  8022 D leak-113: Eastern Standard Time
07-29 16:51:21.290  8022  8022 D leak-117: Eastern Standard Time
07-29 16:51:21.290  8022  8022 D leak-93 : Eastern Standard Time
07-29 16:51:21.290  8022  8022 D leak-95 : Eastern Standard Time
07-29 16:51:21.290  8022  8022 D leak-118: Eastern Standard Time
07-29 16:51:21.290  8022  8022 D leak-114: Eastern Standard Time
07-29 16:51:21.290  8022  8022 D leak-112: Eastern Standard Time
07-29 16:51:21.291  8022  8022 D leak-115: Eastern Standard Time
07-29 16:51:21.291  8022  8022 D leak-116: Eastern Standard Time
07-29 16:51:21.291  8022  8022 D leak-113: Eastern Standard Time
07-29 16:51:21.291  8022  8022 D leak-117: Eastern Standard Time
07-29 16:51:21.291  8022  8022 D leak-93 : Eastern Standard Time
07-29 16:51:21.291  8022  8022 D leak-95 : Eastern Standard Time
07-29 16:51:21.291  8022  8022 D leak-118: Eastern Standard Time
07-29 16:51:21.648  8022  8022 D leak-114: Eastern Standard Time
07-29 16:51:21.648  8022  8022 D leak-114: Eastern Standard Time
07-29 16:51:21.648  8022  8022 D leak-114: Eastern Standard Time
07-29 16:51:21.648  8022  8022 D leak-114: Eastern Standard Time
07-29 16:51:21.648  8022  8022 D leak-114: Eastern Standard Time
07-29 16:51:22.017  8742  8742 D AndroidRuntime: >>>>>> START com.android.internal.os.RuntimeInit uid 0 <<<<<<
07-29 16:51:22.018  8742  8742 D AndroidRuntime: CheckJNI is OFF
07-29 16:51:22.025  8742  8742 D ICU     : No timezone override file found: /data/misc/zoneinfo/current/icu/icu_tzdata.dat
07-29 16:51:22.038  8742  8742 E memtrack: Couldn't load memtrack module (No such file or directory)
07-29 16:51:22.038  8742  8742 E android.os.Debug: failed to load memtrack module: -2
07-29 16:51:22.039  8742  8742 I Radio-JNI: register_android_hardware_Radio DONE
07-29 16:51:22.043  8742  8742 D AndroidRuntime: Calling main entry com.android.commands.uiautomator.Launcher
07-29 16:51:22.051  8022  8022 D leak-114: Eastern Standard Time
07-29 16:51:22.052  8022  8022 D leak-114: Eastern Standard Time
07-29 16:51:23.053  8022  8022 D leak-114: Eastern Standard Time
07-29 16:51:23.063  8742  8742 I AccessibilityNodeInfoDumper: Skipping invisible child: android.view.accessibility.AccessibilityNodeInfo@8000ff90; boundsInParent: Rect(0, 0 - 1200, 60); boundsInScreen: Rect(0, 2516 - 1200, 1824); packageName: com.jvillalba.apod.classic; className: android.widget.TextView; text: The Crab Nebula from CFHT; error: null; maxTextLength: -1; contentDescription: null; viewIdResName: com.jvillalba.apod.classic:id/textViewAPOD; checkable: false; checked: false; focusable: false; focused: false; selected: false; clickable: false; longClickable: false; contextClickable: false; enabled: true; password: false; scrollable: false; actions: [AccessibilityAction: ACTION_SELECT - null, AccessibilityAction: ACTION_CLEAR_SELECTION - null, AccessibilityAction: ACTION_ACCESSIBILITY_FOCUS - null, AccessibilityAction: ACTION_NEXT_AT_MOVEMENT_GRANULARITY - null, AccessibilityAction: ACTION_PREVIOUS_AT_MOVEMENT_GRANULARITY - null, AccessibilityAction: ACTION_SET_SELECTION - null, AccessibilityAction: ACTION_UNKNOWN - null]
07-29 16:51:23.064  8742  8742 W AccessibilityNodeInfoDumper: Fetch time: 6ms
07-29 16:51:23.064   587   599 W WindowManager: Attempted to remove non-existing token: android.os.Binder@31fcc98
07-29 16:51:23.066  8742  8742 D AndroidRuntime: Shutting down VM
07-29 16:51:23.498  8760  8760 D AndroidRuntime: >>>>>> START com.android.internal.os.RuntimeInit uid 0 <<<<<<
07-29 16:51:23.499  8760  8760 D AndroidRuntime: CheckJNI is OFF
07-29 16:51:23.507  8760  8760 D ICU     : No timezone override file found: /data/misc/zoneinfo/current/icu/icu_tzdata.dat
07-29 16:51:23.518  8760  8760 E memtrack: Couldn't load memtrack module (No such file or directory)
07-29 16:51:23.518  8760  8760 E android.os.Debug: failed to load memtrack module: -2
