07-31 14:23:50.667  2738  2756 D leak-22 : Eastern Standard Time
07-31 14:23:50.667  2738  2756 D leak-22 : Eastern Standard Time
07-31 14:23:50.667  2738  2756 D leak-23 : Eastern Standard Time
07-31 14:23:50.667  2738  2756 D leak-22 : Eastern Standard Time
07-31 14:23:50.667  2738  2756 D leak-22 : Eastern Standard Time
07-31 14:23:50.667  2738  2756 D leak-22 : Eastern Standard Time
07-31 14:23:50.668  2738  2756 D leak-22 : Eastern Standard Time
07-31 14:23:50.668  2738  2756 D leak-22 : Eastern Standard Time
07-31 14:23:50.668  2738  2756 D leak-22 : Eastern Standard Time
07-31 14:23:50.668  2738  2756 D leak-23 : Eastern Standard Time
07-31 14:23:50.668  2738  2756 D leak-22 : Eastern Standard Time
07-31 14:23:50.668  2738  2756 D leak-22 : Eastern Standard Time
07-31 14:23:50.668  2738  2756 D leak-16 : Eastern Standard Time
07-31 14:23:50.668  1426  1426 V EmulatedCamera_Camera: getCameraInfo
07-31 14:23:50.668  1426  1426 V EmulatedCamera_BaseCamera: getCameraInfo
07-31 14:23:50.672  1426  1763 V EmulatedCamera_Camera: getCameraInfo
07-31 14:23:50.672  1426  1763 V EmulatedCamera_BaseCamera: getCameraInfo
07-31 14:23:50.674  2738  2756 D leak-19 : Eastern Standard Time
07-31 14:23:50.676  2738  2756 D leak-22 : Eastern Standard Time
07-31 14:23:50.676  2738  2756 D leak-23 : Eastern Standard Time
07-31 14:23:50.676  2738  2756 D leak-22 : Eastern Standard Time
07-31 14:23:50.676  2738  2756 D leak-23 : Eastern Standard Time
07-31 14:23:50.676  2738  2756 D leak-22 : Eastern Standard Time
07-31 14:23:50.676  2738  2756 D leak-23 : Eastern Standard Time
07-31 14:23:50.676  2738  2756 D leak-22 : Eastern Standard Time
07-31 14:23:50.676  2738  2756 D leak-23 : Eastern Standard Time
07-31 14:23:50.676  2738  2756 D leak-22 : Eastern Standard Time
07-31 14:23:50.676  2738  2756 D leak-22 : Eastern Standard Time
07-31 14:23:50.676  2738  2756 D leak-22 : Eastern Standard Time
07-31 14:23:50.676  2738  2756 D leak-22 : Eastern Standard Time
07-31 14:23:50.676  2738  2756 D leak-23 : Eastern Standard Time
07-31 14:23:50.676  2738  2756 D leak-22 : Eastern Standard Time
07-31 14:23:50.676  2738  2756 D leak-23 : Eastern Standard Time
07-31 14:23:50.676  2738  2756 D leak-22 : Eastern Standard Time
07-31 14:23:50.676  2738  2756 D leak-23 : Eastern Standard Time
07-31 14:23:50.676  2738  2756 D leak-22 : Eastern Standard Time
07-31 14:23:50.676  2738  2756 D leak-23 : Eastern Standard Time
07-31 14:23:50.676  2738  2756 D leak-22 : Eastern Standard Time
07-31 14:23:50.676  2738  2756 D leak-23 : Eastern Standard Time
07-31 14:23:50.676  2738  2756 D leak-22 : Eastern Standard Time
07-31 14:23:50.676  2738  2756 D leak-23 : Eastern Standard Time
07-31 14:23:50.676  2738  2756 D leak-22 : Eastern Standard Time
07-31 14:23:50.676  2738  2756 D leak-22 : Eastern Standard Time
07-31 14:23:50.676  2738  2756 D leak-22 : Eastern Standard Time
07-31 14:23:50.676  2738  2756 D leak-22 : Eastern Standard Time
07-31 14:23:50.676  2738  2756 D leak-22 : Eastern Standard Time
07-31 14:23:50.676  2738  2756 D leak-22 : Eastern Standard Time
07-31 14:23:50.676  2738  2756 D leak-22 : Eastern Standard Time
07-31 14:23:50.676  2738  2756 D leak-23 : Eastern Standard Time
07-31 14:23:50.676  2738  2756 D leak-22 : Eastern Standard Time
07-31 14:23:50.676  2738  2756 D leak-22 : Eastern Standard Time
07-31 14:23:50.677  2738  2756 D leak-23 : Eastern Standard Time
07-31 14:23:50.677  2738  2756 D leak-22 : Eastern Standard Time
07-31 14:23:50.677  2738  2756 D leak-22 : Eastern Standard Time
07-31 14:23:50.677  2738  2756 D leak-23 : Eastern Standard Time
07-31 14:23:50.677  2738  2756 D leak-22 : Eastern Standard Time
07-31 14:23:50.677  2738  2756 D leak-23 : Eastern Standard Time
07-31 14:23:50.677  2738  2756 D leak-22 : Eastern Standard Time
07-31 14:23:50.677  2738  2756 D leak-22 : Eastern Standard Time
07-31 14:23:50.677  2738  2756 D leak-22 : Eastern Standard Time
07-31 14:23:50.677  2738  2756 D leak-22 : Eastern Standard Time
07-31 14:23:50.677  2738  2756 D leak-22 : Eastern Standard Time
07-31 14:23:50.677  2738  2756 D leak-22 : Eastern Standard Time
07-31 14:23:50.678  2738  2756 D leak-22 : Eastern Standard Time
07-31 14:23:50.678  2738  2756 D leak-22 : Eastern Standard Time
07-31 14:23:50.678  2738  2756 D leak-22 : Eastern Standard Time
07-31 14:23:50.678  2738  2756 D leak-23 : Eastern Standard Time
07-31 14:23:50.678  2738  2756 D leak-22 : Eastern Standard Time
07-31 14:23:50.678  2738  2756 D leak-22 : Eastern Standard Time
07-31 14:23:50.678  2738  2756 D leak-22 : Eastern Standard Time
07-31 14:23:50.678  2738  2756 D leak-22 : Eastern Standard Time
07-31 14:23:50.678  2738  2756 D leak-22 : Eastern Standard Time
07-31 14:23:50.678  2738  2756 D leak-22 : Eastern Standard Time
07-31 14:23:50.678  2738  2756 D leak-23 : Eastern Standard Time
07-31 14:23:50.678  2738  2756 D leak-22 : Eastern Standard Time
07-31 14:23:50.679  2738  2756 D leak-22 : Eastern Standard Time
07-31 14:23:50.679  2738  2756 D leak-32 : Eastern Standard Time
07-31 14:23:50.679  2738  2756 D leak-33 : Eastern Standard Time
07-31 14:23:50.679  2738  2756 D leak-34 : Eastern Standard Time
07-31 14:23:50.680  2738  2756 D leak-35 : Eastern Standard Time
07-31 14:23:50.680  2738  2756 D leak-34 : Eastern Standard Time
07-31 14:23:50.680  2738  2756 D leak-35 : Eastern Standard Time
07-31 14:23:50.680  2738  2756 D leak-34 : Eastern Standard Time
07-31 14:23:50.680  2738  2756 D leak-35 : Eastern Standard Time
07-31 14:23:50.680  2738  2756 D leak-34 : Eastern Standard Time
07-31 14:23:50.680  2738  2756 D leak-35 : Eastern Standard Time
07-31 14:23:50.680  2738  2756 D leak-34 : Eastern Standard Time
07-31 14:23:50.680  2738  2756 D leak-35 : Eastern Standard Time
07-31 14:23:50.680  2738  2756 D leak-34 : Eastern Standard Time
07-31 14:23:50.680  2738  2756 D leak-35 : Eastern Standard Time
07-31 14:23:50.680  2738  2756 D leak-34 : Eastern Standard Time
07-31 14:23:50.680  2738  2756 D leak-35 : Eastern Standard Time
07-31 14:23:50.680  2738  2756 D leak-34 : Eastern Standard Time
07-31 14:23:50.680  2738  2756 D leak-35 : Eastern Standard Time
07-31 14:23:50.680  2738  2756 D leak-34 : Eastern Standard Time
07-31 14:23:50.680  2738  2756 D leak-35 : Eastern Standard Time
07-31 14:23:50.680  2738  2756 D leak-34 : Eastern Standard Time
07-31 14:23:50.680  2738  2756 D leak-35 : Eastern Standard Time
07-31 14:23:50.680  2738  2756 D leak-34 : Eastern Standard Time
07-31 14:23:50.680  2738  2756 D leak-35 : Eastern Standard Time
07-31 14:23:50.680  2738  2756 D leak-34 : Eastern Standard Time
07-31 14:23:50.680  2738  2756 D leak-35 : Eastern Standard Time
07-31 14:23:50.680  2738  2756 D leak-34 : Eastern Standard Time
07-31 14:23:50.680  2738  2756 D leak-35 : Eastern Standard Time
07-31 14:23:50.680  2738  2756 D leak-34 : Eastern Standard Time
07-31 14:23:50.680  2738  2756 D leak-35 : Eastern Standard Time
07-31 14:23:50.680  2738  2756 D leak-34 : Eastern Standard Time
07-31 14:23:50.680  2738  2756 D leak-35 : Eastern Standard Time
07-31 14:23:50.680  2738  2756 D leak-34 : Eastern Standard Time
07-31 14:23:50.680  2738  2756 D leak-35 : Eastern Standard Time
07-31 14:23:50.680  2738  2756 D leak-34 : Eastern Standard Time
07-31 14:23:50.680  2738  2756 D leak-35 : Eastern Standard Time
07-31 14:23:50.680  2738  2756 D leak-34 : Eastern Standard Time
07-31 14:23:50.680  2738  2756 D leak-35 : Eastern Standard Time
07-31 14:23:50.680  2738  2756 D leak-34 : Eastern Standard Time
07-31 14:23:50.680  2738  2756 D leak-35 : Eastern Standard Time
07-31 14:23:50.680  2738  2756 D leak-34 : Eastern Standard Time
07-31 14:23:50.680  2738  2756 D leak-35 : Eastern Standard Time
07-31 14:23:50.680  2738  2756 D leak-34 : Eastern Standard Time
07-31 14:23:50.680  2738  2756 D leak-35 : Eastern Standard Time
07-31 14:23:50.680  2738  2756 D leak-34 : Eastern Standard Time
07-31 14:23:50.680  2738  2756 D leak-35 : Eastern Standard Time
07-31 14:23:50.680  2738  2756 D leak-34 : Eastern Standard Time
07-31 14:23:50.680  2738  2756 D leak-35 : Eastern Standard Time
07-31 14:23:50.680  2738  2756 D leak-34 : Eastern Standard Time
07-31 14:23:50.680  2738  2756 D leak-35 : Eastern Standard Time
07-31 14:23:50.680  2738  2756 D leak-34 : Eastern Standard Time
07-31 14:23:50.681  2738  2756 D leak-35 : Eastern Standard Time
07-31 14:23:50.681  2738  2756 D leak-34 : Eastern Standard Time
07-31 14:23:50.681  2738  2756 D leak-35 : Eastern Standard Time
07-31 14:23:50.681  2738  2756 D leak-34 : Eastern Standard Time
07-31 14:23:50.681  2738  2756 D leak-35 : Eastern Standard Time
07-31 14:23:50.681  2738  2756 D leak-34 : Eastern Standard Time
07-31 14:23:50.681  2738  2756 D leak-35 : Eastern Standard Time
07-31 14:23:50.681  2738  2756 D leak-34 : Eastern Standard Time
07-31 14:23:50.681  2738  2756 D leak-35 : Eastern Standard Time
07-31 14:23:50.681  2738  2756 D leak-34 : Eastern Standard Time
07-31 14:23:50.681  2738  2756 D leak-35 : Eastern Standard Time
07-31 14:23:50.681  2738  2756 D leak-34 : Eastern Standard Time
07-31 14:23:50.681  2738  2756 D leak-35 : Eastern Standard Time
07-31 14:23:50.681  2738  2756 D leak-34 : Eastern Standard Time
07-31 14:23:50.681  2738  2756 D leak-35 : Eastern Standard Time
07-31 14:23:50.681  2738  2756 D leak-34 : Eastern Standard Time
07-31 14:23:50.681  2738  2756 D leak-35 : Eastern Standard Time
07-31 14:23:50.681  2738  2756 D leak-34 : Eastern Standard Time
07-31 14:23:50.681  2738  2756 D leak-35 : Eastern Standard Time
07-31 14:23:50.681  2738  2756 D leak-34 : Eastern Standard Time
07-31 14:23:50.681  2738  2756 D leak-35 : Eastern Standard Time
07-31 14:23:50.682  2738  2756 D leak-34 : Eastern Standard Time
07-31 14:23:50.682  2738  2756 D leak-35 : Eastern Standard Time
07-31 14:23:50.682  2738  2756 D leak-34 : Eastern Standard Time
07-31 14:23:50.682  2738  2756 D leak-35 : Eastern Standard Time
07-31 14:23:50.682  2738  2756 D leak-34 : Eastern Standard Time
07-31 14:23:50.682  2738  2756 D leak-38 : Eastern Standard Time
07-31 14:23:50.682  2738  2756 D leak-38 : Eastern Standard Time
07-31 14:23:50.682  2738  2756 D leak-38 : Eastern Standard Time
07-31 14:23:50.682  2738  2756 D leak-38 : Eastern Standard Time
07-31 14:23:50.682  2738  2756 D leak-38 : Eastern Standard Time
07-31 14:23:50.682  2738  2756 D leak-38 : Eastern Standard Time
07-31 14:23:50.682  2738  2756 D leak-38 : Eastern Standard Time
07-31 14:23:50.682  2738  2756 D leak-38 : Eastern Standard Time
07-31 14:23:50.682  2738  2756 D leak-38 : Eastern Standard Time
07-31 14:23:50.682  2738  2756 D leak-38 : Eastern Standard Time
07-31 14:23:50.682  2738  2756 D leak-38 : Eastern Standard Time
07-31 14:23:50.682  2738  2756 D leak-38 : Eastern Standard Time
07-31 14:23:50.682  2738  2756 D leak-38 : Eastern Standard Time
07-31 14:23:50.682  2738  2756 D leak-38 : Eastern Standard Time
07-31 14:23:50.682  2738  2756 D leak-38 : Eastern Standard Time
07-31 14:23:50.682  2738  2756 D leak-38 : Eastern Standard Time
07-31 14:23:50.682  2738  2756 D leak-38 : Eastern Standard Time
07-31 14:23:50.682  2738  2756 D leak-38 : Eastern Standard Time
07-31 14:23:50.682  2738  2756 D leak-38 : Eastern Standard Time
07-31 14:23:50.682  2738  2756 D leak-38 : Eastern Standard Time
07-31 14:23:50.682  2738  2756 D leak-38 : Eastern Standard Time
07-31 14:23:50.682  2738  2756 D leak-38 : Eastern Standard Time
07-31 14:23:50.682  2738  2756 D leak-38 : Eastern Standard Time
07-31 14:23:50.682  2738  2756 D leak-38 : Eastern Standard Time
07-31 14:23:50.682  2738  2756 D leak-38 : Eastern Standard Time
07-31 14:23:50.682  2738  2756 D leak-38 : Eastern Standard Time
07-31 14:23:50.682  2738  2756 D leak-38 : Eastern Standard Time
07-31 14:23:50.682  2738  2756 D leak-38 : Eastern Standard Time
07-31 14:23:50.682  2738  2756 D leak-38 : Eastern Standard Time
07-31 14:23:50.682  2738  2756 D leak-38 : Eastern Standard Time
07-31 14:23:50.682  2738  2756 D leak-38 : Eastern Standard Time
07-31 14:23:50.682  2738  2756 D leak-38 : Eastern Standard Time
07-31 14:23:50.682  2738  2756 D leak-38 : Eastern Standard Time
07-31 14:23:50.682  2738  2756 D leak-38 : Eastern Standard Time
07-31 14:23:50.683  2738  2756 D leak-38 : Eastern Standard Time
07-31 14:23:50.683  2738  2756 D leak-38 : Eastern Standard Time
07-31 14:23:50.683  2738  2756 D leak-38 : Eastern Standard Time
07-31 14:23:50.683  2738  2756 D leak-31 : Eastern Standard Time
07-31 14:23:50.683  2738  2756 D leak-152: Eastern Standard Time
07-31 14:23:50.683  2738  2756 D leak-153: Eastern Standard Time
07-31 14:23:50.702  2738  2756 D leak-154: Eastern Standard Time
07-31 14:23:50.702  2738  2756 D leak-154: Eastern Standard Time
07-31 14:23:50.702  2738  2756 D leak-154: Eastern Standard Time
07-31 14:23:50.702  2738  2756 D leak-154: Eastern Standard Time
07-31 14:23:50.703  2738  2756 D leak-154: Eastern Standard Time
07-31 14:23:50.703  2738  2756 D leak-154: Eastern Standard Time
07-31 14:23:50.703  2738  2756 D leak-154: Eastern Standard Time
07-31 14:23:50.704  2738  2756 D leak-154: Eastern Standard Time
07-31 14:23:50.704  2738  2756 D leak-154: Eastern Standard Time
07-31 14:23:50.704  2738  2756 D leak-154: Eastern Standard Time
07-31 14:23:50.704  2738  2756 D leak-154: Eastern Standard Time
07-31 14:23:50.704  2738  2756 D leak-154: Eastern Standard Time
07-31 14:23:50.704  2738  2756 D leak-154: Eastern Standard Time
07-31 14:23:50.705  2738  2756 D leak-154: Eastern Standard Time
07-31 14:23:50.705  2738  2756 D leak-154: Eastern Standard Time
07-31 14:23:50.705  2738  2756 D leak-154: Eastern Standard Time
07-31 14:23:50.707  2738  2756 D leak-154: Eastern Standard Time
07-31 14:23:50.707  2738  2756 D leak-154: Eastern Standard Time
07-31 14:23:50.707  2738  2756 D leak-154: Eastern Standard Time
07-31 14:23:50.707  2738  2756 D leak-154: Eastern Standard Time
07-31 14:23:50.707  2738  2756 D leak-154: Eastern Standard Time
07-31 14:23:50.708  2738  2756 D leak-154: Eastern Standard Time
07-31 14:23:50.708  2738  2756 D leak-154: Eastern Standard Time
07-31 14:23:50.708  2738  2756 D leak-154: Eastern Standard Time
07-31 14:23:50.708  2738  2756 D leak-154: Eastern Standard Time
07-31 14:23:50.708  2738  2756 D leak-154: Eastern Standard Time
07-31 14:23:50.708  2738  2756 D leak-154: Eastern Standard Time
07-31 14:23:50.708  2738  2756 D leak-154: Eastern Standard Time
07-31 14:23:50.709  2738  2756 D leak-154: Eastern Standard Time
07-31 14:23:50.710  2738  2756 D leak-154: Eastern Standard Time
07-31 14:23:50.710  2738  2756 D leak-154: Eastern Standard Time
07-31 14:23:50.710  2738  2756 D leak-154: Eastern Standard Time
07-31 14:23:50.710  2738  2756 D leak-154: Eastern Standard Time
07-31 14:23:50.710  2738  2756 D leak-154: Eastern Standard Time
07-31 14:23:50.711  2738  2756 D leak-154: Eastern Standard Time
07-31 14:23:50.711  2738  2756 D leak-154: Eastern Standard Time
07-31 14:23:50.711  2738  2756 D leak-154: Eastern Standard Time
07-31 14:23:50.712  2738  2756 D leak-154: Eastern Standard Time
07-31 14:23:50.712  2738  2756 D leak-154: Eastern Standard Time
07-31 14:23:50.712  2738  2756 D leak-154: Eastern Standard Time
07-31 14:23:50.712  2738  2756 D leak-154: Eastern Standard Time
07-31 14:23:50.712  2738  2756 D leak-154: Eastern Standard Time
07-31 14:23:50.713  2738  2756 D leak-154: Eastern Standard Time
07-31 14:23:50.713  2738  2756 D leak-154: Eastern Standard Time
07-31 14:23:50.713  2738  2756 D leak-154: Eastern Standard Time
07-31 14:23:50.713  2738  2756 D leak-154: Eastern Standard Time
07-31 14:23:50.713  2738  2756 D leak-154: Eastern Standard Time
07-31 14:23:50.714  2738  2756 D leak-154: Eastern Standard Time
07-31 14:23:50.714  2738  2756 D leak-154: Eastern Standard Time
07-31 14:23:50.714  2738  2756 D leak-154: Eastern Standard Time
07-31 14:23:50.714  2738  2756 D leak-154: Eastern Standard Time
07-31 14:23:50.714  2738  2756 D leak-154: Eastern Standard Time
07-31 14:23:50.714  2738  2756 D leak-154: Eastern Standard Time
07-31 14:23:50.715  2738  2756 D leak-154: Eastern Standard Time
07-31 14:23:50.715  2738  2756 D leak-154: Eastern Standard Time
07-31 14:23:50.715  2738  2756 D leak-154: Eastern Standard Time
07-31 14:23:50.715  2738  2756 D leak-154: Eastern Standard Time
07-31 14:23:50.715  2738  2756 D leak-154: Eastern Standard Time
07-31 14:23:50.715  2738  2756 D leak-154: Eastern Standard Time
07-31 14:23:50.715  2738  2756 D leak-154: Eastern Standard Time
07-31 14:23:50.716  2738  2756 D leak-154: Eastern Standard Time
07-31 14:23:50.716  2738  2756 D leak-154: Eastern Standard Time
07-31 14:23:50.716  2738  2756 D leak-154: Eastern Standard Time
07-31 14:23:50.716  2738  2756 D leak-154: Eastern Standard Time
07-31 14:23:50.717  2738  2756 D leak-154: Eastern Standard Time
07-31 14:23:50.717  2738  2756 D leak-154: Eastern Standard Time
07-31 14:23:50.717  2738  2756 D leak-154: Eastern Standard Time
07-31 14:23:50.717  2738  2756 D leak-154: Eastern Standard Time
07-31 14:23:50.717  2738  2756 D leak-154: Eastern Standard Time
07-31 14:23:50.717  2738  2756 D leak-154: Eastern Standard Time
07-31 14:23:50.717  2738  2756 D leak-154: Eastern Standard Time
07-31 14:23:50.718  2738  2756 D leak-154: Eastern Standard Time
07-31 14:23:50.718  2738  2756 D leak-154: Eastern Standard Time
07-31 14:23:50.719  2738  2756 D leak-154: Eastern Standard Time
07-31 14:23:50.719  2738  2756 D leak-154: Eastern Standard Time
07-31 14:23:50.719  2738  2756 D leak-154: Eastern Standard Time
07-31 14:23:50.719  2738  2756 D leak-154: Eastern Standard Time
07-31 14:23:50.719  2738  2756 D leak-154: Eastern Standard Time
07-31 14:23:50.720  2738  2756 D leak-154: Eastern Standard Time
07-31 14:23:50.720  2738  2756 D leak-154: Eastern Standard Time
07-31 14:23:50.720  2738  2756 D leak-154: Eastern Standard Time
07-31 14:23:50.720  2738  2756 D leak-154: Eastern Standard Time
07-31 14:23:50.720  2738  2756 D leak-154: Eastern Standard Time
07-31 14:23:50.720  2738  2756 D leak-154: Eastern Standard Time
07-31 14:23:50.720  2738  2756 D leak-154: Eastern Standard Time
07-31 14:23:50.721  2738  2756 D leak-154: Eastern Standard Time
07-31 14:23:50.721  2738  2756 D leak-154: Eastern Standard Time
07-31 14:23:50.721  2738  2756 D leak-154: Eastern Standard Time
07-31 14:23:50.722  2738  2756 D leak-154: Eastern Standard Time
07-31 14:23:50.722  2738  2756 D leak-154: Eastern Standard Time
07-31 14:23:50.722  2738  2756 D leak-154: Eastern Standard Time
07-31 14:23:50.722  2738  2756 D leak-154: Eastern Standard Time
07-31 14:23:50.723  2738  2756 D leak-154: Eastern Standard Time
07-31 14:23:50.723  2738  2756 D leak-154: Eastern Standard Time
07-31 14:23:50.723  2738  2756 D leak-154: Eastern Standard Time
07-31 14:23:50.723  2738  2756 D leak-154: Eastern Standard Time
07-31 14:23:50.724  2738  2756 D leak-154: Eastern Standard Time
07-31 14:23:50.724  2738  2756 D leak-154: Eastern Standard Time
07-31 14:23:50.724  2738  2756 D leak-154: Eastern Standard Time
07-31 14:23:50.724  2738  2756 D leak-154: Eastern Standard Time
07-31 14:23:50.724  2738  2756 D leak-154: Eastern Standard Time
07-31 14:23:50.725  2738  2756 D leak-154: Eastern Standard Time
07-31 14:23:50.725  2738  2756 D leak-96 : Eastern Standard Time
07-31 14:23:50.725  2738  2756 D leak-97 : Eastern Standard Time
07-31 14:23:50.732  2738  2756 D leak-98 : Eastern Standard Time
07-31 14:23:50.732  2738  2756 D leak-98 : Eastern Standard Time
07-31 14:23:50.732  2738  2756 D leak-98 : Eastern Standard Time
07-31 14:23:50.732  2738  2756 D leak-98 : Eastern Standard Time
07-31 14:23:50.732  2738  2756 D leak-98 : Eastern Standard Time
07-31 14:23:50.732  2738  2756 D leak-98 : Eastern Standard Time
07-31 14:23:50.732  2738  2756 D leak-98 : Eastern Standard Time
07-31 14:23:50.732  2738  2756 D leak-98 : Eastern Standard Time
07-31 14:23:50.732  2738  2756 D leak-98 : Eastern Standard Time
07-31 14:23:50.732  2738  2756 D leak-98 : Eastern Standard Time
07-31 14:23:50.732  2738  2756 D leak-98 : Eastern Standard Time
07-31 14:23:50.732  2738  2756 D leak-98 : Eastern Standard Time
07-31 14:23:50.732  2738  2756 D leak-98 : Eastern Standard Time
07-31 14:23:50.732  2738  2756 D leak-98 : Eastern Standard Time
07-31 14:23:50.732  2738  2756 D leak-98 : Eastern Standard Time
07-31 14:23:50.732  2738  2756 D leak-98 : Eastern Standard Time
07-31 14:23:50.732  2738  2756 D leak-98 : Eastern Standard Time
07-31 14:23:50.732  2738  2756 D leak-98 : Eastern Standard Time
07-31 14:23:50.732  2738  2756 D leak-98 : Eastern Standard Time
07-31 14:23:50.732  2738  2756 D leak-98 : Eastern Standard Time
07-31 14:23:50.732  2738  2756 D leak-98 : Eastern Standard Time
07-31 14:23:50.732  2738  2756 D leak-98 : Eastern Standard Time
07-31 14:23:50.732  2738  2756 D leak-98 : Eastern Standard Time
07-31 14:23:50.732  2738  2756 D leak-98 : Eastern Standard Time
07-31 14:23:50.732  2738  2756 D leak-98 : Eastern Standard Time
07-31 14:23:50.732  2738  2756 D leak-98 : Eastern Standard Time
07-31 14:23:50.732  2738  2756 D leak-98 : Eastern Standard Time
07-31 14:23:50.732  2738  2756 D leak-98 : Eastern Standard Time
07-31 14:23:50.732  2738  2756 D leak-98 : Eastern Standard Time
07-31 14:23:50.732  2738  2756 D leak-98 : Eastern Standard Time
07-31 14:23:50.732  2738  2756 D leak-98 : Eastern Standard Time
07-31 14:23:50.732  2738  2756 D leak-98 : Eastern Standard Time
07-31 14:23:50.732  2738  2756 D leak-98 : Eastern Standard Time
07-31 14:23:50.732  2738  2756 D leak-98 : Eastern Standard Time
07-31 14:23:50.732  2738  2756 D leak-98 : Eastern Standard Time
07-31 14:23:50.732  2738  2756 D leak-98 : Eastern Standard Time
07-31 14:23:50.732  2738  2756 D leak-98 : Eastern Standard Time
07-31 14:23:50.732  2738  2756 D leak-98 : Eastern Standard Time
07-31 14:23:50.732  2738  2756 D leak-98 : Eastern Standard Time
07-31 14:23:50.732  2738  2756 D leak-98 : Eastern Standard Time
07-31 14:23:50.732  2738  2756 D leak-98 : Eastern Standard Time
07-31 14:23:50.732  2738  2756 D leak-98 : Eastern Standard Time
07-31 14:23:50.732  2738  2756 D leak-98 : Eastern Standard Time
07-31 14:23:50.732  2738  2756 D leak-98 : Eastern Standard Time
07-31 14:23:50.732  2738  2756 D leak-98 : Eastern Standard Time
07-31 14:23:50.732  2738  2756 D leak-98 : Eastern Standard Time
07-31 14:23:50.732  2738  2756 D leak-98 : Eastern Standard Time
07-31 14:23:50.732  2738  2756 D leak-98 : Eastern Standard Time
07-31 14:23:50.732  2738  2756 D leak-98 : Eastern Standard Time
07-31 14:23:50.732  2738  2756 D leak-98 : Eastern Standard Time
07-31 14:23:50.732  2738  2756 D leak-98 : Eastern Standard Time
07-31 14:23:50.732  2738  2756 D leak-98 : Eastern Standard Time
07-31 14:23:50.732  2738  2756 D leak-98 : Eastern Standard Time
07-31 14:23:50.732  2738  2756 D leak-98 : Eastern Standard Time
07-31 14:23:50.732  2738  2756 D leak-98 : Eastern Standard Time
07-31 14:23:50.732  2738  2756 D leak-98 : Eastern Standard Time
07-31 14:23:50.732  2738  2756 D leak-98 : Eastern Standard Time
07-31 14:23:50.732  2738  2756 D leak-98 : Eastern Standard Time
07-31 14:23:50.732  2738  2756 D leak-98 : Eastern Standard Time
07-31 14:23:50.732  2738  2756 D leak-98 : Eastern Standard Time
07-31 14:23:50.732  2738  2756 D leak-98 : Eastern Standard Time
07-31 14:23:50.732  2738  2756 D leak-98 : Eastern Standard Time
07-31 14:23:50.732  2738  2756 D leak-98 : Eastern Standard Time
07-31 14:23:50.732  2738  2756 D leak-98 : Eastern Standard Time
07-31 14:23:50.732  2738  2756 D leak-98 : Eastern Standard Time
07-31 14:23:50.732  2738  2756 D leak-98 : Eastern Standard Time
07-31 14:23:50.732  2738  2756 D leak-98 : Eastern Standard Time
07-31 14:23:50.732  2738  2756 D leak-98 : Eastern Standard Time
07-31 14:23:50.732  2738  2756 D leak-98 : Eastern Standard Time
07-31 14:23:50.732  2738  2756 D leak-98 : Eastern Standard Time
07-31 14:23:50.733  2738  2756 D leak-98 : Eastern Standard Time
07-31 14:23:50.733  2738  2756 D leak-98 : Eastern Standard Time
07-31 14:23:50.733  2738  2756 D leak-98 : Eastern Standard Time
07-31 14:23:50.733  2738  2756 D leak-98 : Eastern Standard Time
07-31 14:23:50.733  2738  2756 D leak-98 : Eastern Standard Time
07-31 14:23:50.733  2738  2756 D leak-98 : Eastern Standard Time
07-31 14:23:50.733  2738  2756 D leak-98 : Eastern Standard Time
07-31 14:23:50.733  2738  2756 D leak-98 : Eastern Standard Time
07-31 14:23:50.733  2738  2756 D leak-98 : Eastern Standard Time
07-31 14:23:50.733  2738  2756 D leak-98 : Eastern Standard Time
07-31 14:23:50.733  2738  2756 D leak-98 : Eastern Standard Time
07-31 14:23:50.733  2738  2756 D leak-98 : Eastern Standard Time
07-31 14:23:50.733  2738  2756 D leak-98 : Eastern Standard Time
07-31 14:23:50.733  2738  2756 D leak-98 : Eastern Standard Time
07-31 14:23:50.733  2738  2756 D leak-98 : Eastern Standard Time
07-31 14:23:50.733  2738  2756 D leak-98 : Eastern Standard Time
07-31 14:23:50.733  2738  2756 D leak-98 : Eastern Standard Time
07-31 14:23:50.733  2738  2756 D leak-98 : Eastern Standard Time
07-31 14:23:50.733  2738  2756 D leak-98 : Eastern Standard Time
07-31 14:23:50.733  2738  2756 D leak-98 : Eastern Standard Time
07-31 14:23:50.733  2738  2756 D leak-98 : Eastern Standard Time
07-31 14:23:50.733  2738  2756 D leak-98 : Eastern Standard Time
07-31 14:23:50.733  2738  2756 D leak-98 : Eastern Standard Time
07-31 14:23:50.733  2738  2756 D leak-98 : Eastern Standard Time
07-31 14:23:50.733  2738  2756 D leak-98 : Eastern Standard Time
07-31 14:23:50.733  2738  2756 D leak-98 : Eastern Standard Time
07-31 14:23:50.733  2738  2756 D leak-98 : Eastern Standard Time
07-31 14:23:50.733  2738  2756 D leak-98 : Eastern Standard Time
07-31 14:23:50.733  2738  2756 D leak-98 : Eastern Standard Time
07-31 14:23:50.733  2738  2756 D leak-98 : Eastern Standard Time
07-31 14:23:50.733  2738  2756 D leak-98 : Eastern Standard Time
07-31 14:23:50.733  2738  2756 D leak-98 : Eastern Standard Time
07-31 14:23:50.733  2738  2756 D leak-98 : Eastern Standard Time
07-31 14:23:50.733  2738  2756 D leak-98 : Eastern Standard Time
07-31 14:23:50.733  2738  2756 D leak-98 : Eastern Standard Time
07-31 14:23:50.733  2738  2756 D leak-98 : Eastern Standard Time
07-31 14:23:50.733  2738  2756 D leak-98 : Eastern Standard Time
07-31 14:23:50.733  2738  2756 D leak-98 : Eastern Standard Time
07-31 14:23:50.733  2738  2756 D leak-98 : Eastern Standard Time
07-31 14:23:50.733  2738  2756 D leak-98 : Eastern Standard Time
07-31 14:23:50.734  2738  2756 D leak-98 : Eastern Standard Time
07-31 14:23:50.734  2738  2756 D leak-98 : Eastern Standard Time
07-31 14:23:50.734  2738  2756 D leak-98 : Eastern Standard Time
07-31 14:23:50.734  2738  2756 D leak-98 : Eastern Standard Time
07-31 14:23:50.734  2738  2756 D leak-98 : Eastern Standard Time
07-31 14:23:50.734  2738  2756 D leak-98 : Eastern Standard Time
07-31 14:23:50.734  2738  2756 D leak-98 : Eastern Standard Time
07-31 14:23:50.734  2738  2756 D leak-98 : Eastern Standard Time
07-31 14:23:50.734  2738  2756 D leak-98 : Eastern Standard Time
07-31 14:23:50.734  2738  2756 D leak-98 : Eastern Standard Time
07-31 14:23:50.734  2738  2756 D leak-98 : Eastern Standard Time
07-31 14:23:50.734  2738  2756 D leak-98 : Eastern Standard Time
07-31 14:23:50.734  2738  2756 D leak-98 : Eastern Standard Time
07-31 14:23:50.734  2738  2756 D leak-98 : Eastern Standard Time
07-31 14:23:50.734  2738  2756 D leak-98 : Eastern Standard Time
07-31 14:23:50.734  2738  2756 D leak-98 : Eastern Standard Time
07-31 14:23:50.734  2738  2756 D leak-98 : Eastern Standard Time
07-31 14:23:50.734  2738  2756 D leak-98 : Eastern Standard Time
07-31 14:23:50.734  2738  2756 D leak-98 : Eastern Standard Time
07-31 14:23:50.734  2738  2756 D leak-98 : Eastern Standard Time
07-31 14:23:50.734  2738  2756 D leak-98 : Eastern Standard Time
07-31 14:23:50.734  2738  2756 D leak-98 : Eastern Standard Time
07-31 14:23:50.734  2738  2756 D leak-98 : Eastern Standard Time
07-31 14:23:50.734  2738  2756 D leak-98 : Eastern Standard Time
07-31 14:23:50.734  2738  2756 D leak-98 : Eastern Standard Time
07-31 14:23:50.734  2738  2756 D leak-98 : Eastern Standard Time
07-31 14:23:50.735  2738  2756 D leak-98 : Eastern Standard Time
07-31 14:23:50.735  2738  2756 D leak-98 : Eastern Standard Time
07-31 14:23:50.735  2738  2756 D leak-98 : Eastern Standard Time
07-31 14:23:50.735  2738  2756 D leak-98 : Eastern Standard Time
07-31 14:23:50.735  2738  2756 D leak-98 : Eastern Standard Time
07-31 14:23:50.735  2738  2756 D leak-98 : Eastern Standard Time
07-31 14:23:50.735  2738  2756 D leak-98 : Eastern Standard Time
07-31 14:23:50.735  2738  2756 D leak-98 : Eastern Standard Time
07-31 14:23:50.735  2738  2756 D leak-98 : Eastern Standard Time
07-31 14:23:50.735  2738  2756 D leak-98 : Eastern Standard Time
07-31 14:23:50.735  2738  2756 D leak-98 : Eastern Standard Time
07-31 14:23:50.735  2738  2756 D leak-98 : Eastern Standard Time
07-31 14:23:50.735  2738  2756 D leak-98 : Eastern Standard Time
07-31 14:23:50.735  2738  2756 D leak-98 : Eastern Standard Time
07-31 14:23:50.735  2738  2756 D leak-98 : Eastern Standard Time
07-31 14:23:50.735  2738  2756 D leak-98 : Eastern Standard Time
07-31 14:23:50.735  2738  2756 D leak-98 : Eastern Standard Time
07-31 14:23:50.735  2738  2756 D leak-98 : Eastern Standard Time
07-31 14:23:50.735  2738  2756 D leak-98 : Eastern Standard Time
07-31 14:23:50.735  2738  2756 D leak-98 : Eastern Standard Time
07-31 14:23:50.736  2738  2756 D leak-98 : Eastern Standard Time
07-31 14:23:50.736  2738  2756 D leak-98 : Eastern Standard Time
07-31 14:23:50.736  2738  2756 D leak-98 : Eastern Standard Time
07-31 14:23:50.736  2738  2756 D leak-98 : Eastern Standard Time
07-31 14:23:50.736  2738  2756 D leak-98 : Eastern Standard Time
07-31 14:23:50.736  2738  2756 D leak-98 : Eastern Standard Time
07-31 14:23:50.736  2738  2756 D leak-98 : Eastern Standard Time
07-31 14:23:50.736  2738  2756 D leak-98 : Eastern Standard Time
07-31 14:23:50.736  2738  2756 D leak-98 : Eastern Standard Time
07-31 14:23:50.736  2738  2756 D leak-98 : Eastern Standard Time
07-31 14:23:50.736  2738  2756 D leak-98 : Eastern Standard Time
07-31 14:23:50.736  2738  2756 D leak-98 : Eastern Standard Time
07-31 14:23:50.736  2738  2756 D leak-98 : Eastern Standard Time
07-31 14:23:50.736  2738  2756 D leak-98 : Eastern Standard Time
07-31 14:23:50.736  2738  2756 D leak-98 : Eastern Standard Time
07-31 14:23:50.736  2738  2756 D leak-98 : Eastern Standard Time
07-31 14:23:50.736  2738  2756 D leak-98 : Eastern Standard Time
07-31 14:23:50.736  2738  2756 D leak-98 : Eastern Standard Time
07-31 14:23:50.736  2738  2756 D leak-98 : Eastern Standard Time
07-31 14:23:50.736  2738  2756 D leak-98 : Eastern Standard Time
07-31 14:23:50.736  2738  2756 D leak-98 : Eastern Standard Time
07-31 14:23:50.736  2738  2756 D leak-98 : Eastern Standard Time
07-31 14:23:50.736  2738  2756 D leak-98 : Eastern Standard Time
07-31 14:23:50.736  2738  2756 D leak-98 : Eastern Standard Time
07-31 14:23:50.736  2738  2756 D leak-98 : Eastern Standard Time
07-31 14:23:50.736  2738  2756 D leak-98 : Eastern Standard Time
07-31 14:23:50.736  2738  2756 D leak-98 : Eastern Standard Time
07-31 14:23:50.736  2738  2756 D leak-98 : Eastern Standard Time
07-31 14:23:50.736  2738  2756 D leak-98 : Eastern Standard Time
07-31 14:23:50.736  2738  2756 D leak-98 : Eastern Standard Time
07-31 14:23:50.736  2738  2756 D leak-98 : Eastern Standard Time
07-31 14:23:50.737  2738  2756 D leak-98 : Eastern Standard Time
07-31 14:23:50.737  2738  2756 D leak-98 : Eastern Standard Time
07-31 14:23:50.737  2738  2756 D leak-98 : Eastern Standard Time
07-31 14:23:50.737  2738  2756 D leak-98 : Eastern Standard Time
07-31 14:23:50.737  2738  2756 D leak-98 : Eastern Standard Time
07-31 14:23:50.737  2738  2756 D leak-98 : Eastern Standard Time
07-31 14:23:50.737  2738  2756 D leak-98 : Eastern Standard Time
07-31 14:23:50.737  2738  2756 D leak-98 : Eastern Standard Time
07-31 14:23:50.737  2738  2756 D leak-98 : Eastern Standard Time
07-31 14:23:50.737  2738  2756 D leak-98 : Eastern Standard Time
07-31 14:23:50.738  2738  2756 D leak-92 : Eastern Standard Time
07-31 14:23:50.738  2738  2756 D leak-93 : Eastern Standard Time
07-31 14:23:50.739  2738  2756 D leak-93 : Eastern Standard Time
07-31 14:23:50.739  2738  2756 D leak-93 : Eastern Standard Time
07-31 14:23:50.740  2738  2756 D leak-94 : Eastern Standard Time
07-31 14:23:50.740  2738  2756 D leak-93 : Eastern Standard Time
07-31 14:23:50.740  2738  2756 D leak-94 : Eastern Standard Time
07-31 14:23:50.740  2738  2756 D leak-93 : Eastern Standard Time
07-31 14:23:50.740  2738  2756 D leak-93 : Eastern Standard Time
07-31 14:23:50.740  2738  2756 D leak-93 : Eastern Standard Time
07-31 14:23:50.740  2738  2756 D leak-93 : Eastern Standard Time
07-31 14:23:50.740  2738  2756 D leak-93 : Eastern Standard Time
07-31 14:23:50.740  2738  2756 D leak-93 : Eastern Standard Time
07-31 14:23:50.741  2738  2756 D leak-93 : Eastern Standard Time
07-31 14:23:50.741  2738  2756 D leak-144: Eastern Standard Time
07-31 14:23:50.741  2738  2756 D leak-145: Eastern Standard Time
07-31 14:23:50.741  2738  2756 D leak-24 : Eastern Standard Time
07-31 14:23:50.741  2738  2756 D leak-25 : Eastern Standard Time
07-31 14:23:50.751  2738  2756 D leak-26 : Eastern Standard Time
07-31 14:23:50.751  2738  2756 D leak-26 : Eastern Standard Time
07-31 14:23:50.751  2738  2756 D leak-26 : Eastern Standard Time
07-31 14:23:50.751  2738  2756 D leak-26 : Eastern Standard Time
07-31 14:23:50.751  2738  2756 D leak-26 : Eastern Standard Time
07-31 14:23:50.751  2738  2756 D leak-26 : Eastern Standard Time
07-31 14:23:50.751  2738  2756 D leak-26 : Eastern Standard Time
07-31 14:23:50.751  2738  2756 D leak-26 : Eastern Standard Time
07-31 14:23:50.751  2738  2756 D leak-26 : Eastern Standard Time
07-31 14:23:50.751  2738  2756 D leak-26 : Eastern Standard Time
07-31 14:23:50.751  2738  2756 D leak-26 : Eastern Standard Time
07-31 14:23:50.751  2738  2756 D leak-26 : Eastern Standard Time
07-31 14:23:50.751  2738  2756 D leak-26 : Eastern Standard Time
07-31 14:23:50.751  2738  2756 D leak-26 : Eastern Standard Time
07-31 14:23:50.751  2738  2756 D leak-26 : Eastern Standard Time
07-31 14:23:50.751  2738  2756 D leak-26 : Eastern Standard Time
07-31 14:23:50.751  2738  2756 D leak-26 : Eastern Standard Time
07-31 14:23:50.751  2738  2756 D leak-26 : Eastern Standard Time
07-31 14:23:50.751  2738  2756 D leak-26 : Eastern Standard Time
07-31 14:23:50.751  2738  2756 D leak-26 : Eastern Standard Time
07-31 14:23:50.751  2738  2756 D leak-27 : Eastern Standard Time
07-31 14:23:50.751  2738  2756 D leak-28 : Eastern Standard Time
07-31 14:23:50.751  2738  2756 D leak-29 : Eastern Standard Time
07-31 14:23:50.752  2738  2756 D leak-27 : Eastern Standard Time
07-31 14:23:50.752  2738  2756 D leak-28 : Eastern Standard Time
07-31 14:23:50.752  2738  2756 D leak-29 : Eastern Standard Time
07-31 14:23:50.752  2738  2756 D leak-27 : Eastern Standard Time
07-31 14:23:50.752  2738  2756 D leak-28 : Eastern Standard Time
07-31 14:23:50.752  2738  2756 D leak-29 : Eastern Standard Time
07-31 14:23:50.752  2738  2756 D leak-27 : Eastern Standard Time
07-31 14:23:50.752  2738  2756 D leak-28 : Eastern Standard Time
07-31 14:23:50.752  2738  2756 D leak-28 : Eastern Standard Time
07-31 14:23:50.752  2738  2756 D leak-28 : Eastern Standard Time
07-31 14:23:50.752  2738  2756 D leak-28 : Eastern Standard Time
07-31 14:23:50.752  2738  2756 D leak-29 : Eastern Standard Time
07-31 14:23:50.752  2738  2756 D leak-27 : Eastern Standard Time
07-31 14:23:50.752  2738  2756 D leak-28 : Eastern Standard Time
07-31 14:23:50.752  2738  2756 D leak-29 : Eastern Standard Time
07-31 14:23:50.752  2738  2756 D leak-27 : Eastern Standard Time
07-31 14:23:50.752  2738  2756 D leak-28 : Eastern Standard Time
07-31 14:23:50.752  2738  2756 D leak-29 : Eastern Standard Time
07-31 14:23:50.752  2738  2756 D leak-27 : Eastern Standard Time
07-31 14:23:50.752  2738  2756 D leak-28 : Eastern Standard Time
07-31 14:23:50.752  2738  2756 D leak-28 : Eastern Standard Time
07-31 14:23:50.752  2738  2756 D leak-29 : Eastern Standard Time
07-31 14:23:50.752  2738  2756 D leak-27 : Eastern Standard Time
07-31 14:23:50.752  2738  2756 D leak-28 : Eastern Standard Time
07-31 14:23:50.752  2738  2756 D leak-29 : Eastern Standard Time
07-31 14:23:50.753  2738  2756 D leak-27 : Eastern Standard Time
07-31 14:23:50.753  2738  2756 D leak-28 : Eastern Standard Time
07-31 14:23:50.753  2738  2756 D leak-29 : Eastern Standard Time
07-31 14:23:50.753  2738  2756 D leak-27 : Eastern Standard Time
07-31 14:23:50.753  2738  2756 D leak-28 : Eastern Standard Time
07-31 14:23:50.753  2738  2756 D leak-29 : Eastern Standard Time
07-31 14:23:50.753  2738  2756 D leak-27 : Eastern Standard Time
07-31 14:23:50.753  2738  2756 D leak-28 : Eastern Standard Time
07-31 14:23:50.753  2738  2756 D leak-29 : Eastern Standard Time
07-31 14:23:50.753  2738  2756 D leak-27 : Eastern Standard Time
07-31 14:23:50.753  2738  2756 D leak-28 : Eastern Standard Time
07-31 14:23:50.753  2738  2756 D leak-28 : Eastern Standard Time
07-31 14:23:50.753  2738  2756 D leak-28 : Eastern Standard Time
07-31 14:23:50.753  2738  2756 D leak-28 : Eastern Standard Time
07-31 14:23:50.753  2738  2756 D leak-29 : Eastern Standard Time
07-31 14:23:50.753  2738  2756 D leak-3  : Eastern Standard Time
07-31 14:23:50.841  2738  2738 D leak-109: Eastern Standard Time
07-31 14:23:50.902  2738  2738 D leak-125: Eastern Standard Time
07-31 14:23:50.902  2738  2738 D leak-105: Eastern Standard Time
07-31 14:23:50.992  1655  1702 I Choreographer: Skipped 37 frames!  The application may be doing too much work on its main thread.
07-31 14:23:50.995  1655  1702 I ActivityManager: Displayed com.oF2pks.kalturadeviceinfos/.MainActivity: +686ms
07-31 14:23:51.001  2043  2210 E Surface : getSlotFromBufferLocked: unknown buffer: 0xe8742c40
07-31 14:23:51.034  1655  1863 D VoldConnector: SND -> {7 volume mkdirs /storage/emulated/0/Android/data/com.oF2pks.kalturadeviceinfos/files/}
07-31 14:23:51.040  1655  1771 D VoldConnector: RCV <- {200 7 Command succeeded}
07-31 14:23:51.040  2738  2738 D leak-126: Eastern Standard Time
07-31 14:23:51.185  2738  2757 W EGL_emulation: eglSurfaceAttrib not implemented
07-31 14:23:51.185  2738  2757 W OpenGLRenderer: Failed to set EGL_SWAP_BEHAVIOR on surface 0xdff7eaa0, error=EGL_SUCCESS
07-31 14:23:51.206  2738  2757 V RenderScript: 0xdfb8c000 Launching thread(s), CPUs 4
07-31 14:23:54.563  2738  2757 E Surface : getSlotFromBufferLocked: unknown buffer: 0xf3dd47d0
07-31 14:23:55.504  2782  2782 D AndroidRuntime: >>>>>> START com.android.internal.os.RuntimeInit uid 0 <<<<<<
07-31 14:23:55.505  2782  2782 D AndroidRuntime: CheckJNI is OFF
07-31 14:23:55.517  2782  2782 D ICU     : No timezone override file found: /data/misc/zoneinfo/current/icu/icu_tzdata.dat
07-31 14:23:55.529  2782  2782 E memtrack: Couldn't load memtrack module (No such file or directory)
07-31 14:23:55.529  2782  2782 E android.os.Debug: failed to load memtrack module: -2
07-31 14:23:55.530  2782  2782 I Radio-JNI: register_android_hardware_Radio DONE
07-31 14:23:55.538  2782  2782 D AndroidRuntime: Calling main entry com.android.commands.content.Content
07-31 14:23:55.542  2782  2782 D AndroidRuntime: Shutting down VM
07-31 14:23:55.888  2791  2791 D AndroidRuntime: >>>>>> START com.android.internal.os.RuntimeInit uid 0 <<<<<<
07-31 14:23:55.889  2791  2791 D AndroidRuntime: CheckJNI is OFF
07-31 14:23:55.898  2791  2791 D ICU     : No timezone override file found: /data/misc/zoneinfo/current/icu/icu_tzdata.dat
07-31 14:23:55.912  2791  2791 E memtrack: Couldn't load memtrack module (No such file or directory)
07-31 14:23:55.912  2791  2791 E android.os.Debug: failed to load memtrack module: -2
07-31 14:23:55.914  2791  2791 I Radio-JNI: register_android_hardware_Radio DONE
07-31 14:23:55.922  2791  2791 D AndroidRuntime: Calling main entry com.android.commands.content.Content
07-31 14:23:55.924  2791  2791 D AndroidRuntime: Shutting down VM
07-31 14:23:57.079  2812  2812 D AndroidRuntime: >>>>>> START com.android.internal.os.RuntimeInit uid 0 <<<<<<
07-31 14:23:57.081  2812  2812 D AndroidRuntime: CheckJNI is OFF
07-31 14:23:57.094  2812  2812 D ICU     : No timezone override file found: /data/misc/zoneinfo/current/icu/icu_tzdata.dat
07-31 14:23:57.109  2812  2812 E memtrack: Couldn't load memtrack module (No such file or directory)
07-31 14:23:57.109  2812  2812 E android.os.Debug: failed to load memtrack module: -2
07-31 14:23:57.110  2812  2812 I Radio-JNI: register_android_hardware_Radio DONE
07-31 14:23:57.119  2812  2812 D AndroidRuntime: Calling main entry com.android.commands.uiautomator.Launcher
07-31 14:23:58.142  2812  2812 W AccessibilityNodeInfoDumper: Fetch time: 4ms
07-31 14:23:58.143  1655  2070 W WindowManager: Attempted to remove non-existing token: android.os.Binder@61978ff
07-31 14:23:58.151  2812  2812 D AndroidRuntime: Shutting down VM
07-31 14:23:58.605  2830  2830 D AndroidRuntime: >>>>>> START com.android.internal.os.RuntimeInit uid 0 <<<<<<
07-31 14:23:58.606  2830  2830 D AndroidRuntime: CheckJNI is OFF
07-31 14:23:58.615  2830  2830 D ICU     : No timezone override file found: /data/misc/zoneinfo/current/icu/icu_tzdata.dat
07-31 14:23:58.628  2830  2830 E memtrack: Couldn't load memtrack module (No such file or directory)
07-31 14:23:58.628  2830  2830 E android.os.Debug: failed to load memtrack module: -2
07-31 14:23:58.629  2830  2830 I Radio-JNI: register_android_hardware_Radio DONE
07-31 14:23:58.635  2830  2830 D AndroidRuntime: Calling main entry com.android.commands.uiautomator.Launcher
07-31 14:23:59.037  1655  2030 I ActivityManager: Killing 2463:com.android.managedprovisioning/u0a9 (adj 15): empty #17
07-31 14:23:59.037  1655  2030 W libprocessgroup: failed to open /acct/uid_10009/pid_2463/cgroup.procs: No such file or directory
07-31 14:23:59.651  2830  2830 W AccessibilityNodeInfoDumper: Fetch time: 4ms
07-31 14:23:59.651  1655  1863 W WindowManager: Attempted to remove non-existing token: android.os.Binder@ff066cc
07-31 14:23:59.658  2830  2830 D AndroidRuntime: Shutting down VM
07-31 14:24:00.700  2853  2853 D AndroidRuntime: >>>>>> START com.android.internal.os.RuntimeInit uid 0 <<<<<<
07-31 14:24:00.703  2853  2853 D AndroidRuntime: CheckJNI is OFF
07-31 14:24:00.713  2853  2853 D ICU     : No timezone override file found: /data/misc/zoneinfo/current/icu/icu_tzdata.dat
07-31 14:24:00.726  2853  2853 E memtrack: Couldn't load memtrack module (No such file or directory)
07-31 14:24:00.726  2853  2853 E android.os.Debug: failed to load memtrack module: -2
07-31 14:24:00.727  2853  2853 I Radio-JNI: register_android_hardware_Radio DONE
07-31 14:24:00.732  2853  2853 D AndroidRuntime: Calling main entry com.android.commands.uiautomator.Launcher
07-31 14:24:01.746  2853  2853 W AccessibilityNodeInfoDumper: Fetch time: 3ms
07-31 14:24:01.746  1655  2069 W WindowManager: Attempted to remove non-existing token: android.os.Binder@6761d15
07-31 14:24:01.753  2853  2853 D AndroidRuntime: Shutting down VM
07-31 14:24:02.809  2881  2881 D AndroidRuntime: >>>>>> START com.android.internal.os.RuntimeInit uid 0 <<<<<<
07-31 14:24:02.810  2881  2881 D AndroidRuntime: CheckJNI is OFF
07-31 14:24:02.819  2881  2881 D ICU     : No timezone override file found: /data/misc/zoneinfo/current/icu/icu_tzdata.dat
07-31 14:24:02.832  2881  2881 E memtrack: Couldn't load memtrack module (No such file or directory)
07-31 14:24:02.832  2881  2881 E android.os.Debug: failed to load memtrack module: -2
07-31 14:24:02.832  2881  2881 I Radio-JNI: register_android_hardware_Radio DONE
07-31 14:24:02.839  2881  2881 D AndroidRuntime: Calling main entry com.android.commands.uiautomator.Launcher
07-31 14:24:03.852  2881  2881 W AccessibilityNodeInfoDumper: Fetch time: 2ms
07-31 14:24:03.852  1655  2071 W WindowManager: Attempted to remove non-existing token: android.os.Binder@64f82a
07-31 14:24:03.860  2881  2881 D AndroidRuntime: Shutting down VM
07-31 14:24:04.849  2907  2907 D AndroidRuntime: >>>>>> START com.android.internal.os.RuntimeInit uid 0 <<<<<<
07-31 14:24:04.850  2907  2907 D AndroidRuntime: CheckJNI is OFF
07-31 14:24:04.861  2907  2907 D ICU     : No timezone override file found: /data/misc/zoneinfo/current/icu/icu_tzdata.dat
07-31 14:24:04.878  2907  2907 E memtrack: Couldn't load memtrack module (No such file or directory)
07-31 14:24:04.878  2907  2907 E android.os.Debug: failed to load memtrack module: -2
07-31 14:24:04.879  2907  2907 I Radio-JNI: register_android_hardware_Radio DONE
07-31 14:24:04.885  2907  2907 D AndroidRuntime: Calling main entry com.android.commands.uiautomator.Launcher
07-31 14:24:05.904  2907  2907 W AccessibilityNodeInfoDumper: Fetch time: 4ms
07-31 14:24:05.904  1655  1684 W WindowManager: Attempted to remove non-existing token: android.os.Binder@92323b8
07-31 14:24:05.910  2907  2907 D AndroidRuntime: Shutting down VM
07-31 14:24:06.396  2925  2925 D AndroidRuntime: >>>>>> START com.android.internal.os.RuntimeInit uid 0 <<<<<<
07-31 14:24:06.397  2925  2925 D AndroidRuntime: CheckJNI is OFF
07-31 14:24:06.407  2925  2925 D ICU     : No timezone override file found: /data/misc/zoneinfo/current/icu/icu_tzdata.dat
07-31 14:24:06.419  2925  2925 E memtrack: Couldn't load memtrack module (No such file or directory)
07-31 14:24:06.419  2925  2925 E android.os.Debug: failed to load memtrack module: -2
07-31 14:24:06.420  2925  2925 I Radio-JNI: register_android_hardware_Radio DONE
07-31 14:24:06.425  2925  2925 D AndroidRuntime: Calling main entry com.android.commands.uiautomator.Launcher
07-31 14:24:07.442  2925  2925 W AccessibilityNodeInfoDumper: Fetch time: 4ms
07-31 14:24:07.443  1655  2030 W WindowManager: Attempted to remove non-existing token: android.os.Binder@1287591
07-31 14:24:07.451  2925  2925 D AndroidRuntime: Shutting down VM
07-31 14:24:08.471  2948  2948 D AndroidRuntime: >>>>>> START com.android.internal.os.RuntimeInit uid 0 <<<<<<
07-31 14:24:08.472  2948  2948 D AndroidRuntime: CheckJNI is OFF
07-31 14:24:08.482  2948  2948 D ICU     : No timezone override file found: /data/misc/zoneinfo/current/icu/icu_tzdata.dat
07-31 14:24:08.493  2948  2948 E memtrack: Couldn't load memtrack module (No such file or directory)
07-31 14:24:08.493  2948  2948 E android.os.Debug: failed to load memtrack module: -2
07-31 14:24:08.493  2948  2948 I Radio-JNI: register_android_hardware_Radio DONE
07-31 14:24:08.500  2948  2948 D AndroidRuntime: Calling main entry com.android.commands.uiautomator.Launcher
07-31 14:24:09.514  2948  2948 W AccessibilityNodeInfoDumper: Fetch time: 4ms
07-31 14:24:09.514  1655  1686 W WindowManager: Attempted to remove non-existing token: android.os.Binder@1326cf6
07-31 14:24:09.521  2948  2948 D AndroidRuntime: Shutting down VM
07-31 14:24:09.955  2966  2966 D AndroidRuntime: >>>>>> START com.android.internal.os.RuntimeInit uid 0 <<<<<<
07-31 14:24:09.958  2966  2966 D AndroidRuntime: CheckJNI is OFF
07-31 14:24:09.966  2966  2966 D ICU     : No timezone override file found: /data/misc/zoneinfo/current/icu/icu_tzdata.dat
07-31 14:24:09.978  2966  2966 E memtrack: Couldn't load memtrack module (No such file or directory)
07-31 14:24:09.978  2966  2966 E android.os.Debug: failed to load memtrack module: -2
07-31 14:24:09.980  2966  2966 I Radio-JNI: register_android_hardware_Radio DONE
07-31 14:24:09.986  2966  2966 D AndroidRuntime: Calling main entry com.android.commands.uiautomator.Launcher
07-31 14:24:11.001  2966  2966 W AccessibilityNodeInfoDumper: Fetch time: 4ms
07-31 14:24:11.002  1655  2069 W WindowManager: Attempted to remove non-existing token: android.os.Binder@bef88f7
07-31 14:24:11.013  2966  2966 D AndroidRuntime: Shutting down VM
07-31 14:24:12.047  2990  2990 D AndroidRuntime: >>>>>> START com.android.internal.os.RuntimeInit uid 0 <<<<<<
07-31 14:24:12.049  2990  2990 D AndroidRuntime: CheckJNI is OFF
07-31 14:24:12.059  2990  2990 D ICU     : No timezone override file found: /data/misc/zoneinfo/current/icu/icu_tzdata.dat
07-31 14:24:12.071  2990  2990 E memtrack: Couldn't load memtrack module (No such file or directory)
07-31 14:24:12.071  2990  2990 E android.os.Debug: failed to load memtrack module: -2
07-31 14:24:12.072  2990  2990 I Radio-JNI: register_android_hardware_Radio DONE
07-31 14:24:12.078  2990  2990 D AndroidRuntime: Calling main entry com.android.commands.uiautomator.Launcher
07-31 14:24:13.103  2990  2990 W AccessibilityNodeInfoDumper: Fetch time: 4ms
07-31 14:24:13.103  1655  1684 W WindowManager: Attempted to remove non-existing token: android.os.Binder@6c2c364
07-31 14:24:13.111  2990  2990 D AndroidRuntime: Shutting down VM
07-31 14:24:13.330  1655  2086 I MediaFocusControl:  AudioFocus  abandonAudioFocus() from android.media.AudioManager@df94665com.android.music.MediaPlaybackService$3@db3ef3a
07-31 14:24:13.330  2669  2669 V MusicFXControlPanelReceiver: onReceive
07-31 14:24:13.330  2669  2669 V MusicFXControlPanelReceiver: Action: android.media.action.CLOSE_AUDIO_EFFECT_CONTROL_SESSION
07-31 14:24:13.330  2669  2669 V MusicFXControlPanelReceiver: Package name: com.android.music
07-31 14:24:13.330  2669  2669 V MusicFXControlPanelReceiver: Audio session: 8
07-31 14:24:13.330  2669  2669 V MusicFXControlPanelEffect: closeSession(android.app.ReceiverRestrictedContext@df94665, com.android.music, 8)
07-31 14:24:13.332  1655  1686 I ActivityManager: Killing 2227:com.android.music/u0a44 (adj 15): empty #17
07-31 14:24:13.332  1655  1686 W libprocessgroup: failed to open /acct/uid_10044/pid_2227/cgroup.procs: No such file or directory
07-31 14:24:13.546  3008  3008 D AndroidRuntime: >>>>>> START com.android.internal.os.RuntimeInit uid 0 <<<<<<
07-31 14:24:13.547  3008  3008 D AndroidRuntime: CheckJNI is OFF
