07-31 14:26:17.902  5555  5555 I Radio-JNI: register_android_hardware_Radio DONE
07-31 14:26:17.908  5555  5555 D AndroidRuntime: Calling main entry com.android.commands.input.Input
07-31 14:26:17.909  5555  5555 I Input   : injectMotionEvent: MotionEvent { action=ACTION_DOWN, actionButton=0, id[0]=0, x[0]=1060.0, y[0]=1148.0, toolType[0]=TOOL_TYPE_UNKNOWN, buttonState=0, metaState=0, flags=0x0, edgeFlags=0x0, pointerCount=1, historySize=0, eventTime=300127, downTime=300127, deviceId=0, source=0x1002 }
07-31 14:26:17.911  5555  5555 I Input   : injectMotionEvent: MotionEvent { action=ACTION_UP, actionButton=0, id[0]=0, x[0]=1060.0, y[0]=1148.0, toolType[0]=TOOL_TYPE_UNKNOWN, buttonState=0, metaState=0, flags=0x0, edgeFlags=0x0, pointerCount=1, historySize=0, eventTime=300127, downTime=300127, deviceId=0, source=0x1002 }
07-31 14:26:17.913  5555  5555 D AndroidRuntime: Shutting down VM
07-31 14:26:17.923  2738  2757 E Surface : getSlotFromBufferLocked: unknown buffer: 0xf3dd48b0
07-31 14:26:17.927  2738  2757 E Surface : getSlotFromBufferLocked: unknown buffer: 0xf3dd47d0
07-31 14:26:17.977  2738  2757 E Surface : getSlotFromBufferLocked: unknown buffer: 0xf3dd5f00
07-31 14:26:18.149  1655  1702 W WindowManager: Force-removing child win Window{4c2af45 u0 PopupWindow:46afe00} from container Window{bade18 u0 com.oF2pks.kalturadeviceinfos/com.oF2pks.kalturadeviceinfos.MainActivity}
07-31 14:26:18.166  1655  2071 W WindowManager: Failed looking up window
07-31 14:26:18.166  1655  2071 W WindowManager: java.lang.IllegalArgumentException: Requested window android.os.BinderProxy@30823bc does not exist
07-31 14:26:18.166  1655  2071 W WindowManager: 	at com.android.server.wm.WindowManagerService.windowForClientLocked(WindowManagerService.java:8733)
07-31 14:26:18.166  1655  2071 W WindowManager: 	at com.android.server.wm.WindowManagerService.windowForClientLocked(WindowManagerService.java:8724)
07-31 14:26:18.166  1655  2071 W WindowManager: 	at com.android.server.wm.WindowManagerService.setInsetsWindow(WindowManagerService.java:2966)
07-31 14:26:18.166  1655  2071 W WindowManager: 	at com.android.server.wm.Session.setInsets(Session.java:221)
07-31 14:26:18.166  1655  2071 W WindowManager: 	at android.view.IWindowSession$Stub.onTransact(IWindowSession.java:408)
07-31 14:26:18.166  1655  2071 W WindowManager: 	at com.android.server.wm.Session.onTransact(Session.java:130)
07-31 14:26:18.166  1655  2071 W WindowManager: 	at android.os.Binder.execTransact(Binder.java:507)
07-31 14:26:18.169  1424  2103 E BufferQueueProducer: [PopupWindow:46afe00] query: BufferQueue has been abandoned
07-31 14:26:18.182  1424  2353 E BufferQueueProducer: [PopupWindow:46afe00] query: BufferQueue has been abandoned
07-31 14:26:18.198  1424  1429 E BufferQueueProducer: [PopupWindow:46afe00] query: BufferQueue has been abandoned
07-31 14:26:18.216  1424  2103 E BufferQueueProducer: [PopupWindow:46afe00] query: BufferQueue has been abandoned
07-31 14:26:18.232  1424  1432 E BufferQueueProducer: [PopupWindow:46afe00] query: BufferQueue has been abandoned
07-31 14:26:18.248  1424  2353 E BufferQueueProducer: [PopupWindow:46afe00] query: BufferQueue has been abandoned
07-31 14:26:18.265  1424  1429 E BufferQueueProducer: [PopupWindow:46afe00] query: BufferQueue has been abandoned
07-31 14:26:18.282  1424  2103 E BufferQueueProducer: [PopupWindow:46afe00] query: BufferQueue has been abandoned
07-31 14:26:18.299  1424  1432 E BufferQueueProducer: [PopupWindow:46afe00] query: BufferQueue has been abandoned
07-31 14:26:18.315  1424  2353 E BufferQueueProducer: [PopupWindow:46afe00] query: BufferQueue has been abandoned
07-31 14:26:18.333  1424  2103 E BufferQueueProducer: [PopupWindow:46afe00] query: BufferQueue has been abandoned
07-31 14:26:18.357  2738  2757 E Surface : getSlotFromBufferLocked: unknown buffer: 0xf3dd6280
07-31 14:26:18.359  1655  1686 W WindowManager: Failed looking up window
07-31 14:26:18.359  1655  1686 W WindowManager: java.lang.IllegalArgumentException: Requested window android.os.BinderProxy@30823bc does not exist
07-31 14:26:18.359  1655  1686 W WindowManager: 	at com.android.server.wm.WindowManagerService.windowForClientLocked(WindowManagerService.java:8733)
07-31 14:26:18.359  1655  1686 W WindowManager: 	at com.android.server.wm.WindowManagerService.windowForClientLocked(WindowManagerService.java:8724)
07-31 14:26:18.359  1655  1686 W WindowManager: 	at com.android.server.wm.WindowManagerService.removeWindow(WindowManagerService.java:2697)
07-31 14:26:18.359  1655  1686 W WindowManager: 	at com.android.server.wm.Session.remove(Session.java:187)
07-31 14:26:18.359  1655  1686 W WindowManager: 	at android.view.IWindowSession$Stub.onTransact(IWindowSession.java:242)
07-31 14:26:18.359  1655  1686 W WindowManager: 	at com.android.server.wm.Session.onTransact(Session.java:130)
07-31 14:26:18.359  1655  1686 W WindowManager: 	at android.os.Binder.execTransact(Binder.java:507)
07-31 14:26:22.322  5887  5887 D AndroidRuntime: >>>>>> START com.android.internal.os.RuntimeInit uid 0 <<<<<<
07-31 14:26:22.325  5887  5887 D AndroidRuntime: CheckJNI is OFF
07-31 14:26:22.334  5887  5887 D ICU     : No timezone override file found: /data/misc/zoneinfo/current/icu/icu_tzdata.dat
07-31 14:26:22.347  5887  5887 E memtrack: Couldn't load memtrack module (No such file or directory)
07-31 14:26:22.347  5887  5887 E android.os.Debug: failed to load memtrack module: -2
07-31 14:26:22.348  5887  5887 I Radio-JNI: register_android_hardware_Radio DONE
07-31 14:26:22.355  5887  5887 D AndroidRuntime: Calling main entry com.android.commands.uiautomator.Launcher
07-31 14:26:23.376  5887  5887 W AccessibilityNodeInfoDumper: Fetch time: 5ms
07-31 14:26:23.377  1655  2071 W WindowManager: Attempted to remove non-existing token: android.os.Binder@400aa97
07-31 14:26:23.385  5887  5887 D AndroidRuntime: Shutting down VM
07-31 14:26:24.368  5910  5910 D AndroidRuntime: >>>>>> START com.android.internal.os.RuntimeInit uid 0 <<<<<<
07-31 14:26:24.370  5910  5910 D AndroidRuntime: CheckJNI is OFF
07-31 14:26:24.378  5910  5910 D ICU     : No timezone override file found: /data/misc/zoneinfo/current/icu/icu_tzdata.dat
07-31 14:26:24.392  5910  5910 E memtrack: Couldn't load memtrack module (No such file or directory)
07-31 14:26:24.392  5910  5910 E android.os.Debug: failed to load memtrack module: -2
07-31 14:26:24.392  5910  5910 I Radio-JNI: register_android_hardware_Radio DONE
07-31 14:26:24.398  5910  5910 D AndroidRuntime: Calling main entry com.android.commands.uiautomator.Launcher
07-31 14:26:25.426  5910  5910 W AccessibilityNodeInfoDumper: Fetch time: 5ms
07-31 14:26:25.426  1655  1684 W WindowManager: Attempted to remove non-existing token: android.os.Binder@cd484
07-31 14:26:25.434  5910  5910 D AndroidRuntime: Shutting down VM
07-31 14:26:25.854  5928  5928 D AndroidRuntime: >>>>>> START com.android.internal.os.RuntimeInit uid 0 <<<<<<
07-31 14:26:25.856  5928  5928 D AndroidRuntime: CheckJNI is OFF
07-31 14:26:25.864  5928  5928 D ICU     : No timezone override file found: /data/misc/zoneinfo/current/icu/icu_tzdata.dat
07-31 14:26:25.879  5928  5928 E memtrack: Couldn't load memtrack module (No such file or directory)
07-31 14:26:25.879  5928  5928 E android.os.Debug: failed to load memtrack module: -2
07-31 14:26:25.879  5928  5928 I Radio-JNI: register_android_hardware_Radio DONE
07-31 14:26:25.886  5928  5928 D AndroidRuntime: Calling main entry com.android.commands.uiautomator.Launcher
07-31 14:26:26.903  5928  5928 W AccessibilityNodeInfoDumper: Fetch time: 2ms
07-31 14:26:26.903  1655  1684 W WindowManager: Attempted to remove non-existing token: android.os.Binder@4ee46d
07-31 14:26:26.911  5928  5928 D AndroidRuntime: Shutting down VM
07-31 14:26:27.967  5951  5951 D AndroidRuntime: >>>>>> START com.android.internal.os.RuntimeInit uid 0 <<<<<<
07-31 14:26:27.969  5951  5951 D AndroidRuntime: CheckJNI is OFF
07-31 14:26:27.977  5951  5951 D ICU     : No timezone override file found: /data/misc/zoneinfo/current/icu/icu_tzdata.dat
07-31 14:26:27.989  5951  5951 E memtrack: Couldn't load memtrack module (No such file or directory)
07-31 14:26:27.989  5951  5951 E android.os.Debug: failed to load memtrack module: -2
07-31 14:26:27.990  5951  5951 I Radio-JNI: register_android_hardware_Radio DONE
07-31 14:26:27.998  5951  5951 D AndroidRuntime: Calling main entry com.android.commands.uiautomator.Launcher
07-31 14:26:29.023  5951  5951 W AccessibilityNodeInfoDumper: Fetch time: 5ms
07-31 14:26:29.024  1655  2070 W WindowManager: Attempted to remove non-existing token: android.os.Binder@47ea8a2
07-31 14:26:29.035  5951  5951 D AndroidRuntime: Shutting down VM
07-31 14:26:30.076  5979  5979 D AndroidRuntime: >>>>>> START com.android.internal.os.RuntimeInit uid 0 <<<<<<
07-31 14:26:30.078  5979  5979 D AndroidRuntime: CheckJNI is OFF
07-31 14:26:30.087  5979  5979 D ICU     : No timezone override file found: /data/misc/zoneinfo/current/icu/icu_tzdata.dat
07-31 14:26:30.099  5979  5979 E memtrack: Couldn't load memtrack module (No such file or directory)
07-31 14:26:30.099  5979  5979 E android.os.Debug: failed to load memtrack module: -2
07-31 14:26:30.100  5979  5979 I Radio-JNI: register_android_hardware_Radio DONE
07-31 14:26:30.107  5979  5979 D AndroidRuntime: Calling main entry com.android.commands.uiautomator.Launcher
07-31 14:26:31.142  5979  5979 W AccessibilityNodeInfoDumper: Fetch time: 4ms
07-31 14:26:31.143  1655  2070 W WindowManager: Attempted to remove non-existing token: android.os.Binder@7c4b4f0
07-31 14:26:31.150  5979  5979 D AndroidRuntime: Shutting down VM
07-31 14:26:32.161  6005  6005 D AndroidRuntime: >>>>>> START com.android.internal.os.RuntimeInit uid 0 <<<<<<
07-31 14:26:32.162  6005  6005 D AndroidRuntime: CheckJNI is OFF
07-31 14:26:32.171  6005  6005 D ICU     : No timezone override file found: /data/misc/zoneinfo/current/icu/icu_tzdata.dat
07-31 14:26:32.184  6005  6005 E memtrack: Couldn't load memtrack module (No such file or directory)
07-31 14:26:32.184  6005  6005 E android.os.Debug: failed to load memtrack module: -2
07-31 14:26:32.185  6005  6005 I Radio-JNI: register_android_hardware_Radio DONE
07-31 14:26:32.191  6005  6005 D AndroidRuntime: Calling main entry com.android.commands.uiautomator.Launcher
07-31 14:26:33.211  6005  6005 W AccessibilityNodeInfoDumper: Fetch time: 4ms
07-31 14:26:33.211  1655  2069 W WindowManager: Attempted to remove non-existing token: android.os.Binder@f825a69
07-31 14:26:33.220  6005  6005 D AndroidRuntime: Shutting down VM
07-31 14:26:33.639  6023  6023 D AndroidRuntime: >>>>>> START com.android.internal.os.RuntimeInit uid 0 <<<<<<
07-31 14:26:33.640  6023  6023 D AndroidRuntime: CheckJNI is OFF
07-31 14:26:33.648  6023  6023 D ICU     : No timezone override file found: /data/misc/zoneinfo/current/icu/icu_tzdata.dat
07-31 14:26:33.660  6023  6023 E memtrack: Couldn't load memtrack module (No such file or directory)
07-31 14:26:33.660  6023  6023 E android.os.Debug: failed to load memtrack module: -2
07-31 14:26:33.661  6023  6023 I Radio-JNI: register_android_hardware_Radio DONE
07-31 14:26:33.668  6023  6023 D AndroidRuntime: Calling main entry com.android.commands.uiautomator.Launcher
07-31 14:26:34.685  6023  6023 W AccessibilityNodeInfoDumper: Fetch time: 4ms
07-31 14:26:34.686  1655  2086 W WindowManager: Attempted to remove non-existing token: android.os.Binder@328558f
07-31 14:26:34.695  6023  6023 D AndroidRuntime: Shutting down VM
07-31 14:26:35.671  6047  6047 D AndroidRuntime: >>>>>> START com.android.internal.os.RuntimeInit uid 0 <<<<<<
07-31 14:26:35.672  6047  6047 D AndroidRuntime: CheckJNI is OFF
07-31 14:26:35.681  6047  6047 D ICU     : No timezone override file found: /data/misc/zoneinfo/current/icu/icu_tzdata.dat
07-31 14:26:35.695  6047  6047 E memtrack: Couldn't load memtrack module (No such file or directory)
07-31 14:26:35.695  6047  6047 E android.os.Debug: failed to load memtrack module: -2
07-31 14:26:35.696  6047  6047 I Radio-JNI: register_android_hardware_Radio DONE
07-31 14:26:35.701  6047  6047 D AndroidRuntime: Calling main entry com.android.commands.uiautomator.Launcher
07-31 14:26:36.721  6047  6047 W AccessibilityNodeInfoDumper: Fetch time: 4ms
07-31 14:26:36.721  1655  2086 W WindowManager: Attempted to remove non-existing token: android.os.Binder@dd8301c
07-31 14:26:36.728  6047  6047 D AndroidRuntime: Shutting down VM
07-31 14:26:37.168  6065  6065 D AndroidRuntime: >>>>>> START com.android.internal.os.RuntimeInit uid 0 <<<<<<
07-31 14:26:37.170  6065  6065 D AndroidRuntime: CheckJNI is OFF
07-31 14:26:37.179  6065  6065 D ICU     : No timezone override file found: /data/misc/zoneinfo/current/icu/icu_tzdata.dat
07-31 14:26:37.192  6065  6065 E memtrack: Couldn't load memtrack module (No such file or directory)
07-31 14:26:37.192  6065  6065 E android.os.Debug: failed to load memtrack module: -2
07-31 14:26:37.193  6065  6065 I Radio-JNI: register_android_hardware_Radio DONE
07-31 14:26:37.199  6065  6065 D AndroidRuntime: Calling main entry com.android.commands.uiautomator.Launcher
07-31 14:26:38.220  6065  6065 W AccessibilityNodeInfoDumper: Fetch time: 3ms
07-31 14:26:38.221  1655  2086 W WindowManager: Attempted to remove non-existing token: android.os.Binder@55d3425
07-31 14:26:38.228  6065  6065 D AndroidRuntime: Shutting down VM
07-31 14:26:39.217  6088  6088 D AndroidRuntime: >>>>>> START com.android.internal.os.RuntimeInit uid 0 <<<<<<
07-31 14:26:39.218  6088  6088 D AndroidRuntime: CheckJNI is OFF
07-31 14:26:39.226  6088  6088 D ICU     : No timezone override file found: /data/misc/zoneinfo/current/icu/icu_tzdata.dat
07-31 14:26:39.241  6088  6088 E memtrack: Couldn't load memtrack module (No such file or directory)
07-31 14:26:39.241  6088  6088 E android.os.Debug: failed to load memtrack module: -2
07-31 14:26:39.241  6088  6088 I Radio-JNI: register_android_hardware_Radio DONE
07-31 14:26:39.247  6088  6088 D AndroidRuntime: Calling main entry com.android.commands.uiautomator.Launcher
07-31 14:26:40.274  6088  6088 W AccessibilityNodeInfoDumper: Fetch time: 4ms
07-31 14:26:40.274  1655  2070 W WindowManager: Attempted to remove non-existing token: android.os.Binder@830a9fa
07-31 14:26:40.282  6088  6088 D AndroidRuntime: Shutting down VM
07-31 14:26:40.708  6106  6106 D AndroidRuntime: >>>>>> START com.android.internal.os.RuntimeInit uid 0 <<<<<<
07-31 14:26:40.710  6106  6106 D AndroidRuntime: CheckJNI is OFF
07-31 14:26:40.719  6106  6106 D ICU     : No timezone override file found: /data/misc/zoneinfo/current/icu/icu_tzdata.dat
07-31 14:26:40.732  6106  6106 E memtrack: Couldn't load memtrack module (No such file or directory)
07-31 14:26:40.732  6106  6106 E android.os.Debug: failed to load memtrack module: -2
07-31 14:26:40.732  6106  6106 I Radio-JNI: register_android_hardware_Radio DONE
07-31 14:26:40.738  6106  6106 D AndroidRuntime: Calling main entry com.android.commands.uiautomator.Launcher
07-31 14:26:41.761  6106  6106 W AccessibilityNodeInfoDumper: Fetch time: 2ms
07-31 14:26:41.761  1655  2069 W WindowManager: Attempted to remove non-existing token: android.os.Binder@a463208
07-31 14:26:41.770  6106  6106 D AndroidRuntime: Shutting down VM
07-31 14:26:42.795  6131  6131 D AndroidRuntime: >>>>>> START com.android.internal.os.RuntimeInit uid 0 <<<<<<
07-31 14:26:42.797  6131  6131 D AndroidRuntime: CheckJNI is OFF
07-31 14:26:42.805  6131  6131 D ICU     : No timezone override file found: /data/misc/zoneinfo/current/icu/icu_tzdata.dat
07-31 14:26:42.816  6131  6131 E memtrack: Couldn't load memtrack module (No such file or directory)
07-31 14:26:42.816  6131  6131 E android.os.Debug: failed to load memtrack module: -2
07-31 14:26:42.817  6131  6131 I Radio-JNI: register_android_hardware_Radio DONE
07-31 14:26:42.822  6131  6131 D AndroidRuntime: Calling main entry com.android.commands.uiautomator.Launcher
07-31 14:26:43.887  6131  6131 W AccessibilityNodeInfoDumper: Fetch time: 4ms
07-31 14:26:43.887  1655  2086 W WindowManager: Attempted to remove non-existing token: android.os.Binder@d51eda1
07-31 14:26:43.893  6131  6131 D AndroidRuntime: Shutting down VM
07-31 14:26:44.296  6149  6149 D AndroidRuntime: >>>>>> START com.android.internal.os.RuntimeInit uid 0 <<<<<<
07-31 14:26:44.297  6149  6149 D AndroidRuntime: CheckJNI is OFF
07-31 14:26:44.306  6149  6149 D ICU     : No timezone override file found: /data/misc/zoneinfo/current/icu/icu_tzdata.dat
07-31 14:26:44.318  6149  6149 E memtrack: Couldn't load memtrack module (No such file or directory)
07-31 14:26:44.318  6149  6149 E android.os.Debug: failed to load memtrack module: -2
07-31 14:26:44.318  6149  6149 I Radio-JNI: register_android_hardware_Radio DONE
07-31 14:26:44.324  6149  6149 D AndroidRuntime: Calling main entry com.android.commands.uiautomator.Launcher
07-31 14:26:45.339  6149  6149 W AccessibilityNodeInfoDumper: Fetch time: 4ms
07-31 14:26:45.340  1655  1686 W WindowManager: Attempted to remove non-existing token: android.os.Binder@dcf6bc6
07-31 14:26:45.353  6149  6149 D AndroidRuntime: Shutting down VM
07-31 14:26:45.742  6162  6162 D AndroidRuntime: >>>>>> START com.android.internal.os.RuntimeInit uid 0 <<<<<<
07-31 14:26:45.743  6162  6162 D AndroidRuntime: CheckJNI is OFF
07-31 14:26:45.751  6162  6162 D ICU     : No timezone override file found: /data/misc/zoneinfo/current/icu/icu_tzdata.dat
07-31 14:26:45.761  6162  6162 E memtrack: Couldn't load memtrack module (No such file or directory)
07-31 14:26:45.761  6162  6162 E android.os.Debug: failed to load memtrack module: -2
07-31 14:26:45.762  6162  6162 I Radio-JNI: register_android_hardware_Radio DONE
07-31 14:26:45.767  6162  6162 D AndroidRuntime: Calling main entry com.android.commands.input.Input
07-31 14:26:45.768  6162  6162 I Input   : injectMotionEvent: MotionEvent { action=ACTION_DOWN, actionButton=0, id[0]=0, x[0]=1144.0, y[0]=112.0, toolType[0]=TOOL_TYPE_UNKNOWN, buttonState=0, metaState=0, flags=0x0, edgeFlags=0x0, pointerCount=1, historySize=0, eventTime=327985, downTime=327985, deviceId=0, source=0x1002 }
07-31 14:26:45.769  6162  6162 I Input   : injectMotionEvent: MotionEvent { action=ACTION_MOVE, actionButton=0, id[0]=0, x[0]=1144.0, y[0]=112.0, toolType[0]=TOOL_TYPE_UNKNOWN, buttonState=0, metaState=0, flags=0x0, edgeFlags=0x0, pointerCount=1, historySize=0, eventTime=327985, downTime=327985, deviceId=0, source=0x1002 }
07-31 14:26:45.782  6162  6162 I Input   : injectMotionEvent: MotionEvent { action=ACTION_MOVE, actionButton=0, id[0]=0, x[0]=1144.0, y[0]=112.0, toolType[0]=TOOL_TYPE_UNKNOWN, buttonState=0, metaState=0, flags=0x0, edgeFlags=0x0, pointerCount=1, historySize=0, eventTime=328000, downTime=328000, deviceId=0, source=0x1002 }
07-31 14:26:45.798  6162  6162 I Input   : injectMotionEvent: MotionEvent { action=ACTION_MOVE, actionButton=0, id[0]=0, x[0]=1144.0, y[0]=112.0, toolType[0]=TOOL_TYPE_UNKNOWN, buttonState=0, metaState=0, flags=0x0, edgeFlags=0x0, pointerCount=1, historySize=0, eventTime=328017, downTime=328017, deviceId=0, source=0x1002 }
07-31 14:26:45.815  6162  6162 I Input   : injectMotionEvent: MotionEvent { action=ACTION_MOVE, actionButton=0, id[0]=0, x[0]=1144.0, y[0]=112.0, toolType[0]=TOOL_TYPE_UNKNOWN, buttonState=0, metaState=0, flags=0x0, edgeFlags=0x0, pointerCount=1, historySize=0, eventTime=328033, downTime=328033, deviceId=0, source=0x1002 }
07-31 14:26:45.833  6162  6162 I Input   : injectMotionEvent: MotionEvent { action=ACTION_MOVE, actionButton=0, id[0]=0, x[0]=1144.0, y[0]=112.0, toolType[0]=TOOL_TYPE_UNKNOWN, buttonState=0, metaState=0, flags=0x0, edgeFlags=0x0, pointerCount=1, historySize=0, eventTime=328051, downTime=328051, deviceId=0, source=0x1002 }
07-31 14:26:45.854  6162  6162 I Input   : injectMotionEvent: MotionEvent { action=ACTION_MOVE, actionButton=0, id[0]=0, x[0]=1144.0, y[0]=112.0, toolType[0]=TOOL_TYPE_UNKNOWN, buttonState=0, metaState=0, flags=0x0, edgeFlags=0x0, pointerCount=1, historySize=0, eventTime=328072, downTime=328072, deviceId=0, source=0x1002 }
07-31 14:26:45.874  6162  6162 I Input   : injectMotionEvent: MotionEvent { action=ACTION_MOVE, actionButton=0, id[0]=0, x[0]=1144.0, y[0]=112.0, toolType[0]=TOOL_TYPE_UNKNOWN, buttonState=0, metaState=0, flags=0x0, edgeFlags=0x0, pointerCount=1, historySize=0, eventTime=328092, downTime=328092, deviceId=0, source=0x1002 }
07-31 14:26:45.881  6162  6162 I Input   : injectMotionEvent: MotionEvent { action=ACTION_MOVE, actionButton=0, id[0]=0, x[0]=1144.0, y[0]=112.0, toolType[0]=TOOL_TYPE_UNKNOWN, buttonState=0, metaState=0, flags=0x0, edgeFlags=0x0, pointerCount=1, historySize=0, eventTime=328100, downTime=328100, deviceId=0, source=0x1002 }
07-31 14:26:45.898  6162  6162 I Input   : injectMotionEvent: MotionEvent { action=ACTION_MOVE, actionButton=0, id[0]=0, x[0]=1144.0, y[0]=112.0, toolType[0]=TOOL_TYPE_UNKNOWN, buttonState=0, metaState=0, flags=0x0, edgeFlags=0x0, pointerCount=1, historySize=0, eventTime=328117, downTime=328117, deviceId=0, source=0x1002 }
07-31 14:26:45.915  6162  6162 I Input   : injectMotionEvent: MotionEvent { action=ACTION_MOVE, actionButton=0, id[0]=0, x[0]=1144.0, y[0]=112.0, toolType[0]=TOOL_TYPE_UNKNOWN, buttonState=0, metaState=0, flags=0x0, edgeFlags=0x0, pointerCount=1, historySize=0, eventTime=328134, downTime=328134, deviceId=0, source=0x1002 }
07-31 14:26:45.933  6162  6162 I Input   : injectMotionEvent: MotionEvent { action=ACTION_MOVE, actionButton=0, id[0]=0, x[0]=1144.0, y[0]=112.0, toolType[0]=TOOL_TYPE_UNKNOWN, buttonState=0, metaState=0, flags=0x0, edgeFlags=0x0, pointerCount=1, historySize=0, eventTime=328151, downTime=328151, deviceId=0, source=0x1002 }
07-31 14:26:45.949  6162  6162 I Input   : injectMotionEvent: MotionEvent { action=ACTION_MOVE, actionButton=0, id[0]=0, x[0]=1144.0, y[0]=112.0, toolType[0]=TOOL_TYPE_UNKNOWN, buttonState=0, metaState=0, flags=0x0, edgeFlags=0x0, pointerCount=1, historySize=0, eventTime=328167, downTime=328167, deviceId=0, source=0x1002 }
07-31 14:26:45.969  6162  6162 I Input   : injectMotionEvent: MotionEvent { action=ACTION_MOVE, actionButton=0, id[0]=0, x[0]=1144.0, y[0]=112.0, toolType[0]=TOOL_TYPE_UNKNOWN, buttonState=0, metaState=0, flags=0x0, edgeFlags=0x0, pointerCount=1, historySize=0, eventTime=328188, downTime=328188, deviceId=0, source=0x1002 }
07-31 14:26:45.983  6162  6162 I Input   : injectMotionEvent: MotionEvent { action=ACTION_MOVE, actionButton=0, id[0]=0, x[0]=1144.0, y[0]=112.0, toolType[0]=TOOL_TYPE_UNKNOWN, buttonState=0, metaState=0, flags=0x0, edgeFlags=0x0, pointerCount=1, historySize=0, eventTime=328201, downTime=328201, deviceId=0, source=0x1002 }
07-31 14:26:45.998  6162  6162 I Input   : injectMotionEvent: MotionEvent { action=ACTION_MOVE, actionButton=0, id[0]=0, x[0]=1144.0, y[0]=112.0, toolType[0]=TOOL_TYPE_UNKNOWN, buttonState=0, metaState=0, flags=0x0, edgeFlags=0x0, pointerCount=1, historySize=0, eventTime=328217, downTime=328217, deviceId=0, source=0x1002 }
07-31 14:26:46.015  6162  6162 I Input   : injectMotionEvent: MotionEvent { action=ACTION_MOVE, actionButton=0, id[0]=0, x[0]=1144.0, y[0]=112.0, toolType[0]=TOOL_TYPE_UNKNOWN, buttonState=0, metaState=0, flags=0x0, edgeFlags=0x0, pointerCount=1, historySize=0, eventTime=328234, downTime=328234, deviceId=0, source=0x1002 }
07-31 14:26:46.032  6162  6162 I Input   : injectMotionEvent: MotionEvent { action=ACTION_MOVE, actionButton=0, id[0]=0, x[0]=1144.0, y[0]=112.0, toolType[0]=TOOL_TYPE_UNKNOWN, buttonState=0, metaState=0, flags=0x0, edgeFlags=0x0, pointerCount=1, historySize=0, eventTime=328251, downTime=328251, deviceId=0, source=0x1002 }
07-31 14:26:46.049  6162  6162 I Input   : injectMotionEvent: MotionEvent { action=ACTION_MOVE, actionButton=0, id[0]=0, x[0]=1144.0, y[0]=112.0, toolType[0]=TOOL_TYPE_UNKNOWN, buttonState=0, metaState=0, flags=0x0, edgeFlags=0x0, pointerCount=1, historySize=0, eventTime=328267, downTime=328267, deviceId=0, source=0x1002 }
07-31 14:26:46.066  6162  6162 I Input   : injectMotionEvent: MotionEvent { action=ACTION_MOVE, actionButton=0, id[0]=0, x[0]=1144.0, y[0]=112.0, toolType[0]=TOOL_TYPE_UNKNOWN, buttonState=0, metaState=0, flags=0x0, edgeFlags=0x0, pointerCount=1, historySize=0, eventTime=328284, downTime=328284, deviceId=0, source=0x1002 }
07-31 14:26:46.082  6162  6162 I Input   : injectMotionEvent: MotionEvent { action=ACTION_MOVE, actionButton=0, id[0]=0, x[0]=1144.0, y[0]=112.0, toolType[0]=TOOL_TYPE_UNKNOWN, buttonState=0, metaState=0, flags=0x0, edgeFlags=0x0, pointerCount=1, historySize=0, eventTime=328300, downTime=328300, deviceId=0, source=0x1002 }
07-31 14:26:46.099  6162  6162 I Input   : injectMotionEvent: MotionEvent { action=ACTION_MOVE, actionButton=0, id[0]=0, x[0]=1144.0, y[0]=112.0, toolType[0]=TOOL_TYPE_UNKNOWN, buttonState=0, metaState=0, flags=0x0, edgeFlags=0x0, pointerCount=1, historySize=0, eventTime=328318, downTime=328318, deviceId=0, source=0x1002 }
07-31 14:26:46.115  6162  6162 I Input   : injectMotionEvent: MotionEvent { action=ACTION_MOVE, actionButton=0, id[0]=0, x[0]=1144.0, y[0]=112.0, toolType[0]=TOOL_TYPE_UNKNOWN, buttonState=0, metaState=0, flags=0x0, edgeFlags=0x0, pointerCount=1, historySize=0, eventTime=328334, downTime=328334, deviceId=0, source=0x1002 }
07-31 14:26:46.132  6162  6162 I Input   : injectMotionEvent: MotionEvent { action=ACTION_MOVE, actionButton=0, id[0]=0, x[0]=1144.0, y[0]=112.0, toolType[0]=TOOL_TYPE_UNKNOWN, buttonState=0, metaState=0, flags=0x0, edgeFlags=0x0, pointerCount=1, historySize=0, eventTime=328350, downTime=328350, deviceId=0, source=0x1002 }
07-31 14:26:46.148  6162  6162 I Input   : injectMotionEvent: MotionEvent { action=ACTION_MOVE, actionButton=0, id[0]=0, x[0]=1144.0, y[0]=112.0, toolType[0]=TOOL_TYPE_UNKNOWN, buttonState=0, metaState=0, flags=0x0, edgeFlags=0x0, pointerCount=1, historySize=0, eventTime=328367, downTime=328367, deviceId=0, source=0x1002 }
07-31 14:26:46.166  6162  6162 I Input   : injectMotionEvent: MotionEvent { action=ACTION_MOVE, actionButton=0, id[0]=0, x[0]=1144.0, y[0]=112.0, toolType[0]=TOOL_TYPE_UNKNOWN, buttonState=0, metaState=0, flags=0x0, edgeFlags=0x0, pointerCount=1, historySize=0, eventTime=328385, downTime=328385, deviceId=0, source=0x1002 }
07-31 14:26:46.182  6162  6162 I Input   : injectMotionEvent: MotionEvent { action=ACTION_MOVE, actionButton=0, id[0]=0, x[0]=1144.0, y[0]=112.0, toolType[0]=TOOL_TYPE_UNKNOWN, buttonState=0, metaState=0, flags=0x0, edgeFlags=0x0, pointerCount=1, historySize=0, eventTime=328400, downTime=328400, deviceId=0, source=0x1002 }
07-31 14:26:46.198  6162  6162 I Input   : injectMotionEvent: MotionEvent { action=ACTION_MOVE, actionButton=0, id[0]=0, x[0]=1144.0, y[0]=112.0, toolType[0]=TOOL_TYPE_UNKNOWN, buttonState=0, metaState=0, flags=0x0, edgeFlags=0x0, pointerCount=1, historySize=0, eventTime=328417, downTime=328417, deviceId=0, source=0x1002 }
07-31 14:26:46.215  6162  6162 I Input   : injectMotionEvent: MotionEvent { action=ACTION_MOVE, actionButton=0, id[0]=0, x[0]=1144.0, y[0]=112.0, toolType[0]=TOOL_TYPE_UNKNOWN, buttonState=0, metaState=0, flags=0x0, edgeFlags=0x0, pointerCount=1, historySize=0, eventTime=328433, downTime=328433, deviceId=0, source=0x1002 }
07-31 14:26:46.232  6162  6162 I Input   : injectMotionEvent: MotionEvent { action=ACTION_MOVE, actionButton=0, id[0]=0, x[0]=1144.0, y[0]=112.0, toolType[0]=TOOL_TYPE_UNKNOWN, buttonState=0, metaState=0, flags=0x0, edgeFlags=0x0, pointerCount=1, historySize=0, eventTime=328450, downTime=328450, deviceId=0, source=0x1002 }
07-31 14:26:46.249  6162  6162 I Input   : injectMotionEvent: MotionEvent { action=ACTION_MOVE, actionButton=0, id[0]=0, x[0]=1144.0, y[0]=112.0, toolType[0]=TOOL_TYPE_UNKNOWN, buttonState=0, metaState=0, flags=0x0, edgeFlags=0x0, pointerCount=1, historySize=0, eventTime=328467, downTime=328467, deviceId=0, source=0x1002 }
07-31 14:26:46.265  6162  6162 I Input   : injectMotionEvent: MotionEvent { action=ACTION_MOVE, actionButton=0, id[0]=0, x[0]=1144.0, y[0]=112.0, toolType[0]=TOOL_TYPE_UNKNOWN, buttonState=0, metaState=0, flags=0x0, edgeFlags=0x0, pointerCount=1, historySize=0, eventTime=328484, downTime=328484, deviceId=0, source=0x1002 }
07-31 14:26:46.282  6162  6162 I Input   : injectMotionEvent: MotionEvent { action=ACTION_MOVE, actionButton=0, id[0]=0, x[0]=1144.0, y[0]=112.0, toolType[0]=TOOL_TYPE_UNKNOWN, buttonState=0, metaState=0, flags=0x0, edgeFlags=0x0, pointerCount=1, historySize=0, eventTime=328500, downTime=328500, deviceId=0, source=0x1002 }
07-31 14:26:46.303  2738  2757 W EGL_emulation: eglSurfaceAttrib not implemented
07-31 14:26:46.303  2738  2757 W OpenGLRenderer: Failed to set EGL_SWAP_BEHAVIOR on surface 0xdf4a6260, error=EGL_SUCCESS
07-31 14:26:46.314  6162  6162 I Input   : injectMotionEvent: MotionEvent { action=ACTION_MOVE, actionButton=0, id[0]=0, x[0]=1144.0, y[0]=112.0, toolType[0]=TOOL_TYPE_UNKNOWN, buttonState=0, metaState=0, flags=0x0, edgeFlags=0x0, pointerCount=1, historySize=0, eventTime=328532, downTime=328532, deviceId=0, source=0x1002 }
07-31 14:26:46.333  6162  6162 I Input   : injectMotionEvent: MotionEvent { action=ACTION_MOVE, actionButton=0, id[0]=0, x[0]=1144.0, y[0]=112.0, toolType[0]=TOOL_TYPE_UNKNOWN, buttonState=0, metaState=0, flags=0x0, edgeFlags=0x0, pointerCount=1, historySize=0, eventTime=328551, downTime=328551, deviceId=0, source=0x1002 }
07-31 14:26:46.350  6162  6162 I Input   : injectMotionEvent: MotionEvent { action=ACTION_MOVE, actionButton=0, id[0]=0, x[0]=1144.0, y[0]=112.0, toolType[0]=TOOL_TYPE_UNKNOWN, buttonState=0, metaState=0, flags=0x0, edgeFlags=0x0, pointerCount=1, historySize=0, eventTime=328568, downTime=328568, deviceId=0, source=0x1002 }
07-31 14:26:46.365  6162  6162 I Input   : injectMotionEvent: MotionEvent { action=ACTION_MOVE, actionButton=0, id[0]=0, x[0]=1144.0, y[0]=112.0, toolType[0]=TOOL_TYPE_UNKNOWN, buttonState=0, metaState=0, flags=0x0, edgeFlags=0x0, pointerCount=1, historySize=0, eventTime=328584, downTime=328584, deviceId=0, source=0x1002 }
07-31 14:26:46.382  6162  6162 I Input   : injectMotionEvent: MotionEvent { action=ACTION_MOVE, actionButton=0, id[0]=0, x[0]=1144.0, y[0]=112.0, toolType[0]=TOOL_TYPE_UNKNOWN, buttonState=0, metaState=0, flags=0x0, edgeFlags=0x0, pointerCount=1, historySize=0, eventTime=328600, downTime=328600, deviceId=0, source=0x1002 }
07-31 14:26:46.401  6162  6162 I Input   : injectMotionEvent: MotionEvent { action=ACTION_MOVE, actionButton=0, id[0]=0, x[0]=1144.0, y[0]=112.0, toolType[0]=TOOL_TYPE_UNKNOWN, buttonState=0, metaState=0, flags=0x0, edgeFlags=0x0, pointerCount=1, historySize=0, eventTime=328619, downTime=328619, deviceId=0, source=0x1002 }
07-31 14:26:46.415  6162  6162 I Input   : injectMotionEvent: MotionEvent { action=ACTION_MOVE, actionButton=0, id[0]=0, x[0]=1144.0, y[0]=112.0, toolType[0]=TOOL_TYPE_UNKNOWN, buttonState=0, metaState=0, flags=0x0, edgeFlags=0x0, pointerCount=1, historySize=0, eventTime=328634, downTime=328634, deviceId=0, source=0x1002 }
07-31 14:26:46.434  6162  6162 I Input   : injectMotionEvent: MotionEvent { action=ACTION_MOVE, actionButton=0, id[0]=0, x[0]=1144.0, y[0]=112.0, toolType[0]=TOOL_TYPE_UNKNOWN, buttonState=0, metaState=0, flags=0x0, edgeFlags=0x0, pointerCount=1, historySize=0, eventTime=328652, downTime=328652, deviceId=0, source=0x1002 }
07-31 14:26:46.464  6162  6162 I Input   : injectMotionEvent: MotionEvent { action=ACTION_MOVE, actionButton=0, id[0]=0, x[0]=1144.0, y[0]=112.0, toolType[0]=TOOL_TYPE_UNKNOWN, buttonState=0, metaState=0, flags=0x0, edgeFlags=0x0, pointerCount=1, historySize=0, eventTime=328683, downTime=328683, deviceId=0, source=0x1002 }
07-31 14:26:46.505  6162  6162 I Input   : injectMotionEvent: MotionEvent { action=ACTION_MOVE, actionButton=0, id[0]=0, x[0]=1144.0, y[0]=112.0, toolType[0]=TOOL_TYPE_UNKNOWN, buttonState=0, metaState=0, flags=0x0, edgeFlags=0x0, pointerCount=1, historySize=0, eventTime=328723, downTime=328723, deviceId=0, source=0x1002 }
07-31 14:26:46.536  6162  6162 I Input   : injectMotionEvent: MotionEvent { action=ACTION_MOVE, actionButton=0, id[0]=0, x[0]=1144.0, y[0]=112.0, toolType[0]=TOOL_TYPE_UNKNOWN, buttonState=0, metaState=0, flags=0x0, edgeFlags=0x0, pointerCount=1, historySize=0, eventTime=328754, downTime=328754, deviceId=0, source=0x1002 }
07-31 14:26:46.549  6162  6162 I Input   : injectMotionEvent: MotionEvent { action=ACTION_MOVE, actionButton=0, id[0]=0, x[0]=1144.0, y[0]=112.0, toolType[0]=TOOL_TYPE_UNKNOWN, buttonState=0, metaState=0, flags=0x0, edgeFlags=0x0, pointerCount=1, historySize=0, eventTime=328767, downTime=328767, deviceId=0, source=0x1002 }
07-31 14:26:46.566  6162  6162 I Input   : injectMotionEvent: MotionEvent { action=ACTION_MOVE, actionButton=0, id[0]=0, x[0]=1144.0, y[0]=112.0, toolType[0]=TOOL_TYPE_UNKNOWN, buttonState=0, metaState=0, flags=0x0, edgeFlags=0x0, pointerCount=1, historySize=0, eventTime=328784, downTime=328784, deviceId=0, source=0x1002 }
07-31 14:26:46.582  6162  6162 I Input   : injectMotionEvent: MotionEvent { action=ACTION_MOVE, actionButton=0, id[0]=0, x[0]=1144.0, y[0]=112.0, toolType[0]=TOOL_TYPE_UNKNOWN, buttonState=0, metaState=0, flags=0x0, edgeFlags=0x0, pointerCount=1, historySize=0, eventTime=328800, downTime=328800, deviceId=0, source=0x1002 }
07-31 14:26:46.598  6162  6162 I Input   : injectMotionEvent: MotionEvent { action=ACTION_MOVE, actionButton=0, id[0]=0, x[0]=1144.0, y[0]=112.0, toolType[0]=TOOL_TYPE_UNKNOWN, buttonState=0, metaState=0, flags=0x0, edgeFlags=0x0, pointerCount=1, historySize=0, eventTime=328817, downTime=328817, deviceId=0, source=0x1002 }
07-31 14:26:46.615  6162  6162 I Input   : injectMotionEvent: MotionEvent { action=ACTION_MOVE, actionButton=0, id[0]=0, x[0]=1144.0, y[0]=112.0, toolType[0]=TOOL_TYPE_UNKNOWN, buttonState=0, metaState=0, flags=0x0, edgeFlags=0x0, pointerCount=1, historySize=0, eventTime=328833, downTime=328833, deviceId=0, source=0x1002 }
07-31 14:26:46.633  6162  6162 I Input   : injectMotionEvent: MotionEvent { action=ACTION_MOVE, actionButton=0, id[0]=0, x[0]=1144.0, y[0]=112.0, toolType[0]=TOOL_TYPE_UNKNOWN, buttonState=0, metaState=0, flags=0x0, edgeFlags=0x0, pointerCount=1, historySize=0, eventTime=328851, downTime=328851, deviceId=0, source=0x1002 }
07-31 14:26:46.654  6162  6162 I Input   : injectMotionEvent: MotionEvent { action=ACTION_MOVE, actionButton=0, id[0]=0, x[0]=1144.0, y[0]=112.0, toolType[0]=TOOL_TYPE_UNKNOWN, buttonState=0, metaState=0, flags=0x0, edgeFlags=0x0, pointerCount=1, historySize=0, eventTime=328873, downTime=328873, deviceId=0, source=0x1002 }
07-31 14:26:46.665  6162  6162 I Input   : injectMotionEvent: MotionEvent { action=ACTION_MOVE, actionButton=0, id[0]=0, x[0]=1144.0, y[0]=112.0, toolType[0]=TOOL_TYPE_UNKNOWN, buttonState=0, metaState=0, flags=0x0, edgeFlags=0x0, pointerCount=1, historySize=0, eventTime=328883, downTime=328883, deviceId=0, source=0x1002 }
07-31 14:26:46.682  6162  6162 I Input   : injectMotionEvent: MotionEvent { action=ACTION_MOVE, actionButton=0, id[0]=0, x[0]=1144.0, y[0]=112.0, toolType[0]=TOOL_TYPE_UNKNOWN, buttonState=0, metaState=0, flags=0x0, edgeFlags=0x0, pointerCount=1, historySize=0, eventTime=328900, downTime=328900, deviceId=0, source=0x1002 }
07-31 14:26:46.699  6162  6162 I Input   : injectMotionEvent: MotionEvent { action=ACTION_MOVE, actionButton=0, id[0]=0, x[0]=1144.0, y[0]=112.0, toolType[0]=TOOL_TYPE_UNKNOWN, buttonState=0, metaState=0, flags=0x0, edgeFlags=0x0, pointerCount=1, historySize=0, eventTime=328918, downTime=328918, deviceId=0, source=0x1002 }
07-31 14:26:46.715  6162  6162 I Input   : injectMotionEvent: MotionEvent { action=ACTION_MOVE, actionButton=0, id[0]=0, x[0]=1144.0, y[0]=112.0, toolType[0]=TOOL_TYPE_UNKNOWN, buttonState=0, metaState=0, flags=0x0, edgeFlags=0x0, pointerCount=1, historySize=0, eventTime=328933, downTime=328933, deviceId=0, source=0x1002 }
07-31 14:26:46.732  6162  6162 I Input   : injectMotionEvent: MotionEvent { action=ACTION_MOVE, actionButton=0, id[0]=0, x[0]=1144.0, y[0]=112.0, toolType[0]=TOOL_TYPE_UNKNOWN, buttonState=0, metaState=0, flags=0x0, edgeFlags=0x0, pointerCount=1, historySize=0, eventTime=328950, downTime=328950, deviceId=0, source=0x1002 }
07-31 14:26:46.754  6162  6162 I Input   : injectMotionEvent: MotionEvent { action=ACTION_MOVE, actionButton=0, id[0]=0, x[0]=1144.0, y[0]=112.0, toolType[0]=TOOL_TYPE_UNKNOWN, buttonState=0, metaState=0, flags=0x0, edgeFlags=0x0, pointerCount=1, historySize=0, eventTime=328972, downTime=328972, deviceId=0, source=0x1002 }
07-31 14:26:46.774  6162  6162 I Input   : injectMotionEvent: MotionEvent { action=ACTION_MOVE, actionButton=0, id[0]=0, x[0]=1144.0, y[0]=112.0, toolType[0]=TOOL_TYPE_UNKNOWN, buttonState=0, metaState=0, flags=0x0, edgeFlags=0x0, pointerCount=1, historySize=0, eventTime=328993, downTime=328993, deviceId=0, source=0x1002 }
07-31 14:26:46.782  6162  6162 I Input   : injectMotionEvent: MotionEvent { action=ACTION_MOVE, actionButton=0, id[0]=0, x[0]=1144.0, y[0]=112.0, toolType[0]=TOOL_TYPE_UNKNOWN, buttonState=0, metaState=0, flags=0x0, edgeFlags=0x0, pointerCount=1, historySize=0, eventTime=329000, downTime=329000, deviceId=0, source=0x1002 }
07-31 14:26:46.798  6162  6162 I Input   : injectMotionEvent: MotionEvent { action=ACTION_MOVE, actionButton=0, id[0]=0, x[0]=1144.0, y[0]=112.0, toolType[0]=TOOL_TYPE_UNKNOWN, buttonState=0, metaState=0, flags=0x0, edgeFlags=0x0, pointerCount=1, historySize=0, eventTime=329017, downTime=329017, deviceId=0, source=0x1002 }
07-31 14:26:46.815  6162  6162 I Input   : injectMotionEvent: MotionEvent { action=ACTION_MOVE, actionButton=0, id[0]=0, x[0]=1144.0, y[0]=112.0, toolType[0]=TOOL_TYPE_UNKNOWN, buttonState=0, metaState=0, flags=0x0, edgeFlags=0x0, pointerCount=1, historySize=0, eventTime=329033, downTime=329033, deviceId=0, source=0x1002 }
07-31 14:26:46.832  6162  6162 I Input   : injectMotionEvent: MotionEvent { action=ACTION_MOVE, actionButton=0, id[0]=0, x[0]=1144.0, y[0]=112.0, toolType[0]=TOOL_TYPE_UNKNOWN, buttonState=0, metaState=0, flags=0x0, edgeFlags=0x0, pointerCount=1, historySize=0, eventTime=329050, downTime=329050, deviceId=0, source=0x1002 }
07-31 14:26:46.849  6162  6162 I Input   : injectMotionEvent: MotionEvent { action=ACTION_MOVE, actionButton=0, id[0]=0, x[0]=1144.0, y[0]=112.0, toolType[0]=TOOL_TYPE_UNKNOWN, buttonState=0, metaState=0, flags=0x0, edgeFlags=0x0, pointerCount=1, historySize=0, eventTime=329067, downTime=329067, deviceId=0, source=0x1002 }
07-31 14:26:46.874  6162  6162 I Input   : injectMotionEvent: MotionEvent { action=ACTION_MOVE, actionButton=0, id[0]=0, x[0]=1144.0, y[0]=112.0, toolType[0]=TOOL_TYPE_UNKNOWN, buttonState=0, metaState=0, flags=0x0, edgeFlags=0x0, pointerCount=1, historySize=0, eventTime=329093, downTime=329093, deviceId=0, source=0x1002 }
07-31 14:26:46.882  6162  6162 I Input   : injectMotionEvent: MotionEvent { action=ACTION_MOVE, actionButton=0, id[0]=0, x[0]=1144.0, y[0]=112.0, toolType[0]=TOOL_TYPE_UNKNOWN, buttonState=0, metaState=0, flags=0x0, edgeFlags=0x0, pointerCount=1, historySize=0, eventTime=329100, downTime=329100, deviceId=0, source=0x1002 }
07-31 14:26:46.899  6162  6162 I Input   : injectMotionEvent: MotionEvent { action=ACTION_MOVE, actionButton=0, id[0]=0, x[0]=1144.0, y[0]=112.0, toolType[0]=TOOL_TYPE_UNKNOWN, buttonState=0, metaState=0, flags=0x0, edgeFlags=0x0, pointerCount=1, historySize=0, eventTime=329118, downTime=329118, deviceId=0, source=0x1002 }
07-31 14:26:46.915  6162  6162 I Input   : injectMotionEvent: MotionEvent { action=ACTION_MOVE, actionButton=0, id[0]=0, x[0]=1144.0, y[0]=112.0, toolType[0]=TOOL_TYPE_UNKNOWN, buttonState=0, metaState=0, flags=0x0, edgeFlags=0x0, pointerCount=1, historySize=0, eventTime=329133, downTime=329133, deviceId=0, source=0x1002 }
07-31 14:26:46.932  6162  6162 I Input   : injectMotionEvent: MotionEvent { action=ACTION_MOVE, actionButton=0, id[0]=0, x[0]=1144.0, y[0]=112.0, toolType[0]=TOOL_TYPE_UNKNOWN, buttonState=0, metaState=0, flags=0x0, edgeFlags=0x0, pointerCount=1, historySize=0, eventTime=329150, downTime=329150, deviceId=0, source=0x1002 }
07-31 14:26:46.949  6162  6162 I Input   : injectMotionEvent: MotionEvent { action=ACTION_MOVE, actionButton=0, id[0]=0, x[0]=1144.0, y[0]=112.0, toolType[0]=TOOL_TYPE_UNKNOWN, buttonState=0, metaState=0, flags=0x0, edgeFlags=0x0, pointerCount=1, historySize=0, eventTime=329167, downTime=329167, deviceId=0, source=0x1002 }
07-31 14:26:46.974  6162  6162 I Input   : injectMotionEvent: MotionEvent { action=ACTION_MOVE, actionButton=0, id[0]=0, x[0]=1144.0, y[0]=112.0, toolType[0]=TOOL_TYPE_UNKNOWN, buttonState=0, metaState=0, flags=0x0, edgeFlags=0x0, pointerCount=1, historySize=0, eventTime=329192, downTime=329192, deviceId=0, source=0x1002 }
07-31 14:26:46.982  6162  6162 I Input   : injectMotionEvent: MotionEvent { action=ACTION_MOVE, actionButton=0, id[0]=0, x[0]=1144.0, y[0]=112.0, toolType[0]=TOOL_TYPE_UNKNOWN, buttonState=0, metaState=0, flags=0x0, edgeFlags=0x0, pointerCount=1, historySize=0, eventTime=329200, downTime=329200, deviceId=0, source=0x1002 }
07-31 14:26:46.998  6162  6162 I Input   : injectMotionEvent: MotionEvent { action=ACTION_MOVE, actionButton=0, id[0]=0, x[0]=1144.0, y[0]=112.0, toolType[0]=TOOL_TYPE_UNKNOWN, buttonState=0, metaState=0, flags=0x0, edgeFlags=0x0, pointerCount=1, historySize=0, eventTime=329217, downTime=329217, deviceId=0, source=0x1002 }
07-31 14:26:47.015  6162  6162 I Input   : injectMotionEvent: MotionEvent { action=ACTION_MOVE, actionButton=0, id[0]=0, x[0]=1144.0, y[0]=112.0, toolType[0]=TOOL_TYPE_UNKNOWN, buttonState=0, metaState=0, flags=0x0, edgeFlags=0x0, pointerCount=1, historySize=0, eventTime=329233, downTime=329233, deviceId=0, source=0x1002 }
07-31 14:26:47.032  6162  6162 I Input   : injectMotionEvent: MotionEvent { action=ACTION_MOVE, actionButton=0, id[0]=0, x[0]=1144.0, y[0]=112.0, toolType[0]=TOOL_TYPE_UNKNOWN, buttonState=0, metaState=0, flags=0x0, edgeFlags=0x0, pointerCount=1, historySize=0, eventTime=329250, downTime=329250, deviceId=0, source=0x1002 }
07-31 14:26:47.048  6162  6162 I Input   : injectMotionEvent: MotionEvent { action=ACTION_MOVE, actionButton=0, id[0]=0, x[0]=1144.0, y[0]=112.0, toolType[0]=TOOL_TYPE_UNKNOWN, buttonState=0, metaState=0, flags=0x0, edgeFlags=0x0, pointerCount=1, historySize=0, eventTime=329267, downTime=329267, deviceId=0, source=0x1002 }
07-31 14:26:47.069  6162  6162 I Input   : injectMotionEvent: MotionEvent { action=ACTION_MOVE, actionButton=0, id[0]=0, x[0]=1144.0, y[0]=112.0, toolType[0]=TOOL_TYPE_UNKNOWN, buttonState=0, metaState=0, flags=0x0, edgeFlags=0x0, pointerCount=1, historySize=0, eventTime=329287, downTime=329287, deviceId=0, source=0x1002 }
07-31 14:26:47.082  6162  6162 I Input   : injectMotionEvent: MotionEvent { action=ACTION_MOVE, actionButton=0, id[0]=0, x[0]=1144.0, y[0]=112.0, toolType[0]=TOOL_TYPE_UNKNOWN, buttonState=0, metaState=0, flags=0x0, edgeFlags=0x0, pointerCount=1, historySize=0, eventTime=329300, downTime=329300, deviceId=0, source=0x1002 }
07-31 14:26:47.100  6162  6162 I Input   : injectMotionEvent: MotionEvent { action=ACTION_MOVE, actionButton=0, id[0]=0, x[0]=1144.0, y[0]=112.0, toolType[0]=TOOL_TYPE_UNKNOWN, buttonState=0, metaState=0, flags=0x0, edgeFlags=0x0, pointerCount=1, historySize=0, eventTime=329318, downTime=329318, deviceId=0, source=0x1002 }
07-31 14:26:47.115  6162  6162 I Input   : injectMotionEvent: MotionEvent { action=ACTION_MOVE, actionButton=0, id[0]=0, x[0]=1144.0, y[0]=112.0, toolType[0]=TOOL_TYPE_UNKNOWN, buttonState=0, metaState=0, flags=0x0, edgeFlags=0x0, pointerCount=1, historySize=0, eventTime=329333, downTime=329333, deviceId=0, source=0x1002 }
07-31 14:26:47.132  6162  6162 I Input   : injectMotionEvent: MotionEvent { action=ACTION_MOVE, actionButton=0, id[0]=0, x[0]=1144.0, y[0]=112.0, toolType[0]=TOOL_TYPE_UNKNOWN, buttonState=0, metaState=0, flags=0x0, edgeFlags=0x0, pointerCount=1, historySize=0, eventTime=329350, downTime=329350, deviceId=0, source=0x1002 }
07-31 14:26:47.148  6162  6162 I Input   : injectMotionEvent: MotionEvent { action=ACTION_MOVE, actionButton=0, id[0]=0, x[0]=1144.0, y[0]=112.0, toolType[0]=TOOL_TYPE_UNKNOWN, buttonState=0, metaState=0, flags=0x0, edgeFlags=0x0, pointerCount=1, historySize=0, eventTime=329367, downTime=329367, deviceId=0, source=0x1002 }
07-31 14:26:47.165  6162  6162 I Input   : injectMotionEvent: MotionEvent { action=ACTION_MOVE, actionButton=0, id[0]=0, x[0]=1144.0, y[0]=112.0, toolType[0]=TOOL_TYPE_UNKNOWN, buttonState=0, metaState=0, flags=0x0, edgeFlags=0x0, pointerCount=1, historySize=0, eventTime=329383, downTime=329383, deviceId=0, source=0x1002 }
07-31 14:26:47.182  6162  6162 I Input   : injectMotionEvent: MotionEvent { action=ACTION_MOVE, actionButton=0, id[0]=0, x[0]=1144.0, y[0]=112.0, toolType[0]=TOOL_TYPE_UNKNOWN, buttonState=0, metaState=0, flags=0x0, edgeFlags=0x0, pointerCount=1, historySize=0, eventTime=329400, downTime=329400, deviceId=0, source=0x1002 }
07-31 14:26:47.198  6162  6162 I Input   : injectMotionEvent: MotionEvent { action=ACTION_MOVE, actionButton=0, id[0]=0, x[0]=1144.0, y[0]=112.0, toolType[0]=TOOL_TYPE_UNKNOWN, buttonState=0, metaState=0, flags=0x0, edgeFlags=0x0, pointerCount=1, historySize=0, eventTime=329417, downTime=329417, deviceId=0, source=0x1002 }
07-31 14:26:47.215  6162  6162 I Input   : injectMotionEvent: MotionEvent { action=ACTION_MOVE, actionButton=0, id[0]=0, x[0]=1144.0, y[0]=112.0, toolType[0]=TOOL_TYPE_UNKNOWN, buttonState=0, metaState=0, flags=0x0, edgeFlags=0x0, pointerCount=1, historySize=0, eventTime=329434, downTime=329434, deviceId=0, source=0x1002 }
07-31 14:26:47.232  6162  6162 I Input   : injectMotionEvent: MotionEvent { action=ACTION_MOVE, actionButton=0, id[0]=0, x[0]=1144.0, y[0]=112.0, toolType[0]=TOOL_TYPE_UNKNOWN, buttonState=0, metaState=0, flags=0x0, edgeFlags=0x0, pointerCount=1, historySize=0, eventTime=329450, downTime=329450, deviceId=0, source=0x1002 }
07-31 14:26:47.248  6162  6162 I Input   : injectMotionEvent: MotionEvent { action=ACTION_MOVE, actionButton=0, id[0]=0, x[0]=1144.0, y[0]=112.0, toolType[0]=TOOL_TYPE_UNKNOWN, buttonState=0, metaState=0, flags=0x0, edgeFlags=0x0, pointerCount=1, historySize=0, eventTime=329467, downTime=329467, deviceId=0, source=0x1002 }
07-31 14:26:47.265  6162  6162 I Input   : injectMotionEvent: MotionEvent { action=ACTION_MOVE, actionButton=0, id[0]=0, x[0]=1144.0, y[0]=112.0, toolType[0]=TOOL_TYPE_UNKNOWN, buttonState=0, metaState=0, flags=0x0, edgeFlags=0x0, pointerCount=1, historySize=0, eventTime=329483, downTime=329483, deviceId=0, source=0x1002 }
07-31 14:26:47.282  6162  6162 I Input   : injectMotionEvent: MotionEvent { action=ACTION_MOVE, actionButton=0, id[0]=0, x[0]=1144.0, y[0]=112.0, toolType[0]=TOOL_TYPE_UNKNOWN, buttonState=0, metaState=0, flags=0x0, edgeFlags=0x0, pointerCount=1, historySize=0, eventTime=329500, downTime=329500, deviceId=0, source=0x1002 }
07-31 14:26:47.298  6162  6162 I Input   : injectMotionEvent: MotionEvent { action=ACTION_MOVE, actionButton=0, id[0]=0, x[0]=1144.0, y[0]=112.0, toolType[0]=TOOL_TYPE_UNKNOWN, buttonState=0, metaState=0, flags=0x0, edgeFlags=0x0, pointerCount=1, historySize=0, eventTime=329517, downTime=329517, deviceId=0, source=0x1002 }
07-31 14:26:47.315  6162  6162 I Input   : injectMotionEvent: MotionEvent { action=ACTION_MOVE, actionButton=0, id[0]=0, x[0]=1144.0, y[0]=112.0, toolType[0]=TOOL_TYPE_UNKNOWN, buttonState=0, metaState=0, flags=0x0, edgeFlags=0x0, pointerCount=1, historySize=0, eventTime=329533, downTime=329533, deviceId=0, source=0x1002 }
07-31 14:26:47.332  6162  6162 I Input   : injectMotionEvent: MotionEvent { action=ACTION_MOVE, actionButton=0, id[0]=0, x[0]=1144.0, y[0]=112.0, toolType[0]=TOOL_TYPE_UNKNOWN, buttonState=0, metaState=0, flags=0x0, edgeFlags=0x0, pointerCount=1, historySize=0, eventTime=329550, downTime=329550, deviceId=0, source=0x1002 }
07-31 14:26:47.348  6162  6162 I Input   : injectMotionEvent: MotionEvent { action=ACTION_MOVE, actionButton=0, id[0]=0, x[0]=1144.0, y[0]=112.0, toolType[0]=TOOL_TYPE_UNKNOWN, buttonState=0, metaState=0, flags=0x0, edgeFlags=0x0, pointerCount=1, historySize=0, eventTime=329567, downTime=329567, deviceId=0, source=0x1002 }
07-31 14:26:47.371  6162  6162 I Input   : injectMotionEvent: MotionEvent { action=ACTION_MOVE, actionButton=0, id[0]=0, x[0]=1144.0, y[0]=112.0, toolType[0]=TOOL_TYPE_UNKNOWN, buttonState=0, metaState=0, flags=0x0, edgeFlags=0x0, pointerCount=1, historySize=0, eventTime=329589, downTime=329589, deviceId=0, source=0x1002 }
07-31 14:26:47.383  6162  6162 I Input   : injectMotionEvent: MotionEvent { action=ACTION_MOVE, actionButton=0, id[0]=0, x[0]=1144.0, y[0]=112.0, toolType[0]=TOOL_TYPE_UNKNOWN, buttonState=0, metaState=0, flags=0x0, edgeFlags=0x0, pointerCount=1, historySize=0, eventTime=329601, downTime=329601, deviceId=0, source=0x1002 }
07-31 14:26:47.399  6162  6162 I Input   : injectMotionEvent: MotionEvent { action=ACTION_MOVE, actionButton=0, id[0]=0, x[0]=1144.0, y[0]=112.0, toolType[0]=TOOL_TYPE_UNKNOWN, buttonState=0, metaState=0, flags=0x0, edgeFlags=0x0, pointerCount=1, historySize=0, eventTime=329617, downTime=329617, deviceId=0, source=0x1002 }
07-31 14:26:47.415  6162  6162 I Input   : injectMotionEvent: MotionEvent { action=ACTION_MOVE, actionButton=0, id[0]=0, x[0]=1144.0, y[0]=112.0, toolType[0]=TOOL_TYPE_UNKNOWN, buttonState=0, metaState=0, flags=0x0, edgeFlags=0x0, pointerCount=1, historySize=0, eventTime=329633, downTime=329633, deviceId=0, source=0x1002 }
07-31 14:26:47.432  6162  6162 I Input   : injectMotionEvent: MotionEvent { action=ACTION_MOVE, actionButton=0, id[0]=0, x[0]=1144.0, y[0]=112.0, toolType[0]=TOOL_TYPE_UNKNOWN, buttonState=0, metaState=0, flags=0x0, edgeFlags=0x0, pointerCount=1, historySize=0, eventTime=329650, downTime=329650, deviceId=0, source=0x1002 }
