07-29 17:09:04.622   587  1061 W WindowManager: Attempted to remove non-existing token: android.os.Binder@3e5c097
07-29 17:09:04.630  4090  4090 D AndroidRuntime: Shutting down VM
07-29 17:09:05.052  4108  4108 D AndroidRuntime: >>>>>> START com.android.internal.os.RuntimeInit uid 0 <<<<<<
07-29 17:09:05.055  4108  4108 D AndroidRuntime: CheckJNI is OFF
07-29 17:09:05.063  4108  4108 D ICU     : No timezone override file found: /data/misc/zoneinfo/current/icu/icu_tzdata.dat
07-29 17:09:05.077  4108  4108 E memtrack: Couldn't load memtrack module (No such file or directory)
07-29 17:09:05.077  4108  4108 E android.os.Debug: failed to load memtrack module: -2
07-29 17:09:05.078  4108  4108 I Radio-JNI: register_android_hardware_Radio DONE
07-29 17:09:05.085  4108  4108 D AndroidRuntime: Calling main entry com.android.commands.uiautomator.Launcher
07-29 17:09:06.104  4108  4108 W AccessibilityNodeInfoDumper: Fetch time: 7ms
07-29 17:09:06.104   587   756 W WindowManager: Attempted to remove non-existing token: android.os.Binder@80ea6d
07-29 17:09:06.112  4108  4108 D AndroidRuntime: Shutting down VM
07-29 17:09:07.155   587  1735 D NetlinkSocketObserver: NeighborEvent{elapsedMs=260528, 10.0.3.2, [525400123502], RTM_NEWNEIGH, NUD_REACHABLE}
07-29 17:09:07.191  4131  4131 D AndroidRuntime: >>>>>> START com.android.internal.os.RuntimeInit uid 0 <<<<<<
07-29 17:09:07.193  4131  4131 D AndroidRuntime: CheckJNI is OFF
07-29 17:09:07.204  4131  4131 D ICU     : No timezone override file found: /data/misc/zoneinfo/current/icu/icu_tzdata.dat
07-29 17:09:07.239  4131  4131 E memtrack: Couldn't load memtrack module (No such file or directory)
07-29 17:09:07.240  4131  4131 E android.os.Debug: failed to load memtrack module: -2
07-29 17:09:07.242  4131  4131 I Radio-JNI: register_android_hardware_Radio DONE
07-29 17:09:07.253  4131  4131 D AndroidRuntime: Calling main entry com.android.commands.uiautomator.Launcher
07-29 17:09:08.284  4131  4131 W AccessibilityNodeInfoDumper: Fetch time: 6ms
07-29 17:09:08.285   587   599 W WindowManager: Attempted to remove non-existing token: android.os.Binder@b9f36a2
07-29 17:09:08.292  4131  4131 D AndroidRuntime: Shutting down VM
07-29 17:09:09.326  4159  4159 D AndroidRuntime: >>>>>> START com.android.internal.os.RuntimeInit uid 0 <<<<<<
07-29 17:09:09.328  4159  4159 D AndroidRuntime: CheckJNI is OFF
07-29 17:09:09.336  4159  4159 D ICU     : No timezone override file found: /data/misc/zoneinfo/current/icu/icu_tzdata.dat
07-29 17:09:09.347  4159  4159 E memtrack: Couldn't load memtrack module (No such file or directory)
07-29 17:09:09.347  4159  4159 E android.os.Debug: failed to load memtrack module: -2
07-29 17:09:09.348  4159  4159 I Radio-JNI: register_android_hardware_Radio DONE
07-29 17:09:09.353  4159  4159 D AndroidRuntime: Calling main entry com.android.commands.uiautomator.Launcher
07-29 17:09:10.371  4159  4159 W AccessibilityNodeInfoDumper: Fetch time: 6ms
07-29 17:09:10.371   587  1054 W WindowManager: Attempted to remove non-existing token: android.os.Binder@8bbcf33
07-29 17:09:10.379  4159  4159 D AndroidRuntime: Shutting down VM
07-29 17:09:10.853  4181  4181 D AndroidRuntime: >>>>>> START com.android.internal.os.RuntimeInit uid 0 <<<<<<
07-29 17:09:10.855  4181  4181 D AndroidRuntime: CheckJNI is OFF
07-29 17:09:10.866  4181  4181 D ICU     : No timezone override file found: /data/misc/zoneinfo/current/icu/icu_tzdata.dat
07-29 17:09:10.882  4181  4181 E memtrack: Couldn't load memtrack module (No such file or directory)
07-29 17:09:10.882  4181  4181 E android.os.Debug: failed to load memtrack module: -2
07-29 17:09:10.882  4181  4181 I Radio-JNI: register_android_hardware_Radio DONE
07-29 17:09:10.889  4181  4181 D AndroidRuntime: Calling main entry com.android.commands.uiautomator.Launcher
07-29 17:09:11.913  4181  4181 W AccessibilityNodeInfoDumper: Fetch time: 7ms
07-29 17:09:11.914   587   598 W WindowManager: Attempted to remove non-existing token: android.os.Binder@58af2f0
07-29 17:09:11.924  4181  4181 D AndroidRuntime: Shutting down VM
07-29 17:09:12.958  4204  4204 D AndroidRuntime: >>>>>> START com.android.internal.os.RuntimeInit uid 0 <<<<<<
07-29 17:09:12.960  4204  4204 D AndroidRuntime: CheckJNI is OFF
07-29 17:09:12.974  4204  4204 D ICU     : No timezone override file found: /data/misc/zoneinfo/current/icu/icu_tzdata.dat
07-29 17:09:12.990  4204  4204 E memtrack: Couldn't load memtrack module (No such file or directory)
07-29 17:09:12.990  4204  4204 E android.os.Debug: failed to load memtrack module: -2
07-29 17:09:12.990  4204  4204 I Radio-JNI: register_android_hardware_Radio DONE
07-29 17:09:12.998  4204  4204 D AndroidRuntime: Calling main entry com.android.commands.uiautomator.Launcher
07-29 17:09:14.018  4204  4204 W AccessibilityNodeInfoDumper: Fetch time: 6ms
07-29 17:09:14.018   587  1295 W WindowManager: Attempted to remove non-existing token: android.os.Binder@7cec069
07-29 17:09:14.026  4204  4204 D AndroidRuntime: Shutting down VM
07-29 17:09:14.482  4222  4222 D AndroidRuntime: >>>>>> START com.android.internal.os.RuntimeInit uid 0 <<<<<<
07-29 17:09:14.484  4222  4222 D AndroidRuntime: CheckJNI is OFF
07-29 17:09:14.496  4222  4222 D ICU     : No timezone override file found: /data/misc/zoneinfo/current/icu/icu_tzdata.dat
07-29 17:09:14.512  4222  4222 E memtrack: Couldn't load memtrack module (No such file or directory)
07-29 17:09:14.512  4222  4222 E android.os.Debug: failed to load memtrack module: -2
07-29 17:09:14.512  4222  4222 I Radio-JNI: register_android_hardware_Radio DONE
07-29 17:09:14.522  4222  4222 D AndroidRuntime: Calling main entry com.android.commands.uiautomator.Launcher
07-29 17:09:15.544  4222  4222 W AccessibilityNodeInfoDumper: Fetch time: 5ms
07-29 17:09:15.545   587   598 W WindowManager: Attempted to remove non-existing token: android.os.Binder@bde1aee
07-29 17:09:15.552  4222  4222 D AndroidRuntime: Shutting down VM
07-29 17:09:16.542  4245  4245 D AndroidRuntime: >>>>>> START com.android.internal.os.RuntimeInit uid 0 <<<<<<
07-29 17:09:16.544  4245  4245 D AndroidRuntime: CheckJNI is OFF
07-29 17:09:16.553  4245  4245 D ICU     : No timezone override file found: /data/misc/zoneinfo/current/icu/icu_tzdata.dat
07-29 17:09:16.566  4245  4245 E memtrack: Couldn't load memtrack module (No such file or directory)
07-29 17:09:16.566  4245  4245 E android.os.Debug: failed to load memtrack module: -2
07-29 17:09:16.567  4245  4245 I Radio-JNI: register_android_hardware_Radio DONE
07-29 17:09:16.572  4245  4245 D AndroidRuntime: Calling main entry com.android.commands.uiautomator.Launcher
07-29 17:09:17.591  4245  4245 W AccessibilityNodeInfoDumper: Fetch time: 5ms
07-29 17:09:17.591   587  1061 W WindowManager: Attempted to remove non-existing token: android.os.Binder@bda2b8f
07-29 17:09:17.598  4245  4245 D AndroidRuntime: Shutting down VM
07-29 17:09:18.960  4273  4273 D AndroidRuntime: >>>>>> START com.android.internal.os.RuntimeInit uid 0 <<<<<<
07-29 17:09:18.961  4273  4273 D AndroidRuntime: CheckJNI is OFF
07-29 17:09:18.969  4273  4273 D ICU     : No timezone override file found: /data/misc/zoneinfo/current/icu/icu_tzdata.dat
07-29 17:09:18.982  4273  4273 E memtrack: Couldn't load memtrack module (No such file or directory)
07-29 17:09:18.982  4273  4273 E android.os.Debug: failed to load memtrack module: -2
07-29 17:09:18.983  4273  4273 I Radio-JNI: register_android_hardware_Radio DONE
07-29 17:09:18.990  4273  4273 D AndroidRuntime: Calling main entry com.android.commands.uiautomator.Launcher
07-29 17:09:20.012  4273  4273 W AccessibilityNodeInfoDumper: Fetch time: 6ms
07-29 17:09:20.012   587  1061 W WindowManager: Attempted to remove non-existing token: android.os.Binder@4c44e1c
07-29 17:09:20.019  4273  4273 D AndroidRuntime: Shutting down VM
07-29 17:09:21.282   587  1735 D NetlinkSocketObserver: NeighborEvent{elapsedMs=274656, 10.0.3.2, [525400123502], RTM_NEWNEIGH, NUD_STALE}
07-29 17:09:22.615  4621  4621 D AndroidRuntime: >>>>>> START com.android.internal.os.RuntimeInit uid 0 <<<<<<
07-29 17:09:22.617  4621  4621 D AndroidRuntime: CheckJNI is OFF
07-29 17:09:22.625  4621  4621 D ICU     : No timezone override file found: /data/misc/zoneinfo/current/icu/icu_tzdata.dat
07-29 17:09:22.638  4621  4621 E memtrack: Couldn't load memtrack module (No such file or directory)
07-29 17:09:22.638  4621  4621 E android.os.Debug: failed to load memtrack module: -2
07-29 17:09:22.639  4621  4621 I Radio-JNI: register_android_hardware_Radio DONE
07-29 17:09:22.647  4621  4621 D AndroidRuntime: Calling main entry com.android.commands.uiautomator.Launcher
07-29 17:09:23.670  4621  4621 W AccessibilityNodeInfoDumper: Fetch time: 7ms
07-29 17:09:23.671   587  1054 W WindowManager: Attempted to remove non-existing token: android.os.Binder@514f7fa
07-29 17:09:23.678  4621  4621 D AndroidRuntime: Shutting down VM
07-29 17:09:24.138  4639  4639 D AndroidRuntime: >>>>>> START com.android.internal.os.RuntimeInit uid 0 <<<<<<
07-29 17:09:24.139  4639  4639 D AndroidRuntime: CheckJNI is OFF
07-29 17:09:24.151  4639  4639 D ICU     : No timezone override file found: /data/misc/zoneinfo/current/icu/icu_tzdata.dat
07-29 17:09:24.167  4639  4639 E memtrack: Couldn't load memtrack module (No such file or directory)
07-29 17:09:24.167  4639  4639 E android.os.Debug: failed to load memtrack module: -2
07-29 17:09:24.167  4639  4639 I Radio-JNI: register_android_hardware_Radio DONE
07-29 17:09:24.175  4639  4639 D AndroidRuntime: Calling main entry com.android.commands.uiautomator.Launcher
07-29 17:09:25.197  4639  4639 W AccessibilityNodeInfoDumper: Fetch time: 5ms
07-29 17:09:25.197   587  1295 W WindowManager: Attempted to remove non-existing token: android.os.Binder@2d7f1ab
07-29 17:09:25.206  4639  4639 D AndroidRuntime: Shutting down VM
07-29 17:09:26.200  4662  4662 D AndroidRuntime: >>>>>> START com.android.internal.os.RuntimeInit uid 0 <<<<<<
07-29 17:09:26.201  4662  4662 D AndroidRuntime: CheckJNI is OFF
07-29 17:09:26.209  4662  4662 D ICU     : No timezone override file found: /data/misc/zoneinfo/current/icu/icu_tzdata.dat
07-29 17:09:26.220  4662  4662 E memtrack: Couldn't load memtrack module (No such file or directory)
07-29 17:09:26.220  4662  4662 E android.os.Debug: failed to load memtrack module: -2
07-29 17:09:26.220  4662  4662 I Radio-JNI: register_android_hardware_Radio DONE
07-29 17:09:26.226  4662  4662 D AndroidRuntime: Calling main entry com.android.commands.uiautomator.Launcher
07-29 17:09:27.243  4662  4662 W AccessibilityNodeInfoDumper: Fetch time: 4ms
07-29 17:09:27.244   587   756 W WindowManager: Attempted to remove non-existing token: android.os.Binder@6d63008
07-29 17:09:27.252  4662  4662 D AndroidRuntime: Shutting down VM
07-29 17:09:28.270  4690  4690 D AndroidRuntime: >>>>>> START com.android.internal.os.RuntimeInit uid 0 <<<<<<
07-29 17:09:28.270  4690  4690 D AndroidRuntime: CheckJNI is OFF
07-29 17:09:28.279  4690  4690 D ICU     : No timezone override file found: /data/misc/zoneinfo/current/icu/icu_tzdata.dat
07-29 17:09:28.290  4690  4690 E memtrack: Couldn't load memtrack module (No such file or directory)
07-29 17:09:28.290  4690  4690 E android.os.Debug: failed to load memtrack module: -2
07-29 17:09:28.290  4690  4690 I Radio-JNI: register_android_hardware_Radio DONE
07-29 17:09:28.296  4690  4690 D AndroidRuntime: Calling main entry com.android.commands.uiautomator.Launcher
07-29 17:09:29.317  4690  4690 W AccessibilityNodeInfoDumper: Fetch time: 6ms
07-29 17:09:29.318   587   598 W WindowManager: Attempted to remove non-existing token: android.os.Binder@a0513a1
07-29 17:09:29.328  4690  4690 D AndroidRuntime: Shutting down VM
07-29 17:09:30.366  4716  4716 D AndroidRuntime: >>>>>> START com.android.internal.os.RuntimeInit uid 0 <<<<<<
07-29 17:09:30.368  4716  4716 D AndroidRuntime: CheckJNI is OFF
07-29 17:09:30.376  4716  4716 D ICU     : No timezone override file found: /data/misc/zoneinfo/current/icu/icu_tzdata.dat
07-29 17:09:30.387  4716  4716 E memtrack: Couldn't load memtrack module (No such file or directory)
07-29 17:09:30.387  4716  4716 E android.os.Debug: failed to load memtrack module: -2
07-29 17:09:30.388  4716  4716 I Radio-JNI: register_android_hardware_Radio DONE
07-29 17:09:30.393  4716  4716 D AndroidRuntime: Calling main entry com.android.commands.uiautomator.Launcher
07-29 17:09:31.411  4716  4716 W AccessibilityNodeInfoDumper: Fetch time: 6ms
07-29 17:09:31.412   587  1054 W WindowManager: Attempted to remove non-existing token: android.os.Binder@faa99c6
07-29 17:09:31.419  4716  4716 D AndroidRuntime: Shutting down VM
07-29 17:09:31.829  4734  4734 D AndroidRuntime: >>>>>> START com.android.internal.os.RuntimeInit uid 0 <<<<<<
07-29 17:09:31.832  4734  4734 D AndroidRuntime: CheckJNI is OFF
07-29 17:09:31.840  4734  4734 D ICU     : No timezone override file found: /data/misc/zoneinfo/current/icu/icu_tzdata.dat
07-29 17:09:31.851  4734  4734 E memtrack: Couldn't load memtrack module (No such file or directory)
07-29 17:09:31.851  4734  4734 E android.os.Debug: failed to load memtrack module: -2
07-29 17:09:31.852  4734  4734 I Radio-JNI: register_android_hardware_Radio DONE
07-29 17:09:31.857  4734  4734 D AndroidRuntime: Calling main entry com.android.commands.uiautomator.Launcher
07-29 17:09:32.877  4734  4734 W AccessibilityNodeInfoDumper: Fetch time: 6ms
07-29 17:09:32.878   587  1054 W WindowManager: Attempted to remove non-existing token: android.os.Binder@ca244b4
07-29 17:09:32.885  4734  4734 D AndroidRuntime: Shutting down VM
07-29 17:09:33.872  4757  4757 D AndroidRuntime: >>>>>> START com.android.internal.os.RuntimeInit uid 0 <<<<<<
07-29 17:09:33.873  4757  4757 D AndroidRuntime: CheckJNI is OFF
07-29 17:09:33.881  4757  4757 D ICU     : No timezone override file found: /data/misc/zoneinfo/current/icu/icu_tzdata.dat
07-29 17:09:33.892  4757  4757 E memtrack: Couldn't load memtrack module (No such file or directory)
07-29 17:09:33.892  4757  4757 E android.os.Debug: failed to load memtrack module: -2
07-29 17:09:33.892  4757  4757 I Radio-JNI: register_android_hardware_Radio DONE
07-29 17:09:33.899  4757  4757 D AndroidRuntime: Calling main entry com.android.commands.uiautomator.Launcher
07-29 17:09:34.918  4757  4757 W AccessibilityNodeInfoDumper: Fetch time: 6ms
07-29 17:09:34.918   587   749 W WindowManager: Attempted to remove non-existing token: android.os.Binder@93e48dd
07-29 17:09:34.926  4757  4757 D AndroidRuntime: Shutting down VM
07-29 17:09:35.342  4775  4775 D AndroidRuntime: >>>>>> START com.android.internal.os.RuntimeInit uid 0 <<<<<<
07-29 17:09:35.344  4775  4775 D AndroidRuntime: CheckJNI is OFF
07-29 17:09:35.352  4775  4775 D ICU     : No timezone override file found: /data/misc/zoneinfo/current/icu/icu_tzdata.dat
07-29 17:09:35.365  4775  4775 E memtrack: Couldn't load memtrack module (No such file or directory)
07-29 17:09:35.366  4775  4775 E android.os.Debug: failed to load memtrack module: -2
07-29 17:09:35.366  4775  4775 I Radio-JNI: register_android_hardware_Radio DONE
07-29 17:09:35.373  4775  4775 D AndroidRuntime: Calling main entry com.android.commands.uiautomator.Launcher
07-29 17:09:36.390  4775  4775 W AccessibilityNodeInfoDumper: Fetch time: 4ms
07-29 17:09:36.391   587  1054 W WindowManager: Attempted to remove non-existing token: android.os.Binder@1a68c52
07-29 17:09:36.399  4775  4775 D AndroidRuntime: Shutting down VM
07-29 17:09:37.402  4798  4798 D AndroidRuntime: >>>>>> START com.android.internal.os.RuntimeInit uid 0 <<<<<<
07-29 17:09:37.404  4798  4798 D AndroidRuntime: CheckJNI is OFF
07-29 17:09:37.413  4798  4798 D ICU     : No timezone override file found: /data/misc/zoneinfo/current/icu/icu_tzdata.dat
07-29 17:09:37.427  4798  4798 E memtrack: Couldn't load memtrack module (No such file or directory)
07-29 17:09:37.427  4798  4798 E android.os.Debug: failed to load memtrack module: -2
07-29 17:09:37.427  4798  4798 I Radio-JNI: register_android_hardware_Radio DONE
07-29 17:09:37.434  4798  4798 D AndroidRuntime: Calling main entry com.android.commands.uiautomator.Launcher
07-29 17:09:38.456  4798  4798 W AccessibilityNodeInfoDumper: Fetch time: 7ms
07-29 17:09:38.457   587   756 W WindowManager: Attempted to remove non-existing token: android.os.Binder@c16eb23
07-29 17:09:38.467  4798  4798 D AndroidRuntime: Shutting down VM
07-29 17:09:38.905  4816  4816 D AndroidRuntime: >>>>>> START com.android.internal.os.RuntimeInit uid 0 <<<<<<
07-29 17:09:38.908  4816  4816 D AndroidRuntime: CheckJNI is OFF
07-29 17:09:38.917  4816  4816 D ICU     : No timezone override file found: /data/misc/zoneinfo/current/icu/icu_tzdata.dat
07-29 17:09:38.932  4816  4816 E memtrack: Couldn't load memtrack module (No such file or directory)
07-29 17:09:38.932  4816  4816 E android.os.Debug: failed to load memtrack module: -2
07-29 17:09:38.932  4816  4816 I Radio-JNI: register_android_hardware_Radio DONE
07-29 17:09:38.939  4816  4816 D AndroidRuntime: Calling main entry com.android.commands.uiautomator.Launcher
07-29 17:09:39.961  4816  4816 W AccessibilityNodeInfoDumper: Fetch time: 7ms
07-29 17:09:39.961   587   749 W WindowManager: Attempted to remove non-existing token: android.os.Binder@178f820
07-29 17:09:39.969  4816  4816 D AndroidRuntime: Shutting down VM
07-29 17:09:40.983  4841  4841 D AndroidRuntime: >>>>>> START com.android.internal.os.RuntimeInit uid 0 <<<<<<
07-29 17:09:40.985  4841  4841 D AndroidRuntime: CheckJNI is OFF
07-29 17:09:40.995  4841  4841 D ICU     : No timezone override file found: /data/misc/zoneinfo/current/icu/icu_tzdata.dat
07-29 17:09:41.008  4841  4841 E memtrack: Couldn't load memtrack module (No such file or directory)
07-29 17:09:41.008  4841  4841 E android.os.Debug: failed to load memtrack module: -2
07-29 17:09:41.009  4841  4841 I Radio-JNI: register_android_hardware_Radio DONE
07-29 17:09:41.016  4841  4841 D AndroidRuntime: Calling main entry com.android.commands.uiautomator.Launcher
07-29 17:09:41.955   587  1735 D NetlinkSocketObserver: NeighborEvent{elapsedMs=295328, 10.0.3.2, [525400123502], RTM_NEWNEIGH, NUD_PROBE}
07-29 17:09:41.956   587  1735 D NetlinkSocketObserver: NeighborEvent{elapsedMs=295329, 10.0.3.2, [525400123502], RTM_NEWNEIGH, NUD_REACHABLE}
07-29 17:09:42.037  4841  4841 W AccessibilityNodeInfoDumper: Fetch time: 8ms
07-29 17:09:42.038   587   599 W WindowManager: Attempted to remove non-existing token: android.os.Binder@4db95d9
07-29 17:09:42.048  4841  4841 D AndroidRuntime: Shutting down VM
07-29 17:09:42.473  4860  4860 D AndroidRuntime: >>>>>> START com.android.internal.os.RuntimeInit uid 0 <<<<<<
07-29 17:09:42.475  4860  4860 D AndroidRuntime: CheckJNI is OFF
07-29 17:09:42.484  4860  4860 D ICU     : No timezone override file found: /data/misc/zoneinfo/current/icu/icu_tzdata.dat
07-29 17:09:42.498  4860  4860 E memtrack: Couldn't load memtrack module (No such file or directory)
07-29 17:09:42.498  4860  4860 E android.os.Debug: failed to load memtrack module: -2
07-29 17:09:42.498  4860  4860 I Radio-JNI: register_android_hardware_Radio DONE
07-29 17:09:42.504  4860  4860 D AndroidRuntime: Calling main entry com.android.commands.uiautomator.Launcher
07-29 17:09:43.529  4860  4860 W AccessibilityNodeInfoDumper: Fetch time: 7ms
07-29 17:09:43.529   587   749 W WindowManager: Attempted to remove non-existing token: android.os.Binder@7fd1b9e
07-29 17:09:43.538  4860  4860 D AndroidRuntime: Shutting down VM
07-29 17:09:43.926  4873  4873 D AndroidRuntime: >>>>>> START com.android.internal.os.RuntimeInit uid 0 <<<<<<
07-29 17:09:43.927  4873  4873 D AndroidRuntime: CheckJNI is OFF
07-29 17:09:43.936  4873  4873 D ICU     : No timezone override file found: /data/misc/zoneinfo/current/icu/icu_tzdata.dat
07-29 17:09:43.947  4873  4873 E memtrack: Couldn't load memtrack module (No such file or directory)
07-29 17:09:43.947  4873  4873 E android.os.Debug: failed to load memtrack module: -2
07-29 17:09:43.948  4873  4873 I Radio-JNI: register_android_hardware_Radio DONE
07-29 17:09:43.954  4873  4873 D AndroidRuntime: Calling main entry com.android.commands.input.Input
07-29 17:09:43.956  4873  4873 I Input   : injectMotionEvent: MotionEvent { action=ACTION_DOWN, actionButton=0, id[0]=0, x[0]=600.0, y[0]=844.0, toolType[0]=TOOL_TYPE_UNKNOWN, buttonState=0, metaState=0, flags=0x0, edgeFlags=0x0, pointerCount=1, historySize=0, eventTime=297328, downTime=297328, deviceId=0, source=0x1002 }
07-29 17:09:43.957  1872  1872 D leak-266: Eastern Standard Time
07-29 17:09:43.957  1872  1872 D leak-267: Eastern Standard Time
07-29 17:09:43.958  1872  1872 D leak-268: Eastern Standard Time
07-29 17:09:43.958  1872  1872 D leak-270: Eastern Standard Time
07-29 17:09:43.958  1872  1872 D leak-270: Eastern Standard Time
07-29 17:09:43.958  1872  1872 D leak-270: Eastern Standard Time
07-29 17:09:43.958  1872  1872 D leak-270: Eastern Standard Time
07-29 17:09:43.958  1872  1872 D leak-270: Eastern Standard Time
07-29 17:09:43.958  1872  1872 D leak-270: Eastern Standard Time
07-29 17:09:43.958  1872  1872 D leak-270: Eastern Standard Time
07-29 17:09:43.958  1872  1872 D leak-270: Eastern Standard Time
07-29 17:09:43.958  1872  1872 D leak-270: Eastern Standard Time
07-29 17:09:43.958  1872  1872 D leak-270: Eastern Standard Time
07-29 17:09:43.958  1872  1872 D leak-270: Eastern Standard Time
07-29 17:09:43.958  1872  1872 D leak-270: Eastern Standard Time
07-29 17:09:43.958  1872  1872 D leak-270: Eastern Standard Time
07-29 17:09:43.958  1872  1872 D leak-270: Eastern Standard Time
07-29 17:09:43.959  4873  4873 I Input   : injectMotionEvent: MotionEvent { action=ACTION_UP, actionButton=0, id[0]=0, x[0]=600.0, y[0]=844.0, toolType[0]=TOOL_TYPE_UNKNOWN, buttonState=0, metaState=0, flags=0x0, edgeFlags=0x0, pointerCount=1, historySize=0, eventTime=297328, downTime=297328, deviceId=0, source=0x1002 }
07-29 17:09:43.960  1872  1872 D leak-266: Eastern Standard Time
07-29 17:09:43.960  1872  1872 D leak-278: Eastern Standard Time
07-29 17:09:43.960  1872  1872 D leak-279: Eastern Standard Time
07-29 17:09:43.961  4873  4873 D AndroidRuntime: Shutting down VM
07-29 17:09:48.385  5211  5211 D AndroidRuntime: >>>>>> START com.android.internal.os.RuntimeInit uid 0 <<<<<<
07-29 17:09:48.386  5211  5211 D AndroidRuntime: CheckJNI is OFF
07-29 17:09:48.398  5211  5211 D ICU     : No timezone override file found: /data/misc/zoneinfo/current/icu/icu_tzdata.dat
07-29 17:09:48.412  5211  5211 E memtrack: Couldn't load memtrack module (No such file or directory)
07-29 17:09:48.412  5211  5211 E android.os.Debug: failed to load memtrack module: -2
07-29 17:09:48.413  5211  5211 I Radio-JNI: register_android_hardware_Radio DONE
07-29 17:09:48.419  5211  5211 D AndroidRuntime: Calling main entry com.android.commands.uiautomator.Launcher
07-29 17:09:49.440  5211  5211 W AccessibilityNodeInfoDumper: Fetch time: 6ms
07-29 17:09:49.441   587   756 W WindowManager: Attempted to remove non-existing token: android.os.Binder@f63167f
07-29 17:09:49.449  5211  5211 D AndroidRuntime: Shutting down VM
07-29 17:09:50.427  5234  5234 D AndroidRuntime: >>>>>> START com.android.internal.os.RuntimeInit uid 0 <<<<<<
07-29 17:09:50.429  5234  5234 D AndroidRuntime: CheckJNI is OFF
07-29 17:09:50.437  5234  5234 D ICU     : No timezone override file found: /data/misc/zoneinfo/current/icu/icu_tzdata.dat
07-29 17:09:50.449  5234  5234 E memtrack: Couldn't load memtrack module (No such file or directory)
07-29 17:09:50.449  5234  5234 E android.os.Debug: failed to load memtrack module: -2
07-29 17:09:50.450  5234  5234 I Radio-JNI: register_android_hardware_Radio DONE
07-29 17:09:50.456  5234  5234 D AndroidRuntime: Calling main entry com.android.commands.uiautomator.Launcher
07-29 17:09:51.476  5234  5234 W AccessibilityNodeInfoDumper: Fetch time: 6ms
07-29 17:09:51.476   587   598 W WindowManager: Attempted to remove non-existing token: android.os.Binder@345764c
07-29 17:09:51.483  5234  5234 D AndroidRuntime: Shutting down VM
07-29 17:09:51.889  5252  5252 D AndroidRuntime: >>>>>> START com.android.internal.os.RuntimeInit uid 0 <<<<<<
07-29 17:09:51.891  5252  5252 D AndroidRuntime: CheckJNI is OFF
07-29 17:09:51.898  5252  5252 D ICU     : No timezone override file found: /data/misc/zoneinfo/current/icu/icu_tzdata.dat
07-29 17:09:51.911  5252  5252 E memtrack: Couldn't load memtrack module (No such file or directory)
07-29 17:09:51.911  5252  5252 E android.os.Debug: failed to load memtrack module: -2
07-29 17:09:51.911  5252  5252 I Radio-JNI: register_android_hardware_Radio DONE
07-29 17:09:51.919  5252  5252 D AndroidRuntime: Calling main entry com.android.commands.uiautomator.Launcher
07-29 17:09:52.942  5252  5252 W AccessibilityNodeInfoDumper: Fetch time: 6ms
07-29 17:09:52.942   587   599 W WindowManager: Attempted to remove non-existing token: android.os.Binder@89b53aa
07-29 17:09:52.951  5252  5252 D AndroidRuntime: Shutting down VM
07-29 17:09:53.951  5275  5275 D AndroidRuntime: >>>>>> START com.android.internal.os.RuntimeInit uid 0 <<<<<<
07-29 17:09:53.952  5275  5275 D AndroidRuntime: CheckJNI is OFF
07-29 17:09:53.962  5275  5275 D ICU     : No timezone override file found: /data/misc/zoneinfo/current/icu/icu_tzdata.dat
07-29 17:09:53.975  5275  5275 E memtrack: Couldn't load memtrack module (No such file or directory)
07-29 17:09:53.975  5275  5275 E android.os.Debug: failed to load memtrack module: -2
07-29 17:09:53.977  5275  5275 I Radio-JNI: register_android_hardware_Radio DONE
07-29 17:09:53.986  5275  5275 D AndroidRuntime: Calling main entry com.android.commands.uiautomator.Launcher
07-29 17:09:55.006  5275  5275 W AccessibilityNodeInfoDumper: Fetch time: 7ms
07-29 17:09:55.007   587   756 W WindowManager: Attempted to remove non-existing token: android.os.Binder@d1c9b9b
07-29 17:09:55.016  5275  5275 D AndroidRuntime: Shutting down VM
07-29 17:09:56.021  5303  5303 D AndroidRuntime: >>>>>> START com.android.internal.os.RuntimeInit uid 0 <<<<<<
07-29 17:09:56.022  5303  5303 D AndroidRuntime: CheckJNI is OFF
07-29 17:09:56.029  5303  5303 D ICU     : No timezone override file found: /data/misc/zoneinfo/current/icu/icu_tzdata.dat
07-29 17:09:56.042  5303  5303 E memtrack: Couldn't load memtrack module (No such file or directory)
07-29 17:09:56.042  5303  5303 E android.os.Debug: failed to load memtrack module: -2
07-29 17:09:56.043  5303  5303 I Radio-JNI: register_android_hardware_Radio DONE
07-29 17:09:56.049  5303  5303 D AndroidRuntime: Calling main entry com.android.commands.uiautomator.Launcher
07-29 17:09:57.066  5303  5303 W AccessibilityNodeInfoDumper: Fetch time: 5ms
07-29 17:09:57.067   587   749 W WindowManager: Attempted to remove non-existing token: android.os.Binder@179ab38
07-29 17:09:57.075  5303  5303 D AndroidRuntime: Shutting down VM
07-29 17:09:58.096  5329  5329 D AndroidRuntime: >>>>>> START com.android.internal.os.RuntimeInit uid 0 <<<<<<
07-29 17:09:58.098  5329  5329 D AndroidRuntime: CheckJNI is OFF
07-29 17:09:58.106  5329  5329 D ICU     : No timezone override file found: /data/misc/zoneinfo/current/icu/icu_tzdata.dat
07-29 17:09:58.118  5329  5329 E memtrack: Couldn't load memtrack module (No such file or directory)
07-29 17:09:58.118  5329  5329 E android.os.Debug: failed to load memtrack module: -2
07-29 17:09:58.118  5329  5329 I Radio-JNI: register_android_hardware_Radio DONE
07-29 17:09:58.125  5329  5329 D AndroidRuntime: Calling main entry com.android.commands.uiautomator.Launcher
07-29 17:09:59.247  5329  5329 W AccessibilityNodeInfoDumper: Fetch time: 8ms
07-29 17:09:59.248   587   749 W WindowManager: Attempted to remove non-existing token: android.os.Binder@8492711
07-29 17:09:59.255  5329  5329 D AndroidRuntime: Shutting down VM
07-29 17:09:59.692  5347  5347 D AndroidRuntime: >>>>>> START com.android.internal.os.RuntimeInit uid 0 <<<<<<
07-29 17:09:59.694  5347  5347 D AndroidRuntime: CheckJNI is OFF
07-29 17:09:59.702  5347  5347 D ICU     : No timezone override file found: /data/misc/zoneinfo/current/icu/icu_tzdata.dat
07-29 17:09:59.716  5347  5347 E memtrack: Couldn't load memtrack module (No such file or directory)
07-29 17:09:59.716  5347  5347 E android.os.Debug: failed to load memtrack module: -2
07-29 17:09:59.716  5347  5347 I Radio-JNI: register_android_hardware_Radio DONE
07-29 17:09:59.723  5347  5347 D AndroidRuntime: Calling main entry com.android.commands.uiautomator.Launcher
07-29 17:10:00.197   587  1735 D NetlinkSocketObserver: NeighborEvent{elapsedMs=313570, 10.0.3.2, [525400123502], RTM_NEWNEIGH, NUD_STALE}
07-29 17:10:00.748  5347  5347 W AccessibilityNodeInfoDumper: Fetch time: 9ms
07-29 17:10:00.748   587  1295 W WindowManager: Attempted to remove non-existing token: android.os.Binder@9330076
07-29 17:10:00.764  5347  5347 D AndroidRuntime: Shutting down VM
07-29 17:10:01.161  5360  5360 D AndroidRuntime: >>>>>> START com.android.internal.os.RuntimeInit uid 0 <<<<<<
07-29 17:10:01.163  5360  5360 D AndroidRuntime: CheckJNI is OFF
07-29 17:10:01.174  5360  5360 D ICU     : No timezone override file found: /data/misc/zoneinfo/current/icu/icu_tzdata.dat
07-29 17:10:01.187  5360  5360 E memtrack: Couldn't load memtrack module (No such file or directory)
07-29 17:10:01.187  5360  5360 E android.os.Debug: failed to load memtrack module: -2
07-29 17:10:01.188  5360  5360 I Radio-JNI: register_android_hardware_Radio DONE
07-29 17:10:01.194  5360  5360 D AndroidRuntime: Calling main entry com.android.commands.am.Am
07-29 17:10:01.196   587  1295 I ActivityManager: Force stopping org.afhdownloader appid=10060 user=0: from pid 5360
07-29 17:10:01.196   587  1295 I ActivityManager: Killing 1872:org.afhdownloader/u0a60 (adj 0): stop org.afhdownloader
07-29 17:10:01.196   587  1295 W libprocessgroup: failed to open /acct/uid_10060/pid_1872/cgroup.procs: No such file or directory
07-29 17:10:01.197   587  1295 W ActivityManager: Scheduling restart of crashed service org.afhdownloader/.Download in 1000ms
07-29 17:10:01.197   587  1295 W ActivityManager: Force removing ActivityRecord{32c8688 u0 org.afhdownloader/.MainActivity t4}: app died, no saved state
07-29 17:10:01.201  5360  5360 D AndroidRuntime: Shutting down VM
07-29 17:10:01.220   587  1061 D GraphicsStats: Buffer count: 2
07-29 17:10:01.250  1552  1626 W EGL_emulation: eglSurfaceAttrib not implemented
07-29 17:10:01.250  1552  1626 W OpenGLRenderer: Failed to set EGL_SWAP_BEHAVIOR on surface 0xe107d400, error=EGL_SUCCESS
07-29 17:10:01.270   587   599 W InputMethodManagerService: Got RemoteException sending setActive(false) notification to pid 1872 uid 10060
07-29 17:10:01.843  1552  1626 V RenderScript: 0xde9fb000 Launching thread(s), CPUs 4
07-29 17:10:01.860  1552  1626 W OpenGLRenderer: Incorrectly called buildLayer on View: ShortcutAndWidgetContainer, destroying layer...
07-29 17:10:01.861  1552  1626 W OpenGLRenderer: Incorrectly called buildLayer on View: ShortcutAndWidgetContainer, destroying layer...
07-29 17:10:04.873  5384  5384 D AndroidRuntime: >>>>>> START com.android.internal.os.RuntimeInit uid 0 <<<<<<
07-29 17:10:04.876  5384  5384 D AndroidRuntime: CheckJNI is OFF
07-29 17:10:04.888  5384  5384 D ICU     : No timezone override file found: /data/misc/zoneinfo/current/icu/icu_tzdata.dat
07-29 17:10:04.899  5384  5384 E memtrack: Couldn't load memtrack module (No such file or directory)
07-29 17:10:04.899  5384  5384 E android.os.Debug: failed to load memtrack module: -2
07-29 17:10:04.899  5384  5384 I Radio-JNI: register_android_hardware_Radio DONE
07-29 17:10:04.905  5384  5384 D AndroidRuntime: Calling main entry com.android.commands.pm.Pm
07-29 17:10:04.910   587   601 I ActivityManager: Force stopping org.afhdownloader appid=10060 user=-1: uninstall pkg
07-29 17:10:04.921   587   648 I art     : Starting a blocking GC Explicit
07-29 17:10:04.928   587   648 I art     : Explicit concurrent mark sweep GC freed 9401(561KB) AllocSpace objects, 4(80KB) LOS objects, 33% free, 5MB/8MB, paused 215us total 7.082ms
07-29 17:10:04.930   587   648 W PackageManager: Couldn't remove dex file for package:  at location /data/app/org.afhdownloader-1/base.apk, retcode=-1
07-29 17:10:04.932  5384  5384 I art     : System.exit called, status: 0
07-29 17:10:04.932  5384  5384 I AndroidRuntime: VM exiting with result code 0.
07-29 17:10:04.933   587   648 I ActivityManager: Force stopping org.afhdownloader appid=10060 user=0: pkg removed
07-29 17:10:04.938   587   676 I InputReader: Reconfiguring input devices.  changes=0x00000010
07-29 17:10:04.944   587   587 D JobSchedulerService: Receieved: android.intent.action.PACKAGE_REMOVED
07-29 17:10:04.944   848  5395 D VoicemailCleanupService: Cleaning up data for package: org.afhdownloader
07-29 17:10:04.951   930  1152 I LatinIME:LogUtils: Dictionary info: dictionary = main:en ; version = 54 ; date = 1414726273
07-29 17:10:04.955   963   963 D CarrierServiceBindHelper: Receive action: android.intent.action.PACKAGE_REMOVED
07-29 17:10:04.963   587   749 I ActivityManager: Start proc 5401:com.android.keychain/1000 for broadcast com.android.keychain/.KeyChainBroadcastReceiver
07-29 17:10:05.006  5401  5401 E libprocessgroup: failed to make and chown /acct/uid_1000: Read-only file system
07-29 17:10:05.006  5401  5401 W Zygote  : createProcessGroup failed, kernel missing CONFIG_CGROUP_CPUACCT?
07-29 17:10:05.029  5401  5401 W System  : ClassLoader referenced unknown path: /system/app/KeyChain/lib/x86
07-29 17:10:05.031  5401  5401 W ContextImpl: Calling a method in the system process without a qualified user: android.app.ContextImpl.startService:1221 android.content.ContextWrapper.startService:581 android.content.ContextWrapper.startService:581 com.android.keychain.KeyChainBroadcastReceiver.onReceive:12 android.app.ActivityThread.handleReceiver:2725 
07-29 17:10:05.045   587   587 I ActivityManager: Start proc 5420:com.android.documentsui/u0a33 for broadcast com.android.documentsui/.PackageReceiver
07-29 17:10:05.065   587   598 I ActivityManager: Killing 1646:com.android.onetimeinitializer/u0a11 (adj 15): empty #17
07-29 17:10:05.065   587   598 W libprocessgroup: failed to open /acct/uid_10011/pid_1646/cgroup.procs: No such file or directory
07-29 17:10:05.072  5420  5420 E libprocessgroup: failed to make and chown /acct/uid_10033: Read-only file system
07-29 17:10:05.072  5420  5420 W Zygote  : createProcessGroup failed, kernel missing CONFIG_CGROUP_CPUACCT?
07-29 17:10:05.089  5420  5420 W System  : ClassLoader referenced unknown path: /system/app/DocumentsUI/lib/x86
07-29 17:10:05.119   587  1054 I ActivityManager: Start proc 5434:com.android.externalstorage/u0a7 for content provider com.android.externalstorage/.ExternalStorageProvider
07-29 17:10:05.134   587   756 I ActivityManager: Killing 1663:com.android.camera2/u0a25 (adj 15): empty #17
07-29 17:10:05.134   587   756 W libprocessgroup: failed to open /acct/uid_10025/pid_1663/cgroup.procs: No such file or directory
07-29 17:10:05.151  5434  5434 E libprocessgroup: failed to make and chown /acct/uid_10007: Read-only file system
07-29 17:10:05.151  5434  5434 W Zygote  : createProcessGroup failed, kernel missing CONFIG_CGROUP_CPUACCT?
07-29 17:10:05.161   587   599 I ActivityManager: Killing 1207:com.android.email/u0a34 (adj 15): empty #17
07-29 17:10:05.161   587   599 W libprocessgroup: failed to open /acct/uid_10034/pid_1207/cgroup.procs: No such file or directory
07-29 17:10:05.168  5434  5434 W System  : ClassLoader referenced unknown path: /system/priv-app/ExternalStorageProvider/lib/x86
07-29 17:10:05.171  5434  5434 D ExternalStorage: After updating volumes, found 1 active roots
07-29 17:10:05.181  5420  5433 D Documents: Update found 6 roots in 77ms
07-29 17:10:05.185  5420  5448 D Documents: Update found 6 roots in 11ms
07-29 17:10:05.220  5415  5415 D AndroidRuntime: >>>>>> START com.android.internal.os.RuntimeInit uid 0 <<<<<<
07-29 17:10:05.221  5415  5415 D AndroidRuntime: CheckJNI is OFF
07-29 17:10:05.232  5415  5415 D ICU     : No timezone override file found: /data/misc/zoneinfo/current/icu/icu_tzdata.dat
07-29 17:10:05.242  5415  5415 E memtrack: Couldn't load memtrack module (No such file or directory)
07-29 17:10:05.243  5415  5415 E android.os.Debug: failed to load memtrack module: -2
07-29 17:10:05.244  5415  5415 I Radio-JNI: register_android_hardware_Radio DONE
07-29 17:10:05.251  5415  5415 D AndroidRuntime: Calling main entry com.android.commands.pm.Pm
07-29 17:10:05.258  1812  1823 D DefContainer: Copying /data/local/tmp/afh_download-release-unsigned_REACH.apk to base.apk
07-29 17:10:05.264   587   648 W PackageParser: Unknown element under <manifest>: meta-data at /data/app/vmdl2055597155.tmp/base.apk Binary XML file line #16
07-29 17:10:05.330   587   648 I PackageManager.DexOptimizer: Running dexopt (dex2oat) on: /data/app/vmdl2055597155.tmp/base.apk pkg=org.afhdownloader isa=x86 vmSafeMode=false debuggable=false oatDir = /data/app/vmdl2055597155.tmp/oat
07-29 17:10:05.337  5457  5457 W dex2oat : Unexpected CPU variant for X86 using defaults: x86
07-29 17:10:05.337  5457  5457 I dex2oat : Starting dex2oat.
07-29 17:10:05.337  5457  5457 E cutils-trace: Error opening trace file: Permission denied (13)
07-29 17:10:05.420  5457  5460 W dex2oat : Before Android 4.1, method int android.support.v7.widget.ListViewCompat.lookForSelectablePosition(int, boolean) would have incorrectly overridden the package-private method in android.widget.ListView
07-29 17:10:05.429  5457  5459 W dex2oat : Before Android 4.1, method android.graphics.PorterDuffColorFilter android.support.graphics.drawable.VectorDrawableCompat.updateTintFilter(android.graphics.PorterDuffColorFilter, android.content.res.ColorStateList, android.graphics.PorterDuff$Mode) would have incorrectly overridden the package-private method in android.graphics.drawable.Drawable
07-29 17:10:06.226   587  1735 D NetlinkSocketObserver: NeighborEvent{elapsedMs=319600, 10.0.3.2, [525400123502], RTM_NEWNEIGH, NUD_PROBE}
07-29 17:10:06.227   587  1735 D NetlinkSocketObserver: NeighborEvent{elapsedMs=319600, 10.0.3.2, [525400123502], RTM_NEWNEIGH, NUD_REACHABLE}
07-29 17:10:06.256  5457  5457 I dex2oat : dex2oat took 918.354ms (threads: 4) arena alloc=8MB java alloc=3MB native alloc=20MB free=3MB
07-29 17:10:06.318   587   648 W Settings: Setting install_non_market_apps has moved from android.provider.Settings.Global to android.provider.Settings.Secure, returning read-only value.
07-29 17:10:06.318   587   648 I art     : Starting a blocking GC Explicit
07-29 17:10:06.328   587   648 I art     : Explicit concurrent mark sweep GC freed 4551(282KB) AllocSpace objects, 3(60KB) LOS objects, 33% free, 5MB/8MB, paused 268us total 9.677ms
07-29 17:10:06.332  5415  5415 I art     : System.exit called, status: 0
07-29 17:10:06.332  5415  5415 I AndroidRuntime: VM exiting with result code 0.
07-29 17:10:06.333  5420  5463 D Documents: Update found 6 roots in 1ms
07-29 17:10:06.335   587   676 I InputReader: Reconfiguring input devices.  changes=0x00000010
07-29 17:10:06.343   963   963 D CarrierServiceBindHelper: Receive action: android.intent.action.PACKAGE_ADDED
07-29 17:10:06.343   963   963 D CarrierServiceBindHelper: mHandler: 3
07-29 17:10:06.343   963   963 D CarrierConfigLoader: mHandler: 9 phoneId: 0
07-29 17:10:06.349   587   600 W VoiceInteractionManagerService: no available voice recognition services found for user 0
07-29 17:10:06.554  5472  5472 D AndroidRuntime: >>>>>> START com.android.internal.os.RuntimeInit uid 0 <<<<<<
07-29 17:10:06.556  5472  5472 D AndroidRuntime: CheckJNI is OFF
07-29 17:10:06.566  5472  5472 D ICU     : No timezone override file found: /data/misc/zoneinfo/current/icu/icu_tzdata.dat
07-29 17:10:06.577  5472  5472 E memtrack: Couldn't load memtrack module (No such file or directory)
07-29 17:10:06.578  5472  5472 E android.os.Debug: failed to load memtrack module: -2
07-29 17:10:06.578  5472  5472 I Radio-JNI: register_android_hardware_Radio DONE
07-29 17:10:06.587  5472  5472 D AndroidRuntime: Calling main entry com.android.commands.monkey.Monkey
07-29 17:10:06.600   587   601 W BroadcastQueue: Skipping deliver [background] BroadcastRecord{9f22610 u-1 android.net.conn.CONNECTIVITY_CHANGE} to ReceiverList{4134509 5472 (unknown name)/0/u-1 remote:95b2cc2}: process crashing
07-29 17:10:06.604   587   749 I ActivityManager: START u0 {act=android.intent.action.MAIN cat=[android.intent.category.LAUNCHER] flg=0x10200000 cmp=org.afhdownloader/.MainActivity} from uid 0 on display 0
07-29 17:10:06.625   587   599 I ActivityManager: Start proc 5481:org.afhdownloader/u0a61 for activity org.afhdownloader/.MainActivity
07-29 17:10:06.625   587   602 D Sensors : batch handle 1, but there is no batch sensor in genymotion
07-29 17:10:06.633  5472  5472 I art     : System.exit called, status: 0
07-29 17:10:06.633  5472  5472 I AndroidRuntime: VM exiting with result code 0.
07-29 17:10:06.651  5481  5481 E libprocessgroup: failed to make and chown /acct/uid_10061: Read-only file system
07-29 17:10:06.651  5481  5481 W Zygote  : createProcessGroup failed, kernel missing CONFIG_CGROUP_CPUACCT?
07-29 17:10:06.744  5481  5481 W System  : ClassLoader referenced unknown path: /data/app/org.afhdownloader-1/lib/x86
07-29 17:10:06.746  5481  5481 D leak-6  : Eastern Standard Time
07-29 17:10:06.747  5481  5481 D leak-86 : Eastern Standard Time
07-29 17:10:06.750  5481  5481 W art     : Before Android 4.1, method android.graphics.PorterDuffColorFilter android.support.graphics.drawable.VectorDrawableCompat.updateTintFilter(android.graphics.PorterDuffColorFilter, android.content.res.ColorStateList, android.graphics.PorterDuff$Mode) would have incorrectly overridden the package-private method in android.graphics.drawable.Drawable
07-29 17:10:06.755  5481  5481 D leak-87 : Eastern Standard Time
07-29 17:10:06.771  5481  5481 D leak-169: Eastern Standard Time
07-29 17:10:06.771  5481  5481 D leak-170: Eastern Standard Time
07-29 17:10:06.771  5481  5481 D leak-171: Eastern Standard Time
07-29 17:10:06.782  5481  5481 D leak-202: Eastern Standard Time
07-29 17:10:06.782  5481  5481 D leak-203: Eastern Standard Time
07-29 17:10:06.783  5481  5481 D leak-202: Eastern Standard Time
07-29 17:10:06.783  5481  5481 D leak-203: Eastern Standard Time
07-29 17:10:06.784  5481  5481 D leak-91 : Eastern Standard Time
07-29 17:10:06.784  5481  5481 D leak-93 : Eastern Standard Time
07-29 17:10:06.784  5481  5481 D leak-96 : Eastern Standard Time
07-29 17:10:06.787  5481  5481 D leak-97 : Eastern Standard Time
07-29 17:10:06.787  5481  5481 D leak-98 : Eastern Standard Time
07-29 17:10:06.791  5481  5481 D leak-162: Eastern Standard Time
07-29 17:10:06.801  5481  5499 D OpenGLRenderer: Use EGL_SWAP_BEHAVIOR_PRESERVED: true
07-29 17:10:06.803  5481  5481 D         : HostConnection::get() New Host Connection established 0xe9b12b30, tid 5481
07-29 17:10:06.840  5481  5481 D leak-6  : Eastern Standard Time
07-29 17:10:06.840  5481  5481 D leak-7  : Eastern Standard Time
07-29 17:10:06.840  5481  5481 D leak-8  : Eastern Standard Time
07-29 17:10:06.840  5481  5481 D leak-9  : Eastern Standard Time
07-29 17:10:06.840  5481  5481 D leak-13 : Eastern Standard Time
07-29 17:10:06.841  5481  5501 D leak-14 : Eastern Standard Time
07-29 17:10:06.841  5481  5501 D leak-17 : Eastern Standard Time
07-29 17:10:06.841  5481  5501 D afhdownloader_Download: Fetch: https://androidfilehost.com/?w=files&flid=39788
07-29 17:10:06.841  5481  5501 D leak-18 : Eastern Standard Time
07-29 17:10:06.882  5481  5499 D libEGL  : loaded /system/lib/egl/libEGL_emulation.so
07-29 17:10:06.883  5481  5499 D libEGL  : loaded /system/lib/egl/libGLESv1_CM_emulation.so
07-29 17:10:06.914  5481  5499 D libEGL  : loaded /system/lib/egl/libGLESv2_emulation.so
07-29 17:10:07.001  5481  5499 D         : HostConnection::get() New Host Connection established 0xee8d28c0, tid 5499
07-29 17:10:07.045  5481  5499 I OpenGLRenderer: Initialized EGL, version 1.4
07-29 17:10:07.101  1552  1626 E Surface : getSlotFromBufferLocked: unknown buffer: 0xdfddd680
07-29 17:10:07.103  5481  5499 W EGL_emulation: eglSurfaceAttrib not implemented
07-29 17:10:07.104  5481  5499 W OpenGLRenderer: Failed to set EGL_SWAP_BEHAVIOR on surface 0xee8d3620, error=EGL_SUCCESS
07-29 17:10:07.256  5481  5481 D leak-99 : Eastern Standard Time
07-29 17:10:07.284   587   606 I ActivityManager: Displayed org.afhdownloader/.MainActivity: +670ms
07-29 17:10:07.895  5481  5501 D leak-19 : Eastern Standard Time
07-29 17:10:07.895  5481  5501 D leak-19 : Eastern Standard Time
07-29 17:10:07.895  5481  5501 D leak-19 : Eastern Standard Time
07-29 17:10:07.895  5481  5501 D leak-19 : Eastern Standard Time
07-29 17:10:07.895  5481  5501 D leak-19 : Eastern Standard Time
07-29 17:10:07.895  5481  5501 D leak-19 : Eastern Standard Time
07-29 17:10:07.895  5481  5501 D leak-19 : Eastern Standard Time
07-29 17:10:07.895  5481  5501 D leak-19 : Eastern Standard Time
07-29 17:10:07.895  5481  5501 D leak-19 : Eastern Standard Time
07-29 17:10:07.895  5481  5501 D leak-19 : Eastern Standard Time
07-29 17:10:07.895  5481  5501 D leak-19 : Eastern Standard Time
07-29 17:10:07.895  5481  5501 D leak-19 : Eastern Standard Time
07-29 17:10:07.895  5481  5501 D leak-19 : Eastern Standard Time
07-29 17:10:07.895  5481  5501 D leak-19 : Eastern Standard Time
07-29 17:10:07.895  5481  5501 D leak-20 : Eastern Standard Time
07-29 17:10:07.896  5481  5481 D leak-15 : Eastern Standard Time
07-29 17:10:07.896  5481  5481 D leak-16 : Eastern Standard Time
07-29 17:10:07.896  5481  5481 D leak-117: Eastern Standard Time
07-29 17:10:07.897  5481  5481 W afhdownloader_MainActivity: Download
07-29 17:10:07.897  5481  5481 D leak-202: Eastern Standard Time
07-29 17:10:07.897  5481  5481 D leak-203: Eastern Standard Time
07-29 17:10:07.898  5481  5481 D leak-120: Eastern Standard Time
07-29 17:10:07.898  5481  5481 D leak-121: Eastern Standard Time
07-29 17:10:07.898  5481  5481 D leak-123: Eastern Standard Time
07-29 17:10:07.899  5481  5481 D leak-124: Eastern Standard Time
07-29 17:10:07.899  5481  5481 D leak-123: Eastern Standard Time
07-29 17:10:07.899  5481  5481 D leak-124: Eastern Standard Time
07-29 17:10:07.899  5481  5481 D leak-123: Eastern Standard Time
07-29 17:10:07.899  5481  5481 D leak-124: Eastern Standard Time
07-29 17:10:07.899  5481  5481 D leak-123: Eastern Standard Time
07-29 17:10:07.899  5481  5481 D leak-124: Eastern Standard Time
07-29 17:10:07.899  5481  5481 D leak-123: Eastern Standard Time
07-29 17:10:07.899  5481  5481 D leak-124: Eastern Standard Time
07-29 17:10:07.899  5481  5481 D leak-123: Eastern Standard Time
07-29 17:10:07.899  5481  5481 D leak-124: Eastern Standard Time
07-29 17:10:07.899  5481  5481 D leak-123: Eastern Standard Time
07-29 17:10:07.899  5481  5481 D leak-124: Eastern Standard Time
07-29 17:10:07.899  5481  5481 D leak-123: Eastern Standard Time
07-29 17:10:07.899  5481  5481 D leak-124: Eastern Standard Time
07-29 17:10:07.899  5481  5481 D leak-123: Eastern Standard Time
07-29 17:10:07.899  5481  5481 D leak-124: Eastern Standard Time
07-29 17:10:07.899  5481  5481 D leak-123: Eastern Standard Time
07-29 17:10:07.899  5481  5481 D leak-124: Eastern Standard Time
07-29 17:10:07.899  5481  5481 D leak-123: Eastern Standard Time
07-29 17:10:07.899  5481  5481 D leak-124: Eastern Standard Time
07-29 17:10:07.899  5481  5481 D leak-123: Eastern Standard Time
07-29 17:10:07.899  5481  5481 D leak-124: Eastern Standard Time
07-29 17:10:07.899  5481  5481 D leak-123: Eastern Standard Time
07-29 17:10:07.899  5481  5481 D leak-124: Eastern Standard Time
07-29 17:10:07.899  5481  5481 D leak-123: Eastern Standard Time
07-29 17:10:07.899  5481  5481 D leak-124: Eastern Standard Time
07-29 17:10:07.899  5481  5481 D leak-6  : Eastern Standard Time
07-29 17:10:07.899  5481  5481 D leak-304: Eastern Standard Time
07-29 17:10:07.899  5481  5481 D leak-305: Eastern Standard Time
07-29 17:10:07.899  5481  5481 D leak-133: Eastern Standard Time
07-29 17:10:07.899  5481  5481 D leak-259: Eastern Standard Time
07-29 17:10:07.899  5481  5481 D leak-260: Eastern Standard Time
07-29 17:10:07.899  5481  5481 D leak-143: Eastern Standard Time
07-29 17:10:07.910  5481  5481 D leak-306: Eastern Standard Time
07-29 17:10:07.910  5481  5481 D leak-307: Eastern Standard Time
07-29 17:10:07.910  5481  5481 D leak-315: Eastern Standard Time
07-29 17:10:07.910  5481  5481 D leak-309: Eastern Standard Time
07-29 17:10:07.911  5481  5481 D leak-306: Eastern Standard Time
07-29 17:10:07.911  5481  5481 D leak-308: Eastern Standard Time
07-29 17:10:07.911  5481  5481 D leak-309: Eastern Standard Time
07-29 17:10:07.911  5481  5481 D leak-306: Eastern Standard Time
07-29 17:10:07.911  5481  5481 D leak-308: Eastern Standard Time
07-29 17:10:07.911  5481  5481 D leak-309: Eastern Standard Time
07-29 17:10:07.911  5481  5481 D leak-306: Eastern Standard Time
07-29 17:10:07.911  5481  5481 D leak-308: Eastern Standard Time
07-29 17:10:07.911  5481  5481 D leak-309: Eastern Standard Time
07-29 17:10:07.911  5481  5481 D leak-306: Eastern Standard Time
07-29 17:10:07.911  5481  5481 D leak-308: Eastern Standard Time
07-29 17:10:07.911  5481  5481 D leak-309: Eastern Standard Time
07-29 17:10:07.911  5481  5481 D leak-306: Eastern Standard Time
07-29 17:10:07.911  5481  5481 D leak-308: Eastern Standard Time
07-29 17:10:07.911  5481  5481 D leak-309: Eastern Standard Time
07-29 17:10:07.911  5481  5481 D leak-306: Eastern Standard Time
07-29 17:10:07.911  5481  5481 D leak-308: Eastern Standard Time
07-29 17:10:07.911  5481  5481 D leak-309: Eastern Standard Time
07-29 17:10:07.912  5481  5481 D leak-306: Eastern Standard Time
07-29 17:10:07.912  5481  5481 D leak-308: Eastern Standard Time
07-29 17:10:07.912  5481  5481 D leak-309: Eastern Standard Time
07-29 17:10:07.912  5481  5481 D leak-306: Eastern Standard Time
07-29 17:10:07.912  5481  5481 D leak-308: Eastern Standard Time
