07-29 17:11:30.839  7024  7024 E memtrack: Couldn't load memtrack module (No such file or directory)
07-29 17:11:30.839  7024  7024 E android.os.Debug: failed to load memtrack module: -2
07-29 17:11:30.840  7024  7024 I Radio-JNI: register_android_hardware_Radio DONE
07-29 17:11:30.847  7024  7024 D AndroidRuntime: Calling main entry com.android.commands.uiautomator.Launcher
07-29 17:11:31.867  7024  7024 W AccessibilityNodeInfoDumper: Fetch time: 2ms
07-29 17:11:31.868   587   756 W WindowManager: Attempted to remove non-existing token: android.os.Binder@4d3d039
07-29 17:11:31.874  7024  7024 D AndroidRuntime: Shutting down VM
07-29 17:11:32.283  7042  7042 D AndroidRuntime: >>>>>> START com.android.internal.os.RuntimeInit uid 0 <<<<<<
07-29 17:11:32.285  7042  7042 D AndroidRuntime: CheckJNI is OFF
07-29 17:11:32.295  7042  7042 D ICU     : No timezone override file found: /data/misc/zoneinfo/current/icu/icu_tzdata.dat
07-29 17:11:32.311  7042  7042 E memtrack: Couldn't load memtrack module (No such file or directory)
07-29 17:11:32.311  7042  7042 E android.os.Debug: failed to load memtrack module: -2
07-29 17:11:32.316  7042  7042 I Radio-JNI: register_android_hardware_Radio DONE
07-29 17:11:32.325  7042  7042 D AndroidRuntime: Calling main entry com.android.commands.uiautomator.Launcher
07-29 17:11:33.345  7042  7042 W AccessibilityNodeInfoDumper: Fetch time: 2ms
07-29 17:11:33.345   587   598 W WindowManager: Attempted to remove non-existing token: android.os.Binder@cb7367e
07-29 17:11:33.353  7042  7042 D AndroidRuntime: Shutting down VM
07-29 17:11:33.749  7055  7055 D AndroidRuntime: >>>>>> START com.android.internal.os.RuntimeInit uid 0 <<<<<<
07-29 17:11:33.750  7055  7055 D AndroidRuntime: CheckJNI is OFF
07-29 17:11:33.760  7055  7055 D ICU     : No timezone override file found: /data/misc/zoneinfo/current/icu/icu_tzdata.dat
07-29 17:11:33.774  7055  7055 E memtrack: Couldn't load memtrack module (No such file or directory)
07-29 17:11:33.774  7055  7055 E android.os.Debug: failed to load memtrack module: -2
07-29 17:11:33.775  7055  7055 I Radio-JNI: register_android_hardware_Radio DONE
07-29 17:11:33.784  7055  7055 D AndroidRuntime: Calling main entry com.android.commands.input.Input
07-29 17:11:33.785  7055  7055 I Input   : injectMotionEvent: MotionEvent { action=ACTION_DOWN, actionButton=0, id[0]=0, x[0]=980.0, y[0]=208.0, toolType[0]=TOOL_TYPE_UNKNOWN, buttonState=0, metaState=0, flags=0x0, edgeFlags=0x0, pointerCount=1, historySize=0, eventTime=407158, downTime=407158, deviceId=0, source=0x1002 }
07-29 17:11:33.788  7055  7055 I Input   : injectMotionEvent: MotionEvent { action=ACTION_UP, actionButton=0, id[0]=0, x[0]=980.0, y[0]=208.0, toolType[0]=TOOL_TYPE_UNKNOWN, buttonState=0, metaState=0, flags=0x0, edgeFlags=0x0, pointerCount=1, historySize=0, eventTime=407158, downTime=407158, deviceId=0, source=0x1002 }
07-29 17:11:33.789  7055  7055 D AndroidRuntime: Shutting down VM
07-29 17:11:33.853  5481  5481 D leak-100: Eastern Standard Time
07-29 17:11:33.853  5481  5481 D leak-102: Eastern Standard Time
07-29 17:11:33.853  5481  5481 D leak-97 : Eastern Standard Time
07-29 17:11:33.853  5481  5481 D leak-98 : Eastern Standard Time
07-29 17:11:33.863  5481  5481 D leak-8  : Eastern Standard Time
07-29 17:11:33.863  5481  5481 D leak-9  : Eastern Standard Time
07-29 17:11:33.863  5481  5481 D leak-13 : Eastern Standard Time
07-29 17:11:33.865  5481  7064 D leak-14 : Eastern Standard Time
07-29 17:11:33.865  5481  7064 D leak-17 : Eastern Standard Time
07-29 17:11:33.865  5481  7064 D afhdownloader_Download: Fetch: https://androidfilehost.com/?w=files&flid=39788
07-29 17:11:33.865  5481  7064 D leak-18 : Eastern Standard Time
07-29 17:11:34.100   265   658 D AudioFlinger: mixer(0xf1d80000) throttle end: throttle time(11)
07-29 17:11:34.348  5481  5499 E Surface : getSlotFromBufferLocked: unknown buffer: 0xe0c478c0
07-29 17:11:34.350  5481  5499 D OpenGLRenderer: endAllStagingAnimators on 0xdfd20280 (MenuPopupWindow$MenuDropDownListView) with handle 0xe013f170
07-29 17:11:34.979  5481  7064 D leak-19 : Eastern Standard Time
07-29 17:11:34.979  5481  7064 D leak-19 : Eastern Standard Time
07-29 17:11:34.979  5481  7064 D leak-19 : Eastern Standard Time
07-29 17:11:34.979  5481  7064 D leak-19 : Eastern Standard Time
07-29 17:11:34.979  5481  7064 D leak-19 : Eastern Standard Time
07-29 17:11:34.979  5481  7064 D leak-19 : Eastern Standard Time
07-29 17:11:34.979  5481  7064 D leak-19 : Eastern Standard Time
07-29 17:11:34.979  5481  7064 D leak-19 : Eastern Standard Time
07-29 17:11:34.980  5481  7064 D leak-19 : Eastern Standard Time
07-29 17:11:34.980  5481  7064 D leak-19 : Eastern Standard Time
07-29 17:11:34.980  5481  7064 D leak-19 : Eastern Standard Time
07-29 17:11:34.980  5481  7064 D leak-19 : Eastern Standard Time
07-29 17:11:34.980  5481  7064 D leak-19 : Eastern Standard Time
07-29 17:11:34.980  5481  7064 D leak-19 : Eastern Standard Time
07-29 17:11:34.980  5481  7064 D leak-20 : Eastern Standard Time
07-29 17:11:34.981  5481  5481 D leak-15 : Eastern Standard Time
07-29 17:11:34.981  5481  5481 D leak-16 : Eastern Standard Time
07-29 17:11:34.981  5481  5481 D leak-117: Eastern Standard Time
07-29 17:11:34.982  5481  5481 W afhdownloader_MainActivity: Download
07-29 17:11:34.982  5481  5481 D leak-202: Eastern Standard Time
07-29 17:11:34.982  5481  5481 D leak-203: Eastern Standard Time
07-29 17:11:34.983  5481  5481 D leak-120: Eastern Standard Time
07-29 17:11:34.983  5481  5481 D leak-121: Eastern Standard Time
07-29 17:11:34.984  5481  5481 D leak-123: Eastern Standard Time
07-29 17:11:34.984  5481  5481 D leak-124: Eastern Standard Time
07-29 17:11:34.984  5481  5481 D leak-123: Eastern Standard Time
07-29 17:11:34.984  5481  5481 D leak-124: Eastern Standard Time
07-29 17:11:34.984  5481  5481 D leak-123: Eastern Standard Time
07-29 17:11:34.984  5481  5481 D leak-124: Eastern Standard Time
07-29 17:11:34.984  5481  5481 D leak-123: Eastern Standard Time
07-29 17:11:34.984  5481  5481 D leak-124: Eastern Standard Time
07-29 17:11:34.984  5481  5481 D leak-123: Eastern Standard Time
07-29 17:11:34.984  5481  5481 D leak-124: Eastern Standard Time
07-29 17:11:34.984  5481  5481 D leak-123: Eastern Standard Time
07-29 17:11:34.984  5481  5481 D leak-124: Eastern Standard Time
07-29 17:11:34.984  5481  5481 D leak-123: Eastern Standard Time
07-29 17:11:34.984  5481  5481 D leak-124: Eastern Standard Time
07-29 17:11:34.984  5481  5481 D leak-123: Eastern Standard Time
07-29 17:11:34.984  5481  5481 D leak-124: Eastern Standard Time
07-29 17:11:34.984  5481  5481 D leak-123: Eastern Standard Time
07-29 17:11:34.984  5481  5481 D leak-124: Eastern Standard Time
07-29 17:11:34.984  5481  5481 D leak-123: Eastern Standard Time
07-29 17:11:34.984  5481  5481 D leak-124: Eastern Standard Time
07-29 17:11:34.984  5481  5481 D leak-123: Eastern Standard Time
07-29 17:11:34.984  5481  5481 D leak-124: Eastern Standard Time
07-29 17:11:34.984  5481  5481 D leak-123: Eastern Standard Time
07-29 17:11:34.984  5481  5481 D leak-124: Eastern Standard Time
07-29 17:11:34.984  5481  5481 D leak-123: Eastern Standard Time
07-29 17:11:34.984  5481  5481 D leak-124: Eastern Standard Time
07-29 17:11:34.984  5481  5481 D leak-123: Eastern Standard Time
07-29 17:11:34.984  5481  5481 D leak-124: Eastern Standard Time
07-29 17:11:34.984  5481  5481 D leak-304: Eastern Standard Time
07-29 17:11:34.984  5481  5481 D leak-305: Eastern Standard Time
07-29 17:11:34.984  5481  5481 D leak-133: Eastern Standard Time
07-29 17:11:34.984  5481  5481 D leak-259: Eastern Standard Time
07-29 17:11:34.984  5481  5481 D leak-260: Eastern Standard Time
07-29 17:11:34.984  5481  5481 D leak-143: Eastern Standard Time
07-29 17:11:34.988  5481  5481 D leak-306: Eastern Standard Time
07-29 17:11:34.988  5481  5481 D leak-307: Eastern Standard Time
07-29 17:11:34.988  5481  5481 D leak-315: Eastern Standard Time
07-29 17:11:34.988  5481  5481 D leak-309: Eastern Standard Time
07-29 17:11:34.988  5481  5481 D leak-306: Eastern Standard Time
07-29 17:11:34.988  5481  5481 D leak-308: Eastern Standard Time
07-29 17:11:34.988  5481  5481 D leak-309: Eastern Standard Time
07-29 17:11:34.988  5481  5481 D leak-306: Eastern Standard Time
07-29 17:11:34.988  5481  5481 D leak-308: Eastern Standard Time
07-29 17:11:34.988  5481  5481 D leak-309: Eastern Standard Time
07-29 17:11:34.988  5481  5481 D leak-306: Eastern Standard Time
07-29 17:11:34.989  5481  5481 D leak-308: Eastern Standard Time
07-29 17:11:34.989  5481  5481 D leak-309: Eastern Standard Time
07-29 17:11:34.989  5481  5481 D leak-306: Eastern Standard Time
07-29 17:11:34.989  5481  5481 D leak-308: Eastern Standard Time
07-29 17:11:34.989  5481  5481 D leak-309: Eastern Standard Time
07-29 17:11:34.989  5481  5481 D leak-306: Eastern Standard Time
07-29 17:11:34.989  5481  5481 D leak-308: Eastern Standard Time
07-29 17:11:34.989  5481  5481 D leak-309: Eastern Standard Time
07-29 17:11:34.989  5481  5481 D leak-306: Eastern Standard Time
07-29 17:11:34.989  5481  5481 D leak-308: Eastern Standard Time
07-29 17:11:34.989  5481  5481 D leak-309: Eastern Standard Time
07-29 17:11:34.989  5481  5481 D leak-306: Eastern Standard Time
07-29 17:11:34.989  5481  5481 D leak-308: Eastern Standard Time
07-29 17:11:34.989  5481  5481 D leak-309: Eastern Standard Time
07-29 17:11:34.989  5481  5481 D leak-306: Eastern Standard Time
07-29 17:11:34.989  5481  5481 D leak-308: Eastern Standard Time
07-29 17:11:34.989  5481  5481 D leak-309: Eastern Standard Time
07-29 17:11:34.989  5481  5481 D leak-306: Eastern Standard Time
07-29 17:11:34.989  5481  5481 D leak-308: Eastern Standard Time
07-29 17:11:34.989  5481  5481 D leak-309: Eastern Standard Time
07-29 17:11:34.989  5481  5481 D leak-306: Eastern Standard Time
07-29 17:11:34.989  5481  5481 D leak-308: Eastern Standard Time
07-29 17:11:34.989  5481  5481 D leak-309: Eastern Standard Time
07-29 17:11:34.989  5481  5481 D leak-306: Eastern Standard Time
07-29 17:11:34.989  5481  5481 D leak-308: Eastern Standard Time
07-29 17:11:34.989  5481  5481 D leak-309: Eastern Standard Time
07-29 17:11:34.989  5481  5481 D leak-306: Eastern Standard Time
07-29 17:11:34.989  5481  5481 D leak-308: Eastern Standard Time
07-29 17:11:34.989  5481  5481 D leak-309: Eastern Standard Time
07-29 17:11:34.989  5481  5481 D leak-306: Eastern Standard Time
07-29 17:11:34.989  5481  5481 D leak-308: Eastern Standard Time
07-29 17:11:34.989  5481  5481 D leak-309: Eastern Standard Time
07-29 17:11:34.989  5481  5481 D leak-306: Eastern Standard Time
07-29 17:11:34.989  5481  5481 D leak-308: Eastern Standard Time
07-29 17:11:34.989  5481  5481 D leak-309: Eastern Standard Time
07-29 17:11:34.989  5481  5481 D leak-306: Eastern Standard Time
07-29 17:11:34.989  5481  5481 D leak-308: Eastern Standard Time
07-29 17:11:34.989  5481  5481 D leak-309: Eastern Standard Time
07-29 17:11:34.989  5481  5481 D leak-306: Eastern Standard Time
07-29 17:11:34.989  5481  5481 D leak-308: Eastern Standard Time
07-29 17:11:34.989  5481  5481 D leak-309: Eastern Standard Time
07-29 17:11:34.989  5481  5481 D leak-306: Eastern Standard Time
07-29 17:11:34.989  5481  5481 D leak-308: Eastern Standard Time
07-29 17:11:34.989  5481  5481 D leak-309: Eastern Standard Time
07-29 17:11:34.989  5481  5481 D leak-306: Eastern Standard Time
07-29 17:11:34.989  5481  5481 D leak-308: Eastern Standard Time
07-29 17:11:34.989  5481  5481 D leak-309: Eastern Standard Time
07-29 17:11:34.989  5481  5481 D leak-306: Eastern Standard Time
07-29 17:11:34.989  5481  5481 D leak-308: Eastern Standard Time
07-29 17:11:34.989  5481  5481 D leak-309: Eastern Standard Time
07-29 17:11:34.989  5481  5481 D leak-306: Eastern Standard Time
07-29 17:11:34.989  5481  5481 D leak-308: Eastern Standard Time
07-29 17:11:34.989  5481  5481 D leak-309: Eastern Standard Time
07-29 17:11:34.989  5481  5481 D leak-306: Eastern Standard Time
07-29 17:11:34.989  5481  5481 D leak-308: Eastern Standard Time
07-29 17:11:34.989  5481  5481 D leak-309: Eastern Standard Time
07-29 17:11:34.989  5481  5481 D leak-306: Eastern Standard Time
07-29 17:11:34.989  5481  5481 D leak-308: Eastern Standard Time
07-29 17:11:34.989  5481  5481 D leak-309: Eastern Standard Time
07-29 17:11:34.989  5481  5481 D leak-306: Eastern Standard Time
07-29 17:11:34.989  5481  5481 D leak-308: Eastern Standard Time
07-29 17:11:34.989  5481  5481 D leak-309: Eastern Standard Time
07-29 17:11:34.989  5481  5481 D leak-306: Eastern Standard Time
07-29 17:11:34.990  5481  5481 D leak-308: Eastern Standard Time
07-29 17:11:34.990  5481  5481 D leak-309: Eastern Standard Time
07-29 17:11:34.990  5481  5481 D leak-306: Eastern Standard Time
07-29 17:11:34.990  5481  5481 D leak-308: Eastern Standard Time
07-29 17:11:34.990  5481  5481 D leak-309: Eastern Standard Time
07-29 17:11:34.990  5481  5481 D leak-306: Eastern Standard Time
07-29 17:11:34.990  5481  5481 D leak-308: Eastern Standard Time
07-29 17:11:34.990  5481  5481 D leak-309: Eastern Standard Time
07-29 17:11:34.990  5481  5481 D leak-306: Eastern Standard Time
07-29 17:11:34.990  5481  5481 D leak-308: Eastern Standard Time
07-29 17:11:34.990  5481  5481 D leak-309: Eastern Standard Time
07-29 17:11:34.990  5481  5481 D leak-306: Eastern Standard Time
07-29 17:11:34.990  5481  5481 D leak-308: Eastern Standard Time
07-29 17:11:34.990  5481  5481 D leak-309: Eastern Standard Time
07-29 17:11:34.990  5481  5481 D leak-306: Eastern Standard Time
07-29 17:11:34.990  5481  5481 D leak-307: Eastern Standard Time
07-29 17:11:34.990  5481  5481 D leak-315: Eastern Standard Time
07-29 17:11:34.990  5481  5481 D leak-309: Eastern Standard Time
07-29 17:11:34.990  5481  5481 D leak-306: Eastern Standard Time
07-29 17:11:34.990  5481  5481 D leak-307: Eastern Standard Time
07-29 17:11:34.990  5481  5481 D leak-315: Eastern Standard Time
07-29 17:11:34.991  5481  5481 D leak-309: Eastern Standard Time
07-29 17:11:34.991  5481  5481 D leak-306: Eastern Standard Time
07-29 17:11:34.991  5481  5481 D leak-307: Eastern Standard Time
07-29 17:11:34.991  5481  5481 D leak-315: Eastern Standard Time
07-29 17:11:34.991  5481  5481 D leak-309: Eastern Standard Time
07-29 17:11:34.991  5481  5481 D leak-306: Eastern Standard Time
07-29 17:11:34.991  5481  5481 D leak-307: Eastern Standard Time
07-29 17:11:34.991  5481  5481 D leak-315: Eastern Standard Time
07-29 17:11:34.991  5481  5481 D leak-309: Eastern Standard Time
07-29 17:11:34.992  5481  5481 D leak-306: Eastern Standard Time
07-29 17:11:34.992  5481  5481 D leak-307: Eastern Standard Time
07-29 17:11:34.992  5481  5481 D leak-315: Eastern Standard Time
07-29 17:11:34.992  5481  5481 D leak-309: Eastern Standard Time
07-29 17:11:34.992  5481  5481 D leak-306: Eastern Standard Time
07-29 17:11:34.992  5481  5481 D leak-307: Eastern Standard Time
07-29 17:11:34.992  5481  5481 D leak-315: Eastern Standard Time
07-29 17:11:34.992  5481  5481 D leak-309: Eastern Standard Time
07-29 17:11:34.992  5481  5481 D leak-306: Eastern Standard Time
07-29 17:11:34.992  5481  5481 D leak-307: Eastern Standard Time
07-29 17:11:34.992  5481  5481 D leak-315: Eastern Standard Time
07-29 17:11:34.992  5481  5481 D leak-309: Eastern Standard Time
07-29 17:11:34.992  5481  5481 D leak-306: Eastern Standard Time
07-29 17:11:34.992  5481  5481 D leak-307: Eastern Standard Time
07-29 17:11:34.993  5481  5481 D leak-315: Eastern Standard Time
07-29 17:11:34.993  5481  5481 D leak-309: Eastern Standard Time
07-29 17:11:34.993  5481  5481 D leak-306: Eastern Standard Time
07-29 17:11:34.993  5481  5481 D leak-307: Eastern Standard Time
07-29 17:11:34.993  5481  5481 D leak-315: Eastern Standard Time
07-29 17:11:34.993  5481  5481 D leak-309: Eastern Standard Time
07-29 17:11:34.993  5481  5481 D leak-306: Eastern Standard Time
07-29 17:11:34.993  5481  5481 D leak-307: Eastern Standard Time
07-29 17:11:34.993  5481  5481 D leak-315: Eastern Standard Time
07-29 17:11:34.993  5481  5481 D leak-309: Eastern Standard Time
07-29 17:11:34.994  5481  5481 D leak-306: Eastern Standard Time
07-29 17:11:34.994  5481  5481 D leak-307: Eastern Standard Time
07-29 17:11:34.994  5481  5481 D leak-315: Eastern Standard Time
07-29 17:11:34.994  5481  5481 D leak-309: Eastern Standard Time
07-29 17:11:34.994  5481  5481 D leak-306: Eastern Standard Time
07-29 17:11:34.994  5481  5481 D leak-307: Eastern Standard Time
07-29 17:11:34.994  5481  5481 D leak-315: Eastern Standard Time
07-29 17:11:34.994  5481  5481 D leak-309: Eastern Standard Time
07-29 17:11:34.994  5481  5481 D leak-306: Eastern Standard Time
07-29 17:11:34.995  5481  5481 D leak-307: Eastern Standard Time
07-29 17:11:34.995  5481  5481 D leak-315: Eastern Standard Time
07-29 17:11:34.995  5481  5481 D leak-309: Eastern Standard Time
07-29 17:11:38.262  7393  7393 D AndroidRuntime: >>>>>> START com.android.internal.os.RuntimeInit uid 0 <<<<<<
07-29 17:11:38.264  7393  7393 D AndroidRuntime: CheckJNI is OFF
07-29 17:11:38.277  7393  7393 D ICU     : No timezone override file found: /data/misc/zoneinfo/current/icu/icu_tzdata.dat
07-29 17:11:38.301  7393  7393 E memtrack: Couldn't load memtrack module (No such file or directory)
07-29 17:11:38.301  7393  7393 E android.os.Debug: failed to load memtrack module: -2
07-29 17:11:38.303  7393  7393 I Radio-JNI: register_android_hardware_Radio DONE
07-29 17:11:38.312  7393  7393 D AndroidRuntime: Calling main entry com.android.commands.uiautomator.Launcher
07-29 17:11:38.904   587  1735 D NetlinkSocketObserver: NeighborEvent{elapsedMs=412278, 10.0.3.2, [525400123502], RTM_NEWNEIGH, NUD_REACHABLE}
07-29 17:11:39.337  7393  7393 W AccessibilityNodeInfoDumper: Fetch time: 5ms
07-29 17:11:39.337   587   756 W WindowManager: Attempted to remove non-existing token: android.os.Binder@10c7df
07-29 17:11:39.347  7393  7393 D AndroidRuntime: Shutting down VM
07-29 17:11:40.361  7416  7416 D AndroidRuntime: >>>>>> START com.android.internal.os.RuntimeInit uid 0 <<<<<<
07-29 17:11:40.363  7416  7416 D AndroidRuntime: CheckJNI is OFF
07-29 17:11:40.372  7416  7416 D ICU     : No timezone override file found: /data/misc/zoneinfo/current/icu/icu_tzdata.dat
07-29 17:11:40.386  7416  7416 E memtrack: Couldn't load memtrack module (No such file or directory)
07-29 17:11:40.386  7416  7416 E android.os.Debug: failed to load memtrack module: -2
07-29 17:11:40.386  7416  7416 I Radio-JNI: register_android_hardware_Radio DONE
07-29 17:11:40.392  7416  7416 D AndroidRuntime: Calling main entry com.android.commands.uiautomator.Launcher
07-29 17:11:41.422  7416  7416 W AccessibilityNodeInfoDumper: Fetch time: 4ms
07-29 17:11:41.422   587  1054 W WindowManager: Attempted to remove non-existing token: android.os.Binder@c1836f5
07-29 17:11:41.431  7416  7416 D AndroidRuntime: Shutting down VM
07-29 17:11:41.835  7434  7434 D AndroidRuntime: >>>>>> START com.android.internal.os.RuntimeInit uid 0 <<<<<<
07-29 17:11:41.837  7434  7434 D AndroidRuntime: CheckJNI is OFF
07-29 17:11:41.844  7434  7434 D ICU     : No timezone override file found: /data/misc/zoneinfo/current/icu/icu_tzdata.dat
07-29 17:11:41.857  7434  7434 E memtrack: Couldn't load memtrack module (No such file or directory)
07-29 17:11:41.857  7434  7434 E android.os.Debug: failed to load memtrack module: -2
07-29 17:11:41.858  7434  7434 I Radio-JNI: register_android_hardware_Radio DONE
07-29 17:11:41.864  7434  7434 D AndroidRuntime: Calling main entry com.android.commands.uiautomator.Launcher
07-29 17:11:42.882  7434  7434 W AccessibilityNodeInfoDumper: Fetch time: 3ms
07-29 17:11:42.882   587   756 W WindowManager: Attempted to remove non-existing token: android.os.Binder@d8c3c8a
07-29 17:11:42.889  7434  7434 D AndroidRuntime: Shutting down VM
07-29 17:11:43.860  7458  7458 D AndroidRuntime: >>>>>> START com.android.internal.os.RuntimeInit uid 0 <<<<<<
07-29 17:11:43.861  7458  7458 D AndroidRuntime: CheckJNI is OFF
07-29 17:11:43.869  7458  7458 D ICU     : No timezone override file found: /data/misc/zoneinfo/current/icu/icu_tzdata.dat
07-29 17:11:43.880  7458  7458 E memtrack: Couldn't load memtrack module (No such file or directory)
07-29 17:11:43.880  7458  7458 E android.os.Debug: failed to load memtrack module: -2
07-29 17:11:43.881  7458  7458 I Radio-JNI: register_android_hardware_Radio DONE
07-29 17:11:43.886  7458  7458 D AndroidRuntime: Calling main entry com.android.commands.uiautomator.Launcher
07-29 17:11:44.901  7458  7458 W AccessibilityNodeInfoDumper: Fetch time: 4ms
07-29 17:11:44.901   587  1061 W WindowManager: Attempted to remove non-existing token: android.os.Binder@be402fb
07-29 17:11:44.908  7458  7458 D AndroidRuntime: Shutting down VM
07-29 17:11:45.962  7486  7486 D AndroidRuntime: >>>>>> START com.android.internal.os.RuntimeInit uid 0 <<<<<<
07-29 17:11:45.963  7486  7486 D AndroidRuntime: CheckJNI is OFF
07-29 17:11:45.971  7486  7486 D ICU     : No timezone override file found: /data/misc/zoneinfo/current/icu/icu_tzdata.dat
07-29 17:11:45.984  7486  7486 E memtrack: Couldn't load memtrack module (No such file or directory)
07-29 17:11:45.984  7486  7486 E android.os.Debug: failed to load memtrack module: -2
07-29 17:11:45.984  7486  7486 I Radio-JNI: register_android_hardware_Radio DONE
07-29 17:11:45.989  7486  7486 D AndroidRuntime: Calling main entry com.android.commands.uiautomator.Launcher
07-29 17:11:47.011  7486  7486 W AccessibilityNodeInfoDumper: Fetch time: 4ms
07-29 17:11:47.011   587   599 W WindowManager: Attempted to remove non-existing token: android.os.Binder@21fef18
07-29 17:11:47.019  7486  7486 D AndroidRuntime: Shutting down VM
07-29 17:11:48.086  7512  7512 D AndroidRuntime: >>>>>> START com.android.internal.os.RuntimeInit uid 0 <<<<<<
07-29 17:11:48.088  7512  7512 D AndroidRuntime: CheckJNI is OFF
07-29 17:11:48.099  7512  7512 D ICU     : No timezone override file found: /data/misc/zoneinfo/current/icu/icu_tzdata.dat
07-29 17:11:48.115  7512  7512 E memtrack: Couldn't load memtrack module (No such file or directory)
07-29 17:11:48.115  7512  7512 E android.os.Debug: failed to load memtrack module: -2
07-29 17:11:48.117  7512  7512 I Radio-JNI: register_android_hardware_Radio DONE
07-29 17:11:48.124  7512  7512 D AndroidRuntime: Calling main entry com.android.commands.uiautomator.Launcher
07-29 17:11:49.151  7512  7512 W AccessibilityNodeInfoDumper: Fetch time: 8ms
07-29 17:11:49.152   587   749 W WindowManager: Attempted to remove non-existing token: android.os.Binder@7024d71
07-29 17:11:49.162  7512  7512 D AndroidRuntime: Shutting down VM
07-29 17:11:49.607  7530  7530 D AndroidRuntime: >>>>>> START com.android.internal.os.RuntimeInit uid 0 <<<<<<
07-29 17:11:49.609  7530  7530 D AndroidRuntime: CheckJNI is OFF
07-29 17:11:49.618  7530  7530 D ICU     : No timezone override file found: /data/misc/zoneinfo/current/icu/icu_tzdata.dat
07-29 17:11:49.633  7530  7530 E memtrack: Couldn't load memtrack module (No such file or directory)
07-29 17:11:49.633  7530  7530 E android.os.Debug: failed to load memtrack module: -2
07-29 17:11:49.634  7530  7530 I Radio-JNI: register_android_hardware_Radio DONE
07-29 17:11:49.639  7530  7530 D AndroidRuntime: Calling main entry com.android.commands.uiautomator.Launcher
07-29 17:11:50.657  7530  7530 W AccessibilityNodeInfoDumper: Fetch time: 3ms
07-29 17:11:50.658   587  1061 W WindowManager: Attempted to remove non-existing token: android.os.Binder@5f99756
07-29 17:11:50.666  7530  7530 D AndroidRuntime: Shutting down VM
07-29 17:11:51.698  7553  7553 D AndroidRuntime: >>>>>> START com.android.internal.os.RuntimeInit uid 0 <<<<<<
07-29 17:11:51.700  7553  7553 D AndroidRuntime: CheckJNI is OFF
07-29 17:11:51.711  7553  7553 D ICU     : No timezone override file found: /data/misc/zoneinfo/current/icu/icu_tzdata.dat
07-29 17:11:51.726  7553  7553 E memtrack: Couldn't load memtrack module (No such file or directory)
07-29 17:11:51.726  7553  7553 E android.os.Debug: failed to load memtrack module: -2
07-29 17:11:51.726  7553  7553 I Radio-JNI: register_android_hardware_Radio DONE
07-29 17:11:51.732  7553  7553 D AndroidRuntime: Calling main entry com.android.commands.uiautomator.Launcher
07-29 17:11:52.752  7553  7553 W AccessibilityNodeInfoDumper: Fetch time: 3ms
07-29 17:11:52.752   587  1054 W WindowManager: Attempted to remove non-existing token: android.os.Binder@9e5d3d7
07-29 17:11:52.759  7553  7553 D AndroidRuntime: Shutting down VM
07-29 17:11:53.157   587  1735 D NetlinkSocketObserver: NeighborEvent{elapsedMs=426530, 10.0.3.2, [525400123502], RTM_NEWNEIGH, NUD_STALE}
07-29 17:11:53.179  7571  7571 D AndroidRuntime: >>>>>> START com.android.internal.os.RuntimeInit uid 0 <<<<<<
07-29 17:11:53.181  7571  7571 D AndroidRuntime: CheckJNI is OFF
07-29 17:11:53.190  7571  7571 D ICU     : No timezone override file found: /data/misc/zoneinfo/current/icu/icu_tzdata.dat
07-29 17:11:53.204  7571  7571 E memtrack: Couldn't load memtrack module (No such file or directory)
07-29 17:11:53.204  7571  7571 E android.os.Debug: failed to load memtrack module: -2
07-29 17:11:53.205  7571  7571 I Radio-JNI: register_android_hardware_Radio DONE
07-29 17:11:53.211  7571  7571 D AndroidRuntime: Calling main entry com.android.commands.uiautomator.Launcher
07-29 17:11:54.229  7571  7571 W AccessibilityNodeInfoDumper: Fetch time: 3ms
07-29 17:11:54.229   587   749 W WindowManager: Attempted to remove non-existing token: android.os.Binder@9d4fad
07-29 17:11:54.236  7571  7571 D AndroidRuntime: Shutting down VM
07-29 17:11:55.216  7594  7594 D AndroidRuntime: >>>>>> START com.android.internal.os.RuntimeInit uid 0 <<<<<<
07-29 17:11:55.218  7594  7594 D AndroidRuntime: CheckJNI is OFF
07-29 17:11:55.225  7594  7594 D ICU     : No timezone override file found: /data/misc/zoneinfo/current/icu/icu_tzdata.dat
07-29 17:11:55.237  7594  7594 E memtrack: Couldn't load memtrack module (No such file or directory)
07-29 17:11:55.237  7594  7594 E android.os.Debug: failed to load memtrack module: -2
07-29 17:11:55.238  7594  7594 I Radio-JNI: register_android_hardware_Radio DONE
07-29 17:11:55.244  7594  7594 D AndroidRuntime: Calling main entry com.android.commands.uiautomator.Launcher
07-29 17:11:56.265  7594  7594 W AccessibilityNodeInfoDumper: Fetch time: 3ms
07-29 17:11:56.265   587  1054 W WindowManager: Attempted to remove non-existing token: android.os.Binder@e0fd2e2
07-29 17:11:56.273  7594  7594 D AndroidRuntime: Shutting down VM
07-29 17:11:56.705  7612  7612 D AndroidRuntime: >>>>>> START com.android.internal.os.RuntimeInit uid 0 <<<<<<
07-29 17:11:56.707  7612  7612 D AndroidRuntime: CheckJNI is OFF
07-29 17:11:56.716  7612  7612 D ICU     : No timezone override file found: /data/misc/zoneinfo/current/icu/icu_tzdata.dat
07-29 17:11:56.731  7612  7612 E memtrack: Couldn't load memtrack module (No such file or directory)
07-29 17:11:56.731  7612  7612 E android.os.Debug: failed to load memtrack module: -2
07-29 17:11:56.731  7612  7612 I Radio-JNI: register_android_hardware_Radio DONE
07-29 17:11:56.738  7612  7612 D AndroidRuntime: Calling main entry com.android.commands.uiautomator.Launcher
07-29 17:11:57.759  7612  7612 W AccessibilityNodeInfoDumper: Fetch time: 4ms
07-29 17:11:57.759   587   599 W WindowManager: Attempted to remove non-existing token: android.os.Binder@bc9d673
07-29 17:11:57.768  7612  7612 D AndroidRuntime: Shutting down VM
07-29 17:11:58.777  7637  7637 D AndroidRuntime: >>>>>> START com.android.internal.os.RuntimeInit uid 0 <<<<<<
07-29 17:11:58.780  7637  7637 D AndroidRuntime: CheckJNI is OFF
07-29 17:11:58.791  7637  7637 D ICU     : No timezone override file found: /data/misc/zoneinfo/current/icu/icu_tzdata.dat
07-29 17:11:58.803  7637  7637 E memtrack: Couldn't load memtrack module (No such file or directory)
07-29 17:11:58.803  7637  7637 E android.os.Debug: failed to load memtrack module: -2
07-29 17:11:58.804  7637  7637 I Radio-JNI: register_android_hardware_Radio DONE
07-29 17:11:58.812  7637  7637 D AndroidRuntime: Calling main entry com.android.commands.uiautomator.Launcher
07-29 17:11:59.831  7637  7637 W AccessibilityNodeInfoDumper: Fetch time: 4ms
07-29 17:11:59.831   587  1295 W WindowManager: Attempted to remove non-existing token: android.os.Binder@4398930
07-29 17:11:59.838  7637  7637 D AndroidRuntime: Shutting down VM
07-29 17:12:00.298  7655  7655 D AndroidRuntime: >>>>>> START com.android.internal.os.RuntimeInit uid 0 <<<<<<
07-29 17:12:00.299  7655  7655 D AndroidRuntime: CheckJNI is OFF
07-29 17:12:00.309  7655  7655 D ICU     : No timezone override file found: /data/misc/zoneinfo/current/icu/icu_tzdata.dat
07-29 17:12:00.323  7655  7655 E memtrack: Couldn't load memtrack module (No such file or directory)
07-29 17:12:00.323  7655  7655 E android.os.Debug: failed to load memtrack module: -2
07-29 17:12:00.323  7655  7655 I Radio-JNI: register_android_hardware_Radio DONE
07-29 17:12:00.330  7655  7655 D AndroidRuntime: Calling main entry com.android.commands.uiautomator.Launcher
07-29 17:12:01.347  7655  7655 W AccessibilityNodeInfoDumper: Fetch time: 4ms
07-29 17:12:01.348   587  1054 W WindowManager: Attempted to remove non-existing token: android.os.Binder@f6c39a9
07-29 17:12:01.355  7655  7655 D AndroidRuntime: Shutting down VM
07-29 17:12:01.773  7668  7668 D AndroidRuntime: >>>>>> START com.android.internal.os.RuntimeInit uid 0 <<<<<<
07-29 17:12:01.776  7668  7668 D AndroidRuntime: CheckJNI is OFF
07-29 17:12:01.785  7668  7668 D ICU     : No timezone override file found: /data/misc/zoneinfo/current/icu/icu_tzdata.dat
07-29 17:12:01.799  7668  7668 E memtrack: Couldn't load memtrack module (No such file or directory)
07-29 17:12:01.799  7668  7668 E android.os.Debug: failed to load memtrack module: -2
07-29 17:12:01.799  7668  7668 I Radio-JNI: register_android_hardware_Radio DONE
07-29 17:12:01.806  7668  7668 D AndroidRuntime: Calling main entry com.android.commands.input.Input
07-29 17:12:01.807  7668  7668 I Input   : injectMotionEvent: MotionEvent { action=ACTION_DOWN, actionButton=0, id[0]=0, x[0]=1144.0, y[0]=112.0, toolType[0]=TOOL_TYPE_UNKNOWN, buttonState=0, metaState=0, flags=0x0, edgeFlags=0x0, pointerCount=1, historySize=0, eventTime=435180, downTime=435180, deviceId=0, source=0x1002 }
07-29 17:12:01.809  7668  7668 I Input   : injectMotionEvent: MotionEvent { action=ACTION_MOVE, actionButton=0, id[0]=0, x[0]=1144.0, y[0]=112.0, toolType[0]=TOOL_TYPE_UNKNOWN, buttonState=0, metaState=0, flags=0x0, edgeFlags=0x0, pointerCount=1, historySize=0, eventTime=435180, downTime=435180, deviceId=0, source=0x1002 }
07-29 17:12:01.833  7668  7668 I Input   : injectMotionEvent: MotionEvent { action=ACTION_MOVE, actionButton=0, id[0]=0, x[0]=1144.0, y[0]=112.0, toolType[0]=TOOL_TYPE_UNKNOWN, buttonState=0, metaState=0, flags=0x0, edgeFlags=0x0, pointerCount=1, historySize=0, eventTime=435206, downTime=435206, deviceId=0, source=0x1002 }
07-29 17:12:01.844  7668  7668 I Input   : injectMotionEvent: MotionEvent { action=ACTION_MOVE, actionButton=0, id[0]=0, x[0]=1144.0, y[0]=112.0, toolType[0]=TOOL_TYPE_UNKNOWN, buttonState=0, metaState=0, flags=0x0, edgeFlags=0x0, pointerCount=1, historySize=0, eventTime=435217, downTime=435217, deviceId=0, source=0x1002 }
07-29 17:12:01.862  7668  7668 I Input   : injectMotionEvent: MotionEvent { action=ACTION_MOVE, actionButton=0, id[0]=0, x[0]=1144.0, y[0]=112.0, toolType[0]=TOOL_TYPE_UNKNOWN, buttonState=0, metaState=0, flags=0x0, edgeFlags=0x0, pointerCount=1, historySize=0, eventTime=435236, downTime=435236, deviceId=0, source=0x1002 }
07-29 17:12:01.878  7668  7668 I Input   : injectMotionEvent: MotionEvent { action=ACTION_MOVE, actionButton=0, id[0]=0, x[0]=1144.0, y[0]=112.0, toolType[0]=TOOL_TYPE_UNKNOWN, buttonState=0, metaState=0, flags=0x0, edgeFlags=0x0, pointerCount=1, historySize=0, eventTime=435251, downTime=435251, deviceId=0, source=0x1002 }
07-29 17:12:01.897  7668  7668 I Input   : injectMotionEvent: MotionEvent { action=ACTION_MOVE, actionButton=0, id[0]=0, x[0]=1144.0, y[0]=112.0, toolType[0]=TOOL_TYPE_UNKNOWN, buttonState=0, metaState=0, flags=0x0, edgeFlags=0x0, pointerCount=1, historySize=0, eventTime=435271, downTime=435271, deviceId=0, source=0x1002 }
07-29 17:12:01.911  7668  7668 I Input   : injectMotionEvent: MotionEvent { action=ACTION_MOVE, actionButton=0, id[0]=0, x[0]=1144.0, y[0]=112.0, toolType[0]=TOOL_TYPE_UNKNOWN, buttonState=0, metaState=0, flags=0x0, edgeFlags=0x0, pointerCount=1, historySize=0, eventTime=435285, downTime=435285, deviceId=0, source=0x1002 }
07-29 17:12:01.927  7668  7668 I Input   : injectMotionEvent: MotionEvent { action=ACTION_MOVE, actionButton=0, id[0]=0, x[0]=1144.0, y[0]=112.0, toolType[0]=TOOL_TYPE_UNKNOWN, buttonState=0, metaState=0, flags=0x0, edgeFlags=0x0, pointerCount=1, historySize=0, eventTime=435300, downTime=435300, deviceId=0, source=0x1002 }
07-29 17:12:01.945  7668  7668 I Input   : injectMotionEvent: MotionEvent { action=ACTION_MOVE, actionButton=0, id[0]=0, x[0]=1144.0, y[0]=112.0, toolType[0]=TOOL_TYPE_UNKNOWN, buttonState=0, metaState=0, flags=0x0, edgeFlags=0x0, pointerCount=1, historySize=0, eventTime=435318, downTime=435318, deviceId=0, source=0x1002 }
07-29 17:12:01.960  7668  7668 I Input   : injectMotionEvent: MotionEvent { action=ACTION_MOVE, actionButton=0, id[0]=0, x[0]=1144.0, y[0]=112.0, toolType[0]=TOOL_TYPE_UNKNOWN, buttonState=0, metaState=0, flags=0x0, edgeFlags=0x0, pointerCount=1, historySize=0, eventTime=435334, downTime=435334, deviceId=0, source=0x1002 }
07-29 17:12:01.978  7668  7668 I Input   : injectMotionEvent: MotionEvent { action=ACTION_MOVE, actionButton=0, id[0]=0, x[0]=1144.0, y[0]=112.0, toolType[0]=TOOL_TYPE_UNKNOWN, buttonState=0, metaState=0, flags=0x0, edgeFlags=0x0, pointerCount=1, historySize=0, eventTime=435351, downTime=435351, deviceId=0, source=0x1002 }
07-29 17:12:01.994  7668  7668 I Input   : injectMotionEvent: MotionEvent { action=ACTION_MOVE, actionButton=0, id[0]=0, x[0]=1144.0, y[0]=112.0, toolType[0]=TOOL_TYPE_UNKNOWN, buttonState=0, metaState=0, flags=0x0, edgeFlags=0x0, pointerCount=1, historySize=0, eventTime=435367, downTime=435367, deviceId=0, source=0x1002 }
07-29 17:12:02.011  7668  7668 I Input   : injectMotionEvent: MotionEvent { action=ACTION_MOVE, actionButton=0, id[0]=0, x[0]=1144.0, y[0]=112.0, toolType[0]=TOOL_TYPE_UNKNOWN, buttonState=0, metaState=0, flags=0x0, edgeFlags=0x0, pointerCount=1, historySize=0, eventTime=435385, downTime=435385, deviceId=0, source=0x1002 }
07-29 17:12:02.028  7668  7668 I Input   : injectMotionEvent: MotionEvent { action=ACTION_MOVE, actionButton=0, id[0]=0, x[0]=1144.0, y[0]=112.0, toolType[0]=TOOL_TYPE_UNKNOWN, buttonState=0, metaState=0, flags=0x0, edgeFlags=0x0, pointerCount=1, historySize=0, eventTime=435402, downTime=435402, deviceId=0, source=0x1002 }
07-29 17:12:02.044  7668  7668 I Input   : injectMotionEvent: MotionEvent { action=ACTION_MOVE, actionButton=0, id[0]=0, x[0]=1144.0, y[0]=112.0, toolType[0]=TOOL_TYPE_UNKNOWN, buttonState=0, metaState=0, flags=0x0, edgeFlags=0x0, pointerCount=1, historySize=0, eventTime=435417, downTime=435417, deviceId=0, source=0x1002 }
07-29 17:12:02.061  7668  7668 I Input   : injectMotionEvent: MotionEvent { action=ACTION_MOVE, actionButton=0, id[0]=0, x[0]=1144.0, y[0]=112.0, toolType[0]=TOOL_TYPE_UNKNOWN, buttonState=0, metaState=0, flags=0x0, edgeFlags=0x0, pointerCount=1, historySize=0, eventTime=435435, downTime=435435, deviceId=0, source=0x1002 }
07-29 17:12:02.078  7668  7668 I Input   : injectMotionEvent: MotionEvent { action=ACTION_MOVE, actionButton=0, id[0]=0, x[0]=1144.0, y[0]=112.0, toolType[0]=TOOL_TYPE_UNKNOWN, buttonState=0, metaState=0, flags=0x0, edgeFlags=0x0, pointerCount=1, historySize=0, eventTime=435451, downTime=435451, deviceId=0, source=0x1002 }
07-29 17:12:02.096  7668  7668 I Input   : injectMotionEvent: MotionEvent { action=ACTION_MOVE, actionButton=0, id[0]=0, x[0]=1144.0, y[0]=112.0, toolType[0]=TOOL_TYPE_UNKNOWN, buttonState=0, metaState=0, flags=0x0, edgeFlags=0x0, pointerCount=1, historySize=0, eventTime=435469, downTime=435469, deviceId=0, source=0x1002 }
07-29 17:12:02.110  7668  7668 I Input   : injectMotionEvent: MotionEvent { action=ACTION_MOVE, actionButton=0, id[0]=0, x[0]=1144.0, y[0]=112.0, toolType[0]=TOOL_TYPE_UNKNOWN, buttonState=0, metaState=0, flags=0x0, edgeFlags=0x0, pointerCount=1, historySize=0, eventTime=435484, downTime=435484, deviceId=0, source=0x1002 }
07-29 17:12:02.128  7668  7668 I Input   : injectMotionEvent: MotionEvent { action=ACTION_MOVE, actionButton=0, id[0]=0, x[0]=1144.0, y[0]=112.0, toolType[0]=TOOL_TYPE_UNKNOWN, buttonState=0, metaState=0, flags=0x0, edgeFlags=0x0, pointerCount=1, historySize=0, eventTime=435502, downTime=435502, deviceId=0, source=0x1002 }
07-29 17:12:02.144  7668  7668 I Input   : injectMotionEvent: MotionEvent { action=ACTION_MOVE, actionButton=0, id[0]=0, x[0]=1144.0, y[0]=112.0, toolType[0]=TOOL_TYPE_UNKNOWN, buttonState=0, metaState=0, flags=0x0, edgeFlags=0x0, pointerCount=1, historySize=0, eventTime=435518, downTime=435518, deviceId=0, source=0x1002 }
07-29 17:12:02.160  7668  7668 I Input   : injectMotionEvent: MotionEvent { action=ACTION_MOVE, actionButton=0, id[0]=0, x[0]=1144.0, y[0]=112.0, toolType[0]=TOOL_TYPE_UNKNOWN, buttonState=0, metaState=0, flags=0x0, edgeFlags=0x0, pointerCount=1, historySize=0, eventTime=435534, downTime=435534, deviceId=0, source=0x1002 }
07-29 17:12:02.177  7668  7668 I Input   : injectMotionEvent: MotionEvent { action=ACTION_MOVE, actionButton=0, id[0]=0, x[0]=1144.0, y[0]=112.0, toolType[0]=TOOL_TYPE_UNKNOWN, buttonState=0, metaState=0, flags=0x0, edgeFlags=0x0, pointerCount=1, historySize=0, eventTime=435550, downTime=435550, deviceId=0, source=0x1002 }
07-29 17:12:02.194  7668  7668 I Input   : injectMotionEvent: MotionEvent { action=ACTION_MOVE, actionButton=0, id[0]=0, x[0]=1144.0, y[0]=112.0, toolType[0]=TOOL_TYPE_UNKNOWN, buttonState=0, metaState=0, flags=0x0, edgeFlags=0x0, pointerCount=1, historySize=0, eventTime=435568, downTime=435568, deviceId=0, source=0x1002 }
07-29 17:12:02.211  7668  7668 I Input   : injectMotionEvent: MotionEvent { action=ACTION_MOVE, actionButton=0, id[0]=0, x[0]=1144.0, y[0]=112.0, toolType[0]=TOOL_TYPE_UNKNOWN, buttonState=0, metaState=0, flags=0x0, edgeFlags=0x0, pointerCount=1, historySize=0, eventTime=435584, downTime=435584, deviceId=0, source=0x1002 }
07-29 17:12:02.227  7668  7668 I Input   : injectMotionEvent: MotionEvent { action=ACTION_MOVE, actionButton=0, id[0]=0, x[0]=1144.0, y[0]=112.0, toolType[0]=TOOL_TYPE_UNKNOWN, buttonState=0, metaState=0, flags=0x0, edgeFlags=0x0, pointerCount=1, historySize=0, eventTime=435600, downTime=435600, deviceId=0, source=0x1002 }
07-29 17:12:02.244  7668  7668 I Input   : injectMotionEvent: MotionEvent { action=ACTION_MOVE, actionButton=0, id[0]=0, x[0]=1144.0, y[0]=112.0, toolType[0]=TOOL_TYPE_UNKNOWN, buttonState=0, metaState=0, flags=0x0, edgeFlags=0x0, pointerCount=1, historySize=0, eventTime=435618, downTime=435618, deviceId=0, source=0x1002 }
07-29 17:12:02.260  7668  7668 I Input   : injectMotionEvent: MotionEvent { action=ACTION_MOVE, actionButton=0, id[0]=0, x[0]=1144.0, y[0]=112.0, toolType[0]=TOOL_TYPE_UNKNOWN, buttonState=0, metaState=0, flags=0x0, edgeFlags=0x0, pointerCount=1, historySize=0, eventTime=435634, downTime=435634, deviceId=0, source=0x1002 }
07-29 17:12:02.278  7668  7668 I Input   : injectMotionEvent: MotionEvent { action=ACTION_MOVE, actionButton=0, id[0]=0, x[0]=1144.0, y[0]=112.0, toolType[0]=TOOL_TYPE_UNKNOWN, buttonState=0, metaState=0, flags=0x0, edgeFlags=0x0, pointerCount=1, historySize=0, eventTime=435651, downTime=435651, deviceId=0, source=0x1002 }
07-29 17:12:02.323  7668  7668 I Input   : injectMotionEvent: MotionEvent { action=ACTION_MOVE, actionButton=0, id[0]=0, x[0]=1144.0, y[0]=112.0, toolType[0]=TOOL_TYPE_UNKNOWN, buttonState=0, metaState=0, flags=0x0, edgeFlags=0x0, pointerCount=1, historySize=0, eventTime=435697, downTime=435697, deviceId=0, source=0x1002 }
07-29 17:12:02.368  7668  7668 I Input   : injectMotionEvent: MotionEvent { action=ACTION_MOVE, actionButton=0, id[0]=0, x[0]=1144.0, y[0]=112.0, toolType[0]=TOOL_TYPE_UNKNOWN, buttonState=0, metaState=0, flags=0x0, edgeFlags=0x0, pointerCount=1, historySize=0, eventTime=435742, downTime=435742, deviceId=0, source=0x1002 }
07-29 17:12:02.377  7668  7668 I Input   : injectMotionEvent: MotionEvent { action=ACTION_MOVE, actionButton=0, id[0]=0, x[0]=1144.0, y[0]=112.0, toolType[0]=TOOL_TYPE_UNKNOWN, buttonState=0, metaState=0, flags=0x0, edgeFlags=0x0, pointerCount=1, historySize=0, eventTime=435751, downTime=435751, deviceId=0, source=0x1002 }
07-29 17:12:02.398  7668  7668 I Input   : injectMotionEvent: MotionEvent { action=ACTION_MOVE, actionButton=0, id[0]=0, x[0]=1144.0, y[0]=112.0, toolType[0]=TOOL_TYPE_UNKNOWN, buttonState=0, metaState=0, flags=0x0, edgeFlags=0x0, pointerCount=1, historySize=0, eventTime=435771, downTime=435771, deviceId=0, source=0x1002 }
07-29 17:12:02.412  7668  7668 I Input   : injectMotionEvent: MotionEvent { action=ACTION_MOVE, actionButton=0, id[0]=0, x[0]=1144.0, y[0]=112.0, toolType[0]=TOOL_TYPE_UNKNOWN, buttonState=0, metaState=0, flags=0x0, edgeFlags=0x0, pointerCount=1, historySize=0, eventTime=435785, downTime=435785, deviceId=0, source=0x1002 }
07-29 17:12:02.429  7668  7668 I Input   : injectMotionEvent: MotionEvent { action=ACTION_MOVE, actionButton=0, id[0]=0, x[0]=1144.0, y[0]=112.0, toolType[0]=TOOL_TYPE_UNKNOWN, buttonState=0, metaState=0, flags=0x0, edgeFlags=0x0, pointerCount=1, historySize=0, eventTime=435802, downTime=435802, deviceId=0, source=0x1002 }
07-29 17:12:02.444  7668  7668 I Input   : injectMotionEvent: MotionEvent { action=ACTION_MOVE, actionButton=0, id[0]=0, x[0]=1144.0, y[0]=112.0, toolType[0]=TOOL_TYPE_UNKNOWN, buttonState=0, metaState=0, flags=0x0, edgeFlags=0x0, pointerCount=1, historySize=0, eventTime=435818, downTime=435818, deviceId=0, source=0x1002 }
07-29 17:12:02.461  7668  7668 I Input   : injectMotionEvent: MotionEvent { action=ACTION_MOVE, actionButton=0, id[0]=0, x[0]=1144.0, y[0]=112.0, toolType[0]=TOOL_TYPE_UNKNOWN, buttonState=0, metaState=0, flags=0x0, edgeFlags=0x0, pointerCount=1, historySize=0, eventTime=435835, downTime=435835, deviceId=0, source=0x1002 }
07-29 17:12:02.478  7668  7668 I Input   : injectMotionEvent: MotionEvent { action=ACTION_MOVE, actionButton=0, id[0]=0, x[0]=1144.0, y[0]=112.0, toolType[0]=TOOL_TYPE_UNKNOWN, buttonState=0, metaState=0, flags=0x0, edgeFlags=0x0, pointerCount=1, historySize=0, eventTime=435851, downTime=435851, deviceId=0, source=0x1002 }
07-29 17:12:02.496  7668  7668 I Input   : injectMotionEvent: MotionEvent { action=ACTION_MOVE, actionButton=0, id[0]=0, x[0]=1144.0, y[0]=112.0, toolType[0]=TOOL_TYPE_UNKNOWN, buttonState=0, metaState=0, flags=0x0, edgeFlags=0x0, pointerCount=1, historySize=0, eventTime=435870, downTime=435870, deviceId=0, source=0x1002 }
07-29 17:12:02.512  7668  7668 I Input   : injectMotionEvent: MotionEvent { action=ACTION_MOVE, actionButton=0, id[0]=0, x[0]=1144.0, y[0]=112.0, toolType[0]=TOOL_TYPE_UNKNOWN, buttonState=0, metaState=0, flags=0x0, edgeFlags=0x0, pointerCount=1, historySize=0, eventTime=435886, downTime=435886, deviceId=0, source=0x1002 }
07-29 17:12:02.528  7668  7668 I Input   : injectMotionEvent: MotionEvent { action=ACTION_MOVE, actionButton=0, id[0]=0, x[0]=1144.0, y[0]=112.0, toolType[0]=TOOL_TYPE_UNKNOWN, buttonState=0, metaState=0, flags=0x0, edgeFlags=0x0, pointerCount=1, historySize=0, eventTime=435901, downTime=435901, deviceId=0, source=0x1002 }
07-29 17:12:02.544  7668  7668 I Input   : injectMotionEvent: MotionEvent { action=ACTION_MOVE, actionButton=0, id[0]=0, x[0]=1144.0, y[0]=112.0, toolType[0]=TOOL_TYPE_UNKNOWN, buttonState=0, metaState=0, flags=0x0, edgeFlags=0x0, pointerCount=1, historySize=0, eventTime=435918, downTime=435918, deviceId=0, source=0x1002 }
07-29 17:12:02.560  7668  7668 I Input   : injectMotionEvent: MotionEvent { action=ACTION_MOVE, actionButton=0, id[0]=0, x[0]=1144.0, y[0]=112.0, toolType[0]=TOOL_TYPE_UNKNOWN, buttonState=0, metaState=0, flags=0x0, edgeFlags=0x0, pointerCount=1, historySize=0, eventTime=435933, downTime=435933, deviceId=0, source=0x1002 }
07-29 17:12:02.578  7668  7668 I Input   : injectMotionEvent: MotionEvent { action=ACTION_MOVE, actionButton=0, id[0]=0, x[0]=1144.0, y[0]=112.0, toolType[0]=TOOL_TYPE_UNKNOWN, buttonState=0, metaState=0, flags=0x0, edgeFlags=0x0, pointerCount=1, historySize=0, eventTime=435952, downTime=435952, deviceId=0, source=0x1002 }
07-29 17:12:02.593  7668  7668 I Input   : injectMotionEvent: MotionEvent { action=ACTION_MOVE, actionButton=0, id[0]=0, x[0]=1144.0, y[0]=112.0, toolType[0]=TOOL_TYPE_UNKNOWN, buttonState=0, metaState=0, flags=0x0, edgeFlags=0x0, pointerCount=1, historySize=0, eventTime=435967, downTime=435967, deviceId=0, source=0x1002 }
07-29 17:12:02.611  7668  7668 I Input   : injectMotionEvent: MotionEvent { action=ACTION_MOVE, actionButton=0, id[0]=0, x[0]=1144.0, y[0]=112.0, toolType[0]=TOOL_TYPE_UNKNOWN, buttonState=0, metaState=0, flags=0x0, edgeFlags=0x0, pointerCount=1, historySize=0, eventTime=435985, downTime=435985, deviceId=0, source=0x1002 }
07-29 17:12:02.628  7668  7668 I Input   : injectMotionEvent: MotionEvent { action=ACTION_MOVE, actionButton=0, id[0]=0, x[0]=1144.0, y[0]=112.0, toolType[0]=TOOL_TYPE_UNKNOWN, buttonState=0, metaState=0, flags=0x0, edgeFlags=0x0, pointerCount=1, historySize=0, eventTime=436001, downTime=436001, deviceId=0, source=0x1002 }
07-29 17:12:02.644  7668  7668 I Input   : injectMotionEvent: MotionEvent { action=ACTION_MOVE, actionButton=0, id[0]=0, x[0]=1144.0, y[0]=112.0, toolType[0]=TOOL_TYPE_UNKNOWN, buttonState=0, metaState=0, flags=0x0, edgeFlags=0x0, pointerCount=1, historySize=0, eventTime=436018, downTime=436018, deviceId=0, source=0x1002 }
07-29 17:12:02.661  7668  7668 I Input   : injectMotionEvent: MotionEvent { action=ACTION_MOVE, actionButton=0, id[0]=0, x[0]=1144.0, y[0]=112.0, toolType[0]=TOOL_TYPE_UNKNOWN, buttonState=0, metaState=0, flags=0x0, edgeFlags=0x0, pointerCount=1, historySize=0, eventTime=436035, downTime=436035, deviceId=0, source=0x1002 }
07-29 17:12:02.678  7668  7668 I Input   : injectMotionEvent: MotionEvent { action=ACTION_MOVE, actionButton=0, id[0]=0, x[0]=1144.0, y[0]=112.0, toolType[0]=TOOL_TYPE_UNKNOWN, buttonState=0, metaState=0, flags=0x0, edgeFlags=0x0, pointerCount=1, historySize=0, eventTime=436052, downTime=436052, deviceId=0, source=0x1002 }
07-29 17:12:02.697  7668  7668 I Input   : injectMotionEvent: MotionEvent { action=ACTION_MOVE, actionButton=0, id[0]=0, x[0]=1144.0, y[0]=112.0, toolType[0]=TOOL_TYPE_UNKNOWN, buttonState=0, metaState=0, flags=0x0, edgeFlags=0x0, pointerCount=1, historySize=0, eventTime=436070, downTime=436070, deviceId=0, source=0x1002 }
07-29 17:12:02.711  7668  7668 I Input   : injectMotionEvent: MotionEvent { action=ACTION_MOVE, actionButton=0, id[0]=0, x[0]=1144.0, y[0]=112.0, toolType[0]=TOOL_TYPE_UNKNOWN, buttonState=0, metaState=0, flags=0x0, edgeFlags=0x0, pointerCount=1, historySize=0, eventTime=436085, downTime=436085, deviceId=0, source=0x1002 }
07-29 17:12:02.727  7668  7668 I Input   : injectMotionEvent: MotionEvent { action=ACTION_MOVE, actionButton=0, id[0]=0, x[0]=1144.0, y[0]=112.0, toolType[0]=TOOL_TYPE_UNKNOWN, buttonState=0, metaState=0, flags=0x0, edgeFlags=0x0, pointerCount=1, historySize=0, eventTime=436101, downTime=436101, deviceId=0, source=0x1002 }
07-29 17:12:02.746  7668  7668 I Input   : injectMotionEvent: MotionEvent { action=ACTION_MOVE, actionButton=0, id[0]=0, x[0]=1144.0, y[0]=112.0, toolType[0]=TOOL_TYPE_UNKNOWN, buttonState=0, metaState=0, flags=0x0, edgeFlags=0x0, pointerCount=1, historySize=0, eventTime=436119, downTime=436119, deviceId=0, source=0x1002 }
07-29 17:12:02.762  7668  7668 I Input   : injectMotionEvent: MotionEvent { action=ACTION_MOVE, actionButton=0, id[0]=0, x[0]=1144.0, y[0]=112.0, toolType[0]=TOOL_TYPE_UNKNOWN, buttonState=0, metaState=0, flags=0x0, edgeFlags=0x0, pointerCount=1, historySize=0, eventTime=436136, downTime=436136, deviceId=0, source=0x1002 }
07-29 17:12:02.780  7668  7668 I Input   : injectMotionEvent: MotionEvent { action=ACTION_MOVE, actionButton=0, id[0]=0, x[0]=1144.0, y[0]=112.0, toolType[0]=TOOL_TYPE_UNKNOWN, buttonState=0, metaState=0, flags=0x0, edgeFlags=0x0, pointerCount=1, historySize=0, eventTime=436153, downTime=436153, deviceId=0, source=0x1002 }
07-29 17:12:02.799  7668  7668 I Input   : injectMotionEvent: MotionEvent { action=ACTION_MOVE, actionButton=0, id[0]=0, x[0]=1144.0, y[0]=112.0, toolType[0]=TOOL_TYPE_UNKNOWN, buttonState=0, metaState=0, flags=0x0, edgeFlags=0x0, pointerCount=1, historySize=0, eventTime=436172, downTime=436172, deviceId=0, source=0x1002 }
07-29 17:12:02.812  7668  7668 I Input   : injectMotionEvent: MotionEvent { action=ACTION_MOVE, actionButton=0, id[0]=0, x[0]=1144.0, y[0]=112.0, toolType[0]=TOOL_TYPE_UNKNOWN, buttonState=0, metaState=0, flags=0x0, edgeFlags=0x0, pointerCount=1, historySize=0, eventTime=436185, downTime=436185, deviceId=0, source=0x1002 }
07-29 17:12:02.827  7668  7668 I Input   : injectMotionEvent: MotionEvent { action=ACTION_MOVE, actionButton=0, id[0]=0, x[0]=1144.0, y[0]=112.0, toolType[0]=TOOL_TYPE_UNKNOWN, buttonState=0, metaState=0, flags=0x0, edgeFlags=0x0, pointerCount=1, historySize=0, eventTime=436201, downTime=436201, deviceId=0, source=0x1002 }
07-29 17:12:02.845  7668  7668 I Input   : injectMotionEvent: MotionEvent { action=ACTION_MOVE, actionButton=0, id[0]=0, x[0]=1144.0, y[0]=112.0, toolType[0]=TOOL_TYPE_UNKNOWN, buttonState=0, metaState=0, flags=0x0, edgeFlags=0x0, pointerCount=1, historySize=0, eventTime=436218, downTime=436218, deviceId=0, source=0x1002 }
