07-29 17:08:32.910  3453  3453 I Input   : injectMotionEvent: MotionEvent { action=ACTION_MOVE, actionButton=0, id[0]=0, x[0]=1144.0, y[0]=112.0, toolType[0]=TOOL_TYPE_UNKNOWN, buttonState=0, metaState=0, flags=0x0, edgeFlags=0x0, pointerCount=1, historySize=0, eventTime=226283, downTime=226283, deviceId=0, source=0x1002 }
07-29 17:08:32.927  3453  3453 I Input   : injectMotionEvent: MotionEvent { action=ACTION_MOVE, actionButton=0, id[0]=0, x[0]=1144.0, y[0]=112.0, toolType[0]=TOOL_TYPE_UNKNOWN, buttonState=0, metaState=0, flags=0x0, edgeFlags=0x0, pointerCount=1, historySize=0, eventTime=226300, downTime=226300, deviceId=0, source=0x1002 }
07-29 17:08:32.952  3453  3453 I Input   : injectMotionEvent: MotionEvent { action=ACTION_MOVE, actionButton=0, id[0]=0, x[0]=1144.0, y[0]=112.0, toolType[0]=TOOL_TYPE_UNKNOWN, buttonState=0, metaState=0, flags=0x0, edgeFlags=0x0, pointerCount=1, historySize=0, eventTime=226326, downTime=226326, deviceId=0, source=0x1002 }
07-29 17:08:32.961  3453  3453 I Input   : injectMotionEvent: MotionEvent { action=ACTION_MOVE, actionButton=0, id[0]=0, x[0]=1144.0, y[0]=112.0, toolType[0]=TOOL_TYPE_UNKNOWN, buttonState=0, metaState=0, flags=0x0, edgeFlags=0x0, pointerCount=1, historySize=0, eventTime=226334, downTime=226334, deviceId=0, source=0x1002 }
07-29 17:08:32.977  3453  3453 I Input   : injectMotionEvent: MotionEvent { action=ACTION_MOVE, actionButton=0, id[0]=0, x[0]=1144.0, y[0]=112.0, toolType[0]=TOOL_TYPE_UNKNOWN, buttonState=0, metaState=0, flags=0x0, edgeFlags=0x0, pointerCount=1, historySize=0, eventTime=226350, downTime=226350, deviceId=0, source=0x1002 }
07-29 17:08:32.997  3453  3453 I Input   : injectMotionEvent: MotionEvent { action=ACTION_MOVE, actionButton=0, id[0]=0, x[0]=1144.0, y[0]=112.0, toolType[0]=TOOL_TYPE_UNKNOWN, buttonState=0, metaState=0, flags=0x0, edgeFlags=0x0, pointerCount=1, historySize=0, eventTime=226369, downTime=226369, deviceId=0, source=0x1002 }
07-29 17:08:33.011  3453  3453 I Input   : injectMotionEvent: MotionEvent { action=ACTION_MOVE, actionButton=0, id[0]=0, x[0]=1144.0, y[0]=112.0, toolType[0]=TOOL_TYPE_UNKNOWN, buttonState=0, metaState=0, flags=0x0, edgeFlags=0x0, pointerCount=1, historySize=0, eventTime=226385, downTime=226385, deviceId=0, source=0x1002 }
07-29 17:08:33.028  3453  3453 I Input   : injectMotionEvent: MotionEvent { action=ACTION_MOVE, actionButton=0, id[0]=0, x[0]=1144.0, y[0]=112.0, toolType[0]=TOOL_TYPE_UNKNOWN, buttonState=0, metaState=0, flags=0x0, edgeFlags=0x0, pointerCount=1, historySize=0, eventTime=226402, downTime=226402, deviceId=0, source=0x1002 }
07-29 17:08:33.044  3453  3453 I Input   : injectMotionEvent: MotionEvent { action=ACTION_MOVE, actionButton=0, id[0]=0, x[0]=1144.0, y[0]=112.0, toolType[0]=TOOL_TYPE_UNKNOWN, buttonState=0, metaState=0, flags=0x0, edgeFlags=0x0, pointerCount=1, historySize=0, eventTime=226418, downTime=226418, deviceId=0, source=0x1002 }
07-29 17:08:33.061  3453  3453 I Input   : injectMotionEvent: MotionEvent { action=ACTION_MOVE, actionButton=0, id[0]=0, x[0]=1144.0, y[0]=112.0, toolType[0]=TOOL_TYPE_UNKNOWN, buttonState=0, metaState=0, flags=0x0, edgeFlags=0x0, pointerCount=1, historySize=0, eventTime=226434, downTime=226434, deviceId=0, source=0x1002 }
07-29 17:08:33.078  3453  3453 I Input   : injectMotionEvent: MotionEvent { action=ACTION_MOVE, actionButton=0, id[0]=0, x[0]=1144.0, y[0]=112.0, toolType[0]=TOOL_TYPE_UNKNOWN, buttonState=0, metaState=0, flags=0x0, edgeFlags=0x0, pointerCount=1, historySize=0, eventTime=226452, downTime=226452, deviceId=0, source=0x1002 }
07-29 17:08:33.093  3453  3453 I Input   : injectMotionEvent: MotionEvent { action=ACTION_MOVE, actionButton=0, id[0]=0, x[0]=1144.0, y[0]=112.0, toolType[0]=TOOL_TYPE_UNKNOWN, buttonState=0, metaState=0, flags=0x0, edgeFlags=0x0, pointerCount=1, historySize=0, eventTime=226467, downTime=226467, deviceId=0, source=0x1002 }
07-29 17:08:33.112  3453  3453 I Input   : injectMotionEvent: MotionEvent { action=ACTION_MOVE, actionButton=0, id[0]=0, x[0]=1144.0, y[0]=112.0, toolType[0]=TOOL_TYPE_UNKNOWN, buttonState=0, metaState=0, flags=0x0, edgeFlags=0x0, pointerCount=1, historySize=0, eventTime=226485, downTime=226485, deviceId=0, source=0x1002 }
07-29 17:08:33.126  3453  3453 I Input   : injectMotionEvent: MotionEvent { action=ACTION_MOVE, actionButton=0, id[0]=0, x[0]=1144.0, y[0]=112.0, toolType[0]=TOOL_TYPE_UNKNOWN, buttonState=0, metaState=0, flags=0x0, edgeFlags=0x0, pointerCount=1, historySize=0, eventTime=226500, downTime=226500, deviceId=0, source=0x1002 }
07-29 17:08:33.153  3453  3453 I Input   : injectMotionEvent: MotionEvent { action=ACTION_MOVE, actionButton=0, id[0]=0, x[0]=1144.0, y[0]=112.0, toolType[0]=TOOL_TYPE_UNKNOWN, buttonState=0, metaState=0, flags=0x0, edgeFlags=0x0, pointerCount=1, historySize=0, eventTime=226526, downTime=226526, deviceId=0, source=0x1002 }
07-29 17:08:33.161  3453  3453 I Input   : injectMotionEvent: MotionEvent { action=ACTION_MOVE, actionButton=0, id[0]=0, x[0]=1144.0, y[0]=112.0, toolType[0]=TOOL_TYPE_UNKNOWN, buttonState=0, metaState=0, flags=0x0, edgeFlags=0x0, pointerCount=1, historySize=0, eventTime=226534, downTime=226534, deviceId=0, source=0x1002 }
07-29 17:08:33.177  3453  3453 I Input   : injectMotionEvent: MotionEvent { action=ACTION_MOVE, actionButton=0, id[0]=0, x[0]=1144.0, y[0]=112.0, toolType[0]=TOOL_TYPE_UNKNOWN, buttonState=0, metaState=0, flags=0x0, edgeFlags=0x0, pointerCount=1, historySize=0, eventTime=226551, downTime=226551, deviceId=0, source=0x1002 }
07-29 17:08:33.194  3453  3453 I Input   : injectMotionEvent: MotionEvent { action=ACTION_MOVE, actionButton=0, id[0]=0, x[0]=1144.0, y[0]=112.0, toolType[0]=TOOL_TYPE_UNKNOWN, buttonState=0, metaState=0, flags=0x0, edgeFlags=0x0, pointerCount=1, historySize=0, eventTime=226568, downTime=226568, deviceId=0, source=0x1002 }
07-29 17:08:33.210  3453  3453 I Input   : injectMotionEvent: MotionEvent { action=ACTION_MOVE, actionButton=0, id[0]=0, x[0]=1144.0, y[0]=112.0, toolType[0]=TOOL_TYPE_UNKNOWN, buttonState=0, metaState=0, flags=0x0, edgeFlags=0x0, pointerCount=1, historySize=0, eventTime=226583, downTime=226583, deviceId=0, source=0x1002 }
07-29 17:08:33.227  3453  3453 I Input   : injectMotionEvent: MotionEvent { action=ACTION_MOVE, actionButton=0, id[0]=0, x[0]=1144.0, y[0]=112.0, toolType[0]=TOOL_TYPE_UNKNOWN, buttonState=0, metaState=0, flags=0x0, edgeFlags=0x0, pointerCount=1, historySize=0, eventTime=226601, downTime=226601, deviceId=0, source=0x1002 }
07-29 17:08:33.243  3453  3453 I Input   : injectMotionEvent: MotionEvent { action=ACTION_MOVE, actionButton=0, id[0]=0, x[0]=1144.0, y[0]=112.0, toolType[0]=TOOL_TYPE_UNKNOWN, buttonState=0, metaState=0, flags=0x0, edgeFlags=0x0, pointerCount=1, historySize=0, eventTime=226617, downTime=226617, deviceId=0, source=0x1002 }
07-29 17:08:33.260  3453  3453 I Input   : injectMotionEvent: MotionEvent { action=ACTION_MOVE, actionButton=0, id[0]=0, x[0]=1144.0, y[0]=112.0, toolType[0]=TOOL_TYPE_UNKNOWN, buttonState=0, metaState=0, flags=0x0, edgeFlags=0x0, pointerCount=1, historySize=0, eventTime=226633, downTime=226633, deviceId=0, source=0x1002 }
07-29 17:08:33.276  3453  3453 I Input   : injectMotionEvent: MotionEvent { action=ACTION_MOVE, actionButton=0, id[0]=0, x[0]=1144.0, y[0]=112.0, toolType[0]=TOOL_TYPE_UNKNOWN, buttonState=0, metaState=0, flags=0x0, edgeFlags=0x0, pointerCount=1, historySize=0, eventTime=226650, downTime=226650, deviceId=0, source=0x1002 }
07-29 17:08:33.294  3453  3453 I Input   : injectMotionEvent: MotionEvent { action=ACTION_MOVE, actionButton=0, id[0]=0, x[0]=1144.0, y[0]=112.0, toolType[0]=TOOL_TYPE_UNKNOWN, buttonState=0, metaState=0, flags=0x0, edgeFlags=0x0, pointerCount=1, historySize=0, eventTime=226668, downTime=226668, deviceId=0, source=0x1002 }
07-29 17:08:33.310  3453  3453 I Input   : injectMotionEvent: MotionEvent { action=ACTION_MOVE, actionButton=0, id[0]=0, x[0]=1144.0, y[0]=112.0, toolType[0]=TOOL_TYPE_UNKNOWN, buttonState=0, metaState=0, flags=0x0, edgeFlags=0x0, pointerCount=1, historySize=0, eventTime=226684, downTime=226684, deviceId=0, source=0x1002 }
07-29 17:08:33.327  3453  3453 I Input   : injectMotionEvent: MotionEvent { action=ACTION_MOVE, actionButton=0, id[0]=0, x[0]=1144.0, y[0]=112.0, toolType[0]=TOOL_TYPE_UNKNOWN, buttonState=0, metaState=0, flags=0x0, edgeFlags=0x0, pointerCount=1, historySize=0, eventTime=226700, downTime=226700, deviceId=0, source=0x1002 }
07-29 17:08:33.343  3453  3453 I Input   : injectMotionEvent: MotionEvent { action=ACTION_MOVE, actionButton=0, id[0]=0, x[0]=1144.0, y[0]=112.0, toolType[0]=TOOL_TYPE_UNKNOWN, buttonState=0, metaState=0, flags=0x0, edgeFlags=0x0, pointerCount=1, historySize=0, eventTime=226717, downTime=226717, deviceId=0, source=0x1002 }
07-29 17:08:33.360  3453  3453 I Input   : injectMotionEvent: MotionEvent { action=ACTION_MOVE, actionButton=0, id[0]=0, x[0]=1144.0, y[0]=112.0, toolType[0]=TOOL_TYPE_UNKNOWN, buttonState=0, metaState=0, flags=0x0, edgeFlags=0x0, pointerCount=1, historySize=0, eventTime=226734, downTime=226734, deviceId=0, source=0x1002 }
07-29 17:08:33.378  3453  3453 I Input   : injectMotionEvent: MotionEvent { action=ACTION_MOVE, actionButton=0, id[0]=0, x[0]=1144.0, y[0]=112.0, toolType[0]=TOOL_TYPE_UNKNOWN, buttonState=0, metaState=0, flags=0x0, edgeFlags=0x0, pointerCount=1, historySize=0, eventTime=226751, downTime=226751, deviceId=0, source=0x1002 }
07-29 17:08:33.393  3453  3453 I Input   : injectMotionEvent: MotionEvent { action=ACTION_MOVE, actionButton=0, id[0]=0, x[0]=1144.0, y[0]=112.0, toolType[0]=TOOL_TYPE_UNKNOWN, buttonState=0, metaState=0, flags=0x0, edgeFlags=0x0, pointerCount=1, historySize=0, eventTime=226767, downTime=226767, deviceId=0, source=0x1002 }
07-29 17:08:33.435  3453  3453 I Input   : injectMotionEvent: MotionEvent { action=ACTION_MOVE, actionButton=0, id[0]=0, x[0]=1144.0, y[0]=112.0, toolType[0]=TOOL_TYPE_UNKNOWN, buttonState=0, metaState=0, flags=0x0, edgeFlags=0x0, pointerCount=1, historySize=0, eventTime=226808, downTime=226808, deviceId=0, source=0x1002 }
07-29 17:08:33.459  3453  3453 I Input   : injectMotionEvent: MotionEvent { action=ACTION_MOVE, actionButton=0, id[0]=0, x[0]=1144.0, y[0]=112.0, toolType[0]=TOOL_TYPE_UNKNOWN, buttonState=0, metaState=0, flags=0x0, edgeFlags=0x0, pointerCount=1, historySize=0, eventTime=226832, downTime=226832, deviceId=0, source=0x1002 }
07-29 17:08:33.476  3453  3453 I Input   : injectMotionEvent: MotionEvent { action=ACTION_MOVE, actionButton=0, id[0]=0, x[0]=1144.0, y[0]=112.0, toolType[0]=TOOL_TYPE_UNKNOWN, buttonState=0, metaState=0, flags=0x0, edgeFlags=0x0, pointerCount=1, historySize=0, eventTime=226849, downTime=226849, deviceId=0, source=0x1002 }
07-29 17:08:33.491  3453  3453 I Input   : injectMotionEvent: MotionEvent { action=ACTION_MOVE, actionButton=0, id[0]=0, x[0]=1144.0, y[0]=112.0, toolType[0]=TOOL_TYPE_UNKNOWN, buttonState=0, metaState=0, flags=0x0, edgeFlags=0x0, pointerCount=1, historySize=0, eventTime=226865, downTime=226865, deviceId=0, source=0x1002 }
07-29 17:08:33.511  3453  3453 I Input   : injectMotionEvent: MotionEvent { action=ACTION_MOVE, actionButton=0, id[0]=0, x[0]=1144.0, y[0]=112.0, toolType[0]=TOOL_TYPE_UNKNOWN, buttonState=0, metaState=0, flags=0x0, edgeFlags=0x0, pointerCount=1, historySize=0, eventTime=226884, downTime=226884, deviceId=0, source=0x1002 }
07-29 17:08:33.526  3453  3453 I Input   : injectMotionEvent: MotionEvent { action=ACTION_MOVE, actionButton=0, id[0]=0, x[0]=1144.0, y[0]=112.0, toolType[0]=TOOL_TYPE_UNKNOWN, buttonState=0, metaState=0, flags=0x0, edgeFlags=0x0, pointerCount=1, historySize=0, eventTime=226899, downTime=226899, deviceId=0, source=0x1002 }
07-29 17:08:33.541  3453  3453 I Input   : injectMotionEvent: MotionEvent { action=ACTION_MOVE, actionButton=0, id[0]=0, x[0]=1144.0, y[0]=112.0, toolType[0]=TOOL_TYPE_UNKNOWN, buttonState=0, metaState=0, flags=0x0, edgeFlags=0x0, pointerCount=1, historySize=0, eventTime=226915, downTime=226915, deviceId=0, source=0x1002 }
07-29 17:08:33.558  3453  3453 I Input   : injectMotionEvent: MotionEvent { action=ACTION_MOVE, actionButton=0, id[0]=0, x[0]=1144.0, y[0]=112.0, toolType[0]=TOOL_TYPE_UNKNOWN, buttonState=0, metaState=0, flags=0x0, edgeFlags=0x0, pointerCount=1, historySize=0, eventTime=226932, downTime=226932, deviceId=0, source=0x1002 }
07-29 17:08:33.578  3453  3453 I Input   : injectMotionEvent: MotionEvent { action=ACTION_MOVE, actionButton=0, id[0]=0, x[0]=1144.0, y[0]=112.0, toolType[0]=TOOL_TYPE_UNKNOWN, buttonState=0, metaState=0, flags=0x0, edgeFlags=0x0, pointerCount=1, historySize=0, eventTime=226951, downTime=226951, deviceId=0, source=0x1002 }
07-29 17:08:33.592  3453  3453 I Input   : injectMotionEvent: MotionEvent { action=ACTION_MOVE, actionButton=0, id[0]=0, x[0]=1144.0, y[0]=112.0, toolType[0]=TOOL_TYPE_UNKNOWN, buttonState=0, metaState=0, flags=0x0, edgeFlags=0x0, pointerCount=1, historySize=0, eventTime=226966, downTime=226966, deviceId=0, source=0x1002 }
07-29 17:08:33.610  3453  3453 I Input   : injectMotionEvent: MotionEvent { action=ACTION_MOVE, actionButton=0, id[0]=0, x[0]=1144.0, y[0]=112.0, toolType[0]=TOOL_TYPE_UNKNOWN, buttonState=0, metaState=0, flags=0x0, edgeFlags=0x0, pointerCount=1, historySize=0, eventTime=226984, downTime=226984, deviceId=0, source=0x1002 }
07-29 17:08:33.626  3453  3453 I Input   : injectMotionEvent: MotionEvent { action=ACTION_MOVE, actionButton=0, id[0]=0, x[0]=1144.0, y[0]=112.0, toolType[0]=TOOL_TYPE_UNKNOWN, buttonState=0, metaState=0, flags=0x0, edgeFlags=0x0, pointerCount=1, historySize=0, eventTime=227000, downTime=227000, deviceId=0, source=0x1002 }
07-29 17:08:33.643  3453  3453 I Input   : injectMotionEvent: MotionEvent { action=ACTION_MOVE, actionButton=0, id[0]=0, x[0]=1144.0, y[0]=112.0, toolType[0]=TOOL_TYPE_UNKNOWN, buttonState=0, metaState=0, flags=0x0, edgeFlags=0x0, pointerCount=1, historySize=0, eventTime=227016, downTime=227016, deviceId=0, source=0x1002 }
07-29 17:08:33.661  3453  3453 I Input   : injectMotionEvent: MotionEvent { action=ACTION_MOVE, actionButton=0, id[0]=0, x[0]=1144.0, y[0]=112.0, toolType[0]=TOOL_TYPE_UNKNOWN, buttonState=0, metaState=0, flags=0x0, edgeFlags=0x0, pointerCount=1, historySize=0, eventTime=227034, downTime=227034, deviceId=0, source=0x1002 }
07-29 17:08:33.677  3453  3453 I Input   : injectMotionEvent: MotionEvent { action=ACTION_MOVE, actionButton=0, id[0]=0, x[0]=1144.0, y[0]=112.0, toolType[0]=TOOL_TYPE_UNKNOWN, buttonState=0, metaState=0, flags=0x0, edgeFlags=0x0, pointerCount=1, historySize=0, eventTime=227050, downTime=227050, deviceId=0, source=0x1002 }
07-29 17:08:33.693  3453  3453 I Input   : injectMotionEvent: MotionEvent { action=ACTION_MOVE, actionButton=0, id[0]=0, x[0]=1144.0, y[0]=112.0, toolType[0]=TOOL_TYPE_UNKNOWN, buttonState=0, metaState=0, flags=0x0, edgeFlags=0x0, pointerCount=1, historySize=0, eventTime=227067, downTime=227067, deviceId=0, source=0x1002 }
07-29 17:08:33.711  3453  3453 I Input   : injectMotionEvent: MotionEvent { action=ACTION_MOVE, actionButton=0, id[0]=0, x[0]=1144.0, y[0]=112.0, toolType[0]=TOOL_TYPE_UNKNOWN, buttonState=0, metaState=0, flags=0x0, edgeFlags=0x0, pointerCount=1, historySize=0, eventTime=227085, downTime=227085, deviceId=0, source=0x1002 }
07-29 17:08:33.728  3453  3453 I Input   : injectMotionEvent: MotionEvent { action=ACTION_MOVE, actionButton=0, id[0]=0, x[0]=1144.0, y[0]=112.0, toolType[0]=TOOL_TYPE_UNKNOWN, buttonState=0, metaState=0, flags=0x0, edgeFlags=0x0, pointerCount=1, historySize=0, eventTime=227102, downTime=227102, deviceId=0, source=0x1002 }
07-29 17:08:33.745  3453  3453 I Input   : injectMotionEvent: MotionEvent { action=ACTION_MOVE, actionButton=0, id[0]=0, x[0]=1144.0, y[0]=112.0, toolType[0]=TOOL_TYPE_UNKNOWN, buttonState=0, metaState=0, flags=0x0, edgeFlags=0x0, pointerCount=1, historySize=0, eventTime=227119, downTime=227119, deviceId=0, source=0x1002 }
07-29 17:08:33.762  3453  3453 I Input   : injectMotionEvent: MotionEvent { action=ACTION_MOVE, actionButton=0, id[0]=0, x[0]=1144.0, y[0]=112.0, toolType[0]=TOOL_TYPE_UNKNOWN, buttonState=0, metaState=0, flags=0x0, edgeFlags=0x0, pointerCount=1, historySize=0, eventTime=227136, downTime=227136, deviceId=0, source=0x1002 }
07-29 17:08:33.779  3453  3453 I Input   : injectMotionEvent: MotionEvent { action=ACTION_MOVE, actionButton=0, id[0]=0, x[0]=1144.0, y[0]=112.0, toolType[0]=TOOL_TYPE_UNKNOWN, buttonState=0, metaState=0, flags=0x0, edgeFlags=0x0, pointerCount=1, historySize=0, eventTime=227152, downTime=227152, deviceId=0, source=0x1002 }
07-29 17:08:33.795  3453  3453 I Input   : injectMotionEvent: MotionEvent { action=ACTION_MOVE, actionButton=0, id[0]=0, x[0]=1144.0, y[0]=112.0, toolType[0]=TOOL_TYPE_UNKNOWN, buttonState=0, metaState=0, flags=0x0, edgeFlags=0x0, pointerCount=1, historySize=0, eventTime=227168, downTime=227168, deviceId=0, source=0x1002 }
07-29 17:08:33.812  3453  3453 I Input   : injectMotionEvent: MotionEvent { action=ACTION_MOVE, actionButton=0, id[0]=0, x[0]=1144.0, y[0]=112.0, toolType[0]=TOOL_TYPE_UNKNOWN, buttonState=0, metaState=0, flags=0x0, edgeFlags=0x0, pointerCount=1, historySize=0, eventTime=227185, downTime=227185, deviceId=0, source=0x1002 }
07-29 17:08:33.830  3453  3453 I Input   : injectMotionEvent: MotionEvent { action=ACTION_MOVE, actionButton=0, id[0]=0, x[0]=1144.0, y[0]=112.0, toolType[0]=TOOL_TYPE_UNKNOWN, buttonState=0, metaState=0, flags=0x0, edgeFlags=0x0, pointerCount=1, historySize=0, eventTime=227204, downTime=227204, deviceId=0, source=0x1002 }
07-29 17:08:33.846  3453  3453 I Input   : injectMotionEvent: MotionEvent { action=ACTION_MOVE, actionButton=0, id[0]=0, x[0]=1144.0, y[0]=112.0, toolType[0]=TOOL_TYPE_UNKNOWN, buttonState=0, metaState=0, flags=0x0, edgeFlags=0x0, pointerCount=1, historySize=0, eventTime=227219, downTime=227219, deviceId=0, source=0x1002 }
07-29 17:08:33.863  3453  3453 I Input   : injectMotionEvent: MotionEvent { action=ACTION_MOVE, actionButton=0, id[0]=0, x[0]=1144.0, y[0]=112.0, toolType[0]=TOOL_TYPE_UNKNOWN, buttonState=0, metaState=0, flags=0x0, edgeFlags=0x0, pointerCount=1, historySize=0, eventTime=227237, downTime=227237, deviceId=0, source=0x1002 }
07-29 17:08:33.881  3453  3453 I Input   : injectMotionEvent: MotionEvent { action=ACTION_MOVE, actionButton=0, id[0]=0, x[0]=1144.0, y[0]=112.0, toolType[0]=TOOL_TYPE_UNKNOWN, buttonState=0, metaState=0, flags=0x0, edgeFlags=0x0, pointerCount=1, historySize=0, eventTime=227255, downTime=227255, deviceId=0, source=0x1002 }
07-29 17:08:33.897  3453  3453 I Input   : injectMotionEvent: MotionEvent { action=ACTION_MOVE, actionButton=0, id[0]=0, x[0]=1144.0, y[0]=112.0, toolType[0]=TOOL_TYPE_UNKNOWN, buttonState=0, metaState=0, flags=0x0, edgeFlags=0x0, pointerCount=1, historySize=0, eventTime=227270, downTime=227270, deviceId=0, source=0x1002 }
07-29 17:08:33.915  3453  3453 I Input   : injectMotionEvent: MotionEvent { action=ACTION_MOVE, actionButton=0, id[0]=0, x[0]=1144.0, y[0]=112.0, toolType[0]=TOOL_TYPE_UNKNOWN, buttonState=0, metaState=0, flags=0x0, edgeFlags=0x0, pointerCount=1, historySize=0, eventTime=227288, downTime=227288, deviceId=0, source=0x1002 }
07-29 17:08:33.931  3453  3453 I Input   : injectMotionEvent: MotionEvent { action=ACTION_MOVE, actionButton=0, id[0]=0, x[0]=1144.0, y[0]=112.0, toolType[0]=TOOL_TYPE_UNKNOWN, buttonState=0, metaState=0, flags=0x0, edgeFlags=0x0, pointerCount=1, historySize=0, eventTime=227305, downTime=227305, deviceId=0, source=0x1002 }
07-29 17:08:33.948  3453  3453 I Input   : injectMotionEvent: MotionEvent { action=ACTION_MOVE, actionButton=0, id[0]=0, x[0]=1144.0, y[0]=112.0, toolType[0]=TOOL_TYPE_UNKNOWN, buttonState=0, metaState=0, flags=0x0, edgeFlags=0x0, pointerCount=1, historySize=0, eventTime=227322, downTime=227322, deviceId=0, source=0x1002 }
07-29 17:08:33.960  3453  3453 I Input   : injectMotionEvent: MotionEvent { action=ACTION_MOVE, actionButton=0, id[0]=0, x[0]=1144.0, y[0]=112.0, toolType[0]=TOOL_TYPE_UNKNOWN, buttonState=0, metaState=0, flags=0x0, edgeFlags=0x0, pointerCount=1, historySize=0, eventTime=227334, downTime=227334, deviceId=0, source=0x1002 }
07-29 17:08:33.977  3453  3453 I Input   : injectMotionEvent: MotionEvent { action=ACTION_MOVE, actionButton=0, id[0]=0, x[0]=1144.0, y[0]=112.0, toolType[0]=TOOL_TYPE_UNKNOWN, buttonState=0, metaState=0, flags=0x0, edgeFlags=0x0, pointerCount=1, historySize=0, eventTime=227351, downTime=227351, deviceId=0, source=0x1002 }
07-29 17:08:33.994  3453  3453 I Input   : injectMotionEvent: MotionEvent { action=ACTION_MOVE, actionButton=0, id[0]=0, x[0]=1144.0, y[0]=112.0, toolType[0]=TOOL_TYPE_UNKNOWN, buttonState=0, metaState=0, flags=0x0, edgeFlags=0x0, pointerCount=1, historySize=0, eventTime=227367, downTime=227367, deviceId=0, source=0x1002 }
07-29 17:08:34.011  3453  3453 I Input   : injectMotionEvent: MotionEvent { action=ACTION_MOVE, actionButton=0, id[0]=0, x[0]=1144.0, y[0]=112.0, toolType[0]=TOOL_TYPE_UNKNOWN, buttonState=0, metaState=0, flags=0x0, edgeFlags=0x0, pointerCount=1, historySize=0, eventTime=227384, downTime=227384, deviceId=0, source=0x1002 }
07-29 17:08:34.028  3453  3453 I Input   : injectMotionEvent: MotionEvent { action=ACTION_UP, actionButton=0, id[0]=0, x[0]=1144.0, y[0]=112.0, toolType[0]=TOOL_TYPE_UNKNOWN, buttonState=0, metaState=0, flags=0x0, edgeFlags=0x0, pointerCount=1, historySize=0, eventTime=227402, downTime=227402, deviceId=0, source=0x1002 }
07-29 17:08:34.029  3453  3453 D AndroidRuntime: Shutting down VM
07-29 17:08:34.213   265   658 D AudioFlinger: mixer(0xf1d80000) throttle end: throttle time(11)
07-29 17:08:34.231  1872  1889 W EGL_emulation: eglSurfaceAttrib not implemented
07-29 17:08:34.231  1872  1889 W OpenGLRenderer: Failed to set EGL_SWAP_BEHAVIOR on surface 0xdfe126c0, error=EGL_SUCCESS
07-29 17:08:38.612  3791  3791 D AndroidRuntime: >>>>>> START com.android.internal.os.RuntimeInit uid 0 <<<<<<
07-29 17:08:38.613  3791  3791 D AndroidRuntime: CheckJNI is OFF
07-29 17:08:38.625  3791  3791 D ICU     : No timezone override file found: /data/misc/zoneinfo/current/icu/icu_tzdata.dat
07-29 17:08:38.644  3791  3791 E memtrack: Couldn't load memtrack module (No such file or directory)
07-29 17:08:38.644  3791  3791 E android.os.Debug: failed to load memtrack module: -2
07-29 17:08:38.644  3791  3791 I Radio-JNI: register_android_hardware_Radio DONE
07-29 17:08:38.651  3791  3791 D AndroidRuntime: Calling main entry com.android.commands.uiautomator.Launcher
07-29 17:08:39.663  3791  3791 W AccessibilityNodeInfoDumper: Fetch time: 1ms
07-29 17:08:39.664   587  1054 W WindowManager: Attempted to remove non-existing token: android.os.Binder@b620c54
07-29 17:08:39.674  3791  3791 D AndroidRuntime: Shutting down VM
07-29 17:08:40.715  3814  3814 D AndroidRuntime: >>>>>> START com.android.internal.os.RuntimeInit uid 0 <<<<<<
07-29 17:08:40.717  3814  3814 D AndroidRuntime: CheckJNI is OFF
07-29 17:08:40.728  3814  3814 D ICU     : No timezone override file found: /data/misc/zoneinfo/current/icu/icu_tzdata.dat
07-29 17:08:40.744  3814  3814 E memtrack: Couldn't load memtrack module (No such file or directory)
07-29 17:08:40.744  3814  3814 E android.os.Debug: failed to load memtrack module: -2
07-29 17:08:40.747  3814  3814 I Radio-JNI: register_android_hardware_Radio DONE
07-29 17:08:40.754  3814  3814 D AndroidRuntime: Calling main entry com.android.commands.uiautomator.Launcher
07-29 17:08:41.777  3814  3814 W AccessibilityNodeInfoDumper: Fetch time: 1ms
07-29 17:08:41.778   587  1054 W WindowManager: Attempted to remove non-existing token: android.os.Binder@fa5acf2
07-29 17:08:41.790  3814  3814 D AndroidRuntime: Shutting down VM
07-29 17:08:42.223  3833  3833 D AndroidRuntime: >>>>>> START com.android.internal.os.RuntimeInit uid 0 <<<<<<
07-29 17:08:42.225  3833  3833 D AndroidRuntime: CheckJNI is OFF
07-29 17:08:42.235  3833  3833 D ICU     : No timezone override file found: /data/misc/zoneinfo/current/icu/icu_tzdata.dat
07-29 17:08:42.247  3833  3833 E memtrack: Couldn't load memtrack module (No such file or directory)
07-29 17:08:42.247  3833  3833 E android.os.Debug: failed to load memtrack module: -2
07-29 17:08:42.248  3833  3833 I Radio-JNI: register_android_hardware_Radio DONE
07-29 17:08:42.254  3833  3833 D AndroidRuntime: Calling main entry com.android.commands.uiautomator.Launcher
07-29 17:08:43.269  3833  3833 W AccessibilityNodeInfoDumper: Fetch time: 2ms
07-29 17:08:43.269   587   749 W WindowManager: Attempted to remove non-existing token: android.os.Binder@9688f43
07-29 17:08:43.285  3833  3833 D AndroidRuntime: Shutting down VM
07-29 17:08:44.316  3856  3856 D AndroidRuntime: >>>>>> START com.android.internal.os.RuntimeInit uid 0 <<<<<<
07-29 17:08:44.317  3856  3856 D AndroidRuntime: CheckJNI is OFF
07-29 17:08:44.327  3856  3856 D ICU     : No timezone override file found: /data/misc/zoneinfo/current/icu/icu_tzdata.dat
07-29 17:08:44.341  3856  3856 E memtrack: Couldn't load memtrack module (No such file or directory)
07-29 17:08:44.341  3856  3856 E android.os.Debug: failed to load memtrack module: -2
07-29 17:08:44.342  3856  3856 I Radio-JNI: register_android_hardware_Radio DONE
07-29 17:08:44.349  3856  3856 D AndroidRuntime: Calling main entry com.android.commands.uiautomator.Launcher
07-29 17:08:45.364  3856  3856 W AccessibilityNodeInfoDumper: Fetch time: 1ms
07-29 17:08:45.365   587   599 W WindowManager: Attempted to remove non-existing token: android.os.Binder@dfd99c0
07-29 17:08:45.375  3856  3856 D AndroidRuntime: Shutting down VM
07-29 17:08:46.464  3884  3884 D AndroidRuntime: >>>>>> START com.android.internal.os.RuntimeInit uid 0 <<<<<<
07-29 17:08:46.466  3884  3884 D AndroidRuntime: CheckJNI is OFF
07-29 17:08:46.476  3884  3884 D ICU     : No timezone override file found: /data/misc/zoneinfo/current/icu/icu_tzdata.dat
07-29 17:08:46.490  3884  3884 E memtrack: Couldn't load memtrack module (No such file or directory)
07-29 17:08:46.490  3884  3884 E android.os.Debug: failed to load memtrack module: -2
07-29 17:08:46.491  3884  3884 I Radio-JNI: register_android_hardware_Radio DONE
07-29 17:08:46.499  3884  3884 D AndroidRuntime: Calling main entry com.android.commands.uiautomator.Launcher
07-29 17:08:47.516  3884  3884 W AccessibilityNodeInfoDumper: Fetch time: 1ms
07-29 17:08:47.518   587   756 W WindowManager: Attempted to remove non-existing token: android.os.Binder@45326f9
07-29 17:08:47.526  3884  3884 D AndroidRuntime: Shutting down VM
07-29 17:08:48.532  3910  3910 D AndroidRuntime: >>>>>> START com.android.internal.os.RuntimeInit uid 0 <<<<<<
07-29 17:08:48.534  3910  3910 D AndroidRuntime: CheckJNI is OFF
07-29 17:08:48.542  3910  3910 D ICU     : No timezone override file found: /data/misc/zoneinfo/current/icu/icu_tzdata.dat
07-29 17:08:48.555  3910  3910 E memtrack: Couldn't load memtrack module (No such file or directory)
07-29 17:08:48.555  3910  3910 E android.os.Debug: failed to load memtrack module: -2
07-29 17:08:48.555  3910  3910 I Radio-JNI: register_android_hardware_Radio DONE
07-29 17:08:48.563  3910  3910 D AndroidRuntime: Calling main entry com.android.commands.uiautomator.Launcher
07-29 17:08:49.578  3910  3910 W AccessibilityNodeInfoDumper: Fetch time: 3ms
07-29 17:08:49.579   587  1061 W WindowManager: Attempted to remove non-existing token: android.os.Binder@adda63e
07-29 17:08:49.586  3910  3910 D AndroidRuntime: Shutting down VM
07-29 17:08:50.028  3928  3928 D AndroidRuntime: >>>>>> START com.android.internal.os.RuntimeInit uid 0 <<<<<<
07-29 17:08:50.030  3928  3928 D AndroidRuntime: CheckJNI is OFF
07-29 17:08:50.040  3928  3928 D ICU     : No timezone override file found: /data/misc/zoneinfo/current/icu/icu_tzdata.dat
07-29 17:08:50.054  3928  3928 E memtrack: Couldn't load memtrack module (No such file or directory)
07-29 17:08:50.054  3928  3928 E android.os.Debug: failed to load memtrack module: -2
07-29 17:08:50.055  3928  3928 I Radio-JNI: register_android_hardware_Radio DONE
07-29 17:08:50.061  3928  3928 D AndroidRuntime: Calling main entry com.android.commands.uiautomator.Launcher
07-29 17:08:51.077  3928  3928 W AccessibilityNodeInfoDumper: Fetch time: 2ms
07-29 17:08:51.077   587   756 W WindowManager: Attempted to remove non-existing token: android.os.Binder@afadc9f
07-29 17:08:51.085  3928  3928 D AndroidRuntime: Shutting down VM
07-29 17:08:52.063  3951  3951 D AndroidRuntime: >>>>>> START com.android.internal.os.RuntimeInit uid 0 <<<<<<
07-29 17:08:52.065  3951  3951 D AndroidRuntime: CheckJNI is OFF
07-29 17:08:52.074  3951  3951 D ICU     : No timezone override file found: /data/misc/zoneinfo/current/icu/icu_tzdata.dat
07-29 17:08:52.088  3951  3951 E memtrack: Couldn't load memtrack module (No such file or directory)
07-29 17:08:52.088  3951  3951 E android.os.Debug: failed to load memtrack module: -2
07-29 17:08:52.089  3951  3951 I Radio-JNI: register_android_hardware_Radio DONE
07-29 17:08:52.095  3951  3951 D AndroidRuntime: Calling main entry com.android.commands.uiautomator.Launcher
07-29 17:08:53.109  3951  3951 W AccessibilityNodeInfoDumper: Fetch time: 1ms
07-29 17:08:53.109   587   599 W WindowManager: Attempted to remove non-existing token: android.os.Binder@e0291ec
07-29 17:08:53.116  3951  3951 D AndroidRuntime: Shutting down VM
07-29 17:08:53.504  3969  3969 D AndroidRuntime: >>>>>> START com.android.internal.os.RuntimeInit uid 0 <<<<<<
07-29 17:08:53.505  3969  3969 D AndroidRuntime: CheckJNI is OFF
07-29 17:08:53.513  3969  3969 D ICU     : No timezone override file found: /data/misc/zoneinfo/current/icu/icu_tzdata.dat
07-29 17:08:53.525  3969  3969 E memtrack: Couldn't load memtrack module (No such file or directory)
07-29 17:08:53.525  3969  3969 E android.os.Debug: failed to load memtrack module: -2
07-29 17:08:53.525  3969  3969 I Radio-JNI: register_android_hardware_Radio DONE
07-29 17:08:53.532  3969  3969 D AndroidRuntime: Calling main entry com.android.commands.uiautomator.Launcher
07-29 17:08:54.546  3969  3969 W AccessibilityNodeInfoDumper: Fetch time: 2ms
07-29 17:08:54.547   587  1061 W WindowManager: Attempted to remove non-existing token: android.os.Binder@e09e84a
07-29 17:08:54.558  3969  3969 D AndroidRuntime: Shutting down VM
07-29 17:08:55.565  3992  3992 D AndroidRuntime: >>>>>> START com.android.internal.os.RuntimeInit uid 0 <<<<<<
07-29 17:08:55.566  3992  3992 D AndroidRuntime: CheckJNI is OFF
07-29 17:08:55.578  3992  3992 D ICU     : No timezone override file found: /data/misc/zoneinfo/current/icu/icu_tzdata.dat
07-29 17:08:55.594  3992  3992 E memtrack: Couldn't load memtrack module (No such file or directory)
07-29 17:08:55.594  3992  3992 E android.os.Debug: failed to load memtrack module: -2
07-29 17:08:55.595  3992  3992 I Radio-JNI: register_android_hardware_Radio DONE
07-29 17:08:55.601  3992  3992 D AndroidRuntime: Calling main entry com.android.commands.uiautomator.Launcher
07-29 17:08:56.616  3992  3992 W AccessibilityNodeInfoDumper: Fetch time: 1ms
07-29 17:08:56.616   587   749 W WindowManager: Attempted to remove non-existing token: android.os.Binder@23aa3bb
07-29 17:08:56.624  3992  3992 D AndroidRuntime: Shutting down VM
07-29 17:08:57.028  4010  4010 D AndroidRuntime: >>>>>> START com.android.internal.os.RuntimeInit uid 0 <<<<<<
07-29 17:08:57.030  4010  4010 D AndroidRuntime: CheckJNI is OFF
07-29 17:08:57.038  4010  4010 D ICU     : No timezone override file found: /data/misc/zoneinfo/current/icu/icu_tzdata.dat
07-29 17:08:57.049  4010  4010 E memtrack: Couldn't load memtrack module (No such file or directory)
07-29 17:08:57.049  4010  4010 E android.os.Debug: failed to load memtrack module: -2
07-29 17:08:57.050  4010  4010 I Radio-JNI: register_android_hardware_Radio DONE
07-29 17:08:57.055  4010  4010 D AndroidRuntime: Calling main entry com.android.commands.uiautomator.Launcher
07-29 17:08:58.067  4010  4010 W AccessibilityNodeInfoDumper: Fetch time: 2ms
07-29 17:08:58.067   587  1061 W WindowManager: Attempted to remove non-existing token: android.os.Binder@e7ce0d8
07-29 17:08:58.073  4010  4010 D AndroidRuntime: Shutting down VM
07-29 17:08:59.053  4033  4033 D AndroidRuntime: >>>>>> START com.android.internal.os.RuntimeInit uid 0 <<<<<<
07-29 17:08:59.054  4033  4033 D AndroidRuntime: CheckJNI is OFF
07-29 17:08:59.062  4033  4033 D ICU     : No timezone override file found: /data/misc/zoneinfo/current/icu/icu_tzdata.dat
07-29 17:08:59.075  4033  4033 E memtrack: Couldn't load memtrack module (No such file or directory)
07-29 17:08:59.075  4033  4033 E android.os.Debug: failed to load memtrack module: -2
07-29 17:08:59.075  4033  4033 I Radio-JNI: register_android_hardware_Radio DONE
07-29 17:08:59.081  4033  4033 D AndroidRuntime: Calling main entry com.android.commands.uiautomator.Launcher
07-29 17:09:00.096  4033  4033 W AccessibilityNodeInfoDumper: Fetch time: 3ms
07-29 17:09:00.096   587   599 W WindowManager: Attempted to remove non-existing token: android.os.Binder@6bdbc31
07-29 17:09:00.106  4033  4033 D AndroidRuntime: Shutting down VM
07-29 17:09:00.526  4051  4051 D AndroidRuntime: >>>>>> START com.android.internal.os.RuntimeInit uid 0 <<<<<<
07-29 17:09:00.527  4051  4051 D AndroidRuntime: CheckJNI is OFF
07-29 17:09:00.536  4051  4051 D ICU     : No timezone override file found: /data/misc/zoneinfo/current/icu/icu_tzdata.dat
07-29 17:09:00.547  4051  4051 E memtrack: Couldn't load memtrack module (No such file or directory)
07-29 17:09:00.547  4051  4051 E android.os.Debug: failed to load memtrack module: -2
07-29 17:09:00.548  4051  4051 I Radio-JNI: register_android_hardware_Radio DONE
07-29 17:09:00.554  4051  4051 D AndroidRuntime: Calling main entry com.android.commands.uiautomator.Launcher
07-29 17:09:01.569  4051  4051 W AccessibilityNodeInfoDumper: Fetch time: 1ms
07-29 17:09:01.570   587  1295 W WindowManager: Attempted to remove non-existing token: android.os.Binder@d063f16
07-29 17:09:01.580  4051  4051 D AndroidRuntime: Shutting down VM
07-29 17:09:01.980  4065  4065 D AndroidRuntime: >>>>>> START com.android.internal.os.RuntimeInit uid 0 <<<<<<
07-29 17:09:01.981  4065  4065 D AndroidRuntime: CheckJNI is OFF
07-29 17:09:01.991  4065  4065 D ICU     : No timezone override file found: /data/misc/zoneinfo/current/icu/icu_tzdata.dat
07-29 17:09:02.006  4065  4065 E memtrack: Couldn't load memtrack module (No such file or directory)
07-29 17:09:02.006  4065  4065 E android.os.Debug: failed to load memtrack module: -2
07-29 17:09:02.007  4065  4065 I Radio-JNI: register_android_hardware_Radio DONE
07-29 17:09:02.012  4065  4065 D AndroidRuntime: Calling main entry com.android.commands.input.Input
07-29 17:09:02.013  4065  4065 I Input   : injectMotionEvent: MotionEvent { action=ACTION_DOWN, actionButton=0, id[0]=0, x[0]=980.0, y[0]=208.0, toolType[0]=TOOL_TYPE_UNKNOWN, buttonState=0, metaState=0, flags=0x0, edgeFlags=0x0, pointerCount=1, historySize=0, eventTime=255386, downTime=255386, deviceId=0, source=0x1002 }
07-29 17:09:02.015  4065  4065 I Input   : injectMotionEvent: MotionEvent { action=ACTION_UP, actionButton=0, id[0]=0, x[0]=980.0, y[0]=208.0, toolType[0]=TOOL_TYPE_UNKNOWN, buttonState=0, metaState=0, flags=0x0, edgeFlags=0x0, pointerCount=1, historySize=0, eventTime=255386, downTime=255386, deviceId=0, source=0x1002 }
07-29 17:09:02.017  4065  4065 D AndroidRuntime: Shutting down VM
07-29 17:09:02.080  1872  1872 D leak-100: Eastern Standard Time
07-29 17:09:02.080  1872  1872 D leak-102: Eastern Standard Time
07-29 17:09:02.080  1872  1872 D leak-97 : Eastern Standard Time
07-29 17:09:02.080  1872  1872 D leak-98 : Eastern Standard Time
07-29 17:09:02.143  1872  1872 D leak-8  : Eastern Standard Time
07-29 17:09:02.143  1872  1872 D leak-9  : Eastern Standard Time
07-29 17:09:02.143  1872  1872 D leak-13 : Eastern Standard Time
07-29 17:09:02.146  1872  4074 D leak-14 : Eastern Standard Time
07-29 17:09:02.146  1872  4074 D leak-17 : Eastern Standard Time
07-29 17:09:02.146  1872  4074 D afhdownloader_Download: Fetch: https://androidfilehost.com/?w=files&flid=39788
07-29 17:09:02.146  1872  4074 D leak-18 : Eastern Standard Time
07-29 17:09:02.478  1872  1889 E Surface : getSlotFromBufferLocked: unknown buffer: 0xeb0a7860
07-29 17:09:02.484  1872  1889 D OpenGLRenderer: endAllStagingAnimators on 0xdfe29680 (MenuPopupWindow$MenuDropDownListView) with handle 0xdfc3f850
07-29 17:09:03.091  1872  4074 D leak-19 : Eastern Standard Time
07-29 17:09:03.091  1872  4074 D leak-19 : Eastern Standard Time
07-29 17:09:03.091  1872  4074 D leak-19 : Eastern Standard Time
07-29 17:09:03.091  1872  4074 D leak-19 : Eastern Standard Time
07-29 17:09:03.091  1872  4074 D leak-19 : Eastern Standard Time
07-29 17:09:03.091  1872  4074 D leak-19 : Eastern Standard Time
07-29 17:09:03.091  1872  4074 D leak-19 : Eastern Standard Time
07-29 17:09:03.091  1872  4074 D leak-19 : Eastern Standard Time
07-29 17:09:03.091  1872  4074 D leak-19 : Eastern Standard Time
07-29 17:09:03.091  1872  4074 D leak-19 : Eastern Standard Time
07-29 17:09:03.091  1872  4074 D leak-19 : Eastern Standard Time
07-29 17:09:03.092  1872  4074 D leak-19 : Eastern Standard Time
07-29 17:09:03.092  1872  4074 D leak-19 : Eastern Standard Time
07-29 17:09:03.092  1872  4074 D leak-19 : Eastern Standard Time
07-29 17:09:03.092  1872  4074 D leak-20 : Eastern Standard Time
07-29 17:09:03.093  1872  1872 D leak-15 : Eastern Standard Time
07-29 17:09:03.093  1872  1872 D leak-16 : Eastern Standard Time
07-29 17:09:03.093  1872  1872 D leak-117: Eastern Standard Time
07-29 17:09:03.094  1872  1872 W afhdownloader_MainActivity: Download
07-29 17:09:03.094  1872  1872 D leak-202: Eastern Standard Time
07-29 17:09:03.094  1872  1872 D leak-203: Eastern Standard Time
07-29 17:09:03.094  1872  1872 D leak-120: Eastern Standard Time
07-29 17:09:03.094  1872  1872 D leak-121: Eastern Standard Time
07-29 17:09:03.095  1872  1872 D leak-123: Eastern Standard Time
07-29 17:09:03.095  1872  1872 D leak-124: Eastern Standard Time
07-29 17:09:03.095  1872  1872 D leak-123: Eastern Standard Time
07-29 17:09:03.095  1872  1872 D leak-124: Eastern Standard Time
07-29 17:09:03.095  1872  1872 D leak-123: Eastern Standard Time
07-29 17:09:03.095  1872  1872 D leak-124: Eastern Standard Time
07-29 17:09:03.095  1872  1872 D leak-123: Eastern Standard Time
07-29 17:09:03.095  1872  1872 D leak-124: Eastern Standard Time
07-29 17:09:03.095  1872  1872 D leak-123: Eastern Standard Time
07-29 17:09:03.095  1872  1872 D leak-124: Eastern Standard Time
07-29 17:09:03.095  1872  1872 D leak-123: Eastern Standard Time
07-29 17:09:03.095  1872  1872 D leak-124: Eastern Standard Time
07-29 17:09:03.095  1872  1872 D leak-123: Eastern Standard Time
07-29 17:09:03.095  1872  1872 D leak-124: Eastern Standard Time
07-29 17:09:03.095  1872  1872 D leak-123: Eastern Standard Time
07-29 17:09:03.095  1872  1872 D leak-124: Eastern Standard Time
07-29 17:09:03.095  1872  1872 D leak-123: Eastern Standard Time
07-29 17:09:03.095  1872  1872 D leak-124: Eastern Standard Time
07-29 17:09:03.095  1872  1872 D leak-123: Eastern Standard Time
07-29 17:09:03.096  1872  1872 D leak-124: Eastern Standard Time
07-29 17:09:03.096  1872  1872 D leak-123: Eastern Standard Time
07-29 17:09:03.096  1872  1872 D leak-124: Eastern Standard Time
07-29 17:09:03.096  1872  1872 D leak-123: Eastern Standard Time
07-29 17:09:03.096  1872  1872 D leak-124: Eastern Standard Time
07-29 17:09:03.096  1872  1872 D leak-123: Eastern Standard Time
07-29 17:09:03.096  1872  1872 D leak-124: Eastern Standard Time
07-29 17:09:03.096  1872  1872 D leak-123: Eastern Standard Time
07-29 17:09:03.096  1872  1872 D leak-124: Eastern Standard Time
07-29 17:09:03.096  1872  1872 D leak-304: Eastern Standard Time
07-29 17:09:03.096  1872  1872 D leak-305: Eastern Standard Time
07-29 17:09:03.096  1872  1872 D leak-133: Eastern Standard Time
07-29 17:09:03.096  1872  1872 D leak-259: Eastern Standard Time
07-29 17:09:03.096  1872  1872 D leak-260: Eastern Standard Time
07-29 17:09:03.096  1872  1872 D leak-143: Eastern Standard Time
07-29 17:09:03.101  1872  1872 D leak-306: Eastern Standard Time
07-29 17:09:03.101  1872  1872 D leak-307: Eastern Standard Time
07-29 17:09:03.101  1872  1872 D leak-315: Eastern Standard Time
07-29 17:09:03.101  1872  1872 D leak-309: Eastern Standard Time
07-29 17:09:03.101  1872  1872 D leak-306: Eastern Standard Time
07-29 17:09:03.101  1872  1872 D leak-308: Eastern Standard Time
07-29 17:09:03.101  1872  1872 D leak-309: Eastern Standard Time
07-29 17:09:03.101  1872  1872 D leak-306: Eastern Standard Time
07-29 17:09:03.101  1872  1872 D leak-308: Eastern Standard Time
07-29 17:09:03.102  1872  1872 D leak-309: Eastern Standard Time
07-29 17:09:03.102  1872  1872 D leak-306: Eastern Standard Time
07-29 17:09:03.102  1872  1872 D leak-308: Eastern Standard Time
07-29 17:09:03.102  1872  1872 D leak-309: Eastern Standard Time
07-29 17:09:03.102  1872  1872 D leak-306: Eastern Standard Time
07-29 17:09:03.102  1872  1872 D leak-308: Eastern Standard Time
07-29 17:09:03.102  1872  1872 D leak-309: Eastern Standard Time
07-29 17:09:03.102  1872  1872 D leak-306: Eastern Standard Time
07-29 17:09:03.102  1872  1872 D leak-308: Eastern Standard Time
07-29 17:09:03.102  1872  1872 D leak-309: Eastern Standard Time
07-29 17:09:03.102  1872  1872 D leak-306: Eastern Standard Time
07-29 17:09:03.102  1872  1872 D leak-308: Eastern Standard Time
07-29 17:09:03.102  1872  1872 D leak-309: Eastern Standard Time
07-29 17:09:03.102  1872  1872 D leak-306: Eastern Standard Time
07-29 17:09:03.102  1872  1872 D leak-308: Eastern Standard Time
07-29 17:09:03.103  1872  1872 D leak-309: Eastern Standard Time
07-29 17:09:03.103  1872  1872 D leak-306: Eastern Standard Time
07-29 17:09:03.103  1872  1872 D leak-308: Eastern Standard Time
07-29 17:09:03.103  1872  1872 D leak-309: Eastern Standard Time
07-29 17:09:03.103  1872  1872 D leak-306: Eastern Standard Time
07-29 17:09:03.103  1872  1872 D leak-308: Eastern Standard Time
07-29 17:09:03.103  1872  1872 D leak-309: Eastern Standard Time
07-29 17:09:03.103  1872  1872 D leak-306: Eastern Standard Time
07-29 17:09:03.103  1872  1872 D leak-308: Eastern Standard Time
07-29 17:09:03.103  1872  1872 D leak-309: Eastern Standard Time
07-29 17:09:03.103  1872  1872 D leak-306: Eastern Standard Time
07-29 17:09:03.103  1872  1872 D leak-308: Eastern Standard Time
07-29 17:09:03.103  1872  1872 D leak-309: Eastern Standard Time
07-29 17:09:03.103  1872  1872 D leak-306: Eastern Standard Time
07-29 17:09:03.103  1872  1872 D leak-308: Eastern Standard Time
07-29 17:09:03.103  1872  1872 D leak-309: Eastern Standard Time
07-29 17:09:03.103  1872  1872 D leak-306: Eastern Standard Time
07-29 17:09:03.103  1872  1872 D leak-308: Eastern Standard Time
07-29 17:09:03.103  1872  1872 D leak-309: Eastern Standard Time
07-29 17:09:03.103  1872  1872 D leak-306: Eastern Standard Time
07-29 17:09:03.104  1872  1872 D leak-308: Eastern Standard Time
07-29 17:09:03.104  1872  1872 D leak-309: Eastern Standard Time
07-29 17:09:03.104  1872  1872 D leak-306: Eastern Standard Time
07-29 17:09:03.104  1872  1872 D leak-308: Eastern Standard Time
07-29 17:09:03.104  1872  1872 D leak-309: Eastern Standard Time
07-29 17:09:03.104  1872  1872 D leak-306: Eastern Standard Time
07-29 17:09:03.104  1872  1872 D leak-308: Eastern Standard Time
07-29 17:09:03.104  1872  1872 D leak-309: Eastern Standard Time
07-29 17:09:03.104  1872  1872 D leak-306: Eastern Standard Time
07-29 17:09:03.104  1872  1872 D leak-308: Eastern Standard Time
07-29 17:09:03.104  1872  1872 D leak-309: Eastern Standard Time
07-29 17:09:03.104  1872  1872 D leak-306: Eastern Standard Time
07-29 17:09:03.104  1872  1872 D leak-308: Eastern Standard Time
07-29 17:09:03.104  1872  1872 D leak-309: Eastern Standard Time
07-29 17:09:03.104  1872  1872 D leak-306: Eastern Standard Time
07-29 17:09:03.104  1872  1872 D leak-308: Eastern Standard Time
07-29 17:09:03.104  1872  1872 D leak-309: Eastern Standard Time
07-29 17:09:03.104  1872  1872 D leak-306: Eastern Standard Time
07-29 17:09:03.104  1872  1872 D leak-308: Eastern Standard Time
07-29 17:09:03.104  1872  1872 D leak-309: Eastern Standard Time
07-29 17:09:03.104  1872  1872 D leak-306: Eastern Standard Time
07-29 17:09:03.104  1872  1872 D leak-308: Eastern Standard Time
07-29 17:09:03.104  1872  1872 D leak-309: Eastern Standard Time
07-29 17:09:03.104  1872  1872 D leak-306: Eastern Standard Time
07-29 17:09:03.104  1872  1872 D leak-308: Eastern Standard Time
07-29 17:09:03.104  1872  1872 D leak-309: Eastern Standard Time
07-29 17:09:03.104  1872  1872 D leak-306: Eastern Standard Time
07-29 17:09:03.104  1872  1872 D leak-308: Eastern Standard Time
07-29 17:09:03.104  1872  1872 D leak-309: Eastern Standard Time
07-29 17:09:03.104  1872  1872 D leak-306: Eastern Standard Time
07-29 17:09:03.104  1872  1872 D leak-308: Eastern Standard Time
07-29 17:09:03.104  1872  1872 D leak-309: Eastern Standard Time
07-29 17:09:03.104  1872  1872 D leak-306: Eastern Standard Time
07-29 17:09:03.104  1872  1872 D leak-308: Eastern Standard Time
07-29 17:09:03.104  1872  1872 D leak-309: Eastern Standard Time
07-29 17:09:03.104  1872  1872 D leak-306: Eastern Standard Time
07-29 17:09:03.105  1872  1872 D leak-308: Eastern Standard Time
07-29 17:09:03.105  1872  1872 D leak-309: Eastern Standard Time
07-29 17:09:03.105  1872  1872 D leak-306: Eastern Standard Time
07-29 17:09:03.105  1872  1872 D leak-308: Eastern Standard Time
07-29 17:09:03.105  1872  1872 D leak-309: Eastern Standard Time
07-29 17:09:03.105  1872  1872 D leak-306: Eastern Standard Time
07-29 17:09:03.105  1872  1872 D leak-308: Eastern Standard Time
07-29 17:09:03.105  1872  1872 D leak-309: Eastern Standard Time
07-29 17:09:03.105  1872  1872 D leak-306: Eastern Standard Time
07-29 17:09:03.105  1872  1872 D leak-307: Eastern Standard Time
07-29 17:09:03.106  1872  1872 D leak-315: Eastern Standard Time
07-29 17:09:03.106  1872  1872 D leak-309: Eastern Standard Time
07-29 17:09:03.107  1872  1872 D leak-306: Eastern Standard Time
07-29 17:09:03.107  1872  1872 D leak-307: Eastern Standard Time
07-29 17:09:03.107  1872  1872 D leak-315: Eastern Standard Time
07-29 17:09:03.107  1872  1872 D leak-309: Eastern Standard Time
07-29 17:09:03.108  1872  1872 D leak-306: Eastern Standard Time
07-29 17:09:03.108  1872  1872 D leak-307: Eastern Standard Time
07-29 17:09:03.109  1872  1872 D leak-315: Eastern Standard Time
07-29 17:09:03.109  1872  1872 D leak-309: Eastern Standard Time
07-29 17:09:03.109  1872  1872 D leak-306: Eastern Standard Time
07-29 17:09:03.109  1872  1872 D leak-307: Eastern Standard Time
07-29 17:09:03.109  1872  1872 D leak-315: Eastern Standard Time
07-29 17:09:03.109  1872  1872 D leak-309: Eastern Standard Time
07-29 17:09:03.110  1872  1872 D leak-306: Eastern Standard Time
07-29 17:09:03.110  1872  1872 D leak-307: Eastern Standard Time
07-29 17:09:03.110  1872  1872 D leak-315: Eastern Standard Time
07-29 17:09:03.110  1872  1872 D leak-309: Eastern Standard Time
07-29 17:09:03.110  1872  1872 D leak-306: Eastern Standard Time
07-29 17:09:03.110  1872  1872 D leak-307: Eastern Standard Time
07-29 17:09:03.111  1872  1872 D leak-315: Eastern Standard Time
07-29 17:09:03.111  1872  1872 D leak-309: Eastern Standard Time
07-29 17:09:03.111  1872  1872 D leak-306: Eastern Standard Time
07-29 17:09:03.111  1872  1872 D leak-307: Eastern Standard Time
07-29 17:09:03.111  1872  1872 D leak-315: Eastern Standard Time
07-29 17:09:03.111  1872  1872 D leak-309: Eastern Standard Time
07-29 17:09:03.111  1872  1872 D leak-306: Eastern Standard Time
07-29 17:09:03.111  1872  1872 D leak-307: Eastern Standard Time
07-29 17:09:03.112  1872  1872 D leak-315: Eastern Standard Time
07-29 17:09:03.112  1872  1872 D leak-309: Eastern Standard Time
07-29 17:09:03.112  1872  1872 D leak-306: Eastern Standard Time
07-29 17:09:03.112  1872  1872 D leak-307: Eastern Standard Time
07-29 17:09:03.114  1872  1872 D leak-315: Eastern Standard Time
07-29 17:09:03.114  1872  1872 D leak-309: Eastern Standard Time
07-29 17:09:03.114  1872  1872 D leak-306: Eastern Standard Time
07-29 17:09:03.114  1872  1872 D leak-307: Eastern Standard Time
07-29 17:09:03.115  1872  1872 D leak-315: Eastern Standard Time
07-29 17:09:03.115  1872  1872 D leak-309: Eastern Standard Time
07-29 17:09:03.115  1872  1872 D leak-306: Eastern Standard Time
07-29 17:09:03.115  1872  1872 D leak-307: Eastern Standard Time
07-29 17:09:03.115  1872  1872 D leak-315: Eastern Standard Time
07-29 17:09:03.115  1872  1872 D leak-309: Eastern Standard Time
07-29 17:09:03.115  1872  1872 D leak-306: Eastern Standard Time
07-29 17:09:03.115  1872  1872 D leak-307: Eastern Standard Time
07-29 17:09:03.115  1872  1872 D leak-315: Eastern Standard Time
07-29 17:09:03.118  1872  1872 D leak-309: Eastern Standard Time
07-29 17:09:03.118  1872  1872 D leak-306: Eastern Standard Time
07-29 17:09:03.118  1872  1872 D leak-307: Eastern Standard Time
07-29 17:09:03.119  1872  1872 D leak-315: Eastern Standard Time
07-29 17:09:03.119  1872  1872 D leak-309: Eastern Standard Time
07-29 17:09:03.566  4090  4090 D AndroidRuntime: >>>>>> START com.android.internal.os.RuntimeInit uid 0 <<<<<<
07-29 17:09:03.568  4090  4090 D AndroidRuntime: CheckJNI is OFF
07-29 17:09:03.579  4090  4090 D ICU     : No timezone override file found: /data/misc/zoneinfo/current/icu/icu_tzdata.dat
07-29 17:09:03.594  4090  4090 E memtrack: Couldn't load memtrack module (No such file or directory)
07-29 17:09:03.594  4090  4090 E android.os.Debug: failed to load memtrack module: -2
07-29 17:09:03.595  4090  4090 I Radio-JNI: register_android_hardware_Radio DONE
07-29 17:09:03.602  4090  4090 D AndroidRuntime: Calling main entry com.android.commands.uiautomator.Launcher
07-29 17:09:04.622  4090  4090 W AccessibilityNodeInfoDumper: Fetch time: 5ms
