07-29 17:12:02.861  7668  7668 I Input   : injectMotionEvent: MotionEvent { action=ACTION_MOVE, actionButton=0, id[0]=0, x[0]=1144.0, y[0]=112.0, toolType[0]=TOOL_TYPE_UNKNOWN, buttonState=0, metaState=0, flags=0x0, edgeFlags=0x0, pointerCount=1, historySize=0, eventTime=436235, downTime=436235, deviceId=0, source=0x1002 }
07-29 17:12:02.882  7668  7668 I Input   : injectMotionEvent: MotionEvent { action=ACTION_MOVE, actionButton=0, id[0]=0, x[0]=1144.0, y[0]=112.0, toolType[0]=TOOL_TYPE_UNKNOWN, buttonState=0, metaState=0, flags=0x0, edgeFlags=0x0, pointerCount=1, historySize=0, eventTime=436255, downTime=436255, deviceId=0, source=0x1002 }
07-29 17:12:02.895  7668  7668 I Input   : injectMotionEvent: MotionEvent { action=ACTION_MOVE, actionButton=0, id[0]=0, x[0]=1144.0, y[0]=112.0, toolType[0]=TOOL_TYPE_UNKNOWN, buttonState=0, metaState=0, flags=0x0, edgeFlags=0x0, pointerCount=1, historySize=0, eventTime=436268, downTime=436268, deviceId=0, source=0x1002 }
07-29 17:12:02.912  7668  7668 I Input   : injectMotionEvent: MotionEvent { action=ACTION_MOVE, actionButton=0, id[0]=0, x[0]=1144.0, y[0]=112.0, toolType[0]=TOOL_TYPE_UNKNOWN, buttonState=0, metaState=0, flags=0x0, edgeFlags=0x0, pointerCount=1, historySize=0, eventTime=436285, downTime=436285, deviceId=0, source=0x1002 }
07-29 17:12:02.927  7668  7668 I Input   : injectMotionEvent: MotionEvent { action=ACTION_MOVE, actionButton=0, id[0]=0, x[0]=1144.0, y[0]=112.0, toolType[0]=TOOL_TYPE_UNKNOWN, buttonState=0, metaState=0, flags=0x0, edgeFlags=0x0, pointerCount=1, historySize=0, eventTime=436300, downTime=436300, deviceId=0, source=0x1002 }
07-29 17:12:02.944  7668  7668 I Input   : injectMotionEvent: MotionEvent { action=ACTION_MOVE, actionButton=0, id[0]=0, x[0]=1144.0, y[0]=112.0, toolType[0]=TOOL_TYPE_UNKNOWN, buttonState=0, metaState=0, flags=0x0, edgeFlags=0x0, pointerCount=1, historySize=0, eventTime=436318, downTime=436318, deviceId=0, source=0x1002 }
07-29 17:12:02.960  7668  7668 I Input   : injectMotionEvent: MotionEvent { action=ACTION_MOVE, actionButton=0, id[0]=0, x[0]=1144.0, y[0]=112.0, toolType[0]=TOOL_TYPE_UNKNOWN, buttonState=0, metaState=0, flags=0x0, edgeFlags=0x0, pointerCount=1, historySize=0, eventTime=436334, downTime=436334, deviceId=0, source=0x1002 }
07-29 17:12:02.982  7668  7668 I Input   : injectMotionEvent: MotionEvent { action=ACTION_MOVE, actionButton=0, id[0]=0, x[0]=1144.0, y[0]=112.0, toolType[0]=TOOL_TYPE_UNKNOWN, buttonState=0, metaState=0, flags=0x0, edgeFlags=0x0, pointerCount=1, historySize=0, eventTime=436356, downTime=436356, deviceId=0, source=0x1002 }
07-29 17:12:02.996  7668  7668 I Input   : injectMotionEvent: MotionEvent { action=ACTION_MOVE, actionButton=0, id[0]=0, x[0]=1144.0, y[0]=112.0, toolType[0]=TOOL_TYPE_UNKNOWN, buttonState=0, metaState=0, flags=0x0, edgeFlags=0x0, pointerCount=1, historySize=0, eventTime=436369, downTime=436369, deviceId=0, source=0x1002 }
07-29 17:12:03.011  7668  7668 I Input   : injectMotionEvent: MotionEvent { action=ACTION_MOVE, actionButton=0, id[0]=0, x[0]=1144.0, y[0]=112.0, toolType[0]=TOOL_TYPE_UNKNOWN, buttonState=0, metaState=0, flags=0x0, edgeFlags=0x0, pointerCount=1, historySize=0, eventTime=436385, downTime=436385, deviceId=0, source=0x1002 }
07-29 17:12:03.028  7668  7668 I Input   : injectMotionEvent: MotionEvent { action=ACTION_MOVE, actionButton=0, id[0]=0, x[0]=1144.0, y[0]=112.0, toolType[0]=TOOL_TYPE_UNKNOWN, buttonState=0, metaState=0, flags=0x0, edgeFlags=0x0, pointerCount=1, historySize=0, eventTime=436401, downTime=436401, deviceId=0, source=0x1002 }
07-29 17:12:03.044  7668  7668 I Input   : injectMotionEvent: MotionEvent { action=ACTION_MOVE, actionButton=0, id[0]=0, x[0]=1144.0, y[0]=112.0, toolType[0]=TOOL_TYPE_UNKNOWN, buttonState=0, metaState=0, flags=0x0, edgeFlags=0x0, pointerCount=1, historySize=0, eventTime=436418, downTime=436418, deviceId=0, source=0x1002 }
07-29 17:12:03.060  7668  7668 I Input   : injectMotionEvent: MotionEvent { action=ACTION_MOVE, actionButton=0, id[0]=0, x[0]=1144.0, y[0]=112.0, toolType[0]=TOOL_TYPE_UNKNOWN, buttonState=0, metaState=0, flags=0x0, edgeFlags=0x0, pointerCount=1, historySize=0, eventTime=436434, downTime=436434, deviceId=0, source=0x1002 }
07-29 17:12:03.083  7668  7668 I Input   : injectMotionEvent: MotionEvent { action=ACTION_MOVE, actionButton=0, id[0]=0, x[0]=1144.0, y[0]=112.0, toolType[0]=TOOL_TYPE_UNKNOWN, buttonState=0, metaState=0, flags=0x0, edgeFlags=0x0, pointerCount=1, historySize=0, eventTime=436456, downTime=436456, deviceId=0, source=0x1002 }
07-29 17:12:03.095  7668  7668 I Input   : injectMotionEvent: MotionEvent { action=ACTION_MOVE, actionButton=0, id[0]=0, x[0]=1144.0, y[0]=112.0, toolType[0]=TOOL_TYPE_UNKNOWN, buttonState=0, metaState=0, flags=0x0, edgeFlags=0x0, pointerCount=1, historySize=0, eventTime=436469, downTime=436469, deviceId=0, source=0x1002 }
07-29 17:12:03.111  7668  7668 I Input   : injectMotionEvent: MotionEvent { action=ACTION_MOVE, actionButton=0, id[0]=0, x[0]=1144.0, y[0]=112.0, toolType[0]=TOOL_TYPE_UNKNOWN, buttonState=0, metaState=0, flags=0x0, edgeFlags=0x0, pointerCount=1, historySize=0, eventTime=436485, downTime=436485, deviceId=0, source=0x1002 }
07-29 17:12:03.128  7668  7668 I Input   : injectMotionEvent: MotionEvent { action=ACTION_MOVE, actionButton=0, id[0]=0, x[0]=1144.0, y[0]=112.0, toolType[0]=TOOL_TYPE_UNKNOWN, buttonState=0, metaState=0, flags=0x0, edgeFlags=0x0, pointerCount=1, historySize=0, eventTime=436501, downTime=436501, deviceId=0, source=0x1002 }
07-29 17:12:03.145  7668  7668 I Input   : injectMotionEvent: MotionEvent { action=ACTION_MOVE, actionButton=0, id[0]=0, x[0]=1144.0, y[0]=112.0, toolType[0]=TOOL_TYPE_UNKNOWN, buttonState=0, metaState=0, flags=0x0, edgeFlags=0x0, pointerCount=1, historySize=0, eventTime=436519, downTime=436519, deviceId=0, source=0x1002 }
07-29 17:12:03.161  7668  7668 I Input   : injectMotionEvent: MotionEvent { action=ACTION_MOVE, actionButton=0, id[0]=0, x[0]=1144.0, y[0]=112.0, toolType[0]=TOOL_TYPE_UNKNOWN, buttonState=0, metaState=0, flags=0x0, edgeFlags=0x0, pointerCount=1, historySize=0, eventTime=436535, downTime=436535, deviceId=0, source=0x1002 }
07-29 17:12:03.183  7668  7668 I Input   : injectMotionEvent: MotionEvent { action=ACTION_MOVE, actionButton=0, id[0]=0, x[0]=1144.0, y[0]=112.0, toolType[0]=TOOL_TYPE_UNKNOWN, buttonState=0, metaState=0, flags=0x0, edgeFlags=0x0, pointerCount=1, historySize=0, eventTime=436556, downTime=436556, deviceId=0, source=0x1002 }
07-29 17:12:03.194  7668  7668 I Input   : injectMotionEvent: MotionEvent { action=ACTION_MOVE, actionButton=0, id[0]=0, x[0]=1144.0, y[0]=112.0, toolType[0]=TOOL_TYPE_UNKNOWN, buttonState=0, metaState=0, flags=0x0, edgeFlags=0x0, pointerCount=1, historySize=0, eventTime=436568, downTime=436568, deviceId=0, source=0x1002 }
07-29 17:12:03.212  7668  7668 I Input   : injectMotionEvent: MotionEvent { action=ACTION_MOVE, actionButton=0, id[0]=0, x[0]=1144.0, y[0]=112.0, toolType[0]=TOOL_TYPE_UNKNOWN, buttonState=0, metaState=0, flags=0x0, edgeFlags=0x0, pointerCount=1, historySize=0, eventTime=436586, downTime=436586, deviceId=0, source=0x1002 }
07-29 17:12:03.228  7668  7668 I Input   : injectMotionEvent: MotionEvent { action=ACTION_MOVE, actionButton=0, id[0]=0, x[0]=1144.0, y[0]=112.0, toolType[0]=TOOL_TYPE_UNKNOWN, buttonState=0, metaState=0, flags=0x0, edgeFlags=0x0, pointerCount=1, historySize=0, eventTime=436601, downTime=436601, deviceId=0, source=0x1002 }
07-29 17:12:03.245  7668  7668 I Input   : injectMotionEvent: MotionEvent { action=ACTION_MOVE, actionButton=0, id[0]=0, x[0]=1144.0, y[0]=112.0, toolType[0]=TOOL_TYPE_UNKNOWN, buttonState=0, metaState=0, flags=0x0, edgeFlags=0x0, pointerCount=1, historySize=0, eventTime=436619, downTime=436619, deviceId=0, source=0x1002 }
07-29 17:12:03.262  7668  7668 I Input   : injectMotionEvent: MotionEvent { action=ACTION_MOVE, actionButton=0, id[0]=0, x[0]=1144.0, y[0]=112.0, toolType[0]=TOOL_TYPE_UNKNOWN, buttonState=0, metaState=0, flags=0x0, edgeFlags=0x0, pointerCount=1, historySize=0, eventTime=436635, downTime=436635, deviceId=0, source=0x1002 }
07-29 17:12:03.283  7668  7668 I Input   : injectMotionEvent: MotionEvent { action=ACTION_MOVE, actionButton=0, id[0]=0, x[0]=1144.0, y[0]=112.0, toolType[0]=TOOL_TYPE_UNKNOWN, buttonState=0, metaState=0, flags=0x0, edgeFlags=0x0, pointerCount=1, historySize=0, eventTime=436657, downTime=436657, deviceId=0, source=0x1002 }
07-29 17:12:03.295  7668  7668 I Input   : injectMotionEvent: MotionEvent { action=ACTION_MOVE, actionButton=0, id[0]=0, x[0]=1144.0, y[0]=112.0, toolType[0]=TOOL_TYPE_UNKNOWN, buttonState=0, metaState=0, flags=0x0, edgeFlags=0x0, pointerCount=1, historySize=0, eventTime=436668, downTime=436668, deviceId=0, source=0x1002 }
07-29 17:12:03.311  7668  7668 I Input   : injectMotionEvent: MotionEvent { action=ACTION_MOVE, actionButton=0, id[0]=0, x[0]=1144.0, y[0]=112.0, toolType[0]=TOOL_TYPE_UNKNOWN, buttonState=0, metaState=0, flags=0x0, edgeFlags=0x0, pointerCount=1, historySize=0, eventTime=436685, downTime=436685, deviceId=0, source=0x1002 }
07-29 17:12:03.328  7668  7668 I Input   : injectMotionEvent: MotionEvent { action=ACTION_MOVE, actionButton=0, id[0]=0, x[0]=1144.0, y[0]=112.0, toolType[0]=TOOL_TYPE_UNKNOWN, buttonState=0, metaState=0, flags=0x0, edgeFlags=0x0, pointerCount=1, historySize=0, eventTime=436702, downTime=436702, deviceId=0, source=0x1002 }
07-29 17:12:03.353  7668  7668 I Input   : injectMotionEvent: MotionEvent { action=ACTION_MOVE, actionButton=0, id[0]=0, x[0]=1144.0, y[0]=112.0, toolType[0]=TOOL_TYPE_UNKNOWN, buttonState=0, metaState=0, flags=0x0, edgeFlags=0x0, pointerCount=1, historySize=0, eventTime=436727, downTime=436727, deviceId=0, source=0x1002 }
07-29 17:12:03.360  7668  7668 I Input   : injectMotionEvent: MotionEvent { action=ACTION_MOVE, actionButton=0, id[0]=0, x[0]=1144.0, y[0]=112.0, toolType[0]=TOOL_TYPE_UNKNOWN, buttonState=0, metaState=0, flags=0x0, edgeFlags=0x0, pointerCount=1, historySize=0, eventTime=436734, downTime=436734, deviceId=0, source=0x1002 }
07-29 17:12:03.383  7668  7668 I Input   : injectMotionEvent: MotionEvent { action=ACTION_MOVE, actionButton=0, id[0]=0, x[0]=1144.0, y[0]=112.0, toolType[0]=TOOL_TYPE_UNKNOWN, buttonState=0, metaState=0, flags=0x0, edgeFlags=0x0, pointerCount=1, historySize=0, eventTime=436756, downTime=436756, deviceId=0, source=0x1002 }
07-29 17:12:03.394  7668  7668 I Input   : injectMotionEvent: MotionEvent { action=ACTION_MOVE, actionButton=0, id[0]=0, x[0]=1144.0, y[0]=112.0, toolType[0]=TOOL_TYPE_UNKNOWN, buttonState=0, metaState=0, flags=0x0, edgeFlags=0x0, pointerCount=1, historySize=0, eventTime=436768, downTime=436768, deviceId=0, source=0x1002 }
07-29 17:12:03.411  7668  7668 I Input   : injectMotionEvent: MotionEvent { action=ACTION_MOVE, actionButton=0, id[0]=0, x[0]=1144.0, y[0]=112.0, toolType[0]=TOOL_TYPE_UNKNOWN, buttonState=0, metaState=0, flags=0x0, edgeFlags=0x0, pointerCount=1, historySize=0, eventTime=436785, downTime=436785, deviceId=0, source=0x1002 }
07-29 17:12:03.432  7668  7668 I Input   : injectMotionEvent: MotionEvent { action=ACTION_MOVE, actionButton=0, id[0]=0, x[0]=1144.0, y[0]=112.0, toolType[0]=TOOL_TYPE_UNKNOWN, buttonState=0, metaState=0, flags=0x0, edgeFlags=0x0, pointerCount=1, historySize=0, eventTime=436806, downTime=436806, deviceId=0, source=0x1002 }
07-29 17:12:03.443  7668  7668 I Input   : injectMotionEvent: MotionEvent { action=ACTION_MOVE, actionButton=0, id[0]=0, x[0]=1144.0, y[0]=112.0, toolType[0]=TOOL_TYPE_UNKNOWN, buttonState=0, metaState=0, flags=0x0, edgeFlags=0x0, pointerCount=1, historySize=0, eventTime=436817, downTime=436817, deviceId=0, source=0x1002 }
07-29 17:12:03.462  7668  7668 I Input   : injectMotionEvent: MotionEvent { action=ACTION_MOVE, actionButton=0, id[0]=0, x[0]=1144.0, y[0]=112.0, toolType[0]=TOOL_TYPE_UNKNOWN, buttonState=0, metaState=0, flags=0x0, edgeFlags=0x0, pointerCount=1, historySize=0, eventTime=436835, downTime=436835, deviceId=0, source=0x1002 }
07-29 17:12:03.477  7668  7668 I Input   : injectMotionEvent: MotionEvent { action=ACTION_MOVE, actionButton=0, id[0]=0, x[0]=1144.0, y[0]=112.0, toolType[0]=TOOL_TYPE_UNKNOWN, buttonState=0, metaState=0, flags=0x0, edgeFlags=0x0, pointerCount=1, historySize=0, eventTime=436851, downTime=436851, deviceId=0, source=0x1002 }
07-29 17:12:03.500  7668  7668 I Input   : injectMotionEvent: MotionEvent { action=ACTION_MOVE, actionButton=0, id[0]=0, x[0]=1144.0, y[0]=112.0, toolType[0]=TOOL_TYPE_UNKNOWN, buttonState=0, metaState=0, flags=0x0, edgeFlags=0x0, pointerCount=1, historySize=0, eventTime=436873, downTime=436873, deviceId=0, source=0x1002 }
07-29 17:12:03.512  7668  7668 I Input   : injectMotionEvent: MotionEvent { action=ACTION_MOVE, actionButton=0, id[0]=0, x[0]=1144.0, y[0]=112.0, toolType[0]=TOOL_TYPE_UNKNOWN, buttonState=0, metaState=0, flags=0x0, edgeFlags=0x0, pointerCount=1, historySize=0, eventTime=436885, downTime=436885, deviceId=0, source=0x1002 }
07-29 17:12:03.528  7668  7668 I Input   : injectMotionEvent: MotionEvent { action=ACTION_MOVE, actionButton=0, id[0]=0, x[0]=1144.0, y[0]=112.0, toolType[0]=TOOL_TYPE_UNKNOWN, buttonState=0, metaState=0, flags=0x0, edgeFlags=0x0, pointerCount=1, historySize=0, eventTime=436902, downTime=436902, deviceId=0, source=0x1002 }
07-29 17:12:03.545  7668  7668 I Input   : injectMotionEvent: MotionEvent { action=ACTION_MOVE, actionButton=0, id[0]=0, x[0]=1144.0, y[0]=112.0, toolType[0]=TOOL_TYPE_UNKNOWN, buttonState=0, metaState=0, flags=0x0, edgeFlags=0x0, pointerCount=1, historySize=0, eventTime=436919, downTime=436919, deviceId=0, source=0x1002 }
07-29 17:12:03.562  7668  7668 I Input   : injectMotionEvent: MotionEvent { action=ACTION_MOVE, actionButton=0, id[0]=0, x[0]=1144.0, y[0]=112.0, toolType[0]=TOOL_TYPE_UNKNOWN, buttonState=0, metaState=0, flags=0x0, edgeFlags=0x0, pointerCount=1, historySize=0, eventTime=436936, downTime=436936, deviceId=0, source=0x1002 }
07-29 17:12:03.577  7668  7668 I Input   : injectMotionEvent: MotionEvent { action=ACTION_MOVE, actionButton=0, id[0]=0, x[0]=1144.0, y[0]=112.0, toolType[0]=TOOL_TYPE_UNKNOWN, buttonState=0, metaState=0, flags=0x0, edgeFlags=0x0, pointerCount=1, historySize=0, eventTime=436951, downTime=436951, deviceId=0, source=0x1002 }
07-29 17:12:03.596  7668  7668 I Input   : injectMotionEvent: MotionEvent { action=ACTION_MOVE, actionButton=0, id[0]=0, x[0]=1144.0, y[0]=112.0, toolType[0]=TOOL_TYPE_UNKNOWN, buttonState=0, metaState=0, flags=0x0, edgeFlags=0x0, pointerCount=1, historySize=0, eventTime=436969, downTime=436969, deviceId=0, source=0x1002 }
07-29 17:12:03.612  7668  7668 I Input   : injectMotionEvent: MotionEvent { action=ACTION_MOVE, actionButton=0, id[0]=0, x[0]=1144.0, y[0]=112.0, toolType[0]=TOOL_TYPE_UNKNOWN, buttonState=0, metaState=0, flags=0x0, edgeFlags=0x0, pointerCount=1, historySize=0, eventTime=436985, downTime=436985, deviceId=0, source=0x1002 }
07-29 17:12:03.629  7668  7668 I Input   : injectMotionEvent: MotionEvent { action=ACTION_MOVE, actionButton=0, id[0]=0, x[0]=1144.0, y[0]=112.0, toolType[0]=TOOL_TYPE_UNKNOWN, buttonState=0, metaState=0, flags=0x0, edgeFlags=0x0, pointerCount=1, historySize=0, eventTime=437003, downTime=437003, deviceId=0, source=0x1002 }
07-29 17:12:03.645  7668  7668 I Input   : injectMotionEvent: MotionEvent { action=ACTION_MOVE, actionButton=0, id[0]=0, x[0]=1144.0, y[0]=112.0, toolType[0]=TOOL_TYPE_UNKNOWN, buttonState=0, metaState=0, flags=0x0, edgeFlags=0x0, pointerCount=1, historySize=0, eventTime=437019, downTime=437019, deviceId=0, source=0x1002 }
07-29 17:12:03.662  7668  7668 I Input   : injectMotionEvent: MotionEvent { action=ACTION_MOVE, actionButton=0, id[0]=0, x[0]=1144.0, y[0]=112.0, toolType[0]=TOOL_TYPE_UNKNOWN, buttonState=0, metaState=0, flags=0x0, edgeFlags=0x0, pointerCount=1, historySize=0, eventTime=437035, downTime=437035, deviceId=0, source=0x1002 }
07-29 17:12:03.677  7668  7668 I Input   : injectMotionEvent: MotionEvent { action=ACTION_MOVE, actionButton=0, id[0]=0, x[0]=1144.0, y[0]=112.0, toolType[0]=TOOL_TYPE_UNKNOWN, buttonState=0, metaState=0, flags=0x0, edgeFlags=0x0, pointerCount=1, historySize=0, eventTime=437051, downTime=437051, deviceId=0, source=0x1002 }
07-29 17:12:03.695  7668  7668 I Input   : injectMotionEvent: MotionEvent { action=ACTION_MOVE, actionButton=0, id[0]=0, x[0]=1144.0, y[0]=112.0, toolType[0]=TOOL_TYPE_UNKNOWN, buttonState=0, metaState=0, flags=0x0, edgeFlags=0x0, pointerCount=1, historySize=0, eventTime=437068, downTime=437068, deviceId=0, source=0x1002 }
07-29 17:12:03.712  7668  7668 I Input   : injectMotionEvent: MotionEvent { action=ACTION_MOVE, actionButton=0, id[0]=0, x[0]=1144.0, y[0]=112.0, toolType[0]=TOOL_TYPE_UNKNOWN, buttonState=0, metaState=0, flags=0x0, edgeFlags=0x0, pointerCount=1, historySize=0, eventTime=437086, downTime=437086, deviceId=0, source=0x1002 }
07-29 17:12:03.728  7668  7668 I Input   : injectMotionEvent: MotionEvent { action=ACTION_MOVE, actionButton=0, id[0]=0, x[0]=1144.0, y[0]=112.0, toolType[0]=TOOL_TYPE_UNKNOWN, buttonState=0, metaState=0, flags=0x0, edgeFlags=0x0, pointerCount=1, historySize=0, eventTime=437102, downTime=437102, deviceId=0, source=0x1002 }
07-29 17:12:03.745  7668  7668 I Input   : injectMotionEvent: MotionEvent { action=ACTION_MOVE, actionButton=0, id[0]=0, x[0]=1144.0, y[0]=112.0, toolType[0]=TOOL_TYPE_UNKNOWN, buttonState=0, metaState=0, flags=0x0, edgeFlags=0x0, pointerCount=1, historySize=0, eventTime=437118, downTime=437118, deviceId=0, source=0x1002 }
07-29 17:12:03.762  7668  7668 I Input   : injectMotionEvent: MotionEvent { action=ACTION_MOVE, actionButton=0, id[0]=0, x[0]=1144.0, y[0]=112.0, toolType[0]=TOOL_TYPE_UNKNOWN, buttonState=0, metaState=0, flags=0x0, edgeFlags=0x0, pointerCount=1, historySize=0, eventTime=437135, downTime=437135, deviceId=0, source=0x1002 }
07-29 17:12:03.777  7668  7668 I Input   : injectMotionEvent: MotionEvent { action=ACTION_MOVE, actionButton=0, id[0]=0, x[0]=1144.0, y[0]=112.0, toolType[0]=TOOL_TYPE_UNKNOWN, buttonState=0, metaState=0, flags=0x0, edgeFlags=0x0, pointerCount=1, historySize=0, eventTime=437150, downTime=437150, deviceId=0, source=0x1002 }
07-29 17:12:03.796  7668  7668 I Input   : injectMotionEvent: MotionEvent { action=ACTION_MOVE, actionButton=0, id[0]=0, x[0]=1144.0, y[0]=112.0, toolType[0]=TOOL_TYPE_UNKNOWN, buttonState=0, metaState=0, flags=0x0, edgeFlags=0x0, pointerCount=1, historySize=0, eventTime=437169, downTime=437169, deviceId=0, source=0x1002 }
07-29 17:12:03.812  7668  7668 I Input   : injectMotionEvent: MotionEvent { action=ACTION_UP, actionButton=0, id[0]=0, x[0]=1144.0, y[0]=112.0, toolType[0]=TOOL_TYPE_UNKNOWN, buttonState=0, metaState=0, flags=0x0, edgeFlags=0x0, pointerCount=1, historySize=0, eventTime=437185, downTime=437185, deviceId=0, source=0x1002 }
07-29 17:12:03.813  7668  7668 D AndroidRuntime: Shutting down VM
07-29 17:12:04.033  5481  5499 W EGL_emulation: eglSurfaceAttrib not implemented
07-29 17:12:04.033  5481  5499 W OpenGLRenderer: Failed to set EGL_SWAP_BEHAVIOR on surface 0xdfeed0e0, error=EGL_SUCCESS
07-29 17:12:04.042   265   658 D AudioFlinger: mixer(0xf1d80000) throttle end: throttle time(11)
07-29 17:12:08.209  8005  8005 D AndroidRuntime: >>>>>> START com.android.internal.os.RuntimeInit uid 0 <<<<<<
07-29 17:12:08.210  8005  8005 D AndroidRuntime: CheckJNI is OFF
07-29 17:12:08.219  8005  8005 D ICU     : No timezone override file found: /data/misc/zoneinfo/current/icu/icu_tzdata.dat
07-29 17:12:08.232  8005  8005 E memtrack: Couldn't load memtrack module (No such file or directory)
07-29 17:12:08.232  8005  8005 E android.os.Debug: failed to load memtrack module: -2
07-29 17:12:08.232  8005  8005 I Radio-JNI: register_android_hardware_Radio DONE
07-29 17:12:08.238  8005  8005 D AndroidRuntime: Calling main entry com.android.commands.uiautomator.Launcher
07-29 17:12:09.254  8005  8005 W AccessibilityNodeInfoDumper: Fetch time: 1ms
07-29 17:12:09.255   587   598 W WindowManager: Attempted to remove non-existing token: android.os.Binder@f4dc3a
07-29 17:12:09.262  8005  8005 D AndroidRuntime: Shutting down VM
07-29 17:12:10.309  8028  8028 D AndroidRuntime: >>>>>> START com.android.internal.os.RuntimeInit uid 0 <<<<<<
07-29 17:12:10.310  8028  8028 D AndroidRuntime: CheckJNI is OFF
07-29 17:12:10.319  8028  8028 D ICU     : No timezone override file found: /data/misc/zoneinfo/current/icu/icu_tzdata.dat
07-29 17:12:10.331  8028  8028 E memtrack: Couldn't load memtrack module (No such file or directory)
07-29 17:12:10.331  8028  8028 E android.os.Debug: failed to load memtrack module: -2
07-29 17:12:10.332  8028  8028 I Radio-JNI: register_android_hardware_Radio DONE
07-29 17:12:10.338  8028  8028 D AndroidRuntime: Calling main entry com.android.commands.uiautomator.Launcher
07-29 17:12:11.350  8028  8028 W AccessibilityNodeInfoDumper: Fetch time: 2ms
07-29 17:12:11.350   587  1061 W WindowManager: Attempted to remove non-existing token: android.os.Binder@237a0eb
07-29 17:12:11.358  8028  8028 D AndroidRuntime: Shutting down VM
07-29 17:12:11.783  8046  8046 D AndroidRuntime: >>>>>> START com.android.internal.os.RuntimeInit uid 0 <<<<<<
07-29 17:12:11.784  8046  8046 D AndroidRuntime: CheckJNI is OFF
07-29 17:12:11.796  8046  8046 D ICU     : No timezone override file found: /data/misc/zoneinfo/current/icu/icu_tzdata.dat
07-29 17:12:11.809  8046  8046 E memtrack: Couldn't load memtrack module (No such file or directory)
07-29 17:12:11.810  8046  8046 E android.os.Debug: failed to load memtrack module: -2
07-29 17:12:11.810  8046  8046 I Radio-JNI: register_android_hardware_Radio DONE
07-29 17:12:11.817  8046  8046 D AndroidRuntime: Calling main entry com.android.commands.uiautomator.Launcher
07-29 17:12:12.837  8046  8046 W AccessibilityNodeInfoDumper: Fetch time: 1ms
07-29 17:12:12.838   587   756 W WindowManager: Attempted to remove non-existing token: android.os.Binder@5794e48
07-29 17:12:12.849  8046  8046 D AndroidRuntime: Shutting down VM
07-29 17:12:13.862  8069  8069 D AndroidRuntime: >>>>>> START com.android.internal.os.RuntimeInit uid 0 <<<<<<
07-29 17:12:13.864  8069  8069 D AndroidRuntime: CheckJNI is OFF
07-29 17:12:13.874  8069  8069 D ICU     : No timezone override file found: /data/misc/zoneinfo/current/icu/icu_tzdata.dat
07-29 17:12:13.886  8069  8069 E memtrack: Couldn't load memtrack module (No such file or directory)
07-29 17:12:13.887  8069  8069 E android.os.Debug: failed to load memtrack module: -2
07-29 17:12:13.888  8069  8069 I Radio-JNI: register_android_hardware_Radio DONE
07-29 17:12:13.894  8069  8069 D AndroidRuntime: Calling main entry com.android.commands.uiautomator.Launcher
07-29 17:12:14.907  8069  8069 W AccessibilityNodeInfoDumper: Fetch time: 1ms
07-29 17:12:14.908   587  1295 W WindowManager: Attempted to remove non-existing token: android.os.Binder@e3074e1
07-29 17:12:14.915  8069  8069 D AndroidRuntime: Shutting down VM
07-29 17:12:15.924  8097  8097 D AndroidRuntime: >>>>>> START com.android.internal.os.RuntimeInit uid 0 <<<<<<
07-29 17:12:15.925  8097  8097 D AndroidRuntime: CheckJNI is OFF
07-29 17:12:15.932  8097  8097 D ICU     : No timezone override file found: /data/misc/zoneinfo/current/icu/icu_tzdata.dat
07-29 17:12:15.945  8097  8097 E memtrack: Couldn't load memtrack module (No such file or directory)
07-29 17:12:15.945  8097  8097 E android.os.Debug: failed to load memtrack module: -2
07-29 17:12:15.946  8097  8097 I Radio-JNI: register_android_hardware_Radio DONE
07-29 17:12:15.951  8097  8097 D AndroidRuntime: Calling main entry com.android.commands.uiautomator.Launcher
07-29 17:12:16.968  8097  8097 W AccessibilityNodeInfoDumper: Fetch time: 2ms
07-29 17:12:16.969   587   749 W WindowManager: Attempted to remove non-existing token: android.os.Binder@46d60c7
07-29 17:12:16.977  8097  8097 D AndroidRuntime: Shutting down VM
07-29 17:12:17.985  8123  8123 D AndroidRuntime: >>>>>> START com.android.internal.os.RuntimeInit uid 0 <<<<<<
07-29 17:12:17.986  8123  8123 D AndroidRuntime: CheckJNI is OFF
07-29 17:12:17.994  8123  8123 D ICU     : No timezone override file found: /data/misc/zoneinfo/current/icu/icu_tzdata.dat
07-29 17:12:18.007  8123  8123 E memtrack: Couldn't load memtrack module (No such file or directory)
07-29 17:12:18.007  8123  8123 E android.os.Debug: failed to load memtrack module: -2
07-29 17:12:18.008  8123  8123 I Radio-JNI: register_android_hardware_Radio DONE
07-29 17:12:18.014  8123  8123 D AndroidRuntime: Calling main entry com.android.commands.uiautomator.Launcher
07-29 17:12:19.029  8123  8123 W AccessibilityNodeInfoDumper: Fetch time: 1ms
07-29 17:12:19.029   587  1061 W WindowManager: Attempted to remove non-existing token: android.os.Binder@6f906f4
07-29 17:12:19.037  8123  8123 D AndroidRuntime: Shutting down VM
07-29 17:12:19.513  8141  8141 D AndroidRuntime: >>>>>> START com.android.internal.os.RuntimeInit uid 0 <<<<<<
07-29 17:12:19.515  8141  8141 D AndroidRuntime: CheckJNI is OFF
07-29 17:12:19.525  8141  8141 D ICU     : No timezone override file found: /data/misc/zoneinfo/current/icu/icu_tzdata.dat
07-29 17:12:19.541  8141  8141 E memtrack: Couldn't load memtrack module (No such file or directory)
07-29 17:12:19.541  8141  8141 E android.os.Debug: failed to load memtrack module: -2
07-29 17:12:19.542  8141  8141 I Radio-JNI: register_android_hardware_Radio DONE
07-29 17:12:19.552  8141  8141 D AndroidRuntime: Calling main entry com.android.commands.uiautomator.Launcher
07-29 17:12:20.578  8141  8141 W AccessibilityNodeInfoDumper: Fetch time: 2ms
07-29 17:12:20.578   587  1061 W WindowManager: Attempted to remove non-existing token: android.os.Binder@cde7e1d
07-29 17:12:20.586  8141  8141 D AndroidRuntime: Shutting down VM
07-29 17:12:21.024  8154  8154 D AndroidRuntime: >>>>>> START com.android.internal.os.RuntimeInit uid 0 <<<<<<
07-29 17:12:21.026  8154  8154 D AndroidRuntime: CheckJNI is OFF
07-29 17:12:21.037  8154  8154 D ICU     : No timezone override file found: /data/misc/zoneinfo/current/icu/icu_tzdata.dat
07-29 17:12:21.049  8154  8154 E memtrack: Couldn't load memtrack module (No such file or directory)
07-29 17:12:21.049  8154  8154 E android.os.Debug: failed to load memtrack module: -2
07-29 17:12:21.049  8154  8154 I Radio-JNI: register_android_hardware_Radio DONE
07-29 17:12:21.056  8154  8154 D AndroidRuntime: Calling main entry com.android.commands.am.Am
07-29 17:12:21.057   587   756 I ActivityManager: Force stopping org.afhdownloader appid=10061 user=0: from pid 8154
07-29 17:12:21.057   587   756 I ActivityManager: Killing 5481:org.afhdownloader/u0a61 (adj 0): stop org.afhdownloader
07-29 17:12:21.057   587   756 W libprocessgroup: failed to open /acct/uid_10061/pid_5481/cgroup.procs: No such file or directory
07-29 17:12:21.057   587   756 W ActivityManager: Scheduling restart of crashed service org.afhdownloader/.Download in 1000ms
07-29 17:12:21.058   587   756 W ActivityManager: Force removing ActivityRecord{933530e u0 org.afhdownloader/.MainActivity t5}: app died, no saved state
07-29 17:12:21.061   587   606 E JavaBinder: !!! FAILED BINDER TRANSACTION !!!  (parcel size = 60)
07-29 17:12:21.063   587   749 D GraphicsStats: Buffer count: 2
07-29 17:12:21.066  8154  8154 D AndroidRuntime: Shutting down VM
07-29 17:12:21.114  1552  1626 W EGL_emulation: eglSurfaceAttrib not implemented
07-29 17:12:21.114  1552  1626 W OpenGLRenderer: Failed to set EGL_SWAP_BEHAVIOR on surface 0xe0afb000, error=EGL_SUCCESS
07-29 17:12:21.131   587   749 W InputMethodManagerService: Got RemoteException sending setActive(false) notification to pid 5481 uid 10061
07-29 17:12:21.660  1552  1626 W OpenGLRenderer: Incorrectly called buildLayer on View: ShortcutAndWidgetContainer, destroying layer...
07-29 17:12:21.660  1552  1626 W OpenGLRenderer: Incorrectly called buildLayer on View: ShortcutAndWidgetContainer, destroying layer...
