07-29 15:59:27.978 10611 10611 I Radio-JNI: register_android_hardware_Radio DONE
07-29 15:59:27.984 10611 10611 D AndroidRuntime: Calling main entry com.android.commands.uiautomator.Launcher
07-29 15:59:29.001 10611 10611 I AccessibilityNodeInfoDumper: Skipping invisible child: android.view.accessibility.AccessibilityNodeInfo@80017c9c; boundsInParent: Rect(0, 0 - 0, 112); boundsInScreen: Rect(1200, 48 - 1200, 160); packageName: uk.co.yahoo.p1rpp.calendartrigger; className: android.widget.LinearLayout; text: null; error: null; maxTextLength: -1; contentDescription: null; viewIdResName: null; checkable: false; checked: false; focusable: false; focused: false; selected: false; clickable: false; longClickable: false; contextClickable: false; enabled: true; password: false; scrollable: false; actions: [AccessibilityAction: ACTION_SELECT - null, AccessibilityAction: ACTION_CLEAR_SELECTION - null, AccessibilityAction: ACTION_ACCESSIBILITY_FOCUS - null, AccessibilityAction: ACTION_UNKNOWN - null]
07-29 15:59:29.003 10611 10611 W AccessibilityNodeInfoDumper: Fetch time: 8ms
07-29 15:59:29.004   599   610 W WindowManager: Attempted to remove non-existing token: android.os.Binder@7be9839
07-29 15:59:29.007 10611 10611 D AndroidRuntime: Shutting down VM
07-29 15:59:30.044 10637 10637 D AndroidRuntime: >>>>>> START com.android.internal.os.RuntimeInit uid 0 <<<<<<
07-29 15:59:30.046 10637 10637 D AndroidRuntime: CheckJNI is OFF
07-29 15:59:30.057 10637 10637 D ICU     : No timezone override file found: /data/misc/zoneinfo/current/icu/icu_tzdata.dat
07-29 15:59:30.071 10637 10637 E memtrack: Couldn't load memtrack module (No such file or directory)
07-29 15:59:30.071 10637 10637 E android.os.Debug: failed to load memtrack module: -2
07-29 15:59:30.072 10637 10637 I Radio-JNI: register_android_hardware_Radio DONE
07-29 15:59:30.080 10637 10637 D AndroidRuntime: Calling main entry com.android.commands.uiautomator.Launcher
07-29 15:59:31.119 10637 10637 I AccessibilityNodeInfoDumper: Skipping invisible child: android.view.accessibility.AccessibilityNodeInfo@80017ca3; boundsInParent: Rect(0, 0 - 0, 112); boundsInScreen: Rect(1200, 48 - 1200, 160); packageName: uk.co.yahoo.p1rpp.calendartrigger; className: android.widget.LinearLayout; text: null; error: null; maxTextLength: -1; contentDescription: null; viewIdResName: null; checkable: false; checked: false; focusable: false; focused: false; selected: false; clickable: false; longClickable: false; contextClickable: false; enabled: true; password: false; scrollable: false; actions: [AccessibilityAction: ACTION_SELECT - null, AccessibilityAction: ACTION_CLEAR_SELECTION - null, AccessibilityAction: ACTION_ACCESSIBILITY_FOCUS - null, AccessibilityAction: ACTION_UNKNOWN - null]
07-29 15:59:31.121 10637 10637 W AccessibilityNodeInfoDumper: Fetch time: 5ms
07-29 15:59:31.121   599  1015 W WindowManager: Attempted to remove non-existing token: android.os.Binder@eaccfdf
07-29 15:59:31.123 10637 10637 D AndroidRuntime: Shutting down VM
07-29 15:59:31.558 10655 10655 D AndroidRuntime: >>>>>> START com.android.internal.os.RuntimeInit uid 0 <<<<<<
07-29 15:59:31.559 10655 10655 D AndroidRuntime: CheckJNI is OFF
07-29 15:59:31.570 10655 10655 D ICU     : No timezone override file found: /data/misc/zoneinfo/current/icu/icu_tzdata.dat
07-29 15:59:31.590 10655 10655 E memtrack: Couldn't load memtrack module (No such file or directory)
07-29 15:59:31.590 10655 10655 E android.os.Debug: failed to load memtrack module: -2
07-29 15:59:31.591 10655 10655 I Radio-JNI: register_android_hardware_Radio DONE
07-29 15:59:31.602 10655 10655 D AndroidRuntime: Calling main entry com.android.commands.uiautomator.Launcher
07-29 15:59:32.623 10655 10655 I AccessibilityNodeInfoDumper: Skipping invisible child: android.view.accessibility.AccessibilityNodeInfo@80017cae; boundsInParent: Rect(0, 0 - 0, 112); boundsInScreen: Rect(1200, 48 - 1200, 160); packageName: uk.co.yahoo.p1rpp.calendartrigger; className: android.widget.LinearLayout; text: null; error: null; maxTextLength: -1; contentDescription: null; viewIdResName: null; checkable: false; checked: false; focusable: false; focused: false; selected: false; clickable: false; longClickable: false; contextClickable: false; enabled: true; password: false; scrollable: false; actions: [AccessibilityAction: ACTION_SELECT - null, AccessibilityAction: ACTION_CLEAR_SELECTION - null, AccessibilityAction: ACTION_ACCESSIBILITY_FOCUS - null, AccessibilityAction: ACTION_UNKNOWN - null]
07-29 15:59:32.625 10655 10655 W AccessibilityNodeInfoDumper: Fetch time: 6ms
07-29 15:59:32.625   599   854 W WindowManager: Attempted to remove non-existing token: android.os.Binder@c64a42c
07-29 15:59:32.629 10655 10655 D AndroidRuntime: Shutting down VM
07-29 15:59:33.592 10678 10678 D AndroidRuntime: >>>>>> START com.android.internal.os.RuntimeInit uid 0 <<<<<<
07-29 15:59:33.593 10678 10678 D AndroidRuntime: CheckJNI is OFF
07-29 15:59:33.602 10678 10678 D ICU     : No timezone override file found: /data/misc/zoneinfo/current/icu/icu_tzdata.dat
07-29 15:59:33.615 10678 10678 E memtrack: Couldn't load memtrack module (No such file or directory)
07-29 15:59:33.615 10678 10678 E android.os.Debug: failed to load memtrack module: -2
07-29 15:59:33.616 10678 10678 I Radio-JNI: register_android_hardware_Radio DONE
07-29 15:59:33.622 10678 10678 D AndroidRuntime: Calling main entry com.android.commands.uiautomator.Launcher
07-29 15:59:34.638 10678 10678 I AccessibilityNodeInfoDumper: Skipping invisible child: android.view.accessibility.AccessibilityNodeInfo@80017cb3; boundsInParent: Rect(0, 0 - 0, 112); boundsInScreen: Rect(1200, 48 - 1200, 160); packageName: uk.co.yahoo.p1rpp.calendartrigger; className: android.widget.LinearLayout; text: null; error: null; maxTextLength: -1; contentDescription: null; viewIdResName: null; checkable: false; checked: false; focusable: false; focused: false; selected: false; clickable: false; longClickable: false; contextClickable: false; enabled: true; password: false; scrollable: false; actions: [AccessibilityAction: ACTION_SELECT - null, AccessibilityAction: ACTION_CLEAR_SELECTION - null, AccessibilityAction: ACTION_ACCESSIBILITY_FOCUS - null, AccessibilityAction: ACTION_UNKNOWN - null]
07-29 15:59:34.640 10678 10678 W AccessibilityNodeInfoDumper: Fetch time: 8ms
07-29 15:59:34.640   599   611 W WindowManager: Attempted to remove non-existing token: android.os.Binder@6e77ef5
07-29 15:59:34.643 10678 10678 D AndroidRuntime: Shutting down VM
07-29 15:59:35.067 10697 10697 D AndroidRuntime: >>>>>> START com.android.internal.os.RuntimeInit uid 0 <<<<<<
07-29 15:59:35.067 10697 10697 D AndroidRuntime: CheckJNI is OFF
07-29 15:59:35.077 10697 10697 D ICU     : No timezone override file found: /data/misc/zoneinfo/current/icu/icu_tzdata.dat
07-29 15:59:35.090 10697 10697 E memtrack: Couldn't load memtrack module (No such file or directory)
07-29 15:59:35.090 10697 10697 E android.os.Debug: failed to load memtrack module: -2
07-29 15:59:35.091 10697 10697 I Radio-JNI: register_android_hardware_Radio DONE
07-29 15:59:35.096 10697 10697 D AndroidRuntime: Calling main entry com.android.commands.uiautomator.Launcher
07-29 15:59:36.115 10697 10697 I AccessibilityNodeInfoDumper: Skipping invisible child: android.view.accessibility.AccessibilityNodeInfo@80017cbd; boundsInParent: Rect(0, 0 - 0, 112); boundsInScreen: Rect(1200, 48 - 1200, 160); packageName: uk.co.yahoo.p1rpp.calendartrigger; className: android.widget.LinearLayout; text: null; error: null; maxTextLength: -1; contentDescription: null; viewIdResName: null; checkable: false; checked: false; focusable: false; focused: false; selected: false; clickable: false; longClickable: false; contextClickable: false; enabled: true; password: false; scrollable: false; actions: [AccessibilityAction: ACTION_SELECT - null, AccessibilityAction: ACTION_CLEAR_SELECTION - null, AccessibilityAction: ACTION_ACCESSIBILITY_FOCUS - null, AccessibilityAction: ACTION_UNKNOWN - null]
07-29 15:59:36.117 10697 10697 W AccessibilityNodeInfoDumper: Fetch time: 9ms
07-29 15:59:36.117   599  1015 W WindowManager: Attempted to remove non-existing token: android.os.Binder@fbde48a
07-29 15:59:36.119 10697 10697 D AndroidRuntime: Shutting down VM
07-29 15:59:37.088 10720 10720 D AndroidRuntime: >>>>>> START com.android.internal.os.RuntimeInit uid 0 <<<<<<
07-29 15:59:37.090 10720 10720 D AndroidRuntime: CheckJNI is OFF
07-29 15:59:37.099 10720 10720 D ICU     : No timezone override file found: /data/misc/zoneinfo/current/icu/icu_tzdata.dat
07-29 15:59:37.109 10720 10720 E memtrack: Couldn't load memtrack module (No such file or directory)
07-29 15:59:37.109 10720 10720 E android.os.Debug: failed to load memtrack module: -2
07-29 15:59:37.110 10720 10720 I Radio-JNI: register_android_hardware_Radio DONE
07-29 15:59:37.116 10720 10720 D AndroidRuntime: Calling main entry com.android.commands.uiautomator.Launcher
07-29 15:59:38.132 10720 10720 I AccessibilityNodeInfoDumper: Skipping invisible child: android.view.accessibility.AccessibilityNodeInfo@80017cc2; boundsInParent: Rect(0, 0 - 0, 112); boundsInScreen: Rect(1200, 48 - 1200, 160); packageName: uk.co.yahoo.p1rpp.calendartrigger; className: android.widget.LinearLayout; text: null; error: null; maxTextLength: -1; contentDescription: null; viewIdResName: null; checkable: false; checked: false; focusable: false; focused: false; selected: false; clickable: false; longClickable: false; contextClickable: false; enabled: true; password: false; scrollable: false; actions: [AccessibilityAction: ACTION_SELECT - null, AccessibilityAction: ACTION_CLEAR_SELECTION - null, AccessibilityAction: ACTION_ACCESSIBILITY_FOCUS - null, AccessibilityAction: ACTION_UNKNOWN - null]
07-29 15:59:38.133 10720 10720 W AccessibilityNodeInfoDumper: Fetch time: 6ms
07-29 15:59:38.134   599  1015 W WindowManager: Attempted to remove non-existing token: android.os.Binder@c388afb
07-29 15:59:38.137 10720 10720 D AndroidRuntime: Shutting down VM
07-29 15:59:38.536 10739 10739 D AndroidRuntime: >>>>>> START com.android.internal.os.RuntimeInit uid 0 <<<<<<
07-29 15:59:38.537 10739 10739 D AndroidRuntime: CheckJNI is OFF
07-29 15:59:38.545 10739 10739 D ICU     : No timezone override file found: /data/misc/zoneinfo/current/icu/icu_tzdata.dat
07-29 15:59:38.557 10739 10739 E memtrack: Couldn't load memtrack module (No such file or directory)
07-29 15:59:38.557 10739 10739 E android.os.Debug: failed to load memtrack module: -2
07-29 15:59:38.558 10739 10739 I Radio-JNI: register_android_hardware_Radio DONE
07-29 15:59:38.563 10739 10739 D AndroidRuntime: Calling main entry com.android.commands.uiautomator.Launcher
07-29 15:59:39.578 10739 10739 I AccessibilityNodeInfoDumper: Skipping invisible child: android.view.accessibility.AccessibilityNodeInfo@80017ccb; boundsInParent: Rect(0, 0 - 0, 112); boundsInScreen: Rect(1200, 48 - 1200, 160); packageName: uk.co.yahoo.p1rpp.calendartrigger; className: android.widget.LinearLayout; text: null; error: null; maxTextLength: -1; contentDescription: null; viewIdResName: null; checkable: false; checked: false; focusable: false; focused: false; selected: false; clickable: false; longClickable: false; contextClickable: false; enabled: true; password: false; scrollable: false; actions: [AccessibilityAction: ACTION_SELECT - null, AccessibilityAction: ACTION_CLEAR_SELECTION - null, AccessibilityAction: ACTION_ACCESSIBILITY_FOCUS - null, AccessibilityAction: ACTION_UNKNOWN - null]
07-29 15:59:39.580 10739 10739 W AccessibilityNodeInfoDumper: Fetch time: 5ms
07-29 15:59:39.580   599   726 W WindowManager: Attempted to remove non-existing token: android.os.Binder@37e1571
07-29 15:59:39.583 10739 10739 D AndroidRuntime: Shutting down VM
07-29 15:59:40.683 10764 10764 D AndroidRuntime: >>>>>> START com.android.internal.os.RuntimeInit uid 0 <<<<<<
07-29 15:59:40.685 10764 10764 D AndroidRuntime: CheckJNI is OFF
07-29 15:59:40.694 10764 10764 D ICU     : No timezone override file found: /data/misc/zoneinfo/current/icu/icu_tzdata.dat
07-29 15:59:40.705 10764 10764 E memtrack: Couldn't load memtrack module (No such file or directory)
07-29 15:59:40.705 10764 10764 E android.os.Debug: failed to load memtrack module: -2
07-29 15:59:40.705 10764 10764 I Radio-JNI: register_android_hardware_Radio DONE
07-29 15:59:40.711 10764 10764 D AndroidRuntime: Calling main entry com.android.commands.uiautomator.Launcher
07-29 15:59:41.732 10764 10764 I AccessibilityNodeInfoDumper: Skipping invisible child: android.view.accessibility.AccessibilityNodeInfo@80017cd1; boundsInParent: Rect(0, 0 - 0, 112); boundsInScreen: Rect(1200, 48 - 1200, 160); packageName: uk.co.yahoo.p1rpp.calendartrigger; className: android.widget.LinearLayout; text: null; error: null; maxTextLength: -1; contentDescription: null; viewIdResName: null; checkable: false; checked: false; focusable: false; focused: false; selected: false; clickable: false; longClickable: false; contextClickable: false; enabled: true; password: false; scrollable: false; actions: [AccessibilityAction: ACTION_SELECT - null, AccessibilityAction: ACTION_CLEAR_SELECTION - null, AccessibilityAction: ACTION_ACCESSIBILITY_FOCUS - null, AccessibilityAction: ACTION_UNKNOWN - null]
07-29 15:59:41.734 10764 10764 W AccessibilityNodeInfoDumper: Fetch time: 12ms
07-29 15:59:41.734   599   855 W WindowManager: Attempted to remove non-existing token: android.os.Binder@d9dbf56
07-29 15:59:41.737 10764 10764 D AndroidRuntime: Shutting down VM
07-29 15:59:42.146 10782 10782 D AndroidRuntime: >>>>>> START com.android.internal.os.RuntimeInit uid 0 <<<<<<
07-29 15:59:42.148 10782 10782 D AndroidRuntime: CheckJNI is OFF
07-29 15:59:42.159 10782 10782 D ICU     : No timezone override file found: /data/misc/zoneinfo/current/icu/icu_tzdata.dat
07-29 15:59:42.170 10782 10782 E memtrack: Couldn't load memtrack module (No such file or directory)
07-29 15:59:42.170 10782 10782 E android.os.Debug: failed to load memtrack module: -2
07-29 15:59:42.171 10782 10782 I Radio-JNI: register_android_hardware_Radio DONE
07-29 15:59:42.176 10782 10782 D AndroidRuntime: Calling main entry com.android.commands.uiautomator.Launcher
07-29 15:59:43.191 10782 10782 I AccessibilityNodeInfoDumper: Skipping invisible child: android.view.accessibility.AccessibilityNodeInfo@80017cde; boundsInParent: Rect(0, 0 - 0, 112); boundsInScreen: Rect(1200, 48 - 1200, 160); packageName: uk.co.yahoo.p1rpp.calendartrigger; className: android.widget.LinearLayout; text: null; error: null; maxTextLength: -1; contentDescription: null; viewIdResName: null; checkable: false; checked: false; focusable: false; focused: false; selected: false; clickable: false; longClickable: false; contextClickable: false; enabled: true; password: false; scrollable: false; actions: [AccessibilityAction: ACTION_SELECT - null, AccessibilityAction: ACTION_CLEAR_SELECTION - null, AccessibilityAction: ACTION_ACCESSIBILITY_FOCUS - null, AccessibilityAction: ACTION_UNKNOWN - null]
07-29 15:59:43.193 10782 10782 W AccessibilityNodeInfoDumper: Fetch time: 6ms
07-29 15:59:43.193   599 10180 W WindowManager: Attempted to remove non-existing token: android.os.Binder@efadbd7
07-29 15:59:43.196 10782 10782 D AndroidRuntime: Shutting down VM
07-29 15:59:43.575 10795 10795 D AndroidRuntime: >>>>>> START com.android.internal.os.RuntimeInit uid 0 <<<<<<
07-29 15:59:43.577 10795 10795 D AndroidRuntime: CheckJNI is OFF
07-29 15:59:43.587 10795 10795 D ICU     : No timezone override file found: /data/misc/zoneinfo/current/icu/icu_tzdata.dat
07-29 15:59:43.598 10795 10795 E memtrack: Couldn't load memtrack module (No such file or directory)
07-29 15:59:43.598 10795 10795 E android.os.Debug: failed to load memtrack module: -2
07-29 15:59:43.598 10795 10795 I Radio-JNI: register_android_hardware_Radio DONE
07-29 15:59:43.604 10795 10795 D AndroidRuntime: Calling main entry com.android.commands.input.Input
07-29 15:59:43.605 10795 10795 I Input   : injectMotionEvent: MotionEvent { action=ACTION_DOWN, actionButton=0, id[0]=0, x[0]=600.0, y[0]=278.0, toolType[0]=TOOL_TYPE_UNKNOWN, buttonState=0, metaState=0, flags=0x0, edgeFlags=0x0, pointerCount=1, historySize=0, eventTime=459395, downTime=459395, deviceId=0, source=0x1002 }
07-29 15:59:43.607 10795 10795 I Input   : injectMotionEvent: MotionEvent { action=ACTION_MOVE, actionButton=0, id[0]=0, x[0]=600.0, y[0]=278.0, toolType[0]=TOOL_TYPE_UNKNOWN, buttonState=0, metaState=0, flags=0x0, edgeFlags=0x0, pointerCount=1, historySize=0, eventTime=459395, downTime=459395, deviceId=0, source=0x1002 }
07-29 15:59:43.626 10795 10795 I Input   : injectMotionEvent: MotionEvent { action=ACTION_MOVE, actionButton=0, id[0]=0, x[0]=600.0, y[0]=278.0, toolType[0]=TOOL_TYPE_UNKNOWN, buttonState=0, metaState=0, flags=0x0, edgeFlags=0x0, pointerCount=1, historySize=0, eventTime=459417, downTime=459417, deviceId=0, source=0x1002 }
07-29 15:59:43.643 10795 10795 I Input   : injectMotionEvent: MotionEvent { action=ACTION_MOVE, actionButton=0, id[0]=0, x[0]=600.0, y[0]=278.0, toolType[0]=TOOL_TYPE_UNKNOWN, buttonState=0, metaState=0, flags=0x0, edgeFlags=0x0, pointerCount=1, historySize=0, eventTime=459434, downTime=459434, deviceId=0, source=0x1002 }
07-29 15:59:43.660 10795 10795 I Input   : injectMotionEvent: MotionEvent { action=ACTION_MOVE, actionButton=0, id[0]=0, x[0]=600.0, y[0]=278.0, toolType[0]=TOOL_TYPE_UNKNOWN, buttonState=0, metaState=0, flags=0x0, edgeFlags=0x0, pointerCount=1, historySize=0, eventTime=459450, downTime=459450, deviceId=0, source=0x1002 }
07-29 15:59:43.676 10795 10795 I Input   : injectMotionEvent: MotionEvent { action=ACTION_MOVE, actionButton=0, id[0]=0, x[0]=600.0, y[0]=278.0, toolType[0]=TOOL_TYPE_UNKNOWN, buttonState=0, metaState=0, flags=0x0, edgeFlags=0x0, pointerCount=1, historySize=0, eventTime=459467, downTime=459467, deviceId=0, source=0x1002 }
07-29 15:59:43.693 10795 10795 I Input   : injectMotionEvent: MotionEvent { action=ACTION_MOVE, actionButton=0, id[0]=0, x[0]=600.0, y[0]=278.0, toolType[0]=TOOL_TYPE_UNKNOWN, buttonState=0, metaState=0, flags=0x0, edgeFlags=0x0, pointerCount=1, historySize=0, eventTime=459484, downTime=459484, deviceId=0, source=0x1002 }
07-29 15:59:43.710 10795 10795 I Input   : injectMotionEvent: MotionEvent { action=ACTION_MOVE, actionButton=0, id[0]=0, x[0]=600.0, y[0]=278.0, toolType[0]=TOOL_TYPE_UNKNOWN, buttonState=0, metaState=0, flags=0x0, edgeFlags=0x0, pointerCount=1, historySize=0, eventTime=459501, downTime=459501, deviceId=0, source=0x1002 }
07-29 15:59:43.726 10795 10795 I Input   : injectMotionEvent: MotionEvent { action=ACTION_MOVE, actionButton=0, id[0]=0, x[0]=600.0, y[0]=278.0, toolType[0]=TOOL_TYPE_UNKNOWN, buttonState=0, metaState=0, flags=0x0, edgeFlags=0x0, pointerCount=1, historySize=0, eventTime=459517, downTime=459517, deviceId=0, source=0x1002 }
07-29 15:59:43.743 10795 10795 I Input   : injectMotionEvent: MotionEvent { action=ACTION_MOVE, actionButton=0, id[0]=0, x[0]=600.0, y[0]=278.0, toolType[0]=TOOL_TYPE_UNKNOWN, buttonState=0, metaState=0, flags=0x0, edgeFlags=0x0, pointerCount=1, historySize=0, eventTime=459534, downTime=459534, deviceId=0, source=0x1002 }
07-29 15:59:43.759 10795 10795 I Input   : injectMotionEvent: MotionEvent { action=ACTION_MOVE, actionButton=0, id[0]=0, x[0]=600.0, y[0]=278.0, toolType[0]=TOOL_TYPE_UNKNOWN, buttonState=0, metaState=0, flags=0x0, edgeFlags=0x0, pointerCount=1, historySize=0, eventTime=459550, downTime=459550, deviceId=0, source=0x1002 }
07-29 15:59:43.781 10795 10795 I Input   : injectMotionEvent: MotionEvent { action=ACTION_MOVE, actionButton=0, id[0]=0, x[0]=600.0, y[0]=278.0, toolType[0]=TOOL_TYPE_UNKNOWN, buttonState=0, metaState=0, flags=0x0, edgeFlags=0x0, pointerCount=1, historySize=0, eventTime=459572, downTime=459572, deviceId=0, source=0x1002 }
07-29 15:59:43.793 10795 10795 I Input   : injectMotionEvent: MotionEvent { action=ACTION_MOVE, actionButton=0, id[0]=0, x[0]=600.0, y[0]=278.0, toolType[0]=TOOL_TYPE_UNKNOWN, buttonState=0, metaState=0, flags=0x0, edgeFlags=0x0, pointerCount=1, historySize=0, eventTime=459584, downTime=459584, deviceId=0, source=0x1002 }
07-29 15:59:43.809 10795 10795 I Input   : injectMotionEvent: MotionEvent { action=ACTION_MOVE, actionButton=0, id[0]=0, x[0]=600.0, y[0]=278.0, toolType[0]=TOOL_TYPE_UNKNOWN, buttonState=0, metaState=0, flags=0x0, edgeFlags=0x0, pointerCount=1, historySize=0, eventTime=459600, downTime=459600, deviceId=0, source=0x1002 }
07-29 15:59:43.826 10795 10795 I Input   : injectMotionEvent: MotionEvent { action=ACTION_MOVE, actionButton=0, id[0]=0, x[0]=600.0, y[0]=278.0, toolType[0]=TOOL_TYPE_UNKNOWN, buttonState=0, metaState=0, flags=0x0, edgeFlags=0x0, pointerCount=1, historySize=0, eventTime=459617, downTime=459617, deviceId=0, source=0x1002 }
07-29 15:59:43.844 10795 10795 I Input   : injectMotionEvent: MotionEvent { action=ACTION_MOVE, actionButton=0, id[0]=0, x[0]=600.0, y[0]=278.0, toolType[0]=TOOL_TYPE_UNKNOWN, buttonState=0, metaState=0, flags=0x0, edgeFlags=0x0, pointerCount=1, historySize=0, eventTime=459635, downTime=459635, deviceId=0, source=0x1002 }
07-29 15:59:43.860 10795 10795 I Input   : injectMotionEvent: MotionEvent { action=ACTION_MOVE, actionButton=0, id[0]=0, x[0]=600.0, y[0]=278.0, toolType[0]=TOOL_TYPE_UNKNOWN, buttonState=0, metaState=0, flags=0x0, edgeFlags=0x0, pointerCount=1, historySize=0, eventTime=459651, downTime=459651, deviceId=0, source=0x1002 }
07-29 15:59:43.877 10795 10795 I Input   : injectMotionEvent: MotionEvent { action=ACTION_MOVE, actionButton=0, id[0]=0, x[0]=600.0, y[0]=278.0, toolType[0]=TOOL_TYPE_UNKNOWN, buttonState=0, metaState=0, flags=0x0, edgeFlags=0x0, pointerCount=1, historySize=0, eventTime=459667, downTime=459667, deviceId=0, source=0x1002 }
07-29 15:59:43.893 10795 10795 I Input   : injectMotionEvent: MotionEvent { action=ACTION_MOVE, actionButton=0, id[0]=0, x[0]=600.0, y[0]=278.0, toolType[0]=TOOL_TYPE_UNKNOWN, buttonState=0, metaState=0, flags=0x0, edgeFlags=0x0, pointerCount=1, historySize=0, eventTime=459684, downTime=459684, deviceId=0, source=0x1002 }
07-29 15:59:43.909 10795 10795 I Input   : injectMotionEvent: MotionEvent { action=ACTION_MOVE, actionButton=0, id[0]=0, x[0]=600.0, y[0]=278.0, toolType[0]=TOOL_TYPE_UNKNOWN, buttonState=0, metaState=0, flags=0x0, edgeFlags=0x0, pointerCount=1, historySize=0, eventTime=459700, downTime=459700, deviceId=0, source=0x1002 }
07-29 15:59:43.926 10795 10795 I Input   : injectMotionEvent: MotionEvent { action=ACTION_MOVE, actionButton=0, id[0]=0, x[0]=600.0, y[0]=278.0, toolType[0]=TOOL_TYPE_UNKNOWN, buttonState=0, metaState=0, flags=0x0, edgeFlags=0x0, pointerCount=1, historySize=0, eventTime=459717, downTime=459717, deviceId=0, source=0x1002 }
07-29 15:59:43.943 10795 10795 I Input   : injectMotionEvent: MotionEvent { action=ACTION_MOVE, actionButton=0, id[0]=0, x[0]=600.0, y[0]=278.0, toolType[0]=TOOL_TYPE_UNKNOWN, buttonState=0, metaState=0, flags=0x0, edgeFlags=0x0, pointerCount=1, historySize=0, eventTime=459734, downTime=459734, deviceId=0, source=0x1002 }
07-29 15:59:43.960 10795 10795 I Input   : injectMotionEvent: MotionEvent { action=ACTION_MOVE, actionButton=0, id[0]=0, x[0]=600.0, y[0]=278.0, toolType[0]=TOOL_TYPE_UNKNOWN, buttonState=0, metaState=0, flags=0x0, edgeFlags=0x0, pointerCount=1, historySize=0, eventTime=459750, downTime=459750, deviceId=0, source=0x1002 }
07-29 15:59:43.982 10795 10795 I Input   : injectMotionEvent: MotionEvent { action=ACTION_MOVE, actionButton=0, id[0]=0, x[0]=600.0, y[0]=278.0, toolType[0]=TOOL_TYPE_UNKNOWN, buttonState=0, metaState=0, flags=0x0, edgeFlags=0x0, pointerCount=1, historySize=0, eventTime=459773, downTime=459773, deviceId=0, source=0x1002 }
07-29 15:59:43.993 10795 10795 I Input   : injectMotionEvent: MotionEvent { action=ACTION_MOVE, actionButton=0, id[0]=0, x[0]=600.0, y[0]=278.0, toolType[0]=TOOL_TYPE_UNKNOWN, buttonState=0, metaState=0, flags=0x0, edgeFlags=0x0, pointerCount=1, historySize=0, eventTime=459784, downTime=459784, deviceId=0, source=0x1002 }
07-29 15:59:44.010 10795 10795 I Input   : injectMotionEvent: MotionEvent { action=ACTION_MOVE, actionButton=0, id[0]=0, x[0]=600.0, y[0]=278.0, toolType[0]=TOOL_TYPE_UNKNOWN, buttonState=0, metaState=0, flags=0x0, edgeFlags=0x0, pointerCount=1, historySize=0, eventTime=459801, downTime=459801, deviceId=0, source=0x1002 }
07-29 15:59:44.026 10795 10795 I Input   : injectMotionEvent: MotionEvent { action=ACTION_MOVE, actionButton=0, id[0]=0, x[0]=600.0, y[0]=278.0, toolType[0]=TOOL_TYPE_UNKNOWN, buttonState=0, metaState=0, flags=0x0, edgeFlags=0x0, pointerCount=1, historySize=0, eventTime=459817, downTime=459817, deviceId=0, source=0x1002 }
07-29 15:59:44.043 10795 10795 I Input   : injectMotionEvent: MotionEvent { action=ACTION_MOVE, actionButton=0, id[0]=0, x[0]=600.0, y[0]=278.0, toolType[0]=TOOL_TYPE_UNKNOWN, buttonState=0, metaState=0, flags=0x0, edgeFlags=0x0, pointerCount=1, historySize=0, eventTime=459834, downTime=459834, deviceId=0, source=0x1002 }
07-29 15:59:44.060 10795 10795 I Input   : injectMotionEvent: MotionEvent { action=ACTION_MOVE, actionButton=0, id[0]=0, x[0]=600.0, y[0]=278.0, toolType[0]=TOOL_TYPE_UNKNOWN, buttonState=0, metaState=0, flags=0x0, edgeFlags=0x0, pointerCount=1, historySize=0, eventTime=459851, downTime=459851, deviceId=0, source=0x1002 }
07-29 15:59:44.076 10795 10795 I Input   : injectMotionEvent: MotionEvent { action=ACTION_MOVE, actionButton=0, id[0]=0, x[0]=600.0, y[0]=278.0, toolType[0]=TOOL_TYPE_UNKNOWN, buttonState=0, metaState=0, flags=0x0, edgeFlags=0x0, pointerCount=1, historySize=0, eventTime=459867, downTime=459867, deviceId=0, source=0x1002 }
07-29 15:59:44.093 10795 10795 I Input   : injectMotionEvent: MotionEvent { action=ACTION_MOVE, actionButton=0, id[0]=0, x[0]=600.0, y[0]=278.0, toolType[0]=TOOL_TYPE_UNKNOWN, buttonState=0, metaState=0, flags=0x0, edgeFlags=0x0, pointerCount=1, historySize=0, eventTime=459884, downTime=459884, deviceId=0, source=0x1002 }
07-29 15:59:44.109 10795 10795 I Input   : injectMotionEvent: MotionEvent { action=ACTION_MOVE, actionButton=0, id[0]=0, x[0]=600.0, y[0]=278.0, toolType[0]=TOOL_TYPE_UNKNOWN, buttonState=0, metaState=0, flags=0x0, edgeFlags=0x0, pointerCount=1, historySize=0, eventTime=459900, downTime=459900, deviceId=0, source=0x1002 }
07-29 15:59:44.110  1633  1633 D leak-432: Eastern Standard Time
07-29 15:59:44.132 10795 10795 I Input   : injectMotionEvent: MotionEvent { action=ACTION_MOVE, actionButton=0, id[0]=0, x[0]=600.0, y[0]=278.0, toolType[0]=TOOL_TYPE_UNKNOWN, buttonState=0, metaState=0, flags=0x0, edgeFlags=0x0, pointerCount=1, historySize=0, eventTime=459923, downTime=459923, deviceId=0, source=0x1002 }
07-29 15:59:44.149  1633  1647 W EGL_emulation: eglSurfaceAttrib not implemented
07-29 15:59:44.149  1633  1647 W OpenGLRenderer: Failed to set EGL_SWAP_BEHAVIOR on surface 0xe06142e0, error=EGL_SUCCESS
07-29 15:59:44.153 10795 10795 I Input   : injectMotionEvent: MotionEvent { action=ACTION_MOVE, actionButton=0, id[0]=0, x[0]=600.0, y[0]=278.0, toolType[0]=TOOL_TYPE_UNKNOWN, buttonState=0, metaState=0, flags=0x0, edgeFlags=0x0, pointerCount=1, historySize=0, eventTime=459944, downTime=459944, deviceId=0, source=0x1002 }
07-29 15:59:44.178 10795 10795 I Input   : injectMotionEvent: MotionEvent { action=ACTION_MOVE, actionButton=0, id[0]=0, x[0]=600.0, y[0]=278.0, toolType[0]=TOOL_TYPE_UNKNOWN, buttonState=0, metaState=0, flags=0x0, edgeFlags=0x0, pointerCount=1, historySize=0, eventTime=459969, downTime=459969, deviceId=0, source=0x1002 }
07-29 15:59:44.193 10795 10795 I Input   : injectMotionEvent: MotionEvent { action=ACTION_MOVE, actionButton=0, id[0]=0, x[0]=600.0, y[0]=278.0, toolType[0]=TOOL_TYPE_UNKNOWN, buttonState=0, metaState=0, flags=0x0, edgeFlags=0x0, pointerCount=1, historySize=0, eventTime=459984, downTime=459984, deviceId=0, source=0x1002 }
07-29 15:59:44.210 10795 10795 I Input   : injectMotionEvent: MotionEvent { action=ACTION_MOVE, actionButton=0, id[0]=0, x[0]=600.0, y[0]=278.0, toolType[0]=TOOL_TYPE_UNKNOWN, buttonState=0, metaState=0, flags=0x0, edgeFlags=0x0, pointerCount=1, historySize=0, eventTime=460001, downTime=460001, deviceId=0, source=0x1002 }
07-29 15:59:44.228 10795 10795 I Input   : injectMotionEvent: MotionEvent { action=ACTION_MOVE, actionButton=0, id[0]=0, x[0]=600.0, y[0]=278.0, toolType[0]=TOOL_TYPE_UNKNOWN, buttonState=0, metaState=0, flags=0x0, edgeFlags=0x0, pointerCount=1, historySize=0, eventTime=460019, downTime=460019, deviceId=0, source=0x1002 }
07-29 15:59:44.243 10795 10795 I Input   : injectMotionEvent: MotionEvent { action=ACTION_MOVE, actionButton=0, id[0]=0, x[0]=600.0, y[0]=278.0, toolType[0]=TOOL_TYPE_UNKNOWN, buttonState=0, metaState=0, flags=0x0, edgeFlags=0x0, pointerCount=1, historySize=0, eventTime=460034, downTime=460034, deviceId=0, source=0x1002 }
07-29 15:59:44.260 10795 10795 I Input   : injectMotionEvent: MotionEvent { action=ACTION_MOVE, actionButton=0, id[0]=0, x[0]=600.0, y[0]=278.0, toolType[0]=TOOL_TYPE_UNKNOWN, buttonState=0, metaState=0, flags=0x0, edgeFlags=0x0, pointerCount=1, historySize=0, eventTime=460051, downTime=460051, deviceId=0, source=0x1002 }
07-29 15:59:44.276 10795 10795 I Input   : injectMotionEvent: MotionEvent { action=ACTION_MOVE, actionButton=0, id[0]=0, x[0]=600.0, y[0]=278.0, toolType[0]=TOOL_TYPE_UNKNOWN, buttonState=0, metaState=0, flags=0x0, edgeFlags=0x0, pointerCount=1, historySize=0, eventTime=460067, downTime=460067, deviceId=0, source=0x1002 }
07-29 15:59:44.293 10795 10795 I Input   : injectMotionEvent: MotionEvent { action=ACTION_MOVE, actionButton=0, id[0]=0, x[0]=600.0, y[0]=278.0, toolType[0]=TOOL_TYPE_UNKNOWN, buttonState=0, metaState=0, flags=0x0, edgeFlags=0x0, pointerCount=1, historySize=0, eventTime=460084, downTime=460084, deviceId=0, source=0x1002 }
07-29 15:59:44.310 10795 10795 I Input   : injectMotionEvent: MotionEvent { action=ACTION_MOVE, actionButton=0, id[0]=0, x[0]=600.0, y[0]=278.0, toolType[0]=TOOL_TYPE_UNKNOWN, buttonState=0, metaState=0, flags=0x0, edgeFlags=0x0, pointerCount=1, historySize=0, eventTime=460100, downTime=460100, deviceId=0, source=0x1002 }
07-29 15:59:44.328 10795 10795 I Input   : injectMotionEvent: MotionEvent { action=ACTION_MOVE, actionButton=0, id[0]=0, x[0]=600.0, y[0]=278.0, toolType[0]=TOOL_TYPE_UNKNOWN, buttonState=0, metaState=0, flags=0x0, edgeFlags=0x0, pointerCount=1, historySize=0, eventTime=460118, downTime=460118, deviceId=0, source=0x1002 }
07-29 15:59:44.343 10795 10795 I Input   : injectMotionEvent: MotionEvent { action=ACTION_MOVE, actionButton=0, id[0]=0, x[0]=600.0, y[0]=278.0, toolType[0]=TOOL_TYPE_UNKNOWN, buttonState=0, metaState=0, flags=0x0, edgeFlags=0x0, pointerCount=1, historySize=0, eventTime=460134, downTime=460134, deviceId=0, source=0x1002 }
07-29 15:59:44.360 10795 10795 I Input   : injectMotionEvent: MotionEvent { action=ACTION_MOVE, actionButton=0, id[0]=0, x[0]=600.0, y[0]=278.0, toolType[0]=TOOL_TYPE_UNKNOWN, buttonState=0, metaState=0, flags=0x0, edgeFlags=0x0, pointerCount=1, historySize=0, eventTime=460150, downTime=460150, deviceId=0, source=0x1002 }
07-29 15:59:44.377 10795 10795 I Input   : injectMotionEvent: MotionEvent { action=ACTION_MOVE, actionButton=0, id[0]=0, x[0]=600.0, y[0]=278.0, toolType[0]=TOOL_TYPE_UNKNOWN, buttonState=0, metaState=0, flags=0x0, edgeFlags=0x0, pointerCount=1, historySize=0, eventTime=460167, downTime=460167, deviceId=0, source=0x1002 }
07-29 15:59:44.394 10795 10795 I Input   : injectMotionEvent: MotionEvent { action=ACTION_MOVE, actionButton=0, id[0]=0, x[0]=600.0, y[0]=278.0, toolType[0]=TOOL_TYPE_UNKNOWN, buttonState=0, metaState=0, flags=0x0, edgeFlags=0x0, pointerCount=1, historySize=0, eventTime=460185, downTime=460185, deviceId=0, source=0x1002 }
07-29 15:59:44.409 10795 10795 I Input   : injectMotionEvent: MotionEvent { action=ACTION_MOVE, actionButton=0, id[0]=0, x[0]=600.0, y[0]=278.0, toolType[0]=TOOL_TYPE_UNKNOWN, buttonState=0, metaState=0, flags=0x0, edgeFlags=0x0, pointerCount=1, historySize=0, eventTime=460200, downTime=460200, deviceId=0, source=0x1002 }
07-29 15:59:44.426 10795 10795 I Input   : injectMotionEvent: MotionEvent { action=ACTION_MOVE, actionButton=0, id[0]=0, x[0]=600.0, y[0]=278.0, toolType[0]=TOOL_TYPE_UNKNOWN, buttonState=0, metaState=0, flags=0x0, edgeFlags=0x0, pointerCount=1, historySize=0, eventTime=460217, downTime=460217, deviceId=0, source=0x1002 }
07-29 15:59:44.443 10795 10795 I Input   : injectMotionEvent: MotionEvent { action=ACTION_MOVE, actionButton=0, id[0]=0, x[0]=600.0, y[0]=278.0, toolType[0]=TOOL_TYPE_UNKNOWN, buttonState=0, metaState=0, flags=0x0, edgeFlags=0x0, pointerCount=1, historySize=0, eventTime=460234, downTime=460234, deviceId=0, source=0x1002 }
07-29 15:59:44.460 10795 10795 I Input   : injectMotionEvent: MotionEvent { action=ACTION_MOVE, actionButton=0, id[0]=0, x[0]=600.0, y[0]=278.0, toolType[0]=TOOL_TYPE_UNKNOWN, buttonState=0, metaState=0, flags=0x0, edgeFlags=0x0, pointerCount=1, historySize=0, eventTime=460251, downTime=460251, deviceId=0, source=0x1002 }
07-29 15:59:44.477 10795 10795 I Input   : injectMotionEvent: MotionEvent { action=ACTION_MOVE, actionButton=0, id[0]=0, x[0]=600.0, y[0]=278.0, toolType[0]=TOOL_TYPE_UNKNOWN, buttonState=0, metaState=0, flags=0x0, edgeFlags=0x0, pointerCount=1, historySize=0, eventTime=460267, downTime=460267, deviceId=0, source=0x1002 }
07-29 15:59:44.494 10795 10795 I Input   : injectMotionEvent: MotionEvent { action=ACTION_MOVE, actionButton=0, id[0]=0, x[0]=600.0, y[0]=278.0, toolType[0]=TOOL_TYPE_UNKNOWN, buttonState=0, metaState=0, flags=0x0, edgeFlags=0x0, pointerCount=1, historySize=0, eventTime=460285, downTime=460285, deviceId=0, source=0x1002 }
07-29 15:59:44.513 10795 10795 I Input   : injectMotionEvent: MotionEvent { action=ACTION_MOVE, actionButton=0, id[0]=0, x[0]=600.0, y[0]=278.0, toolType[0]=TOOL_TYPE_UNKNOWN, buttonState=0, metaState=0, flags=0x0, edgeFlags=0x0, pointerCount=1, historySize=0, eventTime=460303, downTime=460303, deviceId=0, source=0x1002 }
07-29 15:59:44.527 10795 10795 I Input   : injectMotionEvent: MotionEvent { action=ACTION_MOVE, actionButton=0, id[0]=0, x[0]=600.0, y[0]=278.0, toolType[0]=TOOL_TYPE_UNKNOWN, buttonState=0, metaState=0, flags=0x0, edgeFlags=0x0, pointerCount=1, historySize=0, eventTime=460317, downTime=460317, deviceId=0, source=0x1002 }
07-29 15:59:44.543 10795 10795 I Input   : injectMotionEvent: MotionEvent { action=ACTION_MOVE, actionButton=0, id[0]=0, x[0]=600.0, y[0]=278.0, toolType[0]=TOOL_TYPE_UNKNOWN, buttonState=0, metaState=0, flags=0x0, edgeFlags=0x0, pointerCount=1, historySize=0, eventTime=460334, downTime=460334, deviceId=0, source=0x1002 }
07-29 15:59:44.560 10795 10795 I Input   : injectMotionEvent: MotionEvent { action=ACTION_MOVE, actionButton=0, id[0]=0, x[0]=600.0, y[0]=278.0, toolType[0]=TOOL_TYPE_UNKNOWN, buttonState=0, metaState=0, flags=0x0, edgeFlags=0x0, pointerCount=1, historySize=0, eventTime=460350, downTime=460350, deviceId=0, source=0x1002 }
07-29 15:59:44.576 10795 10795 I Input   : injectMotionEvent: MotionEvent { action=ACTION_MOVE, actionButton=0, id[0]=0, x[0]=600.0, y[0]=278.0, toolType[0]=TOOL_TYPE_UNKNOWN, buttonState=0, metaState=0, flags=0x0, edgeFlags=0x0, pointerCount=1, historySize=0, eventTime=460367, downTime=460367, deviceId=0, source=0x1002 }
07-29 15:59:44.593 10795 10795 I Input   : injectMotionEvent: MotionEvent { action=ACTION_MOVE, actionButton=0, id[0]=0, x[0]=600.0, y[0]=278.0, toolType[0]=TOOL_TYPE_UNKNOWN, buttonState=0, metaState=0, flags=0x0, edgeFlags=0x0, pointerCount=1, historySize=0, eventTime=460384, downTime=460384, deviceId=0, source=0x1002 }
07-29 15:59:44.610 10795 10795 I Input   : injectMotionEvent: MotionEvent { action=ACTION_MOVE, actionButton=0, id[0]=0, x[0]=600.0, y[0]=278.0, toolType[0]=TOOL_TYPE_UNKNOWN, buttonState=0, metaState=0, flags=0x0, edgeFlags=0x0, pointerCount=1, historySize=0, eventTime=460401, downTime=460401, deviceId=0, source=0x1002 }
07-29 15:59:44.626 10795 10795 I Input   : injectMotionEvent: MotionEvent { action=ACTION_MOVE, actionButton=0, id[0]=0, x[0]=600.0, y[0]=278.0, toolType[0]=TOOL_TYPE_UNKNOWN, buttonState=0, metaState=0, flags=0x0, edgeFlags=0x0, pointerCount=1, historySize=0, eventTime=460417, downTime=460417, deviceId=0, source=0x1002 }
07-29 15:59:44.643 10795 10795 I Input   : injectMotionEvent: MotionEvent { action=ACTION_MOVE, actionButton=0, id[0]=0, x[0]=600.0, y[0]=278.0, toolType[0]=TOOL_TYPE_UNKNOWN, buttonState=0, metaState=0, flags=0x0, edgeFlags=0x0, pointerCount=1, historySize=0, eventTime=460434, downTime=460434, deviceId=0, source=0x1002 }
07-29 15:59:44.660 10795 10795 I Input   : injectMotionEvent: MotionEvent { action=ACTION_MOVE, actionButton=0, id[0]=0, x[0]=600.0, y[0]=278.0, toolType[0]=TOOL_TYPE_UNKNOWN, buttonState=0, metaState=0, flags=0x0, edgeFlags=0x0, pointerCount=1, historySize=0, eventTime=460451, downTime=460451, deviceId=0, source=0x1002 }
07-29 15:59:44.676 10795 10795 I Input   : injectMotionEvent: MotionEvent { action=ACTION_MOVE, actionButton=0, id[0]=0, x[0]=600.0, y[0]=278.0, toolType[0]=TOOL_TYPE_UNKNOWN, buttonState=0, metaState=0, flags=0x0, edgeFlags=0x0, pointerCount=1, historySize=0, eventTime=460467, downTime=460467, deviceId=0, source=0x1002 }
07-29 15:59:44.693 10795 10795 I Input   : injectMotionEvent: MotionEvent { action=ACTION_MOVE, actionButton=0, id[0]=0, x[0]=600.0, y[0]=278.0, toolType[0]=TOOL_TYPE_UNKNOWN, buttonState=0, metaState=0, flags=0x0, edgeFlags=0x0, pointerCount=1, historySize=0, eventTime=460484, downTime=460484, deviceId=0, source=0x1002 }
07-29 15:59:44.710 10795 10795 I Input   : injectMotionEvent: MotionEvent { action=ACTION_MOVE, actionButton=0, id[0]=0, x[0]=600.0, y[0]=278.0, toolType[0]=TOOL_TYPE_UNKNOWN, buttonState=0, metaState=0, flags=0x0, edgeFlags=0x0, pointerCount=1, historySize=0, eventTime=460501, downTime=460501, deviceId=0, source=0x1002 }
07-29 15:59:44.726 10795 10795 I Input   : injectMotionEvent: MotionEvent { action=ACTION_MOVE, actionButton=0, id[0]=0, x[0]=600.0, y[0]=278.0, toolType[0]=TOOL_TYPE_UNKNOWN, buttonState=0, metaState=0, flags=0x0, edgeFlags=0x0, pointerCount=1, historySize=0, eventTime=460517, downTime=460517, deviceId=0, source=0x1002 }
07-29 15:59:44.743 10795 10795 I Input   : injectMotionEvent: MotionEvent { action=ACTION_MOVE, actionButton=0, id[0]=0, x[0]=600.0, y[0]=278.0, toolType[0]=TOOL_TYPE_UNKNOWN, buttonState=0, metaState=0, flags=0x0, edgeFlags=0x0, pointerCount=1, historySize=0, eventTime=460534, downTime=460534, deviceId=0, source=0x1002 }
07-29 15:59:44.760 10795 10795 I Input   : injectMotionEvent: MotionEvent { action=ACTION_MOVE, actionButton=0, id[0]=0, x[0]=600.0, y[0]=278.0, toolType[0]=TOOL_TYPE_UNKNOWN, buttonState=0, metaState=0, flags=0x0, edgeFlags=0x0, pointerCount=1, historySize=0, eventTime=460550, downTime=460550, deviceId=0, source=0x1002 }
07-29 15:59:44.776 10795 10795 I Input   : injectMotionEvent: MotionEvent { action=ACTION_MOVE, actionButton=0, id[0]=0, x[0]=600.0, y[0]=278.0, toolType[0]=TOOL_TYPE_UNKNOWN, buttonState=0, metaState=0, flags=0x0, edgeFlags=0x0, pointerCount=1, historySize=0, eventTime=460567, downTime=460567, deviceId=0, source=0x1002 }
07-29 15:59:44.793 10795 10795 I Input   : injectMotionEvent: MotionEvent { action=ACTION_MOVE, actionButton=0, id[0]=0, x[0]=600.0, y[0]=278.0, toolType[0]=TOOL_TYPE_UNKNOWN, buttonState=0, metaState=0, flags=0x0, edgeFlags=0x0, pointerCount=1, historySize=0, eventTime=460584, downTime=460584, deviceId=0, source=0x1002 }
07-29 15:59:44.811 10795 10795 I Input   : injectMotionEvent: MotionEvent { action=ACTION_MOVE, actionButton=0, id[0]=0, x[0]=600.0, y[0]=278.0, toolType[0]=TOOL_TYPE_UNKNOWN, buttonState=0, metaState=0, flags=0x0, edgeFlags=0x0, pointerCount=1, historySize=0, eventTime=460602, downTime=460602, deviceId=0, source=0x1002 }
07-29 15:59:44.829 10795 10795 I Input   : injectMotionEvent: MotionEvent { action=ACTION_MOVE, actionButton=0, id[0]=0, x[0]=600.0, y[0]=278.0, toolType[0]=TOOL_TYPE_UNKNOWN, buttonState=0, metaState=0, flags=0x0, edgeFlags=0x0, pointerCount=1, historySize=0, eventTime=460620, downTime=460620, deviceId=0, source=0x1002 }
07-29 15:59:44.843 10795 10795 I Input   : injectMotionEvent: MotionEvent { action=ACTION_MOVE, actionButton=0, id[0]=0, x[0]=600.0, y[0]=278.0, toolType[0]=TOOL_TYPE_UNKNOWN, buttonState=0, metaState=0, flags=0x0, edgeFlags=0x0, pointerCount=1, historySize=0, eventTime=460634, downTime=460634, deviceId=0, source=0x1002 }
07-29 15:59:44.859 10795 10795 I Input   : injectMotionEvent: MotionEvent { action=ACTION_MOVE, actionButton=0, id[0]=0, x[0]=600.0, y[0]=278.0, toolType[0]=TOOL_TYPE_UNKNOWN, buttonState=0, metaState=0, flags=0x0, edgeFlags=0x0, pointerCount=1, historySize=0, eventTime=460650, downTime=460650, deviceId=0, source=0x1002 }
07-29 15:59:44.877 10795 10795 I Input   : injectMotionEvent: MotionEvent { action=ACTION_MOVE, actionButton=0, id[0]=0, x[0]=600.0, y[0]=278.0, toolType[0]=TOOL_TYPE_UNKNOWN, buttonState=0, metaState=0, flags=0x0, edgeFlags=0x0, pointerCount=1, historySize=0, eventTime=460668, downTime=460668, deviceId=0, source=0x1002 }
07-29 15:59:44.893 10795 10795 I Input   : injectMotionEvent: MotionEvent { action=ACTION_MOVE, actionButton=0, id[0]=0, x[0]=600.0, y[0]=278.0, toolType[0]=TOOL_TYPE_UNKNOWN, buttonState=0, metaState=0, flags=0x0, edgeFlags=0x0, pointerCount=1, historySize=0, eventTime=460683, downTime=460683, deviceId=0, source=0x1002 }
07-29 15:59:44.912 10795 10795 I Input   : injectMotionEvent: MotionEvent { action=ACTION_MOVE, actionButton=0, id[0]=0, x[0]=600.0, y[0]=278.0, toolType[0]=TOOL_TYPE_UNKNOWN, buttonState=0, metaState=0, flags=0x0, edgeFlags=0x0, pointerCount=1, historySize=0, eventTime=460703, downTime=460703, deviceId=0, source=0x1002 }
07-29 15:59:44.926 10795 10795 I Input   : injectMotionEvent: MotionEvent { action=ACTION_MOVE, actionButton=0, id[0]=0, x[0]=600.0, y[0]=278.0, toolType[0]=TOOL_TYPE_UNKNOWN, buttonState=0, metaState=0, flags=0x0, edgeFlags=0x0, pointerCount=1, historySize=0, eventTime=460717, downTime=460717, deviceId=0, source=0x1002 }
07-29 15:59:44.944 10795 10795 I Input   : injectMotionEvent: MotionEvent { action=ACTION_MOVE, actionButton=0, id[0]=0, x[0]=600.0, y[0]=278.0, toolType[0]=TOOL_TYPE_UNKNOWN, buttonState=0, metaState=0, flags=0x0, edgeFlags=0x0, pointerCount=1, historySize=0, eventTime=460735, downTime=460735, deviceId=0, source=0x1002 }
07-29 15:59:44.960 10795 10795 I Input   : injectMotionEvent: MotionEvent { action=ACTION_MOVE, actionButton=0, id[0]=0, x[0]=600.0, y[0]=278.0, toolType[0]=TOOL_TYPE_UNKNOWN, buttonState=0, metaState=0, flags=0x0, edgeFlags=0x0, pointerCount=1, historySize=0, eventTime=460751, downTime=460751, deviceId=0, source=0x1002 }
07-29 15:59:44.977 10795 10795 I Input   : injectMotionEvent: MotionEvent { action=ACTION_MOVE, actionButton=0, id[0]=0, x[0]=600.0, y[0]=278.0, toolType[0]=TOOL_TYPE_UNKNOWN, buttonState=0, metaState=0, flags=0x0, edgeFlags=0x0, pointerCount=1, historySize=0, eventTime=460767, downTime=460767, deviceId=0, source=0x1002 }
07-29 15:59:44.993 10795 10795 I Input   : injectMotionEvent: MotionEvent { action=ACTION_MOVE, actionButton=0, id[0]=0, x[0]=600.0, y[0]=278.0, toolType[0]=TOOL_TYPE_UNKNOWN, buttonState=0, metaState=0, flags=0x0, edgeFlags=0x0, pointerCount=1, historySize=0, eventTime=460784, downTime=460784, deviceId=0, source=0x1002 }
07-29 15:59:45.010 10795 10795 I Input   : injectMotionEvent: MotionEvent { action=ACTION_MOVE, actionButton=0, id[0]=0, x[0]=600.0, y[0]=278.0, toolType[0]=TOOL_TYPE_UNKNOWN, buttonState=0, metaState=0, flags=0x0, edgeFlags=0x0, pointerCount=1, historySize=0, eventTime=460801, downTime=460801, deviceId=0, source=0x1002 }
07-29 15:59:45.029 10795 10795 I Input   : injectMotionEvent: MotionEvent { action=ACTION_MOVE, actionButton=0, id[0]=0, x[0]=600.0, y[0]=278.0, toolType[0]=TOOL_TYPE_UNKNOWN, buttonState=0, metaState=0, flags=0x0, edgeFlags=0x0, pointerCount=1, historySize=0, eventTime=460820, downTime=460820, deviceId=0, source=0x1002 }
07-29 15:59:45.043 10795 10795 I Input   : injectMotionEvent: MotionEvent { action=ACTION_MOVE, actionButton=0, id[0]=0, x[0]=600.0, y[0]=278.0, toolType[0]=TOOL_TYPE_UNKNOWN, buttonState=0, metaState=0, flags=0x0, edgeFlags=0x0, pointerCount=1, historySize=0, eventTime=460833, downTime=460833, deviceId=0, source=0x1002 }
07-29 15:59:45.059 10795 10795 I Input   : injectMotionEvent: MotionEvent { action=ACTION_MOVE, actionButton=0, id[0]=0, x[0]=600.0, y[0]=278.0, toolType[0]=TOOL_TYPE_UNKNOWN, buttonState=0, metaState=0, flags=0x0, edgeFlags=0x0, pointerCount=1, historySize=0, eventTime=460850, downTime=460850, deviceId=0, source=0x1002 }
07-29 15:59:45.076 10795 10795 I Input   : injectMotionEvent: MotionEvent { action=ACTION_MOVE, actionButton=0, id[0]=0, x[0]=600.0, y[0]=278.0, toolType[0]=TOOL_TYPE_UNKNOWN, buttonState=0, metaState=0, flags=0x0, edgeFlags=0x0, pointerCount=1, historySize=0, eventTime=460867, downTime=460867, deviceId=0, source=0x1002 }
07-29 15:59:45.093 10795 10795 I Input   : injectMotionEvent: MotionEvent { action=ACTION_MOVE, actionButton=0, id[0]=0, x[0]=600.0, y[0]=278.0, toolType[0]=TOOL_TYPE_UNKNOWN, buttonState=0, metaState=0, flags=0x0, edgeFlags=0x0, pointerCount=1, historySize=0, eventTime=460883, downTime=460883, deviceId=0, source=0x1002 }
07-29 15:59:45.111 10795 10795 I Input   : injectMotionEvent: MotionEvent { action=ACTION_MOVE, actionButton=0, id[0]=0, x[0]=600.0, y[0]=278.0, toolType[0]=TOOL_TYPE_UNKNOWN, buttonState=0, metaState=0, flags=0x0, edgeFlags=0x0, pointerCount=1, historySize=0, eventTime=460902, downTime=460902, deviceId=0, source=0x1002 }
07-29 15:59:45.127 10795 10795 I Input   : injectMotionEvent: MotionEvent { action=ACTION_MOVE, actionButton=0, id[0]=0, x[0]=600.0, y[0]=278.0, toolType[0]=TOOL_TYPE_UNKNOWN, buttonState=0, metaState=0, flags=0x0, edgeFlags=0x0, pointerCount=1, historySize=0, eventTime=460917, downTime=460917, deviceId=0, source=0x1002 }
07-29 15:59:45.143 10795 10795 I Input   : injectMotionEvent: MotionEvent { action=ACTION_MOVE, actionButton=0, id[0]=0, x[0]=600.0, y[0]=278.0, toolType[0]=TOOL_TYPE_UNKNOWN, buttonState=0, metaState=0, flags=0x0, edgeFlags=0x0, pointerCount=1, historySize=0, eventTime=460933, downTime=460933, deviceId=0, source=0x1002 }
07-29 15:59:45.159 10795 10795 I Input   : injectMotionEvent: MotionEvent { action=ACTION_MOVE, actionButton=0, id[0]=0, x[0]=600.0, y[0]=278.0, toolType[0]=TOOL_TYPE_UNKNOWN, buttonState=0, metaState=0, flags=0x0, edgeFlags=0x0, pointerCount=1, historySize=0, eventTime=460950, downTime=460950, deviceId=0, source=0x1002 }
07-29 15:59:45.176 10795 10795 I Input   : injectMotionEvent: MotionEvent { action=ACTION_MOVE, actionButton=0, id[0]=0, x[0]=600.0, y[0]=278.0, toolType[0]=TOOL_TYPE_UNKNOWN, buttonState=0, metaState=0, flags=0x0, edgeFlags=0x0, pointerCount=1, historySize=0, e