07-29 15:55:43.861  5485  5485 I Input   : injectMotionEvent: MotionEvent { action=ACTION_MOVE, actionButton=0, id[0]=0, x[0]=600.0, y[0]=264.0, toolType[0]=TOOL_TYPE_UNKNOWN, buttonState=0, metaState=0, flags=0x0, edgeFlags=0x0, pointerCount=1, historySize=0, eventTime=219652, downTime=219652, deviceId=0, source=0x1002 }
07-29 15:55:43.877  5485  5485 I Input   : injectMotionEvent: MotionEvent { action=ACTION_MOVE, actionButton=0, id[0]=0, x[0]=600.0, y[0]=264.0, toolType[0]=TOOL_TYPE_UNKNOWN, buttonState=0, metaState=0, flags=0x0, edgeFlags=0x0, pointerCount=1, historySize=0, eventTime=219667, downTime=219667, deviceId=0, source=0x1002 }
07-29 15:55:43.895  5485  5485 I Input   : injectMotionEvent: MotionEvent { action=ACTION_MOVE, actionButton=0, id[0]=0, x[0]=600.0, y[0]=264.0, toolType[0]=TOOL_TYPE_UNKNOWN, buttonState=0, metaState=0, flags=0x0, edgeFlags=0x0, pointerCount=1, historySize=0, eventTime=219685, downTime=219685, deviceId=0, source=0x1002 }
07-29 15:55:43.910  5485  5485 I Input   : injectMotionEvent: MotionEvent { action=ACTION_MOVE, actionButton=0, id[0]=0, x[0]=600.0, y[0]=264.0, toolType[0]=TOOL_TYPE_UNKNOWN, buttonState=0, metaState=0, flags=0x0, edgeFlags=0x0, pointerCount=1, historySize=0, eventTime=219701, downTime=219701, deviceId=0, source=0x1002 }
07-29 15:55:43.927  5485  5485 I Input   : injectMotionEvent: MotionEvent { action=ACTION_MOVE, actionButton=0, id[0]=0, x[0]=600.0, y[0]=264.0, toolType[0]=TOOL_TYPE_UNKNOWN, buttonState=0, metaState=0, flags=0x0, edgeFlags=0x0, pointerCount=1, historySize=0, eventTime=219718, downTime=219718, deviceId=0, source=0x1002 }
07-29 15:55:43.943  5485  5485 I Input   : injectMotionEvent: MotionEvent { action=ACTION_MOVE, actionButton=0, id[0]=0, x[0]=600.0, y[0]=264.0, toolType[0]=TOOL_TYPE_UNKNOWN, buttonState=0, metaState=0, flags=0x0, edgeFlags=0x0, pointerCount=1, historySize=0, eventTime=219734, downTime=219734, deviceId=0, source=0x1002 }
07-29 15:55:43.960  5485  5485 I Input   : injectMotionEvent: MotionEvent { action=ACTION_MOVE, actionButton=0, id[0]=0, x[0]=600.0, y[0]=264.0, toolType[0]=TOOL_TYPE_UNKNOWN, buttonState=0, metaState=0, flags=0x0, edgeFlags=0x0, pointerCount=1, historySize=0, eventTime=219750, downTime=219750, deviceId=0, source=0x1002 }
07-29 15:55:43.977  5485  5485 I Input   : injectMotionEvent: MotionEvent { action=ACTION_MOVE, actionButton=0, id[0]=0, x[0]=600.0, y[0]=264.0, toolType[0]=TOOL_TYPE_UNKNOWN, buttonState=0, metaState=0, flags=0x0, edgeFlags=0x0, pointerCount=1, historySize=0, eventTime=219768, downTime=219768, deviceId=0, source=0x1002 }
07-29 15:55:43.993  5485  5485 I Input   : injectMotionEvent: MotionEvent { action=ACTION_MOVE, actionButton=0, id[0]=0, x[0]=600.0, y[0]=264.0, toolType[0]=TOOL_TYPE_UNKNOWN, buttonState=0, metaState=0, flags=0x0, edgeFlags=0x0, pointerCount=1, historySize=0, eventTime=219784, downTime=219784, deviceId=0, source=0x1002 }
07-29 15:55:44.011  5485  5485 I Input   : injectMotionEvent: MotionEvent { action=ACTION_MOVE, actionButton=0, id[0]=0, x[0]=600.0, y[0]=264.0, toolType[0]=TOOL_TYPE_UNKNOWN, buttonState=0, metaState=0, flags=0x0, edgeFlags=0x0, pointerCount=1, historySize=0, eventTime=219802, downTime=219802, deviceId=0, source=0x1002 }
07-29 15:55:44.026  5485  5485 I Input   : injectMotionEvent: MotionEvent { action=ACTION_MOVE, actionButton=0, id[0]=0, x[0]=600.0, y[0]=264.0, toolType[0]=TOOL_TYPE_UNKNOWN, buttonState=0, metaState=0, flags=0x0, edgeFlags=0x0, pointerCount=1, historySize=0, eventTime=219817, downTime=219817, deviceId=0, source=0x1002 }
07-29 15:55:44.043  5485  5485 I Input   : injectMotionEvent: MotionEvent { action=ACTION_MOVE, actionButton=0, id[0]=0, x[0]=600.0, y[0]=264.0, toolType[0]=TOOL_TYPE_UNKNOWN, buttonState=0, metaState=0, flags=0x0, edgeFlags=0x0, pointerCount=1, historySize=0, eventTime=219834, downTime=219834, deviceId=0, source=0x1002 }
07-29 15:55:44.061  5485  5485 I Input   : injectMotionEvent: MotionEvent { action=ACTION_MOVE, actionButton=0, id[0]=0, x[0]=600.0, y[0]=264.0, toolType[0]=TOOL_TYPE_UNKNOWN, buttonState=0, metaState=0, flags=0x0, edgeFlags=0x0, pointerCount=1, historySize=0, eventTime=219851, downTime=219851, deviceId=0, source=0x1002 }
07-29 15:55:44.076  5485  5485 I Input   : injectMotionEvent: MotionEvent { action=ACTION_MOVE, actionButton=0, id[0]=0, x[0]=600.0, y[0]=264.0, toolType[0]=TOOL_TYPE_UNKNOWN, buttonState=0, metaState=0, flags=0x0, edgeFlags=0x0, pointerCount=1, historySize=0, eventTime=219867, downTime=219867, deviceId=0, source=0x1002 }
07-29 15:55:44.094  5485  5485 I Input   : injectMotionEvent: MotionEvent { action=ACTION_MOVE, actionButton=0, id[0]=0, x[0]=600.0, y[0]=264.0, toolType[0]=TOOL_TYPE_UNKNOWN, buttonState=0, metaState=0, flags=0x0, edgeFlags=0x0, pointerCount=1, historySize=0, eventTime=219885, downTime=219885, deviceId=0, source=0x1002 }
07-29 15:55:44.111  5485  5485 I Input   : injectMotionEvent: MotionEvent { action=ACTION_MOVE, actionButton=0, id[0]=0, x[0]=600.0, y[0]=264.0, toolType[0]=TOOL_TYPE_UNKNOWN, buttonState=0, metaState=0, flags=0x0, edgeFlags=0x0, pointerCount=1, historySize=0, eventTime=219901, downTime=219901, deviceId=0, source=0x1002 }
07-29 15:55:44.126  5485  5485 I Input   : injectMotionEvent: MotionEvent { action=ACTION_MOVE, actionButton=0, id[0]=0, x[0]=600.0, y[0]=264.0, toolType[0]=TOOL_TYPE_UNKNOWN, buttonState=0, metaState=0, flags=0x0, edgeFlags=0x0, pointerCount=1, historySize=0, eventTime=219917, downTime=219917, deviceId=0, source=0x1002 }
07-29 15:55:44.143  5485  5485 I Input   : injectMotionEvent: MotionEvent { action=ACTION_MOVE, actionButton=0, id[0]=0, x[0]=600.0, y[0]=264.0, toolType[0]=TOOL_TYPE_UNKNOWN, buttonState=0, metaState=0, flags=0x0, edgeFlags=0x0, pointerCount=1, historySize=0, eventTime=219934, downTime=219934, deviceId=0, source=0x1002 }
07-29 15:55:44.159  5485  5485 I Input   : injectMotionEvent: MotionEvent { action=ACTION_MOVE, actionButton=0, id[0]=0, x[0]=600.0, y[0]=264.0, toolType[0]=TOOL_TYPE_UNKNOWN, buttonState=0, metaState=0, flags=0x0, edgeFlags=0x0, pointerCount=1, historySize=0, eventTime=219950, downTime=219950, deviceId=0, source=0x1002 }
07-29 15:55:44.176  5485  5485 I Input   : injectMotionEvent: MotionEvent { action=ACTION_MOVE, actionButton=0, id[0]=0, x[0]=600.0, y[0]=264.0, toolType[0]=TOOL_TYPE_UNKNOWN, buttonState=0, metaState=0, flags=0x0, edgeFlags=0x0, pointerCount=1, historySize=0, eventTime=219967, downTime=219967, deviceId=0, source=0x1002 }
07-29 15:55:44.194  5485  5485 I Input   : injectMotionEvent: MotionEvent { action=ACTION_MOVE, actionButton=0, id[0]=0, x[0]=600.0, y[0]=264.0, toolType[0]=TOOL_TYPE_UNKNOWN, buttonState=0, metaState=0, flags=0x0, edgeFlags=0x0, pointerCount=1, historySize=0, eventTime=219985, downTime=219985, deviceId=0, source=0x1002 }
07-29 15:55:44.210  5485  5485 I Input   : injectMotionEvent: MotionEvent { action=ACTION_MOVE, actionButton=0, id[0]=0, x[0]=600.0, y[0]=264.0, toolType[0]=TOOL_TYPE_UNKNOWN, buttonState=0, metaState=0, flags=0x0, edgeFlags=0x0, pointerCount=1, historySize=0, eventTime=220001, downTime=220001, deviceId=0, source=0x1002 }
07-29 15:55:44.226  5485  5485 I Input   : injectMotionEvent: MotionEvent { action=ACTION_MOVE, actionButton=0, id[0]=0, x[0]=600.0, y[0]=264.0, toolType[0]=TOOL_TYPE_UNKNOWN, buttonState=0, metaState=0, flags=0x0, edgeFlags=0x0, pointerCount=1, historySize=0, eventTime=220017, downTime=220017, deviceId=0, source=0x1002 }
07-29 15:55:44.247  5485  5485 I Input   : injectMotionEvent: MotionEvent { action=ACTION_MOVE, actionButton=0, id[0]=0, x[0]=600.0, y[0]=264.0, toolType[0]=TOOL_TYPE_UNKNOWN, buttonState=0, metaState=0, flags=0x0, edgeFlags=0x0, pointerCount=1, historySize=0, eventTime=220038, downTime=220038, deviceId=0, source=0x1002 }
07-29 15:55:44.261  5485  5485 I Input   : injectMotionEvent: MotionEvent { action=ACTION_MOVE, actionButton=0, id[0]=0, x[0]=600.0, y[0]=264.0, toolType[0]=TOOL_TYPE_UNKNOWN, buttonState=0, metaState=0, flags=0x0, edgeFlags=0x0, pointerCount=1, historySize=0, eventTime=220052, downTime=220052, deviceId=0, source=0x1002 }
07-29 15:55:44.276  5485  5485 I Input   : injectMotionEvent: MotionEvent { action=ACTION_MOVE, actionButton=0, id[0]=0, x[0]=600.0, y[0]=264.0, toolType[0]=TOOL_TYPE_UNKNOWN, buttonState=0, metaState=0, flags=0x0, edgeFlags=0x0, pointerCount=1, historySize=0, eventTime=220067, downTime=220067, deviceId=0, source=0x1002 }
07-29 15:55:44.293  5485  5485 I Input   : injectMotionEvent: MotionEvent { action=ACTION_MOVE, actionButton=0, id[0]=0, x[0]=600.0, y[0]=264.0, toolType[0]=TOOL_TYPE_UNKNOWN, buttonState=0, metaState=0, flags=0x0, edgeFlags=0x0, pointerCount=1, historySize=0, eventTime=220084, downTime=220084, deviceId=0, source=0x1002 }
07-29 15:55:44.311  5485  5485 I Input   : injectMotionEvent: MotionEvent { action=ACTION_MOVE, actionButton=0, id[0]=0, x[0]=600.0, y[0]=264.0, toolType[0]=TOOL_TYPE_UNKNOWN, buttonState=0, metaState=0, flags=0x0, edgeFlags=0x0, pointerCount=1, historySize=0, eventTime=220102, downTime=220102, deviceId=0, source=0x1002 }
07-29 15:55:44.327  5485  5485 I Input   : injectMotionEvent: MotionEvent { action=ACTION_MOVE, actionButton=0, id[0]=0, x[0]=600.0, y[0]=264.0, toolType[0]=TOOL_TYPE_UNKNOWN, buttonState=0, metaState=0, flags=0x0, edgeFlags=0x0, pointerCount=1, historySize=0, eventTime=220118, downTime=220118, deviceId=0, source=0x1002 }
07-29 15:55:44.343  5485  5485 I Input   : injectMotionEvent: MotionEvent { action=ACTION_MOVE, actionButton=0, id[0]=0, x[0]=600.0, y[0]=264.0, toolType[0]=TOOL_TYPE_UNKNOWN, buttonState=0, metaState=0, flags=0x0, edgeFlags=0x0, pointerCount=1, historySize=0, eventTime=220134, downTime=220134, deviceId=0, source=0x1002 }
07-29 15:55:44.361  5485  5485 I Input   : injectMotionEvent: MotionEvent { action=ACTION_MOVE, actionButton=0, id[0]=0, x[0]=600.0, y[0]=264.0, toolType[0]=TOOL_TYPE_UNKNOWN, buttonState=0, metaState=0, flags=0x0, edgeFlags=0x0, pointerCount=1, historySize=0, eventTime=220152, downTime=220152, deviceId=0, source=0x1002 }
07-29 15:55:44.376  5485  5485 I Input   : injectMotionEvent: MotionEvent { action=ACTION_MOVE, actionButton=0, id[0]=0, x[0]=600.0, y[0]=264.0, toolType[0]=TOOL_TYPE_UNKNOWN, buttonState=0, metaState=0, flags=0x0, edgeFlags=0x0, pointerCount=1, historySize=0, eventTime=220167, downTime=220167, deviceId=0, source=0x1002 }
07-29 15:55:44.394  5485  5485 I Input   : injectMotionEvent: MotionEvent { action=ACTION_MOVE, actionButton=0, id[0]=0, x[0]=600.0, y[0]=264.0, toolType[0]=TOOL_TYPE_UNKNOWN, buttonState=0, metaState=0, flags=0x0, edgeFlags=0x0, pointerCount=1, historySize=0, eventTime=220185, downTime=220185, deviceId=0, source=0x1002 }
07-29 15:55:44.411  5485  5485 I Input   : injectMotionEvent: MotionEvent { action=ACTION_MOVE, actionButton=0, id[0]=0, x[0]=600.0, y[0]=264.0, toolType[0]=TOOL_TYPE_UNKNOWN, buttonState=0, metaState=0, flags=0x0, edgeFlags=0x0, pointerCount=1, historySize=0, eventTime=220201, downTime=220201, deviceId=0, source=0x1002 }
07-29 15:55:44.427  5485  5485 I Input   : injectMotionEvent: MotionEvent { action=ACTION_MOVE, actionButton=0, id[0]=0, x[0]=600.0, y[0]=264.0, toolType[0]=TOOL_TYPE_UNKNOWN, buttonState=0, metaState=0, flags=0x0, edgeFlags=0x0, pointerCount=1, historySize=0, eventTime=220218, downTime=220218, deviceId=0, source=0x1002 }
07-29 15:55:44.447  5485  5485 I Input   : injectMotionEvent: MotionEvent { action=ACTION_MOVE, actionButton=0, id[0]=0, x[0]=600.0, y[0]=264.0, toolType[0]=TOOL_TYPE_UNKNOWN, buttonState=0, metaState=0, flags=0x0, edgeFlags=0x0, pointerCount=1, historySize=0, eventTime=220238, downTime=220238, deviceId=0, source=0x1002 }
07-29 15:55:44.460  5485  5485 I Input   : injectMotionEvent: MotionEvent { action=ACTION_MOVE, actionButton=0, id[0]=0, x[0]=600.0, y[0]=264.0, toolType[0]=TOOL_TYPE_UNKNOWN, buttonState=0, metaState=0, flags=0x0, edgeFlags=0x0, pointerCount=1, historySize=0, eventTime=220251, downTime=220251, deviceId=0, source=0x1002 }
07-29 15:55:44.476  5485  5485 I Input   : injectMotionEvent: MotionEvent { action=ACTION_MOVE, actionButton=0, id[0]=0, x[0]=600.0, y[0]=264.0, toolType[0]=TOOL_TYPE_UNKNOWN, buttonState=0, metaState=0, flags=0x0, edgeFlags=0x0, pointerCount=1, historySize=0, eventTime=220267, downTime=220267, deviceId=0, source=0x1002 }
07-29 15:55:44.493  5485  5485 I Input   : injectMotionEvent: MotionEvent { action=ACTION_MOVE, actionButton=0, id[0]=0, x[0]=600.0, y[0]=264.0, toolType[0]=TOOL_TYPE_UNKNOWN, buttonState=0, metaState=0, flags=0x0, edgeFlags=0x0, pointerCount=1, historySize=0, eventTime=220284, downTime=220284, deviceId=0, source=0x1002 }
07-29 15:55:44.511  5485  5485 I Input   : injectMotionEvent: MotionEvent { action=ACTION_MOVE, actionButton=0, id[0]=0, x[0]=600.0, y[0]=264.0, toolType[0]=TOOL_TYPE_UNKNOWN, buttonState=0, metaState=0, flags=0x0, edgeFlags=0x0, pointerCount=1, historySize=0, eventTime=220301, downTime=220301, deviceId=0, source=0x1002 }
07-29 15:55:44.526  5485  5485 I Input   : injectMotionEvent: MotionEvent { action=ACTION_MOVE, actionButton=0, id[0]=0, x[0]=600.0, y[0]=264.0, toolType[0]=TOOL_TYPE_UNKNOWN, buttonState=0, metaState=0, flags=0x0, edgeFlags=0x0, pointerCount=1, historySize=0, eventTime=220317, downTime=220317, deviceId=0, source=0x1002 }
07-29 15:55:44.543  5485  5485 I Input   : injectMotionEvent: MotionEvent { action=ACTION_MOVE, actionButton=0, id[0]=0, x[0]=600.0, y[0]=264.0, toolType[0]=TOOL_TYPE_UNKNOWN, buttonState=0, metaState=0, flags=0x0, edgeFlags=0x0, pointerCount=1, historySize=0, eventTime=220334, downTime=220334, deviceId=0, source=0x1002 }
07-29 15:55:44.560  5485  5485 I Input   : injectMotionEvent: MotionEvent { action=ACTION_MOVE, actionButton=0, id[0]=0, x[0]=600.0, y[0]=264.0, toolType[0]=TOOL_TYPE_UNKNOWN, buttonState=0, metaState=0, flags=0x0, edgeFlags=0x0, pointerCount=1, historySize=0, eventTime=220351, downTime=220351, deviceId=0, source=0x1002 }
07-29 15:55:44.578  5485  5485 I Input   : injectMotionEvent: MotionEvent { action=ACTION_MOVE, actionButton=0, id[0]=0, x[0]=600.0, y[0]=264.0, toolType[0]=TOOL_TYPE_UNKNOWN, buttonState=0, metaState=0, flags=0x0, edgeFlags=0x0, pointerCount=1, historySize=0, eventTime=220369, downTime=220369, deviceId=0, source=0x1002 }
07-29 15:55:44.593  5485  5485 I Input   : injectMotionEvent: MotionEvent { action=ACTION_MOVE, actionButton=0, id[0]=0, x[0]=600.0, y[0]=264.0, toolType[0]=TOOL_TYPE_UNKNOWN, buttonState=0, metaState=0, flags=0x0, edgeFlags=0x0, pointerCount=1, historySize=0, eventTime=220384, downTime=220384, deviceId=0, source=0x1002 }
07-29 15:55:44.611  5485  5485 I Input   : injectMotionEvent: MotionEvent { action=ACTION_MOVE, actionButton=0, id[0]=0, x[0]=600.0, y[0]=264.0, toolType[0]=TOOL_TYPE_UNKNOWN, buttonState=0, metaState=0, flags=0x0, edgeFlags=0x0, pointerCount=1, historySize=0, eventTime=220402, downTime=220402, deviceId=0, source=0x1002 }
07-29 15:55:44.626  5485  5485 I Input   : injectMotionEvent: MotionEvent { action=ACTION_MOVE, actionButton=0, id[0]=0, x[0]=600.0, y[0]=264.0, toolType[0]=TOOL_TYPE_UNKNOWN, buttonState=0, metaState=0, flags=0x0, edgeFlags=0x0, pointerCount=1, historySize=0, eventTime=220417, downTime=220417, deviceId=0, source=0x1002 }
07-29 15:55:44.650  5485  5485 I Input   : injectMotionEvent: MotionEvent { action=ACTION_MOVE, actionButton=0, id[0]=0, x[0]=600.0, y[0]=264.0, toolType[0]=TOOL_TYPE_UNKNOWN, buttonState=0, metaState=0, flags=0x0, edgeFlags=0x0, pointerCount=1, historySize=0, eventTime=220441, downTime=220441, deviceId=0, source=0x1002 }
07-29 15:55:44.661  5485  5485 I Input   : injectMotionEvent: MotionEvent { action=ACTION_MOVE, actionButton=0, id[0]=0, x[0]=600.0, y[0]=264.0, toolType[0]=TOOL_TYPE_UNKNOWN, buttonState=0, metaState=0, flags=0x0, edgeFlags=0x0, pointerCount=1, historySize=0, eventTime=220451, downTime=220451, deviceId=0, source=0x1002 }
07-29 15:55:44.676  5485  5485 I Input   : injectMotionEvent: MotionEvent { action=ACTION_MOVE, actionButton=0, id[0]=0, x[0]=600.0, y[0]=264.0, toolType[0]=TOOL_TYPE_UNKNOWN, buttonState=0, metaState=0, flags=0x0, edgeFlags=0x0, pointerCount=1, historySize=0, eventTime=220467, downTime=220467, deviceId=0, source=0x1002 }
07-29 15:55:44.693  5485  5485 I Input   : injectMotionEvent: MotionEvent { action=ACTION_MOVE, actionButton=0, id[0]=0, x[0]=600.0, y[0]=264.0, toolType[0]=TOOL_TYPE_UNKNOWN, buttonState=0, metaState=0, flags=0x0, edgeFlags=0x0, pointerCount=1, historySize=0, eventTime=220484, downTime=220484, deviceId=0, source=0x1002 }
07-29 15:55:44.711  5485  5485 I Input   : injectMotionEvent: MotionEvent { action=ACTION_MOVE, actionButton=0, id[0]=0, x[0]=600.0, y[0]=264.0, toolType[0]=TOOL_TYPE_UNKNOWN, buttonState=0, metaState=0, flags=0x0, edgeFlags=0x0, pointerCount=1, historySize=0, eventTime=220501, downTime=220501, deviceId=0, source=0x1002 }
07-29 15:55:44.726  5485  5485 I Input   : injectMotionEvent: MotionEvent { action=ACTION_MOVE, actionButton=0, id[0]=0, x[0]=600.0, y[0]=264.0, toolType[0]=TOOL_TYPE_UNKNOWN, buttonState=0, metaState=0, flags=0x0, edgeFlags=0x0, pointerCount=1, historySize=0, eventTime=220517, downTime=220517, deviceId=0, source=0x1002 }
07-29 15:55:44.747  5485  5485 I Input   : injectMotionEvent: MotionEvent { action=ACTION_MOVE, actionButton=0, id[0]=0, x[0]=600.0, y[0]=264.0, toolType[0]=TOOL_TYPE_UNKNOWN, buttonState=0, metaState=0, flags=0x0, edgeFlags=0x0, pointerCount=1, historySize=0, eventTime=220538, downTime=220538, deviceId=0, source=0x1002 }
07-29 15:55:44.761  5485  5485 I Input   : injectMotionEvent: MotionEvent { action=ACTION_MOVE, actionButton=0, id[0]=0, x[0]=600.0, y[0]=264.0, toolType[0]=TOOL_TYPE_UNKNOWN, buttonState=0, metaState=0, flags=0x0, edgeFlags=0x0, pointerCount=1, historySize=0, eventTime=220552, downTime=220552, deviceId=0, source=0x1002 }
07-29 15:55:44.776  5485  5485 I Input   : injectMotionEvent: MotionEvent { action=ACTION_MOVE, actionButton=0, id[0]=0, x[0]=600.0, y[0]=264.0, toolType[0]=TOOL_TYPE_UNKNOWN, buttonState=0, metaState=0, flags=0x0, edgeFlags=0x0, pointerCount=1, historySize=0, eventTime=220567, downTime=220567, deviceId=0, source=0x1002 }
07-29 15:55:44.794  5485  5485 I Input   : injectMotionEvent: MotionEvent { action=ACTION_MOVE, actionButton=0, id[0]=0, x[0]=600.0, y[0]=264.0, toolType[0]=TOOL_TYPE_UNKNOWN, buttonState=0, metaState=0, flags=0x0, edgeFlags=0x0, pointerCount=1, historySize=0, eventTime=220585, downTime=220585, deviceId=0, source=0x1002 }
07-29 15:55:44.810  5485  5485 I Input   : injectMotionEvent: MotionEvent { action=ACTION_MOVE, actionButton=0, id[0]=0, x[0]=600.0, y[0]=264.0, toolType[0]=TOOL_TYPE_UNKNOWN, buttonState=0, metaState=0, flags=0x0, edgeFlags=0x0, pointerCount=1, historySize=0, eventTime=220600, downTime=220600, deviceId=0, source=0x1002 }
07-29 15:55:44.827  5485  5485 I Input   : injectMotionEvent: MotionEvent { action=ACTION_MOVE, actionButton=0, id[0]=0, x[0]=600.0, y[0]=264.0, toolType[0]=TOOL_TYPE_UNKNOWN, buttonState=0, metaState=0, flags=0x0, edgeFlags=0x0, pointerCount=1, historySize=0, eventTime=220618, downTime=220618, deviceId=0, source=0x1002 }
07-29 15:55:44.843  5485  5485 I Input   : injectMotionEvent: MotionEvent { action=ACTION_MOVE, actionButton=0, id[0]=0, x[0]=600.0, y[0]=264.0, toolType[0]=TOOL_TYPE_UNKNOWN, buttonState=0, metaState=0, flags=0x0, edgeFlags=0x0, pointerCount=1, historySize=0, eventTime=220634, downTime=220634, deviceId=0, source=0x1002 }
07-29 15:55:44.861  5485  5485 I Input   : injectMotionEvent: MotionEvent { action=ACTION_UP, actionButton=0, id[0]=0, x[0]=600.0, y[0]=264.0, toolType[0]=TOOL_TYPE_UNKNOWN, buttonState=0, metaState=0, flags=0x0, edgeFlags=0x0, pointerCount=1, historySize=0, eventTime=220652, downTime=220652, deviceId=0, source=0x1002 }
07-29 15:55:44.862  5485  5485 D AndroidRuntime: Shutting down VM
07-29 15:55:46.875  1633  1647 E Surface : getSlotFromBufferLocked: unknown buffer: 0xe16b4150
07-29 15:55:49.226  5825  5825 D AndroidRuntime: >>>>>> START com.android.internal.os.RuntimeInit uid 0 <<<<<<
07-29 15:55:49.228  5825  5825 D AndroidRuntime: CheckJNI is OFF
07-29 15:55:49.240  5825  5825 D ICU     : No timezone override file found: /data/misc/zoneinfo/current/icu/icu_tzdata.dat
07-29 15:55:49.254  5825  5825 E memtrack: Couldn't load memtrack module (No such file or directory)
07-29 15:55:49.254  5825  5825 E android.os.Debug: failed to load memtrack module: -2
07-29 15:55:49.255  5825  5825 I Radio-JNI: register_android_hardware_Radio DONE
07-29 15:55:49.261  5825  5825 D AndroidRuntime: Calling main entry com.android.commands.uiautomator.Launcher
07-29 15:55:50.284  5825  5825 I AccessibilityNodeInfoDumper: Skipping invisible child: android.view.accessibility.AccessibilityNodeInfo@80010cc7; boundsInParent: Rect(0, 0 - 0, 112); boundsInScreen: Rect(1200, 48 - 1200, 160); packageName: uk.co.yahoo.p1rpp.calendartrigger; className: android.widget.LinearLayout; text: null; error: null; maxTextLength: -1; contentDescription: null; viewIdResName: null; checkable: false; checked: false; focusable: false; focused: false; selected: false; clickable: false; longClickable: false; contextClickable: false; enabled: true; password: false; scrollable: false; actions: [AccessibilityAction: ACTION_SELECT - null, AccessibilityAction: ACTION_CLEAR_SELECTION - null, AccessibilityAction: ACTION_ACCESSIBILITY_FOCUS - null, AccessibilityAction: ACTION_UNKNOWN - null]
07-29 15:55:50.285  5825  5825 W AccessibilityNodeInfoDumper: Fetch time: 7ms
07-29 15:55:50.286   599   854 W WindowManager: Attempted to remove non-existing token: android.os.Binder@7726716
07-29 15:55:50.288  5825  5825 D AndroidRuntime: Shutting down VM
07-29 15:55:51.358  5848  5848 D AndroidRuntime: >>>>>> START com.android.internal.os.RuntimeInit uid 0 <<<<<<
07-29 15:55:51.360  5848  5848 D AndroidRuntime: CheckJNI is OFF
07-29 15:55:51.372  5848  5848 D ICU     : No timezone override file found: /data/misc/zoneinfo/current/icu/icu_tzdata.dat
07-29 15:55:51.388  5848  5848 E memtrack: Couldn't load memtrack module (No such file or directory)
07-29 15:55:51.389  5848  5848 E android.os.Debug: failed to load memtrack module: -2
07-29 15:55:51.390  5848  5848 I Radio-JNI: register_android_hardware_Radio DONE
07-29 15:55:51.400  5848  5848 D AndroidRuntime: Calling main entry com.android.commands.uiautomator.Launcher
07-29 15:55:52.421  5848  5848 I AccessibilityNodeInfoDumper: Skipping invisible child: android.view.accessibility.AccessibilityNodeInfo@80010cd2; boundsInParent: Rect(0, 0 - 0, 112); boundsInScreen: Rect(1200, 48 - 1200, 160); packageName: uk.co.yahoo.p1rpp.calendartrigger; className: android.widget.LinearLayout; text: null; error: null; maxTextLength: -1; contentDescription: null; viewIdResName: null; checkable: false; checked: false; focusable: false; focused: false; selected: false; clickable: false; longClickable: false; contextClickable: false; enabled: true; password: false; scrollable: false; actions: [AccessibilityAction: ACTION_SELECT - null, AccessibilityAction: ACTION_CLEAR_SELECTION - null, AccessibilityAction: ACTION_ACCESSIBILITY_FOCUS - null, AccessibilityAction: ACTION_UNKNOWN - null]
07-29 15:55:52.422  5848  5848 W AccessibilityNodeInfoDumper: Fetch time: 7ms
07-29 15:55:52.423   599  1015 W WindowManager: Attempted to remove non-existing token: android.os.Binder@822c897
07-29 15:55:52.427  5848  5848 D AndroidRuntime: Shutting down VM
07-29 15:55:52.857  5866  5866 D AndroidRuntime: >>>>>> START com.android.internal.os.RuntimeInit uid 0 <<<<<<
07-29 15:55:52.859  5866  5866 D AndroidRuntime: CheckJNI is OFF
07-29 15:55:52.869  5866  5866 D ICU     : No timezone override file found: /data/misc/zoneinfo/current/icu/icu_tzdata.dat
07-29 15:55:52.883  5866  5866 E memtrack: Couldn't load memtrack module (No such file or directory)
07-29 15:55:52.883  5866  5866 E android.os.Debug: failed to load memtrack module: -2
07-29 15:55:52.883  5866  5866 I Radio-JNI: register_android_hardware_Radio DONE
07-29 15:55:52.891  5866  5866 D AndroidRuntime: Calling main entry com.android.commands.uiautomator.Launcher
07-29 15:55:53.910  5866  5866 I AccessibilityNodeInfoDumper: Skipping invisible child: android.view.accessibility.AccessibilityNodeInfo@80010cd7; boundsInParent: Rect(0, 0 - 0, 112); boundsInScreen: Rect(1200, 48 - 1200, 160); packageName: uk.co.yahoo.p1rpp.calendartrigger; className: android.widget.LinearLayout; text: null; error: null; maxTextLength: -1; contentDescription: null; viewIdResName: null; checkable: false; checked: false; focusable: false; focused: false; selected: false; clickable: false; longClickable: false; contextClickable: false; enabled: true; password: false; scrollable: false; actions: [AccessibilityAction: ACTION_SELECT - null, AccessibilityAction: ACTION_CLEAR_SELECTION - null, AccessibilityAction: ACTION_ACCESSIBILITY_FOCUS - null, AccessibilityAction: ACTION_UNKNOWN - null]
07-29 15:55:53.912  5866  5866 W AccessibilityNodeInfoDumper: Fetch time: 7ms
07-29 15:55:53.912   599   610 W WindowManager: Attempted to remove non-existing token: android.os.Binder@bb79a84
07-29 15:55:53.915  5866  5866 D AndroidRuntime: Shutting down VM
07-29 15:55:54.916  5889  5889 D AndroidRuntime: >>>>>> START com.android.internal.os.RuntimeInit uid 0 <<<<<<
07-29 15:55:54.917  5889  5889 D AndroidRuntime: CheckJNI is OFF
07-29 15:55:54.927  5889  5889 D ICU     : No timezone override file found: /data/misc/zoneinfo/current/icu/icu_tzdata.dat
07-29 15:55:54.939  5889  5889 E memtrack: Couldn't load memtrack module (No such file or directory)
07-29 15:55:54.939  5889  5889 E android.os.Debug: failed to load memtrack module: -2
07-29 15:55:54.940  5889  5889 I Radio-JNI: register_android_hardware_Radio DONE
07-29 15:55:54.946  5889  5889 D AndroidRuntime: Calling main entry com.android.commands.uiautomator.Launcher
07-29 15:55:55.962  5889  5889 I AccessibilityNodeInfoDumper: Skipping invisible child: android.view.accessibility.AccessibilityNodeInfo@80010ce0; boundsInParent: Rect(0, 0 - 0, 112); boundsInScreen: Rect(1200, 48 - 1200, 160); packageName: uk.co.yahoo.p1rpp.calendartrigger; className: android.widget.LinearLayout; text: null; error: null; maxTextLength: -1; contentDescription: null; viewIdResName: null; checkable: false; checked: false; focusable: false; focused: false; selected: false; clickable: false; longClickable: false; contextClickable: false; enabled: true; password: false; scrollable: false; actions: [AccessibilityAction: ACTION_SELECT - null, AccessibilityAction: ACTION_CLEAR_SELECTION - null, AccessibilityAction: ACTION_ACCESSIBILITY_FOCUS - null, AccessibilityAction: ACTION_UNKNOWN - null]
07-29 15:55:55.963  5889  5889 W AccessibilityNodeInfoDumper: Fetch time: 7ms
07-29 15:55:55.963   599   610 W WindowManager: Attempted to remove non-existing token: android.os.Binder@4a5dea2
07-29 15:55:55.966  5889  5889 D AndroidRuntime: Shutting down VM
07-29 15:55:56.980  5917  5917 D AndroidRuntime: >>>>>> START com.android.internal.os.RuntimeInit uid 0 <<<<<<
07-29 15:55:56.982  5917  5917 D AndroidRuntime: CheckJNI is OFF
07-29 15:55:56.991  5917  5917 D ICU     : No timezone override file found: /data/misc/zoneinfo/current/icu/icu_tzdata.dat
07-29 15:55:57.005  5917  5917 E memtrack: Couldn't load memtrack module (No such file or directory)
07-29 15:55:57.005  5917  5917 E android.os.Debug: failed to load memtrack module: -2
07-29 15:55:57.006  5917  5917 I Radio-JNI: register_android_hardware_Radio DONE
07-29 15:55:57.014  5917  5917 D AndroidRuntime: Calling main entry com.android.commands.uiautomator.Launcher
07-29 15:55:58.034  5917  5917 I AccessibilityNodeInfoDumper: Skipping invisible child: android.view.accessibility.AccessibilityNodeInfo@80010ce9; boundsInParent: Rect(0, 0 - 0, 112); boundsInScreen: Rect(1200, 48 - 1200, 160); packageName: uk.co.yahoo.p1rpp.calendartrigger; className: android.widget.LinearLayout; text: null; error: null; maxTextLength: -1; contentDescription: null; viewIdResName: null; checkable: false; checked: false; focusable: false; focused: false; selected: false; clickable: false; longClickable: false; contextClickable: false; enabled: true; password: false; scrollable: false; actions: [AccessibilityAction: ACTION_SELECT - null, AccessibilityAction: ACTION_CLEAR_SELECTION - null, AccessibilityAction: ACTION_ACCESSIBILITY_FOCUS - null, AccessibilityAction: ACTION_UNKNOWN - null]
07-29 15:55:58.035  5917  5917 W AccessibilityNodeInfoDumper: Fetch time: 7ms
07-29 15:55:58.036   599  1015 W WindowManager: Attempted to remove non-existing token: android.os.Binder@7c15733
07-29 15:55:58.039  5917  5917 D AndroidRuntime: Shutting down VM
07-29 15:55:59.069  5944  5944 D AndroidRuntime: >>>>>> START com.android.internal.os.RuntimeInit uid 0 <<<<<<
07-29 15:55:59.071  5944  5944 D AndroidRuntime: CheckJNI is OFF
07-29 15:55:59.080  5944  5944 D ICU     : No timezone override file found: /data/misc/zoneinfo/current/icu/icu_tzdata.dat
07-29 15:55:59.093  5944  5944 E memtrack: Couldn't load memtrack module (No such file or directory)
07-29 15:55:59.093  5944  5944 E android.os.Debug: failed to load memtrack module: -2
07-29 15:55:59.093  5944  5944 I Radio-JNI: register_android_hardware_Radio DONE
07-29 15:55:59.099  5944  5944 D AndroidRuntime: Calling main entry com.android.commands.uiautomator.Launcher
07-29 15:56:00.119  5944  5944 I AccessibilityNodeInfoDumper: Skipping invisible child: android.view.accessibility.AccessibilityNodeInfo@80010cf0; boundsInParent: Rect(0, 0 - 0, 112); boundsInScreen: Rect(1200, 48 - 1200, 160); packageName: uk.co.yahoo.p1rpp.calendartrigger; className: android.widget.LinearLayout; text: null; error: null; maxTextLength: -1; contentDescription: null; viewIdResName: null; checkable: false; checked: false; focusable: false; focused: false; selected: false; clickable: false; longClickable: false; contextClickable: false; enabled: true; password: false; scrollable: false; actions: [AccessibilityAction: ACTION_SELECT - null, AccessibilityAction: ACTION_CLEAR_SELECTION - null, AccessibilityAction: ACTION_ACCESSIBILITY_FOCUS - null, AccessibilityAction: ACTION_UNKNOWN - null]
07-29 15:56:00.120  5944  5944 W AccessibilityNodeInfoDumper: Fetch time: 8ms
07-29 15:56:00.120   599   610 W WindowManager: Attempted to remove non-existing token: android.os.Binder@4e38869
07-29 15:56:00.123  5944  5944 D AndroidRuntime: Shutting down VM
07-29 15:56:00.550  5962  5962 D AndroidRuntime: >>>>>> START com.android.internal.os.RuntimeInit uid 0 <<<<<<
07-29 15:56:00.552  5962  5962 D AndroidRuntime: CheckJNI is OFF
07-29 15:56:00.559  5962  5962 D ICU     : No timezone override file found: /data/misc/zoneinfo/current/icu/icu_tzdata.dat
07-29 15:56:00.573  5962  5962 E memtrack: Couldn't load memtrack module (No such file or directory)
07-29 15:56:00.573  5962  5962 E android.os.Debug: failed to load memtrack module: -2
07-29 15:56:00.574  5962  5962 I Radio-JNI: register_android_hardware_Radio DONE
07-29 15:56:00.583  5962  5962 D AndroidRuntime: Calling main entry com.android.commands.uiautomator.Launcher
07-29 15:56:01.610  5962  5962 I AccessibilityNodeInfoDumper: Skipping invisible child: android.view.accessibility.AccessibilityNodeInfo@80010cfa; boundsInParent: Rect(0, 0 - 0, 112); boundsInScreen: Rect(1200, 48 - 1200, 160); packageName: uk.co.yahoo.p1rpp.calendartrigger; className: android.widget.LinearLayout; text: null; error: null; maxTextLength: -1; contentDescription: null; viewIdResName: null; checkable: false; checked: false; focusable: false; focused: false; selected: false; clickable: false; longClickable: false; contextClickable: false; enabled: true; password: false; scrollable: false; actions: [AccessibilityAction: ACTION_SELECT - null, AccessibilityAction: ACTION_CLEAR_SELECTION - null, AccessibilityAction: ACTION_ACCESSIBILITY_FOCUS - null, AccessibilityAction: ACTION_UNKNOWN - null]
07-29 15:56:01.610  5962  5962 W AccessibilityNodeInfoDumper: Fetch time: 6ms
07-29 15:56:01.611   599   855 W WindowManager: Attempted to remove non-existing token: android.os.Binder@2a742ee
07-29 15:56:01.614  5962  5962 D AndroidRuntime: Shutting down VM
07-29 15:56:02.662  5985  5985 D AndroidRuntime: >>>>>> START com.android.internal.os.RuntimeInit uid 0 <<<<<<
07-29 15:56:02.664  5985  5985 D AndroidRuntime: CheckJNI is OFF
07-29 15:56:02.675  5985  5985 D ICU     : No timezone override file found: /data/misc/zoneinfo/current/icu/icu_tzdata.dat
07-29 15:56:02.688  5985  5985 E memtrack: Couldn't load memtrack module (No such file or directory)
07-29 15:56:02.688  5985  5985 E android.os.Debug: failed to load memtrack module: -2
07-29 15:56:02.689  5985  5985 I Radio-JNI: register_android_hardware_Radio DONE
07-29 15:56:02.695  5985  5985 D AndroidRuntime: Calling main entry com.android.commands.uiautomator.Launcher
07-29 15:56:03.722  5985  5985 I AccessibilityNodeInfoDumper: Skipping invisible child: android.view.accessibility.AccessibilityNodeInfo@80010d01; boundsInParent: Rect(0, 0 - 0, 112); boundsInScreen: Rect(1200, 48 - 1200, 160); packageName: uk.co.yahoo.p1rpp.calendartrigger; className: android.widget.LinearLayout; text: null; error: null; maxTextLength: -1; contentDescription: null; viewIdResName: null; checkable: false; checked: false; focusable: false; focused: false; selected: false; clickable: false; longClickable: false; contextClickable: false; enabled: true; password: false; scrollable: false; actions: [AccessibilityAction: ACTION_SELECT - null, AccessibilityAction: ACTION_CLEAR_SELECTION - null, AccessibilityAction: ACTION_ACCESSIBILITY_FOCUS - null, AccessibilityAction: ACTION_UNKNOWN - null]
07-29 15:56:03.723  5985  5985 W AccessibilityNodeInfoDumper: Fetch time: 6ms
07-29 15:56:03.723   599   726 W WindowManager: Attempted to remove non-existing token: android.os.Binder@9b0338f
07-29 15:56:03.727  5985  5985 D AndroidRuntime: Shutting down VM
07-29 15:56:04.165  6003  6003 D AndroidRuntime: >>>>>> START com.android.internal.os.RuntimeInit uid 0 <<<<<<
07-29 15:56:04.166  6003  6003 D AndroidRuntime: CheckJNI is OFF
07-29 15:56:04.176  6003  6003 D ICU     : No timezone override file found: /data/misc/zoneinfo/current/icu/icu_tzdata.dat
07-29 15:56:04.195  6003  6003 E memtrack: Couldn't load memtrack module (No such file or directory)
07-29 15:56:04.195  6003  6003 E android.os.Debug: failed to load memtrack module: -2
07-29 15:56:04.196  6003  6003 I Radio-JNI: register_android_hardware_Radio DONE
07-29 15:56:04.203  6003  6003 D AndroidRuntime: Calling main entry com.android.commands.uiautomator.Launcher
07-29 15:56:05.218  6003  6003 I AccessibilityNodeInfoDumper: Skipping invisible child: android.view.accessibility.AccessibilityNodeInfo@80010d08; boundsInParent: Rect(0, 0 - 0, 112); boundsInScreen: Rect(1200, 48 - 1200, 160); packageName: uk.co.yahoo.p1rpp.calendartrigger; className: android.widget.LinearLayout; text: null; error: null; maxTextLength: -1; contentDescription: null; viewIdResName: null; checkable: false; checked: false; focusable: false; focused: false; selected: false; clickable: false; longClickable: false; contextClickable: false; enabled: true; password: false; scrollable: false; actions: [AccessibilityAction: ACTION_SELECT - null, AccessibilityAction: ACTION_CLEAR_SELECTION - null, AccessibilityAction: ACTION_ACCESSIBILITY_FOCUS - null, AccessibilityAction: ACTION_UNKNOWN - null]
07-29 15:56:05.218  6003  6003 W AccessibilityNodeInfoDumper: Fetch time: 5ms
07-29 15:56:05.218   599   726 W WindowManager: Attempted to remove non-existing token: android.os.Binder@aa34225
07-29 15:56:05.221  6003  6003 D AndroidRuntime: Shutting down VM
07-29 15:56:06.225  6026  6026 D AndroidRuntime: >>>>>> START com.android.internal.os.RuntimeInit uid 0 <<<<<<
07-29 15:56:06.227  6026  6026 D AndroidRuntime: CheckJNI is OFF
07-29 15:56:06.238  6026  6026 D ICU     : No timezone override file found: /data/misc/zoneinfo/current/icu/icu_tzdata.dat
07-29 15:56:06.250  6026  6026 E memtrack: Couldn't load memtrack module (No such file or directory)
07-29 15:56:06.250  6026  6026 E android.os.Debug: failed to load memtrack module: -2
07-29 15:56:06.251  6026  6026 I Radio-JNI: register_android_hardware_Radio DONE
07-29 15:56:06.258  6026  6026 D AndroidRuntime: Calling main entry com.android.commands.uiautomator.Launcher
07-29 15:56:07.276  6026  6026 I AccessibilityNodeInfoDumper: Skipping invisible child: android.view.accessibility.AccessibilityNodeInfo@80010d11; boundsInParent: Rect(0, 0 - 0, 112); boundsInScreen: Rect(1200, 48 - 1200, 160); packageName: uk.co.yahoo.p1rpp.calendartrigger; className: android.widget.LinearLayout; text: null; error: null; maxTextLength: -1; contentDescription: null; viewIdResName: null; checkable: false; checked: false; focusable: false; focused: false; selected: false; clickable: false; longClickable: false; contextClickable: false; enabled: true; password: false; scrollable: false; actions: [AccessibilityAction: ACTION_SELECT - null, AccessibilityAction: ACTION_CLEAR_SELECTION - null, AccessibilityAction: ACTION_ACCESSIBILITY_FOCUS - null, AccessibilityAction: ACTION_UNKNOWN - null]
07-29 15:56:07.277  6026  6026 W AccessibilityNodeInfoDumper: Fetch time: 6ms
07-29 15:56:07.278   599   610 W WindowManager: Attempted to remove non-existing token: android.os.Binder@3489ffa
07-29 15:56:07.280  6026  6026 D AndroidRuntime: Shutting down VM
07-29 15:56:07.708  6044  6044 D AndroidRuntime: >>>>>> START com.android.internal.os.RuntimeInit uid 0 <<<<<<
07-29 15:56:07.709  6044  6044 D AndroidRuntime: CheckJNI is OFF
07-29 15:56:07.719  6044  6044 D ICU     : No timezone override file found: /data/misc/zoneinfo/current/icu/icu_tzdata.dat
07-29 15:56:07.734  6044  6044 E memtrack: Couldn't load memtrack module (No such file or directory)
07-29 15:56:07.734  6044  6044 E android.os.Debug: failed to load memtrack module: -2
07-29 15:56:07.735  6044  6044 I Radio-JNI: register_android_hardware_Radio DONE
07-29 15:56:07.742  6044  6044 D AndroidRuntime: Calling main entry com.android.commands.uiautomator.Launcher
07-29 15:56:08.762  6044  6044 I AccessibilityNodeInfoDumper: Skipping invisible child: android.view.accessibility.AccessibilityNodeInfo@80010d17; boundsInParent: Rect(0, 0 - 0, 112); boundsInScreen: Rect(1200, 48 - 1200, 160); packageName: uk.co.yahoo.p1rpp.calendartrigger; className: android.widget.LinearLayout; text: null; error: null; maxTextLength: -1; contentDescription: null; viewIdResName: null; checkable: false; checked: false; focusable: false; focused: false; selected: false; clickable: false; longClickable: false; contextClickable: false; enabled: true; password: false; scrollable: false; actions: [AccessibilityAction: ACTION_SELECT - null, AccessibilityAction: ACTION_CLEAR_SELECTION - null, AccessibilityAction: ACTION_ACCESSIBILITY_FOCUS - null, AccessibilityAction: ACTION_UNKNOWN - null]
07-29 15:56:08.763  6044  6044 W AccessibilityNodeInfoDumper: Fetch time: 6ms
07-29 15:56:08.763   599   855 W WindowManager: Attempted to remove non-existing token: android.os.Binder@c0679ab
07-29 15:56:08.766  6044  6044 D AndroidRuntime: Shutting down VM
07-29 15:56:09.875  6069  6069 D AndroidRuntime: >>>>>> START com.android.internal.os.RuntimeInit uid 0 <<<<<<
07-29 15:56:09.877  6069  6069 D AndroidRuntime: CheckJNI is OFF
07-29 15:56:09.888  6069  6069 D ICU     : No timezone override file found: /data/misc/zoneinfo/current/icu/icu_tzdata.dat
07-29 15:56:09.903  6069  6069 E memtrack: Couldn't load memtrack module (No such file or directory)
07-29 15:56:09.903  6069  6069 E android.os.Debug: failed to load memtrack module: -2
07-29 15:56:09.904  6069  6069 I Radio-JNI: register_android_hardware_Radio DONE
07-29 15:56:09.912  6069  6069 D AndroidRuntime: Calling main entry com.android.commands.uiautomator.Launcher
07-29 15:56:10.932  6069  6069 I AccessibilityNodeInfoDumper: Skipping invisible child: android.view.accessibility.AccessibilityNodeInfo@80010d21; boundsInParent: Rect(0, 0 - 0, 112); boundsInScreen: Rect(1200, 48 - 1200, 160); packageName: uk.co.yahoo.p1rpp.calendartrigger; className: android.widget.LinearLayout; text: null; error: null; maxTextLength: -1; contentDescription: null; viewIdResName: null; checkable: false; checked: false; focusable: false; focused: false; selected: false; clickable: false; longClickable: false; contextClickable: false; enabled: true; password: false; scrollable: false; actions: [AccessibilityAction: ACTION_SELECT - null, AccessibilityAction: ACTION_CLEAR_SELECTION - null, AccessibilityAction: ACTION_ACCESSIBILITY_FOCUS - null, AccessibilityAction: ACTION_UNKNOWN - null]
07-29 15:56:10.934  6069  6069 W AccessibilityNodeInfoDumper: Fetch time: 8ms
07-29 15:56:10.934   599   855 W WindowManager: Attempted to remove non-existing token: android.os.Binder@d161808
07-29 15:56:10.938  6069  6069 D AndroidRuntime: Shutting down VM
07-29 15:56:11.389  6087  6087 D AndroidRuntime: >>>>>> START com.android.internal.os.RuntimeInit uid 0 <<<<<<
07-29 15:56:11.390  6087  6087 D AndroidRuntime: CheckJNI is OFF
07-29 15:56:11.402  6087  6087 D ICU     : No timezone override file found: /data/misc/zoneinfo/current/icu/icu_tzdata.dat
07-29 15:56:11.417  6087  6087 E memtrack: Couldn't load memtrack module (No such file or directory)
07-29 15:56:11.417  6087  6087 E android.os.Debug: failed to load memtrack module: -2
07-29 15:56:11.417  6087  6087 I Radio-JNI: register_android_hardware_Radio DONE
07-29 15:56:11.423  6087  6087 D AndroidRuntime: Calling main entry com.android.commands.uiautomator.Launcher
07-29 15:56:12.441  6087  6087 I AccessibilityNodeInfoDumper: Skipping invisible child: android.view.accessibility.AccessibilityNodeInfo@80010d29; boundsInParent: Rect(0, 0 - 0, 112); boundsInScreen: Rect(1200, 48 - 1200, 160); packageName: uk.co.yahoo.p1rpp.calendartrigger; className: android.widget.LinearLayout; text: null; error: null; maxTextLength: -1; contentDescription: null; viewIdResName: null; checkable: false; checked: false; focusable: false; focused: false; selected: false; clickable: false; longClickable: false; contextClickable: false; enabled: true; password: false; scrollable: false; actions: [AccessibilityAction: ACTION_SELECT - null, AccessibilityAction: ACTION_CLEAR_SELECTION - null, AccessibilityAction: ACTION_ACCESSIBILITY_FOCUS - null, AccessibilityAction: ACTION_UNKNOWN - null]
07-29 15:56:12.442  6087  6087 W AccessibilityNodeInfoDumper: Fetch time: 6ms
07-29 15:56:12.442   599   611 W WindowManager: Attempted to remove non-existing token: android.os.Binder@170c1c6
07-29 15:56:12.445  6087  6087 D AndroidRuntime: Shutting down VM
07-29 15:56:12.843  6100  6100 D AndroidRuntime: >>>>>> START com.android.internal.os.RuntimeInit uid 0 <<<<<<
07-29 15:56:12.845  6100  6100 D AndroidRuntime: CheckJNI is OFF
07-29 15:56:12.855  6100  6100 D ICU     : No timezone override file found: /data/misc/zoneinfo/current/icu/icu_tzdata.dat
07-29 15:56:12.866  6100  6100 E memtrack: Couldn't load memtrack module (No such file or directory)
07-29 15:56:12.866  6100  6100 E android.os.Debug: failed to load memtrack module: -2
07-29 15:56:12.867  6100  6100 I Radio-JNI: register_android_hardware_Radio DONE
07-29 15:56:12.873  6100  6100 D AndroidRuntime: Calling main entry com.android.commands.input.Input
07-29 15:56:12.873  6100  6100 I Input   : injectMotionEvent: MotionEvent { action=ACTION_DOWN, actionButton=0, id[0]=0, x[0]=600.0, y[0]=472.0, toolType[0]=TOOL_TYPE_UNKNOWN, buttonState=0, metaState=0, flags=0x0, edgeFlags=0x0, pointerCount=1, historySize=0, eventTime=248664, downTime=248664, deviceId=0, source=0x1002 }
07-29 15:56:12.876  6100  6100 I Input   : injectMotionEvent: MotionEvent { action=ACTION_UP, actionButton=0, id[0]=0, x[0]=600.0, y[0]=472.0, toolType[0]=TOOL_TYPE_UNKNOWN, buttonState=0, metaState=0, flags=0x0, edgeFlags=0x0, pointerCount=1, historySize=0, eventTime=248664, downTime=248664, deviceId=0, source=0x1002 }
07-29 15:56:12.877  6100  6100 D AndroidRuntime: Shutting down VM
07-29 15:56:12.897  1633  1633 D leak-699: Eastern Standard Time
07-29 15:56:12.897  1633  1633 D leak-1034: Eastern Standard Time
07-29 15:56:12.897  1633  1633 D leak-959: Eastern Standard Time
07-29 15:56:12.897  1633  1633 D leak-935: Eastern Standard Time
07-29 15:56:12.897  1633  1633 D leak-960: Eastern Standard Time
07-29 15:56:12.897  1633  1633 D leak-938: Eastern Standard Time
07-29 15:56:12.897  1633  1633 D leak-957: Eastern Standard Time
07-29 15:56:12.898  1633  1633 D leak-961: Eastern Standard Time
07-29 15:56:12.898  1633  1633 D leak-1033: Eastern Standard Time
07-29 15:56:12.956   265   659 D AudioFlinger: mixer(0xf1e00000) throttle end: throttle time(1)
07-29 15:56:12.956  1633  1633 D leak-330: Eastern Standard Time
07-29 15:56:12.957  1633  1633 D leak-327: Eastern Standard Time
07-29 15:56:12.957  1633  1633 D leak-937: Eastern Standard Time
07-29 15:56:12.957  1633  1633 D leak-935: Eastern Standard Time
07-29 15:56:12.957  1633  1633 D leak-328: Eastern Standard Time
07-29 15:56:12.957  1633  1633 D leak-939: Eastern Standard Time
07-29 15:56:12.957  1633  1633 D leak-938: Eastern Standard Time
07-29 15:56:12.984  1633  1647 W EGL_emulation: eglSurfaceAttrib not implemented
07-29 15:56:12.984  1633  1647 W OpenGLRenderer: Failed to set EGL_SWAP_BEHAVIOR on surface 0xee8ef580, error=EGL_SUCCESS
07-29 15:56:13.179  1633  1647 E Surface : getSlotFromBufferLocked: unknown buffer: 0xe16b4540
07-29 15:56:13.442   416   416 W SurfaceFlinger: couldn't log to binary event log: overflow.
07-29 15:56:17.870  6436  6436 D AndroidRuntime: >>>>>> START com.android.internal.os.RuntimeInit uid 0 <<<<<<
07-29 15:56:17.872  6436  6436 D AndroidRuntime: CheckJNI is OFF
07-29 15:56:17.881  6436  6436 D ICU     : No timezone override file found: /data/misc/zoneinfo/current/icu/icu_tzdata.dat
07-29 15:56:17.894  6436  6436 E memtrack: Couldn't load memtrack module (No such file or directory)
07-29 15:56:17.894  6436  6436 E android.os.Debug: failed to load memtrack module: -2
07-29 15:56:17.894  6436  6436 I Radio-JNI: register_android_hardware_Radio DONE
07-29 15:56:17.901  6436  6436 D AndroidRuntime: Calling main entry com.android.commands.uiautomator.Launcher
07-29 15:56:18.915  6436  6436 W AccessibilityNodeInfoDumper: Fetch time: 2ms
07-29 15:56:18.915   599   855 W WindowManager: Attempted to remove non-existing token: android.os.Binder@2cde020
07-29 15:56:18.921  6436  6436 D AndroidRuntime: Shutting down VM
07-29 15:56:19.916  6460  6460 D AndroidRuntime: >>>>>> START com.android.internal.os.RuntimeInit uid 0 <<<<<<
07-29 15:56:19.917  6460  6460 D AndroidRuntime: CheckJNI is OFF
07-29 15:56:19.926  6460  6460 D ICU     : No timezone override file found: /data/misc/zoneinfo/current/icu/icu_tzdata.dat
07-29 15:56:19.937  6460  6460 E memtrack: Couldn't load memtrack module (No such file or directory)
07-29 15:56:19.937  6460  6460 E android.os.Debug: failed to load memtrack module: -2
07-29 15:56:19.939  6460  6460 I Radio-JNI: register_android_hardware_Radio DONE
07-29 15:56:19.946  6460  6460 D AndroidRuntime: Calling main entry com.android.commands.uiautomator.Launcher
07-29 15:56:20.959  6460  6460 W AccessibilityNodeInfoDumper: Fetch time: 2ms
07-29 15:56:20.959   599   610 W WindowManager: Attempted to remove non-existing token: android.os.Binder@760439e
07-29 15:56:20.966  6460  6460 D AndroidRuntime: Shutting down VM
07-29 15:56:21.385  6478  6478 D AndroidRuntime: >>>>>> START com.android.internal.os.RuntimeInit uid 0 <<<<<<
07-29 15:56:21.386  6478  6478 D AndroidRuntime: CheckJNI is OFF
07-29 15:56:21.396  6478  6478 D ICU     : No timezone override file found: /data/misc/zoneinfo/current/icu/icu_tzdata.dat
07-29 15:56:21.409  6478  6478 E memtrack: Couldn't load memtrack module (No such file or directory)
07-29 15:56:21.409  6478  6478 E android.os.Debug: failed to load memtrack module: -2
07-29 15:56:21.410  6478  6478 I Radio-JNI: register_android_hardware_Radio DONE
07-29 15:56:21.415  6478  6478 D AndroidRuntime: Calling main entry com.android.commands.uiautomator.Launcher
07-29 15:56:22.437  6478  6478 W AccessibilityNodeInfoDumper: Fetch time: 2ms
07-29 15:56:22.438   599   854 W WindowManager: Attempted to remove non-existing token: android.os.Binder@2cb1e7f
07-29 15:56:22.445  6478  6478 D AndroidRuntime: Shutting down VM
07-29 15:56:23.436  6501  6501 D AndroidRuntime: >>>>>> START com.android.internal.os.RuntimeInit uid 0 <<<<<<
07-29 15:56:23.437  6501  6501 D AndroidRuntime: CheckJNI is OFF
07-29 15:56:23.445  6501  6501 D ICU     : No timezone override file found: /data/misc/zoneinfo/current/icu/icu_tzdata.dat
07-29 15:56:23.457  6501  6501 E memtrack: Couldn't load memtrack module (No such file or directory)
07-29 15:56:23.457  6501  6501 E android.os.Debug: failed to load memtrack module: -2
07-29 15:56:23.458  6501  6501 I Radio-JNI: register_android_hardware_Radio DONE
07-29 15:56:23.464  6501  6501 D AndroidRuntime: Calling main entry com.android.commands.uiautomator.Launcher
07-29 15:56:24.478  6501  6501 W AccessibilityNodeInfoDumper: Fetch time: 1ms
07-29 15:56:24.478   599   726 W WindowManager: Attempted to remove non-existing token: android.os.Binder@900de4c
07-29 15:56:24.486  6501  6501 D AndroidRuntime: Shutting down VM
07-29 15:56:25.536  6529  6529 D AndroidRuntime: >>>>>> START com.android.internal.os.RuntimeInit uid 0 <<<<<<
07-29 15:56:25.537  6529  6529 D AndroidRuntime: CheckJNI is OFF
07-29 15:56:25.547  6529  6529 D ICU     : No timezone override file found: /data/misc/zoneinfo/current/icu/icu_tzdata.dat
07-29 15:56:25.560  6529  6529 E memtrack: Couldn't load memtrack module (No such file or directory)
07-29 15:56:25.560  6529  6529 E android.os.Debug: failed to load memtrack module: -2
07-29 15:56:25.561  6529  6529 I Radio-JNI: register_android_hardware_Radio DONE
07-29 15:56:25.567  6529  6529 D AndroidRuntime: Calling main entry com.android.commands.uiautomator.Launcher
