07-29 15:56:26.588  6529  6529 W AccessibilityNodeInfoDumper: Fetch time: 1ms
07-29 15:56:26.588   599  1015 W WindowManager: Attempted to remove non-existing token: android.os.Binder@f08fbaa
07-29 15:56:26.598  6529  6529 D AndroidRuntime: Shutting down VM
07-29 15:56:27.597  6555  6555 D AndroidRuntime: >>>>>> START com.android.internal.os.RuntimeInit uid 0 <<<<<<
07-29 15:56:27.599  6555  6555 D AndroidRuntime: CheckJNI is OFF
07-29 15:56:27.608  6555  6555 D ICU     : No timezone override file found: /data/misc/zoneinfo/current/icu/icu_tzdata.dat
07-29 15:56:27.620  6555  6555 E memtrack: Couldn't load memtrack module (No such file or directory)
07-29 15:56:27.620  6555  6555 E android.os.Debug: failed to load memtrack module: -2
07-29 15:56:27.621  6555  6555 I Radio-JNI: register_android_hardware_Radio DONE
07-29 15:56:27.627  6555  6555 D AndroidRuntime: Calling main entry com.android.commands.uiautomator.Launcher
07-29 15:56:28.640  6555  6555 W AccessibilityNodeInfoDumper: Fetch time: 1ms
07-29 15:56:28.641   599   610 W WindowManager: Attempted to remove non-existing token: android.os.Binder@2fd239b
07-29 15:56:28.655  6555  6555 D AndroidRuntime: Shutting down VM
07-29 15:56:29.076  6573  6573 D AndroidRuntime: >>>>>> START com.android.internal.os.RuntimeInit uid 0 <<<<<<
07-29 15:56:29.078  6573  6573 D AndroidRuntime: CheckJNI is OFF
07-29 15:56:29.088  6573  6573 D ICU     : No timezone override file found: /data/misc/zoneinfo/current/icu/icu_tzdata.dat
07-29 15:56:29.100  6573  6573 E memtrack: Couldn't load memtrack module (No such file or directory)
07-29 15:56:29.100  6573  6573 E android.os.Debug: failed to load memtrack module: -2
07-29 15:56:29.101  6573  6573 I Radio-JNI: register_android_hardware_Radio DONE
07-29 15:56:29.107  6573  6573 D AndroidRuntime: Calling main entry com.android.commands.uiautomator.Launcher
07-29 15:56:30.144  6573  6573 W AccessibilityNodeInfoDumper: Fetch time: 2ms
07-29 15:56:30.144   599   726 W WindowManager: Attempted to remove non-existing token: android.os.Binder@330ef11
07-29 15:56:30.153  6573  6573 D AndroidRuntime: Shutting down VM
07-29 15:56:31.152  6596  6596 D AndroidRuntime: >>>>>> START com.android.internal.os.RuntimeInit uid 0 <<<<<<
07-29 15:56:31.153  6596  6596 D AndroidRuntime: CheckJNI is OFF
07-29 15:56:31.163  6596  6596 D ICU     : No timezone override file found: /data/misc/zoneinfo/current/icu/icu_tzdata.dat
07-29 15:56:31.176  6596  6596 E memtrack: Couldn't load memtrack module (No such file or directory)
07-29 15:56:31.176  6596  6596 E android.os.Debug: failed to load memtrack module: -2
07-29 15:56:31.177  6596  6596 I Radio-JNI: register_android_hardware_Radio DONE
07-29 15:56:31.184  6596  6596 D AndroidRuntime: Calling main entry com.android.commands.uiautomator.Launcher
07-29 15:56:32.197  6596  6596 W AccessibilityNodeInfoDumper: Fetch time: 2ms
07-29 15:56:32.197   599   726 W WindowManager: Attempted to remove non-existing token: android.os.Binder@cd32876
07-29 15:56:32.205  6596  6596 D AndroidRuntime: Shutting down VM
07-29 15:56:32.629  6614  6614 D AndroidRuntime: >>>>>> START com.android.internal.os.RuntimeInit uid 0 <<<<<<
07-29 15:56:32.630  6614  6614 D AndroidRuntime: CheckJNI is OFF
07-29 15:56:32.639  6614  6614 D ICU     : No timezone override file found: /data/misc/zoneinfo/current/icu/icu_tzdata.dat
07-29 15:56:32.652  6614  6614 E memtrack: Couldn't load memtrack module (No such file or directory)
07-29 15:56:32.652  6614  6614 E android.os.Debug: failed to load memtrack module: -2
07-29 15:56:32.653  6614  6614 I Radio-JNI: register_android_hardware_Radio DONE
07-29 15:56:32.660  6614  6614 D AndroidRuntime: Calling main entry com.android.commands.uiautomator.Launcher
07-29 15:56:33.678  6614  6614 W AccessibilityNodeInfoDumper: Fetch time: 1ms
07-29 15:56:33.678   599  1015 W WindowManager: Attempted to remove non-existing token: android.os.Binder@d805e77
07-29 15:56:33.685  6614  6614 D AndroidRuntime: Shutting down VM
07-29 15:56:34.432   599  1501 D NetlinkSocketObserver: NeighborEvent{elapsedMs=270222, 10.0.3.2, [525400123502], RTM_NEWNEIGH, NUD_PROBE}
07-29 15:56:34.432   599  1501 D NetlinkSocketObserver: NeighborEvent{elapsedMs=270223, 10.0.3.2, [525400123502], RTM_NEWNEIGH, NUD_REACHABLE}
07-29 15:56:34.659  6637  6637 D AndroidRuntime: >>>>>> START com.android.internal.os.RuntimeInit uid 0 <<<<<<
07-29 15:56:34.661  6637  6637 D AndroidRuntime: CheckJNI is OFF
07-29 15:56:34.669  6637  6637 D ICU     : No timezone override file found: /data/misc/zoneinfo/current/icu/icu_tzdata.dat
07-29 15:56:34.680  6637  6637 E memtrack: Couldn't load memtrack module (No such file or directory)
07-29 15:56:34.680  6637  6637 E android.os.Debug: failed to load memtrack module: -2
07-29 15:56:34.681  6637  6637 I Radio-JNI: register_android_hardware_Radio DONE
07-29 15:56:34.686  6637  6637 D AndroidRuntime: Calling main entry com.android.commands.uiautomator.Launcher
07-29 15:56:35.701  6637  6637 W AccessibilityNodeInfoDumper: Fetch time: 1ms
07-29 15:56:35.702   599   855 W WindowManager: Attempted to remove non-existing token: android.os.Binder@ba46b4d
07-29 15:56:35.708  6637  6637 D AndroidRuntime: Shutting down VM
07-29 15:56:36.130  6655  6655 D AndroidRuntime: >>>>>> START com.android.internal.os.RuntimeInit uid 0 <<<<<<
07-29 15:56:36.131  6655  6655 D AndroidRuntime: CheckJNI is OFF
07-29 15:56:36.139  6655  6655 D ICU     : No timezone override file found: /data/misc/zoneinfo/current/icu/icu_tzdata.dat
07-29 15:56:36.151  6655  6655 E memtrack: Couldn't load memtrack module (No such file or directory)
07-29 15:56:36.151  6655  6655 E android.os.Debug: failed to load memtrack module: -2
07-29 15:56:36.152  6655  6655 I Radio-JNI: register_android_hardware_Radio DONE
07-29 15:56:36.158  6655  6655 D AndroidRuntime: Calling main entry com.android.commands.uiautomator.Launcher
07-29 15:56:37.171  6655  6655 W AccessibilityNodeInfoDumper: Fetch time: 1ms
07-29 15:56:37.172   599   726 W WindowManager: Attempted to remove non-existing token: android.os.Binder@8415602
07-29 15:56:37.181  6655  6655 D AndroidRuntime: Shutting down VM
07-29 15:56:38.195  6681  6681 D AndroidRuntime: >>>>>> START com.android.internal.os.RuntimeInit uid 0 <<<<<<
07-29 15:56:38.197  6681  6681 D AndroidRuntime: CheckJNI is OFF
07-29 15:56:38.204  6681  6681 D ICU     : No timezone override file found: /data/misc/zoneinfo/current/icu/icu_tzdata.dat
07-29 15:56:38.217  6681  6681 E memtrack: Couldn't load memtrack module (No such file or directory)
07-29 15:56:38.217  6681  6681 E android.os.Debug: failed to load memtrack module: -2
07-29 15:56:38.217  6681  6681 I Radio-JNI: register_android_hardware_Radio DONE
07-29 15:56:38.224  6681  6681 D AndroidRuntime: Calling main entry com.android.commands.uiautomator.Launcher
07-29 15:56:39.237  6681  6681 W AccessibilityNodeInfoDumper: Fetch time: 1ms
07-29 15:56:39.237   599   611 W WindowManager: Attempted to remove non-existing token: android.os.Binder@3926b13
07-29 15:56:39.246  6681  6681 D AndroidRuntime: Shutting down VM
07-29 15:56:39.660  6699  6699 D AndroidRuntime: >>>>>> START com.android.internal.os.RuntimeInit uid 0 <<<<<<
07-29 15:56:39.662  6699  6699 D AndroidRuntime: CheckJNI is OFF
07-29 15:56:39.671  6699  6699 D ICU     : No timezone override file found: /data/misc/zoneinfo/current/icu/icu_tzdata.dat
07-29 15:56:39.681  6699  6699 E memtrack: Couldn't load memtrack module (No such file or directory)
07-29 15:56:39.681  6699  6699 E android.os.Debug: failed to load memtrack module: -2
07-29 15:56:39.682  6699  6699 I Radio-JNI: register_android_hardware_Radio DONE
07-29 15:56:39.687  6699  6699 D AndroidRuntime: Calling main entry com.android.commands.uiautomator.Launcher
07-29 15:56:40.701  6699  6699 W AccessibilityNodeInfoDumper: Fetch time: 2ms
07-29 15:56:40.702   599   854 W WindowManager: Attempted to remove non-existing token: android.os.Binder@7596f49
07-29 15:56:40.709  6699  6699 D AndroidRuntime: Shutting down VM
07-29 15:56:41.114  6712  6712 D AndroidRuntime: >>>>>> START com.android.internal.os.RuntimeInit uid 0 <<<<<<
07-29 15:56:41.116  6712  6712 D AndroidRuntime: CheckJNI is OFF
07-29 15:56:41.126  6712  6712 D ICU     : No timezone override file found: /data/misc/zoneinfo/current/icu/icu_tzdata.dat
07-29 15:56:41.140  6712  6712 E memtrack: Couldn't load memtrack module (No such file or directory)
07-29 15:56:41.140  6712  6712 E android.os.Debug: failed to load memtrack module: -2
07-29 15:56:41.141  6712  6712 I Radio-JNI: register_android_hardware_Radio DONE
07-29 15:56:41.148  6712  6712 D AndroidRuntime: Calling main entry com.android.commands.input.Input
07-29 15:56:41.149  6712  6712 I Input   : injectMotionEvent: MotionEvent { action=ACTION_DOWN, actionButton=0, id[0]=0, x[0]=946.0, y[0]=104.0, toolType[0]=TOOL_TYPE_UNKNOWN, buttonState=0, metaState=0, flags=0x0, edgeFlags=0x0, pointerCount=1, historySize=0, eventTime=276939, downTime=276939, deviceId=0, source=0x1002 }
07-29 15:56:41.152  6712  6712 I Input   : injectMotionEvent: MotionEvent { action=ACTION_MOVE, actionButton=0, id[0]=0, x[0]=946.0, y[0]=104.0, toolType[0]=TOOL_TYPE_UNKNOWN, buttonState=0, metaState=0, flags=0x0, edgeFlags=0x0, pointerCount=1, historySize=0, eventTime=276939, downTime=276939, deviceId=0, source=0x1002 }
07-29 15:56:41.163  6712  6712 I Input   : injectMotionEvent: MotionEvent { action=ACTION_MOVE, actionButton=0, id[0]=0, x[0]=946.0, y[0]=104.0, toolType[0]=TOOL_TYPE_UNKNOWN, buttonState=0, metaState=0, flags=0x0, edgeFlags=0x0, pointerCount=1, historySize=0, eventTime=276953, downTime=276953, deviceId=0, source=0x1002 }
07-29 15:56:41.176  6712  6712 I Input   : injectMotionEvent: MotionEvent { action=ACTION_MOVE, actionButton=0, id[0]=0, x[0]=946.0, y[0]=104.0, toolType[0]=TOOL_TYPE_UNKNOWN, buttonState=0, metaState=0, flags=0x0, edgeFlags=0x0, pointerCount=1, historySize=0, eventTime=276967, downTime=276967, deviceId=0, source=0x1002 }
07-29 15:56:41.193  6712  6712 I Input   : injectMotionEvent: MotionEvent { action=ACTION_MOVE, actionButton=0, id[0]=0, x[0]=946.0, y[0]=104.0, toolType[0]=TOOL_TYPE_UNKNOWN, buttonState=0, metaState=0, flags=0x0, edgeFlags=0x0, pointerCount=1, historySize=0, eventTime=276984, downTime=276984, deviceId=0, source=0x1002 }
07-29 15:56:41.210  6712  6712 I Input   : injectMotionEvent: MotionEvent { action=ACTION_MOVE, actionButton=0, id[0]=0, x[0]=946.0, y[0]=104.0, toolType[0]=TOOL_TYPE_UNKNOWN, buttonState=0, metaState=0, flags=0x0, edgeFlags=0x0, pointerCount=1, historySize=0, eventTime=277001, downTime=277001, deviceId=0, source=0x1002 }
07-29 15:56:41.227  6712  6712 I Input   : injectMotionEvent: MotionEvent { action=ACTION_MOVE, actionButton=0, id[0]=0, x[0]=946.0, y[0]=104.0, toolType[0]=TOOL_TYPE_UNKNOWN, buttonState=0, metaState=0, flags=0x0, edgeFlags=0x0, pointerCount=1, historySize=0, eventTime=277018, downTime=277018, deviceId=0, source=0x1002 }
07-29 15:56:41.253  6712  6712 I Input   : injectMotionEvent: MotionEvent { action=ACTION_MOVE, actionButton=0, id[0]=0, x[0]=946.0, y[0]=104.0, toolType[0]=TOOL_TYPE_UNKNOWN, buttonState=0, metaState=0, flags=0x0, edgeFlags=0x0, pointerCount=1, historySize=0, eventTime=277043, downTime=277043, deviceId=0, source=0x1002 }
07-29 15:56:41.259  6712  6712 I Input   : injectMotionEvent: MotionEvent { action=ACTION_MOVE, actionButton=0, id[0]=0, x[0]=946.0, y[0]=104.0, toolType[0]=TOOL_TYPE_UNKNOWN, buttonState=0, metaState=0, flags=0x0, edgeFlags=0x0, pointerCount=1, historySize=0, eventTime=277050, downTime=277050, deviceId=0, source=0x1002 }
07-29 15:56:41.277  6712  6712 I Input   : injectMotionEvent: MotionEvent { action=ACTION_MOVE, actionButton=0, id[0]=0, x[0]=946.0, y[0]=104.0, toolType[0]=TOOL_TYPE_UNKNOWN, buttonState=0, metaState=0, flags=0x0, edgeFlags=0x0, pointerCount=1, historySize=0, eventTime=277068, downTime=277068, deviceId=0, source=0x1002 }
07-29 15:56:41.293  6712  6712 I Input   : injectMotionEvent: MotionEvent { action=ACTION_MOVE, actionButton=0, id[0]=0, x[0]=946.0, y[0]=104.0, toolType[0]=TOOL_TYPE_UNKNOWN, buttonState=0, metaState=0, flags=0x0, edgeFlags=0x0, pointerCount=1, historySize=0, eventTime=277084, downTime=277084, deviceId=0, source=0x1002 }
07-29 15:56:41.310  6712  6712 I Input   : injectMotionEvent: MotionEvent { action=ACTION_MOVE, actionButton=0, id[0]=0, x[0]=946.0, y[0]=104.0, toolType[0]=TOOL_TYPE_UNKNOWN, buttonState=0, metaState=0, flags=0x0, edgeFlags=0x0, pointerCount=1, historySize=0, eventTime=277101, downTime=277101, deviceId=0, source=0x1002 }
07-29 15:56:41.326  6712  6712 I Input   : injectMotionEvent: MotionEvent { action=ACTION_MOVE, actionButton=0, id[0]=0, x[0]=946.0, y[0]=104.0, toolType[0]=TOOL_TYPE_UNKNOWN, buttonState=0, metaState=0, flags=0x0, edgeFlags=0x0, pointerCount=1, historySize=0, eventTime=277117, downTime=277117, deviceId=0, source=0x1002 }
07-29 15:56:41.346  6712  6712 I Input   : injectMotionEvent: MotionEvent { action=ACTION_MOVE, actionButton=0, id[0]=0, x[0]=946.0, y[0]=104.0, toolType[0]=TOOL_TYPE_UNKNOWN, buttonState=0, metaState=0, flags=0x0, edgeFlags=0x0, pointerCount=1, historySize=0, eventTime=277137, downTime=277137, deviceId=0, source=0x1002 }
07-29 15:56:41.361  6712  6712 I Input   : injectMotionEvent: MotionEvent { action=ACTION_MOVE, actionButton=0, id[0]=0, x[0]=946.0, y[0]=104.0, toolType[0]=TOOL_TYPE_UNKNOWN, buttonState=0, metaState=0, flags=0x0, edgeFlags=0x0, pointerCount=1, historySize=0, eventTime=277151, downTime=277151, deviceId=0, source=0x1002 }
07-29 15:56:41.377  6712  6712 I Input   : injectMotionEvent: MotionEvent { action=ACTION_MOVE, actionButton=0, id[0]=0, x[0]=946.0, y[0]=104.0, toolType[0]=TOOL_TYPE_UNKNOWN, buttonState=0, metaState=0, flags=0x0, edgeFlags=0x0, pointerCount=1, historySize=0, eventTime=277168, downTime=277168, deviceId=0, source=0x1002 }
07-29 15:56:41.393  6712  6712 I Input   : injectMotionEvent: MotionEvent { action=ACTION_MOVE, actionButton=0, id[0]=0, x[0]=946.0, y[0]=104.0, toolType[0]=TOOL_TYPE_UNKNOWN, buttonState=0, metaState=0, flags=0x0, edgeFlags=0x0, pointerCount=1, historySize=0, eventTime=277184, downTime=277184, deviceId=0, source=0x1002 }
07-29 15:56:41.411  6712  6712 I Input   : injectMotionEvent: MotionEvent { action=ACTION_MOVE, actionButton=0, id[0]=0, x[0]=946.0, y[0]=104.0, toolType[0]=TOOL_TYPE_UNKNOWN, buttonState=0, metaState=0, flags=0x0, edgeFlags=0x0, pointerCount=1, historySize=0, eventTime=277202, downTime=277202, deviceId=0, source=0x1002 }
07-29 15:56:41.427  6712  6712 I Input   : injectMotionEvent: MotionEvent { action=ACTION_MOVE, actionButton=0, id[0]=0, x[0]=946.0, y[0]=104.0, toolType[0]=TOOL_TYPE_UNKNOWN, buttonState=0, metaState=0, flags=0x0, edgeFlags=0x0, pointerCount=1, historySize=0, eventTime=277218, downTime=277218, deviceId=0, source=0x1002 }
07-29 15:56:41.446  6712  6712 I Input   : injectMotionEvent: MotionEvent { action=ACTION_MOVE, actionButton=0, id[0]=0, x[0]=946.0, y[0]=104.0, toolType[0]=TOOL_TYPE_UNKNOWN, buttonState=0, metaState=0, flags=0x0, edgeFlags=0x0, pointerCount=1, historySize=0, eventTime=277237, downTime=277237, deviceId=0, source=0x1002 }
07-29 15:56:41.461  6712  6712 I Input   : injectMotionEvent: MotionEvent { action=ACTION_MOVE, actionButton=0, id[0]=0, x[0]=946.0, y[0]=104.0, toolType[0]=TOOL_TYPE_UNKNOWN, buttonState=0, metaState=0, flags=0x0, edgeFlags=0x0, pointerCount=1, historySize=0, eventTime=277252, downTime=277252, deviceId=0, source=0x1002 }
07-29 15:56:41.483  6712  6712 I Input   : injectMotionEvent: MotionEvent { action=ACTION_MOVE, actionButton=0, id[0]=0, x[0]=946.0, y[0]=104.0, toolType[0]=TOOL_TYPE_UNKNOWN, buttonState=0, metaState=0, flags=0x0, edgeFlags=0x0, pointerCount=1, historySize=0, eventTime=277274, downTime=277274, deviceId=0, source=0x1002 }
07-29 15:56:41.493  6712  6712 I Input   : injectMotionEvent: MotionEvent { action=ACTION_MOVE, actionButton=0, id[0]=0, x[0]=946.0, y[0]=104.0, toolType[0]=TOOL_TYPE_UNKNOWN, buttonState=0, metaState=0, flags=0x0, edgeFlags=0x0, pointerCount=1, historySize=0, eventTime=277283, downTime=277283, deviceId=0, source=0x1002 }
07-29 15:56:41.511  6712  6712 I Input   : injectMotionEvent: MotionEvent { action=ACTION_MOVE, actionButton=0, id[0]=0, x[0]=946.0, y[0]=104.0, toolType[0]=TOOL_TYPE_UNKNOWN, buttonState=0, metaState=0, flags=0x0, edgeFlags=0x0, pointerCount=1, historySize=0, eventTime=277302, downTime=277302, deviceId=0, source=0x1002 }
07-29 15:56:41.527  6712  6712 I Input   : injectMotionEvent: MotionEvent { action=ACTION_MOVE, actionButton=0, id[0]=0, x[0]=946.0, y[0]=104.0, toolType[0]=TOOL_TYPE_UNKNOWN, buttonState=0, metaState=0, flags=0x0, edgeFlags=0x0, pointerCount=1, historySize=0, eventTime=277318, downTime=277318, deviceId=0, source=0x1002 }
07-29 15:56:41.543  6712  6712 I Input   : injectMotionEvent: MotionEvent { action=ACTION_MOVE, actionButton=0, id[0]=0, x[0]=946.0, y[0]=104.0, toolType[0]=TOOL_TYPE_UNKNOWN, buttonState=0, metaState=0, flags=0x0, edgeFlags=0x0, pointerCount=1, historySize=0, eventTime=277334, downTime=277334, deviceId=0, source=0x1002 }
07-29 15:56:41.563  6712  6712 I Input   : injectMotionEvent: MotionEvent { action=ACTION_MOVE, actionButton=0, id[0]=0, x[0]=946.0, y[0]=104.0, toolType[0]=TOOL_TYPE_UNKNOWN, buttonState=0, metaState=0, flags=0x0, edgeFlags=0x0, pointerCount=1, historySize=0, eventTime=277354, downTime=277354, deviceId=0, source=0x1002 }
07-29 15:56:41.577  6712  6712 I Input   : injectMotionEvent: MotionEvent { action=ACTION_MOVE, actionButton=0, id[0]=0, x[0]=946.0, y[0]=104.0, toolType[0]=TOOL_TYPE_UNKNOWN, buttonState=0, metaState=0, flags=0x0, edgeFlags=0x0, pointerCount=1, historySize=0, eventTime=277368, downTime=277368, deviceId=0, source=0x1002 }
07-29 15:56:41.593  6712  6712 I Input   : injectMotionEvent: MotionEvent { action=ACTION_MOVE, actionButton=0, id[0]=0, x[0]=946.0, y[0]=104.0, toolType[0]=TOOL_TYPE_UNKNOWN, buttonState=0, metaState=0, flags=0x0, edgeFlags=0x0, pointerCount=1, historySize=0, eventTime=277384, downTime=277384, deviceId=0, source=0x1002 }
07-29 15:56:41.611  6712  6712 I Input   : injectMotionEvent: MotionEvent { action=ACTION_MOVE, actionButton=0, id[0]=0, x[0]=946.0, y[0]=104.0, toolType[0]=TOOL_TYPE_UNKNOWN, buttonState=0, metaState=0, flags=0x0, edgeFlags=0x0, pointerCount=1, historySize=0, eventTime=277402, downTime=277402, deviceId=0, source=0x1002 }
07-29 15:56:41.627  6712  6712 I Input   : injectMotionEvent: MotionEvent { action=ACTION_MOVE, actionButton=0, id[0]=0, x[0]=946.0, y[0]=104.0, toolType[0]=TOOL_TYPE_UNKNOWN, buttonState=0, metaState=0, flags=0x0, edgeFlags=0x0, pointerCount=1, historySize=0, eventTime=277418, downTime=277418, deviceId=0, source=0x1002 }
07-29 15:56:41.643  6712  6712 I Input   : injectMotionEvent: MotionEvent { action=ACTION_MOVE, actionButton=0, id[0]=0, x[0]=946.0, y[0]=104.0, toolType[0]=TOOL_TYPE_UNKNOWN, buttonState=0, metaState=0, flags=0x0, edgeFlags=0x0, pointerCount=1, historySize=0, eventTime=277434, downTime=277434, deviceId=0, source=0x1002 }
07-29 15:56:41.661  6712  6712 I Input   : injectMotionEvent: MotionEvent { action=ACTION_MOVE, actionButton=0, id[0]=0, x[0]=946.0, y[0]=104.0, toolType[0]=TOOL_TYPE_UNKNOWN, buttonState=0, metaState=0, flags=0x0, edgeFlags=0x0, pointerCount=1, historySize=0, eventTime=277451, downTime=277451, deviceId=0, source=0x1002 }
07-29 15:56:41.676  6712  6712 I Input   : injectMotionEvent: MotionEvent { action=ACTION_MOVE, actionButton=0, id[0]=0, x[0]=946.0, y[0]=104.0, toolType[0]=TOOL_TYPE_UNKNOWN, buttonState=0, metaState=0, flags=0x0, edgeFlags=0x0, pointerCount=1, historySize=0, eventTime=277467, downTime=277467, deviceId=0, source=0x1002 }
07-29 15:56:41.694  6712  6712 I Input   : injectMotionEvent: MotionEvent { action=ACTION_MOVE, actionButton=0, id[0]=0, x[0]=946.0, y[0]=104.0, toolType[0]=TOOL_TYPE_UNKNOWN, buttonState=0, metaState=0, flags=0x0, edgeFlags=0x0, pointerCount=1, historySize=0, eventTime=277485, downTime=277485, deviceId=0, source=0x1002 }
07-29 15:56:41.709  6712  6712 I Input   : injectMotionEvent: MotionEvent { action=ACTION_MOVE, actionButton=0, id[0]=0, x[0]=946.0, y[0]=104.0, toolType[0]=TOOL_TYPE_UNKNOWN, buttonState=0, metaState=0, flags=0x0, edgeFlags=0x0, pointerCount=1, historySize=0, eventTime=277500, downTime=277500, deviceId=0, source=0x1002 }
07-29 15:56:41.726  6712  6712 I Input   : injectMotionEvent: MotionEvent { action=ACTION_MOVE, actionButton=0, id[0]=0, x[0]=946.0, y[0]=104.0, toolType[0]=TOOL_TYPE_UNKNOWN, buttonState=0, metaState=0, flags=0x0, edgeFlags=0x0, pointerCount=1, historySize=0, eventTime=277517, downTime=277517, deviceId=0, source=0x1002 }
07-29 15:56:41.743  6712  6712 I Input   : injectMotionEvent: MotionEvent { action=ACTION_MOVE, actionButton=0, id[0]=0, x[0]=946.0, y[0]=104.0, toolType[0]=TOOL_TYPE_UNKNOWN, buttonState=0, metaState=0, flags=0x0, edgeFlags=0x0, pointerCount=1, historySize=0, eventTime=277534, downTime=277534, deviceId=0, source=0x1002 }
07-29 15:56:41.761  6712  6712 I Input   : injectMotionEvent: MotionEvent { action=ACTION_MOVE, actionButton=0, id[0]=0, x[0]=946.0, y[0]=104.0, toolType[0]=TOOL_TYPE_UNKNOWN, buttonState=0, metaState=0, flags=0x0, edgeFlags=0x0, pointerCount=1, historySize=0, eventTime=277552, downTime=277552, deviceId=0, source=0x1002 }
07-29 15:56:41.777  6712  6712 I Input   : injectMotionEvent: MotionEvent { action=ACTION_MOVE, actionButton=0, id[0]=0, x[0]=946.0, y[0]=104.0, toolType[0]=TOOL_TYPE_UNKNOWN, buttonState=0, metaState=0, flags=0x0, edgeFlags=0x0, pointerCount=1, historySize=0, eventTime=277568, downTime=277568, deviceId=0, source=0x1002 }
07-29 15:56:41.793  6712  6712 I Input   : injectMotionEvent: MotionEvent { action=ACTION_MOVE, actionButton=0, id[0]=0, x[0]=946.0, y[0]=104.0, toolType[0]=TOOL_TYPE_UNKNOWN, buttonState=0, metaState=0, flags=0x0, edgeFlags=0x0, pointerCount=1, historySize=0, eventTime=277584, downTime=277584, deviceId=0, source=0x1002 }
07-29 15:56:41.811  6712  6712 I Input   : injectMotionEvent: MotionEvent { action=ACTION_MOVE, actionButton=0, id[0]=0, x[0]=946.0, y[0]=104.0, toolType[0]=TOOL_TYPE_UNKNOWN, buttonState=0, metaState=0, flags=0x0, edgeFlags=0x0, pointerCount=1, historySize=0, eventTime=277602, downTime=277602, deviceId=0, source=0x1002 }
07-29 15:56:41.826  6712  6712 I Input   : injectMotionEvent: MotionEvent { action=ACTION_MOVE, actionButton=0, id[0]=0, x[0]=946.0, y[0]=104.0, toolType[0]=TOOL_TYPE_UNKNOWN, buttonState=0, metaState=0, flags=0x0, edgeFlags=0x0, pointerCount=1, historySize=0, eventTime=277617, downTime=277617, deviceId=0, source=0x1002 }
07-29 15:56:41.850  6712  6712 I Input   : injectMotionEvent: MotionEvent { action=ACTION_MOVE, actionButton=0, id[0]=0, x[0]=946.0, y[0]=104.0, toolType[0]=TOOL_TYPE_UNKNOWN, buttonState=0, metaState=0, flags=0x0, edgeFlags=0x0, pointerCount=1, historySize=0, eventTime=277640, downTime=277640, deviceId=0, source=0x1002 }
07-29 15:56:41.860  6712  6712 I Input   : injectMotionEvent: MotionEvent { action=ACTION_MOVE, actionButton=0, id[0]=0, x[0]=946.0, y[0]=104.0, toolType[0]=TOOL_TYPE_UNKNOWN, buttonState=0, metaState=0, flags=0x0, edgeFlags=0x0, pointerCount=1, historySize=0, eventTime=277651, downTime=277651, deviceId=0, source=0x1002 }
07-29 15:56:41.877  6712  6712 I Input   : injectMotionEvent: MotionEvent { action=ACTION_MOVE, actionButton=0, id[0]=0, x[0]=946.0, y[0]=104.0, toolType[0]=TOOL_TYPE_UNKNOWN, buttonState=0, metaState=0, flags=0x0, edgeFlags=0x0, pointerCount=1, historySize=0, eventTime=277668, downTime=277668, deviceId=0, source=0x1002 }
07-29 15:56:41.894  6712  6712 I Input   : injectMotionEvent: MotionEvent { action=ACTION_MOVE, actionButton=0, id[0]=0, x[0]=946.0, y[0]=104.0, toolType[0]=TOOL_TYPE_UNKNOWN, buttonState=0, metaState=0, flags=0x0, edgeFlags=0x0, pointerCount=1, historySize=0, eventTime=277685, downTime=277685, deviceId=0, source=0x1002 }
07-29 15:56:41.911  6712  6712 I Input   : injectMotionEvent: MotionEvent { action=ACTION_MOVE, actionButton=0, id[0]=0, x[0]=946.0, y[0]=104.0, toolType[0]=TOOL_TYPE_UNKNOWN, buttonState=0, metaState=0, flags=0x0, edgeFlags=0x0, pointerCount=1, historySize=0, eventTime=277702, downTime=277702, deviceId=0, source=0x1002 }
07-29 15:56:41.926  6712  6712 I Input   : injectMotionEvent: MotionEvent { action=ACTION_MOVE, actionButton=0, id[0]=0, x[0]=946.0, y[0]=104.0, toolType[0]=TOOL_TYPE_UNKNOWN, buttonState=0, metaState=0, flags=0x0, edgeFlags=0x0, pointerCount=1, historySize=0, eventTime=277717, downTime=277717, deviceId=0, source=0x1002 }
07-29 15:56:41.948  6712  6712 I Input   : injectMotionEvent: MotionEvent { action=ACTION_MOVE, actionButton=0, id[0]=0, x[0]=946.0, y[0]=104.0, toolType[0]=TOOL_TYPE_UNKNOWN, buttonState=0, metaState=0, flags=0x0, edgeFlags=0x0, pointerCount=1, historySize=0, eventTime=277739, downTime=277739, deviceId=0, source=0x1002 }
07-29 15:56:41.961  6712  6712 I Input   : injectMotionEvent: MotionEvent { action=ACTION_MOVE, actionButton=0, id[0]=0, x[0]=946.0, y[0]=104.0, toolType[0]=TOOL_TYPE_UNKNOWN, buttonState=0, metaState=0, flags=0x0, edgeFlags=0x0, pointerCount=1, historySize=0, eventTime=277752, downTime=277752, deviceId=0, source=0x1002 }
07-29 15:56:41.977  6712  6712 I Input   : injectMotionEvent: MotionEvent { action=ACTION_MOVE, actionButton=0, id[0]=0, x[0]=946.0, y[0]=104.0, toolType[0]=TOOL_TYPE_UNKNOWN, buttonState=0, metaState=0, flags=0x0, edgeFlags=0x0, pointerCount=1, historySize=0, eventTime=277768, downTime=277768, deviceId=0, source=0x1002 }
07-29 15:56:41.993  6712  6712 I Input   : injectMotionEvent: MotionEvent { action=ACTION_MOVE, actionButton=0, id[0]=0, x[0]=946.0, y[0]=104.0, toolType[0]=TOOL_TYPE_UNKNOWN, buttonState=0, metaState=0, flags=0x0, edgeFlags=0x0, pointerCount=1, historySize=0, eventTime=277784, downTime=277784, deviceId=0, source=0x1002 }
07-29 15:56:42.011  6712  6712 I Input   : injectMotionEvent: MotionEvent { action=ACTION_MOVE, actionButton=0, id[0]=0, x[0]=946.0, y[0]=104.0, toolType[0]=TOOL_TYPE_UNKNOWN, buttonState=0, metaState=0, flags=0x0, edgeFlags=0x0, pointerCount=1, historySize=0, eventTime=277802, downTime=277802, deviceId=0, source=0x1002 }
07-29 15:56:42.026  6712  6712 I Input   : injectMotionEvent: MotionEvent { action=ACTION_MOVE, actionButton=0, id[0]=0, x[0]=946.0, y[0]=104.0, toolType[0]=TOOL_TYPE_UNKNOWN, buttonState=0, metaState=0, flags=0x0, edgeFlags=0x0, pointerCount=1, historySize=0, eventTime=277817, downTime=277817, deviceId=0, source=0x1002 }
07-29 15:56:42.048  6712  6712 I Input   : injectMotionEvent: MotionEvent { action=ACTION_MOVE, actionButton=0, id[0]=0, x[0]=946.0, y[0]=104.0, toolType[0]=TOOL_TYPE_UNKNOWN, buttonState=0, metaState=0, flags=0x0, edgeFlags=0x0, pointerCount=1, historySize=0, eventTime=277839, downTime=277839, deviceId=0, source=0x1002 }
07-29 15:56:42.061  6712  6712 I Input   : injectMotionEvent: MotionEvent { action=ACTION_MOVE, actionButton=0, id[0]=0, x[0]=946.0, y[0]=104.0, toolType[0]=TOOL_TYPE_UNKNOWN, buttonState=0, metaState=0, flags=0x0, edgeFlags=0x0, pointerCount=1, historySize=0, eventTime=277852, downTime=277852, deviceId=0, source=0x1002 }
07-29 15:56:42.076  6712  6712 I Input   : injectMotionEvent: MotionEvent { action=ACTION_MOVE, actionButton=0, id[0]=0, x[0]=946.0, y[0]=104.0, toolType[0]=TOOL_TYPE_UNKNOWN, buttonState=0, metaState=0, flags=0x0, edgeFlags=0x0, pointerCount=1, historySize=0, eventTime=277867, downTime=277867, deviceId=0, source=0x1002 }
07-29 15:56:42.094  6712  6712 I Input   : injectMotionEvent: MotionEvent { action=ACTION_MOVE, actionButton=0, id[0]=0, x[0]=946.0, y[0]=104.0, toolType[0]=TOOL_TYPE_UNKNOWN, buttonState=0, metaState=0, flags=0x0, edgeFlags=0x0, pointerCount=1, historySize=0, eventTime=277884, downTime=277884, deviceId=0, source=0x1002 }
07-29 15:56:42.109  6712  6712 I Input   : injectMotionEvent: MotionEvent { action=ACTION_MOVE, actionButton=0, id[0]=0, x[0]=946.0, y[0]=104.0, toolType[0]=TOOL_TYPE_UNKNOWN, buttonState=0, metaState=0, flags=0x0, edgeFlags=0x0, pointerCount=1, historySize=0, eventTime=277900, downTime=277900, deviceId=0, source=0x1002 }
07-29 15:56:42.128  6712  6712 I Input   : injectMotionEvent: MotionEvent { action=ACTION_MOVE, actionButton=0, id[0]=0, x[0]=946.0, y[0]=104.0, toolType[0]=TOOL_TYPE_UNKNOWN, buttonState=0, metaState=0, flags=0x0, edgeFlags=0x0, pointerCount=1, historySize=0, eventTime=277918, downTime=277918, deviceId=0, source=0x1002 }
07-29 15:56:42.143  6712  6712 I Input   : injectMotionEvent: MotionEvent { action=ACTION_MOVE, actionButton=0, id[0]=0, x[0]=946.0, y[0]=104.0, toolType[0]=TOOL_TYPE_UNKNOWN, buttonState=0, metaState=0, flags=0x0, edgeFlags=0x0, pointerCount=1, historySize=0, eventTime=277934, downTime=277934, deviceId=0, source=0x1002 }
07-29 15:56:42.161  6712  6712 I Input   : injectMotionEvent: MotionEvent { action=ACTION_MOVE, actionButton=0, id[0]=0, x[0]=946.0, y[0]=104.0, toolType[0]=TOOL_TYPE_UNKNOWN, buttonState=0, metaState=0, flags=0x0, edgeFlags=0x0, pointerCount=1, historySize=0, eventTime=277952, downTime=277952, deviceId=0, source=0x1002 }
07-29 15:56:42.177  6712  6712 I Input   : injectMotionEvent: MotionEvent { action=ACTION_MOVE, actionButton=0, id[0]=0, x[0]=946.0, y[0]=104.0, toolType[0]=TOOL_TYPE_UNKNOWN, buttonState=0, metaState=0, flags=0x0, edgeFlags=0x0, pointerCount=1, historySize=0, eventTime=277968, downTime=277968, deviceId=0, source=0x1002 }
07-29 15:56:42.194  6712  6712 I Input   : injectMotionEvent: MotionEvent { action=ACTION_MOVE, actionButton=0, id[0]=0, x[0]=946.0, y[0]=104.0, toolType[0]=TOOL_TYPE_UNKNOWN, buttonState=0, metaState=0, flags=0x0, edgeFlags=0x0, pointerCount=1, historySize=0, eventTime=277985, downTime=277985, deviceId=0, source=0x1002 }
07-29 15:56:42.211  6712  6712 I Input   : injectMotionEvent: MotionEvent { action=ACTION_MOVE, actionButton=0, id[0]=0, x[0]=946.0, y[0]=104.0, toolType[0]=TOOL_TYPE_UNKNOWN, buttonState=0, metaState=0, flags=0x0, edgeFlags=0x0, pointerCount=1, historySize=0, eventTime=278002, downTime=278002, deviceId=0, source=0x1002 }
07-29 15:56:42.226  6712  6712 I Input   : injectMotionEvent: MotionEvent { action=ACTION_MOVE, actionButton=0, id[0]=0, x[0]=946.0, y[0]=104.0, toolType[0]=TOOL_TYPE_UNKNOWN, buttonState=0, metaState=0, flags=0x0, edgeFlags=0x0, pointerCount=1, historySize=0, eventTime=278017, downTime=278017, deviceId=0, source=0x1002 }
07-29 15:56:42.243  6712  6712 I Input   : injectMotionEvent: MotionEvent { action=ACTION_MOVE, actionButton=0, id[0]=0, x[0]=946.0, y[0]=104.0, toolType[0]=TOOL_TYPE_UNKNOWN, buttonState=0, metaState=0, flags=0x0, edgeFlags=0x0, pointerCount=1, historySize=0, eventTime=278034, downTime=278034, deviceId=0, source=0x1002 }
07-29 15:56:42.261  6712  6712 I Input   : injectMotionEvent: MotionEvent { action=ACTION_MOVE, actionButton=0, id[0]=0, x[0]=946.0, y[0]=104.0, toolType[0]=TOOL_TYPE_UNKNOWN, buttonState=0, metaState=0, flags=0x0, edgeFlags=0x0, pointerCount=1, historySize=0, eventTime=278052, downTime=278052, deviceId=0, source=0x1002 }
07-29 15:56:42.276  6712  6712 I Input   : injectMotionEvent: MotionEvent { action=ACTION_MOVE, actionButton=0, id[0]=0, x[0]=946.0, y[0]=104.0, toolType[0]=TOOL_TYPE_UNKNOWN, buttonState=0, metaState=0, flags=0x0, edgeFlags=0x0, pointerCount=1, historySize=0, eventTime=278067, downTime=278067, deviceId=0, source=0x1002 }
07-29 15:56:42.293  6712  6712 I Input   : injectMotionEvent: MotionEvent { action=ACTION_MOVE, actionButton=0, id[0]=0, x[0]=946.0, y[0]=104.0, toolType[0]=TOOL_TYPE_UNKNOWN, buttonState=0, metaState=0, flags=0x0, edgeFlags=0x0, pointerCount=1, historySize=0, eventTime=278084, downTime=278084, deviceId=0, source=0x1002 }
07-29 15:56:42.310  6712  6712 I Input   : injectMotionEvent: MotionEvent { action=ACTION_MOVE, actionButton=0, id[0]=0, x[0]=946.0, y[0]=104.0, toolType[0]=TOOL_TYPE_UNKNOWN, buttonState=0, metaState=0, flags=0x0, edgeFlags=0x0, pointerCount=1, historySize=0, eventTime=278100, downTime=278100, deviceId=0, source=0x1002 }
07-29 15:56:42.327  6712  6712 I Input   : injectMotionEvent: MotionEvent { action=ACTION_MOVE, actionButton=0, id[0]=0, x[0]=946.0, y[0]=104.0, toolType[0]=TOOL_TYPE_UNKNOWN, buttonState=0, metaState=0, flags=0x0, edgeFlags=0x0, pointerCount=1, historySize=0, eventTime=278118, downTime=278118, deviceId=0, source=0x1002 }
07-29 15:56:42.347  6712  6712 I Input   : injectMotionEvent: MotionEvent { action=ACTION_MOVE, actionButton=0, id[0]=0, x[0]=946.0, y[0]=104.0, toolType[0]=TOOL_TYPE_UNKNOWN, buttonState=0, metaState=0, flags=0x0, edgeFlags=0x0, pointerCount=1, historySize=0, eventTime=278138, downTime=278138, deviceId=0, source=0x1002 }
07-29 15:56:42.362  6712  6712 I Input   : injectMotionEvent: MotionEvent { action=ACTION_MOVE, actionButton=0, id[0]=0, x[0]=946.0, y[0]=104.0, toolType[0]=TOOL_TYPE_UNKNOWN, buttonState=0, metaState=0, flags=0x0, edgeFlags=0x0, pointerCount=1, historySize=0, eventTime=278152, downTime=278152, deviceId=0, source=0x1002 }
07-29 15:56:42.376  6712  6712 I Input   : injectMotionEvent: MotionEvent { action=ACTION_MOVE, actionButton=0, id[0]=0, x[0]=946.0, y[0]=104.0, toolType[0]=TOOL_TYPE_UNKNOWN, buttonState=0, metaState=0, flags=0x0, edgeFlags=0x0, pointerCount=1, historySize=0, eventTime=278167, downTime=278167, deviceId=0, source=0x1002 }
07-29 15:56:42.393  6712  6712 I Input   : injectMotionEvent: MotionEvent { action=ACTION_MOVE, actionButton=0, id[0]=0, x[0]=946.0, y[0]=104.0, toolType[0]=TOOL_TYPE_UNKNOWN, buttonState=0, metaState=0, flags=0x0, edgeFlags=0x0, pointerCount=1, historySize=0, eventTime=278184, downTime=278184, deviceId=0, source=0x1002 }
07-29 15:56:42.410  6712  6712 I Input   : injectMotionEvent: MotionEvent { action=ACTION_MOVE, actionButton=0, id[0]=0, x[0]=946.0, y[0]=104.0, toolType[0]=TOOL_TYPE_UNKNOWN, buttonState=0, metaState=0, flags=0x0, edgeFlags=0x0, pointerCount=1, historySize=0, eventTime=278200, downTime=278200, deviceId=0, source=0x1002 }
07-29 15:56:42.426  6712  6712 I Input   : injectMotionEvent: MotionEvent { action=ACTION_MOVE, actionButton=0, id[0]=0, x[0]=946.0, y[0]=104.0, toolType[0]=TOOL_TYPE_UNKNOWN, buttonState=0, metaState=0, flags=0x0, edgeFlags=0x0, pointerCount=1, historySize=0, eventTime=278217, downTime=278217, deviceId=0, source=0x1002 }
07-29 15:56:42.443  6712  6712 I Input   : injectMotionEvent: MotionEvent { action=ACTION_MOVE, actionButton=0, id[0]=0, x[0]=946.0, y[0]=104.0, toolType[0]=TOOL_TYPE_UNKNOWN, buttonState=0, metaState=0, flags=0x0, edgeFlags=0x0, pointerCount=1, historySize=0, eventTime=278234, downTime=278234, deviceId=0, source=0x1002 }
07-29 15:56:42.483  6712  6712 I Input   : injectMotionEvent: MotionEvent { action=ACTION_MOVE, actionButton=0, id[0]=0, x[0]=946.0, y[0]=104.0, toolType[0]=TOOL_TYPE_UNKNOWN, buttonState=0, metaState=0, flags=0x0, edgeFlags=0x0, pointerCount=1, historySize=0, eventTime=278274, downTime=278274, deviceId=0, source=0x1002 }
07-29 15:56:42.494  6712  6712 I Input   : injectMotionEvent: MotionEvent { action=ACTION_MOVE, actionButton=0, id[0]=0, x[0]=946.0, y[0]=104.0, toolType[0]=TOOL_TYPE_UNKNOWN, buttonState=0, metaState=0, flags=0x0, edgeFlags=0x0, pointerCount=1, historySize=0, eventTime=278285, downTime=278285, deviceId=0, source=0x1002 }
07-29 15:56:42.508  6712  6712 I Input   : injectMotionEvent: MotionEvent { action=ACTION_MOVE, actionButton=0, id[0]=0, x[0]=946.0, y[0]=104.0, toolType[0]=TOOL_TYPE_UNKNOWN, buttonState=0, metaState=0, flags=0x0, edgeFlags=0x0, pointerCount=1, historySize=0, eventTime=278298, downTime=278298, deviceId=0, source=0x1002 }
07-29 15:56:42.523  6712  6712 I Input   : injectMotionEvent: MotionEvent { action=ACTION_MOVE, actionButton=0, id[0]=0, x[0]=946.0, y[0]=104.0, toolType[0]=TOOL_TYPE_UNKNOWN, buttonState=0, metaState=0, flags=0x0, edgeFlags=0x0, pointerCount=1, historySize=0, eventTime=278314, downTime=278314, deviceId=0, source=0x1002 }
07-29 15:56:42.542  6712  6712 I Input   : injectMotionEvent: MotionEvent { action=ACTION_MOVE, actionButton=0, id[0]=0, x[0]=946.0, y[0]=104.0, toolType[0]=TOOL_TYPE_UNKNOWN, buttonState=0, metaState=0, flags=0x0, edgeFlags=0x0, pointerCount=1, historySize=0, eventTime=278333, downTime=278333, deviceId=0, source=0x1002 }
07-29 15:56:42.559  6712  6712 I Input   : injectMotionEvent: MotionEvent { action=ACTION_MOVE, actionButton=0, id[0]=0, x[0]=946.0, y[0]=104.0, toolType[0]=TOOL_TYPE_UNKNOWN, buttonState=0, metaState=0, flags=0x0, edgeFlags=0x0, pointerCount=1, historySize=0, eventTime=278350, downTime=278350, deviceId=0, source=0x1002 }
07-29 15:56:42.574  6712  6712 I Input   : injectMotionEvent: MotionEvent { action=ACTION_MOVE, actionButton=0, id[0]=0, x[0]=946.0, y[0]=104.0, toolType[0]=TOOL_TYPE_UNKNOWN, buttonState=0, metaState=0, flags=0x0, edgeFlags=0x0, pointerCount=1, historySize=0, eventTime=278365, downTime=278365, deviceId=0, source=0x1002 }
07-29 15:56:42.592  6712  6712 I Input   : injectMotionEvent: MotionEvent { action=ACTION_MOVE, actionButton=0, id[0]=0, x[0]=946.0, y[0]=104.0, toolType[0]=TOOL_TYPE_UNKNOWN, buttonState=0, metaState=0, flags=0x0, edgeFlags=0x0, pointerCount=1, historySize=0, eventTime=278383, downTime=278383, deviceId=0, source=0x1002 }
07-29 15:56:42.608  6712  6712 I Input   : injectMotionEvent: MotionEvent { action=ACTION_MOVE, actionButton=0, id[0]=0, x[0]=946.0, y[0]=104.0, toolType[0]=TOOL_TYPE_UNKNOWN, buttonState=0, metaState=0, flags=0x0, edgeFlags=0x0, pointerCount=1, historySize=0, eventTime=278398, downTime=278398, deviceId=0, source=0x1002 }
07-29 15:56:42.626  6712  6712 I Input   : injectMotionEvent: MotionEvent { action=ACTION_MOVE, actionButton=0, id[0]=0, x[0]=946.0, y[0]=104.0, toolType[0]=TOOL_TYPE_UNKNOWN, buttonState=0, metaState=0, flags=0x0, edgeFlags=0x0, pointerCount=1, historySize=0, eventTime=278417, downTime=278417, deviceId=0, source=0x1002 }
07-29 15:56:42.642  6712  6712 I Input   : injectMotionEvent: MotionEvent { action=ACTION_MOVE, actionButton=0, id[0]=0, x[0]=946.0, y[0]=104.0, toolType[0]=TOOL_TYPE_UNKNOWN, buttonState=0, metaState=0, flags=0x0, edgeFlags=0x0, pointerCount=1, historySize=0, eventTime=278432, downTime=278432, deviceId=0, source=0x1002 }
07-29 15:56:42.661  6712  6712 I Input   : injectMotionEvent: MotionEvent { action=ACTION_MOVE, actionButton=0, id[0]=0, x[0]=946.0, y[0]=104.0, toolType[0]=TOOL_TYPE_UNKNOWN, buttonState=0, metaState=0, flags=0x0, edgeFlags=0x0, pointerCount=1, historySize=0, eventTime=278452, downTime=278452, deviceId=0, source=0x1002 }
07-29 15:56:42.676  6712  6712 I Input   : injectMotionEvent: MotionEvent { action=ACTION_MOVE, actionButton=0, id[0]=0, x[0]=946.0, y[0]=104.0, toolType[0]=TOOL_TYPE_UNKNOWN, buttonState=0, metaState=0, flags=0x0, edgeFlags=0x0, pointerCount=1, historySize=0, eventTime=278467, downTime=278467, deviceId=0, source=0x1002 }
07-29 15:56:42.694  6712  6712 I Input   : injectMotionEvent: MotionEvent { action=ACTION_MOVE, actionButton=0, id[0]=0, x[0]=946.0, y[0]=104.0, toolType[0]=TOOL_TYPE_UNKNOWN, buttonState=0, metaState=0, flags=0x0, edgeFlags=0x0, pointerCount=1, historySize=0, eventTime=278485, downTime=278485, deviceId=0, source=0x1002 }
07-29 15:56:42.709  6712  6712 I Input   : injectMotionEvent: MotionEvent { action=ACTION_MOVE, actionButton=0, id[0]=0, x[0]=946.0, y[0]=104.0, toolType[0]=TOOL_TYPE_UNKNOWN, buttonState=0, metaState=0, flags=0x0, edgeFlags=0x0, pointerCount=1, historySize=0, eventTime=278500, downTime=278500, deviceId=0, source=0x1002 }
07-29 15:56:42.727  6712  6712 I Input   : injectMotionEvent: MotionEvent { action=ACTION_MOVE, actionButton=0, id[0]=0, x[0]=946.0, y[0]=104.0, toolType[0]=TOOL_TYPE_UNKNOWN, buttonState=0, metaState=0, flags=0x0, edgeFlags=0x0, pointerCount=1, historySize=0, eventTime=278518, downTime=278518, deviceId=0, source=0x1002 }
07-29 15:56:42.743  6712  6712 I Input   : injectMotionEvent: MotionEvent { action=ACTION_MOVE, actionButton=0, id[0]=0, x[0]=946.0, y[0]=104.0, toolType[0]=TOOL_TYPE_UNKNOWN, buttonState=0, metaState=0, flags=0x0, edgeFlags=0x0, pointerCount=1, historySize=0, eventTime=278534, downTime=278534, deviceId=0, source=0x1002 }
07-29 15:56:42.759  6712  6712 I Input   : injectMotionEvent: MotionEvent { action=ACTION_MOVE, actionButton=0, id[0]=0, x[0]=946.0, y[0]=104.0, toolType[0]=TOOL_TYPE_UNKNOWN, buttonState=0, metaState=0, flags=0x0, edgeFlags=0x0, pointerCount=1, historySize=0, eventTime=278550, downTime=278550, deviceId=0, source=0x1002 }
07-29 15:56:42.777  6712  6712 I Input   : injectMotionEvent: MotionEvent { action=ACTION_MOVE, actionButton=0, id[0]=0, x[0]=946.0, y[0]=104.0, toolType[0]=TOOL_TYPE_UNKNOWN, buttonState=0, metaState=0, flags=0x0, edgeFlags=0x0, pointerCount=1, historySize=0, eventTime=278568, downTime=278568, deviceId=0, source=0x1002 }
07-29 15:56:42.794  6712  6712 I Input   : injectMotionEvent: MotionEvent { action=ACTION_MOVE, actionButton=0, id[0]=0, x[0]=946.0, y[0]=104.0, toolType[0]=TOOL_TYPE_UNKNOWN, buttonState=0, metaState=0, flags=0x0, edgeFlags=0x0, pointerCount=1, historySize=0, eventTime=278585, downTime=278585, deviceId=0, source=0x1002 }
07-29 15:56:42.812  6712  6712 I Input   : injectMotionEvent: MotionEvent { action=ACTION_MOVE, actionButton=0, id[0]=0, x[0]=946.0, y[0]=104.0, toolType[0]=TOOL_TYPE_UNKNOWN, buttonState=0, metaState=0, flags=0x0, edgeFlags=0x0, pointerCount=1, historySize=0, eventTime=278603, downTime=278603, deviceId=0, source=0x1002 }
07-29 15:56:42.828  6712  6712 I Input   : injectMotionEvent: MotionEvent { action=ACTION_MOVE, actionButton=0, id[0]=0, x[0]=946.0, y[0]=104.0, toolType[0]=TOOL_TYPE_UNKNOWN, buttonState=0, metaState=0, flags=0x0, edgeFlags=0x0, pointerCount=1, historySize=0, eventTime=278618, downTime=278618, deviceId=0, source=0x1002 }
07-29 15:56:42.846  6712  6712 I Input   : injectMotionEvent: MotionEvent { action=ACTION_MOVE, actionButton=0, id[0]=0, x[0]=946.0, y[0]=104.0, toolType[0]=TOOL_TYPE_UNKNOWN, buttonState=0, metaState=0, flags=0x0, edgeFlags=0x0, pointerCount=1, historySize=0, eventTime=278637, downTime=278637, deviceId=0, source=0x1002 }
07-29 15:56:42.865  6712  6712 I Input   : injectMotionEvent: MotionEvent { action=ACTION_MOVE, actionButton=0, id[0]=0, x[0]=946.0, y[0]=104.0, toolType[0]=TOOL_TYPE_UNKNOWN, buttonState=0, metaState=0, flags=0x0, edgeFlags=0x0, pointerCount=1, historySize=0, eventTime=278656, downTime=278656, deviceId=0, source=0x1002 }
07-29 15:56:42.879  6712  6712 I Input   : injectMotionEvent: MotionEvent { action=ACTION_MOVE, actionButton=0, id[0]=0, x[0]=946.0, y[0]=104.0, toolType[0]=TOOL_TYPE_UNKNOWN, buttonState=0, metaState=0, flags=0x0, edgeFlags=0x0, pointerCount=1, historySize=0, eventTime=278670, downTime=278670, deviceId=0, source=0x1002 }
07-29 15:56:42.896  6712  6712 I Input   : injectMotionEvent: MotionEvent { action=ACTION_MOVE, actionButton=0, id[0]=0, x[0]=946.0, y[0]=104.0, toolType[0]=TOOL_TYPE_UNKNOWN, buttonState=0, metaState=0, flags=0x0, edgeFlags=0x0, pointerCount=1, historySize=0, eventTime=278687, downTime=278687, deviceId=0, source=0x1002 }
07-29 15:56:42.914  6712  6712 I Input   : injectMotionEvent: MotionEvent { action=ACTION_MOVE, actionButton=0, id[0]=0, x[0]=946.0, y[0]=104.0, toolType[0]=TOOL_TYPE_UNKNOWN, buttonState=0, metaState=0, flags=0x0, edgeFlags=0x0, pointerCount=1, historySize=0, eventTime=278704, downTime=278704, deviceId=0, source=0x1002 }
07-29 15:56:42.930  6712  6712 I Input   : injectMotionEvent: MotionEvent { action=ACTION_MOVE, actionButton=0, id[0]=0, x[0]=946.0, y[0]=104.0, toolType[0]=TOOL_TYPE_UNKNOWN, buttonState=0, metaState=0, flags=0x0, edgeFlags=0x0, pointerCount=1, historySize=0, eventTime=278721, downTime=278721, deviceId=0, source=0x1002 }
07-29 15:56:42.947  6712  6712 I Input   : injectMotionEvent: MotionEvent { action=ACTION_MOVE, actionButton=0, id[0]=0, x[0]=946.0, y[0]=104.0, toolType[0]=TOOL_TYPE_UNKNOWN, buttonState=0, metaState=0, flags=0x0, edgeFlags=0x0, pointerCount=1, historySize=0, eventTime=278738, downTime=278738, deviceId=0, source=0x1002 }
07-29 15:56:42.965  6712  6712 I Input   : injectMotionEvent: MotionEvent { action=ACTION_MOVE, actionButton=0, id[0]=0, x[0]=946.0, y[0]=104.0, toolType[0]=TOOL_TYPE_UNKNOWN, buttonState=0, metaState=0, flags=0x0, edgeFlags=0x0, pointerCount=1, historySize=0, eventTime=278756, downTime=278756, deviceId=0, source=0x1002 }
07-29 15:56:42.982  6712  6712 I Input   : injectMotionEvent: MotionEvent { action=ACTION_MOVE, actionButton=0, id[0]=0, x[0]=946.0, y[0]=104.0, toolType[0]=TOOL_TYPE_UNKNOWN, buttonState=0, metaState=0, flags=0x0, edgeFlags=0x0, pointerCount=1, historySize=0, eventTime=278772, downTime=278772, deviceId=0, source=0x1002 }
07-29 15:56:42.998  6712  6712 I Input   : injectMotionEvent: MotionEvent { action=ACTION_MOVE, actionButton=0, id[0]=0, x[0]=946.0, y[0]=104.0, toolType[0]=TOOL_TYPE_UNKNOWN, buttonState=0, metaState=0, flags=0x0, edgeFlags=0x0, pointerCount=1, historySize=0, eventTime=278789, downTime=278789, deviceId=0, source=0x1002 }
07-29 15:56:43.011  6712  6712 I Input   : injectMotionEvent: MotionEvent { action=ACTION_MOVE, actionButton=0, id[0]=0, x[0]=946.0, y[0]=104.0, toolType[0]=TOOL_TYPE_UNKNOWN, buttonState=0, metaState=0, flags=0x0, edgeFlags=0x0, pointerCount=1, historySize=0, eventTime=278802, downTime=278802, deviceId=0, source=0x1002 }
07-29 15:56:43.026  6712  6712 I Input   : injectMotionEvent: MotionEvent { action=ACTION_MOVE, actionButton=0, id[0]=0, x[0]=946.0, y[0]=104.0, toolType[0]=TOOL_TYPE_UNKNOWN, buttonState=0, metaState=0, flags=0x0, edgeFlags=0x0, pointerCount=1, historySize=0, eventTime=278817, downTime=278817, deviceId=0, source=0x1002 }
07-29 15:56:43.044  6712  6712 I Input   : injectMotionEvent: MotionEvent { action=ACTION_MOVE, actionButton=0, id[0]=0, x[0]=946.0, y[0]=104.0, toolType[0]=TOOL_TYPE_UNKNOWN, buttonState=0, metaState=0, flags=0x0, edgeFlags=0x0, pointerCount=1, historySize=0, eventTime=278835, downTime=278835, deviceId=0, source=0x1002 }
07-29 15:56:43.061  6712  6712 I Input   : injectMotionEvent: MotionEvent { action=ACTION_MOVE, actionButton=0, id[0]=0, x[0]=946.0, y[0]=104.0, toolType[0]=TOOL_TYPE_UNKNOWN, buttonState=0, metaState=0, flags=0x0, edgeFlags=0x0, pointerCount=1, historySize=0, eventTime=278852, downTime=278852, deviceId=0, source=0x1002 }
07-29 15:56:43.076  6712  6712 I Input   : injectMotionEvent: MotionEvent { action=ACTION_MOVE, actionButton=0, id[0]=0, x[0]=946.0, y[0]=104.0, toolType[0]=TOOL_TYPE_UNKNOWN, buttonState=0, metaState=0, flags=0x0, edgeFlags=0x0, pointerCount=1, historySize=0, eventTime=278867, downTime=278867, deviceId=0, source=0x1002 }
07-29 15:56:43.094  6712  6712 I Input   : injectMotionEvent: MotionEvent { action=ACTION_MOVE, actionButton=0, id[0]=0, x[0]=946.0, y[0]=104.0, toolType[0]=TOOL_TYPE_UNKNOWN, buttonState=0, metaState=0, flags=0x0, edgeFlags=0x0, pointerCount=1, historySize=0, eventTime=278885, downTime=278885, deviceId=0, source=0x1002 }
07-29 15:56:43.110  6712  6712 I Input   : injectMotionEvent: MotionEvent { action=ACTION_MOVE, actionButton=0, id[0]=0, x[0]=946.0, y[0]=104.0, toolType[0]=TOOL_TYPE_UNKNOWN, buttonState=0, metaState=0, flags=0x0, edgeFlags=0x0, pointerCount=1, historySize=0, eventTime=278901, downTime=278901, deviceId=0, source=0x1002 }
07-29 15:56:43.126  6712  6712 I Input   : injectMotionEvent: MotionEvent { action=ACTION_MOVE, actionButton=0, id[0]=0, x[0]=946.0, y[0]=104.0, toolType[0]=TOOL_TYPE_UNKNOWN, buttonState=0, metaState=0, flags=0x0, edgeFlags=0x0, pointerCount=1, historySize=0, eventTime=278917, downTime=278917, deviceId=0, source=0x1002 }
07-29 15:56:43.143  6712  6712 I Input   : injectMotionEvent: MotionEvent { action=ACTION_MOVE, actionButton=0, id[0]=0, x[0]=946.0, y[0]=104.0, toolType[0]=TOOL_TYPE_UNKNOWN, buttonState=0, metaState=0, flags=0x0, edgeFlags=0x0, pointerCount=1, historySize=0, eventTime=278934, downTime=278934, deviceId=0, source=0x1002 }
07-29 15:56:43.162  6712  6712 I Input   : injectMotionEvent: MotionEvent { action=ACTION_UP, actionButton=0, id[0]=0, x[0]=946.0, y[0]=104.0, toolType[0]=TOOL_TYPE_UNKNOWN, buttonState=0, metaState=0, flags=0x0, edgeFlags=0x0, pointerCount=1, historySize=0, eventTime=278953, downTime=278953, deviceId=0, source=0x1002 }
07-29 15:56:43.162  1633  1633 D leak-331: Eastern Standard Time
07-29 15:56:43.162  1633  1633 D leak-333: Eastern Standard Time
07-29 15:56:43.162  1633  1633 D leak-59 : Eastern Standard Time
07-29 15:56:43.162  1633  1633 D leak-60 : Eastern Standard Time
07-29 15:56:43.162  6712  6712 D AndroidRuntime: Shutting down VM
07-29 15:56:43.163  1633  1633 D leak-61 : Eastern Standard Time
07-29 15:56:43.164  1633  1633 D leak-62 : Eastern Standard Time
07-29 15:56:43.164  1633  1633 D leak-64 : Eastern Standard Time
07-29 15:56:43.164  1633  1633 D leak-70 : Eastern Standard Time
07-29 15:56:43.369  1633  1647 W EGL_emulation: eglSurfaceAttrib not implemented
07-29 15:56:43.369  1633  1647 W OpenGLRenderer: Failed to set EGL_SWAP_BEHAVIOR on surface 0xe06145c0, error=EGL_SUCCESS
07-29 15:56:43.379   794   794 I LatinIME: Starting input. Cursor position = 0,0
07-29 15:56:43.395   265   659 D AudioFlinger: mixer(0xf1e00000) throttle end: throttle time(11)
07-29 15:56:43.456   794  2615 W EGL_emulation: eglSurfaceAttrib not implemented
07-29 15:56:43.456   794  2615 W OpenGLRenderer: Failed to set EGL_SWAP_BEHAVIOR on surface 0xee913880, error=EGL_SUCCESS
07-29 15:56:47.484  7042  7042 D AndroidRuntime: >>>>>> START com.android.internal.os.RuntimeInit uid 0 <<<<<<
07-29 15:56:47.486  7042  7042 D AndroidRuntime: CheckJNI is OFF
07-29 15:56:47.496  7042  7042 D ICU     : No timezone override file found: /data/misc/zoneinfo/current/icu/icu_tzdata.dat
07-29 15:56:47.508  7042  7042 E memtrack: Couldn't load memtrack module (No such file or directory)
07-29 15:56:47.508  7042  7042 E android.os.Debug: failed to load memtrack module: -2
07-29 15:56:47.508  7042  7042 I Radio-JNI: register_android_hardware_Radio DONE
