07-29 15:56:47.514  7042  7042 D AndroidRuntime: Calling main entry com.android.commands.input.Input
07-29 15:56:47.514  7042  7042 I Input   : injectKeyEvent: KeyEvent { action=ACTION_DOWN, keyCode=KEYCODE_ESCAPE, scanCode=0, metaState=0, flags=0x0, repeatCount=0, eventTime=283305, downTime=283305, deviceId=-1, source=0x101 }
07-29 15:56:47.517  7042  7042 I Input   : injectKeyEvent: KeyEvent { action=ACTION_UP, keyCode=KEYCODE_ESCAPE, scanCode=0, metaState=0, flags=0x0, repeatCount=0, eventTime=283305, downTime=283305, deviceId=-1, source=0x101 }
07-29 15:56:47.519  7042  7042 D AndroidRuntime: Shutting down VM
07-29 15:56:47.529   794  2615 E Surface : getSlotFromBufferLocked: unknown buffer: 0xe0e42930
07-29 15:56:50.433  7057  7057 D AndroidRuntime: >>>>>> START com.android.internal.os.RuntimeInit uid 0 <<<<<<
07-29 15:56:50.434  7057  7057 D AndroidRuntime: CheckJNI is OFF
07-29 15:56:50.443  7057  7057 D ICU     : No timezone override file found: /data/misc/zoneinfo/current/icu/icu_tzdata.dat
07-29 15:56:50.453   599  1501 D NetlinkSocketObserver: NeighborEvent{elapsedMs=286244, 10.0.3.2, [525400123502], RTM_NEWNEIGH, NUD_STALE}
07-29 15:56:50.454  7057  7057 E memtrack: Couldn't load memtrack module (No such file or directory)
07-29 15:56:50.454  7057  7057 E android.os.Debug: failed to load memtrack module: -2
07-29 15:56:50.455  7057  7057 I Radio-JNI: register_android_hardware_Radio DONE
07-29 15:56:50.461  7057  7057 D AndroidRuntime: Calling main entry com.android.commands.uiautomator.Launcher
07-29 15:56:51.479  7057  7057 W AccessibilityNodeInfoDumper: Fetch time: 2ms
07-29 15:56:51.479   599  1015 W WindowManager: Attempted to remove non-existing token: android.os.Binder@4a172ac
07-29 15:56:51.487  7057  7057 D AndroidRuntime: Shutting down VM
07-29 15:56:52.468  7080  7080 D AndroidRuntime: >>>>>> START com.android.internal.os.RuntimeInit uid 0 <<<<<<
07-29 15:56:52.469  7080  7080 D AndroidRuntime: CheckJNI is OFF
07-29 15:56:52.478  7080  7080 D ICU     : No timezone override file found: /data/misc/zoneinfo/current/icu/icu_tzdata.dat
07-29 15:56:52.489  7080  7080 E memtrack: Couldn't load memtrack module (No such file or directory)
07-29 15:56:52.489  7080  7080 E android.os.Debug: failed to load memtrack module: -2
07-29 15:56:52.490  7080  7080 I Radio-JNI: register_android_hardware_Radio DONE
07-29 15:56:52.496  7080  7080 D AndroidRuntime: Calling main entry com.android.commands.uiautomator.Launcher
07-29 15:56:53.512  7080  7080 W AccessibilityNodeInfoDumper: Fetch time: 2ms
07-29 15:56:53.512   599  1015 W WindowManager: Attempted to remove non-existing token: android.os.Binder@1e7970a
07-29 15:56:53.521  7080  7080 D AndroidRuntime: Shutting down VM
07-29 15:56:53.924  7097  7097 D AndroidRuntime: >>>>>> START com.android.internal.os.RuntimeInit uid 0 <<<<<<
07-29 15:56:53.926  7097  7097 D AndroidRuntime: CheckJNI is OFF
07-29 15:56:53.933  7097  7097 D ICU     : No timezone override file found: /data/misc/zoneinfo/current/icu/icu_tzdata.dat
07-29 15:56:53.944  7097  7097 E memtrack: Couldn't load memtrack module (No such file or directory)
07-29 15:56:53.944  7097  7097 E android.os.Debug: failed to load memtrack module: -2
07-29 15:56:53.945  7097  7097 I Radio-JNI: register_android_hardware_Radio DONE
07-29 15:56:53.950  7097  7097 D AndroidRuntime: Calling main entry com.android.commands.uiautomator.Launcher
07-29 15:56:54.965  7097  7097 W AccessibilityNodeInfoDumper: Fetch time: 2ms
07-29 15:56:54.966   599   726 W WindowManager: Attempted to remove non-existing token: android.os.Binder@5090d98
07-29 15:56:54.973  7097  7097 D AndroidRuntime: Shutting down VM
07-29 15:56:55.951  7120  7120 D AndroidRuntime: >>>>>> START com.android.internal.os.RuntimeInit uid 0 <<<<<<
07-29 15:56:55.951  7120  7120 D AndroidRuntime: CheckJNI is OFF
07-29 15:56:55.959  7120  7120 D ICU     : No timezone override file found: /data/misc/zoneinfo/current/icu/icu_tzdata.dat
07-29 15:56:55.969  7120  7120 E memtrack: Couldn't load memtrack module (No such file or directory)
07-29 15:56:55.969  7120  7120 E android.os.Debug: failed to load memtrack module: -2
07-29 15:56:55.970  7120  7120 I Radio-JNI: register_android_hardware_Radio DONE
07-29 15:56:55.976  7120  7120 D AndroidRuntime: Calling main entry com.android.commands.uiautomator.Launcher
07-29 15:56:56.992  7120  7120 W AccessibilityNodeInfoDumper: Fetch time: 2ms
07-29 15:56:56.992   599   726 W WindowManager: Attempted to remove non-existing token: android.os.Binder@28f49f1
07-29 15:56:57.001  7120  7120 D AndroidRuntime: Shutting down VM
07-29 15:56:58.116  7147  7147 D AndroidRuntime: >>>>>> START com.android.internal.os.RuntimeInit uid 0 <<<<<<
07-29 15:56:58.118  7147  7147 D AndroidRuntime: CheckJNI is OFF
07-29 15:56:58.133  7147  7147 D ICU     : No timezone override file found: /data/misc/zoneinfo/current/icu/icu_tzdata.dat
07-29 15:56:58.150  7147  7147 E memtrack: Couldn't load memtrack module (No such file or directory)
07-29 15:56:58.150  7147  7147 E android.os.Debug: failed to load memtrack module: -2
07-29 15:56:58.151  7147  7147 I Radio-JNI: register_android_hardware_Radio DONE
07-29 15:56:58.157  7147  7147 D AndroidRuntime: Calling main entry com.android.commands.uiautomator.Launcher
07-29 15:56:59.174  7147  7147 W AccessibilityNodeInfoDumper: Fetch time: 2ms
07-29 15:56:59.174   599   855 W WindowManager: Attempted to remove non-existing token: android.os.Binder@f019d6
07-29 15:56:59.182  7147  7147 D AndroidRuntime: Shutting down VM
07-29 15:57:00.310  7173  7173 D AndroidRuntime: >>>>>> START com.android.internal.os.RuntimeInit uid 0 <<<<<<
07-29 15:57:00.311  7173  7173 D AndroidRuntime: CheckJNI is OFF
07-29 15:57:00.323  7173  7173 D ICU     : No timezone override file found: /data/misc/zoneinfo/current/icu/icu_tzdata.dat
07-29 15:57:00.339  7173  7173 E memtrack: Couldn't load memtrack module (No such file or directory)
07-29 15:57:00.339  7173  7173 E android.os.Debug: failed to load memtrack module: -2
07-29 15:57:00.340  7173  7173 I Radio-JNI: register_android_hardware_Radio DONE
07-29 15:57:00.348  7173  7173 D AndroidRuntime: Calling main entry com.android.commands.uiautomator.Launcher
07-29 15:57:01.367  7173  7173 W AccessibilityNodeInfoDumper: Fetch time: 3ms
07-29 15:57:01.367   599  1015 W WindowManager: Attempted to remove non-existing token: android.os.Binder@b4d6b44
07-29 15:57:01.377  7173  7173 D AndroidRuntime: Shutting down VM
07-29 15:57:01.798  7190  7190 D AndroidRuntime: >>>>>> START com.android.internal.os.RuntimeInit uid 0 <<<<<<
07-29 15:57:01.799  7190  7190 D AndroidRuntime: CheckJNI is OFF
07-29 15:57:01.810  7190  7190 D ICU     : No timezone override file found: /data/misc/zoneinfo/current/icu/icu_tzdata.dat
07-29 15:57:01.824  7190  7190 E memtrack: Couldn't load memtrack module (No such file or directory)
07-29 15:57:01.824  7190  7190 E android.os.Debug: failed to load memtrack module: -2
07-29 15:57:01.825  7190  7190 I Radio-JNI: register_android_hardware_Radio DONE
07-29 15:57:01.832  7190  7190 D AndroidRuntime: Calling main entry com.android.commands.uiautomator.Launcher
07-29 15:57:02.860  7190  7190 W AccessibilityNodeInfoDumper: Fetch time: 3ms
07-29 15:57:02.862   599   610 W WindowManager: Attempted to remove non-existing token: android.os.Binder@22bfd62
07-29 15:57:02.882  7190  7190 D AndroidRuntime: Shutting down VM
07-29 15:57:03.883  7213  7213 D AndroidRuntime: >>>>>> START com.android.internal.os.RuntimeInit uid 0 <<<<<<
07-29 15:57:03.884  7213  7213 D AndroidRuntime: CheckJNI is OFF
07-29 15:57:03.892  7213  7213 D ICU     : No timezone override file found: /data/misc/zoneinfo/current/icu/icu_tzdata.dat
07-29 15:57:03.903  7213  7213 E memtrack: Couldn't load memtrack module (No such file or directory)
07-29 15:57:03.903  7213  7213 E android.os.Debug: failed to load memtrack module: -2
07-29 15:57:03.904  7213  7213 I Radio-JNI: register_android_hardware_Radio DONE
07-29 15:57:03.909  7213  7213 D AndroidRuntime: Calling main entry com.android.commands.uiautomator.Launcher
07-29 15:57:04.922  7213  7213 W AccessibilityNodeInfoDumper: Fetch time: 1ms
07-29 15:57:04.922   599   854 W WindowManager: Attempted to remove non-existing token: android.os.Binder@fbaeef3
07-29 15:57:04.929  7213  7213 D AndroidRuntime: Shutting down VM
07-29 15:57:05.345  7230  7230 D AndroidRuntime: >>>>>> START com.android.internal.os.RuntimeInit uid 0 <<<<<<
07-29 15:57:05.347  7230  7230 D AndroidRuntime: CheckJNI is OFF
07-29 15:57:05.359  7230  7230 D ICU     : No timezone override file found: /data/misc/zoneinfo/current/icu/icu_tzdata.dat
07-29 15:57:05.375  7230  7230 E memtrack: Couldn't load memtrack module (No such file or directory)
07-29 15:57:05.375  7230  7230 E android.os.Debug: failed to load memtrack module: -2
07-29 15:57:05.376  7230  7230 I Radio-JNI: register_android_hardware_Radio DONE
07-29 15:57:05.384  7230  7230 D AndroidRuntime: Calling main entry com.android.commands.uiautomator.Launcher
07-29 15:57:06.403  7230  7230 W AccessibilityNodeInfoDumper: Fetch time: 1ms
07-29 15:57:06.404   599  1015 W WindowManager: Attempted to remove non-existing token: android.os.Binder@70c4629
07-29 15:57:06.412  7230  7230 D AndroidRuntime: Shutting down VM
07-29 15:57:07.463  7253  7253 D AndroidRuntime: >>>>>> START com.android.internal.os.RuntimeInit uid 0 <<<<<<
07-29 15:57:07.464  7253  7253 D AndroidRuntime: CheckJNI is OFF
07-29 15:57:07.475  7253  7253 D ICU     : No timezone override file found: /data/misc/zoneinfo/current/icu/icu_tzdata.dat
07-29 15:57:07.491  7253  7253 E memtrack: Couldn't load memtrack module (No such file or directory)
07-29 15:57:07.491  7253  7253 E android.os.Debug: failed to load memtrack module: -2
07-29 15:57:07.491  7253  7253 I Radio-JNI: register_android_hardware_Radio DONE
07-29 15:57:07.500  7253  7253 D AndroidRuntime: Calling main entry com.android.commands.uiautomator.Launcher
07-29 15:57:08.516  7253  7253 W AccessibilityNodeInfoDumper: Fetch time: 2ms
07-29 15:57:08.516   599  1015 W WindowManager: Attempted to remove non-existing token: android.os.Binder@a508dae
07-29 15:57:08.523  7253  7253 D AndroidRuntime: Shutting down VM
07-29 15:57:08.924  7270  7270 D AndroidRuntime: >>>>>> START com.android.internal.os.RuntimeInit uid 0 <<<<<<
07-29 15:57:08.925  7270  7270 D AndroidRuntime: CheckJNI is OFF
07-29 15:57:08.934  7270  7270 D ICU     : No timezone override file found: /data/misc/zoneinfo/current/icu/icu_tzdata.dat
07-29 15:57:08.955  7270  7270 E memtrack: Couldn't load memtrack module (No such file or directory)
07-29 15:57:08.955  7270  7270 E android.os.Debug: failed to load memtrack module: -2
07-29 15:57:08.956  7270  7270 I Radio-JNI: register_android_hardware_Radio DONE
07-29 15:57:08.963  7270  7270 D AndroidRuntime: Calling main entry com.android.commands.uiautomator.Launcher
07-29 15:57:09.989  7270  7270 W AccessibilityNodeInfoDumper: Fetch time: 1ms
07-29 15:57:09.989   599   610 W WindowManager: Attempted to remove non-existing token: android.os.Binder@83cdedc
07-29 15:57:09.998  7270  7270 D AndroidRuntime: Shutting down VM
07-29 15:57:10.403  7283  7283 D AndroidRuntime: >>>>>> START com.android.internal.os.RuntimeInit uid 0 <<<<<<
07-29 15:57:10.405  7283  7283 D AndroidRuntime: CheckJNI is OFF
07-29 15:57:10.415  7283  7283 D ICU     : No timezone override file found: /data/misc/zoneinfo/current/icu/icu_tzdata.dat
07-29 15:57:10.429  7283  7283 E memtrack: Couldn't load memtrack module (No such file or directory)
07-29 15:57:10.429  7283  7283 E android.os.Debug: failed to load memtrack module: -2
07-29 15:57:10.430  7283  7283 I Radio-JNI: register_android_hardware_Radio DONE
07-29 15:57:10.437  7283  7283 D AndroidRuntime: Calling main entry com.android.commands.input.Input
07-29 15:57:10.439  7283  7283 I Input   : injectMotionEvent: MotionEvent { action=ACTION_DOWN, actionButton=0, id[0]=0, x[0]=600.0, y[0]=953.0, toolType[0]=TOOL_TYPE_UNKNOWN, buttonState=0, metaState=0, flags=0x0, edgeFlags=0x0, pointerCount=1, historySize=0, eventTime=306228, downTime=306228, deviceId=0, source=0x1002 }
07-29 15:57:10.441  7283  7283 I Input   : injectMotionEvent: MotionEvent { action=ACTION_UP, actionButton=0, id[0]=0, x[0]=600.0, y[0]=953.0, toolType[0]=TOOL_TYPE_UNKNOWN, buttonState=0, metaState=0, flags=0x0, edgeFlags=0x0, pointerCount=1, historySize=0, eventTime=306228, downTime=306228, deviceId=0, source=0x1002 }
07-29 15:57:10.442  7283  7283 D AndroidRuntime: Shutting down VM
07-29 15:57:10.444   794   794 I LatinIME: Starting input. Cursor position = 0,0
07-29 15:57:10.491   794  2615 W EGL_emulation: eglSurfaceAttrib not implemented
07-29 15:57:10.491   794  2615 W OpenGLRenderer: Failed to set EGL_SWAP_BEHAVIOR on surface 0xec88ee60, error=EGL_SUCCESS
07-29 15:57:10.851  7295  7295 D AndroidRuntime: >>>>>> START com.android.internal.os.RuntimeInit uid 0 <<<<<<
07-29 15:57:10.854  7295  7295 D AndroidRuntime: CheckJNI is OFF
07-29 15:57:10.870  7295  7295 D ICU     : No timezone override file found: /data/misc/zoneinfo/current/icu/icu_tzdata.dat
07-29 15:57:10.884  7295  7295 E memtrack: Couldn't load memtrack module (No such file or directory)
07-29 15:57:10.884  7295  7295 E android.os.Debug: failed to load memtrack module: -2
07-29 15:57:10.885  7295  7295 I Radio-JNI: register_android_hardware_Radio DONE
07-29 15:57:10.896  7295  7295 D AndroidRuntime: Calling main entry com.android.commands.input.Input
07-29 15:57:10.898  7295  7295 I Input   : injectKeyEvent: KeyEvent { action=ACTION_DOWN, keyCode=KEYCODE_ESCAPE, scanCode=0, metaState=0, flags=0x0, repeatCount=0, eventTime=306688, downTime=306688, deviceId=-1, source=0x101 }
07-29 15:57:10.900  7295  7295 I Input   : injectKeyEvent: KeyEvent { action=ACTION_UP, keyCode=KEYCODE_ESCAPE, scanCode=0, metaState=0, flags=0x0, repeatCount=0, eventTime=306688, downTime=306688, deviceId=-1, source=0x101 }
07-29 15:57:10.902  7295  7295 D AndroidRuntime: Shutting down VM
07-29 15:57:10.913   794  2615 E Surface : getSlotFromBufferLocked: unknown buffer: 0xe0e429a0
07-29 15:57:11.964  7308  7308 D AndroidRuntime: >>>>>> START com.android.internal.os.RuntimeInit uid 0 <<<<<<
07-29 15:57:11.965  7308  7308 D AndroidRuntime: CheckJNI is OFF
07-29 15:57:11.980  7308  7308 D ICU     : No timezone override file found: /data/misc/zoneinfo/current/icu/icu_tzdata.dat
07-29 15:57:11.994  7308  7308 E memtrack: Couldn't load memtrack module (No such file or directory)
07-29 15:57:11.994  7308  7308 E android.os.Debug: failed to load memtrack module: -2
07-29 15:57:11.994  7308  7308 I Radio-JNI: register_android_hardware_Radio DONE
07-29 15:57:12.000  7308  7308 D AndroidRuntime: Calling main entry com.android.commands.input.Input
07-29 15:57:12.000  7308  7308 I Input   : injectKeyEvent: KeyEvent { action=ACTION_DOWN, keyCode=KEYCODE_MOVE_END, scanCode=0, metaState=0, flags=0x0, repeatCount=0, eventTime=307791, downTime=307791, deviceId=-1, source=0x101 }
07-29 15:57:12.002  7308  7308 I Input   : injectKeyEvent: KeyEvent { action=ACTION_UP, keyCode=KEYCODE_MOVE_END, scanCode=0, metaState=0, flags=0x0, repeatCount=0, eventTime=307791, downTime=307791, deviceId=-1, source=0x101 }
07-29 15:57:12.003  7308  7308 D AndroidRuntime: Shutting down VM
07-29 15:57:12.404  7317  7317 D AndroidRuntime: >>>>>> START com.android.internal.os.RuntimeInit uid 0 <<<<<<
07-29 15:57:12.405  7317  7317 D AndroidRuntime: CheckJNI is OFF
07-29 15:57:12.415  7317  7317 D ICU     : No timezone override file found: /data/misc/zoneinfo/current/icu/icu_tzdata.dat
07-29 15:57:12.426  7317  7317 E memtrack: Couldn't load memtrack module (No such file or directory)
07-29 15:57:12.426  7317  7317 E android.os.Debug: failed to load memtrack module: -2
07-29 15:57:12.427  7317  7317 I Radio-JNI: register_android_hardware_Radio DONE
07-29 15:57:12.435  7317  7317 D AndroidRuntime: Calling main entry com.android.commands.input.Input
07-29 15:57:12.435  7317  7317 I Input   : injectKeyEvent: KeyEvent { action=ACTION_DOWN, keyCode=KEYCODE_DEL, scanCode=0, metaState=0, flags=0x0, repeatCount=0, eventTime=308226, downTime=308226, deviceId=-1, source=0x101 }
07-29 15:57:12.438  7317  7317 I Input   : injectKeyEvent: KeyEvent { action=ACTION_UP, keyCode=KEYCODE_DEL, scanCode=0, metaState=0, flags=0x0, repeatCount=0, eventTime=308226, downTime=308226, deviceId=-1, source=0x101 }
07-29 15:57:12.438  7317  7317 I Input   : injectKeyEvent: KeyEvent { action=ACTION_DOWN, keyCode=KEYCODE_DEL, scanCode=0, metaState=0, flags=0x0, repeatCount=0, eventTime=308229, downTime=308229, deviceId=-1, source=0x101 }
07-29 15:57:12.439  7317  7317 I Input   : injectKeyEvent: KeyEvent { action=ACTION_UP, keyCode=KEYCODE_DEL, scanCode=0, metaState=0, flags=0x0, repeatCount=0, eventTime=308229, downTime=308229, deviceId=-1, source=0x101 }
07-29 15:57:12.440  7317  7317 I Input   : injectKeyEvent: KeyEvent { action=ACTION_DOWN, keyCode=KEYCODE_DEL, scanCode=0, metaState=0, flags=0x0, repeatCount=0, eventTime=308231, downTime=308231, deviceId=-1, source=0x101 }
07-29 15:57:12.441  7317  7317 I Input   : injectKeyEvent: KeyEvent { action=ACTION_UP, keyCode=KEYCODE_DEL, scanCode=0, metaState=0, flags=0x0, repeatCount=0, eventTime=308231, downTime=308231, deviceId=-1, source=0x101 }
07-29 15:57:12.441  7317  7317 I Input   : injectKeyEvent: KeyEvent { action=ACTION_DOWN, keyCode=KEYCODE_DEL, scanCode=0, metaState=0, flags=0x0, repeatCount=0, eventTime=308232, downTime=308232, deviceId=-1, source=0x101 }
07-29 15:57:12.442  7317  7317 I Input   : injectKeyEvent: KeyEvent { action=ACTION_UP, keyCode=KEYCODE_DEL, scanCode=0, metaState=0, flags=0x0, repeatCount=0, eventTime=308232, downTime=308232, deviceId=-1, source=0x101 }
07-29 15:57:12.443  7317  7317 I Input   : injectKeyEvent: KeyEvent { action=ACTION_DOWN, keyCode=KEYCODE_DEL, scanCode=0, metaState=0, flags=0x0, repeatCount=0, eventTime=308234, downTime=308234, deviceId=-1, source=0x101 }
07-29 15:57:12.444  7317  7317 I Input   : injectKeyEvent: KeyEvent { action=ACTION_UP, keyCode=KEYCODE_DEL, scanCode=0, metaState=0, flags=0x0, repeatCount=0, eventTime=308234, downTime=308234, deviceId=-1, source=0x101 }
07-29 15:57:12.446  7317  7317 I Input   : injectKeyEvent: KeyEvent { action=ACTION_DOWN, keyCode=KEYCODE_DEL, scanCode=0, metaState=0, flags=0x0, repeatCount=0, eventTime=308236, downTime=308236, deviceId=-1, source=0x101 }
07-29 15:57:12.446  7317  7317 I Input   : injectKeyEvent: KeyEvent { action=ACTION_UP, keyCode=KEYCODE_DEL, scanCode=0, metaState=0, flags=0x0, repeatCount=0, eventTime=308236, downTime=308236, deviceId=-1, source=0x101 }
07-29 15:57:12.447  7317  7317 I Input   : injectKeyEvent: KeyEvent { action=ACTION_DOWN, keyCode=KEYCODE_DEL, scanCode=0, metaState=0, flags=0x0, repeatCount=0, eventTime=308238, downTime=308238, deviceId=-1, source=0x101 }
07-29 15:57:12.448  7317  7317 I Input   : injectKeyEvent: KeyEvent { action=ACTION_UP, keyCode=KEYCODE_DEL, scanCode=0, metaState=0, flags=0x0, repeatCount=0, eventTime=308238, downTime=308238, deviceId=-1, source=0x101 }
07-29 15:57:12.448  7317  7317 I Input   : injectKeyEvent: KeyEvent { action=ACTION_DOWN, keyCode=KEYCODE_DEL, scanCode=0, metaState=0, flags=0x0, repeatCount=0, eventTime=308239, downTime=308239, deviceId=-1, source=0x101 }
07-29 15:57:12.449  7317  7317 I Input   : injectKeyEvent: KeyEvent { action=ACTION_UP, keyCode=KEYCODE_DEL, scanCode=0, metaState=0, flags=0x0, repeatCount=0, eventTime=308239, downTime=308239, deviceId=-1, source=0x101 }
07-29 15:57:12.450  7317  7317 I Input   : injectKeyEvent: KeyEvent { action=ACTION_DOWN, keyCode=KEYCODE_DEL, scanCode=0, metaState=0, flags=0x0, repeatCount=0, eventTime=308241, downTime=308241, deviceId=-1, source=0x101 }
07-29 15:57:12.451  7317  7317 I Input   : injectKeyEvent: KeyEvent { action=ACTION_UP, keyCode=KEYCODE_DEL, scanCode=0, metaState=0, flags=0x0, repeatCount=0, eventTime=308241, downTime=308241, deviceId=-1, source=0x101 }
07-29 15:57:12.452  7317  7317 I Input   : injectKeyEvent: KeyEvent { action=ACTION_DOWN, keyCode=KEYCODE_DEL, scanCode=0, metaState=0, flags=0x0, repeatCount=0, eventTime=308243, downTime=308243, deviceId=-1, source=0x101 }
07-29 15:57:12.453  7317  7317 I Input   : injectKeyEvent: KeyEvent { action=ACTION_UP, keyCode=KEYCODE_DEL, scanCode=0, metaState=0, flags=0x0, repeatCount=0, eventTime=308243, downTime=308243, deviceId=-1, source=0x101 }
07-29 15:57:12.454  7317  7317 I Input   : injectKeyEvent: KeyEvent { action=ACTION_DOWN, keyCode=KEYCODE_DEL, scanCode=0, metaState=0, flags=0x0, repeatCount=0, eventTime=308245, downTime=308245, deviceId=-1, source=0x101 }
07-29 15:57:12.455  7317  7317 I Input   : injectKeyEvent: KeyEvent { action=ACTION_UP, keyCode=KEYCODE_DEL, scanCode=0, metaState=0, flags=0x0, repeatCount=0, eventTime=308245, downTime=308245, deviceId=-1, source=0x101 }
07-29 15:57:12.456  7317  7317 I Input   : injectKeyEvent: KeyEvent { action=ACTION_DOWN, keyCode=KEYCODE_DEL, scanCode=0, metaState=0, flags=0x0, repeatCount=0, eventTime=308247, downTime=308247, deviceId=-1, source=0x101 }
07-29 15:57:12.457  7317  7317 I Input   : injectKeyEvent: KeyEvent { action=ACTION_UP, keyCode=KEYCODE_DEL, scanCode=0, metaState=0, flags=0x0, repeatCount=0, eventTime=308247, downTime=308247, deviceId=-1, source=0x101 }
07-29 15:57:12.458  7317  7317 I Input   : injectKeyEvent: KeyEvent { action=ACTION_DOWN, keyCode=KEYCODE_DEL, scanCode=0, metaState=0, flags=0x0, repeatCount=0, eventTime=308248, downTime=308248, deviceId=-1, source=0x101 }
07-29 15:57:12.458  7317  7317 I Input   : injectKeyEvent: KeyEvent { action=ACTION_UP, keyCode=KEYCODE_DEL, scanCode=0, metaState=0, flags=0x0, repeatCount=0, eventTime=308248, downTime=308248, deviceId=-1, source=0x101 }
07-29 15:57:12.459  7317  7317 I Input   : injectKeyEvent: KeyEvent { action=ACTION_DOWN, keyCode=KEYCODE_DEL, scanCode=0, metaState=0, flags=0x0, repeatCount=0, eventTime=308250, downTime=308250, deviceId=-1, source=0x101 }
07-29 15:57:12.460  7317  7317 I Input   : injectKeyEvent: KeyEvent { action=ACTION_UP, keyCode=KEYCODE_DEL, scanCode=0, metaState=0, flags=0x0, repeatCount=0, eventTime=308250, downTime=308250, deviceId=-1, source=0x101 }
07-29 15:57:12.461  7317  7317 I Input   : injectKeyEvent: KeyEvent { action=ACTION_DOWN, keyCode=KEYCODE_DEL, scanCode=0, metaState=0, flags=0x0, repeatCount=0, eventTime=308252, downTime=308252, deviceId=-1, source=0x101 }
07-29 15:57:12.462  7317  7317 I Input   : injectKeyEvent: KeyEvent { action=ACTION_UP, keyCode=KEYCODE_DEL, scanCode=0, metaState=0, flags=0x0, repeatCount=0, eventTime=308252, downTime=308252, deviceId=-1, source=0x101 }
07-29 15:57:12.463  7317  7317 I Input   : injectKeyEvent: KeyEvent { action=ACTION_DOWN, keyCode=KEYCODE_DEL, scanCode=0, metaState=0, flags=0x0, repeatCount=0, eventTime=308253, downTime=308253, deviceId=-1, source=0x101 }
07-29 15:57:12.463  7317  7317 I Input   : injectKeyEvent: KeyEvent { action=ACTION_UP, keyCode=KEYCODE_DEL, scanCode=0, metaState=0, flags=0x0, repeatCount=0, eventTime=308253, downTime=308253, deviceId=-1, source=0x101 }
07-29 15:57:12.464  7317  7317 I Input   : injectKeyEvent: KeyEvent { action=ACTION_DOWN, keyCode=KEYCODE_DEL, scanCode=0, metaState=0, flags=0x0, repeatCount=0, eventTime=308255, downTime=308255, deviceId=-1, source=0x101 }
07-29 15:57:12.465  7317  7317 I Input   : injectKeyEvent: KeyEvent { action=ACTION_UP, keyCode=KEYCODE_DEL, scanCode=0, metaState=0, flags=0x0, repeatCount=0, eventTime=308255, downTime=308255, deviceId=-1, source=0x101 }
07-29 15:57:12.466  7317  7317 I Input   : injectKeyEvent: KeyEvent { action=ACTION_DOWN, keyCode=KEYCODE_DEL, scanCode=0, metaState=0, flags=0x0, repeatCount=0, eventTime=308257, downTime=308257, deviceId=-1, source=0x101 }
07-29 15:57:12.467  7317  7317 I Input   : injectKeyEvent: KeyEvent { action=ACTION_UP, keyCode=KEYCODE_DEL, scanCode=0, metaState=0, flags=0x0, repeatCount=0, eventTime=308257, downTime=308257, deviceId=-1, source=0x101 }
07-29 15:57:12.468  7317  7317 I Input   : injectKeyEvent: KeyEvent { action=ACTION_DOWN, keyCode=KEYCODE_DEL, scanCode=0, metaState=0, flags=0x0, repeatCount=0, eventTime=308259, downTime=308259, deviceId=-1, source=0x101 }
07-29 15:57:12.469  7317  7317 I Input   : injectKeyEvent: KeyEvent { action=ACTION_UP, keyCode=KEYCODE_DEL, scanCode=0, metaState=0, flags=0x0, repeatCount=0, eventTime=308259, downTime=308259, deviceId=-1, source=0x101 }
07-29 15:57:12.470  7317  7317 I Input   : injectKeyEvent: KeyEvent { action=ACTION_DOWN, keyCode=KEYCODE_DEL, scanCode=0, metaState=0, flags=0x0, repeatCount=0, eventTime=308260, downTime=308260, deviceId=-1, source=0x101 }
07-29 15:57:12.471  7317  7317 I Input   : injectKeyEvent: KeyEvent { action=ACTION_UP, keyCode=KEYCODE_DEL, scanCode=0, metaState=0, flags=0x0, repeatCount=0, eventTime=308260, downTime=308260, deviceId=-1, source=0x101 }
07-29 15:57:12.471  7317  7317 I Input   : injectKeyEvent: KeyEvent { action=ACTION_DOWN, keyCode=KEYCODE_DEL, scanCode=0, metaState=0, flags=0x0, repeatCount=0, eventTime=308262, downTime=308262, deviceId=-1, source=0x101 }
07-29 15:57:12.472  7317  7317 I Input   : injectKeyEvent: KeyEvent { action=ACTION_UP, keyCode=KEYCODE_DEL, scanCode=0, metaState=0, flags=0x0, repeatCount=0, eventTime=308262, downTime=308262, deviceId=-1, source=0x101 }
07-29 15:57:12.474  7317  7317 I Input   : injectKeyEvent: KeyEvent { action=ACTION_DOWN, keyCode=KEYCODE_DEL, scanCode=0, metaState=0, flags=0x0, repeatCount=0, eventTime=308265, downTime=308265, deviceId=-1, source=0x101 }
07-29 15:57:12.475  7317  7317 I Input   : injectKeyEvent: KeyEvent { action=ACTION_UP, keyCode=KEYCODE_DEL, scanCode=0, metaState=0, flags=0x0, repeatCount=0, eventTime=308265, downTime=308265, deviceId=-1, source=0x101 }
07-29 15:57:12.476  7317  7317 I Input   : injectKeyEvent: KeyEvent { action=ACTION_DOWN, keyCode=KEYCODE_DEL, scanCode=0, metaState=0, flags=0x0, repeatCount=0, eventTime=308267, downTime=308267, deviceId=-1, source=0x101 }
07-29 15:57:12.477  7317  7317 I Input   : injectKeyEvent: KeyEvent { action=ACTION_UP, keyCode=KEYCODE_DEL, scanCode=0, metaState=0, flags=0x0, repeatCount=0, eventTime=308267, downTime=308267, deviceId=-1, source=0x101 }
07-29 15:57:12.478  7317  7317 I Input   : injectKeyEvent: KeyEvent { action=ACTION_DOWN, keyCode=KEYCODE_DEL, scanCode=0, metaState=0, flags=0x0, repeatCount=0, eventTime=308269, downTime=308269, deviceId=-1, source=0x101 }
07-29 15:57:12.479  7317  7317 I Input   : injectKeyEvent: KeyEvent { action=ACTION_UP, keyCode=KEYCODE_DEL, scanCode=0, metaState=0, flags=0x0, repeatCount=0, eventTime=308269, downTime=308269, deviceId=-1, source=0x101 }
07-29 15:57:12.480  7317  7317 I Input   : injectKeyEvent: KeyEvent { action=ACTION_DOWN, keyCode=KEYCODE_DEL, scanCode=0, metaState=0, flags=0x0, repeatCount=0, eventTime=308271, downTime=308271, deviceId=-1, source=0x101 }
07-29 15:57:12.482  7317  7317 I Input   : injectKeyEvent: KeyEvent { action=ACTION_UP, keyCode=KEYCODE_DEL, scanCode=0, metaState=0, flags=0x0, repeatCount=0, eventTime=308271, downTime=308271, deviceId=-1, source=0x101 }
07-29 15:57:12.483  7317  7317 I Input   : injectKeyEvent: KeyEvent { action=ACTION_DOWN, keyCode=KEYCODE_DEL, scanCode=0, metaState=0, flags=0x0, repeatCount=0, eventTime=308274, downTime=308274, deviceId=-1, source=0x101 }
07-29 15:57:12.485  7317  7317 I Input   : injectKeyEvent: KeyEvent { action=ACTION_UP, keyCode=KEYCODE_DEL, scanCode=0, metaState=0, flags=0x0, repeatCount=0, eventTime=308274, downTime=308274, deviceId=-1, source=0x101 }
07-29 15:57:12.486  7317  7317 I Input   : injectKeyEvent: KeyEvent { action=ACTION_DOWN, keyCode=KEYCODE_DEL, scanCode=0, metaState=0, flags=0x0, repeatCount=0, eventTime=308277, downTime=308277, deviceId=-1, source=0x101 }
07-29 15:57:12.487  7317  7317 I Input   : injectKeyEvent: KeyEvent { action=ACTION_UP, keyCode=KEYCODE_DEL, scanCode=0, metaState=0, flags=0x0, repeatCount=0, eventTime=308277, downTime=308277, deviceId=-1, source=0x101 }
07-29 15:57:12.488  7317  7317 I Input   : injectKeyEvent: KeyEvent { action=ACTION_DOWN, keyCode=KEYCODE_DEL, scanCode=0, metaState=0, flags=0x0, repeatCount=0, eventTime=308279, downTime=308279, deviceId=-1, source=0x101 }
07-29 15:57:12.489  7317  7317 I Input   : injectKeyEvent: KeyEvent { action=ACTION_UP, keyCode=KEYCODE_DEL, scanCode=0, metaState=0, flags=0x0, repeatCount=0, eventTime=308279, downTime=308279, deviceId=-1, source=0x101 }
07-29 15:57:12.490  7317  7317 I Input   : injectKeyEvent: KeyEvent { action=ACTION_DOWN, keyCode=KEYCODE_DEL, scanCode=0, metaState=0, flags=0x0, repeatCount=0, eventTime=308281, downTime=308281, deviceId=-1, source=0x101 }
07-29 15:57:12.491  7317  7317 I Input   : injectKeyEvent: KeyEvent { action=ACTION_UP, keyCode=KEYCODE_DEL, scanCode=0, metaState=0, flags=0x0, repeatCount=0, eventTime=308281, downTime=308281, deviceId=-1, source=0x101 }
07-29 15:57:12.491  7317  7317 I Input   : injectKeyEvent: KeyEvent { action=ACTION_DOWN, keyCode=KEYCODE_DEL, scanCode=0, metaState=0, flags=0x0, repeatCount=0, eventTime=308282, downTime=308282, deviceId=-1, source=0x101 }
07-29 15:57:12.492  7317  7317 I Input   : injectKeyEvent: KeyEvent { action=ACTION_UP, keyCode=KEYCODE_DEL, scanCode=0, metaState=0, flags=0x0, repeatCount=0, eventTime=308282, downTime=308282, deviceId=-1, source=0x101 }
07-29 15:57:12.493  7317  7317 I Input   : injectKeyEvent: KeyEvent { action=ACTION_DOWN, keyCode=KEYCODE_DEL, scanCode=0, metaState=0, flags=0x0, repeatCount=0, eventTime=308284, downTime=308284, deviceId=-1, source=0x101 }
07-29 15:57:12.494  7317  7317 I Input   : injectKeyEvent: KeyEvent { action=ACTION_UP, keyCode=KEYCODE_DEL, scanCode=0, metaState=0, flags=0x0, repeatCount=0, eventTime=308284, downTime=308284, deviceId=-1, source=0x101 }
07-29 15:57:12.496  7317  7317 I Input   : injectKeyEvent: KeyEvent { action=ACTION_DOWN, keyCode=KEYCODE_DEL, scanCode=0, metaState=0, flags=0x0, repeatCount=0, eventTime=308287, downTime=308287, deviceId=-1, source=0x101 }
07-29 15:57:12.497  7317  7317 I Input   : injectKeyEvent: KeyEvent { action=ACTION_UP, keyCode=KEYCODE_DEL, scanCode=0, metaState=0, flags=0x0, repeatCount=0, eventTime=308287, downTime=308287, deviceId=-1, source=0x101 }
07-29 15:57:12.497  7317  7317 I Input   : injectKeyEvent: KeyEvent { action=ACTION_DOWN, keyCode=KEYCODE_DEL, scanCode=0, metaState=0, flags=0x0, repeatCount=0, eventTime=308288, downTime=308288, deviceId=-1, source=0x101 }
07-29 15:57:12.498  7317  7317 I Input   : injectKeyEvent: KeyEvent { action=ACTION_UP, keyCode=KEYCODE_DEL, scanCode=0, metaState=0, flags=0x0, repeatCount=0, eventTime=308288, downTime=308288, deviceId=-1, source=0x101 }
07-29 15:57:12.499  7317  7317 I Input   : injectKeyEvent: KeyEvent { action=ACTION_DOWN, keyCode=KEYCODE_DEL, scanCode=0, metaState=0, flags=0x0, repeatCount=0, eventTime=308290, downTime=308290, deviceId=-1, source=0x101 }
07-29 15:57:12.500  7317  7317 I Input   : injectKeyEvent: KeyEvent { action=ACTION_UP, keyCode=KEYCODE_DEL, scanCode=0, metaState=0, flags=0x0, repeatCount=0, eventTime=308290, downTime=308290, deviceId=-1, source=0x101 }
07-29 15:57:12.501  7317  7317 I Input   : injectKeyEvent: KeyEvent { action=ACTION_DOWN, keyCode=KEYCODE_DEL, scanCode=0, metaState=0, flags=0x0, repeatCount=0, eventTime=308292, downTime=308292, deviceId=-1, source=0x101 }
07-29 15:57:12.502  7317  7317 I Input   : injectKeyEvent: KeyEvent { action=ACTION_UP, keyCode=KEYCODE_DEL, scanCode=0, metaState=0, flags=0x0, repeatCount=0, eventTime=308292, downTime=308292, deviceId=-1, source=0x101 }
07-29 15:57:12.502  7317  7317 I Input   : injectKeyEvent: KeyEvent { action=ACTION_DOWN, keyCode=KEYCODE_DEL, scanCode=0, metaState=0, flags=0x0, repeatCount=0, eventTime=308293, downTime=308293, deviceId=-1, source=0x101 }
07-29 15:57:12.503  7317  7317 I Input   : injectKeyEvent: KeyEvent { action=ACTION_UP, keyCode=KEYCODE_DEL, scanCode=0, metaState=0, flags=0x0, repeatCount=0, eventTime=308293, downTime=308293, deviceId=-1, source=0x101 }
07-29 15:57:12.504  7317  7317 I Input   : injectKeyEvent: KeyEvent { action=ACTION_DOWN, keyCode=KEYCODE_DEL, scanCode=0, metaState=0, flags=0x0, repeatCount=0, eventTime=308295, downTime=308295, deviceId=-1, source=0x101 }
07-29 15:57:12.505  7317  7317 I Input   : injectKeyEvent: KeyEvent { action=ACTION_UP, keyCode=KEYCODE_DEL, scanCode=0, metaState=0, flags=0x0, repeatCount=0, eventTime=308295, downTime=308295, deviceId=-1, source=0x101 }
07-29 15:57:12.506  7317  7317 I Input   : injectKeyEvent: KeyEvent { action=ACTION_DOWN, keyCode=KEYCODE_DEL, scanCode=0, metaState=0, flags=0x0, repeatCount=0, eventTime=308296, downTime=308296, deviceId=-1, source=0x101 }
07-29 15:57:12.506  7317  7317 I Input   : injectKeyEvent: KeyEvent { action=ACTION_UP, keyCode=KEYCODE_DEL, scanCode=0, metaState=0, flags=0x0, repeatCount=0, eventTime=308296, downTime=308296, deviceId=-1, source=0x101 }
07-29 15:57:12.507  7317  7317 I Input   : injectKeyEvent: KeyEvent { action=ACTION_DOWN, keyCode=KEYCODE_DEL, scanCode=0, metaState=0, flags=0x0, repeatCount=0, eventTime=308298, downTime=308298, deviceId=-1, source=0x101 }
07-29 15:57:12.508  7317  7317 I Input   : injectKeyEvent: KeyEvent { action=ACTION_UP, keyCode=KEYCODE_DEL, scanCode=0, metaState=0, flags=0x0, repeatCount=0, eventTime=308298, downTime=308298, deviceId=-1, source=0x101 }
07-29 15:57:12.508  7317  7317 I Input   : injectKeyEvent: KeyEvent { action=ACTION_DOWN, keyCode=KEYCODE_DEL, scanCode=0, metaState=0, flags=0x0, repeatCount=0, eventTime=308299, downTime=308299, deviceId=-1, source=0x101 }
07-29 15:57:12.509  7317  7317 I Input   : injectKeyEvent: KeyEvent { action=ACTION_UP, keyCode=KEYCODE_DEL, scanCode=0, metaState=0, flags=0x0, repeatCount=0, eventTime=308299, downTime=308299, deviceId=-1, source=0x101 }
07-29 15:57:12.510  7317  7317 I Input   : injectKeyEvent: KeyEvent { action=ACTION_DOWN, keyCode=KEYCODE_DEL, scanCode=0, metaState=0, flags=0x0, repeatCount=0, eventTime=308301, downTime=308301, deviceId=-1, source=0x101 }
07-29 15:57:12.511  7317  7317 I Input   : injectKeyEvent: KeyEvent { action=ACTION_UP, keyCode=KEYCODE_DEL, scanCode=0, metaState=0, flags=0x0, repeatCount=0, eventTime=308301, downTime=308301, deviceId=-1, source=0x101 }
07-29 15:57:12.511  7317  7317 I Input   : injectKeyEvent: KeyEvent { action=ACTION_DOWN, keyCode=KEYCODE_DEL, scanCode=0, metaState=0, flags=0x0, repeatCount=0, eventTime=308302, downTime=308302, deviceId=-1, source=0x101 }
07-29 15:57:12.512  7317  7317 I Input   : injectKeyEvent: KeyEvent { action=ACTION_UP, keyCode=KEYCODE_DEL, scanCode=0, metaState=0, flags=0x0, repeatCount=0, eventTime=308302, downTime=308302, deviceId=-1, source=0x101 }
07-29 15:57:12.513  7317  7317 I Input   : injectKeyEvent: KeyEvent { action=ACTION_DOWN, keyCode=KEYCODE_DEL, scanCode=0, metaState=0, flags=0x0, repeatCount=0, eventTime=308304, downTime=308304, deviceId=-1, source=0x101 }
07-29 15:57:12.514  7317  7317 I Input   : injectKeyEvent: KeyEvent { action=ACTION_UP, keyCode=KEYCODE_DEL, scanCode=0, metaState=0, flags=0x0, repeatCount=0, eventTime=308304, downTime=308304, deviceId=-1, source=0x101 }
07-29 15:57:12.514  7317  7317 I Input   : injectKeyEvent: KeyEvent { action=ACTION_DOWN, keyCode=KEYCODE_DEL, scanCode=0, metaState=0, flags=0x0, repeatCount=0, eventTime=308305, downTime=308305, deviceId=-1, source=0x101 }
07-29 15:57:12.515  7317  7317 I Input   : injectKeyEvent: KeyEvent { action=ACTION_UP, keyCode=KEYCODE_DEL, scanCode=0, metaState=0, flags=0x0, repeatCount=0, eventTime=308305, downTime=308305, deviceId=-1, source=0x101 }
07-29 15:57:12.516  7317  7317 I Input   : injectKeyEvent: KeyEvent { action=ACTION_DOWN, keyCode=KEYCODE_DEL, scanCode=0, metaState=0, flags=0x0, repeatCount=0, eventTime=308307, downTime=308307, deviceId=-1, source=0x101 }
07-29 15:57:12.517  7317  7317 I Input   : injectKeyEvent: KeyEvent { action=ACTION_UP, keyCode=KEYCODE_DEL, scanCode=0, metaState=0, flags=0x0, repeatCount=0, eventTime=308307, downTime=308307, deviceId=-1, source=0x101 }
07-29 15:57:12.517  7317  7317 I Input   : injectKeyEvent: KeyEvent { action=ACTION_DOWN, keyCode=KEYCODE_DEL, scanCode=0, metaState=0, flags=0x0, repeatCount=0, eventTime=308308, downTime=308308, deviceId=-1, source=0x101 }
07-29 15:57:12.518  7317  7317 I Input   : injectKeyEvent: KeyEvent { action=ACTION_UP, keyCode=KEYCODE_DEL, scanCode=0, metaState=0, flags=0x0, repeatCount=0, eventTime=308308, downTime=308308, deviceId=-1, source=0x101 }
07-29 15:57:12.519  7317  7317 I Input   : injectKeyEvent: KeyEvent { action=ACTION_DOWN, keyCode=KEYCODE_DEL, scanCode=0, metaState=0, flags=0x0, repeatCount=0, eventTime=308310, downTime=308310, deviceId=-1, source=0x101 }
07-29 15:57:12.520  7317  7317 I Input   : injectKeyEvent: KeyEvent { action=ACTION_UP, keyCode=KEYCODE_DEL, scanCode=0, metaState=0, flags=0x0, repeatCount=0, eventTime=308310, downTime=308310, deviceId=-1, source=0x101 }
07-29 15:57:12.520  7317  7317 I Input   : injectKeyEvent: KeyEvent { action=ACTION_DOWN, keyCode=KEYCODE_DEL, scanCode=0, metaState=0, flags=0x0, repeatCount=0, eventTime=308311, downTime=308311, deviceId=-1, source=0x101 }
07-29 15:57:12.521  7317  7317 I Input   : injectKeyEvent: KeyEvent { action=ACTION_UP, keyCode=KEYCODE_DEL, scanCode=0, metaState=0, flags=0x0, repeatCount=0, eventTime=308311, downTime=308311, deviceId=-1, source=0x101 }
07-29 15:57:12.522  7317  7317 I Input   : injectKeyEvent: KeyEvent { action=ACTION_DOWN, keyCode=KEYCODE_DEL, scanCode=0, metaState=0, flags=0x0, repeatCount=0, eventTime=308313, downTime=308313, deviceId=-1, source=0x101 }
07-29 15:57:12.523  7317  7317 I Input   : injectKeyEvent: KeyEvent { action=ACTION_UP, keyCode=KEYCODE_DEL, scanCode=0, metaState=0, flags=0x0, repeatCount=0, eventTime=308313, downTime=308313, deviceId=-1, source=0x101 }
07-29 15:57:12.524  7317  7317 I Input   : injectKeyEvent: KeyEvent { action=ACTION_DOWN, keyCode=KEYCODE_DEL, scanCode=0, metaState=0, flags=0x0, repeatCount=0, eventTime=308315, downTime=308315, deviceId=-1, source=0x101 }
07-29 15:57:12.525  7317  7317 I Input   : injectKeyEvent: KeyEvent { action=ACTION_UP, keyCode=KEYCODE_DEL, scanCode=0, metaState=0, flags=0x0, repeatCount=0, eventTime=308315, downTime=308315, deviceId=-1, source=0x101 }
07-29 15:57:12.527  7317  7317 D AndroidRuntime: Shutting down VM
07-29 15:57:12.913  7326  7326 D AndroidRuntime: >>>>>> START com.android.internal.os.RuntimeInit uid 0 <<<<<<
07-29 15:57:12.916  7326  7326 D AndroidRuntime: CheckJNI is OFF
07-29 15:57:12.928  7326  7326 D ICU     : No timezone override file found: /data/misc/zoneinfo/current/icu/icu_tzdata.dat
07-29 15:57:12.940  7326  7326 E memtrack: Couldn't load memtrack module (No such file or directory)
07-29 15:57:12.940  7326  7326 E android.os.Debug: failed to load memtrack module: -2
07-29 15:57:12.941  7326  7326 I Radio-JNI: register_android_hardware_Radio DONE
07-29 15:57:12.948  7326  7326 D AndroidRuntime: Calling main entry com.android.commands.input.Input
07-29 15:57:12.950  7326  7326 I Input   : injectKeyEvent: KeyEvent { action=ACTION_DOWN, keyCode=KEYCODE_SHIFT_LEFT, scanCode=0, metaState=META_SHIFT_ON|META_SHIFT_LEFT_ON, flags=0x0, repeatCount=0, eventTime=308741, downTime=308741, deviceId=-1, source=0x101 }
07-29 15:57:12.951  7326  7326 I Input   : injectKeyEvent: KeyEvent { action=ACTION_DOWN, keyCode=KEYCODE_T, scanCode=0, metaState=META_SHIFT_ON|META_SHIFT_LEFT_ON, flags=0x0, repeatCount=0, eventTime=308741, downTime=308741, deviceId=-1, source=0x101 }
07-29 15:57:12.952  1633  1633 D leak-66 : Eastern Standard Time
07-29 15:57:12.952  1633  1633 D leak-65 : Eastern Standard Time
07-29 15:57:12.954  1633  1633 D leak-67 : Eastern Standard Time
07-29 15:57:12.954  1633  1633 D leak-962: Eastern Standard Time
07-29 15:57:12.954  1633  1633 D leak-959: Eastern Standard Time
07-29 15:57:12.954  1633  1633 D leak-935: Eastern Standard Time
07-29 15:57:12.954  1633  1633 D leak-960: Eastern Standard Time
07-29 15:57:12.954  1633  1633 D leak-938: Eastern Standard Time
07-29 15:57:12.954  1633  1633 D leak-69 : Eastern Standard Time
07-29 15:57:12.955  7326  7326 I Input   : injectKeyEvent: KeyEvent { action=ACTION_UP, keyCode=KEYCODE_T, scanCode=0, metaState=META_SHIFT_ON|META_SHIFT_LEFT_ON, flags=0x0, repeatCount=0, eventTime=308741, downTime=308741, deviceId=-1, source=0x101 }
07-29 15:57:12.956  7326  7326 I Input   : injectKeyEvent: KeyEvent { action=ACTION_UP, keyCode=KEYCODE_SHIFT_LEFT, scanCode=0, metaState=0, flags=0x0, repeatCount=0, eventTime=308741, downTime=308741, deviceId=-1, source=0x101 }
07-29 15:57:12.957  7326  7326 I Input   : injectKeyEvent: KeyEvent { action=ACTION_DOWN, keyCode=KEYCODE_E, scanCode=0, metaState=0, flags=0x0, repeatCount=0, eventTime=308741, downTime=308741, deviceId=-1, source=0x101 }
07-29 15:57:12.958  1633  1633 D leak-66 : Eastern Standard Time
07-29 15:57:12.958  1633  1633 D leak-65 : Eastern Standard Time
07-29 15:57:12.959  1633  1633 D leak-67 : Eastern Standard Time
07-29 15:57:12.959  1633  1633 D leak-962: Eastern Standard Time
07-29 15:57:12.959  1633  1633 D leak-959: Eastern Standard Time
07-29 15:57:12.959  1633  1633 D leak-935: Eastern Standard Time
07-29 15:57:12.959  1633  1633 D leak-960: Eastern Standard Time
07-29 15:57:12.959  1633  1633 D leak-938: Eastern Standard Time
07-29 15:57:12.959  1633  1633 D leak-69 : Eastern Standard Time
07-29 15:57:12.960  7326  7326 I Input   : injectKeyEvent: KeyEvent { action=ACTION_UP, keyCode=KEYCODE_E, scanCode=0, metaState=0, flags=0x0, repeatCount=0, eventTime=308741, downTime=308741, deviceId=-1, source=0x101 }
07-29 15:57:12.961  7326  7326 I Input   : injectKeyEvent: KeyEvent { action=ACTION_DOWN, keyCode=KEYCODE_S, scanCode=0, metaState=0, flags=0x0, repeatCount=0, eventTime=308741, downTime=308741, deviceId=-1, source=0x101 }
07-29 15:57:12.962  1633  1633 D leak-66 : Eastern Standard Time
07-29 15:57:12.962  1633  1633 D leak-65 : Eastern Standard Time
07-29 15:57:12.963  1633  1633 D leak-67 : Eastern Standard Time
07-29 15:57:12.963  1633  1633 D leak-962: Eastern Standard Time
07-29 15:57:12.963  1633  1633 D leak-959: Eastern Standard Time
07-29 15:57:12.963  1633  1633 D leak-935: Eastern Standard Time
07-29 15:57:12.963  1633  1633 D leak-960: Eastern Standard Time
07-29 15:57:12.963  1633  1633 D leak-938: Eastern Standard Time
07-29 15:57:12.963  1633  1633 D leak-69 : Eastern Standard Time
07-29 15:57:12.964  7326  7326 I Input   : injectKeyEvent: KeyEvent { action=ACTION_UP, keyCode=KEYCODE_S, scanCode=0, metaState=0, flags=0x0, repeatCount=0, eventTime=308741, downTime=308741, deviceId=-1, source=0x101 }
07-29 15:57:12.965  7326  7326 I Input   : injectKeyEvent: KeyEvent { action=ACTION_DOWN, keyCode=KEYCODE_T, scanCode=0, metaState=0, flags=0x0, repeatCount=0, eventTime=308741, downTime=308741, deviceId=-1, source=0x101 }
07-29 15:57:12.966  1633  1633 D leak-66 : Eastern Standard Time
07-29 15:57:12.966  1633  1633 D leak-65 : Eastern Standard Time
07-29 15:57:12.966  1633  1633 D leak-67 : Eastern Standard Time
07-29 15:57:12.966  1633  1633 D leak-962: Eastern Standard Time
07-29 15:57:12.966  1633  1633 D leak-959: Eastern Standard Time
07-29 15:57:12.966  1633  1633 D leak-935: Eastern Standard Time
07-29 15:57:12.966  1633  1633 D leak-960: Eastern Standard Time
07-29 15:57:12.966  1633  1633 D leak-938: Eastern Standard Time
07-29 15:57:12.966  1633  1633 D leak-69 : Eastern Standard Time
07-29 15:57:12.967  7326  7326 I Input   : injectKeyEvent: KeyEvent { action=ACTION_UP, keyCode=KEYCODE_T, scanCode=0, metaState=0, flags=0x0, repeatCount=0, eventTime=308741, downTime=308741, deviceId=-1, source=0x101 }
07-29 15:57:12.968  7326  7326 I Input   : injectKeyEvent: KeyEvent { action=ACTION_DOWN, keyCode=KEYCODE_SHIFT_LEFT, scanCode=0, metaState=META_SHIFT_ON|META_SHIFT_LEFT_ON, flags=0x0, repeatCount=0, eventTime=308741, downTime=308741, deviceId=-1, source=0x101 }
07-29 15:57:12.970  7326  7326 I Input   : injectKeyEvent: KeyEvent { action=ACTION_DOWN, keyCode=KEYCODE_T, scanCode=0, metaState=META_SHIFT_ON|META_SHIFT_LEFT_ON, flags=0x0, repeatCount=0, eventTime=308741, downTime=308741, deviceId=-1, source=0x101 }
07-29 15:57:12.971  1633  1633 D leak-66 : Eastern Standard Time
07-29 15:57:12.971  1633  1633 D leak-65 : Eastern Standard Time
07-29 15:57:12.971  1633  1633 D leak-67 : Eastern Standard Time
07-29 15:57:12.971  1633  1633 D leak-962: Eastern Standard Time
07-29 15:57:12.971  1633  1633 D leak-959: Eastern Standard Time
07-29 15:57:12.971  1633  1633 D leak-935: Eastern Standard Time
07-29 15:57:12.971  1633  1633 D leak-960: Eastern Standard Time
07-29 15:57:12.971  1633  1633 D leak-938: Eastern Standard Time
07-29 15:57:12.971  1633  1633 D leak-69 : Eastern Standard Time
07-29 15:57:12.972  7326  7326 I Input   : injectKeyEvent: KeyEvent { action=ACTION_UP, keyCode=KEYCODE_T, scanCode=0, metaState=META_SHIFT_ON|META_SHIFT_LEFT_ON, flags=0x0, repeatCount=0, eventTime=308741, downTime=308741, deviceId=-1, source=0x101 }
07-29 15:57:12.975  7326  7326 I Input   : injectKeyEvent: KeyEvent { action=ACTION_UP, keyCode=KEYCODE_SHIFT_LEFT, scanCode=0, metaState=0, flags=0x0, repeatCount=0, eventTime=308741, downTime=308741, deviceId=-1, source=0x101 }
07-29 15:57:12.976  7326  7326 I Input   : injectKeyEvent: KeyEvent { action=ACTION_DOWN, keyCode=KEYCODE_E, scanCode=0, metaState=0, flags=0x0, repeatCount=0, eventTime=308741, downTime=308741, deviceId=-1, source=0x101 }
07-29 15:57:12.977  1633  1633 D leak-66 : Eastern Standard Time
07-29 15:57:12.977  1633  1633 D leak-65 : Eastern Standard Time
07-29 15:57:12.978  1633  1633 D leak-67 : Eastern Standard Time
07-29 15:57:12.978  1633  1633 D leak-962: Eastern Standard Time
07-29 15:57:12.978  1633  1633 D leak-959: Eastern Standard Time
07-29 15:57:12.978  1633  1633 D leak-935: Eastern Standard Time
07-29 15:57:12.978  1633  1633 D leak-960: Eastern Standard Time
07-29 15:57:12.978  1633  1633 D leak-938: Eastern Standard Time
07-29 15:57:12.978  1633  1633 D leak-69 : Eastern Standard Time
07-29 15:57:12.980  7326  7326 I Input   : injectKeyEvent: KeyEvent { action=ACTION_UP, keyCode=KEYCODE_E, scanCode=0, metaState=0, flags=0x0, repeatCount=0, eventTime=308741, downTime=308741, deviceId=-1, source=0x101 }
07-29 15:57:12.981  7326  7326 I Input   : injectKeyEvent: KeyEvent { action=ACTION_DOWN, keyCode=KEYCODE_S, scanCode=0, metaState=0, flags=0x0, repeatCount=0, eventTime=308741, downTime=308741, deviceId=-1, source=0x101 }
07-29 15:57:12.981  1633  1633 D leak-66 : Eastern Standard Time
07-29 15:57:12.981  1633  1633 D leak-65 : Eastern Standard Time
07-29 15:57:12.982  1633  1633 D leak-67 : Eastern Standard Time
07-29 15:57:12.982  1633  1633 D leak-962: Eastern Standard Time
07-29 15:57:12.982  1633  1633 D leak-959: Eastern Standard Time
07-29 15:57:12.982  1633  1633 D leak-935: Eastern Standard Time
07-29 15:57:12.982  1633  1633 D leak-960: Eastern Standard Time
07-29 15:57:12.982  1633  1633 D leak-938: Eastern Standard Time
07-29 15:57:12.982  1633  1633 D leak-69 : Eastern Standard Time
07-29 15:57:12.986  7326  7326 I Input   : injectKeyEvent: KeyEvent { action=ACTION_UP, keyCode=KEYCODE_S, scanCode=0, metaState=0, flags=0x0, repeatCount=0, eventTime=308741, downTime=308741, deviceId=-1, source=0x101 }
07-29 15:57:12.988  7326  7326 I Input   : injectKeyEvent: KeyEvent { action=ACTION_DOWN, keyCode=KEYCODE_T, scanCode=0, metaState=0, flags=0x0, repeatCount=0, eventTime=308741, downTime=308741, deviceId=-1, source=0x101 }
07-29 15:57:12.989  1633  1633 D leak-66 : Eastern Standard Time
07-29 15:57:12.989  1633  1633 D leak-65 : Eastern Standard Time
07-29 15:57:12.990  1633  1633 D leak-67 : Eastern Standard Time
07-29 15:57:12.990  1633  1633 D leak-962: Eastern Standard Time
07-29 15:57:12.990  1633  1633 D leak-959: Eastern Standard Time
07-29 15:57:12.990  1633  1633 D leak-935: Eastern Standard Time
07-29 15:57:12.990  1633  1633 D leak-960: Eastern Standard Time
07-29 15:57:12.990  1633  1633 D leak-938: Eastern Standard Time
07-29 15:57:12.990  1633  1633 D leak-69 : Eastern Standard Time
07-29 15:57:12.990  7326  7326 I Input   : injectKeyEvent: KeyEvent { action=ACTION_UP, keyCode=KEYCODE_T, scanCode=0, metaState=0, flags=0x0, repeatCount=0, eventTime=308741, downTime=308741, deviceId=-1, source=0x101 }
07-29 15:57:12.991  7326  7326 I Input   : injectKeyEvent: KeyEvent { action=ACTION_DOWN, keyCode=KEYCODE_SPACE, scanCode=0, metaState=0, flags=0x0, repeatCount=0, eventTime=308741, downTime=308741, deviceId=-1, source=0x101 }
07-29 15:57:12.991  1633  1633 D leak-66 : Eastern Standard Time
07-29 15:57:12.991  1633  1633 D leak-65 : Eastern Standard Time
07-29 15:57:12.992  1633  1633 D leak-67 : Eastern Standard Time
07-29 15:57:12.992  1633  1633 D leak-962: Eastern Standard Time
07-29 15:57:12.992  1633  1633 D leak-959: Eastern Standard Time
07-29 15:57:12.992  1633  1633 D leak-935: Eastern Standard Time
07-29 15:57:12.992  1633  1633 D leak-960: Eastern Standard Time
07-29 15:57:12.992  1633  1633 D leak-938: Eastern Standard Time
07-29 15:57:12.992  1633  1633 D leak-69 : Eastern Standard Time
07-29 15:57:12.994  7326  7326 I Input   : injectKeyEvent: KeyEvent { action=ACTION_UP, keyCode=KEYCODE_SPACE, scanCode=0, metaState=0, flags=0x0, repeatCount=0, eventTime=308741, downTime=308741, deviceId=-1, source=0x101 }
07-29 15:57:12.995   794  1052 I LatinIME:LogUtils: Dictionary info: dictionary = spellcheck_contacts.en_US ; version = 1564430232 ; date = ?
07-29 15:57:12.996   599   726 I AccountManagerService: getTypesVisibleToCaller: isPermitted? true
07-29 15:57:12.996  7326  7326 I Input   : injectKeyEvent: KeyEvent { action=ACTION_DOWN, keyCode=KEYCODE_SHIFT_LEFT, scanCode=0, metaState=META_SHIFT_ON|META_SHIFT_LEFT_ON, flags=0x0, repeatCount=0, eventTime=308741, downTime=308741, deviceId=-1, source=0x101 }
