E/android.os.Debug( 3173): failed to load memtrack module: -2
D/AndroidRuntime( 3173): Calling main entry com.android.commands.uiautomator.Launcher
D/leak-100( 2953): Eastern Standard Time
D/leak-100( 2953): Eastern Standard Time
I/AccessibilityNodeInfoDumper( 3173): Skipping invisible child: android.view.accessibility.AccessibilityNodeInfo@8000ee89; boundsInParent: Rect(0, 0 - 1200, 60); boundsInScreen: Rect(0, 2518 - 1200, 1824); packageName: com.jvillalba.apod.classic; className: android.widget.TextView; text: A Busy Space Walk at the Space Station; error: null; maxTextLength: -1; contentDescription: null; viewIdResName: com.jvillalba.apod.classic:id/textViewAPOD; checkable: false; checked: false; focusable: false; focused: false; selected: false; clickable: false; longClickable: false; enabled: true; password: false; scrollable: false; actions: [AccessibilityAction: ACTION_SELECT - null, AccessibilityAction: ACTION_CLEAR_SELECTION - null, AccessibilityAction: ACTION_ACCESSIBILITY_FOCUS - null, AccessibilityAction: ACTION_NEXT_AT_MOVEMENT_GRANULARITY - null, AccessibilityAction: ACTION_PREVIOUS_AT_MOVEMENT_GRANULARITY - null, AccessibilityAction: ACTION_SET_SELECTION - null]
W/AccessibilityNodeInfoDumper( 3173): Fetch time: 12ms
W/WindowManager(  536): Attempted to remove non-existing token: android.os.Binder@36df3136
D/AndroidRuntime( 3173): Shutting down VM
D/AndroidRuntime( 3202): >>>>>> START com.android.internal.os.RuntimeInit uid 0 <<<<<<
D/AndroidRuntime( 3202): CheckJNI is OFF
E/memtrack( 3202): Couldn't load memtrack module (No such file or directory)
E/android.os.Debug( 3202): failed to load memtrack module: -2
D/AndroidRuntime( 3202): Calling main entry com.android.commands.uiautomator.Launcher
D/leak-100( 2953): Eastern Standard Time
D/leak-100( 2953): Eastern Standard Time
I/AccessibilityNodeInfoDumper( 3202): Skipping invisible child: android.view.accessibility.AccessibilityNodeInfo@8000ee92; boundsInParent: Rect(0, 0 - 1200, 60); boundsInScreen: Rect(0, 2518 - 1200, 1824); packageName: com.jvillalba.apod.classic; className: android.widget.TextView; text: A Busy Space Walk at the Space Station; error: null; maxTextLength: -1; contentDescription: null; viewIdResName: com.jvillalba.apod.classic:id/textViewAPOD; checkable: false; checked: false; focusable: false; focused: false; selected: false; clickable: false; longClickable: false; enabled: true; password: false; scrollable: false; actions: [AccessibilityAction: ACTION_SELECT - null, AccessibilityAction: ACTION_CLEAR_SELECTION - null, AccessibilityAction: ACTION_ACCESSIBILITY_FOCUS - null, AccessibilityAction: ACTION_NEXT_AT_MOVEMENT_GRANULARITY - null, AccessibilityAction: ACTION_PREVIOUS_AT_MOVEMENT_GRANULARITY - null, AccessibilityAction: ACTION_SET_SELECTION - null]
W/AccessibilityNodeInfoDumper( 3202): Fetch time: 13ms
W/WindowManager(  536): Attempted to remove non-existing token: android.os.Binder@23ca9837
D/AndroidRuntime( 3202): Shutting down VM
D/AndroidRuntime( 3225): >>>>>> START com.android.internal.os.RuntimeInit uid 0 <<<<<<
D/AndroidRuntime( 3225): CheckJNI is OFF
E/memtrack( 3225): Couldn't load memtrack module (No such file or directory)
E/android.os.Debug( 3225): failed to load memtrack module: -2
D/AndroidRuntime( 3225): Calling main entry com.android.commands.uiautomator.Launcher
D/leak-100( 2953): Eastern Standard Time
D/leak-100( 2953): Eastern Standard Time
I/AccessibilityNodeInfoDumper( 3225): Skipping invisible child: android.view.accessibility.AccessibilityNodeInfo@8000ee9a; boundsInParent: Rect(0, 0 - 1200, 60); boundsInScreen: Rect(0, 2518 - 1200, 1824); packageName: com.jvillalba.apod.classic; className: android.widget.TextView; text: A Busy Space Walk at the Space Station; error: null; maxTextLength: -1; contentDescription: null; viewIdResName: com.jvillalba.apod.classic:id/textViewAPOD; checkable: false; checked: false; focusable: false; focused: false; selected: false; clickable: false; longClickable: false; enabled: true; password: false; scrollable: false; actions: [AccessibilityAction: ACTION_SELECT - null, AccessibilityAction: ACTION_CLEAR_SELECTION - null, AccessibilityAction: ACTION_ACCESSIBILITY_FOCUS - null, AccessibilityAction: ACTION_NEXT_AT_MOVEMENT_GRANULARITY - null, AccessibilityAction: ACTION_PREVIOUS_AT_MOVEMENT_GRANULARITY - null, AccessibilityAction: ACTION_SET_SELECTION - null]
W/AccessibilityNodeInfoDumper( 3225): Fetch time: 12ms
W/WindowManager(  536): Attempted to remove non-existing token: android.os.Binder@292dc1a4
D/AndroidRuntime( 3225): Shutting down VM
D/AndroidRuntime( 3253): >>>>>> START com.android.internal.os.RuntimeInit uid 0 <<<<<<
D/AndroidRuntime( 3253): CheckJNI is OFF
E/memtrack( 3253): Couldn't load memtrack module (No such file or directory)
E/android.os.Debug( 3253): failed to load memtrack module: -2
D/AndroidRuntime( 3253): Calling main entry com.android.commands.uiautomator.Launcher
D/leak-100( 2953): Eastern Standard Time
I/art     (  536): Explicit concurrent mark sweep GC freed 40540(2MB) AllocSpace objects, 35(560KB) LOS objects, 33% free, 10MB/15MB, paused 362us total 14.775ms
D/leak-100( 2953): Eastern Standard Time
I/AccessibilityNodeInfoDumper( 3253): Skipping invisible child: android.view.accessibility.AccessibilityNodeInfo@8000eea4; boundsInParent: Rect(0, 0 - 1200, 60); boundsInScreen: Rect(0, 2518 - 1200, 1824); packageName: com.jvillalba.apod.classic; className: android.widget.TextView; text: A Busy Space Walk at the Space Station; error: null; maxTextLength: -1; contentDescription: null; viewIdResName: com.jvillalba.apod.classic:id/textViewAPOD; checkable: false; checked: false; focusable: false; focused: false; selected: false; clickable: false; longClickable: false; enabled: true; password: false; scrollable: false; actions: [AccessibilityAction: ACTION_SELECT - null, AccessibilityAction: ACTION_CLEAR_SELECTION - null, AccessibilityAction: ACTION_ACCESSIBILITY_FOCUS - null, AccessibilityAction: ACTION_NEXT_AT_MOVEMENT_GRANULARITY - null, AccessibilityAction: ACTION_PREVIOUS_AT_MOVEMENT_GRANULARITY - null, AccessibilityAction: ACTION_SET_SELECTION - null]
W/AccessibilityNodeInfoDumper( 3253): Fetch time: 12ms
W/WindowManager(  536): Attempted to remove non-existing token: android.os.Binder@22539b0d
D/AndroidRuntime( 3253): Shutting down VM
D/AndroidRuntime( 3276): >>>>>> START com.android.internal.os.RuntimeInit uid 0 <<<<<<
D/AndroidRuntime( 3276): CheckJNI is OFF
E/memtrack( 3276): Couldn't load memtrack module (No such file or directory)
E/android.os.Debug( 3276): failed to load memtrack module: -2
D/AndroidRuntime( 3276): Calling main entry com.android.commands.uiautomator.Launcher
D/leak-100( 2953): Eastern Standard Time
D/leak-100( 2953): Eastern Standard Time
I/AccessibilityNodeInfoDumper( 3276): Skipping invisible child: android.view.accessibility.AccessibilityNodeInfo@8000eeb0; boundsInParent: Rect(0, 0 - 1200, 60); boundsInScreen: Rect(0, 2518 - 1200, 1824); packageName: com.jvillalba.apod.classic; className: android.widget.TextView; text: A Busy Space Walk at the Space Station; error: null; maxTextLength: -1; contentDescription: null; viewIdResName: com.jvillalba.apod.classic:id/textViewAPOD; checkable: false; checked: false; focusable: false; focused: false; selected: false; clickable: false; longClickable: false; enabled: true; password: false; scrollable: false; actions: [AccessibilityAction: ACTION_SELECT - null, AccessibilityAction: ACTION_CLEAR_SELECTION - null, AccessibilityAction: ACTION_ACCESSIBILITY_FOCUS - null, AccessibilityAction: ACTION_NEXT_AT_MOVEMENT_GRANULARITY - null, AccessibilityAction: ACTION_PREVIOUS_AT_MOVEMENT_GRANULARITY - null, AccessibilityAction: ACTION_SET_SELECTION - null]
W/AccessibilityNodeInfoDumper( 3276): Fetch time: 15ms
W/WindowManager(  536): Attempted to remove non-existing token: android.os.Binder@2ba680d3
D/AndroidRuntime( 3276): Shutting down VM
D/AndroidRuntime( 3304): >>>>>> START com.android.internal.os.RuntimeInit uid 0 <<<<<<
D/AndroidRuntime( 3304): CheckJNI is OFF
E/memtrack( 3304): Couldn't load memtrack module (No such file or directory)
E/android.os.Debug( 3304): failed to load memtrack module: -2
D/AndroidRuntime( 3304): Calling main entry com.android.commands.uiautomator.Launcher
D/leak-100( 2953): Eastern Standard Time
D/leak-100( 2953): Eastern Standard Time
I/AccessibilityNodeInfoDumper( 3304): Skipping invisible child: android.view.accessibility.AccessibilityNodeInfo@8000eeb5; boundsInParent: Rect(0, 0 - 1200, 60); boundsInScreen: Rect(0, 2518 - 1200, 1824); packageName: com.jvillalba.apod.classic; className: android.widget.TextView; text: A Busy Space Walk at the Space Station; error: null; maxTextLength: -1; contentDescription: null; viewIdResName: com.jvillalba.apod.classic:id/textViewAPOD; checkable: false; checked: false; focusable: false; focused: false; selected: false; clickable: false; longClickable: false; enabled: true; password: false; scrollable: false; actions: [AccessibilityAction: ACTION_SELECT - null, AccessibilityAction: ACTION_CLEAR_SELECTION - null, AccessibilityAction: ACTION_ACCESSIBILITY_FOCUS - null, AccessibilityAction: ACTION_NEXT_AT_MOVEMENT_GRANULARITY - null, AccessibilityAction: ACTION_PREVIOUS_AT_MOVEMENT_GRANULARITY - null, AccessibilityAction: ACTION_SET_SELECTION - null]
W/AccessibilityNodeInfoDumper( 3304): Fetch time: 13ms
W/WindowManager(  536): Attempted to remove non-existing token: android.os.Binder@7575410
D/AndroidRuntime( 3304): Shutting down VM
D/AndroidRuntime( 3327): >>>>>> START com.android.internal.os.RuntimeInit uid 0 <<<<<<
D/AndroidRuntime( 3327): CheckJNI is OFF
E/memtrack( 3327): Couldn't load memtrack module (No such file or directory)
E/android.os.Debug( 3327): failed to load memtrack module: -2
D/AndroidRuntime( 3327): Calling main entry com.android.commands.uiautomator.Launcher
D/leak-100( 2953): Eastern Standard Time
D/leak-100( 2953): Eastern Standard Time
I/AccessibilityNodeInfoDumper( 3327): Skipping invisible child: android.view.accessibility.AccessibilityNodeInfo@8000eec1; boundsInParent: Rect(0, 0 - 1200, 60); boundsInScreen: Rect(0, 2518 - 1200, 1824); packageName: com.jvillalba.apod.classic; className: android.widget.TextView; text: A Busy Space Walk at the Space Station; error: null; maxTextLength: -1; contentDescription: null; viewIdResName: com.jvillalba.apod.classic:id/textViewAPOD; checkable: false; checked: false; focusable: false; focused: false; selected: false; clickable: false; longClickable: false; enabled: true; password: false; scrollable: false; actions: [AccessibilityAction: ACTION_SELECT - null, AccessibilityAction: ACTION_CLEAR_SELECTION - null, AccessibilityAction: ACTION_ACCESSIBILITY_FOCUS - null, AccessibilityAction: ACTION_NEXT_AT_MOVEMENT_GRANULARITY - null, AccessibilityAction: ACTION_PREVIOUS_AT_MOVEMENT_GRANULARITY - null, AccessibilityAction: ACTION_SET_SELECTION - null]
W/AccessibilityNodeInfoDumper( 3327): Fetch time: 13ms
W/WindowManager(  536): Attempted to remove non-existing token: android.os.Binder@102bdb09
D/AndroidRuntime( 3327): Shutting down VM
D/AndroidRuntime( 3357): >>>>>> START com.android.internal.os.RuntimeInit uid 0 <<<<<<
D/AndroidRuntime( 3357): CheckJNI is OFF
E/memtrack( 3357): Couldn't load memtrack module (No such file or directory)
E/android.os.Debug( 3357): failed to load memtrack module: -2
D/AndroidRuntime( 3357): Calling main entry com.android.commands.uiautomator.Launcher
D/leak-100( 2953): Eastern Standard Time
D/leak-100( 2953): Eastern Standard Time
I/AccessibilityNodeInfoDumper( 3357): Skipping invisible child: android.view.accessibility.AccessibilityNodeInfo@8000eec8; boundsInParent: Rect(0, 0 - 1200, 60); boundsInScreen: Rect(0, 2518 - 1200, 1824); packageName: com.jvillalba.apod.classic; className: android.widget.TextView; text: A Busy Space Walk at the Space Station; error: null; maxTextLength: -1; contentDescription: null; viewIdResName: com.jvillalba.apod.classic:id/textViewAPOD; checkable: false; checked: false; focusable: false; focused: false; selected: false; clickable: false; longClickable: false; enabled: true; password: false; scrollable: false; actions: [AccessibilityAction: ACTION_SELECT - null, AccessibilityAction: ACTION_CLEAR_SELECTION - null, AccessibilityAction: ACTION_ACCESSIBILITY_FOCUS - null, AccessibilityAction: ACTION_NEXT_AT_MOVEMENT_GRANULARITY - null, AccessibilityAction: ACTION_PREVIOUS_AT_MOVEMENT_GRANULARITY - null, AccessibilityAction: ACTION_SET_SELECTION - null]
W/AccessibilityNodeInfoDumper( 3357): Fetch time: 13ms
W/WindowManager(  536): Attempted to remove non-existing token: android.os.Binder@315f310e
D/AndroidRuntime( 3357): Shutting down VM
D/AndroidRuntime( 3380): >>>>>> START com.android.internal.os.RuntimeInit uid 0 <<<<<<
D/AndroidRuntime( 3380): CheckJNI is OFF
E/memtrack( 3380): Couldn't load memtrack module (No such file or directory)
E/android.os.Debug( 3380): failed to load memtrack module: -2
D/AndroidRuntime( 3380): Calling main entry com.android.commands.uiautomator.Launcher
D/leak-100( 2953): Eastern Standard Time
D/leak-100( 2953): Eastern Standard Time
I/AccessibilityNodeInfoDumper( 3380): Skipping invisible child: android.view.accessibility.AccessibilityNodeInfo@8000eed2; boundsInParent: Rect(0, 0 - 1200, 60); boundsInScreen: Rect(0, 2518 - 1200, 1824); packageName: com.jvillalba.apod.classic; className: android.widget.TextView; text: A Busy Space Walk at the Space Station; error: null; maxTextLength: -1; contentDescription: null; viewIdResName: com.jvillalba.apod.classic:id/textViewAPOD; checkable: false; checked: false; focusable: false; focused: false; selected: false; clickable: false; longClickable: false; enabled: true; password: false; scrollable: false; actions: [AccessibilityAction: ACTION_SELECT - null, AccessibilityAction: ACTION_CLEAR_SELECTION - null, AccessibilityAction: ACTION_ACCESSIBILITY_FOCUS - null, AccessibilityAction: ACTION_NEXT_AT_MOVEMENT_GRANULARITY - null, AccessibilityAction: ACTION_PREVIOUS_AT_MOVEMENT_GRANULARITY - null, AccessibilityAction: ACTION_SET_SELECTION - null]
W/AccessibilityNodeInfoDumper( 3380): Fetch time: 11ms
W/WindowManager(  536): Attempted to remove non-existing token: android.os.Binder@54e572f
D/AndroidRuntime( 3380): Shutting down VM
D/AndroidRuntime( 3398): >>>>>> START com.android.internal.os.RuntimeInit uid 0 <<<<<<
D/AndroidRuntime( 3398): CheckJNI is OFF
E/memtrack( 3398): Couldn't load memtrack module (No such file or directory)
E/android.os.Debug( 3398): failed to load memtrack module: -2
D/AndroidRuntime( 3398): Calling main entry com.android.commands.input.Input
I/Input   ( 3398): injectMotionEvent: MotionEvent { action=ACTION_DOWN, id[0]=0, x[0]=600.0, y[0]=1378.0, toolType[0]=TOOL_TYPE_UNKNOWN, buttonState=0, metaState=0, flags=0x0, edgeFlags=0x0, pointerCount=1, historySize=0, eventTime=18910737, downTime=18910737, deviceId=0, source=0x1002 }
I/Input   ( 3398): injectMotionEvent: MotionEvent { action=ACTION_UP, id[0]=0, x[0]=600.0, y[0]=1378.0, toolType[0]=TOOL_TYPE_UNKNOWN, buttonState=0, metaState=0, flags=0x0, edgeFlags=0x0, pointerCount=1, historySize=0, eventTime=18910737, downTime=18910737, deviceId=0, source=0x1002 }
D/leak-103( 2953): Eastern Standard Time
D/AndroidRuntime( 3398): Shutting down VM
D/leak-19 ( 2953): Eastern Standard Time
D/leak-20 ( 2953): Eastern Standard Time
I/ActivityManager(  536): START u0 {cmp=com.jvillalba.apod.classic/.activities.ViewActivity (has extras)} from uid 10062 on display 0
W/AudioTrack(  536): AUDIO_OUTPUT_FLAG_FAST denied by client
V/WindowManager(  536): addAppToken: AppWindowToken{161501a token=Token{2b2e1ec5 ActivityRecord{3e45a13c u0 com.jvillalba.apod.classic/.activities.ViewActivity t7}}} to stack=1 task=7 at 1
D/leak-43 ( 2953): Eastern Standard Time
D/leak-64 ( 2953): Eastern Standard Time
D/leak-83 ( 2953): Eastern Standard Time
D/leak-81 ( 2953): Eastern Standard Time
D/leak-65 ( 2953): Eastern Standard Time
D/leak-66 ( 2953): Eastern Standard Time
D/leak-71 ( 2953): Eastern Standard Time
D/leak-65 ( 2953): Eastern Standard Time
D/leak-66 ( 2953): Eastern Standard Time
D/leak-69 ( 2953): Eastern Standard Time
D/leak-65 ( 2953): Eastern Standard Time
D/leak-66 ( 2953): Eastern Standard Time
D/leak-67 ( 2953): Eastern Standard Time
D/leak-73 ( 2953): Eastern Standard Time
V/WindowManager(  536): Adding window Window{13699528 u0 com.jvillalba.apod.classic/com.jvillalba.apod.classic.activities.ViewActivity} at 3 of 9 (after Window{386b697b u0 com.jvillalba.apod.classic/com.jvillalba.apod.classic.activities.MainActivity})
W/EGL_emulation( 2953): eglSurfaceAttrib not implemented
W/OpenGLRenderer( 2953): Failed to set EGL_SWAP_BEHAVIOR on surface 0xe219eec0, error=EGL_SUCCESS
D/leak-45 ( 2953): Eastern Standard Time
I/ActivityManager(  536): Displayed com.jvillalba.apod.classic/.activities.ViewActivity: +289ms
D/AndroidRuntime( 3743): >>>>>> START com.android.internal.os.RuntimeInit uid 0 <<<<<<
D/AndroidRuntime( 3743): CheckJNI is OFF
E/memtrack( 3743): Couldn't load memtrack module (No such file or directory)
E/android.os.Debug( 3743): failed to load memtrack module: -2
D/AndroidRuntime( 3743): Calling main entry com.android.commands.uiautomator.Launcher
W/AccessibilityNodeInfoDumper( 3743): Fetch time: 2ms
W/WindowManager(  536): Attempted to remove non-existing token: android.os.Binder@222fe140
D/AndroidRuntime( 3743): Shutting down VM
D/AndroidRuntime( 3772): >>>>>> START com.android.internal.os.RuntimeInit uid 0 <<<<<<
D/AndroidRuntime( 3772): CheckJNI is OFF
E/memtrack( 3772): Couldn't load memtrack module (No such file or directory)
E/android.os.Debug( 3772): failed to load memtrack module: -2
D/AndroidRuntime( 3772): Calling main entry com.android.commands.uiautomator.Launcher
W/AccessibilityNodeInfoDumper( 3772): Fetch time: 2ms
W/WindowManager(  536): Attempted to remove non-existing token: android.os.Binder@1c849879
D/AndroidRuntime( 3772): Shutting down VM
D/AndroidRuntime( 3795): >>>>>> START com.android.internal.os.RuntimeInit uid 0 <<<<<<
D/AndroidRuntime( 3795): CheckJNI is OFF
E/memtrack( 3795): Couldn't load memtrack module (No such file or directory)
E/android.os.Debug( 3795): failed to load memtrack module: -2
D/AndroidRuntime( 3795): Calling main entry com.android.commands.uiautomator.Launcher
I/art     (  536): Explicit concurrent mark sweep GC freed 37776(2MB) AllocSpace objects, 30(480KB) LOS objects, 33% free, 10MB/15MB, paused 460us total 14.690ms
W/AccessibilityNodeInfoDumper( 3795): Fetch time: 1ms
W/WindowManager(  536): Attempted to remove non-existing token: android.os.Binder@317ff9be
D/AndroidRuntime( 3795): Shutting down VM
D/AndroidRuntime( 3823): >>>>>> START com.android.internal.os.RuntimeInit uid 0 <<<<<<
D/AndroidRuntime( 3823): CheckJNI is OFF
E/memtrack( 3823): Couldn't load memtrack module (No such file or directory)
E/android.os.Debug( 3823): failed to load memtrack module: -2
D/AndroidRuntime( 3823): Calling main entry com.android.commands.uiautomator.Launcher
W/AccessibilityNodeInfoDumper( 3823): Fetch time: 1ms
W/WindowManager(  536): Attempted to remove non-existing token: android.os.Binder@23d1d16c
D/AndroidRuntime( 3823): Shutting down VM
D/AndroidRuntime( 3856): >>>>>> START com.android.internal.os.RuntimeInit uid 0 <<<<<<
D/AndroidRuntime( 3856): CheckJNI is OFF
E/memtrack( 3856): Couldn't load memtrack module (No such file or directory)
E/android.os.Debug( 3856): failed to load memtrack module: -2
D/AndroidRuntime( 3856): Calling main entry com.android.commands.uiautomator.Launcher
W/AccessibilityNodeInfoDumper( 3856): Fetch time: 3ms
W/WindowManager(  536): Attempted to remove non-existing token: android.os.Binder@13ad4335
D/AndroidRuntime( 3856): Shutting down VM
D/AndroidRuntime( 3887): >>>>>> START com.android.internal.os.RuntimeInit uid 0 <<<<<<
D/AndroidRuntime( 3887): CheckJNI is OFF
E/memtrack( 3887): Couldn't load memtrack module (No such file or directory)
E/android.os.Debug( 3887): failed to load memtrack module: -2
D/AndroidRuntime( 3887): Calling main entry com.android.commands.uiautomator.Launcher
W/AccessibilityNodeInfoDumper( 3887): Fetch time: 2ms
W/WindowManager(  536): Attempted to remove non-existing token: android.os.Binder@1b3df3ca
D/AndroidRuntime( 3887): Shutting down VM
D/AndroidRuntime( 3910): >>>>>> START com.android.internal.os.RuntimeInit uid 0 <<<<<<
D/AndroidRuntime( 3910): CheckJNI is OFF
E/memtrack( 3910): Couldn't load memtrack module (No such file or directory)
E/android.os.Debug( 3910): failed to load memtrack module: -2
D/AndroidRuntime( 3910): Calling main entry com.android.commands.uiautomator.Launcher
W/AccessibilityNodeInfoDumper( 3910): Fetch time: 2ms
W/WindowManager(  536): Attempted to remove non-existing token: android.os.Binder@11e4893b
D/AndroidRuntime( 3910): Shutting down VM
D/AndroidRuntime( 3938): >>>>>> START com.android.internal.os.RuntimeInit uid 0 <<<<<<
D/AndroidRuntime( 3938): CheckJNI is OFF
E/memtrack( 3938): Couldn't load memtrack module (No such file or directory)
E/android.os.Debug( 3938): failed to load memtrack module: -2
D/AndroidRuntime( 3938): Calling main entry com.android.commands.uiautomator.Launcher
W/AccessibilityNodeInfoDumper( 3938): Fetch time: 2ms
W/WindowManager(  536): Attempted to remove non-existing token: android.os.Binder@1ec09858
D/AndroidRuntime( 3938): Shutting down VM
D/AndroidRuntime( 3961): >>>>>> START com.android.internal.os.RuntimeInit uid 0 <<<<<<
D/AndroidRuntime( 3961): CheckJNI is OFF
E/memtrack( 3961): Couldn't load memtrack module (No such file or directory)
E/android.os.Debug( 3961): failed to load memtrack module: -2
D/AndroidRuntime( 3961): Calling main entry com.android.commands.uiautomator.Launcher
W/AccessibilityNodeInfoDumper( 3961): Fetch time: 2ms
W/WindowManager(  536): Attempted to remove non-existing token: android.os.Binder@327bddb1
D/AndroidRuntime( 3961): Shutting down VM
D/AndroidRuntime( 3989): >>>>>> START com.android.internal.os.RuntimeInit uid 0 <<<<<<
D/AndroidRuntime( 3989): CheckJNI is OFF
E/memtrack( 3989): Couldn't load memtrack module (No such file or directory)
E/android.os.Debug( 3989): failed to load memtrack module: -2
D/AndroidRuntime( 3989): Calling main entry com.android.commands.uiautomator.Launcher
W/AccessibilityNodeInfoDumper( 3989): Fetch time: 1ms
W/WindowManager(  536): Attempted to remove non-existing token: android.os.Binder@242f8296
D/AndroidRuntime( 3989): Shutting down VM
D/AndroidRuntime( 4012): >>>>>> START com.android.internal.os.RuntimeInit uid 0 <<<<<<
D/AndroidRuntime( 4012): CheckJNI is OFF
E/memtrack( 4012): Couldn't load memtrack module (No such file or directory)
E/android.os.Debug( 4012): failed to load memtrack module: -2
D/AndroidRuntime( 4012): Calling main entry com.android.commands.uiautomator.Launcher
I/art     (  536): Explicit concurrent mark sweep GC freed 44112(2MB) AllocSpace objects, 34(544KB) LOS objects, 33% free, 10MB/15MB, paused 656us total 13.925ms
W/AccessibilityNodeInfoDumper( 4012): Fetch time: 2ms
W/WindowManager(  536): Attempted to remove non-existing token: android.os.Binder@38087e17
D/AndroidRuntime( 4012): Shutting down VM
D/AndroidRuntime( 4042): >>>>>> START com.android.internal.os.RuntimeInit uid 0 <<<<<<
D/AndroidRuntime( 4042): CheckJNI is OFF
E/memtrack( 4042): Couldn't load memtrack module (No such file or directory)
E/android.os.Debug( 4042): failed to load memtrack module: -2
D/AndroidRuntime( 4042): Calling main entry com.android.commands.uiautomator.Launcher
W/AccessibilityNodeInfoDumper( 4042): Fetch time: 2ms
W/WindowManager(  536): Attempted to remove non-existing token: android.os.Binder@23bfa3ed
D/AndroidRuntime( 4042): Shutting down VM
D/AndroidRuntime( 4066): >>>>>> START com.android.internal.os.RuntimeInit uid 0 <<<<<<
D/AndroidRuntime( 4066): CheckJNI is OFF
E/memtrack( 4066): Couldn't load memtrack module (No such file or directory)
E/android.os.Debug( 4066): failed to load memtrack module: -2
D/AndroidRuntime( 4066): Calling main entry com.android.commands.uiautomator.Launcher
W/AccessibilityNodeInfoDumper( 4066): Fetch time: 1ms
W/WindowManager(  536): Attempted to remove non-existing token: android.os.Binder@12d93222
D/AndroidRuntime( 4066): Shutting down VM
D/AndroidRuntime( 4084): >>>>>> START com.android.internal.os.RuntimeInit uid 0 <<<<<<
D/AndroidRuntime( 4084): CheckJNI is OFF
E/memtrack( 4084): Couldn't load memtrack module (No such file or directory)
E/android.os.Debug( 4084): failed to load memtrack module: -2
D/AndroidRuntime( 4084): Calling main entry com.android.commands.input.Input
I/Input   ( 4084): injectMotionEvent: MotionEvent { action=ACTION_DOWN, id[0]=0, x[0]=600.0, y[0]=1469.0, toolType[0]=TOOL_TYPE_UNKNOWN, buttonState=0, metaState=0, flags=0x0, edgeFlags=0x0, pointerCount=1, historySize=0, eventTime=18938684, downTime=18938684, deviceId=0, source=0x1002 }
I/Input   ( 4084): injectMotionEvent: MotionEvent { action=ACTION_UP, id[0]=0, x[0]=600.0, y[0]=1469.0, toolType[0]=TOOL_TYPE_UNKNOWN, buttonState=0, metaState=0, flags=0x0, edgeFlags=0x0, pointerCount=1, historySize=0, eventTime=18938684, downTime=18938684, deviceId=0, source=0x1002 }
D/AndroidRuntime( 4084): Shutting down VM
D/AndroidRuntime( 4419): >>>>>> START com.android.internal.os.RuntimeInit uid 0 <<<<<<
D/AndroidRuntime( 4419): CheckJNI is OFF
E/memtrack( 4419): Couldn't load memtrack module (No such file or directory)
E/android.os.Debug( 4419): failed to load memtrack module: -2
D/AndroidRuntime( 4419): Calling main entry com.android.commands.uiautomator.Launcher
W/AccessibilityNodeInfoDumper( 4419): Fetch time: 2ms
W/WindowManager(  536): Attempted to remove non-existing token: android.os.Binder@1c0ce4b3
D/AndroidRuntime( 4419): Shutting down VM
D/AndroidRuntime( 4447): >>>>>> START com.android.internal.os.RuntimeInit uid 0 <<<<<<
D/AndroidRuntime( 4447): CheckJNI is OFF
E/memtrack( 4447): Couldn't load memtrack module (No such file or directory)
E/android.os.Debug( 4447): failed to load memtrack module: -2
D/AndroidRuntime( 4447): Calling main entry com.android.commands.uiautomator.Launcher
W/AccessibilityNodeInfoDumper( 4447): Fetch time: 2ms
W/WindowManager(  536): Attempted to remove non-existing token: android.os.Binder@349e1a70
D/AndroidRuntime( 4447): Shutting down VM
D/AndroidRuntime( 4470): >>>>>> START com.android.internal.os.RuntimeInit uid 0 <<<<<<
D/AndroidRuntime( 4470): CheckJNI is OFF
E/memtrack( 4470): Couldn't load memtrack module (No such file or directory)
E/android.os.Debug( 4470): failed to load memtrack module: -2
D/AndroidRuntime( 4470): Calling main entry com.android.commands.uiautomator.Launcher
W/AccessibilityNodeInfoDumper( 4470): Fetch time: 2ms
W/WindowManager(  536): Attempted to remove non-existing token: android.os.Binder@35ff91e9
D/AndroidRuntime( 4470): Shutting down VM
D/AndroidRuntime( 4498): >>>>>> START com.android.internal.os.RuntimeInit uid 0 <<<<<<
D/AndroidRuntime( 4498): CheckJNI is OFF
E/memtrack( 4498): Couldn't load memtrack module (No such file or directory)
E/android.os.Debug( 4498): failed to load memtrack module: -2
D/AndroidRuntime( 4498): Calling main entry com.android.commands.uiautomator.Launcher
W/AccessibilityNodeInfoDumper( 4498): Fetch time: 2ms
W/WindowManager(  536): Attempted to remove non-existing token: android.os.Binder@1f7c4e6e
D/AndroidRuntime( 4498): Shutting down VM
D/AndroidRuntime( 4531): >>>>>> START com.android.internal.os.RuntimeInit uid 0 <<<<<<
D/AndroidRuntime( 4531): CheckJNI is OFF
E/memtrack( 4531): Couldn't load memtrack module (No such file or directory)
E/android.os.Debug( 4531): failed to load memtrack module: -2
D/AndroidRuntime( 4531): Calling main entry com.android.commands.uiautomator.Launcher
W/AccessibilityNodeInfoDumper( 4531): Fetch time: 1ms
W/WindowManager(  536): Attempted to remove non-existing token: android.os.Binder@1ee7190f
D/AndroidRuntime( 4531): Shutting down VM
D/AndroidRuntime( 4562): >>>>>> START com.android.internal.os.RuntimeInit uid 0 <<<<<<
D/AndroidRuntime( 4562): CheckJNI is OFF
E/memtrack( 4562): Couldn't load memtrack module (No such file or directory)
E/android.os.Debug( 4562): failed to load memtrack module: -2
D/AndroidRuntime( 4562): Calling main entry com.android.commands.uiautomator.Launcher
I/art     (  536): Explicit concurrent mark sweep GC freed 48581(3MB) AllocSpace objects, 37(592KB) LOS objects, 33% free, 10MB/15MB, paused 758us total 14.936ms
W/AccessibilityNodeInfoDumper( 4562): Fetch time: 1ms
W/WindowManager(  536): Attempted to remove non-existing token: android.os.Binder@2a26d9c
D/AndroidRuntime( 4562): Shutting down VM
D/AndroidRuntime( 4585): >>>>>> START com.android.internal.os.RuntimeInit uid 0 <<<<<<
D/AndroidRuntime( 4585): CheckJNI is OFF
E/memtrack( 4585): Couldn't load memtrack module (No such file or directory)
E/android.os.Debug( 4585): failed to load memtrack module: -2
D/AndroidRuntime( 4585): Calling main entry com.android.commands.uiautomator.Launcher
W/AccessibilityNodeInfoDumper( 4585): Fetch time: 2ms
W/WindowManager(  536): Attempted to remove non-existing token: android.os.Binder@3322e37a
D/AndroidRuntime( 4585): Shutting down VM
D/AndroidRuntime( 4613): >>>>>> START com.android.internal.os.RuntimeInit uid 0 <<<<<<
D/AndroidRuntime( 4613): CheckJNI is OFF
E/memtrack( 4613): Couldn't load memtrack module (No such file or directory)
E/android.os.Debug( 4613): failed to load memtrack module: -2
D/AndroidRuntime( 4613): Calling main entry com.android.commands.uiautomator.Launcher
W/AccessibilityNodeInfoDumper( 4613): Fetch time: 2ms
W/WindowManager(  536): Attempted to remove non-existing token: android.os.Binder@1186372b
D/AndroidRuntime( 4613): Shutting down VM
D/AndroidRuntime( 4637): >>>>>> START com.android.internal.os.RuntimeInit uid 0 <<<<<<
D/AndroidRuntime( 4637): CheckJNI is OFF
E/memtrack( 4637): Couldn't load memtrack module (No such file or directory)
E/android.os.Debug( 4637): failed to load memtrack module: -2
D/AndroidRuntime( 4637): Calling main entry com.android.commands.uiautomator.Launcher
W/AccessibilityNodeInfoDumper( 4637): Fetch time: 2ms
W/WindowManager(  536): Attempted to remove non-existing token: android.os.Binder@3136c788
D/AndroidRuntime( 4637): Shutting down VM
D/AndroidRuntime( 4665): >>>>>> START com.android.internal.os.RuntimeInit uid 0 <<<<<<
D/AndroidRuntime( 4665): CheckJNI is OFF
E/memtrack( 4665): Couldn't load memtrack module (No such file or directory)
E/android.os.Debug( 4665): failed to load memtrack module: -2
D/AndroidRuntime( 4665): Calling main entry com.android.commands.uiautomator.Launcher
W/AccessibilityNodeInfoDumper( 4665): Fetch time: 3ms
W/WindowManager(  536): Attempted to remove non-existing token: android.os.Binder@4e9521
D/AndroidRuntime( 4665): Shutting down VM
D/AndroidRuntime( 4688): >>>>>> START com.android.internal.os.RuntimeInit uid 0 <<<<<<
D/AndroidRuntime( 4688): CheckJNI is OFF
E/memtrack( 4688): Couldn't load memtrack module (No such file or directory)
E/android.os.Debug( 4688): failed to load memtrack module: -2
D/AndroidRuntime( 4688): Calling main entry com.android.commands.uiautomator.Launcher
W/AccessibilityNodeInfoDumper( 4688): Fetch time: 1ms
W/WindowManager(  536): Attempted to remove non-existing token: android.os.Binder@b6bbd46
D/AndroidRuntime( 4688): Shutting down VM
D/AndroidRuntime( 4718): >>>>>> START com.android.internal.os.RuntimeInit uid 0 <<<<<<
D/AndroidRuntime( 4718): CheckJNI is OFF
E/memtrack( 4718): Couldn't load memtrack module (No such file or directory)
E/android.os.Debug( 4718): failed to load memtrack module: -2
D/AndroidRuntime( 4718): Calling main entry com.android.commands.uiautomator.Launcher
W/AccessibilityNodeInfoDumper( 4718): Fetch time: 1ms
W/WindowManager(  536): Attempted to remove non-existing token: android.os.Binder@1aaf1b07
D/AndroidRuntime( 4718): Shutting down VM
D/AndroidRuntime( 4741): >>>>>> START com.android.internal.os.RuntimeInit uid 0 <<<<<<
D/AndroidRuntime( 4741): CheckJNI is OFF
E/memtrack( 4741): Couldn't load memtrack module (No such file or directory)
E/android.os.Debug( 4741): failed to load memtrack module: -2
D/AndroidRuntime( 4741): Calling main entry com.android.commands.uiautomator.Launcher
W/AccessibilityNodeInfoDumper( 4741): Fetch time: 1ms
W/WindowManager(  536): Attempted to remove non-existing token: android.os.Binder@2534d434
D/AndroidRuntime( 4741): Shutting down VM
D/AndroidRuntime( 4759): >>>>>> START com.android.internal.os.RuntimeInit uid 0 <<<<<<
D/AndroidRuntime( 4759): CheckJNI is OFF
E/memtrack( 4759): Couldn't load memtrack module (No such file or directory)
E/android.os.Debug( 4759): failed to load memtrack module: -2
D/AndroidRuntime( 4759): Calling main entry com.android.commands.input.Input
I/Input   ( 4759): injectMotionEvent: MotionEvent { action=ACTION_DOWN, id[0]=0, x[0]=600.0, y[0]=1469.0, toolType[0]=TOOL_TYPE_UNKNOWN, buttonState=0, metaState=0, flags=0x0, edgeFlags=0x0, pointerCount=1, historySize=0, eventTime=18965891, downTime=18965891, deviceId=0, source=0x1002 }
I/Input   ( 4759): injectMotionEvent: MotionEvent { action=ACTION_MOVE, id[0]=0, x[0]=600.0, y[0]=1469.0, toolType[0]=TOOL_TYPE_UNKNOWN, buttonState=0, metaState=0, flags=0x0, edgeFlags=0x0, pointerCount=1, historySize=0, eventTime=18965891, downTime=18965891, deviceId=0, source=0x1002 }
I/Input   ( 4759): injectMotionEvent: MotionEvent { action=ACTION_MOVE, id[0]=0, x[0]=600.0, y[0]=1469.0, toolType[0]=TOOL_TYPE_UNKNOWN, buttonState=0, metaState=0, flags=0x0, edgeFlags=0x0, pointerCount=1, historySize=0, eventTime=18965916, downTime=18965916, deviceId=0, source=0x1002 }
I/Input   ( 4759): injectMotionEvent: MotionEvent { action=ACTION_MOVE, id[0]=0, x[0]=600.0, y[0]=1469.0, toolType[0]=TOOL_TYPE_UNKNOWN, buttonState=0, metaState=0, flags=0x0, edgeFlags=0x0, pointerCount=1, historySize=0, eventTime=18965934, downTime=18965934, deviceId=0, source=0x1002 }
I/Input   ( 4759): injectMotionEvent: MotionEvent { action=ACTION_MOVE, id[0]=0, x[0]=600.0, y[0]=1469.0, toolType[0]=TOOL_TYPE_UNKNOWN, buttonState=0, metaState=0, flags=0x0, edgeFlags=0x0, pointerCount=1, historySize=0, eventTime=18965950, downTime=18965950, deviceId=0, source=0x1002 }
I/Input   ( 4759): injectMotionEvent: MotionEvent { action=ACTION_MOVE, id[0]=0, x[0]=600.0, y[0]=1469.0, toolType[0]=TOOL_TYPE_UNKNOWN, buttonState=0, metaState=0, flags=0x0, edgeFlags=0x0, pointerCount=1, historySize=0, eventTime=18965967, downTime=18965967, deviceId=0, source=0x1002 }
I/Input   ( 4759): injectMotionEvent: MotionEvent { action=ACTION_MOVE, id[0]=0, x[0]=600.0, y[0]=1469.0, toolType[0]=TOOL_TYPE_UNKNOWN, buttonState=0, metaState=0, flags=0x0, edgeFlags=0x0, pointerCount=1, historySize=0, eventTime=18965983, downTime=18965983, deviceId=0, source=0x1002 }
I/Input   ( 4759): injectMotionEvent: MotionEvent { action=ACTION_MOVE, id[0]=0, x[0]=600.0, y[0]=1469.0, toolType[0]=TOOL_TYPE_UNKNOWN, buttonState=0, metaState=0, flags=0x0, edgeFlags=0x0, pointerCount=1, historySize=0, eventTime=18966000, downTime=18966000, deviceId=0, source=0x1002 }
I/Input   ( 4759): injectMotionEvent: MotionEvent { action=ACTION_MOVE, id[0]=0, x[0]=600.0, y[0]=1469.0, toolType[0]=TOOL_TYPE_UNKNOWN, buttonState=0, metaState=0, flags=0x0, edgeFlags=0x0, pointerCount=1, historySize=0, eventTime=18966016, downTime=18966016, deviceId=0, source=0x1002 }
I/Input   ( 4759): injectMotionEvent: MotionEvent { action=ACTION_MOVE, id[0]=0, x[0]=600.0, y[0]=1469.0, toolType[0]=TOOL_TYPE_UNKNOWN, buttonState=0, metaState=0, flags=0x0, edgeFlags=0x0, pointerCount=1, historySize=0, eventTime=18966033, downTime=18966033, deviceId=0, source=0x1002 }
I/Input   ( 4759): injectMotionEvent: MotionEvent { action=ACTION_MOVE, id[0]=0, x[0]=600.0, y[0]=1469.0, toolType[0]=TOOL_TYPE_UNKNOWN, buttonState=0, metaState=0, flags=0x0, edgeFlags=0x0, pointerCount=1, historySize=0, eventTime=18966051, downTime=18966051, deviceId=0, source=0x1002 }
I/Input   ( 4759): injectMotionEvent: MotionEvent { action=ACTION_MOVE, id[0]=0, x[0]=600.0, y[0]=1469.0, toolType[0]=TOOL_TYPE_UNKNOWN, buttonState=0, metaState=0, flags=0x0, edgeFlags=0x0, pointerCount=1, historySize=0, eventTime=18966067, downTime=18966067, deviceId=0, source=0x1002 }
I/Input   ( 4759): injectMotionEvent: MotionEvent { action=ACTION_MOVE, id[0]=0, x[0]=600.0, y[0]=1469.0, toolType[0]=TOOL_TYPE_UNKNOWN, buttonState=0, metaState=0, flags=0x0, edgeFlags=0x0, pointerCount=1, historySize=0, eventTime=18966084, downTime=18966084, deviceId=0, source=0x1002 }
I/Input   ( 4759): injectMotionEvent: MotionEvent { action=ACTION_MOVE, id[0]=0, x[0]=600.0, y[0]=1469.0, toolType[0]=TOOL_TYPE_UNKNOWN, buttonState=0, metaState=0, flags=0x0, edgeFlags=0x0, pointerCount=1, historySize=0, eventTime=18966101, downTime=18966101, deviceId=0, source=0x1002 }
I/Input   ( 4759): injectMotionEvent: MotionEvent { action=ACTION_MOVE, id[0]=0, x[0]=600.0, y[0]=1469.0, toolType[0]=TOOL_TYPE_UNKNOWN, buttonState=0, metaState=0, flags=0x0, edgeFlags=0x0, pointerCount=1, historySize=0, eventTime=18966116, downTime=18966116, deviceId=0, source=0x1002 }
I/Input   ( 4759): injectMotionEvent: MotionEvent { action=ACTION_MOVE, id[0]=0, x[0]=600.0, y[0]=1469.0, toolType[0]=TOOL_TYPE_UNKNOWN, buttonState=0, metaState=0, flags=0x0, edgeFlags=0x0, pointerCount=1, historySize=0, eventTime=18966133, downTime=18966133, deviceId=0, source=0x1002 }
I/Input   ( 4759): injectMotionEvent: MotionEvent { action=ACTION_MOVE, id[0]=0, x[0]=600.0, y[0]=1469.0, toolType[0]=TOOL_TYPE_UNKNOWN, buttonState=0, metaState=0, flags=0x0, edgeFlags=0x0, pointerCount=1, historySize=0, eventTime=18966151, downTime=18966151, deviceId=0, source=0x1002 }
I/Input   ( 4759): injectMotionEvent: MotionEvent { action=ACTION_MOVE, id[0]=0, x[0]=600.0, y[0]=1469.0, toolType[0]=TOOL_TYPE_UNKNOWN, buttonState=0, metaState=0, flags=0x0, edgeFlags=0x0, pointerCount=1, historySize=0, eventTime=18966166, downTime=18966166, deviceId=0, source=0x1002 }
I/Input   ( 4759): injectMotionEvent: MotionEvent { action=ACTION_MOVE, id[0]=0, x[0]=600.0, y[0]=1469.0, toolType[0]=TOOL_TYPE_UNKNOWN, buttonState=0, metaState=0, flags=0x0, edgeFlags=0x0, pointerCount=1, historySize=0, eventTime=18966184, downTime=18966184, deviceId=0, source=0x1002 }
I/Input   ( 4759): injectMotionEvent: MotionEvent { action=ACTION_MOVE, id[0]=0, x[0]=600.0, y[0]=1469.0, toolType[0]=TOOL_TYPE_UNKNOWN, buttonState=0, metaState=0, flags=0x0, edgeFlags=0x0, pointerCount=1, historySize=0, eventTime=18966202, downTime=18966202, deviceId=0, source=0x1002 }
I/Input   ( 4759): injectMotionEvent: MotionEvent { action=ACTION_MOVE, id[0]=0, x[0]=600.0, y[0]=1469.0, toolType[0]=TOOL_TYPE_UNKNOWN, buttonState=0, metaState=0, flags=0x0, edgeFlags=0x0, pointerCount=1, historySize=0, eventTime=18966216, downTime=18966216, deviceId=0, source=0x1002 }
I/Input   ( 4759): injectMotionEvent: MotionEvent { action=ACTION_MOVE, id[0]=0, x[0]=600.0, y[0]=1469.0, toolType[0]=TOOL_TYPE_UNKNOWN, buttonState=0, metaState=0, flags=0x0, edgeFlags=0x0, pointerCount=1, historySize=0, eventTime=18966233, downTime=18966233, deviceId=0, source=0x1002 }
I/Input   ( 4759): injectMotionEvent: MotionEvent { action=ACTION_MOVE, id[0]=0, x[0]=600.0, y[0]=1469.0, toolType[0]=TOOL_TYPE_UNKNOWN, buttonState=0, metaState=0, flags=0x0, edgeFlags=0x0, pointerCount=1, historySize=0, eventTime=18966249, downTime=18966249, deviceId=0, source=0x1002 }
I/Input   ( 4759): injectMotionEvent: MotionEvent { action=ACTION_MOVE, id[0]=0, x[0]=600.0, y[0]=1469.0, toolType[0]=TOOL_TYPE_UNKNOWN, buttonState=0, metaState=0, flags=0x0, edgeFlags=0x0, pointerCount=1, historySize=0, eventTime=18966266, downTime=18966266, deviceId=0, source=0x1002 }
I/Input   ( 4759): injectMotionEvent: MotionEvent { action=ACTION_MOVE, id[0]=0, x[0]=600.0, y[0]=1469.0, toolType[0]=TOOL_TYPE_UNKNOWN, buttonState=0, metaState=0, flags=0x0, edgeFlags=0x0, pointerCount=1, historySize=0, eventTime=18966284, downTime=18966284, deviceId=0, source=0x1002 }
I/Input   ( 4759): injectMotionEvent: MotionEvent { action=ACTION_MOVE, id[0]=0, x[0]=600.0, y[0]=1469.0, toolType[0]=TOOL_TYPE_UNKNOWN, buttonState=0, metaState=0, flags=0x0, edgeFlags=0x0, pointerCount=1, historySize=0, eventTime=18966299, downTime=18966299, deviceId=0, source=0x1002 }
I/Input   ( 4759): injectMotionEvent: MotionEvent { action=ACTION_MOVE, id[0]=0, x[0]=600.0, y[0]=1469.0, toolType[0]=TOOL_TYPE_UNKNOWN, buttonState=0, metaState=0, flags=0x0, edgeFlags=0x0, pointerCount=1, historySize=0, eventTime=18966316, downTime=18966316, deviceId=0, source=0x1002 }
I/Input   ( 4759): injectMotionEvent: MotionEvent { action=ACTION_MOVE, id[0]=0, x[0]=600.0, y[0]=1469.0, toolType[0]=TOOL_TYPE_UNKNOWN, buttonState=0, metaState=0, flags=0x0, edgeFlags=0x0, pointerCount=1, historySize=0, eventTime=18966334, downTime=18966334, deviceId=0, source=0x1002 }
I/Input   ( 4759): injectMotionEvent: MotionEvent { action=ACTION_MOVE, id[0]=0, x[0]=600.0, y[0]=1469.0, toolType[0]=TOOL_TYPE_UNKNOWN, buttonState=0, metaState=0, flags=0x0, edgeFlags=0x0, pointerCount=1, historySize=0, eventTime=18966351, downTime=18966351, deviceId=0, source=0x1002 }
I/Input   ( 4759): injectMotionEvent: MotionEvent { action=ACTION_MOVE, id[0]=0, x[0]=600.0, y[0]=1469.0, toolType[0]=TOOL_TYPE_UNKNOWN, buttonState=0, metaState=0, flags=0x0, edgeFlags=0x0, pointerCount=1, historySize=0, eventTime=18966366, downTime=18966366, deviceId=0, source=0x1002 }
I/Input   ( 4759): injectMotionEvent: MotionEvent { action=ACTION_MOVE, id[0]=0, x[0]=600.0, y[0]=1469.0, toolType[0]=TOOL_TYPE_UNKNOWN, buttonState=0, metaState=0, flags=0x0, edgeFlags=0x0, pointerCount=1, historySize=0, eventTime=18966384, downTime=18966384, deviceId=0, source=0x1002 }
I/Input   ( 4759): injectMotionEvent: MotionEvent { action=ACTION_MOVE, id[0]=0, x[0]=600.0, y[0]=1469.0, toolType[0]=TOOL_TYPE_UNKNOWN, buttonState=0, metaState=0, flags=0x0, edgeFlags=0x0, pointerCount=1, historySize=0, eventTime=18966399, downTime=18966399, deviceId=0, source=0x1002 }
I/Input   ( 4759): injectMotionEvent: MotionEvent { action=ACTION_MOVE, id[0]=0, x[0]=600.0, y[0]=1469.0, toolType[0]=TOOL_TYPE_UNKNOWN, buttonState=0, metaState=0, flags=0x0, edgeFlags=0x0, pointerCount=1, historySize=0, eventTime=18966416, downTime=18966416, deviceId=0, source=0x1002 }
I/Input   ( 4759): injectMotionEvent: MotionEvent { action=ACTION_MOVE, id[0]=0, x[0]=600.0, y[0]=1469.0, toolType[0]=TOOL_TYPE_UNKNOWN, buttonState=0, metaState=0, flags=0x0, edgeFlags=0x0, pointerCount=1, historySize=0, eventTime=18966433, downTime=18966433, deviceId=0, source=0x1002 }
I/Input   ( 4759): injectMotionEvent: MotionEvent { action=ACTION_MOVE, id[0]=0, x[0]=600.0, y[0]=1469.0, toolType[0]=TOOL_TYPE_UNKNOWN, buttonState=0, metaState=0, flags=0x0, edgeFlags=0x0, pointerCount=1, historySize=0, eventTime=18966449, downTime=18966449, deviceId=0, source=0x1002 }
I/Input   ( 4759): injectMotionEvent: MotionEvent { action=ACTION_MOVE, id[0]=0, x[0]=600.0, y[0]=1469.0, toolType[0]=TOOL_TYPE_UNKNOWN, buttonState=0, metaState=0, flags=0x0, edgeFlags=0x0, pointerCount=1, historySize=0, eventTime=18966468, downTime=18966468, deviceId=0, source=0x1002 }
I/Input   ( 4759): injectMotionEvent: MotionEvent { action=ACTION_MOVE, id[0]=0, x[0]=600.0, y[0]=1469.0, toolType[0]=TOOL_TYPE_UNKNOWN, buttonState=0, metaState=0, flags=0x0, edgeFlags=0x0, pointerCount=1, historySize=0, eventTime=18966484, downTime=18966484, deviceId=0, source=0x1002 }
I/Input   ( 4759): injectMotionEvent: MotionEvent { action=ACTION_MOVE, id[0]=0, x[0]=600.0, y[0]=1469.0, toolType[0]=TOOL_TYPE_UNKNOWN, buttonState=0, metaState=0, flags=0x0, edgeFlags=0x0, pointerCount=1, historySize=0, eventTime=18966499, downTime=18966499, deviceId=0, source=0x1002 }
I/Input   ( 4759): injectMotionEvent: MotionEvent { action=ACTION_MOVE, id[0]=0, x[0]=600.0, y[0]=1469.0, toolType[0]=TOOL_TYPE_UNKNOWN, buttonState=0, metaState=0, flags=0x0, edgeFlags=0x0, pointerCount=1, historySize=0, eventTime=18966516, downTime=18966516, deviceId=0, source=0x1002 }
I/Input   ( 4759): injectMotionEvent: MotionEvent { action=ACTION_MOVE, id[0]=0, x[0]=600.0, y[0]=1469.0, toolType[0]=TOOL_TYPE_UNKNOWN, buttonState=0, metaState=0, flags=0x0, edgeFlags=0x0, pointerCount=1, historySize=0, eventTime=18966533, downTime=18966533, deviceId=0, source=0x1002 }
I/Input   ( 4759): injectMotionEvent: MotionEvent { action=ACTION_MOVE, id[0]=0, x[0]=600.0, y[0]=1469.0, toolType[0]=TOOL_TYPE_UNKNOWN, buttonState=0, metaState=0, flags=0x0, edgeFlags=0x0, pointerCount=1, historySize=0, eventTime=18966549, downTime=18966549, deviceId=0, source=0x1002 }
I/Input   ( 4759): injectMotionEvent: MotionEvent { action=ACTION_MOVE, id[0]=0, x[0]=600.0, y[0]=1469.0, toolType[0]=TOOL_TYPE_UNKNOWN, buttonState=0, metaState=0, flags=0x0, edgeFlags=0x0, pointerCount=1, historySize=0, eventTime=18966566, downTime=18966566, deviceId=0, source=0x1002 }
I/Input   ( 4759): injectMotionEvent: MotionEvent { action=ACTION_MOVE, id[0]=0, x[0]=600.0, y[0]=1469.0, toolType[0]=TOOL_TYPE_UNKNOWN, buttonState=0, metaState=0, flags=0x0, edgeFlags=0x0, pointerCount=1, historySize=0, eventTime=18966585, downTime=18966585, deviceId=0, source=0x1002 }
I/Input   ( 4759): injectMotionEvent: MotionEvent { action=ACTION_MOVE, id[0]=0, x[0]=600.0, y[0]=1469.0, toolType[0]=TOOL_TYPE_UNKNOWN, buttonState=0, metaState=0, flags=0x0, edgeFlags=0x0, pointerCount=1, historySize=0, eventTime=18966599, downTime=18966599, deviceId=0, source=0x1002 }
I/Input   ( 4759): injectMotionEvent: MotionEvent { action=ACTION_MOVE, id[0]=0, x[0]=600.0, y[0]=1469.0, toolType[0]=TOOL_TYPE_UNKNOWN, buttonState=0, metaState=0, flags=0x0, edgeFlags=0x0, pointerCount=1, historySize=0, eventTime=18966617, downTime=18966617, deviceId=0, source=0x1002 }
I/Input   ( 4759): injectMotionEvent: MotionEvent { action=ACTION_MOVE, id[0]=0, x[0]=600.0, y[0]=1469.0, toolType[0]=TOOL_TYPE_UNKNOWN, buttonState=0, metaState=0, flags=0x0, edgeFlags=0x0, pointerCount=1, historySize=0, eventTime=18966633, downTime=18966633, deviceId=0, source=0x1002 }
I/Input   ( 4759): injectMotionEvent: MotionEvent { action=ACTION_MOVE, id[0]=0, x[0]=600.0, y[0]=1469.0, toolType[0]=TOOL_TYPE_UNKNOWN, buttonState=0, metaState=0, flags=0x0, edgeFlags=0x0, pointerCount=1, historySize=0, eventTime=18966651, downTime=18966651, deviceId=0, source=0x1002 }
I/Input   ( 4759): injectMotionEvent: MotionEvent { action=ACTION_MOVE, id[0]=0, x[0]=600.0, y[0]=1469.0, toolType[0]=TOOL_TYPE_UNKNOWN, buttonState=0, metaState=0, flags=0x0, edgeFlags=0x0, pointerCount=1, historySize=0, eventTime=18966666, downTime=18966666, deviceId=0, source=0x1002 }
I/Input   ( 4759): injectMotionEvent: MotionEvent { action=ACTION_MOVE, id[0]=0, x[0]=600.0, y[0]=1469.0, toolType[0]=TOOL_TYPE_UNKNOWN, buttonState=0, metaState=0, flags=0x0, edgeFlags=0x0, pointerCount=1, historySize=0, eventTime=18966684, downTime=18966684, deviceId=0, source=0x1002 }
I/Input   ( 4759): injectMotionEvent: MotionEvent { action=ACTION_MOVE, id[0]=0, x[0]=600.0, y[0]=1469.0, toolType[0]=TOOL_TYPE_UNKNOWN, buttonState=0, metaState=0, flags=0x0, edgeFlags=0x0, pointerCount=1, historySize=0, eventTime=18966700, downTime=18966700, deviceId=0, source=0x1002 }
I/Input   ( 4759): injectMotionEvent: MotionEvent { action=ACTION_MOVE, id[0]=0, x[0]=600.0, y[0]=1469.0, toolType[0]=TOOL_TYPE_UNKNOWN, buttonState=0, metaState=0, flags=0x0, edgeFlags=0x0, pointerCount=1, historySize=0, eventTime=18966718, downTime=18966718, deviceId=0, source=0x1002 }
I/Input   ( 4759): injectMotionEvent: MotionEvent { action=ACTION_MOVE, id[0]=0, x[0]=600.0, y[0]=1469.0, toolType[0]=TOOL_TYPE_UNKNOWN, buttonState=0, metaState=0, flags=0x0, edgeFlags=0x0, pointerCount=1, historySize=0, eventTime=18966734, downTime=18966734, deviceId=0, source=0x1002 }
I/Input   ( 4759): injectMotionEvent: MotionEvent { action=ACTION_MOVE, id[0]=0, x[0]=600.0, y[0]=1469.0, toolType[0]=TOOL_TYPE_UNKNOWN, buttonState=0, metaState=0, flags=0x0, edgeFlags=0x0, pointerCount=1, historySize=0, eventTime=18966750, downTime=18966750, deviceId=0, source=0x1002 }
I/Input   ( 4759): injectMotionEvent: MotionEvent { action=ACTION_MOVE, id[0]=0, x[0]=600.0, y[0]=1469.0, toolType[0]=TOOL_TYPE_UNKNOWN, buttonState=0, metaState=0, flags=0x0, edgeFlags=0x0, pointerCount=1, historySize=0, eventTime=18966766, downTime=18966766, deviceId=0, source=0x1002 }
I/Input   ( 4759): injectMotionEvent: MotionEvent { action=ACTION_MOVE, id[0]=0, x[0]=600.0, y[0]=1469.0, toolType[0]=TOOL_TYPE_UNKNOWN, buttonState=0, metaState=0, flags=0x0, edgeFlags=0x0, pointerCount=1, historySize=0, eventTime=18966783, downTime=18966783, deviceId=0, source=0x1002 }
I/Input   ( 4759): injectMotionEvent: MotionEvent { action=ACTION_MOVE, id[0]=0, x[0]=600.0, y[0]=1469.0, toolType[0]=TOOL_TYPE_UNKNOWN, buttonState=0, metaState=0, flags=0x0, edgeFlags=0x0, pointerCount=1, historySize=0, eventTime=18966800, downTime=18966800, deviceId=0, source=0x1002 }
I/Input   ( 4759): injectMotionEvent: MotionEvent { action=ACTION_MOVE, id[0]=0, x[0]=600.0, y[0]=1469.0, toolType[0]=TOOL_TYPE_UNKNOWN, buttonState=0, metaState=0, flags=0x0, edgeFlags=0x0, pointerCount=1, historySize=0, eventTime=18966817, downTime=18966817, deviceId=0, source=0x1002 }
I/Input   ( 4759): injectMotionEvent: MotionEvent { action=ACTION_MOVE, id[0]=0, x[0]=600.0, y[0]=1469.0, toolType[0]=TOOL_TYPE_UNKNOWN, buttonState=0, metaState=0, flags=0x0, edgeFlags=0x0, pointerCount=1, historySize=0, eventTime=18966834, downTime=18966834, deviceId=0, source=0x1002 }
I/Input   ( 4759): injectMotionEvent: MotionEvent { action=ACTION_MOVE, id[0]=0, x[0]=600.0, y[0]=1469.0, toolType[0]=TOOL_TYPE_UNKNOWN, buttonState=0, metaState=0, flags=0x0, edgeFlags=0x0, pointerCount=1, historySize=0, eventTime=18966849, downTime=18966849, deviceId=0, source=0x1002 }
