I/Input   (12869): injectKeyEvent: KeyEvent { action=ACTION_DOWN, keyCode=KEYCODE_DEL, scanCode=0, metaState=0, flags=0x0, repeatCount=0, eventTime=929553, downTime=929553, deviceId=-1, source=0x101 }
I/Input   (12869): injectKeyEvent: KeyEvent { action=ACTION_UP, keyCode=KEYCODE_DEL, scanCode=0, metaState=0, flags=0x0, repeatCount=0, eventTime=929553, downTime=929553, deviceId=-1, source=0x101 }
I/Input   (12869): injectKeyEvent: KeyEvent { action=ACTION_DOWN, keyCode=KEYCODE_DEL, scanCode=0, metaState=0, flags=0x0, repeatCount=0, eventTime=929555, downTime=929555, deviceId=-1, source=0x101 }
I/Input   (12869): injectKeyEvent: KeyEvent { action=ACTION_UP, keyCode=KEYCODE_DEL, scanCode=0, metaState=0, flags=0x0, repeatCount=0, eventTime=929555, downTime=929555, deviceId=-1, source=0x101 }
I/Input   (12869): injectKeyEvent: KeyEvent { action=ACTION_DOWN, keyCode=KEYCODE_DEL, scanCode=0, metaState=0, flags=0x0, repeatCount=0, eventTime=929557, downTime=929557, deviceId=-1, source=0x101 }
I/Input   (12869): injectKeyEvent: KeyEvent { action=ACTION_UP, keyCode=KEYCODE_DEL, scanCode=0, metaState=0, flags=0x0, repeatCount=0, eventTime=929557, downTime=929557, deviceId=-1, source=0x101 }
I/Input   (12869): injectKeyEvent: KeyEvent { action=ACTION_DOWN, keyCode=KEYCODE_DEL, scanCode=0, metaState=0, flags=0x0, repeatCount=0, eventTime=929558, downTime=929558, deviceId=-1, source=0x101 }
I/Input   (12869): injectKeyEvent: KeyEvent { action=ACTION_UP, keyCode=KEYCODE_DEL, scanCode=0, metaState=0, flags=0x0, repeatCount=0, eventTime=929558, downTime=929558, deviceId=-1, source=0x101 }
I/Input   (12869): injectKeyEvent: KeyEvent { action=ACTION_DOWN, keyCode=KEYCODE_DEL, scanCode=0, metaState=0, flags=0x0, repeatCount=0, eventTime=929560, downTime=929560, deviceId=-1, source=0x101 }
I/Input   (12869): injectKeyEvent: KeyEvent { action=ACTION_UP, keyCode=KEYCODE_DEL, scanCode=0, metaState=0, flags=0x0, repeatCount=0, eventTime=929560, downTime=929560, deviceId=-1, source=0x101 }
I/Input   (12869): injectKeyEvent: KeyEvent { action=ACTION_DOWN, keyCode=KEYCODE_DEL, scanCode=0, metaState=0, flags=0x0, repeatCount=0, eventTime=929562, downTime=929562, deviceId=-1, source=0x101 }
I/Input   (12869): injectKeyEvent: KeyEvent { action=ACTION_UP, keyCode=KEYCODE_DEL, scanCode=0, metaState=0, flags=0x0, repeatCount=0, eventTime=929562, downTime=929562, deviceId=-1, source=0x101 }
D/AndroidRuntime(12869): Shutting down VM
D/AndroidRuntime(12883): >>>>>> START com.android.internal.os.RuntimeInit uid 0 <<<<<<
D/AndroidRuntime(12883): CheckJNI is OFF
E/memtrack(12883): Couldn't load memtrack module (No such file or directory)
E/android.os.Debug(12883): failed to load memtrack module: -2
D/AndroidRuntime(12883): Calling main entry com.android.commands.input.Input
I/Input   (12883): injectKeyEvent: KeyEvent { action=ACTION_DOWN, keyCode=KEYCODE_N, scanCode=0, metaState=0, flags=0x0, repeatCount=0, eventTime=929874, downTime=929874, deviceId=-1, source=0x101 }
I/Input   (12883): injectKeyEvent: KeyEvent { action=ACTION_UP, keyCode=KEYCODE_N, scanCode=0, metaState=0, flags=0x0, repeatCount=0, eventTime=929874, downTime=929874, deviceId=-1, source=0x101 }
I/Input   (12883): injectKeyEvent: KeyEvent { action=ACTION_DOWN, keyCode=KEYCODE_U, scanCode=0, metaState=0, flags=0x0, repeatCount=0, eventTime=929874, downTime=929874, deviceId=-1, source=0x101 }
I/Input   (12883): injectKeyEvent: KeyEvent { action=ACTION_UP, keyCode=KEYCODE_U, scanCode=0, metaState=0, flags=0x0, repeatCount=0, eventTime=929874, downTime=929874, deviceId=-1, source=0x101 }
I/Input   (12883): injectKeyEvent: KeyEvent { action=ACTION_DOWN, keyCode=KEYCODE_L, scanCode=0, metaState=0, flags=0x0, repeatCount=0, eventTime=929874, downTime=929874, deviceId=-1, source=0x101 }
I/Input   (12883): injectKeyEvent: KeyEvent { action=ACTION_UP, keyCode=KEYCODE_L, scanCode=0, metaState=0, flags=0x0, repeatCount=0, eventTime=929874, downTime=929874, deviceId=-1, source=0x101 }
I/Input   (12883): injectKeyEvent: KeyEvent { action=ACTION_DOWN, keyCode=KEYCODE_L, scanCode=0, metaState=0, flags=0x0, repeatCount=0, eventTime=929874, downTime=929874, deviceId=-1, source=0x101 }
I/Input   (12883): injectKeyEvent: KeyEvent { action=ACTION_UP, keyCode=KEYCODE_L, scanCode=0, metaState=0, flags=0x0, repeatCount=0, eventTime=929874, downTime=929874, deviceId=-1, source=0x101 }
D/AndroidRuntime(12883): Shutting down VM
D/AndroidRuntime(13220): >>>>>> START com.android.internal.os.RuntimeInit uid 0 <<<<<<
D/AndroidRuntime(13220): CheckJNI is OFF
E/memtrack(13220): Couldn't load memtrack module (No such file or directory)
E/android.os.Debug(13220): failed to load memtrack module: -2
D/AndroidRuntime(13220): Calling main entry com.android.commands.uiautomator.Launcher
D/leak-372(12438): Eastern Standard Time
I/AccessibilityNodeInfoDumper(13220): Skipping invisible child: android.view.accessibility.AccessibilityNodeInfo@8000ba0d; boundsInParent: Rect(0, 0 - 1200, 1538); boundsInScreen: Rect(1200, 280 - 1200, 1818); packageName: com.adonai.manman; className: android.widget.FrameLayout; text: null; error: null; maxTextLength: -1; contentDescription: null; viewIdResName: com.adonai.manman:id/chapter_fragment_frame; checkable: false; checked: false; focusable: true; focused: false; selected: false; clickable: false; longClickable: false; enabled: true; password: false; scrollable: false; actions: [AccessibilityAction: ACTION_FOCUS - null, AccessibilityAction: ACTION_SELECT - null, AccessibilityAction: ACTION_CLEAR_SELECTION - null, AccessibilityAction: ACTION_ACCESSIBILITY_FOCUS - null]
W/AccessibilityNodeInfoDumper(13220): Fetch time: 14ms
W/WindowManager(  676): Attempted to remove non-existing token: android.os.Binder@3fe5f078
D/AndroidRuntime(13220): Shutting down VM
D/AndroidRuntime(13248): >>>>>> START com.android.internal.os.RuntimeInit uid 0 <<<<<<
D/AndroidRuntime(13248): CheckJNI is OFF
E/memtrack(13248): Couldn't load memtrack module (No such file or directory)
E/android.os.Debug(13248): failed to load memtrack module: -2
D/AndroidRuntime(13248): Calling main entry com.android.commands.uiautomator.Launcher
D/leak-372(12438): Eastern Standard Time
I/AccessibilityNodeInfoDumper(13248): Skipping invisible child: android.view.accessibility.AccessibilityNodeInfo@8000ba18; boundsInParent: Rect(0, 0 - 1200, 1538); boundsInScreen: Rect(1200, 280 - 1200, 1818); packageName: com.adonai.manman; className: android.widget.FrameLayout; text: null; error: null; maxTextLength: -1; contentDescription: null; viewIdResName: com.adonai.manman:id/chapter_fragment_frame; checkable: false; checked: false; focusable: true; focused: false; selected: false; clickable: false; longClickable: false; enabled: true; password: false; scrollable: false; actions: [AccessibilityAction: ACTION_FOCUS - null, AccessibilityAction: ACTION_SELECT - null, AccessibilityAction: ACTION_CLEAR_SELECTION - null, AccessibilityAction: ACTION_ACCESSIBILITY_FOCUS - null]
W/AccessibilityNodeInfoDumper(13248): Fetch time: 19ms
W/WindowManager(  676): Attempted to remove non-existing token: android.os.Binder@38fc2351
D/AndroidRuntime(13248): Shutting down VM
D/AndroidRuntime(13271): >>>>>> START com.android.internal.os.RuntimeInit uid 0 <<<<<<
D/AndroidRuntime(13271): CheckJNI is OFF
E/memtrack(13271): Couldn't load memtrack module (No such file or directory)
E/android.os.Debug(13271): failed to load memtrack module: -2
D/AndroidRuntime(13271): Calling main entry com.android.commands.uiautomator.Launcher
D/leak-372(12438): Eastern Standard Time
I/AccessibilityNodeInfoDumper(13271): Skipping invisible child: android.view.accessibility.AccessibilityNodeInfo@8000ba21; boundsInParent: Rect(0, 0 - 1200, 1538); boundsInScreen: Rect(1200, 280 - 1200, 1818); packageName: com.adonai.manman; className: android.widget.FrameLayout; text: null; error: null; maxTextLength: -1; contentDescription: null; viewIdResName: com.adonai.manman:id/chapter_fragment_frame; checkable: false; checked: false; focusable: true; focused: false; selected: false; clickable: false; longClickable: false; enabled: true; password: false; scrollable: false; actions: [AccessibilityAction: ACTION_FOCUS - null, AccessibilityAction: ACTION_SELECT - null, AccessibilityAction: ACTION_CLEAR_SELECTION - null, AccessibilityAction: ACTION_ACCESSIBILITY_FOCUS - null]
W/AccessibilityNodeInfoDumper(13271): Fetch time: 16ms
W/WindowManager(  676): Attempted to remove non-existing token: android.os.Binder@37c3e7b6
D/AndroidRuntime(13271): Shutting down VM
D/AndroidRuntime(13301): >>>>>> START com.android.internal.os.RuntimeInit uid 0 <<<<<<
D/AndroidRuntime(13301): CheckJNI is OFF
E/memtrack(13301): Couldn't load memtrack module (No such file or directory)
E/android.os.Debug(13301): failed to load memtrack module: -2
D/AndroidRuntime(13301): Calling main entry com.android.commands.uiautomator.Launcher
I/art     (  676): Explicit concurrent mark sweep GC freed 44966(2MB) AllocSpace objects, 33(525KB) LOS objects, 33% free, 9MB/14MB, paused 607us total 29.801ms
D/leak-372(12438): Eastern Standard Time
I/AccessibilityNodeInfoDumper(13301): Skipping invisible child: android.view.accessibility.AccessibilityNodeInfo@8000ba28; boundsInParent: Rect(0, 0 - 1200, 1538); boundsInScreen: Rect(1200, 280 - 1200, 1818); packageName: com.adonai.manman; className: android.widget.FrameLayout; text: null; error: null; maxTextLength: -1; contentDescription: null; viewIdResName: com.adonai.manman:id/chapter_fragment_frame; checkable: false; checked: false; focusable: true; focused: false; selected: false; clickable: false; longClickable: false; enabled: true; password: false; scrollable: false; actions: [AccessibilityAction: ACTION_FOCUS - null, AccessibilityAction: ACTION_SELECT - null, AccessibilityAction: ACTION_CLEAR_SELECTION - null, AccessibilityAction: ACTION_ACCESSIBILITY_FOCUS - null]
W/AccessibilityNodeInfoDumper(13301): Fetch time: 14ms
W/WindowManager(  676): Attempted to remove non-existing token: android.os.Binder@1bc74cb7
D/AndroidRuntime(13301): Shutting down VM
D/AndroidRuntime(13324): >>>>>> START com.android.internal.os.RuntimeInit uid 0 <<<<<<
D/AndroidRuntime(13324): CheckJNI is OFF
E/memtrack(13324): Couldn't load memtrack module (No such file or directory)
E/android.os.Debug(13324): failed to load memtrack module: -2
D/AndroidRuntime(13324): Calling main entry com.android.commands.uiautomator.Launcher
D/leak-372(12438): Eastern Standard Time
I/AccessibilityNodeInfoDumper(13324): Skipping invisible child: android.view.accessibility.AccessibilityNodeInfo@8000ba34; boundsInParent: Rect(0, 0 - 1200, 1538); boundsInScreen: Rect(1200, 280 - 1200, 1818); packageName: com.adonai.manman; className: android.widget.FrameLayout; text: null; error: null; maxTextLength: -1; contentDescription: null; viewIdResName: com.adonai.manman:id/chapter_fragment_frame; checkable: false; checked: false; focusable: true; focused: false; selected: false; clickable: false; longClickable: false; enabled: true; password: false; scrollable: false; actions: [AccessibilityAction: ACTION_FOCUS - null, AccessibilityAction: ACTION_SELECT - null, AccessibilityAction: ACTION_CLEAR_SELECTION - null, AccessibilityAction: ACTION_ACCESSIBILITY_FOCUS - null]
W/AccessibilityNodeInfoDumper(13324): Fetch time: 19ms
W/WindowManager(  676): Attempted to remove non-existing token: android.os.Binder@168ea38d
D/AndroidRuntime(13324): Shutting down VM
D/AndroidRuntime(13343): >>>>>> START com.android.internal.os.RuntimeInit uid 0 <<<<<<
D/AndroidRuntime(13343): CheckJNI is OFF
E/memtrack(13343): Couldn't load memtrack module (No such file or directory)
E/android.os.Debug(13343): failed to load memtrack module: -2
D/AndroidRuntime(13343): Calling main entry com.android.commands.input.Input
I/Input   (13343): injectMotionEvent: MotionEvent { action=ACTION_DOWN, id[0]=0, x[0]=1136.0, y[0]=114.0, toolType[0]=TOOL_TYPE_UNKNOWN, buttonState=0, metaState=0, flags=0x0, edgeFlags=0x0, pointerCount=1, historySize=0, eventTime=939986, downTime=939986, deviceId=0, source=0x1002 }
I/Input   (13343): injectMotionEvent: MotionEvent { action=ACTION_UP, id[0]=0, x[0]=1136.0, y[0]=114.0, toolType[0]=TOOL_TYPE_UNKNOWN, buttonState=0, metaState=0, flags=0x0, edgeFlags=0x0, pointerCount=1, historySize=0, eventTime=939986, downTime=939986, deviceId=0, source=0x1002 }
D/AndroidRuntime(13343): Shutting down VM
W/AudioTrack(  676): AUDIO_OUTPUT_FLAG_FAST denied by client
I/ListPopupWindow(12438): Could not find method setEpicenterBounds(Rect) on PopupWindow. Oh well.
V/WindowManager(  676): Adding window Window{3bf9fd53 u0 PopupWindow:866e1c} at 4 of 10 (after Window{35de0cce u0 com.adonai.manman/com.adonai.manman.MainPagerActivity})
W/EGL_emulation(12438): eglSurfaceAttrib not implemented
W/OpenGLRenderer(12438): Failed to set EGL_SWAP_BEHAVIOR on surface 0xe20a1a20, error=EGL_SUCCESS
D/AndroidRuntime(13687): >>>>>> START com.android.internal.os.RuntimeInit uid 0 <<<<<<
D/AndroidRuntime(13687): CheckJNI is OFF
E/memtrack(13687): Couldn't load memtrack module (No such file or directory)
E/android.os.Debug(13687): failed to load memtrack module: -2
D/AndroidRuntime(13687): Calling main entry com.android.commands.uiautomator.Launcher
W/AccessibilityNodeInfoDumper(13687): Fetch time: 1ms
W/WindowManager(  676): Attempted to remove non-existing token: android.os.Binder@29ae4bbc
D/AndroidRuntime(13687): Shutting down VM
D/AndroidRuntime(13715): >>>>>> START com.android.internal.os.RuntimeInit uid 0 <<<<<<
D/AndroidRuntime(13715): CheckJNI is OFF
E/memtrack(13715): Couldn't load memtrack module (No such file or directory)
E/android.os.Debug(13715): failed to load memtrack module: -2
D/AndroidRuntime(13715): Calling main entry com.android.commands.uiautomator.Launcher
W/AccessibilityNodeInfoDumper(13715): Fetch time: 1ms
W/WindowManager(  676): Attempted to remove non-existing token: android.os.Binder@29b1b745
D/AndroidRuntime(13715): Shutting down VM
D/AndroidRuntime(13738): >>>>>> START com.android.internal.os.RuntimeInit uid 0 <<<<<<
D/AndroidRuntime(13738): CheckJNI is OFF
E/memtrack(13738): Couldn't load memtrack module (No such file or directory)
E/android.os.Debug(13738): failed to load memtrack module: -2
D/AndroidRuntime(13738): Calling main entry com.android.commands.uiautomator.Launcher
W/AccessibilityNodeInfoDumper(13738): Fetch time: 1ms
W/WindowManager(  676): Attempted to remove non-existing token: android.os.Binder@2ae03e9a
D/AndroidRuntime(13738): Shutting down VM
D/AndroidRuntime(13766): >>>>>> START com.android.internal.os.RuntimeInit uid 0 <<<<<<
D/AndroidRuntime(13766): CheckJNI is OFF
E/memtrack(13766): Couldn't load memtrack module (No such file or directory)
E/android.os.Debug(13766): failed to load memtrack module: -2
D/AndroidRuntime(13766): Calling main entry com.android.commands.uiautomator.Launcher
W/AccessibilityNodeInfoDumper(13766): Fetch time: 2ms
W/WindowManager(  676): Attempted to remove non-existing token: android.os.Binder@19a9c3cb
D/AndroidRuntime(13766): Shutting down VM
D/AndroidRuntime(13799): >>>>>> START com.android.internal.os.RuntimeInit uid 0 <<<<<<
D/AndroidRuntime(13799): CheckJNI is OFF
E/memtrack(13799): Couldn't load memtrack module (No such file or directory)
E/android.os.Debug(13799): failed to load memtrack module: -2
D/AndroidRuntime(13799): Calling main entry com.android.commands.uiautomator.Launcher
W/AccessibilityNodeInfoDumper(13799): Fetch time: 1ms
W/WindowManager(  676): Attempted to remove non-existing token: android.os.Binder@20f267a8
D/AndroidRuntime(13799): Shutting down VM
D/AndroidRuntime(13830): >>>>>> START com.android.internal.os.RuntimeInit uid 0 <<<<<<
D/AndroidRuntime(13830): CheckJNI is OFF
E/memtrack(13830): Couldn't load memtrack module (No such file or directory)
E/android.os.Debug(13830): failed to load memtrack module: -2
D/AndroidRuntime(13830): Calling main entry com.android.commands.uiautomator.Launcher
W/AccessibilityNodeInfoDumper(13830): Fetch time: 2ms
W/WindowManager(  676): Attempted to remove non-existing token: android.os.Binder@36bb82c1
D/AndroidRuntime(13830): Shutting down VM
D/AndroidRuntime(13853): >>>>>> START com.android.internal.os.RuntimeInit uid 0 <<<<<<
D/AndroidRuntime(13853): CheckJNI is OFF
E/memtrack(13853): Couldn't load memtrack module (No such file or directory)
E/android.os.Debug(13853): failed to load memtrack module: -2
D/AndroidRuntime(13853): Calling main entry com.android.commands.uiautomator.Launcher
I/art     (  676): Explicit concurrent mark sweep GC freed 47200(2MB) AllocSpace objects, 33(528KB) LOS objects, 33% free, 9MB/14MB, paused 1.001ms total 47.130ms
W/AccessibilityNodeInfoDumper(13853): Fetch time: 2ms
W/WindowManager(  676): Attempted to remove non-existing token: android.os.Binder@11f3aa66
D/AndroidRuntime(13853): Shutting down VM
D/AndroidRuntime(13881): >>>>>> START com.android.internal.os.RuntimeInit uid 0 <<<<<<
D/AndroidRuntime(13881): CheckJNI is OFF
E/memtrack(13881): Couldn't load memtrack module (No such file or directory)
E/android.os.Debug(13881): failed to load memtrack module: -2
D/AndroidRuntime(13881): Calling main entry com.android.commands.uiautomator.Launcher
W/AccessibilityNodeInfoDumper(13881): Fetch time: 1ms
W/WindowManager(  676): Attempted to remove non-existing token: android.os.Binder@25da5654
D/AndroidRuntime(13881): Shutting down VM
D/AndroidRuntime(13904): >>>>>> START com.android.internal.os.RuntimeInit uid 0 <<<<<<
D/AndroidRuntime(13904): CheckJNI is OFF
E/memtrack(13904): Couldn't load memtrack module (No such file or directory)
E/android.os.Debug(13904): failed to load memtrack module: -2
D/AndroidRuntime(13904): Calling main entry com.android.commands.uiautomator.Launcher
W/AccessibilityNodeInfoDumper(13904): Fetch time: 1ms
W/WindowManager(  676): Attempted to remove non-existing token: android.os.Binder@3d3c89fd
D/AndroidRuntime(13904): Shutting down VM
D/AndroidRuntime(13933): >>>>>> START com.android.internal.os.RuntimeInit uid 0 <<<<<<
D/AndroidRuntime(13933): CheckJNI is OFF
E/memtrack(13933): Couldn't load memtrack module (No such file or directory)
E/android.os.Debug(13933): failed to load memtrack module: -2
D/AndroidRuntime(13933): Calling main entry com.android.commands.uiautomator.Launcher
W/AccessibilityNodeInfoDumper(13933): Fetch time: 1ms
W/WindowManager(  676): Attempted to remove non-existing token: android.os.Binder@3b8006f2
D/AndroidRuntime(13933): Shutting down VM
D/AndroidRuntime(13956): >>>>>> START com.android.internal.os.RuntimeInit uid 0 <<<<<<
D/AndroidRuntime(13956): CheckJNI is OFF
E/memtrack(13956): Couldn't load memtrack module (No such file or directory)
E/android.os.Debug(13956): failed to load memtrack module: -2
D/AndroidRuntime(13956): Calling main entry com.android.commands.uiautomator.Launcher
W/AccessibilityNodeInfoDumper(13956): Fetch time: 1ms
W/WindowManager(  676): Attempted to remove non-existing token: android.os.Binder@28cce143
D/AndroidRuntime(13956): Shutting down VM
D/AndroidRuntime(13986): >>>>>> START com.android.internal.os.RuntimeInit uid 0 <<<<<<
D/AndroidRuntime(13986): CheckJNI is OFF
E/memtrack(13986): Couldn't load memtrack module (No such file or directory)
E/android.os.Debug(13986): failed to load memtrack module: -2
D/AndroidRuntime(13986): Calling main entry com.android.commands.uiautomator.Launcher
W/AccessibilityNodeInfoDumper(13986): Fetch time: 1ms
W/WindowManager(  676): Attempted to remove non-existing token: android.os.Binder@8b083c0
D/AndroidRuntime(13986): Shutting down VM
D/AndroidRuntime(14009): >>>>>> START com.android.internal.os.RuntimeInit uid 0 <<<<<<
D/AndroidRuntime(14009): CheckJNI is OFF
E/memtrack(14009): Couldn't load memtrack module (No such file or directory)
E/android.os.Debug(14009): failed to load memtrack module: -2
D/AndroidRuntime(14009): Calling main entry com.android.commands.uiautomator.Launcher
W/AccessibilityNodeInfoDumper(14009): Fetch time: 2ms
W/WindowManager(  676): Attempted to remove non-existing token: android.os.Binder@21ccc8f9
D/AndroidRuntime(14009): Shutting down VM
D/AndroidRuntime(14027): >>>>>> START com.android.internal.os.RuntimeInit uid 0 <<<<<<
D/AndroidRuntime(14027): CheckJNI is OFF
E/memtrack(14027): Couldn't load memtrack module (No such file or directory)
E/android.os.Debug(14027): failed to load memtrack module: -2
D/AndroidRuntime(14027): Calling main entry com.android.commands.input.Input
I/Input   (14027): injectMotionEvent: MotionEvent { action=ACTION_DOWN, id[0]=0, x[0]=980.0, y[0]=210.0, toolType[0]=TOOL_TYPE_UNKNOWN, buttonState=0, metaState=0, flags=0x0, edgeFlags=0x0, pointerCount=1, historySize=0, eventTime=966709, downTime=966709, deviceId=0, source=0x1002 }
I/Input   (14027): injectMotionEvent: MotionEvent { action=ACTION_UP, id[0]=0, x[0]=980.0, y[0]=210.0, toolType[0]=TOOL_TYPE_UNKNOWN, buttonState=0, metaState=0, flags=0x0, edgeFlags=0x0, pointerCount=1, historySize=0, eventTime=966709, downTime=966709, deviceId=0, source=0x1002 }
D/AndroidRuntime(14027): Shutting down VM
D/leak-369(12438): Eastern Standard Time
D/leak-831(12438): Eastern Standard Time
W/AudioTrack(  676): AUDIO_OUTPUT_FLAG_FAST denied by client
W/InputMethodManagerService(  676): Window already focused, ignoring focus gain of: com.android.internal.view.IInputMethodClient$Stub$Proxy@1524e9f attribute=null, token = android.os.BinderProxy@17b1cdc9
D/AndroidRuntime(14369): >>>>>> START com.android.internal.os.RuntimeInit uid 0 <<<<<<
D/AndroidRuntime(14369): CheckJNI is OFF
E/memtrack(14369): Couldn't load memtrack module (No such file or directory)
E/android.os.Debug(14369): failed to load memtrack module: -2
D/AndroidRuntime(14369): Calling main entry com.android.commands.uiautomator.Launcher
D/leak-372(12438): Eastern Standard Time
I/AccessibilityNodeInfoDumper(14369): Skipping invisible child: android.view.accessibility.AccessibilityNodeInfo@8000babe; boundsInParent: Rect(0, 0 - 1200, 1538); boundsInScreen: Rect(1200, 280 - 1200, 1818); packageName: com.adonai.manman; className: android.widget.FrameLayout; text: null; error: null; maxTextLength: -1; contentDescription: null; viewIdResName: com.adonai.manman:id/chapter_fragment_frame; checkable: false; checked: false; focusable: true; focused: false; selected: false; clickable: false; longClickable: false; enabled: true; password: false; scrollable: false; actions: [AccessibilityAction: ACTION_FOCUS - null, AccessibilityAction: ACTION_SELECT - null, AccessibilityAction: ACTION_CLEAR_SELECTION - null, AccessibilityAction: ACTION_ACCESSIBILITY_FOCUS - null]
W/AccessibilityNodeInfoDumper(14369): Fetch time: 18ms
W/WindowManager(  676): Attempted to remove non-existing token: android.os.Binder@2087fbb5
D/AndroidRuntime(14369): Shutting down VM
D/AndroidRuntime(14397): >>>>>> START com.android.internal.os.RuntimeInit uid 0 <<<<<<
D/AndroidRuntime(14397): CheckJNI is OFF
E/memtrack(14397): Couldn't load memtrack module (No such file or directory)
E/android.os.Debug(14397): failed to load memtrack module: -2
D/AndroidRuntime(14397): Calling main entry com.android.commands.uiautomator.Launcher
I/art     (  676): Explicit concurrent mark sweep GC freed 45877(2MB) AllocSpace objects, 31(496KB) LOS objects, 33% free, 9MB/14MB, paused 472us total 16.592ms
D/leak-372(12438): Eastern Standard Time
I/AccessibilityNodeInfoDumper(14397): Skipping invisible child: android.view.accessibility.AccessibilityNodeInfo@8000bac8; boundsInParent: Rect(0, 0 - 1200, 1538); boundsInScreen: Rect(1200, 280 - 1200, 1818); packageName: com.adonai.manman; className: android.widget.FrameLayout; text: null; error: null; maxTextLength: -1; contentDescription: null; viewIdResName: com.adonai.manman:id/chapter_fragment_frame; checkable: false; checked: false; focusable: true; focused: false; selected: false; clickable: false; longClickable: false; enabled: true; password: false; scrollable: false; actions: [AccessibilityAction: ACTION_FOCUS - null, AccessibilityAction: ACTION_SELECT - null, AccessibilityAction: ACTION_CLEAR_SELECTION - null, AccessibilityAction: ACTION_ACCESSIBILITY_FOCUS - null]
W/AccessibilityNodeInfoDumper(14397): Fetch time: 17ms
W/WindowManager(  676): Attempted to remove non-existing token: android.os.Binder@2b95824a
D/AndroidRuntime(14397): Shutting down VM
D/AndroidRuntime(14420): >>>>>> START com.android.internal.os.RuntimeInit uid 0 <<<<<<
D/AndroidRuntime(14420): CheckJNI is OFF
E/memtrack(14420): Couldn't load memtrack module (No such file or directory)
E/android.os.Debug(14420): failed to load memtrack module: -2
D/AndroidRuntime(14420): Calling main entry com.android.commands.uiautomator.Launcher
D/leak-372(12438): Eastern Standard Time
I/AccessibilityNodeInfoDumper(14420): Skipping invisible child: android.view.accessibility.AccessibilityNodeInfo@8000bacd; boundsInParent: Rect(0, 0 - 1200, 1538); boundsInScreen: Rect(1200, 280 - 1200, 1818); packageName: com.adonai.manman; className: android.widget.FrameLayout; text: null; error: null; maxTextLength: -1; contentDescription: null; viewIdResName: com.adonai.manman:id/chapter_fragment_frame; checkable: false; checked: false; focusable: true; focused: false; selected: false; clickable: false; longClickable: false; enabled: true; password: false; scrollable: false; actions: [AccessibilityAction: ACTION_FOCUS - null, AccessibilityAction: ACTION_SELECT - null, AccessibilityAction: ACTION_CLEAR_SELECTION - null, AccessibilityAction: ACTION_ACCESSIBILITY_FOCUS - null]
W/AccessibilityNodeInfoDumper(14420): Fetch time: 20ms
W/WindowManager(  676): Attempted to remove non-existing token: android.os.Binder@2b630ad8
D/AndroidRuntime(14420): Shutting down VM
D/AndroidRuntime(14448): >>>>>> START com.android.internal.os.RuntimeInit uid 0 <<<<<<
D/AndroidRuntime(14448): CheckJNI is OFF
E/memtrack(14448): Couldn't load memtrack module (No such file or directory)
E/android.os.Debug(14448): failed to load memtrack module: -2
D/AndroidRuntime(14448): Calling main entry com.android.commands.uiautomator.Launcher
D/leak-372(12438): Eastern Standard Time
I/AccessibilityNodeInfoDumper(14448): Skipping invisible child: android.view.accessibility.AccessibilityNodeInfo@8000bad9; boundsInParent: Rect(0, 0 - 1200, 1538); boundsInScreen: Rect(1200, 280 - 1200, 1818); packageName: com.adonai.manman; className: android.widget.FrameLayout; text: null; error: null; maxTextLength: -1; contentDescription: null; viewIdResName: com.adonai.manman:id/chapter_fragment_frame; checkable: false; checked: false; focusable: true; focused: false; selected: false; clickable: false; longClickable: false; enabled: true; password: false; scrollable: false; actions: [AccessibilityAction: ACTION_FOCUS - null, AccessibilityAction: ACTION_SELECT - null, AccessibilityAction: ACTION_CLEAR_SELECTION - null, AccessibilityAction: ACTION_ACCESSIBILITY_FOCUS - null]
W/AccessibilityNodeInfoDumper(14448): Fetch time: 22ms
W/WindowManager(  676): Attempted to remove non-existing token: android.os.Binder@21899e31
D/AndroidRuntime(14448): Shutting down VM
D/AndroidRuntime(14481): >>>>>> START com.android.internal.os.RuntimeInit uid 0 <<<<<<
D/AndroidRuntime(14481): CheckJNI is OFF
E/memtrack(14481): Couldn't load memtrack module (No such file or directory)
E/android.os.Debug(14481): failed to load memtrack module: -2
D/AndroidRuntime(14481): Calling main entry com.android.commands.uiautomator.Launcher
D/leak-372(12438): Eastern Standard Time
I/AccessibilityNodeInfoDumper(14481): Skipping invisible child: android.view.accessibility.AccessibilityNodeInfo@8000bae2; boundsInParent: Rect(0, 0 - 1200, 1538); boundsInScreen: Rect(1200, 280 - 1200, 1818); packageName: com.adonai.manman; className: android.widget.FrameLayout; text: null; error: null; maxTextLength: -1; contentDescription: null; viewIdResName: com.adonai.manman:id/chapter_fragment_frame; checkable: false; checked: false; focusable: true; focused: false; selected: false; clickable: false; longClickable: false; enabled: true; password: false; scrollable: false; actions: [AccessibilityAction: ACTION_FOCUS - null, AccessibilityAction: ACTION_SELECT - null, AccessibilityAction: ACTION_CLEAR_SELECTION - null, AccessibilityAction: ACTION_ACCESSIBILITY_FOCUS - null]
W/AccessibilityNodeInfoDumper(14481): Fetch time: 15ms
W/WindowManager(  676): Attempted to remove non-existing token: android.os.Binder@b17916
D/AndroidRuntime(14481): Shutting down VM
D/AndroidRuntime(14513): >>>>>> START com.android.internal.os.RuntimeInit uid 0 <<<<<<
D/AndroidRuntime(14513): CheckJNI is OFF
E/memtrack(14513): Couldn't load memtrack module (No such file or directory)
E/android.os.Debug(14513): failed to load memtrack module: -2
D/AndroidRuntime(14513): Calling main entry com.android.commands.uiautomator.Launcher
D/leak-372(12438): Eastern Standard Time
I/AccessibilityNodeInfoDumper(14513): Skipping invisible child: android.view.accessibility.AccessibilityNodeInfo@8000bae9; boundsInParent: Rect(0, 0 - 1200, 1538); boundsInScreen: Rect(1200, 280 - 1200, 1818); packageName: com.adonai.manman; className: android.widget.FrameLayout; text: null; error: null; maxTextLength: -1; contentDescription: null; viewIdResName: com.adonai.manman:id/chapter_fragment_frame; checkable: false; checked: false; focusable: true; focused: false; selected: false; clickable: false; longClickable: false; enabled: true; password: false; scrollable: false; actions: [AccessibilityAction: ACTION_FOCUS - null, AccessibilityAction: ACTION_SELECT - null, AccessibilityAction: ACTION_CLEAR_SELECTION - null, AccessibilityAction: ACTION_ACCESSIBILITY_FOCUS - null]
W/AccessibilityNodeInfoDumper(14513): Fetch time: 15ms
W/WindowManager(  676): Attempted to remove non-existing token: android.os.Binder@1b797297
D/AndroidRuntime(14513): Shutting down VM
D/AndroidRuntime(14536): >>>>>> START com.android.internal.os.RuntimeInit uid 0 <<<<<<
D/AndroidRuntime(14536): CheckJNI is OFF
E/memtrack(14536): Couldn't load memtrack module (No such file or directory)
E/android.os.Debug(14536): failed to load memtrack module: -2
D/AndroidRuntime(14536): Calling main entry com.android.commands.uiautomator.Launcher
D/leak-372(12438): Eastern Standard Time
I/AccessibilityNodeInfoDumper(14536): Skipping invisible child: android.view.accessibility.AccessibilityNodeInfo@8000baf1; boundsInParent: Rect(0, 0 - 1200, 1538); boundsInScreen: Rect(1200, 280 - 1200, 1818); packageName: com.adonai.manman; className: android.widget.FrameLayout; text: null; error: null; maxTextLength: -1; contentDescription: null; viewIdResName: com.adonai.manman:id/chapter_fragment_frame; checkable: false; checked: false; focusable: true; focused: false; selected: false; clickable: false; longClickable: false; enabled: true; password: false; scrollable: false; actions: [AccessibilityAction: ACTION_FOCUS - null, AccessibilityAction: ACTION_SELECT - null, AccessibilityAction: ACTION_CLEAR_SELECTION - null, AccessibilityAction: ACTION_ACCESSIBILITY_FOCUS - null]
W/AccessibilityNodeInfoDumper(14536): Fetch time: 15ms
W/WindowManager(  676): Attempted to remove non-existing token: android.os.Binder@2b69fc84
D/AndroidRuntime(14536): Shutting down VM
D/AndroidRuntime(14564): >>>>>> START com.android.internal.os.RuntimeInit uid 0 <<<<<<
D/AndroidRuntime(14564): CheckJNI is OFF
E/memtrack(14564): Couldn't load memtrack module (No such file or directory)
E/android.os.Debug(14564): failed to load memtrack module: -2
D/AndroidRuntime(14564): Calling main entry com.android.commands.uiautomator.Launcher
D/leak-372(12438): Eastern Standard Time
I/AccessibilityNodeInfoDumper(14564): Skipping invisible child: android.view.accessibility.AccessibilityNodeInfo@8000bafd; boundsInParent: Rect(0, 0 - 1200, 1538); boundsInScreen: Rect(1200, 280 - 1200, 1818); packageName: com.adonai.manman; className: android.widget.FrameLayout; text: null; error: null; maxTextLength: -1; contentDescription: null; viewIdResName: com.adonai.manman:id/chapter_fragment_frame; checkable: false; checked: false; focusable: true; focused: false; selected: false; clickable: false; longClickable: false; enabled: true; password: false; scrollable: false; actions: [AccessibilityAction: ACTION_FOCUS - null, AccessibilityAction: ACTION_SELECT - null, AccessibilityAction: ACTION_CLEAR_SELECTION - null, AccessibilityAction: ACTION_ACCESSIBILITY_FOCUS - null]
W/AccessibilityNodeInfoDumper(14564): Fetch time: 16ms
W/WindowManager(  676): Attempted to remove non-existing token: android.os.Binder@1928ec6d
D/AndroidRuntime(14564): Shutting down VM
D/AndroidRuntime(14587): >>>>>> START com.android.internal.os.RuntimeInit uid 0 <<<<<<
D/AndroidRuntime(14587): CheckJNI is OFF
E/memtrack(14587): Couldn't load memtrack module (No such file or directory)
E/android.os.Debug(14587): failed to load memtrack module: -2
D/AndroidRuntime(14587): Calling main entry com.android.commands.uiautomator.Launcher
D/leak-372(12438): Eastern Standard Time
I/AccessibilityNodeInfoDumper(14587): Skipping invisible child: android.view.accessibility.AccessibilityNodeInfo@8000bb03; boundsInParent: Rect(0, 0 - 1200, 1538); boundsInScreen: Rect(1200, 280 - 1200, 1818); packageName: com.adonai.manman; className: android.widget.FrameLayout; text: null; error: null; maxTextLength: -1; contentDescription: null; viewIdResName: com.adonai.manman:id/chapter_fragment_frame; checkable: false; checked: false; focusable: true; focused: false; selected: false; clickable: false; longClickable: false; enabled: true; password: false; scrollable: false; actions: [AccessibilityAction: ACTION_FOCUS - null, AccessibilityAction: ACTION_SELECT - null, AccessibilityAction: ACTION_CLEAR_SELECTION - null, AccessibilityAction: ACTION_ACCESSIBILITY_FOCUS - null]
W/AccessibilityNodeInfoDumper(14587): Fetch time: 16ms
W/WindowManager(  676): Attempted to remove non-existing token: android.os.Binder@37c410a2
D/AndroidRuntime(14587): Shutting down VM
D/AndroidRuntime(14615): >>>>>> START com.android.internal.os.RuntimeInit uid 0 <<<<<<
D/AndroidRuntime(14615): CheckJNI is OFF
E/memtrack(14615): Couldn't load memtrack module (No such file or directory)
E/android.os.Debug(14615): failed to load memtrack module: -2
D/AndroidRuntime(14615): Calling main entry com.android.commands.uiautomator.Launcher
I/art     (  676): Explicit concurrent mark sweep GC freed 44370(2MB) AllocSpace objects, 34(544KB) LOS objects, 33% free, 9MB/14MB, paused 926us total 19.347ms
I/art     ( 1079): Explicit concurrent mark sweep GC freed 3099(130KB) AllocSpace objects, 1(2025KB) LOS objects, 39% free, 12MB/21MB, paused 383us total 8.596ms
D/leak-372(12438): Eastern Standard Time
I/AccessibilityNodeInfoDumper(14615): Skipping invisible child: android.view.accessibility.AccessibilityNodeInfo@8000bb0e; boundsInParent: Rect(0, 0 - 1200, 1538); boundsInScreen: Rect(1200, 280 - 1200, 1818); packageName: com.adonai.manman; className: android.widget.FrameLayout; text: null; error: null; maxTextLength: -1; contentDescription: null; viewIdResName: com.adonai.manman:id/chapter_fragment_frame; checkable: false; checked: false; focusable: true; focused: false; selected: false; clickable: false; longClickable: false; enabled: true; password: false; scrollable: false; actions: [AccessibilityAction: ACTION_FOCUS - null, AccessibilityAction: ACTION_SELECT - null, AccessibilityAction: ACTION_CLEAR_SELECTION - null, AccessibilityAction: ACTION_ACCESSIBILITY_FOCUS - null]
W/AccessibilityNodeInfoDumper(14615): Fetch time: 14ms
W/WindowManager(  676): Attempted to remove non-existing token: android.os.Binder@3ad8a133
D/AndroidRuntime(14615): Shutting down VM
D/AndroidRuntime(14638): >>>>>> START com.android.internal.os.RuntimeInit uid 0 <<<<<<
D/AndroidRuntime(14638): CheckJNI is OFF
E/memtrack(14638): Couldn't load memtrack module (No such file or directory)
E/android.os.Debug(14638): failed to load memtrack module: -2
D/AndroidRuntime(14638): Calling main entry com.android.commands.uiautomator.Launcher
D/leak-372(12438): Eastern Standard Time
I/AccessibilityNodeInfoDumper(14638): Skipping invisible child: android.view.accessibility.AccessibilityNodeInfo@8000bb18; boundsInParent: Rect(0, 0 - 1200, 1538); boundsInScreen: Rect(1200, 280 - 1200, 1818); packageName: com.adonai.manman; className: android.widget.FrameLayout; text: null; error: null; maxTextLength: -1; contentDescription: null; viewIdResName: com.adonai.manman:id/chapter_fragment_frame; checkable: false; checked: false; focusable: true; focused: false; selected: false; clickable: false; longClickable: false; enabled: true; password: false; scrollable: false; actions: [AccessibilityAction: ACTION_FOCUS - null, AccessibilityAction: ACTION_SELECT - null, AccessibilityAction: ACTION_CLEAR_SELECTION - null, AccessibilityAction: ACTION_ACCESSIBILITY_FOCUS - null]
W/AccessibilityNodeInfoDumper(14638): Fetch time: 17ms
W/WindowManager(  676): Attempted to remove non-existing token: android.os.Binder@2ff4e269
D/AndroidRuntime(14638): Shutting down VM
D/AndroidRuntime(14656): >>>>>> START com.android.internal.os.RuntimeInit uid 0 <<<<<<
D/AndroidRuntime(14656): CheckJNI is OFF
E/memtrack(14656): Couldn't load memtrack module (No such file or directory)
E/android.os.Debug(14656): failed to load memtrack module: -2
D/AndroidRuntime(14656): Calling main entry com.android.commands.input.Input
I/Input   (14656): injectMotionEvent: MotionEvent { action=ACTION_DOWN, id[0]=0, x[0]=640.0, y[0]=324.0, toolType[0]=TOOL_TYPE_UNKNOWN, buttonState=0, metaState=0, flags=0x0, edgeFlags=0x0, pointerCount=1, historySize=0, eventTime=990260, downTime=990260, deviceId=0, source=0x1002 }
I/Input   (14656): injectMotionEvent: MotionEvent { action=ACTION_UP, id[0]=0, x[0]=640.0, y[0]=324.0, toolType[0]=TOOL_TYPE_UNKNOWN, buttonState=0, metaState=0, flags=0x0, edgeFlags=0x0, pointerCount=1, historySize=0, eventTime=990260, downTime=990260, deviceId=0, source=0x1002 }
I/LatinIME( 1191): Starting input. Cursor position = 0,0
D/AndroidRuntime(14656): Shutting down VM
D/leak-372(12438): Eastern Standard Time
D/leak-372(12438): Eastern Standard Time
D/leak-374(12438): Eastern Standard Time
D/leak-372(12438): Eastern Standard Time
W/EGL_emulation( 1191): eglSurfaceAttrib not implemented
W/OpenGLRenderer( 1191): Failed to set EGL_SWAP_BEHAVIOR on surface 0xf3fea1a0, error=EGL_SUCCESS
D/leak-372(12438): Eastern Standard Time
D/leak-372(12438): Eastern Standard Time
D/leak-374(12438): Eastern Standard Time
D/leak-372(12438): Eastern Standard Time
D/leak-372(12438): Eastern Standard Time
D/leak-374(12438): Eastern Standard Time
D/leak-145(12438): Eastern Standard Time
D/leak-145(12438): Eastern Standard Time
D/leak-145(12438): Eastern Standard Time
D/leak-145(12438): Eastern Standard Time
D/leak-145(12438): Eastern Standard Time
D/leak-145(12438): Eastern Standard Time
D/leak-145(12438): Eastern Standard Time
D/leak-145(12438): Eastern Standard Time
D/leak-372(12438): Eastern Standard Time
D/AndroidRuntime(14672): >>>>>> START com.android.internal.os.RuntimeInit uid 0 <<<<<<
D/AndroidRuntime(14672): CheckJNI is OFF
E/memtrack(14672): Couldn't load memtrack module (No such file or directory)
E/android.os.Debug(14672): failed to load memtrack module: -2
D/AndroidRuntime(14672): Calling main entry com.android.commands.input.Input
I/Input   (14672): injectKeyEvent: KeyEvent { action=ACTION_DOWN, keyCode=KEYCODE_ESCAPE, scanCode=0, metaState=0, flags=0x0, repeatCount=0, eventTime=990726, downTime=990726, deviceId=-1, source=0x101 }
I/Input   (14672): injectKeyEvent: KeyEvent { action=ACTION_UP, keyCode=KEYCODE_ESCAPE, scanCode=0, metaState=0, flags=0x0, repeatCount=0, eventTime=990726, downTime=990726, deviceId=-1, source=0x101 }
D/AndroidRuntime(14672): Shutting down VM
D/leak-372(12438): Eastern Standard Time
D/leak-372(12438): Eastern Standard Time
D/leak-374(12438): Eastern Standard Time
D/leak-372(12438): Eastern Standard Time
D/leak-372(12438): Eastern Standard Time
D/leak-374(12438): Eastern Standard Time
D/leak-145(12438): Eastern Standard Time
D/leak-145(12438): Eastern Standard Time
D/leak-145(12438): Eastern Standard Time
D/leak-145(12438): Eastern Standard Time
D/leak-145(12438): Eastern Standard Time
D/leak-145(12438): Eastern Standard Time
D/leak-145(12438): Eastern Standard Time
D/leak-145(12438): Eastern Standard Time
D/leak-145(12438): Eastern Standard Time
D/leak-145(12438): Eastern Standard Time
D/leak-145(12438): Eastern Standard Time
D/leak-145(12438): Eastern Standard Time
D/leak-372(12438): Eastern Standard Time
D/AndroidRuntime(14690): >>>>>> START com.android.internal.os.RuntimeInit uid 0 <<<<<<
D/AndroidRuntime(14690): CheckJNI is OFF
E/memtrack(14690): Couldn't load memtrack module (No such file or directory)
E/android.os.Debug(14690): failed to load memtrack module: -2
D/AndroidRuntime(14690): Calling main entry com.android.commands.input.Input
I/Input   (14690): injectKeyEvent: KeyEvent { action=ACTION_DOWN, keyCode=KEYCODE_MOVE_END, scanCode=0, metaState=0, flags=0x0, repeatCount=0, eventTime=991641, downTime=991641, deviceId=-1, source=0x101 }
I/Input   (14690): injectKeyEvent: KeyEvent { action=ACTION_UP, keyCode=KEYCODE_MOVE_END, scanCode=0, metaState=0, flags=0x0, repeatCount=0, eventTime=991641, downTime=991641, deviceId=-1, source=0x101 }
D/AndroidRuntime(14690): Shutting down VM
D/AndroidRuntime(14704): >>>>>> START com.android.internal.os.RuntimeInit uid 0 <<<<<<
D/AndroidRuntime(14704): CheckJNI is OFF
E/memtrack(14704): Couldn't load memtrack module (No such file or directory)
E/android.os.Debug(14704): failed to load memtrack module: -2
D/AndroidRuntime(14704): Calling main entry com.android.commands.input.Input
I/Input   (14704): injectKeyEvent: KeyEvent { action=ACTION_DOWN, keyCode=KEYCODE_DEL, scanCode=0, metaState=0, flags=0x0, repeatCount=0, eventTime=991951, downTime=991951, deviceId=-1, source=0x101 }
I/Input   (14704): injectKeyEvent: KeyEvent { action=ACTION_UP, keyCode=KEYCODE_DEL, scanCode=0, metaState=0, flags=0x0, repeatCount=0, eventTime=991951, downTime=991951, deviceId=-1, source=0x101 }
I/Input   (14704): injectKeyEvent: KeyEvent { action=ACTION_DOWN, keyCode=KEYCODE_DEL, scanCode=0, metaState=0, flags=0x0, repeatCount=0, eventTime=991954, downTime=991954, deviceId=-1, source=0x101 }
I/Input   (14704): injectKeyEvent: KeyEvent { action=ACTION_UP, keyCode=KEYCODE_DEL, scanCode=0, metaState=0, flags=0x0, repeatCount=0, eventTime=991954, downTime=991954, deviceId=-1, source=0x101 }
I/Input   (14704): injectKeyEvent: KeyEvent { action=ACTION_DOWN, keyCode=KEYCODE_DEL, scanCode=0, metaState=0, flags=0x0, repeatCount=0, eventTime=991956, downTime=991956, deviceId=-1, source=0x101 }
I/Input   (14704): injectKeyEvent: KeyEvent { action=ACTION_UP, keyCode=KEYCODE_DEL, scanCode=0, metaState=0, flags=0x0, repeatCount=0, eventTime=991956, downTime=991956, deviceId=-1, source=0x101 }
I/Input   (14704): injectKeyEvent: KeyEvent { action=ACTION_DOWN, keyCode=KEYCODE_DEL, scanCode=0, metaState=0, flags=0x0, repeatCount=0, eventTime=991958, downTime=991958, deviceId=-1, source=0x101 }
I/Input   (14704): injectKeyEvent: KeyEvent { action=ACTION_UP, keyCode=KEYCODE_DEL, scanCode=0, metaState=0, flags=0x0, repeatCount=0, eventTime=991958, downTime=991958, deviceId=-1, source=0x101 }
I/Input   (14704): injectKeyEvent: KeyEvent { action=ACTION_DOWN, keyCode=KEYCODE_DEL, scanCode=0, metaState=0, flags=0x0, repeatCount=0, eventTime=991960, downTime=991960, deviceId=-1, source=0x101 }
I/Input   (14704): injectKeyEvent: KeyEvent { action=ACTION_UP, keyCode=KEYCODE_DEL, scanCode=0, metaState=0, flags=0x0, repeatCount=0, eventTime=991960, downTime=991960, deviceId=-1, source=0x101 }
I/Input   (14704): injectKeyEvent: KeyEvent { action=ACTION_DOWN, keyCode=KEYCODE_DEL, scanCode=0, metaState=0, flags=0x0, repeatCount=0, eventTime=991971, downTime=991971, deviceId=-1, source=0x101 }
I/Input   (14704): injectKeyEvent: KeyEvent { action=ACTION_UP, keyCode=KEYCODE_DEL, scanCode=0, metaState=0, flags=0x0, repeatCount=0, eventTime=991971, downTime=991971, deviceId=-1, source=0x101 }
I/Input   (14704): injectKeyEvent: KeyEvent { action=ACTION_DOWN, keyCode=KEYCODE_DEL, scanCode=0, metaState=0, flags=0x0, repeatCount=0, eventTime=991974, downTime=991974, deviceId=-1, source=0x101 }
I/Input   (14704): injectKeyEvent: KeyEvent { action=ACTION_UP, keyCode=KEYCODE_DEL, scanCode=0, metaState=0, flags=0x0, repeatCount=0, eventTime=991974, downTime=991974, deviceId=-1, source=0x101 }
I/Input   (14704): injectKeyEvent: KeyEvent { action=ACTION_DOWN, keyCode=KEYCODE_DEL, scanCode=0, metaState=0, flags=0x0, repeatCount=0, eventTime=991977, downTime=991977, deviceId=-1, source=0x101 }
I/Input   (14704): injectKeyEvent: KeyEvent { action=ACTION_UP, keyCode=KEYCODE_DEL, scanCode=0, metaState=0, flags=0x0, repeatCount=0, eventTime=991977, downTime=991977, deviceId=-1, source=0x101 }
I/Input   (14704): injectKeyEvent: KeyEvent { action=ACTION_DOWN, keyCode=KEYCODE_DEL, scanCode=0, metaState=0, flags=0x0, repeatCount=0, eventTime=991980, downTime=991980, deviceId=-1, source=0x101 }
I/Input   (14704): injectKeyEvent: KeyEvent { action=ACTION_UP, keyCode=KEYCODE_DEL, scanCode=0, metaState=0, flags=0x0, repeatCount=0, eventTime=991980, downTime=991980, deviceId=-1, source=0x101 }
I/Input   (14704): injectKeyEvent: KeyEvent { action=ACTION_DOWN, keyCode=KEYCODE_DEL, scanCode=0, metaState=0, flags=0x0, repeatCount=0, eventTime=991982, downTime=991982, deviceId=-1, source=0x101 }
I/Input   (14704): injectKeyEvent: KeyEvent { action=ACTION_UP, keyCode=KEYCODE_DEL, scanCode=0, metaState=0, flags=0x0, repeatCount=0, eventTime=991982, downTime=991982, deviceId=-1, source=0x101 }
I/Input   (14704): injectKeyEvent: KeyEvent { action=ACTION_DOWN, keyCode=KEYCODE_DEL, scanCode=0, metaState=0, flags=0x0, repeatCount=0, eventTime=991984, downTime=991984, deviceId=-1, source=0x101 }
I/Input   (14704): injectKeyEvent: KeyEvent { action=ACTION_UP, keyCode=KEYCODE_DEL, scanCode=0, metaState=0, flags=0x0, repeatCount=0, eventTime=991984, downTime=991984, deviceId=-1, source=0x101 }
I/Input   (14704): injectKeyEvent: KeyEvent { action=ACTION_DOWN, keyCode=KEYCODE_DEL, scanCode=0, metaState=0, flags=0x0, repeatCount=0, eventTime=991986, downTime=991986, deviceId=-1, source=0x101 }
I/Input   (14704): injectKeyEvent: KeyEvent { action=ACTION_UP, keyCode=KEYCODE_DEL, scanCode=0, metaState=0, flags=0x0, repeatCount=0, eventTime=991986, downTime=991986, deviceId=-1, source=0x101 }
I/Input   (14704): injectKeyEvent: KeyEvent { action=ACTION_DOWN, keyCode=KEYCODE_DEL, scanCode=0, metaState=0, flags=0x0, repeatCount=0, eventTime=991987, downTime=991987, deviceId=-1, source=0x101 }
I/Input   (14704): injectKeyEvent: KeyEvent { action=ACTION_UP, keyCode=KEYCODE_DEL, scanCode=0, metaState=0, flags=0x0, repeatCount=0, eventTime=991987, downTime=991987, deviceId=-1, source=0x101 }
I/Input   (14704): injectKeyEvent: KeyEvent { action=ACTION_DOWN, keyCode=KEYCODE_DEL, scanCode=0, metaState=0, flags=0x0, repeatCount=0, eventTime=991990, downTime=991990, deviceId=-1, source=0x101 }
I/Input   (14704): injectKeyEvent: KeyEvent { action=ACTION_UP, keyCode=KEYCODE_DEL, scanCode=0, metaState=0, flags=0x0, repeatCount=0, eventTime=991990, downTime=991990, deviceId=-1, source=0x101 }
I/Input   (14704): injectKeyEvent: KeyEvent { action=ACTION_DOWN, keyCode=KEYCODE_DEL, scanCode=0, metaState=0, flags=0x0, repeatCount=0, eventTime=991991, downTime=991991, deviceId=-1, source=0x101 }
I/Input   (14704): injectKeyEvent: KeyEvent { action=ACTION_UP, keyCode=KEYCODE_DEL, scanCode=0, metaState=0, flags=0x0, repeatCount=0, eventTime=991991, downTime=991991, deviceId=-1, source=0x101 }
I/Input   (14704): injectKeyEvent: KeyEvent { action=ACTION_DOWN, keyCode=KEYCODE_DEL, scanCode=0, metaState=0, flags=0x0, repeatCount=0, eventTime=991993, downTime=991993, deviceId=-1, source=0x101 }
I/Input   (14704): injectKeyEvent: KeyEvent { action=ACTION_UP, keyCode=KEYCODE_DEL, scanCode=0, metaState=0, flags=0x0, repeatCount=0, eventTime=991993, downTime=991993, deviceId=-1, source=0x101 }
I/Input   (14704): injectKeyEvent: KeyEvent { action=ACTION_DOWN, keyCode=KEYCODE_DEL, scanCode=0, metaState=0, flags=0x0, repeatCount=0, eventTime=992003, downTime=992003, deviceId=-1, source=0x101 }
I/Input   (14704): injectKeyEvent: KeyEvent { action=ACTION_UP, keyCode=KEYCODE_DEL, scanCode=0, metaState=0, flags=0x0, repeatCount=0, eventTime=992003, downTime=992003, deviceId=-1, source=0x101 }
I/Input   (14704): injectKeyEvent: KeyEvent { action=ACTION_DOWN, keyCode=KEYCODE_DEL, scanCode=0, metaState=0, flags=0x0, repeatCount=0, eventTime=992005, downTime=992005, deviceId=-1, source=0x101 }
I/Input   (14704): injectKeyEvent: KeyEvent { action=ACTION_UP, keyCode=KEYCODE_DEL, scanCode=0, metaState=0, flags=0x0, repeatCount=0, eventTime=992005, downTime=992005, deviceId=-1, source=0x101 }
I/Input   (14704): injectKeyEvent: KeyEvent { action=ACTION_DOWN, keyCode=KEYCODE_DEL, scanCode=0, metaState=0, flags=0x0, repeatCount=0, eventTime=992007, downTime=992007, deviceId=-1, source=0x101 }
I/Input   (14704): injectKeyEvent: KeyEvent { action=ACTION_UP, keyCode=KEYCODE_DEL, scanCode=0, metaState=0, flags=0x0, repeatCount=0, eventTime=992007, downTime=992007, deviceId=-1, source=0x101 }
I/Input   (14704): injectKeyEvent: KeyEvent { action=ACTION_DOWN, keyCode=KEYCODE_DEL, scanCode=0, metaState=0, flags=0x0, repeatCount=0, eventTime=992008, downTime=992008, deviceId=-1, source=0x101 }
I/Input   (14704): injectKeyEvent: KeyEvent { action=ACTION_UP, keyCode=KEYCODE_DEL, scanCode=0, metaState=0, flags=0x0, repeatCount=0, eventTime=992008, downTime=992008, deviceId=-1, source=0x101 }
I/Input   (14704): injectKeyEvent: KeyEvent { action=ACTION_DOWN, keyCode=KEYCODE_DEL, scanCode=0, metaState=0, flags=0x0, repeatCount=0, eventTime=992010, downTime=992010, deviceId=-1, source=0x101 }
I/Input   (14704): injectKeyEvent: KeyEvent { action=ACTION_UP, keyCode=KEYCODE_DEL, scanCode=0, metaState=0, flags=0x0, repeatCount=0, eventTime=992010, downTime=992010, deviceId=-1, source=0x101 }
