07-25 16:57:30.021  4155  4155 I Input   : injectMotionEvent: MotionEvent { action=ACTION_MOVE, actionButton=0, id[0]=0, x[0]=600.0, y[0]=1347.0, toolType[0]=TOOL_TYPE_UNKNOWN, buttonState=0, metaState=0, flags=0x0, edgeFlags=0x0, pointerCount=1, historySize=0, eventTime=205021, downTime=205021, deviceId=0, source=0x1002 }
07-25 16:57:30.034  4155  4155 I Input   : injectMotionEvent: MotionEvent { action=ACTION_MOVE, actionButton=0, id[0]=0, x[0]=600.0, y[0]=1347.0, toolType[0]=TOOL_TYPE_UNKNOWN, buttonState=0, metaState=0, flags=0x0, edgeFlags=0x0, pointerCount=1, historySize=0, eventTime=205034, downTime=205034, deviceId=0, source=0x1002 }
07-25 16:57:30.050  4155  4155 I Input   : injectMotionEvent: MotionEvent { action=ACTION_MOVE, actionButton=0, id[0]=0, x[0]=600.0, y[0]=1347.0, toolType[0]=TOOL_TYPE_UNKNOWN, buttonState=0, metaState=0, flags=0x0, edgeFlags=0x0, pointerCount=1, historySize=0, eventTime=205050, downTime=205050, deviceId=0, source=0x1002 }
07-25 16:57:30.068  4155  4155 I Input   : injectMotionEvent: MotionEvent { action=ACTION_MOVE, actionButton=0, id[0]=0, x[0]=600.0, y[0]=1347.0, toolType[0]=TOOL_TYPE_UNKNOWN, buttonState=0, metaState=0, flags=0x0, edgeFlags=0x0, pointerCount=1, historySize=0, eventTime=205068, downTime=205068, deviceId=0, source=0x1002 }
07-25 16:57:30.085  4155  4155 I Input   : injectMotionEvent: MotionEvent { action=ACTION_MOVE, actionButton=0, id[0]=0, x[0]=600.0, y[0]=1347.0, toolType[0]=TOOL_TYPE_UNKNOWN, buttonState=0, metaState=0, flags=0x0, edgeFlags=0x0, pointerCount=1, historySize=0, eventTime=205084, downTime=205084, deviceId=0, source=0x1002 }
07-25 16:57:30.100  4155  4155 I Input   : injectMotionEvent: MotionEvent { action=ACTION_MOVE, actionButton=0, id[0]=0, x[0]=600.0, y[0]=1347.0, toolType[0]=TOOL_TYPE_UNKNOWN, buttonState=0, metaState=0, flags=0x0, edgeFlags=0x0, pointerCount=1, historySize=0, eventTime=205100, downTime=205100, deviceId=0, source=0x1002 }
07-25 16:57:30.117  4155  4155 I Input   : injectMotionEvent: MotionEvent { action=ACTION_MOVE, actionButton=0, id[0]=0, x[0]=600.0, y[0]=1347.0, toolType[0]=TOOL_TYPE_UNKNOWN, buttonState=0, metaState=0, flags=0x0, edgeFlags=0x0, pointerCount=1, historySize=0, eventTime=205117, downTime=205117, deviceId=0, source=0x1002 }
07-25 16:57:30.134  4155  4155 I Input   : injectMotionEvent: MotionEvent { action=ACTION_MOVE, actionButton=0, id[0]=0, x[0]=600.0, y[0]=1347.0, toolType[0]=TOOL_TYPE_UNKNOWN, buttonState=0, metaState=0, flags=0x0, edgeFlags=0x0, pointerCount=1, historySize=0, eventTime=205134, downTime=205134, deviceId=0, source=0x1002 }
07-25 16:57:30.152  4155  4155 I Input   : injectMotionEvent: MotionEvent { action=ACTION_MOVE, actionButton=0, id[0]=0, x[0]=600.0, y[0]=1347.0, toolType[0]=TOOL_TYPE_UNKNOWN, buttonState=0, metaState=0, flags=0x0, edgeFlags=0x0, pointerCount=1, historySize=0, eventTime=205152, downTime=205152, deviceId=0, source=0x1002 }
07-25 16:57:30.167  4155  4155 I Input   : injectMotionEvent: MotionEvent { action=ACTION_MOVE, actionButton=0, id[0]=0, x[0]=600.0, y[0]=1347.0, toolType[0]=TOOL_TYPE_UNKNOWN, buttonState=0, metaState=0, flags=0x0, edgeFlags=0x0, pointerCount=1, historySize=0, eventTime=205167, downTime=205167, deviceId=0, source=0x1002 }
07-25 16:57:30.183  4155  4155 I Input   : injectMotionEvent: MotionEvent { action=ACTION_MOVE, actionButton=0, id[0]=0, x[0]=600.0, y[0]=1347.0, toolType[0]=TOOL_TYPE_UNKNOWN, buttonState=0, metaState=0, flags=0x0, edgeFlags=0x0, pointerCount=1, historySize=0, eventTime=205183, downTime=205183, deviceId=0, source=0x1002 }
07-25 16:57:30.201  4155  4155 I Input   : injectMotionEvent: MotionEvent { action=ACTION_MOVE, actionButton=0, id[0]=0, x[0]=600.0, y[0]=1347.0, toolType[0]=TOOL_TYPE_UNKNOWN, buttonState=0, metaState=0, flags=0x0, edgeFlags=0x0, pointerCount=1, historySize=0, eventTime=205201, downTime=205201, deviceId=0, source=0x1002 }
07-25 16:57:30.221  4155  4155 I Input   : injectMotionEvent: MotionEvent { action=ACTION_MOVE, actionButton=0, id[0]=0, x[0]=600.0, y[0]=1347.0, toolType[0]=TOOL_TYPE_UNKNOWN, buttonState=0, metaState=0, flags=0x0, edgeFlags=0x0, pointerCount=1, historySize=0, eventTime=205221, downTime=205221, deviceId=0, source=0x1002 }
07-25 16:57:30.235  4155  4155 I Input   : injectMotionEvent: MotionEvent { action=ACTION_MOVE, actionButton=0, id[0]=0, x[0]=600.0, y[0]=1347.0, toolType[0]=TOOL_TYPE_UNKNOWN, buttonState=0, metaState=0, flags=0x0, edgeFlags=0x0, pointerCount=1, historySize=0, eventTime=205235, downTime=205235, deviceId=0, source=0x1002 }
07-25 16:57:30.250  4155  4155 I Input   : injectMotionEvent: MotionEvent { action=ACTION_MOVE, actionButton=0, id[0]=0, x[0]=600.0, y[0]=1347.0, toolType[0]=TOOL_TYPE_UNKNOWN, buttonState=0, metaState=0, flags=0x0, edgeFlags=0x0, pointerCount=1, historySize=0, eventTime=205250, downTime=205250, deviceId=0, source=0x1002 }
07-25 16:57:30.267  4155  4155 I Input   : injectMotionEvent: MotionEvent { action=ACTION_MOVE, actionButton=0, id[0]=0, x[0]=600.0, y[0]=1347.0, toolType[0]=TOOL_TYPE_UNKNOWN, buttonState=0, metaState=0, flags=0x0, edgeFlags=0x0, pointerCount=1, historySize=0, eventTime=205267, downTime=205267, deviceId=0, source=0x1002 }
07-25 16:57:30.285  4155  4155 I Input   : injectMotionEvent: MotionEvent { action=ACTION_MOVE, actionButton=0, id[0]=0, x[0]=600.0, y[0]=1347.0, toolType[0]=TOOL_TYPE_UNKNOWN, buttonState=0, metaState=0, flags=0x0, edgeFlags=0x0, pointerCount=1, historySize=0, eventTime=205285, downTime=205285, deviceId=0, source=0x1002 }
07-25 16:57:30.300  4155  4155 I Input   : injectMotionEvent: MotionEvent { action=ACTION_MOVE, actionButton=0, id[0]=0, x[0]=600.0, y[0]=1347.0, toolType[0]=TOOL_TYPE_UNKNOWN, buttonState=0, metaState=0, flags=0x0, edgeFlags=0x0, pointerCount=1, historySize=0, eventTime=205300, downTime=205300, deviceId=0, source=0x1002 }
07-25 16:57:30.317  4155  4155 I Input   : injectMotionEvent: MotionEvent { action=ACTION_MOVE, actionButton=0, id[0]=0, x[0]=600.0, y[0]=1347.0, toolType[0]=TOOL_TYPE_UNKNOWN, buttonState=0, metaState=0, flags=0x0, edgeFlags=0x0, pointerCount=1, historySize=0, eventTime=205317, downTime=205317, deviceId=0, source=0x1002 }
07-25 16:57:30.334  4155  4155 I Input   : injectMotionEvent: MotionEvent { action=ACTION_MOVE, actionButton=0, id[0]=0, x[0]=600.0, y[0]=1347.0, toolType[0]=TOOL_TYPE_UNKNOWN, buttonState=0, metaState=0, flags=0x0, edgeFlags=0x0, pointerCount=1, historySize=0, eventTime=205334, downTime=205334, deviceId=0, source=0x1002 }
07-25 16:57:30.350  4155  4155 I Input   : injectMotionEvent: MotionEvent { action=ACTION_MOVE, actionButton=0, id[0]=0, x[0]=600.0, y[0]=1347.0, toolType[0]=TOOL_TYPE_UNKNOWN, buttonState=0, metaState=0, flags=0x0, edgeFlags=0x0, pointerCount=1, historySize=0, eventTime=205350, downTime=205350, deviceId=0, source=0x1002 }
07-25 16:57:30.368  4155  4155 I Input   : injectMotionEvent: MotionEvent { action=ACTION_MOVE, actionButton=0, id[0]=0, x[0]=600.0, y[0]=1347.0, toolType[0]=TOOL_TYPE_UNKNOWN, buttonState=0, metaState=0, flags=0x0, edgeFlags=0x0, pointerCount=1, historySize=0, eventTime=205368, downTime=205368, deviceId=0, source=0x1002 }
07-25 16:57:30.384  4155  4155 I Input   : injectMotionEvent: MotionEvent { action=ACTION_MOVE, actionButton=0, id[0]=0, x[0]=600.0, y[0]=1347.0, toolType[0]=TOOL_TYPE_UNKNOWN, buttonState=0, metaState=0, flags=0x0, edgeFlags=0x0, pointerCount=1, historySize=0, eventTime=205384, downTime=205384, deviceId=0, source=0x1002 }
07-25 16:57:30.401  4155  4155 I Input   : injectMotionEvent: MotionEvent { action=ACTION_MOVE, actionButton=0, id[0]=0, x[0]=600.0, y[0]=1347.0, toolType[0]=TOOL_TYPE_UNKNOWN, buttonState=0, metaState=0, flags=0x0, edgeFlags=0x0, pointerCount=1, historySize=0, eventTime=205401, downTime=205401, deviceId=0, source=0x1002 }
07-25 16:57:30.417  4155  4155 I Input   : injectMotionEvent: MotionEvent { action=ACTION_MOVE, actionButton=0, id[0]=0, x[0]=600.0, y[0]=1347.0, toolType[0]=TOOL_TYPE_UNKNOWN, buttonState=0, metaState=0, flags=0x0, edgeFlags=0x0, pointerCount=1, historySize=0, eventTime=205417, downTime=205417, deviceId=0, source=0x1002 }
07-25 16:57:30.434  4155  4155 I Input   : injectMotionEvent: MotionEvent { action=ACTION_MOVE, actionButton=0, id[0]=0, x[0]=600.0, y[0]=1347.0, toolType[0]=TOOL_TYPE_UNKNOWN, buttonState=0, metaState=0, flags=0x0, edgeFlags=0x0, pointerCount=1, historySize=0, eventTime=205434, downTime=205434, deviceId=0, source=0x1002 }
07-25 16:57:30.452  4155  4155 I Input   : injectMotionEvent: MotionEvent { action=ACTION_MOVE, actionButton=0, id[0]=0, x[0]=600.0, y[0]=1347.0, toolType[0]=TOOL_TYPE_UNKNOWN, buttonState=0, metaState=0, flags=0x0, edgeFlags=0x0, pointerCount=1, historySize=0, eventTime=205451, downTime=205451, deviceId=0, source=0x1002 }
07-25 16:57:30.467  4155  4155 I Input   : injectMotionEvent: MotionEvent { action=ACTION_MOVE, actionButton=0, id[0]=0, x[0]=600.0, y[0]=1347.0, toolType[0]=TOOL_TYPE_UNKNOWN, buttonState=0, metaState=0, flags=0x0, edgeFlags=0x0, pointerCount=1, historySize=0, eventTime=205467, downTime=205467, deviceId=0, source=0x1002 }
07-25 16:57:30.484  4155  4155 I Input   : injectMotionEvent: MotionEvent { action=ACTION_MOVE, actionButton=0, id[0]=0, x[0]=600.0, y[0]=1347.0, toolType[0]=TOOL_TYPE_UNKNOWN, buttonState=0, metaState=0, flags=0x0, edgeFlags=0x0, pointerCount=1, historySize=0, eventTime=205484, downTime=205484, deviceId=0, source=0x1002 }
07-25 16:57:30.500  4155  4155 I Input   : injectMotionEvent: MotionEvent { action=ACTION_MOVE, actionButton=0, id[0]=0, x[0]=600.0, y[0]=1347.0, toolType[0]=TOOL_TYPE_UNKNOWN, buttonState=0, metaState=0, flags=0x0, edgeFlags=0x0, pointerCount=1, historySize=0, eventTime=205500, downTime=205500, deviceId=0, source=0x1002 }
07-25 16:57:30.517  4155  4155 I Input   : injectMotionEvent: MotionEvent { action=ACTION_MOVE, actionButton=0, id[0]=0, x[0]=600.0, y[0]=1347.0, toolType[0]=TOOL_TYPE_UNKNOWN, buttonState=0, metaState=0, flags=0x0, edgeFlags=0x0, pointerCount=1, historySize=0, eventTime=205517, downTime=205517, deviceId=0, source=0x1002 }
07-25 16:57:30.534  4155  4155 I Input   : injectMotionEvent: MotionEvent { action=ACTION_MOVE, actionButton=0, id[0]=0, x[0]=600.0, y[0]=1347.0, toolType[0]=TOOL_TYPE_UNKNOWN, buttonState=0, metaState=0, flags=0x0, edgeFlags=0x0, pointerCount=1, historySize=0, eventTime=205534, downTime=205534, deviceId=0, source=0x1002 }
07-25 16:57:30.550  4155  4155 I Input   : injectMotionEvent: MotionEvent { action=ACTION_MOVE, actionButton=0, id[0]=0, x[0]=600.0, y[0]=1347.0, toolType[0]=TOOL_TYPE_UNKNOWN, buttonState=0, metaState=0, flags=0x0, edgeFlags=0x0, pointerCount=1, historySize=0, eventTime=205550, downTime=205550, deviceId=0, source=0x1002 }
07-25 16:57:30.568  4155  4155 I Input   : injectMotionEvent: MotionEvent { action=ACTION_MOVE, actionButton=0, id[0]=0, x[0]=600.0, y[0]=1347.0, toolType[0]=TOOL_TYPE_UNKNOWN, buttonState=0, metaState=0, flags=0x0, edgeFlags=0x0, pointerCount=1, historySize=0, eventTime=205568, downTime=205568, deviceId=0, source=0x1002 }
07-25 16:57:30.584  4155  4155 I Input   : injectMotionEvent: MotionEvent { action=ACTION_MOVE, actionButton=0, id[0]=0, x[0]=600.0, y[0]=1347.0, toolType[0]=TOOL_TYPE_UNKNOWN, buttonState=0, metaState=0, flags=0x0, edgeFlags=0x0, pointerCount=1, historySize=0, eventTime=205583, downTime=205583, deviceId=0, source=0x1002 }
07-25 16:57:30.601  4155  4155 I Input   : injectMotionEvent: MotionEvent { action=ACTION_MOVE, actionButton=0, id[0]=0, x[0]=600.0, y[0]=1347.0, toolType[0]=TOOL_TYPE_UNKNOWN, buttonState=0, metaState=0, flags=0x0, edgeFlags=0x0, pointerCount=1, historySize=0, eventTime=205601, downTime=205601, deviceId=0, source=0x1002 }
07-25 16:57:30.617  4155  4155 I Input   : injectMotionEvent: MotionEvent { action=ACTION_MOVE, actionButton=0, id[0]=0, x[0]=600.0, y[0]=1347.0, toolType[0]=TOOL_TYPE_UNKNOWN, buttonState=0, metaState=0, flags=0x0, edgeFlags=0x0, pointerCount=1, historySize=0, eventTime=205617, downTime=205617, deviceId=0, source=0x1002 }
07-25 16:57:30.634  4155  4155 I Input   : injectMotionEvent: MotionEvent { action=ACTION_MOVE, actionButton=0, id[0]=0, x[0]=600.0, y[0]=1347.0, toolType[0]=TOOL_TYPE_UNKNOWN, buttonState=0, metaState=0, flags=0x0, edgeFlags=0x0, pointerCount=1, historySize=0, eventTime=205634, downTime=205634, deviceId=0, source=0x1002 }
07-25 16:57:30.650  4155  4155 I Input   : injectMotionEvent: MotionEvent { action=ACTION_MOVE, actionButton=0, id[0]=0, x[0]=600.0, y[0]=1347.0, toolType[0]=TOOL_TYPE_UNKNOWN, buttonState=0, metaState=0, flags=0x0, edgeFlags=0x0, pointerCount=1, historySize=0, eventTime=205650, downTime=205650, deviceId=0, source=0x1002 }
07-25 16:57:30.668  4155  4155 I Input   : injectMotionEvent: MotionEvent { action=ACTION_MOVE, actionButton=0, id[0]=0, x[0]=600.0, y[0]=1347.0, toolType[0]=TOOL_TYPE_UNKNOWN, buttonState=0, metaState=0, flags=0x0, edgeFlags=0x0, pointerCount=1, historySize=0, eventTime=205668, downTime=205668, deviceId=0, source=0x1002 }
07-25 16:57:30.685  4155  4155 I Input   : injectMotionEvent: MotionEvent { action=ACTION_MOVE, actionButton=0, id[0]=0, x[0]=600.0, y[0]=1347.0, toolType[0]=TOOL_TYPE_UNKNOWN, buttonState=0, metaState=0, flags=0x0, edgeFlags=0x0, pointerCount=1, historySize=0, eventTime=205684, downTime=205684, deviceId=0, source=0x1002 }
07-25 16:57:30.700  4155  4155 I Input   : injectMotionEvent: MotionEvent { action=ACTION_MOVE, actionButton=0, id[0]=0, x[0]=600.0, y[0]=1347.0, toolType[0]=TOOL_TYPE_UNKNOWN, buttonState=0, metaState=0, flags=0x0, edgeFlags=0x0, pointerCount=1, historySize=0, eventTime=205700, downTime=205700, deviceId=0, source=0x1002 }
07-25 16:57:30.717  4155  4155 I Input   : injectMotionEvent: MotionEvent { action=ACTION_MOVE, actionButton=0, id[0]=0, x[0]=600.0, y[0]=1347.0, toolType[0]=TOOL_TYPE_UNKNOWN, buttonState=0, metaState=0, flags=0x0, edgeFlags=0x0, pointerCount=1, historySize=0, eventTime=205717, downTime=205717, deviceId=0, source=0x1002 }
07-25 16:57:30.736  4155  4155 I Input   : injectMotionEvent: MotionEvent { action=ACTION_MOVE, actionButton=0, id[0]=0, x[0]=600.0, y[0]=1347.0, toolType[0]=TOOL_TYPE_UNKNOWN, buttonState=0, metaState=0, flags=0x0, edgeFlags=0x0, pointerCount=1, historySize=0, eventTime=205736, downTime=205736, deviceId=0, source=0x1002 }
07-25 16:57:30.752  4155  4155 I Input   : injectMotionEvent: MotionEvent { action=ACTION_MOVE, actionButton=0, id[0]=0, x[0]=600.0, y[0]=1347.0, toolType[0]=TOOL_TYPE_UNKNOWN, buttonState=0, metaState=0, flags=0x0, edgeFlags=0x0, pointerCount=1, historySize=0, eventTime=205752, downTime=205752, deviceId=0, source=0x1002 }
07-25 16:57:30.767  4155  4155 I Input   : injectMotionEvent: MotionEvent { action=ACTION_MOVE, actionButton=0, id[0]=0, x[0]=600.0, y[0]=1347.0, toolType[0]=TOOL_TYPE_UNKNOWN, buttonState=0, metaState=0, flags=0x0, edgeFlags=0x0, pointerCount=1, historySize=0, eventTime=205767, downTime=205767, deviceId=0, source=0x1002 }
07-25 16:57:30.784  4155  4155 I Input   : injectMotionEvent: MotionEvent { action=ACTION_MOVE, actionButton=0, id[0]=0, x[0]=600.0, y[0]=1347.0, toolType[0]=TOOL_TYPE_UNKNOWN, buttonState=0, metaState=0, flags=0x0, edgeFlags=0x0, pointerCount=1, historySize=0, eventTime=205784, downTime=205784, deviceId=0, source=0x1002 }
07-25 16:57:30.800  4155  4155 I Input   : injectMotionEvent: MotionEvent { action=ACTION_MOVE, actionButton=0, id[0]=0, x[0]=600.0, y[0]=1347.0, toolType[0]=TOOL_TYPE_UNKNOWN, buttonState=0, metaState=0, flags=0x0, edgeFlags=0x0, pointerCount=1, historySize=0, eventTime=205800, downTime=205800, deviceId=0, source=0x1002 }
07-25 16:57:30.817  4155  4155 I Input   : injectMotionEvent: MotionEvent { action=ACTION_UP, actionButton=0, id[0]=0, x[0]=600.0, y[0]=1347.0, toolType[0]=TOOL_TYPE_UNKNOWN, buttonState=0, metaState=0, flags=0x0, edgeFlags=0x0, pointerCount=1, historySize=0, eventTime=205817, downTime=205817, deviceId=0, source=0x1002 }
07-25 16:57:30.818   618  1071 I ActivityManager: START u0 {act=android.intent.action.VIEW dat=http://tango.freedesktop.org/... cmp=com.android.browser/.BrowserActivity (has extras)} from uid 10060 on display 0
07-25 16:57:30.821   337  3873 D         : HostConnection::get() New Host Connection established 0xf6c3ea30, tid 3873
07-25 16:57:30.838   618  1071 D         : HostConnection::get() New Host Connection established 0xdbcff300, tid 1071
07-25 16:57:30.850   337   337 E EGL_emulation: tid 337: eglCreateSyncKHR(1215): error 0x3004 (EGL_BAD_ATTRIBUTE)
07-25 16:57:30.903  4155  4155 D AndroidRuntime: Shutting down VM
07-25 16:57:30.903  1874  1874 D leak-43 : Eastern Standard Time
07-25 16:57:30.903  1874  1874 D leak-44 : Eastern Standard Time
07-25 16:57:30.927  3473  3473 W AwContents: onDetachedFromWindow called when already detached. Ignoring
07-25 16:57:30.951  3473  3473 D WebViewTimersControl: onBrowserActivityResume
07-25 16:57:30.951  3473  3473 D WebViewTimersControl: Resuming webview timers, view=com.android.browser.BrowserWebView{df73dda VFEDHVCL. .F....I. 0,0-0,0}
07-25 16:57:30.972  3473  3518 W EGL_emulation: eglSurfaceAttrib not implemented
07-25 16:57:30.972  3473  3518 W OpenGLRenderer: Failed to set EGL_SWAP_BEHAVIOR on surface 0xde2356e0, error=EGL_SUCCESS
07-25 16:57:30.994   618   630 W InputMethodManagerService: Window already focused, ignoring focus gain of: com.android.internal.view.IInputMethodClient$Stub$Proxy@a05666b attribute=android.view.inputmethod.EditorInfo@b4365c8, token = android.os.BinderProxy@da7e04d
07-25 16:57:31.319  1874  1909 E Surface : getSlotFromBufferLocked: unknown buffer: 0xdf2c7c40
07-25 16:57:31.324  3473  3483 I art     : Background partial concurrent mark sweep GC freed 169(7KB) AllocSpace objects, 1(7MB) LOS objects, 40% free, 18MB/31MB, paused 12.871ms total 42.762ms
07-25 16:57:31.378  1874  1909 E Surface : getSlotFromBufferLocked: unknown buffer: 0xdf2c7930
07-25 16:57:32.049  1874  1874 D leak-46 : Eastern Standard Time
07-25 16:57:32.049  1874  1874 D leak-144: Eastern Standard Time
07-25 16:57:32.049  1874  1874 D leak-45 : Eastern Standard Time
07-25 16:57:32.404  3473  3473 W BindingManager: Cannot call determinedVisibility() - never saw a connection for the pid: 3473
07-25 16:57:36.597  4504  4504 D AndroidRuntime: >>>>>> START com.android.internal.os.RuntimeInit uid 0 <<<<<<
07-25 16:57:36.598  4504  4504 D AndroidRuntime: CheckJNI is OFF
07-25 16:57:36.609  4504  4504 D ICU     : No timezone override file found: /data/misc/zoneinfo/current/icu/icu_tzdata.dat
07-25 16:57:36.622  4504  4504 E memtrack: Couldn't load memtrack module (No such file or directory)
07-25 16:57:36.622  4504  4504 E android.os.Debug: failed to load memtrack module: -2
07-25 16:57:36.623  4504  4504 I Radio-JNI: register_android_hardware_Radio DONE
07-25 16:57:36.631  4504  4504 D AndroidRuntime: Calling main entry com.android.commands.monkey.Monkey
07-25 16:57:36.641   618   633 W BroadcastQueue: Skipping deliver [background] BroadcastRecord{73a6f3f u-1 android.net.conn.CONNECTIVITY_CHANGE} to ReceiverList{b80c00c 4504 (unknown name)/0/u-1 remote:20d9099}: process crashing
07-25 16:57:36.645   618   997 I ActivityManager: START u0 {act=android.intent.action.MAIN cat=[android.intent.category.LAUNCHER] flg=0x10200000 cmp=com.markuspage.android.atimetracker/.Activities} from uid 0 on display 0
07-25 16:57:36.652   618   997 D         : HostConnection::get() New Host Connection established 0xdb6a1790, tid 997
07-25 16:57:36.681   337   337 E EGL_emulation: tid 337: eglCreateSyncKHR(1215): error 0x3004 (EGL_BAD_ATTRIBUTE)
07-25 16:57:36.731  3473  3473 D WebViewTimersControl: onBrowserActivityPause
07-25 16:57:36.731  3473  3473 D WebViewTimersControl: Pausing webview timers, view=com.android.browser.BrowserWebView{df73dda VFEDHVCL. .F...... 0,0-1200,1568}
07-25 16:57:36.738  4504  4504 I art     : System.exit called, status: 0
07-25 16:57:36.738  4504  4504 I AndroidRuntime: VM exiting with result code 0.
07-25 16:57:36.743   618   634 D Sensors : batch handle 1, but there is no batch sensor in genymotion
07-25 16:57:36.764  1874  1909 W EGL_emulation: eglSurfaceAttrib not implemented
07-25 16:57:36.764  1874  1909 W OpenGLRenderer: Failed to set EGL_SWAP_BEHAVIOR on surface 0xde97f880, error=EGL_SUCCESS
07-25 16:57:36.774  1874  1874 D leak-48 : Eastern Standard Time
07-25 16:57:36.774  1874  1874 D leak-71 : Eastern Standard Time
07-25 16:57:36.774  1874  1874 D leak-146: Eastern Standard Time
07-25 16:57:36.774  1874  1874 D leak-147: Eastern Standard Time
07-25 16:57:36.774  1874  1874 D leak-148: Eastern Standard Time
07-25 16:57:36.774  1874  1874 D leak-149: Eastern Standard Time
07-25 16:57:36.775  1874  1874 D leak-150: Eastern Standard Time
07-25 16:57:36.775  1874  1874 D leak-150: Eastern Standard Time
07-25 16:57:36.775  1874  1874 D leak-150: Eastern Standard Time
07-25 16:57:36.775  1874  1874 D leak-149: Eastern Standard Time
07-25 16:57:36.775  1874  1874 D leak-150: Eastern Standard Time
07-25 16:57:36.775  1874  1874 D leak-150: Eastern Standard Time
07-25 16:57:36.775  1874  1874 D leak-150: Eastern Standard Time
07-25 16:57:36.775  1874  1874 D leak-149: Eastern Standard Time
07-25 16:57:36.775  1874  1874 D leak-150: Eastern Standard Time
07-25 16:57:36.775  1874  1874 D leak-150: Eastern Standard Time
07-25 16:57:36.775  1874  1874 D leak-150: Eastern Standard Time
07-25 16:57:36.775  1874  1874 D leak-149: Eastern Standard Time
07-25 16:57:36.775  1874  1874 D leak-150: Eastern Standard Time
07-25 16:57:36.775  1874  1874 D leak-150: Eastern Standard Time
07-25 16:57:36.775  1874  1874 D leak-150: Eastern Standard Time
07-25 16:57:36.775  1874  1874 D leak-151: Eastern Standard Time
07-25 16:57:36.776  1874  1874 D leak-159: Eastern Standard Time
07-25 16:57:36.776  1874  1874 D leak-168: Eastern Standard Time
07-25 16:57:36.776  1874  1874 D leak-168: Eastern Standard Time
07-25 16:57:36.776  1874  1874 D leak-72 : Eastern Standard Time
07-25 16:57:36.776  1874  1874 D leak-137: Eastern Standard Time
07-25 16:57:36.776  1874  1874 D leak-138: Eastern Standard Time
07-25 16:57:36.776  1874  1874 D leak-141: Eastern Standard Time
07-25 16:57:36.789  1874  1874 D leak-168: Eastern Standard Time
07-25 16:57:36.811  1874  1909 W EGL_emulation: eglSurfaceAttrib not implemented
07-25 16:57:36.811  1874  1909 W OpenGLRenderer: Failed to set EGL_SWAP_BEHAVIOR on surface 0xde97f7c0, error=EGL_SUCCESS
07-25 16:57:36.912  3473  3518 E Surface : getSlotFromBufferLocked: unknown buffer: 0xdf1143d0
07-25 16:57:42.911  4517  4517 D AndroidRuntime: >>>>>> START com.android.internal.os.RuntimeInit uid 0 <<<<<<
07-25 16:57:42.912  4517  4517 D AndroidRuntime: CheckJNI is OFF
07-25 16:57:42.922  4517  4517 D ICU     : No timezone override file found: /data/misc/zoneinfo/current/icu/icu_tzdata.dat
07-25 16:57:42.936  4517  4517 E memtrack: Couldn't load memtrack module (No such file or directory)
07-25 16:57:42.936  4517  4517 E android.os.Debug: failed to load memtrack module: -2
07-25 16:57:42.936  4517  4517 I Radio-JNI: register_android_hardware_Radio DONE
07-25 16:57:42.942  4517  4517 D AndroidRuntime: Calling main entry com.android.commands.uiautomator.Launcher
07-25 16:57:43.959  4517  4517 W AccessibilityNodeInfoDumper: Fetch time: 2ms
07-25 16:57:43.960   618   997 W WindowManager: Attempted to remove non-existing token: android.os.Binder@fdd220d
07-25 16:57:43.969  4517  4517 D AndroidRuntime: Shutting down VM
07-25 16:57:44.980  4540  4540 D AndroidRuntime: >>>>>> START com.android.internal.os.RuntimeInit uid 0 <<<<<<
07-25 16:57:44.981  4540  4540 D AndroidRuntime: CheckJNI is OFF
07-25 16:57:44.992  4540  4540 D ICU     : No timezone override file found: /data/misc/zoneinfo/current/icu/icu_tzdata.dat
07-25 16:57:45.007  4540  4540 E memtrack: Couldn't load memtrack module (No such file or directory)
07-25 16:57:45.007  4540  4540 E android.os.Debug: failed to load memtrack module: -2
07-25 16:57:45.007  4540  4540 I Radio-JNI: register_android_hardware_Radio DONE
07-25 16:57:45.014  4540  4540 D AndroidRuntime: Calling main entry com.android.commands.uiautomator.Launcher
07-25 16:57:46.028  4540  4540 W AccessibilityNodeInfoDumper: Fetch time: 1ms
07-25 16:57:46.029   618  1071 W WindowManager: Attempted to remove non-existing token: android.os.Binder@244dfd3
07-25 16:57:46.036  4540  4540 D AndroidRuntime: Shutting down VM
07-25 16:57:46.468  4559  4559 D AndroidRuntime: >>>>>> START com.android.internal.os.RuntimeInit uid 0 <<<<<<
07-25 16:57:46.469  4559  4559 D AndroidRuntime: CheckJNI is OFF
07-25 16:57:46.478  4559  4559 D ICU     : No timezone override file found: /data/misc/zoneinfo/current/icu/icu_tzdata.dat
07-25 16:57:46.490  4559  4559 E memtrack: Couldn't load memtrack module (No such file or directory)
07-25 16:57:46.490  4559  4559 E android.os.Debug: failed to load memtrack module: -2
07-25 16:57:46.491  4559  4559 I Radio-JNI: register_android_hardware_Radio DONE
07-25 16:57:46.498  4559  4559 D AndroidRuntime: Calling main entry com.android.commands.uiautomator.Launcher
07-25 16:57:46.984   618  1741 D NetlinkSocketObserver: NeighborEvent{elapsedMs=221984, 10.0.3.2, [525400123502], RTM_NEWNEIGH, NUD_STALE}
07-25 16:57:47.516  4559  4559 W AccessibilityNodeInfoDumper: Fetch time: 2ms
07-25 16:57:47.516   618  1071 W WindowManager: Attempted to remove non-existing token: android.os.Binder@3b7c710
07-25 16:57:47.524  4559  4559 D AndroidRuntime: Shutting down VM
07-25 16:57:48.505  4582  4582 D AndroidRuntime: >>>>>> START com.android.internal.os.RuntimeInit uid 0 <<<<<<
07-25 16:57:48.506  4582  4582 D AndroidRuntime: CheckJNI is OFF
07-25 16:57:48.517  4582  4582 D ICU     : No timezone override file found: /data/misc/zoneinfo/current/icu/icu_tzdata.dat
07-25 16:57:48.531  4582  4582 E memtrack: Couldn't load memtrack module (No such file or directory)
07-25 16:57:48.531  4582  4582 E android.os.Debug: failed to load memtrack module: -2
07-25 16:57:48.532  4582  4582 I Radio-JNI: register_android_hardware_Radio DONE
07-25 16:57:48.540  4582  4582 D AndroidRuntime: Calling main entry com.android.commands.uiautomator.Launcher
07-25 16:57:49.556  4582  4582 W AccessibilityNodeInfoDumper: Fetch time: 2ms
07-25 16:57:49.557   618   751 W WindowManager: Attempted to remove non-existing token: android.os.Binder@a46d209
07-25 16:57:49.565  4582  4582 D AndroidRuntime: Shutting down VM
07-25 16:57:50.622  4610  4610 D AndroidRuntime: >>>>>> START com.android.internal.os.RuntimeInit uid 0 <<<<<<
07-25 16:57:50.624  4610  4610 D AndroidRuntime: CheckJNI is OFF
07-25 16:57:50.635  4610  4610 D ICU     : No timezone override file found: /data/misc/zoneinfo/current/icu/icu_tzdata.dat
07-25 16:57:50.648  4610  4610 E memtrack: Couldn't load memtrack module (No such file or directory)
07-25 16:57:50.648  4610  4610 E android.os.Debug: failed to load memtrack module: -2
07-25 16:57:50.649  4610  4610 I Radio-JNI: register_android_hardware_Radio DONE
07-25 16:57:50.655  4610  4610 D AndroidRuntime: Calling main entry com.android.commands.uiautomator.Launcher
07-25 16:57:51.669  4610  4610 W AccessibilityNodeInfoDumper: Fetch time: 2ms
07-25 16:57:51.669   618   756 W WindowManager: Attempted to remove non-existing token: android.os.Binder@1c5c0e
07-25 16:57:51.676  4610  4610 D AndroidRuntime: Shutting down VM
07-25 16:57:52.684  4636  4636 D AndroidRuntime: >>>>>> START com.android.internal.os.RuntimeInit uid 0 <<<<<<
07-25 16:57:52.685  4636  4636 D AndroidRuntime: CheckJNI is OFF
07-25 16:57:52.694  4636  4636 D ICU     : No timezone override file found: /data/misc/zoneinfo/current/icu/icu_tzdata.dat
07-25 16:57:52.707  4636  4636 E memtrack: Couldn't load memtrack module (No such file or directory)
07-25 16:57:52.707  4636  4636 E android.os.Debug: failed to load memtrack module: -2
07-25 16:57:52.708  4636  4636 I Radio-JNI: register_android_hardware_Radio DONE
07-25 16:57:52.714  4636  4636 D AndroidRuntime: Calling main entry com.android.commands.uiautomator.Launcher
07-25 16:57:53.734  4636  4636 W AccessibilityNodeInfoDumper: Fetch time: 2ms
07-25 16:57:53.734   618   997 W WindowManager: Attempted to remove non-existing token: android.os.Binder@f3a62f
07-25 16:57:53.741  4636  4636 D AndroidRuntime: Shutting down VM
07-25 16:57:54.172  4654  4654 D AndroidRuntime: >>>>>> START com.android.internal.os.RuntimeInit uid 0 <<<<<<
07-25 16:57:54.173  4654  4654 D AndroidRuntime: CheckJNI is OFF
07-25 16:57:54.188  4654  4654 D ICU     : No timezone override file found: /data/misc/zoneinfo/current/icu/icu_tzdata.dat
07-25 16:57:54.217  4654  4654 E memtrack: Couldn't load memtrack module (No such file or directory)
07-25 16:57:54.217  4654  4654 E android.os.Debug: failed to load memtrack module: -2
07-25 16:57:54.222  4654  4654 I Radio-JNI: register_android_hardware_Radio DONE
07-25 16:57:54.232  4654  4654 D AndroidRuntime: Calling main entry com.android.commands.uiautomator.Launcher
07-25 16:57:55.301  4654  4654 W AccessibilityNodeInfoDumper: Fetch time: 1ms
07-25 16:57:55.302   618   629 W WindowManager: Attempted to remove non-existing token: android.os.Binder@18185c5
07-25 16:57:55.314  4654  4654 D AndroidRuntime: Shutting down VM
07-25 16:57:56.344  4677  4677 D AndroidRuntime: >>>>>> START com.android.internal.os.RuntimeInit uid 0 <<<<<<
07-25 16:57:56.346  4677  4677 D AndroidRuntime: CheckJNI is OFF
07-25 16:57:56.357  4677  4677 D ICU     : No timezone override file found: /data/misc/zoneinfo/current/icu/icu_tzdata.dat
07-25 16:57:56.370  4677  4677 E memtrack: Couldn't load memtrack module (No such file or directory)
07-25 16:57:56.370  4677  4677 E android.os.Debug: failed to load memtrack module: -2
07-25 16:57:56.371  4677  4677 I Radio-JNI: register_android_hardware_Radio DONE
07-25 16:57:56.376  4677  4677 D AndroidRuntime: Calling main entry com.android.commands.uiautomator.Launcher
07-25 16:57:57.396  4677  4677 W AccessibilityNodeInfoDumper: Fetch time: 1ms
07-25 16:57:57.397   618   751 W WindowManager: Attempted to remove non-existing token: android.os.Binder@6462b1a
07-25 16:57:57.404  4677  4677 D AndroidRuntime: Shutting down VM
07-25 16:57:57.844  4695  4695 D AndroidRuntime: >>>>>> START com.android.internal.os.RuntimeInit uid 0 <<<<<<
07-25 16:57:57.846  4695  4695 D AndroidRuntime: CheckJNI is OFF
07-25 16:57:57.856  4695  4695 D ICU     : No timezone override file found: /data/misc/zoneinfo/current/icu/icu_tzdata.dat
07-25 16:57:57.870  4695  4695 E memtrack: Couldn't load memtrack module (No such file or directory)
07-25 16:57:57.870  4695  4695 E android.os.Debug: failed to load memtrack module: -2
07-25 16:57:57.871  4695  4695 I Radio-JNI: register_android_hardware_Radio DONE
07-25 16:57:57.878  4695  4695 D AndroidRuntime: Calling main entry com.android.commands.uiautomator.Launcher
07-25 16:57:58.890  4695  4695 W AccessibilityNodeInfoDumper: Fetch time: 1ms
07-25 16:57:58.890   618   630 W WindowManager: Attempted to remove non-existing token: android.os.Binder@d1e764b
07-25 16:57:58.898  4695  4695 D AndroidRuntime: Shutting down VM
07-25 16:57:59.900  4718  4718 D AndroidRuntime: >>>>>> START com.android.internal.os.RuntimeInit uid 0 <<<<<<
07-25 16:57:59.901  4718  4718 D AndroidRuntime: CheckJNI is OFF
07-25 16:57:59.910  4718  4718 D ICU     : No timezone override file found: /data/misc/zoneinfo/current/icu/icu_tzdata.dat
07-25 16:57:59.922  4718  4718 E memtrack: Couldn't load memtrack module (No such file or directory)
07-25 16:57:59.922  4718  4718 E android.os.Debug: failed to load memtrack module: -2
07-25 16:57:59.922  4718  4718 I Radio-JNI: register_android_hardware_Radio DONE
07-25 16:57:59.928  4718  4718 D AndroidRuntime: Calling main entry com.android.commands.uiautomator.Launcher
07-25 16:58:00.948  4718  4718 W AccessibilityNodeInfoDumper: Fetch time: 4ms
07-25 16:58:00.949   618   746 W WindowManager: Attempted to remove non-existing token: android.os.Binder@7056828
07-25 16:58:00.958  4718  4718 D AndroidRuntime: Shutting down VM
07-25 16:58:01.388  4736  4736 D AndroidRuntime: >>>>>> START com.android.internal.os.RuntimeInit uid 0 <<<<<<
07-25 16:58:01.390  4736  4736 D AndroidRuntime: CheckJNI is OFF
07-25 16:58:01.399  4736  4736 D ICU     : No timezone override file found: /data/misc/zoneinfo/current/icu/icu_tzdata.dat
07-25 16:58:01.412  4736  4736 E memtrack: Couldn't load memtrack module (No such file or directory)
07-25 16:58:01.412  4736  4736 E android.os.Debug: failed to load memtrack module: -2
07-25 16:58:01.413  4736  4736 I Radio-JNI: register_android_hardware_Radio DONE
07-25 16:58:01.420  4736  4736 D AndroidRuntime: Calling main entry com.android.commands.uiautomator.Launcher
07-25 16:58:02.433  4736  4736 W AccessibilityNodeInfoDumper: Fetch time: 2ms
07-25 16:58:02.433   618   746 W WindowManager: Attempted to remove non-existing token: android.os.Binder@9f9b941
07-25 16:58:02.439  4736  4736 D AndroidRuntime: Shutting down VM
07-25 16:58:03.464  4761  4761 D AndroidRuntime: >>>>>> START com.android.internal.os.RuntimeInit uid 0 <<<<<<
07-25 16:58:03.467  4761  4761 D AndroidRuntime: CheckJNI is OFF
07-25 16:58:03.479  4761  4761 D ICU     : No timezone override file found: /data/misc/zoneinfo/current/icu/icu_tzdata.dat
07-25 16:58:03.491  4761  4761 E memtrack: Couldn't load memtrack module (No such file or directory)
07-25 16:58:03.491  4761  4761 E android.os.Debug: failed to load memtrack module: -2
07-25 16:58:03.492  4761  4761 I Radio-JNI: register_android_hardware_Radio DONE
07-25 16:58:03.498  4761  4761 D AndroidRuntime: Calling main entry com.android.commands.uiautomator.Launcher
07-25 16:58:04.514  4761  4761 W AccessibilityNodeInfoDumper: Fetch time: 2ms
07-25 16:58:04.514   618  1278 W WindowManager: Attempted to remove non-existing token: android.os.Binder@f0bdee6
07-25 16:58:04.523  4761  4761 D AndroidRuntime: Shutting down VM
07-25 16:58:04.964  4779  4779 D AndroidRuntime: >>>>>> START com.android.internal.os.RuntimeInit uid 0 <<<<<<
07-25 16:58:04.967  4779  4779 D AndroidRuntime: CheckJNI is OFF
07-25 16:58:04.976  4779  4779 D ICU     : No timezone override file found: /data/misc/zoneinfo/current/icu/icu_tzdata.dat
07-25 16:58:04.990  4779  4779 E memtrack: Couldn't load memtrack module (No such file or directory)
07-25 16:58:04.990  4779  4779 E android.os.Debug: failed to load memtrack module: -2
07-25 16:58:04.990  4779  4779 I Radio-JNI: register_android_hardware_Radio DONE
07-25 16:58:05.000  4779  4779 D AndroidRuntime: Calling main entry com.android.commands.uiautomator.Launcher
07-25 16:58:06.016  4779  4779 W AccessibilityNodeInfoDumper: Fetch time: 1ms
07-25 16:58:06.016   618   629 W WindowManager: Attempted to remove non-existing token: android.os.Binder@1dc2c27
07-25 16:58:06.025  4779  4779 D AndroidRuntime: Shutting down VM
07-25 16:58:06.435  4793  4793 D AndroidRuntime: >>>>>> START com.android.internal.os.RuntimeInit uid 0 <<<<<<
07-25 16:58:06.436  4793  4793 D AndroidRuntime: CheckJNI is OFF
07-25 16:58:06.446  4793  4793 D ICU     : No timezone override file found: /data/misc/zoneinfo/current/icu/icu_tzdata.dat
07-25 16:58:06.458  4793  4793 E memtrack: Couldn't load memtrack module (No such file or directory)
07-25 16:58:06.458  4793  4793 E android.os.Debug: failed to load memtrack module: -2
07-25 16:58:06.459  4793  4793 I Radio-JNI: register_android_hardware_Radio DONE
07-25 16:58:06.466  4793  4793 D AndroidRuntime: Calling main entry com.android.commands.input.Input
07-25 16:58:06.467  4793  4793 I Input   : injectMotionEvent: MotionEvent { action=ACTION_DOWN, actionButton=0, id[0]=0, x[0]=1060.0, y[0]=1549.0, toolType[0]=TOOL_TYPE_UNKNOWN, buttonState=0, metaState=0, flags=0x0, edgeFlags=0x0, pointerCount=1, historySize=0, eventTime=241467, downTime=241467, deviceId=0, source=0x1002 }
07-25 16:58:06.469  4793  4793 I Input   : injectMotionEvent: MotionEvent { action=ACTION_UP, actionButton=0, id[0]=0, x[0]=1060.0, y[0]=1549.0, toolType[0]=TOOL_TYPE_UNKNOWN, buttonState=0, metaState=0, flags=0x0, edgeFlags=0x0, pointerCount=1, historySize=0, eventTime=241467, downTime=241467, deviceId=0, source=0x1002 }
07-25 16:58:06.470  4793  4793 D AndroidRuntime: Shutting down VM
07-25 16:58:06.505  1874  1909 E Surface : getSlotFromBufferLocked: unknown buffer: 0xdf2c7a80
07-25 16:58:06.593   265   659 D AudioFlinger: mixer(0xf1e00000) throttle end: throttle time(2)
07-25 16:58:10.896  5131  5131 D AndroidRuntime: >>>>>> START com.android.internal.os.RuntimeInit uid 0 <<<<<<
07-25 16:58:10.897  5131  5131 D AndroidRuntime: CheckJNI is OFF
07-25 16:58:10.907  5131  5131 D ICU     : No timezone override file found: /data/misc/zoneinfo/current/icu/icu_tzdata.dat
07-25 16:58:10.919  5131  5131 E memtrack: Couldn't load memtrack module (No such file or directory)
07-25 16:58:10.919  5131  5131 E android.os.Debug: failed to load memtrack module: -2
07-25 16:58:10.920  5131  5131 I Radio-JNI: register_android_hardware_Radio DONE
07-25 16:58:10.926  5131  5131 D AndroidRuntime: Calling main entry com.android.commands.uiautomator.Launcher
07-25 16:58:11.935  1874  1874 D leak-168: Eastern Standard Time
07-25 16:58:11.939  5131  5131 W AccessibilityNodeInfoDumper: Fetch time: 1ms
07-25 16:58:11.940   618  1278 W WindowManager: Attempted to remove non-existing token: android.os.Binder@acb4f79
07-25 16:58:11.950  5131  5131 D AndroidRuntime: Shutting down VM
07-25 16:58:12.949  5154  5154 D AndroidRuntime: >>>>>> START com.android.internal.os.RuntimeInit uid 0 <<<<<<
07-25 16:58:12.952  5154  5154 D AndroidRuntime: CheckJNI is OFF
07-25 16:58:12.962  5154  5154 D ICU     : No timezone override file found: /data/misc/zoneinfo/current/icu/icu_tzdata.dat
07-25 16:58:12.973  5154  5154 E memtrack: Couldn't load memtrack module (No such file or directory)
07-25 16:58:12.973  5154  5154 E android.os.Debug: failed to load memtrack module: -2
07-25 16:58:12.975  5154  5154 I Radio-JNI: register_android_hardware_Radio DONE
07-25 16:58:12.981  5154  5154 D AndroidRuntime: Calling main entry com.android.commands.uiautomator.Launcher
07-25 16:58:13.989  1874  1874 D leak-168: Eastern Standard Time
07-25 16:58:13.993  5154  5154 W AccessibilityNodeInfoDumper: Fetch time: 1ms
07-25 16:58:13.994   618  1278 W WindowManager: Attempted to remove non-existing token: android.os.Binder@b5de4be
07-25 16:58:14.002  5154  5154 D AndroidRuntime: Shutting down VM
07-25 16:58:14.424  5172  5172 D AndroidRuntime: >>>>>> START com.android.internal.os.RuntimeInit uid 0 <<<<<<
07-25 16:58:14.425  5172  5172 D AndroidRuntime: CheckJNI is OFF
07-25 16:58:14.434  5172  5172 D ICU     : No timezone override file found: /data/misc/zoneinfo/current/icu/icu_tzdata.dat
07-25 16:58:14.446  5172  5172 E memtrack: Couldn't load memtrack module (No such file or directory)
07-25 16:58:14.446  5172  5172 E android.os.Debug: failed to load memtrack module: -2
07-25 16:58:14.447  5172  5172 I Radio-JNI: register_android_hardware_Radio DONE
07-25 16:58:14.454  5172  5172 D AndroidRuntime: Calling main entry com.android.commands.uiautomator.Launcher
07-25 16:58:15.464  1874  1874 D leak-168: Eastern Standard Time
07-25 16:58:15.468  5172  5172 W AccessibilityNodeInfoDumper: Fetch time: 2ms
07-25 16:58:15.469   618  1071 W WindowManager: Attempted to remove non-existing token: android.os.Binder@ba0791f
07-25 16:58:15.476  5172  5172 D AndroidRuntime: Shutting down VM
07-25 16:58:16.472  5195  5195 D AndroidRuntime: >>>>>> START com.android.internal.os.RuntimeInit uid 0 <<<<<<
07-25 16:58:16.474  5195  5195 D AndroidRuntime: CheckJNI is OFF
07-25 16:58:16.482  5195  5195 D ICU     : No timezone override file found: /data/misc/zoneinfo/current/icu/icu_tzdata.dat
07-25 16:58:16.492  5195  5195 E memtrack: Couldn't load memtrack module (No such file or directory)
07-25 16:58:16.492  5195  5195 E android.os.Debug: failed to load memtrack module: -2
07-25 16:58:16.493  5195  5195 I Radio-JNI: register_android_hardware_Radio DONE
07-25 16:58:16.500  5195  5195 D AndroidRuntime: Calling main entry com.android.commands.uiautomator.Launcher
07-25 16:58:17.508  1874  1874 D leak-168: Eastern Standard Time
07-25 16:58:17.512  5195  5195 W AccessibilityNodeInfoDumper: Fetch time: 1ms
07-25 16:58:17.513   618   751 W WindowManager: Attempted to remove non-existing token: android.os.Binder@535346c
07-25 16:58:17.523  5195  5195 D AndroidRuntime: Shutting down VM
07-25 16:58:18.563  5223  5223 D AndroidRuntime: >>>>>> START com.android.internal.os.RuntimeInit uid 0 <<<<<<
07-25 16:58:18.564  5223  5223 D AndroidRuntime: CheckJNI is OFF
07-25 16:58:18.573  5223  5223 D ICU     : No timezone override file found: /data/misc/zoneinfo/current/icu/icu_tzdata.dat
07-25 16:58:18.586  5223  5223 E memtrack: Couldn't load memtrack module (No such file or directory)
07-25 16:58:18.586  5223  5223 E android.os.Debug: failed to load memtrack module: -2
07-25 16:58:18.586  5223  5223 I Radio-JNI: register_android_hardware_Radio DONE
07-25 16:58:18.594  5223  5223 D AndroidRuntime: Calling main entry com.android.commands.uiautomator.Launcher
07-25 16:58:19.605  1874  1874 D leak-168: Eastern Standard Time
07-25 16:58:19.609  5223  5223 W AccessibilityNodeInfoDumper: Fetch time: 1ms
07-25 16:58:19.610   618   629 W WindowManager: Attempted to remove non-existing token: android.os.Binder@5286a35
07-25 16:58:19.619  5223  5223 D AndroidRuntime: Shutting down VM
07-25 16:58:20.645  5249  5249 D AndroidRuntime: >>>>>> START com.android.internal.os.RuntimeInit uid 0 <<<<<<
07-25 16:58:20.646  5249  5249 D AndroidRuntime: CheckJNI is OFF
07-25 16:58:20.655  5249  5249 D ICU     : No timezone override file found: /data/misc/zoneinfo/current/icu/icu_tzdata.dat
07-25 16:58:20.669  5249  5249 E memtrack: Couldn't load memtrack module (No such file or directory)
07-25 16:58:20.670  5249  5249 E android.os.Debug: failed to load memtrack module: -2
07-25 16:58:20.670  5249  5249 I Radio-JNI: register_android_hardware_Radio DONE
07-25 16:58:20.676  5249  5249 D AndroidRuntime: Calling main entry com.android.commands.uiautomator.Launcher
07-25 16:58:21.684  1874  1874 D leak-168: Eastern Standard Time
07-25 16:58:21.688  5249  5249 W AccessibilityNodeInfoDumper: Fetch time: 2ms
07-25 16:58:21.688   618   746 W WindowManager: Attempted to remove non-existing token: android.os.Binder@c8f8eca
07-25 16:58:21.695  5249  5249 D AndroidRuntime: Shutting down VM
07-25 16:58:22.115  5267  5267 D AndroidRuntime: >>>>>> START com.android.internal.os.RuntimeInit uid 0 <<<<<<
07-25 16:58:22.117  5267  5267 D AndroidRuntime: CheckJNI is OFF
07-25 16:58:22.126  5267  5267 D ICU     : No timezone override file found: /data/misc/zoneinfo/current/icu/icu_tzdata.dat
07-25 16:58:22.138  5267  5267 E memtrack: Couldn't load memtrack module (No such file or directory)
07-25 16:58:22.138  5267  5267 E android.os.Debug: failed to load memtrack module: -2
07-25 16:58:22.138  5267  5267 I Radio-JNI: register_android_hardware_Radio DONE
07-25 16:58:22.145  5267  5267 D AndroidRuntime: Calling main entry com.android.commands.uiautomator.Launcher
07-25 16:58:23.153  1874  1874 D leak-168: Eastern Standard Time
07-25 16:58:23.158  5267  5267 W AccessibilityNodeInfoDumper: Fetch time: 1ms
07-25 16:58:23.158   618   746 W WindowManager: Attempted to remove non-existing token: android.os.Binder@6772b58
07-25 16:58:23.169  5267  5267 D AndroidRuntime: Shutting down VM
07-25 16:58:24.152  5290  5290 D AndroidRuntime: >>>>>> START com.android.internal.os.RuntimeInit uid 0 <<<<<<
07-25 16:58:24.154  5290  5290 D AndroidRuntime: CheckJNI is OFF
07-25 16:58:24.163  5290  5290 D ICU     : No timezone override file found: /data/misc/zoneinfo/current/icu/icu_tzdata.dat
07-25 16:58:24.176  5290  5290 E memtrack: Couldn't load memtrack module (No such file or directory)
07-25 16:58:24.176  5290  5290 E android.os.Debug: failed to load memtrack module: -2
07-25 16:58:24.177  5290  5290 I Radio-JNI: register_android_hardware_Radio DONE
07-25 16:58:24.184  5290  5290 D AndroidRuntime: Calling main entry com.android.commands.uiautomator.Launcher
07-25 16:58:25.193  1874  1874 D leak-168: Eastern Standard Time
07-25 16:58:25.197  5290  5290 W AccessibilityNodeInfoDumper: Fetch time: 2ms
07-25 16:58:25.197   618   756 W WindowManager: Attempted to remove non-existing token: android.os.Binder@e0274b1
07-25 16:58:25.209  5290  5290 D AndroidRuntime: Shutting down VM
07-25 16:58:25.644  5309  5309 D AndroidRuntime: >>>>>> START com.android.internal.os.RuntimeInit uid 0 <<<<<<
07-25 16:58:25.646  5309  5309 D AndroidRuntime: CheckJNI is OFF
07-25 16:58:25.657  5309  5309 D ICU     : No timezone override file found: /data/misc/zoneinfo/current/icu/icu_tzdata.dat
07-25 16:58:25.671  5309  5309 E memtrack: Couldn't load memtrack module (No such file or directory)
07-25 16:58:25.671  5309  5309 E android.os.Debug: failed to load memtrack module: -2
07-25 16:58:25.672  5309  5309 I Radio-JNI: register_android_hardware_Radio DONE
07-25 16:58:25.679  5309  5309 D AndroidRuntime: Calling main entry com.android.commands.uiautomator.Launcher
07-25 16:58:26.691  1874  1874 D leak-168: Eastern Standard Time
07-25 16:58:26.695  5309  5309 W AccessibilityNodeInfoDumper: Fetch time: 2ms
07-25 16:58:26.695   618   756 W WindowManager: Attempted to remove non-existing token: android.os.Binder@87fcd96
07-25 16:58:26.703  5309  5309 D AndroidRuntime: Shutting down VM
07-25 16:58:27.688  5332  5332 D AndroidRuntime: >>>>>> START com.android.internal.os.RuntimeInit uid 0 <<<<<<
07-25 16:58:27.690  5332  5332 D AndroidRuntime: CheckJNI is OFF
07-25 16:58:27.700  5332  5332 D ICU     : No timezone override file found: /data/misc/zoneinfo/current/icu/icu_tzdata.dat
07-25 16:58:27.713  5332  5332 E memtrack: Couldn't load memtrack module (No such file or directory)
07-25 16:58:27.713  5332  5332 E android.os.Debug: failed to load memtrack module: -2
07-25 16:58:27.714  5332  5332 I Radio-JNI: register_android_hardware_Radio DONE
07-25 16:58:27.720  5332  5332 D AndroidRuntime: Calling main entry com.android.commands.uiautomator.Launcher
07-25 16:58:28.729  1874  1874 D leak-168: Eastern Standard Time
07-25 16:58:28.734  5332  5332 W AccessibilityNodeInfoDumper: Fetch time: 2ms
07-25 16:58:28.734   618   629 W WindowManager: Attempted to remove non-existing token: android.os.Binder@7126d17
07-25 16:58:28.741  5332  5332 D AndroidRuntime: Shutting down VM
07-25 16:58:29.175  5350  5350 D AndroidRuntime: >>>>>> START com.android.internal.os.RuntimeInit uid 0 <<<<<<
07-25 16:58:29.177  5350  5350 D AndroidRuntime: CheckJNI is OFF
07-25 16:58:29.187  5350  5350 D ICU     : No timezone override file found: /data/misc/zoneinfo/current/icu/icu_tzdata.dat
07-25 16:58:29.202  5350  5350 E memtrack: Couldn't load memtrack module (No such file or directory)
07-25 16:58:29.202  5350  5350 E android.os.Debug: failed to load memtrack module: -2
07-25 16:58:29.202  5350  5350 I Radio-JNI: register_android_hardware_Radio DONE
07-25 16:58:29.209  5350  5350 D AndroidRuntime: Calling main entry com.android.commands.uiautomator.Launcher
07-25 16:58:30.221  1874  1874 D leak-168: Eastern Standard Time
07-25 16:58:30.225  5350  5350 W AccessibilityNodeInfoDumper: Fetch time: 2ms
07-25 16:58:30.225   618  1071 W WindowManager: Attempted to remove non-existing token: android.os.Binder@6dfa504
07-25 16:58:30.232  5350  5350 D AndroidRuntime: Shutting down VM
07-25 16:58:31.235  5375  5375 D AndroidRuntime: >>>>>> START com.android.internal.os.RuntimeInit uid 0 <<<<<<
07-25 16:58:31.237  5375  5375 D AndroidRuntime: CheckJNI is OFF
07-25 16:58:31.245  5375  5375 D ICU     : No timezone override file found: /data/misc/zoneinfo/current/icu/icu_tzdata.dat
07-25 16:58:31.255  5375  5375 E memtrack: Couldn't load memtrack module (No such file or directory)
07-25 16:58:31.256  5375  5375 E android.os.Debug: failed to load memtrack module: -2
07-25 16:58:31.257  5375  5375 I Radio-JNI: register_android_hardware_Radio DONE
07-25 16:58:31.263  5375  5375 D AndroidRuntime: Calling main entry com.android.commands.uiautomator.Launcher
07-25 16:58:32.281  1874  1874 D leak-168: Eastern Standard Time
07-25 16:58:32.285  5375  5375 W AccessibilityNodeInfoDumper: Fetch time: 1ms
07-25 16:58:32.286   618  1071 W WindowManager: Attempted to remove non-existing token: android.os.Binder@698aaed
07-25 16:58:32.293  5375  5375 D AndroidRuntime: Shutting down VM
07-25 16:58:32.711  5393  5393 D AndroidRuntime: >>>>>> START com.android.internal.os.RuntimeInit uid 0 <<<<<<
07-25 16:58:32.713  5393  5393 D AndroidRuntime: CheckJNI is OFF
07-25 16:58:32.721  5393  5393 D ICU     : No timezone override file found: /data/misc/zoneinfo/current/icu/icu_tzdata.dat
07-25 16:58:32.736  5393  5393 E memtrack: Couldn't load memtrack module (No such file or directory)
07-25 16:58:32.736  5393  5393 E android.os.Debug: failed to load memtrack module: -2
07-25 16:58:32.737  5393  5393 I Radio-JNI: register_android_hardware_Radio DONE
07-25 16:58:32.742  5393  5393 D AndroidRuntime: Calling main entry com.android.commands.uiautomator.Launcher
07-25 16:58:33.752  1874  1874 D leak-168: Eastern Standard Time
07-25 16:58:33.757  5393  5393 W AccessibilityNodeInfoDumper: Fetch time: 2ms
07-25 16:58:33.758   618  1278 W WindowManager: Attempted to remove non-existing token: android.os.Binder@3632d22
07-25 16:58:33.767  5393  5393 D AndroidRuntime: Shutting down VM
07-25 16:58:34.176  5406  5406 D AndroidRuntime: >>>>>> START com.android.internal.os.RuntimeInit uid 0 <<<<<<
07-25 16:58:34.177  5406  5406 D AndroidRuntime: CheckJNI is OFF
07-25 16:58:34.187  5406  5406 D ICU     : No timezone override file found: /data/misc/zoneinfo/current/icu/icu_tzdata.dat
07-25 16:58:34.200  5406  5406 E memtrack: Couldn't load memtrack module (No such file or directory)
07-25 16:58:34.200  5406  5406 E android.os.Debug: failed to load memtrack module: -2
07-25 16:58:34.201  5406  5406 I Radio-JNI: register_android_hardware_Radio DONE
