D/AndroidRuntime( 4530): >>>>>> START com.android.internal.os.RuntimeInit uid 0 <<<<<<
D/AndroidRuntime( 4530): CheckJNI is OFF
E/memtrack( 4530): Couldn't load memtrack module (No such file or directory)
E/android.os.Debug( 4530): failed to load memtrack module: -2
D/AndroidRuntime( 4530): Calling main entry com.android.commands.pm.Pm
I/ActivityManager(  676): Force stopping com.iamtrk.androidexplorer appid=10060 user=-1: uninstall pkg
I/ActivityManager(  676): Killing 4387:com.iamtrk.androidexplorer/u0a60 (adj 9): stop com.iamtrk.androidexplorer
W/libprocessgroup(  676): failed to open /acct/uid_10060/pid_4387/cgroup.procs: No such file or directory
W/InputMethodManagerService(  676): Window already focused, ignoring focus gain of: com.android.internal.view.IInputMethodClient$Stub$Proxy@1e43d1e1 attribute=null, token = android.os.BinderProxy@61938b5
I/ActivityManager(  676): Force stopping com.iamtrk.androidexplorer appid=10060 user=0: pkg removed
I/InputReader(  676): Reconfiguring input devices.  changes=0x00000010
D/JobSchedulerService(  676): Receieved: android.intent.action.PACKAGE_REMOVED
D/BackupManagerService(  676): Received broadcast Intent { act=android.intent.action.PACKAGE_REMOVED dat=package:com.iamtrk.androidexplorer flg=0x4000010 (has extras) }
D/VoicemailCleanupService( 2109): Cleaning up data for package: com.iamtrk.androidexplorer
D/Documents( 3378): Update found 6 roots in 1ms
W/ContextImpl( 3355): Calling a method in the system process without a qualified user: android.app.ContextImpl.startService:1700 android.content.ContextWrapper.startService:516 android.content.ContextWrapper.startService:516 com.android.keychain.KeyChainBroadcastReceiver.onReceive:12 android.app.ActivityThread.handleReceiver:2609 
I/LatinIME:LogUtils( 1191): Dictionary info: dictionary = main:en ; version = 47 ; date = 1402373178
I/art     ( 1569): Explicit concurrent mark sweep GC freed 22232(1138KB) AllocSpace objects, 2(32KB) LOS objects, 39% free, 4MB/7MB, paused 522us total 15.949ms
W/Launcher( 1569): setApplicationContext called twice! old=com.android.launcher3.LauncherApplication@2a0b515f new=com.android.launcher3.LauncherApplication@2a0b515f
I/art     ( 1079): Explicit concurrent mark sweep GC freed 5631(465KB) AllocSpace objects, 1(9MB) LOS objects, 40% free, 10MB/16MB, paused 1.891ms total 22.667ms
I/art     (  676): WaitForGcToComplete blocked for 27.697ms for cause Explicit
D/Launcher.Workspace( 1569): 11683562 - stripEmptyScreens()
D/Launcher.Workspace( 1569): 11683562 - stripEmptyScreens()
I/art     (  676): Explicit concurrent mark sweep GC freed 5320(343KB) AllocSpace objects, 2(32KB) LOS objects, 33% free, 9MB/13MB, paused 1.592ms total 55.439ms
I/art     ( 4530): System.exit called, status: 0
I/AndroidRuntime( 4530): VM exiting with result code 0.
D/TaskPersister(  676): removeObsoleteFile: deleting file=11_task.xml
D/TaskPersister(  676): removeObsoleteFile: deleting file=11_task_thumbnail.png
E/libprocessgroup( 4561): failed to make and chown /acct/uid_10027: Read-only file system
W/Zygote  ( 4561): createProcessGroup failed, kernel missing CONFIG_CGROUP_CPUACCT?
I/ActivityManager(  676): Start proc 4561:com.android.deskclock/u0a27 for broadcast com.android.deskclock/com.android.alarmclock.DigitalAppWidgetProvider
D/AndroidRuntime( 4597): >>>>>> START com.android.internal.os.RuntimeInit uid 0 <<<<<<
D/AndroidRuntime( 4597): CheckJNI is OFF
E/memtrack( 4597): Couldn't load memtrack module (No such file or directory)
E/android.os.Debug( 4597): failed to load memtrack module: -2
D/AndroidRuntime( 4597): Calling main entry com.android.commands.pm.Pm
I/PackageManager(  676): Package doesn't exist in get block uninstall com.oF2pks.kalturadeviceinfos
W/PackageManager(  676): Package named 'com.oF2pks.kalturadeviceinfos' doesn't exist.
I/art     (  676): Explicit concurrent mark sweep GC freed 45402(2MB) AllocSpace objects, 8(2MB) LOS objects, 33% free, 7MB/11MB, paused 449us total 17.424ms
E/Pm      ( 4597): Failure details: Bundle[{android.content.pm.extra.STATUS=1, android.content.pm.extra.PACKAGE_NAME=com.oF2pks.kalturadeviceinfos, android.content.pm.extra.LEGACY_STATUS=-1, android.content.pm.extra.STATUS_MESSAGE=DELETE_FAILED_INTERNAL_ERROR}]
I/art     ( 4597): System.exit called, status: 1
I/AndroidRuntime( 4597): VM exiting with result code 1.
D/AndroidRuntime( 4615): >>>>>> START com.android.internal.os.RuntimeInit uid 0 <<<<<<
D/AndroidRuntime( 4615): CheckJNI is OFF
E/memtrack( 4615): Couldn't load memtrack module (No such file or directory)
E/android.os.Debug( 4615): failed to load memtrack module: -2
D/AndroidRuntime( 4615): Calling main entry com.android.commands.pm.Pm
D/DefContainer( 2189): Copying /data/local/tmp/kaltura-release-unsigned_COMPLEX.apk to base.apk
D/PackageManager(  676): Renaming /data/app/vmdl1783073282.tmp to /data/app/com.oF2pks.kalturadeviceinfos-1
I/PackageManager(  676): Running dexopt on: /data/app/com.oF2pks.kalturadeviceinfos-1/base.apk pkg=com.oF2pks.kalturadeviceinfos isa=x86 vmSafeMode=false
E/cutils-trace( 4629): Error opening trace file: Permission denied (13)
I/dex2oat ( 4629): /system/bin/dex2oat --zip-fd=5 --zip-location=/data/app/com.oF2pks.kalturadeviceinfos-1/base.apk --oat-fd=6 --oat-location=/data/dalvik-cache/x86/data@app@com.oF2pks.kalturadeviceinfos-1@base.apk@classes.dex --instruction-set=x86 --instruction-set-features=default --runtime-arg -Xms64m --runtime-arg -Xmx512m --swap-fd=7
I/dex2oat ( 4629): Decided to run without swap.
W/dex2oat ( 4629): Before Android 4.1, method int android.support.v7.widget.DropDownListView.lookForSelectablePosition(int, boolean) would have incorrectly overridden the package-private method in android.widget.ListView
W/dex2oat ( 4629): Before Android 4.1, method int android.support.v7.widget.MenuPopupWindow$MenuDropDownListView.lookForSelectablePosition(int, boolean) would have incorrectly overridden the package-private method in android.widget.ListView
W/dex2oat ( 4629): Before Android 4.1, method android.graphics.PorterDuffColorFilter android.support.graphics.drawable.VectorDrawableCompat.updateTintFilter(android.graphics.PorterDuffColorFilter, android.content.res.ColorStateList, android.graphics.PorterDuff$Mode) would have incorrectly overridden the package-private method in android.graphics.drawable.Drawable
I/dex2oat ( 4629): dex2oat took 616.194ms (threads: 4) arena alloc=75KB java alloc=4MB native alloc=9MB free=6MB
W/PackageManager(  676): Unknown permission com.google.android.providers.gsf.permission.READ_GSERVICES in package com.oF2pks.kalturadeviceinfos
V/BackupManagerService(  676): restoreAtInstall pkg=com.oF2pks.kalturadeviceinfos token=3 restoreSet=0
V/BackupManagerService(  676): Finishing install immediately
W/Settings(  676): Setting install_non_market_apps has moved from android.provider.Settings.Global to android.provider.Settings.Secure, returning read-only value.
D/Documents( 3378): Update found 6 roots in 4ms
I/InputReader(  676): Reconfiguring input devices.  changes=0x00000010
D/BackupManagerService(  676): Received broadcast Intent { act=android.intent.action.PACKAGE_ADDED dat=package:com.oF2pks.kalturadeviceinfos flg=0x4000010 (has extras) }
I/art     (  676): Explicit concurrent mark sweep GC freed 10557(761KB) AllocSpace objects, 6(96KB) LOS objects, 33% free, 7MB/11MB, paused 423us total 31.128ms
I/art     ( 4615): System.exit called, status: 0
I/AndroidRuntime( 4615): VM exiting with result code 0.
W/VoiceInteractionManagerService(  676): no available voice recognition services found for user 0
D/Launcher.Workspace( 1569): 11683562 - removeExtraEmptyScreen()
D/Launcher.Workspace( 1569): 11683562 - convertFinalScreenToEmptyScreenIfNecessary()
D/AndroidRuntime( 4644): >>>>>> START com.android.internal.os.RuntimeInit uid 0 <<<<<<
D/AndroidRuntime( 4644): CheckJNI is OFF
E/memtrack( 4644): Couldn't load memtrack module (No such file or directory)
E/android.os.Debug( 4644): failed to load memtrack module: -2
D/AndroidRuntime( 4644): Calling main entry com.android.commands.monkey.Monkey
W/BroadcastQueue(  676): Skipping deliver [background] BroadcastRecord{3e8ec7a1 u-1 android.net.conn.CONNECTIVITY_CHANGE} to ReceiverList{2b243dc6 4644 (unknown name)/0/u-1 remote:15585ab}: process crashing
I/ActivityManager(  676): START u0 {act=android.intent.action.MAIN cat=[android.intent.category.LAUNCHER] flg=0x10200000 cmp=com.oF2pks.kalturadeviceinfos/.MainActivity} from uid 0 on display 0
V/WindowManager(  676): addAppToken: AppWindowToken{2eaf3cdd token=Token{362e88b4 ActivityRecord{3664d187 u0 com.oF2pks.kalturadeviceinfos/.MainActivity t12}}} to stack=1 task=12 at 0
V/WindowManager(  676): Adding window Window{21963a4c u0 Starting com.oF2pks.kalturadeviceinfos} at 2 of 7 (after Window{19027b4a u0 com.android.launcher3/com.android.launcher3.Launcher})
E/libprocessgroup( 4658): failed to make and chown /acct/uid_10061: Read-only file system
W/Zygote  ( 4658): createProcessGroup failed, kernel missing CONFIG_CGROUP_CPUACCT?
I/ActivityManager(  676): Start proc 4658:com.oF2pks.kalturadeviceinfos/u0a61 for activity com.oF2pks.kalturadeviceinfos/.MainActivity
D/Sensors (  676): batch handle 1, but there is no batch sensor in genymotion
I/art     ( 4644): System.exit called, status: 0
I/AndroidRuntime( 4644): VM exiting with result code 0.
W/art     ( 4658): Before Android 4.1, method android.graphics.PorterDuffColorFilter android.support.graphics.drawable.VectorDrawableCompat.updateTintFilter(android.graphics.PorterDuffColorFilter, android.content.res.ColorStateList, android.graphics.PorterDuff$Mode) would have incorrectly overridden the package-private method in android.graphics.drawable.Drawable
D/leak-102( 4658): Eastern Standard Time
D/leak-117( 4658): Eastern Standard Time
D/OpenGLRenderer( 4658): Use EGL_SWAP_BEHAVIOR_PRESERVED: true
D/        ( 4658): HostConnection::get() New Host Connection established 0xf3e72b30, tid 4658
D/leak-0  ( 4658): Eastern Standard Time
D/leak-1  ( 4658): Eastern Standard Time
D/leak-4  ( 4658): Eastern Standard Time
D/leak-5  ( 4658): Eastern Standard Time
D/leak-6  ( 4658): Eastern Standard Time
D/leak-41 ( 4658): Eastern Standard Time
D/leak-38 ( 4658): Eastern Standard Time
D/leak-143( 4658): Eastern Standard Time
D/leak-144( 4658): Eastern Standard Time
D/Atlas   ( 4658): Validating map...
V/WindowManager(  676): Adding window Window{3ca7db11 u0 com.oF2pks.kalturadeviceinfos/com.oF2pks.kalturadeviceinfos.MainActivity} at 2 of 8 (before Window{21963a4c u0 Starting com.oF2pks.kalturadeviceinfos})
D/leak-145( 4658): Eastern Standard Time
D/leak-39 ( 4658): Eastern Standard Time
D/leak-47 ( 4658): Eastern Standard Time
D/leak-65 ( 4658): Eastern Standard Time
D/leak-66 ( 4658): Eastern Standard Time
D/leak-68 ( 4658): Eastern Standard Time
E/Drm     (  386): Failed to find drm plugin
D/leak-69 ( 4658): Eastern Standard Time
D/leak-48 ( 4658): Eastern Standard Time
D/leak-52 ( 4658): Eastern Standard Time
D/leak-49 ( 4658): Eastern Standard Time
D/leak-83 ( 4658): Eastern Standard Time
D/leak-135( 4658): Eastern Standard Time
D/leak-136( 4658): Eastern Standard Time
D/leak-135( 4658): Eastern Standard Time
D/leak-136( 4658): Eastern Standard Time
D/leak-93 ( 4658): Eastern Standard Time
D/leak-94 ( 4658): Eastern Standard Time
D/leak-95 ( 4658): Eastern Standard Time
D/libEGL  ( 4658): loaded /system/lib/egl/libEGL_emulation.so
D/leak-93 ( 4658): Eastern Standard Time
D/leak-94 ( 4658): Eastern Standard Time
D/libEGL  ( 4658): loaded /system/lib/egl/libGLESv1_CM_emulation.so
D/leak-95 ( 4658): Eastern Standard Time
D/leak-86 ( 4658): Eastern Standard Time
D/leak-97 ( 4658): Eastern Standard Time
D/leak-98 ( 4658): Eastern Standard Time
D/libEGL  ( 4658): loaded /system/lib/egl/libGLESv2_emulation.so
D/leak-99 ( 4658): Eastern Standard Time
D/leak-99 ( 4658): Eastern Standard Time
D/leak-99 ( 4658): Eastern Standard Time
D/leak-99 ( 4658): Eastern Standard Time
D/leak-99 ( 4658): Eastern Standard Time
D/leak-99 ( 4658): Eastern Standard Time
D/leak-99 ( 4658): Eastern Standard Time
D/leak-99 ( 4658): Eastern Standard Time
D/leak-99 ( 4658): Eastern Standard Time
D/leak-99 ( 4658): Eastern Standard Time
D/leak-99 ( 4658): Eastern Standard Time
D/leak-99 ( 4658): Eastern Standard Time
D/leak-99 ( 4658): Eastern Standard Time
D/leak-99 ( 4658): Eastern Standard Time
D/leak-99 ( 4658): Eastern Standard Time
D/leak-99 ( 4658): Eastern Standard Time
D/leak-99 ( 4658): Eastern Standard Time
D/leak-99 ( 4658): Eastern Standard Time
D/leak-99 ( 4658): Eastern Standard Time
D/leak-99 ( 4658): Eastern Standard Time
D/leak-99 ( 4658): Eastern Standard Time
D/leak-99 ( 4658): Eastern Standard Time
D/leak-99 ( 4658): Eastern Standard Time
D/leak-99 ( 4658): Eastern Standard Time
D/        ( 4658): HostConnection::get() New Host Connection established 0xf3e72d50, tid 4678
D/leak-99 ( 4658): Eastern Standard Time
D/leak-99 ( 4658): Eastern Standard Time
D/leak-99 ( 4658): Eastern Standard Time
D/leak-99 ( 4658): Eastern Standard Time
D/leak-99 ( 4658): Eastern Standard Time
D/leak-99 ( 4658): Eastern Standard Time
D/leak-99 ( 4658): Eastern Standard Time
D/leak-99 ( 4658): Eastern Standard Time
D/leak-99 ( 4658): Eastern Standard Time
D/leak-99 ( 4658): Eastern Standard Time
D/leak-99 ( 4658): Eastern Standard Time
D/leak-99 ( 4658): Eastern Standard Time
D/leak-99 ( 4658): Eastern Standard Time
D/leak-99 ( 4658): Eastern Standard Time
D/leak-99 ( 4658): Eastern Standard Time
D/leak-99 ( 4658): Eastern Standard Time
D/leak-99 ( 4658): Eastern Standard Time
D/leak-99 ( 4658): Eastern Standard Time
D/leak-99 ( 4658): Eastern Standard Time
D/leak-99 ( 4658): Eastern Standard Time
D/leak-99 ( 4658): Eastern Standard Time
D/leak-99 ( 4658): Eastern Standard Time
D/leak-99 ( 4658): Eastern Standard Time
D/leak-99 ( 4658): Eastern Standard Time
D/leak-99 ( 4658): Eastern Standard Time
D/leak-99 ( 4658): Eastern Standard Time
D/leak-99 ( 4658): Eastern Standard Time
D/leak-99 ( 4658): Eastern Standard Time
D/leak-99 ( 4658): Eastern Standard Time
D/leak-99 ( 4658): Eastern Standard Time
D/leak-99 ( 4658): Eastern Standard Time
D/leak-99 ( 4658): Eastern Standard Time
D/leak-99 ( 4658): Eastern Standard Time
D/leak-99 ( 4658): Eastern Standard Time
D/leak-99 ( 4658): Eastern Standard Time
D/leak-99 ( 4658): Eastern Standard Time
D/leak-99 ( 4658): Eastern Standard Time
D/leak-99 ( 4658): Eastern Standard Time
D/leak-99 ( 4658): Eastern Standard Time
D/leak-99 ( 4658): Eastern Standard Time
D/leak-99 ( 4658): Eastern Standard Time
D/leak-99 ( 4658): Eastern Standard Time
D/leak-99 ( 4658): Eastern Standard Time
D/leak-99 ( 4658): Eastern Standard Time
D/leak-99 ( 4658): Eastern Standard Time
D/leak-99 ( 4658): Eastern Standard Time
D/leak-99 ( 4658): Eastern Standard Time
D/leak-99 ( 4658): Eastern Standard Time
D/leak-99 ( 4658): Eastern Standard Time
D/leak-99 ( 4658): Eastern Standard Time
D/leak-99 ( 4658): Eastern Standard Time
D/leak-99 ( 4658): Eastern Standard Time
D/leak-99 ( 4658): Eastern Standard Time
D/leak-99 ( 4658): Eastern Standard Time
D/leak-99 ( 4658): Eastern Standard Time
D/leak-99 ( 4658): Eastern Standard Time
D/leak-99 ( 4658): Eastern Standard Time
D/leak-99 ( 4658): Eastern Standard Time
D/leak-99 ( 4658): Eastern Standard Time
D/leak-99 ( 4658): Eastern Standard Time
D/leak-99 ( 4658): Eastern Standard Time
D/leak-99 ( 4658): Eastern Standard Time
D/leak-99 ( 4658): Eastern Standard Time
D/leak-99 ( 4658): Eastern Standard Time
D/leak-99 ( 4658): Eastern Standard Time
D/leak-99 ( 4658): Eastern Standard Time
D/leak-99 ( 4658): Eastern Standard Time
D/leak-99 ( 4658): Eastern Standard Time
D/leak-99 ( 4658): Eastern Standard Time
D/leak-99 ( 4658): Eastern Standard Time
D/leak-99 ( 4658): Eastern Standard Time
D/leak-99 ( 4658): Eastern Standard Time
D/leak-99 ( 4658): Eastern Standard Time
D/leak-99 ( 4658): Eastern Standard Time
D/leak-99 ( 4658): Eastern Standard Time
D/leak-99 ( 4658): Eastern Standard Time
D/leak-99 ( 4658): Eastern Standard Time
D/leak-99 ( 4658): Eastern Standard Time
D/leak-99 ( 4658): Eastern Standard Time
D/leak-99 ( 4658): Eastern Standard Time
D/leak-135( 4658): Eastern Standard Time
D/leak-136( 4658): Eastern Standard Time
D/leak-143( 4658): Eastern Standard Time
D/leak-144( 4658): Eastern Standard Time
D/leak-145( 4658): Eastern Standard Time
D/leak-135( 4658): Eastern Standard Time
D/leak-136( 4658): Eastern Standard Time
D/leak-135( 4658): Eastern Standard Time
D/leak-136( 4658): Eastern Standard Time
D/leak-42 ( 4658): Eastern Standard Time
D/leak-135( 4658): Eastern Standard Time
D/leak-136( 4658): Eastern Standard Time
D/leak-43 ( 4658): Eastern Standard Time
D/leak-46 ( 4658): Eastern Standard Time
D/leak-57 ( 4658): Eastern Standard Time
D/leak-58 ( 4658): Eastern Standard Time
W/AudioCapabilities( 4658): Unsupported mime audio/x-ms-wma
W/AudioCapabilities( 4658): Unsupported mime audio/vnd.rn-realaudio
W/AudioCapabilities( 4658): Unsupported mime audio/mpeg-L2
W/AudioCapabilities( 4658): Unsupported mime audio/ac3
I/OpenGLRenderer( 4658): Initialized EGL, version 1.4
W/AudioCapabilities( 4658): Unsupported mime audio/x-ape
W/AudioCapabilities( 4658): Unsupported mime audio/vnd.dts
W/AudioCapabilities( 4658): Unsupported mime audio/x-pcm
W/AudioCapabilities( 4658): Unsupported mime audio/ffmpeg
W/VideoCapabilities( 4658): Unsupported mime video/mpeg2
W/VideoCapabilities( 4658): Unsupported mime video/x-ms-wmv
W/VideoCapabilities( 4658): Unsupported mime video/vnd.rn-realvideo
W/VideoCapabilities( 4658): Unsupported mime video/vc1
W/VideoCapabilities( 4658): Unsupported mime video/x-flv
W/VideoCapabilities( 4658): Unsupported mime video/divx
W/VideoCapabilities( 4658): Unsupported mime video/ffmpeg
D/OpenGLRenderer( 4658): Enabling debug mode 0
W/EGL_emulation( 4658): eglSurfaceAttrib not implemented
W/OpenGLRenderer( 4658): Failed to set EGL_SWAP_BEHAVIOR on surface 0xf3ee8da0, error=EGL_SUCCESS
I/VideoCapabilities( 4658): Unsupported profile 4 for video/mp4v-es
D/leak-64 ( 4658): Eastern Standard Time
D/leak-64 ( 4658): Eastern Standard Time
D/leak-64 ( 4658): Eastern Standard Time
D/leak-64 ( 4658): Eastern Standard Time
D/leak-64 ( 4658): Eastern Standard Time
D/leak-64 ( 4658): Eastern Standard Time
D/leak-64 ( 4658): Eastern Standard Time
D/leak-64 ( 4658): Eastern Standard Time
D/leak-64 ( 4658): Eastern Standard Time
D/leak-64 ( 4658): Eastern Standard Time
D/leak-64 ( 4658): Eastern Standard Time
D/leak-64 ( 4658): Eastern Standard Time
D/leak-64 ( 4658): Eastern Standard Time
D/leak-64 ( 4658): Eastern Standard Time
D/leak-64 ( 4658): Eastern Standard Time
D/leak-64 ( 4658): Eastern Standard Time
D/leak-64 ( 4658): Eastern Standard Time
D/leak-64 ( 4658): Eastern Standard Time
D/leak-64 ( 4658): Eastern Standard Time
D/leak-64 ( 4658): Eastern Standard Time
D/leak-64 ( 4658): Eastern Standard Time
D/leak-64 ( 4658): Eastern Standard Time
D/leak-64 ( 4658): Eastern Standard Time
D/leak-64 ( 4658): Eastern Standard Time
D/leak-64 ( 4658): Eastern Standard Time
D/leak-64 ( 4658): Eastern Standard Time
D/leak-64 ( 4658): Eastern Standard Time
D/leak-64 ( 4658): Eastern Standard Time
D/leak-64 ( 4658): Eastern Standard Time
D/leak-64 ( 4658): Eastern Standard Time
D/leak-64 ( 4658): Eastern Standard Time
D/leak-64 ( 4658): Eastern Standard Time
D/leak-64 ( 4658): Eastern Standard Time
D/leak-64 ( 4658): Eastern Standard Time
D/leak-64 ( 4658): Eastern Standard Time
D/leak-64 ( 4658): Eastern Standard Time
D/leak-64 ( 4658): Eastern Standard Time
D/leak-64 ( 4658): Eastern Standard Time
D/leak-64 ( 4658): Eastern Standard Time
D/leak-64 ( 4658): Eastern Standard Time
D/leak-64 ( 4658): Eastern Standard Time
D/leak-64 ( 4658): Eastern Standard Time
D/leak-64 ( 4658): Eastern Standard Time
D/leak-64 ( 4658): Eastern Standard Time
D/leak-64 ( 4658): Eastern Standard Time
D/leak-64 ( 4658): Eastern Standard Time
D/leak-64 ( 4658): Eastern Standard Time
D/leak-64 ( 4658): Eastern Standard Time
D/leak-64 ( 4658): Eastern Standard Time
D/leak-64 ( 4658): Eastern Standard Time
D/leak-64 ( 4658): Eastern Standard Time
D/leak-64 ( 4658): Eastern Standard Time
D/leak-64 ( 4658): Eastern Standard Time
D/leak-64 ( 4658): Eastern Standard Time
D/leak-64 ( 4658): Eastern Standard Time
D/leak-64 ( 4658): Eastern Standard Time
D/leak-64 ( 4658): Eastern Standard Time
D/leak-64 ( 4658): Eastern Standard Time
D/leak-64 ( 4658): Eastern Standard Time
D/leak-64 ( 4658): Eastern Standard Time
D/leak-64 ( 4658): Eastern Standard Time
D/leak-64 ( 4658): Eastern Standard Time
D/leak-64 ( 4658): Eastern Standard Time
D/leak-64 ( 4658): Eastern Standard Time
D/leak-64 ( 4658): Eastern Standard Time
D/leak-64 ( 4658): Eastern Standard Time
D/leak-64 ( 4658): Eastern Standard Time
D/leak-64 ( 4658): Eastern Standard Time
D/leak-64 ( 4658): Eastern Standard Time
D/leak-64 ( 4658): Eastern Standard Time
D/leak-64 ( 4658): Eastern Standard Time
D/leak-64 ( 4658): Eastern Standard Time
D/leak-64 ( 4658): Eastern Standard Time
D/leak-64 ( 4658): Eastern Standard Time
D/leak-64 ( 4658): Eastern Standard Time
D/leak-64 ( 4658): Eastern Standard Time
D/leak-64 ( 4658): Eastern Standard Time
D/leak-64 ( 4658): Eastern Standard Time
D/leak-64 ( 4658): Eastern Standard Time
D/leak-64 ( 4658): Eastern Standard Time
D/leak-64 ( 4658): Eastern Standard Time
D/leak-64 ( 4658): Eastern Standard Time
D/leak-64 ( 4658): Eastern Standard Time
D/leak-64 ( 4658): Eastern Standard Time
D/leak-64 ( 4658): Eastern Standard Time
D/leak-64 ( 4658): Eastern Standard Time
D/leak-64 ( 4658): Eastern Standard Time
D/leak-64 ( 4658): Eastern Standard Time
D/leak-64 ( 4658): Eastern Standard Time
D/leak-64 ( 4658): Eastern Standard Time
D/leak-64 ( 4658): Eastern Standard Time
D/leak-64 ( 4658): Eastern Standard Time
D/leak-64 ( 4658): Eastern Standard Time
D/leak-64 ( 4658): Eastern Standard Time
D/leak-64 ( 4658): Eastern Standard Time
D/leak-64 ( 4658): Eastern Standard Time
D/leak-64 ( 4658): Eastern Standard Time
D/leak-64 ( 4658): Eastern Standard Time
D/leak-64 ( 4658): Eastern Standard Time
D/leak-64 ( 4658): Eastern Standard Time
D/leak-64 ( 4658): Eastern Standard Time
D/leak-64 ( 4658): Eastern Standard Time
D/leak-64 ( 4658): Eastern Standard Time
D/leak-64 ( 4658): Eastern Standard Time
D/leak-64 ( 4658): Eastern Standard Time
D/leak-64 ( 4658): Eastern Standard Time
D/leak-64 ( 4658): Eastern Standard Time
D/leak-64 ( 4658): Eastern Standard Time
D/leak-64 ( 4658): Eastern Standard Time
D/leak-64 ( 4658): Eastern Standard Time
D/leak-64 ( 4658): Eastern Standard Time
D/leak-64 ( 4658): Eastern Standard Time
D/leak-64 ( 4658): Eastern Standard Time
D/leak-64 ( 4658): Eastern Standard Time
D/leak-64 ( 4658): Eastern Standard Time
D/leak-64 ( 4658): Eastern Standard Time
D/leak-64 ( 4658): Eastern Standard Time
D/leak-64 ( 4658): Eastern Standard Time
D/leak-64 ( 4658): Eastern Standard Time
D/leak-64 ( 4658): Eastern Standard Time
D/leak-64 ( 4658): Eastern Standard Time
D/leak-64 ( 4658): Eastern Standard Time
D/leak-64 ( 4658): Eastern Standard Time
D/leak-64 ( 4658): Eastern Standard Time
D/leak-64 ( 4658): Eastern Standard Time
D/leak-64 ( 4658): Eastern Standard Time
D/leak-64 ( 4658): Eastern Standard Time
D/leak-64 ( 4658): Eastern Standard Time
D/leak-64 ( 4658): Eastern Standard Time
D/leak-64 ( 4658): Eastern Standard Time
D/leak-64 ( 4658): Eastern Standard Time
D/leak-64 ( 4658): Eastern Standard Time
D/leak-64 ( 4658): Eastern Standard Time
D/leak-64 ( 4658): Eastern Standard Time
D/leak-64 ( 4658): Eastern Standard Time
D/leak-64 ( 4658): Eastern Standard Time
D/leak-64 ( 4658): Eastern Standard Time
D/leak-64 ( 4658): Eastern Standard Time
D/leak-64 ( 4658): Eastern Standard Time
D/leak-64 ( 4658): Eastern Standard Time
D/leak-64 ( 4658): Eastern Standard Time
D/leak-64 ( 4658): Eastern Standard Time
D/leak-61 ( 4658): Eastern Standard Time
D/leak-63 ( 4658): Eastern Standard Time
D/leak-55 ( 4658): Eastern Standard Time
D/leak-56 ( 4658): Eastern Standard Time
D/leak-61 ( 4658): Eastern Standard Time
D/leak-63 ( 4658): Eastern Standard Time
D/leak-55 ( 4658): Eastern Standard Time
D/leak-56 ( 4658): Eastern Standard Time
D/leak-61 ( 4658): Eastern Standard Time
D/leak-63 ( 4658): Eastern Standard Time
D/leak-55 ( 4658): Eastern Standard Time
D/leak-56 ( 4658): Eastern Standard Time
D/leak-61 ( 4658): Eastern Standard Time
D/leak-63 ( 4658): Eastern Standard Time
D/leak-55 ( 4658): Eastern Standard Time
D/leak-56 ( 4658): Eastern Standard Time
D/leak-61 ( 4658): Eastern Standard Time
D/leak-63 ( 4658): Eastern Standard Time
D/leak-55 ( 4658): Eastern Standard Time
D/leak-56 ( 4658): Eastern Standard Time
D/leak-61 ( 4658): Eastern Standard Time
D/leak-63 ( 4658): Eastern Standard Time
D/leak-55 ( 4658): Eastern Standard Time
D/leak-56 ( 4658): Eastern Standard Time
D/leak-61 ( 4658): Eastern Standard Time
D/leak-63 ( 4658): Eastern Standard Time
D/leak-55 ( 4658): Eastern Standard Time
D/leak-56 ( 4658): Eastern Standard Time
D/leak-61 ( 4658): Eastern Standard Time
D/leak-63 ( 4658): Eastern Standard Time
D/leak-55 ( 4658): Eastern Standard Time
D/leak-56 ( 4658): Eastern Standard Time
D/leak-61 ( 4658): Eastern Standard Time
D/leak-63 ( 4658): Eastern Standard Time
D/leak-55 ( 4658): Eastern Standard Time
D/leak-56 ( 4658): Eastern Standard Time
D/leak-61 ( 4658): Eastern Standard Time
D/leak-63 ( 4658): Eastern Standard Time
D/leak-55 ( 4658): Eastern Standard Time
D/leak-56 ( 4658): Eastern Standard Time
D/leak-61 ( 4658): Eastern Standard Time
D/leak-63 ( 4658): Eastern Standard Time
D/leak-55 ( 4658): Eastern Standard Time
D/leak-56 ( 4658): Eastern Standard Time
D/leak-61 ( 4658): Eastern Standard Time
D/leak-63 ( 4658): Eastern Standard Time
D/leak-55 ( 4658): Eastern Standard Time
D/leak-56 ( 4658): Eastern Standard Time
D/leak-61 ( 4658): Eastern Standard Time
D/leak-63 ( 4658): Eastern Standard Time
D/leak-55 ( 4658): Eastern Standard Time
D/leak-56 ( 4658): Eastern Standard Time
D/leak-61 ( 4658): Eastern Standard Time
D/leak-63 ( 4658): Eastern Standard Time
D/leak-55 ( 4658): Eastern Standard Time
D/leak-56 ( 4658): Eastern Standard Time
D/leak-61 ( 4658): Eastern Standard Time
D/leak-63 ( 4658): Eastern Standard Time
D/leak-55 ( 4658): Eastern Standard Time
D/leak-56 ( 4658): Eastern Standard Time
D/leak-61 ( 4658): Eastern Standard Time
D/leak-63 ( 4658): Eastern Standard Time
D/leak-55 ( 4658): Eastern Standard Time
D/leak-56 ( 4658): Eastern Standard Time
D/leak-61 ( 4658): Eastern Standard Time
D/leak-63 ( 4658): Eastern Standard Time
D/leak-55 ( 4658): Eastern Standard Time
D/leak-56 ( 4658): Eastern Standard Time
D/leak-61 ( 4658): Eastern Standard Time
D/leak-63 ( 4658): Eastern Standard Time
D/leak-55 ( 4658): Eastern Standard Time
D/leak-56 ( 4658): Eastern Standard Time
D/leak-61 ( 4658): Eastern Standard Time
D/leak-62 ( 4658): Eastern Standard Time
D/leak-55 ( 4658): Eastern Standard Time
D/leak-56 ( 4658): Eastern Standard Time
D/leak-61 ( 4658): Eastern Standard Time
D/leak-63 ( 4658): Eastern Standard Time
D/leak-55 ( 4658): Eastern Standard Time
D/leak-56 ( 4658): Eastern Standard Time
D/leak-61 ( 4658): Eastern Standard Time
D/leak-62 ( 4658): Eastern Standard Time
D/leak-55 ( 4658): Eastern Standard Time
D/leak-56 ( 4658): Eastern Standard Time
D/leak-61 ( 4658): Eastern Standard Time
D/leak-63 ( 4658): Eastern Standard Time
D/leak-55 ( 4658): Eastern Standard Time
D/leak-56 ( 4658): Eastern Standard Time
D/leak-61 ( 4658): Eastern Standard Time
D/leak-62 ( 4658): Eastern Standard Time
D/leak-55 ( 4658): Eastern Standard Time
D/leak-56 ( 4658): Eastern Standard Time
D/leak-61 ( 4658): Eastern Standard Time
D/leak-62 ( 4658): Eastern Standard Time
D/leak-55 ( 4658): Eastern Standard Time
D/leak-56 ( 4658): Eastern Standard Time
D/leak-61 ( 4658): Eastern Standard Time
D/leak-63 ( 4658): Eastern Standard Time
D/leak-55 ( 4658): Eastern Standard Time
D/leak-56 ( 4658): Eastern Standard Time
D/leak-61 ( 4658): Eastern Standard Time
D/leak-63 ( 4658): Eastern Standard Time
D/leak-55 ( 4658): Eastern Standard Time
D/leak-56 ( 4658): Eastern Standard Time
D/leak-61 ( 4658): Eastern Standard Time
D/leak-63 ( 4658): Eastern Standard Time
D/leak-55 ( 4658): Eastern Standard Time
D/leak-56 ( 4658): Eastern Standard Time
D/leak-61 ( 4658): Eastern Standard Time
D/leak-63 ( 4658): Eastern Standard Time
D/leak-55 ( 4658): Eastern Standard Time
D/leak-56 ( 4658): Eastern Standard Time
D/leak-61 ( 4658): Eastern Standard Time
D/leak-62 ( 4658): Eastern Standard Time
D/leak-55 ( 4658): Eastern Standard Time
D/leak-56 ( 4658): Eastern Standard Time
D/leak-61 ( 4658): Eastern Standard Time
D/leak-62 ( 4658): Eastern Standard Time
D/leak-55 ( 4658): Eastern Standard Time
D/leak-56 ( 4658): Eastern Standard Time
D/leak-61 ( 4658): Eastern Standard Time
D/leak-63 ( 4658): Eastern Standard Time
D/leak-55 ( 4658): Eastern Standard Time
D/leak-56 ( 4658): Eastern Standard Time
D/leak-61 ( 4658): Eastern Standard Time
D/leak-63 ( 4658): Eastern Standard Time
D/leak-55 ( 4658): Eastern Standard Time
D/leak-56 ( 4658): Eastern Standard Time
D/leak-61 ( 4658): Eastern Standard Time
D/leak-63 ( 4658): Eastern Standard Time
D/leak-55 ( 4658): Eastern Standard Time
D/leak-56 ( 4658): Eastern Standard Time
D/leak-61 ( 4658): Eastern Standard Time
D/leak-62 ( 4658): Eastern Standard Time
D/leak-55 ( 4658): Eastern Standard Time
D/leak-56 ( 4658): Eastern Standard Time
D/leak-61 ( 4658): Eastern Standard Time
D/leak-63 ( 4658): Eastern Standard Time
D/leak-55 ( 4658): Eastern Standard Time
D/leak-56 ( 4658): Eastern Standard Time
D/leak-61 ( 4658): Eastern Standard Time
D/leak-63 ( 4658): Eastern Standard Time
D/leak-55 ( 4658): Eastern Standard Time
D/leak-56 ( 4658): Eastern Standard Time
D/leak-61 ( 4658): Eastern Standard Time
D/leak-63 ( 4658): Eastern Standard Time
D/leak-55 ( 4658): Eastern Standard Time
D/leak-56 ( 4658): Eastern Standard Time
D/leak-61 ( 4658): Eastern Standard Time
D/leak-63 ( 4658): Eastern Standard Time
D/leak-55 ( 4658): Eastern Standard Time
D/leak-56 ( 4658): Eastern Standard Time
D/leak-61 ( 4658): Eastern Standard Time
D/leak-62 ( 4658): Eastern Standard Time
D/leak-55 ( 4658): Eastern Standard Time
D/leak-56 ( 4658): Eastern Standard Time
D/leak-61 ( 4658): Eastern Standard Time
D/leak-63 ( 4658): Eastern Standard Time
D/leak-55 ( 4658): Eastern Standard Time
D/leak-56 ( 4658): Eastern Standard Time
D/leak-87 ( 4658): Eastern Standard Time
D/leak-88 ( 4658): Eastern Standard Time
D/leak-88 ( 4658): Eastern Standard Time
D/leak-88 ( 4658): Eastern Standard Time
D/leak-88 ( 4658): Eastern Standard Time
D/leak-88 ( 4658): Eastern Standard Time
D/leak-9  ( 4658): Eastern Standard Time
D/leak-10 ( 4658): Eastern Standard Time
V/EmulatedCamera_Camera(  386): getCameraInfo
V/EmulatedCamera_BaseCamera(  386): getCameraInfo
D/leak-11 ( 4658): Eastern Standard Time
V/EmulatedCamera_Camera(  386): getCameraInfo
V/EmulatedCamera_BaseCamera(  386): getCameraInfo
W/AudioFlinger(  386): acquireAudioSessionId() unknown client 4658 for session 14
V/FFmpegExtractor(  386): SniffFFMPEG
I/FFmpegExtractor(  386): android-source:0xefbfb180
D/FFMPEG  (  386): android source begin open
D/FFMPEG  (  386): android open, url: android-source:0xefbfb180
D/FFMPEG  (  386): ffmpeg open android data source success, source ptr: 0xefbfb180
D/FFMPEG  (  386): android source open success
I/FFMPEG  (  386): Input #0, ogg, from 'android-source:0xefbfb180':
I/FFMPEG  (  386):   Duration: 00:00:00.42, start: 0.000000, bitrate: 113 kb/s
I/FFMPEG  (  386):     Stream #0:0: Audio: vorbis, 48000 Hz, mono, fltp, 48 kb/s
I/FFMPEG  (  386):     Metadata:
I/FFMPEG  (  386):       TITLE           : Camera Shutter
I/FFMPEG  (  386):       ARTIST          : (c) 2012 Android Open Source Project
I/FFmpegExtractor(  386): FFmpegExtrator, url: android-source:0xefbfb180, format_name: ogg, format_long_name: Ogg
I/FFmpegExtractor(  386): list the formats suppoted by ffmpeg: 
I/FFmpegExtractor(  386): ========================================
V/FFmpegExtractor(  386): format_names[00]: mpeg
V/FFmpegExtractor(  386): format_names[01]: mpegts
V/FFmpegExtractor(  386): format_names[02]: mov,mp4,m4a,3gp,3g2,mj2
V/FFmpegExtractor(  386): format_names[03]: matroska,webm
V/FFmpegExtractor(  386): format_names[04]: asf
V/FFmpegExtractor(  386): format_names[05]: rm
V/FFmpegExtractor(  386): format_names[06]: flv
V/FFmpegExtractor(  386): format_names[07]: swf
V/FFmpegExtractor(  386): format_names[08]: avi
V/FFmpegExtractor(  386): format_names[09]: ape
V/FFmpegExtractor(  386): format_names[10]: dts
V/FFmpegExtractor(  386): format_names[11]: flac
V/FFmpegExtractor(  386): format_names[12]: ac3
V/FFmpegExtractor(  386): format_names[13]: wav
V/FFmpegExtractor(  386): format_names[14]: ogg
V/FFmpegExtractor(  386): format_names[15]: vc1
V/FFmpegExtractor(  386): format_names[16]: hevc
I/FFmpegExtractor(  386): ========================================
I/FFmpegExtractor(  386): adjust mime(application/ogg -> audio/vorbis)
D/FFmpegExtractor(  386): suppoted codec(vorbis) by official Stagefright
D/FFMPEG  (  386): android source close
I/FFmpegExtractor(  386): sniff through BetterSniffFFMPEG success
D/FFmpegExtractor(  386): ffmpeg detected media content as 'audio/vorbis' with confidence 0.08
W/AudioFlinger(  386): acquireAudioSessionId() unknown client 4658 for session 15
V/FFmpegExtractor(  386): SniffFFMPEG
I/FFmpegExtractor(  386): android-source:0xefbfb980
D/FFMPEG  (  386): android source begin open
D/FFMPEG  (  386): android open, url: android-source:0xefbfb980
D/FFMPEG  (  386): ffmpeg open android data source success, source ptr: 0xefbfb980
D/FFMPEG  (  386): android source open success
I/FFMPEG  (  386): Input #0, ogg, from 'android-source:0xefbfb980':
I/FFMPEG  (  386):   Duration: 00:00:00.54, start: 0.000000, bitrate: 95 kb/s
I/FFMPEG  (  386):     Stream #0:0: Audio: vorbis, 48000 Hz, mono, fltp, 48 kb/s
I/FFMPEG  (  386):     Metadata:
I/FFMPEG  (  386):       TITLE           : Video Record
I/FFMPEG  (  386):       ARTIST          : (c) 2012 Android Open Source Project
I/FFmpegExtractor(  386): FFmpegExtrator, url: android-source:0xefbfb980, format_name: ogg, format_long_name: Ogg
I/FFmpegExtractor(  386): list the formats suppoted by ffmpeg: 
I/FFmpegExtractor(  386): ========================================
V/FFmpegExtractor(  386): format_names[00]: mpeg
V/FFmpegExtractor(  386): format_names[01]: mpegts
V/FFmpegExtractor(  386): format_names[02]: mov,mp4,m4a,3gp,3g2,mj2
V/FFmpegExtractor(  386): format_names[03]: matroska,webm
V/FFmpegExtractor(  386): format_names[04]: asf
V/FFmpegExtractor(  386): format_names[05]: rm
V/FFmpegExtractor(  386): format_names[06]: flv
V/FFmpegExtractor(  386): format_names[07]: swf
V/FFmpegExtractor(  386): format_names[08]: avi
V/FFmpegExtractor(  386): format_names[09]: ape
V/FFmpegExtractor(  386): format_names[10]: dts
V/FFmpegExtractor(  386): format_names[11]: flac
V/FFmpegExtractor(  386): format_names[12]: ac3
V/FFmpegExtractor(  386): format_names[13]: wav
V/FFmpegExtractor(  386): format_names[14]: ogg
V/FFmpegExtractor(  386): format_names[15]: vc1
V/FFmpegExtractor(  386): format_names[16]: hevc
I/FFmpegExtractor(  386): ========================================
I/FFmpegExtractor(  386): adjust mime(application/ogg -> audio/vorbis)
D/FFmpegExtractor(  386): suppoted codec(vorbis) by official Stagefright
D/FFMPEG  (  386): android source close
I/FFmpegExtractor(  386): sniff through BetterSniffFFMPEG success
D/FFmpegExtractor(  386): ffmpeg detected media content as 'audio/vorbis' with confidence 0.08
I/CameraClient(  386): Opening camera 0
V/EmulatedCamera_Camera(  386): getCameraInfo
V/EmulatedCamera_BaseCamera(  386): getCameraInfo
V/EmulatedCamera_Camera(  386): connectCamera
V/EmulatedCamera_GenyDevice(  386): connectDevice
V/EmulatedCamera_CallbackNotifier(  386): setCallbacks: 0xf749e360, 0xf749e710, 0xf749e820, 0xf749ed10 (0xf2828580)
V/EmulatedCamera_CallbackNotifier(  386): enableMessage: msg_type = 0xc0d
V/EmulatedCamera_CallbackNotifier(  386):     CAMERA_MSG_ERROR
V/EmulatedCamera_CallbackNotifier(  386):     CAMERA_MSG_FOCUS
V/EmulatedCamera_CallbackNotifier(  386):     CAMERA_MSG_ZOOM
V/EmulatedCamera_CallbackNotifier(  386):     CAMERA_MSG_PREVIEW_METADATA
V/EmulatedCamera_CallbackNotifier(  386): **** Currently enabled messages:
V/EmulatedCamera_CallbackNotifier(  386):     CAMERA_MSG_ERROR
V/EmulatedCamera_CallbackNotifier(  386):     CAMERA_MSG_FOCUS
V/EmulatedCamera_CallbackNotifier(  386):     CAMERA_MSG_ZOOM
V/EmulatedCamera_CallbackNotifier(  386):     CAMERA_MSG_PREVIEW_METADATA
D/leak-140( 4658): Eastern Standard Time
D/leak-141( 4658): Eastern Standard Time
D/leak-141( 4658): Eastern Standard Time
D/leak-141( 4658): Eastern Standard Time
D/leak-141( 4658): Eastern Standard Time
D/leak-141( 4658): Eastern Standard Time
D/leak-141( 4658): Eastern Standard Time
D/leak-141( 4658): Eastern Standard Time
D/leak-141( 4658): Eastern Standard Time
D/leak-141( 4658): Eastern Standard Time
D/leak-141( 4658): Eastern Standard Time
D/leak-141( 4658): Eastern Standard Time
D/leak-141( 4658): Eastern Standard Time
D/leak-141( 4658): Eastern Standard Time
D/leak-141( 4658): Eastern Standard Time
D/leak-141( 4658): Eastern Standard Time
D/leak-141( 4658): Eastern Standard Time
D/leak-141( 4658): Eastern Standard Time
D/leak-141( 4658): Eastern Standard Time
D/leak-141( 4658): Eastern Standard Time
D/leak-141( 4658): Eastern Standard Time
D/leak-141( 4658): Eastern Standard Time
D/leak-141( 4658): Eastern Standard Time
D/leak-141( 4658): Eastern Standard Time
D/leak-141( 4658): Eastern Standard Time
D/leak-141( 4658): Eastern Standard Time
D/leak-141( 4658): Eastern Standard Time
D/leak-141( 4658): Eastern Standard Time
D/leak-141( 4658): Eastern Standard Time
D/leak-141( 4658): Eastern Standard Time
D/leak-141( 4658): Eastern Standard Time
D/leak-142( 4658): Eastern Standard Time
D/leak-142( 4658): Eastern Standard Time
D/leak-142( 4658): Eastern Standard Time
D/leak-142( 4658): Eastern Standard Time
D/leak-142( 4658): Eastern Standard Time
D/leak-142( 4658): Eastern Standard Time
D/leak-142( 4658): Eastern Standard Time
D/leak-142( 4658): Eastern Standard Time
D/leak-142( 4658): Eastern Standard Time
D/leak-142( 4658): Eastern Standard Time
D/leak-142( 4658): Eastern Standard Time
D/leak-142( 4658): Eastern Standard Time
D/leak-142( 4658): Eastern Standard Time
D/leak-142( 4658): Eastern Standard Time
D/leak-142( 4658): Eastern Standard Time
D/leak-142( 4658): Eastern Standard Time
D/leak-142( 4658): Eastern Standard Time
D/leak-142( 4658): Eastern Standard Time
D/leak-142( 4658): Eastern Standard Time
D/leak-142( 4658): Eastern Standard Time
D/leak-142( 4658): Eastern Standard Time
D/leak-142( 4658): Eastern Standard Time
D/leak-142( 4658): Eastern Standard Time
D/leak-142( 4658): Eastern Standard Time
D/leak-142( 4658): Eastern Standard Time
D/leak-142( 4658): Eastern Standard Time
D/leak-142( 4658): Eastern Standard Time
D/leak-142( 4658): Eastern Standard Time
D/leak-142( 4658): Eastern Standard Time
D/leak-142( 4658): Eastern Standard Time
D/leak-142( 4658): Eastern Standard Time
V/EmulatedCamera_CallbackNotifier(  386): disableMessage: msg_type = 0x10
V/EmulatedCamera_CallbackNotifier(  386):     CAMERA_MSG_PREVIEW_FRAME
V/EmulatedCamera_CallbackNotifier(  386): **** Currently enabled messages:
V/EmulatedCamera_CallbackNotifier(  386):     CAMERA_MSG_ERROR
V/EmulatedCamera_CallbackNotifier(  386):     CAMERA_MSG_FOCUS
V/EmulatedCamera_CallbackNotifier(  386):     CAMERA_MSG_ZOOM
V/EmulatedCamera_CallbackNotifier(  386):     CAMERA_MSG_PREVIEW_METADATA
V/EmulatedCamera_CallbackNotifier(  386): disableMessage: msg_type = 0xffff
V/EmulatedCamera_CallbackNotifier(  386):     CAMERA_MSG_ERROR
V/EmulatedCamera_CallbackNotifier(  386):     CAMERA_MSG_SHUTTER
V/EmulatedCamera_CallbackNotifier(  386):     CAMERA_MSG_FOCUS
V/EmulatedCamera_CallbackNotifier(  386):     CAMERA_MSG_ZOOM
V/EmulatedCamera_CallbackNotifier(  386):     CAMERA_MSG_PREVIEW_FRAME
V/EmulatedCamera_CallbackNotifier(  386):     CAMERA_MSG_VIDEO_FRAME
V/EmulatedCamera_CallbackNotifier(  386):     CAMERA_MSG_POSTVIEW_FRAME
V/EmulatedCamera_CallbackNotifier(  386):     CAMERA_MSG_RAW_IMAGE
V/EmulatedCamera_CallbackNotifier(  386):     CAMERA_MSG_COMPRESSED_IMAGE
V/EmulatedCamera_CallbackNotifier(  386):     CAMERA_MSG_RAW_IMAGE_NOTIFY
V/EmulatedCamera_CallbackNotifier(  386):     CAMERA_MSG_PREVIEW_METADATA
V/EmulatedCamera_CallbackNotifier(  386): **** Currently enabled messages:
V/EmulatedCamera_Camera(  386): doStopPreview
V/EmulatedCamera_Camera(  386): cancelPicture
V/EmulatedCamera_Camera(  386): releaseCamera
V/EmulatedCamera_Camera(  386): doStopPreview
V/EmulatedCamera_GenyDevice(  386): disconnectDevice
I/CameraClient(  386): Destroying camera 0
V/EmulatedCamera_Camera(  386): closeCamera
V/EmulatedCamera_Camera(  386): doStopPreview
D/leak-10 ( 4658): Eastern Standard Time
V/EmulatedCamera_Camera(  386): getCameraInfo
V/EmulatedCamera_BaseCamera(  386): getCameraInfo
D/NuPlayerDriver(  386): reset(0xf28283a0)
D/NuPlayerDriver(  386): notifyResetComplete(0xf28283a0)
D/NuPlayerDriver(  386): reset(0xf28285e0)
D/leak-11 ( 4658): Eastern Standard Time
D/NuPlayerDriver(  386): notifyResetComplete(0xf28285e0)
V/EmulatedCamera_Camera(  386): getCameraInfo
V/EmulatedCamera_BaseCamera(  386): getCameraInfo
W/AudioFlinger(  386): acquireAudioSessionId() unknown client 4658 for session 16
V/FFmpegExtractor(  386): SniffFFMPEG
I/FFmpegExtractor(  386): android-source:0xefbfb180
D/FFMPEG  (  386): android source begin open
D/FFMPEG  (  386): android open, url: android-source:0xefbfb180
D/FFMPEG  (  386): ffmpeg open android data source success, source ptr: 0xefbfb180
D/FFMPEG  (  386): android source open success
I/FFMPEG  (  386): Input #0, ogg, from 'android-source:0xefbfb180':
I/FFMPEG  (  386):   Duration: 00:00:00.42, start: 0.000000, bitrate: 113 kb/s
I/FFMPEG  (  386):     Stream #0:0: Audio: vorbis, 48000 Hz, mono, fltp, 48 kb/s
I/FFMPEG  (  386):     Metadata:
I/FFMPEG  (  386):       TITLE           : Camera Shutter
I/FFMPEG  (  386):       ARTIST          : (c) 2012 Android Open Source Project
I/FFmpegExtractor(  386): FFmpegExtrator, url: android-source:0xefbfb180, format_name: ogg, format_long_name: Ogg
I/FFmpegExtractor(  386): list the formats suppoted by ffmpeg: 
I/FFmpegExtractor(  386): ========================================
V/FFmpegExtractor(  386): format_names[00]: mpeg
V/FFmpegExtractor(  386): format_names[01]: mpegts
V/FFmpegExtractor(  386): format_names[02]: mov,mp4,m4a,3gp,3g2,mj2
V/FFmpegExtractor(  386): format_names[03]: matroska,webm
V/FFmpegExtractor(  386): format_names[04]: asf
V/FFmpegExtractor(  386): format_names[05]: rm
V/FFmpegExtractor(  386): format_names[06]: flv
V/FFmpegExtractor(  386): format_names[07]: swf
V/FFmpegExtractor(  386): format_names[08]: avi
V/FFmpegExtractor(  386): format_names[09]: ape
V/FFmpegExtractor(  386): format_names[10]: dts
V/FFmpegExtractor(  386): format_names[11]: flac
V/FFmpegExtractor(  386): format_names[12]: ac3
V/FFmpegExtractor(  386): format_names[13]: wav
V/FFmpegExtractor(  386): format_names[14]: ogg
V/FFmpegExtractor(  386): format_names[15]: vc1
V/FFmpegExtractor(  386): format_names[16]: hevc
I/FFmpegExtractor(  386): ========================================
I/FFmpegExtractor(  386): adjust mime(application/ogg -> audio/vorbis)
D/FFmpegExtractor(  386): suppoted codec(vorbis) by official Stagefright
D/FFMPEG  (  386): android source close
I/FFmpegExtractor(  386): sniff through BetterSniffFFMPEG success
D/FFmpegExtractor(  386): ffmpeg detected media content as 'audio/vorbis' with confidence 0.08
W/AudioFlinger(  386): acquireAudioSessionId() unknown client 4658 for session 17
V/FFmpegExtractor(  386): SniffFFMPEG
I/FFmpegExtractor(  386): android-source:0xefbfb840
D/FFMPEG  (  386): android source begin open
D/FFMPEG  (  386): android open, url: android-source:0xefbfb840
D/FFMPEG  (  386): ffmpeg open android data source success, source ptr: 0xefbfb840
D/FFMPEG  (  386): android source open success
I/FFMPEG  (  386): Input #0, ogg, from 'android-source:0xefbfb840':
I/FFMPEG  (  386):   Duration: 00:00:00.54, start: 0.000000, bitrate: 95 kb/s
I/FFMPEG  (  386):     Stream #0:0: Audio: vorbis, 48000 Hz, mono, fltp, 48 kb/s
I/FFMPEG  (  386):     Metadata:
I/FFMPEG  (  386):       TITLE           : Video Record
I/FFMPEG  (  386):       ARTIST          : (c) 2012 Android Open Source Project
I/FFmpegExtractor(  386): FFmpegExtrator, url: android-source:0xefbfb840, format_name: ogg, format_long_name: Ogg
I/FFmpegExtractor(  386): list the formats suppoted by ffmpeg: 
I/FFmpegExtractor(  386): ========================================
V/FFmpegExtractor(  386): format_names[00]: mpeg
V/FFmpegExtractor(  386): format_names[01]: mpegts
V/FFmpegExtractor(  386): format_names[02]: mov,mp4,m4a,3gp,3g2,mj2
V/FFmpegExtractor(  386): format_names[03]: matroska,webm
V/FFmpegExtractor(  386): format_names[04]: asf
V/FFmpegExtractor(  386): format_names[05]: rm
V/FFmpegExtractor(  386): format_names[06]: flv
V/FFmpegExtractor(  386): format_names[07]: swf
V/FFmpegExtractor(  386): format_names[08]: avi
V/FFmpegExtractor(  386): format_names[09]: ape
V/FFmpegExtractor(  386): format_names[10]: dts
V/FFmpegExtractor(  386): format_names[11]: flac
V/FFmpegExtractor(  386): format_names[12]: ac3
V/FFmpegExtractor(  386): format_names[13]: wav
V/FFmpegExtractor(  386): format_names[14]: ogg
V/FFmpegExtractor(  386): format_names[15]: vc1
V/FFmpegExtractor(  386): format_names[16]: hevc
I/FFmpegExtractor(  386): ========================================
I/FFmpegExtractor(  386): adjust mime(application/ogg -> audio/vorbis)
D/FFmpegExtractor(  386): suppoted codec(vorbis) by official Stagefright
D/FFMPEG  (  386): android source close
I/FFmpegExtractor(  386): sniff through BetterSniffFFMPEG success
D/FFmpegExtractor(  386): ffmpeg detected media content as 'audio/vorbis' with confidence 0.08
I/CameraClient(  386): Opening camera 1
V/EmulatedCamera_Camera(  386): getCameraInfo
V/EmulatedCamera_BaseCamera(  386): getCameraInfo
V/EmulatedCamera_Camera(  386): connectCamera
V/EmulatedCamera_GenyDevice(  386): connectDevice
V/EmulatedCamera_CallbackNotifier(  386): setCallbacks: 0xf749e360, 0xf749e710, 0xf749e820, 0xf749ed10 (0xf2828040)
V/EmulatedCamera_CallbackNotifier(  386): enableMessage: msg_type = 0xc0d
V/EmulatedCamera_CallbackNotifier(  386):     CAMERA_MSG_ERROR
V/EmulatedCamera_CallbackNotifier(  386):     CAMERA_MSG_FOCUS
V/EmulatedCamera_CallbackNotifier(  386):     CAMERA_MSG_ZOOM
V/EmulatedCamera_CallbackNotifier(  386):     CAMERA_MSG_PREVIEW_METADATA
V/EmulatedCamera_CallbackNotifier(  386): **** Currently enabled messages:
V/EmulatedCamera_CallbackNotifier(  386):     CAMERA_MSG_ERROR
V/EmulatedCamera_CallbackNotifier(  386):     CAMERA_MSG_FOCUS
V/EmulatedCamera_CallbackNotifier(  386):     CAMERA_MSG_ZOOM
V/EmulatedCamera_CallbackNotifier(  386):     CAMERA_MSG_PREVIEW_METADATA
D/leak-140( 4658): Eastern Standard Time
D/leak-141( 4658): Eastern Standard Time
D/leak-141( 4658): Eastern Standard Time
D/leak-141( 4658): Eastern Standard Time
D/leak-141( 4658): Eastern Standard Time
D/leak-141( 4658): Eastern Standard Time
D/leak-141( 4658): Eastern Standard Time
D/leak-141( 4658): Eastern Standard Time
D/leak-141( 4658): Eastern Standard Time
D/leak-141( 4658): Eastern Standard Time
D/leak-141( 4658): Eastern Standard Time
D/leak-141( 4658): Eastern Standard Time
D/leak-141( 4658): Eastern Standard Time
D/leak-141( 4658): Eastern Standard Time
D/leak-141( 4658): Eastern Standard Time
D/leak-141( 4658): Eastern Standard Time
D/leak-141( 4658): Eastern Standard Time
D/leak-141( 4658): Eastern Standard Time
D/leak-141( 4658): Eastern Standard Time
D/leak-141( 4658): Eastern Standard Time
D/leak-141( 4658): Eastern Standard Time
D/leak-141( 4658): Eastern Standard Time
D/leak-141( 4658): Eastern Standard Time
D/leak-141( 4658): Eastern Standard Time
D/leak-141( 4658): Eastern Standard Time
D/leak-141( 4658): Eastern Standard Time
D/leak-141( 4658): Eastern Standard Time
D/leak-141( 4658): Eastern Standard Time
D/leak-141( 4658): Eastern Standard Time
D/leak-141( 4658): Eastern Standard Time
D/leak-141( 4658): Eastern Standard Time
D/leak-142( 4658): Eastern Standard Time
D/leak-142( 4658): Eastern Standard Time
D/leak-142( 4658): Eastern Standard Time
D/leak-142( 4658): Eastern Standard Time
D/leak-142( 4658): Eastern Standard Time
D/leak-142( 4658): Eastern Standard Time
D/leak-142( 4658): Eastern Standard Time
D/leak-142( 4658): Eastern Standard Time
D/leak-142( 4658): Eastern Standard Time
D/leak-142( 4658): Eastern Standard Time
D/leak-142( 4658): Eastern Standard Time
D/leak-142( 4658): Eastern Standard Time
D/leak-142( 4658): Eastern Standard Time
D/leak-142( 4658): Eastern Standard Time
D/leak-142( 4658): Eastern Standard Time
D/leak-142( 4658): Eastern Standard Time
D/leak-142( 4658): Eastern Standard Time
D/leak-142( 4658): Eastern Standard Time
D/leak-142( 4658): Eastern Standard Time
D/leak-142( 4658): Eastern Standard Time
D/leak-142( 4658): Eastern Standard Time
D/leak-142( 4658): Eastern Standard Time
D/leak-142( 4658): Eastern Standard Time
D/leak-142( 4658): Eastern Standard Time
D/leak-142( 4658): Eastern Standard Time
D/leak-142( 4658): Eastern Standard Time
D/leak-142( 4658): Eastern Standard Time
D/leak-142( 4658): Eastern Standard Time
D/leak-142( 4658): Eastern Standard Time
D/leak-142( 4658): Eastern Standard Time
D/leak-142( 4658): Eastern Standard Time
V/EmulatedCamera_CallbackNotifier(  386): disableMessage: msg_type = 0x10
V/EmulatedCamera_CallbackNotifier(  386):     CAMERA_MSG_PREVIEW_FRAME
V/EmulatedCamera_CallbackNotifier(  386): **** Currently enabled messages:
V/EmulatedCamera_CallbackNotifier(  386):     CAMERA_MSG_ERROR
V/EmulatedCamera_CallbackNotifier(  386):     CAMERA_MSG_FOCUS
V/EmulatedCamera_CallbackNotifier(  386):     CAMERA_MSG_ZOOM
