D/AndroidRuntime( 8163): CheckJNI is OFF
E/memtrack( 8163): Couldn't load memtrack module (No such file or directory)
E/android.os.Debug( 8163): failed to load memtrack module: -2
D/AndroidRuntime( 8163): Calling main entry com.android.commands.uiautomator.Launcher
W/AccessibilityNodeInfoDumper( 8163): Fetch time: 5ms
W/WindowManager(  676): Attempted to remove non-existing token: android.os.Binder@3b41e1f7
D/AndroidRuntime( 8163): Shutting down VM
D/AndroidRuntime( 8191): >>>>>> START com.android.internal.os.RuntimeInit uid 0 <<<<<<
D/AndroidRuntime( 8191): CheckJNI is OFF
E/memtrack( 8191): Couldn't load memtrack module (No such file or directory)
E/android.os.Debug( 8191): failed to load memtrack module: -2
D/AndroidRuntime( 8191): Calling main entry com.android.commands.uiautomator.Launcher
W/AccessibilityNodeInfoDumper( 8191): Fetch time: 5ms
W/WindowManager(  676): Attempted to remove non-existing token: android.os.Binder@9f0a864
D/AndroidRuntime( 8191): Shutting down VM
D/AndroidRuntime( 8214): >>>>>> START com.android.internal.os.RuntimeInit uid 0 <<<<<<
D/AndroidRuntime( 8214): CheckJNI is OFF
E/memtrack( 8214): Couldn't load memtrack module (No such file or directory)
E/android.os.Debug( 8214): failed to load memtrack module: -2
D/AndroidRuntime( 8214): Calling main entry com.android.commands.uiautomator.Launcher
W/AccessibilityNodeInfoDumper( 8214): Fetch time: 3ms
W/WindowManager(  676): Attempted to remove non-existing token: android.os.Binder@301e5acd
D/AndroidRuntime( 8214): Shutting down VM
D/AndroidRuntime( 8242): >>>>>> START com.android.internal.os.RuntimeInit uid 0 <<<<<<
D/AndroidRuntime( 8242): CheckJNI is OFF
E/memtrack( 8242): Couldn't load memtrack module (No such file or directory)
E/android.os.Debug( 8242): failed to load memtrack module: -2
D/AndroidRuntime( 8242): Calling main entry com.android.commands.uiautomator.Launcher
W/AccessibilityNodeInfoDumper( 8242): Fetch time: 5ms
W/WindowManager(  676): Attempted to remove non-existing token: android.os.Binder@4254f82
D/AndroidRuntime( 8242): Shutting down VM
D/AndroidRuntime( 8276): >>>>>> START com.android.internal.os.RuntimeInit uid 0 <<<<<<
D/AndroidRuntime( 8276): CheckJNI is OFF
E/memtrack( 8276): Couldn't load memtrack module (No such file or directory)
E/android.os.Debug( 8276): failed to load memtrack module: -2
D/AndroidRuntime( 8276): Calling main entry com.android.commands.uiautomator.Launcher
W/AccessibilityNodeInfoDumper( 8276): Fetch time: 5ms
W/WindowManager(  676): Attempted to remove non-existing token: android.os.Binder@22a8a693
D/AndroidRuntime( 8276): Shutting down VM
D/AndroidRuntime( 8307): >>>>>> START com.android.internal.os.RuntimeInit uid 0 <<<<<<
D/AndroidRuntime( 8307): CheckJNI is OFF
E/memtrack( 8307): Couldn't load memtrack module (No such file or directory)
E/android.os.Debug( 8307): failed to load memtrack module: -2
D/AndroidRuntime( 8307): Calling main entry com.android.commands.uiautomator.Launcher
W/AccessibilityNodeInfoDumper( 8307): Fetch time: 3ms
W/WindowManager(  676): Attempted to remove non-existing token: android.os.Binder@d41e6d0
D/AndroidRuntime( 8307): Shutting down VM
D/AndroidRuntime( 8330): >>>>>> START com.android.internal.os.RuntimeInit uid 0 <<<<<<
D/AndroidRuntime( 8330): CheckJNI is OFF
E/memtrack( 8330): Couldn't load memtrack module (No such file or directory)
E/android.os.Debug( 8330): failed to load memtrack module: -2
D/AndroidRuntime( 8330): Calling main entry com.android.commands.uiautomator.Launcher
W/AccessibilityNodeInfoDumper( 8330): Fetch time: 4ms
W/WindowManager(  676): Attempted to remove non-existing token: android.os.Binder@e42d6c9
D/AndroidRuntime( 8330): Shutting down VM
D/AndroidRuntime( 8358): >>>>>> START com.android.internal.os.RuntimeInit uid 0 <<<<<<
D/AndroidRuntime( 8358): CheckJNI is OFF
E/memtrack( 8358): Couldn't load memtrack module (No such file or directory)
E/android.os.Debug( 8358): failed to load memtrack module: -2
D/AndroidRuntime( 8358): Calling main entry com.android.commands.uiautomator.Launcher
W/AccessibilityNodeInfoDumper( 8358): Fetch time: 7ms
W/WindowManager(  676): Attempted to remove non-existing token: android.os.Binder@185ce1ce
D/AndroidRuntime( 8358): Shutting down VM
D/AndroidRuntime( 8381): >>>>>> START com.android.internal.os.RuntimeInit uid 0 <<<<<<
D/AndroidRuntime( 8381): CheckJNI is OFF
E/memtrack( 8381): Couldn't load memtrack module (No such file or directory)
E/android.os.Debug( 8381): failed to load memtrack module: -2
D/AndroidRuntime( 8381): Calling main entry com.android.commands.uiautomator.Launcher
W/AccessibilityNodeInfoDumper( 8381): Fetch time: 6ms
W/WindowManager(  676): Attempted to remove non-existing token: android.os.Binder@32269ffc
D/AndroidRuntime( 8381): Shutting down VM
D/AndroidRuntime( 8409): >>>>>> START com.android.internal.os.RuntimeInit uid 0 <<<<<<
D/AndroidRuntime( 8409): CheckJNI is OFF
E/memtrack( 8409): Couldn't load memtrack module (No such file or directory)
E/android.os.Debug( 8409): failed to load memtrack module: -2
D/AndroidRuntime( 8409): Calling main entry com.android.commands.uiautomator.Launcher
W/AccessibilityNodeInfoDumper( 8409): Fetch time: 6ms
W/WindowManager(  676): Attempted to remove non-existing token: android.os.Binder@18191685
D/AndroidRuntime( 8409): Shutting down VM
D/AndroidRuntime( 8432): >>>>>> START com.android.internal.os.RuntimeInit uid 0 <<<<<<
D/AndroidRuntime( 8432): CheckJNI is OFF
E/memtrack( 8432): Couldn't load memtrack module (No such file or directory)
E/android.os.Debug( 8432): failed to load memtrack module: -2
D/AndroidRuntime( 8432): Calling main entry com.android.commands.uiautomator.Launcher
W/AccessibilityNodeInfoDumper( 8432): Fetch time: 4ms
W/WindowManager(  676): Attempted to remove non-existing token: android.os.Binder@17694cda
D/AndroidRuntime( 8432): Shutting down VM
D/AndroidRuntime( 8462): >>>>>> START com.android.internal.os.RuntimeInit uid 0 <<<<<<
D/AndroidRuntime( 8462): CheckJNI is OFF
E/memtrack( 8462): Couldn't load memtrack module (No such file or directory)
E/android.os.Debug( 8462): failed to load memtrack module: -2
D/AndroidRuntime( 8462): Calling main entry com.android.commands.uiautomator.Launcher
W/AccessibilityNodeInfoDumper( 8462): Fetch time: 7ms
W/WindowManager(  676): Attempted to remove non-existing token: android.os.Binder@17dc550b
D/AndroidRuntime( 8462): Shutting down VM
D/AndroidRuntime( 8485): >>>>>> START com.android.internal.os.RuntimeInit uid 0 <<<<<<
D/AndroidRuntime( 8485): CheckJNI is OFF
E/memtrack( 8485): Couldn't load memtrack module (No such file or directory)
E/android.os.Debug( 8485): failed to load memtrack module: -2
D/AndroidRuntime( 8485): Calling main entry com.android.commands.uiautomator.Launcher
W/AccessibilityNodeInfoDumper( 8485): Fetch time: 5ms
W/WindowManager(  676): Attempted to remove non-existing token: android.os.Binder@1c3bbfe8
D/AndroidRuntime( 8485): Shutting down VM
D/AndroidRuntime( 8503): >>>>>> START com.android.internal.os.RuntimeInit uid 0 <<<<<<
D/AndroidRuntime( 8503): CheckJNI is OFF
E/memtrack( 8503): Couldn't load memtrack module (No such file or directory)
E/android.os.Debug( 8503): failed to load memtrack module: -2
D/AndroidRuntime( 8503): Calling main entry com.android.commands.input.Input
I/Input   ( 8503): injectMotionEvent: MotionEvent { action=ACTION_DOWN, id[0]=0, x[0]=1136.0, y[0]=114.0, toolType[0]=TOOL_TYPE_UNKNOWN, buttonState=0, metaState=0, flags=0x0, edgeFlags=0x0, pointerCount=1, historySize=0, eventTime=554538, downTime=554538, deviceId=0, source=0x1002 }
I/Input   ( 8503): injectMotionEvent: MotionEvent { action=ACTION_MOVE, id[0]=0, x[0]=1136.0, y[0]=114.0, toolType[0]=TOOL_TYPE_UNKNOWN, buttonState=0, metaState=0, flags=0x0, edgeFlags=0x0, pointerCount=1, historySize=0, eventTime=554538, downTime=554538, deviceId=0, source=0x1002 }
I/Input   ( 8503): injectMotionEvent: MotionEvent { action=ACTION_MOVE, id[0]=0, x[0]=1136.0, y[0]=114.0, toolType[0]=TOOL_TYPE_UNKNOWN, buttonState=0, metaState=0, flags=0x0, edgeFlags=0x0, pointerCount=1, historySize=0, eventTime=554551, downTime=554551, deviceId=0, source=0x1002 }
I/Input   ( 8503): injectMotionEvent: MotionEvent { action=ACTION_MOVE, id[0]=0, x[0]=1136.0, y[0]=114.0, toolType[0]=TOOL_TYPE_UNKNOWN, buttonState=0, metaState=0, flags=0x0, edgeFlags=0x0, pointerCount=1, historySize=0, eventTime=554567, downTime=554567, deviceId=0, source=0x1002 }
I/Input   ( 8503): injectMotionEvent: MotionEvent { action=ACTION_MOVE, id[0]=0, x[0]=1136.0, y[0]=114.0, toolType[0]=TOOL_TYPE_UNKNOWN, buttonState=0, metaState=0, flags=0x0, edgeFlags=0x0, pointerCount=1, historySize=0, eventTime=554585, downTime=554585, deviceId=0, source=0x1002 }
I/Input   ( 8503): injectMotionEvent: MotionEvent { action=ACTION_MOVE, id[0]=0, x[0]=1136.0, y[0]=114.0, toolType[0]=TOOL_TYPE_UNKNOWN, buttonState=0, metaState=0, flags=0x0, edgeFlags=0x0, pointerCount=1, historySize=0, eventTime=554600, downTime=554600, deviceId=0, source=0x1002 }
I/Input   ( 8503): injectMotionEvent: MotionEvent { action=ACTION_MOVE, id[0]=0, x[0]=1136.0, y[0]=114.0, toolType[0]=TOOL_TYPE_UNKNOWN, buttonState=0, metaState=0, flags=0x0, edgeFlags=0x0, pointerCount=1, historySize=0, eventTime=554618, downTime=554618, deviceId=0, source=0x1002 }
I/Input   ( 8503): injectMotionEvent: MotionEvent { action=ACTION_MOVE, id[0]=0, x[0]=1136.0, y[0]=114.0, toolType[0]=TOOL_TYPE_UNKNOWN, buttonState=0, metaState=0, flags=0x0, edgeFlags=0x0, pointerCount=1, historySize=0, eventTime=554635, downTime=554635, deviceId=0, source=0x1002 }
I/Input   ( 8503): injectMotionEvent: MotionEvent { action=ACTION_MOVE, id[0]=0, x[0]=1136.0, y[0]=114.0, toolType[0]=TOOL_TYPE_UNKNOWN, buttonState=0, metaState=0, flags=0x0, edgeFlags=0x0, pointerCount=1, historySize=0, eventTime=554652, downTime=554652, deviceId=0, source=0x1002 }
I/Input   ( 8503): injectMotionEvent: MotionEvent { action=ACTION_MOVE, id[0]=0, x[0]=1136.0, y[0]=114.0, toolType[0]=TOOL_TYPE_UNKNOWN, buttonState=0, metaState=0, flags=0x0, edgeFlags=0x0, pointerCount=1, historySize=0, eventTime=554667, downTime=554667, deviceId=0, source=0x1002 }
I/Input   ( 8503): injectMotionEvent: MotionEvent { action=ACTION_MOVE, id[0]=0, x[0]=1136.0, y[0]=114.0, toolType[0]=TOOL_TYPE_UNKNOWN, buttonState=0, metaState=0, flags=0x0, edgeFlags=0x0, pointerCount=1, historySize=0, eventTime=554685, downTime=554685, deviceId=0, source=0x1002 }
I/Input   ( 8503): injectMotionEvent: MotionEvent { action=ACTION_MOVE, id[0]=0, x[0]=1136.0, y[0]=114.0, toolType[0]=TOOL_TYPE_UNKNOWN, buttonState=0, metaState=0, flags=0x0, edgeFlags=0x0, pointerCount=1, historySize=0, eventTime=554700, downTime=554700, deviceId=0, source=0x1002 }
I/Input   ( 8503): injectMotionEvent: MotionEvent { action=ACTION_MOVE, id[0]=0, x[0]=1136.0, y[0]=114.0, toolType[0]=TOOL_TYPE_UNKNOWN, buttonState=0, metaState=0, flags=0x0, edgeFlags=0x0, pointerCount=1, historySize=0, eventTime=554718, downTime=554718, deviceId=0, source=0x1002 }
I/Input   ( 8503): injectMotionEvent: MotionEvent { action=ACTION_MOVE, id[0]=0, x[0]=1136.0, y[0]=114.0, toolType[0]=TOOL_TYPE_UNKNOWN, buttonState=0, metaState=0, flags=0x0, edgeFlags=0x0, pointerCount=1, historySize=0, eventTime=554734, downTime=554734, deviceId=0, source=0x1002 }
I/Input   ( 8503): injectMotionEvent: MotionEvent { action=ACTION_MOVE, id[0]=0, x[0]=1136.0, y[0]=114.0, toolType[0]=TOOL_TYPE_UNKNOWN, buttonState=0, metaState=0, flags=0x0, edgeFlags=0x0, pointerCount=1, historySize=0, eventTime=554754, downTime=554754, deviceId=0, source=0x1002 }
I/Input   ( 8503): injectMotionEvent: MotionEvent { action=ACTION_MOVE, id[0]=0, x[0]=1136.0, y[0]=114.0, toolType[0]=TOOL_TYPE_UNKNOWN, buttonState=0, metaState=0, flags=0x0, edgeFlags=0x0, pointerCount=1, historySize=0, eventTime=554767, downTime=554767, deviceId=0, source=0x1002 }
I/Input   ( 8503): injectMotionEvent: MotionEvent { action=ACTION_MOVE, id[0]=0, x[0]=1136.0, y[0]=114.0, toolType[0]=TOOL_TYPE_UNKNOWN, buttonState=0, metaState=0, flags=0x0, edgeFlags=0x0, pointerCount=1, historySize=0, eventTime=554786, downTime=554786, deviceId=0, source=0x1002 }
I/Input   ( 8503): injectMotionEvent: MotionEvent { action=ACTION_MOVE, id[0]=0, x[0]=1136.0, y[0]=114.0, toolType[0]=TOOL_TYPE_UNKNOWN, buttonState=0, metaState=0, flags=0x0, edgeFlags=0x0, pointerCount=1, historySize=0, eventTime=554801, downTime=554801, deviceId=0, source=0x1002 }
I/Input   ( 8503): injectMotionEvent: MotionEvent { action=ACTION_MOVE, id[0]=0, x[0]=1136.0, y[0]=114.0, toolType[0]=TOOL_TYPE_UNKNOWN, buttonState=0, metaState=0, flags=0x0, edgeFlags=0x0, pointerCount=1, historySize=0, eventTime=554820, downTime=554820, deviceId=0, source=0x1002 }
I/Input   ( 8503): injectMotionEvent: MotionEvent { action=ACTION_MOVE, id[0]=0, x[0]=1136.0, y[0]=114.0, toolType[0]=TOOL_TYPE_UNKNOWN, buttonState=0, metaState=0, flags=0x0, edgeFlags=0x0, pointerCount=1, historySize=0, eventTime=554834, downTime=554834, deviceId=0, source=0x1002 }
I/Input   ( 8503): injectMotionEvent: MotionEvent { action=ACTION_MOVE, id[0]=0, x[0]=1136.0, y[0]=114.0, toolType[0]=TOOL_TYPE_UNKNOWN, buttonState=0, metaState=0, flags=0x0, edgeFlags=0x0, pointerCount=1, historySize=0, eventTime=554852, downTime=554852, deviceId=0, source=0x1002 }
I/Input   ( 8503): injectMotionEvent: MotionEvent { action=ACTION_MOVE, id[0]=0, x[0]=1136.0, y[0]=114.0, toolType[0]=TOOL_TYPE_UNKNOWN, buttonState=0, metaState=0, flags=0x0, edgeFlags=0x0, pointerCount=1, historySize=0, eventTime=554872, downTime=554872, deviceId=0, source=0x1002 }
I/Input   ( 8503): injectMotionEvent: MotionEvent { action=ACTION_MOVE, id[0]=0, x[0]=1136.0, y[0]=114.0, toolType[0]=TOOL_TYPE_UNKNOWN, buttonState=0, metaState=0, flags=0x0, edgeFlags=0x0, pointerCount=1, historySize=0, eventTime=554885, downTime=554885, deviceId=0, source=0x1002 }
I/Input   ( 8503): injectMotionEvent: MotionEvent { action=ACTION_MOVE, id[0]=0, x[0]=1136.0, y[0]=114.0, toolType[0]=TOOL_TYPE_UNKNOWN, buttonState=0, metaState=0, flags=0x0, edgeFlags=0x0, pointerCount=1, historySize=0, eventTime=554905, downTime=554905, deviceId=0, source=0x1002 }
I/Input   ( 8503): injectMotionEvent: MotionEvent { action=ACTION_MOVE, id[0]=0, x[0]=1136.0, y[0]=114.0, toolType[0]=TOOL_TYPE_UNKNOWN, buttonState=0, metaState=0, flags=0x0, edgeFlags=0x0, pointerCount=1, historySize=0, eventTime=554921, downTime=554921, deviceId=0, source=0x1002 }
I/Input   ( 8503): injectMotionEvent: MotionEvent { action=ACTION_MOVE, id[0]=0, x[0]=1136.0, y[0]=114.0, toolType[0]=TOOL_TYPE_UNKNOWN, buttonState=0, metaState=0, flags=0x0, edgeFlags=0x0, pointerCount=1, historySize=0, eventTime=554937, downTime=554937, deviceId=0, source=0x1002 }
I/Input   ( 8503): injectMotionEvent: MotionEvent { action=ACTION_MOVE, id[0]=0, x[0]=1136.0, y[0]=114.0, toolType[0]=TOOL_TYPE_UNKNOWN, buttonState=0, metaState=0, flags=0x0, edgeFlags=0x0, pointerCount=1, historySize=0, eventTime=554962, downTime=554962, deviceId=0, source=0x1002 }
I/Input   ( 8503): injectMotionEvent: MotionEvent { action=ACTION_MOVE, id[0]=0, x[0]=1136.0, y[0]=114.0, toolType[0]=TOOL_TYPE_UNKNOWN, buttonState=0, metaState=0, flags=0x0, edgeFlags=0x0, pointerCount=1, historySize=0, eventTime=554986, downTime=554986, deviceId=0, source=0x1002 }
I/Input   ( 8503): injectMotionEvent: MotionEvent { action=ACTION_MOVE, id[0]=0, x[0]=1136.0, y[0]=114.0, toolType[0]=TOOL_TYPE_UNKNOWN, buttonState=0, metaState=0, flags=0x0, edgeFlags=0x0, pointerCount=1, historySize=0, eventTime=555005, downTime=555005, deviceId=0, source=0x1002 }
I/Input   ( 8503): injectMotionEvent: MotionEvent { action=ACTION_MOVE, id[0]=0, x[0]=1136.0, y[0]=114.0, toolType[0]=TOOL_TYPE_UNKNOWN, buttonState=0, metaState=0, flags=0x0, edgeFlags=0x0, pointerCount=1, historySize=0, eventTime=555024, downTime=555024, deviceId=0, source=0x1002 }
I/Input   ( 8503): injectMotionEvent: MotionEvent { action=ACTION_MOVE, id[0]=0, x[0]=1136.0, y[0]=114.0, toolType[0]=TOOL_TYPE_UNKNOWN, buttonState=0, metaState=0, flags=0x0, edgeFlags=0x0, pointerCount=1, historySize=0, eventTime=555043, downTime=555043, deviceId=0, source=0x1002 }
V/WindowManager(  676): Adding window Window{1a9f5ca6 u0 TooltipPopup} at 3 of 8 (after Window{3ca7db11 u0 com.oF2pks.kalturadeviceinfos/com.oF2pks.kalturadeviceinfos.MainActivity})
I/Input   ( 8503): injectMotionEvent: MotionEvent { action=ACTION_MOVE, id[0]=0, x[0]=1136.0, y[0]=114.0, toolType[0]=TOOL_TYPE_UNKNOWN, buttonState=0, metaState=0, flags=0x0, edgeFlags=0x0, pointerCount=1, historySize=0, eventTime=555082, downTime=555082, deviceId=0, source=0x1002 }
W/EGL_emulation( 4658): eglSurfaceAttrib not implemented
W/OpenGLRenderer( 4658): Failed to set EGL_SWAP_BEHAVIOR on surface 0xe1011060, error=EGL_SUCCESS
I/Input   ( 8503): injectMotionEvent: MotionEvent { action=ACTION_MOVE, id[0]=0, x[0]=1136.0, y[0]=114.0, toolType[0]=TOOL_TYPE_UNKNOWN, buttonState=0, metaState=0, flags=0x0, edgeFlags=0x0, pointerCount=1, historySize=0, eventTime=555140, downTime=555140, deviceId=0, source=0x1002 }
I/Input   ( 8503): injectMotionEvent: MotionEvent { action=ACTION_MOVE, id[0]=0, x[0]=1136.0, y[0]=114.0, toolType[0]=TOOL_TYPE_UNKNOWN, buttonState=0, metaState=0, flags=0x0, edgeFlags=0x0, pointerCount=1, historySize=0, eventTime=555165, downTime=555165, deviceId=0, source=0x1002 }
I/Input   ( 8503): injectMotionEvent: MotionEvent { action=ACTION_MOVE, id[0]=0, x[0]=1136.0, y[0]=114.0, toolType[0]=TOOL_TYPE_UNKNOWN, buttonState=0, metaState=0, flags=0x0, edgeFlags=0x0, pointerCount=1, historySize=0, eventTime=555184, downTime=555184, deviceId=0, source=0x1002 }
I/Input   ( 8503): injectMotionEvent: MotionEvent { action=ACTION_MOVE, id[0]=0, x[0]=1136.0, y[0]=114.0, toolType[0]=TOOL_TYPE_UNKNOWN, buttonState=0, metaState=0, flags=0x0, edgeFlags=0x0, pointerCount=1, historySize=0, eventTime=555202, downTime=555202, deviceId=0, source=0x1002 }
I/Input   ( 8503): injectMotionEvent: MotionEvent { action=ACTION_MOVE, id[0]=0, x[0]=1136.0, y[0]=114.0, toolType[0]=TOOL_TYPE_UNKNOWN, buttonState=0, metaState=0, flags=0x0, edgeFlags=0x0, pointerCount=1, historySize=0, eventTime=555219, downTime=555219, deviceId=0, source=0x1002 }
I/Input   ( 8503): injectMotionEvent: MotionEvent { action=ACTION_MOVE, id[0]=0, x[0]=1136.0, y[0]=114.0, toolType[0]=TOOL_TYPE_UNKNOWN, buttonState=0, metaState=0, flags=0x0, edgeFlags=0x0, pointerCount=1, historySize=0, eventTime=555234, downTime=555234, deviceId=0, source=0x1002 }
I/Input   ( 8503): injectMotionEvent: MotionEvent { action=ACTION_MOVE, id[0]=0, x[0]=1136.0, y[0]=114.0, toolType[0]=TOOL_TYPE_UNKNOWN, buttonState=0, metaState=0, flags=0x0, edgeFlags=0x0, pointerCount=1, historySize=0, eventTime=555252, downTime=555252, deviceId=0, source=0x1002 }
I/Input   ( 8503): injectMotionEvent: MotionEvent { action=ACTION_MOVE, id[0]=0, x[0]=1136.0, y[0]=114.0, toolType[0]=TOOL_TYPE_UNKNOWN, buttonState=0, metaState=0, flags=0x0, edgeFlags=0x0, pointerCount=1, historySize=0, eventTime=555281, downTime=555281, deviceId=0, source=0x1002 }
I/Input   ( 8503): injectMotionEvent: MotionEvent { action=ACTION_MOVE, id[0]=0, x[0]=1136.0, y[0]=114.0, toolType[0]=TOOL_TYPE_UNKNOWN, buttonState=0, metaState=0, flags=0x0, edgeFlags=0x0, pointerCount=1, historySize=0, eventTime=555310, downTime=555310, deviceId=0, source=0x1002 }
I/Input   ( 8503): injectMotionEvent: MotionEvent { action=ACTION_MOVE, id[0]=0, x[0]=1136.0, y[0]=114.0, toolType[0]=TOOL_TYPE_UNKNOWN, buttonState=0, metaState=0, flags=0x0, edgeFlags=0x0, pointerCount=1, historySize=0, eventTime=555330, downTime=555330, deviceId=0, source=0x1002 }
I/Input   ( 8503): injectMotionEvent: MotionEvent { action=ACTION_MOVE, id[0]=0, x[0]=1136.0, y[0]=114.0, toolType[0]=TOOL_TYPE_UNKNOWN, buttonState=0, metaState=0, flags=0x0, edgeFlags=0x0, pointerCount=1, historySize=0, eventTime=555383, downTime=555383, deviceId=0, source=0x1002 }
I/Input   ( 8503): injectMotionEvent: MotionEvent { action=ACTION_MOVE, id[0]=0, x[0]=1136.0, y[0]=114.0, toolType[0]=TOOL_TYPE_UNKNOWN, buttonState=0, metaState=0, flags=0x0, edgeFlags=0x0, pointerCount=1, historySize=0, eventTime=555402, downTime=555402, deviceId=0, source=0x1002 }
I/Input   ( 8503): injectMotionEvent: MotionEvent { action=ACTION_MOVE, id[0]=0, x[0]=1136.0, y[0]=114.0, toolType[0]=TOOL_TYPE_UNKNOWN, buttonState=0, metaState=0, flags=0x0, edgeFlags=0x0, pointerCount=1, historySize=0, eventTime=555417, downTime=555417, deviceId=0, source=0x1002 }
I/Input   ( 8503): injectMotionEvent: MotionEvent { action=ACTION_MOVE, id[0]=0, x[0]=1136.0, y[0]=114.0, toolType[0]=TOOL_TYPE_UNKNOWN, buttonState=0, metaState=0, flags=0x0, edgeFlags=0x0, pointerCount=1, historySize=0, eventTime=555435, downTime=555435, deviceId=0, source=0x1002 }
I/Input   ( 8503): injectMotionEvent: MotionEvent { action=ACTION_MOVE, id[0]=0, x[0]=1136.0, y[0]=114.0, toolType[0]=TOOL_TYPE_UNKNOWN, buttonState=0, metaState=0, flags=0x0, edgeFlags=0x0, pointerCount=1, historySize=0, eventTime=555453, downTime=555453, deviceId=0, source=0x1002 }
I/Input   ( 8503): injectMotionEvent: MotionEvent { action=ACTION_MOVE, id[0]=0, x[0]=1136.0, y[0]=114.0, toolType[0]=TOOL_TYPE_UNKNOWN, buttonState=0, metaState=0, flags=0x0, edgeFlags=0x0, pointerCount=1, historySize=0, eventTime=555469, downTime=555469, deviceId=0, source=0x1002 }
I/Input   ( 8503): injectMotionEvent: MotionEvent { action=ACTION_MOVE, id[0]=0, x[0]=1136.0, y[0]=114.0, toolType[0]=TOOL_TYPE_UNKNOWN, buttonState=0, metaState=0, flags=0x0, edgeFlags=0x0, pointerCount=1, historySize=0, eventTime=555486, downTime=555486, deviceId=0, source=0x1002 }
I/Input   ( 8503): injectMotionEvent: MotionEvent { action=ACTION_MOVE, id[0]=0, x[0]=1136.0, y[0]=114.0, toolType[0]=TOOL_TYPE_UNKNOWN, buttonState=0, metaState=0, flags=0x0, edgeFlags=0x0, pointerCount=1, historySize=0, eventTime=555500, downTime=555500, deviceId=0, source=0x1002 }
I/Input   ( 8503): injectMotionEvent: MotionEvent { action=ACTION_MOVE, id[0]=0, x[0]=1136.0, y[0]=114.0, toolType[0]=TOOL_TYPE_UNKNOWN, buttonState=0, metaState=0, flags=0x0, edgeFlags=0x0, pointerCount=1, historySize=0, eventTime=555517, downTime=555517, deviceId=0, source=0x1002 }
I/Input   ( 8503): injectMotionEvent: MotionEvent { action=ACTION_MOVE, id[0]=0, x[0]=1136.0, y[0]=114.0, toolType[0]=TOOL_TYPE_UNKNOWN, buttonState=0, metaState=0, flags=0x0, edgeFlags=0x0, pointerCount=1, historySize=0, eventTime=555535, downTime=555535, deviceId=0, source=0x1002 }
I/Input   ( 8503): injectMotionEvent: MotionEvent { action=ACTION_MOVE, id[0]=0, x[0]=1136.0, y[0]=114.0, toolType[0]=TOOL_TYPE_UNKNOWN, buttonState=0, metaState=0, flags=0x0, edgeFlags=0x0, pointerCount=1, historySize=0, eventTime=555550, downTime=555550, deviceId=0, source=0x1002 }
I/Input   ( 8503): injectMotionEvent: MotionEvent { action=ACTION_MOVE, id[0]=0, x[0]=1136.0, y[0]=114.0, toolType[0]=TOOL_TYPE_UNKNOWN, buttonState=0, metaState=0, flags=0x0, edgeFlags=0x0, pointerCount=1, historySize=0, eventTime=555572, downTime=555572, deviceId=0, source=0x1002 }
I/Input   ( 8503): injectMotionEvent: MotionEvent { action=ACTION_MOVE, id[0]=0, x[0]=1136.0, y[0]=114.0, toolType[0]=TOOL_TYPE_UNKNOWN, buttonState=0, metaState=0, flags=0x0, edgeFlags=0x0, pointerCount=1, historySize=0, eventTime=555585, downTime=555585, deviceId=0, source=0x1002 }
I/Input   ( 8503): injectMotionEvent: MotionEvent { action=ACTION_MOVE, id[0]=0, x[0]=1136.0, y[0]=114.0, toolType[0]=TOOL_TYPE_UNKNOWN, buttonState=0, metaState=0, flags=0x0, edgeFlags=0x0, pointerCount=1, historySize=0, eventTime=555600, downTime=555600, deviceId=0, source=0x1002 }
I/Input   ( 8503): injectMotionEvent: MotionEvent { action=ACTION_MOVE, id[0]=0, x[0]=1136.0, y[0]=114.0, toolType[0]=TOOL_TYPE_UNKNOWN, buttonState=0, metaState=0, flags=0x0, edgeFlags=0x0, pointerCount=1, historySize=0, eventTime=555617, downTime=555617, deviceId=0, source=0x1002 }
I/Input   ( 8503): injectMotionEvent: MotionEvent { action=ACTION_MOVE, id[0]=0, x[0]=1136.0, y[0]=114.0, toolType[0]=TOOL_TYPE_UNKNOWN, buttonState=0, metaState=0, flags=0x0, edgeFlags=0x0, pointerCount=1, historySize=0, eventTime=555633, downTime=555633, deviceId=0, source=0x1002 }
I/Input   ( 8503): injectMotionEvent: MotionEvent { action=ACTION_MOVE, id[0]=0, x[0]=1136.0, y[0]=114.0, toolType[0]=TOOL_TYPE_UNKNOWN, buttonState=0, metaState=0, flags=0x0, edgeFlags=0x0, pointerCount=1, historySize=0, eventTime=555650, downTime=555650, deviceId=0, source=0x1002 }
I/Input   ( 8503): injectMotionEvent: MotionEvent { action=ACTION_MOVE, id[0]=0, x[0]=1136.0, y[0]=114.0, toolType[0]=TOOL_TYPE_UNKNOWN, buttonState=0, metaState=0, flags=0x0, edgeFlags=0x0, pointerCount=1, historySize=0, eventTime=555670, downTime=555670, deviceId=0, source=0x1002 }
I/Input   ( 8503): injectMotionEvent: MotionEvent { action=ACTION_MOVE, id[0]=0, x[0]=1136.0, y[0]=114.0, toolType[0]=TOOL_TYPE_UNKNOWN, buttonState=0, metaState=0, flags=0x0, edgeFlags=0x0, pointerCount=1, historySize=0, eventTime=555683, downTime=555683, deviceId=0, source=0x1002 }
I/Input   ( 8503): injectMotionEvent: MotionEvent { action=ACTION_MOVE, id[0]=0, x[0]=1136.0, y[0]=114.0, toolType[0]=TOOL_TYPE_UNKNOWN, buttonState=0, metaState=0, flags=0x0, edgeFlags=0x0, pointerCount=1, historySize=0, eventTime=555700, downTime=555700, deviceId=0, source=0x1002 }
I/Input   ( 8503): injectMotionEvent: MotionEvent { action=ACTION_MOVE, id[0]=0, x[0]=1136.0, y[0]=114.0, toolType[0]=TOOL_TYPE_UNKNOWN, buttonState=0, metaState=0, flags=0x0, edgeFlags=0x0, pointerCount=1, historySize=0, eventTime=555718, downTime=555718, deviceId=0, source=0x1002 }
I/Input   ( 8503): injectMotionEvent: MotionEvent { action=ACTION_MOVE, id[0]=0, x[0]=1136.0, y[0]=114.0, toolType[0]=TOOL_TYPE_UNKNOWN, buttonState=0, metaState=0, flags=0x0, edgeFlags=0x0, pointerCount=1, historySize=0, eventTime=555734, downTime=555734, deviceId=0, source=0x1002 }
I/Input   ( 8503): injectMotionEvent: MotionEvent { action=ACTION_MOVE, id[0]=0, x[0]=1136.0, y[0]=114.0, toolType[0]=TOOL_TYPE_UNKNOWN, buttonState=0, metaState=0, flags=0x0, edgeFlags=0x0, pointerCount=1, historySize=0, eventTime=555752, downTime=555752, deviceId=0, source=0x1002 }
I/Input   ( 8503): injectMotionEvent: MotionEvent { action=ACTION_MOVE, id[0]=0, x[0]=1136.0, y[0]=114.0, toolType[0]=TOOL_TYPE_UNKNOWN, buttonState=0, metaState=0, flags=0x0, edgeFlags=0x0, pointerCount=1, historySize=0, eventTime=555772, downTime=555772, deviceId=0, source=0x1002 }
I/Input   ( 8503): injectMotionEvent: MotionEvent { action=ACTION_MOVE, id[0]=0, x[0]=1136.0, y[0]=114.0, toolType[0]=TOOL_TYPE_UNKNOWN, buttonState=0, metaState=0, flags=0x0, edgeFlags=0x0, pointerCount=1, historySize=0, eventTime=555784, downTime=555784, deviceId=0, source=0x1002 }
I/Input   ( 8503): injectMotionEvent: MotionEvent { action=ACTION_MOVE, id[0]=0, x[0]=1136.0, y[0]=114.0, toolType[0]=TOOL_TYPE_UNKNOWN, buttonState=0, metaState=0, flags=0x0, edgeFlags=0x0, pointerCount=1, historySize=0, eventTime=555802, downTime=555802, deviceId=0, source=0x1002 }
I/Input   ( 8503): injectMotionEvent: MotionEvent { action=ACTION_MOVE, id[0]=0, x[0]=1136.0, y[0]=114.0, toolType[0]=TOOL_TYPE_UNKNOWN, buttonState=0, metaState=0, flags=0x0, edgeFlags=0x0, pointerCount=1, historySize=0, eventTime=555817, downTime=555817, deviceId=0, source=0x1002 }
I/Input   ( 8503): injectMotionEvent: MotionEvent { action=ACTION_MOVE, id[0]=0, x[0]=1136.0, y[0]=114.0, toolType[0]=TOOL_TYPE_UNKNOWN, buttonState=0, metaState=0, flags=0x0, edgeFlags=0x0, pointerCount=1, historySize=0, eventTime=555833, downTime=555833, deviceId=0, source=0x1002 }
I/Input   ( 8503): injectMotionEvent: MotionEvent { action=ACTION_MOVE, id[0]=0, x[0]=1136.0, y[0]=114.0, toolType[0]=TOOL_TYPE_UNKNOWN, buttonState=0, metaState=0, flags=0x0, edgeFlags=0x0, pointerCount=1, historySize=0, eventTime=555850, downTime=555850, deviceId=0, source=0x1002 }
I/Input   ( 8503): injectMotionEvent: MotionEvent { action=ACTION_MOVE, id[0]=0, x[0]=1136.0, y[0]=114.0, toolType[0]=TOOL_TYPE_UNKNOWN, buttonState=0, metaState=0, flags=0x0, edgeFlags=0x0, pointerCount=1, historySize=0, eventTime=555870, downTime=555870, deviceId=0, source=0x1002 }
I/Input   ( 8503): injectMotionEvent: MotionEvent { action=ACTION_MOVE, id[0]=0, x[0]=1136.0, y[0]=114.0, toolType[0]=TOOL_TYPE_UNKNOWN, buttonState=0, metaState=0, flags=0x0, edgeFlags=0x0, pointerCount=1, historySize=0, eventTime=555887, downTime=555887, deviceId=0, source=0x1002 }
I/Input   ( 8503): injectMotionEvent: MotionEvent { action=ACTION_MOVE, id[0]=0, x[0]=1136.0, y[0]=114.0, toolType[0]=TOOL_TYPE_UNKNOWN, buttonState=0, metaState=0, flags=0x0, edgeFlags=0x0, pointerCount=1, historySize=0, eventTime=555901, downTime=555901, deviceId=0, source=0x1002 }
I/Input   ( 8503): injectMotionEvent: MotionEvent { action=ACTION_MOVE, id[0]=0, x[0]=1136.0, y[0]=114.0, toolType[0]=TOOL_TYPE_UNKNOWN, buttonState=0, metaState=0, flags=0x0, edgeFlags=0x0, pointerCount=1, historySize=0, eventTime=555917, downTime=555917, deviceId=0, source=0x1002 }
I/Input   ( 8503): injectMotionEvent: MotionEvent { action=ACTION_MOVE, id[0]=0, x[0]=1136.0, y[0]=114.0, toolType[0]=TOOL_TYPE_UNKNOWN, buttonState=0, metaState=0, flags=0x0, edgeFlags=0x0, pointerCount=1, historySize=0, eventTime=555934, downTime=555934, deviceId=0, source=0x1002 }
I/Input   ( 8503): injectMotionEvent: MotionEvent { action=ACTION_MOVE, id[0]=0, x[0]=1136.0, y[0]=114.0, toolType[0]=TOOL_TYPE_UNKNOWN, buttonState=0, metaState=0, flags=0x0, edgeFlags=0x0, pointerCount=1, historySize=0, eventTime=555951, downTime=555951, deviceId=0, source=0x1002 }
I/Input   ( 8503): injectMotionEvent: MotionEvent { action=ACTION_MOVE, id[0]=0, x[0]=1136.0, y[0]=114.0, toolType[0]=TOOL_TYPE_UNKNOWN, buttonState=0, metaState=0, flags=0x0, edgeFlags=0x0, pointerCount=1, historySize=0, eventTime=555972, downTime=555972, deviceId=0, source=0x1002 }
I/Input   ( 8503): injectMotionEvent: MotionEvent { action=ACTION_MOVE, id[0]=0, x[0]=1136.0, y[0]=114.0, toolType[0]=TOOL_TYPE_UNKNOWN, buttonState=0, metaState=0, flags=0x0, edgeFlags=0x0, pointerCount=1, historySize=0, eventTime=555984, downTime=555984, deviceId=0, source=0x1002 }
I/Input   ( 8503): injectMotionEvent: MotionEvent { action=ACTION_MOVE, id[0]=0, x[0]=1136.0, y[0]=114.0, toolType[0]=TOOL_TYPE_UNKNOWN, buttonState=0, metaState=0, flags=0x0, edgeFlags=0x0, pointerCount=1, historySize=0, eventTime=556001, downTime=556001, deviceId=0, source=0x1002 }
I/Input   ( 8503): injectMotionEvent: MotionEvent { action=ACTION_MOVE, id[0]=0, x[0]=1136.0, y[0]=114.0, toolType[0]=TOOL_TYPE_UNKNOWN, buttonState=0, metaState=0, flags=0x0, edgeFlags=0x0, pointerCount=1, historySize=0, eventTime=556017, downTime=556017, deviceId=0, source=0x1002 }
I/Input   ( 8503): injectMotionEvent: MotionEvent { action=ACTION_MOVE, id[0]=0, x[0]=1136.0, y[0]=114.0, toolType[0]=TOOL_TYPE_UNKNOWN, buttonState=0, metaState=0, flags=0x0, edgeFlags=0x0, pointerCount=1, historySize=0, eventTime=556034, downTime=556034, deviceId=0, source=0x1002 }
I/Input   ( 8503): injectMotionEvent: MotionEvent { action=ACTION_MOVE, id[0]=0, x[0]=1136.0, y[0]=114.0, toolType[0]=TOOL_TYPE_UNKNOWN, buttonState=0, metaState=0, flags=0x0, edgeFlags=0x0, pointerCount=1, historySize=0, eventTime=556052, downTime=556052, deviceId=0, source=0x1002 }
I/Input   ( 8503): injectMotionEvent: MotionEvent { action=ACTION_MOVE, id[0]=0, x[0]=1136.0, y[0]=114.0, toolType[0]=TOOL_TYPE_UNKNOWN, buttonState=0, metaState=0, flags=0x0, edgeFlags=0x0, pointerCount=1, historySize=0, eventTime=556072, downTime=556072, deviceId=0, source=0x1002 }
I/Input   ( 8503): injectMotionEvent: MotionEvent { action=ACTION_MOVE, id[0]=0, x[0]=1136.0, y[0]=114.0, toolType[0]=TOOL_TYPE_UNKNOWN, buttonState=0, metaState=0, flags=0x0, edgeFlags=0x0, pointerCount=1, historySize=0, eventTime=556084, downTime=556084, deviceId=0, source=0x1002 }
I/Input   ( 8503): injectMotionEvent: MotionEvent { action=ACTION_MOVE, id[0]=0, x[0]=1136.0, y[0]=114.0, toolType[0]=TOOL_TYPE_UNKNOWN, buttonState=0, metaState=0, flags=0x0, edgeFlags=0x0, pointerCount=1, historySize=0, eventTime=556100, downTime=556100, deviceId=0, source=0x1002 }
I/Input   ( 8503): injectMotionEvent: MotionEvent { action=ACTION_MOVE, id[0]=0, x[0]=1136.0, y[0]=114.0, toolType[0]=TOOL_TYPE_UNKNOWN, buttonState=0, metaState=0, flags=0x0, edgeFlags=0x0, pointerCount=1, historySize=0, eventTime=556117, downTime=556117, deviceId=0, source=0x1002 }
I/Input   ( 8503): injectMotionEvent: MotionEvent { action=ACTION_MOVE, id[0]=0, x[0]=1136.0, y[0]=114.0, toolType[0]=TOOL_TYPE_UNKNOWN, buttonState=0, metaState=0, flags=0x0, edgeFlags=0x0, pointerCount=1, historySize=0, eventTime=556133, downTime=556133, deviceId=0, source=0x1002 }
I/Input   ( 8503): injectMotionEvent: MotionEvent { action=ACTION_MOVE, id[0]=0, x[0]=1136.0, y[0]=114.0, toolType[0]=TOOL_TYPE_UNKNOWN, buttonState=0, metaState=0, flags=0x0, edgeFlags=0x0, pointerCount=1, historySize=0, eventTime=556150, downTime=556150, deviceId=0, source=0x1002 }
I/Input   ( 8503): injectMotionEvent: MotionEvent { action=ACTION_MOVE, id[0]=0, x[0]=1136.0, y[0]=114.0, toolType[0]=TOOL_TYPE_UNKNOWN, buttonState=0, metaState=0, flags=0x0, edgeFlags=0x0, pointerCount=1, historySize=0, eventTime=556167, downTime=556167, deviceId=0, source=0x1002 }
I/Input   ( 8503): injectMotionEvent: MotionEvent { action=ACTION_MOVE, id[0]=0, x[0]=1136.0, y[0]=114.0, toolType[0]=TOOL_TYPE_UNKNOWN, buttonState=0, metaState=0, flags=0x0, edgeFlags=0x0, pointerCount=1, historySize=0, eventTime=556187, downTime=556187, deviceId=0, source=0x1002 }
I/Input   ( 8503): injectMotionEvent: MotionEvent { action=ACTION_MOVE, id[0]=0, x[0]=1136.0, y[0]=114.0, toolType[0]=TOOL_TYPE_UNKNOWN, buttonState=0, metaState=0, flags=0x0, edgeFlags=0x0, pointerCount=1, historySize=0, eventTime=556201, downTime=556201, deviceId=0, source=0x1002 }
I/Input   ( 8503): injectMotionEvent: MotionEvent { action=ACTION_MOVE, id[0]=0, x[0]=1136.0, y[0]=114.0, toolType[0]=TOOL_TYPE_UNKNOWN, buttonState=0, metaState=0, flags=0x0, edgeFlags=0x0, pointerCount=1, historySize=0, eventTime=556217, downTime=556217, deviceId=0, source=0x1002 }
I/Input   ( 8503): injectMotionEvent: MotionEvent { action=ACTION_MOVE, id[0]=0, x[0]=1136.0, y[0]=114.0, toolType[0]=TOOL_TYPE_UNKNOWN, buttonState=0, metaState=0, flags=0x0, edgeFlags=0x0, pointerCount=1, historySize=0, eventTime=556235, downTime=556235, deviceId=0, source=0x1002 }
I/Input   ( 8503): injectMotionEvent: MotionEvent { action=ACTION_MOVE, id[0]=0, x[0]=1136.0, y[0]=114.0, toolType[0]=TOOL_TYPE_UNKNOWN, buttonState=0, metaState=0, flags=0x0, edgeFlags=0x0, pointerCount=1, historySize=0, eventTime=556250, downTime=556250, deviceId=0, source=0x1002 }
I/Input   ( 8503): injectMotionEvent: MotionEvent { action=ACTION_MOVE, id[0]=0, x[0]=1136.0, y[0]=114.0, toolType[0]=TOOL_TYPE_UNKNOWN, buttonState=0, metaState=0, flags=0x0, edgeFlags=0x0, pointerCount=1, historySize=0, eventTime=556267, downTime=556267, deviceId=0, source=0x1002 }
I/Input   ( 8503): injectMotionEvent: MotionEvent { action=ACTION_MOVE, id[0]=0, x[0]=1136.0, y[0]=114.0, toolType[0]=TOOL_TYPE_UNKNOWN, buttonState=0, metaState=0, flags=0x0, edgeFlags=0x0, pointerCount=1, historySize=0, eventTime=556288, downTime=556288, deviceId=0, source=0x1002 }
I/Input   ( 8503): injectMotionEvent: MotionEvent { action=ACTION_MOVE, id[0]=0, x[0]=1136.0, y[0]=114.0, toolType[0]=TOOL_TYPE_UNKNOWN, buttonState=0, metaState=0, flags=0x0, edgeFlags=0x0, pointerCount=1, historySize=0, eventTime=556301, downTime=556301, deviceId=0, source=0x1002 }
I/Input   ( 8503): injectMotionEvent: MotionEvent { action=ACTION_MOVE, id[0]=0, x[0]=1136.0, y[0]=114.0, toolType[0]=TOOL_TYPE_UNKNOWN, buttonState=0, metaState=0, flags=0x0, edgeFlags=0x0, pointerCount=1, historySize=0, eventTime=556317, downTime=556317, deviceId=0, source=0x1002 }
I/Input   ( 8503): injectMotionEvent: MotionEvent { action=ACTION_MOVE, id[0]=0, x[0]=1136.0, y[0]=114.0, toolType[0]=TOOL_TYPE_UNKNOWN, buttonState=0, metaState=0, flags=0x0, edgeFlags=0x0, pointerCount=1, historySize=0, eventTime=556334, downTime=556334, deviceId=0, source=0x1002 }
I/Input   ( 8503): injectMotionEvent: MotionEvent { action=ACTION_MOVE, id[0]=0, x[0]=1136.0, y[0]=114.0, toolType[0]=TOOL_TYPE_UNKNOWN, buttonState=0, metaState=0, flags=0x0, edgeFlags=0x0, pointerCount=1, historySize=0, eventTime=556352, downTime=556352, deviceId=0, source=0x1002 }
I/Input   ( 8503): injectMotionEvent: MotionEvent { action=ACTION_MOVE, id[0]=0, x[0]=1136.0, y[0]=114.0, toolType[0]=TOOL_TYPE_UNKNOWN, buttonState=0, metaState=0, flags=0x0, edgeFlags=0x0, pointerCount=1, historySize=0, eventTime=556367, downTime=556367, deviceId=0, source=0x1002 }
I/Input   ( 8503): injectMotionEvent: MotionEvent { action=ACTION_MOVE, id[0]=0, x[0]=1136.0, y[0]=114.0, toolType[0]=TOOL_TYPE_UNKNOWN, buttonState=0, metaState=0, flags=0x0, edgeFlags=0x0, pointerCount=1, historySize=0, eventTime=556384, downTime=556384, deviceId=0, source=0x1002 }
I/Input   ( 8503): injectMotionEvent: MotionEvent { action=ACTION_MOVE, id[0]=0, x[0]=1136.0, y[0]=114.0, toolType[0]=TOOL_TYPE_UNKNOWN, buttonState=0, metaState=0, flags=0x0, edgeFlags=0x0, pointerCount=1, historySize=0, eventTime=556400, downTime=556400, deviceId=0, source=0x1002 }
I/Input   ( 8503): injectMotionEvent: MotionEvent { action=ACTION_MOVE, id[0]=0, x[0]=1136.0, y[0]=114.0, toolType[0]=TOOL_TYPE_UNKNOWN, buttonState=0, metaState=0, flags=0x0, edgeFlags=0x0, pointerCount=1, historySize=0, eventTime=556418, downTime=556418, deviceId=0, source=0x1002 }
I/Input   ( 8503): injectMotionEvent: MotionEvent { action=ACTION_MOVE, id[0]=0, x[0]=1136.0, y[0]=114.0, toolType[0]=TOOL_TYPE_UNKNOWN, buttonState=0, metaState=0, flags=0x0, edgeFlags=0x0, pointerCount=1, historySize=0, eventTime=556434, downTime=556434, deviceId=0, source=0x1002 }
I/Input   ( 8503): injectMotionEvent: MotionEvent { action=ACTION_MOVE, id[0]=0, x[0]=1136.0, y[0]=114.0, toolType[0]=TOOL_TYPE_UNKNOWN, buttonState=0, metaState=0, flags=0x0, edgeFlags=0x0, pointerCount=1, historySize=0, eventTime=556450, downTime=556450, deviceId=0, source=0x1002 }
I/Input   ( 8503): injectMotionEvent: MotionEvent { action=ACTION_MOVE, id[0]=0, x[0]=1136.0, y[0]=114.0, toolType[0]=TOOL_TYPE_UNKNOWN, buttonState=0, metaState=0, flags=0x0, edgeFlags=0x0, pointerCount=1, historySize=0, eventTime=556467, downTime=556467, deviceId=0, source=0x1002 }
I/Input   ( 8503): injectMotionEvent: MotionEvent { action=ACTION_MOVE, id[0]=0, x[0]=1136.0, y[0]=114.0, toolType[0]=TOOL_TYPE_UNKNOWN, buttonState=0, metaState=0, flags=0x0, edgeFlags=0x0, pointerCount=1, historySize=0, eventTime=556484, downTime=556484, deviceId=0, source=0x1002 }
I/Input   ( 8503): injectMotionEvent: MotionEvent { action=ACTION_MOVE, id[0]=0, x[0]=1136.0, y[0]=114.0, toolType[0]=TOOL_TYPE_UNKNOWN, buttonState=0, metaState=0, flags=0x0, edgeFlags=0x0, pointerCount=1, historySize=0, eventTime=556501, downTime=556501, deviceId=0, source=0x1002 }
I/Input   ( 8503): injectMotionEvent: MotionEvent { action=ACTION_MOVE, id[0]=0, x[0]=1136.0, y[0]=114.0, toolType[0]=TOOL_TYPE_UNKNOWN, buttonState=0, metaState=0, flags=0x0, edgeFlags=0x0, pointerCount=1, historySize=0, eventTime=556517, downTime=556517, deviceId=0, source=0x1002 }
I/Input   ( 8503): injectMotionEvent: MotionEvent { action=ACTION_MOVE, id[0]=0, x[0]=1136.0, y[0]=114.0, toolType[0]=TOOL_TYPE_UNKNOWN, buttonState=0, metaState=0, flags=0x0, edgeFlags=0x0, pointerCount=1, historySize=0, eventTime=556534, downTime=556534, deviceId=0, source=0x1002 }
I/Input   ( 8503): injectMotionEvent: MotionEvent { action=ACTION_UP, id[0]=0, x[0]=1136.0, y[0]=114.0, toolType[0]=TOOL_TYPE_UNKNOWN, buttonState=0, metaState=0, flags=0x0, edgeFlags=0x0, pointerCount=1, historySize=0, eventTime=556550, downTime=556550, deviceId=0, source=0x1002 }
D/AndroidRuntime( 8503): Shutting down VM
D/AndroidRuntime( 8842): >>>>>> START com.android.internal.os.RuntimeInit uid 0 <<<<<<
D/AndroidRuntime( 8842): CheckJNI is OFF
E/memtrack( 8842): Couldn't load memtrack module (No such file or directory)
E/android.os.Debug( 8842): failed to load memtrack module: -2
D/AndroidRuntime( 8842): Calling main entry com.android.commands.uiautomator.Launcher
W/AccessibilityNodeInfoDumper( 8842): Fetch time: 5ms
W/WindowManager(  676): Attempted to remove non-existing token: android.os.Binder@1f320439
D/AndroidRuntime( 8842): Shutting down VM
D/AndroidRuntime( 8870): >>>>>> START com.android.internal.os.RuntimeInit uid 0 <<<<<<
D/AndroidRuntime( 8870): CheckJNI is OFF
E/memtrack( 8870): Couldn't load memtrack module (No such file or directory)
E/android.os.Debug( 8870): failed to load memtrack module: -2
D/AndroidRuntime( 8870): Calling main entry com.android.commands.uiautomator.Launcher
W/AccessibilityNodeInfoDumper( 8870): Fetch time: 7ms
W/WindowManager(  676): Attempted to remove non-existing token: android.os.Binder@2ab5a7e
D/AndroidRuntime( 8870): Shutting down VM
D/AndroidRuntime( 8893): >>>>>> START com.android.internal.os.RuntimeInit uid 0 <<<<<<
D/AndroidRuntime( 8893): CheckJNI is OFF
E/memtrack( 8893): Couldn't load memtrack module (No such file or directory)
E/android.os.Debug( 8893): failed to load memtrack module: -2
D/AndroidRuntime( 8893): Calling main entry com.android.commands.uiautomator.Launcher
W/AccessibilityNodeInfoDumper( 8893): Fetch time: 4ms
W/WindowManager(  676): Attempted to remove non-existing token: android.os.Binder@13fc1bdf
D/AndroidRuntime( 8893): Shutting down VM
D/AndroidRuntime( 8921): >>>>>> START com.android.internal.os.RuntimeInit uid 0 <<<<<<
D/AndroidRuntime( 8921): CheckJNI is OFF
E/memtrack( 8921): Couldn't load memtrack module (No such file or directory)
E/android.os.Debug( 8921): failed to load memtrack module: -2
D/AndroidRuntime( 8921): Calling main entry com.android.commands.uiautomator.Launcher
I/art     (  676): Explicit concurrent mark sweep GC freed 39309(2MB) AllocSpace objects, 43(876KB) LOS objects, 33% free, 7MB/11MB, paused 985us total 25.808ms
W/AccessibilityNodeInfoDumper( 8921): Fetch time: 4ms
W/WindowManager(  676): Attempted to remove non-existing token: android.os.Binder@50002c
D/AndroidRuntime( 8921): Shutting down VM
D/AndroidRuntime( 8954): >>>>>> START com.android.internal.os.RuntimeInit uid 0 <<<<<<
D/AndroidRuntime( 8954): CheckJNI is OFF
E/memtrack( 8954): Couldn't load memtrack module (No such file or directory)
E/android.os.Debug( 8954): failed to load memtrack module: -2
D/AndroidRuntime( 8954): Calling main entry com.android.commands.uiautomator.Launcher
W/AccessibilityNodeInfoDumper( 8954): Fetch time: 5ms
W/WindowManager(  676): Attempted to remove non-existing token: android.os.Binder@89ea08a
D/AndroidRuntime( 8954): Shutting down VM
D/AndroidRuntime( 8985): >>>>>> START com.android.internal.os.RuntimeInit uid 0 <<<<<<
D/AndroidRuntime( 8985): CheckJNI is OFF
E/memtrack( 8985): Couldn't load memtrack module (No such file or directory)
E/android.os.Debug( 8985): failed to load memtrack module: -2
D/AndroidRuntime( 8985): Calling main entry com.android.commands.uiautomator.Launcher
W/AccessibilityNodeInfoDumper( 8985): Fetch time: 5ms
W/WindowManager(  676): Attempted to remove non-existing token: android.os.Binder@353096fb
D/AndroidRuntime( 8985): Shutting down VM
D/AndroidRuntime( 9008): >>>>>> START com.android.internal.os.RuntimeInit uid 0 <<<<<<
D/AndroidRuntime( 9008): CheckJNI is OFF
E/memtrack( 9008): Couldn't load memtrack module (No such file or directory)
E/android.os.Debug( 9008): failed to load memtrack module: -2
D/AndroidRuntime( 9008): Calling main entry com.android.commands.uiautomator.Launcher
W/AccessibilityNodeInfoDumper( 9008): Fetch time: 5ms
W/WindowManager(  676): Attempted to remove non-existing token: android.os.Binder@34d2f318
D/AndroidRuntime( 9008): Shutting down VM
D/AndroidRuntime( 9036): >>>>>> START com.android.internal.os.RuntimeInit uid 0 <<<<<<
D/AndroidRuntime( 9036): CheckJNI is OFF
E/memtrack( 9036): Couldn't load memtrack module (No such file or directory)
E/android.os.Debug( 9036): failed to load memtrack module: -2
D/AndroidRuntime( 9036): Calling main entry com.android.commands.uiautomator.Launcher
W/AccessibilityNodeInfoDumper( 9036): Fetch time: 4ms
W/WindowManager(  676): Attempted to remove non-existing token: android.os.Binder@20730171
D/AndroidRuntime( 9036): Shutting down VM
D/AndroidRuntime( 9059): >>>>>> START com.android.internal.os.RuntimeInit uid 0 <<<<<<
D/AndroidRuntime( 9059): CheckJNI is OFF
E/memtrack( 9059): Couldn't load memtrack module (No such file or directory)
E/android.os.Debug( 9059): failed to load memtrack module: -2
D/AndroidRuntime( 9059): Calling main entry com.android.commands.uiautomator.Launcher
W/AccessibilityNodeInfoDumper( 9059): Fetch time: 4ms
W/WindowManager(  676): Attempted to remove non-existing token: android.os.Binder@29ce3b56
D/AndroidRuntime( 9059): Shutting down VM
D/AndroidRuntime( 9087): >>>>>> START com.android.internal.os.RuntimeInit uid 0 <<<<<<
D/AndroidRuntime( 9087): CheckJNI is OFF
E/memtrack( 9087): Couldn't load memtrack module (No such file or directory)
E/android.os.Debug( 9087): failed to load memtrack module: -2
D/AndroidRuntime( 9087): Calling main entry com.android.commands.uiautomator.Launcher
W/AccessibilityNodeInfoDumper( 9087): Fetch time: 4ms
W/WindowManager(  676): Attempted to remove non-existing token: android.os.Binder@1d67a7d7
D/AndroidRuntime( 9087): Shutting down VM
D/AndroidRuntime( 9110): >>>>>> START com.android.internal.os.RuntimeInit uid 0 <<<<<<
D/AndroidRuntime( 9110): CheckJNI is OFF
E/memtrack( 9110): Couldn't load memtrack module (No such file or directory)
E/android.os.Debug( 9110): failed to load memtrack module: -2
D/AndroidRuntime( 9110): Calling main entry com.android.commands.uiautomator.Launcher
W/AccessibilityNodeInfoDumper( 9110): Fetch time: 4ms
W/WindowManager(  676): Attempted to remove non-existing token: android.os.Binder@19028c4
D/AndroidRuntime( 9110): Shutting down VM
D/AndroidRuntime( 9141): >>>>>> START com.android.internal.os.RuntimeInit uid 0 <<<<<<
D/AndroidRuntime( 9141): CheckJNI is OFF
E/memtrack( 9141): Couldn't load memtrack module (No such file or directory)
E/android.os.Debug( 9141): failed to load memtrack module: -2
D/AndroidRuntime( 9141): Calling main entry com.android.commands.uiautomator.Launcher
W/AccessibilityNodeInfoDumper( 9141): Fetch time: 5ms
W/WindowManager(  676): Attempted to remove non-existing token: android.os.Binder@226543ad
D/AndroidRuntime( 9141): Shutting down VM
D/AndroidRuntime( 9164): >>>>>> START com.android.internal.os.RuntimeInit uid 0 <<<<<<
D/AndroidRuntime( 9164): CheckJNI is OFF
E/memtrack( 9164): Couldn't load memtrack module (No such file or directory)
E/android.os.Debug( 9164): failed to load memtrack module: -2
D/AndroidRuntime( 9164): Calling main entry com.android.commands.uiautomator.Launcher
W/AccessibilityNodeInfoDumper( 9164): Fetch time: 4ms
W/WindowManager(  676): Attempted to remove non-existing token: android.os.Binder@48ab6e2
D/AndroidRuntime( 9164): Shutting down VM
D/AndroidRuntime( 9182): >>>>>> START com.android.internal.os.RuntimeInit uid 0 <<<<<<
D/AndroidRuntime( 9182): CheckJNI is OFF
E/memtrack( 9182): Couldn't load memtrack module (No such file or directory)
E/android.os.Debug( 9182): failed to load memtrack module: -2
D/AndroidRuntime( 9182): Calling main entry com.android.commands.input.Input
I/Input   ( 9182): injectMotionEvent: MotionEvent { action=ACTION_DOWN, id[0]=0, x[0]=600.0, y[0]=1001.0, toolType[0]=TOOL_TYPE_UNKNOWN, buttonState=0, metaState=0, flags=0x0, edgeFlags=0x0, pointerCount=1, historySize=0, eventTime=583527, downTime=583527, deviceId=0, source=0x1002 }
I/Input   ( 9182): injectMotionEvent: MotionEvent { action=ACTION_UP, id[0]=0, x[0]=600.0, y[0]=1001.0, toolType[0]=TOOL_TYPE_UNKNOWN, buttonState=0, metaState=0, flags=0x0, edgeFlags=0x0, pointerCount=1, historySize=0, eventTime=583527, downTime=583527, deviceId=0, source=0x1002 }
D/AndroidRuntime( 9182): Shutting down VM
D/AndroidRuntime( 9519): >>>>>> START com.android.internal.os.RuntimeInit uid 0 <<<<<<
D/AndroidRuntime( 9519): CheckJNI is OFF
E/memtrack( 9519): Couldn't load memtrack module (No such file or directory)
E/android.os.Debug( 9519): failed to load memtrack module: -2
D/AndroidRuntime( 9519): Calling main entry com.android.commands.uiautomator.Launcher
W/AccessibilityNodeInfoDumper( 9519): Fetch time: 7ms
W/WindowManager(  676): Attempted to remove non-existing token: android.os.Binder@794ea73
D/AndroidRuntime( 9519): Shutting down VM
D/AndroidRuntime( 9547): >>>>>> START com.android.internal.os.RuntimeInit uid 0 <<<<<<
D/AndroidRuntime( 9547): CheckJNI is OFF
E/memtrack( 9547): Couldn't load memtrack module (No such file or directory)
E/android.os.Debug( 9547): failed to load memtrack module: -2
D/AndroidRuntime( 9547): Calling main entry com.android.commands.uiautomator.Launcher
W/AccessibilityNodeInfoDumper( 9547): Fetch time: 4ms
W/WindowManager(  676): Attempted to remove non-existing token: android.os.Binder@7bf6da9
D/AndroidRuntime( 9547): Shutting down VM
D/AndroidRuntime( 9570): >>>>>> START com.android.internal.os.RuntimeInit uid 0 <<<<<<
D/AndroidRuntime( 9570): CheckJNI is OFF
E/memtrack( 9570): Couldn't load memtrack module (No such file or directory)
E/android.os.Debug( 9570): failed to load memtrack module: -2
D/AndroidRuntime( 9570): Calling main entry com.android.commands.uiautomator.Launcher
W/AccessibilityNodeInfoDumper( 9570): Fetch time: 5ms
W/WindowManager(  676): Attempted to remove non-existing token: android.os.Binder@19a15f2e
D/AndroidRuntime( 9570): Shutting down VM
D/AndroidRuntime( 9598): >>>>>> START com.android.internal.os.RuntimeInit uid 0 <<<<<<
D/AndroidRuntime( 9598): CheckJNI is OFF
E/memtrack( 9598): Couldn't load memtrack module (No such file or directory)
E/android.os.Debug( 9598): failed to load memtrack module: -2
D/AndroidRuntime( 9598): Calling main entry com.android.commands.uiautomator.Launcher
