--------- beginning of /dev/log/main
D/AndroidRuntime( 1859): 
D/AndroidRuntime( 1859): >>>>>> AndroidRuntime START com.android.internal.os.RuntimeInit <<<<<<
D/AndroidRuntime( 1859): CheckJNI is OFF
D/dalvikvm( 1859): Trying to load lib libjavacore.so 0x0
D/dalvikvm( 1859): Added shared lib libjavacore.so 0x0
D/dalvikvm( 1859): Trying to load lib libnativehelper.so 0x0
D/dalvikvm( 1859): Added shared lib libnativehelper.so 0x0
D/dalvikvm( 1859): No JNI_OnLoad found in libnativehelper.so 0x0, skipping init
D/dalvikvm( 1859): Note: class Landroid/app/ActivityManagerNative; has 179 unimplemented (abstract) methods
E/memtrack( 1859): Couldn't load memtrack module (No such file or directory)
E/android.os.Debug( 1859): failed to load memtrack module: -2
D/AndroidRuntime( 1859): Calling main entry com.android.commands.pm.Pm
--------- beginning of /dev/log/system
W/PackageManager(  576): Package named 'com.zola.bmi' doesn't exist.
D/dalvikvm(  576): GC_EXPLICIT freed 256K, 16% free 8634K/10252K, paused 0ms+1ms, total 10ms
D/AndroidRuntime( 1859): Shutting down VM
D/dalvikvm( 1859): GC_CONCURRENT freed 92K, 15% free 549K/644K, paused 0ms+0ms, total 1ms
D/AndroidRuntime( 1873): 
D/AndroidRuntime( 1873): >>>>>> AndroidRuntime START com.android.internal.os.RuntimeInit <<<<<<
D/AndroidRuntime( 1873): CheckJNI is OFF
D/dalvikvm( 1873): Trying to load lib libjavacore.so 0x0
D/dalvikvm( 1873): Added shared lib libjavacore.so 0x0
D/dalvikvm( 1873): Trying to load lib libnativehelper.so 0x0
D/dalvikvm( 1873): Added shared lib libnativehelper.so 0x0
D/dalvikvm( 1873): No JNI_OnLoad found in libnativehelper.so 0x0, skipping init
D/dalvikvm( 1873): Note: class Landroid/app/ActivityManagerNative; has 179 unimplemented (abstract) methods
E/memtrack( 1873): Couldn't load memtrack module (No such file or directory)
E/android.os.Debug( 1873): failed to load memtrack module: -2
D/AndroidRuntime( 1873): Calling main entry com.android.commands.pm.Pm
W/ActivityManager(  576): No content provider found for permission revoke: file:///data/local/tmp/BMI-release-unsigned_COMPLEX.apk
W/ActivityManager(  576): No content provider found for permission revoke: file:///data/local/tmp/BMI-release-unsigned_COMPLEX.apk
I/PackageManager(  576): Copying native libraries to /data/app-lib/vmdl1334008287
D/dalvikvm(  576): GC_CONCURRENT freed 819K, 10% free 9275K/10252K, paused 1ms+0ms, total 12ms
D/dalvikvm(  576): GC_FOR_ALLOC freed 1556K, 17% free 9205K/10972K, paused 6ms, total 6ms
D/dalvikvm(  576): GC_CONCURRENT freed 1555K, 16% free 9222K/10972K, paused 1ms+1ms, total 7ms
D/dalvikvm(  576): WAIT_FOR_CONCURRENT_GC blocked 5ms
I/PackageManager(  576): Running dexopt on: com.zola.bmi
W/dalvikvm( 1884): method Landroid/support/v7/widget/ListViewCompat;.lookForSelectablePosition incorrectly overrides package-private method with same name in Landroid/widget/ListView;
D/dalvikvm( 1884): DexOpt: couldn't find field Landroid/app/Notification;.headsUpContentView
D/dalvikvm( 1884): DexOpt: load 29ms, verify+opt 119ms, 2135780 bytes
I/ActivityManager(  576): Force stopping com.zola.bmi appid=10061 user=-1: update pkg
D/dalvikvm(  576): GC_CONCURRENT freed 1508K, 16% free 9264K/10972K, paused 5ms+1ms, total 15ms
D/Documents( 1765): Used cached roots for com.android.providers.downloads.documents
I/InputReader(  576): Reconfiguring input devices.  changes=0x00000010
D/Documents( 1765): Used cached roots for com.android.externalstorage.documents
D/Documents( 1765): Used cached roots for com.android.providers.media.documents
D/Documents( 1765): Update found 6 roots in 16ms
I/PackageManager(  576):   Action: "android.intent.action.SENDTO"
I/PackageManager(  576):   Category: "android.intent.category.DEFAULT"
I/PackageManager(  576):   Scheme: "sms"
I/PackageManager(  576): Adding preferred activity ComponentInfo{com.android.mms/com.android.mms.ui.ComposeMessageActivity} for user 0 :
I/PackageManager(  576):   Action: "android.intent.action.SENDTO"
I/PackageManager(  576):   Category: "android.intent.category.DEFAULT"
I/PackageManager(  576):   Scheme: "smsto"
I/PackageManager(  576): Adding preferred activity ComponentInfo{com.android.mms/com.android.mms.ui.ComposeMessageActivity} for user 0 :
D/BackupManagerService(  576): Received broadcast Intent { act=android.intent.action.PACKAGE_ADDED dat=package:com.zola.bmi flg=0x4000010 (has extras) }
I/PackageManager(  576):   Action: "android.intent.action.SENDTO"
I/PackageManager(  576):   Category: "android.intent.category.DEFAULT"
I/PackageManager(  576):   Scheme: "mms"
V/BackupManagerService(  576): addPackageParticipantsLocked: #1
I/PackageManager(  576): Adding preferred activity ComponentInfo{com.android.mms/com.android.mms.ui.ComposeMessageActivity} for user 0 :
D/dalvikvm(  576): GC_EXPLICIT freed 1028K, 21% free 8771K/10972K, paused 1ms+7ms, total 61ms
D/AndroidRuntime( 1873): Shutting down VM
D/dalvikvm( 1873): GC_CONCURRENT freed 93K, 15% free 551K/648K, paused 0ms+0ms, total 0ms
I/PackageManager(  576): Adding preferred activity ComponentInfo{com.android.mms/com.android.mms.ui.ComposeMessageActivity} for user 0 :
I/PackageManager(  576):   Action: "android.intent.action.SENDTO"
I/PackageManager(  576):   Category: "android.intent.category.DEFAULT"
I/PackageManager(  576):   Scheme: "mmsto"
I/PackageManager(  576):   Action: "android.intent.action.SENDTO"
I/PackageManager(  576):   Category: "android.intent.category.DEFAULT"
I/PackageManager(  576):   Scheme: "sms"
I/PackageManager(  576): Adding preferred activity ComponentInfo{com.android.mms/com.android.mms.ui.ComposeMessageActivity} for user 0 :
I/PackageManager(  576):   Action: "android.intent.action.SENDTO"
I/PackageManager(  576):   Category: "android.intent.category.DEFAULT"
I/PackageManager(  576):   Scheme: "smsto"
D/dalvikvm(  773): GC_CONCURRENT freed 439K, 14% free 3344K/3864K, paused 0ms+1ms, total 10ms
W/RecognitionManagerService(  576): no available voice recognition services found for user 0
I/PackageManager(  576): Adding preferred activity ComponentInfo{com.android.mms/com.android.mms.ui.ComposeMessageActivity} for user 0 :
I/PackageManager(  576):   Action: "android.intent.action.SENDTO"
I/PackageManager(  576):   Category: "android.intent.category.DEFAULT"
I/PackageManager(  576):   Scheme: "mms"
I/PackageManager(  576): Adding preferred activity ComponentInfo{com.android.mms/com.android.mms.ui.ComposeMessageActivity} for user 0 :
I/PackageManager(  576):   Action: "android.intent.action.SENDTO"
I/PackageManager(  576):   Category: "android.intent.category.DEFAULT"
I/PackageManager(  576):   Scheme: "mmsto"
I/PackageManager(  576): Adding preferred activity ComponentInfo{com.android.mms/com.android.mms.ui.ComposeMessageActivity} for user 0 :
D/AndroidRuntime( 1894): 
D/AndroidRuntime( 1894): >>>>>> AndroidRuntime START com.android.internal.os.RuntimeInit <<<<<<
D/AndroidRuntime( 1894): CheckJNI is OFF
D/dalvikvm( 1894): Trying to load lib libjavacore.so 0x0
D/dalvikvm( 1894): Added shared lib libjavacore.so 0x0
D/dalvikvm( 1894): Trying to load lib libnativehelper.so 0x0
D/dalvikvm( 1894): Added shared lib libnativehelper.so 0x0
D/dalvikvm( 1894): No JNI_OnLoad found in libnativehelper.so 0x0, skipping init
D/dalvikvm( 1894): Note: class Landroid/app/ActivityManagerNative; has 179 unimplemented (abstract) methods
E/memtrack( 1894): Couldn't load memtrack module (No such file or directory)
E/android.os.Debug( 1894): failed to load memtrack module: -2
D/AndroidRuntime( 1894): Calling main entry com.android.commands.monkey.Monkey
W/BroadcastQueue(  576): Skipping deliver [background] BroadcastRecord{528a9e68 u-1 android.net.conn.CONNECTIVITY_CHANGE} to ReceiverList{529fa244 1894 (unknown name)/0/u-1 remote:529fa0c0}: process crashing
I/ActivityManager(  576): START u0 {act=android.intent.action.MAIN cat=[android.intent.category.LAUNCHER] flg=0x10200000 cmp=com.zola.bmi/.BMIMain} from pid 1894
I/ActivityManager(  576): Start proc com.zola.bmi for activity com.zola.bmi/.BMIMain: pid=1905 uid=10061 gids={50061}
I/AndroidRuntime( 1894): VM exiting with result code 0.
I/dalvikvm( 1905): Could not find method android.view.Window$Callback.onPointerCaptureChanged, referenced from method android.support.v7.view.WindowCallbackWrapper.onPointerCaptureChanged
W/dalvikvm( 1905): VFY: unable to resolve interface method 15183: Landroid/view/Window$Callback;.onPointerCaptureChanged (Z)V
D/dalvikvm( 1905): VFY: replacing opcode 0x72 at 0x0002
I/dalvikvm( 1905): Could not find method android.view.Window$Callback.onProvideKeyboardShortcuts, referenced from method android.support.v7.view.WindowCallbackWrapper.onProvideKeyboardShortcuts
W/dalvikvm( 1905): VFY: unable to resolve interface method 15185: Landroid/view/Window$Callback;.onProvideKeyboardShortcuts (Ljava/util/List;Landroid/view/Menu;I)V
D/dalvikvm( 1905): VFY: replacing opcode 0x72 at 0x0002
W/dalvikvm( 1905): VFY: unable to find class referenced in signature (Landroid/view/SearchEvent;)
I/dalvikvm( 1905): Could not find method android.view.Window$Callback.onSearchRequested, referenced from method android.support.v7.view.WindowCallbackWrapper.onSearchRequested
W/dalvikvm( 1905): VFY: unable to resolve interface method 15187: Landroid/view/Window$Callback;.onSearchRequested (Landroid/view/SearchEvent;)Z
D/dalvikvm( 1905): VFY: replacing opcode 0x72 at 0x0002
I/dalvikvm( 1905): Could not find method android.view.Window$Callback.onWindowStartingActionMode, referenced from method android.support.v7.view.WindowCallbackWrapper.onWindowStartingActionMode
W/dalvikvm( 1905): VFY: unable to resolve interface method 15191: Landroid/view/Window$Callback;.onWindowStartingActionMode (Landroid/view/ActionMode$Callback;I)Landroid/view/ActionMode;
D/dalvikvm( 1905): VFY: replacing opcode 0x72 at 0x0002
I/dalvikvm( 1905): Could not find method android.content.res.TypedArray.getChangingConfigurations, referenced from method android.support.v7.widget.TintTypedArray.getChangingConfigurations
W/dalvikvm( 1905): VFY: unable to resolve virtual method 557: Landroid/content/res/TypedArray;.getChangingConfigurations ()I
D/dalvikvm( 1905): VFY: replacing opcode 0x6e at 0x0002
I/dalvikvm( 1905): Could not find method android.content.res.TypedArray.getType, referenced from method android.support.v7.widget.TintTypedArray.getType
W/dalvikvm( 1905): VFY: unable to resolve virtual method 579: Landroid/content/res/TypedArray;.getType (I)I
D/dalvikvm( 1905): VFY: replacing opcode 0x6e at 0x0008
I/dalvikvm( 1905): Could not find method android.content.Context.createDeviceProtectedStorageContext, referenced from method android.support.v4.content.ContextCompat.createDeviceProtectedStorageContext
W/dalvikvm( 1905): VFY: unable to resolve virtual method 338: Landroid/content/Context;.createDeviceProtectedStorageContext ()Landroid/content/Context;
D/dalvikvm( 1905): VFY: replacing opcode 0x6e at 0x0006
I/dalvikvm( 1905): Could not find method android.content.Context.getCodeCacheDir, referenced from method android.support.v4.content.ContextCompat.getCodeCacheDir
W/dalvikvm( 1905): VFY: unable to resolve virtual method 344: Landroid/content/Context;.getCodeCacheDir ()Ljava/io/File;
D/dalvikvm( 1905): VFY: replacing opcode 0x6e at 0x0006
I/dalvikvm( 1905): Could not find method android.content.Context.getColor, referenced from method android.support.v4.content.ContextCompat.getColor
W/dalvikvm( 1905): VFY: unable to resolve virtual method 345: Landroid/content/Context;.getColor (I)I
D/dalvikvm( 1905): VFY: replacing opcode 0x6e at 0x0006
I/dalvikvm( 1905): Could not find method android.content.Context.getColorStateList, referenced from method android.support.v4.content.ContextCompat.getColorStateList
W/dalvikvm( 1905): VFY: unable to resolve virtual method 346: Landroid/content/Context;.getColorStateList (I)Landroid/content/res/ColorStateList;
D/dalvikvm( 1905): VFY: replacing opcode 0x6e at 0x0006
I/dalvikvm( 1905): Could not find method android.content.Context.getDataDir, referenced from method android.support.v4.content.ContextCompat.getDataDir
W/dalvikvm( 1905): VFY: unable to resolve virtual method 348: Landroid/content/Context;.getDataDir ()Ljava/io/File;
D/dalvikvm( 1905): VFY: replacing opcode 0x6e at 0x0006
I/dalvikvm( 1905): Could not find method android.content.Context.getDrawable, referenced from method android.support.v4.content.ContextCompat.getDrawable
W/dalvikvm( 1905): VFY: unable to resolve virtual method 349: Landroid/content/Context;.getDrawable (I)Landroid/graphics/drawable/Drawable;
D/dalvikvm( 1905): VFY: replacing opcode 0x6e at 0x0006
I/dalvikvm( 1905): Could not find method android.content.Context.getNoBackupFilesDir, referenced from method android.support.v4.content.ContextCompat.getNoBackupFilesDir
W/dalvikvm( 1905): VFY: unable to resolve virtual method 356: Landroid/content/Context;.getNoBackupFilesDir ()Ljava/io/File;
D/dalvikvm( 1905): VFY: replacing opcode 0x6e at 0x0006
I/dalvikvm( 1905): Could not find method android.content.Context.isDeviceProtectedStorage, referenced from method android.support.v4.content.ContextCompat.isDeviceProtectedStorage
W/dalvikvm( 1905): VFY: unable to resolve virtual method 369: Landroid/content/Context;.isDeviceProtectedStorage ()Z
D/dalvikvm( 1905): VFY: replacing opcode 0x6e at 0x0006
I/dalvikvm( 1905): Could not find method android.content.Context.startForegroundService, referenced from method android.support.v4.content.ContextCompat.startForegroundService
W/dalvikvm( 1905): VFY: unable to resolve virtual method 384: Landroid/content/Context;.startForegroundService (Landroid/content/Intent;)Landroid/content/ComponentName;
D/dalvikvm( 1905): VFY: replacing opcode 0x6e at 0x0006
D/leak-0  ( 1905): Eastern Standard Time
D/MobileDataStateTracker(  576): default: setPolicyDataEnable(enabled=true)
I/dalvikvm( 1905): Could not find method android.widget.FrameLayout.startActionModeForChild, referenced from method android.support.v7.widget.ActionBarContainer.startActionModeForChild
W/dalvikvm( 1905): VFY: unable to resolve virtual method 15653: Landroid/widget/FrameLayout;.startActionModeForChild (Landroid/view/View;Landroid/view/ActionMode$Callback;I)Landroid/view/ActionMode;
D/dalvikvm( 1905): VFY: replacing opcode 0x6f at 0x0002
I/dalvikvm( 1905): Could not find method android.content.Context.getColorStateList, referenced from method android.support.v7.content.res.AppCompatResources.getColorStateList
W/dalvikvm( 1905): VFY: unable to resolve virtual method 346: Landroid/content/Context;.getColorStateList (I)Landroid/content/res/ColorStateList;
D/dalvikvm( 1905): VFY: replacing opcode 0x6e at 0x0006
W/dalvikvm( 1905): VFY: unable to find class referenced in signature (Landroid/graphics/drawable/Icon;)
I/dalvikvm( 1905): Could not find method android.widget.ImageButton.setImageIcon, referenced from method android.support.v7.widget.AppCompatImageButton.setImageIcon
W/dalvikvm( 1905): VFY: unable to resolve virtual method 15676: Landroid/widget/ImageButton;.setImageIcon (Landroid/graphics/drawable/Icon;)V
D/dalvikvm( 1905): VFY: replacing opcode 0x6f at 0x0000
I/dalvikvm( 1905): Could not find method android.content.res.Resources.getDrawable, referenced from method android.support.v7.widget.ResourcesWrapper.getDrawable
W/dalvikvm( 1905): VFY: unable to resolve virtual method 520: Landroid/content/res/Resources;.getDrawable (ILandroid/content/res/Resources$Theme;)Landroid/graphics/drawable/Drawable;
D/dalvikvm( 1905): VFY: replacing opcode 0x6e at 0x0002
I/dalvikvm( 1905): Could not find method android.content.res.Resources.getDrawableForDensity, referenced from method android.support.v7.widget.ResourcesWrapper.getDrawableForDensity
W/dalvikvm( 1905): VFY: unable to resolve virtual method 522: Landroid/content/res/Resources;.getDrawableForDensity (IILandroid/content/res/Resources$Theme;)Landroid/graphics/drawable/Drawable;
D/dalvikvm( 1905): VFY: replacing opcode 0x6e at 0x0002
E/dalvikvm( 1905): Could not find class 'android.graphics.drawable.RippleDrawable', referenced from method android.support.v7.widget.AppCompatImageHelper.hasOverlappingRendering
W/dalvikvm( 1905): VFY: unable to resolve instanceof 162 (Landroid/graphics/drawable/RippleDrawable;) in Landroid/support/v7/widget/AppCompatImageHelper;
D/dalvikvm( 1905): VFY: replacing opcode 0x20 at 0x000c
I/dalvikvm( 1905): Could not find method android.widget.TextView.getAutoSizeMaxTextSize, referenced from method android.support.v7.widget.AppCompatTextView.getAutoSizeMaxTextSize
W/dalvikvm( 1905): VFY: unable to resolve virtual method 15973: Landroid/widget/TextView;.getAutoSizeMaxTextSize ()I
D/dalvikvm( 1905): VFY: replacing opcode 0x6f at 0x0006
I/dalvikvm( 1905): Could not find method android.widget.TextView.getAutoSizeMinTextSize, referenced from method android.support.v7.widget.AppCompatTextView.getAutoSizeMinTextSize
W/dalvikvm( 1905): VFY: unable to resolve virtual method 15974: Landroid/widget/TextView;.getAutoSizeMinTextSize ()I
D/dalvikvm( 1905): VFY: replacing opcode 0x6f at 0x0006
I/dalvikvm( 1905): Could not find method android.widget.TextView.getAutoSizeStepGranularity, referenced from method android.support.v7.widget.AppCompatTextView.getAutoSizeStepGranularity
W/dalvikvm( 1905): VFY: unable to resolve virtual method 15975: Landroid/widget/TextView;.getAutoSizeStepGranularity ()I
D/dalvikvm( 1905): VFY: replacing opcode 0x6f at 0x0006
I/dalvikvm( 1905): Could not find method android.widget.TextView.getAutoSizeTextAvailableSizes, referenced from method android.support.v7.widget.AppCompatTextView.getAutoSizeTextAvailableSizes
W/dalvikvm( 1905): VFY: unable to resolve virtual method 15976: Landroid/widget/TextView;.getAutoSizeTextAvailableSizes ()[I
D/dalvikvm( 1905): VFY: replacing opcode 0x6f at 0x0006
I/dalvikvm( 1905): Could not find method android.widget.TextView.getAutoSizeTextType, referenced from method android.support.v7.widget.AppCompatTextView.getAutoSizeTextType
W/dalvikvm( 1905): VFY: unable to resolve virtual method 15977: Landroid/widget/TextView;.getAutoSizeTextType ()I
D/dalvikvm( 1905): VFY: replacing opcode 0x6f at 0x0008
I/dalvikvm( 1905): Could not find method android.widget.TextView.setAutoSizeTextTypeUniformWithConfiguration, referenced from method android.support.v7.widget.AppCompatTextView.setAutoSizeTextTypeUniformWithConfiguration
W/dalvikvm( 1905): VFY: unable to resolve virtual method 16020: Landroid/widget/TextView;.setAutoSizeTextTypeUniformWithConfiguration (IIII)V
D/dalvikvm( 1905): VFY: replacing opcode 0x6f at 0x0006
I/dalvikvm( 1905): Could not find method android.widget.TextView.setAutoSizeTextTypeUniformWithPresetSizes, referenced from method android.support.v7.widget.AppCompatTextView.setAutoSizeTextTypeUniformWithPresetSizes
W/dalvikvm( 1905): VFY: unable to resolve virtual method 16021: Landroid/widget/TextView;.setAutoSizeTextTypeUniformWithPresetSizes ([II)V
D/dalvikvm( 1905): VFY: replacing opcode 0x6f at 0x0006
I/dalvikvm( 1905): Could not find method android.widget.TextView.setAutoSizeTextTypeWithDefaults, referenced from method android.support.v7.widget.AppCompatTextView.setAutoSizeTextTypeWithDefaults
W/dalvikvm( 1905): VFY: unable to resolve virtual method 16022: Landroid/widget/TextView;.setAutoSizeTextTypeWithDefaults (I)V
D/dalvikvm( 1905): VFY: replacing opcode 0x6f at 0x0006
I/dalvikvm( 1905): Could not find method android.widget.TextView.getAutoSizeStepGranularity, referenced from method android.support.v7.widget.AppCompatTextHelper.loadFromAttributes
W/dalvikvm( 1905): VFY: unable to resolve virtual method 15975: Landroid/widget/TextView;.getAutoSizeStepGranularity ()I
D/dalvikvm( 1905): VFY: replacing opcode 0x6e at 0x0197
I/dalvikvm( 1905): Could not find method android.text.StaticLayout$Builder.obtain, referenced from method android.support.v7.widget.AppCompatTextViewAutoSizeHelper.createStaticLayoutForMeasuring
W/dalvikvm( 1905): VFY: unable to resolve static method 14466: Landroid/text/StaticLayout$Builder;.obtain (Ljava/lang/CharSequence;IILandroid/text/TextPaint;I)Landroid/text/StaticLayout$Builder;
D/dalvikvm( 1905): VFY: replacing opcode 0x71 at 0x0013
D/leak-1  ( 1905): Eastern Standard Time
D/leak-19 ( 1905): Eastern Standard Time
D/leak-20 ( 1905): Eastern Standard Time
I/dalvikvm( 1905): Could not find method android.widget.Button.getAutoSizeMaxTextSize, referenced from method android.support.v7.widget.AppCompatButton.getAutoSizeMaxTextSize
W/dalvikvm( 1905): VFY: unable to resolve virtual method 15531: Landroid/widget/Button;.getAutoSizeMaxTextSize ()I
D/dalvikvm( 1905): VFY: replacing opcode 0x6f at 0x0006
I/dalvikvm( 1905): Could not find method android.widget.Button.getAutoSizeMinTextSize, referenced from method android.support.v7.widget.AppCompatButton.getAutoSizeMinTextSize
W/dalvikvm( 1905): VFY: unable to resolve virtual method 15532: Landroid/widget/Button;.getAutoSizeMinTextSize ()I
D/dalvikvm( 1905): VFY: replacing opcode 0x6f at 0x0006
I/dalvikvm( 1905): Could not find method android.widget.Button.getAutoSizeStepGranularity, referenced from method android.support.v7.widget.AppCompatButton.getAutoSizeStepGranularity
W/dalvikvm( 1905): VFY: unable to resolve virtual method 15533: Landroid/widget/Button;.getAutoSizeStepGranularity ()I
D/dalvikvm( 1905): VFY: replacing opcode 0x6f at 0x0006
I/dalvikvm( 1905): Could not find method android.widget.Button.getAutoSizeTextAvailableSizes, referenced from method android.support.v7.widget.AppCompatButton.getAutoSizeTextAvailableSizes
W/dalvikvm( 1905): VFY: unable to resolve virtual method 15534: Landroid/widget/Button;.getAutoSizeTextAvailableSizes ()[I
D/dalvikvm( 1905): VFY: replacing opcode 0x6f at 0x0006
I/dalvikvm( 1905): Could not find method android.widget.Button.getAutoSizeTextType, referenced from method android.support.v7.widget.AppCompatButton.getAutoSizeTextType
W/dalvikvm( 1905): VFY: unable to resolve virtual method 15535: Landroid/widget/Button;.getAutoSizeTextType ()I
D/dalvikvm( 1905): VFY: replacing opcode 0x6f at 0x0008
I/dalvikvm( 1905): Could not find method android.widget.Button.setAutoSizeTextTypeUniformWithConfiguration, referenced from method android.support.v7.widget.AppCompatButton.setAutoSizeTextTypeUniformWithConfiguration
W/dalvikvm( 1905): VFY: unable to resolve virtual method 15541: Landroid/widget/Button;.setAutoSizeTextTypeUniformWithConfiguration (IIII)V
D/dalvikvm( 1905): VFY: replacing opcode 0x6f at 0x0006
I/dalvikvm( 1905): Could not find method android.widget.Button.setAutoSizeTextTypeUniformWithPresetSizes, referenced from method android.support.v7.widget.AppCompatButton.setAutoSizeTextTypeUniformWithPresetSizes
W/dalvikvm( 1905): VFY: unable to resolve virtual method 15542: Landroid/widget/Button;.setAutoSizeTextTypeUniformWithPresetSizes ([II)V
D/dalvikvm( 1905): VFY: replacing opcode 0x6f at 0x0006
I/dalvikvm( 1905): Could not find method android.widget.Button.setAutoSizeTextTypeWithDefaults, referenced from method android.support.v7.widget.AppCompatButton.setAutoSizeTextTypeWithDefaults
W/dalvikvm( 1905): VFY: unable to resolve virtual method 15543: Landroid/widget/Button;.setAutoSizeTextTypeWithDefaults (I)V
D/dalvikvm( 1905): VFY: replacing opcode 0x6f at 0x0006
I/dalvikvm( 1905): Could not find method android.widget.Spinner.getPopupContext, referenced from method android.support.v7.widget.AppCompatSpinner.getPopupContext
W/dalvikvm( 1905): VFY: unable to resolve virtual method 15927: Landroid/widget/Spinner;.getPopupContext ()Landroid/content/Context;
D/dalvikvm( 1905): VFY: replacing opcode 0x6f at 0x000d
D/dalvikvm( 1905): GC_CONCURRENT freed 204K, 8% free 2906K/3156K, paused 14ms+10ms, total 90ms
I/ListPopupWindow( 1905): Could not find method setEpicenterBounds(Rect) on PopupWindow. Oh well.
E/dalvikvm( 1905): Could not find class 'android.widget.ThemedSpinnerAdapter', referenced from method android.support.v7.widget.AppCompatSpinner$DropDownAdapter.<init>
W/dalvikvm( 1905): VFY: unable to resolve instanceof 2016 (Landroid/widget/ThemedSpinnerAdapter;) in Landroid/support/v7/widget/AppCompatSpinner$DropDownAdapter;
D/dalvikvm( 1905): VFY: replacing opcode 0x20 at 0x0016
D/MobileDataStateTracker(  576): default: setPolicyDataEnable(enabled=true)
D/libEGL  ( 1905): loaded /system/lib/egl/libEGL_emulation.so
D/libEGL  ( 1905): loaded /system/lib/egl/libGLESv1_CM_emulation.so
D/libEGL  ( 1905): loaded /system/lib/egl/libGLESv2_emulation.so
D/        ( 1905): HostConnection::get() New Host Connection established 0xb7f7b410, tid 1905
W/        ( 1905): Unrecognized GLES max version string in extensions: 
W/        ( 1905): Process pipe failed
D/MobileDataStateTracker(  576): default: setPolicyDataEnable(enabled=true)
D/EGL_emulation( 1905): eglCreateContext: 0xb7f7b488: maj 2 min 0 rcv 2
E/EGL_emulation( 1905): tid 1905: eglSurfaceAttrib(1210): error 0x3009 (EGL_BAD_MATCH)
W/HardwareRenderer( 1905): Backbuffer cannot be preserved
E/OpenGLRenderer( 1905): Getting MAX_TEXTURE_SIZE from GradienCache
E/OpenGLRenderer( 1905): MAX_TEXTURE_SIZE: 16384
D/MobileDataStateTracker(  576): default: setPolicyDataEnable(enabled=true)
E/OpenGLRenderer( 1905): Getting MAX_TEXTURE_SIZE from Caches::initConstraints()
E/OpenGLRenderer( 1905): MAX_TEXTURE_SIZE: 16384
D/OpenGLRenderer( 1905): Enabling debug mode 0
W/dalvikvm( 1905): VFY: unable to find class referenced in signature (Landroid/graphics/drawable/Icon;)
I/dalvikvm( 1905): Could not find method android.widget.ImageView.setImageIcon, referenced from method android.support.v7.widget.AppCompatImageView.setImageIcon
W/dalvikvm( 1905): VFY: unable to resolve virtual method 15711: Landroid/widget/ImageView;.setImageIcon (Landroid/graphics/drawable/Icon;)V
D/dalvikvm( 1905): VFY: replacing opcode 0x6f at 0x0000
D/dalvikvm(  757): GC_CONCURRENT freed 285K, 10% free 3023K/3348K, paused 0ms+2ms, total 3ms
I/ResourceUtils(  757): Found default value: resource=phantom_sudden_move_event_device_list build=[HARDWARE=goldfish MODEL=Google Nexus 7 - 4.4 BRAND=generic MANUFACTURER=Genymotion] default=false
I/ResourceUtils(  757): Found default value: resource=keyboard_heights build=[HARDWARE=goldfish MODEL=Google Nexus 7 - 4.4 BRAND=generic MANUFACTURER=Genymotion] default=
W/SubtypeSwitcher(  757): Can't find Emoji subtype
W/SubtypeSwitcher(  757): No input method subtype found; return dummy subtype: android.view.inputmethod.InputMethodSubtype@d78b2ed0
D/dalvikvm(  757): GC_CONCURRENT freed 104K, 5% free 3331K/3480K, paused 1ms+1ms, total 5ms
D/dalvikvm(  757): GC_CONCURRENT freed 115K, 5% free 3668K/3828K, paused 2ms+2ms, total 6ms
D/dalvikvm(  757): GC_FOR_ALLOC freed 429K, 13% free 3445K/3920K, paused 8ms, total 13ms
I/dalvikvm-heap(  757): Grow heap (frag case) to 3.720MB for 331788-byte allocation
D/dalvikvm(  757): GC_FOR_ALLOC freed 47K, 13% free 3722K/4248K, paused 16ms, total 16ms
D/dalvikvm(  757): GC_FOR_ALLOC freed 452K, 18% free 3489K/4248K, paused 2ms, total 2ms
I/dalvikvm-heap(  757): Grow heap (frag case) to 3.793MB for 364556-byte allocation
D/dalvikvm(  757): GC_FOR_ALLOC freed 48K, 18% free 3796K/4608K, paused 5ms, total 5ms
D/dalvikvm(  757): GC_CONCURRENT freed 473K, 19% free 3761K/4608K, paused 2ms+2ms, total 9ms
D/dalvikvm(  757): GC_FOR_ALLOC freed 432K, 23% free 3559K/4608K, paused 6ms, total 6ms
D/dalvikvm(  757): GC_CONCURRENT freed 80K, 14% free 3974K/4608K, paused 1ms+2ms, total 7ms
D/dalvikvm(  757): GC_FOR_ALLOC freed 541K, 21% free 3661K/4608K, paused 3ms, total 3ms
I/dalvikvm-heap(  757): Grow heap (frag case) to 4.091MB for 500412-byte allocation
D/dalvikvm(  757): GC_CONCURRENT freed 3K, 19% free 4146K/5100K, paused 1ms+0ms, total 4ms
D/dalvikvm(  757): WAIT_FOR_CONCURRENT_GC blocked 2ms
I/ActivityManager(  576): Displayed com.zola.bmi/.BMIMain: +3s365ms
W/ViewPager(  757): Requested offscreen page limit 0 too small; defaulting to 1
E/RichInputConnection(  757): Unable to connect to the editor to retrieve text... will retry later
I/InputAttributes(  757): InputType.TYPE_NULL is specified
I/LatinIME:LogUtils(  757): Dictionary info: dictionary = contacts.en_US.dict ; version = ? ; date = ?
D/dalvikvm(  757): GC_CONCURRENT freed 162K, 15% free 4378K/5100K, paused 0ms+0ms, total 5ms
D/dalvikvm(  757): GC_CONCURRENT freed 414K, 13% free 4446K/5100K, paused 0ms+2ms, total 5ms
D/libEGL  (  757): loaded /system/lib/egl/libEGL_emulation.so
D/libEGL  (  757): loaded /system/lib/egl/libGLESv1_CM_emulation.so
D/libEGL  (  757): loaded /system/lib/egl/libGLESv2_emulation.so
D/        (  757): HostConnection::get() New Host Connection established 0xb80079f0, tid 757
W/        (  757): Unrecognized GLES max version string in extensions: 
W/        (  757): Process pipe failed
D/EGL_emulation(  757): eglCreateContext: 0xb8041608: maj 2 min 0 rcv 2
E/EGL_emulation(  757): tid 757: eglSurfaceAttrib(1210): error 0x3009 (EGL_BAD_MATCH)
W/HardwareRenderer(  757): Backbuffer cannot be preserved
E/OpenGLRenderer(  757): Getting MAX_TEXTURE_SIZE from GradienCache
E/OpenGLRenderer(  757): MAX_TEXTURE_SIZE: 16384
E/OpenGLRenderer(  757): Getting MAX_TEXTURE_SIZE from Caches::initConstraints()
E/OpenGLRenderer(  757): MAX_TEXTURE_SIZE: 16384
D/OpenGLRenderer(  757): Enabling debug mode 0
E/EGL_emulation(  757): tid 757: eglSurfaceAttrib(1210): error 0x3009 (EGL_BAD_MATCH)
W/HardwareRenderer(  757): Backbuffer cannot be preserved
D/AndroidRuntime( 1930): 
D/AndroidRuntime( 1930): >>>>>> AndroidRuntime START com.android.internal.os.RuntimeInit <<<<<<
D/AndroidRuntime( 1930): CheckJNI is OFF
D/dalvikvm( 1930): Trying to load lib libjavacore.so 0x0
D/dalvikvm( 1930): Added shared lib libjavacore.so 0x0
D/dalvikvm( 1930): Trying to load lib libnativehelper.so 0x0
D/dalvikvm( 1930): Added shared lib libnativehelper.so 0x0
D/dalvikvm( 1930): No JNI_OnLoad found in libnativehelper.so 0x0, skipping init
D/dalvikvm( 1930): Note: class Landroid/app/ActivityManagerNative; has 179 unimplemented (abstract) methods
E/memtrack( 1930): Couldn't load memtrack module (No such file or directory)
E/android.os.Debug( 1930): failed to load memtrack module: -2
D/AndroidRuntime( 1930): Calling main entry com.android.commands.content.Content
D/AndroidRuntime( 1930): Shutting down VM
D/dalvikvm( 1930): GC_CONCURRENT freed 97K, 16% free 560K/660K, paused 1ms+0ms, total 2ms
D/AndroidRuntime( 1941): 
D/AndroidRuntime( 1941): >>>>>> AndroidRuntime START com.android.internal.os.RuntimeInit <<<<<<
D/AndroidRuntime( 1941): CheckJNI is OFF
D/dalvikvm( 1941): Trying to load lib libjavacore.so 0x0
D/dalvikvm( 1941): Added shared lib libjavacore.so 0x0
D/dalvikvm( 1941): Trying to load lib libnativehelper.so 0x0
D/dalvikvm( 1941): Added shared lib libnativehelper.so 0x0
D/dalvikvm( 1941): No JNI_OnLoad found in libnativehelper.so 0x0, skipping init
D/dalvikvm( 1941): Note: class Landroid/app/ActivityManagerNative; has 179 unimplemented (abstract) methods
E/memtrack( 1941): Couldn't load memtrack module (No such file or directory)
E/android.os.Debug( 1941): failed to load memtrack module: -2
D/AndroidRuntime( 1941): Calling main entry com.android.commands.content.Content
D/AndroidRuntime( 1941): Shutting down VM
D/dalvikvm( 1941): GC_CONCURRENT freed 97K, 15% free 561K/660K, paused 0ms+0ms, total 1ms
D/AndroidRuntime( 1954): 
D/AndroidRuntime( 1954): >>>>>> AndroidRuntime START com.android.internal.os.RuntimeInit <<<<<<
D/AndroidRuntime( 1954): CheckJNI is OFF
D/dalvikvm( 1954): Trying to load lib libjavacore.so 0x0
D/dalvikvm( 1954): Added shared lib libjavacore.so 0x0
D/dalvikvm( 1954): Trying to load lib libnativehelper.so 0x0
D/dalvikvm( 1954): Added shared lib libnativehelper.so 0x0
D/dalvikvm( 1954): No JNI_OnLoad found in libnativehelper.so 0x0, skipping init
D/dalvikvm( 1954): Note: class Landroid/app/ActivityManagerNative; has 179 unimplemented (abstract) methods
E/memtrack( 1954): Couldn't load memtrack module (No such file or directory)
E/android.os.Debug( 1954): failed to load memtrack module: -2
D/AndroidRuntime( 1954): Calling main entry com.android.commands.input.Input
I/Input   ( 1954): injectKeyEvent: KeyEvent { action=ACTION_DOWN, keyCode=KEYCODE_ESCAPE, scanCode=0, metaState=0, flags=0x0, repeatCount=0, eventTime=709206, downTime=709206, deviceId=-1, source=0x101 }
I/Input   ( 1954): injectKeyEvent: KeyEvent { action=ACTION_UP, keyCode=KEYCODE_ESCAPE, scanCode=0, metaState=0, flags=0x0, repeatCount=0, eventTime=709206, downTime=709206, deviceId=-1, source=0x101 }
D/AndroidRuntime( 1954): Shutting down VM
D/dalvikvm( 1954): GC_CONCURRENT freed 96K, 15% free 554K/652K, paused 0ms+0ms, total 1ms
D/dalvikvm(  576): GC_CONCURRENT freed 1691K, 22% free 8517K/10808K, paused 1ms+2ms, total 15ms
D/AndroidRuntime( 1977): 
D/AndroidRuntime( 1977): >>>>>> AndroidRuntime START com.android.internal.os.RuntimeInit <<<<<<
D/AndroidRuntime( 1977): CheckJNI is OFF
D/dalvikvm( 1977): Trying to load lib libjavacore.so 0x0
D/dalvikvm( 1977): Added shared lib libjavacore.so 0x0
D/dalvikvm( 1977): Trying to load lib libnativehelper.so 0x0
D/dalvikvm( 1977): Added shared lib libnativehelper.so 0x0
D/dalvikvm( 1977): No JNI_OnLoad found in libnativehelper.so 0x0, skipping init
D/dalvikvm( 1977): Note: class Landroid/app/ActivityManagerNative; has 179 unimplemented (abstract) methods
E/memtrack( 1977): Couldn't load memtrack module (No such file or directory)
E/android.os.Debug( 1977): failed to load memtrack module: -2
D/AndroidRuntime( 1977): Calling main entry com.android.commands.uiautomator.Launcher
I/AccessibilityNodeInfoDumper( 1977): Skipping invisible child: android.view.accessibility.AccessibilityNodeInfo@99d6; boundsInParent: Rect(0, 0 - 0, 85); boundsInScreen: Rect(789, 33 - 789, 118); packageName: com.zola.bmi; className: android.support.v7.widget.LinearLayoutCompat; text: null; contentDescription: null; viewIdResName: null; checkable: false; checked: false; focusable: false; focused: false; selected: false; clickable: false; longClickable: false; enabled: true; password: false; scrollable: false; [ACTION_SELECT, ACTION_CLEAR_SELECTION, ACTION_ACCESSIBILITY_FOCUS]
I/AccessibilityNodeInfoDumper( 1977): Skipping invisible child: android.view.accessibility.AccessibilityNodeInfo@b05c; boundsInParent: Rect(0, 0 - 0, 37); boundsInScreen: Rect(48, 442 - 48, 479); packageName: com.zola.bmi; className: android.widget.TextView; text: null; contentDescription: null; viewIdResName: com.zola.bmi:id/resultLabel; checkable: false; checked: false; focusable: false; focused: false; selected: false; clickable: false; longClickable: false; enabled: true; password: false; scrollable: false; [ACTION_SELECT, ACTION_CLEAR_SELECTION, ACTION_ACCESSIBILITY_FOCUS]
W/AccessibilityNodeInfoDumper( 1977): Fetch time: 50ms
D/AndroidRuntime( 1977): Shutting down VM
D/dalvikvm( 1977): GC_CONCURRENT freed 248K, 29% free 632K/884K, paused 0ms+0ms, total 1ms
D/AndroidRuntime( 1997): 
D/AndroidRuntime( 1997): >>>>>> AndroidRuntime START com.android.internal.os.RuntimeInit <<<<<<
D/AndroidRuntime( 1997): CheckJNI is OFF
D/dalvikvm( 1997): Trying to load lib libjavacore.so 0x0
D/dalvikvm( 1997): Added shared lib libjavacore.so 0x0
D/dalvikvm( 1997): Trying to load lib libnativehelper.so 0x0
D/dalvikvm( 1997): Added shared lib libnativehelper.so 0x0
D/dalvikvm( 1997): No JNI_OnLoad found in libnativehelper.so 0x0, skipping init
D/dalvikvm( 1997): Note: class Landroid/app/ActivityManagerNative; has 179 unimplemented (abstract) methods
E/memtrack( 1997): Couldn't load memtrack module (No such file or directory)
E/android.os.Debug( 1997): failed to load memtrack module: -2
D/AndroidRuntime( 1997): Calling main entry com.android.commands.uiautomator.Launcher
I/AccessibilityNodeInfoDumper( 1997): Skipping invisible child: android.view.accessibility.AccessibilityNodeInfo@99d6; boundsInParent: Rect(0, 0 - 0, 85); boundsInScreen: Rect(789, 33 - 789, 118); packageName: com.zola.bmi; className: android.support.v7.widget.LinearLayoutCompat; text: null; contentDescription: null; viewIdResName: null; checkable: false; checked: false; focusable: false; focused: false; selected: false; clickable: false; longClickable: false; enabled: true; password: false; scrollable: false; [ACTION_SELECT, ACTION_CLEAR_SELECTION, ACTION_ACCESSIBILITY_FOCUS]
I/AccessibilityNodeInfoDumper( 1997): Skipping invisible child: android.view.accessibility.AccessibilityNodeInfo@b05c; boundsInParent: Rect(0, 0 - 0, 37); boundsInScreen: Rect(48, 442 - 48, 479); packageName: com.zola.bmi; className: android.widget.TextView; text: null; contentDescription: null; viewIdResName: com.zola.bmi:id/resultLabel; checkable: false; checked: false; focusable: false; focused: false; selected: false; clickable: false; longClickable: false; enabled: true; password: false; scrollable: false; [ACTION_SELECT, ACTION_CLEAR_SELECTION, ACTION_ACCESSIBILITY_FOCUS]
W/AccessibilityNodeInfoDumper( 1997): Fetch time: 33ms
D/AndroidRuntime( 1997): Shutting down VM
D/dalvikvm( 1997): GC_CONCURRENT freed 242K, 28% free 631K/876K, paused 0ms+0ms, total 0ms
D/AndroidRuntime( 2022): 
D/AndroidRuntime( 2022): >>>>>> AndroidRuntime START com.android.internal.os.RuntimeInit <<<<<<
D/AndroidRuntime( 2022): CheckJNI is OFF
D/dalvikvm( 2022): Trying to load lib libjavacore.so 0x0
D/dalvikvm( 2022): Added shared lib libjavacore.so 0x0
D/dalvikvm( 2022): Trying to load lib libnativehelper.so 0x0
D/dalvikvm( 2022): Added shared lib libnativehelper.so 0x0
D/dalvikvm( 2022): No JNI_OnLoad found in libnativehelper.so 0x0, skipping init
D/dalvikvm( 2022): Note: class Landroid/app/ActivityManagerNative; has 179 unimplemented (abstract) methods
E/memtrack( 2022): Couldn't load memtrack module (No such file or directory)
E/android.os.Debug( 2022): failed to load memtrack module: -2
D/AndroidRuntime( 2022): Calling main entry com.android.commands.uiautomator.Launcher
I/AccessibilityNodeInfoDumper( 2022): Skipping invisible child: android.view.accessibility.AccessibilityNodeInfo@99d6; boundsInParent: Rect(0, 0 - 0, 85); boundsInScreen: Rect(789, 33 - 789, 118); packageName: com.zola.bmi; className: android.support.v7.widget.LinearLayoutCompat; text: null; contentDescription: null; viewIdResName: null; checkable: false; checked: false; focusable: false; focused: false; selected: false; clickable: false; longClickable: false; enabled: true; password: false; scrollable: false; [ACTION_SELECT, ACTION_CLEAR_SELECTION, ACTION_ACCESSIBILITY_FOCUS]
I/AccessibilityNodeInfoDumper( 2022): Skipping invisible child: android.view.accessibility.AccessibilityNodeInfo@b05c; boundsInParent: Rect(0, 0 - 0, 37); boundsInScreen: Rect(48, 442 - 48, 479); packageName: com.zola.bmi; className: android.widget.TextView; text: null; contentDescription: null; viewIdResName: com.zola.bmi:id/resultLabel; checkable: false; checked: false; focusable: false; focused: false; selected: false; clickable: false; longClickable: false; enabled: true; password: false; scrollable: false; [ACTION_SELECT, ACTION_CLEAR_SELECTION, ACTION_ACCESSIBILITY_FOCUS]
W/AccessibilityNodeInfoDumper( 2022): Fetch time: 28ms
D/AndroidRuntime( 2022): Shutting down VM
D/dalvikvm( 2022): GC_CONCURRENT freed 242K, 28% free 631K/876K, paused 0ms+0ms, total 1ms
D/dalvikvm(  576): GC_CONCURRENT freed 1406K, 22% free 8472K/10808K, paused 1ms+2ms, total 16ms
D/AndroidRuntime( 2053): 
D/AndroidRuntime( 2053): >>>>>> AndroidRuntime START com.android.internal.os.RuntimeInit <<<<<<
D/AndroidRuntime( 2053): CheckJNI is OFF
D/dalvikvm( 2053): Trying to load lib libjavacore.so 0x0
D/dalvikvm( 2053): Added shared lib libjavacore.so 0x0
D/dalvikvm( 2053): Trying to load lib libnativehelper.so 0x0
D/dalvikvm( 2053): Added shared lib libnativehelper.so 0x0
D/dalvikvm( 2053): No JNI_OnLoad found in libnativehelper.so 0x0, skipping init
D/dalvikvm( 2053): Note: class Landroid/app/ActivityManagerNative; has 179 unimplemented (abstract) methods
E/memtrack( 2053): Couldn't load memtrack module (No such file or directory)
E/android.os.Debug( 2053): failed to load memtrack module: -2
D/AndroidRuntime( 2053): Calling main entry com.android.commands.uiautomator.Launcher
I/AccessibilityNodeInfoDumper( 2053): Skipping invisible child: android.view.accessibility.AccessibilityNodeInfo@99d6; boundsInParent: Rect(0, 0 - 0, 85); boundsInScreen: Rect(789, 33 - 789, 118); packageName: com.zola.bmi; className: android.support.v7.widget.LinearLayoutCompat; text: null; contentDescription: null; viewIdResName: null; checkable: false; checked: false; focusable: false; focused: false; selected: false; clickable: false; longClickable: false; enabled: true; password: false; scrollable: false; [ACTION_SELECT, ACTION_CLEAR_SELECTION, ACTION_ACCESSIBILITY_FOCUS]
I/AccessibilityNodeInfoDumper( 2053): Skipping invisible child: android.view.accessibility.AccessibilityNodeInfo@b05c; boundsInParent: Rect(0, 0 - 0, 37); boundsInScreen: Rect(48, 442 - 48, 479); packageName: com.zola.bmi; className: android.widget.TextView; text: null; contentDescription: null; viewIdResName: com.zola.bmi:id/resultLabel; checkable: false; checked: false; focusable: false; focused: false; selected: false; clickable: false; longClickable: false; enabled: true; password: false; scrollable: false; [ACTION_SELECT, ACTION_CLEAR_SELECTION, ACTION_ACCESSIBILITY_FOCUS]
W/AccessibilityNodeInfoDumper( 2053): Fetch time: 35ms
D/AndroidRuntime( 2053): Shutting down VM
D/dalvikvm( 2053): GC_CONCURRENT freed 242K, 28% free 631K/876K, paused 0ms+0ms, total 0ms
D/dalvikvm( 1905): GC_CONCURRENT freed 292K, 11% free 3034K/3372K, paused 0ms+1ms, total 3ms
D/AndroidRuntime( 2082): 
D/AndroidRuntime( 2082): >>>>>> AndroidRuntime START com.android.internal.os.RuntimeInit <<<<<<
D/AndroidRuntime( 2082): CheckJNI is OFF
D/dalvikvm( 2082): Trying to load lib libjavacore.so 0x0
D/dalvikvm( 2082): Added shared lib libjavacore.so 0x0
D/dalvikvm( 2082): Trying to load lib libnativehelper.so 0x0
D/dalvikvm( 2082): Added shared lib libnativehelper.so 0x0
D/dalvikvm( 2082): No JNI_OnLoad found in libnativehelper.so 0x0, skipping init
D/dalvikvm( 2082): Note: class Landroid/app/ActivityManagerNative; has 179 unimplemented (abstract) methods
E/memtrack( 2082): Couldn't load memtrack module (No such file or directory)
E/android.os.Debug( 2082): failed to load memtrack module: -2
D/MobileDataStateTracker(  576): default: setPolicyDataEnable(enabled=true)
D/AndroidRuntime( 2082): Calling main entry com.android.commands.uiautomator.Launcher
I/AccessibilityNodeInfoDumper( 2082): Skipping invisible child: android.view.accessibility.AccessibilityNodeInfo@99d6; boundsInParent: Rect(0, 0 - 0, 85); boundsInScreen: Rect(789, 33 - 789, 118); packageName: com.zola.bmi; className: android.support.v7.widget.LinearLayoutCompat; text: null; contentDescription: null; viewIdResName: null; checkable: false; checked: false; focusable: false; focused: false; selected: false; clickable: false; longClickable: false; enabled: true; password: false; scrollable: false; [ACTION_SELECT, ACTION_CLEAR_SELECTION, ACTION_ACCESSIBILITY_FOCUS]
I/AccessibilityNodeInfoDumper( 2082): Skipping invisible child: android.view.accessibility.AccessibilityNodeInfo@b05c; boundsInParent: Rect(0, 0 - 0, 37); boundsInScreen: Rect(48, 442 - 48, 479); packageName: com.zola.bmi; className: android.widget.TextView; text: null; contentDescription: null; viewIdResName: com.zola.bmi:id/resultLabel; checkable: false; checked: false; focusable: false; focused: false; selected: false; clickable: false; longClickable: false; enabled: true; password: false; scrollable: false; [ACTION_SELECT, ACTION_CLEAR_SELECTION, ACTION_ACCESSIBILITY_FOCUS]
W/AccessibilityNodeInfoDumper( 2082): Fetch time: 31ms
D/AndroidRuntime( 2082): Shutting down VM
D/dalvikvm( 2082): GC_CONCURRENT freed 242K, 28% free 631K/876K, paused 0ms+0ms, total 1ms
D/AndroidRuntime( 2103): 
D/AndroidRuntime( 2103): >>>>>> AndroidRuntime START com.android.internal.os.RuntimeInit <<<<<<
D/AndroidRuntime( 2103): CheckJNI is OFF
D/dalvikvm( 2103): Trying to load lib libjavacore.so 0x0
D/dalvikvm( 2103): Added shared lib libjavacore.so 0x0
D/dalvikvm( 2103): Trying to load lib libnativehelper.so 0x0
D/dalvikvm( 2103): Added shared lib libnativehelper.so 0x0
D/dalvikvm( 2103): No JNI_OnLoad found in libnativehelper.so 0x0, skipping init
D/dalvikvm( 2103): Note: class Landroid/app/ActivityManagerNative; has 179 unimplemented (abstract) methods
E/memtrack( 2103): Couldn't load memtrack module (No such file or directory)
E/android.os.Debug( 2103): failed to load memtrack module: -2
D/AndroidRuntime( 2103): Calling main entry com.android.commands.uiautomator.Launcher
I/AccessibilityNodeInfoDumper( 2103): Skipping invisible child: android.view.accessibility.AccessibilityNodeInfo@99d6; boundsInParent: Rect(0, 0 - 0, 85); boundsInScreen: Rect(789, 33 - 789, 118); packageName: com.zola.bmi; className: android.support.v7.widget.LinearLayoutCompat; text: null; contentDescription: null; viewIdResName: null; checkable: false; checked: false; focusable: false; focused: false; selected: false; clickable: false; longClickable: false; enabled: true; password: false; scrollable: false; [ACTION_SELECT, ACTION_CLEAR_SELECTION, ACTION_ACCESSIBILITY_FOCUS]
I/AccessibilityNodeInfoDumper( 2103): Skipping invisible child: android.view.accessibility.AccessibilityNodeInfo@b05c; boundsInParent: Rect(0, 0 - 0, 37); boundsInScreen: Rect(48, 442 - 48, 479); packageName: com.zola.bmi; className: android.widget.TextView; text: null; contentDescription: null; viewIdResName: com.zola.bmi:id/resultLabel; checkable: false; checked: false; focusable: false; focused: false; selected: false; clickable: false; longClickable: false; enabled: true; password: false; scrollable: false; [ACTION_SELECT, ACTION_CLEAR_SELECTION, ACTION_ACCESSIBILITY_FOCUS]
W/AccessibilityNodeInfoDumper( 2103): Fetch time: 30ms
D/AndroidRuntime( 2103): Shutting down VM
D/dalvikvm( 2103): GC_CONCURRENT freed 242K, 28% free 631K/876K, paused 1ms+0ms, total 2ms
D/dalvikvm(  576): GC_CONCURRENT freed 1420K, 22% free 8475K/10808K, paused 2ms+1ms, total 12ms
D/AndroidRuntime( 2128): 
D/AndroidRuntime( 2128): >>>>>> AndroidRuntime START com.android.internal.os.RuntimeInit <<<<<<
D/AndroidRuntime( 2128): CheckJNI is OFF
D/dalvikvm( 2128): Trying to load lib libjavacore.so 0x0
D/dalvikvm( 2128): Added shared lib libjavacore.so 0x0
D/dalvikvm( 2128): Trying to load lib libnativehelper.so 0x0
D/dalvikvm( 2128): Added shared lib libnativehelper.so 0x0
D/dalvikvm( 2128): No JNI_OnLoad found in libnativehelper.so 0x0, skipping init
D/dalvikvm( 2128): Note: class Landroid/app/ActivityManagerNative; has 179 unimplemented (abstract) methods
E/memtrack( 2128): Couldn't load memtrack module (No such file or directory)
E/android.os.Debug( 2128): failed to load memtrack module: -2
D/AndroidRuntime( 2128): Calling main entry com.android.commands.uiautomator.Launcher
I/AccessibilityNodeInfoDumper( 2128): Skipping invisible child: android.view.accessibility.AccessibilityNodeInfo@99d6; boundsInParent: Rect(0, 0 - 0, 85); boundsInScreen: Rect(789, 33 - 789, 118); packageName: com.zola.bmi; className: android.support.v7.widget.LinearLayoutCompat; text: null; contentDescription: null; viewIdResName: null; checkable: false; checked: false; focusable: false; focused: false; selected: false; clickable: false; longClickable: false; enabled: true; password: false; scrollable: false; [ACTION_SELECT, ACTION_CLEAR_SELECTION, ACTION_ACCESSIBILITY_FOCUS]
I/AccessibilityNodeInfoDumper( 2128): Skipping invisible child: android.view.accessibility.AccessibilityNodeInfo@b05c; boundsInParent: Rect(0, 0 - 0, 37); boundsInScreen: Rect(48, 442 - 48, 479); packageName: com.zola.bmi; className: android.widget.TextView; text: null; contentDescription: null; viewIdResName: com.zola.bmi:id/resultLabel; checkable: false; checked: false; focusable: false; focused: false; selected: false; clickable: false; longClickable: false; enabled: true; password: false; scrollable: false; [ACTION_SELECT, ACTION_CLEAR_SELECTION, ACTION_ACCESSIBILITY_FOCUS]
W/AccessibilityNodeInfoDumper( 2128): Fetch time: 39ms
D/AndroidRuntime( 2128): Shutting down VM
D/dalvikvm( 2128): GC_CONCURRENT freed 242K, 28% free 631K/876K, paused 5ms+0ms, total 6ms
D/AndroidRuntime( 2148): 
D/AndroidRuntime( 2148): >>>>>> AndroidRuntime START com.android.internal.os.RuntimeInit <<<<<<
D/AndroidRuntime( 2148): CheckJNI is OFF
D/dalvikvm( 2148): Trying to load lib libjavacore.so 0x0
D/dalvikvm( 2148): Added shared lib libjavacore.so 0x0
D/dalvikvm( 2148): Trying to load lib libnativehelper.so 0x0
D/dalvikvm( 2148): Added shared lib libnativehelper.so 0x0
D/dalvikvm( 2148): No JNI_OnLoad found in libnativehelper.so 0x0, skipping init
D/dalvikvm( 2148): Note: class Landroid/app/ActivityManagerNative; has 179 unimplemented (abstract) methods
E/memtrack( 2148): Couldn't load memtrack module (No such file or directory)
E/android.os.Debug( 2148): failed to load memtrack module: -2
D/AndroidRuntime( 2148): Calling main entry com.android.commands.uiautomator.Launcher
I/AccessibilityNodeInfoDumper( 2148): Skipping invisible child: android.view.accessibility.AccessibilityNodeInfo@99d6; boundsInParent: Rect(0, 0 - 0, 85); boundsInScreen: Rect(789, 33 - 789, 118); packageName: com.zola.bmi; className: android.support.v7.widget.LinearLayoutCompat; text: null; contentDescription: null; viewIdResName: null; checkable: false; checked: false; focusable: false; focused: false; selected: false; clickable: false; longClickable: false; enabled: true; password: false; scrollable: false; [ACTION_SELECT, ACTION_CLEAR_SELECTION, ACTION_ACCESSIBILITY_FOCUS]
