I/Input   (14704): injectKeyEvent: KeyEvent { action=ACTION_DOWN, keyCode=KEYCODE_DEL, scanCode=0, metaState=0, flags=0x0, repeatCount=0, eventTime=992012, downTime=992012, deviceId=-1, source=0x101 }
I/Input   (14704): injectKeyEvent: KeyEvent { action=ACTION_UP, keyCode=KEYCODE_DEL, scanCode=0, metaState=0, flags=0x0, repeatCount=0, eventTime=992012, downTime=992012, deviceId=-1, source=0x101 }
I/Input   (14704): injectKeyEvent: KeyEvent { action=ACTION_DOWN, keyCode=KEYCODE_DEL, scanCode=0, metaState=0, flags=0x0, repeatCount=0, eventTime=992013, downTime=992013, deviceId=-1, source=0x101 }
I/Input   (14704): injectKeyEvent: KeyEvent { action=ACTION_UP, keyCode=KEYCODE_DEL, scanCode=0, metaState=0, flags=0x0, repeatCount=0, eventTime=992013, downTime=992013, deviceId=-1, source=0x101 }
I/Input   (14704): injectKeyEvent: KeyEvent { action=ACTION_DOWN, keyCode=KEYCODE_DEL, scanCode=0, metaState=0, flags=0x0, repeatCount=0, eventTime=992014, downTime=992014, deviceId=-1, source=0x101 }
I/Input   (14704): injectKeyEvent: KeyEvent { action=ACTION_UP, keyCode=KEYCODE_DEL, scanCode=0, metaState=0, flags=0x0, repeatCount=0, eventTime=992014, downTime=992014, deviceId=-1, source=0x101 }
I/Input   (14704): injectKeyEvent: KeyEvent { action=ACTION_DOWN, keyCode=KEYCODE_DEL, scanCode=0, metaState=0, flags=0x0, repeatCount=0, eventTime=992016, downTime=992016, deviceId=-1, source=0x101 }
I/Input   (14704): injectKeyEvent: KeyEvent { action=ACTION_UP, keyCode=KEYCODE_DEL, scanCode=0, metaState=0, flags=0x0, repeatCount=0, eventTime=992016, downTime=992016, deviceId=-1, source=0x101 }
I/Input   (14704): injectKeyEvent: KeyEvent { action=ACTION_DOWN, keyCode=KEYCODE_DEL, scanCode=0, metaState=0, flags=0x0, repeatCount=0, eventTime=992018, downTime=992018, deviceId=-1, source=0x101 }
I/Input   (14704): injectKeyEvent: KeyEvent { action=ACTION_UP, keyCode=KEYCODE_DEL, scanCode=0, metaState=0, flags=0x0, repeatCount=0, eventTime=992018, downTime=992018, deviceId=-1, source=0x101 }
I/Input   (14704): injectKeyEvent: KeyEvent { action=ACTION_DOWN, keyCode=KEYCODE_DEL, scanCode=0, metaState=0, flags=0x0, repeatCount=0, eventTime=992019, downTime=992019, deviceId=-1, source=0x101 }
I/Input   (14704): injectKeyEvent: KeyEvent { action=ACTION_UP, keyCode=KEYCODE_DEL, scanCode=0, metaState=0, flags=0x0, repeatCount=0, eventTime=992019, downTime=992019, deviceId=-1, source=0x101 }
I/Input   (14704): injectKeyEvent: KeyEvent { action=ACTION_DOWN, keyCode=KEYCODE_DEL, scanCode=0, metaState=0, flags=0x0, repeatCount=0, eventTime=992021, downTime=992021, deviceId=-1, source=0x101 }
I/Input   (14704): injectKeyEvent: KeyEvent { action=ACTION_UP, keyCode=KEYCODE_DEL, scanCode=0, metaState=0, flags=0x0, repeatCount=0, eventTime=992021, downTime=992021, deviceId=-1, source=0x101 }
I/Input   (14704): injectKeyEvent: KeyEvent { action=ACTION_DOWN, keyCode=KEYCODE_DEL, scanCode=0, metaState=0, flags=0x0, repeatCount=0, eventTime=992022, downTime=992022, deviceId=-1, source=0x101 }
I/Input   (14704): injectKeyEvent: KeyEvent { action=ACTION_UP, keyCode=KEYCODE_DEL, scanCode=0, metaState=0, flags=0x0, repeatCount=0, eventTime=992022, downTime=992022, deviceId=-1, source=0x101 }
I/Input   (14704): injectKeyEvent: KeyEvent { action=ACTION_DOWN, keyCode=KEYCODE_DEL, scanCode=0, metaState=0, flags=0x0, repeatCount=0, eventTime=992024, downTime=992024, deviceId=-1, source=0x101 }
I/Input   (14704): injectKeyEvent: KeyEvent { action=ACTION_UP, keyCode=KEYCODE_DEL, scanCode=0, metaState=0, flags=0x0, repeatCount=0, eventTime=992024, downTime=992024, deviceId=-1, source=0x101 }
I/Input   (14704): injectKeyEvent: KeyEvent { action=ACTION_DOWN, keyCode=KEYCODE_DEL, scanCode=0, metaState=0, flags=0x0, repeatCount=0, eventTime=992025, downTime=992025, deviceId=-1, source=0x101 }
I/Input   (14704): injectKeyEvent: KeyEvent { action=ACTION_UP, keyCode=KEYCODE_DEL, scanCode=0, metaState=0, flags=0x0, repeatCount=0, eventTime=992025, downTime=992025, deviceId=-1, source=0x101 }
I/Input   (14704): injectKeyEvent: KeyEvent { action=ACTION_DOWN, keyCode=KEYCODE_DEL, scanCode=0, metaState=0, flags=0x0, repeatCount=0, eventTime=992027, downTime=992027, deviceId=-1, source=0x101 }
I/Input   (14704): injectKeyEvent: KeyEvent { action=ACTION_UP, keyCode=KEYCODE_DEL, scanCode=0, metaState=0, flags=0x0, repeatCount=0, eventTime=992027, downTime=992027, deviceId=-1, source=0x101 }
I/Input   (14704): injectKeyEvent: KeyEvent { action=ACTION_DOWN, keyCode=KEYCODE_DEL, scanCode=0, metaState=0, flags=0x0, repeatCount=0, eventTime=992028, downTime=992028, deviceId=-1, source=0x101 }
I/Input   (14704): injectKeyEvent: KeyEvent { action=ACTION_UP, keyCode=KEYCODE_DEL, scanCode=0, metaState=0, flags=0x0, repeatCount=0, eventTime=992028, downTime=992028, deviceId=-1, source=0x101 }
I/Input   (14704): injectKeyEvent: KeyEvent { action=ACTION_DOWN, keyCode=KEYCODE_DEL, scanCode=0, metaState=0, flags=0x0, repeatCount=0, eventTime=992030, downTime=992030, deviceId=-1, source=0x101 }
I/Input   (14704): injectKeyEvent: KeyEvent { action=ACTION_UP, keyCode=KEYCODE_DEL, scanCode=0, metaState=0, flags=0x0, repeatCount=0, eventTime=992030, downTime=992030, deviceId=-1, source=0x101 }
I/Input   (14704): injectKeyEvent: KeyEvent { action=ACTION_DOWN, keyCode=KEYCODE_DEL, scanCode=0, metaState=0, flags=0x0, repeatCount=0, eventTime=992031, downTime=992031, deviceId=-1, source=0x101 }
I/Input   (14704): injectKeyEvent: KeyEvent { action=ACTION_UP, keyCode=KEYCODE_DEL, scanCode=0, metaState=0, flags=0x0, repeatCount=0, eventTime=992031, downTime=992031, deviceId=-1, source=0x101 }
I/Input   (14704): injectKeyEvent: KeyEvent { action=ACTION_DOWN, keyCode=KEYCODE_DEL, scanCode=0, metaState=0, flags=0x0, repeatCount=0, eventTime=992033, downTime=992033, deviceId=-1, source=0x101 }
I/Input   (14704): injectKeyEvent: KeyEvent { action=ACTION_UP, keyCode=KEYCODE_DEL, scanCode=0, metaState=0, flags=0x0, repeatCount=0, eventTime=992033, downTime=992033, deviceId=-1, source=0x101 }
I/Input   (14704): injectKeyEvent: KeyEvent { action=ACTION_DOWN, keyCode=KEYCODE_DEL, scanCode=0, metaState=0, flags=0x0, repeatCount=0, eventTime=992035, downTime=992035, deviceId=-1, source=0x101 }
I/Input   (14704): injectKeyEvent: KeyEvent { action=ACTION_UP, keyCode=KEYCODE_DEL, scanCode=0, metaState=0, flags=0x0, repeatCount=0, eventTime=992035, downTime=992035, deviceId=-1, source=0x101 }
I/Input   (14704): injectKeyEvent: KeyEvent { action=ACTION_DOWN, keyCode=KEYCODE_DEL, scanCode=0, metaState=0, flags=0x0, repeatCount=0, eventTime=992036, downTime=992036, deviceId=-1, source=0x101 }
I/Input   (14704): injectKeyEvent: KeyEvent { action=ACTION_UP, keyCode=KEYCODE_DEL, scanCode=0, metaState=0, flags=0x0, repeatCount=0, eventTime=992036, downTime=992036, deviceId=-1, source=0x101 }
I/Input   (14704): injectKeyEvent: KeyEvent { action=ACTION_DOWN, keyCode=KEYCODE_DEL, scanCode=0, metaState=0, flags=0x0, repeatCount=0, eventTime=992038, downTime=992038, deviceId=-1, source=0x101 }
I/Input   (14704): injectKeyEvent: KeyEvent { action=ACTION_UP, keyCode=KEYCODE_DEL, scanCode=0, metaState=0, flags=0x0, repeatCount=0, eventTime=992038, downTime=992038, deviceId=-1, source=0x101 }
I/Input   (14704): injectKeyEvent: KeyEvent { action=ACTION_DOWN, keyCode=KEYCODE_DEL, scanCode=0, metaState=0, flags=0x0, repeatCount=0, eventTime=992040, downTime=992040, deviceId=-1, source=0x101 }
I/Input   (14704): injectKeyEvent: KeyEvent { action=ACTION_UP, keyCode=KEYCODE_DEL, scanCode=0, metaState=0, flags=0x0, repeatCount=0, eventTime=992040, downTime=992040, deviceId=-1, source=0x101 }
I/Input   (14704): injectKeyEvent: KeyEvent { action=ACTION_DOWN, keyCode=KEYCODE_DEL, scanCode=0, metaState=0, flags=0x0, repeatCount=0, eventTime=992041, downTime=992041, deviceId=-1, source=0x101 }
I/Input   (14704): injectKeyEvent: KeyEvent { action=ACTION_UP, keyCode=KEYCODE_DEL, scanCode=0, metaState=0, flags=0x0, repeatCount=0, eventTime=992041, downTime=992041, deviceId=-1, source=0x101 }
I/Input   (14704): injectKeyEvent: KeyEvent { action=ACTION_DOWN, keyCode=KEYCODE_DEL, scanCode=0, metaState=0, flags=0x0, repeatCount=0, eventTime=992043, downTime=992043, deviceId=-1, source=0x101 }
I/Input   (14704): injectKeyEvent: KeyEvent { action=ACTION_UP, keyCode=KEYCODE_DEL, scanCode=0, metaState=0, flags=0x0, repeatCount=0, eventTime=992043, downTime=992043, deviceId=-1, source=0x101 }
I/Input   (14704): injectKeyEvent: KeyEvent { action=ACTION_DOWN, keyCode=KEYCODE_DEL, scanCode=0, metaState=0, flags=0x0, repeatCount=0, eventTime=992045, downTime=992045, deviceId=-1, source=0x101 }
I/Input   (14704): injectKeyEvent: KeyEvent { action=ACTION_UP, keyCode=KEYCODE_DEL, scanCode=0, metaState=0, flags=0x0, repeatCount=0, eventTime=992045, downTime=992045, deviceId=-1, source=0x101 }
I/Input   (14704): injectKeyEvent: KeyEvent { action=ACTION_DOWN, keyCode=KEYCODE_DEL, scanCode=0, metaState=0, flags=0x0, repeatCount=0, eventTime=992046, downTime=992046, deviceId=-1, source=0x101 }
I/Input   (14704): injectKeyEvent: KeyEvent { action=ACTION_UP, keyCode=KEYCODE_DEL, scanCode=0, metaState=0, flags=0x0, repeatCount=0, eventTime=992046, downTime=992046, deviceId=-1, source=0x101 }
I/Input   (14704): injectKeyEvent: KeyEvent { action=ACTION_DOWN, keyCode=KEYCODE_DEL, scanCode=0, metaState=0, flags=0x0, repeatCount=0, eventTime=992048, downTime=992048, deviceId=-1, source=0x101 }
I/Input   (14704): injectKeyEvent: KeyEvent { action=ACTION_UP, keyCode=KEYCODE_DEL, scanCode=0, metaState=0, flags=0x0, repeatCount=0, eventTime=992048, downTime=992048, deviceId=-1, source=0x101 }
I/Input   (14704): injectKeyEvent: KeyEvent { action=ACTION_DOWN, keyCode=KEYCODE_DEL, scanCode=0, metaState=0, flags=0x0, repeatCount=0, eventTime=992050, downTime=992050, deviceId=-1, source=0x101 }
I/Input   (14704): injectKeyEvent: KeyEvent { action=ACTION_UP, keyCode=KEYCODE_DEL, scanCode=0, metaState=0, flags=0x0, repeatCount=0, eventTime=992050, downTime=992050, deviceId=-1, source=0x101 }
I/Input   (14704): injectKeyEvent: KeyEvent { action=ACTION_DOWN, keyCode=KEYCODE_DEL, scanCode=0, metaState=0, flags=0x0, repeatCount=0, eventTime=992051, downTime=992051, deviceId=-1, source=0x101 }
I/Input   (14704): injectKeyEvent: KeyEvent { action=ACTION_UP, keyCode=KEYCODE_DEL, scanCode=0, metaState=0, flags=0x0, repeatCount=0, eventTime=992051, downTime=992051, deviceId=-1, source=0x101 }
I/Input   (14704): injectKeyEvent: KeyEvent { action=ACTION_DOWN, keyCode=KEYCODE_DEL, scanCode=0, metaState=0, flags=0x0, repeatCount=0, eventTime=992053, downTime=992053, deviceId=-1, source=0x101 }
I/Input   (14704): injectKeyEvent: KeyEvent { action=ACTION_UP, keyCode=KEYCODE_DEL, scanCode=0, metaState=0, flags=0x0, repeatCount=0, eventTime=992053, downTime=992053, deviceId=-1, source=0x101 }
I/Input   (14704): injectKeyEvent: KeyEvent { action=ACTION_DOWN, keyCode=KEYCODE_DEL, scanCode=0, metaState=0, flags=0x0, repeatCount=0, eventTime=992054, downTime=992054, deviceId=-1, source=0x101 }
I/Input   (14704): injectKeyEvent: KeyEvent { action=ACTION_UP, keyCode=KEYCODE_DEL, scanCode=0, metaState=0, flags=0x0, repeatCount=0, eventTime=992054, downTime=992054, deviceId=-1, source=0x101 }
I/Input   (14704): injectKeyEvent: KeyEvent { action=ACTION_DOWN, keyCode=KEYCODE_DEL, scanCode=0, metaState=0, flags=0x0, repeatCount=0, eventTime=992056, downTime=992056, deviceId=-1, source=0x101 }
I/Input   (14704): injectKeyEvent: KeyEvent { action=ACTION_UP, keyCode=KEYCODE_DEL, scanCode=0, metaState=0, flags=0x0, repeatCount=0, eventTime=992056, downTime=992056, deviceId=-1, source=0x101 }
D/AndroidRuntime(14704): Shutting down VM
D/AndroidRuntime(14718): >>>>>> START com.android.internal.os.RuntimeInit uid 0 <<<<<<
D/AndroidRuntime(14718): CheckJNI is OFF
E/memtrack(14718): Couldn't load memtrack module (No such file or directory)
E/android.os.Debug(14718): failed to load memtrack module: -2
D/AndroidRuntime(14718): Calling main entry com.android.commands.input.Input
I/Input   (14718): injectKeyEvent: KeyEvent { action=ACTION_DOWN, keyCode=KEYCODE_N, scanCode=0, metaState=0, flags=0x0, repeatCount=0, eventTime=992364, downTime=992364, deviceId=-1, source=0x101 }
I/Input   (14718): injectKeyEvent: KeyEvent { action=ACTION_UP, keyCode=KEYCODE_N, scanCode=0, metaState=0, flags=0x0, repeatCount=0, eventTime=992364, downTime=992364, deviceId=-1, source=0x101 }
I/Input   (14718): injectKeyEvent: KeyEvent { action=ACTION_DOWN, keyCode=KEYCODE_U, scanCode=0, metaState=0, flags=0x0, repeatCount=0, eventTime=992364, downTime=992364, deviceId=-1, source=0x101 }
I/Input   (14718): injectKeyEvent: KeyEvent { action=ACTION_UP, keyCode=KEYCODE_U, scanCode=0, metaState=0, flags=0x0, repeatCount=0, eventTime=992364, downTime=992364, deviceId=-1, source=0x101 }
I/Input   (14718): injectKeyEvent: KeyEvent { action=ACTION_DOWN, keyCode=KEYCODE_L, scanCode=0, metaState=0, flags=0x0, repeatCount=0, eventTime=992364, downTime=992364, deviceId=-1, source=0x101 }
I/Input   (14718): injectKeyEvent: KeyEvent { action=ACTION_UP, keyCode=KEYCODE_L, scanCode=0, metaState=0, flags=0x0, repeatCount=0, eventTime=992364, downTime=992364, deviceId=-1, source=0x101 }
I/Input   (14718): injectKeyEvent: KeyEvent { action=ACTION_DOWN, keyCode=KEYCODE_L, scanCode=0, metaState=0, flags=0x0, repeatCount=0, eventTime=992364, downTime=992364, deviceId=-1, source=0x101 }
I/Input   (14718): injectKeyEvent: KeyEvent { action=ACTION_UP, keyCode=KEYCODE_L, scanCode=0, metaState=0, flags=0x0, repeatCount=0, eventTime=992364, downTime=992364, deviceId=-1, source=0x101 }
D/AndroidRuntime(14718): Shutting down VM
D/AndroidRuntime(15053): >>>>>> START com.android.internal.os.RuntimeInit uid 0 <<<<<<
D/AndroidRuntime(15053): CheckJNI is OFF
E/memtrack(15053): Couldn't load memtrack module (No such file or directory)
E/android.os.Debug(15053): failed to load memtrack module: -2
D/AndroidRuntime(15053): Calling main entry com.android.commands.uiautomator.Launcher
D/leak-372(12438): Eastern Standard Time
I/AccessibilityNodeInfoDumper(15053): Skipping invisible child: android.view.accessibility.AccessibilityNodeInfo@8000bb20; boundsInParent: Rect(0, 0 - 1200, 1538); boundsInScreen: Rect(1200, 280 - 1200, 1818); packageName: com.adonai.manman; className: android.widget.FrameLayout; text: null; error: null; maxTextLength: -1; contentDescription: null; viewIdResName: com.adonai.manman:id/chapter_fragment_frame; checkable: false; checked: false; focusable: true; focused: false; selected: false; clickable: false; longClickable: false; enabled: true; password: false; scrollable: false; actions: [AccessibilityAction: ACTION_FOCUS - null, AccessibilityAction: ACTION_SELECT - null, AccessibilityAction: ACTION_CLEAR_SELECTION - null, AccessibilityAction: ACTION_ACCESSIBILITY_FOCUS - null]
W/AccessibilityNodeInfoDumper(15053): Fetch time: 18ms
W/WindowManager(  676): Attempted to remove non-existing token: android.os.Binder@288d75a1
D/AndroidRuntime(15053): Shutting down VM
D/AndroidRuntime(15081): >>>>>> START com.android.internal.os.RuntimeInit uid 0 <<<<<<
D/AndroidRuntime(15081): CheckJNI is OFF
E/memtrack(15081): Couldn't load memtrack module (No such file or directory)
E/android.os.Debug(15081): failed to load memtrack module: -2
D/AndroidRuntime(15081): Calling main entry com.android.commands.uiautomator.Launcher
D/leak-372(12438): Eastern Standard Time
I/AccessibilityNodeInfoDumper(15081): Skipping invisible child: android.view.accessibility.AccessibilityNodeInfo@8000bb2a; boundsInParent: Rect(0, 0 - 1200, 1538); boundsInScreen: Rect(1200, 280 - 1200, 1818); packageName: com.adonai.manman; className: android.widget.FrameLayout; text: null; error: null; maxTextLength: -1; contentDescription: null; viewIdResName: com.adonai.manman:id/chapter_fragment_frame; checkable: false; checked: false; focusable: true; focused: false; selected: false; clickable: false; longClickable: false; enabled: true; password: false; scrollable: false; actions: [AccessibilityAction: ACTION_FOCUS - null, AccessibilityAction: ACTION_SELECT - null, AccessibilityAction: ACTION_CLEAR_SELECTION - null, AccessibilityAction: ACTION_ACCESSIBILITY_FOCUS - null]
W/AccessibilityNodeInfoDumper(15081): Fetch time: 16ms
W/WindowManager(  676): Attempted to remove non-existing token: android.os.Binder@399853c6
D/AndroidRuntime(15081): Shutting down VM
D/AndroidRuntime(15104): >>>>>> START com.android.internal.os.RuntimeInit uid 0 <<<<<<
D/AndroidRuntime(15104): CheckJNI is OFF
E/memtrack(15104): Couldn't load memtrack module (No such file or directory)
E/android.os.Debug(15104): failed to load memtrack module: -2
D/AndroidRuntime(15104): Calling main entry com.android.commands.uiautomator.Launcher
D/leak-372(12438): Eastern Standard Time
I/AccessibilityNodeInfoDumper(15104): Skipping invisible child: android.view.accessibility.AccessibilityNodeInfo@8000bb32; boundsInParent: Rect(0, 0 - 1200, 1538); boundsInScreen: Rect(1200, 280 - 1200, 1818); packageName: com.adonai.manman; className: android.widget.FrameLayout; text: null; error: null; maxTextLength: -1; contentDescription: null; viewIdResName: com.adonai.manman:id/chapter_fragment_frame; checkable: false; checked: false; focusable: true; focused: false; selected: false; clickable: false; longClickable: false; enabled: true; password: false; scrollable: false; actions: [AccessibilityAction: ACTION_FOCUS - null, AccessibilityAction: ACTION_SELECT - null, AccessibilityAction: ACTION_CLEAR_SELECTION - null, AccessibilityAction: ACTION_ACCESSIBILITY_FOCUS - null]
W/AccessibilityNodeInfoDumper(15104): Fetch time: 17ms
W/WindowManager(  676): Attempted to remove non-existing token: android.os.Binder@862f87
D/AndroidRuntime(15104): Shutting down VM
D/AndroidRuntime(15134): >>>>>> START com.android.internal.os.RuntimeInit uid 0 <<<<<<
D/AndroidRuntime(15134): CheckJNI is OFF
E/memtrack(15134): Couldn't load memtrack module (No such file or directory)
E/android.os.Debug(15134): failed to load memtrack module: -2
D/AndroidRuntime(15134): Calling main entry com.android.commands.uiautomator.Launcher
D/leak-372(12438): Eastern Standard Time
I/AccessibilityNodeInfoDumper(15134): Skipping invisible child: android.view.accessibility.AccessibilityNodeInfo@8000bb39; boundsInParent: Rect(0, 0 - 1200, 1538); boundsInScreen: Rect(1200, 280 - 1200, 1818); packageName: com.adonai.manman; className: android.widget.FrameLayout; text: null; error: null; maxTextLength: -1; contentDescription: null; viewIdResName: com.adonai.manman:id/chapter_fragment_frame; checkable: false; checked: false; focusable: true; focused: false; selected: false; clickable: false; longClickable: false; enabled: true; password: false; scrollable: false; actions: [AccessibilityAction: ACTION_FOCUS - null, AccessibilityAction: ACTION_SELECT - null, AccessibilityAction: ACTION_CLEAR_SELECTION - null, AccessibilityAction: ACTION_ACCESSIBILITY_FOCUS - null]
W/AccessibilityNodeInfoDumper(15134): Fetch time: 18ms
W/WindowManager(  676): Attempted to remove non-existing token: android.os.Binder@25078eb4
D/AndroidRuntime(15134): Shutting down VM
D/AndroidRuntime(15158): >>>>>> START com.android.internal.os.RuntimeInit uid 0 <<<<<<
D/AndroidRuntime(15158): CheckJNI is OFF
E/memtrack(15158): Couldn't load memtrack module (No such file or directory)
E/android.os.Debug(15158): failed to load memtrack module: -2
D/AndroidRuntime(15158): Calling main entry com.android.commands.uiautomator.Launcher
D/leak-372(12438): Eastern Standard Time
I/AccessibilityNodeInfoDumper(15158): Skipping invisible child: android.view.accessibility.AccessibilityNodeInfo@8000bb42; boundsInParent: Rect(0, 0 - 1200, 1538); boundsInScreen: Rect(1200, 280 - 1200, 1818); packageName: com.adonai.manman; className: android.widget.FrameLayout; text: null; error: null; maxTextLength: -1; contentDescription: null; viewIdResName: com.adonai.manman:id/chapter_fragment_frame; checkable: false; checked: false; focusable: true; focused: false; selected: false; clickable: false; longClickable: false; enabled: true; password: false; scrollable: false; actions: [AccessibilityAction: ACTION_FOCUS - null, AccessibilityAction: ACTION_SELECT - null, AccessibilityAction: ACTION_CLEAR_SELECTION - null, AccessibilityAction: ACTION_ACCESSIBILITY_FOCUS - null]
W/AccessibilityNodeInfoDumper(15158): Fetch time: 14ms
W/WindowManager(  676): Attempted to remove non-existing token: android.os.Binder@24eacadd
D/AndroidRuntime(15158): Shutting down VM
D/AndroidRuntime(15177): >>>>>> START com.android.internal.os.RuntimeInit uid 0 <<<<<<
D/AndroidRuntime(15177): CheckJNI is OFF
E/memtrack(15177): Couldn't load memtrack module (No such file or directory)
E/android.os.Debug(15177): failed to load memtrack module: -2
D/AndroidRuntime(15177): Calling main entry com.android.commands.input.Input
I/Input   (15177): injectMotionEvent: MotionEvent { action=ACTION_DOWN, id[0]=0, x[0]=1136.0, y[0]=114.0, toolType[0]=TOOL_TYPE_UNKNOWN, buttonState=0, metaState=0, flags=0x0, edgeFlags=0x0, pointerCount=1, historySize=0, eventTime=1002550, downTime=1002550, deviceId=0, source=0x1002 }
I/Input   (15177): injectMotionEvent: MotionEvent { action=ACTION_MOVE, id[0]=0, x[0]=1136.0, y[0]=114.0, toolType[0]=TOOL_TYPE_UNKNOWN, buttonState=0, metaState=0, flags=0x0, edgeFlags=0x0, pointerCount=1, historySize=0, eventTime=1002550, downTime=1002550, deviceId=0, source=0x1002 }
I/Input   (15177): injectMotionEvent: MotionEvent { action=ACTION_MOVE, id[0]=0, x[0]=1136.0, y[0]=114.0, toolType[0]=TOOL_TYPE_UNKNOWN, buttonState=0, metaState=0, flags=0x0, edgeFlags=0x0, pointerCount=1, historySize=0, eventTime=1002567, downTime=1002567, deviceId=0, source=0x1002 }
I/Input   (15177): injectMotionEvent: MotionEvent { action=ACTION_MOVE, id[0]=0, x[0]=1136.0, y[0]=114.0, toolType[0]=TOOL_TYPE_UNKNOWN, buttonState=0, metaState=0, flags=0x0, edgeFlags=0x0, pointerCount=1, historySize=0, eventTime=1002585, downTime=1002585, deviceId=0, source=0x1002 }
I/Input   (15177): injectMotionEvent: MotionEvent { action=ACTION_MOVE, id[0]=0, x[0]=1136.0, y[0]=114.0, toolType[0]=TOOL_TYPE_UNKNOWN, buttonState=0, metaState=0, flags=0x0, edgeFlags=0x0, pointerCount=1, historySize=0, eventTime=1002604, downTime=1002604, deviceId=0, source=0x1002 }
I/Input   (15177): injectMotionEvent: MotionEvent { action=ACTION_MOVE, id[0]=0, x[0]=1136.0, y[0]=114.0, toolType[0]=TOOL_TYPE_UNKNOWN, buttonState=0, metaState=0, flags=0x0, edgeFlags=0x0, pointerCount=1, historySize=0, eventTime=1002620, downTime=1002620, deviceId=0, source=0x1002 }
I/Input   (15177): injectMotionEvent: MotionEvent { action=ACTION_MOVE, id[0]=0, x[0]=1136.0, y[0]=114.0, toolType[0]=TOOL_TYPE_UNKNOWN, buttonState=0, metaState=0, flags=0x0, edgeFlags=0x0, pointerCount=1, historySize=0, eventTime=1002635, downTime=1002635, deviceId=0, source=0x1002 }
I/Input   (15177): injectMotionEvent: MotionEvent { action=ACTION_MOVE, id[0]=0, x[0]=1136.0, y[0]=114.0, toolType[0]=TOOL_TYPE_UNKNOWN, buttonState=0, metaState=0, flags=0x0, edgeFlags=0x0, pointerCount=1, historySize=0, eventTime=1002651, downTime=1002651, deviceId=0, source=0x1002 }
I/Input   (15177): injectMotionEvent: MotionEvent { action=ACTION_MOVE, id[0]=0, x[0]=1136.0, y[0]=114.0, toolType[0]=TOOL_TYPE_UNKNOWN, buttonState=0, metaState=0, flags=0x0, edgeFlags=0x0, pointerCount=1, historySize=0, eventTime=1002667, downTime=1002667, deviceId=0, source=0x1002 }
I/Input   (15177): injectMotionEvent: MotionEvent { action=ACTION_MOVE, id[0]=0, x[0]=1136.0, y[0]=114.0, toolType[0]=TOOL_TYPE_UNKNOWN, buttonState=0, metaState=0, flags=0x0, edgeFlags=0x0, pointerCount=1, historySize=0, eventTime=1002685, downTime=1002685, deviceId=0, source=0x1002 }
I/Input   (15177): injectMotionEvent: MotionEvent { action=ACTION_MOVE, id[0]=0, x[0]=1136.0, y[0]=114.0, toolType[0]=TOOL_TYPE_UNKNOWN, buttonState=0, metaState=0, flags=0x0, edgeFlags=0x0, pointerCount=1, historySize=0, eventTime=1002700, downTime=1002700, deviceId=0, source=0x1002 }
I/Input   (15177): injectMotionEvent: MotionEvent { action=ACTION_MOVE, id[0]=0, x[0]=1136.0, y[0]=114.0, toolType[0]=TOOL_TYPE_UNKNOWN, buttonState=0, metaState=0, flags=0x0, edgeFlags=0x0, pointerCount=1, historySize=0, eventTime=1002717, downTime=1002717, deviceId=0, source=0x1002 }
I/Input   (15177): injectMotionEvent: MotionEvent { action=ACTION_MOVE, id[0]=0, x[0]=1136.0, y[0]=114.0, toolType[0]=TOOL_TYPE_UNKNOWN, buttonState=0, metaState=0, flags=0x0, edgeFlags=0x0, pointerCount=1, historySize=0, eventTime=1002734, downTime=1002734, deviceId=0, source=0x1002 }
I/Input   (15177): injectMotionEvent: MotionEvent { action=ACTION_MOVE, id[0]=0, x[0]=1136.0, y[0]=114.0, toolType[0]=TOOL_TYPE_UNKNOWN, buttonState=0, metaState=0, flags=0x0, edgeFlags=0x0, pointerCount=1, historySize=0, eventTime=1002750, downTime=1002750, deviceId=0, source=0x1002 }
I/Input   (15177): injectMotionEvent: MotionEvent { action=ACTION_MOVE, id[0]=0, x[0]=1136.0, y[0]=114.0, toolType[0]=TOOL_TYPE_UNKNOWN, buttonState=0, metaState=0, flags=0x0, edgeFlags=0x0, pointerCount=1, historySize=0, eventTime=1002767, downTime=1002767, deviceId=0, source=0x1002 }
I/Input   (15177): injectMotionEvent: MotionEvent { action=ACTION_MOVE, id[0]=0, x[0]=1136.0, y[0]=114.0, toolType[0]=TOOL_TYPE_UNKNOWN, buttonState=0, metaState=0, flags=0x0, edgeFlags=0x0, pointerCount=1, historySize=0, eventTime=1002785, downTime=1002785, deviceId=0, source=0x1002 }
I/Input   (15177): injectMotionEvent: MotionEvent { action=ACTION_MOVE, id[0]=0, x[0]=1136.0, y[0]=114.0, toolType[0]=TOOL_TYPE_UNKNOWN, buttonState=0, metaState=0, flags=0x0, edgeFlags=0x0, pointerCount=1, historySize=0, eventTime=1002801, downTime=1002801, deviceId=0, source=0x1002 }
I/Input   (15177): injectMotionEvent: MotionEvent { action=ACTION_MOVE, id[0]=0, x[0]=1136.0, y[0]=114.0, toolType[0]=TOOL_TYPE_UNKNOWN, buttonState=0, metaState=0, flags=0x0, edgeFlags=0x0, pointerCount=1, historySize=0, eventTime=1002817, downTime=1002817, deviceId=0, source=0x1002 }
I/Input   (15177): injectMotionEvent: MotionEvent { action=ACTION_MOVE, id[0]=0, x[0]=1136.0, y[0]=114.0, toolType[0]=TOOL_TYPE_UNKNOWN, buttonState=0, metaState=0, flags=0x0, edgeFlags=0x0, pointerCount=1, historySize=0, eventTime=1002835, downTime=1002835, deviceId=0, source=0x1002 }
I/Input   (15177): injectMotionEvent: MotionEvent { action=ACTION_MOVE, id[0]=0, x[0]=1136.0, y[0]=114.0, toolType[0]=TOOL_TYPE_UNKNOWN, buttonState=0, metaState=0, flags=0x0, edgeFlags=0x0, pointerCount=1, historySize=0, eventTime=1002851, downTime=1002851, deviceId=0, source=0x1002 }
I/Input   (15177): injectMotionEvent: MotionEvent { action=ACTION_MOVE, id[0]=0, x[0]=1136.0, y[0]=114.0, toolType[0]=TOOL_TYPE_UNKNOWN, buttonState=0, metaState=0, flags=0x0, edgeFlags=0x0, pointerCount=1, historySize=0, eventTime=1002867, downTime=1002867, deviceId=0, source=0x1002 }
I/Input   (15177): injectMotionEvent: MotionEvent { action=ACTION_MOVE, id[0]=0, x[0]=1136.0, y[0]=114.0, toolType[0]=TOOL_TYPE_UNKNOWN, buttonState=0, metaState=0, flags=0x0, edgeFlags=0x0, pointerCount=1, historySize=0, eventTime=1002885, downTime=1002885, deviceId=0, source=0x1002 }
I/Input   (15177): injectMotionEvent: MotionEvent { action=ACTION_MOVE, id[0]=0, x[0]=1136.0, y[0]=114.0, toolType[0]=TOOL_TYPE_UNKNOWN, buttonState=0, metaState=0, flags=0x0, edgeFlags=0x0, pointerCount=1, historySize=0, eventTime=1002906, downTime=1002906, deviceId=0, source=0x1002 }
I/Input   (15177): injectMotionEvent: MotionEvent { action=ACTION_MOVE, id[0]=0, x[0]=1136.0, y[0]=114.0, toolType[0]=TOOL_TYPE_UNKNOWN, buttonState=0, metaState=0, flags=0x0, edgeFlags=0x0, pointerCount=1, historySize=0, eventTime=1002919, downTime=1002919, deviceId=0, source=0x1002 }
I/Input   (15177): injectMotionEvent: MotionEvent { action=ACTION_MOVE, id[0]=0, x[0]=1136.0, y[0]=114.0, toolType[0]=TOOL_TYPE_UNKNOWN, buttonState=0, metaState=0, flags=0x0, edgeFlags=0x0, pointerCount=1, historySize=0, eventTime=1002937, downTime=1002937, deviceId=0, source=0x1002 }
I/Input   (15177): injectMotionEvent: MotionEvent { action=ACTION_MOVE, id[0]=0, x[0]=1136.0, y[0]=114.0, toolType[0]=TOOL_TYPE_UNKNOWN, buttonState=0, metaState=0, flags=0x0, edgeFlags=0x0, pointerCount=1, historySize=0, eventTime=1002951, downTime=1002951, deviceId=0, source=0x1002 }
I/Input   (15177): injectMotionEvent: MotionEvent { action=ACTION_MOVE, id[0]=0, x[0]=1136.0, y[0]=114.0, toolType[0]=TOOL_TYPE_UNKNOWN, buttonState=0, metaState=0, flags=0x0, edgeFlags=0x0, pointerCount=1, historySize=0, eventTime=1002969, downTime=1002969, deviceId=0, source=0x1002 }
I/Input   (15177): injectMotionEvent: MotionEvent { action=ACTION_MOVE, id[0]=0, x[0]=1136.0, y[0]=114.0, toolType[0]=TOOL_TYPE_UNKNOWN, buttonState=0, metaState=0, flags=0x0, edgeFlags=0x0, pointerCount=1, historySize=0, eventTime=1002987, downTime=1002987, deviceId=0, source=0x1002 }
I/Input   (15177): injectMotionEvent: MotionEvent { action=ACTION_MOVE, id[0]=0, x[0]=1136.0, y[0]=114.0, toolType[0]=TOOL_TYPE_UNKNOWN, buttonState=0, metaState=0, flags=0x0, edgeFlags=0x0, pointerCount=1, historySize=0, eventTime=1003013, downTime=1003013, deviceId=0, source=0x1002 }
I/Input   (15177): injectMotionEvent: MotionEvent { action=ACTION_MOVE, id[0]=0, x[0]=1136.0, y[0]=114.0, toolType[0]=TOOL_TYPE_UNKNOWN, buttonState=0, metaState=0, flags=0x0, edgeFlags=0x0, pointerCount=1, historySize=0, eventTime=1003035, downTime=1003035, deviceId=0, source=0x1002 }
I/Input   (15177): injectMotionEvent: MotionEvent { action=ACTION_MOVE, id[0]=0, x[0]=1136.0, y[0]=114.0, toolType[0]=TOOL_TYPE_UNKNOWN, buttonState=0, metaState=0, flags=0x0, edgeFlags=0x0, pointerCount=1, historySize=0, eventTime=1003051, downTime=1003051, deviceId=0, source=0x1002 }
I/Input   (15177): injectMotionEvent: MotionEvent { action=ACTION_MOVE, id[0]=0, x[0]=1136.0, y[0]=114.0, toolType[0]=TOOL_TYPE_UNKNOWN, buttonState=0, metaState=0, flags=0x0, edgeFlags=0x0, pointerCount=1, historySize=0, eventTime=1003090, downTime=1003090, deviceId=0, source=0x1002 }
I/Input   (15177): injectMotionEvent: MotionEvent { action=ACTION_MOVE, id[0]=0, x[0]=1136.0, y[0]=114.0, toolType[0]=TOOL_TYPE_UNKNOWN, buttonState=0, metaState=0, flags=0x0, edgeFlags=0x0, pointerCount=1, historySize=0, eventTime=1003109, downTime=1003109, deviceId=0, source=0x1002 }
I/Input   (15177): injectMotionEvent: MotionEvent { action=ACTION_MOVE, id[0]=0, x[0]=1136.0, y[0]=114.0, toolType[0]=TOOL_TYPE_UNKNOWN, buttonState=0, metaState=0, flags=0x0, edgeFlags=0x0, pointerCount=1, historySize=0, eventTime=1003135, downTime=1003135, deviceId=0, source=0x1002 }
I/Input   (15177): injectMotionEvent: MotionEvent { action=ACTION_MOVE, id[0]=0, x[0]=1136.0, y[0]=114.0, toolType[0]=TOOL_TYPE_UNKNOWN, buttonState=0, metaState=0, flags=0x0, edgeFlags=0x0, pointerCount=1, historySize=0, eventTime=1003179, downTime=1003179, deviceId=0, source=0x1002 }
I/Input   (15177): injectMotionEvent: MotionEvent { action=ACTION_MOVE, id[0]=0, x[0]=1136.0, y[0]=114.0, toolType[0]=TOOL_TYPE_UNKNOWN, buttonState=0, metaState=0, flags=0x0, edgeFlags=0x0, pointerCount=1, historySize=0, eventTime=1003222, downTime=1003222, deviceId=0, source=0x1002 }
I/Input   (15177): injectMotionEvent: MotionEvent { action=ACTION_MOVE, id[0]=0, x[0]=1136.0, y[0]=114.0, toolType[0]=TOOL_TYPE_UNKNOWN, buttonState=0, metaState=0, flags=0x0, edgeFlags=0x0, pointerCount=1, historySize=0, eventTime=1003267, downTime=1003267, deviceId=0, source=0x1002 }
I/Input   (15177): injectMotionEvent: MotionEvent { action=ACTION_MOVE, id[0]=0, x[0]=1136.0, y[0]=114.0, toolType[0]=TOOL_TYPE_UNKNOWN, buttonState=0, metaState=0, flags=0x0, edgeFlags=0x0, pointerCount=1, historySize=0, eventTime=1003308, downTime=1003308, deviceId=0, source=0x1002 }
I/Input   (15177): injectMotionEvent: MotionEvent { action=ACTION_MOVE, id[0]=0, x[0]=1136.0, y[0]=114.0, toolType[0]=TOOL_TYPE_UNKNOWN, buttonState=0, metaState=0, flags=0x0, edgeFlags=0x0, pointerCount=1, historySize=0, eventTime=1003337, downTime=1003337, deviceId=0, source=0x1002 }
I/Input   (15177): injectMotionEvent: MotionEvent { action=ACTION_MOVE, id[0]=0, x[0]=1136.0, y[0]=114.0, toolType[0]=TOOL_TYPE_UNKNOWN, buttonState=0, metaState=0, flags=0x0, edgeFlags=0x0, pointerCount=1, historySize=0, eventTime=1003353, downTime=1003353, deviceId=0, source=0x1002 }
I/Input   (15177): injectMotionEvent: MotionEvent { action=ACTION_MOVE, id[0]=0, x[0]=1136.0, y[0]=114.0, toolType[0]=TOOL_TYPE_UNKNOWN, buttonState=0, metaState=0, flags=0x0, edgeFlags=0x0, pointerCount=1, historySize=0, eventTime=1003367, downTime=1003367, deviceId=0, source=0x1002 }
I/Input   (15177): injectMotionEvent: MotionEvent { action=ACTION_MOVE, id[0]=0, x[0]=1136.0, y[0]=114.0, toolType[0]=TOOL_TYPE_UNKNOWN, buttonState=0, metaState=0, flags=0x0, edgeFlags=0x0, pointerCount=1, historySize=0, eventTime=1003386, downTime=1003386, deviceId=0, source=0x1002 }
I/Input   (15177): injectMotionEvent: MotionEvent { action=ACTION_MOVE, id[0]=0, x[0]=1136.0, y[0]=114.0, toolType[0]=TOOL_TYPE_UNKNOWN, buttonState=0, metaState=0, flags=0x0, edgeFlags=0x0, pointerCount=1, historySize=0, eventTime=1003402, downTime=1003402, deviceId=0, source=0x1002 }
I/Input   (15177): injectMotionEvent: MotionEvent { action=ACTION_MOVE, id[0]=0, x[0]=1136.0, y[0]=114.0, toolType[0]=TOOL_TYPE_UNKNOWN, buttonState=0, metaState=0, flags=0x0, edgeFlags=0x0, pointerCount=1, historySize=0, eventTime=1003417, downTime=1003417, deviceId=0, source=0x1002 }
I/Input   (15177): injectMotionEvent: MotionEvent { action=ACTION_MOVE, id[0]=0, x[0]=1136.0, y[0]=114.0, toolType[0]=TOOL_TYPE_UNKNOWN, buttonState=0, metaState=0, flags=0x0, edgeFlags=0x0, pointerCount=1, historySize=0, eventTime=1003437, downTime=1003437, deviceId=0, source=0x1002 }
I/Input   (15177): injectMotionEvent: MotionEvent { action=ACTION_MOVE, id[0]=0, x[0]=1136.0, y[0]=114.0, toolType[0]=TOOL_TYPE_UNKNOWN, buttonState=0, metaState=0, flags=0x0, edgeFlags=0x0, pointerCount=1, historySize=0, eventTime=1003451, downTime=1003451, deviceId=0, source=0x1002 }
I/Input   (15177): injectMotionEvent: MotionEvent { action=ACTION_MOVE, id[0]=0, x[0]=1136.0, y[0]=114.0, toolType[0]=TOOL_TYPE_UNKNOWN, buttonState=0, metaState=0, flags=0x0, edgeFlags=0x0, pointerCount=1, historySize=0, eventTime=1003467, downTime=1003467, deviceId=0, source=0x1002 }
I/Input   (15177): injectMotionEvent: MotionEvent { action=ACTION_MOVE, id[0]=0, x[0]=1136.0, y[0]=114.0, toolType[0]=TOOL_TYPE_UNKNOWN, buttonState=0, metaState=0, flags=0x0, edgeFlags=0x0, pointerCount=1, historySize=0, eventTime=1003485, downTime=1003485, deviceId=0, source=0x1002 }
I/Input   (15177): injectMotionEvent: MotionEvent { action=ACTION_MOVE, id[0]=0, x[0]=1136.0, y[0]=114.0, toolType[0]=TOOL_TYPE_UNKNOWN, buttonState=0, metaState=0, flags=0x0, edgeFlags=0x0, pointerCount=1, historySize=0, eventTime=1003502, downTime=1003502, deviceId=0, source=0x1002 }
I/Input   (15177): injectMotionEvent: MotionEvent { action=ACTION_MOVE, id[0]=0, x[0]=1136.0, y[0]=114.0, toolType[0]=TOOL_TYPE_UNKNOWN, buttonState=0, metaState=0, flags=0x0, edgeFlags=0x0, pointerCount=1, historySize=0, eventTime=1003517, downTime=1003517, deviceId=0, source=0x1002 }
I/Input   (15177): injectMotionEvent: MotionEvent { action=ACTION_MOVE, id[0]=0, x[0]=1136.0, y[0]=114.0, toolType[0]=TOOL_TYPE_UNKNOWN, buttonState=0, metaState=0, flags=0x0, edgeFlags=0x0, pointerCount=1, historySize=0, eventTime=1003534, downTime=1003534, deviceId=0, source=0x1002 }
I/Input   (15177): injectMotionEvent: MotionEvent { action=ACTION_MOVE, id[0]=0, x[0]=1136.0, y[0]=114.0, toolType[0]=TOOL_TYPE_UNKNOWN, buttonState=0, metaState=0, flags=0x0, edgeFlags=0x0, pointerCount=1, historySize=0, eventTime=1003552, downTime=1003552, deviceId=0, source=0x1002 }
I/Input   (15177): injectMotionEvent: MotionEvent { action=ACTION_MOVE, id[0]=0, x[0]=1136.0, y[0]=114.0, toolType[0]=TOOL_TYPE_UNKNOWN, buttonState=0, metaState=0, flags=0x0, edgeFlags=0x0, pointerCount=1, historySize=0, eventTime=1003568, downTime=1003568, deviceId=0, source=0x1002 }
I/Input   (15177): injectMotionEvent: MotionEvent { action=ACTION_MOVE, id[0]=0, x[0]=1136.0, y[0]=114.0, toolType[0]=TOOL_TYPE_UNKNOWN, buttonState=0, metaState=0, flags=0x0, edgeFlags=0x0, pointerCount=1, historySize=0, eventTime=1003585, downTime=1003585, deviceId=0, source=0x1002 }
I/Input   (15177): injectMotionEvent: MotionEvent { action=ACTION_MOVE, id[0]=0, x[0]=1136.0, y[0]=114.0, toolType[0]=TOOL_TYPE_UNKNOWN, buttonState=0, metaState=0, flags=0x0, edgeFlags=0x0, pointerCount=1, historySize=0, eventTime=1003600, downTime=1003600, deviceId=0, source=0x1002 }
I/Input   (15177): injectMotionEvent: MotionEvent { action=ACTION_MOVE, id[0]=0, x[0]=1136.0, y[0]=114.0, toolType[0]=TOOL_TYPE_UNKNOWN, buttonState=0, metaState=0, flags=0x0, edgeFlags=0x0, pointerCount=1, historySize=0, eventTime=1003618, downTime=1003618, deviceId=0, source=0x1002 }
I/Input   (15177): injectMotionEvent: MotionEvent { action=ACTION_MOVE, id[0]=0, x[0]=1136.0, y[0]=114.0, toolType[0]=TOOL_TYPE_UNKNOWN, buttonState=0, metaState=0, flags=0x0, edgeFlags=0x0, pointerCount=1, historySize=0, eventTime=1003635, downTime=1003635, deviceId=0, source=0x1002 }
I/Input   (15177): injectMotionEvent: MotionEvent { action=ACTION_MOVE, id[0]=0, x[0]=1136.0, y[0]=114.0, toolType[0]=TOOL_TYPE_UNKNOWN, buttonState=0, metaState=0, flags=0x0, edgeFlags=0x0, pointerCount=1, historySize=0, eventTime=1003650, downTime=1003650, deviceId=0, source=0x1002 }
I/Input   (15177): injectMotionEvent: MotionEvent { action=ACTION_MOVE, id[0]=0, x[0]=1136.0, y[0]=114.0, toolType[0]=TOOL_TYPE_UNKNOWN, buttonState=0, metaState=0, flags=0x0, edgeFlags=0x0, pointerCount=1, historySize=0, eventTime=1003667, downTime=1003667, deviceId=0, source=0x1002 }
I/Input   (15177): injectMotionEvent: MotionEvent { action=ACTION_MOVE, id[0]=0, x[0]=1136.0, y[0]=114.0, toolType[0]=TOOL_TYPE_UNKNOWN, buttonState=0, metaState=0, flags=0x0, edgeFlags=0x0, pointerCount=1, historySize=0, eventTime=1003685, downTime=1003685, deviceId=0, source=0x1002 }
I/Input   (15177): injectMotionEvent: MotionEvent { action=ACTION_MOVE, id[0]=0, x[0]=1136.0, y[0]=114.0, toolType[0]=TOOL_TYPE_UNKNOWN, buttonState=0, metaState=0, flags=0x0, edgeFlags=0x0, pointerCount=1, historySize=0, eventTime=1003701, downTime=1003701, deviceId=0, source=0x1002 }
I/Input   (15177): injectMotionEvent: MotionEvent { action=ACTION_MOVE, id[0]=0, x[0]=1136.0, y[0]=114.0, toolType[0]=TOOL_TYPE_UNKNOWN, buttonState=0, metaState=0, flags=0x0, edgeFlags=0x0, pointerCount=1, historySize=0, eventTime=1003718, downTime=1003718, deviceId=0, source=0x1002 }
I/Input   (15177): injectMotionEvent: MotionEvent { action=ACTION_MOVE, id[0]=0, x[0]=1136.0, y[0]=114.0, toolType[0]=TOOL_TYPE_UNKNOWN, buttonState=0, metaState=0, flags=0x0, edgeFlags=0x0, pointerCount=1, historySize=0, eventTime=1003735, downTime=1003735, deviceId=0, source=0x1002 }
I/Input   (15177): injectMotionEvent: MotionEvent { action=ACTION_MOVE, id[0]=0, x[0]=1136.0, y[0]=114.0, toolType[0]=TOOL_TYPE_UNKNOWN, buttonState=0, metaState=0, flags=0x0, edgeFlags=0x0, pointerCount=1, historySize=0, eventTime=1003750, downTime=1003750, deviceId=0, source=0x1002 }
I/Input   (15177): injectMotionEvent: MotionEvent { action=ACTION_MOVE, id[0]=0, x[0]=1136.0, y[0]=114.0, toolType[0]=TOOL_TYPE_UNKNOWN, buttonState=0, metaState=0, flags=0x0, edgeFlags=0x0, pointerCount=1, historySize=0, eventTime=1003767, downTime=1003767, deviceId=0, source=0x1002 }
I/Input   (15177): injectMotionEvent: MotionEvent { action=ACTION_MOVE, id[0]=0, x[0]=1136.0, y[0]=114.0, toolType[0]=TOOL_TYPE_UNKNOWN, buttonState=0, metaState=0, flags=0x0, edgeFlags=0x0, pointerCount=1, historySize=0, eventTime=1003784, downTime=1003784, deviceId=0, source=0x1002 }
I/Input   (15177): injectMotionEvent: MotionEvent { action=ACTION_MOVE, id[0]=0, x[0]=1136.0, y[0]=114.0, toolType[0]=TOOL_TYPE_UNKNOWN, buttonState=0, metaState=0, flags=0x0, edgeFlags=0x0, pointerCount=1, historySize=0, eventTime=1003800, downTime=1003800, deviceId=0, source=0x1002 }
I/Input   (15177): injectMotionEvent: MotionEvent { action=ACTION_MOVE, id[0]=0, x[0]=1136.0, y[0]=114.0, toolType[0]=TOOL_TYPE_UNKNOWN, buttonState=0, metaState=0, flags=0x0, edgeFlags=0x0, pointerCount=1, historySize=0, eventTime=1003817, downTime=1003817, deviceId=0, source=0x1002 }
I/Input   (15177): injectMotionEvent: MotionEvent { action=ACTION_MOVE, id[0]=0, x[0]=1136.0, y[0]=114.0, toolType[0]=TOOL_TYPE_UNKNOWN, buttonState=0, metaState=0, flags=0x0, edgeFlags=0x0, pointerCount=1, historySize=0, eventTime=1003834, downTime=1003834, deviceId=0, source=0x1002 }
I/Input   (15177): injectMotionEvent: MotionEvent { action=ACTION_MOVE, id[0]=0, x[0]=1136.0, y[0]=114.0, toolType[0]=TOOL_TYPE_UNKNOWN, buttonState=0, metaState=0, flags=0x0, edgeFlags=0x0, pointerCount=1, historySize=0, eventTime=1003850, downTime=1003850, deviceId=0, source=0x1002 }
I/Input   (15177): injectMotionEvent: MotionEvent { action=ACTION_MOVE, id[0]=0, x[0]=1136.0, y[0]=114.0, toolType[0]=TOOL_TYPE_UNKNOWN, buttonState=0, metaState=0, flags=0x0, edgeFlags=0x0, pointerCount=1, historySize=0, eventTime=1003868, downTime=1003868, deviceId=0, source=0x1002 }
I/Input   (15177): injectMotionEvent: MotionEvent { action=ACTION_MOVE, id[0]=0, x[0]=1136.0, y[0]=114.0, toolType[0]=TOOL_TYPE_UNKNOWN, buttonState=0, metaState=0, flags=0x0, edgeFlags=0x0, pointerCount=1, historySize=0, eventTime=1003884, downTime=1003884, deviceId=0, source=0x1002 }
I/Input   (15177): injectMotionEvent: MotionEvent { action=ACTION_MOVE, id[0]=0, x[0]=1136.0, y[0]=114.0, toolType[0]=TOOL_TYPE_UNKNOWN, buttonState=0, metaState=0, flags=0x0, edgeFlags=0x0, pointerCount=1, historySize=0, eventTime=1003900, downTime=1003900, deviceId=0, source=0x1002 }
I/Input   (15177): injectMotionEvent: MotionEvent { action=ACTION_MOVE, id[0]=0, x[0]=1136.0, y[0]=114.0, toolType[0]=TOOL_TYPE_UNKNOWN, buttonState=0, metaState=0, flags=0x0, edgeFlags=0x0, pointerCount=1, historySize=0, eventTime=1003917, downTime=1003917, deviceId=0, source=0x1002 }
I/Input   (15177): injectMotionEvent: MotionEvent { action=ACTION_MOVE, id[0]=0, x[0]=1136.0, y[0]=114.0, toolType[0]=TOOL_TYPE_UNKNOWN, buttonState=0, metaState=0, flags=0x0, edgeFlags=0x0, pointerCount=1, historySize=0, eventTime=1003938, downTime=1003938, deviceId=0, source=0x1002 }
I/Input   (15177): injectMotionEvent: MotionEvent { action=ACTION_MOVE, id[0]=0, x[0]=1136.0, y[0]=114.0, toolType[0]=TOOL_TYPE_UNKNOWN, buttonState=0, metaState=0, flags=0x0, edgeFlags=0x0, pointerCount=1, historySize=0, eventTime=1003950, downTime=1003950, deviceId=0, source=0x1002 }
I/Input   (15177): injectMotionEvent: MotionEvent { action=ACTION_MOVE, id[0]=0, x[0]=1136.0, y[0]=114.0, toolType[0]=TOOL_TYPE_UNKNOWN, buttonState=0, metaState=0, flags=0x0, edgeFlags=0x0, pointerCount=1, historySize=0, eventTime=1003967, downTime=1003967, deviceId=0, source=0x1002 }
I/Input   (15177): injectMotionEvent: MotionEvent { action=ACTION_MOVE, id[0]=0, x[0]=1136.0, y[0]=114.0, toolType[0]=TOOL_TYPE_UNKNOWN, buttonState=0, metaState=0, flags=0x0, edgeFlags=0x0, pointerCount=1, historySize=0, eventTime=1003985, downTime=1003985, deviceId=0, source=0x1002 }
I/Input   (15177): injectMotionEvent: MotionEvent { action=ACTION_MOVE, id[0]=0, x[0]=1136.0, y[0]=114.0, toolType[0]=TOOL_TYPE_UNKNOWN, buttonState=0, metaState=0, flags=0x0, edgeFlags=0x0, pointerCount=1, historySize=0, eventTime=1004000, downTime=1004000, deviceId=0, source=0x1002 }
I/Input   (15177): injectMotionEvent: MotionEvent { action=ACTION_MOVE, id[0]=0, x[0]=1136.0, y[0]=114.0, toolType[0]=TOOL_TYPE_UNKNOWN, buttonState=0, metaState=0, flags=0x0, edgeFlags=0x0, pointerCount=1, historySize=0, eventTime=1004019, downTime=1004019, deviceId=0, source=0x1002 }
I/Input   (15177): injectMotionEvent: MotionEvent { action=ACTION_MOVE, id[0]=0, x[0]=1136.0, y[0]=114.0, toolType[0]=TOOL_TYPE_UNKNOWN, buttonState=0, metaState=0, flags=0x0, edgeFlags=0x0, pointerCount=1, historySize=0, eventTime=1004033, downTime=1004033, deviceId=0, source=0x1002 }
I/Input   (15177): injectMotionEvent: MotionEvent { action=ACTION_MOVE, id[0]=0, x[0]=1136.0, y[0]=114.0, toolType[0]=TOOL_TYPE_UNKNOWN, buttonState=0, metaState=0, flags=0x0, edgeFlags=0x0, pointerCount=1, historySize=0, eventTime=1004055, downTime=1004055, deviceId=0, source=0x1002 }
I/Input   (15177): injectMotionEvent: MotionEvent { action=ACTION_MOVE, id[0]=0, x[0]=1136.0, y[0]=114.0, toolType[0]=TOOL_TYPE_UNKNOWN, buttonState=0, metaState=0, flags=0x0, edgeFlags=0x0, pointerCount=1, historySize=0, eventTime=1004067, downTime=1004067, deviceId=0, source=0x1002 }
I/Input   (15177): injectMotionEvent: MotionEvent { action=ACTION_MOVE, id[0]=0, x[0]=1136.0, y[0]=114.0, toolType[0]=TOOL_TYPE_UNKNOWN, buttonState=0, metaState=0, flags=0x0, edgeFlags=0x0, pointerCount=1, historySize=0, eventTime=1004084, downTime=1004084, deviceId=0, source=0x1002 }
I/Input   (15177): injectMotionEvent: MotionEvent { action=ACTION_MOVE, id[0]=0, x[0]=1136.0, y[0]=114.0, toolType[0]=TOOL_TYPE_UNKNOWN, buttonState=0, metaState=0, flags=0x0, edgeFlags=0x0, pointerCount=1, historySize=0, eventTime=1004100, downTime=1004100, deviceId=0, source=0x1002 }
I/Input   (15177): injectMotionEvent: MotionEvent { action=ACTION_MOVE, id[0]=0, x[0]=1136.0, y[0]=114.0, toolType[0]=TOOL_TYPE_UNKNOWN, buttonState=0, metaState=0, flags=0x0, edgeFlags=0x0, pointerCount=1, historySize=0, eventTime=1004118, downTime=1004118, deviceId=0, source=0x1002 }
I/Input   (15177): injectMotionEvent: MotionEvent { action=ACTION_MOVE, id[0]=0, x[0]=1136.0, y[0]=114.0, toolType[0]=TOOL_TYPE_UNKNOWN, buttonState=0, metaState=0, flags=0x0, edgeFlags=0x0, pointerCount=1, historySize=0, eventTime=1004136, downTime=1004136, deviceId=0, source=0x1002 }
I/Input   (15177): injectMotionEvent: MotionEvent { action=ACTION_MOVE, id[0]=0, x[0]=1136.0, y[0]=114.0, toolType[0]=TOOL_TYPE_UNKNOWN, buttonState=0, metaState=0, flags=0x0, edgeFlags=0x0, pointerCount=1, historySize=0, eventTime=1004150, downTime=1004150, deviceId=0, source=0x1002 }
I/Input   (15177): injectMotionEvent: MotionEvent { action=ACTION_MOVE, id[0]=0, x[0]=1136.0, y[0]=114.0, toolType[0]=TOOL_TYPE_UNKNOWN, buttonState=0, metaState=0, flags=0x0, edgeFlags=0x0, pointerCount=1, historySize=0, eventTime=1004167, downTime=1004167, deviceId=0, source=0x1002 }
I/Input   (15177): injectMotionEvent: MotionEvent { action=ACTION_MOVE, id[0]=0, x[0]=1136.0, y[0]=114.0, toolType[0]=TOOL_TYPE_UNKNOWN, buttonState=0, metaState=0, flags=0x0, edgeFlags=0x0, pointerCount=1, historySize=0, eventTime=1004185, downTime=1004185, deviceId=0, source=0x1002 }
I/Input   (15177): injectMotionEvent: MotionEvent { action=ACTION_MOVE, id[0]=0, x[0]=1136.0, y[0]=114.0, toolType[0]=TOOL_TYPE_UNKNOWN, buttonState=0, metaState=0, flags=0x0, edgeFlags=0x0, pointerCount=1, historySize=0, eventTime=1004201, downTime=1004201, deviceId=0, source=0x1002 }
I/Input   (15177): injectMotionEvent: MotionEvent { action=ACTION_MOVE, id[0]=0, x[0]=1136.0, y[0]=114.0, toolType[0]=TOOL_TYPE_UNKNOWN, buttonState=0, metaState=0, flags=0x0, edgeFlags=0x0, pointerCount=1, historySize=0, eventTime=1004218, downTime=1004218, deviceId=0, source=0x1002 }
I/Input   (15177): injectMotionEvent: MotionEvent { action=ACTION_MOVE, id[0]=0, x[0]=1136.0, y[0]=114.0, toolType[0]=TOOL_TYPE_UNKNOWN, buttonState=0, metaState=0, flags=0x0, edgeFlags=0x0, pointerCount=1, historySize=0, eventTime=1004235, downTime=1004235, deviceId=0, source=0x1002 }
I/Input   (15177): injectMotionEvent: MotionEvent { action=ACTION_MOVE, id[0]=0, x[0]=1136.0, y[0]=114.0, toolType[0]=TOOL_TYPE_UNKNOWN, buttonState=0, metaState=0, flags=0x0, edgeFlags=0x0, pointerCount=1, historySize=0, eventTime=1004251, downTime=1004251, deviceId=0, source=0x1002 }
I/Input   (15177): injectMotionEvent: MotionEvent { action=ACTION_MOVE, id[0]=0, x[0]=1136.0, y[0]=114.0, toolType[0]=TOOL_TYPE_UNKNOWN, buttonState=0, metaState=0, flags=0x0, edgeFlags=0x0, pointerCount=1, historySize=0, eventTime=1004268, downTime=1004268, deviceId=0, source=0x1002 }
I/Input   (15177): injectMotionEvent: MotionEvent { action=ACTION_MOVE, id[0]=0, x[0]=1136.0, y[0]=114.0, toolType[0]=TOOL_TYPE_UNKNOWN, buttonState=0, metaState=0, flags=0x0, edgeFlags=0x0, pointerCount=1, historySize=0, eventTime=1004285, downTime=1004285, deviceId=0, source=0x1002 }
I/Input   (15177): injectMotionEvent: MotionEvent { action=ACTION_MOVE, id[0]=0, x[0]=1136.0, y[0]=114.0, toolType[0]=TOOL_TYPE_UNKNOWN, buttonState=0, metaState=0, flags=0x0, edgeFlags=0x0, pointerCount=1, historySize=0, eventTime=1004302, downTime=1004302, deviceId=0, source=0x1002 }
I/Input   (15177): injectMotionEvent: MotionEvent { action=ACTION_MOVE, id[0]=0, x[0]=1136.0, y[0]=114.0, toolType[0]=TOOL_TYPE_UNKNOWN, buttonState=0, metaState=0, flags=0x0, edgeFlags=0x0, pointerCount=1, historySize=0, eventTime=1004317, downTime=1004317, deviceId=0, source=0x1002 }
I/Input   (15177): injectMotionEvent: MotionEvent { action=ACTION_MOVE, id[0]=0, x[0]=1136.0, y[0]=114.0, toolType[0]=TOOL_TYPE_UNKNOWN, buttonState=0, metaState=0, flags=0x0, edgeFlags=0x0, pointerCount=1, historySize=0, eventTime=1004335, downTime=1004335, deviceId=0, source=0x1002 }
I/Input   (15177): injectMotionEvent: MotionEvent { action=ACTION_MOVE, id[0]=0, x[0]=1136.0, y[0]=114.0, toolType[0]=TOOL_TYPE_UNKNOWN, buttonState=0, metaState=0, flags=0x0, edgeFlags=0x0, pointerCount=1, historySize=0, eventTime=1004352, downTime=1004352, deviceId=0, source=0x1002 }
I/Input   (15177): injectMotionEvent: MotionEvent { action=ACTION_MOVE, id[0]=0, x[0]=1136.0, y[0]=114.0, toolType[0]=TOOL_TYPE_UNKNOWN, buttonState=0, metaState=0, flags=0x0, edgeFlags=0x0, pointerCount=1, historySize=0, eventTime=1004368, downTime=1004368, deviceId=0, source=0x1002 }
