--------- beginning of main
07-25 16:55:21.431  1781  1781 D AndroidRuntime: >>>>>> START com.android.internal.os.RuntimeInit uid 0 <<<<<<
07-25 16:55:21.432  1781  1781 D AndroidRuntime: CheckJNI is OFF
07-25 16:55:21.443  1781  1781 D ICU     : No timezone override file found: /data/misc/zoneinfo/current/icu/icu_tzdata.dat
07-25 16:55:21.454  1781  1781 E memtrack: Couldn't load memtrack module (No such file or directory)
07-25 16:55:21.454  1781  1781 E android.os.Debug: failed to load memtrack module: -2
07-25 16:55:21.455  1781  1781 I Radio-JNI: register_android_hardware_Radio DONE
07-25 16:55:21.461  1781  1781 D AndroidRuntime: Calling main entry com.android.commands.pm.Pm
07-25 16:55:21.464   618   756 I PackageManager: Package doesn't exist in get block uninstall com.markuspage.android.atimetracker
--------- beginning of system
07-25 16:55:21.465   618   644 W PackageManager: Package named 'com.markuspage.android.atimetracker' doesn't exist.
07-25 16:55:21.465   618   644 I art     : Starting a blocking GC Explicit
07-25 16:55:21.474   618   644 I art     : Explicit concurrent mark sweep GC freed 21287(1539KB) AllocSpace objects, 19(432KB) LOS objects, 33% free, 5MB/8MB, paused 228us total 9.271ms
07-25 16:55:21.475  1781  1781 E Pm      : Failure details: Bundle[{android.content.pm.extra.STATUS=1, android.content.pm.extra.PACKAGE_NAME=com.markuspage.android.atimetracker, android.content.pm.extra.LEGACY_STATUS=-1, android.content.pm.extra.STATUS_MESSAGE=DELETE_FAILED_INTERNAL_ERROR}]
07-25 16:55:21.475  1781  1781 I art     : System.exit called, status: 1
07-25 16:55:21.475  1781  1781 I AndroidRuntime: VM exiting with result code 1.
07-25 16:55:21.649  1794  1794 D AndroidRuntime: >>>>>> START com.android.internal.os.RuntimeInit uid 0 <<<<<<
07-25 16:55:21.650  1794  1794 D AndroidRuntime: CheckJNI is OFF
07-25 16:55:21.659  1794  1794 D ICU     : No timezone override file found: /data/misc/zoneinfo/current/icu/icu_tzdata.dat
07-25 16:55:21.671  1794  1794 E memtrack: Couldn't load memtrack module (No such file or directory)
07-25 16:55:21.671  1794  1794 E android.os.Debug: failed to load memtrack module: -2
07-25 16:55:21.672  1794  1794 I Radio-JNI: register_android_hardware_Radio DONE
07-25 16:55:21.677  1794  1794 D AndroidRuntime: Calling main entry com.android.commands.pm.Pm
07-25 16:55:21.691   618   644 I ActivityManager: Start proc 1802:com.android.defcontainer/u0a4 for service com.android.defcontainer/.DefaultContainerService
07-25 16:55:21.716  1802  1802 E libprocessgroup: failed to make and chown /acct/uid_10004: Read-only file system
07-25 16:55:21.717  1802  1802 W Zygote  : createProcessGroup failed, kernel missing CONFIG_CGROUP_CPUACCT?
07-25 16:55:21.739  1802  1813 D DefContainer: Copying /data/local/tmp/timetracker-release-unsigned_COMPLEX.apk to base.apk
07-25 16:55:21.773   618   644 I PackageManager.DexOptimizer: Running dexopt (dex2oat) on: /data/app/vmdl1934015439.tmp/base.apk pkg=com.markuspage.android.atimetracker isa=x86 vmSafeMode=false debuggable=false oatDir = /data/app/vmdl1934015439.tmp/oat
07-25 16:55:21.780  1816  1816 W dex2oat : Unexpected CPU variant for X86 using defaults: x86
07-25 16:55:21.780  1816  1816 I dex2oat : Starting dex2oat.
07-25 16:55:21.780  1816  1816 E cutils-trace: Error opening trace file: Permission denied (13)
07-25 16:55:22.235  1816  1816 I dex2oat : dex2oat took 454.856ms (threads: 4) arena alloc=1910KB java alloc=1609KB native alloc=8MB free=2041KB
07-25 16:55:22.251   618   644 I PackageManager: New shared user com.markuspage.android.atimetracker: id=10060
07-25 16:55:22.279   618   644 V BackupManagerService: restoreAtInstall pkg=com.markuspage.android.atimetracker token=1 restoreSet=0
07-25 16:55:22.279   618   644 V BackupManagerService: Finishing install immediately
07-25 16:55:22.280   618   644 W Settings: Setting install_non_market_apps has moved from android.provider.Settings.Global to android.provider.Settings.Secure, returning read-only value.
07-25 16:55:22.280   618   644 I art     : Starting a blocking GC Explicit
07-25 16:55:22.293   618   644 I art     : Explicit concurrent mark sweep GC freed 22608(1458KB) AllocSpace objects, 7(140KB) LOS objects, 33% free, 5MB/8MB, paused 540us total 13.185ms
07-25 16:55:22.294  1794  1794 I art     : System.exit called, status: 0
07-25 16:55:22.294  1794  1794 I AndroidRuntime: VM exiting with result code 0.
07-25 16:55:22.308   618   675 I InputReader: Reconfiguring input devices.  changes=0x00000010
07-25 16:55:22.313   618   630 I ActivityManager: Start proc 1824:com.android.musicfx/u0a10 for broadcast com.android.musicfx/.Compatibility$Receiver
07-25 16:55:22.314  1005  1005 D CarrierServiceBindHelper: Receive action: android.intent.action.PACKAGE_ADDED
07-25 16:55:22.315  1005  1005 D CarrierServiceBindHelper: mHandler: 3
07-25 16:55:22.315  1005  1005 D CarrierConfigLoader: mHandler: 9 phoneId: 0
07-25 16:55:22.340  1824  1824 E libprocessgroup: failed to make and chown /acct/uid_10010: Read-only file system
07-25 16:55:22.340  1824  1824 W Zygote  : createProcessGroup failed, kernel missing CONFIG_CGROUP_CPUACCT?
07-25 16:55:22.356   618   632 W VoiceInteractionManagerService: no available voice recognition services found for user 0
07-25 16:55:22.382  1824  1824 W System  : ClassLoader referenced unknown path: /system/priv-app/MusicFX/lib/x86
07-25 16:55:22.405   618  1071 I ActivityManager: Start proc 1853:com.svox.pico/u0a50 for broadcast com.svox.pico/.VoiceDataInstallerReceiver
07-25 16:55:22.407   618   756 I ActivityManager: Killing 1594:com.android.keychain/1000 (adj 15): empty #17
07-25 16:55:22.407   618   756 W libprocessgroup: failed to open /acct/uid_1000/pid_1594/cgroup.procs: No such file or directory
07-25 16:55:22.440  1853  1853 E libprocessgroup: failed to make and chown /acct/uid_10050: Read-only file system
07-25 16:55:22.440  1853  1853 W Zygote  : createProcessGroup failed, kernel missing CONFIG_CGROUP_CPUACCT?
07-25 16:55:22.465   618   630 I ActivityManager: Killing 1601:com.android.dialer/u0a5 (adj 15): empty #17
07-25 16:55:22.465   618   630 W libprocessgroup: failed to open /acct/uid_10005/pid_1601/cgroup.procs: No such file or directory
07-25 16:55:22.559  1848  1848 D AndroidRuntime: >>>>>> START com.android.internal.os.RuntimeInit uid 0 <<<<<<
07-25 16:55:22.560  1848  1848 D AndroidRuntime: CheckJNI is OFF
07-25 16:55:22.570  1848  1848 D ICU     : No timezone override file found: /data/misc/zoneinfo/current/icu/icu_tzdata.dat
07-25 16:55:22.582  1848  1848 E memtrack: Couldn't load memtrack module (No such file or directory)
07-25 16:55:22.582  1848  1848 E android.os.Debug: failed to load memtrack module: -2
07-25 16:55:22.583  1848  1848 I Radio-JNI: register_android_hardware_Radio DONE
07-25 16:55:22.589  1848  1848 D AndroidRuntime: Calling main entry com.android.commands.monkey.Monkey
07-25 16:55:22.600   618   633 W BroadcastQueue: Skipping deliver [background] BroadcastRecord{e137e17 u-1 android.net.conn.CONNECTIVITY_CHANGE} to ReceiverList{b81e204 1848 (unknown name)/0/u-1 remote:8ceddb1}: process crashing
07-25 16:55:22.606   618   746 I ActivityManager: START u0 {act=android.intent.action.MAIN cat=[android.intent.category.LAUNCHER] flg=0x10200000 cmp=com.markuspage.android.atimetracker/.Activities} from uid 0 on display 0
07-25 16:55:22.623   618   997 I ActivityManager: Start proc 1874:com.markuspage.android.atimetracker/u0a60 for activity com.markuspage.android.atimetracker/.Activities
07-25 16:55:22.639  1848  1848 I art     : System.exit called, status: 0
07-25 16:55:22.640  1848  1848 I AndroidRuntime: VM exiting with result code 0.
07-25 16:55:22.652   337  1687 D         : HostConnection::get() New Host Connection established 0xf6c3e4c0, tid 1687
07-25 16:55:22.653  1874  1874 E libprocessgroup: failed to make and chown /acct/uid_10060: Read-only file system
07-25 16:55:22.653  1874  1874 W Zygote  : createProcessGroup failed, kernel missing CONFIG_CGROUP_CPUACCT?
07-25 16:55:22.672  1874  1874 W System  : ClassLoader referenced unknown path: /data/app/com.markuspage.android.atimetracker-1/lib/x86
07-25 16:55:22.674  1874  1874 D leak-33 : Eastern Standard Time
07-25 16:55:22.675  1874  1874 D leak-34 : Eastern Standard Time
07-25 16:55:22.676  1874  1874 D leak-143: Eastern Standard Time
07-25 16:55:22.676  1874  1874 D leak-256: Eastern Standard Time
07-25 16:55:22.695   618   630 I MediaFocusControl:  AudioFocus  abandonAudioFocus() from android.media.AudioManager@a410cd3com.android.music.MediaPlaybackService$3@dccf010
07-25 16:55:22.695  1824  1824 V MusicFXControlPanelReceiver: onReceive
07-25 16:55:22.695  1824  1824 V MusicFXControlPanelReceiver: Action: android.media.action.CLOSE_AUDIO_EFFECT_CONTROL_SESSION
07-25 16:55:22.695  1824  1824 V MusicFXControlPanelReceiver: Package name: com.android.music
07-25 16:55:22.695  1824  1824 V MusicFXControlPanelReceiver: Audio session: 4
07-25 16:55:22.695  1824  1824 V MusicFXControlPanelEffect: closeSession(android.app.ReceiverRestrictedContext@a410cd3, com.android.music, 4)
07-25 16:55:22.701   618  1071 I ActivityManager: Killing 1224:com.android.music/u0a44 (adj 15): empty #17
07-25 16:55:22.701   618  1071 W libprocessgroup: failed to open /acct/uid_10044/pid_1224/cgroup.procs: No such file or directory
07-25 16:55:22.703  1874  1874 D leak-257: Eastern Standard Time
07-25 16:55:22.734  1874  1874 D leak-168: Eastern Standard Time
07-25 16:55:22.735  1874  1874 D leak-168: Eastern Standard Time
07-25 16:55:22.735  1874  1874 D leak-168: Eastern Standard Time
07-25 16:55:22.735  1874  1874 D leak-71 : Eastern Standard Time
07-25 16:55:22.735  1874  1874 D leak-146: Eastern Standard Time
07-25 16:55:22.735  1874  1874 D leak-147: Eastern Standard Time
07-25 16:55:22.735  1874  1874 D leak-148: Eastern Standard Time
07-25 16:55:22.735  1874  1874 D leak-149: Eastern Standard Time
07-25 16:55:22.735  1874  1874 D leak-150: Eastern Standard Time
07-25 16:55:22.735  1874  1874 D leak-150: Eastern Standard Time
07-25 16:55:22.735  1874  1874 D leak-150: Eastern Standard Time
07-25 16:55:22.735  1874  1874 D leak-149: Eastern Standard Time
07-25 16:55:22.735  1874  1874 D leak-150: Eastern Standard Time
07-25 16:55:22.735  1874  1874 D leak-150: Eastern Standard Time
07-25 16:55:22.735  1874  1874 D leak-150: Eastern Standard Time
07-25 16:55:22.735  1874  1874 D leak-149: Eastern Standard Time
07-25 16:55:22.735  1874  1874 D leak-150: Eastern Standard Time
07-25 16:55:22.735  1874  1874 D leak-150: Eastern Standard Time
07-25 16:55:22.735  1874  1874 D leak-150: Eastern Standard Time
07-25 16:55:22.735  1874  1874 D leak-149: Eastern Standard Time
07-25 16:55:22.735  1874  1874 D leak-150: Eastern Standard Time
07-25 16:55:22.735  1874  1874 D leak-150: Eastern Standard Time
07-25 16:55:22.736  1874  1874 D leak-150: Eastern Standard Time
07-25 16:55:22.736  1874  1874 D leak-151: Eastern Standard Time
07-25 16:55:22.737  1874  1874 D leak-159: Eastern Standard Time
07-25 16:55:22.738  1874  1874 D leak-168: Eastern Standard Time
07-25 16:55:22.739  1874  1874 D leak-168: Eastern Standard Time
07-25 16:55:22.739  1874  1874 D leak-72 : Eastern Standard Time
07-25 16:55:22.739  1874  1874 D leak-137: Eastern Standard Time
07-25 16:55:22.739  1874  1874 D leak-138: Eastern Standard Time
07-25 16:55:22.739  1874  1874 D leak-141: Eastern Standard Time
07-25 16:55:22.739  1874  1874 D leak-35 : Eastern Standard Time
07-25 16:55:22.739  1874  1874 D leak-36 : Eastern Standard Time
07-25 16:55:22.739  1874  1874 D leak-91 : Eastern Standard Time
07-25 16:55:22.739  1874  1874 D leak-92 : Eastern Standard Time
07-25 16:55:22.739  1874  1874 D leak-93 : Eastern Standard Time
07-25 16:55:22.740  1874  1874 D leak-42 : Eastern Standard Time
07-25 16:55:22.743  1874  1874 D leak-55 : Eastern Standard Time
07-25 16:55:22.743  1874  1874 D leak-95 : Eastern Standard Time
07-25 16:55:22.743  1874  1874 D leak-91 : Eastern Standard Time
07-25 16:55:22.757  1874  1874 V WebViewFactory: webViewPackageName: com.android.webview
07-25 16:55:22.757  1874  1874 I WebViewFactory: Loading com.android.webview version 44.0.2403.119 (code 246011910)
07-25 16:55:22.785  1874  1874 W System  : ClassLoader referenced unknown path: /system/app/webview/lib/x86
07-25 16:55:22.828  1874  1874 I LibraryLoader: Time to load native libraries: 7 ms (timestamps 7821-7828)
07-25 16:55:22.829  1874  1874 I LibraryLoader: Expected native library version number "",actual native library version number ""
07-25 16:55:22.833  1874  1874 V WebViewChromiumFactoryProvider: Binding Chromium to main looper Looper (main, tid 1) {dd30479}
07-25 16:55:22.833  1874  1874 I LibraryLoader: Expected native library version number "",actual native library version number ""
07-25 16:55:22.838  1874  1874 I chromium: [INFO:library_loader_hooks.cc(120)] Chromium logging enabled: level = 0, default verbosity = 0
07-25 16:55:22.841  1874  1874 I BrowserStartupController: Initializing chromium process, singleProcess=true
07-25 16:55:22.845  1874  1874 E SysUtils: ApplicationContext is null in ApplicationStatus
07-25 16:55:22.887  1874  1874 W chromium: [WARNING:resource_bundle.cc(285)] locale_file_path.empty()
07-25 16:55:22.892  1874  1874 D libEGL  : loaded /system/lib/egl/libEGL_emulation.so
07-25 16:55:22.893  1874  1874 D libEGL  : loaded /system/lib/egl/libGLESv1_CM_emulation.so
07-25 16:55:22.897  1874  1874 D libEGL  : loaded /system/lib/egl/libGLESv2_emulation.so
07-25 16:55:22.902  1874  1874 E libEGL  : validate_display:255 error 3008 (EGL_BAD_DISPLAY)
07-25 16:55:22.902  1874  1874 E libEGL  : validate_display:255 error 3008 (EGL_BAD_DISPLAY)
07-25 16:55:22.903  1874  1874 D         : HostConnection::get() New Host Connection established 0xe9b5fbf0, tid 1874
07-25 16:55:22.922  1874  1874 E eglCodecCommon: glUtilsParamSize: unknow param 0x00008d57
07-25 16:55:22.953  1874  1905 W AudioManagerAndroid: Requires BLUETOOTH permission
07-25 16:55:22.984  1874  1874 E DataReductionProxySettingListener: No DRP key due to exception:java.lang.ClassNotFoundException: com.android.webview.chromium.Drp
07-25 16:55:22.987  1874  1874 D leak-96 : Eastern Standard Time
07-25 16:55:22.990  1874  1909 D OpenGLRenderer: Use EGL_SWAP_BEHAVIOR_PRESERVED: true
07-25 16:55:22.994  1874  1874 D leak-91 : Eastern Standard Time
07-25 16:55:23.000  1874  1874 D leak-48 : Eastern Standard Time
07-25 16:55:23.000  1874  1874 D leak-71 : Eastern Standard Time
07-25 16:55:23.000  1874  1874 D leak-146: Eastern Standard Time
07-25 16:55:23.000  1874  1874 D leak-147: Eastern Standard Time
07-25 16:55:23.000  1874  1874 D leak-148: Eastern Standard Time
07-25 16:55:23.000  1874  1874 D leak-149: Eastern Standard Time
07-25 16:55:23.000  1874  1874 D leak-150: Eastern Standard Time
07-25 16:55:23.000  1874  1874 D leak-150: Eastern Standard Time
07-25 16:55:23.000  1874  1874 D leak-150: Eastern Standard Time
07-25 16:55:23.000  1874  1874 D leak-149: Eastern Standard Time
07-25 16:55:23.000  1874  1874 D leak-150: Eastern Standard Time
07-25 16:55:23.000  1874  1874 D leak-150: Eastern Standard Time
07-25 16:55:23.000  1874  1874 D leak-150: Eastern Standard Time
07-25 16:55:23.000  1874  1874 D leak-149: Eastern Standard Time
07-25 16:55:23.000  1874  1874 D leak-150: Eastern Standard Time
07-25 16:55:23.000  1874  1874 D leak-150: Eastern Standard Time
07-25 16:55:23.000  1874  1874 D leak-150: Eastern Standard Time
07-25 16:55:23.000  1874  1874 D leak-149: Eastern Standard Time
07-25 16:55:23.000  1874  1874 D leak-150: Eastern Standard Time
07-25 16:55:23.000  1874  1874 D leak-150: Eastern Standard Time
07-25 16:55:23.000  1874  1874 D leak-150: Eastern Standard Time
07-25 16:55:23.000  1874  1874 D leak-151: Eastern Standard Time
07-25 16:55:23.013  1874  1874 D leak-159: Eastern Standard Time
07-25 16:55:23.013  1874  1874 D leak-168: Eastern Standard Time
07-25 16:55:23.013  1874  1874 D leak-168: Eastern Standard Time
07-25 16:55:23.013  1874  1874 D leak-72 : Eastern Standard Time
07-25 16:55:23.013  1874  1874 D leak-137: Eastern Standard Time
07-25 16:55:23.014  1874  1874 D leak-138: Eastern Standard Time
07-25 16:55:23.014  1874  1874 D leak-141: Eastern Standard Time
07-25 16:55:23.035  1874  1909 I OpenGLRenderer: Initialized EGL, version 1.4
07-25 16:55:23.035  1874  1909 D         : HostConnection::get() New Host Connection established 0xe8eff680, tid 1909
07-25 16:55:23.085  1874  1909 W EGL_emulation: eglSurfaceAttrib not implemented
07-25 16:55:23.085  1874  1909 W OpenGLRenderer: Failed to set EGL_SWAP_BEHAVIOR on surface 0xe8efea60, error=EGL_SUCCESS
07-25 16:55:23.110  1874  1874 D leak-168: Eastern Standard Time
07-25 16:55:23.133  1874  1909 W EGL_emulation: eglSurfaceAttrib not implemented
07-25 16:55:23.133  1874  1909 W OpenGLRenderer: Failed to set EGL_SWAP_BEHAVIOR on surface 0xe8efea80, error=EGL_SUCCESS
07-25 16:55:23.183  1874  1874 D leak-168: Eastern Standard Time
07-25 16:55:23.186  1874  1874 D leak-50 : Eastern Standard Time
07-25 16:55:23.389  1559  1633 E Surface : getSlotFromBufferLocked: unknown buffer: 0xe114e810
07-25 16:55:23.673  1874  1874 D leak-168: Eastern Standard Time
07-25 16:55:23.698   618   640 I ActivityManager: Displayed com.markuspage.android.atimetracker/.Activities: +1s86ms
07-25 16:55:27.800  1914  1914 D AndroidRuntime: >>>>>> START com.android.internal.os.RuntimeInit uid 0 <<<<<<
07-25 16:55:27.802  1914  1914 D AndroidRuntime: CheckJNI is OFF
07-25 16:55:27.812  1914  1914 D ICU     : No timezone override file found: /data/misc/zoneinfo/current/icu/icu_tzdata.dat
07-25 16:55:27.825  1914  1914 E memtrack: Couldn't load memtrack module (No such file or directory)
07-25 16:55:27.825  1914  1914 E android.os.Debug: failed to load memtrack module: -2
07-25 16:55:27.826  1914  1914 I Radio-JNI: register_android_hardware_Radio DONE
07-25 16:55:27.834  1914  1914 D AndroidRuntime: Calling main entry com.android.commands.content.Content
07-25 16:55:27.839  1914  1914 D AndroidRuntime: Shutting down VM
07-25 16:55:28.204  1923  1923 D AndroidRuntime: >>>>>> START com.android.internal.os.RuntimeInit uid 0 <<<<<<
07-25 16:55:28.205  1923  1923 D AndroidRuntime: CheckJNI is OFF
07-25 16:55:28.214  1923  1923 D ICU     : No timezone override file found: /data/misc/zoneinfo/current/icu/icu_tzdata.dat
07-25 16:55:28.224  1923  1923 E memtrack: Couldn't load memtrack module (No such file or directory)
07-25 16:55:28.224  1923  1923 E android.os.Debug: failed to load memtrack module: -2
07-25 16:55:28.225  1923  1923 I Radio-JNI: register_android_hardware_Radio DONE
07-25 16:55:28.230  1923  1923 D AndroidRuntime: Calling main entry com.android.commands.content.Content
07-25 16:55:28.233  1923  1923 D AndroidRuntime: Shutting down VM
07-25 16:55:29.281  1944  1944 D AndroidRuntime: >>>>>> START com.android.internal.os.RuntimeInit uid 0 <<<<<<
07-25 16:55:29.283  1944  1944 D AndroidRuntime: CheckJNI is OFF
07-25 16:55:29.294  1944  1944 D ICU     : No timezone override file found: /data/misc/zoneinfo/current/icu/icu_tzdata.dat
07-25 16:55:29.310  1944  1944 E memtrack: Couldn't load memtrack module (No such file or directory)
07-25 16:55:29.310  1944  1944 E android.os.Debug: failed to load memtrack module: -2
07-25 16:55:29.310  1944  1944 I Radio-JNI: register_android_hardware_Radio DONE
07-25 16:55:29.321  1944  1944 D AndroidRuntime: Calling main entry com.android.commands.uiautomator.Launcher
07-25 16:55:30.340  1944  1944 W AccessibilityNodeInfoDumper: Fetch time: 3ms
07-25 16:55:30.342   618   629 W WindowManager: Attempted to remove non-existing token: android.os.Binder@f22371
07-25 16:55:30.350  1944  1944 D AndroidRuntime: Shutting down VM
07-25 16:55:30.827  1962  1962 D AndroidRuntime: >>>>>> START com.android.internal.os.RuntimeInit uid 0 <<<<<<
07-25 16:55:30.828  1962  1962 D AndroidRuntime: CheckJNI is OFF
07-25 16:55:30.838  1962  1962 D ICU     : No timezone override file found: /data/misc/zoneinfo/current/icu/icu_tzdata.dat
07-25 16:55:30.855  1962  1962 E memtrack: Couldn't load memtrack module (No such file or directory)
07-25 16:55:30.855  1962  1962 E android.os.Debug: failed to load memtrack module: -2
07-25 16:55:30.856  1962  1962 I Radio-JNI: register_android_hardware_Radio DONE
07-25 16:55:30.862  1962  1962 D AndroidRuntime: Calling main entry com.android.commands.uiautomator.Launcher
07-25 16:55:31.792   618   997 I ActivityManager: Killing 1636:com.android.managedprovisioning/u0a9 (adj 15): empty #17
07-25 16:55:31.792   618   997 W libprocessgroup: failed to open /acct/uid_10009/pid_1636/cgroup.procs: No such file or directory
07-25 16:55:31.886  1962  1962 W AccessibilityNodeInfoDumper: Fetch time: 1ms
07-25 16:55:31.886   618   756 W WindowManager: Attempted to remove non-existing token: android.os.Binder@84bb556
07-25 16:55:31.893  1962  1962 D AndroidRuntime: Shutting down VM
07-25 16:55:32.401   618   675 I InputReader: Reconfiguring input devices.  changes=0x00000010
07-25 16:55:32.888  1986  1986 D AndroidRuntime: >>>>>> START com.android.internal.os.RuntimeInit uid 0 <<<<<<
07-25 16:55:32.890  1986  1986 D AndroidRuntime: CheckJNI is OFF
07-25 16:55:32.899  1986  1986 D ICU     : No timezone override file found: /data/misc/zoneinfo/current/icu/icu_tzdata.dat
07-25 16:55:32.912  1986  1986 E memtrack: Couldn't load memtrack module (No such file or directory)
07-25 16:55:32.912  1986  1986 E android.os.Debug: failed to load memtrack module: -2
07-25 16:55:32.913  1986  1986 I Radio-JNI: register_android_hardware_Radio DONE
07-25 16:55:32.919  1986  1986 D AndroidRuntime: Calling main entry com.android.commands.uiautomator.Launcher
07-25 16:55:33.935  1986  1986 W AccessibilityNodeInfoDumper: Fetch time: 1ms
07-25 16:55:33.936   618   751 W WindowManager: Attempted to remove non-existing token: android.os.Binder@c0cfa9
07-25 16:55:33.944  1986  1986 D AndroidRuntime: Shutting down VM
07-25 16:55:35.033  2014  2014 D AndroidRuntime: >>>>>> START com.android.internal.os.RuntimeInit uid 0 <<<<<<
07-25 16:55:35.035  2014  2014 D AndroidRuntime: CheckJNI is OFF
07-25 16:55:35.044  2014  2014 D ICU     : No timezone override file found: /data/misc/zoneinfo/current/icu/icu_tzdata.dat
07-25 16:55:35.060  2014  2014 E memtrack: Couldn't load memtrack module (No such file or directory)
07-25 16:55:35.060  2014  2014 E android.os.Debug: failed to load memtrack module: -2
07-25 16:55:35.061  2014  2014 I Radio-JNI: register_android_hardware_Radio DONE
07-25 16:55:35.067  2014  2014 D AndroidRuntime: Calling main entry com.android.commands.uiautomator.Launcher
07-25 16:55:36.084  2014  2014 W AccessibilityNodeInfoDumper: Fetch time: 1ms
07-25 16:55:36.085   618   756 W WindowManager: Attempted to remove non-existing token: android.os.Binder@aceeccf
07-25 16:55:36.091  2014  2014 D AndroidRuntime: Shutting down VM
07-25 16:55:37.086  2040  2040 D AndroidRuntime: >>>>>> START com.android.internal.os.RuntimeInit uid 0 <<<<<<
07-25 16:55:37.088  2040  2040 D AndroidRuntime: CheckJNI is OFF
07-25 16:55:37.098  2040  2040 D ICU     : No timezone override file found: /data/misc/zoneinfo/current/icu/icu_tzdata.dat
07-25 16:55:37.110  2040  2040 E memtrack: Couldn't load memtrack module (No such file or directory)
07-25 16:55:37.110  2040  2040 E android.os.Debug: failed to load memtrack module: -2
07-25 16:55:37.111  2040  2040 I Radio-JNI: register_android_hardware_Radio DONE
07-25 16:55:37.116  2040  2040 D AndroidRuntime: Calling main entry com.android.commands.uiautomator.Launcher
07-25 16:55:38.135  2040  2040 W AccessibilityNodeInfoDumper: Fetch time: 1ms
07-25 16:55:38.135   618   629 W WindowManager: Attempted to remove non-existing token: android.os.Binder@d5c165c
07-25 16:55:38.141  2040  2040 D AndroidRuntime: Shutting down VM
07-25 16:55:38.551  2058  2058 D AndroidRuntime: >>>>>> START com.android.internal.os.RuntimeInit uid 0 <<<<<<
07-25 16:55:38.553  2058  2058 D AndroidRuntime: CheckJNI is OFF
07-25 16:55:38.561  2058  2058 D ICU     : No timezone override file found: /data/misc/zoneinfo/current/icu/icu_tzdata.dat
07-25 16:55:38.572  2058  2058 E memtrack: Couldn't load memtrack module (No such file or directory)
07-25 16:55:38.572  2058  2058 E android.os.Debug: failed to load memtrack module: -2
07-25 16:55:38.573  2058  2058 I Radio-JNI: register_android_hardware_Radio DONE
07-25 16:55:38.578  2058  2058 D AndroidRuntime: Calling main entry com.android.commands.uiautomator.Launcher
07-25 16:55:39.597  2058  2058 W AccessibilityNodeInfoDumper: Fetch time: 2ms
07-25 16:55:39.597   618   629 W WindowManager: Attempted to remove non-existing token: android.os.Binder@62dbd65
07-25 16:55:39.606  2058  2058 D AndroidRuntime: Shutting down VM
07-25 16:55:40.656  2081  2081 D AndroidRuntime: >>>>>> START com.android.internal.os.RuntimeInit uid 0 <<<<<<
07-25 16:55:40.658  2081  2081 D AndroidRuntime: CheckJNI is OFF
07-25 16:55:40.667  2081  2081 D ICU     : No timezone override file found: /data/misc/zoneinfo/current/icu/icu_tzdata.dat
07-25 16:55:40.679  2081  2081 E memtrack: Couldn't load memtrack module (No such file or directory)
07-25 16:55:40.679  2081  2081 E android.os.Debug: failed to load memtrack module: -2
07-25 16:55:40.680  2081  2081 I Radio-JNI: register_android_hardware_Radio DONE
07-25 16:55:40.685  2081  2081 D AndroidRuntime: Calling main entry com.android.commands.uiautomator.Launcher
07-25 16:55:41.704  2081  2081 W AccessibilityNodeInfoDumper: Fetch time: 3ms
07-25 16:55:41.705   618   630 W WindowManager: Attempted to remove non-existing token: android.os.Binder@24c9a3a
07-25 16:55:41.712  2081  2081 D AndroidRuntime: Shutting down VM
07-25 16:55:42.163  2099  2099 D AndroidRuntime: >>>>>> START com.android.internal.os.RuntimeInit uid 0 <<<<<<
07-25 16:55:42.164  2099  2099 D AndroidRuntime: CheckJNI is OFF
07-25 16:55:42.174  2099  2099 D ICU     : No timezone override file found: /data/misc/zoneinfo/current/icu/icu_tzdata.dat
07-25 16:55:42.186  2099  2099 E memtrack: Couldn't load memtrack module (No such file or directory)
07-25 16:55:42.186  2099  2099 E android.os.Debug: failed to load memtrack module: -2
07-25 16:55:42.187  2099  2099 I Radio-JNI: register_android_hardware_Radio DONE
07-25 16:55:42.193  2099  2099 D AndroidRuntime: Calling main entry com.android.commands.uiautomator.Launcher
07-25 16:55:43.210  2099  2099 W AccessibilityNodeInfoDumper: Fetch time: 2ms
07-25 16:55:43.210   618   630 W WindowManager: Attempted to remove non-existing token: android.os.Binder@47786eb
07-25 16:55:43.220  2099  2099 D AndroidRuntime: Shutting down VM
07-25 16:55:44.259  2122  2122 D AndroidRuntime: >>>>>> START com.android.internal.os.RuntimeInit uid 0 <<<<<<
07-25 16:55:44.261  2122  2122 D AndroidRuntime: CheckJNI is OFF
07-25 16:55:44.271  2122  2122 D ICU     : No timezone override file found: /data/misc/zoneinfo/current/icu/icu_tzdata.dat
07-25 16:55:44.289  2122  2122 E memtrack: Couldn't load memtrack module (No such file or directory)
07-25 16:55:44.289  2122  2122 E android.os.Debug: failed to load memtrack module: -2
07-25 16:55:44.290  2122  2122 I Radio-JNI: register_android_hardware_Radio DONE
07-25 16:55:44.297  2122  2122 D AndroidRuntime: Calling main entry com.android.commands.uiautomator.Launcher
07-25 16:55:45.316  2122  2122 W AccessibilityNodeInfoDumper: Fetch time: 2ms
07-25 16:55:45.317   618   756 W WindowManager: Attempted to remove non-existing token: android.os.Binder@6c23c48
07-25 16:55:45.326  2122  2122 D AndroidRuntime: Shutting down VM
07-25 16:55:45.753  2141  2141 D AndroidRuntime: >>>>>> START com.android.internal.os.RuntimeInit uid 0 <<<<<<
07-25 16:55:45.754  2141  2141 D AndroidRuntime: CheckJNI is OFF
07-25 16:55:45.764  2141  2141 D ICU     : No timezone override file found: /data/misc/zoneinfo/current/icu/icu_tzdata.dat
07-25 16:55:45.778  2141  2141 E memtrack: Couldn't load memtrack module (No such file or directory)
07-25 16:55:45.778  2141  2141 E android.os.Debug: failed to load memtrack module: -2
07-25 16:55:45.779  2141  2141 I Radio-JNI: register_android_hardware_Radio DONE
07-25 16:55:45.785  2141  2141 D AndroidRuntime: Calling main entry com.android.commands.uiautomator.Launcher
07-25 16:55:46.801  2141  2141 W AccessibilityNodeInfoDumper: Fetch time: 2ms
07-25 16:55:46.801   618   997 W WindowManager: Attempted to remove non-existing token: android.os.Binder@75a2006
07-25 16:55:46.809  2141  2141 D AndroidRuntime: Shutting down VM
07-25 16:55:47.813  2164  2164 D AndroidRuntime: >>>>>> START com.android.internal.os.RuntimeInit uid 0 <<<<<<
07-25 16:55:47.814  2164  2164 D AndroidRuntime: CheckJNI is OFF
07-25 16:55:47.825  2164  2164 D ICU     : No timezone override file found: /data/misc/zoneinfo/current/icu/icu_tzdata.dat
07-25 16:55:47.952  2164  2164 E memtrack: Couldn't load memtrack module (No such file or directory)
07-25 16:55:47.952  2164  2164 E android.os.Debug: failed to load memtrack module: -2
07-25 16:55:47.954  2164  2164 I Radio-JNI: register_android_hardware_Radio DONE
07-25 16:55:47.961  2164  2164 D AndroidRuntime: Calling main entry com.android.commands.uiautomator.Launcher
07-25 16:55:48.973  2164  2164 W AccessibilityNodeInfoDumper: Fetch time: 2ms
07-25 16:55:48.974   618  1071 W WindowManager: Attempted to remove non-existing token: android.os.Binder@1c5a6c7
07-25 16:55:48.981  2164  2164 D AndroidRuntime: Shutting down VM
07-25 16:55:49.400  2182  2182 D AndroidRuntime: >>>>>> START com.android.internal.os.RuntimeInit uid 0 <<<<<<
07-25 16:55:49.402  2182  2182 D AndroidRuntime: CheckJNI is OFF
07-25 16:55:49.410  2182  2182 D ICU     : No timezone override file found: /data/misc/zoneinfo/current/icu/icu_tzdata.dat
07-25 16:55:49.424  2182  2182 E memtrack: Couldn't load memtrack module (No such file or directory)
07-25 16:55:49.424  2182  2182 E android.os.Debug: failed to load memtrack module: -2
07-25 16:55:49.426  2182  2182 I Radio-JNI: register_android_hardware_Radio DONE
07-25 16:55:49.432  2182  2182 D AndroidRuntime: Calling main entry com.android.commands.uiautomator.Launcher
07-25 16:55:50.445  2182  2182 W AccessibilityNodeInfoDumper: Fetch time: 1ms
07-25 16:55:50.445   618   746 W WindowManager: Attempted to remove non-existing token: android.os.Binder@ee2d4f4
07-25 16:55:50.452  2182  2182 D AndroidRuntime: Shutting down VM
07-25 16:55:51.458  2207  2207 D AndroidRuntime: >>>>>> START com.android.internal.os.RuntimeInit uid 0 <<<<<<
07-25 16:55:51.459  2207  2207 D AndroidRuntime: CheckJNI is OFF
07-25 16:55:51.468  2207  2207 D ICU     : No timezone override file found: /data/misc/zoneinfo/current/icu/icu_tzdata.dat
07-25 16:55:51.479  2207  2207 E memtrack: Couldn't load memtrack module (No such file or directory)
07-25 16:55:51.479  2207  2207 E android.os.Debug: failed to load memtrack module: -2
07-25 16:55:51.480  2207  2207 I Radio-JNI: register_android_hardware_Radio DONE
07-25 16:55:51.485  2207  2207 D AndroidRuntime: Calling main entry com.android.commands.uiautomator.Launcher
07-25 16:55:52.499  2207  2207 W AccessibilityNodeInfoDumper: Fetch time: 2ms
07-25 16:55:52.499   618   756 W WindowManager: Attempted to remove non-existing token: android.os.Binder@c2f341d
07-25 16:55:52.506  2207  2207 D AndroidRuntime: Shutting down VM
07-25 16:55:52.938  2225  2225 D AndroidRuntime: >>>>>> START com.android.internal.os.RuntimeInit uid 0 <<<<<<
07-25 16:55:52.940  2225  2225 D AndroidRuntime: CheckJNI is OFF
07-25 16:55:52.951  2225  2225 D ICU     : No timezone override file found: /data/misc/zoneinfo/current/icu/icu_tzdata.dat
07-25 16:55:52.966  2225  2225 E memtrack: Couldn't load memtrack module (No such file or directory)
07-25 16:55:52.966  2225  2225 E android.os.Debug: failed to load memtrack module: -2
07-25 16:55:52.967  2225  2225 I Radio-JNI: register_android_hardware_Radio DONE
07-25 16:55:52.973  2225  2225 D AndroidRuntime: Calling main entry com.android.commands.uiautomator.Launcher
07-25 16:55:53.987  2225  2225 W AccessibilityNodeInfoDumper: Fetch time: 2ms
07-25 16:55:53.987   618   751 W WindowManager: Attempted to remove non-existing token: android.os.Binder@d683692
07-25 16:55:53.995  2225  2225 D AndroidRuntime: Shutting down VM
07-25 16:55:54.398  2238  2238 D AndroidRuntime: >>>>>> START com.android.internal.os.RuntimeInit uid 0 <<<<<<
07-25 16:55:54.401  2238  2238 D AndroidRuntime: CheckJNI is OFF
07-25 16:55:54.410  2238  2238 D ICU     : No timezone override file found: /data/misc/zoneinfo/current/icu/icu_tzdata.dat
07-25 16:55:54.422  2238  2238 E memtrack: Couldn't load memtrack module (No such file or directory)
07-25 16:55:54.422  2238  2238 E android.os.Debug: failed to load memtrack module: -2
07-25 16:55:54.422  2238  2238 I Radio-JNI: register_android_hardware_Radio DONE
07-25 16:55:54.429  2238  2238 D AndroidRuntime: Calling main entry com.android.commands.input.Input
07-25 16:55:54.430  2238  2238 I Input   : injectMotionEvent: MotionEvent { action=ACTION_DOWN, actionButton=0, id[0]=0, x[0]=600.0, y[0]=809.0, toolType[0]=TOOL_TYPE_UNKNOWN, buttonState=0, metaState=0, flags=0x0, edgeFlags=0x0, pointerCount=1, historySize=0, eventTime=109429, downTime=109429, deviceId=0, source=0x1002 }
07-25 16:55:54.433  2238  2238 I Input   : injectMotionEvent: MotionEvent { action=ACTION_UP, actionButton=0, id[0]=0, x[0]=600.0, y[0]=809.0, toolType[0]=TOOL_TYPE_UNKNOWN, buttonState=0, metaState=0, flags=0x0, edgeFlags=0x0, pointerCount=1, historySize=0, eventTime=109429, downTime=109429, deviceId=0, source=0x1002 }
07-25 16:55:54.434  2238  2238 D AndroidRuntime: Shutting down VM
07-25 16:55:58.855  2575  2575 D AndroidRuntime: >>>>>> START com.android.internal.os.RuntimeInit uid 0 <<<<<<
07-25 16:55:58.857  2575  2575 D AndroidRuntime: CheckJNI is OFF
07-25 16:55:58.866  2575  2575 D ICU     : No timezone override file found: /data/misc/zoneinfo/current/icu/icu_tzdata.dat
07-25 16:55:58.879  2575  2575 E memtrack: Couldn't load memtrack module (No such file or directory)
07-25 16:55:58.879  2575  2575 E android.os.Debug: failed to load memtrack module: -2
07-25 16:55:58.879  2575  2575 I Radio-JNI: register_android_hardware_Radio DONE
07-25 16:55:58.886  2575  2575 D AndroidRuntime: Calling main entry com.android.commands.uiautomator.Launcher
07-25 16:55:59.902  2575  2575 W AccessibilityNodeInfoDumper: Fetch time: 2ms
07-25 16:55:59.903   618  1071 W WindowManager: Attempted to remove non-existing token: android.os.Binder@cebe863
07-25 16:55:59.911  2575  2575 D AndroidRuntime: Shutting down VM
07-25 16:56:00.954  2598  2598 D AndroidRuntime: >>>>>> START com.android.internal.os.RuntimeInit uid 0 <<<<<<
07-25 16:56:00.955  2598  2598 D AndroidRuntime: CheckJNI is OFF
07-25 16:56:00.964  2598  2598 D ICU     : No timezone override file found: /data/misc/zoneinfo/current/icu/icu_tzdata.dat
07-25 16:56:00.975  2598  2598 E memtrack: Couldn't load memtrack module (No such file or directory)
07-25 16:56:00.975  2598  2598 E android.os.Debug: failed to load memtrack module: -2
07-25 16:56:00.976  2598  2598 I Radio-JNI: register_android_hardware_Radio DONE
07-25 16:56:00.982  2598  2598 D AndroidRuntime: Calling main entry com.android.commands.uiautomator.Launcher
07-25 16:56:01.704   618  1741 D NetlinkSocketObserver: NeighborEvent{elapsedMs=116704, 10.0.3.2, [525400123502], RTM_NEWNEIGH, NUD_PROBE}
07-25 16:56:01.708   618  1741 D NetlinkSocketObserver: NeighborEvent{elapsedMs=116708, 10.0.3.2, [525400123502], RTM_NEWNEIGH, NUD_REACHABLE}
07-25 16:56:01.995  2598  2598 W AccessibilityNodeInfoDumper: Fetch time: 2ms
07-25 16:56:01.996   618   997 W WindowManager: Attempted to remove non-existing token: android.os.Binder@f0ff519
07-25 16:56:02.004  2598  2598 D AndroidRuntime: Shutting down VM
07-25 16:56:02.414  2616  2616 D AndroidRuntime: >>>>>> START com.android.internal.os.RuntimeInit uid 0 <<<<<<
07-25 16:56:02.415  2616  2616 D AndroidRuntime: CheckJNI is OFF
07-25 16:56:02.424  2616  2616 D ICU     : No timezone override file found: /data/misc/zoneinfo/current/icu/icu_tzdata.dat
07-25 16:56:02.436  2616  2616 E memtrack: Couldn't load memtrack module (No such file or directory)
07-25 16:56:02.436  2616  2616 E android.os.Debug: failed to load memtrack module: -2
07-25 16:56:02.437  2616  2616 I Radio-JNI: register_android_hardware_Radio DONE
07-25 16:56:02.442  2616  2616 D AndroidRuntime: Calling main entry com.android.commands.uiautomator.Launcher
07-25 16:56:03.465  2616  2616 W AccessibilityNodeInfoDumper: Fetch time: 2ms
07-25 16:56:03.465   618   629 W WindowManager: Attempted to remove non-existing token: android.os.Binder@cf29de
07-25 16:56:03.473  2616  2616 D AndroidRuntime: Shutting down VM
07-25 16:56:04.477  2639  2639 D AndroidRuntime: >>>>>> START com.android.internal.os.RuntimeInit uid 0 <<<<<<
07-25 16:56:04.479  2639  2639 D AndroidRuntime: CheckJNI is OFF
07-25 16:56:04.487  2639  2639 D ICU     : No timezone override file found: /data/misc/zoneinfo/current/icu/icu_tzdata.dat
07-25 16:56:04.502  2639  2639 E memtrack: Couldn't load memtrack module (No such file or directory)
07-25 16:56:04.502  2639  2639 E android.os.Debug: failed to load memtrack module: -2
07-25 16:56:04.502  2639  2639 I Radio-JNI: register_android_hardware_Radio DONE
07-25 16:56:04.509  2639  2639 D AndroidRuntime: Calling main entry com.android.commands.uiautomator.Launcher
07-25 16:56:05.523  2639  2639 W AccessibilityNodeInfoDumper: Fetch time: 2ms
07-25 16:56:05.523   618   997 W WindowManager: Attempted to remove non-existing token: android.os.Binder@6aaa7bf
07-25 16:56:05.530  2639  2639 D AndroidRuntime: Shutting down VM
07-25 16:56:06.563  2668  2668 D AndroidRuntime: >>>>>> START com.android.internal.os.RuntimeInit uid 0 <<<<<<
07-25 16:56:06.565  2668  2668 D AndroidRuntime: CheckJNI is OFF
07-25 16:56:06.575  2668  2668 D ICU     : No timezone override file found: /data/misc/zoneinfo/current/icu/icu_tzdata.dat
07-25 16:56:06.588  2668  2668 E memtrack: Couldn't load memtrack module (No such file or directory)
07-25 16:56:06.588  2668  2668 E android.os.Debug: failed to load memtrack module: -2
07-25 16:56:06.588  2668  2668 I Radio-JNI: register_android_hardware_Radio DONE
07-25 16:56:06.594  2668  2668 D AndroidRuntime: Calling main entry com.android.commands.uiautomator.Launcher
07-25 16:56:07.616  2668  2668 W AccessibilityNodeInfoDumper: Fetch time: 2ms
07-25 16:56:07.616   618   630 W WindowManager: Attempted to remove non-existing token: android.os.Binder@27fce8c
07-25 16:56:07.625  2668  2668 D AndroidRuntime: Shutting down VM
07-25 16:56:08.627  2694  2694 D AndroidRuntime: >>>>>> START com.android.internal.os.RuntimeInit uid 0 <<<<<<
07-25 16:56:08.628  2694  2694 D AndroidRuntime: CheckJNI is OFF
07-25 16:56:08.637  2694  2694 D ICU     : No timezone override file found: /data/misc/zoneinfo/current/icu/icu_tzdata.dat
07-25 16:56:08.649  2694  2694 E memtrack: Couldn't load memtrack module (No such file or directory)
07-25 16:56:08.649  2694  2694 E android.os.Debug: failed to load memtrack module: -2
07-25 16:56:08.650  2694  2694 I Radio-JNI: register_android_hardware_Radio DONE
07-25 16:56:08.656  2694  2694 D AndroidRuntime: Calling main entry com.android.commands.uiautomator.Launcher
07-25 16:56:09.669  2694  2694 W AccessibilityNodeInfoDumper: Fetch time: 1ms
07-25 16:56:09.669   618   997 W WindowManager: Attempted to remove non-existing token: android.os.Binder@92005ea
07-25 16:56:09.677  2694  2694 D AndroidRuntime: Shutting down VM
07-25 16:56:10.121  2712  2712 D AndroidRuntime: >>>>>> START com.android.internal.os.RuntimeInit uid 0 <<<<<<
07-25 16:56:10.123  2712  2712 D AndroidRuntime: CheckJNI is OFF
07-25 16:56:10.134  2712  2712 D ICU     : No timezone override file found: /data/misc/zoneinfo/current/icu/icu_tzdata.dat
07-25 16:56:10.148  2712  2712 E memtrack: Couldn't load memtrack module (No such file or directory)
07-25 16:56:10.148  2712  2712 E android.os.Debug: failed to load memtrack module: -2
07-25 16:56:10.149  2712  2712 I Radio-JNI: register_android_hardware_Radio DONE
07-25 16:56:10.154  2712  2712 D AndroidRuntime: Calling main entry com.android.commands.uiautomator.Launcher
07-25 16:56:11.178  2712  2712 W AccessibilityNodeInfoDumper: Fetch time: 3ms
07-25 16:56:11.178   618   756 W WindowManager: Attempted to remove non-existing token: android.os.Binder@16c00db
07-25 16:56:11.188  2712  2712 D AndroidRuntime: Shutting down VM
07-25 16:56:12.212  2735  2735 D AndroidRuntime: >>>>>> START com.android.internal.os.RuntimeInit uid 0 <<<<<<
07-25 16:56:12.215  2735  2735 D AndroidRuntime: CheckJNI is OFF
07-25 16:56:12.228  2735  2735 D ICU     : No timezone override file found: /data/misc/zoneinfo/current/icu/icu_tzdata.dat
07-25 16:56:12.241  2735  2735 E memtrack: Couldn't load memtrack module (No such file or directory)
07-25 16:56:12.241  2735  2735 E android.os.Debug: failed to load memtrack module: -2
07-25 16:56:12.242  2735  2735 I Radio-JNI: register_android_hardware_Radio DONE
07-25 16:56:12.249  2735  2735 D AndroidRuntime: Calling main entry com.android.commands.uiautomator.Launcher
07-25 16:56:13.267  2735  2735 W AccessibilityNodeInfoDumper: Fetch time: 2ms
07-25 16:56:13.267   618   997 W WindowManager: Attempted to remove non-existing token: android.os.Binder@7a14778
07-25 16:56:13.274  2735  2735 D AndroidRuntime: Shutting down VM
07-25 16:56:13.712  2753  2753 D AndroidRuntime: >>>>>> START com.android.internal.os.RuntimeInit uid 0 <<<<<<
07-25 16:56:13.714  2753  2753 D AndroidRuntime: CheckJNI is OFF
07-25 16:56:13.724  2753  2753 D ICU     : No timezone override file found: /data/misc/zoneinfo/current/icu/icu_tzdata.dat
07-25 16:56:13.738  2753  2753 E memtrack: Couldn't load memtrack module (No such file or directory)
07-25 16:56:13.738  2753  2753 E android.os.Debug: failed to load memtrack module: -2
07-25 16:56:13.739  2753  2753 I Radio-JNI: register_android_hardware_Radio DONE
07-25 16:56:13.746  2753  2753 D AndroidRuntime: Calling main entry com.android.commands.uiautomator.Launcher
07-25 16:56:14.697   618  1741 D NetlinkSocketObserver: NeighborEvent{elapsedMs=129697, 10.0.3.2, [525400123502], RTM_NEWNEIGH, NUD_STALE}
07-25 16:56:14.767  2753  2753 W AccessibilityNodeInfoDumper: Fetch time: 3ms
07-25 16:56:14.767   618   756 W WindowManager: Attempted to remove non-existing token: android.os.Binder@2422e51
07-25 16:56:14.775  2753  2753 D AndroidRuntime: Shutting down VM
07-25 16:56:15.778  2776  2776 D AndroidRuntime: >>>>>> START com.android.internal.os.RuntimeInit uid 0 <<<<<<
07-25 16:56:15.780  2776  2776 D AndroidRuntime: CheckJNI is OFF
07-25 16:56:15.788  2776  2776 D ICU     : No timezone override file found: /data/misc/zoneinfo/current/icu/icu_tzdata.dat
07-25 16:56:15.801  2776  2776 E memtrack: Couldn't load memtrack module (No such file or directory)
07-25 16:56:15.801  2776  2776 E android.os.Debug: failed to load memtrack module: -2
07-25 16:56:15.801  2776  2776 I Radio-JNI: register_android_hardware_Radio DONE
07-25 16:56:15.808  2776  2776 D AndroidRuntime: Calling main entry com.android.commands.uiautomator.Launcher
07-25 16:56:16.826  2776  2776 W AccessibilityNodeInfoDumper: Fetch time: 2ms
07-25 16:56:16.827   618   997 W WindowManager: Attempted to remove non-existing token: android.os.Binder@3f096b6
07-25 16:56:16.834  2776  2776 D AndroidRuntime: Shutting down VM
07-25 16:56:17.260  2794  2794 D AndroidRuntime: >>>>>> START com.android.internal.os.RuntimeInit uid 0 <<<<<<
07-25 16:56:17.261  2794  2794 D AndroidRuntime: CheckJNI is OFF
07-25 16:56:17.270  2794  2794 D ICU     : No timezone override file found: /data/misc/zoneinfo/current/icu/icu_tzdata.dat
07-25 16:56:17.283  2794  2794 E memtrack: Couldn't load memtrack module (No such file or directory)
07-25 16:56:17.283  2794  2794 E android.os.Debug: failed to load memtrack module: -2
07-25 16:56:17.284  2794  2794 I Radio-JNI: register_android_hardware_Radio DONE
07-25 16:56:17.290  2794  2794 D AndroidRuntime: Calling main entry com.android.commands.uiautomator.Launcher
07-25 16:56:18.303  2794  2794 W AccessibilityNodeInfoDumper: Fetch time: 1ms
07-25 16:56:18.304   618   629 W WindowManager: Attempted to remove non-existing token: android.os.Binder@21fcfb7
07-25 16:56:18.311  2794  2794 D AndroidRuntime: Shutting down VM
07-25 16:56:19.344  2819  2819 D AndroidRuntime: >>>>>> START com.android.internal.os.RuntimeInit uid 0 <<<<<<
07-25 16:56:19.347  2819  2819 D AndroidRuntime: CheckJNI is OFF
07-25 16:56:19.358  2819  2819 D ICU     : No timezone override file found: /data/misc/zoneinfo/current/icu/icu_tzdata.dat
07-25 16:56:19.372  2819  2819 E memtrack: Couldn't load memtrack module (No such file or directory)
07-25 16:56:19.372  2819  2819 E android.os.Debug: failed to load memtrack module: -2
07-25 16:56:19.373  2819  2819 I Radio-JNI: register_android_hardware_Radio DONE
07-25 16:56:19.381  2819  2819 D AndroidRuntime: Calling main entry com.android.commands.uiautomator.Launcher
07-25 16:56:20.396  2819  2819 W AccessibilityNodeInfoDumper: Fetch time: 1ms
07-25 16:56:20.396   618   997 W WindowManager: Attempted to remove non-existing token: android.os.Binder@75f6324
07-25 16:56:20.405  2819  2819 D AndroidRuntime: Shutting down VM
07-25 16:56:20.838  2837  2837 D AndroidRuntime: >>>>>> START com.android.internal.os.RuntimeInit uid 0 <<<<<<
07-25 16:56:20.840  2837  2837 D AndroidRuntime: CheckJNI is OFF
07-25 16:56:20.851  2837  2837 D ICU     : No timezone override file found: /data/misc/zoneinfo/current/icu/icu_tzdata.dat
07-25 16:56:20.863  2837  2837 E memtrack: Couldn't load memtrack module (No such file or directory)
07-25 16:56:20.863  2837  2837 E android.os.Debug: failed to load memtrack module: -2
07-25 16:56:20.864  2837  2837 I Radio-JNI: register_android_hardware_Radio DONE
07-25 16:56:20.870  2837  2837 D AndroidRuntime: Calling main entry com.android.commands.uiautomator.Launcher
07-25 16:56:21.884  2837  2837 W AccessibilityNodeInfoDumper: Fetch time: 3ms
07-25 16:56:21.885   618   751 W WindowManager: Attempted to remove non-existing token: android.os.Binder@676842
07-25 16:56:21.891  2837  2837 D AndroidRuntime: Shutting down VM
07-25 16:56:22.282  2850  2850 D AndroidRuntime: >>>>>> START com.android.internal.os.RuntimeInit uid 0 <<<<<<
07-25 16:56:22.284  2850  2850 D AndroidRuntime: CheckJNI is OFF
07-25 16:56:22.292  2850  2850 D ICU     : No timezone override file found: /data/misc/zoneinfo/current/icu/icu_tzdata.dat
07-25 16:56:22.305  2850  2850 E memtrack: Couldn't load memtrack module (No such file or directory)
07-25 16:56:22.305  2850  2850 E android.os.Debug: failed to load memtrack module: -2
07-25 16:56:22.306  2850  2850 I Radio-JNI: register_android_hardware_Radio DONE
07-25 16:56:22.312  2850  2850 D AndroidRuntime: Calling main entry com.android.commands.input.Input
07-25 16:56:22.312  2850  2850 I Input   : injectMotionEvent: MotionEvent { action=ACTION_DOWN, actionButton=0, id[0]=0, x[0]=600.0, y[0]=809.0, toolType[0]=TOOL_TYPE_UNKNOWN, buttonState=0, metaState=0, flags=0x0, edgeFlags=0x0, pointerCount=1, historySize=0, eventTime=137312, downTime=137312, deviceId=0, source=0x1002 }
07-25 16:56:22.314  2850  2850 I Input   : injectMotionEvent: MotionEvent { action=ACTION_MOVE, actionButton=0, id[0]=0, x[0]=600.0, y[0]=809.0, toolType[0]=TOOL_TYPE_UNKNOWN, buttonState=0, metaState=0, flags=0x0, edgeFlags=0x0, pointerCount=1, historySize=0, eventTime=137312, downTime=137312, deviceId=0, source=0x1002 }
07-25 16:56:22.341  2850  2850 I Input   : injectMotionEvent: MotionEvent { action=ACTION_MOVE, actionButton=0, id[0]=0, x[0]=600.0, y[0]=809.0, toolType[0]=TOOL_TYPE_UNKNOWN, buttonState=0, metaState=0, flags=0x0, edgeFlags=0x0, pointerCount=1, historySize=0, eventTime=137341, downTime=137341, deviceId=0, source=0x1002 }
07-25 16:56:22.351  2850  2850 I Input   : injectMotionEvent: MotionEvent { action=ACTION_MOVE, actionButton=0, id[0]=0, x[0]=600.0, y[0]=809.0, toolType[0]=TOOL_TYPE_UNKNOWN, buttonState=0, metaState=0, flags=0x0, edgeFlags=0x0, pointerCount=1, historySize=0, eventTime=137351, downTime=137351, deviceId=0, source=0x1002 }
07-25 16:56:22.368  2850  2850 I Input   : injectMotionEvent: MotionEvent { action=ACTION_MOVE, actionButton=0, id[0]=0, x[0]=600.0, y[0]=809.0, toolType[0]=TOOL_TYPE_UNKNOWN, buttonState=0, metaState=0, flags=0x0, edgeFlags=0x0, pointerCount=1, historySize=0, eventTime=137368, downTime=137368, deviceId=0, source=0x1002 }
07-25 16:56:22.384  2850  2850 I Input   : injectMotionEvent: MotionEvent { action=ACTION_MOVE, actionButton=0, id[0]=0, x[0]=600.0, y[0]=809.0, toolType[0]=TOOL_TYPE_UNKNOWN, buttonState=0, metaState=0, flags=0x0, edgeFlags=0x0, pointerCount=1, historySize=0, eventTime=137384, downTime=137384, deviceId=0, source=0x1002 }
07-25 16:56:22.401  2850  2850 I Input   : injectMotionEvent: MotionEvent { action=ACTION_MOVE, actionButton=0, id[0]=0, x[0]=600.0, y[0]=809.0, toolType[0]=TOOL_TYPE_UNKNOWN, buttonState=0, metaState=0, flags=0x0, edgeFlags=0x0, pointerCount=1, historySize=0, eventTime=137401, downTime=137401, deviceId=0, source=0x1002 }
07-25 16:56:22.421  2850  2850 I Input   : injectMotionEvent: MotionEvent { action=ACTION_MOVE, actionButton=0, id[0]=0, x[0]=600.0, y[0]=809.0, toolType[0]=TOOL_TYPE_UNKNOWN, buttonState=0, metaState=0, flags=0x0, edgeFlags=0x0, pointerCount=1, historySize=0, eventTime=137421, downTime=137421, deviceId=0, source=0x1002 }
07-25 16:56:22.434  2850  2850 I Input   : injectMotionEvent: MotionEvent { action=ACTION_MOVE, actionButton=0, id[0]=0, x[0]=600.0, y[0]=809.0, toolType[0]=TOOL_TYPE_UNKNOWN, buttonState=0, metaState=0, flags=0x0, edgeFlags=0x0, pointerCount=1, historySize=0, eventTime=137434, downTime=137434, deviceId=0, source=0x1002 }
