I/Input   (15177): injectMotionEvent: MotionEvent { action=ACTION_MOVE, id[0]=0, x[0]=1136.0, y[0]=114.0, toolType[0]=TOOL_TYPE_UNKNOWN, buttonState=0, metaState=0, flags=0x0, edgeFlags=0x0, pointerCount=1, historySize=0, eventTime=1004385, downTime=1004385, deviceId=0, source=0x1002 }
I/Input   (15177): injectMotionEvent: MotionEvent { action=ACTION_MOVE, id[0]=0, x[0]=1136.0, y[0]=114.0, toolType[0]=TOOL_TYPE_UNKNOWN, buttonState=0, metaState=0, flags=0x0, edgeFlags=0x0, pointerCount=1, historySize=0, eventTime=1004400, downTime=1004400, deviceId=0, source=0x1002 }
I/Input   (15177): injectMotionEvent: MotionEvent { action=ACTION_MOVE, id[0]=0, x[0]=1136.0, y[0]=114.0, toolType[0]=TOOL_TYPE_UNKNOWN, buttonState=0, metaState=0, flags=0x0, edgeFlags=0x0, pointerCount=1, historySize=0, eventTime=1004417, downTime=1004417, deviceId=0, source=0x1002 }
I/Input   (15177): injectMotionEvent: MotionEvent { action=ACTION_MOVE, id[0]=0, x[0]=1136.0, y[0]=114.0, toolType[0]=TOOL_TYPE_UNKNOWN, buttonState=0, metaState=0, flags=0x0, edgeFlags=0x0, pointerCount=1, historySize=0, eventTime=1004436, downTime=1004436, deviceId=0, source=0x1002 }
I/Input   (15177): injectMotionEvent: MotionEvent { action=ACTION_MOVE, id[0]=0, x[0]=1136.0, y[0]=114.0, toolType[0]=TOOL_TYPE_UNKNOWN, buttonState=0, metaState=0, flags=0x0, edgeFlags=0x0, pointerCount=1, historySize=0, eventTime=1004450, downTime=1004450, deviceId=0, source=0x1002 }
I/Input   (15177): injectMotionEvent: MotionEvent { action=ACTION_MOVE, id[0]=0, x[0]=1136.0, y[0]=114.0, toolType[0]=TOOL_TYPE_UNKNOWN, buttonState=0, metaState=0, flags=0x0, edgeFlags=0x0, pointerCount=1, historySize=0, eventTime=1004468, downTime=1004468, deviceId=0, source=0x1002 }
I/Input   (15177): injectMotionEvent: MotionEvent { action=ACTION_MOVE, id[0]=0, x[0]=1136.0, y[0]=114.0, toolType[0]=TOOL_TYPE_UNKNOWN, buttonState=0, metaState=0, flags=0x0, edgeFlags=0x0, pointerCount=1, historySize=0, eventTime=1004484, downTime=1004484, deviceId=0, source=0x1002 }
I/Input   (15177): injectMotionEvent: MotionEvent { action=ACTION_MOVE, id[0]=0, x[0]=1136.0, y[0]=114.0, toolType[0]=TOOL_TYPE_UNKNOWN, buttonState=0, metaState=0, flags=0x0, edgeFlags=0x0, pointerCount=1, historySize=0, eventTime=1004502, downTime=1004502, deviceId=0, source=0x1002 }
I/Input   (15177): injectMotionEvent: MotionEvent { action=ACTION_MOVE, id[0]=0, x[0]=1136.0, y[0]=114.0, toolType[0]=TOOL_TYPE_UNKNOWN, buttonState=0, metaState=0, flags=0x0, edgeFlags=0x0, pointerCount=1, historySize=0, eventTime=1004517, downTime=1004517, deviceId=0, source=0x1002 }
I/Input   (15177): injectMotionEvent: MotionEvent { action=ACTION_MOVE, id[0]=0, x[0]=1136.0, y[0]=114.0, toolType[0]=TOOL_TYPE_UNKNOWN, buttonState=0, metaState=0, flags=0x0, edgeFlags=0x0, pointerCount=1, historySize=0, eventTime=1004537, downTime=1004537, deviceId=0, source=0x1002 }
I/Input   (15177): injectMotionEvent: MotionEvent { action=ACTION_UP, id[0]=0, x[0]=1136.0, y[0]=114.0, toolType[0]=TOOL_TYPE_UNKNOWN, buttonState=0, metaState=0, flags=0x0, edgeFlags=0x0, pointerCount=1, historySize=0, eventTime=1004551, downTime=1004551, deviceId=0, source=0x1002 }
D/AndroidRuntime(15177): Shutting down VM
W/AudioTrack(  676): AUDIO_OUTPUT_FLAG_FAST denied by client
V/WindowManager(  676): Adding window Window{100c3d23 u0 PopupWindow:3232c711} at 4 of 10 (after Window{35de0cce u0 com.adonai.manman/com.adonai.manman.MainPagerActivity})
W/EGL_emulation(12438): eglSurfaceAttrib not implemented
W/OpenGLRenderer(12438): Failed to set EGL_SWAP_BEHAVIOR on surface 0xe201aa60, error=EGL_SUCCESS
D/AndroidRuntime(15519): >>>>>> START com.android.internal.os.RuntimeInit uid 0 <<<<<<
D/AndroidRuntime(15519): CheckJNI is OFF
E/memtrack(15519): Couldn't load memtrack module (No such file or directory)
E/android.os.Debug(15519): failed to load memtrack module: -2
D/AndroidRuntime(15519): Calling main entry com.android.commands.uiautomator.Launcher
W/AccessibilityNodeInfoDumper(15519): Fetch time: 1ms
W/WindowManager(  676): Attempted to remove non-existing token: android.os.Binder@29e17895
D/AndroidRuntime(15519): Shutting down VM
D/AndroidRuntime(15547): >>>>>> START com.android.internal.os.RuntimeInit uid 0 <<<<<<
D/AndroidRuntime(15547): CheckJNI is OFF
E/memtrack(15547): Couldn't load memtrack module (No such file or directory)
E/android.os.Debug(15547): failed to load memtrack module: -2
D/AndroidRuntime(15547): Calling main entry com.android.commands.uiautomator.Launcher
I/art     (  676): Explicit concurrent mark sweep GC freed 45448(2MB) AllocSpace objects, 31(496KB) LOS objects, 33% free, 9MB/14MB, paused 829us total 21.687ms
W/AccessibilityNodeInfoDumper(15547): Fetch time: 1ms
W/WindowManager(  676): Attempted to remove non-existing token: android.os.Binder@1ffbedaa
D/AndroidRuntime(15547): Shutting down VM
D/AndroidRuntime(15570): >>>>>> START com.android.internal.os.RuntimeInit uid 0 <<<<<<
D/AndroidRuntime(15570): CheckJNI is OFF
E/memtrack(15570): Couldn't load memtrack module (No such file or directory)
E/android.os.Debug(15570): failed to load memtrack module: -2
D/AndroidRuntime(15570): Calling main entry com.android.commands.uiautomator.Launcher
W/AccessibilityNodeInfoDumper(15570): Fetch time: 2ms
W/WindowManager(  676): Attempted to remove non-existing token: android.os.Binder@38bcd538
D/AndroidRuntime(15570): Shutting down VM
D/AndroidRuntime(15598): >>>>>> START com.android.internal.os.RuntimeInit uid 0 <<<<<<
D/AndroidRuntime(15598): CheckJNI is OFF
E/memtrack(15598): Couldn't load memtrack module (No such file or directory)
E/android.os.Debug(15598): failed to load memtrack module: -2
D/AndroidRuntime(15598): Calling main entry com.android.commands.uiautomator.Launcher
W/AccessibilityNodeInfoDumper(15598): Fetch time: 1ms
W/WindowManager(  676): Attempted to remove non-existing token: android.os.Binder@12ae0911
D/AndroidRuntime(15598): Shutting down VM
D/AndroidRuntime(15631): >>>>>> START com.android.internal.os.RuntimeInit uid 0 <<<<<<
D/AndroidRuntime(15631): CheckJNI is OFF
E/memtrack(15631): Couldn't load memtrack module (No such file or directory)
E/android.os.Debug(15631): failed to load memtrack module: -2
D/AndroidRuntime(15631): Calling main entry com.android.commands.uiautomator.Launcher
W/AccessibilityNodeInfoDumper(15631): Fetch time: 1ms
W/WindowManager(  676): Attempted to remove non-existing token: android.os.Binder@f033a76
D/AndroidRuntime(15631): Shutting down VM
D/AndroidRuntime(15662): >>>>>> START com.android.internal.os.RuntimeInit uid 0 <<<<<<
D/AndroidRuntime(15662): CheckJNI is OFF
E/memtrack(15662): Couldn't load memtrack module (No such file or directory)
E/android.os.Debug(15662): failed to load memtrack module: -2
D/AndroidRuntime(15662): Calling main entry com.android.commands.uiautomator.Launcher
W/AccessibilityNodeInfoDumper(15662): Fetch time: 2ms
W/WindowManager(  676): Attempted to remove non-existing token: android.os.Binder@d740877
D/AndroidRuntime(15662): Shutting down VM
D/AndroidRuntime(15686): >>>>>> START com.android.internal.os.RuntimeInit uid 0 <<<<<<
D/AndroidRuntime(15686): CheckJNI is OFF
E/memtrack(15686): Couldn't load memtrack module (No such file or directory)
E/android.os.Debug(15686): failed to load memtrack module: -2
D/AndroidRuntime(15686): Calling main entry com.android.commands.uiautomator.Launcher
W/AccessibilityNodeInfoDumper(15686): Fetch time: 1ms
W/WindowManager(  676): Attempted to remove non-existing token: android.os.Binder@18060ce4
D/AndroidRuntime(15686): Shutting down VM
D/AndroidRuntime(15714): >>>>>> START com.android.internal.os.RuntimeInit uid 0 <<<<<<
D/AndroidRuntime(15714): CheckJNI is OFF
E/memtrack(15714): Couldn't load memtrack module (No such file or directory)
E/android.os.Debug(15714): failed to load memtrack module: -2
D/AndroidRuntime(15714): Calling main entry com.android.commands.uiautomator.Launcher
W/AccessibilityNodeInfoDumper(15714): Fetch time: 2ms
W/WindowManager(  676): Attempted to remove non-existing token: android.os.Binder@2ed9254d
D/AndroidRuntime(15714): Shutting down VM
D/AndroidRuntime(15737): >>>>>> START com.android.internal.os.RuntimeInit uid 0 <<<<<<
D/AndroidRuntime(15737): CheckJNI is OFF
E/memtrack(15737): Couldn't load memtrack module (No such file or directory)
E/android.os.Debug(15737): failed to load memtrack module: -2
D/AndroidRuntime(15737): Calling main entry com.android.commands.uiautomator.Launcher
W/AccessibilityNodeInfoDumper(15737): Fetch time: 3ms
W/WindowManager(  676): Attempted to remove non-existing token: android.os.Binder@2608802
D/AndroidRuntime(15737): Shutting down VM
D/AndroidRuntime(15765): >>>>>> START com.android.internal.os.RuntimeInit uid 0 <<<<<<
D/AndroidRuntime(15765): CheckJNI is OFF
E/memtrack(15765): Couldn't load memtrack module (No such file or directory)
E/android.os.Debug(15765): failed to load memtrack module: -2
D/AndroidRuntime(15765): Calling main entry com.android.commands.uiautomator.Launcher
I/art     (  676): Explicit concurrent mark sweep GC freed 48797(2MB) AllocSpace objects, 34(544KB) LOS objects, 33% free, 9MB/14MB, paused 225us total 13.718ms
W/AccessibilityNodeInfoDumper(15765): Fetch time: 1ms
W/WindowManager(  676): Attempted to remove non-existing token: android.os.Binder@2016b513
D/AndroidRuntime(15765): Shutting down VM
D/AndroidRuntime(15788): >>>>>> START com.android.internal.os.RuntimeInit uid 0 <<<<<<
D/AndroidRuntime(15788): CheckJNI is OFF
E/memtrack(15788): Couldn't load memtrack module (No such file or directory)
E/android.os.Debug(15788): failed to load memtrack module: -2
D/AndroidRuntime(15788): Calling main entry com.android.commands.uiautomator.Launcher
W/AccessibilityNodeInfoDumper(15788): Fetch time: 2ms
W/WindowManager(  676): Attempted to remove non-existing token: android.os.Binder@221fc949
D/AndroidRuntime(15788): Shutting down VM
D/AndroidRuntime(15816): >>>>>> START com.android.internal.os.RuntimeInit uid 0 <<<<<<
D/AndroidRuntime(15816): CheckJNI is OFF
E/memtrack(15816): Couldn't load memtrack module (No such file or directory)
E/android.os.Debug(15816): failed to load memtrack module: -2
D/AndroidRuntime(15816): Calling main entry com.android.commands.uiautomator.Launcher
W/AccessibilityNodeInfoDumper(15816): Fetch time: 2ms
W/WindowManager(  676): Attempted to remove non-existing token: android.os.Binder@2e53224e
D/AndroidRuntime(15816): Shutting down VM
D/AndroidRuntime(15839): >>>>>> START com.android.internal.os.RuntimeInit uid 0 <<<<<<
D/AndroidRuntime(15839): CheckJNI is OFF
E/memtrack(15839): Couldn't load memtrack module (No such file or directory)
E/android.os.Debug(15839): failed to load memtrack module: -2
D/AndroidRuntime(15839): Calling main entry com.android.commands.uiautomator.Launcher
W/AccessibilityNodeInfoDumper(15839): Fetch time: 2ms
W/WindowManager(  676): Attempted to remove non-existing token: android.os.Binder@242d8f6f
D/AndroidRuntime(15839): Shutting down VM
D/AndroidRuntime(15857): >>>>>> START com.android.internal.os.RuntimeInit uid 0 <<<<<<
D/AndroidRuntime(15857): CheckJNI is OFF
E/memtrack(15857): Couldn't load memtrack module (No such file or directory)
E/android.os.Debug(15857): failed to load memtrack module: -2
D/AndroidRuntime(15857): Calling main entry com.android.commands.input.Input
I/Input   (15857): injectMotionEvent: MotionEvent { action=ACTION_DOWN, id[0]=0, x[0]=980.0, y[0]=210.0, toolType[0]=TOOL_TYPE_UNKNOWN, buttonState=0, metaState=0, flags=0x0, edgeFlags=0x0, pointerCount=1, historySize=0, eventTime=1031454, downTime=1031454, deviceId=0, source=0x1002 }
I/Input   (15857): injectMotionEvent: MotionEvent { action=ACTION_UP, id[0]=0, x[0]=980.0, y[0]=210.0, toolType[0]=TOOL_TYPE_UNKNOWN, buttonState=0, metaState=0, flags=0x0, edgeFlags=0x0, pointerCount=1, historySize=0, eventTime=1031454, downTime=1031454, deviceId=0, source=0x1002 }
D/AndroidRuntime(15857): Shutting down VM
D/leak-369(12438): Eastern Standard Time
D/leak-831(12438): Eastern Standard Time
W/AudioTrack(  676): AUDIO_OUTPUT_FLAG_FAST denied by client
W/InputMethodManagerService(  676): Window already focused, ignoring focus gain of: com.android.internal.view.IInputMethodClient$Stub$Proxy@3512b105 attribute=null, token = android.os.BinderProxy@17b1cdc9
D/AndroidRuntime(15887): >>>>>> START com.android.internal.os.RuntimeInit uid 0 <<<<<<
D/AndroidRuntime(15887): CheckJNI is OFF
E/memtrack(15887): Couldn't load memtrack module (No such file or directory)
E/android.os.Debug(15887): failed to load memtrack module: -2
D/AndroidRuntime(15887): Calling main entry com.android.commands.uiautomator.Launcher
D/leak-372(12438): Eastern Standard Time
I/AccessibilityNodeInfoDumper(15887): Skipping invisible child: android.view.accessibility.AccessibilityNodeInfo@8000bbce; boundsInParent: Rect(0, 0 - 1200, 1538); boundsInScreen: Rect(1200, 280 - 1200, 1818); packageName: com.adonai.manman; className: android.widget.FrameLayout; text: null; error: null; maxTextLength: -1; contentDescription: null; viewIdResName: com.adonai.manman:id/chapter_fragment_frame; checkable: false; checked: false; focusable: true; focused: false; selected: false; clickable: false; longClickable: false; enabled: true; password: false; scrollable: false; actions: [AccessibilityAction: ACTION_FOCUS - null, AccessibilityAction: ACTION_SELECT - null, AccessibilityAction: ACTION_CLEAR_SELECTION - null, AccessibilityAction: ACTION_ACCESSIBILITY_FOCUS - null]
W/AccessibilityNodeInfoDumper(15887): Fetch time: 15ms
W/WindowManager(  676): Attempted to remove non-existing token: android.os.Binder@262db38b
D/AndroidRuntime(15887): Shutting down VM
D/AndroidRuntime(15910): >>>>>> START com.android.internal.os.RuntimeInit uid 0 <<<<<<
D/AndroidRuntime(15910): CheckJNI is OFF
E/memtrack(15910): Couldn't load memtrack module (No such file or directory)
E/android.os.Debug(15910): failed to load memtrack module: -2
D/AndroidRuntime(15910): Calling main entry com.android.commands.uiautomator.Launcher
D/leak-372(12438): Eastern Standard Time
I/AccessibilityNodeInfoDumper(15910): Skipping invisible child: android.view.accessibility.AccessibilityNodeInfo@8000bbd7; boundsInParent: Rect(0, 0 - 1200, 1538); boundsInScreen: Rect(1200, 280 - 1200, 1818); packageName: com.adonai.manman; className: android.widget.FrameLayout; text: null; error: null; maxTextLength: -1; contentDescription: null; viewIdResName: com.adonai.manman:id/chapter_fragment_frame; checkable: false; checked: false; focusable: true; focused: false; selected: false; clickable: false; longClickable: false; enabled: true; password: false; scrollable: false; actions: [AccessibilityAction: ACTION_FOCUS - null, AccessibilityAction: ACTION_SELECT - null, AccessibilityAction: ACTION_CLEAR_SELECTION - null, AccessibilityAction: ACTION_ACCESSIBILITY_FOCUS - null]
W/AccessibilityNodeInfoDumper(15910): Fetch time: 14ms
W/WindowManager(  676): Attempted to remove non-existing token: android.os.Binder@16abfc68
D/AndroidRuntime(15910): Shutting down VM
D/AndroidRuntime(15938): >>>>>> START com.android.internal.os.RuntimeInit uid 0 <<<<<<
D/AndroidRuntime(15938): CheckJNI is OFF
E/memtrack(15938): Couldn't load memtrack module (No such file or directory)
E/android.os.Debug(15938): failed to load memtrack module: -2
D/AndroidRuntime(15938): Calling main entry com.android.commands.uiautomator.Launcher
D/leak-372(12438): Eastern Standard Time
I/AccessibilityNodeInfoDumper(15938): Skipping invisible child: android.view.accessibility.AccessibilityNodeInfo@8000bbe2; boundsInParent: Rect(0, 0 - 1200, 1538); boundsInScreen: Rect(1200, 280 - 1200, 1818); packageName: com.adonai.manman; className: android.widget.FrameLayout; text: null; error: null; maxTextLength: -1; contentDescription: null; viewIdResName: com.adonai.manman:id/chapter_fragment_frame; checkable: false; checked: false; focusable: true; focused: false; selected: false; clickable: false; longClickable: false; enabled: true; password: false; scrollable: false; actions: [AccessibilityAction: ACTION_FOCUS - null, AccessibilityAction: ACTION_SELECT - null, AccessibilityAction: ACTION_CLEAR_SELECTION - null, AccessibilityAction: ACTION_ACCESSIBILITY_FOCUS - null]
W/AccessibilityNodeInfoDumper(15938): Fetch time: 18ms
W/WindowManager(  676): Attempted to remove non-existing token: android.os.Binder@2e925881
D/AndroidRuntime(15938): Shutting down VM
D/AndroidRuntime(15971): >>>>>> START com.android.internal.os.RuntimeInit uid 0 <<<<<<
D/AndroidRuntime(15971): CheckJNI is OFF
E/memtrack(15971): Couldn't load memtrack module (No such file or directory)
E/android.os.Debug(15971): failed to load memtrack module: -2
D/AndroidRuntime(15971): Calling main entry com.android.commands.uiautomator.Launcher
D/leak-372(12438): Eastern Standard Time
I/AccessibilityNodeInfoDumper(15971): Skipping invisible child: android.view.accessibility.AccessibilityNodeInfo@8000bbe8; boundsInParent: Rect(0, 0 - 1200, 1538); boundsInScreen: Rect(1200, 280 - 1200, 1818); packageName: com.adonai.manman; className: android.widget.FrameLayout; text: null; error: null; maxTextLength: -1; contentDescription: null; viewIdResName: com.adonai.manman:id/chapter_fragment_frame; checkable: false; checked: false; focusable: true; focused: false; selected: false; clickable: false; longClickable: false; enabled: true; password: false; scrollable: false; actions: [AccessibilityAction: ACTION_FOCUS - null, AccessibilityAction: ACTION_SELECT - null, AccessibilityAction: ACTION_CLEAR_SELECTION - null, AccessibilityAction: ACTION_ACCESSIBILITY_FOCUS - null]
W/AccessibilityNodeInfoDumper(15971): Fetch time: 16ms
W/WindowManager(  676): Attempted to remove non-existing token: android.os.Binder@200d2d26
D/AndroidRuntime(15971): Shutting down VM
D/AndroidRuntime(15999): >>>>>> START com.android.internal.os.RuntimeInit uid 0 <<<<<<
D/AndroidRuntime(15999): CheckJNI is OFF
E/memtrack(15999): Couldn't load memtrack module (No such file or directory)
E/android.os.Debug(15999): failed to load memtrack module: -2
D/AndroidRuntime(15999): Calling main entry com.android.commands.uiautomator.Launcher
I/art     (  676): Explicit concurrent mark sweep GC freed 44856(2MB) AllocSpace objects, 34(544KB) LOS objects, 33% free, 9MB/14MB, paused 1.006ms total 19.808ms
D/leak-372(12438): Eastern Standard Time
I/AccessibilityNodeInfoDumper(15999): Skipping invisible child: android.view.accessibility.AccessibilityNodeInfo@8000bbf4; boundsInParent: Rect(0, 0 - 1200, 1538); boundsInScreen: Rect(1200, 280 - 1200, 1818); packageName: com.adonai.manman; className: android.widget.FrameLayout; text: null; error: null; maxTextLength: -1; contentDescription: null; viewIdResName: com.adonai.manman:id/chapter_fragment_frame; checkable: false; checked: false; focusable: true; focused: false; selected: false; clickable: false; longClickable: false; enabled: true; password: false; scrollable: false; actions: [AccessibilityAction: ACTION_FOCUS - null, AccessibilityAction: ACTION_SELECT - null, AccessibilityAction: ACTION_CLEAR_SELECTION - null, AccessibilityAction: ACTION_ACCESSIBILITY_FOCUS - null]
W/AccessibilityNodeInfoDumper(15999): Fetch time: 19ms
W/WindowManager(  676): Attempted to remove non-existing token: android.os.Binder@3ac1fd67
D/AndroidRuntime(15999): Shutting down VM
D/AndroidRuntime(16027): >>>>>> START com.android.internal.os.RuntimeInit uid 0 <<<<<<
D/AndroidRuntime(16027): CheckJNI is OFF
E/memtrack(16027): Couldn't load memtrack module (No such file or directory)
E/android.os.Debug(16027): failed to load memtrack module: -2
D/AndroidRuntime(16027): Calling main entry com.android.commands.uiautomator.Launcher
D/leak-372(12438): Eastern Standard Time
I/AccessibilityNodeInfoDumper(16027): Skipping invisible child: android.view.accessibility.AccessibilityNodeInfo@8000bbfc; boundsInParent: Rect(0, 0 - 1200, 1538); boundsInScreen: Rect(1200, 280 - 1200, 1818); packageName: com.adonai.manman; className: android.widget.FrameLayout; text: null; error: null; maxTextLength: -1; contentDescription: null; viewIdResName: com.adonai.manman:id/chapter_fragment_frame; checkable: false; checked: false; focusable: true; focused: false; selected: false; clickable: false; longClickable: false; enabled: true; password: false; scrollable: false; actions: [AccessibilityAction: ACTION_FOCUS - null, AccessibilityAction: ACTION_SELECT - null, AccessibilityAction: ACTION_CLEAR_SELECTION - null, AccessibilityAction: ACTION_ACCESSIBILITY_FOCUS - null]
W/AccessibilityNodeInfoDumper(16027): Fetch time: 16ms
W/WindowManager(  676): Attempted to remove non-existing token: android.os.Binder@90afbbd
D/AndroidRuntime(16027): Shutting down VM
D/AndroidRuntime(16050): >>>>>> START com.android.internal.os.RuntimeInit uid 0 <<<<<<
D/AndroidRuntime(16050): CheckJNI is OFF
E/memtrack(16050): Couldn't load memtrack module (No such file or directory)
E/android.os.Debug(16050): failed to load memtrack module: -2
D/AndroidRuntime(16050): Calling main entry com.android.commands.uiautomator.Launcher
D/leak-372(12438): Eastern Standard Time
I/AccessibilityNodeInfoDumper(16050): Skipping invisible child: android.view.accessibility.AccessibilityNodeInfo@8000bc03; boundsInParent: Rect(0, 0 - 1200, 1538); boundsInScreen: Rect(1200, 280 - 1200, 1818); packageName: com.adonai.manman; className: android.widget.FrameLayout; text: null; error: null; maxTextLength: -1; contentDescription: null; viewIdResName: com.adonai.manman:id/chapter_fragment_frame; checkable: false; checked: false; focusable: true; focused: false; selected: false; clickable: false; longClickable: false; enabled: true; password: false; scrollable: false; actions: [AccessibilityAction: ACTION_FOCUS - null, AccessibilityAction: ACTION_SELECT - null, AccessibilityAction: ACTION_CLEAR_SELECTION - null, AccessibilityAction: ACTION_ACCESSIBILITY_FOCUS - null]
W/AccessibilityNodeInfoDumper(16050): Fetch time: 19ms
W/WindowManager(  676): Attempted to remove non-existing token: android.os.Binder@238ef5b2
D/AndroidRuntime(16050): Shutting down VM
D/AndroidRuntime(16078): >>>>>> START com.android.internal.os.RuntimeInit uid 0 <<<<<<
D/AndroidRuntime(16078): CheckJNI is OFF
E/memtrack(16078): Couldn't load memtrack module (No such file or directory)
E/android.os.Debug(16078): failed to load memtrack module: -2
D/AndroidRuntime(16078): Calling main entry com.android.commands.uiautomator.Launcher
D/leak-372(12438): Eastern Standard Time
I/AccessibilityNodeInfoDumper(16078): Skipping invisible child: android.view.accessibility.AccessibilityNodeInfo@8000bc0c; boundsInParent: Rect(0, 0 - 1200, 1538); boundsInScreen: Rect(1200, 280 - 1200, 1818); packageName: com.adonai.manman; className: android.widget.FrameLayout; text: null; error: null; maxTextLength: -1; contentDescription: null; viewIdResName: com.adonai.manman:id/chapter_fragment_frame; checkable: false; checked: false; focusable: true; focused: false; selected: false; clickable: false; longClickable: false; enabled: true; password: false; scrollable: false; actions: [AccessibilityAction: ACTION_FOCUS - null, AccessibilityAction: ACTION_SELECT - null, AccessibilityAction: ACTION_CLEAR_SELECTION - null, AccessibilityAction: ACTION_ACCESSIBILITY_FOCUS - null]
W/AccessibilityNodeInfoDumper(16078): Fetch time: 16ms
W/WindowManager(  676): Attempted to remove non-existing token: android.os.Binder@2c670903
D/AndroidRuntime(16078): Shutting down VM
D/AndroidRuntime(16111): >>>>>> START com.android.internal.os.RuntimeInit uid 0 <<<<<<
D/AndroidRuntime(16111): CheckJNI is OFF
E/memtrack(16111): Couldn't load memtrack module (No such file or directory)
E/android.os.Debug(16111): failed to load memtrack module: -2
D/AndroidRuntime(16111): Calling main entry com.android.commands.uiautomator.Launcher
D/leak-372(12438): Eastern Standard Time
I/AccessibilityNodeInfoDumper(16111): Skipping invisible child: android.view.accessibility.AccessibilityNodeInfo@8000bc16; boundsInParent: Rect(0, 0 - 1200, 1538); boundsInScreen: Rect(1200, 280 - 1200, 1818); packageName: com.adonai.manman; className: android.widget.FrameLayout; text: null; error: null; maxTextLength: -1; contentDescription: null; viewIdResName: com.adonai.manman:id/chapter_fragment_frame; checkable: false; checked: false; focusable: true; focused: false; selected: false; clickable: false; longClickable: false; enabled: true; password: false; scrollable: false; actions: [AccessibilityAction: ACTION_FOCUS - null, AccessibilityAction: ACTION_SELECT - null, AccessibilityAction: ACTION_CLEAR_SELECTION - null, AccessibilityAction: ACTION_ACCESSIBILITY_FOCUS - null]
W/AccessibilityNodeInfoDumper(16111): Fetch time: 17ms
W/WindowManager(  676): Attempted to remove non-existing token: android.os.Binder@7eff080
D/AndroidRuntime(16111): Shutting down VM
D/AndroidRuntime(16461): >>>>>> START com.android.internal.os.RuntimeInit uid 0 <<<<<<
D/AndroidRuntime(16461): CheckJNI is OFF
E/memtrack(16461): Couldn't load memtrack module (No such file or directory)
E/android.os.Debug(16461): failed to load memtrack module: -2
D/AndroidRuntime(16461): Calling main entry com.android.commands.uiautomator.Launcher
D/leak-372(12438): Eastern Standard Time
I/AccessibilityNodeInfoDumper(16461): Skipping invisible child: android.view.accessibility.AccessibilityNodeInfo@8000bc20; boundsInParent: Rect(0, 0 - 1200, 1538); boundsInScreen: Rect(1200, 280 - 1200, 1818); packageName: com.adonai.manman; className: android.widget.FrameLayout; text: null; error: null; maxTextLength: -1; contentDescription: null; viewIdResName: com.adonai.manman:id/chapter_fragment_frame; checkable: false; checked: false; focusable: true; focused: false; selected: false; clickable: false; longClickable: false; enabled: true; password: false; scrollable: false; actions: [AccessibilityAction: ACTION_FOCUS - null, AccessibilityAction: ACTION_SELECT - null, AccessibilityAction: ACTION_CLEAR_SELECTION - null, AccessibilityAction: ACTION_ACCESSIBILITY_FOCUS - null]
W/AccessibilityNodeInfoDumper(16461): Fetch time: 16ms
W/WindowManager(  676): Attempted to remove non-existing token: android.os.Binder@3f7096b9
D/AndroidRuntime(16461): Shutting down VM
D/AndroidRuntime(16484): >>>>>> START com.android.internal.os.RuntimeInit uid 0 <<<<<<
D/AndroidRuntime(16484): CheckJNI is OFF
E/memtrack(16484): Couldn't load memtrack module (No such file or directory)
E/android.os.Debug(16484): failed to load memtrack module: -2
D/AndroidRuntime(16484): Calling main entry com.android.commands.uiautomator.Launcher
D/leak-372(12438): Eastern Standard Time
I/AccessibilityNodeInfoDumper(16484): Skipping invisible child: android.view.accessibility.AccessibilityNodeInfo@8000bc29; boundsInParent: Rect(0, 0 - 1200, 1538); boundsInScreen: Rect(1200, 280 - 1200, 1818); packageName: com.adonai.manman; className: android.widget.FrameLayout; text: null; error: null; maxTextLength: -1; contentDescription: null; viewIdResName: com.adonai.manman:id/chapter_fragment_frame; checkable: false; checked: false; focusable: true; focused: false; selected: false; clickable: false; longClickable: false; enabled: true; password: false; scrollable: false; actions: [AccessibilityAction: ACTION_FOCUS - null, AccessibilityAction: ACTION_SELECT - null, AccessibilityAction: ACTION_CLEAR_SELECTION - null, AccessibilityAction: ACTION_ACCESSIBILITY_FOCUS - null]
W/AccessibilityNodeInfoDumper(16484): Fetch time: 20ms
W/WindowManager(  676): Attempted to remove non-existing token: android.os.Binder@1cf2bafe
D/AndroidRuntime(16484): Shutting down VM
D/AndroidRuntime(16512): >>>>>> START com.android.internal.os.RuntimeInit uid 0 <<<<<<
D/AndroidRuntime(16512): CheckJNI is OFF
E/memtrack(16512): Couldn't load memtrack module (No such file or directory)
E/android.os.Debug(16512): failed to load memtrack module: -2
D/AndroidRuntime(16512): Calling main entry com.android.commands.uiautomator.Launcher
D/leak-372(12438): Eastern Standard Time
I/AccessibilityNodeInfoDumper(16512): Skipping invisible child: android.view.accessibility.AccessibilityNodeInfo@8000bc30; boundsInParent: Rect(0, 0 - 1200, 1538); boundsInScreen: Rect(1200, 280 - 1200, 1818); packageName: com.adonai.manman; className: android.widget.FrameLayout; text: null; error: null; maxTextLength: -1; contentDescription: null; viewIdResName: com.adonai.manman:id/chapter_fragment_frame; checkable: false; checked: false; focusable: true; focused: false; selected: false; clickable: false; longClickable: false; enabled: true; password: false; scrollable: false; actions: [AccessibilityAction: ACTION_FOCUS - null, AccessibilityAction: ACTION_SELECT - null, AccessibilityAction: ACTION_CLEAR_SELECTION - null, AccessibilityAction: ACTION_ACCESSIBILITY_FOCUS - null]
W/AccessibilityNodeInfoDumper(16512): Fetch time: 16ms
W/WindowManager(  676): Attempted to remove non-existing token: android.os.Binder@26c7325f
D/AndroidRuntime(16512): Shutting down VM
D/AndroidRuntime(16545): >>>>>> START com.android.internal.os.RuntimeInit uid 0 <<<<<<
D/AndroidRuntime(16545): CheckJNI is OFF
E/memtrack(16545): Couldn't load memtrack module (No such file or directory)
E/android.os.Debug(16545): failed to load memtrack module: -2
D/AndroidRuntime(16545): Calling main entry com.android.commands.uiautomator.Launcher
I/art     (  676): Explicit concurrent mark sweep GC freed 51739(3MB) AllocSpace objects, 39(624KB) LOS objects, 33% free, 9MB/14MB, paused 552us total 18.173ms
D/leak-372(12438): Eastern Standard Time
I/AccessibilityNodeInfoDumper(16545): Skipping invisible child: android.view.accessibility.AccessibilityNodeInfo@8000bc39; boundsInParent: Rect(0, 0 - 1200, 1538); boundsInScreen: Rect(1200, 280 - 1200, 1818); packageName: com.adonai.manman; className: android.widget.FrameLayout; text: null; error: null; maxTextLength: -1; contentDescription: null; viewIdResName: com.adonai.manman:id/chapter_fragment_frame; checkable: false; checked: false; focusable: true; focused: false; selected: false; clickable: false; longClickable: false; enabled: true; password: false; scrollable: false; actions: [AccessibilityAction: ACTION_FOCUS - null, AccessibilityAction: ACTION_SELECT - null, AccessibilityAction: ACTION_CLEAR_SELECTION - null, AccessibilityAction: ACTION_ACCESSIBILITY_FOCUS - null]
W/AccessibilityNodeInfoDumper(16545): Fetch time: 27ms
W/WindowManager(  676): Attempted to remove non-existing token: android.os.Binder@8a394ac
D/AndroidRuntime(16545): Shutting down VM
D/AndroidRuntime(16576): >>>>>> START com.android.internal.os.RuntimeInit uid 0 <<<<<<
D/AndroidRuntime(16576): CheckJNI is OFF
E/memtrack(16576): Couldn't load memtrack module (No such file or directory)
E/android.os.Debug(16576): failed to load memtrack module: -2
D/AndroidRuntime(16576): Calling main entry com.android.commands.uiautomator.Launcher
D/leak-372(12438): Eastern Standard Time
I/AccessibilityNodeInfoDumper(16576): Skipping invisible child: android.view.accessibility.AccessibilityNodeInfo@8000bc45; boundsInParent: Rect(0, 0 - 1200, 1538); boundsInScreen: Rect(1200, 280 - 1200, 1818); packageName: com.adonai.manman; className: android.widget.FrameLayout; text: null; error: null; maxTextLength: -1; contentDescription: null; viewIdResName: com.adonai.manman:id/chapter_fragment_frame; checkable: false; checked: false; focusable: true; focused: false; selected: false; clickable: false; longClickable: false; enabled: true; password: false; scrollable: false; actions: [AccessibilityAction: ACTION_FOCUS - null, AccessibilityAction: ACTION_SELECT - null, AccessibilityAction: ACTION_CLEAR_SELECTION - null, AccessibilityAction: ACTION_ACCESSIBILITY_FOCUS - null]
W/AccessibilityNodeInfoDumper(16576): Fetch time: 15ms
W/WindowManager(  676): Attempted to remove non-existing token: android.os.Binder@333b890a
D/AndroidRuntime(16576): Shutting down VM
D/AndroidRuntime(16599): >>>>>> START com.android.internal.os.RuntimeInit uid 0 <<<<<<
D/AndroidRuntime(16599): CheckJNI is OFF
E/memtrack(16599): Couldn't load memtrack module (No such file or directory)
E/android.os.Debug(16599): failed to load memtrack module: -2
D/AndroidRuntime(16599): Calling main entry com.android.commands.uiautomator.Launcher
D/leak-372(12438): Eastern Standard Time
I/AccessibilityNodeInfoDumper(16599): Skipping invisible child: android.view.accessibility.AccessibilityNodeInfo@8000bc4b; boundsInParent: Rect(0, 0 - 1200, 1538); boundsInScreen: Rect(1200, 280 - 1200, 1818); packageName: com.adonai.manman; className: android.widget.FrameLayout; text: null; error: null; maxTextLength: -1; contentDescription: null; viewIdResName: com.adonai.manman:id/chapter_fragment_frame; checkable: false; checked: false; focusable: true; focused: false; selected: false; clickable: false; longClickable: false; enabled: true; password: false; scrollable: false; actions: [AccessibilityAction: ACTION_FOCUS - null, AccessibilityAction: ACTION_SELECT - null, AccessibilityAction: ACTION_CLEAR_SELECTION - null, AccessibilityAction: ACTION_ACCESSIBILITY_FOCUS - null]
W/AccessibilityNodeInfoDumper(16599): Fetch time: 18ms
W/WindowManager(  676): Attempted to remove non-existing token: android.os.Binder@3bd6957b
D/AndroidRuntime(16599): Shutting down VM
D/AndroidRuntime(16628): >>>>>> START com.android.internal.os.RuntimeInit uid 0 <<<<<<
D/AndroidRuntime(16628): CheckJNI is OFF
E/memtrack(16628): Couldn't load memtrack module (No such file or directory)
E/android.os.Debug(16628): failed to load memtrack module: -2
D/AndroidRuntime(16628): Calling main entry com.android.commands.uiautomator.Launcher
D/leak-372(12438): Eastern Standard Time
I/AccessibilityNodeInfoDumper(16628): Skipping invisible child: android.view.accessibility.AccessibilityNodeInfo@8000bc55; boundsInParent: Rect(0, 0 - 1200, 1538); boundsInScreen: Rect(1200, 280 - 1200, 1818); packageName: com.adonai.manman; className: android.widget.FrameLayout; text: null; error: null; maxTextLength: -1; contentDescription: null; viewIdResName: com.adonai.manman:id/chapter_fragment_frame; checkable: false; checked: false; focusable: true; focused: false; selected: false; clickable: false; longClickable: false; enabled: true; password: false; scrollable: false; actions: [AccessibilityAction: ACTION_FOCUS - null, AccessibilityAction: ACTION_SELECT - null, AccessibilityAction: ACTION_CLEAR_SELECTION - null, AccessibilityAction: ACTION_ACCESSIBILITY_FOCUS - null]
W/AccessibilityNodeInfoDumper(16628): Fetch time: 16ms
W/WindowManager(  676): Attempted to remove non-existing token: android.os.Binder@340b4f98
D/AndroidRuntime(16628): Shutting down VM
D/AndroidRuntime(16651): >>>>>> START com.android.internal.os.RuntimeInit uid 0 <<<<<<
D/AndroidRuntime(16651): CheckJNI is OFF
E/memtrack(16651): Couldn't load memtrack module (No such file or directory)
E/android.os.Debug(16651): failed to load memtrack module: -2
D/AndroidRuntime(16651): Calling main entry com.android.commands.uiautomator.Launcher
D/leak-372(12438): Eastern Standard Time
I/AccessibilityNodeInfoDumper(16651): Skipping invisible child: android.view.accessibility.AccessibilityNodeInfo@8000bc5e; boundsInParent: Rect(0, 0 - 1200, 1538); boundsInScreen: Rect(1200, 280 - 1200, 1818); packageName: com.adonai.manman; className: android.widget.FrameLayout; text: null; error: null; maxTextLength: -1; contentDescription: null; viewIdResName: com.adonai.manman:id/chapter_fragment_frame; checkable: false; checked: false; focusable: true; focused: false; selected: false; clickable: false; longClickable: false; enabled: true; password: false; scrollable: false; actions: [AccessibilityAction: ACTION_FOCUS - null, AccessibilityAction: ACTION_SELECT - null, AccessibilityAction: ACTION_CLEAR_SELECTION - null, AccessibilityAction: ACTION_ACCESSIBILITY_FOCUS - null]
W/AccessibilityNodeInfoDumper(16651): Fetch time: 17ms
W/WindowManager(  676): Attempted to remove non-existing token: android.os.Binder@2a163f1
D/AndroidRuntime(16651): Shutting down VM
D/AndroidRuntime(16679): >>>>>> START com.android.internal.os.RuntimeInit uid 0 <<<<<<
D/AndroidRuntime(16679): CheckJNI is OFF
E/memtrack(16679): Couldn't load memtrack module (No such file or directory)
E/android.os.Debug(16679): failed to load memtrack module: -2
D/AndroidRuntime(16679): Calling main entry com.android.commands.uiautomator.Launcher
D/leak-372(12438): Eastern Standard Time
I/AccessibilityNodeInfoDumper(16679): Skipping invisible child: android.view.accessibility.AccessibilityNodeInfo@8000bc66; boundsInParent: Rect(0, 0 - 1200, 1538); boundsInScreen: Rect(1200, 280 - 1200, 1818); packageName: com.adonai.manman; className: android.widget.FrameLayout; text: null; error: null; maxTextLength: -1; contentDescription: null; viewIdResName: com.adonai.manman:id/chapter_fragment_frame; checkable: false; checked: false; focusable: true; focused: false; selected: false; clickable: false; longClickable: false; enabled: true; password: false; scrollable: false; actions: [AccessibilityAction: ACTION_FOCUS - null, AccessibilityAction: ACTION_SELECT - null, AccessibilityAction: ACTION_CLEAR_SELECTION - null, AccessibilityAction: ACTION_ACCESSIBILITY_FOCUS - null]
W/AccessibilityNodeInfoDumper(16679): Fetch time: 14ms
W/WindowManager(  676): Attempted to remove non-existing token: android.os.Binder@8912bd6
D/AndroidRuntime(16679): Shutting down VM
D/AndroidRuntime(16702): >>>>>> START com.android.internal.os.RuntimeInit uid 0 <<<<<<
D/AndroidRuntime(16702): CheckJNI is OFF
E/memtrack(16702): Couldn't load memtrack module (No such file or directory)
E/android.os.Debug(16702): failed to load memtrack module: -2
D/AndroidRuntime(16702): Calling main entry com.android.commands.uiautomator.Launcher
D/leak-372(12438): Eastern Standard Time
I/AccessibilityNodeInfoDumper(16702): Skipping invisible child: android.view.accessibility.AccessibilityNodeInfo@8000bc71; boundsInParent: Rect(0, 0 - 1200, 1538); boundsInScreen: Rect(1200, 280 - 1200, 1818); packageName: com.adonai.manman; className: android.widget.FrameLayout; text: null; error: null; maxTextLength: -1; contentDescription: null; viewIdResName: com.adonai.manman:id/chapter_fragment_frame; checkable: false; checked: false; focusable: true; focused: false; selected: false; clickable: false; longClickable: false; enabled: true; password: false; scrollable: false; actions: [AccessibilityAction: ACTION_FOCUS - null, AccessibilityAction: ACTION_SELECT - null, AccessibilityAction: ACTION_CLEAR_SELECTION - null, AccessibilityAction: ACTION_ACCESSIBILITY_FOCUS - null]
W/AccessibilityNodeInfoDumper(16702): Fetch time: 15ms
W/WindowManager(  676): Attempted to remove non-existing token: android.os.Binder@1eaf0e57
D/AndroidRuntime(16702): Shutting down VM
D/AndroidRuntime(16720): >>>>>> START com.android.internal.os.RuntimeInit uid 0 <<<<<<
D/AndroidRuntime(16720): CheckJNI is OFF
E/memtrack(16720): Couldn't load memtrack module (No such file or directory)
E/android.os.Debug(16720): failed to load memtrack module: -2
D/AndroidRuntime(16720): Calling main entry com.android.commands.input.Input
I/Input   (16720): injectMotionEvent: MotionEvent { action=ACTION_DOWN, id[0]=0, x[0]=640.0, y[0]=324.0, toolType[0]=TOOL_TYPE_UNKNOWN, buttonState=0, metaState=0, flags=0x0, edgeFlags=0x0, pointerCount=1, historySize=0, eventTime=1067918, downTime=1067918, deviceId=0, source=0x1002 }
I/Input   (16720): injectMotionEvent: MotionEvent { action=ACTION_UP, id[0]=0, x[0]=640.0, y[0]=324.0, toolType[0]=TOOL_TYPE_UNKNOWN, buttonState=0, metaState=0, flags=0x0, edgeFlags=0x0, pointerCount=1, historySize=0, eventTime=1067918, downTime=1067918, deviceId=0, source=0x1002 }
I/LatinIME( 1191): Starting input. Cursor position = 0,0
D/AndroidRuntime(16720): Shutting down VM
D/leak-372(12438): Eastern Standard Time
D/leak-372(12438): Eastern Standard Time
D/leak-374(12438): Eastern Standard Time
D/leak-372(12438): Eastern Standard Time
W/EGL_emulation( 1191): eglSurfaceAttrib not implemented
W/OpenGLRenderer( 1191): Failed to set EGL_SWAP_BEHAVIOR on surface 0xf3f43c40, error=EGL_SUCCESS
D/leak-372(12438): Eastern Standard Time
D/leak-372(12438): Eastern Standard Time
D/leak-374(12438): Eastern Standard Time
D/leak-372(12438): Eastern Standard Time
D/leak-372(12438): Eastern Standard Time
D/leak-374(12438): Eastern Standard Time
D/leak-145(12438): Eastern Standard Time
D/leak-145(12438): Eastern Standard Time
D/leak-145(12438): Eastern Standard Time
D/leak-145(12438): Eastern Standard Time
D/leak-145(12438): Eastern Standard Time
D/leak-145(12438): Eastern Standard Time
D/leak-145(12438): Eastern Standard Time
D/leak-145(12438): Eastern Standard Time
D/leak-372(12438): Eastern Standard Time
D/AndroidRuntime(16736): >>>>>> START com.android.internal.os.RuntimeInit uid 0 <<<<<<
D/AndroidRuntime(16736): CheckJNI is OFF
E/memtrack(16736): Couldn't load memtrack module (No such file or directory)
E/android.os.Debug(16736): failed to load memtrack module: -2
D/AndroidRuntime(16736): Calling main entry com.android.commands.input.Input
I/Input   (16736): injectKeyEvent: KeyEvent { action=ACTION_DOWN, keyCode=KEYCODE_ESCAPE, scanCode=0, metaState=0, flags=0x0, repeatCount=0, eventTime=1068317, downTime=1068317, deviceId=-1, source=0x101 }
I/Input   (16736): injectKeyEvent: KeyEvent { action=ACTION_UP, keyCode=KEYCODE_ESCAPE, scanCode=0, metaState=0, flags=0x0, repeatCount=0, eventTime=1068317, downTime=1068317, deviceId=-1, source=0x101 }
D/AndroidRuntime(16736): Shutting down VM
D/leak-372(12438): Eastern Standard Time
D/leak-372(12438): Eastern Standard Time
D/leak-374(12438): Eastern Standard Time
D/leak-372(12438): Eastern Standard Time
D/leak-372(12438): Eastern Standard Time
D/leak-374(12438): Eastern Standard Time
D/leak-145(12438): Eastern Standard Time
D/leak-145(12438): Eastern Standard Time
D/leak-145(12438): Eastern Standard Time
D/leak-145(12438): Eastern Standard Time
D/leak-145(12438): Eastern Standard Time
D/leak-145(12438): Eastern Standard Time
D/leak-145(12438): Eastern Standard Time
D/leak-145(12438): Eastern Standard Time
D/leak-145(12438): Eastern Standard Time
D/leak-145(12438): Eastern Standard Time
D/leak-145(12438): Eastern Standard Time
D/leak-145(12438): Eastern Standard Time
D/leak-372(12438): Eastern Standard Time
D/AndroidRuntime(16754): >>>>>> START com.android.internal.os.RuntimeInit uid 0 <<<<<<
D/AndroidRuntime(16754): CheckJNI is OFF
E/memtrack(16754): Couldn't load memtrack module (No such file or directory)
E/android.os.Debug(16754): failed to load memtrack module: -2
D/AndroidRuntime(16754): Calling main entry com.android.commands.input.Input
I/Input   (16754): injectKeyEvent: KeyEvent { action=ACTION_DOWN, keyCode=KEYCODE_MOVE_END, scanCode=0, metaState=0, flags=0x0, repeatCount=0, eventTime=1069216, downTime=1069216, deviceId=-1, source=0x101 }
I/Input   (16754): injectKeyEvent: KeyEvent { action=ACTION_UP, keyCode=KEYCODE_MOVE_END, scanCode=0, metaState=0, flags=0x0, repeatCount=0, eventTime=1069216, downTime=1069216, deviceId=-1, source=0x101 }
D/AndroidRuntime(16754): Shutting down VM
D/AndroidRuntime(16768): >>>>>> START com.android.internal.os.RuntimeInit uid 0 <<<<<<
D/AndroidRuntime(16768): CheckJNI is OFF
E/memtrack(16768): Couldn't load memtrack module (No such file or directory)
E/android.os.Debug(16768): failed to load memtrack module: -2
D/AndroidRuntime(16768): Calling main entry com.android.commands.input.Input
I/Input   (16768): injectKeyEvent: KeyEvent { action=ACTION_DOWN, keyCode=KEYCODE_DEL, scanCode=0, metaState=0, flags=0x0, repeatCount=0, eventTime=1069521, downTime=1069521, deviceId=-1, source=0x101 }
I/Input   (16768): injectKeyEvent: KeyEvent { action=ACTION_UP, keyCode=KEYCODE_DEL, scanCode=0, metaState=0, flags=0x0, repeatCount=0, eventTime=1069521, downTime=1069521, deviceId=-1, source=0x101 }
I/Input   (16768): injectKeyEvent: KeyEvent { action=ACTION_DOWN, keyCode=KEYCODE_DEL, scanCode=0, metaState=0, flags=0x0, repeatCount=0, eventTime=1069524, downTime=1069524, deviceId=-1, source=0x101 }
I/Input   (16768): injectKeyEvent: KeyEvent { action=ACTION_UP, keyCode=KEYCODE_DEL, scanCode=0, metaState=0, flags=0x0, repeatCount=0, eventTime=1069524, downTime=1069524, deviceId=-1, source=0x101 }
I/Input   (16768): injectKeyEvent: KeyEvent { action=ACTION_DOWN, keyCode=KEYCODE_DEL, scanCode=0, metaState=0, flags=0x0, repeatCount=0, eventTime=1069526, downTime=1069526, deviceId=-1, source=0x101 }
I/Input   (16768): injectKeyEvent: KeyEvent { action=ACTION_UP, keyCode=KEYCODE_DEL, scanCode=0, metaState=0, flags=0x0, repeatCount=0, eventTime=1069526, downTime=1069526, deviceId=-1, source=0x101 }
I/Input   (16768): injectKeyEvent: KeyEvent { action=ACTION_DOWN, keyCode=KEYCODE_DEL, scanCode=0, metaState=0, flags=0x0, repeatCount=0, eventTime=1069533, downTime=1069533, deviceId=-1, source=0x101 }
I/Input   (16768): injectKeyEvent: KeyEvent { action=ACTION_UP, keyCode=KEYCODE_DEL, scanCode=0, metaState=0, flags=0x0, repeatCount=0, eventTime=1069533, downTime=1069533, deviceId=-1, source=0x101 }
I/Input   (16768): injectKeyEvent: KeyEvent { action=ACTION_DOWN, keyCode=KEYCODE_DEL, scanCode=0, metaState=0, flags=0x0, repeatCount=0, eventTime=1069535, downTime=1069535, deviceId=-1, source=0x101 }
I/Input   (16768): injectKeyEvent: KeyEvent { action=ACTION_UP, keyCode=KEYCODE_DEL, scanCode=0, metaState=0, flags=0x0, repeatCount=0, eventTime=1069535, downTime=1069535, deviceId=-1, source=0x101 }
I/Input   (16768): injectKeyEvent: KeyEvent { action=ACTION_DOWN, keyCode=KEYCODE_DEL, scanCode=0, metaState=0, flags=0x0, repeatCount=0, eventTime=1069537, downTime=1069537, deviceId=-1, source=0x101 }
I/Input   (16768): injectKeyEvent: KeyEvent { action=ACTION_UP, keyCode=KEYCODE_DEL, scanCode=0, metaState=0, flags=0x0, repeatCount=0, eventTime=1069537, downTime=1069537, deviceId=-1, source=0x101 }
I/Input   (16768): injectKeyEvent: KeyEvent { action=ACTION_DOWN, keyCode=KEYCODE_DEL, scanCode=0, metaState=0, flags=0x0, repeatCount=0, eventTime=1069538, downTime=1069538, deviceId=-1, source=0x101 }
I/Input   (16768): injectKeyEvent: KeyEvent { action=ACTION_UP, keyCode=KEYCODE_DEL, scanCode=0, metaState=0, flags=0x0, repeatCount=0, eventTime=1069538, downTime=1069538, deviceId=-1, source=0x101 }
I/Input   (16768): injectKeyEvent: KeyEvent { action=ACTION_DOWN, keyCode=KEYCODE_DEL, scanCode=0, metaState=0, flags=0x0, repeatCount=0, eventTime=1069540, downTime=1069540, deviceId=-1, source=0x101 }
I/Input   (16768): injectKeyEvent: KeyEvent { action=ACTION_UP, keyCode=KEYCODE_DEL, scanCode=0, metaState=0, flags=0x0, repeatCount=0, eventTime=1069540, downTime=1069540, deviceId=-1, source=0x101 }
I/Input   (16768): injectKeyEvent: KeyEvent { action=ACTION_DOWN, keyCode=KEYCODE_DEL, scanCode=0, metaState=0, flags=0x0, repeatCount=0, eventTime=1069542, downTime=1069542, deviceId=-1, source=0x101 }
I/Input   (16768): injectKeyEvent: KeyEvent { action=ACTION_UP, keyCode=KEYCODE_DEL, scanCode=0, metaState=0, flags=0x0, repeatCount=0, eventTime=1069542, downTime=1069542, deviceId=-1, source=0x101 }
I/Input   (16768): injectKeyEvent: KeyEvent { action=ACTION_DOWN, keyCode=KEYCODE_DEL, scanCode=0, metaState=0, flags=0x0, repeatCount=0, eventTime=1069543, downTime=1069543, deviceId=-1, source=0x101 }
I/Input   (16768): injectKeyEvent: KeyEvent { action=ACTION_UP, keyCode=KEYCODE_DEL, scanCode=0, metaState=0, flags=0x0, repeatCount=0, eventTime=1069543, downTime=1069543, deviceId=-1, source=0x101 }
I/Input   (16768): injectKeyEvent: KeyEvent { action=ACTION_DOWN, keyCode=KEYCODE_DEL, scanCode=0, metaState=0, flags=0x0, repeatCount=0, eventTime=1069545, downTime=1069545, deviceId=-1, source=0x101 }
I/Input   (16768): injectKeyEvent: KeyEvent { action=ACTION_UP, keyCode=KEYCODE_DEL, scanCode=0, metaState=0, flags=0x0, repeatCount=0, eventTime=1069545, downTime=1069545, deviceId=-1, source=0x101 }
I/Input   (16768): injectKeyEvent: KeyEvent { action=ACTION_DOWN, keyCode=KEYCODE_DEL, scanCode=0, metaState=0, flags=0x0, repeatCount=0, eventTime=1069547, downTime=1069547, deviceId=-1, source=0x101 }
I/Input   (16768): injectKeyEvent: KeyEvent { action=ACTION_UP, keyCode=KEYCODE_DEL, scanCode=0, metaState=0, flags=0x0, repeatCount=0, eventTime=1069547, downTime=1069547, deviceId=-1, source=0x101 }
I/Input   (16768): injectKeyEvent: KeyEvent { action=ACTION_DOWN, keyCode=KEYCODE_DEL, scanCode=0, metaState=0, flags=0x0, repeatCount=0, eventTime=1069550, downTime=1069550, deviceId=-1, source=0x101 }
I/Input   (16768): injectKeyEvent: KeyEvent { action=ACTION_UP, keyCode=KEYCODE_DEL, scanCode=0, metaState=0, flags=0x0, repeatCount=0, eventTime=1069550, downTime=1069550, deviceId=-1, source=0x101 }
I/Input   (16768): injectKeyEvent: KeyEvent { action=ACTION_DOWN, keyCode=KEYCODE_DEL, scanCode=0, metaState=0, flags=0x0, repeatCount=0, eventTime=1069552, downTime=1069552, deviceId=-1, source=0x101 }
I/Input   (16768): injectKeyEvent: KeyEvent { action=ACTION_UP, keyCode=KEYCODE_DEL, scanCode=0, metaState=0, flags=0x0, repeatCount=0, eventTime=1069552, downTime=1069552, deviceId=-1, source=0x101 }
I/Input   (16768): injectKeyEvent: KeyEvent { action=ACTION_DOWN, keyCode=KEYCODE_DEL, scanCode=0, metaState=0, flags=0x0, repeatCount=0, eventTime=1069554, downTime=1069554, deviceId=-1, source=0x101 }
I/Input   (16768): injectKeyEvent: KeyEvent { action=ACTION_UP, keyCode=KEYCODE_DEL, scanCode=0, metaState=0, flags=0x0, repeatCount=0, eventTime=1069554, downTime=1069554, deviceId=-1, source=0x101 }
I/Input   (16768): injectKeyEvent: KeyEvent { action=ACTION_DOWN, keyCode=KEYCODE_DEL, scanCode=0, metaState=0, flags=0x0, repeatCount=0, eventTime=1069555, downTime=1069555, deviceId=-1, source=0x101 }
I/Input   (16768): injectKeyEvent: KeyEvent { action=ACTION_UP, keyCode=KEYCODE_DEL, scanCode=0, metaState=0, flags=0x0, repeatCount=0, eventTime=1069555, downTime=1069555, deviceId=-1, source=0x101 }
I/Input   (16768): injectKeyEvent: KeyEvent { action=ACTION_DOWN, keyCode=KEYCODE_DEL, scanCode=0, metaState=0, flags=0x0, repeatCount=0, eventTime=1069557, downTime=1069557, deviceId=-1, source=0x101 }
