D/AndroidRuntime( 6271): CheckJNI is OFF
E/memtrack( 6271): Couldn't load memtrack module (No such file or directory)
E/android.os.Debug( 6271): failed to load memtrack module: -2
D/AndroidRuntime( 6271): Calling main entry com.android.commands.uiautomator.Launcher
W/AccessibilityNodeInfoDumper( 6271): Fetch time: 2ms
W/WindowManager(  676): Attempted to remove non-existing token: android.os.Binder@3e37252f
D/AndroidRuntime( 6271): Shutting down VM
D/AndroidRuntime( 6295): >>>>>> START com.android.internal.os.RuntimeInit uid 0 <<<<<<
D/AndroidRuntime( 6295): CheckJNI is OFF
E/memtrack( 6295): Couldn't load memtrack module (No such file or directory)
E/android.os.Debug( 6295): failed to load memtrack module: -2
D/AndroidRuntime( 6295): Calling main entry com.android.commands.uiautomator.Launcher
I/art     (  676): Explicit concurrent mark sweep GC freed 43269(2MB) AllocSpace objects, 34(544KB) LOS objects, 33% free, 7MB/11MB, paused 430us total 27.397ms
W/AccessibilityNodeInfoDumper( 6295): Fetch time: 3ms
W/WindowManager(  676): Attempted to remove non-existing token: android.os.Binder@3c29573c
D/AndroidRuntime( 6295): Shutting down VM
D/AndroidRuntime( 6323): >>>>>> START com.android.internal.os.RuntimeInit uid 0 <<<<<<
D/AndroidRuntime( 6323): CheckJNI is OFF
E/memtrack( 6323): Couldn't load memtrack module (No such file or directory)
E/android.os.Debug( 6323): failed to load memtrack module: -2
D/AndroidRuntime( 6323): Calling main entry com.android.commands.uiautomator.Launcher
W/AccessibilityNodeInfoDumper( 6323): Fetch time: 1ms
W/WindowManager(  676): Attempted to remove non-existing token: android.os.Binder@b42f61a
D/AndroidRuntime( 6323): Shutting down VM
D/AndroidRuntime( 6346): >>>>>> START com.android.internal.os.RuntimeInit uid 0 <<<<<<
D/AndroidRuntime( 6346): CheckJNI is OFF
E/memtrack( 6346): Couldn't load memtrack module (No such file or directory)
E/android.os.Debug( 6346): failed to load memtrack module: -2
D/AndroidRuntime( 6346): Calling main entry com.android.commands.uiautomator.Launcher
W/AccessibilityNodeInfoDumper( 6346): Fetch time: 2ms
W/WindowManager(  676): Attempted to remove non-existing token: android.os.Binder@249ae54b
D/AndroidRuntime( 6346): Shutting down VM
D/AndroidRuntime( 6374): >>>>>> START com.android.internal.os.RuntimeInit uid 0 <<<<<<
D/AndroidRuntime( 6374): CheckJNI is OFF
E/memtrack( 6374): Couldn't load memtrack module (No such file or directory)
E/android.os.Debug( 6374): failed to load memtrack module: -2
D/AndroidRuntime( 6374): Calling main entry com.android.commands.uiautomator.Launcher
W/AccessibilityNodeInfoDumper( 6374): Fetch time: 2ms
W/WindowManager(  676): Attempted to remove non-existing token: android.os.Binder@2ad2ab28
D/AndroidRuntime( 6374): Shutting down VM
D/AndroidRuntime( 6397): >>>>>> START com.android.internal.os.RuntimeInit uid 0 <<<<<<
D/AndroidRuntime( 6397): CheckJNI is OFF
E/memtrack( 6397): Couldn't load memtrack module (No such file or directory)
E/android.os.Debug( 6397): failed to load memtrack module: -2
D/AndroidRuntime( 6397): Calling main entry com.android.commands.uiautomator.Launcher
W/AccessibilityNodeInfoDumper( 6397): Fetch time: 2ms
W/WindowManager(  676): Attempted to remove non-existing token: android.os.Binder@34c94041
D/AndroidRuntime( 6397): Shutting down VM
D/AndroidRuntime( 6427): >>>>>> START com.android.internal.os.RuntimeInit uid 0 <<<<<<
D/AndroidRuntime( 6427): CheckJNI is OFF
E/memtrack( 6427): Couldn't load memtrack module (No such file or directory)
E/android.os.Debug( 6427): failed to load memtrack module: -2
D/AndroidRuntime( 6427): Calling main entry com.android.commands.uiautomator.Launcher
W/AccessibilityNodeInfoDumper( 6427): Fetch time: 1ms
W/WindowManager(  676): Attempted to remove non-existing token: android.os.Binder@3e8a59e6
D/AndroidRuntime( 6427): Shutting down VM
D/AndroidRuntime( 6450): >>>>>> START com.android.internal.os.RuntimeInit uid 0 <<<<<<
D/AndroidRuntime( 6450): CheckJNI is OFF
E/memtrack( 6450): Couldn't load memtrack module (No such file or directory)
E/android.os.Debug( 6450): failed to load memtrack module: -2
D/AndroidRuntime( 6450): Calling main entry com.android.commands.uiautomator.Launcher
W/AccessibilityNodeInfoDumper( 6450): Fetch time: 8ms
W/WindowManager(  676): Attempted to remove non-existing token: android.os.Binder@36308b27
D/AndroidRuntime( 6450): Shutting down VM
D/AndroidRuntime( 6468): >>>>>> START com.android.internal.os.RuntimeInit uid 0 <<<<<<
D/AndroidRuntime( 6468): CheckJNI is OFF
E/memtrack( 6468): Couldn't load memtrack module (No such file or directory)
E/android.os.Debug( 6468): failed to load memtrack module: -2
D/AndroidRuntime( 6468): Calling main entry com.android.commands.input.Input
I/Input   ( 6468): injectMotionEvent: MotionEvent { action=ACTION_DOWN, id[0]=0, x[0]=600.0, y[0]=919.0, toolType[0]=TOOL_TYPE_UNKNOWN, buttonState=0, metaState=0, flags=0x0, edgeFlags=0x0, pointerCount=1, historySize=0, eventTime=471559, downTime=471559, deviceId=0, source=0x1002 }
I/Input   ( 6468): injectMotionEvent: MotionEvent { action=ACTION_UP, id[0]=0, x[0]=600.0, y[0]=919.0, toolType[0]=TOOL_TYPE_UNKNOWN, buttonState=0, metaState=0, flags=0x0, edgeFlags=0x0, pointerCount=1, historySize=0, eventTime=471559, downTime=471559, deviceId=0, source=0x1002 }
D/AndroidRuntime( 6468): Shutting down VM
D/AndroidRuntime( 6805): >>>>>> START com.android.internal.os.RuntimeInit uid 0 <<<<<<
D/AndroidRuntime( 6805): CheckJNI is OFF
E/memtrack( 6805): Couldn't load memtrack module (No such file or directory)
E/android.os.Debug( 6805): failed to load memtrack module: -2
D/AndroidRuntime( 6805): Calling main entry com.android.commands.uiautomator.Launcher
W/AccessibilityNodeInfoDumper( 6805): Fetch time: 2ms
W/WindowManager(  676): Attempted to remove non-existing token: android.os.Binder@243b51d4
D/AndroidRuntime( 6805): Shutting down VM
D/AndroidRuntime( 6833): >>>>>> START com.android.internal.os.RuntimeInit uid 0 <<<<<<
D/AndroidRuntime( 6833): CheckJNI is OFF
E/memtrack( 6833): Couldn't load memtrack module (No such file or directory)
E/android.os.Debug( 6833): failed to load memtrack module: -2
D/AndroidRuntime( 6833): Calling main entry com.android.commands.uiautomator.Launcher
W/AccessibilityNodeInfoDumper( 6833): Fetch time: 2ms
W/WindowManager(  676): Attempted to remove non-existing token: android.os.Binder@1e289f7d
D/AndroidRuntime( 6833): Shutting down VM
D/AndroidRuntime( 6857): >>>>>> START com.android.internal.os.RuntimeInit uid 0 <<<<<<
D/AndroidRuntime( 6857): CheckJNI is OFF
E/memtrack( 6857): Couldn't load memtrack module (No such file or directory)
E/android.os.Debug( 6857): failed to load memtrack module: -2
D/AndroidRuntime( 6857): Calling main entry com.android.commands.uiautomator.Launcher
I/art     (  676): Explicit concurrent mark sweep GC freed 42528(2MB) AllocSpace objects, 33(528KB) LOS objects, 33% free, 7MB/11MB, paused 646us total 15.527ms
W/AccessibilityNodeInfoDumper( 6857): Fetch time: 2ms
W/WindowManager(  676): Attempted to remove non-existing token: android.os.Binder@f922e72
D/AndroidRuntime( 6857): Shutting down VM
D/AndroidRuntime( 6885): >>>>>> START com.android.internal.os.RuntimeInit uid 0 <<<<<<
D/AndroidRuntime( 6885): CheckJNI is OFF
E/memtrack( 6885): Couldn't load memtrack module (No such file or directory)
E/android.os.Debug( 6885): failed to load memtrack module: -2
D/AndroidRuntime( 6885): Calling main entry com.android.commands.uiautomator.Launcher
W/AccessibilityNodeInfoDumper( 6885): Fetch time: 2ms
W/WindowManager(  676): Attempted to remove non-existing token: android.os.Binder@2ee5b740
D/AndroidRuntime( 6885): Shutting down VM
D/AndroidRuntime( 6918): >>>>>> START com.android.internal.os.RuntimeInit uid 0 <<<<<<
D/AndroidRuntime( 6918): CheckJNI is OFF
E/memtrack( 6918): Couldn't load memtrack module (No such file or directory)
E/android.os.Debug( 6918): failed to load memtrack module: -2
D/AndroidRuntime( 6918): Calling main entry com.android.commands.uiautomator.Launcher
W/AccessibilityNodeInfoDumper( 6918): Fetch time: 4ms
W/WindowManager(  676): Attempted to remove non-existing token: android.os.Binder@3124b679
D/AndroidRuntime( 6918): Shutting down VM
D/AndroidRuntime( 6949): >>>>>> START com.android.internal.os.RuntimeInit uid 0 <<<<<<
D/AndroidRuntime( 6949): CheckJNI is OFF
E/memtrack( 6949): Couldn't load memtrack module (No such file or directory)
E/android.os.Debug( 6949): failed to load memtrack module: -2
D/AndroidRuntime( 6949): Calling main entry com.android.commands.uiautomator.Launcher
W/AccessibilityNodeInfoDumper( 6949): Fetch time: 2ms
W/WindowManager(  676): Attempted to remove non-existing token: android.os.Binder@36d0bfbe
D/AndroidRuntime( 6949): Shutting down VM
D/AndroidRuntime( 6972): >>>>>> START com.android.internal.os.RuntimeInit uid 0 <<<<<<
D/AndroidRuntime( 6972): CheckJNI is OFF
E/memtrack( 6972): Couldn't load memtrack module (No such file or directory)
E/android.os.Debug( 6972): failed to load memtrack module: -2
D/AndroidRuntime( 6972): Calling main entry com.android.commands.uiautomator.Launcher
W/AccessibilityNodeInfoDumper( 6972): Fetch time: 2ms
W/WindowManager(  676): Attempted to remove non-existing token: android.os.Binder@3c41b81f
D/AndroidRuntime( 6972): Shutting down VM
D/AndroidRuntime( 7000): >>>>>> START com.android.internal.os.RuntimeInit uid 0 <<<<<<
D/AndroidRuntime( 7000): CheckJNI is OFF
E/memtrack( 7000): Couldn't load memtrack module (No such file or directory)
E/android.os.Debug( 7000): failed to load memtrack module: -2
D/AndroidRuntime( 7000): Calling main entry com.android.commands.uiautomator.Launcher
W/AccessibilityNodeInfoDumper( 7000): Fetch time: 1ms
W/WindowManager(  676): Attempted to remove non-existing token: android.os.Binder@350f076c
D/AndroidRuntime( 7000): Shutting down VM
D/AndroidRuntime( 7023): >>>>>> START com.android.internal.os.RuntimeInit uid 0 <<<<<<
D/AndroidRuntime( 7023): CheckJNI is OFF
E/memtrack( 7023): Couldn't load memtrack module (No such file or directory)
E/android.os.Debug( 7023): failed to load memtrack module: -2
D/AndroidRuntime( 7023): Calling main entry com.android.commands.uiautomator.Launcher
W/AccessibilityNodeInfoDumper( 7023): Fetch time: 2ms
W/WindowManager(  676): Attempted to remove non-existing token: android.os.Binder@15314135
D/AndroidRuntime( 7023): Shutting down VM
D/AndroidRuntime( 7051): >>>>>> START com.android.internal.os.RuntimeInit uid 0 <<<<<<
D/AndroidRuntime( 7051): CheckJNI is OFF
E/memtrack( 7051): Couldn't load memtrack module (No such file or directory)
E/android.os.Debug( 7051): failed to load memtrack module: -2
D/AndroidRuntime( 7051): Calling main entry com.android.commands.uiautomator.Launcher
I/art     ( 1079): Explicit concurrent mark sweep GC freed 3706(154KB) AllocSpace objects, 0(0B) LOS objects, 40% free, 10MB/16MB, paused 634us total 8.740ms
W/AccessibilityNodeInfoDumper( 7051): Fetch time: 4ms
W/WindowManager(  676): Attempted to remove non-existing token: android.os.Binder@2bd519ca
D/AndroidRuntime( 7051): Shutting down VM
D/AndroidRuntime( 7074): >>>>>> START com.android.internal.os.RuntimeInit uid 0 <<<<<<
D/AndroidRuntime( 7074): CheckJNI is OFF
E/memtrack( 7074): Couldn't load memtrack module (No such file or directory)
E/android.os.Debug( 7074): failed to load memtrack module: -2
D/AndroidRuntime( 7074): Calling main entry com.android.commands.uiautomator.Launcher
W/AccessibilityNodeInfoDumper( 7074): Fetch time: 2ms
W/WindowManager(  676): Attempted to remove non-existing token: android.os.Binder@13d3b73b
D/AndroidRuntime( 7074): Shutting down VM
D/AndroidRuntime( 7104): >>>>>> START com.android.internal.os.RuntimeInit uid 0 <<<<<<
D/AndroidRuntime( 7104): CheckJNI is OFF
E/memtrack( 7104): Couldn't load memtrack module (No such file or directory)
E/android.os.Debug( 7104): failed to load memtrack module: -2
D/AndroidRuntime( 7104): Calling main entry com.android.commands.uiautomator.Launcher
W/AccessibilityNodeInfoDumper( 7104): Fetch time: 2ms
W/WindowManager(  676): Attempted to remove non-existing token: android.os.Binder@259b2e58
D/AndroidRuntime( 7104): Shutting down VM
D/AndroidRuntime( 7127): >>>>>> START com.android.internal.os.RuntimeInit uid 0 <<<<<<
D/AndroidRuntime( 7127): CheckJNI is OFF
E/memtrack( 7127): Couldn't load memtrack module (No such file or directory)
E/android.os.Debug( 7127): failed to load memtrack module: -2
D/AndroidRuntime( 7127): Calling main entry com.android.commands.uiautomator.Launcher
W/AccessibilityNodeInfoDumper( 7127): Fetch time: 2ms
W/WindowManager(  676): Attempted to remove non-existing token: android.os.Binder@1e130896
D/AndroidRuntime( 7127): Shutting down VM
D/AndroidRuntime( 7145): >>>>>> START com.android.internal.os.RuntimeInit uid 0 <<<<<<
D/AndroidRuntime( 7145): CheckJNI is OFF
E/memtrack( 7145): Couldn't load memtrack module (No such file or directory)
E/android.os.Debug( 7145): failed to load memtrack module: -2
D/AndroidRuntime( 7145): Calling main entry com.android.commands.input.Input
I/Input   ( 7145): injectMotionEvent: MotionEvent { action=ACTION_DOWN, id[0]=0, x[0]=600.0, y[0]=919.0, toolType[0]=TOOL_TYPE_UNKNOWN, buttonState=0, metaState=0, flags=0x0, edgeFlags=0x0, pointerCount=1, historySize=0, eventTime=498592, downTime=498592, deviceId=0, source=0x1002 }
I/Input   ( 7145): injectMotionEvent: MotionEvent { action=ACTION_MOVE, id[0]=0, x[0]=600.0, y[0]=919.0, toolType[0]=TOOL_TYPE_UNKNOWN, buttonState=0, metaState=0, flags=0x0, edgeFlags=0x0, pointerCount=1, historySize=0, eventTime=498592, downTime=498592, deviceId=0, source=0x1002 }
I/Input   ( 7145): injectMotionEvent: MotionEvent { action=ACTION_MOVE, id[0]=0, x[0]=600.0, y[0]=919.0, toolType[0]=TOOL_TYPE_UNKNOWN, buttonState=0, metaState=0, flags=0x0, edgeFlags=0x0, pointerCount=1, historySize=0, eventTime=498600, downTime=498600, deviceId=0, source=0x1002 }
I/Input   ( 7145): injectMotionEvent: MotionEvent { action=ACTION_MOVE, id[0]=0, x[0]=600.0, y[0]=919.0, toolType[0]=TOOL_TYPE_UNKNOWN, buttonState=0, metaState=0, flags=0x0, edgeFlags=0x0, pointerCount=1, historySize=0, eventTime=498617, downTime=498617, deviceId=0, source=0x1002 }
I/Input   ( 7145): injectMotionEvent: MotionEvent { action=ACTION_MOVE, id[0]=0, x[0]=600.0, y[0]=919.0, toolType[0]=TOOL_TYPE_UNKNOWN, buttonState=0, metaState=0, flags=0x0, edgeFlags=0x0, pointerCount=1, historySize=0, eventTime=498635, downTime=498635, deviceId=0, source=0x1002 }
I/Input   ( 7145): injectMotionEvent: MotionEvent { action=ACTION_MOVE, id[0]=0, x[0]=600.0, y[0]=919.0, toolType[0]=TOOL_TYPE_UNKNOWN, buttonState=0, metaState=0, flags=0x0, edgeFlags=0x0, pointerCount=1, historySize=0, eventTime=498650, downTime=498650, deviceId=0, source=0x1002 }
I/Input   ( 7145): injectMotionEvent: MotionEvent { action=ACTION_MOVE, id[0]=0, x[0]=600.0, y[0]=919.0, toolType[0]=TOOL_TYPE_UNKNOWN, buttonState=0, metaState=0, flags=0x0, edgeFlags=0x0, pointerCount=1, historySize=0, eventTime=498667, downTime=498667, deviceId=0, source=0x1002 }
I/Input   ( 7145): injectMotionEvent: MotionEvent { action=ACTION_MOVE, id[0]=0, x[0]=600.0, y[0]=919.0, toolType[0]=TOOL_TYPE_UNKNOWN, buttonState=0, metaState=0, flags=0x0, edgeFlags=0x0, pointerCount=1, historySize=0, eventTime=498684, downTime=498684, deviceId=0, source=0x1002 }
I/Input   ( 7145): injectMotionEvent: MotionEvent { action=ACTION_MOVE, id[0]=0, x[0]=600.0, y[0]=919.0, toolType[0]=TOOL_TYPE_UNKNOWN, buttonState=0, metaState=0, flags=0x0, edgeFlags=0x0, pointerCount=1, historySize=0, eventTime=498702, downTime=498702, deviceId=0, source=0x1002 }
I/Input   ( 7145): injectMotionEvent: MotionEvent { action=ACTION_MOVE, id[0]=0, x[0]=600.0, y[0]=919.0, toolType[0]=TOOL_TYPE_UNKNOWN, buttonState=0, metaState=0, flags=0x0, edgeFlags=0x0, pointerCount=1, historySize=0, eventTime=498717, downTime=498717, deviceId=0, source=0x1002 }
I/Input   ( 7145): injectMotionEvent: MotionEvent { action=ACTION_MOVE, id[0]=0, x[0]=600.0, y[0]=919.0, toolType[0]=TOOL_TYPE_UNKNOWN, buttonState=0, metaState=0, flags=0x0, edgeFlags=0x0, pointerCount=1, historySize=0, eventTime=498734, downTime=498734, deviceId=0, source=0x1002 }
I/Input   ( 7145): injectMotionEvent: MotionEvent { action=ACTION_MOVE, id[0]=0, x[0]=600.0, y[0]=919.0, toolType[0]=TOOL_TYPE_UNKNOWN, buttonState=0, metaState=0, flags=0x0, edgeFlags=0x0, pointerCount=1, historySize=0, eventTime=498750, downTime=498750, deviceId=0, source=0x1002 }
I/Input   ( 7145): injectMotionEvent: MotionEvent { action=ACTION_MOVE, id[0]=0, x[0]=600.0, y[0]=919.0, toolType[0]=TOOL_TYPE_UNKNOWN, buttonState=0, metaState=0, flags=0x0, edgeFlags=0x0, pointerCount=1, historySize=0, eventTime=498767, downTime=498767, deviceId=0, source=0x1002 }
I/Input   ( 7145): injectMotionEvent: MotionEvent { action=ACTION_MOVE, id[0]=0, x[0]=600.0, y[0]=919.0, toolType[0]=TOOL_TYPE_UNKNOWN, buttonState=0, metaState=0, flags=0x0, edgeFlags=0x0, pointerCount=1, historySize=0, eventTime=498784, downTime=498784, deviceId=0, source=0x1002 }
I/Input   ( 7145): injectMotionEvent: MotionEvent { action=ACTION_MOVE, id[0]=0, x[0]=600.0, y[0]=919.0, toolType[0]=TOOL_TYPE_UNKNOWN, buttonState=0, metaState=0, flags=0x0, edgeFlags=0x0, pointerCount=1, historySize=0, eventTime=498801, downTime=498801, deviceId=0, source=0x1002 }
I/Input   ( 7145): injectMotionEvent: MotionEvent { action=ACTION_MOVE, id[0]=0, x[0]=600.0, y[0]=919.0, toolType[0]=TOOL_TYPE_UNKNOWN, buttonState=0, metaState=0, flags=0x0, edgeFlags=0x0, pointerCount=1, historySize=0, eventTime=498817, downTime=498817, deviceId=0, source=0x1002 }
I/Input   ( 7145): injectMotionEvent: MotionEvent { action=ACTION_MOVE, id[0]=0, x[0]=600.0, y[0]=919.0, toolType[0]=TOOL_TYPE_UNKNOWN, buttonState=0, metaState=0, flags=0x0, edgeFlags=0x0, pointerCount=1, historySize=0, eventTime=498833, downTime=498833, deviceId=0, source=0x1002 }
I/Input   ( 7145): injectMotionEvent: MotionEvent { action=ACTION_MOVE, id[0]=0, x[0]=600.0, y[0]=919.0, toolType[0]=TOOL_TYPE_UNKNOWN, buttonState=0, metaState=0, flags=0x0, edgeFlags=0x0, pointerCount=1, historySize=0, eventTime=498850, downTime=498850, deviceId=0, source=0x1002 }
I/Input   ( 7145): injectMotionEvent: MotionEvent { action=ACTION_MOVE, id[0]=0, x[0]=600.0, y[0]=919.0, toolType[0]=TOOL_TYPE_UNKNOWN, buttonState=0, metaState=0, flags=0x0, edgeFlags=0x0, pointerCount=1, historySize=0, eventTime=498868, downTime=498868, deviceId=0, source=0x1002 }
I/Input   ( 7145): injectMotionEvent: MotionEvent { action=ACTION_MOVE, id[0]=0, x[0]=600.0, y[0]=919.0, toolType[0]=TOOL_TYPE_UNKNOWN, buttonState=0, metaState=0, flags=0x0, edgeFlags=0x0, pointerCount=1, historySize=0, eventTime=498884, downTime=498884, deviceId=0, source=0x1002 }
I/Input   ( 7145): injectMotionEvent: MotionEvent { action=ACTION_MOVE, id[0]=0, x[0]=600.0, y[0]=919.0, toolType[0]=TOOL_TYPE_UNKNOWN, buttonState=0, metaState=0, flags=0x0, edgeFlags=0x0, pointerCount=1, historySize=0, eventTime=498903, downTime=498903, deviceId=0, source=0x1002 }
I/Input   ( 7145): injectMotionEvent: MotionEvent { action=ACTION_MOVE, id[0]=0, x[0]=600.0, y[0]=919.0, toolType[0]=TOOL_TYPE_UNKNOWN, buttonState=0, metaState=0, flags=0x0, edgeFlags=0x0, pointerCount=1, historySize=0, eventTime=498917, downTime=498917, deviceId=0, source=0x1002 }
I/Input   ( 7145): injectMotionEvent: MotionEvent { action=ACTION_MOVE, id[0]=0, x[0]=600.0, y[0]=919.0, toolType[0]=TOOL_TYPE_UNKNOWN, buttonState=0, metaState=0, flags=0x0, edgeFlags=0x0, pointerCount=1, historySize=0, eventTime=498935, downTime=498935, deviceId=0, source=0x1002 }
I/Input   ( 7145): injectMotionEvent: MotionEvent { action=ACTION_MOVE, id[0]=0, x[0]=600.0, y[0]=919.0, toolType[0]=TOOL_TYPE_UNKNOWN, buttonState=0, metaState=0, flags=0x0, edgeFlags=0x0, pointerCount=1, historySize=0, eventTime=498950, downTime=498950, deviceId=0, source=0x1002 }
I/Input   ( 7145): injectMotionEvent: MotionEvent { action=ACTION_MOVE, id[0]=0, x[0]=600.0, y[0]=919.0, toolType[0]=TOOL_TYPE_UNKNOWN, buttonState=0, metaState=0, flags=0x0, edgeFlags=0x0, pointerCount=1, historySize=0, eventTime=498967, downTime=498967, deviceId=0, source=0x1002 }
I/Input   ( 7145): injectMotionEvent: MotionEvent { action=ACTION_MOVE, id[0]=0, x[0]=600.0, y[0]=919.0, toolType[0]=TOOL_TYPE_UNKNOWN, buttonState=0, metaState=0, flags=0x0, edgeFlags=0x0, pointerCount=1, historySize=0, eventTime=498984, downTime=498984, deviceId=0, source=0x1002 }
I/Input   ( 7145): injectMotionEvent: MotionEvent { action=ACTION_MOVE, id[0]=0, x[0]=600.0, y[0]=919.0, toolType[0]=TOOL_TYPE_UNKNOWN, buttonState=0, metaState=0, flags=0x0, edgeFlags=0x0, pointerCount=1, historySize=0, eventTime=499025, downTime=499025, deviceId=0, source=0x1002 }
I/Input   ( 7145): injectMotionEvent: MotionEvent { action=ACTION_MOVE, id[0]=0, x[0]=600.0, y[0]=919.0, toolType[0]=TOOL_TYPE_UNKNOWN, buttonState=0, metaState=0, flags=0x0, edgeFlags=0x0, pointerCount=1, historySize=0, eventTime=499047, downTime=499047, deviceId=0, source=0x1002 }
I/Input   ( 7145): injectMotionEvent: MotionEvent { action=ACTION_MOVE, id[0]=0, x[0]=600.0, y[0]=919.0, toolType[0]=TOOL_TYPE_UNKNOWN, buttonState=0, metaState=0, flags=0x0, edgeFlags=0x0, pointerCount=1, historySize=0, eventTime=499068, downTime=499068, deviceId=0, source=0x1002 }
I/Input   ( 7145): injectMotionEvent: MotionEvent { action=ACTION_MOVE, id[0]=0, x[0]=600.0, y[0]=919.0, toolType[0]=TOOL_TYPE_UNKNOWN, buttonState=0, metaState=0, flags=0x0, edgeFlags=0x0, pointerCount=1, historySize=0, eventTime=499081, downTime=499081, deviceId=0, source=0x1002 }
I/Input   ( 7145): injectMotionEvent: MotionEvent { action=ACTION_MOVE, id[0]=0, x[0]=600.0, y[0]=919.0, toolType[0]=TOOL_TYPE_UNKNOWN, buttonState=0, metaState=0, flags=0x0, edgeFlags=0x0, pointerCount=1, historySize=0, eventTime=499107, downTime=499107, deviceId=0, source=0x1002 }
V/WindowManager(  676): Adding window Window{37c0d804 u0 PopupWindow:1db135d9} at 4 of 9 (after Window{312653f8 u0 com.oF2pks.kalturadeviceinfos/com.oF2pks.kalturadeviceinfos.MainActivity})
V/WindowManager(  676): Adding window Window{2e6f1822 u0 PopupWindow:21b23b9e} at 5 of 10 (after Window{37c0d804 u0 PopupWindow:1db135d9})
V/WindowManager(  676): not Base app: Adding window Window{3d757070 u0 PopupWindow:2141b67f} at 6 of 11
I/Input   ( 7145): injectMotionEvent: MotionEvent { action=ACTION_MOVE, id[0]=0, x[0]=600.0, y[0]=919.0, toolType[0]=TOOL_TYPE_UNKNOWN, buttonState=0, metaState=0, flags=0x0, edgeFlags=0x0, pointerCount=1, historySize=0, eventTime=499190, downTime=499190, deviceId=0, source=0x1002 }
W/EGL_emulation( 4658): eglSurfaceAttrib not implemented
W/OpenGLRenderer( 4658): Failed to set EGL_SWAP_BEHAVIOR on surface 0xf3f8de00, error=EGL_SUCCESS
W/EGL_emulation( 4658): eglSurfaceAttrib not implemented
W/OpenGLRenderer( 4658): Failed to set EGL_SWAP_BEHAVIOR on surface 0xf3ee8de0, error=EGL_SUCCESS
W/EGL_emulation( 4658): eglSurfaceAttrib not implemented
W/OpenGLRenderer( 4658): Failed to set EGL_SWAP_BEHAVIOR on surface 0xf3f8d900, error=EGL_SUCCESS
I/Input   ( 7145): injectMotionEvent: MotionEvent { action=ACTION_MOVE, id[0]=0, x[0]=600.0, y[0]=919.0, toolType[0]=TOOL_TYPE_UNKNOWN, buttonState=0, metaState=0, flags=0x0, edgeFlags=0x0, pointerCount=1, historySize=0, eventTime=499314, downTime=499314, deviceId=0, source=0x1002 }
I/Input   ( 7145): injectMotionEvent: MotionEvent { action=ACTION_MOVE, id[0]=0, x[0]=600.0, y[0]=919.0, toolType[0]=TOOL_TYPE_UNKNOWN, buttonState=0, metaState=0, flags=0x0, edgeFlags=0x0, pointerCount=1, historySize=0, eventTime=499423, downTime=499423, deviceId=0, source=0x1002 }
I/Input   ( 7145): injectMotionEvent: MotionEvent { action=ACTION_MOVE, id[0]=0, x[0]=600.0, y[0]=919.0, toolType[0]=TOOL_TYPE_UNKNOWN, buttonState=0, metaState=0, flags=0x0, edgeFlags=0x0, pointerCount=1, historySize=0, eventTime=499436, downTime=499436, deviceId=0, source=0x1002 }
I/Input   ( 7145): injectMotionEvent: MotionEvent { action=ACTION_MOVE, id[0]=0, x[0]=600.0, y[0]=919.0, toolType[0]=TOOL_TYPE_UNKNOWN, buttonState=0, metaState=0, flags=0x0, edgeFlags=0x0, pointerCount=1, historySize=0, eventTime=499450, downTime=499450, deviceId=0, source=0x1002 }
I/Input   ( 7145): injectMotionEvent: MotionEvent { action=ACTION_MOVE, id[0]=0, x[0]=600.0, y[0]=919.0, toolType[0]=TOOL_TYPE_UNKNOWN, buttonState=0, metaState=0, flags=0x0, edgeFlags=0x0, pointerCount=1, historySize=0, eventTime=499468, downTime=499468, deviceId=0, source=0x1002 }
I/Input   ( 7145): injectMotionEvent: MotionEvent { action=ACTION_MOVE, id[0]=0, x[0]=600.0, y[0]=919.0, toolType[0]=TOOL_TYPE_UNKNOWN, buttonState=0, metaState=0, flags=0x0, edgeFlags=0x0, pointerCount=1, historySize=0, eventTime=499488, downTime=499488, deviceId=0, source=0x1002 }
I/Input   ( 7145): injectMotionEvent: MotionEvent { action=ACTION_MOVE, id[0]=0, x[0]=600.0, y[0]=919.0, toolType[0]=TOOL_TYPE_UNKNOWN, buttonState=0, metaState=0, flags=0x0, edgeFlags=0x0, pointerCount=1, historySize=0, eventTime=499514, downTime=499514, deviceId=0, source=0x1002 }
I/Input   ( 7145): injectMotionEvent: MotionEvent { action=ACTION_MOVE, id[0]=0, x[0]=600.0, y[0]=919.0, toolType[0]=TOOL_TYPE_UNKNOWN, buttonState=0, metaState=0, flags=0x0, edgeFlags=0x0, pointerCount=1, historySize=0, eventTime=499584, downTime=499584, deviceId=0, source=0x1002 }
I/Input   ( 7145): injectMotionEvent: MotionEvent { action=ACTION_MOVE, id[0]=0, x[0]=600.0, y[0]=919.0, toolType[0]=TOOL_TYPE_UNKNOWN, buttonState=0, metaState=0, flags=0x0, edgeFlags=0x0, pointerCount=1, historySize=0, eventTime=499639, downTime=499639, deviceId=0, source=0x1002 }
I/Input   ( 7145): injectMotionEvent: MotionEvent { action=ACTION_MOVE, id[0]=0, x[0]=600.0, y[0]=919.0, toolType[0]=TOOL_TYPE_UNKNOWN, buttonState=0, metaState=0, flags=0x0, edgeFlags=0x0, pointerCount=1, historySize=0, eventTime=499688, downTime=499688, deviceId=0, source=0x1002 }
I/Input   ( 7145): injectMotionEvent: MotionEvent { action=ACTION_MOVE, id[0]=0, x[0]=600.0, y[0]=919.0, toolType[0]=TOOL_TYPE_UNKNOWN, buttonState=0, metaState=0, flags=0x0, edgeFlags=0x0, pointerCount=1, historySize=0, eventTime=499701, downTime=499701, deviceId=0, source=0x1002 }
I/Input   ( 7145): injectMotionEvent: MotionEvent { action=ACTION_MOVE, id[0]=0, x[0]=600.0, y[0]=919.0, toolType[0]=TOOL_TYPE_UNKNOWN, buttonState=0, metaState=0, flags=0x0, edgeFlags=0x0, pointerCount=1, historySize=0, eventTime=499717, downTime=499717, deviceId=0, source=0x1002 }
I/Input   ( 7145): injectMotionEvent: MotionEvent { action=ACTION_MOVE, id[0]=0, x[0]=600.0, y[0]=919.0, toolType[0]=TOOL_TYPE_UNKNOWN, buttonState=0, metaState=0, flags=0x0, edgeFlags=0x0, pointerCount=1, historySize=0, eventTime=499735, downTime=499735, deviceId=0, source=0x1002 }
I/Input   ( 7145): injectMotionEvent: MotionEvent { action=ACTION_MOVE, id[0]=0, x[0]=600.0, y[0]=919.0, toolType[0]=TOOL_TYPE_UNKNOWN, buttonState=0, metaState=0, flags=0x0, edgeFlags=0x0, pointerCount=1, historySize=0, eventTime=499752, downTime=499752, deviceId=0, source=0x1002 }
I/Input   ( 7145): injectMotionEvent: MotionEvent { action=ACTION_MOVE, id[0]=0, x[0]=600.0, y[0]=919.0, toolType[0]=TOOL_TYPE_UNKNOWN, buttonState=0, metaState=0, flags=0x0, edgeFlags=0x0, pointerCount=1, historySize=0, eventTime=499769, downTime=499769, deviceId=0, source=0x1002 }
I/Input   ( 7145): injectMotionEvent: MotionEvent { action=ACTION_MOVE, id[0]=0, x[0]=600.0, y[0]=919.0, toolType[0]=TOOL_TYPE_UNKNOWN, buttonState=0, metaState=0, flags=0x0, edgeFlags=0x0, pointerCount=1, historySize=0, eventTime=499784, downTime=499784, deviceId=0, source=0x1002 }
I/Input   ( 7145): injectMotionEvent: MotionEvent { action=ACTION_MOVE, id[0]=0, x[0]=600.0, y[0]=919.0, toolType[0]=TOOL_TYPE_UNKNOWN, buttonState=0, metaState=0, flags=0x0, edgeFlags=0x0, pointerCount=1, historySize=0, eventTime=499800, downTime=499800, deviceId=0, source=0x1002 }
I/Input   ( 7145): injectMotionEvent: MotionEvent { action=ACTION_MOVE, id[0]=0, x[0]=600.0, y[0]=919.0, toolType[0]=TOOL_TYPE_UNKNOWN, buttonState=0, metaState=0, flags=0x0, edgeFlags=0x0, pointerCount=1, historySize=0, eventTime=499817, downTime=499817, deviceId=0, source=0x1002 }
I/Input   ( 7145): injectMotionEvent: MotionEvent { action=ACTION_MOVE, id[0]=0, x[0]=600.0, y[0]=919.0, toolType[0]=TOOL_TYPE_UNKNOWN, buttonState=0, metaState=0, flags=0x0, edgeFlags=0x0, pointerCount=1, historySize=0, eventTime=499835, downTime=499835, deviceId=0, source=0x1002 }
I/Input   ( 7145): injectMotionEvent: MotionEvent { action=ACTION_MOVE, id[0]=0, x[0]=600.0, y[0]=919.0, toolType[0]=TOOL_TYPE_UNKNOWN, buttonState=0, metaState=0, flags=0x0, edgeFlags=0x0, pointerCount=1, historySize=0, eventTime=499852, downTime=499852, deviceId=0, source=0x1002 }
I/Input   ( 7145): injectMotionEvent: MotionEvent { action=ACTION_MOVE, id[0]=0, x[0]=600.0, y[0]=919.0, toolType[0]=TOOL_TYPE_UNKNOWN, buttonState=0, metaState=0, flags=0x0, edgeFlags=0x0, pointerCount=1, historySize=0, eventTime=499867, downTime=499867, deviceId=0, source=0x1002 }
I/Input   ( 7145): injectMotionEvent: MotionEvent { action=ACTION_MOVE, id[0]=0, x[0]=600.0, y[0]=919.0, toolType[0]=TOOL_TYPE_UNKNOWN, buttonState=0, metaState=0, flags=0x0, edgeFlags=0x0, pointerCount=1, historySize=0, eventTime=499885, downTime=499885, deviceId=0, source=0x1002 }
I/Input   ( 7145): injectMotionEvent: MotionEvent { action=ACTION_MOVE, id[0]=0, x[0]=600.0, y[0]=919.0, toolType[0]=TOOL_TYPE_UNKNOWN, buttonState=0, metaState=0, flags=0x0, edgeFlags=0x0, pointerCount=1, historySize=0, eventTime=499904, downTime=499904, deviceId=0, source=0x1002 }
I/Input   ( 7145): injectMotionEvent: MotionEvent { action=ACTION_MOVE, id[0]=0, x[0]=600.0, y[0]=919.0, toolType[0]=TOOL_TYPE_UNKNOWN, buttonState=0, metaState=0, flags=0x0, edgeFlags=0x0, pointerCount=1, historySize=0, eventTime=499917, downTime=499917, deviceId=0, source=0x1002 }
I/Input   ( 7145): injectMotionEvent: MotionEvent { action=ACTION_MOVE, id[0]=0, x[0]=600.0, y[0]=919.0, toolType[0]=TOOL_TYPE_UNKNOWN, buttonState=0, metaState=0, flags=0x0, edgeFlags=0x0, pointerCount=1, historySize=0, eventTime=499935, downTime=499935, deviceId=0, source=0x1002 }
I/Input   ( 7145): injectMotionEvent: MotionEvent { action=ACTION_MOVE, id[0]=0, x[0]=600.0, y[0]=919.0, toolType[0]=TOOL_TYPE_UNKNOWN, buttonState=0, metaState=0, flags=0x0, edgeFlags=0x0, pointerCount=1, historySize=0, eventTime=499950, downTime=499950, deviceId=0, source=0x1002 }
I/Input   ( 7145): injectMotionEvent: MotionEvent { action=ACTION_MOVE, id[0]=0, x[0]=600.0, y[0]=919.0, toolType[0]=TOOL_TYPE_UNKNOWN, buttonState=0, metaState=0, flags=0x0, edgeFlags=0x0, pointerCount=1, historySize=0, eventTime=499967, downTime=499967, deviceId=0, source=0x1002 }
I/Input   ( 7145): injectMotionEvent: MotionEvent { action=ACTION_MOVE, id[0]=0, x[0]=600.0, y[0]=919.0, toolType[0]=TOOL_TYPE_UNKNOWN, buttonState=0, metaState=0, flags=0x0, edgeFlags=0x0, pointerCount=1, historySize=0, eventTime=499985, downTime=499985, deviceId=0, source=0x1002 }
I/Input   ( 7145): injectMotionEvent: MotionEvent { action=ACTION_MOVE, id[0]=0, x[0]=600.0, y[0]=919.0, toolType[0]=TOOL_TYPE_UNKNOWN, buttonState=0, metaState=0, flags=0x0, edgeFlags=0x0, pointerCount=1, historySize=0, eventTime=500004, downTime=500004, deviceId=0, source=0x1002 }
I/Input   ( 7145): injectMotionEvent: MotionEvent { action=ACTION_MOVE, id[0]=0, x[0]=600.0, y[0]=919.0, toolType[0]=TOOL_TYPE_UNKNOWN, buttonState=0, metaState=0, flags=0x0, edgeFlags=0x0, pointerCount=1, historySize=0, eventTime=500017, downTime=500017, deviceId=0, source=0x1002 }
I/Input   ( 7145): injectMotionEvent: MotionEvent { action=ACTION_MOVE, id[0]=0, x[0]=600.0, y[0]=919.0, toolType[0]=TOOL_TYPE_UNKNOWN, buttonState=0, metaState=0, flags=0x0, edgeFlags=0x0, pointerCount=1, historySize=0, eventTime=500034, downTime=500034, deviceId=0, source=0x1002 }
I/Input   ( 7145): injectMotionEvent: MotionEvent { action=ACTION_MOVE, id[0]=0, x[0]=600.0, y[0]=919.0, toolType[0]=TOOL_TYPE_UNKNOWN, buttonState=0, metaState=0, flags=0x0, edgeFlags=0x0, pointerCount=1, historySize=0, eventTime=500051, downTime=500051, deviceId=0, source=0x1002 }
I/Input   ( 7145): injectMotionEvent: MotionEvent { action=ACTION_MOVE, id[0]=0, x[0]=600.0, y[0]=919.0, toolType[0]=TOOL_TYPE_UNKNOWN, buttonState=0, metaState=0, flags=0x0, edgeFlags=0x0, pointerCount=1, historySize=0, eventTime=500067, downTime=500067, deviceId=0, source=0x1002 }
I/Input   ( 7145): injectMotionEvent: MotionEvent { action=ACTION_MOVE, id[0]=0, x[0]=600.0, y[0]=919.0, toolType[0]=TOOL_TYPE_UNKNOWN, buttonState=0, metaState=0, flags=0x0, edgeFlags=0x0, pointerCount=1, historySize=0, eventTime=500084, downTime=500084, deviceId=0, source=0x1002 }
I/Input   ( 7145): injectMotionEvent: MotionEvent { action=ACTION_MOVE, id[0]=0, x[0]=600.0, y[0]=919.0, toolType[0]=TOOL_TYPE_UNKNOWN, buttonState=0, metaState=0, flags=0x0, edgeFlags=0x0, pointerCount=1, historySize=0, eventTime=500104, downTime=500104, deviceId=0, source=0x1002 }
I/Input   ( 7145): injectMotionEvent: MotionEvent { action=ACTION_MOVE, id[0]=0, x[0]=600.0, y[0]=919.0, toolType[0]=TOOL_TYPE_UNKNOWN, buttonState=0, metaState=0, flags=0x0, edgeFlags=0x0, pointerCount=1, historySize=0, eventTime=500118, downTime=500118, deviceId=0, source=0x1002 }
I/Input   ( 7145): injectMotionEvent: MotionEvent { action=ACTION_MOVE, id[0]=0, x[0]=600.0, y[0]=919.0, toolType[0]=TOOL_TYPE_UNKNOWN, buttonState=0, metaState=0, flags=0x0, edgeFlags=0x0, pointerCount=1, historySize=0, eventTime=500135, downTime=500135, deviceId=0, source=0x1002 }
I/Input   ( 7145): injectMotionEvent: MotionEvent { action=ACTION_MOVE, id[0]=0, x[0]=600.0, y[0]=919.0, toolType[0]=TOOL_TYPE_UNKNOWN, buttonState=0, metaState=0, flags=0x0, edgeFlags=0x0, pointerCount=1, historySize=0, eventTime=500150, downTime=500150, deviceId=0, source=0x1002 }
I/Input   ( 7145): injectMotionEvent: MotionEvent { action=ACTION_MOVE, id[0]=0, x[0]=600.0, y[0]=919.0, toolType[0]=TOOL_TYPE_UNKNOWN, buttonState=0, metaState=0, flags=0x0, edgeFlags=0x0, pointerCount=1, historySize=0, eventTime=500169, downTime=500169, deviceId=0, source=0x1002 }
I/Input   ( 7145): injectMotionEvent: MotionEvent { action=ACTION_MOVE, id[0]=0, x[0]=600.0, y[0]=919.0, toolType[0]=TOOL_TYPE_UNKNOWN, buttonState=0, metaState=0, flags=0x0, edgeFlags=0x0, pointerCount=1, historySize=0, eventTime=500185, downTime=500185, deviceId=0, source=0x1002 }
I/Input   ( 7145): injectMotionEvent: MotionEvent { action=ACTION_MOVE, id[0]=0, x[0]=600.0, y[0]=919.0, toolType[0]=TOOL_TYPE_UNKNOWN, buttonState=0, metaState=0, flags=0x0, edgeFlags=0x0, pointerCount=1, historySize=0, eventTime=500202, downTime=500202, deviceId=0, source=0x1002 }
I/Input   ( 7145): injectMotionEvent: MotionEvent { action=ACTION_MOVE, id[0]=0, x[0]=600.0, y[0]=919.0, toolType[0]=TOOL_TYPE_UNKNOWN, buttonState=0, metaState=0, flags=0x0, edgeFlags=0x0, pointerCount=1, historySize=0, eventTime=500217, downTime=500217, deviceId=0, source=0x1002 }
I/Input   ( 7145): injectMotionEvent: MotionEvent { action=ACTION_MOVE, id[0]=0, x[0]=600.0, y[0]=919.0, toolType[0]=TOOL_TYPE_UNKNOWN, buttonState=0, metaState=0, flags=0x0, edgeFlags=0x0, pointerCount=1, historySize=0, eventTime=500235, downTime=500235, deviceId=0, source=0x1002 }
I/Input   ( 7145): injectMotionEvent: MotionEvent { action=ACTION_MOVE, id[0]=0, x[0]=600.0, y[0]=919.0, toolType[0]=TOOL_TYPE_UNKNOWN, buttonState=0, metaState=0, flags=0x0, edgeFlags=0x0, pointerCount=1, historySize=0, eventTime=500252, downTime=500252, deviceId=0, source=0x1002 }
I/Input   ( 7145): injectMotionEvent: MotionEvent { action=ACTION_MOVE, id[0]=0, x[0]=600.0, y[0]=919.0, toolType[0]=TOOL_TYPE_UNKNOWN, buttonState=0, metaState=0, flags=0x0, edgeFlags=0x0, pointerCount=1, historySize=0, eventTime=500267, downTime=500267, deviceId=0, source=0x1002 }
I/Input   ( 7145): injectMotionEvent: MotionEvent { action=ACTION_MOVE, id[0]=0, x[0]=600.0, y[0]=919.0, toolType[0]=TOOL_TYPE_UNKNOWN, buttonState=0, metaState=0, flags=0x0, edgeFlags=0x0, pointerCount=1, historySize=0, eventTime=500284, downTime=500284, deviceId=0, source=0x1002 }
I/Input   ( 7145): injectMotionEvent: MotionEvent { action=ACTION_MOVE, id[0]=0, x[0]=600.0, y[0]=919.0, toolType[0]=TOOL_TYPE_UNKNOWN, buttonState=0, metaState=0, flags=0x0, edgeFlags=0x0, pointerCount=1, historySize=0, eventTime=500303, downTime=500303, deviceId=0, source=0x1002 }
I/Input   ( 7145): injectMotionEvent: MotionEvent { action=ACTION_MOVE, id[0]=0, x[0]=600.0, y[0]=919.0, toolType[0]=TOOL_TYPE_UNKNOWN, buttonState=0, metaState=0, flags=0x0, edgeFlags=0x0, pointerCount=1, historySize=0, eventTime=500317, downTime=500317, deviceId=0, source=0x1002 }
I/Input   ( 7145): injectMotionEvent: MotionEvent { action=ACTION_MOVE, id[0]=0, x[0]=600.0, y[0]=919.0, toolType[0]=TOOL_TYPE_UNKNOWN, buttonState=0, metaState=0, flags=0x0, edgeFlags=0x0, pointerCount=1, historySize=0, eventTime=500335, downTime=500335, deviceId=0, source=0x1002 }
I/Input   ( 7145): injectMotionEvent: MotionEvent { action=ACTION_MOVE, id[0]=0, x[0]=600.0, y[0]=919.0, toolType[0]=TOOL_TYPE_UNKNOWN, buttonState=0, metaState=0, flags=0x0, edgeFlags=0x0, pointerCount=1, historySize=0, eventTime=500351, downTime=500351, deviceId=0, source=0x1002 }
I/Input   ( 7145): injectMotionEvent: MotionEvent { action=ACTION_MOVE, id[0]=0, x[0]=600.0, y[0]=919.0, toolType[0]=TOOL_TYPE_UNKNOWN, buttonState=0, metaState=0, flags=0x0, edgeFlags=0x0, pointerCount=1, historySize=0, eventTime=500369, downTime=500369, deviceId=0, source=0x1002 }
I/Input   ( 7145): injectMotionEvent: MotionEvent { action=ACTION_MOVE, id[0]=0, x[0]=600.0, y[0]=919.0, toolType[0]=TOOL_TYPE_UNKNOWN, buttonState=0, metaState=0, flags=0x0, edgeFlags=0x0, pointerCount=1, historySize=0, eventTime=500384, downTime=500384, deviceId=0, source=0x1002 }
I/Input   ( 7145): injectMotionEvent: MotionEvent { action=ACTION_MOVE, id[0]=0, x[0]=600.0, y[0]=919.0, toolType[0]=TOOL_TYPE_UNKNOWN, buttonState=0, metaState=0, flags=0x0, edgeFlags=0x0, pointerCount=1, historySize=0, eventTime=500402, downTime=500402, deviceId=0, source=0x1002 }
I/Input   ( 7145): injectMotionEvent: MotionEvent { action=ACTION_MOVE, id[0]=0, x[0]=600.0, y[0]=919.0, toolType[0]=TOOL_TYPE_UNKNOWN, buttonState=0, metaState=0, flags=0x0, edgeFlags=0x0, pointerCount=1, historySize=0, eventTime=500417, downTime=500417, deviceId=0, source=0x1002 }
I/Input   ( 7145): injectMotionEvent: MotionEvent { action=ACTION_MOVE, id[0]=0, x[0]=600.0, y[0]=919.0, toolType[0]=TOOL_TYPE_UNKNOWN, buttonState=0, metaState=0, flags=0x0, edgeFlags=0x0, pointerCount=1, historySize=0, eventTime=500434, downTime=500434, deviceId=0, source=0x1002 }
I/Input   ( 7145): injectMotionEvent: MotionEvent { action=ACTION_MOVE, id[0]=0, x[0]=600.0, y[0]=919.0, toolType[0]=TOOL_TYPE_UNKNOWN, buttonState=0, metaState=0, flags=0x0, edgeFlags=0x0, pointerCount=1, historySize=0, eventTime=500452, downTime=500452, deviceId=0, source=0x1002 }
I/Input   ( 7145): injectMotionEvent: MotionEvent { action=ACTION_MOVE, id[0]=0, x[0]=600.0, y[0]=919.0, toolType[0]=TOOL_TYPE_UNKNOWN, buttonState=0, metaState=0, flags=0x0, edgeFlags=0x0, pointerCount=1, historySize=0, eventTime=500467, downTime=500467, deviceId=0, source=0x1002 }
I/Input   ( 7145): injectMotionEvent: MotionEvent { action=ACTION_MOVE, id[0]=0, x[0]=600.0, y[0]=919.0, toolType[0]=TOOL_TYPE_UNKNOWN, buttonState=0, metaState=0, flags=0x0, edgeFlags=0x0, pointerCount=1, historySize=0, eventTime=500485, downTime=500485, deviceId=0, source=0x1002 }
I/Input   ( 7145): injectMotionEvent: MotionEvent { action=ACTION_MOVE, id[0]=0, x[0]=600.0, y[0]=919.0, toolType[0]=TOOL_TYPE_UNKNOWN, buttonState=0, metaState=0, flags=0x0, edgeFlags=0x0, pointerCount=1, historySize=0, eventTime=500503, downTime=500503, deviceId=0, source=0x1002 }
I/Input   ( 7145): injectMotionEvent: MotionEvent { action=ACTION_MOVE, id[0]=0, x[0]=600.0, y[0]=919.0, toolType[0]=TOOL_TYPE_UNKNOWN, buttonState=0, metaState=0, flags=0x0, edgeFlags=0x0, pointerCount=1, historySize=0, eventTime=500517, downTime=500517, deviceId=0, source=0x1002 }
I/Input   ( 7145): injectMotionEvent: MotionEvent { action=ACTION_MOVE, id[0]=0, x[0]=600.0, y[0]=919.0, toolType[0]=TOOL_TYPE_UNKNOWN, buttonState=0, metaState=0, flags=0x0, edgeFlags=0x0, pointerCount=1, historySize=0, eventTime=500534, downTime=500534, deviceId=0, source=0x1002 }
I/Input   ( 7145): injectMotionEvent: MotionEvent { action=ACTION_MOVE, id[0]=0, x[0]=600.0, y[0]=919.0, toolType[0]=TOOL_TYPE_UNKNOWN, buttonState=0, metaState=0, flags=0x0, edgeFlags=0x0, pointerCount=1, historySize=0, eventTime=500550, downTime=500550, deviceId=0, source=0x1002 }
I/Input   ( 7145): injectMotionEvent: MotionEvent { action=ACTION_MOVE, id[0]=0, x[0]=600.0, y[0]=919.0, toolType[0]=TOOL_TYPE_UNKNOWN, buttonState=0, metaState=0, flags=0x0, edgeFlags=0x0, pointerCount=1, historySize=0, eventTime=500568, downTime=500568, deviceId=0, source=0x1002 }
I/Input   ( 7145): injectMotionEvent: MotionEvent { action=ACTION_MOVE, id[0]=0, x[0]=600.0, y[0]=919.0, toolType[0]=TOOL_TYPE_UNKNOWN, buttonState=0, metaState=0, flags=0x0, edgeFlags=0x0, pointerCount=1, historySize=0, eventTime=500584, downTime=500584, deviceId=0, source=0x1002 }
I/Input   ( 7145): injectMotionEvent: MotionEvent { action=ACTION_UP, id[0]=0, x[0]=600.0, y[0]=919.0, toolType[0]=TOOL_TYPE_UNKNOWN, buttonState=0, metaState=0, flags=0x0, edgeFlags=0x0, pointerCount=1, historySize=0, eventTime=500601, downTime=500601, deviceId=0, source=0x1002 }
D/AndroidRuntime( 7145): Shutting down VM
D/AndroidRuntime( 7485): >>>>>> START com.android.internal.os.RuntimeInit uid 0 <<<<<<
D/AndroidRuntime( 7485): CheckJNI is OFF
E/memtrack( 7485): Couldn't load memtrack module (No such file or directory)
E/android.os.Debug( 7485): failed to load memtrack module: -2
D/AndroidRuntime( 7485): Calling main entry com.android.commands.uiautomator.Launcher
W/AccessibilityNodeInfoDumper( 7485): Fetch time: 2ms
W/WindowManager(  676): Attempted to remove non-existing token: android.os.Binder@1c9ce52b
D/AndroidRuntime( 7485): Shutting down VM
D/AndroidRuntime( 7513): >>>>>> START com.android.internal.os.RuntimeInit uid 0 <<<<<<
D/AndroidRuntime( 7513): CheckJNI is OFF
E/memtrack( 7513): Couldn't load memtrack module (No such file or directory)
E/android.os.Debug( 7513): failed to load memtrack module: -2
D/AndroidRuntime( 7513): Calling main entry com.android.commands.uiautomator.Launcher
W/AccessibilityNodeInfoDumper( 7513): Fetch time: 2ms
W/WindowManager(  676): Attempted to remove non-existing token: android.os.Binder@26e2dd88
D/AndroidRuntime( 7513): Shutting down VM
D/AndroidRuntime( 7536): >>>>>> START com.android.internal.os.RuntimeInit uid 0 <<<<<<
D/AndroidRuntime( 7536): CheckJNI is OFF
E/memtrack( 7536): Couldn't load memtrack module (No such file or directory)
E/android.os.Debug( 7536): failed to load memtrack module: -2
D/AndroidRuntime( 7536): Calling main entry com.android.commands.uiautomator.Launcher
W/AccessibilityNodeInfoDumper( 7536): Fetch time: 1ms
W/WindowManager(  676): Attempted to remove non-existing token: android.os.Binder@d47f321
D/AndroidRuntime( 7536): Shutting down VM
D/AndroidRuntime( 7564): >>>>>> START com.android.internal.os.RuntimeInit uid 0 <<<<<<
D/AndroidRuntime( 7564): CheckJNI is OFF
E/memtrack( 7564): Couldn't load memtrack module (No such file or directory)
E/android.os.Debug( 7564): failed to load memtrack module: -2
D/AndroidRuntime( 7564): Calling main entry com.android.commands.uiautomator.Launcher
W/AccessibilityNodeInfoDumper( 7564): Fetch time: 2ms
W/WindowManager(  676): Attempted to remove non-existing token: android.os.Binder@3cc346
D/AndroidRuntime( 7564): Shutting down VM
D/AndroidRuntime( 7597): >>>>>> START com.android.internal.os.RuntimeInit uid 0 <<<<<<
D/AndroidRuntime( 7597): CheckJNI is OFF
E/memtrack( 7597): Couldn't load memtrack module (No such file or directory)
E/android.os.Debug( 7597): failed to load memtrack module: -2
D/AndroidRuntime( 7597): Calling main entry com.android.commands.uiautomator.Launcher
W/AccessibilityNodeInfoDumper( 7597): Fetch time: 2ms
W/WindowManager(  676): Attempted to remove non-existing token: android.os.Binder@2b82a907
D/AndroidRuntime( 7597): Shutting down VM
D/AndroidRuntime( 7628): >>>>>> START com.android.internal.os.RuntimeInit uid 0 <<<<<<
D/AndroidRuntime( 7628): CheckJNI is OFF
E/memtrack( 7628): Couldn't load memtrack module (No such file or directory)
E/android.os.Debug( 7628): failed to load memtrack module: -2
D/AndroidRuntime( 7628): Calling main entry com.android.commands.uiautomator.Launcher
W/AccessibilityNodeInfoDumper( 7628): Fetch time: 5ms
W/WindowManager(  676): Attempted to remove non-existing token: android.os.Binder@188c4a34
D/AndroidRuntime( 7628): Shutting down VM
D/AndroidRuntime( 7651): >>>>>> START com.android.internal.os.RuntimeInit uid 0 <<<<<<
D/AndroidRuntime( 7651): CheckJNI is OFF
E/memtrack( 7651): Couldn't load memtrack module (No such file or directory)
E/android.os.Debug( 7651): failed to load memtrack module: -2
D/AndroidRuntime( 7651): Calling main entry com.android.commands.uiautomator.Launcher
W/AccessibilityNodeInfoDumper( 7651): Fetch time: 2ms
W/WindowManager(  676): Attempted to remove non-existing token: android.os.Binder@26f1cdd2
D/AndroidRuntime( 7651): Shutting down VM
D/AndroidRuntime( 7679): >>>>>> START com.android.internal.os.RuntimeInit uid 0 <<<<<<
D/AndroidRuntime( 7679): CheckJNI is OFF
E/memtrack( 7679): Couldn't load memtrack module (No such file or directory)
E/android.os.Debug( 7679): failed to load memtrack module: -2
D/AndroidRuntime( 7679): Calling main entry com.android.commands.uiautomator.Launcher
W/AccessibilityNodeInfoDumper( 7679): Fetch time: 2ms
W/WindowManager(  676): Attempted to remove non-existing token: android.os.Binder@416cea3
D/AndroidRuntime( 7679): Shutting down VM
D/AndroidRuntime( 7702): >>>>>> START com.android.internal.os.RuntimeInit uid 0 <<<<<<
D/AndroidRuntime( 7702): CheckJNI is OFF
E/memtrack( 7702): Couldn't load memtrack module (No such file or directory)
E/android.os.Debug( 7702): failed to load memtrack module: -2
D/AndroidRuntime( 7702): Calling main entry com.android.commands.uiautomator.Launcher
W/AccessibilityNodeInfoDumper( 7702): Fetch time: 2ms
W/WindowManager(  676): Attempted to remove non-existing token: android.os.Binder@25bdd5a0
D/AndroidRuntime( 7702): Shutting down VM
D/AndroidRuntime( 7731): >>>>>> START com.android.internal.os.RuntimeInit uid 0 <<<<<<
D/AndroidRuntime( 7731): CheckJNI is OFF
E/memtrack( 7731): Couldn't load memtrack module (No such file or directory)
E/android.os.Debug( 7731): failed to load memtrack module: -2
D/AndroidRuntime( 7731): Calling main entry com.android.commands.uiautomator.Launcher
W/AccessibilityNodeInfoDumper( 7731): Fetch time: 2ms
W/WindowManager(  676): Attempted to remove non-existing token: android.os.Binder@2aae559
D/AndroidRuntime( 7731): Shutting down VM
D/AndroidRuntime( 7754): >>>>>> START com.android.internal.os.RuntimeInit uid 0 <<<<<<
D/AndroidRuntime( 7754): CheckJNI is OFF
E/memtrack( 7754): Couldn't load memtrack module (No such file or directory)
E/android.os.Debug( 7754): failed to load memtrack module: -2
D/AndroidRuntime( 7754): Calling main entry com.android.commands.uiautomator.Launcher
W/AccessibilityNodeInfoDumper( 7754): Fetch time: 2ms
W/WindowManager(  676): Attempted to remove non-existing token: android.os.Binder@307af51e
D/AndroidRuntime( 7754): Shutting down VM
D/AndroidRuntime( 7784): >>>>>> START com.android.internal.os.RuntimeInit uid 0 <<<<<<
D/AndroidRuntime( 7784): CheckJNI is OFF
E/memtrack( 7784): Couldn't load memtrack module (No such file or directory)
E/android.os.Debug( 7784): failed to load memtrack module: -2
D/AndroidRuntime( 7784): Calling main entry com.android.commands.uiautomator.Launcher
I/art     (  676): Explicit concurrent mark sweep GC freed 40641(2MB) AllocSpace objects, 25(400KB) LOS objects, 33% free, 7MB/11MB, paused 739us total 20.942ms
W/AccessibilityNodeInfoDumper( 7784): Fetch time: 2ms
W/WindowManager(  676): Attempted to remove non-existing token: android.os.Binder@e3db1ff
D/AndroidRuntime( 7784): Shutting down VM
D/AndroidRuntime( 7807): >>>>>> START com.android.internal.os.RuntimeInit uid 0 <<<<<<
D/AndroidRuntime( 7807): CheckJNI is OFF
E/memtrack( 7807): Couldn't load memtrack module (No such file or directory)
E/android.os.Debug( 7807): failed to load memtrack module: -2
D/AndroidRuntime( 7807): Calling main entry com.android.commands.uiautomator.Launcher
W/AccessibilityNodeInfoDumper( 7807): Fetch time: 3ms
W/WindowManager(  676): Attempted to remove non-existing token: android.os.Binder@299b7e15
D/AndroidRuntime( 7807): Shutting down VM
D/AndroidRuntime( 7825): >>>>>> START com.android.internal.os.RuntimeInit uid 0 <<<<<<
D/AndroidRuntime( 7825): CheckJNI is OFF
E/memtrack( 7825): Couldn't load memtrack module (No such file or directory)
E/android.os.Debug( 7825): failed to load memtrack module: -2
D/AndroidRuntime( 7825): Calling main entry com.android.commands.input.Input
I/Input   ( 7825): injectMotionEvent: MotionEvent { action=ACTION_DOWN, id[0]=0, x[0]=1060.0, y[0]=1149.0, toolType[0]=TOOL_TYPE_UNKNOWN, buttonState=0, metaState=0, flags=0x0, edgeFlags=0x0, pointerCount=1, historySize=0, eventTime=527449, downTime=527449, deviceId=0, source=0x1002 }
I/Input   ( 7825): injectMotionEvent: MotionEvent { action=ACTION_UP, id[0]=0, x[0]=1060.0, y[0]=1149.0, toolType[0]=TOOL_TYPE_UNKNOWN, buttonState=0, metaState=0, flags=0x0, edgeFlags=0x0, pointerCount=1, historySize=0, eventTime=527449, downTime=527449, deviceId=0, source=0x1002 }
D/AndroidRuntime( 7825): Shutting down VM
W/AudioTrack(  676): AUDIO_OUTPUT_FLAG_FAST denied by client
W/InputMethodManagerService(  676): Window already focused, ignoring focus gain of: com.android.internal.view.IInputMethodClient$Stub$Proxy@37c2e691 attribute=null, token = android.os.BinderProxy@1e12af38
D/AndroidRuntime( 8163): >>>>>> START com.android.internal.os.RuntimeInit uid 0 <<<<<<
