V/WindowManager(  536): Adding window Window{6c1e110 u0 TooltipPopup} at 4 of 10 (after Window{15e053b9 u0 com.jvillalba.apod.classic/com.jvillalba.apod.classic.activities.ViewActivity})
I/Input   (32637): injectMotionEvent: MotionEvent { action=ACTION_MOVE, id[0]=0, x[0]=1128.0, y[0]=114.0, toolType[0]=TOOL_TYPE_UNKNOWN, buttonState=0, metaState=0, flags=0x0, edgeFlags=0x0, pointerCount=1, historySize=0, eventTime=18765788, downTime=18765788, deviceId=0, source=0x1002 }
W/EGL_emulation(27876): eglSurfaceAttrib not implemented
W/OpenGLRenderer(27876): Failed to set EGL_SWAP_BEHAVIOR on surface 0xe1c2f9e0, error=EGL_SUCCESS
I/Input   (32637): injectMotionEvent: MotionEvent { action=ACTION_MOVE, id[0]=0, x[0]=1128.0, y[0]=114.0, toolType[0]=TOOL_TYPE_UNKNOWN, buttonState=0, metaState=0, flags=0x0, edgeFlags=0x0, pointerCount=1, historySize=0, eventTime=18765814, downTime=18765814, deviceId=0, source=0x1002 }
I/Input   (32637): injectMotionEvent: MotionEvent { action=ACTION_MOVE, id[0]=0, x[0]=1128.0, y[0]=114.0, toolType[0]=TOOL_TYPE_UNKNOWN, buttonState=0, metaState=0, flags=0x0, edgeFlags=0x0, pointerCount=1, historySize=0, eventTime=18765859, downTime=18765859, deviceId=0, source=0x1002 }
I/Input   (32637): injectMotionEvent: MotionEvent { action=ACTION_MOVE, id[0]=0, x[0]=1128.0, y[0]=114.0, toolType[0]=TOOL_TYPE_UNKNOWN, buttonState=0, metaState=0, flags=0x0, edgeFlags=0x0, pointerCount=1, historySize=0, eventTime=18765899, downTime=18765899, deviceId=0, source=0x1002 }
I/Input   (32637): injectMotionEvent: MotionEvent { action=ACTION_MOVE, id[0]=0, x[0]=1128.0, y[0]=114.0, toolType[0]=TOOL_TYPE_UNKNOWN, buttonState=0, metaState=0, flags=0x0, edgeFlags=0x0, pointerCount=1, historySize=0, eventTime=18765928, downTime=18765928, deviceId=0, source=0x1002 }
I/Input   (32637): injectMotionEvent: MotionEvent { action=ACTION_MOVE, id[0]=0, x[0]=1128.0, y[0]=114.0, toolType[0]=TOOL_TYPE_UNKNOWN, buttonState=0, metaState=0, flags=0x0, edgeFlags=0x0, pointerCount=1, historySize=0, eventTime=18765954, downTime=18765954, deviceId=0, source=0x1002 }
I/Input   (32637): injectMotionEvent: MotionEvent { action=ACTION_MOVE, id[0]=0, x[0]=1128.0, y[0]=114.0, toolType[0]=TOOL_TYPE_UNKNOWN, buttonState=0, metaState=0, flags=0x0, edgeFlags=0x0, pointerCount=1, historySize=0, eventTime=18765999, downTime=18765999, deviceId=0, source=0x1002 }
I/Input   (32637): injectMotionEvent: MotionEvent { action=ACTION_MOVE, id[0]=0, x[0]=1128.0, y[0]=114.0, toolType[0]=TOOL_TYPE_UNKNOWN, buttonState=0, metaState=0, flags=0x0, edgeFlags=0x0, pointerCount=1, historySize=0, eventTime=18766017, downTime=18766017, deviceId=0, source=0x1002 }
I/Input   (32637): injectMotionEvent: MotionEvent { action=ACTION_MOVE, id[0]=0, x[0]=1128.0, y[0]=114.0, toolType[0]=TOOL_TYPE_UNKNOWN, buttonState=0, metaState=0, flags=0x0, edgeFlags=0x0, pointerCount=1, historySize=0, eventTime=18766040, downTime=18766040, deviceId=0, source=0x1002 }
I/Input   (32637): injectMotionEvent: MotionEvent { action=ACTION_MOVE, id[0]=0, x[0]=1128.0, y[0]=114.0, toolType[0]=TOOL_TYPE_UNKNOWN, buttonState=0, metaState=0, flags=0x0, edgeFlags=0x0, pointerCount=1, historySize=0, eventTime=18766072, downTime=18766072, deviceId=0, source=0x1002 }
I/Input   (32637): injectMotionEvent: MotionEvent { action=ACTION_MOVE, id[0]=0, x[0]=1128.0, y[0]=114.0, toolType[0]=TOOL_TYPE_UNKNOWN, buttonState=0, metaState=0, flags=0x0, edgeFlags=0x0, pointerCount=1, historySize=0, eventTime=18766087, downTime=18766087, deviceId=0, source=0x1002 }
I/Input   (32637): injectMotionEvent: MotionEvent { action=ACTION_MOVE, id[0]=0, x[0]=1128.0, y[0]=114.0, toolType[0]=TOOL_TYPE_UNKNOWN, buttonState=0, metaState=0, flags=0x0, edgeFlags=0x0, pointerCount=1, historySize=0, eventTime=18766100, downTime=18766100, deviceId=0, source=0x1002 }
I/Input   (32637): injectMotionEvent: MotionEvent { action=ACTION_MOVE, id[0]=0, x[0]=1128.0, y[0]=114.0, toolType[0]=TOOL_TYPE_UNKNOWN, buttonState=0, metaState=0, flags=0x0, edgeFlags=0x0, pointerCount=1, historySize=0, eventTime=18766116, downTime=18766116, deviceId=0, source=0x1002 }
I/Input   (32637): injectMotionEvent: MotionEvent { action=ACTION_MOVE, id[0]=0, x[0]=1128.0, y[0]=114.0, toolType[0]=TOOL_TYPE_UNKNOWN, buttonState=0, metaState=0, flags=0x0, edgeFlags=0x0, pointerCount=1, historySize=0, eventTime=18766133, downTime=18766133, deviceId=0, source=0x1002 }
I/Input   (32637): injectMotionEvent: MotionEvent { action=ACTION_MOVE, id[0]=0, x[0]=1128.0, y[0]=114.0, toolType[0]=TOOL_TYPE_UNKNOWN, buttonState=0, metaState=0, flags=0x0, edgeFlags=0x0, pointerCount=1, historySize=0, eventTime=18766153, downTime=18766153, deviceId=0, source=0x1002 }
I/Input   (32637): injectMotionEvent: MotionEvent { action=ACTION_MOVE, id[0]=0, x[0]=1128.0, y[0]=114.0, toolType[0]=TOOL_TYPE_UNKNOWN, buttonState=0, metaState=0, flags=0x0, edgeFlags=0x0, pointerCount=1, historySize=0, eventTime=18766168, downTime=18766168, deviceId=0, source=0x1002 }
I/Input   (32637): injectMotionEvent: MotionEvent { action=ACTION_MOVE, id[0]=0, x[0]=1128.0, y[0]=114.0, toolType[0]=TOOL_TYPE_UNKNOWN, buttonState=0, metaState=0, flags=0x0, edgeFlags=0x0, pointerCount=1, historySize=0, eventTime=18766183, downTime=18766183, deviceId=0, source=0x1002 }
I/Input   (32637): injectMotionEvent: MotionEvent { action=ACTION_MOVE, id[0]=0, x[0]=1128.0, y[0]=114.0, toolType[0]=TOOL_TYPE_UNKNOWN, buttonState=0, metaState=0, flags=0x0, edgeFlags=0x0, pointerCount=1, historySize=0, eventTime=18766200, downTime=18766200, deviceId=0, source=0x1002 }
I/Input   (32637): injectMotionEvent: MotionEvent { action=ACTION_MOVE, id[0]=0, x[0]=1128.0, y[0]=114.0, toolType[0]=TOOL_TYPE_UNKNOWN, buttonState=0, metaState=0, flags=0x0, edgeFlags=0x0, pointerCount=1, historySize=0, eventTime=18766216, downTime=18766216, deviceId=0, source=0x1002 }
I/Input   (32637): injectMotionEvent: MotionEvent { action=ACTION_MOVE, id[0]=0, x[0]=1128.0, y[0]=114.0, toolType[0]=TOOL_TYPE_UNKNOWN, buttonState=0, metaState=0, flags=0x0, edgeFlags=0x0, pointerCount=1, historySize=0, eventTime=18766233, downTime=18766233, deviceId=0, source=0x1002 }
I/Input   (32637): injectMotionEvent: MotionEvent { action=ACTION_MOVE, id[0]=0, x[0]=1128.0, y[0]=114.0, toolType[0]=TOOL_TYPE_UNKNOWN, buttonState=0, metaState=0, flags=0x0, edgeFlags=0x0, pointerCount=1, historySize=0, eventTime=18766250, downTime=18766250, deviceId=0, source=0x1002 }
I/Input   (32637): injectMotionEvent: MotionEvent { action=ACTION_MOVE, id[0]=0, x[0]=1128.0, y[0]=114.0, toolType[0]=TOOL_TYPE_UNKNOWN, buttonState=0, metaState=0, flags=0x0, edgeFlags=0x0, pointerCount=1, historySize=0, eventTime=18766267, downTime=18766267, deviceId=0, source=0x1002 }
I/Input   (32637): injectMotionEvent: MotionEvent { action=ACTION_MOVE, id[0]=0, x[0]=1128.0, y[0]=114.0, toolType[0]=TOOL_TYPE_UNKNOWN, buttonState=0, metaState=0, flags=0x0, edgeFlags=0x0, pointerCount=1, historySize=0, eventTime=18766283, downTime=18766283, deviceId=0, source=0x1002 }
I/Input   (32637): injectMotionEvent: MotionEvent { action=ACTION_MOVE, id[0]=0, x[0]=1128.0, y[0]=114.0, toolType[0]=TOOL_TYPE_UNKNOWN, buttonState=0, metaState=0, flags=0x0, edgeFlags=0x0, pointerCount=1, historySize=0, eventTime=18766300, downTime=18766300, deviceId=0, source=0x1002 }
I/Input   (32637): injectMotionEvent: MotionEvent { action=ACTION_MOVE, id[0]=0, x[0]=1128.0, y[0]=114.0, toolType[0]=TOOL_TYPE_UNKNOWN, buttonState=0, metaState=0, flags=0x0, edgeFlags=0x0, pointerCount=1, historySize=0, eventTime=18766316, downTime=18766316, deviceId=0, source=0x1002 }
I/Input   (32637): injectMotionEvent: MotionEvent { action=ACTION_MOVE, id[0]=0, x[0]=1128.0, y[0]=114.0, toolType[0]=TOOL_TYPE_UNKNOWN, buttonState=0, metaState=0, flags=0x0, edgeFlags=0x0, pointerCount=1, historySize=0, eventTime=18766333, downTime=18766333, deviceId=0, source=0x1002 }
I/Input   (32637): injectMotionEvent: MotionEvent { action=ACTION_MOVE, id[0]=0, x[0]=1128.0, y[0]=114.0, toolType[0]=TOOL_TYPE_UNKNOWN, buttonState=0, metaState=0, flags=0x0, edgeFlags=0x0, pointerCount=1, historySize=0, eventTime=18766351, downTime=18766351, deviceId=0, source=0x1002 }
I/Input   (32637): injectMotionEvent: MotionEvent { action=ACTION_MOVE, id[0]=0, x[0]=1128.0, y[0]=114.0, toolType[0]=TOOL_TYPE_UNKNOWN, buttonState=0, metaState=0, flags=0x0, edgeFlags=0x0, pointerCount=1, historySize=0, eventTime=18766368, downTime=18766368, deviceId=0, source=0x1002 }
I/Input   (32637): injectMotionEvent: MotionEvent { action=ACTION_MOVE, id[0]=0, x[0]=1128.0, y[0]=114.0, toolType[0]=TOOL_TYPE_UNKNOWN, buttonState=0, metaState=0, flags=0x0, edgeFlags=0x0, pointerCount=1, historySize=0, eventTime=18766383, downTime=18766383, deviceId=0, source=0x1002 }
I/Input   (32637): injectMotionEvent: MotionEvent { action=ACTION_MOVE, id[0]=0, x[0]=1128.0, y[0]=114.0, toolType[0]=TOOL_TYPE_UNKNOWN, buttonState=0, metaState=0, flags=0x0, edgeFlags=0x0, pointerCount=1, historySize=0, eventTime=18766400, downTime=18766400, deviceId=0, source=0x1002 }
I/Input   (32637): injectMotionEvent: MotionEvent { action=ACTION_MOVE, id[0]=0, x[0]=1128.0, y[0]=114.0, toolType[0]=TOOL_TYPE_UNKNOWN, buttonState=0, metaState=0, flags=0x0, edgeFlags=0x0, pointerCount=1, historySize=0, eventTime=18766417, downTime=18766417, deviceId=0, source=0x1002 }
I/Input   (32637): injectMotionEvent: MotionEvent { action=ACTION_MOVE, id[0]=0, x[0]=1128.0, y[0]=114.0, toolType[0]=TOOL_TYPE_UNKNOWN, buttonState=0, metaState=0, flags=0x0, edgeFlags=0x0, pointerCount=1, historySize=0, eventTime=18766433, downTime=18766433, deviceId=0, source=0x1002 }
I/Input   (32637): injectMotionEvent: MotionEvent { action=ACTION_MOVE, id[0]=0, x[0]=1128.0, y[0]=114.0, toolType[0]=TOOL_TYPE_UNKNOWN, buttonState=0, metaState=0, flags=0x0, edgeFlags=0x0, pointerCount=1, historySize=0, eventTime=18766450, downTime=18766450, deviceId=0, source=0x1002 }
I/Input   (32637): injectMotionEvent: MotionEvent { action=ACTION_MOVE, id[0]=0, x[0]=1128.0, y[0]=114.0, toolType[0]=TOOL_TYPE_UNKNOWN, buttonState=0, metaState=0, flags=0x0, edgeFlags=0x0, pointerCount=1, historySize=0, eventTime=18766468, downTime=18766468, deviceId=0, source=0x1002 }
I/Input   (32637): injectMotionEvent: MotionEvent { action=ACTION_MOVE, id[0]=0, x[0]=1128.0, y[0]=114.0, toolType[0]=TOOL_TYPE_UNKNOWN, buttonState=0, metaState=0, flags=0x0, edgeFlags=0x0, pointerCount=1, historySize=0, eventTime=18766483, downTime=18766483, deviceId=0, source=0x1002 }
I/Input   (32637): injectMotionEvent: MotionEvent { action=ACTION_MOVE, id[0]=0, x[0]=1128.0, y[0]=114.0, toolType[0]=TOOL_TYPE_UNKNOWN, buttonState=0, metaState=0, flags=0x0, edgeFlags=0x0, pointerCount=1, historySize=0, eventTime=18766499, downTime=18766499, deviceId=0, source=0x1002 }
I/Input   (32637): injectMotionEvent: MotionEvent { action=ACTION_MOVE, id[0]=0, x[0]=1128.0, y[0]=114.0, toolType[0]=TOOL_TYPE_UNKNOWN, buttonState=0, metaState=0, flags=0x0, edgeFlags=0x0, pointerCount=1, historySize=0, eventTime=18766516, downTime=18766516, deviceId=0, source=0x1002 }
I/Input   (32637): injectMotionEvent: MotionEvent { action=ACTION_MOVE, id[0]=0, x[0]=1128.0, y[0]=114.0, toolType[0]=TOOL_TYPE_UNKNOWN, buttonState=0, metaState=0, flags=0x0, edgeFlags=0x0, pointerCount=1, historySize=0, eventTime=18766534, downTime=18766534, deviceId=0, source=0x1002 }
I/Input   (32637): injectMotionEvent: MotionEvent { action=ACTION_MOVE, id[0]=0, x[0]=1128.0, y[0]=114.0, toolType[0]=TOOL_TYPE_UNKNOWN, buttonState=0, metaState=0, flags=0x0, edgeFlags=0x0, pointerCount=1, historySize=0, eventTime=18766550, downTime=18766550, deviceId=0, source=0x1002 }
I/Input   (32637): injectMotionEvent: MotionEvent { action=ACTION_MOVE, id[0]=0, x[0]=1128.0, y[0]=114.0, toolType[0]=TOOL_TYPE_UNKNOWN, buttonState=0, metaState=0, flags=0x0, edgeFlags=0x0, pointerCount=1, historySize=0, eventTime=18766567, downTime=18766567, deviceId=0, source=0x1002 }
I/Input   (32637): injectMotionEvent: MotionEvent { action=ACTION_MOVE, id[0]=0, x[0]=1128.0, y[0]=114.0, toolType[0]=TOOL_TYPE_UNKNOWN, buttonState=0, metaState=0, flags=0x0, edgeFlags=0x0, pointerCount=1, historySize=0, eventTime=18766583, downTime=18766583, deviceId=0, source=0x1002 }
I/Input   (32637): injectMotionEvent: MotionEvent { action=ACTION_MOVE, id[0]=0, x[0]=1128.0, y[0]=114.0, toolType[0]=TOOL_TYPE_UNKNOWN, buttonState=0, metaState=0, flags=0x0, edgeFlags=0x0, pointerCount=1, historySize=0, eventTime=18766600, downTime=18766600, deviceId=0, source=0x1002 }
I/Input   (32637): injectMotionEvent: MotionEvent { action=ACTION_MOVE, id[0]=0, x[0]=1128.0, y[0]=114.0, toolType[0]=TOOL_TYPE_UNKNOWN, buttonState=0, metaState=0, flags=0x0, edgeFlags=0x0, pointerCount=1, historySize=0, eventTime=18766616, downTime=18766616, deviceId=0, source=0x1002 }
I/Input   (32637): injectMotionEvent: MotionEvent { action=ACTION_MOVE, id[0]=0, x[0]=1128.0, y[0]=114.0, toolType[0]=TOOL_TYPE_UNKNOWN, buttonState=0, metaState=0, flags=0x0, edgeFlags=0x0, pointerCount=1, historySize=0, eventTime=18766633, downTime=18766633, deviceId=0, source=0x1002 }
I/Input   (32637): injectMotionEvent: MotionEvent { action=ACTION_MOVE, id[0]=0, x[0]=1128.0, y[0]=114.0, toolType[0]=TOOL_TYPE_UNKNOWN, buttonState=0, metaState=0, flags=0x0, edgeFlags=0x0, pointerCount=1, historySize=0, eventTime=18766650, downTime=18766650, deviceId=0, source=0x1002 }
I/Input   (32637): injectMotionEvent: MotionEvent { action=ACTION_MOVE, id[0]=0, x[0]=1128.0, y[0]=114.0, toolType[0]=TOOL_TYPE_UNKNOWN, buttonState=0, metaState=0, flags=0x0, edgeFlags=0x0, pointerCount=1, historySize=0, eventTime=18766669, downTime=18766669, deviceId=0, source=0x1002 }
I/Input   (32637): injectMotionEvent: MotionEvent { action=ACTION_MOVE, id[0]=0, x[0]=1128.0, y[0]=114.0, toolType[0]=TOOL_TYPE_UNKNOWN, buttonState=0, metaState=0, flags=0x0, edgeFlags=0x0, pointerCount=1, historySize=0, eventTime=18766684, downTime=18766684, deviceId=0, source=0x1002 }
I/Input   (32637): injectMotionEvent: MotionEvent { action=ACTION_MOVE, id[0]=0, x[0]=1128.0, y[0]=114.0, toolType[0]=TOOL_TYPE_UNKNOWN, buttonState=0, metaState=0, flags=0x0, edgeFlags=0x0, pointerCount=1, historySize=0, eventTime=18766699, downTime=18766699, deviceId=0, source=0x1002 }
I/Input   (32637): injectMotionEvent: MotionEvent { action=ACTION_MOVE, id[0]=0, x[0]=1128.0, y[0]=114.0, toolType[0]=TOOL_TYPE_UNKNOWN, buttonState=0, metaState=0, flags=0x0, edgeFlags=0x0, pointerCount=1, historySize=0, eventTime=18766718, downTime=18766718, deviceId=0, source=0x1002 }
I/Input   (32637): injectMotionEvent: MotionEvent { action=ACTION_MOVE, id[0]=0, x[0]=1128.0, y[0]=114.0, toolType[0]=TOOL_TYPE_UNKNOWN, buttonState=0, metaState=0, flags=0x0, edgeFlags=0x0, pointerCount=1, historySize=0, eventTime=18766733, downTime=18766733, deviceId=0, source=0x1002 }
I/Input   (32637): injectMotionEvent: MotionEvent { action=ACTION_MOVE, id[0]=0, x[0]=1128.0, y[0]=114.0, toolType[0]=TOOL_TYPE_UNKNOWN, buttonState=0, metaState=0, flags=0x0, edgeFlags=0x0, pointerCount=1, historySize=0, eventTime=18766750, downTime=18766750, deviceId=0, source=0x1002 }
I/Input   (32637): injectMotionEvent: MotionEvent { action=ACTION_MOVE, id[0]=0, x[0]=1128.0, y[0]=114.0, toolType[0]=TOOL_TYPE_UNKNOWN, buttonState=0, metaState=0, flags=0x0, edgeFlags=0x0, pointerCount=1, historySize=0, eventTime=18766768, downTime=18766768, deviceId=0, source=0x1002 }
I/Input   (32637): injectMotionEvent: MotionEvent { action=ACTION_MOVE, id[0]=0, x[0]=1128.0, y[0]=114.0, toolType[0]=TOOL_TYPE_UNKNOWN, buttonState=0, metaState=0, flags=0x0, edgeFlags=0x0, pointerCount=1, historySize=0, eventTime=18766783, downTime=18766783, deviceId=0, source=0x1002 }
I/Input   (32637): injectMotionEvent: MotionEvent { action=ACTION_MOVE, id[0]=0, x[0]=1128.0, y[0]=114.0, toolType[0]=TOOL_TYPE_UNKNOWN, buttonState=0, metaState=0, flags=0x0, edgeFlags=0x0, pointerCount=1, historySize=0, eventTime=18766799, downTime=18766799, deviceId=0, source=0x1002 }
I/Input   (32637): injectMotionEvent: MotionEvent { action=ACTION_MOVE, id[0]=0, x[0]=1128.0, y[0]=114.0, toolType[0]=TOOL_TYPE_UNKNOWN, buttonState=0, metaState=0, flags=0x0, edgeFlags=0x0, pointerCount=1, historySize=0, eventTime=18766816, downTime=18766816, deviceId=0, source=0x1002 }
I/Input   (32637): injectMotionEvent: MotionEvent { action=ACTION_MOVE, id[0]=0, x[0]=1128.0, y[0]=114.0, toolType[0]=TOOL_TYPE_UNKNOWN, buttonState=0, metaState=0, flags=0x0, edgeFlags=0x0, pointerCount=1, historySize=0, eventTime=18766833, downTime=18766833, deviceId=0, source=0x1002 }
I/Input   (32637): injectMotionEvent: MotionEvent { action=ACTION_MOVE, id[0]=0, x[0]=1128.0, y[0]=114.0, toolType[0]=TOOL_TYPE_UNKNOWN, buttonState=0, metaState=0, flags=0x0, edgeFlags=0x0, pointerCount=1, historySize=0, eventTime=18766850, downTime=18766850, deviceId=0, source=0x1002 }
I/Input   (32637): injectMotionEvent: MotionEvent { action=ACTION_MOVE, id[0]=0, x[0]=1128.0, y[0]=114.0, toolType[0]=TOOL_TYPE_UNKNOWN, buttonState=0, metaState=0, flags=0x0, edgeFlags=0x0, pointerCount=1, historySize=0, eventTime=18766869, downTime=18766869, deviceId=0, source=0x1002 }
I/Input   (32637): injectMotionEvent: MotionEvent { action=ACTION_MOVE, id[0]=0, x[0]=1128.0, y[0]=114.0, toolType[0]=TOOL_TYPE_UNKNOWN, buttonState=0, metaState=0, flags=0x0, edgeFlags=0x0, pointerCount=1, historySize=0, eventTime=18766885, downTime=18766885, deviceId=0, source=0x1002 }
I/Input   (32637): injectMotionEvent: MotionEvent { action=ACTION_MOVE, id[0]=0, x[0]=1128.0, y[0]=114.0, toolType[0]=TOOL_TYPE_UNKNOWN, buttonState=0, metaState=0, flags=0x0, edgeFlags=0x0, pointerCount=1, historySize=0, eventTime=18766899, downTime=18766899, deviceId=0, source=0x1002 }
I/Input   (32637): injectMotionEvent: MotionEvent { action=ACTION_MOVE, id[0]=0, x[0]=1128.0, y[0]=114.0, toolType[0]=TOOL_TYPE_UNKNOWN, buttonState=0, metaState=0, flags=0x0, edgeFlags=0x0, pointerCount=1, historySize=0, eventTime=18766917, downTime=18766917, deviceId=0, source=0x1002 }
I/Input   (32637): injectMotionEvent: MotionEvent { action=ACTION_MOVE, id[0]=0, x[0]=1128.0, y[0]=114.0, toolType[0]=TOOL_TYPE_UNKNOWN, buttonState=0, metaState=0, flags=0x0, edgeFlags=0x0, pointerCount=1, historySize=0, eventTime=18766933, downTime=18766933, deviceId=0, source=0x1002 }
I/Input   (32637): injectMotionEvent: MotionEvent { action=ACTION_MOVE, id[0]=0, x[0]=1128.0, y[0]=114.0, toolType[0]=TOOL_TYPE_UNKNOWN, buttonState=0, metaState=0, flags=0x0, edgeFlags=0x0, pointerCount=1, historySize=0, eventTime=18766950, downTime=18766950, deviceId=0, source=0x1002 }
I/Input   (32637): injectMotionEvent: MotionEvent { action=ACTION_MOVE, id[0]=0, x[0]=1128.0, y[0]=114.0, toolType[0]=TOOL_TYPE_UNKNOWN, buttonState=0, metaState=0, flags=0x0, edgeFlags=0x0, pointerCount=1, historySize=0, eventTime=18766970, downTime=18766970, deviceId=0, source=0x1002 }
I/Input   (32637): injectMotionEvent: MotionEvent { action=ACTION_MOVE, id[0]=0, x[0]=1128.0, y[0]=114.0, toolType[0]=TOOL_TYPE_UNKNOWN, buttonState=0, metaState=0, flags=0x0, edgeFlags=0x0, pointerCount=1, historySize=0, eventTime=18766985, downTime=18766985, deviceId=0, source=0x1002 }
I/Input   (32637): injectMotionEvent: MotionEvent { action=ACTION_MOVE, id[0]=0, x[0]=1128.0, y[0]=114.0, toolType[0]=TOOL_TYPE_UNKNOWN, buttonState=0, metaState=0, flags=0x0, edgeFlags=0x0, pointerCount=1, historySize=0, eventTime=18767000, downTime=18767000, deviceId=0, source=0x1002 }
I/Input   (32637): injectMotionEvent: MotionEvent { action=ACTION_MOVE, id[0]=0, x[0]=1128.0, y[0]=114.0, toolType[0]=TOOL_TYPE_UNKNOWN, buttonState=0, metaState=0, flags=0x0, edgeFlags=0x0, pointerCount=1, historySize=0, eventTime=18767016, downTime=18767016, deviceId=0, source=0x1002 }
I/Input   (32637): injectMotionEvent: MotionEvent { action=ACTION_MOVE, id[0]=0, x[0]=1128.0, y[0]=114.0, toolType[0]=TOOL_TYPE_UNKNOWN, buttonState=0, metaState=0, flags=0x0, edgeFlags=0x0, pointerCount=1, historySize=0, eventTime=18767033, downTime=18767033, deviceId=0, source=0x1002 }
I/Input   (32637): injectMotionEvent: MotionEvent { action=ACTION_MOVE, id[0]=0, x[0]=1128.0, y[0]=114.0, toolType[0]=TOOL_TYPE_UNKNOWN, buttonState=0, metaState=0, flags=0x0, edgeFlags=0x0, pointerCount=1, historySize=0, eventTime=18767050, downTime=18767050, deviceId=0, source=0x1002 }
I/Input   (32637): injectMotionEvent: MotionEvent { action=ACTION_MOVE, id[0]=0, x[0]=1128.0, y[0]=114.0, toolType[0]=TOOL_TYPE_UNKNOWN, buttonState=0, metaState=0, flags=0x0, edgeFlags=0x0, pointerCount=1, historySize=0, eventTime=18767070, downTime=18767070, deviceId=0, source=0x1002 }
I/Input   (32637): injectMotionEvent: MotionEvent { action=ACTION_MOVE, id[0]=0, x[0]=1128.0, y[0]=114.0, toolType[0]=TOOL_TYPE_UNKNOWN, buttonState=0, metaState=0, flags=0x0, edgeFlags=0x0, pointerCount=1, historySize=0, eventTime=18767083, downTime=18767083, deviceId=0, source=0x1002 }
I/Input   (32637): injectMotionEvent: MotionEvent { action=ACTION_MOVE, id[0]=0, x[0]=1128.0, y[0]=114.0, toolType[0]=TOOL_TYPE_UNKNOWN, buttonState=0, metaState=0, flags=0x0, edgeFlags=0x0, pointerCount=1, historySize=0, eventTime=18767099, downTime=18767099, deviceId=0, source=0x1002 }
I/Input   (32637): injectMotionEvent: MotionEvent { action=ACTION_MOVE, id[0]=0, x[0]=1128.0, y[0]=114.0, toolType[0]=TOOL_TYPE_UNKNOWN, buttonState=0, metaState=0, flags=0x0, edgeFlags=0x0, pointerCount=1, historySize=0, eventTime=18767116, downTime=18767116, deviceId=0, source=0x1002 }
I/Input   (32637): injectMotionEvent: MotionEvent { action=ACTION_MOVE, id[0]=0, x[0]=1128.0, y[0]=114.0, toolType[0]=TOOL_TYPE_UNKNOWN, buttonState=0, metaState=0, flags=0x0, edgeFlags=0x0, pointerCount=1, historySize=0, eventTime=18767133, downTime=18767133, deviceId=0, source=0x1002 }
I/Input   (32637): injectMotionEvent: MotionEvent { action=ACTION_MOVE, id[0]=0, x[0]=1128.0, y[0]=114.0, toolType[0]=TOOL_TYPE_UNKNOWN, buttonState=0, metaState=0, flags=0x0, edgeFlags=0x0, pointerCount=1, historySize=0, eventTime=18767150, downTime=18767150, deviceId=0, source=0x1002 }
I/Input   (32637): injectMotionEvent: MotionEvent { action=ACTION_MOVE, id[0]=0, x[0]=1128.0, y[0]=114.0, toolType[0]=TOOL_TYPE_UNKNOWN, buttonState=0, metaState=0, flags=0x0, edgeFlags=0x0, pointerCount=1, historySize=0, eventTime=18767170, downTime=18767170, deviceId=0, source=0x1002 }
I/Input   (32637): injectMotionEvent: MotionEvent { action=ACTION_MOVE, id[0]=0, x[0]=1128.0, y[0]=114.0, toolType[0]=TOOL_TYPE_UNKNOWN, buttonState=0, metaState=0, flags=0x0, edgeFlags=0x0, pointerCount=1, historySize=0, eventTime=18767183, downTime=18767183, deviceId=0, source=0x1002 }
I/Input   (32637): injectMotionEvent: MotionEvent { action=ACTION_MOVE, id[0]=0, x[0]=1128.0, y[0]=114.0, toolType[0]=TOOL_TYPE_UNKNOWN, buttonState=0, metaState=0, flags=0x0, edgeFlags=0x0, pointerCount=1, historySize=0, eventTime=18767200, downTime=18767200, deviceId=0, source=0x1002 }
I/Input   (32637): injectMotionEvent: MotionEvent { action=ACTION_MOVE, id[0]=0, x[0]=1128.0, y[0]=114.0, toolType[0]=TOOL_TYPE_UNKNOWN, buttonState=0, metaState=0, flags=0x0, edgeFlags=0x0, pointerCount=1, historySize=0, eventTime=18767216, downTime=18767216, deviceId=0, source=0x1002 }
I/Input   (32637): injectMotionEvent: MotionEvent { action=ACTION_UP, id[0]=0, x[0]=1128.0, y[0]=114.0, toolType[0]=TOOL_TYPE_UNKNOWN, buttonState=0, metaState=0, flags=0x0, edgeFlags=0x0, pointerCount=1, historySize=0, eventTime=18767233, downTime=18767233, deviceId=0, source=0x1002 }
D/AndroidRuntime(32637): Shutting down VM
D/AndroidRuntime(  566): >>>>>> START com.android.internal.os.RuntimeInit uid 0 <<<<<<
D/AndroidRuntime(  566): CheckJNI is OFF
E/memtrack(  566): Couldn't load memtrack module (No such file or directory)
E/android.os.Debug(  566): failed to load memtrack module: -2
D/AndroidRuntime(  566): Calling main entry com.android.commands.uiautomator.Launcher
W/AccessibilityNodeInfoDumper(  566): Fetch time: 2ms
W/WindowManager(  536): Attempted to remove non-existing token: android.os.Binder@3430082f
D/AndroidRuntime(  566): Shutting down VM
D/AndroidRuntime(  621): >>>>>> START com.android.internal.os.RuntimeInit uid 0 <<<<<<
D/AndroidRuntime(  621): CheckJNI is OFF
E/memtrack(  621): Couldn't load memtrack module (No such file or directory)
E/android.os.Debug(  621): failed to load memtrack module: -2
D/AndroidRuntime(  621): Calling main entry com.android.commands.uiautomator.Launcher
W/AccessibilityNodeInfoDumper(  621): Fetch time: 2ms
W/WindowManager(  536): Attempted to remove non-existing token: android.os.Binder@1e4bfe3c
D/AndroidRuntime(  621): Shutting down VM
D/AndroidRuntime(  650): >>>>>> START com.android.internal.os.RuntimeInit uid 0 <<<<<<
D/AndroidRuntime(  650): CheckJNI is OFF
E/memtrack(  650): Couldn't load memtrack module (No such file or directory)
E/android.os.Debug(  650): failed to load memtrack module: -2
D/AndroidRuntime(  650): Calling main entry com.android.commands.uiautomator.Launcher
W/AccessibilityNodeInfoDumper(  650): Fetch time: 1ms
W/WindowManager(  536): Attempted to remove non-existing token: android.os.Binder@2c39b7c5
D/AndroidRuntime(  650): Shutting down VM
D/AndroidRuntime(  681): >>>>>> START com.android.internal.os.RuntimeInit uid 0 <<<<<<
D/AndroidRuntime(  681): CheckJNI is OFF
E/memtrack(  681): Couldn't load memtrack module (No such file or directory)
E/android.os.Debug(  681): failed to load memtrack module: -2
D/AndroidRuntime(  681): Calling main entry com.android.commands.uiautomator.Launcher
W/AccessibilityNodeInfoDumper(  681): Fetch time: 2ms
W/WindowManager(  536): Attempted to remove non-existing token: android.os.Binder@11ef751a
D/AndroidRuntime(  681): Shutting down VM
D/AndroidRuntime(  714): >>>>>> START com.android.internal.os.RuntimeInit uid 0 <<<<<<
D/AndroidRuntime(  714): CheckJNI is OFF
E/memtrack(  714): Couldn't load memtrack module (No such file or directory)
E/android.os.Debug(  714): failed to load memtrack module: -2
D/AndroidRuntime(  714): Calling main entry com.android.commands.uiautomator.Launcher
W/AccessibilityNodeInfoDumper(  714): Fetch time: 1ms
W/WindowManager(  536): Attempted to remove non-existing token: android.os.Binder@4bef84b
D/AndroidRuntime(  714): Shutting down VM
D/AndroidRuntime(  747): >>>>>> START com.android.internal.os.RuntimeInit uid 0 <<<<<<
D/AndroidRuntime(  747): CheckJNI is OFF
E/memtrack(  747): Couldn't load memtrack module (No such file or directory)
E/android.os.Debug(  747): failed to load memtrack module: -2
D/AndroidRuntime(  747): Calling main entry com.android.commands.uiautomator.Launcher
I/art     (  536): Explicit concurrent mark sweep GC freed 49047(3MB) AllocSpace objects, 37(592KB) LOS objects, 33% free, 9MB/14MB, paused 271us total 15.929ms
W/AccessibilityNodeInfoDumper(  747): Fetch time: 2ms
W/WindowManager(  536): Attempted to remove non-existing token: android.os.Binder@9f8c228
D/AndroidRuntime(  747): Shutting down VM
D/AndroidRuntime(  791): >>>>>> START com.android.internal.os.RuntimeInit uid 0 <<<<<<
D/AndroidRuntime(  791): CheckJNI is OFF
E/memtrack(  791): Couldn't load memtrack module (No such file or directory)
E/android.os.Debug(  791): failed to load memtrack module: -2
D/AndroidRuntime(  791): Calling main entry com.android.commands.uiautomator.Launcher
W/AccessibilityNodeInfoDumper(  791): Fetch time: 2ms
W/WindowManager(  536): Attempted to remove non-existing token: android.os.Binder@3cffc8e6
D/AndroidRuntime(  791): Shutting down VM
D/AndroidRuntime(  824): >>>>>> START com.android.internal.os.RuntimeInit uid 0 <<<<<<
D/AndroidRuntime(  824): CheckJNI is OFF
E/memtrack(  824): Couldn't load memtrack module (No such file or directory)
E/android.os.Debug(  824): failed to load memtrack module: -2
D/AndroidRuntime(  824): Calling main entry com.android.commands.uiautomator.Launcher
W/AccessibilityNodeInfoDumper(  824): Fetch time: 1ms
W/WindowManager(  536): Attempted to remove non-existing token: android.os.Binder@3002ce27
D/AndroidRuntime(  824): Shutting down VM
D/AndroidRuntime(  850): >>>>>> START com.android.internal.os.RuntimeInit uid 0 <<<<<<
D/AndroidRuntime(  850): CheckJNI is OFF
E/memtrack(  850): Couldn't load memtrack module (No such file or directory)
E/android.os.Debug(  850): failed to load memtrack module: -2
D/AndroidRuntime(  850): Calling main entry com.android.commands.uiautomator.Launcher
W/AccessibilityNodeInfoDumper(  850): Fetch time: 2ms
W/WindowManager(  536): Attempted to remove non-existing token: android.os.Binder@252bd8d4
D/AndroidRuntime(  850): Shutting down VM
D/AndroidRuntime(  878): >>>>>> START com.android.internal.os.RuntimeInit uid 0 <<<<<<
D/AndroidRuntime(  878): CheckJNI is OFF
E/memtrack(  878): Couldn't load memtrack module (No such file or directory)
E/android.os.Debug(  878): failed to load memtrack module: -2
D/AndroidRuntime(  878): Calling main entry com.android.commands.uiautomator.Launcher
W/AccessibilityNodeInfoDumper(  878): Fetch time: 2ms
W/WindowManager(  536): Attempted to remove non-existing token: android.os.Binder@37b41a7d
D/AndroidRuntime(  878): Shutting down VM
D/AndroidRuntime(  901): >>>>>> START com.android.internal.os.RuntimeInit uid 0 <<<<<<
D/AndroidRuntime(  901): CheckJNI is OFF
E/memtrack(  901): Couldn't load memtrack module (No such file or directory)
E/android.os.Debug(  901): failed to load memtrack module: -2
D/AndroidRuntime(  901): Calling main entry com.android.commands.uiautomator.Launcher
W/AccessibilityNodeInfoDumper(  901): Fetch time: 2ms
W/WindowManager(  536): Attempted to remove non-existing token: android.os.Binder@116f8d72
D/AndroidRuntime(  901): Shutting down VM
D/AndroidRuntime(  931): >>>>>> START com.android.internal.os.RuntimeInit uid 0 <<<<<<
D/AndroidRuntime(  931): CheckJNI is OFF
E/memtrack(  931): Couldn't load memtrack module (No such file or directory)
E/android.os.Debug(  931): failed to load memtrack module: -2
D/AndroidRuntime(  931): Calling main entry com.android.commands.uiautomator.Launcher
W/AccessibilityNodeInfoDumper(  931): Fetch time: 1ms
W/WindowManager(  536): Attempted to remove non-existing token: android.os.Binder@1c425c3
D/AndroidRuntime(  931): Shutting down VM
D/AndroidRuntime(  956): >>>>>> START com.android.internal.os.RuntimeInit uid 0 <<<<<<
D/AndroidRuntime(  956): CheckJNI is OFF
E/memtrack(  956): Couldn't load memtrack module (No such file or directory)
E/android.os.Debug(  956): failed to load memtrack module: -2
D/AndroidRuntime(  956): Calling main entry com.android.commands.uiautomator.Launcher
W/AccessibilityNodeInfoDumper(  956): Fetch time: 2ms
W/WindowManager(  536): Attempted to remove non-existing token: android.os.Binder@3bd7ae40
D/AndroidRuntime(  956): Shutting down VM
D/AndroidRuntime(  974): >>>>>> START com.android.internal.os.RuntimeInit uid 0 <<<<<<
D/AndroidRuntime(  974): CheckJNI is OFF
E/memtrack(  974): Couldn't load memtrack module (No such file or directory)
E/android.os.Debug(  974): failed to load memtrack module: -2
D/AndroidRuntime(  974): Calling main entry com.android.commands.input.Input
I/Input   (  974): injectMotionEvent: MotionEvent { action=ACTION_DOWN, id[0]=0, x[0]=600.0, y[0]=638.0, toolType[0]=TOOL_TYPE_UNKNOWN, buttonState=0, metaState=0, flags=0x0, edgeFlags=0x0, pointerCount=1, historySize=0, eventTime=18794462, downTime=18794462, deviceId=0, source=0x1002 }
I/Input   (  974): injectMotionEvent: MotionEvent { action=ACTION_UP, id[0]=0, x[0]=600.0, y[0]=638.0, toolType[0]=TOOL_TYPE_UNKNOWN, buttonState=0, metaState=0, flags=0x0, edgeFlags=0x0, pointerCount=1, historySize=0, eventTime=18794462, downTime=18794462, deviceId=0, source=0x1002 }
D/leak-44 (27876): Eastern Standard Time
D/leak-75 (27876): Eastern Standard Time
D/AndroidRuntime(  974): Shutting down VM
I/ActivityManager(  536): START u0 {flg=0x50800000 cmp=com.jvillalba.apod.classic/.activities.ImageActivity (has extras)} from uid 10061 on display 0
W/AudioTrack(  536): AUDIO_OUTPUT_FLAG_FAST denied by client
V/WindowManager(  536): addAppToken: AppWindowToken{2fb95b1f token=Token{22a50ebe ActivityRecord{376ce179 u0 com.jvillalba.apod.classic/.activities.ImageActivity t6}}} to stack=1 task=6 at 2
E/EGL_emulation(  520): tid 520: eglCreateSyncKHR(1215): error 0x3004 (EGL_BAD_ATTRIBUTE)
D/SurfaceFlinger(  520): setOrientation, mFbdev=0xf68603c0, mFbDev->setOrientation=0x0, orientation=1
E/SurfaceFlinger(  520): setOrientation: can't set orientation
I/ActivityManager(  536): Config changes=480 {1.0 310mcc270mnc en_US ldltr sw600dp w960dp h527dp 320dpi lrg land finger -keyb/v/h dpad/v s.8}
V/ActivityManager(  536): Display changed displayId=0
I/LatinIME:LogUtils( 1013): Dictionary info: dictionary = userunigram.en_US ; version = 1564023711 ; date = ?
I/InputReader(  536): Reconfiguring input devices.  changes=0x00000004
I/InputReader(  536): Device reconfigured: id=1, name='Genymotion Virtual Input', size 1200x1920, orientation 1, mode 1, display id 0
D/leak-33 (27876): Eastern Standard Time
I/LatinIME:LogUtils( 1013): Dictionary info: dictionary = main:en ; version = 47 ; date = 1402373178
D/leak-35 (27876): Eastern Standard Time
D/leak-42 (27876): Eastern Standard Time
V/WindowManager(  536): Adding window Window{f511c35 u0 com.jvillalba.apod.classic/com.jvillalba.apod.classic.activities.ImageActivity} at 4 of 10 (after Window{15e053b9 u0 com.jvillalba.apod.classic/com.jvillalba.apod.classic.activities.ViewActivity})
W/ViewRootImpl(27876): Dropping event due to no window focus: KeyEvent { action=ACTION_MULTIPLE, keyCode=KEYCODE_UNKNOWN, scanCode=0, characters="Test", metaState=0, flags=0x0, repeatCount=0, eventTime=18794577, downTime=18794577, deviceId=-1, source=0x101 }
W/EGL_emulation( 2152): eglSurfaceAttrib not implemented
W/OpenGLRenderer( 2152): Failed to set EGL_SWAP_BEHAVIOR on surface 0xeec61e80, error=EGL_SUCCESS
W/EGL_emulation(27876): eglSurfaceAttrib not implemented
W/OpenGLRenderer(27876): Failed to set EGL_SWAP_BEHAVIOR on surface 0xe0fff260, error=EGL_SUCCESS
D/leak-32 (27876): Eastern Standard Time
D/leak-39 (27876): Eastern Standard Time
W/EGL_emulation( 2152): eglSurfaceAttrib not implemented
W/OpenGLRenderer( 2152): Failed to set EGL_SWAP_BEHAVIOR on surface 0xeecc90c0, error=EGL_SUCCESS
I/ActivityManager(  536): Displayed com.jvillalba.apod.classic/.activities.ImageActivity: +271ms
I/WindowManager(  536): Screen frozen for +491ms due to Window{20f1bb57 u0 NavigationBar}
D/leak-29 (27876): Eastern Standard Time
W/EGL_emulation(27876): eglSurfaceAttrib not implemented
W/OpenGLRenderer(27876): Failed to set EGL_SWAP_BEHAVIOR on surface 0xe0fff260, error=EGL_SUCCESS
I/Choreographer(  536): Skipped 33 frames!  The application may be doing too much work on its main thread.
D/OpenGLRenderer(  536): Use EGL_SWAP_BEHAVIOR_PRESERVED: true
D/Atlas   (  536): Validating map...
I/Choreographer(27876): Skipped 50 frames!  The application may be doing too much work on its main thread.
I/Choreographer( 2152): Skipped 31 frames!  The application may be doing too much work on its main thread.
I/OpenGLRenderer(  536): Initialized EGL, version 1.4
D/        (  536): HostConnection::get() New Host Connection established 0xe11c1d60, tid 995
D/OpenGLRenderer(  536): Enabling debug mode 0
W/EGL_emulation(  536): eglSurfaceAttrib not implemented
W/OpenGLRenderer(  536): Failed to set EGL_SWAP_BEHAVIOR on surface 0xdf45af20, error=EGL_SUCCESS
I/art     (  536): Explicit concurrent mark sweep GC freed 39224(2MB) AllocSpace objects, 28(445KB) LOS objects, 33% free, 10MB/15MB, paused 575us total 18.337ms
D/AndroidRuntime( 1402): >>>>>> START com.android.internal.os.RuntimeInit uid 0 <<<<<<
D/AndroidRuntime( 1402): CheckJNI is OFF
E/memtrack( 1402): Couldn't load memtrack module (No such file or directory)
E/android.os.Debug( 1402): failed to load memtrack module: -2
D/AndroidRuntime( 1402): Calling main entry com.android.commands.uiautomator.Launcher
W/AccessibilityNodeInfoDumper( 1402): Fetch time: 1ms
W/WindowManager(  536): Attempted to remove non-existing token: android.os.Binder@5471dd0
D/AndroidRuntime( 1402): Shutting down VM
D/AndroidRuntime( 1435): >>>>>> START com.android.internal.os.RuntimeInit uid 0 <<<<<<
D/AndroidRuntime( 1435): CheckJNI is OFF
E/memtrack( 1435): Couldn't load memtrack module (No such file or directory)
E/android.os.Debug( 1435): failed to load memtrack module: -2
D/AndroidRuntime( 1435): Calling main entry com.android.commands.uiautomator.Launcher
W/AccessibilityNodeInfoDumper( 1435): Fetch time: 1ms
W/WindowManager(  536): Attempted to remove non-existing token: android.os.Binder@39670ce
D/AndroidRuntime( 1435): Shutting down VM
D/AndroidRuntime( 1478): >>>>>> START com.android.internal.os.RuntimeInit uid 0 <<<<<<
D/AndroidRuntime( 1478): CheckJNI is OFF
E/memtrack( 1478): Couldn't load memtrack module (No such file or directory)
E/android.os.Debug( 1478): failed to load memtrack module: -2
D/AndroidRuntime( 1478): Calling main entry com.android.commands.uiautomator.Launcher
W/AccessibilityNodeInfoDumper( 1478): Fetch time: 1ms
W/WindowManager(  536): Attempted to remove non-existing token: android.os.Binder@2ac0fbef
D/AndroidRuntime( 1478): Shutting down VM
D/AndroidRuntime( 1513): >>>>>> START com.android.internal.os.RuntimeInit uid 0 <<<<<<
D/AndroidRuntime( 1513): CheckJNI is OFF
E/memtrack( 1513): Couldn't load memtrack module (No such file or directory)
E/android.os.Debug( 1513): failed to load memtrack module: -2
D/AndroidRuntime( 1513): Calling main entry com.android.commands.uiautomator.Launcher
W/AccessibilityNodeInfoDumper( 1513): Fetch time: 2ms
W/WindowManager(  536): Attempted to remove non-existing token: android.os.Binder@ac846fc
D/AndroidRuntime( 1513): Shutting down VM
D/AndroidRuntime( 1560): >>>>>> START com.android.internal.os.RuntimeInit uid 0 <<<<<<
D/AndroidRuntime( 1560): CheckJNI is OFF
E/memtrack( 1560): Couldn't load memtrack module (No such file or directory)
E/android.os.Debug( 1560): failed to load memtrack module: -2
D/AndroidRuntime( 1560): Calling main entry com.android.commands.uiautomator.Launcher
W/AccessibilityNodeInfoDumper( 1560): Fetch time: 2ms
W/WindowManager(  536): Attempted to remove non-existing token: android.os.Binder@3fcf3185
D/AndroidRuntime( 1560): Shutting down VM
D/AndroidRuntime( 1592): >>>>>> START com.android.internal.os.RuntimeInit uid 0 <<<<<<
D/AndroidRuntime( 1592): CheckJNI is OFF
E/memtrack( 1592): Couldn't load memtrack module (No such file or directory)
E/android.os.Debug( 1592): failed to load memtrack module: -2
D/AndroidRuntime( 1592): Calling main entry com.android.commands.uiautomator.Launcher
W/AccessibilityNodeInfoDumper( 1592): Fetch time: 1ms
W/WindowManager(  536): Attempted to remove non-existing token: android.os.Binder@1e2ccbda
D/AndroidRuntime( 1592): Shutting down VM
D/AndroidRuntime( 1617): >>>>>> START com.android.internal.os.RuntimeInit uid 0 <<<<<<
D/AndroidRuntime( 1617): CheckJNI is OFF
E/memtrack( 1617): Couldn't load memtrack module (No such file or directory)
E/android.os.Debug( 1617): failed to load memtrack module: -2
D/AndroidRuntime( 1617): Calling main entry com.android.commands.uiautomator.Launcher
W/AccessibilityNodeInfoDumper( 1617): Fetch time: 2ms
W/WindowManager(  536): Attempted to remove non-existing token: android.os.Binder@3cb680b
D/AndroidRuntime( 1617): Shutting down VM
D/AndroidRuntime( 1646): >>>>>> START com.android.internal.os.RuntimeInit uid 0 <<<<<<
D/AndroidRuntime( 1646): CheckJNI is OFF
E/memtrack( 1646): Couldn't load memtrack module (No such file or directory)
E/android.os.Debug( 1646): failed to load memtrack module: -2
D/AndroidRuntime( 1646): Calling main entry com.android.commands.uiautomator.Launcher
I/art     (  536): Explicit concurrent mark sweep GC freed 52234(3MB) AllocSpace objects, 34(544KB) LOS objects, 33% free, 10MB/15MB, paused 729us total 15.110ms
W/AccessibilityNodeInfoDumper( 1646): Fetch time: 2ms
W/WindowManager(  536): Attempted to remove non-existing token: android.os.Binder@1ad0d6e8
D/AndroidRuntime( 1646): Shutting down VM
D/AndroidRuntime( 1672): >>>>>> START com.android.internal.os.RuntimeInit uid 0 <<<<<<
D/AndroidRuntime( 1672): CheckJNI is OFF
E/memtrack( 1672): Couldn't load memtrack module (No such file or directory)
E/android.os.Debug( 1672): failed to load memtrack module: -2
D/AndroidRuntime( 1672): Calling main entry com.android.commands.uiautomator.Launcher
W/AccessibilityNodeInfoDumper( 1672): Fetch time: 2ms
W/WindowManager(  536): Attempted to remove non-existing token: android.os.Binder@39bcba6
D/AndroidRuntime( 1672): Shutting down VM
D/AndroidRuntime( 1714): >>>>>> START com.android.internal.os.RuntimeInit uid 0 <<<<<<
D/AndroidRuntime( 1714): CheckJNI is OFF
E/memtrack( 1714): Couldn't load memtrack module (No such file or directory)
E/android.os.Debug( 1714): failed to load memtrack module: -2
D/AndroidRuntime( 1714): Calling main entry com.android.commands.uiautomator.Launcher
W/AccessibilityNodeInfoDumper( 1714): Fetch time: 1ms
W/WindowManager(  536): Attempted to remove non-existing token: android.os.Binder@29c679e7
D/AndroidRuntime( 1714): Shutting down VM
D/AndroidRuntime( 1757): >>>>>> START com.android.internal.os.RuntimeInit uid 0 <<<<<<
D/AndroidRuntime( 1757): CheckJNI is OFF
E/memtrack( 1757): Couldn't load memtrack module (No such file or directory)
E/android.os.Debug( 1757): failed to load memtrack module: -2
D/AndroidRuntime( 1757): Calling main entry com.android.commands.uiautomator.Launcher
W/AccessibilityNodeInfoDumper( 1757): Fetch time: 1ms
W/WindowManager(  536): Attempted to remove non-existing token: android.os.Binder@32507994
D/AndroidRuntime( 1757): Shutting down VM
D/AndroidRuntime( 1789): >>>>>> START com.android.internal.os.RuntimeInit uid 0 <<<<<<
D/AndroidRuntime( 1789): CheckJNI is OFF
E/memtrack( 1789): Couldn't load memtrack module (No such file or directory)
E/android.os.Debug( 1789): failed to load memtrack module: -2
D/AndroidRuntime( 1789): Calling main entry com.android.commands.uiautomator.Launcher
W/AccessibilityNodeInfoDumper( 1789): Fetch time: 1ms
W/WindowManager(  536): Attempted to remove non-existing token: android.os.Binder@dc70c3d
D/AndroidRuntime( 1789): Shutting down VM
D/AndroidRuntime( 1816): >>>>>> START com.android.internal.os.RuntimeInit uid 0 <<<<<<
D/AndroidRuntime( 1816): CheckJNI is OFF
E/memtrack( 1816): Couldn't load memtrack module (No such file or directory)
E/android.os.Debug( 1816): failed to load memtrack module: -2
D/AndroidRuntime( 1816): Calling main entry com.android.commands.uiautomator.Launcher
W/AccessibilityNodeInfoDumper( 1816): Fetch time: 1ms
W/WindowManager(  536): Attempted to remove non-existing token: android.os.Binder@37a8fc32
D/AndroidRuntime( 1816): Shutting down VM
D/AndroidRuntime( 1834): >>>>>> START com.android.internal.os.RuntimeInit uid 0 <<<<<<
D/AndroidRuntime( 1834): CheckJNI is OFF
E/memtrack( 1834): Couldn't load memtrack module (No such file or directory)
E/android.os.Debug( 1834): failed to load memtrack module: -2
D/AndroidRuntime( 1834): Calling main entry com.android.commands.input.Input
I/Input   ( 1834): injectMotionEvent: MotionEvent { action=ACTION_DOWN, id[0]=0, x[0]=960.0, y[0]=552.0, toolType[0]=TOOL_TYPE_UNKNOWN, buttonState=0, metaState=0, flags=0x0, edgeFlags=0x0, pointerCount=1, historySize=0, eventTime=18821937, downTime=18821937, deviceId=0, source=0x1002 }
I/Input   ( 1834): injectMotionEvent: MotionEvent { action=ACTION_UP, id[0]=0, x[0]=960.0, y[0]=552.0, toolType[0]=TOOL_TYPE_UNKNOWN, buttonState=0, metaState=0, flags=0x0, edgeFlags=0x0, pointerCount=1, historySize=0, eventTime=18821937, downTime=18821937, deviceId=0, source=0x1002 }
D/AndroidRuntime( 1834): Shutting down VM
D/AndroidRuntime( 2210): >>>>>> START com.android.internal.os.RuntimeInit uid 0 <<<<<<
D/AndroidRuntime( 2210): CheckJNI is OFF
E/memtrack( 2210): Couldn't load memtrack module (No such file or directory)
E/android.os.Debug( 2210): failed to load memtrack module: -2
D/AndroidRuntime( 2210): Calling main entry com.android.commands.uiautomator.Launcher
W/AccessibilityNodeInfoDumper( 2210): Fetch time: 1ms
W/WindowManager(  536): Attempted to remove non-existing token: android.os.Binder@3076cd83
D/AndroidRuntime( 2210): Shutting down VM
D/AndroidRuntime( 2253): >>>>>> START com.android.internal.os.RuntimeInit uid 0 <<<<<<
D/AndroidRuntime( 2253): CheckJNI is OFF
E/memtrack( 2253): Couldn't load memtrack module (No such file or directory)
E/android.os.Debug( 2253): failed to load memtrack module: -2
D/AndroidRuntime( 2253): Calling main entry com.android.commands.uiautomator.Launcher
W/AccessibilityNodeInfoDumper( 2253): Fetch time: 2ms
W/WindowManager(  536): Attempted to remove non-existing token: android.os.Binder@b859b00
D/AndroidRuntime( 2253): Shutting down VM
D/AndroidRuntime( 2276): >>>>>> START com.android.internal.os.RuntimeInit uid 0 <<<<<<
D/AndroidRuntime( 2276): CheckJNI is OFF
E/memtrack( 2276): Couldn't load memtrack module (No such file or directory)
E/android.os.Debug( 2276): failed to load memtrack module: -2
D/AndroidRuntime( 2276): Calling main entry com.android.commands.uiautomator.Launcher
I/art     (  536): Explicit concurrent mark sweep GC freed 42472(2MB) AllocSpace objects, 29(464KB) LOS objects, 33% free, 10MB/15MB, paused 695us total 16.954ms
W/AccessibilityNodeInfoDumper( 2276): Fetch time: 1ms
W/WindowManager(  536): Attempted to remove non-existing token: android.os.Binder@3f1d2f39
D/AndroidRuntime( 2276): Shutting down VM
D/AndroidRuntime( 2317): >>>>>> START com.android.internal.os.RuntimeInit uid 0 <<<<<<
D/AndroidRuntime( 2317): CheckJNI is OFF
E/memtrack( 2317): Couldn't load memtrack module (No such file or directory)
E/android.os.Debug( 2317): failed to load memtrack module: -2
D/AndroidRuntime( 2317): Calling main entry com.android.commands.uiautomator.Launcher
W/AccessibilityNodeInfoDumper( 2317): Fetch time: 1ms
W/WindowManager(  536): Attempted to remove non-existing token: android.os.Binder@194ebedf
D/AndroidRuntime( 2317): Shutting down VM
D/AndroidRuntime( 2350): >>>>>> START com.android.internal.os.RuntimeInit uid 0 <<<<<<
D/AndroidRuntime( 2350): CheckJNI is OFF
E/memtrack( 2350): Couldn't load memtrack module (No such file or directory)
E/android.os.Debug( 2350): failed to load memtrack module: -2
D/AndroidRuntime( 2350): Calling main entry com.android.commands.uiautomator.Launcher
W/AccessibilityNodeInfoDumper( 2350): Fetch time: 1ms
W/WindowManager(  536): Attempted to remove non-existing token: android.os.Binder@429672c
D/AndroidRuntime( 2350): Shutting down VM
D/AndroidRuntime( 2382): >>>>>> START com.android.internal.os.RuntimeInit uid 0 <<<<<<
D/AndroidRuntime( 2382): CheckJNI is OFF
E/memtrack( 2382): Couldn't load memtrack module (No such file or directory)
E/android.os.Debug( 2382): failed to load memtrack module: -2
D/AndroidRuntime( 2382): Calling main entry com.android.commands.uiautomator.Launcher
W/AccessibilityNodeInfoDumper( 2382): Fetch time: 1ms
W/WindowManager(  536): Attempted to remove non-existing token: android.os.Binder@1b1885f5
D/AndroidRuntime( 2382): Shutting down VM
D/AndroidRuntime( 2406): >>>>>> START com.android.internal.os.RuntimeInit uid 0 <<<<<<
D/AndroidRuntime( 2406): CheckJNI is OFF
E/memtrack( 2406): Couldn't load memtrack module (No such file or directory)
E/android.os.Debug( 2406): failed to load memtrack module: -2
D/AndroidRuntime( 2406): Calling main entry com.android.commands.uiautomator.Launcher
W/AccessibilityNodeInfoDumper( 2406): Fetch time: 1ms
W/WindowManager(  536): Attempted to remove non-existing token: android.os.Binder@12bfdf8a
D/AndroidRuntime( 2406): Shutting down VM
D/AndroidRuntime( 2434): >>>>>> START com.android.internal.os.RuntimeInit uid 0 <<<<<<
D/AndroidRuntime( 2434): CheckJNI is OFF
E/memtrack( 2434): Couldn't load memtrack module (No such file or directory)
E/android.os.Debug( 2434): failed to load memtrack module: -2
D/AndroidRuntime( 2434): Calling main entry com.android.commands.uiautomator.Launcher
W/AccessibilityNodeInfoDumper( 2434): Fetch time: 3ms
W/WindowManager(  536): Attempted to remove non-existing token: android.os.Binder@208a69fb
D/AndroidRuntime( 2434): Shutting down VM
D/AndroidRuntime( 2457): >>>>>> START com.android.internal.os.RuntimeInit uid 0 <<<<<<
D/AndroidRuntime( 2457): CheckJNI is OFF
E/memtrack( 2457): Couldn't load memtrack module (No such file or directory)
E/android.os.Debug( 2457): failed to load memtrack module: -2
D/AndroidRuntime( 2457): Calling main entry com.android.commands.uiautomator.Launcher
W/AccessibilityNodeInfoDumper( 2457): Fetch time: 2ms
W/WindowManager(  536): Attempted to remove non-existing token: android.os.Binder@3a5bca18
D/AndroidRuntime( 2457): Shutting down VM
D/AndroidRuntime( 2485): >>>>>> START com.android.internal.os.RuntimeInit uid 0 <<<<<<
D/AndroidRuntime( 2485): CheckJNI is OFF
E/memtrack( 2485): Couldn't load memtrack module (No such file or directory)
E/android.os.Debug( 2485): failed to load memtrack module: -2
D/AndroidRuntime( 2485): Calling main entry com.android.commands.uiautomator.Launcher
W/AccessibilityNodeInfoDumper( 2485): Fetch time: 1ms
W/WindowManager(  536): Attempted to remove non-existing token: android.os.Binder@37388c71
D/AndroidRuntime( 2485): Shutting down VM
D/AndroidRuntime( 2508): >>>>>> START com.android.internal.os.RuntimeInit uid 0 <<<<<<
D/AndroidRuntime( 2508): CheckJNI is OFF
E/memtrack( 2508): Couldn't load memtrack module (No such file or directory)
E/android.os.Debug( 2508): failed to load memtrack module: -2
D/AndroidRuntime( 2508): Calling main entry com.android.commands.uiautomator.Launcher
I/art     (  536): Explicit concurrent mark sweep GC freed 49858(3MB) AllocSpace objects, 34(544KB) LOS objects, 33% free, 10MB/15MB, paused 271us total 16.216ms
W/AccessibilityNodeInfoDumper( 2508): Fetch time: 1ms
W/WindowManager(  536): Attempted to remove non-existing token: android.os.Binder@e446a56
D/AndroidRuntime( 2508): Shutting down VM
D/AndroidRuntime( 2536): >>>>>> START com.android.internal.os.RuntimeInit uid 0 <<<<<<
