07-25 16:56:52.178  3463  3463 I Input   : injectMotionEvent: MotionEvent { action=ACTION_UP, actionButton=0, id[0]=0, x[0]=600.0, y[0]=1347.0, toolType[0]=TOOL_TYPE_UNKNOWN, buttonState=0, metaState=0, flags=0x0, edgeFlags=0x0, pointerCount=1, historySize=0, eventTime=167176, downTime=167176, deviceId=0, source=0x1002 }
07-25 16:56:52.179   618   746 I ActivityManager: START u0 {act=android.intent.action.VIEW dat=http://tango.freedesktop.org/... cmp=com.android.browser/.BrowserActivity (has extras)} from uid 10060 on display 0
07-25 16:56:52.182   337   369 D PermissionCache: checking android.permission.READ_FRAME_BUFFER for uid=1000 => granted (39 us)
07-25 16:56:52.186   618   746 D         : HostConnection::get() New Host Connection established 0xdb6a1d60, tid 746
07-25 16:56:52.202   337   337 E EGL_emulation: tid 337: eglCreateSyncKHR(1215): error 0x3004 (EGL_BAD_ATTRIBUTE)
07-25 16:56:52.248  3463  3463 D AndroidRuntime: Shutting down VM
07-25 16:56:52.251  1874  1874 D leak-43 : Eastern Standard Time
07-25 16:56:52.251  1874  1874 D leak-44 : Eastern Standard Time
07-25 16:56:52.281   618  1071 I ActivityManager: Start proc 3473:com.android.browser/u0a22 for activity com.android.browser/.BrowserActivity
07-25 16:56:52.300  3473  3473 E libprocessgroup: failed to make and chown /acct/uid_10022: Read-only file system
07-25 16:56:52.300  3473  3473 W Zygote  : createProcessGroup failed, kernel missing CONFIG_CGROUP_CPUACCT?
07-25 16:56:52.377  3473  3473 W System  : ClassLoader referenced unknown path: /system/app/Browser/lib/x86
07-25 16:56:52.414   618   997 D VoldConnector: SND -> {29 volume mkdirs /storage/emulated/0/Android/data/com.android.browser/files/}
07-25 16:56:52.421   618   677 D VoldConnector: RCV <- {200 29 Command succeeded}
07-25 16:56:52.434  3473  3488 E ActivityThread: Failed to find provider info for com.google.settings
07-25 16:56:52.436  3473  3488 E ActivityThread: Failed to find provider info for com.google.settings
07-25 16:56:52.442  3473  3473 V WebViewFactory: webViewPackageName: com.android.webview
07-25 16:56:52.442  3473  3473 I WebViewFactory: Loading com.android.webview version 44.0.2403.119 (code 246011910)
07-25 16:56:52.465  3473  3473 W System  : ClassLoader referenced unknown path: /system/app/webview/lib/x86
07-25 16:56:52.478  3473  3473 I LibraryLoader: Time to load native libraries: 12 ms (timestamps 7466-7478)
07-25 16:56:52.478  3473  3473 I LibraryLoader: Expected native library version number "",actual native library version number ""
07-25 16:56:52.504  3473  3473 V WebViewChromiumFactoryProvider: Binding Chromium to main looper Looper (main, tid 1) {105a32f}
07-25 16:56:52.504  3473  3473 I LibraryLoader: Expected native library version number "",actual native library version number ""
07-25 16:56:52.505  3473  3473 I chromium: [INFO:library_loader_hooks.cc(120)] Chromium logging enabled: level = 0, default verbosity = 0
07-25 16:56:52.507  3473  3473 I BrowserStartupController: Initializing chromium process, singleProcess=true
07-25 16:56:52.508  3473  3473 E SysUtils: ApplicationContext is null in ApplicationStatus
07-25 16:56:52.540  3473  3473 W chromium: [WARNING:resource_bundle.cc(285)] locale_file_path.empty()
07-25 16:56:52.545  3473  3473 D libEGL  : loaded /system/lib/egl/libEGL_emulation.so
07-25 16:56:52.547  3473  3473 D libEGL  : loaded /system/lib/egl/libGLESv1_CM_emulation.so
07-25 16:56:52.552  3473  3473 D libEGL  : loaded /system/lib/egl/libGLESv2_emulation.so
07-25 16:56:52.557  3473  3473 E libEGL  : validate_display:255 error 3008 (EGL_BAD_DISPLAY)
07-25 16:56:52.557  3473  3473 E libEGL  : validate_display:255 error 3008 (EGL_BAD_DISPLAY)
07-25 16:56:52.557  3473  3473 D         : HostConnection::get() New Host Connection established 0xe9b5fa80, tid 3473
07-25 16:56:52.597  3473  3473 E eglCodecCommon: glUtilsParamSize: unknow param 0x00008d57
07-25 16:56:52.648  3473  3506 W AudioManagerAndroid: Requires BLUETOOTH permission
07-25 16:56:52.650  3473  3473 E DataReductionProxySettingListener: No DRP key due to exception:java.lang.ClassNotFoundException: com.android.webview.chromium.Drp
07-25 16:56:52.722  1874  1909 E Surface : getSlotFromBufferLocked: unknown buffer: 0xdf2c7a80
07-25 16:56:52.738  1874  1909 E Surface : getSlotFromBufferLocked: unknown buffer: 0xdf2c7a10
07-25 16:56:52.750   618  1071 I AccountManagerService: getTypesVisibleToCaller: isPermitted? false
07-25 16:56:52.791  3473  3488 E ActivityThread: Failed to find provider info for com.google.settings
07-25 16:56:52.792  3473  3488 E ActivityThread: Failed to find provider info for com.google.settings
07-25 16:56:52.805  3473  3488 E ActivityThread: Failed to find provider info for com.google.settings
07-25 16:56:52.810  3473  3488 E ActivityThread: Failed to find provider info for com.google.settings
07-25 16:56:52.814  3473  3488 E ActivityThread: Failed to find provider info for com.google.settings
07-25 16:56:52.824  3473  3488 E ActivityThread: Failed to find provider info for com.google.settings
07-25 16:56:52.826  3473  3488 E ActivityThread: Failed to find provider info for com.google.settings
07-25 16:56:52.829  3473  3488 E ActivityThread: Failed to find provider info for com.google.settings
07-25 16:56:52.834  3473  3488 E ActivityThread: Failed to find provider info for com.google.settings
07-25 16:56:52.846  3473  3488 E ActivityThread: Failed to find provider info for com.google.settings
07-25 16:56:52.851  3473  3488 E ActivityThread: Failed to find provider info for com.google.settings
07-25 16:56:52.859  3473  3488 E ActivityThread: Failed to find provider info for com.google.settings
07-25 16:56:52.864  3473  3473 W AwContents: onDetachedFromWindow called when already detached. Ignoring
07-25 16:56:52.865  3473  3488 E ActivityThread: Failed to find provider info for com.google.settings
07-25 16:56:52.881  3473  3488 E ActivityThread: Failed to find provider info for com.google.settings
07-25 16:56:52.894   618   630 I AccountManagerService: getTypesVisibleToCaller: isPermitted? false
07-25 16:56:52.909  3473  3488 E SQLiteLog: (1) no such table: _sync_state_metadata
07-25 16:56:52.910  3473  3473 D WebViewTimersControl: onBrowserActivityResume
07-25 16:56:52.910  3473  3473 D WebViewTimersControl: Resuming webview timers, view=com.android.browser.BrowserWebView{d72c1ea VFEDHVCL. .F....I. 0,0-0,0}
07-25 16:56:53.040  3473  3473 V NFC     : this device does not have NFC support
07-25 16:56:53.067  3473  3518 D OpenGLRenderer: Use EGL_SWAP_BEHAVIOR_PRESERVED: true
07-25 16:56:53.137  3473  3504 W chromium: [WARNING:data_reduction_proxy_config.cc(423)] SPDY proxy OFF at startup
07-25 16:56:53.319  3473  3518 I OpenGLRenderer: Initialized EGL, version 1.4
07-25 16:56:53.319  3473  3518 D         : HostConnection::get() New Host Connection established 0xdea59710, tid 3518
07-25 16:56:53.425  3473  3518 W EGL_emulation: eglSurfaceAttrib not implemented
07-25 16:56:53.425  3473  3518 W OpenGLRenderer: Failed to set EGL_SWAP_BEHAVIOR on surface 0xde235440, error=EGL_SUCCESS
07-25 16:56:53.795   618   640 I ActivityManager: Displayed com.android.browser/.BrowserActivity: +1s525ms
07-25 16:56:53.956  3473  3528 D         : HostConnection::get() New Host Connection established 0xddbe9260, tid 3528
07-25 16:56:54.829  3473  3483 I art     : Background sticky concurrent mark sweep GC freed 20(496B) AllocSpace objects, 0(0B) LOS objects, 0% free, 32MB/32MB, paused 5.637ms total 26.789ms
07-25 16:56:54.967  1874  1874 D leak-46 : Eastern Standard Time
07-25 16:56:54.967  1874  1874 D leak-144: Eastern Standard Time
07-25 16:56:54.967  1874  1874 D leak-45 : Eastern Standard Time
07-25 16:56:55.710  3473  3473 W BindingManager: Cannot call determinedVisibility() - never saw a connection for the pid: 3473
07-25 16:56:58.843  3862  3862 D AndroidRuntime: >>>>>> START com.android.internal.os.RuntimeInit uid 0 <<<<<<
07-25 16:56:58.845  3862  3862 D AndroidRuntime: CheckJNI is OFF
07-25 16:56:58.855  3862  3862 D ICU     : No timezone override file found: /data/misc/zoneinfo/current/icu/icu_tzdata.dat
07-25 16:56:58.867  3862  3862 E memtrack: Couldn't load memtrack module (No such file or directory)
07-25 16:56:58.867  3862  3862 E android.os.Debug: failed to load memtrack module: -2
07-25 16:56:58.868  3862  3862 I Radio-JNI: register_android_hardware_Radio DONE
07-25 16:56:58.875  3862  3862 D AndroidRuntime: Calling main entry com.android.commands.monkey.Monkey
07-25 16:56:58.885   618   633 W BroadcastQueue: Skipping deliver [background] BroadcastRecord{8342381 u-1 android.net.conn.CONNECTIVITY_CHANGE} to ReceiverList{7ca9c26 3862 (unknown name)/0/u-1 remote:f79c68b}: process crashing
07-25 16:56:58.890   618   630 I ActivityManager: START u0 {act=android.intent.action.MAIN cat=[android.intent.category.LAUNCHER] flg=0x10200000 cmp=com.markuspage.android.atimetracker/.Activities} from uid 0 on display 0
07-25 16:56:58.898   618   630 D         : HostConnection::get() New Host Connection established 0xdb6a1770, tid 630
07-25 16:56:58.929   337   337 E EGL_emulation: tid 337: eglCreateSyncKHR(1215): error 0x3004 (EGL_BAD_ATTRIBUTE)
07-25 16:56:59.095   618   634 D Sensors : batch handle 1, but there is no batch sensor in genymotion
07-25 16:56:59.099  3862  3862 I art     : System.exit called, status: 0
07-25 16:56:59.099  3862  3862 I AndroidRuntime: VM exiting with result code 0.
07-25 16:56:59.113   618  1741 D NetlinkSocketObserver: NeighborEvent{elapsedMs=174113, 10.0.3.2, [525400123502], RTM_NEWNEIGH, NUD_REACHABLE}
07-25 16:56:59.134  1874  1909 W EGL_emulation: eglSurfaceAttrib not implemented
07-25 16:56:59.134  1874  1909 W OpenGLRenderer: Failed to set EGL_SWAP_BEHAVIOR on surface 0xe8efea80, error=EGL_SUCCESS
07-25 16:56:59.171  1874  1874 D leak-48 : Eastern Standard Time
07-25 16:56:59.171  1874  1874 D leak-71 : Eastern Standard Time
07-25 16:56:59.171  1874  1874 D leak-146: Eastern Standard Time
07-25 16:56:59.171  1874  1874 D leak-147: Eastern Standard Time
07-25 16:56:59.171  1874  1874 D leak-148: Eastern Standard Time
07-25 16:56:59.171  1874  1874 D leak-149: Eastern Standard Time
07-25 16:56:59.171  1874  1874 D leak-150: Eastern Standard Time
07-25 16:56:59.171  1874  1874 D leak-150: Eastern Standard Time
07-25 16:56:59.171  1874  1874 D leak-150: Eastern Standard Time
07-25 16:56:59.171  1874  1874 D leak-149: Eastern Standard Time
07-25 16:56:59.171  1874  1874 D leak-150: Eastern Standard Time
07-25 16:56:59.171  1874  1874 D leak-150: Eastern Standard Time
07-25 16:56:59.171  1874  1874 D leak-150: Eastern Standard Time
07-25 16:56:59.171  1874  1874 D leak-149: Eastern Standard Time
07-25 16:56:59.171  1874  1874 D leak-150: Eastern Standard Time
07-25 16:56:59.171  1874  1874 D leak-150: Eastern Standard Time
07-25 16:56:59.171  1874  1874 D leak-150: Eastern Standard Time
07-25 16:56:59.171  1874  1874 D leak-149: Eastern Standard Time
07-25 16:56:59.171  1874  1874 D leak-150: Eastern Standard Time
07-25 16:56:59.171  1874  1874 D leak-150: Eastern Standard Time
07-25 16:56:59.171  1874  1874 D leak-150: Eastern Standard Time
07-25 16:56:59.172  1874  1874 D leak-151: Eastern Standard Time
07-25 16:56:59.173  1874  1874 D leak-159: Eastern Standard Time
07-25 16:56:59.173  1874  1874 D leak-168: Eastern Standard Time
07-25 16:56:59.173  1874  1874 D leak-168: Eastern Standard Time
07-25 16:56:59.173  1874  1874 D leak-72 : Eastern Standard Time
07-25 16:56:59.173  1874  1874 D leak-137: Eastern Standard Time
07-25 16:56:59.173  1874  1874 D leak-138: Eastern Standard Time
07-25 16:56:59.173  1874  1874 D leak-141: Eastern Standard Time
07-25 16:56:59.196  1874  1874 D leak-168: Eastern Standard Time
07-25 16:56:59.222  1874  1909 W EGL_emulation: eglSurfaceAttrib not implemented
07-25 16:56:59.222  1874  1909 W OpenGLRenderer: Failed to set EGL_SWAP_BEHAVIOR on surface 0xde97f880, error=EGL_SUCCESS
07-25 16:56:59.371  3473  3473 D WebViewTimersControl: onBrowserActivityPause
07-25 16:56:59.371  3473  3473 D WebViewTimersControl: Pausing webview timers, view=com.android.browser.BrowserWebView{d72c1ea VFEDHVCL. .F...... 0,0-1200,1568}
07-25 16:56:59.372  3473  3473 D WebViewTimersControl: onBrowserActivityPause
07-25 16:56:59.372  3473  3473 D WebViewTimersControl: Pausing webview timers, view=com.android.browser.BrowserWebView{d72c1ea VFEDHVCL. .F...... 0,0-1200,1568}
07-25 16:56:59.499  3473  3518 E Surface : getSlotFromBufferLocked: unknown buffer: 0xdf113e20
07-25 16:57:05.276  3879  3879 D AndroidRuntime: >>>>>> START com.android.internal.os.RuntimeInit uid 0 <<<<<<
07-25 16:57:05.277  3879  3879 D AndroidRuntime: CheckJNI is OFF
07-25 16:57:05.287  3879  3879 D ICU     : No timezone override file found: /data/misc/zoneinfo/current/icu/icu_tzdata.dat
07-25 16:57:05.301  3879  3879 E memtrack: Couldn't load memtrack module (No such file or directory)
07-25 16:57:05.301  3879  3879 E android.os.Debug: failed to load memtrack module: -2
07-25 16:57:05.302  3879  3879 I Radio-JNI: register_android_hardware_Radio DONE
07-25 16:57:05.309  3879  3879 D AndroidRuntime: Calling main entry com.android.commands.uiautomator.Launcher
07-25 16:57:06.328  3879  3879 W AccessibilityNodeInfoDumper: Fetch time: 2ms
07-25 16:57:06.328   618  1278 W WindowManager: Attempted to remove non-existing token: android.os.Binder@ae6d55f
07-25 16:57:06.337  3879  3879 D AndroidRuntime: Shutting down VM
07-25 16:57:07.372  3902  3902 D AndroidRuntime: >>>>>> START com.android.internal.os.RuntimeInit uid 0 <<<<<<
07-25 16:57:07.374  3902  3902 D AndroidRuntime: CheckJNI is OFF
07-25 16:57:07.383  3902  3902 D ICU     : No timezone override file found: /data/misc/zoneinfo/current/icu/icu_tzdata.dat
07-25 16:57:07.398  3902  3902 E memtrack: Couldn't load memtrack module (No such file or directory)
07-25 16:57:07.398  3902  3902 E android.os.Debug: failed to load memtrack module: -2
07-25 16:57:07.398  3902  3902 I Radio-JNI: register_android_hardware_Radio DONE
07-25 16:57:07.405  3902  3902 D AndroidRuntime: Calling main entry com.android.commands.uiautomator.Launcher
07-25 16:57:08.423  3902  3902 W AccessibilityNodeInfoDumper: Fetch time: 2ms
07-25 16:57:08.423   618   751 W WindowManager: Attempted to remove non-existing token: android.os.Binder@d02c075
07-25 16:57:08.430  3902  3902 D AndroidRuntime: Shutting down VM
07-25 16:57:08.864  3920  3920 D AndroidRuntime: >>>>>> START com.android.internal.os.RuntimeInit uid 0 <<<<<<
07-25 16:57:08.865  3920  3920 D AndroidRuntime: CheckJNI is OFF
07-25 16:57:08.874  3920  3920 D ICU     : No timezone override file found: /data/misc/zoneinfo/current/icu/icu_tzdata.dat
07-25 16:57:08.886  3920  3920 E memtrack: Couldn't load memtrack module (No such file or directory)
07-25 16:57:08.886  3920  3920 E android.os.Debug: failed to load memtrack module: -2
07-25 16:57:08.887  3920  3920 I Radio-JNI: register_android_hardware_Radio DONE
07-25 16:57:08.893  3920  3920 D AndroidRuntime: Calling main entry com.android.commands.uiautomator.Launcher
07-25 16:57:09.906  3920  3920 W AccessibilityNodeInfoDumper: Fetch time: 2ms
07-25 16:57:09.906   618   756 W WindowManager: Attempted to remove non-existing token: android.os.Binder@4dc80a
07-25 16:57:09.915  3920  3920 D AndroidRuntime: Shutting down VM
07-25 16:57:10.912  3943  3943 D AndroidRuntime: >>>>>> START com.android.internal.os.RuntimeInit uid 0 <<<<<<
07-25 16:57:10.913  3943  3943 D AndroidRuntime: CheckJNI is OFF
07-25 16:57:10.922  3943  3943 D ICU     : No timezone override file found: /data/misc/zoneinfo/current/icu/icu_tzdata.dat
07-25 16:57:10.935  3943  3943 E memtrack: Couldn't load memtrack module (No such file or directory)
07-25 16:57:10.935  3943  3943 E android.os.Debug: failed to load memtrack module: -2
07-25 16:57:10.936  3943  3943 I Radio-JNI: register_android_hardware_Radio DONE
07-25 16:57:10.942  3943  3943 D AndroidRuntime: Calling main entry com.android.commands.uiautomator.Launcher
07-25 16:57:11.959  3943  3943 W AccessibilityNodeInfoDumper: Fetch time: 1ms
07-25 16:57:11.960   618   756 W WindowManager: Attempted to remove non-existing token: android.os.Binder@5cd687b
07-25 16:57:11.968  3943  3943 D AndroidRuntime: Shutting down VM
07-25 16:57:13.013  3971  3971 D AndroidRuntime: >>>>>> START com.android.internal.os.RuntimeInit uid 0 <<<<<<
07-25 16:57:13.014  3971  3971 D AndroidRuntime: CheckJNI is OFF
07-25 16:57:13.023  3971  3971 D ICU     : No timezone override file found: /data/misc/zoneinfo/current/icu/icu_tzdata.dat
07-25 16:57:13.036  3971  3971 E memtrack: Couldn't load memtrack module (No such file or directory)
07-25 16:57:13.036  3971  3971 E android.os.Debug: failed to load memtrack module: -2
07-25 16:57:13.036  3971  3971 I Radio-JNI: register_android_hardware_Radio DONE
07-25 16:57:13.043  3971  3971 D AndroidRuntime: Calling main entry com.android.commands.uiautomator.Launcher
07-25 16:57:13.427   618  1741 D NetlinkSocketObserver: NeighborEvent{elapsedMs=188427, 10.0.3.2, [525400123502], RTM_NEWNEIGH, NUD_STALE}
07-25 16:57:14.058  3971  3971 W AccessibilityNodeInfoDumper: Fetch time: 3ms
07-25 16:57:14.058   618   751 W WindowManager: Attempted to remove non-existing token: android.os.Binder@86d2698
07-25 16:57:14.066  3971  3971 D AndroidRuntime: Shutting down VM
07-25 16:57:15.083  3997  3997 D AndroidRuntime: >>>>>> START com.android.internal.os.RuntimeInit uid 0 <<<<<<
07-25 16:57:15.084  3997  3997 D AndroidRuntime: CheckJNI is OFF
07-25 16:57:15.092  3997  3997 D ICU     : No timezone override file found: /data/misc/zoneinfo/current/icu/icu_tzdata.dat
07-25 16:57:15.105  3997  3997 E memtrack: Couldn't load memtrack module (No such file or directory)
07-25 16:57:15.105  3997  3997 E android.os.Debug: failed to load memtrack module: -2
07-25 16:57:15.106  3997  3997 I Radio-JNI: register_android_hardware_Radio DONE
07-25 16:57:15.112  3997  3997 D AndroidRuntime: Calling main entry com.android.commands.uiautomator.Launcher
07-25 16:57:16.136  3997  3997 W AccessibilityNodeInfoDumper: Fetch time: 2ms
07-25 16:57:16.137   618   751 W WindowManager: Attempted to remove non-existing token: android.os.Binder@9cbeef1
07-25 16:57:16.143  3997  3997 D AndroidRuntime: Shutting down VM
07-25 16:57:16.562  4015  4015 D AndroidRuntime: >>>>>> START com.android.internal.os.RuntimeInit uid 0 <<<<<<
07-25 16:57:16.563  4015  4015 D AndroidRuntime: CheckJNI is OFF
07-25 16:57:16.573  4015  4015 D ICU     : No timezone override file found: /data/misc/zoneinfo/current/icu/icu_tzdata.dat
07-25 16:57:16.588  4015  4015 E memtrack: Couldn't load memtrack module (No such file or directory)
07-25 16:57:16.588  4015  4015 E android.os.Debug: failed to load memtrack module: -2
07-25 16:57:16.589  4015  4015 I Radio-JNI: register_android_hardware_Radio DONE
07-25 16:57:16.597  4015  4015 D AndroidRuntime: Calling main entry com.android.commands.uiautomator.Launcher
07-25 16:57:17.616  4015  4015 W AccessibilityNodeInfoDumper: Fetch time: 2ms
07-25 16:57:17.617   618   629 W WindowManager: Attempted to remove non-existing token: android.os.Binder@cc01157
07-25 16:57:17.624  4015  4015 D AndroidRuntime: Shutting down VM
07-25 16:57:18.623  4039  4039 D AndroidRuntime: >>>>>> START com.android.internal.os.RuntimeInit uid 0 <<<<<<
07-25 16:57:18.624  4039  4039 D AndroidRuntime: CheckJNI is OFF
07-25 16:57:18.633  4039  4039 D ICU     : No timezone override file found: /data/misc/zoneinfo/current/icu/icu_tzdata.dat
07-25 16:57:18.645  4039  4039 E memtrack: Couldn't load memtrack module (No such file or directory)
07-25 16:57:18.645  4039  4039 E android.os.Debug: failed to load memtrack module: -2
07-25 16:57:18.646  4039  4039 I Radio-JNI: register_android_hardware_Radio DONE
07-25 16:57:18.654  4039  4039 D AndroidRuntime: Calling main entry com.android.commands.uiautomator.Launcher
07-25 16:57:19.667  4039  4039 W AccessibilityNodeInfoDumper: Fetch time: 2ms
07-25 16:57:19.668   618   746 W WindowManager: Attempted to remove non-existing token: android.os.Binder@35a1444
07-25 16:57:19.676  4039  4039 D AndroidRuntime: Shutting down VM
07-25 16:57:20.137  4057  4057 D AndroidRuntime: >>>>>> START com.android.internal.os.RuntimeInit uid 0 <<<<<<
07-25 16:57:20.139  4057  4057 D AndroidRuntime: CheckJNI is OFF
07-25 16:57:20.149  4057  4057 D ICU     : No timezone override file found: /data/misc/zoneinfo/current/icu/icu_tzdata.dat
07-25 16:57:20.163  4057  4057 E memtrack: Couldn't load memtrack module (No such file or directory)
07-25 16:57:20.163  4057  4057 E android.os.Debug: failed to load memtrack module: -2
07-25 16:57:20.163  4057  4057 I Radio-JNI: register_android_hardware_Radio DONE
07-25 16:57:20.169  4057  4057 D AndroidRuntime: Calling main entry com.android.commands.uiautomator.Launcher
07-25 16:57:21.187  4057  4057 W AccessibilityNodeInfoDumper: Fetch time: 2ms
07-25 16:57:21.187   618   746 W WindowManager: Attempted to remove non-existing token: android.os.Binder@1f892d
07-25 16:57:21.195  4057  4057 D AndroidRuntime: Shutting down VM
07-25 16:57:21.720   618  1741 D NetlinkSocketObserver: NeighborEvent{elapsedMs=196720, 10.0.3.2, [525400123502], RTM_NEWNEIGH, NUD_PROBE}
07-25 16:57:21.720   618  1741 D NetlinkSocketObserver: NeighborEvent{elapsedMs=196720, 10.0.3.2, [525400123502], RTM_NEWNEIGH, NUD_REACHABLE}
07-25 16:57:22.192  4080  4080 D AndroidRuntime: >>>>>> START com.android.internal.os.RuntimeInit uid 0 <<<<<<
07-25 16:57:22.193  4080  4080 D AndroidRuntime: CheckJNI is OFF
07-25 16:57:22.203  4080  4080 D ICU     : No timezone override file found: /data/misc/zoneinfo/current/icu/icu_tzdata.dat
07-25 16:57:22.216  4080  4080 E memtrack: Couldn't load memtrack module (No such file or directory)
07-25 16:57:22.216  4080  4080 E android.os.Debug: failed to load memtrack module: -2
07-25 16:57:22.217  4080  4080 I Radio-JNI: register_android_hardware_Radio DONE
07-25 16:57:22.223  4080  4080 D AndroidRuntime: Calling main entry com.android.commands.uiautomator.Launcher
07-25 16:57:23.245  4080  4080 W AccessibilityNodeInfoDumper: Fetch time: 2ms
07-25 16:57:23.245   618   751 W WindowManager: Attempted to remove non-existing token: android.os.Binder@f074e62
07-25 16:57:23.254  4080  4080 D AndroidRuntime: Shutting down VM
07-25 16:57:23.692  4098  4098 D AndroidRuntime: >>>>>> START com.android.internal.os.RuntimeInit uid 0 <<<<<<
07-25 16:57:23.694  4098  4098 D AndroidRuntime: CheckJNI is OFF
07-25 16:57:23.704  4098  4098 D ICU     : No timezone override file found: /data/misc/zoneinfo/current/icu/icu_tzdata.dat
07-25 16:57:23.718  4098  4098 E memtrack: Couldn't load memtrack module (No such file or directory)
07-25 16:57:23.718  4098  4098 E android.os.Debug: failed to load memtrack module: -2
07-25 16:57:23.719  4098  4098 I Radio-JNI: register_android_hardware_Radio DONE
07-25 16:57:23.726  4098  4098 D AndroidRuntime: Calling main entry com.android.commands.uiautomator.Launcher
07-25 16:57:24.739  4098  4098 W AccessibilityNodeInfoDumper: Fetch time: 2ms
07-25 16:57:24.739   618  1278 W WindowManager: Attempted to remove non-existing token: android.os.Binder@1ca6bf3
07-25 16:57:24.746  4098  4098 D AndroidRuntime: Shutting down VM
07-25 16:57:25.827  4124  4124 D AndroidRuntime: >>>>>> START com.android.internal.os.RuntimeInit uid 0 <<<<<<
07-25 16:57:25.829  4124  4124 D AndroidRuntime: CheckJNI is OFF
07-25 16:57:25.838  4124  4124 D ICU     : No timezone override file found: /data/misc/zoneinfo/current/icu/icu_tzdata.dat
07-25 16:57:25.852  4124  4124 E memtrack: Couldn't load memtrack module (No such file or directory)
07-25 16:57:25.852  4124  4124 E android.os.Debug: failed to load memtrack module: -2
07-25 16:57:25.852  4124  4124 I Radio-JNI: register_android_hardware_Radio DONE
07-25 16:57:25.858  4124  4124 D AndroidRuntime: Calling main entry com.android.commands.uiautomator.Launcher
07-25 16:57:26.876  4124  4124 W AccessibilityNodeInfoDumper: Fetch time: 2ms
07-25 16:57:26.876   618   997 W WindowManager: Attempted to remove non-existing token: android.os.Binder@10630b0
07-25 16:57:26.884  4124  4124 D AndroidRuntime: Shutting down VM
07-25 16:57:27.307  4142  4142 D AndroidRuntime: >>>>>> START com.android.internal.os.RuntimeInit uid 0 <<<<<<
07-25 16:57:27.308  4142  4142 D AndroidRuntime: CheckJNI is OFF
07-25 16:57:27.317  4142  4142 D ICU     : No timezone override file found: /data/misc/zoneinfo/current/icu/icu_tzdata.dat
07-25 16:57:27.327  4142  4142 E memtrack: Couldn't load memtrack module (No such file or directory)
07-25 16:57:27.327  4142  4142 E android.os.Debug: failed to load memtrack module: -2
07-25 16:57:27.329  4142  4142 I Radio-JNI: register_android_hardware_Radio DONE
07-25 16:57:27.334  4142  4142 D AndroidRuntime: Calling main entry com.android.commands.uiautomator.Launcher
07-25 16:57:28.348  4142  4142 W AccessibilityNodeInfoDumper: Fetch time: 2ms
07-25 16:57:28.349   618   630 W WindowManager: Attempted to remove non-existing token: android.os.Binder@a988b29
07-25 16:57:28.356  4142  4142 D AndroidRuntime: Shutting down VM
07-25 16:57:28.770  4155  4155 D AndroidRuntime: >>>>>> START com.android.internal.os.RuntimeInit uid 0 <<<<<<
07-25 16:57:28.773  4155  4155 D AndroidRuntime: CheckJNI is OFF
07-25 16:57:28.782  4155  4155 D ICU     : No timezone override file found: /data/misc/zoneinfo/current/icu/icu_tzdata.dat
07-25 16:57:28.794  4155  4155 E memtrack: Couldn't load memtrack module (No such file or directory)
07-25 16:57:28.794  4155  4155 E android.os.Debug: failed to load memtrack module: -2
07-25 16:57:28.795  4155  4155 I Radio-JNI: register_android_hardware_Radio DONE
07-25 16:57:28.802  4155  4155 D AndroidRuntime: Calling main entry com.android.commands.input.Input
07-25 16:57:28.804  4155  4155 I Input   : injectMotionEvent: MotionEvent { action=ACTION_DOWN, actionButton=0, id[0]=0, x[0]=600.0, y[0]=1347.0, toolType[0]=TOOL_TYPE_UNKNOWN, buttonState=0, metaState=0, flags=0x0, edgeFlags=0x0, pointerCount=1, historySize=0, eventTime=203803, downTime=203803, deviceId=0, source=0x1002 }
07-25 16:57:28.806  4155  4155 I Input   : injectMotionEvent: MotionEvent { action=ACTION_MOVE, actionButton=0, id[0]=0, x[0]=600.0, y[0]=1347.0, toolType[0]=TOOL_TYPE_UNKNOWN, buttonState=0, metaState=0, flags=0x0, edgeFlags=0x0, pointerCount=1, historySize=0, eventTime=203803, downTime=203803, deviceId=0, source=0x1002 }
07-25 16:57:28.817  4155  4155 I Input   : injectMotionEvent: MotionEvent { action=ACTION_MOVE, actionButton=0, id[0]=0, x[0]=600.0, y[0]=1347.0, toolType[0]=TOOL_TYPE_UNKNOWN, buttonState=0, metaState=0, flags=0x0, edgeFlags=0x0, pointerCount=1, historySize=0, eventTime=203817, downTime=203817, deviceId=0, source=0x1002 }
07-25 16:57:28.834  4155  4155 I Input   : injectMotionEvent: MotionEvent { action=ACTION_MOVE, actionButton=0, id[0]=0, x[0]=600.0, y[0]=1347.0, toolType[0]=TOOL_TYPE_UNKNOWN, buttonState=0, metaState=0, flags=0x0, edgeFlags=0x0, pointerCount=1, historySize=0, eventTime=203834, downTime=203834, deviceId=0, source=0x1002 }
07-25 16:57:28.851  4155  4155 I Input   : injectMotionEvent: MotionEvent { action=ACTION_MOVE, actionButton=0, id[0]=0, x[0]=600.0, y[0]=1347.0, toolType[0]=TOOL_TYPE_UNKNOWN, buttonState=0, metaState=0, flags=0x0, edgeFlags=0x0, pointerCount=1, historySize=0, eventTime=203851, downTime=203851, deviceId=0, source=0x1002 }
07-25 16:57:28.867  4155  4155 I Input   : injectMotionEvent: MotionEvent { action=ACTION_MOVE, actionButton=0, id[0]=0, x[0]=600.0, y[0]=1347.0, toolType[0]=TOOL_TYPE_UNKNOWN, buttonState=0, metaState=0, flags=0x0, edgeFlags=0x0, pointerCount=1, historySize=0, eventTime=203867, downTime=203867, deviceId=0, source=0x1002 }
07-25 16:57:28.885  4155  4155 I Input   : injectMotionEvent: MotionEvent { action=ACTION_MOVE, actionButton=0, id[0]=0, x[0]=600.0, y[0]=1347.0, toolType[0]=TOOL_TYPE_UNKNOWN, buttonState=0, metaState=0, flags=0x0, edgeFlags=0x0, pointerCount=1, historySize=0, eventTime=203885, downTime=203885, deviceId=0, source=0x1002 }
07-25 16:57:28.901  4155  4155 I Input   : injectMotionEvent: MotionEvent { action=ACTION_MOVE, actionButton=0, id[0]=0, x[0]=600.0, y[0]=1347.0, toolType[0]=TOOL_TYPE_UNKNOWN, buttonState=0, metaState=0, flags=0x0, edgeFlags=0x0, pointerCount=1, historySize=0, eventTime=203901, downTime=203901, deviceId=0, source=0x1002 }
07-25 16:57:28.921  4155  4155 I Input   : injectMotionEvent: MotionEvent { action=ACTION_MOVE, actionButton=0, id[0]=0, x[0]=600.0, y[0]=1347.0, toolType[0]=TOOL_TYPE_UNKNOWN, buttonState=0, metaState=0, flags=0x0, edgeFlags=0x0, pointerCount=1, historySize=0, eventTime=203921, downTime=203921, deviceId=0, source=0x1002 }
07-25 16:57:28.934  4155  4155 I Input   : injectMotionEvent: MotionEvent { action=ACTION_MOVE, actionButton=0, id[0]=0, x[0]=600.0, y[0]=1347.0, toolType[0]=TOOL_TYPE_UNKNOWN, buttonState=0, metaState=0, flags=0x0, edgeFlags=0x0, pointerCount=1, historySize=0, eventTime=203934, downTime=203934, deviceId=0, source=0x1002 }
07-25 16:57:28.951  4155  4155 I Input   : injectMotionEvent: MotionEvent { action=ACTION_MOVE, actionButton=0, id[0]=0, x[0]=600.0, y[0]=1347.0, toolType[0]=TOOL_TYPE_UNKNOWN, buttonState=0, metaState=0, flags=0x0, edgeFlags=0x0, pointerCount=1, historySize=0, eventTime=203951, downTime=203951, deviceId=0, source=0x1002 }
07-25 16:57:28.967  4155  4155 I Input   : injectMotionEvent: MotionEvent { action=ACTION_MOVE, actionButton=0, id[0]=0, x[0]=600.0, y[0]=1347.0, toolType[0]=TOOL_TYPE_UNKNOWN, buttonState=0, metaState=0, flags=0x0, edgeFlags=0x0, pointerCount=1, historySize=0, eventTime=203967, downTime=203967, deviceId=0, source=0x1002 }
07-25 16:57:28.984  4155  4155 I Input   : injectMotionEvent: MotionEvent { action=ACTION_MOVE, actionButton=0, id[0]=0, x[0]=600.0, y[0]=1347.0, toolType[0]=TOOL_TYPE_UNKNOWN, buttonState=0, metaState=0, flags=0x0, edgeFlags=0x0, pointerCount=1, historySize=0, eventTime=203984, downTime=203984, deviceId=0, source=0x1002 }
07-25 16:57:29.000  4155  4155 I Input   : injectMotionEvent: MotionEvent { action=ACTION_MOVE, actionButton=0, id[0]=0, x[0]=600.0, y[0]=1347.0, toolType[0]=TOOL_TYPE_UNKNOWN, buttonState=0, metaState=0, flags=0x0, edgeFlags=0x0, pointerCount=1, historySize=0, eventTime=204000, downTime=204000, deviceId=0, source=0x1002 }
07-25 16:57:29.017  4155  4155 I Input   : injectMotionEvent: MotionEvent { action=ACTION_MOVE, actionButton=0, id[0]=0, x[0]=600.0, y[0]=1347.0, toolType[0]=TOOL_TYPE_UNKNOWN, buttonState=0, metaState=0, flags=0x0, edgeFlags=0x0, pointerCount=1, historySize=0, eventTime=204017, downTime=204017, deviceId=0, source=0x1002 }
07-25 16:57:29.034  4155  4155 I Input   : injectMotionEvent: MotionEvent { action=ACTION_MOVE, actionButton=0, id[0]=0, x[0]=600.0, y[0]=1347.0, toolType[0]=TOOL_TYPE_UNKNOWN, buttonState=0, metaState=0, flags=0x0, edgeFlags=0x0, pointerCount=1, historySize=0, eventTime=204034, downTime=204034, deviceId=0, source=0x1002 }
07-25 16:57:29.050  4155  4155 I Input   : injectMotionEvent: MotionEvent { action=ACTION_MOVE, actionButton=0, id[0]=0, x[0]=600.0, y[0]=1347.0, toolType[0]=TOOL_TYPE_UNKNOWN, buttonState=0, metaState=0, flags=0x0, edgeFlags=0x0, pointerCount=1, historySize=0, eventTime=204050, downTime=204050, deviceId=0, source=0x1002 }
07-25 16:57:29.069  4155  4155 I Input   : injectMotionEvent: MotionEvent { action=ACTION_MOVE, actionButton=0, id[0]=0, x[0]=600.0, y[0]=1347.0, toolType[0]=TOOL_TYPE_UNKNOWN, buttonState=0, metaState=0, flags=0x0, edgeFlags=0x0, pointerCount=1, historySize=0, eventTime=204069, downTime=204069, deviceId=0, source=0x1002 }
07-25 16:57:29.084  4155  4155 I Input   : injectMotionEvent: MotionEvent { action=ACTION_MOVE, actionButton=0, id[0]=0, x[0]=600.0, y[0]=1347.0, toolType[0]=TOOL_TYPE_UNKNOWN, buttonState=0, metaState=0, flags=0x0, edgeFlags=0x0, pointerCount=1, historySize=0, eventTime=204084, downTime=204084, deviceId=0, source=0x1002 }
07-25 16:57:29.101  4155  4155 I Input   : injectMotionEvent: MotionEvent { action=ACTION_MOVE, actionButton=0, id[0]=0, x[0]=600.0, y[0]=1347.0, toolType[0]=TOOL_TYPE_UNKNOWN, buttonState=0, metaState=0, flags=0x0, edgeFlags=0x0, pointerCount=1, historySize=0, eventTime=204101, downTime=204101, deviceId=0, source=0x1002 }
07-25 16:57:29.117  4155  4155 I Input   : injectMotionEvent: MotionEvent { action=ACTION_MOVE, actionButton=0, id[0]=0, x[0]=600.0, y[0]=1347.0, toolType[0]=TOOL_TYPE_UNKNOWN, buttonState=0, metaState=0, flags=0x0, edgeFlags=0x0, pointerCount=1, historySize=0, eventTime=204117, downTime=204117, deviceId=0, source=0x1002 }
07-25 16:57:29.134  4155  4155 I Input   : injectMotionEvent: MotionEvent { action=ACTION_MOVE, actionButton=0, id[0]=0, x[0]=600.0, y[0]=1347.0, toolType[0]=TOOL_TYPE_UNKNOWN, buttonState=0, metaState=0, flags=0x0, edgeFlags=0x0, pointerCount=1, historySize=0, eventTime=204134, downTime=204134, deviceId=0, source=0x1002 }
07-25 16:57:29.152  4155  4155 I Input   : injectMotionEvent: MotionEvent { action=ACTION_MOVE, actionButton=0, id[0]=0, x[0]=600.0, y[0]=1347.0, toolType[0]=TOOL_TYPE_UNKNOWN, buttonState=0, metaState=0, flags=0x0, edgeFlags=0x0, pointerCount=1, historySize=0, eventTime=204152, downTime=204152, deviceId=0, source=0x1002 }
07-25 16:57:29.167  4155  4155 I Input   : injectMotionEvent: MotionEvent { action=ACTION_MOVE, actionButton=0, id[0]=0, x[0]=600.0, y[0]=1347.0, toolType[0]=TOOL_TYPE_UNKNOWN, buttonState=0, metaState=0, flags=0x0, edgeFlags=0x0, pointerCount=1, historySize=0, eventTime=204167, downTime=204167, deviceId=0, source=0x1002 }
07-25 16:57:29.185  4155  4155 I Input   : injectMotionEvent: MotionEvent { action=ACTION_MOVE, actionButton=0, id[0]=0, x[0]=600.0, y[0]=1347.0, toolType[0]=TOOL_TYPE_UNKNOWN, buttonState=0, metaState=0, flags=0x0, edgeFlags=0x0, pointerCount=1, historySize=0, eventTime=204185, downTime=204185, deviceId=0, source=0x1002 }
07-25 16:57:29.201  4155  4155 I Input   : injectMotionEvent: MotionEvent { action=ACTION_MOVE, actionButton=0, id[0]=0, x[0]=600.0, y[0]=1347.0, toolType[0]=TOOL_TYPE_UNKNOWN, buttonState=0, metaState=0, flags=0x0, edgeFlags=0x0, pointerCount=1, historySize=0, eventTime=204201, downTime=204201, deviceId=0, source=0x1002 }
07-25 16:57:29.219  4155  4155 I Input   : injectMotionEvent: MotionEvent { action=ACTION_MOVE, actionButton=0, id[0]=0, x[0]=600.0, y[0]=1347.0, toolType[0]=TOOL_TYPE_UNKNOWN, buttonState=0, metaState=0, flags=0x0, edgeFlags=0x0, pointerCount=1, historySize=0, eventTime=204219, downTime=204219, deviceId=0, source=0x1002 }
07-25 16:57:29.234  4155  4155 I Input   : injectMotionEvent: MotionEvent { action=ACTION_MOVE, actionButton=0, id[0]=0, x[0]=600.0, y[0]=1347.0, toolType[0]=TOOL_TYPE_UNKNOWN, buttonState=0, metaState=0, flags=0x0, edgeFlags=0x0, pointerCount=1, historySize=0, eventTime=204234, downTime=204234, deviceId=0, source=0x1002 }
07-25 16:57:29.251  4155  4155 I Input   : injectMotionEvent: MotionEvent { action=ACTION_MOVE, actionButton=0, id[0]=0, x[0]=600.0, y[0]=1347.0, toolType[0]=TOOL_TYPE_UNKNOWN, buttonState=0, metaState=0, flags=0x0, edgeFlags=0x0, pointerCount=1, historySize=0, eventTime=204251, downTime=204251, deviceId=0, source=0x1002 }
07-25 16:57:29.267  4155  4155 I Input   : injectMotionEvent: MotionEvent { action=ACTION_MOVE, actionButton=0, id[0]=0, x[0]=600.0, y[0]=1347.0, toolType[0]=TOOL_TYPE_UNKNOWN, buttonState=0, metaState=0, flags=0x0, edgeFlags=0x0, pointerCount=1, historySize=0, eventTime=204267, downTime=204267, deviceId=0, source=0x1002 }
07-25 16:57:29.284  4155  4155 I Input   : injectMotionEvent: MotionEvent { action=ACTION_MOVE, actionButton=0, id[0]=0, x[0]=600.0, y[0]=1347.0, toolType[0]=TOOL_TYPE_UNKNOWN, buttonState=0, metaState=0, flags=0x0, edgeFlags=0x0, pointerCount=1, historySize=0, eventTime=204284, downTime=204284, deviceId=0, source=0x1002 }
07-25 16:57:29.300  4155  4155 I Input   : injectMotionEvent: MotionEvent { action=ACTION_MOVE, actionButton=0, id[0]=0, x[0]=600.0, y[0]=1347.0, toolType[0]=TOOL_TYPE_UNKNOWN, buttonState=0, metaState=0, flags=0x0, edgeFlags=0x0, pointerCount=1, historySize=0, eventTime=204300, downTime=204300, deviceId=0, source=0x1002 }
07-25 16:57:29.317  4155  4155 I Input   : injectMotionEvent: MotionEvent { action=ACTION_MOVE, actionButton=0, id[0]=0, x[0]=600.0, y[0]=1347.0, toolType[0]=TOOL_TYPE_UNKNOWN, buttonState=0, metaState=0, flags=0x0, edgeFlags=0x0, pointerCount=1, historySize=0, eventTime=204317, downTime=204317, deviceId=0, source=0x1002 }
07-25 16:57:29.334  4155  4155 I Input   : injectMotionEvent: MotionEvent { action=ACTION_MOVE, actionButton=0, id[0]=0, x[0]=600.0, y[0]=1347.0, toolType[0]=TOOL_TYPE_UNKNOWN, buttonState=0, metaState=0, flags=0x0, edgeFlags=0x0, pointerCount=1, historySize=0, eventTime=204334, downTime=204334, deviceId=0, source=0x1002 }
07-25 16:57:29.350  4155  4155 I Input   : injectMotionEvent: MotionEvent { action=ACTION_MOVE, actionButton=0, id[0]=0, x[0]=600.0, y[0]=1347.0, toolType[0]=TOOL_TYPE_UNKNOWN, buttonState=0, metaState=0, flags=0x0, edgeFlags=0x0, pointerCount=1, historySize=0, eventTime=204350, downTime=204350, deviceId=0, source=0x1002 }
07-25 16:57:29.368  4155  4155 I Input   : injectMotionEvent: MotionEvent { action=ACTION_MOVE, actionButton=0, id[0]=0, x[0]=600.0, y[0]=1347.0, toolType[0]=TOOL_TYPE_UNKNOWN, buttonState=0, metaState=0, flags=0x0, edgeFlags=0x0, pointerCount=1, historySize=0, eventTime=204368, downTime=204368, deviceId=0, source=0x1002 }
07-25 16:57:29.384  4155  4155 I Input   : injectMotionEvent: MotionEvent { action=ACTION_MOVE, actionButton=0, id[0]=0, x[0]=600.0, y[0]=1347.0, toolType[0]=TOOL_TYPE_UNKNOWN, buttonState=0, metaState=0, flags=0x0, edgeFlags=0x0, pointerCount=1, historySize=0, eventTime=204384, downTime=204384, deviceId=0, source=0x1002 }
07-25 16:57:29.401  4155  4155 I Input   : injectMotionEvent: MotionEvent { action=ACTION_MOVE, actionButton=0, id[0]=0, x[0]=600.0, y[0]=1347.0, toolType[0]=TOOL_TYPE_UNKNOWN, buttonState=0, metaState=0, flags=0x0, edgeFlags=0x0, pointerCount=1, historySize=0, eventTime=204401, downTime=204401, deviceId=0, source=0x1002 }
07-25 16:57:29.417  4155  4155 I Input   : injectMotionEvent: MotionEvent { action=ACTION_MOVE, actionButton=0, id[0]=0, x[0]=600.0, y[0]=1347.0, toolType[0]=TOOL_TYPE_UNKNOWN, buttonState=0, metaState=0, flags=0x0, edgeFlags=0x0, pointerCount=1, historySize=0, eventTime=204417, downTime=204417, deviceId=0, source=0x1002 }
07-25 16:57:29.434  4155  4155 I Input   : injectMotionEvent: MotionEvent { action=ACTION_MOVE, actionButton=0, id[0]=0, x[0]=600.0, y[0]=1347.0, toolType[0]=TOOL_TYPE_UNKNOWN, buttonState=0, metaState=0, flags=0x0, edgeFlags=0x0, pointerCount=1, historySize=0, eventTime=204434, downTime=204434, deviceId=0, source=0x1002 }
07-25 16:57:29.451  4155  4155 I Input   : injectMotionEvent: MotionEvent { action=ACTION_MOVE, actionButton=0, id[0]=0, x[0]=600.0, y[0]=1347.0, toolType[0]=TOOL_TYPE_UNKNOWN, buttonState=0, metaState=0, flags=0x0, edgeFlags=0x0, pointerCount=1, historySize=0, eventTime=204450, downTime=204450, deviceId=0, source=0x1002 }
07-25 16:57:29.468  4155  4155 I Input   : injectMotionEvent: MotionEvent { action=ACTION_MOVE, actionButton=0, id[0]=0, x[0]=600.0, y[0]=1347.0, toolType[0]=TOOL_TYPE_UNKNOWN, buttonState=0, metaState=0, flags=0x0, edgeFlags=0x0, pointerCount=1, historySize=0, eventTime=204468, downTime=204468, deviceId=0, source=0x1002 }
07-25 16:57:29.484  4155  4155 I Input   : injectMotionEvent: MotionEvent { action=ACTION_MOVE, actionButton=0, id[0]=0, x[0]=600.0, y[0]=1347.0, toolType[0]=TOOL_TYPE_UNKNOWN, buttonState=0, metaState=0, flags=0x0, edgeFlags=0x0, pointerCount=1, historySize=0, eventTime=204484, downTime=204484, deviceId=0, source=0x1002 }
07-25 16:57:29.501  4155  4155 I Input   : injectMotionEvent: MotionEvent { action=ACTION_MOVE, actionButton=0, id[0]=0, x[0]=600.0, y[0]=1347.0, toolType[0]=TOOL_TYPE_UNKNOWN, buttonState=0, metaState=0, flags=0x0, edgeFlags=0x0, pointerCount=1, historySize=0, eventTime=204501, downTime=204501, deviceId=0, source=0x1002 }
07-25 16:57:29.518  4155  4155 I Input   : injectMotionEvent: MotionEvent { action=ACTION_MOVE, actionButton=0, id[0]=0, x[0]=600.0, y[0]=1347.0, toolType[0]=TOOL_TYPE_UNKNOWN, buttonState=0, metaState=0, flags=0x0, edgeFlags=0x0, pointerCount=1, historySize=0, eventTime=204518, downTime=204518, deviceId=0, source=0x1002 }
07-25 16:57:29.534  4155  4155 I Input   : injectMotionEvent: MotionEvent { action=ACTION_MOVE, actionButton=0, id[0]=0, x[0]=600.0, y[0]=1347.0, toolType[0]=TOOL_TYPE_UNKNOWN, buttonState=0, metaState=0, flags=0x0, edgeFlags=0x0, pointerCount=1, historySize=0, eventTime=204534, downTime=204534, deviceId=0, source=0x1002 }
07-25 16:57:29.550  4155  4155 I Input   : injectMotionEvent: MotionEvent { action=ACTION_MOVE, actionButton=0, id[0]=0, x[0]=600.0, y[0]=1347.0, toolType[0]=TOOL_TYPE_UNKNOWN, buttonState=0, metaState=0, flags=0x0, edgeFlags=0x0, pointerCount=1, historySize=0, eventTime=204550, downTime=204550, deviceId=0, source=0x1002 }
07-25 16:57:29.568  4155  4155 I Input   : injectMotionEvent: MotionEvent { action=ACTION_MOVE, actionButton=0, id[0]=0, x[0]=600.0, y[0]=1347.0, toolType[0]=TOOL_TYPE_UNKNOWN, buttonState=0, metaState=0, flags=0x0, edgeFlags=0x0, pointerCount=1, historySize=0, eventTime=204568, downTime=204568, deviceId=0, source=0x1002 }
07-25 16:57:29.584  4155  4155 I Input   : injectMotionEvent: MotionEvent { action=ACTION_MOVE, actionButton=0, id[0]=0, x[0]=600.0, y[0]=1347.0, toolType[0]=TOOL_TYPE_UNKNOWN, buttonState=0, metaState=0, flags=0x0, edgeFlags=0x0, pointerCount=1, historySize=0, eventTime=204584, downTime=204584, deviceId=0, source=0x1002 }
07-25 16:57:29.601  4155  4155 I Input   : injectMotionEvent: MotionEvent { action=ACTION_MOVE, actionButton=0, id[0]=0, x[0]=600.0, y[0]=1347.0, toolType[0]=TOOL_TYPE_UNKNOWN, buttonState=0, metaState=0, flags=0x0, edgeFlags=0x0, pointerCount=1, historySize=0, eventTime=204601, downTime=204601, deviceId=0, source=0x1002 }
07-25 16:57:29.618  4155  4155 I Input   : injectMotionEvent: MotionEvent { action=ACTION_MOVE, actionButton=0, id[0]=0, x[0]=600.0, y[0]=1347.0, toolType[0]=TOOL_TYPE_UNKNOWN, buttonState=0, metaState=0, flags=0x0, edgeFlags=0x0, pointerCount=1, historySize=0, eventTime=204618, downTime=204618, deviceId=0, source=0x1002 }
07-25 16:57:29.635  4155  4155 I Input   : injectMotionEvent: MotionEvent { action=ACTION_MOVE, actionButton=0, id[0]=0, x[0]=600.0, y[0]=1347.0, toolType[0]=TOOL_TYPE_UNKNOWN, buttonState=0, metaState=0, flags=0x0, edgeFlags=0x0, pointerCount=1, historySize=0, eventTime=204635, downTime=204635, deviceId=0, source=0x1002 }
07-25 16:57:29.650  4155  4155 I Input   : injectMotionEvent: MotionEvent { action=ACTION_MOVE, actionButton=0, id[0]=0, x[0]=600.0, y[0]=1347.0, toolType[0]=TOOL_TYPE_UNKNOWN, buttonState=0, metaState=0, flags=0x0, edgeFlags=0x0, pointerCount=1, historySize=0, eventTime=204650, downTime=204650, deviceId=0, source=0x1002 }
07-25 16:57:29.668  4155  4155 I Input   : injectMotionEvent: MotionEvent { action=ACTION_MOVE, actionButton=0, id[0]=0, x[0]=600.0, y[0]=1347.0, toolType[0]=TOOL_TYPE_UNKNOWN, buttonState=0, metaState=0, flags=0x0, edgeFlags=0x0, pointerCount=1, historySize=0, eventTime=204668, downTime=204668, deviceId=0, source=0x1002 }
07-25 16:57:29.684  4155  4155 I Input   : injectMotionEvent: MotionEvent { action=ACTION_MOVE, actionButton=0, id[0]=0, x[0]=600.0, y[0]=1347.0, toolType[0]=TOOL_TYPE_UNKNOWN, buttonState=0, metaState=0, flags=0x0, edgeFlags=0x0, pointerCount=1, historySize=0, eventTime=204684, downTime=204684, deviceId=0, source=0x1002 }
07-25 16:57:29.701  4155  4155 I Input   : injectMotionEvent: MotionEvent { action=ACTION_MOVE, actionButton=0, id[0]=0, x[0]=600.0, y[0]=1347.0, toolType[0]=TOOL_TYPE_UNKNOWN, buttonState=0, metaState=0, flags=0x0, edgeFlags=0x0, pointerCount=1, historySize=0, eventTime=204701, downTime=204701, deviceId=0, source=0x1002 }
07-25 16:57:29.719  4155  4155 I Input   : injectMotionEvent: MotionEvent { action=ACTION_MOVE, actionButton=0, id[0]=0, x[0]=600.0, y[0]=1347.0, toolType[0]=TOOL_TYPE_UNKNOWN, buttonState=0, metaState=0, flags=0x0, edgeFlags=0x0, pointerCount=1, historySize=0, eventTime=204719, downTime=204719, deviceId=0, source=0x1002 }
07-25 16:57:29.735  4155  4155 I Input   : injectMotionEvent: MotionEvent { action=ACTION_MOVE, actionButton=0, id[0]=0, x[0]=600.0, y[0]=1347.0, toolType[0]=TOOL_TYPE_UNKNOWN, buttonState=0, metaState=0, flags=0x0, edgeFlags=0x0, pointerCount=1, historySize=0, eventTime=204735, downTime=204735, deviceId=0, source=0x1002 }
07-25 16:57:29.752  4155  4155 I Input   : injectMotionEvent: MotionEvent { action=ACTION_MOVE, actionButton=0, id[0]=0, x[0]=600.0, y[0]=1347.0, toolType[0]=TOOL_TYPE_UNKNOWN, buttonState=0, metaState=0, flags=0x0, edgeFlags=0x0, pointerCount=1, historySize=0, eventTime=204752, downTime=204752, deviceId=0, source=0x1002 }
07-25 16:57:29.767  4155  4155 I Input   : injectMotionEvent: MotionEvent { action=ACTION_MOVE, actionButton=0, id[0]=0, x[0]=600.0, y[0]=1347.0, toolType[0]=TOOL_TYPE_UNKNOWN, buttonState=0, metaState=0, flags=0x0, edgeFlags=0x0, pointerCount=1, historySize=0, eventTime=204767, downTime=204767, deviceId=0, source=0x1002 }
07-25 16:57:29.784  4155  4155 I Input   : injectMotionEvent: MotionEvent { action=ACTION_MOVE, actionButton=0, id[0]=0, x[0]=600.0, y[0]=1347.0, toolType[0]=TOOL_TYPE_UNKNOWN, buttonState=0, metaState=0, flags=0x0, edgeFlags=0x0, pointerCount=1, historySize=0, eventTime=204784, downTime=204784, deviceId=0, source=0x1002 }
07-25 16:57:29.800  4155  4155 I Input   : injectMotionEvent: MotionEvent { action=ACTION_MOVE, actionButton=0, id[0]=0, x[0]=600.0, y[0]=1347.0, toolType[0]=TOOL_TYPE_UNKNOWN, buttonState=0, metaState=0, flags=0x0, edgeFlags=0x0, pointerCount=1, historySize=0, eventTime=204800, downTime=204800, deviceId=0, source=0x1002 }
07-25 16:57:29.817  4155  4155 I Input   : injectMotionEvent: MotionEvent { action=ACTION_MOVE, actionButton=0, id[0]=0, x[0]=600.0, y[0]=1347.0, toolType[0]=TOOL_TYPE_UNKNOWN, buttonState=0, metaState=0, flags=0x0, edgeFlags=0x0, pointerCount=1, historySize=0, eventTime=204817, downTime=204817, deviceId=0, source=0x1002 }
07-25 16:57:29.834  4155  4155 I Input   : injectMotionEvent: MotionEvent { action=ACTION_MOVE, actionButton=0, id[0]=0, x[0]=600.0, y[0]=1347.0, toolType[0]=TOOL_TYPE_UNKNOWN, buttonState=0, metaState=0, flags=0x0, edgeFlags=0x0, pointerCount=1, historySize=0, eventTime=204834, downTime=204834, deviceId=0, source=0x1002 }
07-25 16:57:29.850  4155  4155 I Input   : injectMotionEvent: MotionEvent { action=ACTION_MOVE, actionButton=0, id[0]=0, x[0]=600.0, y[0]=1347.0, toolType[0]=TOOL_TYPE_UNKNOWN, buttonState=0, metaState=0, flags=0x0, edgeFlags=0x0, pointerCount=1, historySize=0, eventTime=204850, downTime=204850, deviceId=0, source=0x1002 }
07-25 16:57:29.867  4155  4155 I Input   : injectMotionEvent: MotionEvent { action=ACTION_MOVE, actionButton=0, id[0]=0, x[0]=600.0, y[0]=1347.0, toolType[0]=TOOL_TYPE_UNKNOWN, buttonState=0, metaState=0, flags=0x0, edgeFlags=0x0, pointerCount=1, historySize=0, eventTime=204867, downTime=204867, deviceId=0, source=0x1002 }
07-25 16:57:29.884  4155  4155 I Input   : injectMotionEvent: MotionEvent { action=ACTION_MOVE, actionButton=0, id[0]=0, x[0]=600.0, y[0]=1347.0, toolType[0]=TOOL_TYPE_UNKNOWN, buttonState=0, metaState=0, flags=0x0, edgeFlags=0x0, pointerCount=1, historySize=0, eventTime=204884, downTime=204884, deviceId=0, source=0x1002 }
07-25 16:57:29.900  4155  4155 I Input   : injectMotionEvent: MotionEvent { action=ACTION_MOVE, actionButton=0, id[0]=0, x[0]=600.0, y[0]=1347.0, toolType[0]=TOOL_TYPE_UNKNOWN, buttonState=0, metaState=0, flags=0x0, edgeFlags=0x0, pointerCount=1, historySize=0, eventTime=204900, downTime=204900, deviceId=0, source=0x1002 }
07-25 16:57:29.917  4155  4155 I Input   : injectMotionEvent: MotionEvent { action=ACTION_MOVE, actionButton=0, id[0]=0, x[0]=600.0, y[0]=1347.0, toolType[0]=TOOL_TYPE_UNKNOWN, buttonState=0, metaState=0, flags=0x0, edgeFlags=0x0, pointerCount=1, historySize=0, eventTime=204917, downTime=204917, deviceId=0, source=0x1002 }
07-25 16:57:29.934  4155  4155 I Input   : injectMotionEvent: MotionEvent { action=ACTION_MOVE, actionButton=0, id[0]=0, x[0]=600.0, y[0]=1347.0, toolType[0]=TOOL_TYPE_UNKNOWN, buttonState=0, metaState=0, flags=0x0, edgeFlags=0x0, pointerCount=1, historySize=0, eventTime=204934, downTime=204934, deviceId=0, source=0x1002 }
07-25 16:57:29.950  4155  4155 I Input   : injectMotionEvent: MotionEvent { action=ACTION_MOVE, actionButton=0, id[0]=0, x[0]=600.0, y[0]=1347.0, toolType[0]=TOOL_TYPE_UNKNOWN, buttonState=0, metaState=0, flags=0x0, edgeFlags=0x0, pointerCount=1, historySize=0, eventTime=204950, downTime=204950, deviceId=0, source=0x1002 }
07-25 16:57:29.967  4155  4155 I Input   : injectMotionEvent: MotionEvent { action=ACTION_MOVE, actionButton=0, id[0]=0, x[0]=600.0, y[0]=1347.0, toolType[0]=TOOL_TYPE_UNKNOWN, buttonState=0, metaState=0, flags=0x0, edgeFlags=0x0, pointerCount=1, historySize=0, eventTime=204967, downTime=204967, deviceId=0, source=0x1002 }
07-25 16:57:29.984  4155  4155 I Input   : injectMotionEvent: MotionEvent { action=ACTION_MOVE, actionButton=0, id[0]=0, x[0]=600.0, y[0]=1347.0, toolType[0]=TOOL_TYPE_UNKNOWN, buttonState=0, metaState=0, flags=0x0, edgeFlags=0x0, pointerCount=1, historySize=0, eventTime=204984, downTime=204984, deviceId=0, source=0x1002 }
07-25 16:57:30.001  4155  4155 I Input   : injectMotionEvent: MotionEvent { action=ACTION_MOVE, actionButton=0, id[0]=0, x[0]=600.0, y[0]=1347.0, toolType[0]=TOOL_TYPE_UNKNOWN, buttonState=0, metaState=0, flags=0x0, edgeFlags=0x0, pointerCount=1, historySize=0, eventTime=205001, downTime=205001, deviceId=0, source=0x1002 }
