07-25 17:01:07.434  8520  8520 I Input   : injectMotionEvent: MotionEvent { action=ACTION_MOVE, actionButton=0, id[0]=0, x[0]=600.0, y[0]=1000.0, toolType[0]=TOOL_TYPE_UNKNOWN, buttonState=0, metaState=0, flags=0x0, edgeFlags=0x0, pointerCount=1, historySize=0, eventTime=422434, downTime=422434, deviceId=0, source=0x1002 }
07-25 17:01:07.452  8520  8520 I Input   : injectMotionEvent: MotionEvent { action=ACTION_MOVE, actionButton=0, id[0]=0, x[0]=600.0, y[0]=1000.0, toolType[0]=TOOL_TYPE_UNKNOWN, buttonState=0, metaState=0, flags=0x0, edgeFlags=0x0, pointerCount=1, historySize=0, eventTime=422452, downTime=422452, deviceId=0, source=0x1002 }
07-25 17:01:07.469  8520  8520 I Input   : injectMotionEvent: MotionEvent { action=ACTION_MOVE, actionButton=0, id[0]=0, x[0]=600.0, y[0]=1000.0, toolType[0]=TOOL_TYPE_UNKNOWN, buttonState=0, metaState=0, flags=0x0, edgeFlags=0x0, pointerCount=1, historySize=0, eventTime=422469, downTime=422469, deviceId=0, source=0x1002 }
07-25 17:01:07.484  8520  8520 I Input   : injectMotionEvent: MotionEvent { action=ACTION_MOVE, actionButton=0, id[0]=0, x[0]=600.0, y[0]=1000.0, toolType[0]=TOOL_TYPE_UNKNOWN, buttonState=0, metaState=0, flags=0x0, edgeFlags=0x0, pointerCount=1, historySize=0, eventTime=422484, downTime=422484, deviceId=0, source=0x1002 }
07-25 17:01:07.500  8520  8520 I Input   : injectMotionEvent: MotionEvent { action=ACTION_MOVE, actionButton=0, id[0]=0, x[0]=600.0, y[0]=1000.0, toolType[0]=TOOL_TYPE_UNKNOWN, buttonState=0, metaState=0, flags=0x0, edgeFlags=0x0, pointerCount=1, historySize=0, eventTime=422500, downTime=422500, deviceId=0, source=0x1002 }
07-25 17:01:07.517  8520  8520 I Input   : injectMotionEvent: MotionEvent { action=ACTION_MOVE, actionButton=0, id[0]=0, x[0]=600.0, y[0]=1000.0, toolType[0]=TOOL_TYPE_UNKNOWN, buttonState=0, metaState=0, flags=0x0, edgeFlags=0x0, pointerCount=1, historySize=0, eventTime=422517, downTime=422517, deviceId=0, source=0x1002 }
07-25 17:01:07.534  8520  8520 I Input   : injectMotionEvent: MotionEvent { action=ACTION_MOVE, actionButton=0, id[0]=0, x[0]=600.0, y[0]=1000.0, toolType[0]=TOOL_TYPE_UNKNOWN, buttonState=0, metaState=0, flags=0x0, edgeFlags=0x0, pointerCount=1, historySize=0, eventTime=422533, downTime=422533, deviceId=0, source=0x1002 }
07-25 17:01:07.550  8520  8520 I Input   : injectMotionEvent: MotionEvent { action=ACTION_MOVE, actionButton=0, id[0]=0, x[0]=600.0, y[0]=1000.0, toolType[0]=TOOL_TYPE_UNKNOWN, buttonState=0, metaState=0, flags=0x0, edgeFlags=0x0, pointerCount=1, historySize=0, eventTime=422550, downTime=422550, deviceId=0, source=0x1002 }
07-25 17:01:07.568  8520  8520 I Input   : injectMotionEvent: MotionEvent { action=ACTION_MOVE, actionButton=0, id[0]=0, x[0]=600.0, y[0]=1000.0, toolType[0]=TOOL_TYPE_UNKNOWN, buttonState=0, metaState=0, flags=0x0, edgeFlags=0x0, pointerCount=1, historySize=0, eventTime=422568, downTime=422568, deviceId=0, source=0x1002 }
07-25 17:01:07.584  8520  8520 I Input   : injectMotionEvent: MotionEvent { action=ACTION_MOVE, actionButton=0, id[0]=0, x[0]=600.0, y[0]=1000.0, toolType[0]=TOOL_TYPE_UNKNOWN, buttonState=0, metaState=0, flags=0x0, edgeFlags=0x0, pointerCount=1, historySize=0, eventTime=422584, downTime=422584, deviceId=0, source=0x1002 }
07-25 17:01:07.600  8520  8520 I Input   : injectMotionEvent: MotionEvent { action=ACTION_MOVE, actionButton=0, id[0]=0, x[0]=600.0, y[0]=1000.0, toolType[0]=TOOL_TYPE_UNKNOWN, buttonState=0, metaState=0, flags=0x0, edgeFlags=0x0, pointerCount=1, historySize=0, eventTime=422600, downTime=422600, deviceId=0, source=0x1002 }
07-25 17:01:07.620  8520  8520 I Input   : injectMotionEvent: MotionEvent { action=ACTION_MOVE, actionButton=0, id[0]=0, x[0]=600.0, y[0]=1000.0, toolType[0]=TOOL_TYPE_UNKNOWN, buttonState=0, metaState=0, flags=0x0, edgeFlags=0x0, pointerCount=1, historySize=0, eventTime=422620, downTime=422620, deviceId=0, source=0x1002 }
07-25 17:01:07.634  8520  8520 I Input   : injectMotionEvent: MotionEvent { action=ACTION_MOVE, actionButton=0, id[0]=0, x[0]=600.0, y[0]=1000.0, toolType[0]=TOOL_TYPE_UNKNOWN, buttonState=0, metaState=0, flags=0x0, edgeFlags=0x0, pointerCount=1, historySize=0, eventTime=422634, downTime=422634, deviceId=0, source=0x1002 }
07-25 17:01:07.652  8520  8520 I Input   : injectMotionEvent: MotionEvent { action=ACTION_MOVE, actionButton=0, id[0]=0, x[0]=600.0, y[0]=1000.0, toolType[0]=TOOL_TYPE_UNKNOWN, buttonState=0, metaState=0, flags=0x0, edgeFlags=0x0, pointerCount=1, historySize=0, eventTime=422652, downTime=422652, deviceId=0, source=0x1002 }
07-25 17:01:07.667  8520  8520 I Input   : injectMotionEvent: MotionEvent { action=ACTION_MOVE, actionButton=0, id[0]=0, x[0]=600.0, y[0]=1000.0, toolType[0]=TOOL_TYPE_UNKNOWN, buttonState=0, metaState=0, flags=0x0, edgeFlags=0x0, pointerCount=1, historySize=0, eventTime=422667, downTime=422667, deviceId=0, source=0x1002 }
07-25 17:01:07.684  8520  8520 I Input   : injectMotionEvent: MotionEvent { action=ACTION_MOVE, actionButton=0, id[0]=0, x[0]=600.0, y[0]=1000.0, toolType[0]=TOOL_TYPE_UNKNOWN, buttonState=0, metaState=0, flags=0x0, edgeFlags=0x0, pointerCount=1, historySize=0, eventTime=422684, downTime=422684, deviceId=0, source=0x1002 }
07-25 17:01:07.702  8520  8520 I Input   : injectMotionEvent: MotionEvent { action=ACTION_MOVE, actionButton=0, id[0]=0, x[0]=600.0, y[0]=1000.0, toolType[0]=TOOL_TYPE_UNKNOWN, buttonState=0, metaState=0, flags=0x0, edgeFlags=0x0, pointerCount=1, historySize=0, eventTime=422702, downTime=422702, deviceId=0, source=0x1002 }
07-25 17:01:07.719  8520  8520 I Input   : injectMotionEvent: MotionEvent { action=ACTION_MOVE, actionButton=0, id[0]=0, x[0]=600.0, y[0]=1000.0, toolType[0]=TOOL_TYPE_UNKNOWN, buttonState=0, metaState=0, flags=0x0, edgeFlags=0x0, pointerCount=1, historySize=0, eventTime=422719, downTime=422719, deviceId=0, source=0x1002 }
07-25 17:01:07.734  8520  8520 I Input   : injectMotionEvent: MotionEvent { action=ACTION_MOVE, actionButton=0, id[0]=0, x[0]=600.0, y[0]=1000.0, toolType[0]=TOOL_TYPE_UNKNOWN, buttonState=0, metaState=0, flags=0x0, edgeFlags=0x0, pointerCount=1, historySize=0, eventTime=422734, downTime=422734, deviceId=0, source=0x1002 }
07-25 17:01:07.751  8520  8520 I Input   : injectMotionEvent: MotionEvent { action=ACTION_MOVE, actionButton=0, id[0]=0, x[0]=600.0, y[0]=1000.0, toolType[0]=TOOL_TYPE_UNKNOWN, buttonState=0, metaState=0, flags=0x0, edgeFlags=0x0, pointerCount=1, historySize=0, eventTime=422751, downTime=422751, deviceId=0, source=0x1002 }
07-25 17:01:07.767  8520  8520 I Input   : injectMotionEvent: MotionEvent { action=ACTION_MOVE, actionButton=0, id[0]=0, x[0]=600.0, y[0]=1000.0, toolType[0]=TOOL_TYPE_UNKNOWN, buttonState=0, metaState=0, flags=0x0, edgeFlags=0x0, pointerCount=1, historySize=0, eventTime=422767, downTime=422767, deviceId=0, source=0x1002 }
07-25 17:01:07.784  8520  8520 I Input   : injectMotionEvent: MotionEvent { action=ACTION_MOVE, actionButton=0, id[0]=0, x[0]=600.0, y[0]=1000.0, toolType[0]=TOOL_TYPE_UNKNOWN, buttonState=0, metaState=0, flags=0x0, edgeFlags=0x0, pointerCount=1, historySize=0, eventTime=422784, downTime=422784, deviceId=0, source=0x1002 }
07-25 17:01:07.801  8520  8520 I Input   : injectMotionEvent: MotionEvent { action=ACTION_MOVE, actionButton=0, id[0]=0, x[0]=600.0, y[0]=1000.0, toolType[0]=TOOL_TYPE_UNKNOWN, buttonState=0, metaState=0, flags=0x0, edgeFlags=0x0, pointerCount=1, historySize=0, eventTime=422801, downTime=422801, deviceId=0, source=0x1002 }
07-25 17:01:07.819  8520  8520 I Input   : injectMotionEvent: MotionEvent { action=ACTION_MOVE, actionButton=0, id[0]=0, x[0]=600.0, y[0]=1000.0, toolType[0]=TOOL_TYPE_UNKNOWN, buttonState=0, metaState=0, flags=0x0, edgeFlags=0x0, pointerCount=1, historySize=0, eventTime=422818, downTime=422818, deviceId=0, source=0x1002 }
07-25 17:01:07.834  8520  8520 I Input   : injectMotionEvent: MotionEvent { action=ACTION_MOVE, actionButton=0, id[0]=0, x[0]=600.0, y[0]=1000.0, toolType[0]=TOOL_TYPE_UNKNOWN, buttonState=0, metaState=0, flags=0x0, edgeFlags=0x0, pointerCount=1, historySize=0, eventTime=422833, downTime=422833, deviceId=0, source=0x1002 }
07-25 17:01:07.850  8520  8520 I Input   : injectMotionEvent: MotionEvent { action=ACTION_MOVE, actionButton=0, id[0]=0, x[0]=600.0, y[0]=1000.0, toolType[0]=TOOL_TYPE_UNKNOWN, buttonState=0, metaState=0, flags=0x0, edgeFlags=0x0, pointerCount=1, historySize=0, eventTime=422850, downTime=422850, deviceId=0, source=0x1002 }
07-25 17:01:07.869  8520  8520 I Input   : injectMotionEvent: MotionEvent { action=ACTION_MOVE, actionButton=0, id[0]=0, x[0]=600.0, y[0]=1000.0, toolType[0]=TOOL_TYPE_UNKNOWN, buttonState=0, metaState=0, flags=0x0, edgeFlags=0x0, pointerCount=1, historySize=0, eventTime=422869, downTime=422869, deviceId=0, source=0x1002 }
07-25 17:01:07.885  8520  8520 I Input   : injectMotionEvent: MotionEvent { action=ACTION_MOVE, actionButton=0, id[0]=0, x[0]=600.0, y[0]=1000.0, toolType[0]=TOOL_TYPE_UNKNOWN, buttonState=0, metaState=0, flags=0x0, edgeFlags=0x0, pointerCount=1, historySize=0, eventTime=422885, downTime=422885, deviceId=0, source=0x1002 }
07-25 17:01:07.902  8520  8520 I Input   : injectMotionEvent: MotionEvent { action=ACTION_MOVE, actionButton=0, id[0]=0, x[0]=600.0, y[0]=1000.0, toolType[0]=TOOL_TYPE_UNKNOWN, buttonState=0, metaState=0, flags=0x0, edgeFlags=0x0, pointerCount=1, historySize=0, eventTime=422902, downTime=422902, deviceId=0, source=0x1002 }
07-25 17:01:07.917  8520  8520 I Input   : injectMotionEvent: MotionEvent { action=ACTION_MOVE, actionButton=0, id[0]=0, x[0]=600.0, y[0]=1000.0, toolType[0]=TOOL_TYPE_UNKNOWN, buttonState=0, metaState=0, flags=0x0, edgeFlags=0x0, pointerCount=1, historySize=0, eventTime=422917, downTime=422917, deviceId=0, source=0x1002 }
07-25 17:01:07.934  8520  8520 I Input   : injectMotionEvent: MotionEvent { action=ACTION_MOVE, actionButton=0, id[0]=0, x[0]=600.0, y[0]=1000.0, toolType[0]=TOOL_TYPE_UNKNOWN, buttonState=0, metaState=0, flags=0x0, edgeFlags=0x0, pointerCount=1, historySize=0, eventTime=422934, downTime=422934, deviceId=0, source=0x1002 }
07-25 17:01:07.950  8520  8520 I Input   : injectMotionEvent: MotionEvent { action=ACTION_MOVE, actionButton=0, id[0]=0, x[0]=600.0, y[0]=1000.0, toolType[0]=TOOL_TYPE_UNKNOWN, buttonState=0, metaState=0, flags=0x0, edgeFlags=0x0, pointerCount=1, historySize=0, eventTime=422950, downTime=422950, deviceId=0, source=0x1002 }
07-25 17:01:07.968  8520  8520 I Input   : injectMotionEvent: MotionEvent { action=ACTION_MOVE, actionButton=0, id[0]=0, x[0]=600.0, y[0]=1000.0, toolType[0]=TOOL_TYPE_UNKNOWN, buttonState=0, metaState=0, flags=0x0, edgeFlags=0x0, pointerCount=1, historySize=0, eventTime=422968, downTime=422968, deviceId=0, source=0x1002 }
07-25 17:01:07.984  8520  8520 I Input   : injectMotionEvent: MotionEvent { action=ACTION_MOVE, actionButton=0, id[0]=0, x[0]=600.0, y[0]=1000.0, toolType[0]=TOOL_TYPE_UNKNOWN, buttonState=0, metaState=0, flags=0x0, edgeFlags=0x0, pointerCount=1, historySize=0, eventTime=422984, downTime=422984, deviceId=0, source=0x1002 }
07-25 17:01:08.002  8520  8520 I Input   : injectMotionEvent: MotionEvent { action=ACTION_MOVE, actionButton=0, id[0]=0, x[0]=600.0, y[0]=1000.0, toolType[0]=TOOL_TYPE_UNKNOWN, buttonState=0, metaState=0, flags=0x0, edgeFlags=0x0, pointerCount=1, historySize=0, eventTime=423002, downTime=423002, deviceId=0, source=0x1002 }
07-25 17:01:08.018  8520  8520 I Input   : injectMotionEvent: MotionEvent { action=ACTION_MOVE, actionButton=0, id[0]=0, x[0]=600.0, y[0]=1000.0, toolType[0]=TOOL_TYPE_UNKNOWN, buttonState=0, metaState=0, flags=0x0, edgeFlags=0x0, pointerCount=1, historySize=0, eventTime=423018, downTime=423018, deviceId=0, source=0x1002 }
07-25 17:01:08.034  8520  8520 I Input   : injectMotionEvent: MotionEvent { action=ACTION_MOVE, actionButton=0, id[0]=0, x[0]=600.0, y[0]=1000.0, toolType[0]=TOOL_TYPE_UNKNOWN, buttonState=0, metaState=0, flags=0x0, edgeFlags=0x0, pointerCount=1, historySize=0, eventTime=423034, downTime=423034, deviceId=0, source=0x1002 }
07-25 17:01:08.050  8520  8520 I Input   : injectMotionEvent: MotionEvent { action=ACTION_MOVE, actionButton=0, id[0]=0, x[0]=600.0, y[0]=1000.0, toolType[0]=TOOL_TYPE_UNKNOWN, buttonState=0, metaState=0, flags=0x0, edgeFlags=0x0, pointerCount=1, historySize=0, eventTime=423050, downTime=423050, deviceId=0, source=0x1002 }
07-25 17:01:08.067  8520  8520 I Input   : injectMotionEvent: MotionEvent { action=ACTION_MOVE, actionButton=0, id[0]=0, x[0]=600.0, y[0]=1000.0, toolType[0]=TOOL_TYPE_UNKNOWN, buttonState=0, metaState=0, flags=0x0, edgeFlags=0x0, pointerCount=1, historySize=0, eventTime=423067, downTime=423067, deviceId=0, source=0x1002 }
07-25 17:01:08.084  8520  8520 I Input   : injectMotionEvent: MotionEvent { action=ACTION_MOVE, actionButton=0, id[0]=0, x[0]=600.0, y[0]=1000.0, toolType[0]=TOOL_TYPE_UNKNOWN, buttonState=0, metaState=0, flags=0x0, edgeFlags=0x0, pointerCount=1, historySize=0, eventTime=423084, downTime=423084, deviceId=0, source=0x1002 }
07-25 17:01:08.101  8520  8520 I Input   : injectMotionEvent: MotionEvent { action=ACTION_MOVE, actionButton=0, id[0]=0, x[0]=600.0, y[0]=1000.0, toolType[0]=TOOL_TYPE_UNKNOWN, buttonState=0, metaState=0, flags=0x0, edgeFlags=0x0, pointerCount=1, historySize=0, eventTime=423101, downTime=423101, deviceId=0, source=0x1002 }
07-25 17:01:08.119  8520  8520 I Input   : injectMotionEvent: MotionEvent { action=ACTION_MOVE, actionButton=0, id[0]=0, x[0]=600.0, y[0]=1000.0, toolType[0]=TOOL_TYPE_UNKNOWN, buttonState=0, metaState=0, flags=0x0, edgeFlags=0x0, pointerCount=1, historySize=0, eventTime=423119, downTime=423119, deviceId=0, source=0x1002 }
07-25 17:01:08.134  8520  8520 I Input   : injectMotionEvent: MotionEvent { action=ACTION_MOVE, actionButton=0, id[0]=0, x[0]=600.0, y[0]=1000.0, toolType[0]=TOOL_TYPE_UNKNOWN, buttonState=0, metaState=0, flags=0x0, edgeFlags=0x0, pointerCount=1, historySize=0, eventTime=423134, downTime=423134, deviceId=0, source=0x1002 }
07-25 17:01:08.150  8520  8520 I Input   : injectMotionEvent: MotionEvent { action=ACTION_MOVE, actionButton=0, id[0]=0, x[0]=600.0, y[0]=1000.0, toolType[0]=TOOL_TYPE_UNKNOWN, buttonState=0, metaState=0, flags=0x0, edgeFlags=0x0, pointerCount=1, historySize=0, eventTime=423150, downTime=423150, deviceId=0, source=0x1002 }
07-25 17:01:08.169  8520  8520 I Input   : injectMotionEvent: MotionEvent { action=ACTION_MOVE, actionButton=0, id[0]=0, x[0]=600.0, y[0]=1000.0, toolType[0]=TOOL_TYPE_UNKNOWN, buttonState=0, metaState=0, flags=0x0, edgeFlags=0x0, pointerCount=1, historySize=0, eventTime=423169, downTime=423169, deviceId=0, source=0x1002 }
07-25 17:01:08.185  8520  8520 I Input   : injectMotionEvent: MotionEvent { action=ACTION_MOVE, actionButton=0, id[0]=0, x[0]=600.0, y[0]=1000.0, toolType[0]=TOOL_TYPE_UNKNOWN, buttonState=0, metaState=0, flags=0x0, edgeFlags=0x0, pointerCount=1, historySize=0, eventTime=423185, downTime=423185, deviceId=0, source=0x1002 }
07-25 17:01:08.202  8520  8520 I Input   : injectMotionEvent: MotionEvent { action=ACTION_MOVE, actionButton=0, id[0]=0, x[0]=600.0, y[0]=1000.0, toolType[0]=TOOL_TYPE_UNKNOWN, buttonState=0, metaState=0, flags=0x0, edgeFlags=0x0, pointerCount=1, historySize=0, eventTime=423202, downTime=423202, deviceId=0, source=0x1002 }
07-25 17:01:08.217  8520  8520 I Input   : injectMotionEvent: MotionEvent { action=ACTION_MOVE, actionButton=0, id[0]=0, x[0]=600.0, y[0]=1000.0, toolType[0]=TOOL_TYPE_UNKNOWN, buttonState=0, metaState=0, flags=0x0, edgeFlags=0x0, pointerCount=1, historySize=0, eventTime=423217, downTime=423217, deviceId=0, source=0x1002 }
07-25 17:01:08.234  8520  8520 I Input   : injectMotionEvent: MotionEvent { action=ACTION_MOVE, actionButton=0, id[0]=0, x[0]=600.0, y[0]=1000.0, toolType[0]=TOOL_TYPE_UNKNOWN, buttonState=0, metaState=0, flags=0x0, edgeFlags=0x0, pointerCount=1, historySize=0, eventTime=423234, downTime=423234, deviceId=0, source=0x1002 }
07-25 17:01:08.252  8520  8520 I Input   : injectMotionEvent: MotionEvent { action=ACTION_MOVE, actionButton=0, id[0]=0, x[0]=600.0, y[0]=1000.0, toolType[0]=TOOL_TYPE_UNKNOWN, buttonState=0, metaState=0, flags=0x0, edgeFlags=0x0, pointerCount=1, historySize=0, eventTime=423252, downTime=423252, deviceId=0, source=0x1002 }
07-25 17:01:08.269  8520  8520 I Input   : injectMotionEvent: MotionEvent { action=ACTION_MOVE, actionButton=0, id[0]=0, x[0]=600.0, y[0]=1000.0, toolType[0]=TOOL_TYPE_UNKNOWN, buttonState=0, metaState=0, flags=0x0, edgeFlags=0x0, pointerCount=1, historySize=0, eventTime=423269, downTime=423269, deviceId=0, source=0x1002 }
07-25 17:01:08.285  8520  8520 I Input   : injectMotionEvent: MotionEvent { action=ACTION_MOVE, actionButton=0, id[0]=0, x[0]=600.0, y[0]=1000.0, toolType[0]=TOOL_TYPE_UNKNOWN, buttonState=0, metaState=0, flags=0x0, edgeFlags=0x0, pointerCount=1, historySize=0, eventTime=423285, downTime=423285, deviceId=0, source=0x1002 }
07-25 17:01:08.302  8520  8520 I Input   : injectMotionEvent: MotionEvent { action=ACTION_MOVE, actionButton=0, id[0]=0, x[0]=600.0, y[0]=1000.0, toolType[0]=TOOL_TYPE_UNKNOWN, buttonState=0, metaState=0, flags=0x0, edgeFlags=0x0, pointerCount=1, historySize=0, eventTime=423302, downTime=423302, deviceId=0, source=0x1002 }
07-25 17:01:08.320  8520  8520 I Input   : injectMotionEvent: MotionEvent { action=ACTION_MOVE, actionButton=0, id[0]=0, x[0]=600.0, y[0]=1000.0, toolType[0]=TOOL_TYPE_UNKNOWN, buttonState=0, metaState=0, flags=0x0, edgeFlags=0x0, pointerCount=1, historySize=0, eventTime=423320, downTime=423320, deviceId=0, source=0x1002 }
07-25 17:01:08.334  8520  8520 I Input   : injectMotionEvent: MotionEvent { action=ACTION_MOVE, actionButton=0, id[0]=0, x[0]=600.0, y[0]=1000.0, toolType[0]=TOOL_TYPE_UNKNOWN, buttonState=0, metaState=0, flags=0x0, edgeFlags=0x0, pointerCount=1, historySize=0, eventTime=423334, downTime=423334, deviceId=0, source=0x1002 }
07-25 17:01:08.351  8520  8520 I Input   : injectMotionEvent: MotionEvent { action=ACTION_MOVE, actionButton=0, id[0]=0, x[0]=600.0, y[0]=1000.0, toolType[0]=TOOL_TYPE_UNKNOWN, buttonState=0, metaState=0, flags=0x0, edgeFlags=0x0, pointerCount=1, historySize=0, eventTime=423351, downTime=423351, deviceId=0, source=0x1002 }
07-25 17:01:08.368  8520  8520 I Input   : injectMotionEvent: MotionEvent { action=ACTION_MOVE, actionButton=0, id[0]=0, x[0]=600.0, y[0]=1000.0, toolType[0]=TOOL_TYPE_UNKNOWN, buttonState=0, metaState=0, flags=0x0, edgeFlags=0x0, pointerCount=1, historySize=0, eventTime=423368, downTime=423368, deviceId=0, source=0x1002 }
07-25 17:01:08.384  8520  8520 I Input   : injectMotionEvent: MotionEvent { action=ACTION_UP, actionButton=0, id[0]=0, x[0]=600.0, y[0]=1000.0, toolType[0]=TOOL_TYPE_UNKNOWN, buttonState=0, metaState=0, flags=0x0, edgeFlags=0x0, pointerCount=1, historySize=0, eventTime=423384, downTime=423384, deviceId=0, source=0x1002 }
07-25 17:01:08.385  8520  8520 D AndroidRuntime: Shutting down VM
07-25 17:01:12.760  8856  8856 D AndroidRuntime: >>>>>> START com.android.internal.os.RuntimeInit uid 0 <<<<<<
07-25 17:01:12.761  8856  8856 D AndroidRuntime: CheckJNI is OFF
07-25 17:01:12.771  8856  8856 D ICU     : No timezone override file found: /data/misc/zoneinfo/current/icu/icu_tzdata.dat
07-25 17:01:12.784  8856  8856 E memtrack: Couldn't load memtrack module (No such file or directory)
07-25 17:01:12.784  8856  8856 E android.os.Debug: failed to load memtrack module: -2
07-25 17:01:12.785  8856  8856 I Radio-JNI: register_android_hardware_Radio DONE
07-25 17:01:12.791  8856  8856 D AndroidRuntime: Calling main entry com.android.commands.uiautomator.Launcher
07-25 17:01:13.801  1874  1874 D leak-168: Eastern Standard Time
07-25 17:01:13.804  8856  8856 W AccessibilityNodeInfoDumper: Fetch time: 0ms
07-25 17:01:13.805   618  1278 W WindowManager: Attempted to remove non-existing token: android.os.Binder@9e5da3e
07-25 17:01:13.813  8856  8856 D AndroidRuntime: Shutting down VM
07-25 17:01:14.803  8879  8879 D AndroidRuntime: >>>>>> START com.android.internal.os.RuntimeInit uid 0 <<<<<<
07-25 17:01:14.804  8879  8879 D AndroidRuntime: CheckJNI is OFF
07-25 17:01:14.813  8879  8879 D ICU     : No timezone override file found: /data/misc/zoneinfo/current/icu/icu_tzdata.dat
07-25 17:01:14.826  8879  8879 E memtrack: Couldn't load memtrack module (No such file or directory)
07-25 17:01:14.826  8879  8879 E android.os.Debug: failed to load memtrack module: -2
07-25 17:01:14.827  8879  8879 I Radio-JNI: register_android_hardware_Radio DONE
07-25 17:01:14.833  8879  8879 D AndroidRuntime: Calling main entry com.android.commands.uiautomator.Launcher
07-25 17:01:15.844  1874  1874 D leak-168: Eastern Standard Time
07-25 17:01:15.848  8879  8879 W AccessibilityNodeInfoDumper: Fetch time: 2ms
07-25 17:01:15.848   618   629 W WindowManager: Attempted to remove non-existing token: android.os.Binder@951009f
07-25 17:01:15.856  8879  8879 D AndroidRuntime: Shutting down VM
07-25 17:01:16.279  8897  8897 D AndroidRuntime: >>>>>> START com.android.internal.os.RuntimeInit uid 0 <<<<<<
07-25 17:01:16.280  8897  8897 D AndroidRuntime: CheckJNI is OFF
07-25 17:01:16.289  8897  8897 D ICU     : No timezone override file found: /data/misc/zoneinfo/current/icu/icu_tzdata.dat
07-25 17:01:16.301  8897  8897 E memtrack: Couldn't load memtrack module (No such file or directory)
07-25 17:01:16.301  8897  8897 E android.os.Debug: failed to load memtrack module: -2
07-25 17:01:16.302  8897  8897 I Radio-JNI: register_android_hardware_Radio DONE
07-25 17:01:16.308  8897  8897 D AndroidRuntime: Calling main entry com.android.commands.uiautomator.Launcher
07-25 17:01:17.322  1874  1874 D leak-168: Eastern Standard Time
07-25 17:01:17.326  8897  8897 W AccessibilityNodeInfoDumper: Fetch time: 1ms
07-25 17:01:17.327   618   629 W WindowManager: Attempted to remove non-existing token: android.os.Binder@fa7e5ec
07-25 17:01:17.343  8897  8897 D AndroidRuntime: Shutting down VM
07-25 17:01:18.340  8920  8920 D AndroidRuntime: >>>>>> START com.android.internal.os.RuntimeInit uid 0 <<<<<<
07-25 17:01:18.342  8920  8920 D AndroidRuntime: CheckJNI is OFF
07-25 17:01:18.350  8920  8920 D ICU     : No timezone override file found: /data/misc/zoneinfo/current/icu/icu_tzdata.dat
07-25 17:01:18.365  8920  8920 E memtrack: Couldn't load memtrack module (No such file or directory)
07-25 17:01:18.365  8920  8920 E android.os.Debug: failed to load memtrack module: -2
07-25 17:01:18.366  8920  8920 I Radio-JNI: register_android_hardware_Radio DONE
07-25 17:01:18.372  8920  8920 D AndroidRuntime: Calling main entry com.android.commands.uiautomator.Launcher
07-25 17:01:19.381  1874  1874 D leak-168: Eastern Standard Time
07-25 17:01:19.385  8920  8920 W AccessibilityNodeInfoDumper: Fetch time: 2ms
07-25 17:01:19.385   618   746 W WindowManager: Attempted to remove non-existing token: android.os.Binder@312fdb5
07-25 17:01:19.393  8920  8920 D AndroidRuntime: Shutting down VM
07-25 17:01:20.427  8948  8948 D AndroidRuntime: >>>>>> START com.android.internal.os.RuntimeInit uid 0 <<<<<<
07-25 17:01:20.428  8948  8948 D AndroidRuntime: CheckJNI is OFF
07-25 17:01:20.437  8948  8948 D ICU     : No timezone override file found: /data/misc/zoneinfo/current/icu/icu_tzdata.dat
07-25 17:01:20.450  8948  8948 E memtrack: Couldn't load memtrack module (No such file or directory)
07-25 17:01:20.450  8948  8948 E android.os.Debug: failed to load memtrack module: -2
07-25 17:01:20.450  8948  8948 I Radio-JNI: register_android_hardware_Radio DONE
07-25 17:01:20.457  8948  8948 D AndroidRuntime: Calling main entry com.android.commands.uiautomator.Launcher
07-25 17:01:21.472  1874  1874 D leak-168: Eastern Standard Time
07-25 17:01:21.475  8948  8948 W AccessibilityNodeInfoDumper: Fetch time: 1ms
07-25 17:01:21.476   618   751 W WindowManager: Attempted to remove non-existing token: android.os.Binder@7615c4a
07-25 17:01:21.483  8948  8948 D AndroidRuntime: Shutting down VM
07-25 17:01:22.553  8974  8974 D AndroidRuntime: >>>>>> START com.android.internal.os.RuntimeInit uid 0 <<<<<<
07-25 17:01:22.554  8974  8974 D AndroidRuntime: CheckJNI is OFF
07-25 17:01:22.564  8974  8974 D ICU     : No timezone override file found: /data/misc/zoneinfo/current/icu/icu_tzdata.dat
07-25 17:01:22.577  8974  8974 E memtrack: Couldn't load memtrack module (No such file or directory)
07-25 17:01:22.577  8974  8974 E android.os.Debug: failed to load memtrack module: -2
07-25 17:01:22.578  8974  8974 I Radio-JNI: register_android_hardware_Radio DONE
07-25 17:01:22.584  8974  8974 D AndroidRuntime: Calling main entry com.android.commands.uiautomator.Launcher
07-25 17:01:23.593  1874  1874 D leak-168: Eastern Standard Time
07-25 17:01:23.598  8974  8974 W AccessibilityNodeInfoDumper: Fetch time: 2ms
07-25 17:01:23.598   618   751 W WindowManager: Attempted to remove non-existing token: android.os.Binder@72374d8
07-25 17:01:23.609  8974  8974 D AndroidRuntime: Shutting down VM
07-25 17:01:24.026  8992  8992 D AndroidRuntime: >>>>>> START com.android.internal.os.RuntimeInit uid 0 <<<<<<
07-25 17:01:24.027  8992  8992 D AndroidRuntime: CheckJNI is OFF
07-25 17:01:24.035  8992  8992 D ICU     : No timezone override file found: /data/misc/zoneinfo/current/icu/icu_tzdata.dat
07-25 17:01:24.048  8992  8992 E memtrack: Couldn't load memtrack module (No such file or directory)
07-25 17:01:24.048  8992  8992 E android.os.Debug: failed to load memtrack module: -2
07-25 17:01:24.048  8992  8992 I Radio-JNI: register_android_hardware_Radio DONE
07-25 17:01:24.053  8992  8992 D AndroidRuntime: Calling main entry com.android.commands.uiautomator.Launcher
07-25 17:01:25.067  1874  1874 D leak-168: Eastern Standard Time
07-25 17:01:25.070  8992  8992 W AccessibilityNodeInfoDumper: Fetch time: 1ms
07-25 17:01:25.070   618   746 W WindowManager: Attempted to remove non-existing token: android.os.Binder@ec2c031
07-25 17:01:25.077  8992  8992 D AndroidRuntime: Shutting down VM
07-25 17:01:26.088  9016  9016 D AndroidRuntime: >>>>>> START com.android.internal.os.RuntimeInit uid 0 <<<<<<
07-25 17:01:26.089  9016  9016 D AndroidRuntime: CheckJNI is OFF
07-25 17:01:26.098  9016  9016 D ICU     : No timezone override file found: /data/misc/zoneinfo/current/icu/icu_tzdata.dat
07-25 17:01:26.113  9016  9016 E memtrack: Couldn't load memtrack module (No such file or directory)
07-25 17:01:26.113  9016  9016 E android.os.Debug: failed to load memtrack module: -2
07-25 17:01:26.113  9016  9016 I Radio-JNI: register_android_hardware_Radio DONE
07-25 17:01:26.120  9016  9016 D AndroidRuntime: Calling main entry com.android.commands.uiautomator.Launcher
07-25 17:01:27.132  1874  1874 D leak-168: Eastern Standard Time
07-25 17:01:27.136  9016  9016 W AccessibilityNodeInfoDumper: Fetch time: 1ms
07-25 17:01:27.137   618   630 W WindowManager: Attempted to remove non-existing token: android.os.Binder@660f316
07-25 17:01:27.144  9016  9016 D AndroidRuntime: Shutting down VM
07-25 17:01:27.583  9034  9034 D AndroidRuntime: >>>>>> START com.android.internal.os.RuntimeInit uid 0 <<<<<<
07-25 17:01:27.585  9034  9034 D AndroidRuntime: CheckJNI is OFF
07-25 17:01:27.594  9034  9034 D ICU     : No timezone override file found: /data/misc/zoneinfo/current/icu/icu_tzdata.dat
07-25 17:01:27.609  9034  9034 E memtrack: Couldn't load memtrack module (No such file or directory)
07-25 17:01:27.609  9034  9034 E android.os.Debug: failed to load memtrack module: -2
07-25 17:01:27.610  9034  9034 I Radio-JNI: register_android_hardware_Radio DONE
07-25 17:01:27.619  9034  9034 D AndroidRuntime: Calling main entry com.android.commands.uiautomator.Launcher
07-25 17:01:28.657  1874  1874 D leak-168: Eastern Standard Time
07-25 17:01:28.660  9034  9034 W AccessibilityNodeInfoDumper: Fetch time: 1ms
07-25 17:01:28.661   618   746 W WindowManager: Attempted to remove non-existing token: android.os.Binder@a5c6497
07-25 17:01:28.669  9034  9034 D AndroidRuntime: Shutting down VM
07-25 17:01:29.147  9053  9053 D AndroidRuntime: >>>>>> START com.android.internal.os.RuntimeInit uid 0 <<<<<<
07-25 17:01:29.149  9053  9053 D AndroidRuntime: CheckJNI is OFF
07-25 17:01:29.158  9053  9053 D ICU     : No timezone override file found: /data/misc/zoneinfo/current/icu/icu_tzdata.dat
07-25 17:01:29.172  9053  9053 E memtrack: Couldn't load memtrack module (No such file or directory)
07-25 17:01:29.172  9053  9053 E android.os.Debug: failed to load memtrack module: -2
07-25 17:01:29.173  9053  9053 I Radio-JNI: register_android_hardware_Radio DONE
07-25 17:01:29.179  9053  9053 D AndroidRuntime: Calling main entry com.android.commands.uiautomator.Launcher
07-25 17:01:30.192  1874  1874 D leak-168: Eastern Standard Time
07-25 17:01:30.196  9053  9053 W AccessibilityNodeInfoDumper: Fetch time: 1ms
07-25 17:01:30.196   618   756 W WindowManager: Attempted to remove non-existing token: android.os.Binder@3c70684
07-25 17:01:30.204  9053  9053 D AndroidRuntime: Shutting down VM
07-25 17:01:31.200  9076  9076 D AndroidRuntime: >>>>>> START com.android.internal.os.RuntimeInit uid 0 <<<<<<
07-25 17:01:31.201  9076  9076 D AndroidRuntime: CheckJNI is OFF
07-25 17:01:31.211  9076  9076 D ICU     : No timezone override file found: /data/misc/zoneinfo/current/icu/icu_tzdata.dat
07-25 17:01:31.223  9076  9076 E memtrack: Couldn't load memtrack module (No such file or directory)
07-25 17:01:31.223  9076  9076 E android.os.Debug: failed to load memtrack module: -2
07-25 17:01:31.224  9076  9076 I Radio-JNI: register_android_hardware_Radio DONE
07-25 17:01:31.230  9076  9076 D AndroidRuntime: Calling main entry com.android.commands.uiautomator.Launcher
07-25 17:01:32.237  1874  1874 D leak-168: Eastern Standard Time
07-25 17:01:32.241  9076  9076 W AccessibilityNodeInfoDumper: Fetch time: 1ms
07-25 17:01:32.242   618   751 W WindowManager: Attempted to remove non-existing token: android.os.Binder@dd22e6d
07-25 17:01:32.249  9076  9076 D AndroidRuntime: Shutting down VM
07-25 17:01:32.668  9094  9094 D AndroidRuntime: >>>>>> START com.android.internal.os.RuntimeInit uid 0 <<<<<<
07-25 17:01:32.669  9094  9094 D AndroidRuntime: CheckJNI is OFF
07-25 17:01:32.678  9094  9094 D ICU     : No timezone override file found: /data/misc/zoneinfo/current/icu/icu_tzdata.dat
07-25 17:01:32.693  9094  9094 E memtrack: Couldn't load memtrack module (No such file or directory)
07-25 17:01:32.693  9094  9094 E android.os.Debug: failed to load memtrack module: -2
07-25 17:01:32.693  9094  9094 I Radio-JNI: register_android_hardware_Radio DONE
07-25 17:01:32.700  9094  9094 D AndroidRuntime: Calling main entry com.android.commands.uiautomator.Launcher
07-25 17:01:33.710  1874  1874 D leak-168: Eastern Standard Time
07-25 17:01:33.716  9094  9094 W AccessibilityNodeInfoDumper: Fetch time: 2ms
07-25 17:01:33.716   618  1071 W WindowManager: Attempted to remove non-existing token: android.os.Binder@9f8b333
07-25 17:01:33.725  9094  9094 D AndroidRuntime: Shutting down VM
07-25 17:01:34.738  9117  9117 D AndroidRuntime: >>>>>> START com.android.internal.os.RuntimeInit uid 0 <<<<<<
07-25 17:01:34.740  9117  9117 D AndroidRuntime: CheckJNI is OFF
07-25 17:01:34.751  9117  9117 D ICU     : No timezone override file found: /data/misc/zoneinfo/current/icu/icu_tzdata.dat
07-25 17:01:34.764  9117  9117 E memtrack: Couldn't load memtrack module (No such file or directory)
07-25 17:01:34.764  9117  9117 E android.os.Debug: failed to load memtrack module: -2
07-25 17:01:34.765  9117  9117 I Radio-JNI: register_android_hardware_Radio DONE
07-25 17:01:34.771  9117  9117 D AndroidRuntime: Calling main entry com.android.commands.uiautomator.Launcher
07-25 17:01:35.792  1874  1874 D leak-168: Eastern Standard Time
07-25 17:01:35.796  9117  9117 W AccessibilityNodeInfoDumper: Fetch time: 2ms
07-25 17:01:35.796   618   997 W WindowManager: Attempted to remove non-existing token: android.os.Binder@1f006f0
07-25 17:01:35.805  9117  9117 D AndroidRuntime: Shutting down VM
07-25 17:01:36.854  9145  9145 D AndroidRuntime: >>>>>> START com.android.internal.os.RuntimeInit uid 0 <<<<<<
07-25 17:01:36.856  9145  9145 D AndroidRuntime: CheckJNI is OFF
07-25 17:01:36.864  9145  9145 D ICU     : No timezone override file found: /data/misc/zoneinfo/current/icu/icu_tzdata.dat
07-25 17:01:36.877  9145  9145 E memtrack: Couldn't load memtrack module (No such file or directory)
07-25 17:01:36.877  9145  9145 E android.os.Debug: failed to load memtrack module: -2
07-25 17:01:36.878  9145  9145 I Radio-JNI: register_android_hardware_Radio DONE
07-25 17:01:36.884  9145  9145 D AndroidRuntime: Calling main entry com.android.commands.uiautomator.Launcher
07-25 17:01:37.896  1874  1874 D leak-168: Eastern Standard Time
07-25 17:01:37.900  9145  9145 W AccessibilityNodeInfoDumper: Fetch time: 2ms
07-25 17:01:37.901   618  1071 W WindowManager: Attempted to remove non-existing token: android.os.Binder@2f04469
07-25 17:01:37.909  9145  9145 D AndroidRuntime: Shutting down VM
07-25 17:01:38.926  9171  9171 D AndroidRuntime: >>>>>> START com.android.internal.os.RuntimeInit uid 0 <<<<<<
07-25 17:01:38.927  9171  9171 D AndroidRuntime: CheckJNI is OFF
07-25 17:01:38.936  9171  9171 D ICU     : No timezone override file found: /data/misc/zoneinfo/current/icu/icu_tzdata.dat
07-25 17:01:38.951  9171  9171 E memtrack: Couldn't load memtrack module (No such file or directory)
07-25 17:01:38.951  9171  9171 E android.os.Debug: failed to load memtrack module: -2
07-25 17:01:38.952  9171  9171 I Radio-JNI: register_android_hardware_Radio DONE
07-25 17:01:38.960  9171  9171 D AndroidRuntime: Calling main entry com.android.commands.uiautomator.Launcher
07-25 17:01:39.972  1874  1874 D leak-168: Eastern Standard Time
07-25 17:01:39.975  9171  9171 W AccessibilityNodeInfoDumper: Fetch time: 0ms
07-25 17:01:39.976   618   746 W WindowManager: Attempted to remove non-existing token: android.os.Binder@75b4eee
07-25 17:01:39.985  9171  9171 D AndroidRuntime: Shutting down VM
07-25 17:01:40.417  9189  9189 D AndroidRuntime: >>>>>> START com.android.internal.os.RuntimeInit uid 0 <<<<<<
07-25 17:01:40.418  9189  9189 D AndroidRuntime: CheckJNI is OFF
07-25 17:01:40.426  9189  9189 D ICU     : No timezone override file found: /data/misc/zoneinfo/current/icu/icu_tzdata.dat
07-25 17:01:40.439  9189  9189 E memtrack: Couldn't load memtrack module (No such file or directory)
07-25 17:01:40.439  9189  9189 E android.os.Debug: failed to load memtrack module: -2
07-25 17:01:40.439  9189  9189 I Radio-JNI: register_android_hardware_Radio DONE
07-25 17:01:40.444  9189  9189 D AndroidRuntime: Calling main entry com.android.commands.uiautomator.Launcher
07-25 17:01:41.453  1874  1874 D leak-168: Eastern Standard Time
07-25 17:01:41.457  9189  9189 W AccessibilityNodeInfoDumper: Fetch time: 1ms
07-25 17:01:41.458   618   756 W WindowManager: Attempted to remove non-existing token: android.os.Binder@e014f8f
07-25 17:01:41.464  9189  9189 D AndroidRuntime: Shutting down VM
07-25 17:01:41.861  9202  9202 D AndroidRuntime: >>>>>> START com.android.internal.os.RuntimeInit uid 0 <<<<<<
07-25 17:01:41.862  9202  9202 D AndroidRuntime: CheckJNI is OFF
07-25 17:01:41.873  9202  9202 D ICU     : No timezone override file found: /data/misc/zoneinfo/current/icu/icu_tzdata.dat
07-25 17:01:41.885  9202  9202 E memtrack: Couldn't load memtrack module (No such file or directory)
07-25 17:01:41.885  9202  9202 E android.os.Debug: failed to load memtrack module: -2
07-25 17:01:41.886  9202  9202 I Radio-JNI: register_android_hardware_Radio DONE
07-25 17:01:41.894  9202  9202 D AndroidRuntime: Calling main entry com.android.commands.am.Am
07-25 17:01:41.895   618   751 I ActivityManager: Force stopping com.markuspage.android.atimetracker appid=10060 user=0: from pid 9202
07-25 17:01:41.895   618   751 I ActivityManager: Killing 1874:com.markuspage.android.atimetracker/u0a60 (adj 0): stop com.markuspage.android.atimetracker
07-25 17:01:41.895   618   751 W libprocessgroup: failed to open /acct/uid_10060/pid_1874/cgroup.procs: No such file or directory
07-25 17:01:41.895   618   751 W ActivityManager: Force removing ActivityRecord{c42a3ed u0 com.markuspage.android.atimetracker/.Activities t4}: app died, no saved state
07-25 17:01:41.902   618   640 E JavaBinder: !!! FAILED BINDER TRANSACTION !!!  (parcel size = 60)
07-25 17:01:41.904   618   630 D GraphicsStats: Buffer count: 4
07-25 17:01:41.905  9202  9202 D AndroidRuntime: Shutting down VM
07-25 17:01:41.931  3473  3473 D WebViewTimersControl: onBrowserActivityResume
07-25 17:01:41.931  3473  3473 D WebViewTimersControl: Resuming webview timers, view=com.android.browser.BrowserWebView{df73dda VFEDHVCL. .F...... 0,0-1200,1568}
07-25 17:01:41.951  3473  3518 W EGL_emulation: eglSurfaceAttrib not implemented
07-25 17:01:41.951  3473  3518 W OpenGLRenderer: Failed to set EGL_SWAP_BEHAVIOR on surface 0xde2356e0, error=EGL_SUCCESS
07-25 17:01:41.960   618   997 W InputMethodManagerService: Got RemoteException sending setActive(false) notification to pid 1874 uid 10060
07-25 17:01:45.216  9220  9220 D AndroidRuntime: >>>>>> START com.android.internal.os.RuntimeInit uid 0 <<<<<<
07-25 17:01:45.217  9220  9220 D AndroidRuntime: CheckJNI is OFF
07-25 17:01:45.227  9220  9220 D ICU     : No timezone override file found: /data/misc/zoneinfo/current/icu/icu_tzdata.dat
07-25 17:01:45.238  9220  9220 E memtrack: Couldn't load memtrack module (No such file or directory)
07-25 17:01:45.238  9220  9220 E android.os.Debug: failed to load memtrack module: -2
07-25 17:01:45.239  9220  9220 I Radio-JNI: register_android_hardware_Radio DONE
07-25 17:01:45.245  9220  9220 D AndroidRuntime: Calling main entry com.android.commands.pm.Pm
07-25 17:01:45.248   618   633 I ActivityManager: Force stopping com.markuspage.android.atimetracker appid=10060 user=-1: uninstall pkg
07-25 17:01:45.260   618   644 I art     : Starting a blocking GC Explicit
07-25 17:01:45.270   618   644 I art     : Explicit concurrent mark sweep GC freed 17348(987KB) AllocSpace objects, 13(272KB) LOS objects, 33% free, 5MB/8MB, paused 270us total 10.642ms
07-25 17:01:45.273   618   644 W PackageManager: Couldn't remove dex file for package:  at location /data/app/com.markuspage.android.atimetracker-1/base.apk, retcode=-1
07-25 17:01:45.274  9220  9220 I art     : System.exit called, status: 0
07-25 17:01:45.274  9220  9220 I AndroidRuntime: VM exiting with result code 0.
07-25 17:01:45.277   618   644 I ActivityManager: Force stopping com.markuspage.android.atimetracker appid=10060 user=0: pkg removed
07-25 17:01:45.287   618   675 I InputReader: Reconfiguring input devices.  changes=0x00000010
07-25 17:01:45.287   952  1217 I LatinIME:LogUtils: Dictionary info: dictionary = main:en ; version = 54 ; date = 1414726273
07-25 17:01:45.294   853  9232 D VoicemailCleanupService: Cleaning up data for package: com.markuspage.android.atimetracker
07-25 17:01:45.313   618   618 D JobSchedulerService: Receieved: android.intent.action.PACKAGE_REMOVED
07-25 17:01:45.321   618   630 I ActivityManager: Start proc 9237:com.android.keychain/1000 for broadcast com.android.keychain/.KeyChainBroadcastReceiver
07-25 17:01:45.335  1005  1005 D CarrierServiceBindHelper: Receive action: android.intent.action.PACKAGE_REMOVED
07-25 17:01:45.348  9237  9237 E libprocessgroup: failed to make and chown /acct/uid_1000: Read-only file system
07-25 17:01:45.348  9237  9237 W Zygote  : createProcessGroup failed, kernel missing CONFIG_CGROUP_CPUACCT?
07-25 17:01:45.367  9237  9237 W System  : ClassLoader referenced unknown path: /system/app/KeyChain/lib/x86
07-25 17:01:45.369  9237  9237 W ContextImpl: Calling a method in the system process without a qualified user: android.app.ContextImpl.startService:1221 android.content.ContextWrapper.startService:581 android.content.ContextWrapper.startService:581 com.android.keychain.KeyChainBroadcastReceiver.onReceive:12 android.app.ActivityThread.handleReceiver:2725 
07-25 17:01:45.382   618   618 I ActivityManager: Start proc 9255:com.android.documentsui/u0a33 for broadcast com.android.documentsui/.PackageReceiver
07-25 17:01:45.396   618   746 I ActivityManager: Killing 1355:com.android.calendar/u0a24 (adj 15): empty #17
07-25 17:01:45.396   618   746 W libprocessgroup: failed to open /acct/uid_10024/pid_1355/cgroup.procs: No such file or directory
07-25 17:01:45.405  9255  9255 E libprocessgroup: failed to make and chown /acct/uid_10033: Read-only file system
07-25 17:01:45.405  9255  9255 W Zygote  : createProcessGroup failed, kernel missing CONFIG_CGROUP_CPUACCT?
07-25 17:01:45.422  9255  9255 W System  : ClassLoader referenced unknown path: /system/app/DocumentsUI/lib/x86
07-25 17:01:45.457   618   630 I ActivityManager: Start proc 9269:com.android.externalstorage/u0a7 for content provider com.android.externalstorage/.ExternalStorageProvider
07-25 17:01:45.465   618   756 I ActivityManager: Killing 1673:com.android.camera2/u0a25 (adj 15): empty #17
07-25 17:01:45.465   618   756 W libprocessgroup: failed to open /acct/uid_10025/pid_1673/cgroup.procs: No such file or directory
07-25 17:01:45.484  9269  9269 E libprocessgroup: failed to make and chown /acct/uid_10007: Read-only file system
07-25 17:01:45.484  9269  9269 W Zygote  : createProcessGroup failed, kernel missing CONFIG_CGROUP_CPUACCT?
07-25 17:01:45.494   618   751 I ActivityManager: Killing 1194:com.android.email/u0a34 (adj 15): empty #17
07-25 17:01:45.494   618   751 W libprocessgroup: failed to open /acct/uid_10034/pid_1194/cgroup.procs: No such file or directory
07-25 17:01:45.497  9244  9244 D AndroidRuntime: >>>>>> START com.android.internal.os.RuntimeInit uid 0 <<<<<<
07-25 17:01:45.498  9244  9244 D AndroidRuntime: CheckJNI is OFF
07-25 17:01:45.500  9269  9269 W System  : ClassLoader referenced unknown path: /system/priv-app/ExternalStorageProvider/lib/x86
07-25 17:01:45.502  9269  9269 D ExternalStorage: After updating volumes, found 1 active roots
07-25 17:01:45.510  9244  9244 D ICU     : No timezone override file found: /data/misc/zoneinfo/current/icu/icu_tzdata.dat
07-25 17:01:45.510  9255  9268 D Documents: Update found 6 roots in 70ms
07-25 17:01:45.513  9255  9283 D Documents: Update found 6 roots in 9ms
07-25 17:01:45.521  9244  9244 E memtrack: Couldn't load memtrack module (No such file or directory)
07-25 17:01:45.521  9244  9244 E android.os.Debug: failed to load memtrack module: -2
07-25 17:01:45.522  9244  9244 I Radio-JNI: register_android_hardware_Radio DONE
07-25 17:01:45.527  9244  9244 D AndroidRuntime: Calling main entry com.android.commands.pm.Pm
07-25 17:01:45.536  1802  1814 D DefContainer: Copying /data/local/tmp/timetracker-release-unsigned_COMPLEX.apk to base.apk
07-25 17:01:45.564   618   644 I PackageManager.DexOptimizer: Running dexopt (dex2oat) on: /data/app/vmdl1819380569.tmp/base.apk pkg=com.markuspage.android.atimetracker isa=x86 vmSafeMode=false debuggable=false oatDir = /data/app/vmdl1819380569.tmp/oat
07-25 17:01:45.571  9292  9292 W dex2oat : Unexpected CPU variant for X86 using defaults: x86
07-25 17:01:45.571  9292  9292 I dex2oat : Starting dex2oat.
07-25 17:01:45.571  9292  9292 E cutils-trace: Error opening trace file: Permission denied (13)
07-25 17:01:45.995  9292  9292 I dex2oat : dex2oat took 423.703ms (threads: 4) arena alloc=2MB java alloc=1612KB native alloc=9MB free=2MB
07-25 17:01:46.006   618   644 I PackageManager: New shared user com.markuspage.android.atimetracker: id=10061
07-25 17:01:46.029   618   644 V BackupManagerService: restoreAtInstall pkg=com.markuspage.android.atimetracker token=2 restoreSet=0
07-25 17:01:46.029   618   644 V BackupManagerService: Finishing install immediately
07-25 17:01:46.029   618   644 W Settings: Setting install_non_market_apps has moved from android.provider.Settings.Global to android.provider.Settings.Secure, returning read-only value.
07-25 17:01:46.029   618   644 I art     : Starting a blocking GC Explicit
07-25 17:01:46.038   618   644 I art     : Explicit concurrent mark sweep GC freed 27577(1877KB) AllocSpace objects, 14(312KB) LOS objects, 33% free, 6MB/9MB, paused 264us total 9.404ms
07-25 17:01:46.041  9244  9244 I art     : System.exit called, status: 0
07-25 17:01:46.041  9244  9244 I AndroidRuntime: VM exiting with result code 0.
07-25 17:01:46.043   618   675 I InputReader: Reconfiguring input devices.  changes=0x00000010
07-25 17:01:46.045  9255  9298 D Documents: Update found 6 roots in 4ms
07-25 17:01:46.054  1005  1005 D CarrierServiceBindHelper: Receive action: android.intent.action.PACKAGE_ADDED
07-25 17:01:46.055  1005  1005 D CarrierServiceBindHelper: mHandler: 3
07-25 17:01:46.055  1005  1005 D CarrierConfigLoader: mHandler: 9 phoneId: 0
07-25 17:01:46.058   618   632 W VoiceInteractionManagerService: no available voice recognition services found for user 0
07-25 17:01:46.251  9307  9307 D AndroidRuntime: >>>>>> START com.android.internal.os.RuntimeInit uid 0 <<<<<<
07-25 17:01:46.253  9307  9307 D AndroidRuntime: CheckJNI is OFF
07-25 17:01:46.262  9307  9307 D ICU     : No timezone override file found: /data/misc/zoneinfo/current/icu/icu_tzdata.dat
07-25 17:01:46.275  9307  9307 E memtrack: Couldn't load memtrack module (No such file or directory)
07-25 17:01:46.275  9307  9307 E android.os.Debug: failed to load memtrack module: -2
07-25 17:01:46.275  9307  9307 I Radio-JNI: register_android_hardware_Radio DONE
07-25 17:01:46.283  9307  9307 D AndroidRuntime: Calling main entry com.android.commands.monkey.Monkey
07-25 17:01:46.292   618   633 W BroadcastQueue: Skipping deliver [background] BroadcastRecord{c79d8e0 u-1 android.net.conn.CONNECTIVITY_CHANGE} to ReceiverList{d35c799 9307 (unknown name)/0/u-1 remote:934cf12}: process crashing
07-25 17:01:46.296   618   629 I ActivityManager: START u0 {act=android.intent.action.MAIN cat=[android.intent.category.LAUNCHER] flg=0x10200000 cmp=com.markuspage.android.atimetracker/.Activities} from uid 0 on display 0
07-25 17:01:46.350   618   629 D         : HostConnection::get() New Host Connection established 0xdbcffd60, tid 629
07-25 17:01:46.388   337   337 E EGL_emulation: tid 337: eglCreateSyncKHR(1215): error 0x3004 (EGL_BAD_ATTRIBUTE)
07-25 17:01:46.435  3473  3473 D WebViewTimersControl: onBrowserActivityPause
07-25 17:01:46.435  3473  3473 D WebViewTimersControl: Pausing webview timers, view=com.android.browser.BrowserWebView{df73dda VFEDHVCL. .F...... 0,0-1200,1568}
07-25 17:01:46.449   618   746 I ActivityManager: Start proc 9317:com.markuspage.android.atimetracker/u0a61 for activity com.markuspage.android.atimetracker/.Activities
07-25 17:01:46.457  9307  9307 I art     : System.exit called, status: 0
07-25 17:01:46.457  9307  9307 I AndroidRuntime: VM exiting with result code 0.
07-25 17:01:46.477  9317  9317 E libprocessgroup: failed to make and chown /acct/uid_10061: Read-only file system
07-25 17:01:46.477  9317  9317 W Zygote  : createProcessGroup failed, kernel missing CONFIG_CGROUP_CPUACCT?
07-25 17:01:46.502  9317  9317 W System  : ClassLoader referenced unknown path: /data/app/com.markuspage.android.atimetracker-1/lib/x86
07-25 17:01:46.525  9317  9317 D leak-33 : Eastern Standard Time
07-25 17:01:46.534  9317  9317 D leak-34 : Eastern Standard Time
07-25 17:01:46.541  9317  9317 D leak-143: Eastern Standard Time
07-25 17:01:46.541  9317  9317 D leak-256: Eastern Standard Time
07-25 17:01:46.561  9317  9317 D leak-257: Eastern Standard Time
07-25 17:01:46.590  9317  9317 D leak-168: Eastern Standard Time
07-25 17:01:46.591  9317  9317 D leak-168: Eastern Standard Time
07-25 17:01:46.591  9317  9317 D leak-168: Eastern Standard Time
07-25 17:01:46.591  9317  9317 D leak-71 : Eastern Standard Time
07-25 17:01:46.591  9317  9317 D leak-146: Eastern Standard Time
07-25 17:01:46.591  9317  9317 D leak-147: Eastern Standard Time
07-25 17:01:46.591  9317  9317 D leak-148: Eastern Standard Time
07-25 17:01:46.591  9317  9317 D leak-149: Eastern Standard Time
07-25 17:01:46.591  9317  9317 D leak-150: Eastern Standard Time
07-25 17:01:46.591  9317  9317 D leak-150: Eastern Standard Time
07-25 17:01:46.591  9317  9317 D leak-150: Eastern Standard Time
07-25 17:01:46.591  9317  9317 D leak-149: Eastern Standard Time
07-25 17:01:46.591  9317  9317 D leak-150: Eastern Standard Time
07-25 17:01:46.591  9317  9317 D leak-150: Eastern Standard Time
07-25 17:01:46.592  9317  9317 D leak-150: Eastern Standard Time
07-25 17:01:46.592  9317  9317 D leak-149: Eastern Standard Time
07-25 17:01:46.592  9317  9317 D leak-150: Eastern Standard Time
07-25 17:01:46.592  9317  9317 D leak-150: Eastern Standard Time
07-25 17:01:46.592  9317  9317 D leak-150: Eastern Standard Time
07-25 17:01:46.592  9317  9317 D leak-149: Eastern Standard Time
07-25 17:01:46.592  9317  9317 D leak-150: Eastern Standard Time
07-25 17:01:46.592  9317  9317 D leak-150: Eastern Standard Time
07-25 17:01:46.592  9317  9317 D leak-150: Eastern Standard Time
07-25 17:01:46.592  9317  9317 D leak-151: Eastern Standard Time
07-25 17:01:46.592  9317  9317 D leak-159: Eastern Standard Time
07-25 17:01:46.593  9317  9317 D leak-168: Eastern Standard Time
07-25 17:01:46.593  9317  9317 D leak-168: Eastern Standard Time
07-25 17:01:46.593  9317  9317 D leak-72 : Eastern Standard Time
07-25 17:01:46.593  9317  9317 D leak-137: Eastern Standard Time
07-25 17:01:46.593  9317  9317 D leak-138: Eastern Standard Time
07-25 17:01:46.593  9317  9317 D leak-141: Eastern Standard Time
07-25 17:01:46.593  9317  9317 D leak-35 : Eastern Standard Time
07-25 17:01:46.593  9317  9317 D leak-36 : Eastern Standard Time
07-25 17:01:46.593  9317  9317 D leak-91 : Eastern Standard Time
07-25 17:01:46.593  9317  9317 D leak-92 : Eastern Standard Time
07-25 17:01:46.593  9317  9317 D leak-93 : Eastern Standard Time
07-25 17:01:46.593  9317  9317 D leak-42 : Eastern Standard Time
07-25 17:01:46.594  9317  9317 D leak-55 : Eastern Standard Time
07-25 17:01:46.594  9317  9317 D leak-95 : Eastern Standard Time
07-25 17:01:46.594  9317  9317 D leak-91 : Eastern Standard Time
