W/AccessibilityNodeInfoDumper( 9598): Fetch time: 4ms
W/WindowManager(  676): Attempted to remove non-existing token: android.os.Binder@2049bacf
D/AndroidRuntime( 9598): Shutting down VM
D/AndroidRuntime( 9631): >>>>>> START com.android.internal.os.RuntimeInit uid 0 <<<<<<
D/AndroidRuntime( 9631): CheckJNI is OFF
E/memtrack( 9631): Couldn't load memtrack module (No such file or directory)
E/android.os.Debug( 9631): failed to load memtrack module: -2
D/AndroidRuntime( 9631): Calling main entry com.android.commands.uiautomator.Launcher
W/AccessibilityNodeInfoDumper( 9631): Fetch time: 4ms
W/WindowManager(  676): Attempted to remove non-existing token: android.os.Binder@169cc5c
D/AndroidRuntime( 9631): Shutting down VM
D/AndroidRuntime( 9662): >>>>>> START com.android.internal.os.RuntimeInit uid 0 <<<<<<
D/AndroidRuntime( 9662): CheckJNI is OFF
E/memtrack( 9662): Couldn't load memtrack module (No such file or directory)
E/android.os.Debug( 9662): failed to load memtrack module: -2
D/AndroidRuntime( 9662): Calling main entry com.android.commands.uiautomator.Launcher
W/AccessibilityNodeInfoDumper( 9662): Fetch time: 4ms
W/WindowManager(  676): Attempted to remove non-existing token: android.os.Binder@1783b65
D/AndroidRuntime( 9662): Shutting down VM
D/AndroidRuntime( 9685): >>>>>> START com.android.internal.os.RuntimeInit uid 0 <<<<<<
D/AndroidRuntime( 9685): CheckJNI is OFF
E/memtrack( 9685): Couldn't load memtrack module (No such file or directory)
E/android.os.Debug( 9685): failed to load memtrack module: -2
D/AndroidRuntime( 9685): Calling main entry com.android.commands.uiautomator.Launcher
W/AccessibilityNodeInfoDumper( 9685): Fetch time: 5ms
W/WindowManager(  676): Attempted to remove non-existing token: android.os.Binder@1768403a
D/AndroidRuntime( 9685): Shutting down VM
D/AndroidRuntime( 9714): >>>>>> START com.android.internal.os.RuntimeInit uid 0 <<<<<<
D/AndroidRuntime( 9714): CheckJNI is OFF
E/memtrack( 9714): Couldn't load memtrack module (No such file or directory)
E/android.os.Debug( 9714): failed to load memtrack module: -2
D/AndroidRuntime( 9714): Calling main entry com.android.commands.uiautomator.Launcher
W/AccessibilityNodeInfoDumper( 9714): Fetch time: 5ms
W/WindowManager(  676): Attempted to remove non-existing token: android.os.Binder@21d134eb
D/AndroidRuntime( 9714): Shutting down VM
D/AndroidRuntime( 9737): >>>>>> START com.android.internal.os.RuntimeInit uid 0 <<<<<<
D/AndroidRuntime( 9737): CheckJNI is OFF
E/memtrack( 9737): Couldn't load memtrack module (No such file or directory)
E/android.os.Debug( 9737): failed to load memtrack module: -2
D/AndroidRuntime( 9737): Calling main entry com.android.commands.uiautomator.Launcher
I/art     ( 1079): Explicit concurrent mark sweep GC freed 1863(83KB) AllocSpace objects, 0(0B) LOS objects, 40% free, 10MB/16MB, paused 616us total 9.771ms
W/AccessibilityNodeInfoDumper( 9737): Fetch time: 6ms
W/WindowManager(  676): Attempted to remove non-existing token: android.os.Binder@3cf55248
D/AndroidRuntime( 9737): Shutting down VM
D/AndroidRuntime( 9765): >>>>>> START com.android.internal.os.RuntimeInit uid 0 <<<<<<
D/AndroidRuntime( 9765): CheckJNI is OFF
E/memtrack( 9765): Couldn't load memtrack module (No such file or directory)
E/android.os.Debug( 9765): failed to load memtrack module: -2
D/AndroidRuntime( 9765): Calling main entry com.android.commands.uiautomator.Launcher
W/AccessibilityNodeInfoDumper( 9765): Fetch time: 4ms
W/WindowManager(  676): Attempted to remove non-existing token: android.os.Binder@1f3628e1
D/AndroidRuntime( 9765): Shutting down VM
D/AndroidRuntime( 9788): >>>>>> START com.android.internal.os.RuntimeInit uid 0 <<<<<<
D/AndroidRuntime( 9788): CheckJNI is OFF
E/memtrack( 9788): Couldn't load memtrack module (No such file or directory)
E/android.os.Debug( 9788): failed to load memtrack module: -2
D/AndroidRuntime( 9788): Calling main entry com.android.commands.uiautomator.Launcher
W/AccessibilityNodeInfoDumper( 9788): Fetch time: 4ms
W/WindowManager(  676): Attempted to remove non-existing token: android.os.Binder@160c34c7
D/AndroidRuntime( 9788): Shutting down VM
D/AndroidRuntime( 9818): >>>>>> START com.android.internal.os.RuntimeInit uid 0 <<<<<<
D/AndroidRuntime( 9818): CheckJNI is OFF
E/memtrack( 9818): Couldn't load memtrack module (No such file or directory)
E/android.os.Debug( 9818): failed to load memtrack module: -2
D/AndroidRuntime( 9818): Calling main entry com.android.commands.uiautomator.Launcher
W/AccessibilityNodeInfoDumper( 9818): Fetch time: 4ms
W/WindowManager(  676): Attempted to remove non-existing token: android.os.Binder@34314af4
D/AndroidRuntime( 9818): Shutting down VM
D/AndroidRuntime( 9841): >>>>>> START com.android.internal.os.RuntimeInit uid 0 <<<<<<
D/AndroidRuntime( 9841): CheckJNI is OFF
E/memtrack( 9841): Couldn't load memtrack module (No such file or directory)
E/android.os.Debug( 9841): failed to load memtrack module: -2
D/AndroidRuntime( 9841): Calling main entry com.android.commands.uiautomator.Launcher
W/AccessibilityNodeInfoDumper( 9841): Fetch time: 5ms
W/WindowManager(  676): Attempted to remove non-existing token: android.os.Binder@2a8b721d
D/AndroidRuntime( 9841): Shutting down VM
D/AndroidRuntime( 9859): >>>>>> START com.android.internal.os.RuntimeInit uid 0 <<<<<<
D/AndroidRuntime( 9859): CheckJNI is OFF
E/memtrack( 9859): Couldn't load memtrack module (No such file or directory)
E/android.os.Debug( 9859): failed to load memtrack module: -2
D/AndroidRuntime( 9859): Calling main entry com.android.commands.input.Input
I/Input   ( 9859): injectMotionEvent: MotionEvent { action=ACTION_DOWN, id[0]=0, x[0]=600.0, y[0]=1001.0, toolType[0]=TOOL_TYPE_UNKNOWN, buttonState=0, metaState=0, flags=0x0, edgeFlags=0x0, pointerCount=1, historySize=0, eventTime=610360, downTime=610360, deviceId=0, source=0x1002 }
I/Input   ( 9859): injectMotionEvent: MotionEvent { action=ACTION_MOVE, id[0]=0, x[0]=600.0, y[0]=1001.0, toolType[0]=TOOL_TYPE_UNKNOWN, buttonState=0, metaState=0, flags=0x0, edgeFlags=0x0, pointerCount=1, historySize=0, eventTime=610360, downTime=610360, deviceId=0, source=0x1002 }
I/Input   ( 9859): injectMotionEvent: MotionEvent { action=ACTION_MOVE, id[0]=0, x[0]=600.0, y[0]=1001.0, toolType[0]=TOOL_TYPE_UNKNOWN, buttonState=0, metaState=0, flags=0x0, edgeFlags=0x0, pointerCount=1, historySize=0, eventTime=610368, downTime=610368, deviceId=0, source=0x1002 }
I/Input   ( 9859): injectMotionEvent: MotionEvent { action=ACTION_MOVE, id[0]=0, x[0]=600.0, y[0]=1001.0, toolType[0]=TOOL_TYPE_UNKNOWN, buttonState=0, metaState=0, flags=0x0, edgeFlags=0x0, pointerCount=1, historySize=0, eventTime=610384, downTime=610384, deviceId=0, source=0x1002 }
I/Input   ( 9859): injectMotionEvent: MotionEvent { action=ACTION_MOVE, id[0]=0, x[0]=600.0, y[0]=1001.0, toolType[0]=TOOL_TYPE_UNKNOWN, buttonState=0, metaState=0, flags=0x0, edgeFlags=0x0, pointerCount=1, historySize=0, eventTime=610401, downTime=610401, deviceId=0, source=0x1002 }
I/Input   ( 9859): injectMotionEvent: MotionEvent { action=ACTION_MOVE, id[0]=0, x[0]=600.0, y[0]=1001.0, toolType[0]=TOOL_TYPE_UNKNOWN, buttonState=0, metaState=0, flags=0x0, edgeFlags=0x0, pointerCount=1, historySize=0, eventTime=610417, downTime=610417, deviceId=0, source=0x1002 }
I/Input   ( 9859): injectMotionEvent: MotionEvent { action=ACTION_MOVE, id[0]=0, x[0]=600.0, y[0]=1001.0, toolType[0]=TOOL_TYPE_UNKNOWN, buttonState=0, metaState=0, flags=0x0, edgeFlags=0x0, pointerCount=1, historySize=0, eventTime=610434, downTime=610434, deviceId=0, source=0x1002 }
I/Input   ( 9859): injectMotionEvent: MotionEvent { action=ACTION_MOVE, id[0]=0, x[0]=600.0, y[0]=1001.0, toolType[0]=TOOL_TYPE_UNKNOWN, buttonState=0, metaState=0, flags=0x0, edgeFlags=0x0, pointerCount=1, historySize=0, eventTime=610450, downTime=610450, deviceId=0, source=0x1002 }
I/Input   ( 9859): injectMotionEvent: MotionEvent { action=ACTION_MOVE, id[0]=0, x[0]=600.0, y[0]=1001.0, toolType[0]=TOOL_TYPE_UNKNOWN, buttonState=0, metaState=0, flags=0x0, edgeFlags=0x0, pointerCount=1, historySize=0, eventTime=610467, downTime=610467, deviceId=0, source=0x1002 }
I/Input   ( 9859): injectMotionEvent: MotionEvent { action=ACTION_MOVE, id[0]=0, x[0]=600.0, y[0]=1001.0, toolType[0]=TOOL_TYPE_UNKNOWN, buttonState=0, metaState=0, flags=0x0, edgeFlags=0x0, pointerCount=1, historySize=0, eventTime=610484, downTime=610484, deviceId=0, source=0x1002 }
I/Input   ( 9859): injectMotionEvent: MotionEvent { action=ACTION_MOVE, id[0]=0, x[0]=600.0, y[0]=1001.0, toolType[0]=TOOL_TYPE_UNKNOWN, buttonState=0, metaState=0, flags=0x0, edgeFlags=0x0, pointerCount=1, historySize=0, eventTime=610502, downTime=610502, deviceId=0, source=0x1002 }
I/Input   ( 9859): injectMotionEvent: MotionEvent { action=ACTION_MOVE, id[0]=0, x[0]=600.0, y[0]=1001.0, toolType[0]=TOOL_TYPE_UNKNOWN, buttonState=0, metaState=0, flags=0x0, edgeFlags=0x0, pointerCount=1, historySize=0, eventTime=610518, downTime=610518, deviceId=0, source=0x1002 }
I/Input   ( 9859): injectMotionEvent: MotionEvent { action=ACTION_MOVE, id[0]=0, x[0]=600.0, y[0]=1001.0, toolType[0]=TOOL_TYPE_UNKNOWN, buttonState=0, metaState=0, flags=0x0, edgeFlags=0x0, pointerCount=1, historySize=0, eventTime=610534, downTime=610534, deviceId=0, source=0x1002 }
I/Input   ( 9859): injectMotionEvent: MotionEvent { action=ACTION_MOVE, id[0]=0, x[0]=600.0, y[0]=1001.0, toolType[0]=TOOL_TYPE_UNKNOWN, buttonState=0, metaState=0, flags=0x0, edgeFlags=0x0, pointerCount=1, historySize=0, eventTime=610550, downTime=610550, deviceId=0, source=0x1002 }
I/Input   ( 9859): injectMotionEvent: MotionEvent { action=ACTION_MOVE, id[0]=0, x[0]=600.0, y[0]=1001.0, toolType[0]=TOOL_TYPE_UNKNOWN, buttonState=0, metaState=0, flags=0x0, edgeFlags=0x0, pointerCount=1, historySize=0, eventTime=610568, downTime=610568, deviceId=0, source=0x1002 }
I/Input   ( 9859): injectMotionEvent: MotionEvent { action=ACTION_MOVE, id[0]=0, x[0]=600.0, y[0]=1001.0, toolType[0]=TOOL_TYPE_UNKNOWN, buttonState=0, metaState=0, flags=0x0, edgeFlags=0x0, pointerCount=1, historySize=0, eventTime=610584, downTime=610584, deviceId=0, source=0x1002 }
I/Input   ( 9859): injectMotionEvent: MotionEvent { action=ACTION_MOVE, id[0]=0, x[0]=600.0, y[0]=1001.0, toolType[0]=TOOL_TYPE_UNKNOWN, buttonState=0, metaState=0, flags=0x0, edgeFlags=0x0, pointerCount=1, historySize=0, eventTime=610600, downTime=610600, deviceId=0, source=0x1002 }
I/Input   ( 9859): injectMotionEvent: MotionEvent { action=ACTION_MOVE, id[0]=0, x[0]=600.0, y[0]=1001.0, toolType[0]=TOOL_TYPE_UNKNOWN, buttonState=0, metaState=0, flags=0x0, edgeFlags=0x0, pointerCount=1, historySize=0, eventTime=610618, downTime=610618, deviceId=0, source=0x1002 }
I/Input   ( 9859): injectMotionEvent: MotionEvent { action=ACTION_MOVE, id[0]=0, x[0]=600.0, y[0]=1001.0, toolType[0]=TOOL_TYPE_UNKNOWN, buttonState=0, metaState=0, flags=0x0, edgeFlags=0x0, pointerCount=1, historySize=0, eventTime=610635, downTime=610635, deviceId=0, source=0x1002 }
I/Input   ( 9859): injectMotionEvent: MotionEvent { action=ACTION_MOVE, id[0]=0, x[0]=600.0, y[0]=1001.0, toolType[0]=TOOL_TYPE_UNKNOWN, buttonState=0, metaState=0, flags=0x0, edgeFlags=0x0, pointerCount=1, historySize=0, eventTime=610651, downTime=610651, deviceId=0, source=0x1002 }
I/Input   ( 9859): injectMotionEvent: MotionEvent { action=ACTION_MOVE, id[0]=0, x[0]=600.0, y[0]=1001.0, toolType[0]=TOOL_TYPE_UNKNOWN, buttonState=0, metaState=0, flags=0x0, edgeFlags=0x0, pointerCount=1, historySize=0, eventTime=610667, downTime=610667, deviceId=0, source=0x1002 }
I/Input   ( 9859): injectMotionEvent: MotionEvent { action=ACTION_MOVE, id[0]=0, x[0]=600.0, y[0]=1001.0, toolType[0]=TOOL_TYPE_UNKNOWN, buttonState=0, metaState=0, flags=0x0, edgeFlags=0x0, pointerCount=1, historySize=0, eventTime=610684, downTime=610684, deviceId=0, source=0x1002 }
I/Input   ( 9859): injectMotionEvent: MotionEvent { action=ACTION_MOVE, id[0]=0, x[0]=600.0, y[0]=1001.0, toolType[0]=TOOL_TYPE_UNKNOWN, buttonState=0, metaState=0, flags=0x0, edgeFlags=0x0, pointerCount=1, historySize=0, eventTime=610700, downTime=610700, deviceId=0, source=0x1002 }
I/Input   ( 9859): injectMotionEvent: MotionEvent { action=ACTION_MOVE, id[0]=0, x[0]=600.0, y[0]=1001.0, toolType[0]=TOOL_TYPE_UNKNOWN, buttonState=0, metaState=0, flags=0x0, edgeFlags=0x0, pointerCount=1, historySize=0, eventTime=610718, downTime=610718, deviceId=0, source=0x1002 }
I/Input   ( 9859): injectMotionEvent: MotionEvent { action=ACTION_MOVE, id[0]=0, x[0]=600.0, y[0]=1001.0, toolType[0]=TOOL_TYPE_UNKNOWN, buttonState=0, metaState=0, flags=0x0, edgeFlags=0x0, pointerCount=1, historySize=0, eventTime=610735, downTime=610735, deviceId=0, source=0x1002 }
I/Input   ( 9859): injectMotionEvent: MotionEvent { action=ACTION_MOVE, id[0]=0, x[0]=600.0, y[0]=1001.0, toolType[0]=TOOL_TYPE_UNKNOWN, buttonState=0, metaState=0, flags=0x0, edgeFlags=0x0, pointerCount=1, historySize=0, eventTime=610751, downTime=610751, deviceId=0, source=0x1002 }
I/Input   ( 9859): injectMotionEvent: MotionEvent { action=ACTION_MOVE, id[0]=0, x[0]=600.0, y[0]=1001.0, toolType[0]=TOOL_TYPE_UNKNOWN, buttonState=0, metaState=0, flags=0x0, edgeFlags=0x0, pointerCount=1, historySize=0, eventTime=610768, downTime=610768, deviceId=0, source=0x1002 }
I/Input   ( 9859): injectMotionEvent: MotionEvent { action=ACTION_MOVE, id[0]=0, x[0]=600.0, y[0]=1001.0, toolType[0]=TOOL_TYPE_UNKNOWN, buttonState=0, metaState=0, flags=0x0, edgeFlags=0x0, pointerCount=1, historySize=0, eventTime=610784, downTime=610784, deviceId=0, source=0x1002 }
I/Input   ( 9859): injectMotionEvent: MotionEvent { action=ACTION_MOVE, id[0]=0, x[0]=600.0, y[0]=1001.0, toolType[0]=TOOL_TYPE_UNKNOWN, buttonState=0, metaState=0, flags=0x0, edgeFlags=0x0, pointerCount=1, historySize=0, eventTime=610801, downTime=610801, deviceId=0, source=0x1002 }
I/Input   ( 9859): injectMotionEvent: MotionEvent { action=ACTION_MOVE, id[0]=0, x[0]=600.0, y[0]=1001.0, toolType[0]=TOOL_TYPE_UNKNOWN, buttonState=0, metaState=0, flags=0x0, edgeFlags=0x0, pointerCount=1, historySize=0, eventTime=610817, downTime=610817, deviceId=0, source=0x1002 }
I/Input   ( 9859): injectMotionEvent: MotionEvent { action=ACTION_MOVE, id[0]=0, x[0]=600.0, y[0]=1001.0, toolType[0]=TOOL_TYPE_UNKNOWN, buttonState=0, metaState=0, flags=0x0, edgeFlags=0x0, pointerCount=1, historySize=0, eventTime=610835, downTime=610835, deviceId=0, source=0x1002 }
I/Input   ( 9859): injectMotionEvent: MotionEvent { action=ACTION_MOVE, id[0]=0, x[0]=600.0, y[0]=1001.0, toolType[0]=TOOL_TYPE_UNKNOWN, buttonState=0, metaState=0, flags=0x0, edgeFlags=0x0, pointerCount=1, historySize=0, eventTime=610852, downTime=610852, deviceId=0, source=0x1002 }
I/Input   ( 9859): injectMotionEvent: MotionEvent { action=ACTION_MOVE, id[0]=0, x[0]=600.0, y[0]=1001.0, toolType[0]=TOOL_TYPE_UNKNOWN, buttonState=0, metaState=0, flags=0x0, edgeFlags=0x0, pointerCount=1, historySize=0, eventTime=610875, downTime=610875, deviceId=0, source=0x1002 }
V/WindowManager(  676): Adding window Window{1a0d5663 u0 PopupWindow:c90a37b} at 3 of 8 (after Window{3ca7db11 u0 com.oF2pks.kalturadeviceinfos/com.oF2pks.kalturadeviceinfos.MainActivity})
V/WindowManager(  676): Adding window Window{39f21319 u0 PopupWindow:17874598} at 4 of 9 (after Window{1a0d5663 u0 PopupWindow:c90a37b})
I/Input   ( 9859): injectMotionEvent: MotionEvent { action=ACTION_MOVE, id[0]=0, x[0]=600.0, y[0]=1001.0, toolType[0]=TOOL_TYPE_UNKNOWN, buttonState=0, metaState=0, flags=0x0, edgeFlags=0x0, pointerCount=1, historySize=0, eventTime=610926, downTime=610926, deviceId=0, source=0x1002 }
W/EGL_emulation( 4658): eglSurfaceAttrib not implemented
W/OpenGLRenderer( 4658): Failed to set EGL_SWAP_BEHAVIOR on surface 0xe21e3ac0, error=EGL_SUCCESS
W/EGL_emulation( 4658): eglSurfaceAttrib not implemented
W/OpenGLRenderer( 4658): Failed to set EGL_SWAP_BEHAVIOR on surface 0xe225d8a0, error=EGL_SUCCESS
I/Input   ( 9859): injectMotionEvent: MotionEvent { action=ACTION_MOVE, id[0]=0, x[0]=600.0, y[0]=1001.0, toolType[0]=TOOL_TYPE_UNKNOWN, buttonState=0, metaState=0, flags=0x0, edgeFlags=0x0, pointerCount=1, historySize=0, eventTime=610968, downTime=610968, deviceId=0, source=0x1002 }
I/Input   ( 9859): injectMotionEvent: MotionEvent { action=ACTION_MOVE, id[0]=0, x[0]=600.0, y[0]=1001.0, toolType[0]=TOOL_TYPE_UNKNOWN, buttonState=0, metaState=0, flags=0x0, edgeFlags=0x0, pointerCount=1, historySize=0, eventTime=610985, downTime=610985, deviceId=0, source=0x1002 }
I/Input   ( 9859): injectMotionEvent: MotionEvent { action=ACTION_MOVE, id[0]=0, x[0]=600.0, y[0]=1001.0, toolType[0]=TOOL_TYPE_UNKNOWN, buttonState=0, metaState=0, flags=0x0, edgeFlags=0x0, pointerCount=1, historySize=0, eventTime=611001, downTime=611001, deviceId=0, source=0x1002 }
I/Input   ( 9859): injectMotionEvent: MotionEvent { action=ACTION_MOVE, id[0]=0, x[0]=600.0, y[0]=1001.0, toolType[0]=TOOL_TYPE_UNKNOWN, buttonState=0, metaState=0, flags=0x0, edgeFlags=0x0, pointerCount=1, historySize=0, eventTime=611018, downTime=611018, deviceId=0, source=0x1002 }
I/Input   ( 9859): injectMotionEvent: MotionEvent { action=ACTION_MOVE, id[0]=0, x[0]=600.0, y[0]=1001.0, toolType[0]=TOOL_TYPE_UNKNOWN, buttonState=0, metaState=0, flags=0x0, edgeFlags=0x0, pointerCount=1, historySize=0, eventTime=611034, downTime=611034, deviceId=0, source=0x1002 }
I/Input   ( 9859): injectMotionEvent: MotionEvent { action=ACTION_MOVE, id[0]=0, x[0]=600.0, y[0]=1001.0, toolType[0]=TOOL_TYPE_UNKNOWN, buttonState=0, metaState=0, flags=0x0, edgeFlags=0x0, pointerCount=1, historySize=0, eventTime=611058, downTime=611058, deviceId=0, source=0x1002 }
I/Input   ( 9859): injectMotionEvent: MotionEvent { action=ACTION_MOVE, id[0]=0, x[0]=600.0, y[0]=1001.0, toolType[0]=TOOL_TYPE_UNKNOWN, buttonState=0, metaState=0, flags=0x0, edgeFlags=0x0, pointerCount=1, historySize=0, eventTime=611077, downTime=611077, deviceId=0, source=0x1002 }
I/Input   ( 9859): injectMotionEvent: MotionEvent { action=ACTION_MOVE, id[0]=0, x[0]=600.0, y[0]=1001.0, toolType[0]=TOOL_TYPE_UNKNOWN, buttonState=0, metaState=0, flags=0x0, edgeFlags=0x0, pointerCount=1, historySize=0, eventTime=611103, downTime=611103, deviceId=0, source=0x1002 }
I/Input   ( 9859): injectMotionEvent: MotionEvent { action=ACTION_MOVE, id[0]=0, x[0]=600.0, y[0]=1001.0, toolType[0]=TOOL_TYPE_UNKNOWN, buttonState=0, metaState=0, flags=0x0, edgeFlags=0x0, pointerCount=1, historySize=0, eventTime=611118, downTime=611118, deviceId=0, source=0x1002 }
I/Input   ( 9859): injectMotionEvent: MotionEvent { action=ACTION_MOVE, id[0]=0, x[0]=600.0, y[0]=1001.0, toolType[0]=TOOL_TYPE_UNKNOWN, buttonState=0, metaState=0, flags=0x0, edgeFlags=0x0, pointerCount=1, historySize=0, eventTime=611162, downTime=611162, deviceId=0, source=0x1002 }
I/Input   ( 9859): injectMotionEvent: MotionEvent { action=ACTION_MOVE, id[0]=0, x[0]=600.0, y[0]=1001.0, toolType[0]=TOOL_TYPE_UNKNOWN, buttonState=0, metaState=0, flags=0x0, edgeFlags=0x0, pointerCount=1, historySize=0, eventTime=611210, downTime=611210, deviceId=0, source=0x1002 }
I/Input   ( 9859): injectMotionEvent: MotionEvent { action=ACTION_MOVE, id[0]=0, x[0]=600.0, y[0]=1001.0, toolType[0]=TOOL_TYPE_UNKNOWN, buttonState=0, metaState=0, flags=0x0, edgeFlags=0x0, pointerCount=1, historySize=0, eventTime=611231, downTime=611231, deviceId=0, source=0x1002 }
I/Input   ( 9859): injectMotionEvent: MotionEvent { action=ACTION_MOVE, id[0]=0, x[0]=600.0, y[0]=1001.0, toolType[0]=TOOL_TYPE_UNKNOWN, buttonState=0, metaState=0, flags=0x0, edgeFlags=0x0, pointerCount=1, historySize=0, eventTime=611251, downTime=611251, deviceId=0, source=0x1002 }
I/Input   ( 9859): injectMotionEvent: MotionEvent { action=ACTION_MOVE, id[0]=0, x[0]=600.0, y[0]=1001.0, toolType[0]=TOOL_TYPE_UNKNOWN, buttonState=0, metaState=0, flags=0x0, edgeFlags=0x0, pointerCount=1, historySize=0, eventTime=611268, downTime=611268, deviceId=0, source=0x1002 }
I/Input   ( 9859): injectMotionEvent: MotionEvent { action=ACTION_MOVE, id[0]=0, x[0]=600.0, y[0]=1001.0, toolType[0]=TOOL_TYPE_UNKNOWN, buttonState=0, metaState=0, flags=0x0, edgeFlags=0x0, pointerCount=1, historySize=0, eventTime=611284, downTime=611284, deviceId=0, source=0x1002 }
I/Input   ( 9859): injectMotionEvent: MotionEvent { action=ACTION_MOVE, id[0]=0, x[0]=600.0, y[0]=1001.0, toolType[0]=TOOL_TYPE_UNKNOWN, buttonState=0, metaState=0, flags=0x0, edgeFlags=0x0, pointerCount=1, historySize=0, eventTime=611305, downTime=611305, deviceId=0, source=0x1002 }
I/Input   ( 9859): injectMotionEvent: MotionEvent { action=ACTION_MOVE, id[0]=0, x[0]=600.0, y[0]=1001.0, toolType[0]=TOOL_TYPE_UNKNOWN, buttonState=0, metaState=0, flags=0x0, edgeFlags=0x0, pointerCount=1, historySize=0, eventTime=611368, downTime=611368, deviceId=0, source=0x1002 }
I/Input   ( 9859): injectMotionEvent: MotionEvent { action=ACTION_MOVE, id[0]=0, x[0]=600.0, y[0]=1001.0, toolType[0]=TOOL_TYPE_UNKNOWN, buttonState=0, metaState=0, flags=0x0, edgeFlags=0x0, pointerCount=1, historySize=0, eventTime=611411, downTime=611411, deviceId=0, source=0x1002 }
I/Input   ( 9859): injectMotionEvent: MotionEvent { action=ACTION_MOVE, id[0]=0, x[0]=600.0, y[0]=1001.0, toolType[0]=TOOL_TYPE_UNKNOWN, buttonState=0, metaState=0, flags=0x0, edgeFlags=0x0, pointerCount=1, historySize=0, eventTime=611445, downTime=611445, deviceId=0, source=0x1002 }
I/Input   ( 9859): injectMotionEvent: MotionEvent { action=ACTION_MOVE, id[0]=0, x[0]=600.0, y[0]=1001.0, toolType[0]=TOOL_TYPE_UNKNOWN, buttonState=0, metaState=0, flags=0x0, edgeFlags=0x0, pointerCount=1, historySize=0, eventTime=611479, downTime=611479, deviceId=0, source=0x1002 }
I/Input   ( 9859): injectMotionEvent: MotionEvent { action=ACTION_MOVE, id[0]=0, x[0]=600.0, y[0]=1001.0, toolType[0]=TOOL_TYPE_UNKNOWN, buttonState=0, metaState=0, flags=0x0, edgeFlags=0x0, pointerCount=1, historySize=0, eventTime=611516, downTime=611516, deviceId=0, source=0x1002 }
I/Input   ( 9859): injectMotionEvent: MotionEvent { action=ACTION_MOVE, id[0]=0, x[0]=600.0, y[0]=1001.0, toolType[0]=TOOL_TYPE_UNKNOWN, buttonState=0, metaState=0, flags=0x0, edgeFlags=0x0, pointerCount=1, historySize=0, eventTime=611566, downTime=611566, deviceId=0, source=0x1002 }
I/Input   ( 9859): injectMotionEvent: MotionEvent { action=ACTION_MOVE, id[0]=0, x[0]=600.0, y[0]=1001.0, toolType[0]=TOOL_TYPE_UNKNOWN, buttonState=0, metaState=0, flags=0x0, edgeFlags=0x0, pointerCount=1, historySize=0, eventTime=611611, downTime=611611, deviceId=0, source=0x1002 }
I/Input   ( 9859): injectMotionEvent: MotionEvent { action=ACTION_MOVE, id[0]=0, x[0]=600.0, y[0]=1001.0, toolType[0]=TOOL_TYPE_UNKNOWN, buttonState=0, metaState=0, flags=0x0, edgeFlags=0x0, pointerCount=1, historySize=0, eventTime=611655, downTime=611655, deviceId=0, source=0x1002 }
I/Input   ( 9859): injectMotionEvent: MotionEvent { action=ACTION_MOVE, id[0]=0, x[0]=600.0, y[0]=1001.0, toolType[0]=TOOL_TYPE_UNKNOWN, buttonState=0, metaState=0, flags=0x0, edgeFlags=0x0, pointerCount=1, historySize=0, eventTime=611698, downTime=611698, deviceId=0, source=0x1002 }
I/Input   ( 9859): injectMotionEvent: MotionEvent { action=ACTION_MOVE, id[0]=0, x[0]=600.0, y[0]=1001.0, toolType[0]=TOOL_TYPE_UNKNOWN, buttonState=0, metaState=0, flags=0x0, edgeFlags=0x0, pointerCount=1, historySize=0, eventTime=611719, downTime=611719, deviceId=0, source=0x1002 }
I/Input   ( 9859): injectMotionEvent: MotionEvent { action=ACTION_MOVE, id[0]=0, x[0]=600.0, y[0]=1001.0, toolType[0]=TOOL_TYPE_UNKNOWN, buttonState=0, metaState=0, flags=0x0, edgeFlags=0x0, pointerCount=1, historySize=0, eventTime=611735, downTime=611735, deviceId=0, source=0x1002 }
I/Input   ( 9859): injectMotionEvent: MotionEvent { action=ACTION_MOVE, id[0]=0, x[0]=600.0, y[0]=1001.0, toolType[0]=TOOL_TYPE_UNKNOWN, buttonState=0, metaState=0, flags=0x0, edgeFlags=0x0, pointerCount=1, historySize=0, eventTime=611753, downTime=611753, deviceId=0, source=0x1002 }
I/Input   ( 9859): injectMotionEvent: MotionEvent { action=ACTION_MOVE, id[0]=0, x[0]=600.0, y[0]=1001.0, toolType[0]=TOOL_TYPE_UNKNOWN, buttonState=0, metaState=0, flags=0x0, edgeFlags=0x0, pointerCount=1, historySize=0, eventTime=611771, downTime=611771, deviceId=0, source=0x1002 }
I/Input   ( 9859): injectMotionEvent: MotionEvent { action=ACTION_MOVE, id[0]=0, x[0]=600.0, y[0]=1001.0, toolType[0]=TOOL_TYPE_UNKNOWN, buttonState=0, metaState=0, flags=0x0, edgeFlags=0x0, pointerCount=1, historySize=0, eventTime=611790, downTime=611790, deviceId=0, source=0x1002 }
I/Input   ( 9859): injectMotionEvent: MotionEvent { action=ACTION_MOVE, id[0]=0, x[0]=600.0, y[0]=1001.0, toolType[0]=TOOL_TYPE_UNKNOWN, buttonState=0, metaState=0, flags=0x0, edgeFlags=0x0, pointerCount=1, historySize=0, eventTime=611807, downTime=611807, deviceId=0, source=0x1002 }
I/Input   ( 9859): injectMotionEvent: MotionEvent { action=ACTION_MOVE, id[0]=0, x[0]=600.0, y[0]=1001.0, toolType[0]=TOOL_TYPE_UNKNOWN, buttonState=0, metaState=0, flags=0x0, edgeFlags=0x0, pointerCount=1, historySize=0, eventTime=611824, downTime=611824, deviceId=0, source=0x1002 }
I/Input   ( 9859): injectMotionEvent: MotionEvent { action=ACTION_MOVE, id[0]=0, x[0]=600.0, y[0]=1001.0, toolType[0]=TOOL_TYPE_UNKNOWN, buttonState=0, metaState=0, flags=0x0, edgeFlags=0x0, pointerCount=1, historySize=0, eventTime=611846, downTime=611846, deviceId=0, source=0x1002 }
I/Input   ( 9859): injectMotionEvent: MotionEvent { action=ACTION_MOVE, id[0]=0, x[0]=600.0, y[0]=1001.0, toolType[0]=TOOL_TYPE_UNKNOWN, buttonState=0, metaState=0, flags=0x0, edgeFlags=0x0, pointerCount=1, historySize=0, eventTime=611868, downTime=611868, deviceId=0, source=0x1002 }
I/Input   ( 9859): injectMotionEvent: MotionEvent { action=ACTION_MOVE, id[0]=0, x[0]=600.0, y[0]=1001.0, toolType[0]=TOOL_TYPE_UNKNOWN, buttonState=0, metaState=0, flags=0x0, edgeFlags=0x0, pointerCount=1, historySize=0, eventTime=611884, downTime=611884, deviceId=0, source=0x1002 }
I/Input   ( 9859): injectMotionEvent: MotionEvent { action=ACTION_MOVE, id[0]=0, x[0]=600.0, y[0]=1001.0, toolType[0]=TOOL_TYPE_UNKNOWN, buttonState=0, metaState=0, flags=0x0, edgeFlags=0x0, pointerCount=1, historySize=0, eventTime=611901, downTime=611901, deviceId=0, source=0x1002 }
I/Input   ( 9859): injectMotionEvent: MotionEvent { action=ACTION_MOVE, id[0]=0, x[0]=600.0, y[0]=1001.0, toolType[0]=TOOL_TYPE_UNKNOWN, buttonState=0, metaState=0, flags=0x0, edgeFlags=0x0, pointerCount=1, historySize=0, eventTime=611917, downTime=611917, deviceId=0, source=0x1002 }
I/Input   ( 9859): injectMotionEvent: MotionEvent { action=ACTION_MOVE, id[0]=0, x[0]=600.0, y[0]=1001.0, toolType[0]=TOOL_TYPE_UNKNOWN, buttonState=0, metaState=0, flags=0x0, edgeFlags=0x0, pointerCount=1, historySize=0, eventTime=611934, downTime=611934, deviceId=0, source=0x1002 }
I/Input   ( 9859): injectMotionEvent: MotionEvent { action=ACTION_MOVE, id[0]=0, x[0]=600.0, y[0]=1001.0, toolType[0]=TOOL_TYPE_UNKNOWN, buttonState=0, metaState=0, flags=0x0, edgeFlags=0x0, pointerCount=1, historySize=0, eventTime=611951, downTime=611951, deviceId=0, source=0x1002 }
I/Input   ( 9859): injectMotionEvent: MotionEvent { action=ACTION_MOVE, id[0]=0, x[0]=600.0, y[0]=1001.0, toolType[0]=TOOL_TYPE_UNKNOWN, buttonState=0, metaState=0, flags=0x0, edgeFlags=0x0, pointerCount=1, historySize=0, eventTime=611969, downTime=611969, deviceId=0, source=0x1002 }
I/Input   ( 9859): injectMotionEvent: MotionEvent { action=ACTION_MOVE, id[0]=0, x[0]=600.0, y[0]=1001.0, toolType[0]=TOOL_TYPE_UNKNOWN, buttonState=0, metaState=0, flags=0x0, edgeFlags=0x0, pointerCount=1, historySize=0, eventTime=611985, downTime=611985, deviceId=0, source=0x1002 }
I/Input   ( 9859): injectMotionEvent: MotionEvent { action=ACTION_MOVE, id[0]=0, x[0]=600.0, y[0]=1001.0, toolType[0]=TOOL_TYPE_UNKNOWN, buttonState=0, metaState=0, flags=0x0, edgeFlags=0x0, pointerCount=1, historySize=0, eventTime=612002, downTime=612002, deviceId=0, source=0x1002 }
I/Input   ( 9859): injectMotionEvent: MotionEvent { action=ACTION_MOVE, id[0]=0, x[0]=600.0, y[0]=1001.0, toolType[0]=TOOL_TYPE_UNKNOWN, buttonState=0, metaState=0, flags=0x0, edgeFlags=0x0, pointerCount=1, historySize=0, eventTime=612020, downTime=612020, deviceId=0, source=0x1002 }
I/Input   ( 9859): injectMotionEvent: MotionEvent { action=ACTION_MOVE, id[0]=0, x[0]=600.0, y[0]=1001.0, toolType[0]=TOOL_TYPE_UNKNOWN, buttonState=0, metaState=0, flags=0x0, edgeFlags=0x0, pointerCount=1, historySize=0, eventTime=612037, downTime=612037, deviceId=0, source=0x1002 }
I/Input   ( 9859): injectMotionEvent: MotionEvent { action=ACTION_MOVE, id[0]=0, x[0]=600.0, y[0]=1001.0, toolType[0]=TOOL_TYPE_UNKNOWN, buttonState=0, metaState=0, flags=0x0, edgeFlags=0x0, pointerCount=1, historySize=0, eventTime=612066, downTime=612066, deviceId=0, source=0x1002 }
I/Input   ( 9859): injectMotionEvent: MotionEvent { action=ACTION_MOVE, id[0]=0, x[0]=600.0, y[0]=1001.0, toolType[0]=TOOL_TYPE_UNKNOWN, buttonState=0, metaState=0, flags=0x0, edgeFlags=0x0, pointerCount=1, historySize=0, eventTime=612085, downTime=612085, deviceId=0, source=0x1002 }
I/Input   ( 9859): injectMotionEvent: MotionEvent { action=ACTION_MOVE, id[0]=0, x[0]=600.0, y[0]=1001.0, toolType[0]=TOOL_TYPE_UNKNOWN, buttonState=0, metaState=0, flags=0x0, edgeFlags=0x0, pointerCount=1, historySize=0, eventTime=612101, downTime=612101, deviceId=0, source=0x1002 }
I/Input   ( 9859): injectMotionEvent: MotionEvent { action=ACTION_MOVE, id[0]=0, x[0]=600.0, y[0]=1001.0, toolType[0]=TOOL_TYPE_UNKNOWN, buttonState=0, metaState=0, flags=0x0, edgeFlags=0x0, pointerCount=1, historySize=0, eventTime=612123, downTime=612123, deviceId=0, source=0x1002 }
I/Input   ( 9859): injectMotionEvent: MotionEvent { action=ACTION_MOVE, id[0]=0, x[0]=600.0, y[0]=1001.0, toolType[0]=TOOL_TYPE_UNKNOWN, buttonState=0, metaState=0, flags=0x0, edgeFlags=0x0, pointerCount=1, historySize=0, eventTime=612144, downTime=612144, deviceId=0, source=0x1002 }
I/Input   ( 9859): injectMotionEvent: MotionEvent { action=ACTION_MOVE, id[0]=0, x[0]=600.0, y[0]=1001.0, toolType[0]=TOOL_TYPE_UNKNOWN, buttonState=0, metaState=0, flags=0x0, edgeFlags=0x0, pointerCount=1, historySize=0, eventTime=612164, downTime=612164, deviceId=0, source=0x1002 }
I/Input   ( 9859): injectMotionEvent: MotionEvent { action=ACTION_MOVE, id[0]=0, x[0]=600.0, y[0]=1001.0, toolType[0]=TOOL_TYPE_UNKNOWN, buttonState=0, metaState=0, flags=0x0, edgeFlags=0x0, pointerCount=1, historySize=0, eventTime=612196, downTime=612196, deviceId=0, source=0x1002 }
I/Input   ( 9859): injectMotionEvent: MotionEvent { action=ACTION_MOVE, id[0]=0, x[0]=600.0, y[0]=1001.0, toolType[0]=TOOL_TYPE_UNKNOWN, buttonState=0, metaState=0, flags=0x0, edgeFlags=0x0, pointerCount=1, historySize=0, eventTime=612255, downTime=612255, deviceId=0, source=0x1002 }
I/Input   ( 9859): injectMotionEvent: MotionEvent { action=ACTION_MOVE, id[0]=0, x[0]=600.0, y[0]=1001.0, toolType[0]=TOOL_TYPE_UNKNOWN, buttonState=0, metaState=0, flags=0x0, edgeFlags=0x0, pointerCount=1, historySize=0, eventTime=612301, downTime=612301, deviceId=0, source=0x1002 }
I/Input   ( 9859): injectMotionEvent: MotionEvent { action=ACTION_MOVE, id[0]=0, x[0]=600.0, y[0]=1001.0, toolType[0]=TOOL_TYPE_UNKNOWN, buttonState=0, metaState=0, flags=0x0, edgeFlags=0x0, pointerCount=1, historySize=0, eventTime=612345, downTime=612345, deviceId=0, source=0x1002 }
I/Input   ( 9859): injectMotionEvent: MotionEvent { action=ACTION_UP, id[0]=0, x[0]=600.0, y[0]=1001.0, toolType[0]=TOOL_TYPE_UNKNOWN, buttonState=0, metaState=0, flags=0x0, edgeFlags=0x0, pointerCount=1, historySize=0, eventTime=612369, downTime=612369, deviceId=0, source=0x1002 }
D/AndroidRuntime( 9859): Shutting down VM
D/AndroidRuntime(10198): >>>>>> START com.android.internal.os.RuntimeInit uid 0 <<<<<<
D/AndroidRuntime(10198): CheckJNI is OFF
E/memtrack(10198): Couldn't load memtrack module (No such file or directory)
E/android.os.Debug(10198): failed to load memtrack module: -2
D/AndroidRuntime(10198): Calling main entry com.android.commands.uiautomator.Launcher
I/AccessibilityNodeInfoDumper(10198): Skipping invisible child: android.view.accessibility.AccessibilityNodeInfo@80010732; boundsInParent: Rect(0, 0 - 1200, 50); boundsInScreen: Rect(0, 1824 - 1200, 1824); packageName: com.oF2pks.kalturadeviceinfos; className: android.view.View; text: null; error: null; maxTextLength: -1; contentDescription: null; viewIdResName: null; checkable: false; checked: false; focusable: false; focused: false; selected: false; clickable: false; longClickable: false; enabled: true; password: false; scrollable: false; actions: [AccessibilityAction: ACTION_SELECT - null, AccessibilityAction: ACTION_CLEAR_SELECTION - null, AccessibilityAction: ACTION_ACCESSIBILITY_FOCUS - null]
W/AccessibilityNodeInfoDumper(10198): Fetch time: 18ms
W/WindowManager(  676): Attempted to remove non-existing token: android.os.Binder@3787c7d5
D/AndroidRuntime(10198): Shutting down VM
D/AndroidRuntime(10226): >>>>>> START com.android.internal.os.RuntimeInit uid 0 <<<<<<
D/AndroidRuntime(10226): CheckJNI is OFF
E/memtrack(10226): Couldn't load memtrack module (No such file or directory)
E/android.os.Debug(10226): failed to load memtrack module: -2
D/AndroidRuntime(10226): Calling main entry com.android.commands.uiautomator.Launcher
I/AccessibilityNodeInfoDumper(10226): Skipping invisible child: android.view.accessibility.AccessibilityNodeInfo@8001073b; boundsInParent: Rect(0, 0 - 1200, 50); boundsInScreen: Rect(0, 1824 - 1200, 1824); packageName: com.oF2pks.kalturadeviceinfos; className: android.view.View; text: null; error: null; maxTextLength: -1; contentDescription: null; viewIdResName: null; checkable: false; checked: false; focusable: false; focused: false; selected: false; clickable: false; longClickable: false; enabled: true; password: false; scrollable: false; actions: [AccessibilityAction: ACTION_SELECT - null, AccessibilityAction: ACTION_CLEAR_SELECTION - null, AccessibilityAction: ACTION_ACCESSIBILITY_FOCUS - null]
W/AccessibilityNodeInfoDumper(10226): Fetch time: 14ms
W/WindowManager(  676): Attempted to remove non-existing token: android.os.Binder@27712bea
D/AndroidRuntime(10226): Shutting down VM
D/AndroidRuntime(10250): >>>>>> START com.android.internal.os.RuntimeInit uid 0 <<<<<<
D/AndroidRuntime(10250): CheckJNI is OFF
E/memtrack(10250): Couldn't load memtrack module (No such file or directory)
E/android.os.Debug(10250): failed to load memtrack module: -2
D/AndroidRuntime(10250): Calling main entry com.android.commands.uiautomator.Launcher
I/AccessibilityNodeInfoDumper(10250): Skipping invisible child: android.view.accessibility.AccessibilityNodeInfo@80010745; boundsInParent: Rect(0, 0 - 1200, 50); boundsInScreen: Rect(0, 1824 - 1200, 1824); packageName: com.oF2pks.kalturadeviceinfos; className: android.view.View; text: null; error: null; maxTextLength: -1; contentDescription: null; viewIdResName: null; checkable: false; checked: false; focusable: false; focused: false; selected: false; clickable: false; longClickable: false; enabled: true; password: false; scrollable: false; actions: [AccessibilityAction: ACTION_SELECT - null, AccessibilityAction: ACTION_CLEAR_SELECTION - null, AccessibilityAction: ACTION_ACCESSIBILITY_FOCUS - null]
W/AccessibilityNodeInfoDumper(10250): Fetch time: 18ms
W/WindowManager(  676): Attempted to remove non-existing token: android.os.Binder@278d2edb
D/AndroidRuntime(10250): Shutting down VM
D/AndroidRuntime(10278): >>>>>> START com.android.internal.os.RuntimeInit uid 0 <<<<<<
D/AndroidRuntime(10278): CheckJNI is OFF
E/memtrack(10278): Couldn't load memtrack module (No such file or directory)
E/android.os.Debug(10278): failed to load memtrack module: -2
D/AndroidRuntime(10278): Calling main entry com.android.commands.uiautomator.Launcher
I/AccessibilityNodeInfoDumper(10278): Skipping invisible child: android.view.accessibility.AccessibilityNodeInfo@8001074e; boundsInParent: Rect(0, 0 - 1200, 50); boundsInScreen: Rect(0, 1824 - 1200, 1824); packageName: com.oF2pks.kalturadeviceinfos; className: android.view.View; text: null; error: null; maxTextLength: -1; contentDescription: null; viewIdResName: null; checkable: false; checked: false; focusable: false; focused: false; selected: false; clickable: false; longClickable: false; enabled: true; password: false; scrollable: false; actions: [AccessibilityAction: ACTION_SELECT - null, AccessibilityAction: ACTION_CLEAR_SELECTION - null, AccessibilityAction: ACTION_ACCESSIBILITY_FOCUS - null]
W/AccessibilityNodeInfoDumper(10278): Fetch time: 20ms
W/WindowManager(  676): Attempted to remove non-existing token: android.os.Binder@33c5dd78
D/AndroidRuntime(10278): Shutting down VM
D/AndroidRuntime(10311): >>>>>> START com.android.internal.os.RuntimeInit uid 0 <<<<<<
D/AndroidRuntime(10311): CheckJNI is OFF
E/memtrack(10311): Couldn't load memtrack module (No such file or directory)
E/android.os.Debug(10311): failed to load memtrack module: -2
D/AndroidRuntime(10311): Calling main entry com.android.commands.uiautomator.Launcher
I/AccessibilityNodeInfoDumper(10311): Skipping invisible child: android.view.accessibility.AccessibilityNodeInfo@80010755; boundsInParent: Rect(0, 0 - 1200, 50); boundsInScreen: Rect(0, 1824 - 1200, 1824); packageName: com.oF2pks.kalturadeviceinfos; className: android.view.View; text: null; error: null; maxTextLength: -1; contentDescription: null; viewIdResName: null; checkable: false; checked: false; focusable: false; focused: false; selected: false; clickable: false; longClickable: false; enabled: true; password: false; scrollable: false; actions: [AccessibilityAction: ACTION_SELECT - null, AccessibilityAction: ACTION_CLEAR_SELECTION - null, AccessibilityAction: ACTION_ACCESSIBILITY_FOCUS - null]
W/AccessibilityNodeInfoDumper(10311): Fetch time: 17ms
W/WindowManager(  676): Attempted to remove non-existing token: android.os.Binder@178a0c51
D/AndroidRuntime(10311): Shutting down VM
D/AndroidRuntime(10342): >>>>>> START com.android.internal.os.RuntimeInit uid 0 <<<<<<
D/AndroidRuntime(10342): CheckJNI is OFF
E/memtrack(10342): Couldn't load memtrack module (No such file or directory)
E/android.os.Debug(10342): failed to load memtrack module: -2
D/AndroidRuntime(10342): Calling main entry com.android.commands.uiautomator.Launcher
I/AccessibilityNodeInfoDumper(10342): Skipping invisible child: android.view.accessibility.AccessibilityNodeInfo@8001075e; boundsInParent: Rect(0, 0 - 1200, 50); boundsInScreen: Rect(0, 1824 - 1200, 1824); packageName: com.oF2pks.kalturadeviceinfos; className: android.view.View; text: null; error: null; maxTextLength: -1; contentDescription: null; viewIdResName: null; checkable: false; checked: false; focusable: false; focused: false; selected: false; clickable: false; longClickable: false; enabled: true; password: false; scrollable: false; actions: [AccessibilityAction: ACTION_SELECT - null, AccessibilityAction: ACTION_CLEAR_SELECTION - null, AccessibilityAction: ACTION_ACCESSIBILITY_FOCUS - null]
W/AccessibilityNodeInfoDumper(10342): Fetch time: 17ms
W/WindowManager(  676): Attempted to remove non-existing token: android.os.Binder@3425ddb7
D/AndroidRuntime(10342): Shutting down VM
D/AndroidRuntime(10365): >>>>>> START com.android.internal.os.RuntimeInit uid 0 <<<<<<
D/AndroidRuntime(10365): CheckJNI is OFF
E/memtrack(10365): Couldn't load memtrack module (No such file or directory)
E/android.os.Debug(10365): failed to load memtrack module: -2
D/AndroidRuntime(10365): Calling main entry com.android.commands.uiautomator.Launcher
I/AccessibilityNodeInfoDumper(10365): Skipping invisible child: android.view.accessibility.AccessibilityNodeInfo@80010767; boundsInParent: Rect(0, 0 - 1200, 50); boundsInScreen: Rect(0, 1824 - 1200, 1824); packageName: com.oF2pks.kalturadeviceinfos; className: android.view.View; text: null; error: null; maxTextLength: -1; contentDescription: null; viewIdResName: null; checkable: false; checked: false; focusable: false; focused: false; selected: false; clickable: false; longClickable: false; enabled: true; password: false; scrollable: false; actions: [AccessibilityAction: ACTION_SELECT - null, AccessibilityAction: ACTION_CLEAR_SELECTION - null, AccessibilityAction: ACTION_ACCESSIBILITY_FOCUS - null]
W/AccessibilityNodeInfoDumper(10365): Fetch time: 17ms
W/WindowManager(  676): Attempted to remove non-existing token: android.os.Binder@30375924
D/AndroidRuntime(10365): Shutting down VM
D/AndroidRuntime(10393): >>>>>> START com.android.internal.os.RuntimeInit uid 0 <<<<<<
D/AndroidRuntime(10393): CheckJNI is OFF
E/memtrack(10393): Couldn't load memtrack module (No such file or directory)
E/android.os.Debug(10393): failed to load memtrack module: -2
D/AndroidRuntime(10393): Calling main entry com.android.commands.uiautomator.Launcher
I/AccessibilityNodeInfoDumper(10393): Skipping invisible child: android.view.accessibility.AccessibilityNodeInfo@80010771; boundsInParent: Rect(0, 0 - 1200, 50); boundsInScreen: Rect(0, 1824 - 1200, 1824); packageName: com.oF2pks.kalturadeviceinfos; className: android.view.View; text: null; error: null; maxTextLength: -1; contentDescription: null; viewIdResName: null; checkable: false; checked: false; focusable: false; focused: false; selected: false; clickable: false; longClickable: false; enabled: true; password: false; scrollable: false; actions: [AccessibilityAction: ACTION_SELECT - null, AccessibilityAction: ACTION_CLEAR_SELECTION - null, AccessibilityAction: ACTION_ACCESSIBILITY_FOCUS - null]
W/AccessibilityNodeInfoDumper(10393): Fetch time: 19ms
W/WindowManager(  676): Attempted to remove non-existing token: android.os.Binder@3a921c8d
D/AndroidRuntime(10393): Shutting down VM
D/AndroidRuntime(10416): >>>>>> START com.android.internal.os.RuntimeInit uid 0 <<<<<<
D/AndroidRuntime(10416): CheckJNI is OFF
E/memtrack(10416): Couldn't load memtrack module (No such file or directory)
E/android.os.Debug(10416): failed to load memtrack module: -2
D/AndroidRuntime(10416): Calling main entry com.android.commands.uiautomator.Launcher
I/AccessibilityNodeInfoDumper(10416): Skipping invisible child: android.view.accessibility.AccessibilityNodeInfo@80010779; boundsInParent: Rect(0, 0 - 1200, 50); boundsInScreen: Rect(0, 1824 - 1200, 1824); packageName: com.oF2pks.kalturadeviceinfos; className: android.view.View; text: null; error: null; maxTextLength: -1; contentDescription: null; viewIdResName: null; checkable: false; checked: false; focusable: false; focused: false; selected: false; clickable: false; longClickable: false; enabled: true; password: false; scrollable: false; actions: [AccessibilityAction: ACTION_SELECT - null, AccessibilityAction: ACTION_CLEAR_SELECTION - null, AccessibilityAction: ACTION_ACCESSIBILITY_FOCUS - null]
W/AccessibilityNodeInfoDumper(10416): Fetch time: 17ms
W/WindowManager(  676): Attempted to remove non-existing token: android.os.Binder@16f74e42
D/AndroidRuntime(10416): Shutting down VM
D/AndroidRuntime(10444): >>>>>> START com.android.internal.os.RuntimeInit uid 0 <<<<<<
D/AndroidRuntime(10444): CheckJNI is OFF
E/memtrack(10444): Couldn't load memtrack module (No such file or directory)
E/android.os.Debug(10444): failed to load memtrack module: -2
D/AndroidRuntime(10444): Calling main entry com.android.commands.uiautomator.Launcher
I/AccessibilityNodeInfoDumper(10444): Skipping invisible child: android.view.accessibility.AccessibilityNodeInfo@80010784; boundsInParent: Rect(0, 0 - 1200, 50); boundsInScreen: Rect(0, 1824 - 1200, 1824); packageName: com.oF2pks.kalturadeviceinfos; className: android.view.View; text: null; error: null; maxTextLength: -1; contentDescription: null; viewIdResName: null; checkable: false; checked: false; focusable: false; focused: false; selected: false; clickable: false; longClickable: false; enabled: true; password: false; scrollable: false; actions: [AccessibilityAction: ACTION_SELECT - null, AccessibilityAction: ACTION_CLEAR_SELECTION - null, AccessibilityAction: ACTION_ACCESSIBILITY_FOCUS - null]
W/AccessibilityNodeInfoDumper(10444): Fetch time: 18ms
W/WindowManager(  676): Attempted to remove non-existing token: android.os.Binder@2a309e53
D/AndroidRuntime(10444): Shutting down VM
D/AndroidRuntime(10467): >>>>>> START com.android.internal.os.RuntimeInit uid 0 <<<<<<
D/AndroidRuntime(10467): CheckJNI is OFF
E/memtrack(10467): Couldn't load memtrack module (No such file or directory)
E/android.os.Debug(10467): failed to load memtrack module: -2
D/AndroidRuntime(10467): Calling main entry com.android.commands.uiautomator.Launcher
I/AccessibilityNodeInfoDumper(10467): Skipping invisible child: android.view.accessibility.AccessibilityNodeInfo@8001078b; boundsInParent: Rect(0, 0 - 1200, 50); boundsInScreen: Rect(0, 1824 - 1200, 1824); packageName: com.oF2pks.kalturadeviceinfos; className: android.view.View; text: null; error: null; maxTextLength: -1; contentDescription: null; viewIdResName: null; checkable: false; checked: false; focusable: false; focused: false; selected: false; clickable: false; longClickable: false; enabled: true; password: false; scrollable: false; actions: [AccessibilityAction: ACTION_SELECT - null, AccessibilityAction: ACTION_CLEAR_SELECTION - null, AccessibilityAction: ACTION_ACCESSIBILITY_FOCUS - null]
W/AccessibilityNodeInfoDumper(10467): Fetch time: 15ms
W/WindowManager(  676): Attempted to remove non-existing token: android.os.Binder@e22e390
D/AndroidRuntime(10467): Shutting down VM
D/AndroidRuntime(10497): >>>>>> START com.android.internal.os.RuntimeInit uid 0 <<<<<<
D/AndroidRuntime(10497): CheckJNI is OFF
E/memtrack(10497): Couldn't load memtrack module (No such file or directory)
E/android.os.Debug(10497): failed to load memtrack module: -2
D/AndroidRuntime(10497): Calling main entry com.android.commands.uiautomator.Launcher
I/art     (  676): Explicit concurrent mark sweep GC freed 46804(2MB) AllocSpace objects, 42(839KB) LOS objects, 33% free, 7MB/11MB, paused 273us total 13.120ms
I/AccessibilityNodeInfoDumper(10497): Skipping invisible child: android.view.accessibility.AccessibilityNodeInfo@80010794; boundsInParent: Rect(0, 0 - 1200, 50); boundsInScreen: Rect(0, 1824 - 1200, 1824); packageName: com.oF2pks.kalturadeviceinfos; className: android.view.View; text: null; error: null; maxTextLength: -1; contentDescription: null; viewIdResName: null; checkable: false; checked: false; focusable: false; focused: false; selected: false; clickable: false; longClickable: false; enabled: true; password: false; scrollable: false; actions: [AccessibilityAction: ACTION_SELECT - null, AccessibilityAction: ACTION_CLEAR_SELECTION - null, AccessibilityAction: ACTION_ACCESSIBILITY_FOCUS - null]
W/AccessibilityNodeInfoDumper(10497): Fetch time: 16ms
W/WindowManager(  676): Attempted to remove non-existing token: android.os.Binder@3790f489
D/AndroidRuntime(10497): Shutting down VM
D/AndroidRuntime(10520): >>>>>> START com.android.internal.os.RuntimeInit uid 0 <<<<<<
D/AndroidRuntime(10520): CheckJNI is OFF
E/memtrack(10520): Couldn't load memtrack module (No such file or directory)
E/android.os.Debug(10520): failed to load memtrack module: -2
D/AndroidRuntime(10520): Calling main entry com.android.commands.uiautomator.Launcher
I/AccessibilityNodeInfoDumper(10520): Skipping invisible child: android.view.accessibility.AccessibilityNodeInfo@8001079d; boundsInParent: Rect(0, 0 - 1200, 50); boundsInScreen: Rect(0, 1824 - 1200, 1824); packageName: com.oF2pks.kalturadeviceinfos; className: android.view.View; text: null; error: null; maxTextLength: -1; contentDescription: null; viewIdResName: null; checkable: false; checked: false; focusable: false; focused: false; selected: false; clickable: false; longClickable: false; enabled: true; password: false; scrollable: false; actions: [AccessibilityAction: ACTION_SELECT - null, AccessibilityAction: ACTION_CLEAR_SELECTION - null, AccessibilityAction: ACTION_ACCESSIBILITY_FOCUS - null]
W/AccessibilityNodeInfoDumper(10520): Fetch time: 16ms
W/WindowManager(  676): Attempted to remove non-existing token: android.os.Binder@221cccaf
D/AndroidRuntime(10520): Shutting down VM
D/AndroidRuntime(10538): >>>>>> START com.android.internal.os.RuntimeInit uid 0 <<<<<<
D/AndroidRuntime(10538): CheckJNI is OFF
E/memtrack(10538): Couldn't load memtrack module (No such file or directory)
E/android.os.Debug(10538): failed to load memtrack module: -2
D/AndroidRuntime(10538): Calling main entry com.android.commands.input.Input
I/Input   (10538): injectMotionEvent: MotionEvent { action=ACTION_DOWN, id[0]=0, x[0]=56.0, y[0]=114.0, toolType[0]=TOOL_TYPE_UNKNOWN, buttonState=0, metaState=0, flags=0x0, edgeFlags=0x0, pointerCount=1, historySize=0, eventTime=639188, downTime=639188, deviceId=0, source=0x1002 }
I/Input   (10538): injectMotionEvent: MotionEvent { action=ACTION_UP, id[0]=0, x[0]=56.0, y[0]=114.0, toolType[0]=TOOL_TYPE_UNKNOWN, buttonState=0, metaState=0, flags=0x0, edgeFlags=0x0, pointerCount=1, historySize=0, eventTime=639188, downTime=639188, deviceId=0, source=0x1002 }
D/AndroidRuntime(10538): Shutting down VM
W/AudioTrack(  676): AUDIO_OUTPUT_FLAG_FAST denied by client
D/AndroidRuntime(10877): >>>>>> START com.android.internal.os.RuntimeInit uid 0 <<<<<<
D/AndroidRuntime(10877): CheckJNI is OFF
E/memtrack(10877): Couldn't load memtrack module (No such file or directory)
E/android.os.Debug(10877): failed to load memtrack module: -2
D/AndroidRuntime(10877): Calling main entry com.android.commands.uiautomator.Launcher
W/AccessibilityNodeInfoDumper(10877): Fetch time: 5ms
W/WindowManager(  676): Attempted to remove non-existing token: android.os.Binder@afaa8bc
D/AndroidRuntime(10877): Shutting down VM
D/AndroidRuntime(10905): >>>>>> START com.android.internal.os.RuntimeInit uid 0 <<<<<<
D/AndroidRuntime(10905): CheckJNI is OFF
E/memtrack(10905): Couldn't load memtrack module (No such file or directory)
E/android.os.Debug(10905): failed to load memtrack module: -2
D/AndroidRuntime(10905): Calling main entry com.android.commands.uiautomator.Launcher
W/AccessibilityNodeInfoDumper(10905): Fetch time: 3ms
