D/AndroidRuntime( 2536): CheckJNI is OFF
E/memtrack( 2536): Couldn't load memtrack module (No such file or directory)
E/android.os.Debug( 2536): failed to load memtrack module: -2
D/AndroidRuntime( 2536): Calling main entry com.android.commands.uiautomator.Launcher
W/AccessibilityNodeInfoDumper( 2536): Fetch time: 2ms
W/WindowManager(  536): Attempted to remove non-existing token: android.os.Binder@c4f6fc4
D/AndroidRuntime( 2536): Shutting down VM
D/AndroidRuntime( 2560): >>>>>> START com.android.internal.os.RuntimeInit uid 0 <<<<<<
D/AndroidRuntime( 2560): CheckJNI is OFF
E/memtrack( 2560): Couldn't load memtrack module (No such file or directory)
E/android.os.Debug( 2560): failed to load memtrack module: -2
D/AndroidRuntime( 2560): Calling main entry com.android.commands.uiautomator.Launcher
W/AccessibilityNodeInfoDumper( 2560): Fetch time: 2ms
W/WindowManager(  536): Attempted to remove non-existing token: android.os.Binder@27787ead
D/AndroidRuntime( 2560): Shutting down VM
D/AndroidRuntime( 2598): >>>>>> START com.android.internal.os.RuntimeInit uid 0 <<<<<<
D/AndroidRuntime( 2598): CheckJNI is OFF
E/memtrack( 2598): Couldn't load memtrack module (No such file or directory)
E/android.os.Debug( 2598): failed to load memtrack module: -2
D/AndroidRuntime( 2598): Calling main entry com.android.commands.uiautomator.Launcher
W/AccessibilityNodeInfoDumper( 2598): Fetch time: 2ms
W/WindowManager(  536): Attempted to remove non-existing token: android.os.Binder@2bb4d5e2
D/AndroidRuntime( 2598): Shutting down VM
D/AndroidRuntime( 2626): >>>>>> START com.android.internal.os.RuntimeInit uid 0 <<<<<<
D/AndroidRuntime( 2626): CheckJNI is OFF
E/memtrack( 2626): Couldn't load memtrack module (No such file or directory)
E/android.os.Debug( 2626): failed to load memtrack module: -2
D/AndroidRuntime( 2626): Calling main entry com.android.commands.uiautomator.Launcher
W/AccessibilityNodeInfoDumper( 2626): Fetch time: 1ms
W/WindowManager(  536): Attempted to remove non-existing token: android.os.Binder@3f61d73
D/AndroidRuntime( 2626): Shutting down VM
D/AndroidRuntime( 2649): >>>>>> START com.android.internal.os.RuntimeInit uid 0 <<<<<<
D/AndroidRuntime( 2649): CheckJNI is OFF
E/memtrack( 2649): Couldn't load memtrack module (No such file or directory)
E/android.os.Debug( 2649): failed to load memtrack module: -2
D/AndroidRuntime( 2649): Calling main entry com.android.commands.uiautomator.Launcher
W/AccessibilityNodeInfoDumper( 2649): Fetch time: 2ms
W/WindowManager(  536): Attempted to remove non-existing token: android.os.Binder@26b5c430
D/AndroidRuntime( 2649): Shutting down VM
D/AndroidRuntime( 2677): >>>>>> START com.android.internal.os.RuntimeInit uid 0 <<<<<<
D/AndroidRuntime( 2677): CheckJNI is OFF
E/memtrack( 2677): Couldn't load memtrack module (No such file or directory)
E/android.os.Debug( 2677): failed to load memtrack module: -2
D/AndroidRuntime( 2677): Calling main entry com.android.commands.uiautomator.Launcher
W/AccessibilityNodeInfoDumper( 2677): Fetch time: 2ms
W/WindowManager(  536): Attempted to remove non-existing token: android.os.Binder@a4b58a9
D/AndroidRuntime( 2677): Shutting down VM
D/AndroidRuntime( 2710): >>>>>> START com.android.internal.os.RuntimeInit uid 0 <<<<<<
D/AndroidRuntime( 2710): CheckJNI is OFF
E/memtrack( 2710): Couldn't load memtrack module (No such file or directory)
E/android.os.Debug( 2710): failed to load memtrack module: -2
D/AndroidRuntime( 2710): Calling main entry com.android.commands.uiautomator.Launcher
W/AccessibilityNodeInfoDumper( 2710): Fetch time: 1ms
W/WindowManager(  536): Attempted to remove non-existing token: android.os.Binder@12ce6e2e
D/AndroidRuntime( 2710): Shutting down VM
D/AndroidRuntime( 2742): >>>>>> START com.android.internal.os.RuntimeInit uid 0 <<<<<<
D/AndroidRuntime( 2742): CheckJNI is OFF
E/memtrack( 2742): Couldn't load memtrack module (No such file or directory)
E/android.os.Debug( 2742): failed to load memtrack module: -2
D/AndroidRuntime( 2742): Calling main entry com.android.commands.uiautomator.Launcher
I/art     (  536): Explicit concurrent mark sweep GC freed 52659(3MB) AllocSpace objects, 35(560KB) LOS objects, 33% free, 10MB/15MB, paused 454us total 15.336ms
W/AccessibilityNodeInfoDumper( 2742): Fetch time: 2ms
W/WindowManager(  536): Attempted to remove non-existing token: android.os.Binder@d0b1dcf
D/AndroidRuntime( 2742): Shutting down VM
D/AndroidRuntime( 2766): >>>>>> START com.android.internal.os.RuntimeInit uid 0 <<<<<<
D/AndroidRuntime( 2766): CheckJNI is OFF
E/memtrack( 2766): Couldn't load memtrack module (No such file or directory)
E/android.os.Debug( 2766): failed to load memtrack module: -2
D/AndroidRuntime( 2766): Calling main entry com.android.commands.uiautomator.Launcher
I/art     ( 2152): Explicit concurrent mark sweep GC freed 3597(158KB) AllocSpace objects, 0(0B) LOS objects, 40% free, 4MB/6MB, paused 730us total 7.512ms
W/AccessibilityNodeInfoDumper( 2766): Fetch time: 1ms
W/WindowManager(  536): Attempted to remove non-existing token: android.os.Binder@1857d665
D/AndroidRuntime( 2766): Shutting down VM
D/AndroidRuntime( 2784): >>>>>> START com.android.internal.os.RuntimeInit uid 0 <<<<<<
D/AndroidRuntime( 2784): CheckJNI is OFF
E/memtrack( 2784): Couldn't load memtrack module (No such file or directory)
E/android.os.Debug( 2784): failed to load memtrack module: -2
D/AndroidRuntime( 2784): Calling main entry com.android.commands.am.Am
I/ActivityManager(  536): Force stopping com.jvillalba.apod.classic appid=10061 user=0: from pid 2784
I/ActivityManager(  536): Killing 27876:com.jvillalba.apod.classic/u0a61 (adj 0): stop com.jvillalba.apod.classic
W/libprocessgroup(  536): failed to open /acct/uid_10061/pid_27876/cgroup.procs: No such file or directory
W/ActivityManager(  536): Force removing ActivityRecord{376ce179 u0 com.jvillalba.apod.classic/.activities.ImageActivity t6}: app died, no saved state
I/ActivityManager(  536):   Force finishing activity 3 ActivityRecord{33f8fcb8 u0 com.jvillalba.apod.classic/.activities.MainActivity t6}
W/WindowManager(  536): view not successfully added to wm, removing view
E/libprocessgroup( 2798): failed to make and chown /acct/uid_10061: Read-only file system
W/Zygote  ( 2798): createProcessGroup failed, kernel missing CONFIG_CGROUP_CPUACCT?
I/ActivityManager(  536): Start proc 2798:com.jvillalba.apod.classic/u0a61 for activity com.jvillalba.apod.classic/.activities.ViewActivity
I/ActivityManager(  536):   Force finishing activity 3 ActivityRecord{1908e8bd u0 com.jvillalba.apod.classic/.activities.ViewActivity t6}
D/AndroidRuntime( 2784): Shutting down VM
W/InputDispatcher(  536): channel '238f48c7 com.jvillalba.apod.classic/com.jvillalba.apod.classic.activities.MainActivity (server)' ~ Consumer closed input channel or an error occurred.  events=0x9
E/InputDispatcher(  536): channel '238f48c7 com.jvillalba.apod.classic/com.jvillalba.apod.classic.activities.MainActivity (server)' ~ Channel is unrecoverably broken and will be disposed!
W/InputDispatcher(  536): channel '15e053b9 com.jvillalba.apod.classic/com.jvillalba.apod.classic.activities.ViewActivity (server)' ~ Consumer closed input channel or an error occurred.  events=0x9
E/InputDispatcher(  536): channel '15e053b9 com.jvillalba.apod.classic/com.jvillalba.apod.classic.activities.ViewActivity (server)' ~ Channel is unrecoverably broken and will be disposed!
E/WindowState(  536): getStack: Window{15e053b9 u0 com.jvillalba.apod.classic/com.jvillalba.apod.classic.activities.ViewActivity} couldn't find taskId=6 Callers=com.android.server.wm.WindowManagerService.performLayoutAndPlaceSurfacesLockedInner:9750 com.android.server.wm.WindowManagerService.performLayoutAndPlaceSurfacesLockedLoop:8789 com.android.server.wm.WindowManagerService.performLayoutAndPlaceSurfacesLocked:8731 com.android.server.wm.WindowManagerService.executeAppTransition:4151 
E/WindowState(  536): getStack: Window{238f48c7 u0 com.jvillalba.apod.classic/com.jvillalba.apod.classic.activities.MainActivity} couldn't find taskId=6 Callers=com.android.server.wm.WindowManagerService.performLayoutAndPlaceSurfacesLockedInner:9750 com.android.server.wm.WindowManagerService.performLayoutAndPlaceSurfacesLockedLoop:8789 com.android.server.wm.WindowManagerService.performLayoutAndPlaceSurfacesLocked:8731 com.android.server.wm.WindowManagerService.executeAppTransition:4151 
E/WindowState(  536): getStack: Window{15e053b9 u0 com.jvillalba.apod.classic/com.jvillalba.apod.classic.activities.ViewActivity} couldn't find taskId=6 Callers=com.android.server.wm.WindowState.getDisplayContent:782 com.android.server.wm.WindowState.getDisplayId:787 com.android.server.wm.InputMonitor.updateInputWindowsLw:294 com.android.server.wm.WindowManagerService.performLayoutAndPlaceSurfacesLockedInner:10089 
E/WindowState(  536): getStack: Window{15e053b9 u0 com.jvillalba.apod.classic/com.jvillalba.apod.classic.activities.ViewActivity} couldn't find taskId=6 Callers=com.android.server.wm.WindowState.getStackBounds:812 com.android.server.wm.InputMonitor.addInputWindowHandleLw:180 com.android.server.wm.InputMonitor.updateInputWindowsLw:313 com.android.server.wm.WindowManagerService.performLayoutAndPlaceSurfacesLockedInner:10089 
E/WindowState(  536): getStack: Window{238f48c7 u0 com.jvillalba.apod.classic/com.jvillalba.apod.classic.activities.MainActivity} couldn't find taskId=6 Callers=com.android.server.wm.WindowState.getDisplayContent:782 com.android.server.wm.WindowState.getDisplayId:787 com.android.server.wm.InputMonitor.updateInputWindowsLw:294 com.android.server.wm.WindowManagerService.performLayoutAndPlaceSurfacesLockedInner:10089 
E/WindowState(  536): getStack: Window{238f48c7 u0 com.jvillalba.apod.classic/com.jvillalba.apod.classic.activities.MainActivity} couldn't find taskId=6 Callers=com.android.server.wm.WindowState.getStackBounds:812 com.android.server.wm.InputMonitor.addInputWindowHandleLw:180 com.android.server.wm.InputMonitor.updateInputWindowsLw:313 com.android.server.wm.WindowManagerService.performLayoutAndPlaceSurfacesLockedInner:10089 
E/WindowState(  536): getStack: Window{15e053b9 u0 com.jvillalba.apod.classic/com.jvillalba.apod.classic.activities.ViewActivity} couldn't find taskId=6 Callers=com.android.server.wm.DisplayContent.setTouchExcludeRegion:237 com.android.server.wm.WindowManagerService.setFocusedStackFrame:3994 com.android.server.wm.WindowManagerService.performLayoutAndPlaceSurfacesLockedInner:10165 com.android.server.wm.WindowManagerService.performLayoutAndPlaceSurfacesLockedLoop:8789 
E/WindowState(  536): getStack: Window{238f48c7 u0 com.jvillalba.apod.classic/com.jvillalba.apod.classic.activities.MainActivity} couldn't find taskId=6 Callers=com.android.server.wm.DisplayContent.setTouchExcludeRegion:237 com.android.server.wm.WindowManagerService.setFocusedStackFrame:3994 com.android.server.wm.WindowManagerService.performLayoutAndPlaceSurfacesLockedInner:10165 com.android.server.wm.WindowManagerService.performLayoutAndPlaceSurfacesLockedLoop:8789 
I/WindowState(  536): WIN DEATH: Window{15e053b9 u0 com.jvillalba.apod.classic/com.jvillalba.apod.classic.activities.ViewActivity}
W/InputDispatcher(  536): Attempted to unregister already unregistered input channel '15e053b9 com.jvillalba.apod.classic/com.jvillalba.apod.classic.activities.ViewActivity (server)'
E/WindowState(  536): getStack: Window{15e053b9 u0 com.jvillalba.apod.classic/com.jvillalba.apod.classic.activities.ViewActivity} couldn't find taskId=6 Callers=com.android.server.wm.WindowState.getDisplayContent:782 com.android.server.wm.WindowState.getWindowList:1354 com.android.server.wm.WindowManagerService.removeWindowInnerLocked:2774 com.android.server.wm.WindowManagerService.removeWindowLocked:2675 
E/WindowState(  536): getStack: Window{238f48c7 u0 com.jvillalba.apod.classic/com.jvillalba.apod.classic.activities.MainActivity} couldn't find taskId=6 Callers=com.android.server.wm.WindowManagerService.assignLayersLocked:8705 com.android.server.wm.WindowManagerService.removeWindowInnerLocked:2778 com.android.server.wm.WindowManagerService.removeWindowLocked:2675 com.android.server.wm.WindowState$DeathRecipient.binderDied:1145 
E/WindowState(  536): getStack: Window{15e053b9 u0 com.jvillalba.apod.classic/com.jvillalba.apod.classic.activities.ViewActivity} couldn't find taskId=6 Callers=com.android.server.wm.WindowState.getDisplayContent:782 com.android.server.wm.WindowManagerService.removeWindowInnerLocked:2779 com.android.server.wm.WindowManagerService.removeWindowLocked:2675 com.android.server.wm.WindowState$DeathRecipient.binderDied:1145 
E/WindowState(  536): getStack: Window{238f48c7 u0 com.jvillalba.apod.classic/com.jvillalba.apod.classic.activities.MainActivity} couldn't find taskId=6 Callers=com.android.server.wm.WindowManagerService.performLayoutAndPlaceSurfacesLockedInner:9750 com.android.server.wm.WindowManagerService.performLayoutAndPlaceSurfacesLockedLoop:8789 com.android.server.wm.WindowManagerService.performLayoutAndPlaceSurfacesLocked:8731 com.android.server.wm.WindowManagerService.removeWindowInnerLocked:2783 
E/WindowState(  536): getStack: Window{238f48c7 u0 com.jvillalba.apod.classic/com.jvillalba.apod.classic.activities.MainActivity} couldn't find taskId=6 Callers=com.android.server.wm.WindowState.getDisplayContent:782 com.android.server.wm.WindowState.getDisplayId:787 com.android.server.wm.InputMonitor.updateInputWindowsLw:294 com.android.server.wm.WindowManagerService.performLayoutAndPlaceSurfacesLockedInner:10089 
E/WindowState(  536): getStack: Window{238f48c7 u0 com.jvillalba.apod.classic/com.jvillalba.apod.classic.activities.MainActivity} couldn't find taskId=6 Callers=com.android.server.wm.WindowState.getStackBounds:812 com.android.server.wm.InputMonitor.addInputWindowHandleLw:180 com.android.server.wm.InputMonitor.updateInputWindowsLw:313 com.android.server.wm.WindowManagerService.performLayoutAndPlaceSurfacesLockedInner:10089 
E/WindowState(  536): getStack: Window{238f48c7 u0 com.jvillalba.apod.classic/com.jvillalba.apod.classic.activities.MainActivity} couldn't find taskId=6 Callers=com.android.server.wm.DisplayContent.setTouchExcludeRegion:237 com.android.server.wm.WindowManagerService.setFocusedStackFrame:3994 com.android.server.wm.WindowManagerService.performLayoutAndPlaceSurfacesLockedInner:10165 com.android.server.wm.WindowManagerService.performLayoutAndPlaceSurfacesLockedLoop:8789 
E/WindowState(  536): getStack: Window{238f48c7 u0 com.jvillalba.apod.classic/com.jvillalba.apod.classic.activities.MainActivity} couldn't find taskId=6 Callers=com.android.server.wm.WindowState.getDisplayContent:782 com.android.server.wm.WindowState.getDisplayId:787 com.android.server.wm.InputMonitor.updateInputWindowsLw:294 com.android.server.wm.WindowManagerService.removeWindowInnerLocked:2790 
E/WindowState(  536): getStack: Window{238f48c7 u0 com.jvillalba.apod.classic/com.jvillalba.apod.classic.activities.MainActivity} couldn't find taskId=6 Callers=com.android.server.wm.WindowState.getStackBounds:812 com.android.server.wm.InputMonitor.addInputWindowHandleLw:180 com.android.server.wm.InputMonitor.updateInputWindowsLw:313 com.android.server.wm.WindowManagerService.removeWindowInnerLocked:2790 
I/WindowState(  536): WIN DEATH: Window{238f48c7 u0 com.jvillalba.apod.classic/com.jvillalba.apod.classic.activities.MainActivity}
W/InputDispatcher(  536): Attempted to unregister already unregistered input channel '238f48c7 com.jvillalba.apod.classic/com.jvillalba.apod.classic.activities.MainActivity (server)'
E/WindowState(  536): getStack: Window{238f48c7 u0 com.jvillalba.apod.classic/com.jvillalba.apod.classic.activities.MainActivity} couldn't find taskId=6 Callers=com.android.server.wm.WindowState.getDisplayContent:782 com.android.server.wm.WindowState.getWindowList:1354 com.android.server.wm.WindowManagerService.removeWindowInnerLocked:2774 com.android.server.wm.WindowManagerService.removeWindowLocked:2675 
E/WindowState(  536): getStack: Window{238f48c7 u0 com.jvillalba.apod.classic/com.jvillalba.apod.classic.activities.MainActivity} couldn't find taskId=6 Callers=com.android.server.wm.WindowState.getDisplayContent:782 com.android.server.wm.WindowManagerService.removeWindowInnerLocked:2779 com.android.server.wm.WindowManagerService.removeWindowLocked:2675 com.android.server.wm.WindowState$DeathRecipient.binderDied:1145 
I/art     ( 1349): Explicit concurrent mark sweep GC freed 4648(345KB) AllocSpace objects, 2(162KB) LOS objects, 39% free, 5MB/9MB, paused 515us total 7.505ms
I/art     ( 1349): Explicit concurrent mark sweep GC freed 729(33KB) AllocSpace objects, 0(0B) LOS objects, 39% free, 5MB/9MB, paused 370us total 5.830ms
I/art     ( 1349): Explicit concurrent mark sweep GC freed 3(96B) AllocSpace objects, 0(0B) LOS objects, 39% free, 5MB/9MB, paused 442us total 5.382ms
W/Launcher( 1349): setApplicationContext called twice! old=com.android.launcher3.LauncherApplication@29cced93 new=com.android.launcher3.LauncherApplication@29cced93
W/ResourceType( 1349): Attempt to retrieve bag 0x7f0d0008 which is invalid or in a cycle.
D/Launcher( 1349): 11683562 - bindAddScreens()
D/Launcher( 1349): 11683562 -   orderedScreenIds: 3
D/Launcher.Workspace( 1349): 11683562 - insertNewWorkspaceScreen(): 3 at index: 0
V/WindowManager(  536): Based on layer: Adding window Window{28cebe19 u0 com.android.launcher3/com.android.launcher3.Launcher} at 1 of 8
W/EGL_emulation( 1349): eglSurfaceAttrib not implemented
W/OpenGLRenderer( 1349): Failed to set EGL_SWAP_BEHAVIOR on surface 0xe2880de0, error=EGL_SUCCESS
W/InputMethodManagerService(  536): Got RemoteException sending setActive(false) notification to pid 27876 uid 10061
I/BatteryStatsImpl(  536): Resetting battery stats: level=100 status=5 dischargeLevel=100 lowAmount=0 highAmount=0
I/EntropyMixer(  536): Writing entropy...
D/AndroidRuntime( 2827): >>>>>> START com.android.internal.os.RuntimeInit uid 0 <<<<<<
D/AndroidRuntime( 2827): CheckJNI is OFF
E/memtrack( 2827): Couldn't load memtrack module (No such file or directory)
E/android.os.Debug( 2827): failed to load memtrack module: -2
D/AndroidRuntime( 2827): Calling main entry com.android.commands.pm.Pm
I/ActivityManager(  536): Force stopping com.jvillalba.apod.classic appid=10061 user=-1: uninstall pkg
I/ActivityManager(  536): Killing 2798:com.jvillalba.apod.classic/u0a61 (adj 9): stop com.jvillalba.apod.classic
W/libprocessgroup(  536): failed to open /acct/uid_10061/pid_2798/cgroup.procs: No such file or directory
I/ActivityManager(  536): Force stopping com.jvillalba.apod.classic appid=10061 user=0: pkg removed
D/TaskPersister(  536): removeObsoleteFile: deleting file=6_task.xml
I/InputReader(  536): Reconfiguring input devices.  changes=0x00000010
D/VoicemailCleanupService(27814): Cleaning up data for package: com.jvillalba.apod.classic
I/LatinIME:LogUtils( 1013): Dictionary info: dictionary = main:en ; version = 47 ; date = 1402373178
E/libprocessgroup( 2845): failed to make and chown /acct/uid_1000: Read-only file system
W/Zygote  ( 2845): createProcessGroup failed, kernel missing CONFIG_CGROUP_CPUACCT?
I/ActivityManager(  536): Start proc 2845:com.android.keychain/1000 for broadcast com.android.keychain/.KeyChainBroadcastReceiver
I/art     (  536): Explicit concurrent mark sweep GC freed 20941(1596KB) AllocSpace objects, 13(220KB) LOS objects, 33% free, 10MB/15MB, paused 262us total 79.889ms
I/art     (  536): WaitForGcToComplete blocked for 99.527ms for cause Explicit
D/JobSchedulerService(  536): Receieved: android.intent.action.PACKAGE_REMOVED
D/BackupManagerService(  536): Received broadcast Intent { act=android.intent.action.PACKAGE_REMOVED dat=package:com.jvillalba.apod.classic flg=0x4000010 (has extras) }
I/art     (  536): Explicit concurrent mark sweep GC freed 3083(188KB) AllocSpace objects, 1(16KB) LOS objects, 33% free, 10MB/15MB, paused 31.987ms total 374.793ms
I/art     ( 2827): System.exit called, status: 0
I/AndroidRuntime( 2827): VM exiting with result code 0.
D/Launcher.Workspace( 1349): 11683562 - stripEmptyScreens()
D/Launcher.Workspace( 1349): 11683562 - stripEmptyScreens()
W/art     (  536): Long monitor contention event with owner method=android.content.pm.PackageCleanItem com.android.server.pm.PackageManagerService.nextPackageToClean(android.content.pm.PackageCleanItem) from PackageManagerService.java:7996 waiters=0 for 104ms
W/ContextImpl( 2845): Calling a method in the system process without a qualified user: android.app.ContextImpl.startService:1700 android.content.ContextWrapper.startService:516 android.content.ContextWrapper.startService:516 com.android.keychain.KeyChainBroadcastReceiver.onReceive:12 android.app.ActivityThread.handleReceiver:2609 
W/Launcher( 1349): setApplicationContext called twice! old=com.android.launcher3.LauncherApplication@29cced93 new=com.android.launcher3.LauncherApplication@29cced93
E/libprocessgroup( 2868): failed to make and chown /acct/uid_10030: Read-only file system
W/Zygote  ( 2868): createProcessGroup failed, kernel missing CONFIG_CGROUP_CPUACCT?
I/ActivityManager(  536): Start proc 2868:com.android.documentsui/u0a30 for broadcast com.android.documentsui/.PackageReceiver
I/ActivityManager(  536): Start proc 2887:com.android.externalstorage/u0a6 for content provider com.android.externalstorage/.ExternalStorageProvider
E/libprocessgroup( 2887): failed to make and chown /acct/uid_10006: Read-only file system
W/Zygote  ( 2887): createProcessGroup failed, kernel missing CONFIG_CGROUP_CPUACCT?
D/ExternalStorage( 2887): After updating volumes, found 1 active roots
D/Documents( 2868): Update found 6 roots in 1246ms
D/Documents( 2868): Update found 6 roots in 236ms
D/AndroidRuntime( 2910): >>>>>> START com.android.internal.os.RuntimeInit uid 0 <<<<<<
D/AndroidRuntime( 2910): CheckJNI is OFF
E/memtrack( 2910): Couldn't load memtrack module (No such file or directory)
E/android.os.Debug( 2910): failed to load memtrack module: -2
D/AndroidRuntime( 2910): Calling main entry com.android.commands.pm.Pm
D/DefContainer( 2285): Copying /data/local/tmp/NASApod-release-unsigned_COMPLEX.apk to base.apk
D/PackageManager(  536): Renaming /data/app/vmdl1055749458.tmp to /data/app/com.jvillalba.apod.classic-1
I/PackageManager(  536): Running dexopt on: /data/app/com.jvillalba.apod.classic-1/base.apk pkg=com.jvillalba.apod.classic isa=x86 vmSafeMode=false
E/cutils-trace( 2924): Error opening trace file: Permission denied (13)
I/dex2oat ( 2924): /system/bin/dex2oat --zip-fd=5 --zip-location=/data/app/com.jvillalba.apod.classic-1/base.apk --oat-fd=6 --oat-location=/data/dalvik-cache/x86/data@app@com.jvillalba.apod.classic-1@base.apk@classes.dex --instruction-set=x86 --instruction-set-features=default --runtime-arg -Xms64m --runtime-arg -Xmx512m --swap-fd=7
I/dex2oat ( 2924): Decided to run without swap.
W/dex2oat ( 2924): Before Android 4.1, method int android.support.v7.widget.ListViewCompat.lookForSelectablePosition(int, boolean) would have incorrectly overridden the package-private method in android.widget.ListView
W/dex2oat ( 2924): Before Android 4.1, method android.graphics.PorterDuffColorFilter android.support.graphics.drawable.VectorDrawableCompat.updateTintFilter(android.graphics.PorterDuffColorFilter, android.content.res.ColorStateList, android.graphics.PorterDuff$Mode) would have incorrectly overridden the package-private method in android.graphics.drawable.Drawable
I/dex2oat ( 2924): dex2oat took 880.697ms (threads: 4) arena alloc=167KB java alloc=5MB native alloc=12MB free=7MB
V/BackupManagerService(  536): restoreAtInstall pkg=com.jvillalba.apod.classic token=4 restoreSet=0
V/BackupManagerService(  536): Finishing install immediately
W/Settings(  536): Setting install_non_market_apps has moved from android.provider.Settings.Global to android.provider.Settings.Secure, returning read-only value.
D/Documents( 2868): Update found 6 roots in 1ms
I/InputReader(  536): Reconfiguring input devices.  changes=0x00000010
D/BackupManagerService(  536): Received broadcast Intent { act=android.intent.action.PACKAGE_ADDED dat=package:com.jvillalba.apod.classic flg=0x4000010 (has extras) }
W/BackupManagerService(  536): Removing schedule queue dupe of com.jvillalba.apod.classic
W/VoiceInteractionManagerService(  536): no available voice recognition services found for user 0
D/Launcher.Workspace( 1349): 11683562 - removeExtraEmptyScreen()
D/Launcher.Workspace( 1349): 11683562 - convertFinalScreenToEmptyScreenIfNecessary()
I/art     (  536): Explicit concurrent mark sweep GC freed 74109(3MB) AllocSpace objects, 33(964KB) LOS objects, 33% free, 10MB/15MB, paused 498us total 41.927ms
I/art     ( 2910): System.exit called, status: 0
I/AndroidRuntime( 2910): VM exiting with result code 0.
D/AndroidRuntime( 2939): >>>>>> START com.android.internal.os.RuntimeInit uid 0 <<<<<<
D/AndroidRuntime( 2939): CheckJNI is OFF
E/memtrack( 2939): Couldn't load memtrack module (No such file or directory)
E/android.os.Debug( 2939): failed to load memtrack module: -2
D/AndroidRuntime( 2939): Calling main entry com.android.commands.monkey.Monkey
W/BroadcastQueue(  536): Skipping deliver [background] BroadcastRecord{2605187c u-1 android.net.conn.CONNECTIVITY_CHANGE} to ReceiverList{29896505 2939 (unknown name)/0/u-1 remote:2213864e}: process crashing
I/ActivityManager(  536): START u0 {act=android.intent.action.MAIN cat=[android.intent.category.LAUNCHER] flg=0x10200000 cmp=com.jvillalba.apod.classic/.activities.MainActivity} from uid 0 on display 0
V/WindowManager(  536): addAppToken: AppWindowToken{3ec94068 token=Token{3b25878b ActivityRecord{3325b95a u0 com.jvillalba.apod.classic/.activities.MainActivity t7}}} to stack=1 task=7 at 0
V/WindowManager(  536): Adding window Window{6055d03 u0 Starting com.jvillalba.apod.classic} at 2 of 8 (after Window{28cebe19 u0 com.android.launcher3/com.android.launcher3.Launcher})
E/libprocessgroup( 2953): failed to make and chown /acct/uid_10062: Read-only file system
W/Zygote  ( 2953): createProcessGroup failed, kernel missing CONFIG_CGROUP_CPUACCT?
I/ActivityManager(  536): Start proc 2953:com.jvillalba.apod.classic/u0a62 for activity com.jvillalba.apod.classic/.activities.MainActivity
I/art     (  126): Explicit concurrent mark sweep GC freed 706(30KB) AllocSpace objects, 0(0B) LOS objects, 91% free, 92KB/1116KB, paused 74us total 10.690ms
I/art     (  126): Explicit concurrent mark sweep GC freed 5(160B) AllocSpace objects, 0(0B) LOS objects, 91% free, 92KB/1116KB, paused 61us total 3.056ms
I/art     (  126): Explicit concurrent mark sweep GC freed 5(160B) AllocSpace objects, 0(0B) LOS objects, 91% free, 92KB/1116KB, paused 59us total 4.127ms
E/EGL_emulation(  520): tid 520: eglCreateSyncKHR(1215): error 0x3004 (EGL_BAD_ATTRIBUTE)
D/SurfaceFlinger(  520): setOrientation, mFbdev=0xf68603c0, mFbDev->setOrientation=0x0, orientation=0
E/SurfaceFlinger(  520): setOrientation: can't set orientation
I/ActivityManager(  536): Config changes=480 {1.0 310mcc270mnc en_US ldltr sw600dp w600dp h887dp 320dpi lrg port finger -keyb/v/h dpad/v s.9}
W/art     (  536): Long monitor contention event with owner method=void com.android.server.am.ActivityManagerService.updateConfiguration(android.content.res.Configuration) from ActivityManagerService.java:16692 waiters=4 for 425ms
W/art     (  536): Long monitor contention event with owner method=void com.android.server.am.ActivityManagerService.updateConfiguration(android.content.res.Configuration) from ActivityManagerService.java:16692 waiters=5 for 496ms
D/Sensors (  536): batch handle 1, but there is no batch sensor in genymotion
W/art     (  536): Long monitor contention event with owner method=void com.android.server.wm.WindowManagerService.updateRotationUnchecked(boolean, boolean) from WindowManagerService.java:6410 waiters=0 for 316ms
I/art     ( 2939): System.exit called, status: 0
I/AndroidRuntime( 2939): VM exiting with result code 0.
W/art     ( 2953): Before Android 4.1, method android.graphics.PorterDuffColorFilter android.support.graphics.drawable.VectorDrawableCompat.updateTintFilter(android.graphics.PorterDuffColorFilter, android.content.res.ColorStateList, android.graphics.PorterDuff$Mode) would have incorrectly overridden the package-private method in android.graphics.drawable.Drawable
D/leak-18 ( 2953): Eastern Standard Time
W/art     ( 2953): Suspending all threads took: 12.334ms
I/art     ( 2152): Background partial concurrent mark sweep GC freed 575(31KB) AllocSpace objects, 1(9MB) LOS objects, 39% free, 13MB/22MB, paused 36.624ms total 97.562ms
I/art     ( 2953): Background sticky concurrent mark sweep GC freed 2398(226KB) AllocSpace objects, 0(0B) LOS objects, 16% free, 935KB/1117KB, paused 30.514ms total 79.109ms
D/leak-24 ( 2953): Eastern Standard Time
D/leak-97 ( 2953): Eastern Standard Time
D/leak-26 ( 2953): Eastern Standard Time
D/leak-27 ( 2953): Eastern Standard Time
D/leak-25 ( 2953): Eastern Standard Time
D/leak-104( 2953): Eastern Standard Time
D/leak-0  ( 2953): Eastern Standard Time
D/leak-1  ( 2953): Eastern Standard Time
D/leak-3  ( 2953): Eastern Standard Time
I/art     ( 2953): Background partial concurrent mark sweep GC freed 1203(109KB) AllocSpace objects, 0(0B) LOS objects, 46% free, 1164KB/2MB, paused 1.353ms total 156.629ms
D/OpenGLRenderer( 2953): Use EGL_SWAP_BEHAVIOR_PRESERVED: true
D/        ( 2953): HostConnection::get() New Host Connection established 0xf3e71c50, tid 2953
I/art     ( 2953): Background sticky concurrent mark sweep GC freed 10369(473KB) AllocSpace objects, 0(0B) LOS objects, 28% free, 1572KB/2MB, paused 7.582ms total 24.509ms
D/Atlas   ( 2953): Validating map...
V/WindowManager(  536): Adding window Window{386b697b u0 com.jvillalba.apod.classic/com.jvillalba.apod.classic.activities.MainActivity} at 2 of 10 (before Window{6055d03 u0 Starting com.jvillalba.apod.classic})
D/libEGL  ( 2953): loaded /system/lib/egl/libEGL_emulation.so
D/libEGL  ( 2953): loaded /system/lib/egl/libGLESv1_CM_emulation.so
D/libEGL  ( 2953): loaded /system/lib/egl/libGLESv2_emulation.so
D/        ( 2953): HostConnection::get() New Host Connection established 0xf3e71e30, tid 2974
I/OpenGLRenderer( 2953): Initialized EGL, version 1.4
V/ActivityManager(  536): Display changed displayId=0
E/SurfaceFlinger(  520): rejecting buffer: bufWidth=1920, bufHeight=1104, front.active.{w=1, h=1}
I/InputReader(  536): Reconfiguring input devices.  changes=0x00000004
I/InputReader(  536): Device reconfigured: id=1, name='Genymotion Virtual Input', size 1200x1920, orientation 0, mode 1, display id 0
I/InputReader(  536): Reconfiguring input devices.  changes=0x00000004
W/WindowManager(  536): Window freeze timeout expired.
W/WindowManager(  536): Force clearing orientation change: Window{20f1bb57 u0 NavigationBar}
W/WindowManager(  536): Force clearing orientation change: Window{20351dac u0 StatusBar}
W/WindowManager(  536): Force clearing orientation change: Window{6055d03 u0 Starting com.jvillalba.apod.classic}
W/WindowManager(  536): Force clearing orientation change: Window{386b697b u0 com.jvillalba.apod.classic/com.jvillalba.apod.classic.activities.MainActivity}
W/WindowManager(  536): Force clearing orientation change: Window{16b1061 u0 com.android.systemui.ImageWallpaper}
I/WindowManager(  536): Screen frozen for +4s676ms due to Window{16b1061 u0 com.android.systemui.ImageWallpaper}
D/OpenGLRenderer( 2953): Enabling debug mode 0
W/EGL_emulation( 2953): eglSurfaceAttrib not implemented
W/OpenGLRenderer( 2953): Failed to set EGL_SWAP_BEHAVIOR on surface 0xf3f797c0, error=EGL_SUCCESS
D/leak-100( 2953): Eastern Standard Time
D/leak-100( 2953): Eastern Standard Time
D/leak-22 ( 2953): Eastern Standard Time
I/Choreographer( 2953): Skipped 169 frames!  The application may be doing too much work on its main thread.
I/art     ( 2953): Background sticky concurrent mark sweep GC freed 1125(213KB) AllocSpace objects, 0(0B) LOS objects, 14% free, 1873KB/2MB, paused 9.926ms total 17.653ms
D/AndroidRuntime( 2983): >>>>>> START com.android.internal.os.RuntimeInit uid 0 <<<<<<
D/AndroidRuntime( 2983): CheckJNI is OFF
E/memtrack( 2983): Couldn't load memtrack module (No such file or directory)
E/android.os.Debug( 2983): failed to load memtrack module: -2
D/AndroidRuntime( 2983): Calling main entry com.android.commands.content.Content
I/Choreographer( 2152): Skipped 362 frames!  The application may be doing too much work on its main thread.
D/AndroidRuntime( 2983): Shutting down VM
W/EGL_emulation( 2152): eglSurfaceAttrib not implemented
W/OpenGLRenderer( 2152): Failed to set EGL_SWAP_BEHAVIOR on surface 0xeec61e80, error=EGL_SUCCESS
D/AndroidRuntime( 2998): >>>>>> START com.android.internal.os.RuntimeInit uid 0 <<<<<<
D/AndroidRuntime( 2998): CheckJNI is OFF
E/memtrack( 2998): Couldn't load memtrack module (No such file or directory)
E/android.os.Debug( 2998): failed to load memtrack module: -2
D/AndroidRuntime( 2998): Calling main entry com.android.commands.content.Content
D/AndroidRuntime( 2998): Shutting down VM
W/EGL_emulation( 2152): eglSurfaceAttrib not implemented
W/OpenGLRenderer( 2152): Failed to set EGL_SWAP_BEHAVIOR on surface 0xeecc90c0, error=EGL_SUCCESS
I/art     ( 2152): Background sticky concurrent mark sweep GC freed 890(70KB) AllocSpace objects, 0(0B) LOS objects, 0% free, 22MB/22MB, paused 62.941ms total 102.732ms
I/art     ( 2152): Background partial concurrent mark sweep GC freed 706(42KB) AllocSpace objects, 1(9MB) LOS objects, 40% free, 13MB/22MB, paused 32.211ms total 55.340ms
W/ActivityManager(  536): Launch timeout has expired, giving up wake lock!
I/Choreographer(  536): Skipped 292 frames!  The application may be doing too much work on its main thread.
I/Choreographer(  536): Skipped 32 frames!  The application may be doing too much work on its main thread.
W/art     (  536): Long monitor contention event with owner method=void com.android.server.wm.WindowAnimator$1.run() from WindowAnimator.java:124 waiters=0 for 531ms
W/art     (  536): Long monitor contention event with owner method=void com.android.server.wm.WindowAnimator$1.run() from WindowAnimator.java:124 waiters=1 for 128ms
W/art     (  536): Long monitor contention event with owner method=void com.android.server.wm.WindowAnimator$1.run() from WindowAnimator.java:124 waiters=1 for 240ms
I/ActivityManager(  536): Displayed com.jvillalba.apod.classic/.activities.MainActivity: +11s559ms (total +21s713ms)
I/Choreographer( 2953): Skipped 378 frames!  The application may be doing too much work on its main thread.
D/leak-100( 2953): Eastern Standard Time
D/leak-100( 2953): Eastern Standard Time
W/IInputConnectionWrapper( 1349): showStatusIcon on inactive InputConnection
W/art     (  536): Long monitor contention event with owner method=void com.android.server.wm.WindowAnimator$1.run() from WindowAnimator.java:124 waiters=0 for 309ms
W/art     (  536): Long monitor contention event with owner method=void com.android.server.wm.WindowManagerService$H.handleMessage(android.os.Message) from WindowManagerService.java:7695 waiters=1 for 307ms
D/leak-105( 2953): Eastern Standard Time
D/leak-94 ( 2953): Eastern Standard Time
D/leak-95 ( 2953): Eastern Standard Time
D/leak-77 ( 2953): Eastern Standard Time
D/leak-96 ( 2953): Eastern Standard Time
D/leak-95 ( 2953): Eastern Standard Time
D/leak-77 ( 2953): Eastern Standard Time
D/leak-96 ( 2953): Eastern Standard Time
D/leak-95 ( 2953): Eastern Standard Time
D/leak-77 ( 2953): Eastern Standard Time
D/leak-96 ( 2953): Eastern Standard Time
D/leak-95 ( 2953): Eastern Standard Time
D/leak-77 ( 2953): Eastern Standard Time
D/leak-96 ( 2953): Eastern Standard Time
D/leak-95 ( 2953): Eastern Standard Time
D/leak-77 ( 2953): Eastern Standard Time
D/leak-95 ( 2953): Eastern Standard Time
D/leak-77 ( 2953): Eastern Standard Time
D/leak-96 ( 2953): Eastern Standard Time
D/leak-95 ( 2953): Eastern Standard Time
D/leak-77 ( 2953): Eastern Standard Time
D/leak-96 ( 2953): Eastern Standard Time
D/leak-95 ( 2953): Eastern Standard Time
D/leak-77 ( 2953): Eastern Standard Time
D/leak-96 ( 2953): Eastern Standard Time
D/leak-95 ( 2953): Eastern Standard Time
D/leak-77 ( 2953): Eastern Standard Time
D/leak-96 ( 2953): Eastern Standard Time
D/leak-95 ( 2953): Eastern Standard Time
D/leak-77 ( 2953): Eastern Standard Time
D/leak-96 ( 2953): Eastern Standard Time
D/leak-95 ( 2953): Eastern Standard Time
D/leak-77 ( 2953): Eastern Standard Time
D/leak-96 ( 2953): Eastern Standard Time
D/leak-95 ( 2953): Eastern Standard Time
D/leak-77 ( 2953): Eastern Standard Time
D/leak-96 ( 2953): Eastern Standard Time
D/leak-95 ( 2953): Eastern Standard Time
D/leak-77 ( 2953): Eastern Standard Time
D/leak-96 ( 2953): Eastern Standard Time
D/leak-95 ( 2953): Eastern Standard Time
D/leak-77 ( 2953): Eastern Standard Time
D/leak-96 ( 2953): Eastern Standard Time
D/leak-95 ( 2953): Eastern Standard Time
D/leak-77 ( 2953): Eastern Standard Time
D/leak-96 ( 2953): Eastern Standard Time
D/leak-95 ( 2953): Eastern Standard Time
D/leak-77 ( 2953): Eastern Standard Time
D/leak-96 ( 2953): Eastern Standard Time
D/leak-95 ( 2953): Eastern Standard Time
D/leak-77 ( 2953): Eastern Standard Time
D/leak-96 ( 2953): Eastern Standard Time
D/leak-95 ( 2953): Eastern Standard Time
D/leak-77 ( 2953): Eastern Standard Time
D/leak-96 ( 2953): Eastern Standard Time
D/leak-95 ( 2953): Eastern Standard Time
D/leak-77 ( 2953): Eastern Standard Time
D/leak-96 ( 2953): Eastern Standard Time
D/leak-95 ( 2953): Eastern Standard Time
D/leak-77 ( 2953): Eastern Standard Time
D/leak-96 ( 2953): Eastern Standard Time
D/leak-95 ( 2953): Eastern Standard Time
D/leak-77 ( 2953): Eastern Standard Time
D/leak-96 ( 2953): Eastern Standard Time
D/leak-95 ( 2953): Eastern Standard Time
D/leak-77 ( 2953): Eastern Standard Time
D/leak-96 ( 2953): Eastern Standard Time
D/leak-95 ( 2953): Eastern Standard Time
D/leak-77 ( 2953): Eastern Standard Time
D/leak-95 ( 2953): Eastern Standard Time
D/leak-77 ( 2953): Eastern Standard Time
D/leak-96 ( 2953): Eastern Standard Time
D/leak-95 ( 2953): Eastern Standard Time
D/leak-77 ( 2953): Eastern Standard Time
D/leak-96 ( 2953): Eastern Standard Time
D/leak-95 ( 2953): Eastern Standard Time
D/leak-77 ( 2953): Eastern Standard Time
D/leak-96 ( 2953): Eastern Standard Time
D/leak-95 ( 2953): Eastern Standard Time
D/leak-77 ( 2953): Eastern Standard Time
D/leak-96 ( 2953): Eastern Standard Time
D/leak-95 ( 2953): Eastern Standard Time
D/leak-77 ( 2953): Eastern Standard Time
D/leak-96 ( 2953): Eastern Standard Time
D/leak-95 ( 2953): Eastern Standard Time
D/leak-77 ( 2953): Eastern Standard Time
D/leak-96 ( 2953): Eastern Standard Time
I/Choreographer( 2953): Skipped 67 frames!  The application may be doing too much work on its main thread.
D/leak-100( 2953): Eastern Standard Time
D/leak-100( 2953): Eastern Standard Time
D/leak-100( 2953): Eastern Standard Time
D/leak-98 ( 2953): Eastern Standard Time
D/leak-101( 2953): Eastern Standard Time
D/leak-99 ( 2953): Eastern Standard Time
D/leak-102( 2953): Eastern Standard Time
D/leak-81 ( 2953): Eastern Standard Time
I/art     (  536): Explicit concurrent mark sweep GC freed 16789(1101KB) AllocSpace objects, 13(221KB) LOS objects, 33% free, 10MB/15MB, paused 17.724ms total 73.078ms
W/Settings( 2953): Setting airplane_mode_on has moved from android.provider.Settings.System to android.provider.Settings.Global, returning read-only value.
D/leak-83 ( 2953): Eastern Standard Time
D/leak-100( 2953): Eastern Standard Time
D/leak-98 ( 2953): Eastern Standard Time
D/leak-101( 2953): Eastern Standard Time
D/leak-99 ( 2953): Eastern Standard Time
D/leak-102( 2953): Eastern Standard Time
D/leak-81 ( 2953): Eastern Standard Time
D/leak-83 ( 2953): Eastern Standard Time
D/leak-100( 2953): Eastern Standard Time
D/leak-98 ( 2953): Eastern Standard Time
D/leak-101( 2953): Eastern Standard Time
D/leak-99 ( 2953): Eastern Standard Time
D/leak-102( 2953): Eastern Standard Time
D/leak-81 ( 2953): Eastern Standard Time
D/leak-83 ( 2953): Eastern Standard Time
I/art     ( 2953): Background sticky concurrent mark sweep GC freed 1481(81KB) AllocSpace objects, 0(0B) LOS objects, 8% free, 1991KB/2MB, paused 10.497ms total 35.959ms
D/AndroidRuntime( 3030): >>>>>> START com.android.internal.os.RuntimeInit uid 0 <<<<<<
D/AndroidRuntime( 3030): CheckJNI is OFF
E/memtrack( 3030): Couldn't load memtrack module (No such file or directory)
E/android.os.Debug( 3030): failed to load memtrack module: -2
I/art     ( 2953): Background partial concurrent mark sweep GC freed 9974(436KB) AllocSpace objects, 0(0B) LOS objects, 39% free, 2MB/3MB, paused 23.116ms total 149.410ms
D/AndroidRuntime( 3030): Calling main entry com.android.commands.uiautomator.Launcher
I/art     ( 2953): Background sticky concurrent mark sweep GC freed 1047(147KB) AllocSpace objects, 4(80KB) LOS objects, 0% free, 4MB/4MB, paused 36.823ms total 128.052ms
W/art     (  536): Long monitor contention event with owner method=void com.android.server.accessibility.AccessibilityManagerService.registerUiTestAutomationService(android.os.IBinder, android.accessibilityservice.IAccessibilityServiceClient, android.accessibilityservice.AccessibilityServiceInfo) from AccessibilityManagerService.java:624 waiters=0 for 154ms
I/art     ( 2953): Background partial concurrent mark sweep GC freed 1127(250KB) AllocSpace objects, 4(80KB) LOS objects, 39% free, 9MB/15MB, paused 220us total 120.514ms
D/leak-100( 2953): Eastern Standard Time
D/leak-100( 2953): Eastern Standard Time
D/leak-100( 2953): Eastern Standard Time
D/leak-100( 2953): Eastern Standard Time
D/leak-100( 2953): Eastern Standard Time
D/leak-100( 2953): Eastern Standard Time
I/art     ( 2953): Background sticky concurrent mark sweep GC freed 841(33KB) AllocSpace objects, 1(32KB) LOS objects, 0% free, 15MB/15MB, paused 14.210ms total 33.013ms
I/art     ( 2953): Background partial concurrent mark sweep GC freed 541(38KB) AllocSpace objects, 9(5MB) LOS objects, 39% free, 14MB/23MB, paused 10.619ms total 96.041ms
I/Choreographer( 2152): Skipped 419 frames!  The application may be doing too much work on its main thread.
D/leak-100( 2953): Eastern Standard Time
D/leak-100( 2953): Eastern Standard Time
D/leak-100( 2953): Eastern Standard Time
D/leak-100( 2953): Eastern Standard Time
D/leak-100( 2953): Eastern Standard Time
D/leak-100( 2953): Eastern Standard Time
I/AccessibilityNodeInfoDumper( 3030): Skipping invisible child: android.view.accessibility.AccessibilityNodeInfo@8000ee5a; boundsInParent: Rect(0, 0 - 1200, 60); boundsInScreen: Rect(0, 2518 - 1200, 1824); packageName: com.jvillalba.apod.classic; className: android.widget.TextView; text: A Busy Space Walk at the Space Station; error: null; maxTextLength: -1; contentDescription: null; viewIdResName: com.jvillalba.apod.classic:id/textViewAPOD; checkable: false; checked: false; focusable: false; focused: false; selected: false; clickable: false; longClickable: false; enabled: true; password: false; scrollable: false; actions: [AccessibilityAction: ACTION_SELECT - null, AccessibilityAction: ACTION_CLEAR_SELECTION - null, AccessibilityAction: ACTION_ACCESSIBILITY_FOCUS - null, AccessibilityAction: ACTION_NEXT_AT_MOVEMENT_GRANULARITY - null, AccessibilityAction: ACTION_PREVIOUS_AT_MOVEMENT_GRANULARITY - null, AccessibilityAction: ACTION_SET_SELECTION - null]
W/AccessibilityNodeInfoDumper( 3030): Fetch time: 21ms
W/WindowManager(  536): Attempted to remove non-existing token: android.os.Binder@4cadd0c
D/AndroidRuntime( 3030): Shutting down VM
D/AndroidRuntime( 3058): >>>>>> START com.android.internal.os.RuntimeInit uid 0 <<<<<<
D/AndroidRuntime( 3058): CheckJNI is OFF
E/memtrack( 3058): Couldn't load memtrack module (No such file or directory)
E/android.os.Debug( 3058): failed to load memtrack module: -2
D/AndroidRuntime( 3058): Calling main entry com.android.commands.uiautomator.Launcher
D/leak-100( 2953): Eastern Standard Time
D/leak-100( 2953): Eastern Standard Time
I/AccessibilityNodeInfoDumper( 3058): Skipping invisible child: android.view.accessibility.AccessibilityNodeInfo@8000ee65; boundsInParent: Rect(0, 0 - 1200, 60); boundsInScreen: Rect(0, 2518 - 1200, 1824); packageName: com.jvillalba.apod.classic; className: android.widget.TextView; text: A Busy Space Walk at the Space Station; error: null; maxTextLength: -1; contentDescription: null; viewIdResName: com.jvillalba.apod.classic:id/textViewAPOD; checkable: false; checked: false; focusable: false; focused: false; selected: false; clickable: false; longClickable: false; enabled: true; password: false; scrollable: false; actions: [AccessibilityAction: ACTION_SELECT - null, AccessibilityAction: ACTION_CLEAR_SELECTION - null, AccessibilityAction: ACTION_ACCESSIBILITY_FOCUS - null, AccessibilityAction: ACTION_NEXT_AT_MOVEMENT_GRANULARITY - null, AccessibilityAction: ACTION_PREVIOUS_AT_MOVEMENT_GRANULARITY - null, AccessibilityAction: ACTION_SET_SELECTION - null]
W/AccessibilityNodeInfoDumper( 3058): Fetch time: 12ms
W/WindowManager(  536): Attempted to remove non-existing token: android.os.Binder@da1f86a
D/AndroidRuntime( 3058): Shutting down VM
D/AndroidRuntime( 3086): >>>>>> START com.android.internal.os.RuntimeInit uid 0 <<<<<<
D/AndroidRuntime( 3086): CheckJNI is OFF
E/memtrack( 3086): Couldn't load memtrack module (No such file or directory)
E/android.os.Debug( 3086): failed to load memtrack module: -2
D/AndroidRuntime( 3086): Calling main entry com.android.commands.uiautomator.Launcher
D/leak-100( 2953): Eastern Standard Time
D/leak-100( 2953): Eastern Standard Time
I/AccessibilityNodeInfoDumper( 3086): Skipping invisible child: android.view.accessibility.AccessibilityNodeInfo@8000ee6d; boundsInParent: Rect(0, 0 - 1200, 60); boundsInScreen: Rect(0, 2518 - 1200, 1824); packageName: com.jvillalba.apod.classic; className: android.widget.TextView; text: A Busy Space Walk at the Space Station; error: null; maxTextLength: -1; contentDescription: null; viewIdResName: com.jvillalba.apod.classic:id/textViewAPOD; checkable: false; checked: false; focusable: false; focused: false; selected: false; clickable: false; longClickable: false; enabled: true; password: false; scrollable: false; actions: [AccessibilityAction: ACTION_SELECT - null, AccessibilityAction: ACTION_CLEAR_SELECTION - null, AccessibilityAction: ACTION_ACCESSIBILITY_FOCUS - null, AccessibilityAction: ACTION_NEXT_AT_MOVEMENT_GRANULARITY - null, AccessibilityAction: ACTION_PREVIOUS_AT_MOVEMENT_GRANULARITY - null, AccessibilityAction: ACTION_SET_SELECTION - null]
W/AccessibilityNodeInfoDumper( 3086): Fetch time: 12ms
W/WindowManager(  536): Attempted to remove non-existing token: android.os.Binder@33a3415b
D/AndroidRuntime( 3086): Shutting down VM
D/AndroidRuntime( 3119): >>>>>> START com.android.internal.os.RuntimeInit uid 0 <<<<<<
D/AndroidRuntime( 3119): CheckJNI is OFF
E/memtrack( 3119): Couldn't load memtrack module (No such file or directory)
E/android.os.Debug( 3119): failed to load memtrack module: -2
D/AndroidRuntime( 3119): Calling main entry com.android.commands.uiautomator.Launcher
D/leak-100( 2953): Eastern Standard Time
D/leak-100( 2953): Eastern Standard Time
I/AccessibilityNodeInfoDumper( 3119): Skipping invisible child: android.view.accessibility.AccessibilityNodeInfo@8000ee79; boundsInParent: Rect(0, 0 - 1200, 60); boundsInScreen: Rect(0, 2518 - 1200, 1824); packageName: com.jvillalba.apod.classic; className: android.widget.TextView; text: A Busy Space Walk at the Space Station; error: null; maxTextLength: -1; contentDescription: null; viewIdResName: com.jvillalba.apod.classic:id/textViewAPOD; checkable: false; checked: false; focusable: false; focused: false; selected: false; clickable: false; longClickable: false; enabled: true; password: false; scrollable: false; actions: [AccessibilityAction: ACTION_SELECT - null, AccessibilityAction: ACTION_CLEAR_SELECTION - null, AccessibilityAction: ACTION_ACCESSIBILITY_FOCUS - null, AccessibilityAction: ACTION_NEXT_AT_MOVEMENT_GRANULARITY - null, AccessibilityAction: ACTION_PREVIOUS_AT_MOVEMENT_GRANULARITY - null, AccessibilityAction: ACTION_SET_SELECTION - null]
W/AccessibilityNodeInfoDumper( 3119): Fetch time: 12ms
W/WindowManager(  536): Attempted to remove non-existing token: android.os.Binder@21cebdf8
D/AndroidRuntime( 3119): Shutting down VM
D/AndroidRuntime( 3150): >>>>>> START com.android.internal.os.RuntimeInit uid 0 <<<<<<
D/AndroidRuntime( 3150): CheckJNI is OFF
E/memtrack( 3150): Couldn't load memtrack module (No such file or directory)
E/android.os.Debug( 3150): failed to load memtrack module: -2
D/AndroidRuntime( 3150): Calling main entry com.android.commands.uiautomator.Launcher
D/leak-100( 2953): Eastern Standard Time
D/leak-100( 2953): Eastern Standard Time
I/AccessibilityNodeInfoDumper( 3150): Skipping invisible child: android.view.accessibility.AccessibilityNodeInfo@8000ee80; boundsInParent: Rect(0, 0 - 1200, 60); boundsInScreen: Rect(0, 2518 - 1200, 1824); packageName: com.jvillalba.apod.classic; className: android.widget.TextView; text: A Busy Space Walk at the Space Station; error: null; maxTextLength: -1; contentDescription: null; viewIdResName: com.jvillalba.apod.classic:id/textViewAPOD; checkable: false; checked: false; focusable: false; focused: false; selected: false; clickable: false; longClickable: false; enabled: true; password: false; scrollable: false; actions: [AccessibilityAction: ACTION_SELECT - null, AccessibilityAction: ACTION_CLEAR_SELECTION - null, AccessibilityAction: ACTION_ACCESSIBILITY_FOCUS - null, AccessibilityAction: ACTION_NEXT_AT_MOVEMENT_GRANULARITY - null, AccessibilityAction: ACTION_PREVIOUS_AT_MOVEMENT_GRANULARITY - null, AccessibilityAction: ACTION_SET_SELECTION - null]
W/AccessibilityNodeInfoDumper( 3150): Fetch time: 13ms
W/WindowManager(  536): Attempted to remove non-existing token: android.os.Binder@8b8a2d1
D/AndroidRuntime( 3150): Shutting down VM
D/AndroidRuntime( 3173): >>>>>> START com.android.internal.os.RuntimeInit uid 0 <<<<<<
D/AndroidRuntime( 3173): CheckJNI is OFF
E/memtrack( 3173): Couldn't load memtrack module (No such file or directory)
