W/WindowManager(  536): Attempted to remove non-existing token: android.os.Binder@16e6f3f9
D/AndroidRuntime( 6993): Shutting down VM
D/AndroidRuntime( 7021): >>>>>> START com.android.internal.os.RuntimeInit uid 0 <<<<<<
D/AndroidRuntime( 7021): CheckJNI is OFF
E/memtrack( 7021): Couldn't load memtrack module (No such file or directory)
E/android.os.Debug( 7021): failed to load memtrack module: -2
D/AndroidRuntime( 7021): Calling main entry com.android.commands.uiautomator.Launcher
W/AccessibilityNodeInfoDumper( 7021): Fetch time: 2ms
W/WindowManager(  536): Attempted to remove non-existing token: android.os.Binder@a41ef3e
D/AndroidRuntime( 7021): Shutting down VM
D/AndroidRuntime( 7054): >>>>>> START com.android.internal.os.RuntimeInit uid 0 <<<<<<
D/AndroidRuntime( 7054): CheckJNI is OFF
E/memtrack( 7054): Couldn't load memtrack module (No such file or directory)
E/android.os.Debug( 7054): failed to load memtrack module: -2
D/AndroidRuntime( 7054): Calling main entry com.android.commands.uiautomator.Launcher
W/AccessibilityNodeInfoDumper( 7054): Fetch time: 1ms
W/WindowManager(  536): Attempted to remove non-existing token: android.os.Binder@3cebf19f
D/AndroidRuntime( 7054): Shutting down VM
D/AndroidRuntime( 7085): >>>>>> START com.android.internal.os.RuntimeInit uid 0 <<<<<<
D/AndroidRuntime( 7085): CheckJNI is OFF
E/memtrack( 7085): Couldn't load memtrack module (No such file or directory)
E/android.os.Debug( 7085): failed to load memtrack module: -2
D/AndroidRuntime( 7085): Calling main entry com.android.commands.uiautomator.Launcher
W/AccessibilityNodeInfoDumper( 7085): Fetch time: 2ms
W/WindowManager(  536): Attempted to remove non-existing token: android.os.Binder@140e82ec
D/AndroidRuntime( 7085): Shutting down VM
D/AndroidRuntime( 7108): >>>>>> START com.android.internal.os.RuntimeInit uid 0 <<<<<<
D/AndroidRuntime( 7108): CheckJNI is OFF
E/memtrack( 7108): Couldn't load memtrack module (No such file or directory)
E/android.os.Debug( 7108): failed to load memtrack module: -2
D/AndroidRuntime( 7108): Calling main entry com.android.commands.uiautomator.Launcher
W/AccessibilityNodeInfoDumper( 7108): Fetch time: 1ms
W/WindowManager(  536): Attempted to remove non-existing token: android.os.Binder@2499d6b5
D/AndroidRuntime( 7108): Shutting down VM
D/AndroidRuntime( 7126): >>>>>> START com.android.internal.os.RuntimeInit uid 0 <<<<<<
D/AndroidRuntime( 7126): CheckJNI is OFF
E/memtrack( 7126): Couldn't load memtrack module (No such file or directory)
E/android.os.Debug( 7126): failed to load memtrack module: -2
D/AndroidRuntime( 7126): Calling main entry com.android.commands.am.Am
I/ActivityManager(  536): Force stopping com.jvillalba.apod.classic appid=10062 user=0: from pid 7126
I/ActivityManager(  536): Killing 2953:com.jvillalba.apod.classic/u0a62 (adj 0): stop com.jvillalba.apod.classic
W/libprocessgroup(  536): failed to open /acct/uid_10062/pid_2953/cgroup.procs: No such file or directory
W/ActivityManager(  536): Force removing ActivityRecord{1ecfb264 u0 com.jvillalba.apod.classic/.activities.ImageActivity t7}: app died, no saved state
I/ActivityManager(  536):   Force finishing activity 3 ActivityRecord{3325b95a u0 com.jvillalba.apod.classic/.activities.MainActivity t7}
W/WindowManager(  536): view not successfully added to wm, removing view
E/libprocessgroup( 7140): failed to make and chown /acct/uid_10062: Read-only file system
W/Zygote  ( 7140): createProcessGroup failed, kernel missing CONFIG_CGROUP_CPUACCT?
I/ActivityManager(  536): Start proc 7140:com.jvillalba.apod.classic/u0a62 for activity com.jvillalba.apod.classic/.activities.ViewActivity
I/ActivityManager(  536):   Force finishing activity 3 ActivityRecord{3e45a13c u0 com.jvillalba.apod.classic/.activities.ViewActivity t7}
E/WindowState(  536): getStack: Window{13699528 u0 com.jvillalba.apod.classic/com.jvillalba.apod.classic.activities.ViewActivity} couldn't find taskId=7 Callers=com.android.server.wm.WindowManagerService.performLayoutAndPlaceSurfacesLockedInner:9750 com.android.server.wm.WindowManagerService.performLayoutAndPlaceSurfacesLockedLoop:8789 com.android.server.wm.WindowManagerService.performLayoutAndPlaceSurfacesLocked:8731 com.android.server.wm.WindowManagerService.executeAppTransition:4151 
E/WindowState(  536): getStack: Window{386b697b u0 com.jvillalba.apod.classic/com.jvillalba.apod.classic.activities.MainActivity} couldn't find taskId=7 Callers=com.android.server.wm.WindowManagerService.performLayoutAndPlaceSurfacesLockedInner:9750 com.android.server.wm.WindowManagerService.performLayoutAndPlaceSurfacesLockedLoop:8789 com.android.server.wm.WindowManagerService.performLayoutAndPlaceSurfacesLocked:8731 com.android.server.wm.WindowManagerService.executeAppTransition:4151 
D/AndroidRuntime( 7126): Shutting down VM
E/WindowState(  536): getStack: Window{13699528 u0 com.jvillalba.apod.classic/com.jvillalba.apod.classic.activities.ViewActivity} couldn't find taskId=7 Callers=com.android.server.wm.WindowState.getDisplayContent:782 com.android.server.wm.WindowState.getDisplayId:787 com.android.server.wm.InputMonitor.updateInputWindowsLw:294 com.android.server.wm.WindowManagerService.performLayoutAndPlaceSurfacesLockedInner:10089 
E/WindowState(  536): getStack: Window{13699528 u0 com.jvillalba.apod.classic/com.jvillalba.apod.classic.activities.ViewActivity} couldn't find taskId=7 Callers=com.android.server.wm.WindowState.getStackBounds:812 com.android.server.wm.InputMonitor.addInputWindowHandleLw:180 com.android.server.wm.InputMonitor.updateInputWindowsLw:313 com.android.server.wm.WindowManagerService.performLayoutAndPlaceSurfacesLockedInner:10089 
E/WindowState(  536): getStack: Window{386b697b u0 com.jvillalba.apod.classic/com.jvillalba.apod.classic.activities.MainActivity} couldn't find taskId=7 Callers=com.android.server.wm.WindowState.getDisplayContent:782 com.android.server.wm.WindowState.getDisplayId:787 com.android.server.wm.InputMonitor.updateInputWindowsLw:294 com.android.server.wm.WindowManagerService.performLayoutAndPlaceSurfacesLockedInner:10089 
E/WindowState(  536): getStack: Window{386b697b u0 com.jvillalba.apod.classic/com.jvillalba.apod.classic.activities.MainActivity} couldn't find taskId=7 Callers=com.android.server.wm.WindowState.getStackBounds:812 com.android.server.wm.InputMonitor.addInputWindowHandleLw:180 com.android.server.wm.InputMonitor.updateInputWindowsLw:313 com.android.server.wm.WindowManagerService.performLayoutAndPlaceSurfacesLockedInner:10089 
E/WindowState(  536): getStack: Window{13699528 u0 com.jvillalba.apod.classic/com.jvillalba.apod.classic.activities.ViewActivity} couldn't find taskId=7 Callers=com.android.server.wm.DisplayContent.setTouchExcludeRegion:237 com.android.server.wm.WindowManagerService.setFocusedStackFrame:3994 com.android.server.wm.WindowManagerService.performLayoutAndPlaceSurfacesLockedInner:10165 com.android.server.wm.WindowManagerService.performLayoutAndPlaceSurfacesLockedLoop:8789 
E/WindowState(  536): getStack: Window{386b697b u0 com.jvillalba.apod.classic/com.jvillalba.apod.classic.activities.MainActivity} couldn't find taskId=7 Callers=com.android.server.wm.DisplayContent.setTouchExcludeRegion:237 com.android.server.wm.WindowManagerService.setFocusedStackFrame:3994 com.android.server.wm.WindowManagerService.performLayoutAndPlaceSurfacesLockedInner:10165 com.android.server.wm.WindowManagerService.performLayoutAndPlaceSurfacesLockedLoop:8789 
E/WindowState(  536): getStack: Window{13699528 u0 com.jvillalba.apod.classic/com.jvillalba.apod.classic.activities.ViewActivity} couldn't find taskId=7 Callers=com.android.server.wm.WindowManagerService.performLayoutAndPlaceSurfacesLockedInner:9750 com.android.server.wm.WindowManagerService.performLayoutAndPlaceSurfacesLockedLoop:8789 com.android.server.wm.WindowManagerService.performLayoutAndPlaceSurfacesLocked:8731 com.android.server.wm.WindowManagerService.relayoutWindow:3266 
E/WindowState(  536): getStack: Window{386b697b u0 com.jvillalba.apod.classic/com.jvillalba.apod.classic.activities.MainActivity} couldn't find taskId=7 Callers=com.android.server.wm.WindowManagerService.performLayoutAndPlaceSurfacesLockedInner:9750 com.android.server.wm.WindowManagerService.performLayoutAndPlaceSurfacesLockedLoop:8789 com.android.server.wm.WindowManagerService.performLayoutAndPlaceSurfacesLocked:8731 com.android.server.wm.WindowManagerService.relayoutWindow:3266 
W/InputDispatcher(  536): channel '13699528 com.jvillalba.apod.classic/com.jvillalba.apod.classic.activities.ViewActivity (server)' ~ Consumer closed input channel or an error occurred.  events=0x9
E/InputDispatcher(  536): channel '13699528 com.jvillalba.apod.classic/com.jvillalba.apod.classic.activities.ViewActivity (server)' ~ Channel is unrecoverably broken and will be disposed!
W/InputDispatcher(  536): channel '386b697b com.jvillalba.apod.classic/com.jvillalba.apod.classic.activities.MainActivity (server)' ~ Consumer closed input channel or an error occurred.  events=0x9
E/InputDispatcher(  536): channel '386b697b com.jvillalba.apod.classic/com.jvillalba.apod.classic.activities.MainActivity (server)' ~ Channel is unrecoverably broken and will be disposed!
E/WindowState(  536): getStack: Window{13699528 u0 com.jvillalba.apod.classic/com.jvillalba.apod.classic.activities.ViewActivity} couldn't find taskId=7 Callers=com.android.server.wm.WindowState.getDisplayContent:782 com.android.server.wm.WindowState.getDisplayId:787 com.android.server.wm.InputMonitor.updateInputWindowsLw:294 com.android.server.wm.WindowManagerService.performLayoutAndPlaceSurfacesLockedInner:10089 
E/WindowState(  536): getStack: Window{13699528 u0 com.jvillalba.apod.classic/com.jvillalba.apod.classic.activities.ViewActivity} couldn't find taskId=7 Callers=com.android.server.wm.WindowState.getStackBounds:812 com.android.server.wm.InputMonitor.addInputWindowHandleLw:180 com.android.server.wm.InputMonitor.updateInputWindowsLw:313 com.android.server.wm.WindowManagerService.performLayoutAndPlaceSurfacesLockedInner:10089 
E/WindowState(  536): getStack: Window{386b697b u0 com.jvillalba.apod.classic/com.jvillalba.apod.classic.activities.MainActivity} couldn't find taskId=7 Callers=com.android.server.wm.WindowState.getDisplayContent:782 com.android.server.wm.WindowState.getDisplayId:787 com.android.server.wm.InputMonitor.updateInputWindowsLw:294 com.android.server.wm.WindowManagerService.performLayoutAndPlaceSurfacesLockedInner:10089 
E/WindowState(  536): getStack: Window{386b697b u0 com.jvillalba.apod.classic/com.jvillalba.apod.classic.activities.MainActivity} couldn't find taskId=7 Callers=com.android.server.wm.WindowState.getStackBounds:812 com.android.server.wm.InputMonitor.addInputWindowHandleLw:180 com.android.server.wm.InputMonitor.updateInputWindowsLw:313 com.android.server.wm.WindowManagerService.performLayoutAndPlaceSurfacesLockedInner:10089 
E/WindowState(  536): getStack: Window{13699528 u0 com.jvillalba.apod.classic/com.jvillalba.apod.classic.activities.ViewActivity} couldn't find taskId=7 Callers=com.android.server.wm.DisplayContent.setTouchExcludeRegion:237 com.android.server.wm.WindowManagerService.setFocusedStackFrame:3994 com.android.server.wm.WindowManagerService.performLayoutAndPlaceSurfacesLockedInner:10165 com.android.server.wm.WindowManagerService.performLayoutAndPlaceSurfacesLockedLoop:8789 
E/WindowState(  536): getStack: Window{386b697b u0 com.jvillalba.apod.classic/com.jvillalba.apod.classic.activities.MainActivity} couldn't find taskId=7 Callers=com.android.server.wm.DisplayContent.setTouchExcludeRegion:237 com.android.server.wm.WindowManagerService.setFocusedStackFrame:3994 com.android.server.wm.WindowManagerService.performLayoutAndPlaceSurfacesLockedInner:10165 com.android.server.wm.WindowManagerService.performLayoutAndPlaceSurfacesLockedLoop:8789 
E/WindowState(  536): getStack: Window{13699528 u0 com.jvillalba.apod.classic/com.jvillalba.apod.classic.activities.ViewActivity} couldn't find taskId=7 Callers=com.android.server.wm.WindowState.getDisplayContent:782 com.android.server.wm.WindowState.getDisplayId:787 com.android.server.wm.InputMonitor.updateInputWindowsLw:294 com.android.server.wm.WindowManagerService.relayoutWindow:3297 
E/WindowState(  536): getStack: Window{13699528 u0 com.jvillalba.apod.classic/com.jvillalba.apod.classic.activities.ViewActivity} couldn't find taskId=7 Callers=com.android.server.wm.WindowState.getStackBounds:812 com.android.server.wm.InputMonitor.addInputWindowHandleLw:180 com.android.server.wm.InputMonitor.updateInputWindowsLw:313 com.android.server.wm.WindowManagerService.relayoutWindow:3297 
E/WindowState(  536): getStack: Window{386b697b u0 com.jvillalba.apod.classic/com.jvillalba.apod.classic.activities.MainActivity} couldn't find taskId=7 Callers=com.android.server.wm.WindowState.getDisplayContent:782 com.android.server.wm.WindowState.getDisplayId:787 com.android.server.wm.InputMonitor.updateInputWindowsLw:294 com.android.server.wm.WindowManagerService.relayoutWindow:3297 
E/WindowState(  536): getStack: Window{386b697b u0 com.jvillalba.apod.classic/com.jvillalba.apod.classic.activities.MainActivity} couldn't find taskId=7 Callers=com.android.server.wm.WindowState.getStackBounds:812 com.android.server.wm.InputMonitor.addInputWindowHandleLw:180 com.android.server.wm.InputMonitor.updateInputWindowsLw:313 com.android.server.wm.WindowManagerService.relayoutWindow:3297 
I/WindowState(  536): WIN DEATH: Window{386b697b u0 com.jvillalba.apod.classic/com.jvillalba.apod.classic.activities.MainActivity}
W/InputDispatcher(  536): Attempted to unregister already unregistered input channel '386b697b com.jvillalba.apod.classic/com.jvillalba.apod.classic.activities.MainActivity (server)'
E/WindowState(  536): getStack: Window{386b697b u0 com.jvillalba.apod.classic/com.jvillalba.apod.classic.activities.MainActivity} couldn't find taskId=7 Callers=com.android.server.wm.WindowState.getDisplayContent:782 com.android.server.wm.WindowState.getWindowList:1354 com.android.server.wm.WindowManagerService.removeWindowInnerLocked:2774 com.android.server.wm.WindowManagerService.removeWindowLocked:2675 
E/WindowState(  536): getStack: Window{13699528 u0 com.jvillalba.apod.classic/com.jvillalba.apod.classic.activities.ViewActivity} couldn't find taskId=7 Callers=com.android.server.wm.WindowManagerService.assignLayersLocked:8705 com.android.server.wm.WindowManagerService.removeWindowInnerLocked:2778 com.android.server.wm.WindowManagerService.removeWindowLocked:2675 com.android.server.wm.WindowState$DeathRecipient.binderDied:1145 
E/WindowState(  536): getStack: Window{386b697b u0 com.jvillalba.apod.classic/com.jvillalba.apod.classic.activities.MainActivity} couldn't find taskId=7 Callers=com.android.server.wm.WindowState.getDisplayContent:782 com.android.server.wm.WindowManagerService.removeWindowInnerLocked:2779 com.android.server.wm.WindowManagerService.removeWindowLocked:2675 com.android.server.wm.WindowState$DeathRecipient.binderDied:1145 
E/WindowState(  536): getStack: Window{13699528 u0 com.jvillalba.apod.classic/com.jvillalba.apod.classic.activities.ViewActivity} couldn't find taskId=7 Callers=com.android.server.wm.WindowManagerService.performLayoutAndPlaceSurfacesLockedInner:9750 com.android.server.wm.WindowManagerService.performLayoutAndPlaceSurfacesLockedLoop:8789 com.android.server.wm.WindowManagerService.performLayoutAndPlaceSurfacesLocked:8731 com.android.server.wm.WindowManagerService.removeWindowInnerLocked:2783 
E/WindowState(  536): getStack: Window{13699528 u0 com.jvillalba.apod.classic/com.jvillalba.apod.classic.activities.ViewActivity} couldn't find taskId=7 Callers=com.android.server.wm.WindowState.getDisplayContent:782 com.android.server.wm.WindowState.getDisplayId:787 com.android.server.wm.InputMonitor.updateInputWindowsLw:294 com.android.server.wm.WindowManagerService.performLayoutAndPlaceSurfacesLockedInner:10089 
E/WindowState(  536): getStack: Window{13699528 u0 com.jvillalba.apod.classic/com.jvillalba.apod.classic.activities.ViewActivity} couldn't find taskId=7 Callers=com.android.server.wm.WindowState.getStackBounds:812 com.android.server.wm.InputMonitor.addInputWindowHandleLw:180 com.android.server.wm.InputMonitor.updateInputWindowsLw:313 com.android.server.wm.WindowManagerService.performLayoutAndPlaceSurfacesLockedInner:10089 
E/WindowState(  536): getStack: Window{13699528 u0 com.jvillalba.apod.classic/com.jvillalba.apod.classic.activities.ViewActivity} couldn't find taskId=7 Callers=com.android.server.wm.DisplayContent.setTouchExcludeRegion:237 com.android.server.wm.WindowManagerService.setFocusedStackFrame:3994 com.android.server.wm.WindowManagerService.performLayoutAndPlaceSurfacesLockedInner:10165 com.android.server.wm.WindowManagerService.performLayoutAndPlaceSurfacesLockedLoop:8789 
E/WindowState(  536): getStack: Window{13699528 u0 com.jvillalba.apod.classic/com.jvillalba.apod.classic.activities.ViewActivity} couldn't find taskId=7 Callers=com.android.server.wm.WindowState.getDisplayContent:782 com.android.server.wm.WindowState.getDisplayId:787 com.android.server.wm.InputMonitor.updateInputWindowsLw:294 com.android.server.wm.WindowManagerService.removeWindowInnerLocked:2790 
E/WindowState(  536): getStack: Window{13699528 u0 com.jvillalba.apod.classic/com.jvillalba.apod.classic.activities.ViewActivity} couldn't find taskId=7 Callers=com.android.server.wm.WindowState.getStackBounds:812 com.android.server.wm.InputMonitor.addInputWindowHandleLw:180 com.android.server.wm.InputMonitor.updateInputWindowsLw:313 com.android.server.wm.WindowManagerService.removeWindowInnerLocked:2790 
I/WindowState(  536): WIN DEATH: Window{13699528 u0 com.jvillalba.apod.classic/com.jvillalba.apod.classic.activities.ViewActivity}
W/InputDispatcher(  536): Attempted to unregister already unregistered input channel '13699528 com.jvillalba.apod.classic/com.jvillalba.apod.classic.activities.ViewActivity (server)'
E/WindowState(  536): getStack: Window{13699528 u0 com.jvillalba.apod.classic/com.jvillalba.apod.classic.activities.ViewActivity} couldn't find taskId=7 Callers=com.android.server.wm.WindowState.getDisplayContent:782 com.android.server.wm.WindowState.getWindowList:1354 com.android.server.wm.WindowManagerService.removeWindowInnerLocked:2774 com.android.server.wm.WindowManagerService.removeWindowLocked:2675 
E/WindowState(  536): getStack: Window{13699528 u0 com.jvillalba.apod.classic/com.jvillalba.apod.classic.activities.ViewActivity} couldn't find taskId=7 Callers=com.android.server.wm.WindowState.getDisplayContent:782 com.android.server.wm.WindowManagerService.removeWindowInnerLocked:2779 com.android.server.wm.WindowManagerService.removeWindowLocked:2675 com.android.server.wm.WindowState$DeathRecipient.binderDied:1145 
W/EGL_emulation( 1349): eglSurfaceAttrib not implemented
W/OpenGLRenderer( 1349): Failed to set EGL_SWAP_BEHAVIOR on surface 0xe2b2df20, error=EGL_SUCCESS
W/InputMethodManagerService(  536): Got RemoteException sending setActive(false) notification to pid 2953 uid 10062
W/OpenGLRenderer( 1349): Incorrectly called buildLayer on View: ShortcutAndWidgetContainer, destroying layer...
Elapsed Time: 543975
