I/AccessibilityNodeInfoDumper(21372): Skipping invisible child: android.view.accessibility.AccessibilityNodeInfo@8000835b; boundsInParent: Rect(0, 0 - 1200, 1538); boundsInScreen: Rect(0, 280 - 0, 1818); packageName: com.adonai.manman; className: android.widget.LinearLayout; text: null; error: null; maxTextLength: -1; contentDescription: null; viewIdResName: null; checkable: false; checked: false; focusable: true; focused: false; selected: false; clickable: false; longClickable: false; enabled: true; password: false; scrollable: false; actions: [AccessibilityAction: ACTION_FOCUS - null, AccessibilityAction: ACTION_SELECT - null, AccessibilityAction: ACTION_CLEAR_SELECTION - null, AccessibilityAction: ACTION_ACCESSIBILITY_FOCUS - null]
I/AccessibilityNodeInfoDumper(21372): Skipping invisible child: android.view.accessibility.AccessibilityNodeInfo@8001ef7c; boundsInParent: Rect(0, 0 - 1200, 1538); boundsInScreen: Rect(1200, 280 - 1200, 1818); packageName: com.adonai.manman; className: android.widget.LinearLayout; text: null; error: null; maxTextLength: -1; contentDescription: null; viewIdResName: null; checkable: false; checked: false; focusable: true; focused: false; selected: false; clickable: false; longClickable: false; enabled: true; password: false; scrollable: false; actions: [AccessibilityAction: ACTION_FOCUS - null, AccessibilityAction: ACTION_SELECT - null, AccessibilityAction: ACTION_CLEAR_SELECTION - null, AccessibilityAction: ACTION_ACCESSIBILITY_FOCUS - null]
W/AccessibilityNodeInfoDumper(21372): Fetch time: 23ms
W/WindowManager(  676): Attempted to remove non-existing token: android.os.Binder@26e42f71
D/AndroidRuntime(21372): Shutting down VM
D/AndroidRuntime(21723): >>>>>> START com.android.internal.os.RuntimeInit uid 0 <<<<<<
D/AndroidRuntime(21723): CheckJNI is OFF
E/memtrack(21723): Couldn't load memtrack module (No such file or directory)
E/android.os.Debug(21723): failed to load memtrack module: -2
D/AndroidRuntime(21723): Calling main entry com.android.commands.uiautomator.Launcher
I/art     ( 1079): Explicit concurrent mark sweep GC freed 1536(68KB) AllocSpace objects, 0(0B) LOS objects, 40% free, 12MB/20MB, paused 332us total 7.717ms
D/leak-372(12438): Eastern Standard Time
I/AccessibilityNodeInfoDumper(21723): Skipping invisible child: android.view.accessibility.AccessibilityNodeInfo@80008365; boundsInParent: Rect(0, 0 - 1200, 1538); boundsInScreen: Rect(0, 280 - 0, 1818); packageName: com.adonai.manman; className: android.widget.LinearLayout; text: null; error: null; maxTextLength: -1; contentDescription: null; viewIdResName: null; checkable: false; checked: false; focusable: true; focused: false; selected: false; clickable: false; longClickable: false; enabled: true; password: false; scrollable: false; actions: [AccessibilityAction: ACTION_FOCUS - null, AccessibilityAction: ACTION_SELECT - null, AccessibilityAction: ACTION_CLEAR_SELECTION - null, AccessibilityAction: ACTION_ACCESSIBILITY_FOCUS - null]
I/AccessibilityNodeInfoDumper(21723): Skipping invisible child: android.view.accessibility.AccessibilityNodeInfo@8001ef86; boundsInParent: Rect(0, 0 - 1200, 1538); boundsInScreen: Rect(1200, 280 - 1200, 1818); packageName: com.adonai.manman; className: android.widget.LinearLayout; text: null; error: null; maxTextLength: -1; contentDescription: null; viewIdResName: null; checkable: false; checked: false; focusable: true; focused: false; selected: false; clickable: false; longClickable: false; enabled: true; password: false; scrollable: false; actions: [AccessibilityAction: ACTION_FOCUS - null, AccessibilityAction: ACTION_SELECT - null, AccessibilityAction: ACTION_CLEAR_SELECTION - null, AccessibilityAction: ACTION_ACCESSIBILITY_FOCUS - null]
W/AccessibilityNodeInfoDumper(21723): Fetch time: 18ms
W/WindowManager(  676): Attempted to remove non-existing token: android.os.Binder@337f85d7
D/AndroidRuntime(21723): Shutting down VM
D/AndroidRuntime(21746): >>>>>> START com.android.internal.os.RuntimeInit uid 0 <<<<<<
D/AndroidRuntime(21746): CheckJNI is OFF
E/memtrack(21746): Couldn't load memtrack module (No such file or directory)
E/android.os.Debug(21746): failed to load memtrack module: -2
D/AndroidRuntime(21746): Calling main entry com.android.commands.uiautomator.Launcher
D/leak-372(12438): Eastern Standard Time
I/AccessibilityNodeInfoDumper(21746): Skipping invisible child: android.view.accessibility.AccessibilityNodeInfo@8000836d; boundsInParent: Rect(0, 0 - 1200, 1538); boundsInScreen: Rect(0, 280 - 0, 1818); packageName: com.adonai.manman; className: android.widget.LinearLayout; text: null; error: null; maxTextLength: -1; contentDescription: null; viewIdResName: null; checkable: false; checked: false; focusable: true; focused: false; selected: false; clickable: false; longClickable: false; enabled: true; password: false; scrollable: false; actions: [AccessibilityAction: ACTION_FOCUS - null, AccessibilityAction: ACTION_SELECT - null, AccessibilityAction: ACTION_CLEAR_SELECTION - null, AccessibilityAction: ACTION_ACCESSIBILITY_FOCUS - null]
I/AccessibilityNodeInfoDumper(21746): Skipping invisible child: android.view.accessibility.AccessibilityNodeInfo@8001ef8e; boundsInParent: Rect(0, 0 - 1200, 1538); boundsInScreen: Rect(1200, 280 - 1200, 1818); packageName: com.adonai.manman; className: android.widget.LinearLayout; text: null; error: null; maxTextLength: -1; contentDescription: null; viewIdResName: null; checkable: false; checked: false; focusable: true; focused: false; selected: false; clickable: false; longClickable: false; enabled: true; password: false; scrollable: false; actions: [AccessibilityAction: ACTION_FOCUS - null, AccessibilityAction: ACTION_SELECT - null, AccessibilityAction: ACTION_CLEAR_SELECTION - null, AccessibilityAction: ACTION_ACCESSIBILITY_FOCUS - null]
W/AccessibilityNodeInfoDumper(21746): Fetch time: 20ms
W/WindowManager(  676): Attempted to remove non-existing token: android.os.Binder@235daec4
D/AndroidRuntime(21746): Shutting down VM
D/AndroidRuntime(21774): >>>>>> START com.android.internal.os.RuntimeInit uid 0 <<<<<<
D/AndroidRuntime(21774): CheckJNI is OFF
E/memtrack(21774): Couldn't load memtrack module (No such file or directory)
E/android.os.Debug(21774): failed to load memtrack module: -2
D/AndroidRuntime(21774): Calling main entry com.android.commands.uiautomator.Launcher
D/leak-372(12438): Eastern Standard Time
I/AccessibilityNodeInfoDumper(21774): Skipping invisible child: android.view.accessibility.AccessibilityNodeInfo@80008379; boundsInParent: Rect(0, 0 - 1200, 1538); boundsInScreen: Rect(0, 280 - 0, 1818); packageName: com.adonai.manman; className: android.widget.LinearLayout; text: null; error: null; maxTextLength: -1; contentDescription: null; viewIdResName: null; checkable: false; checked: false; focusable: true; focused: false; selected: false; clickable: false; longClickable: false; enabled: true; password: false; scrollable: false; actions: [AccessibilityAction: ACTION_FOCUS - null, AccessibilityAction: ACTION_SELECT - null, AccessibilityAction: ACTION_CLEAR_SELECTION - null, AccessibilityAction: ACTION_ACCESSIBILITY_FOCUS - null]
I/AccessibilityNodeInfoDumper(21774): Skipping invisible child: android.view.accessibility.AccessibilityNodeInfo@8001ef9a; boundsInParent: Rect(0, 0 - 1200, 1538); boundsInScreen: Rect(1200, 280 - 1200, 1818); packageName: com.adonai.manman; className: android.widget.LinearLayout; text: null; error: null; maxTextLength: -1; contentDescription: null; viewIdResName: null; checkable: false; checked: false; focusable: true; focused: false; selected: false; clickable: false; longClickable: false; enabled: true; password: false; scrollable: false; actions: [AccessibilityAction: ACTION_FOCUS - null, AccessibilityAction: ACTION_SELECT - null, AccessibilityAction: ACTION_CLEAR_SELECTION - null, AccessibilityAction: ACTION_ACCESSIBILITY_FOCUS - null]
W/AccessibilityNodeInfoDumper(21774): Fetch time: 22ms
W/WindowManager(  676): Attempted to remove non-existing token: android.os.Binder@9bb51ad
D/AndroidRuntime(21774): Shutting down VM
D/AndroidRuntime(21807): >>>>>> START com.android.internal.os.RuntimeInit uid 0 <<<<<<
D/AndroidRuntime(21807): CheckJNI is OFF
E/memtrack(21807): Couldn't load memtrack module (No such file or directory)
E/android.os.Debug(21807): failed to load memtrack module: -2
D/AndroidRuntime(21807): Calling main entry com.android.commands.uiautomator.Launcher
D/leak-372(12438): Eastern Standard Time
I/AccessibilityNodeInfoDumper(21807): Skipping invisible child: android.view.accessibility.AccessibilityNodeInfo@80008380; boundsInParent: Rect(0, 0 - 1200, 1538); boundsInScreen: Rect(0, 280 - 0, 1818); packageName: com.adonai.manman; className: android.widget.LinearLayout; text: null; error: null; maxTextLength: -1; contentDescription: null; viewIdResName: null; checkable: false; checked: false; focusable: true; focused: false; selected: false; clickable: false; longClickable: false; enabled: true; password: false; scrollable: false; actions: [AccessibilityAction: ACTION_FOCUS - null, AccessibilityAction: ACTION_SELECT - null, AccessibilityAction: ACTION_CLEAR_SELECTION - null, AccessibilityAction: ACTION_ACCESSIBILITY_FOCUS - null]
I/AccessibilityNodeInfoDumper(21807): Skipping invisible child: android.view.accessibility.AccessibilityNodeInfo@8001efa1; boundsInParent: Rect(0, 0 - 1200, 1538); boundsInScreen: Rect(1200, 280 - 1200, 1818); packageName: com.adonai.manman; className: android.widget.LinearLayout; text: null; error: null; maxTextLength: -1; contentDescription: null; viewIdResName: null; checkable: false; checked: false; focusable: true; focused: false; selected: false; clickable: false; longClickable: false; enabled: true; password: false; scrollable: false; actions: [AccessibilityAction: ACTION_FOCUS - null, AccessibilityAction: ACTION_SELECT - null, AccessibilityAction: ACTION_CLEAR_SELECTION - null, AccessibilityAction: ACTION_ACCESSIBILITY_FOCUS - null]
W/AccessibilityNodeInfoDumper(21807): Fetch time: 23ms
W/WindowManager(  676): Attempted to remove non-existing token: android.os.Binder@1072ace2
D/AndroidRuntime(21807): Shutting down VM
D/AndroidRuntime(21838): >>>>>> START com.android.internal.os.RuntimeInit uid 0 <<<<<<
D/AndroidRuntime(21838): CheckJNI is OFF
E/memtrack(21838): Couldn't load memtrack module (No such file or directory)
E/android.os.Debug(21838): failed to load memtrack module: -2
D/AndroidRuntime(21838): Calling main entry com.android.commands.uiautomator.Launcher
D/leak-372(12438): Eastern Standard Time
I/AccessibilityNodeInfoDumper(21838): Skipping invisible child: android.view.accessibility.AccessibilityNodeInfo@80008388; boundsInParent: Rect(0, 0 - 1200, 1538); boundsInScreen: Rect(0, 280 - 0, 1818); packageName: com.adonai.manman; className: android.widget.LinearLayout; text: null; error: null; maxTextLength: -1; contentDescription: null; viewIdResName: null; checkable: false; checked: false; focusable: true; focused: false; selected: false; clickable: false; longClickable: false; enabled: true; password: false; scrollable: false; actions: [AccessibilityAction: ACTION_FOCUS - null, AccessibilityAction: ACTION_SELECT - null, AccessibilityAction: ACTION_CLEAR_SELECTION - null, AccessibilityAction: ACTION_ACCESSIBILITY_FOCUS - null]
I/AccessibilityNodeInfoDumper(21838): Skipping invisible child: android.view.accessibility.AccessibilityNodeInfo@8001efa9; boundsInParent: Rect(0, 0 - 1200, 1538); boundsInScreen: Rect(1200, 280 - 1200, 1818); packageName: com.adonai.manman; className: android.widget.LinearLayout; text: null; error: null; maxTextLength: -1; contentDescription: null; viewIdResName: null; checkable: false; checked: false; focusable: true; focused: false; selected: false; clickable: false; longClickable: false; enabled: true; password: false; scrollable: false; actions: [AccessibilityAction: ACTION_FOCUS - null, AccessibilityAction: ACTION_SELECT - null, AccessibilityAction: ACTION_CLEAR_SELECTION - null, AccessibilityAction: ACTION_ACCESSIBILITY_FOCUS - null]
W/AccessibilityNodeInfoDumper(21838): Fetch time: 20ms
W/WindowManager(  676): Attempted to remove non-existing token: android.os.Binder@a4ca873
D/AndroidRuntime(21838): Shutting down VM
D/AndroidRuntime(21861): >>>>>> START com.android.internal.os.RuntimeInit uid 0 <<<<<<
D/AndroidRuntime(21861): CheckJNI is OFF
E/memtrack(21861): Couldn't load memtrack module (No such file or directory)
E/android.os.Debug(21861): failed to load memtrack module: -2
D/AndroidRuntime(21861): Calling main entry com.android.commands.uiautomator.Launcher
D/leak-372(12438): Eastern Standard Time
I/AccessibilityNodeInfoDumper(21861): Skipping invisible child: android.view.accessibility.AccessibilityNodeInfo@80008394; boundsInParent: Rect(0, 0 - 1200, 1538); boundsInScreen: Rect(0, 280 - 0, 1818); packageName: com.adonai.manman; className: android.widget.LinearLayout; text: null; error: null; maxTextLength: -1; contentDescription: null; viewIdResName: null; checkable: false; checked: false; focusable: true; focused: false; selected: false; clickable: false; longClickable: false; enabled: true; password: false; scrollable: false; actions: [AccessibilityAction: ACTION_FOCUS - null, AccessibilityAction: ACTION_SELECT - null, AccessibilityAction: ACTION_CLEAR_SELECTION - null, AccessibilityAction: ACTION_ACCESSIBILITY_FOCUS - null]
I/AccessibilityNodeInfoDumper(21861): Skipping invisible child: android.view.accessibility.AccessibilityNodeInfo@8001efb5; boundsInParent: Rect(0, 0 - 1200, 1538); boundsInScreen: Rect(1200, 280 - 1200, 1818); packageName: com.adonai.manman; className: android.widget.LinearLayout; text: null; error: null; maxTextLength: -1; contentDescription: null; viewIdResName: null; checkable: false; checked: false; focusable: true; focused: false; selected: false; clickable: false; longClickable: false; enabled: true; password: false; scrollable: false; actions: [AccessibilityAction: ACTION_FOCUS - null, AccessibilityAction: ACTION_SELECT - null, AccessibilityAction: ACTION_CLEAR_SELECTION - null, AccessibilityAction: ACTION_ACCESSIBILITY_FOCUS - null]
W/AccessibilityNodeInfoDumper(21861): Fetch time: 20ms
W/WindowManager(  676): Attempted to remove non-existing token: android.os.Binder@39e8f330
D/AndroidRuntime(21861): Shutting down VM
D/AndroidRuntime(21889): >>>>>> START com.android.internal.os.RuntimeInit uid 0 <<<<<<
D/AndroidRuntime(21889): CheckJNI is OFF
E/memtrack(21889): Couldn't load memtrack module (No such file or directory)
E/android.os.Debug(21889): failed to load memtrack module: -2
D/AndroidRuntime(21889): Calling main entry com.android.commands.uiautomator.Launcher
D/leak-372(12438): Eastern Standard Time
I/AccessibilityNodeInfoDumper(21889): Skipping invisible child: android.view.accessibility.AccessibilityNodeInfo@8000839a; boundsInParent: Rect(0, 0 - 1200, 1538); boundsInScreen: Rect(0, 280 - 0, 1818); packageName: com.adonai.manman; className: android.widget.LinearLayout; text: null; error: null; maxTextLength: -1; contentDescription: null; viewIdResName: null; checkable: false; checked: false; focusable: true; focused: false; selected: false; clickable: false; longClickable: false; enabled: true; password: false; scrollable: false; actions: [AccessibilityAction: ACTION_FOCUS - null, AccessibilityAction: ACTION_SELECT - null, AccessibilityAction: ACTION_CLEAR_SELECTION - null, AccessibilityAction: ACTION_ACCESSIBILITY_FOCUS - null]
I/AccessibilityNodeInfoDumper(21889): Skipping invisible child: android.view.accessibility.AccessibilityNodeInfo@8001efbb; boundsInParent: Rect(0, 0 - 1200, 1538); boundsInScreen: Rect(1200, 280 - 1200, 1818); packageName: com.adonai.manman; className: android.widget.LinearLayout; text: null; error: null; maxTextLength: -1; contentDescription: null; viewIdResName: null; checkable: false; checked: false; focusable: true; focused: false; selected: false; clickable: false; longClickable: false; enabled: true; password: false; scrollable: false; actions: [AccessibilityAction: ACTION_FOCUS - null, AccessibilityAction: ACTION_SELECT - null, AccessibilityAction: ACTION_CLEAR_SELECTION - null, AccessibilityAction: ACTION_ACCESSIBILITY_FOCUS - null]
W/AccessibilityNodeInfoDumper(21889): Fetch time: 20ms
W/WindowManager(  676): Attempted to remove non-existing token: android.os.Binder@29685ba9
D/AndroidRuntime(21889): Shutting down VM
D/AndroidRuntime(21912): >>>>>> START com.android.internal.os.RuntimeInit uid 0 <<<<<<
D/AndroidRuntime(21912): CheckJNI is OFF
E/memtrack(21912): Couldn't load memtrack module (No such file or directory)
E/android.os.Debug(21912): failed to load memtrack module: -2
D/AndroidRuntime(21912): Calling main entry com.android.commands.uiautomator.Launcher
I/art     (  676): Explicit concurrent mark sweep GC freed 44139(2MB) AllocSpace objects, 35(560KB) LOS objects, 33% free, 9MB/14MB, paused 1.854ms total 19.409ms
D/leak-372(12438): Eastern Standard Time
I/AccessibilityNodeInfoDumper(21912): Skipping invisible child: android.view.accessibility.AccessibilityNodeInfo@800083a5; boundsInParent: Rect(0, 0 - 1200, 1538); boundsInScreen: Rect(0, 280 - 0, 1818); packageName: com.adonai.manman; className: android.widget.LinearLayout; text: null; error: null; maxTextLength: -1; contentDescription: null; viewIdResName: null; checkable: false; checked: false; focusable: true; focused: false; selected: false; clickable: false; longClickable: false; enabled: true; password: false; scrollable: false; actions: [AccessibilityAction: ACTION_FOCUS - null, AccessibilityAction: ACTION_SELECT - null, AccessibilityAction: ACTION_CLEAR_SELECTION - null, AccessibilityAction: ACTION_ACCESSIBILITY_FOCUS - null]
I/AccessibilityNodeInfoDumper(21912): Skipping invisible child: android.view.accessibility.AccessibilityNodeInfo@8001efc6; boundsInParent: Rect(0, 0 - 1200, 1538); boundsInScreen: Rect(1200, 280 - 1200, 1818); packageName: com.adonai.manman; className: android.widget.LinearLayout; text: null; error: null; maxTextLength: -1; contentDescription: null; viewIdResName: null; checkable: false; checked: false; focusable: true; focused: false; selected: false; clickable: false; longClickable: false; enabled: true; password: false; scrollable: false; actions: [AccessibilityAction: ACTION_FOCUS - null, AccessibilityAction: ACTION_SELECT - null, AccessibilityAction: ACTION_CLEAR_SELECTION - null, AccessibilityAction: ACTION_ACCESSIBILITY_FOCUS - null]
W/AccessibilityNodeInfoDumper(21912): Fetch time: 25ms
W/WindowManager(  676): Attempted to remove non-existing token: android.os.Binder@3b12b52e
D/AndroidRuntime(21912): Shutting down VM
D/AndroidRuntime(21940): >>>>>> START com.android.internal.os.RuntimeInit uid 0 <<<<<<
D/AndroidRuntime(21940): CheckJNI is OFF
E/memtrack(21940): Couldn't load memtrack module (No such file or directory)
E/android.os.Debug(21940): failed to load memtrack module: -2
D/AndroidRuntime(21940): Calling main entry com.android.commands.uiautomator.Launcher
D/leak-372(12438): Eastern Standard Time
I/AccessibilityNodeInfoDumper(21940): Skipping invisible child: android.view.accessibility.AccessibilityNodeInfo@800083ac; boundsInParent: Rect(0, 0 - 1200, 1538); boundsInScreen: Rect(0, 280 - 0, 1818); packageName: com.adonai.manman; className: android.widget.LinearLayout; text: null; error: null; maxTextLength: -1; contentDescription: null; viewIdResName: null; checkable: false; checked: false; focusable: true; focused: false; selected: false; clickable: false; longClickable: false; enabled: true; password: false; scrollable: false; actions: [AccessibilityAction: ACTION_FOCUS - null, AccessibilityAction: ACTION_SELECT - null, AccessibilityAction: ACTION_CLEAR_SELECTION - null, AccessibilityAction: ACTION_ACCESSIBILITY_FOCUS - null]
I/AccessibilityNodeInfoDumper(21940): Skipping invisible child: android.view.accessibility.AccessibilityNodeInfo@8001efcd; boundsInParent: Rect(0, 0 - 1200, 1538); boundsInScreen: Rect(1200, 280 - 1200, 1818); packageName: com.adonai.manman; className: android.widget.LinearLayout; text: null; error: null; maxTextLength: -1; contentDescription: null; viewIdResName: null; checkable: false; checked: false; focusable: true; focused: false; selected: false; clickable: false; longClickable: false; enabled: true; password: false; scrollable: false; actions: [AccessibilityAction: ACTION_FOCUS - null, AccessibilityAction: ACTION_SELECT - null, AccessibilityAction: ACTION_CLEAR_SELECTION - null, AccessibilityAction: ACTION_ACCESSIBILITY_FOCUS - null]
W/AccessibilityNodeInfoDumper(21940): Fetch time: 25ms
W/WindowManager(  676): Attempted to remove non-existing token: android.os.Binder@12a2125c
D/AndroidRuntime(21940): Shutting down VM
D/AndroidRuntime(21963): >>>>>> START com.android.internal.os.RuntimeInit uid 0 <<<<<<
D/AndroidRuntime(21963): CheckJNI is OFF
E/memtrack(21963): Couldn't load memtrack module (No such file or directory)
E/android.os.Debug(21963): failed to load memtrack module: -2
D/AndroidRuntime(21963): Calling main entry com.android.commands.uiautomator.Launcher
D/leak-372(12438): Eastern Standard Time
I/AccessibilityNodeInfoDumper(21963): Skipping invisible child: android.view.accessibility.AccessibilityNodeInfo@800083b8; boundsInParent: Rect(0, 0 - 1200, 1538); boundsInScreen: Rect(0, 280 - 0, 1818); packageName: com.adonai.manman; className: android.widget.LinearLayout; text: null; error: null; maxTextLength: -1; contentDescription: null; viewIdResName: null; checkable: false; checked: false; focusable: true; focused: false; selected: false; clickable: false; longClickable: false; enabled: true; password: false; scrollable: false; actions: [AccessibilityAction: ACTION_FOCUS - null, AccessibilityAction: ACTION_SELECT - null, AccessibilityAction: ACTION_CLEAR_SELECTION - null, AccessibilityAction: ACTION_ACCESSIBILITY_FOCUS - null]
I/AccessibilityNodeInfoDumper(21963): Skipping invisible child: android.view.accessibility.AccessibilityNodeInfo@8001efd9; boundsInParent: Rect(0, 0 - 1200, 1538); boundsInScreen: Rect(1200, 280 - 1200, 1818); packageName: com.adonai.manman; className: android.widget.LinearLayout; text: null; error: null; maxTextLength: -1; contentDescription: null; viewIdResName: null; checkable: false; checked: false; focusable: true; focused: false; selected: false; clickable: false; longClickable: false; enabled: true; password: false; scrollable: false; actions: [AccessibilityAction: ACTION_FOCUS - null, AccessibilityAction: ACTION_SELECT - null, AccessibilityAction: ACTION_CLEAR_SELECTION - null, AccessibilityAction: ACTION_ACCESSIBILITY_FOCUS - null]
W/AccessibilityNodeInfoDumper(21963): Fetch time: 20ms
W/WindowManager(  676): Attempted to remove non-existing token: android.os.Binder@1fc20965
D/AndroidRuntime(21963): Shutting down VM
D/AndroidRuntime(21994): >>>>>> START com.android.internal.os.RuntimeInit uid 0 <<<<<<
D/AndroidRuntime(21994): CheckJNI is OFF
E/memtrack(21994): Couldn't load memtrack module (No such file or directory)
E/android.os.Debug(21994): failed to load memtrack module: -2
D/AndroidRuntime(21994): Calling main entry com.android.commands.uiautomator.Launcher
D/leak-372(12438): Eastern Standard Time
I/AccessibilityNodeInfoDumper(21994): Skipping invisible child: android.view.accessibility.AccessibilityNodeInfo@800083be; boundsInParent: Rect(0, 0 - 1200, 1538); boundsInScreen: Rect(0, 280 - 0, 1818); packageName: com.adonai.manman; className: android.widget.LinearLayout; text: null; error: null; maxTextLength: -1; contentDescription: null; viewIdResName: null; checkable: false; checked: false; focusable: true; focused: false; selected: false; clickable: false; longClickable: false; enabled: true; password: false; scrollable: false; actions: [AccessibilityAction: ACTION_FOCUS - null, AccessibilityAction: ACTION_SELECT - null, AccessibilityAction: ACTION_CLEAR_SELECTION - null, AccessibilityAction: ACTION_ACCESSIBILITY_FOCUS - null]
I/AccessibilityNodeInfoDumper(21994): Skipping invisible child: android.view.accessibility.AccessibilityNodeInfo@8001efdf; boundsInParent: Rect(0, 0 - 1200, 1538); boundsInScreen: Rect(1200, 280 - 1200, 1818); packageName: com.adonai.manman; className: android.widget.LinearLayout; text: null; error: null; maxTextLength: -1; contentDescription: null; viewIdResName: null; checkable: false; checked: false; focusable: true; focused: false; selected: false; clickable: false; longClickable: false; enabled: true; password: false; scrollable: false; actions: [AccessibilityAction: ACTION_FOCUS - null, AccessibilityAction: ACTION_SELECT - null, AccessibilityAction: ACTION_CLEAR_SELECTION - null, AccessibilityAction: ACTION_ACCESSIBILITY_FOCUS - null]
W/AccessibilityNodeInfoDumper(21994): Fetch time: 39ms
W/WindowManager(  676): Attempted to remove non-existing token: android.os.Binder@d98f63a
D/AndroidRuntime(21994): Shutting down VM
D/AndroidRuntime(22017): >>>>>> START com.android.internal.os.RuntimeInit uid 0 <<<<<<
D/AndroidRuntime(22017): CheckJNI is OFF
E/memtrack(22017): Couldn't load memtrack module (No such file or directory)
E/android.os.Debug(22017): failed to load memtrack module: -2
D/AndroidRuntime(22017): Calling main entry com.android.commands.uiautomator.Launcher
D/leak-372(12438): Eastern Standard Time
I/AccessibilityNodeInfoDumper(22017): Skipping invisible child: android.view.accessibility.AccessibilityNodeInfo@800083c8; boundsInParent: Rect(0, 0 - 1200, 1538); boundsInScreen: Rect(0, 280 - 0, 1818); packageName: com.adonai.manman; className: android.widget.LinearLayout; text: null; error: null; maxTextLength: -1; contentDescription: null; viewIdResName: null; checkable: false; checked: false; focusable: true; focused: false; selected: false; clickable: false; longClickable: false; enabled: true; password: false; scrollable: false; actions: [AccessibilityAction: ACTION_FOCUS - null, AccessibilityAction: ACTION_SELECT - null, AccessibilityAction: ACTION_CLEAR_SELECTION - null, AccessibilityAction: ACTION_ACCESSIBILITY_FOCUS - null]
I/AccessibilityNodeInfoDumper(22017): Skipping invisible child: android.view.accessibility.AccessibilityNodeInfo@8001efe9; boundsInParent: Rect(0, 0 - 1200, 1538); boundsInScreen: Rect(1200, 280 - 1200, 1818); packageName: com.adonai.manman; className: android.widget.LinearLayout; text: null; error: null; maxTextLength: -1; contentDescription: null; viewIdResName: null; checkable: false; checked: false; focusable: true; focused: false; selected: false; clickable: false; longClickable: false; enabled: true; password: false; scrollable: false; actions: [AccessibilityAction: ACTION_FOCUS - null, AccessibilityAction: ACTION_SELECT - null, AccessibilityAction: ACTION_CLEAR_SELECTION - null, AccessibilityAction: ACTION_ACCESSIBILITY_FOCUS - null]
W/AccessibilityNodeInfoDumper(22017): Fetch time: 23ms
W/WindowManager(  676): Attempted to remove non-existing token: android.os.Binder@1002b2eb
D/AndroidRuntime(22017): Shutting down VM
D/AndroidRuntime(22035): >>>>>> START com.android.internal.os.RuntimeInit uid 0 <<<<<<
D/AndroidRuntime(22035): CheckJNI is OFF
E/memtrack(22035): Couldn't load memtrack module (No such file or directory)
E/android.os.Debug(22035): failed to load memtrack module: -2
D/AndroidRuntime(22035): Calling main entry com.android.commands.input.Input
I/Input   (22035): injectMotionEvent: MotionEvent { action=ACTION_DOWN, id[0]=0, x[0]=150.0, y[0]=224.0, toolType[0]=TOOL_TYPE_UNKNOWN, buttonState=0, metaState=0, flags=0x0, edgeFlags=0x0, pointerCount=1, historySize=0, eventTime=1263697, downTime=1263697, deviceId=0, source=0x1002 }
I/Input   (22035): injectMotionEvent: MotionEvent { action=ACTION_UP, id[0]=0, x[0]=150.0, y[0]=224.0, toolType[0]=TOOL_TYPE_UNKNOWN, buttonState=0, metaState=0, flags=0x0, edgeFlags=0x0, pointerCount=1, historySize=0, eventTime=1263697, downTime=1263697, deviceId=0, source=0x1002 }
D/AndroidRuntime(22035): Shutting down VM
D/leak-372(12438): Eastern Standard Time
D/leak-372(12438): Eastern Standard Time
D/leak-372(12438): Eastern Standard Time
D/leak-372(12438): Eastern Standard Time
D/leak-374(12438): Eastern Standard Time
D/leak-375(12438): Eastern Standard Time
D/leak-376(12438): Eastern Standard Time
D/leak-215(12438): Eastern Standard Time
D/leak-461(12438): Eastern Standard Time
D/leak-372(12438): Eastern Standard Time
W/AudioTrack(  676): AUDIO_OUTPUT_FLAG_FAST denied by client
D/leak-372(12438): Eastern Standard Time
D/leak-372(12438): Eastern Standard Time
D/leak-374(12438): Eastern Standard Time
D/leak-372(12438): Eastern Standard Time
D/leak-372(12438): Eastern Standard Time
D/leak-372(12438): Eastern Standard Time
D/leak-372(12438): Eastern Standard Time
D/leak-372(12438): Eastern Standard Time
D/leak-372(12438): Eastern Standard Time
D/leak-372(12438): Eastern Standard Time
D/leak-372(12438): Eastern Standard Time
D/leak-372(12438): Eastern Standard Time
D/leak-372(12438): Eastern Standard Time
D/leak-372(12438): Eastern Standard Time
D/leak-372(12438): Eastern Standard Time
D/leak-372(12438): Eastern Standard Time
D/leak-374(12438): Eastern Standard Time
D/AndroidRuntime(22377): >>>>>> START com.android.internal.os.RuntimeInit uid 0 <<<<<<
D/AndroidRuntime(22377): CheckJNI is OFF
E/memtrack(22377): Couldn't load memtrack module (No such file or directory)
E/android.os.Debug(22377): failed to load memtrack module: -2
D/AndroidRuntime(22377): Calling main entry com.android.commands.uiautomator.Launcher
D/leak-372(12438): Eastern Standard Time
I/AccessibilityNodeInfoDumper(22377): Skipping invisible child: android.view.accessibility.AccessibilityNodeInfo@8000bfe1; boundsInParent: Rect(0, 0 - 1200, 1538); boundsInScreen: Rect(1200, 280 - 1200, 1818); packageName: com.adonai.manman; className: android.widget.FrameLayout; text: null; error: null; maxTextLength: -1; contentDescription: null; viewIdResName: com.adonai.manman:id/chapter_fragment_frame; checkable: false; checked: false; focusable: true; focused: false; selected: false; clickable: false; longClickable: false; enabled: true; password: false; scrollable: false; actions: [AccessibilityAction: ACTION_FOCUS - null, AccessibilityAction: ACTION_SELECT - null, AccessibilityAction: ACTION_CLEAR_SELECTION - null, AccessibilityAction: ACTION_ACCESSIBILITY_FOCUS - null]
W/AccessibilityNodeInfoDumper(22377): Fetch time: 20ms
W/WindowManager(  676): Attempted to remove non-existing token: android.os.Binder@306bf848
D/AndroidRuntime(22377): Shutting down VM
D/AndroidRuntime(22405): >>>>>> START com.android.internal.os.RuntimeInit uid 0 <<<<<<
D/AndroidRuntime(22405): CheckJNI is OFF
E/memtrack(22405): Couldn't load memtrack module (No such file or directory)
E/android.os.Debug(22405): failed to load memtrack module: -2
D/AndroidRuntime(22405): Calling main entry com.android.commands.uiautomator.Launcher
D/leak-372(12438): Eastern Standard Time
I/AccessibilityNodeInfoDumper(22405): Skipping invisible child: android.view.accessibility.AccessibilityNodeInfo@8000bfea; boundsInParent: Rect(0, 0 - 1200, 1538); boundsInScreen: Rect(1200, 280 - 1200, 1818); packageName: com.adonai.manman; className: android.widget.FrameLayout; text: null; error: null; maxTextLength: -1; contentDescription: null; viewIdResName: com.adonai.manman:id/chapter_fragment_frame; checkable: false; checked: false; focusable: true; focused: false; selected: false; clickable: false; longClickable: false; enabled: true; password: false; scrollable: false; actions: [AccessibilityAction: ACTION_FOCUS - null, AccessibilityAction: ACTION_SELECT - null, AccessibilityAction: ACTION_CLEAR_SELECTION - null, AccessibilityAction: ACTION_ACCESSIBILITY_FOCUS - null]
W/AccessibilityNodeInfoDumper(22405): Fetch time: 16ms
W/WindowManager(  676): Attempted to remove non-existing token: android.os.Binder@134ed6e1
D/AndroidRuntime(22405): Shutting down VM
D/AndroidRuntime(22428): >>>>>> START com.android.internal.os.RuntimeInit uid 0 <<<<<<
D/AndroidRuntime(22428): CheckJNI is OFF
E/memtrack(22428): Couldn't load memtrack module (No such file or directory)
E/android.os.Debug(22428): failed to load memtrack module: -2
D/AndroidRuntime(22428): Calling main entry com.android.commands.uiautomator.Launcher
D/leak-372(12438): Eastern Standard Time
I/AccessibilityNodeInfoDumper(22428): Skipping invisible child: android.view.accessibility.AccessibilityNodeInfo@8000bff6; boundsInParent: Rect(0, 0 - 1200, 1538); boundsInScreen: Rect(1200, 280 - 1200, 1818); packageName: com.adonai.manman; className: android.widget.FrameLayout; text: null; error: null; maxTextLength: -1; contentDescription: null; viewIdResName: com.adonai.manman:id/chapter_fragment_frame; checkable: false; checked: false; focusable: true; focused: false; selected: false; clickable: false; longClickable: false; enabled: true; password: false; scrollable: false; actions: [AccessibilityAction: ACTION_FOCUS - null, AccessibilityAction: ACTION_SELECT - null, AccessibilityAction: ACTION_CLEAR_SELECTION - null, AccessibilityAction: ACTION_ACCESSIBILITY_FOCUS - null]
W/AccessibilityNodeInfoDumper(22428): Fetch time: 13ms
W/WindowManager(  676): Attempted to remove non-existing token: android.os.Binder@11103c06
D/AndroidRuntime(22428): Shutting down VM
D/AndroidRuntime(22456): >>>>>> START com.android.internal.os.RuntimeInit uid 0 <<<<<<
D/AndroidRuntime(22456): CheckJNI is OFF
E/memtrack(22456): Couldn't load memtrack module (No such file or directory)
E/android.os.Debug(22456): failed to load memtrack module: -2
D/AndroidRuntime(22456): Calling main entry com.android.commands.uiautomator.Launcher
I/art     (  676): Explicit concurrent mark sweep GC freed 42358(2MB) AllocSpace objects, 31(496KB) LOS objects, 33% free, 9MB/14MB, paused 760us total 15.619ms
D/leak-372(12438): Eastern Standard Time
I/AccessibilityNodeInfoDumper(22456): Skipping invisible child: android.view.accessibility.AccessibilityNodeInfo@8000bffc; boundsInParent: Rect(0, 0 - 1200, 1538); boundsInScreen: Rect(1200, 280 - 1200, 1818); packageName: com.adonai.manman; className: android.widget.FrameLayout; text: null; error: null; maxTextLength: -1; contentDescription: null; viewIdResName: com.adonai.manman:id/chapter_fragment_frame; checkable: false; checked: false; focusable: true; focused: false; selected: false; clickable: false; longClickable: false; enabled: true; password: false; scrollable: false; actions: [AccessibilityAction: ACTION_FOCUS - null, AccessibilityAction: ACTION_SELECT - null, AccessibilityAction: ACTION_CLEAR_SELECTION - null, AccessibilityAction: ACTION_ACCESSIBILITY_FOCUS - null]
W/AccessibilityNodeInfoDumper(22456): Fetch time: 13ms
W/WindowManager(  676): Attempted to remove non-existing token: android.os.Binder@28d792c7
D/AndroidRuntime(22456): Shutting down VM
D/AndroidRuntime(22489): >>>>>> START com.android.internal.os.RuntimeInit uid 0 <<<<<<
D/AndroidRuntime(22489): CheckJNI is OFF
E/memtrack(22489): Couldn't load memtrack module (No such file or directory)
E/android.os.Debug(22489): failed to load memtrack module: -2
D/AndroidRuntime(22489): Calling main entry com.android.commands.uiautomator.Launcher
D/leak-372(12438): Eastern Standard Time
I/AccessibilityNodeInfoDumper(22489): Skipping invisible child: android.view.accessibility.AccessibilityNodeInfo@8000c004; boundsInParent: Rect(0, 0 - 1200, 1538); boundsInScreen: Rect(1200, 280 - 1200, 1818); packageName: com.adonai.manman; className: android.widget.FrameLayout; text: null; error: null; maxTextLength: -1; contentDescription: null; viewIdResName: com.adonai.manman:id/chapter_fragment_frame; checkable: false; checked: false; focusable: true; focused: false; selected: false; clickable: false; longClickable: false; enabled: true; password: false; scrollable: false; actions: [AccessibilityAction: ACTION_FOCUS - null, AccessibilityAction: ACTION_SELECT - null, AccessibilityAction: ACTION_CLEAR_SELECTION - null, AccessibilityAction: ACTION_ACCESSIBILITY_FOCUS - null]
W/AccessibilityNodeInfoDumper(22489): Fetch time: 19ms
W/WindowManager(  676): Attempted to remove non-existing token: android.os.Binder@3281001d
D/AndroidRuntime(22489): Shutting down VM
D/AndroidRuntime(22520): >>>>>> START com.android.internal.os.RuntimeInit uid 0 <<<<<<
D/AndroidRuntime(22520): CheckJNI is OFF
E/memtrack(22520): Couldn't load memtrack module (No such file or directory)
E/android.os.Debug(22520): failed to load memtrack module: -2
D/AndroidRuntime(22520): Calling main entry com.android.commands.uiautomator.Launcher
D/leak-372(12438): Eastern Standard Time
I/AccessibilityNodeInfoDumper(22520): Skipping invisible child: android.view.accessibility.AccessibilityNodeInfo@8000c010; boundsInParent: Rect(0, 0 - 1200, 1538); boundsInScreen: Rect(1200, 280 - 1200, 1818); packageName: com.adonai.manman; className: android.widget.FrameLayout; text: null; error: null; maxTextLength: -1; contentDescription: null; viewIdResName: com.adonai.manman:id/chapter_fragment_frame; checkable: false; checked: false; focusable: true; focused: false; selected: false; clickable: false; longClickable: false; enabled: true; password: false; scrollable: false; actions: [AccessibilityAction: ACTION_FOCUS - null, AccessibilityAction: ACTION_SELECT - null, AccessibilityAction: ACTION_CLEAR_SELECTION - null, AccessibilityAction: ACTION_ACCESSIBILITY_FOCUS - null]
W/AccessibilityNodeInfoDumper(22520): Fetch time: 15ms
W/WindowManager(  676): Attempted to remove non-existing token: android.os.Binder@2641292
D/AndroidRuntime(22520): Shutting down VM
D/AndroidRuntime(22543): >>>>>> START com.android.internal.os.RuntimeInit uid 0 <<<<<<
D/AndroidRuntime(22543): CheckJNI is OFF
E/memtrack(22543): Couldn't load memtrack module (No such file or directory)
E/android.os.Debug(22543): failed to load memtrack module: -2
D/AndroidRuntime(22543): Calling main entry com.android.commands.uiautomator.Launcher
D/leak-372(12438): Eastern Standard Time
I/AccessibilityNodeInfoDumper(22543): Skipping invisible child: android.view.accessibility.AccessibilityNodeInfo@8000c016; boundsInParent: Rect(0, 0 - 1200, 1538); boundsInScreen: Rect(1200, 280 - 1200, 1818); packageName: com.adonai.manman; className: android.widget.FrameLayout; text: null; error: null; maxTextLength: -1; contentDescription: null; viewIdResName: com.adonai.manman:id/chapter_fragment_frame; checkable: false; checked: false; focusable: true; focused: false; selected: false; clickable: false; longClickable: false; enabled: true; password: false; scrollable: false; actions: [AccessibilityAction: ACTION_FOCUS - null, AccessibilityAction: ACTION_SELECT - null, AccessibilityAction: ACTION_CLEAR_SELECTION - null, AccessibilityAction: ACTION_ACCESSIBILITY_FOCUS - null]
W/AccessibilityNodeInfoDumper(22543): Fetch time: 15ms
W/WindowManager(  676): Attempted to remove non-existing token: android.os.Binder@31309463
D/AndroidRuntime(22543): Shutting down VM
D/AndroidRuntime(22572): >>>>>> START com.android.internal.os.RuntimeInit uid 0 <<<<<<
D/AndroidRuntime(22572): CheckJNI is OFF
E/memtrack(22572): Couldn't load memtrack module (No such file or directory)
E/android.os.Debug(22572): failed to load memtrack module: -2
D/AndroidRuntime(22572): Calling main entry com.android.commands.uiautomator.Launcher
D/leak-372(12438): Eastern Standard Time
I/AccessibilityNodeInfoDumper(22572): Skipping invisible child: android.view.accessibility.AccessibilityNodeInfo@8000c021; boundsInParent: Rect(0, 0 - 1200, 1538); boundsInScreen: Rect(1200, 280 - 1200, 1818); packageName: com.adonai.manman; className: android.widget.FrameLayout; text: null; error: null; maxTextLength: -1; contentDescription: null; viewIdResName: com.adonai.manman:id/chapter_fragment_frame; checkable: false; checked: false; focusable: true; focused: false; selected: false; clickable: false; longClickable: false; enabled: true; password: false; scrollable: false; actions: [AccessibilityAction: ACTION_FOCUS - null, AccessibilityAction: ACTION_SELECT - null, AccessibilityAction: ACTION_CLEAR_SELECTION - null, AccessibilityAction: ACTION_ACCESSIBILITY_FOCUS - null]
W/AccessibilityNodeInfoDumper(22572): Fetch time: 16ms
W/WindowManager(  676): Attempted to remove non-existing token: android.os.Binder@26778860
D/AndroidRuntime(22572): Shutting down VM
D/AndroidRuntime(22595): >>>>>> START com.android.internal.os.RuntimeInit uid 0 <<<<<<
D/AndroidRuntime(22595): CheckJNI is OFF
E/memtrack(22595): Couldn't load memtrack module (No such file or directory)
E/android.os.Debug(22595): failed to load memtrack module: -2
D/AndroidRuntime(22595): Calling main entry com.android.commands.uiautomator.Launcher
D/leak-372(12438): Eastern Standard Time
I/AccessibilityNodeInfoDumper(22595): Skipping invisible child: android.view.accessibility.AccessibilityNodeInfo@8000c02b; boundsInParent: Rect(0, 0 - 1200, 1538); boundsInScreen: Rect(1200, 280 - 1200, 1818); packageName: com.adonai.manman; className: android.widget.FrameLayout; text: null; error: null; maxTextLength: -1; contentDescription: null; viewIdResName: com.adonai.manman:id/chapter_fragment_frame; checkable: false; checked: false; focusable: true; focused: false; selected: false; clickable: false; longClickable: false; enabled: true; password: false; scrollable: false; actions: [AccessibilityAction: ACTION_FOCUS - null, AccessibilityAction: ACTION_SELECT - null, AccessibilityAction: ACTION_CLEAR_SELECTION - null, AccessibilityAction: ACTION_ACCESSIBILITY_FOCUS - null]
W/AccessibilityNodeInfoDumper(22595): Fetch time: 14ms
W/WindowManager(  676): Attempted to remove non-existing token: android.os.Binder@26b28119
D/AndroidRuntime(22595): Shutting down VM
D/AndroidRuntime(22623): >>>>>> START com.android.internal.os.RuntimeInit uid 0 <<<<<<
D/AndroidRuntime(22623): CheckJNI is OFF
E/memtrack(22623): Couldn't load memtrack module (No such file or directory)
E/android.os.Debug(22623): failed to load memtrack module: -2
D/AndroidRuntime(22623): Calling main entry com.android.commands.uiautomator.Launcher
D/leak-372(12438): Eastern Standard Time
I/AccessibilityNodeInfoDumper(22623): Skipping invisible child: android.view.accessibility.AccessibilityNodeInfo@8000c034; boundsInParent: Rect(0, 0 - 1200, 1538); boundsInScreen: Rect(1200, 280 - 1200, 1818); packageName: com.adonai.manman; className: android.widget.FrameLayout; text: null; error: null; maxTextLength: -1; contentDescription: null; viewIdResName: com.adonai.manman:id/chapter_fragment_frame; checkable: false; checked: false; focusable: true; focused: false; selected: false; clickable: false; longClickable: false; enabled: true; password: false; scrollable: false; actions: [AccessibilityAction: ACTION_FOCUS - null, AccessibilityAction: ACTION_SELECT - null, AccessibilityAction: ACTION_CLEAR_SELECTION - null, AccessibilityAction: ACTION_ACCESSIBILITY_FOCUS - null]
W/AccessibilityNodeInfoDumper(22623): Fetch time: 13ms
W/WindowManager(  676): Attempted to remove non-existing token: android.os.Binder@facc5de
D/AndroidRuntime(22623): Shutting down VM
D/AndroidRuntime(22646): >>>>>> START com.android.internal.os.RuntimeInit uid 0 <<<<<<
D/AndroidRuntime(22646): CheckJNI is OFF
E/memtrack(22646): Couldn't load memtrack module (No such file or directory)
E/android.os.Debug(22646): failed to load memtrack module: -2
D/AndroidRuntime(22646): Calling main entry com.android.commands.uiautomator.Launcher
D/leak-372(12438): Eastern Standard Time
I/AccessibilityNodeInfoDumper(22646): Skipping invisible child: android.view.accessibility.AccessibilityNodeInfo@8000c03b; boundsInParent: Rect(0, 0 - 1200, 1538); boundsInScreen: Rect(1200, 280 - 1200, 1818); packageName: com.adonai.manman; className: android.widget.FrameLayout; text: null; error: null; maxTextLength: -1; contentDescription: null; viewIdResName: com.adonai.manman:id/chapter_fragment_frame; checkable: false; checked: false; focusable: true; focused: false; selected: false; clickable: false; longClickable: false; enabled: true; password: false; scrollable: false; actions: [AccessibilityAction: ACTION_FOCUS - null, AccessibilityAction: ACTION_SELECT - null, AccessibilityAction: ACTION_CLEAR_SELECTION - null, AccessibilityAction: ACTION_ACCESSIBILITY_FOCUS - null]
W/AccessibilityNodeInfoDumper(22646): Fetch time: 14ms
W/WindowManager(  676): Attempted to remove non-existing token: android.os.Binder@388e13bf
D/AndroidRuntime(22646): Shutting down VM
D/AndroidRuntime(22664): >>>>>> START com.android.internal.os.RuntimeInit uid 0 <<<<<<
D/AndroidRuntime(22664): CheckJNI is OFF
E/memtrack(22664): Couldn't load memtrack module (No such file or directory)
E/android.os.Debug(22664): failed to load memtrack module: -2
D/AndroidRuntime(22664): Calling main entry com.android.commands.input.Input
I/Input   (22664): injectMotionEvent: MotionEvent { action=ACTION_DOWN, id[0]=0, x[0]=640.0, y[0]=324.0, toolType[0]=TOOL_TYPE_UNKNOWN, buttonState=0, metaState=0, flags=0x0, edgeFlags=0x0, pointerCount=1, historySize=0, eventTime=1287085, downTime=1287085, deviceId=0, source=0x1002 }
I/Input   (22664): injectMotionEvent: MotionEvent { action=ACTION_UP, id[0]=0, x[0]=640.0, y[0]=324.0, toolType[0]=TOOL_TYPE_UNKNOWN, buttonState=0, metaState=0, flags=0x0, edgeFlags=0x0, pointerCount=1, historySize=0, eventTime=1287085, downTime=1287085, deviceId=0, source=0x1002 }
I/LatinIME( 1191): Starting input. Cursor position = 0,0
D/AndroidRuntime(22664): Shutting down VM
D/leak-372(12438): Eastern Standard Time
D/leak-372(12438): Eastern Standard Time
D/leak-374(12438): Eastern Standard Time
D/leak-372(12438): Eastern Standard Time
W/EGL_emulation( 1191): eglSurfaceAttrib not implemented
W/OpenGLRenderer( 1191): Failed to set EGL_SWAP_BEHAVIOR on surface 0xf3f43c40, error=EGL_SUCCESS
D/leak-372(12438): Eastern Standard Time
D/leak-372(12438): Eastern Standard Time
D/leak-374(12438): Eastern Standard Time
D/leak-372(12438): Eastern Standard Time
D/leak-372(12438): Eastern Standard Time
D/leak-374(12438): Eastern Standard Time
D/leak-145(12438): Eastern Standard Time
D/leak-145(12438): Eastern Standard Time
D/leak-145(12438): Eastern Standard Time
D/leak-145(12438): Eastern Standard Time
D/leak-145(12438): Eastern Standard Time
D/leak-145(12438): Eastern Standard Time
D/leak-145(12438): Eastern Standard Time
D/leak-145(12438): Eastern Standard Time
D/leak-372(12438): Eastern Standard Time
D/AndroidRuntime(22680): >>>>>> START com.android.internal.os.RuntimeInit uid 0 <<<<<<
D/AndroidRuntime(22680): CheckJNI is OFF
E/memtrack(22680): Couldn't load memtrack module (No such file or directory)
E/android.os.Debug(22680): failed to load memtrack module: -2
D/AndroidRuntime(22680): Calling main entry com.android.commands.input.Input
I/Input   (22680): injectKeyEvent: KeyEvent { action=ACTION_DOWN, keyCode=KEYCODE_ESCAPE, scanCode=0, metaState=0, flags=0x0, repeatCount=0, eventTime=1287556, downTime=1287556, deviceId=-1, source=0x101 }
I/Input   (22680): injectKeyEvent: KeyEvent { action=ACTION_UP, keyCode=KEYCODE_ESCAPE, scanCode=0, metaState=0, flags=0x0, repeatCount=0, eventTime=1287556, downTime=1287556, deviceId=-1, source=0x101 }
D/AndroidRuntime(22680): Shutting down VM
D/leak-372(12438): Eastern Standard Time
D/leak-372(12438): Eastern Standard Time
D/leak-374(12438): Eastern Standard Time
D/leak-372(12438): Eastern Standard Time
D/leak-372(12438): Eastern Standard Time
D/leak-374(12438): Eastern Standard Time
D/leak-145(12438): Eastern Standard Time
D/leak-145(12438): Eastern Standard Time
D/leak-145(12438): Eastern Standard Time
D/leak-145(12438): Eastern Standard Time
D/leak-145(12438): Eastern Standard Time
D/leak-145(12438): Eastern Standard Time
D/leak-145(12438): Eastern Standard Time
D/leak-145(12438): Eastern Standard Time
D/leak-145(12438): Eastern Standard Time
D/leak-145(12438): Eastern Standard Time
D/leak-145(12438): Eastern Standard Time
D/leak-145(12438): Eastern Standard Time
D/leak-372(12438): Eastern Standard Time
D/AndroidRuntime(22698): >>>>>> START com.android.internal.os.RuntimeInit uid 0 <<<<<<
D/AndroidRuntime(22698): CheckJNI is OFF
E/memtrack(22698): Couldn't load memtrack module (No such file or directory)
E/android.os.Debug(22698): failed to load memtrack module: -2
D/AndroidRuntime(22698): Calling main entry com.android.commands.input.Input
I/Input   (22698): injectKeyEvent: KeyEvent { action=ACTION_DOWN, keyCode=KEYCODE_MOVE_END, scanCode=0, metaState=0, flags=0x0, repeatCount=0, eventTime=1288448, downTime=1288448, deviceId=-1, source=0x101 }
I/Input   (22698): injectKeyEvent: KeyEvent { action=ACTION_UP, keyCode=KEYCODE_MOVE_END, scanCode=0, metaState=0, flags=0x0, repeatCount=0, eventTime=1288448, downTime=1288448, deviceId=-1, source=0x101 }
D/AndroidRuntime(22698): Shutting down VM
D/AndroidRuntime(22712): >>>>>> START com.android.internal.os.RuntimeInit uid 0 <<<<<<
D/AndroidRuntime(22712): CheckJNI is OFF
E/memtrack(22712): Couldn't load memtrack module (No such file or directory)
E/android.os.Debug(22712): failed to load memtrack module: -2
D/AndroidRuntime(22712): Calling main entry com.android.commands.input.Input
I/Input   (22712): injectKeyEvent: KeyEvent { action=ACTION_DOWN, keyCode=KEYCODE_DEL, scanCode=0, metaState=0, flags=0x0, repeatCount=0, eventTime=1288749, downTime=1288749, deviceId=-1, source=0x101 }
I/Input   (22712): injectKeyEvent: KeyEvent { action=ACTION_UP, keyCode=KEYCODE_DEL, scanCode=0, metaState=0, flags=0x0, repeatCount=0, eventTime=1288749, downTime=1288749, deviceId=-1, source=0x101 }
I/Input   (22712): injectKeyEvent: KeyEvent { action=ACTION_DOWN, keyCode=KEYCODE_DEL, scanCode=0, metaState=0, flags=0x0, repeatCount=0, eventTime=1288752, downTime=1288752, deviceId=-1, source=0x101 }
I/Input   (22712): injectKeyEvent: KeyEvent { action=ACTION_UP, keyCode=KEYCODE_DEL, scanCode=0, metaState=0, flags=0x0, repeatCount=0, eventTime=1288752, downTime=1288752, deviceId=-1, source=0x101 }
I/Input   (22712): injectKeyEvent: KeyEvent { action=ACTION_DOWN, keyCode=KEYCODE_DEL, scanCode=0, metaState=0, flags=0x0, repeatCount=0, eventTime=1288753, downTime=1288753, deviceId=-1, source=0x101 }
