E/android.os.Debug( 3808): failed to load memtrack module: -2
D/AndroidRuntime( 3808): Calling main entry com.android.commands.uiautomator.Launcher
W/AccessibilityNodeInfoDumper( 3808): Fetch time: 4ms
W/WindowManager(  526): Attempted to remove non-existing token: android.os.Binder@176bf670
D/AndroidRuntime( 3808): Shutting down VM
D/AndroidRuntime( 3837): >>>>>> START com.android.internal.os.RuntimeInit uid 0 <<<<<<
D/AndroidRuntime( 3837): CheckJNI is OFF
E/memtrack( 3837): Couldn't load memtrack module (No such file or directory)
E/android.os.Debug( 3837): failed to load memtrack module: -2
D/AndroidRuntime( 3837): Calling main entry com.android.commands.uiautomator.Launcher
W/AccessibilityNodeInfoDumper( 3837): Fetch time: 3ms
W/WindowManager(  526): Attempted to remove non-existing token: android.os.Binder@34438a6e
D/AndroidRuntime( 3837): Shutting down VM
D/AndroidRuntime( 3860): >>>>>> START com.android.internal.os.RuntimeInit uid 0 <<<<<<
D/AndroidRuntime( 3860): CheckJNI is OFF
E/memtrack( 3860): Couldn't load memtrack module (No such file or directory)
E/android.os.Debug( 3860): failed to load memtrack module: -2
D/AndroidRuntime( 3860): Calling main entry com.android.commands.uiautomator.Launcher
W/AccessibilityNodeInfoDumper( 3860): Fetch time: 3ms
W/WindowManager(  526): Attempted to remove non-existing token: android.os.Binder@1403a50f
D/AndroidRuntime( 3860): Shutting down VM
D/AndroidRuntime( 3888): >>>>>> START com.android.internal.os.RuntimeInit uid 0 <<<<<<
D/AndroidRuntime( 3888): CheckJNI is OFF
E/memtrack( 3888): Couldn't load memtrack module (No such file or directory)
E/android.os.Debug( 3888): failed to load memtrack module: -2
D/AndroidRuntime( 3888): Calling main entry com.android.commands.uiautomator.Launcher
W/AccessibilityNodeInfoDumper( 3888): Fetch time: 6ms
W/WindowManager(  526): Attempted to remove non-existing token: android.os.Binder@1a72099c
D/AndroidRuntime( 3888): Shutting down VM
D/AndroidRuntime( 3911): >>>>>> START com.android.internal.os.RuntimeInit uid 0 <<<<<<
D/AndroidRuntime( 3911): CheckJNI is OFF
E/memtrack( 3911): Couldn't load memtrack module (No such file or directory)
E/android.os.Debug( 3911): failed to load memtrack module: -2
D/AndroidRuntime( 3911): Calling main entry com.android.commands.uiautomator.Launcher
W/AccessibilityNodeInfoDumper( 3911): Fetch time: 3ms
W/WindowManager(  526): Attempted to remove non-existing token: android.os.Binder@c23cfa5
D/AndroidRuntime( 3911): Shutting down VM
D/AndroidRuntime( 3941): >>>>>> START com.android.internal.os.RuntimeInit uid 0 <<<<<<
D/AndroidRuntime( 3941): CheckJNI is OFF
E/memtrack( 3941): Couldn't load memtrack module (No such file or directory)
E/android.os.Debug( 3941): failed to load memtrack module: -2
D/AndroidRuntime( 3941): Calling main entry com.android.commands.uiautomator.Launcher
W/AccessibilityNodeInfoDumper( 3941): Fetch time: 3ms
W/WindowManager(  526): Attempted to remove non-existing token: android.os.Binder@1321df7a
D/AndroidRuntime( 3941): Shutting down VM
D/AndroidRuntime( 3964): >>>>>> START com.android.internal.os.RuntimeInit uid 0 <<<<<<
D/AndroidRuntime( 3964): CheckJNI is OFF
E/memtrack( 3964): Couldn't load memtrack module (No such file or directory)
E/android.os.Debug( 3964): failed to load memtrack module: -2
D/AndroidRuntime( 3964): Calling main entry com.android.commands.uiautomator.Launcher
W/AccessibilityNodeInfoDumper( 3964): Fetch time: 3ms
W/WindowManager(  526): Attempted to remove non-existing token: android.os.Binder@9df832b
D/AndroidRuntime( 3964): Shutting down VM
D/AndroidRuntime( 3982): >>>>>> START com.android.internal.os.RuntimeInit uid 0 <<<<<<
D/AndroidRuntime( 3982): CheckJNI is OFF
E/memtrack( 3982): Couldn't load memtrack module (No such file or directory)
E/android.os.Debug( 3982): failed to load memtrack module: -2
D/AndroidRuntime( 3982): Calling main entry com.android.commands.input.Input
I/Input   ( 3982): injectMotionEvent: MotionEvent { action=ACTION_DOWN, id[0]=0, x[0]=1136.0, y[0]=114.0, toolType[0]=TOOL_TYPE_UNKNOWN, buttonState=0, metaState=0, flags=0x0, edgeFlags=0x0, pointerCount=1, historySize=0, eventTime=222106, downTime=222106, deviceId=0, source=0x1002 }
I/Input   ( 3982): injectMotionEvent: MotionEvent { action=ACTION_MOVE, id[0]=0, x[0]=1136.0, y[0]=114.0, toolType[0]=TOOL_TYPE_UNKNOWN, buttonState=0, metaState=0, flags=0x0, edgeFlags=0x0, pointerCount=1, historySize=0, eventTime=222106, downTime=222106, deviceId=0, source=0x1002 }
I/Input   ( 3982): injectMotionEvent: MotionEvent { action=ACTION_MOVE, id[0]=0, x[0]=1136.0, y[0]=114.0, toolType[0]=TOOL_TYPE_UNKNOWN, buttonState=0, metaState=0, flags=0x0, edgeFlags=0x0, pointerCount=1, historySize=0, eventTime=222117, downTime=222117, deviceId=0, source=0x1002 }
I/Input   ( 3982): injectMotionEvent: MotionEvent { action=ACTION_MOVE, id[0]=0, x[0]=1136.0, y[0]=114.0, toolType[0]=TOOL_TYPE_UNKNOWN, buttonState=0, metaState=0, flags=0x0, edgeFlags=0x0, pointerCount=1, historySize=0, eventTime=222135, downTime=222135, deviceId=0, source=0x1002 }
I/Input   ( 3982): injectMotionEvent: MotionEvent { action=ACTION_MOVE, id[0]=0, x[0]=1136.0, y[0]=114.0, toolType[0]=TOOL_TYPE_UNKNOWN, buttonState=0, metaState=0, flags=0x0, edgeFlags=0x0, pointerCount=1, historySize=0, eventTime=222150, downTime=222150, deviceId=0, source=0x1002 }
I/Input   ( 3982): injectMotionEvent: MotionEvent { action=ACTION_MOVE, id[0]=0, x[0]=1136.0, y[0]=114.0, toolType[0]=TOOL_TYPE_UNKNOWN, buttonState=0, metaState=0, flags=0x0, edgeFlags=0x0, pointerCount=1, historySize=0, eventTime=222168, downTime=222168, deviceId=0, source=0x1002 }
I/Input   ( 3982): injectMotionEvent: MotionEvent { action=ACTION_MOVE, id[0]=0, x[0]=1136.0, y[0]=114.0, toolType[0]=TOOL_TYPE_UNKNOWN, buttonState=0, metaState=0, flags=0x0, edgeFlags=0x0, pointerCount=1, historySize=0, eventTime=222185, downTime=222185, deviceId=0, source=0x1002 }
I/Input   ( 3982): injectMotionEvent: MotionEvent { action=ACTION_MOVE, id[0]=0, x[0]=1136.0, y[0]=114.0, toolType[0]=TOOL_TYPE_UNKNOWN, buttonState=0, metaState=0, flags=0x0, edgeFlags=0x0, pointerCount=1, historySize=0, eventTime=222200, downTime=222200, deviceId=0, source=0x1002 }
I/Input   ( 3982): injectMotionEvent: MotionEvent { action=ACTION_MOVE, id[0]=0, x[0]=1136.0, y[0]=114.0, toolType[0]=TOOL_TYPE_UNKNOWN, buttonState=0, metaState=0, flags=0x0, edgeFlags=0x0, pointerCount=1, historySize=0, eventTime=222217, downTime=222217, deviceId=0, source=0x1002 }
I/Input   ( 3982): injectMotionEvent: MotionEvent { action=ACTION_MOVE, id[0]=0, x[0]=1136.0, y[0]=114.0, toolType[0]=TOOL_TYPE_UNKNOWN, buttonState=0, metaState=0, flags=0x0, edgeFlags=0x0, pointerCount=1, historySize=0, eventTime=222234, downTime=222234, deviceId=0, source=0x1002 }
I/Input   ( 3982): injectMotionEvent: MotionEvent { action=ACTION_MOVE, id[0]=0, x[0]=1136.0, y[0]=114.0, toolType[0]=TOOL_TYPE_UNKNOWN, buttonState=0, metaState=0, flags=0x0, edgeFlags=0x0, pointerCount=1, historySize=0, eventTime=222257, downTime=222257, deviceId=0, source=0x1002 }
I/Input   ( 3982): injectMotionEvent: MotionEvent { action=ACTION_MOVE, id[0]=0, x[0]=1136.0, y[0]=114.0, toolType[0]=TOOL_TYPE_UNKNOWN, buttonState=0, metaState=0, flags=0x0, edgeFlags=0x0, pointerCount=1, historySize=0, eventTime=222290, downTime=222290, deviceId=0, source=0x1002 }
I/Input   ( 3982): injectMotionEvent: MotionEvent { action=ACTION_MOVE, id[0]=0, x[0]=1136.0, y[0]=114.0, toolType[0]=TOOL_TYPE_UNKNOWN, buttonState=0, metaState=0, flags=0x0, edgeFlags=0x0, pointerCount=1, historySize=0, eventTime=222320, downTime=222320, deviceId=0, source=0x1002 }
I/Input   ( 3982): injectMotionEvent: MotionEvent { action=ACTION_MOVE, id[0]=0, x[0]=1136.0, y[0]=114.0, toolType[0]=TOOL_TYPE_UNKNOWN, buttonState=0, metaState=0, flags=0x0, edgeFlags=0x0, pointerCount=1, historySize=0, eventTime=222341, downTime=222341, deviceId=0, source=0x1002 }
I/Input   ( 3982): injectMotionEvent: MotionEvent { action=ACTION_MOVE, id[0]=0, x[0]=1136.0, y[0]=114.0, toolType[0]=TOOL_TYPE_UNKNOWN, buttonState=0, metaState=0, flags=0x0, edgeFlags=0x0, pointerCount=1, historySize=0, eventTime=222380, downTime=222380, deviceId=0, source=0x1002 }
I/Input   ( 3982): injectMotionEvent: MotionEvent { action=ACTION_MOVE, id[0]=0, x[0]=1136.0, y[0]=114.0, toolType[0]=TOOL_TYPE_UNKNOWN, buttonState=0, metaState=0, flags=0x0, edgeFlags=0x0, pointerCount=1, historySize=0, eventTime=222405, downTime=222405, deviceId=0, source=0x1002 }
I/Input   ( 3982): injectMotionEvent: MotionEvent { action=ACTION_MOVE, id[0]=0, x[0]=1136.0, y[0]=114.0, toolType[0]=TOOL_TYPE_UNKNOWN, buttonState=0, metaState=0, flags=0x0, edgeFlags=0x0, pointerCount=1, historySize=0, eventTime=222418, downTime=222418, deviceId=0, source=0x1002 }
I/Input   ( 3982): injectMotionEvent: MotionEvent { action=ACTION_MOVE, id[0]=0, x[0]=1136.0, y[0]=114.0, toolType[0]=TOOL_TYPE_UNKNOWN, buttonState=0, metaState=0, flags=0x0, edgeFlags=0x0, pointerCount=1, historySize=0, eventTime=222437, downTime=222437, deviceId=0, source=0x1002 }
I/Input   ( 3982): injectMotionEvent: MotionEvent { action=ACTION_MOVE, id[0]=0, x[0]=1136.0, y[0]=114.0, toolType[0]=TOOL_TYPE_UNKNOWN, buttonState=0, metaState=0, flags=0x0, edgeFlags=0x0, pointerCount=1, historySize=0, eventTime=222451, downTime=222451, deviceId=0, source=0x1002 }
I/Input   ( 3982): injectMotionEvent: MotionEvent { action=ACTION_MOVE, id[0]=0, x[0]=1136.0, y[0]=114.0, toolType[0]=TOOL_TYPE_UNKNOWN, buttonState=0, metaState=0, flags=0x0, edgeFlags=0x0, pointerCount=1, historySize=0, eventTime=222468, downTime=222468, deviceId=0, source=0x1002 }
I/Input   ( 3982): injectMotionEvent: MotionEvent { action=ACTION_MOVE, id[0]=0, x[0]=1136.0, y[0]=114.0, toolType[0]=TOOL_TYPE_UNKNOWN, buttonState=0, metaState=0, flags=0x0, edgeFlags=0x0, pointerCount=1, historySize=0, eventTime=222484, downTime=222484, deviceId=0, source=0x1002 }
I/Input   ( 3982): injectMotionEvent: MotionEvent { action=ACTION_MOVE, id[0]=0, x[0]=1136.0, y[0]=114.0, toolType[0]=TOOL_TYPE_UNKNOWN, buttonState=0, metaState=0, flags=0x0, edgeFlags=0x0, pointerCount=1, historySize=0, eventTime=222506, downTime=222506, deviceId=0, source=0x1002 }
I/Input   ( 3982): injectMotionEvent: MotionEvent { action=ACTION_MOVE, id[0]=0, x[0]=1136.0, y[0]=114.0, toolType[0]=TOOL_TYPE_UNKNOWN, buttonState=0, metaState=0, flags=0x0, edgeFlags=0x0, pointerCount=1, historySize=0, eventTime=222519, downTime=222519, deviceId=0, source=0x1002 }
I/Input   ( 3982): injectMotionEvent: MotionEvent { action=ACTION_MOVE, id[0]=0, x[0]=1136.0, y[0]=114.0, toolType[0]=TOOL_TYPE_UNKNOWN, buttonState=0, metaState=0, flags=0x0, edgeFlags=0x0, pointerCount=1, historySize=0, eventTime=222534, downTime=222534, deviceId=0, source=0x1002 }
I/Input   ( 3982): injectMotionEvent: MotionEvent { action=ACTION_MOVE, id[0]=0, x[0]=1136.0, y[0]=114.0, toolType[0]=TOOL_TYPE_UNKNOWN, buttonState=0, metaState=0, flags=0x0, edgeFlags=0x0, pointerCount=1, historySize=0, eventTime=222556, downTime=222556, deviceId=0, source=0x1002 }
I/Input   ( 3982): injectMotionEvent: MotionEvent { action=ACTION_MOVE, id[0]=0, x[0]=1136.0, y[0]=114.0, toolType[0]=TOOL_TYPE_UNKNOWN, buttonState=0, metaState=0, flags=0x0, edgeFlags=0x0, pointerCount=1, historySize=0, eventTime=222572, downTime=222572, deviceId=0, source=0x1002 }
I/Input   ( 3982): injectMotionEvent: MotionEvent { action=ACTION_MOVE, id[0]=0, x[0]=1136.0, y[0]=114.0, toolType[0]=TOOL_TYPE_UNKNOWN, buttonState=0, metaState=0, flags=0x0, edgeFlags=0x0, pointerCount=1, historySize=0, eventTime=222586, downTime=222586, deviceId=0, source=0x1002 }
I/Input   ( 3982): injectMotionEvent: MotionEvent { action=ACTION_MOVE, id[0]=0, x[0]=1136.0, y[0]=114.0, toolType[0]=TOOL_TYPE_UNKNOWN, buttonState=0, metaState=0, flags=0x0, edgeFlags=0x0, pointerCount=1, historySize=0, eventTime=222601, downTime=222601, deviceId=0, source=0x1002 }
I/Input   ( 3982): injectMotionEvent: MotionEvent { action=ACTION_MOVE, id[0]=0, x[0]=1136.0, y[0]=114.0, toolType[0]=TOOL_TYPE_UNKNOWN, buttonState=0, metaState=0, flags=0x0, edgeFlags=0x0, pointerCount=1, historySize=0, eventTime=222624, downTime=222624, deviceId=0, source=0x1002 }
I/Input   ( 3982): injectMotionEvent: MotionEvent { action=ACTION_MOVE, id[0]=0, x[0]=1136.0, y[0]=114.0, toolType[0]=TOOL_TYPE_UNKNOWN, buttonState=0, metaState=0, flags=0x0, edgeFlags=0x0, pointerCount=1, historySize=0, eventTime=222647, downTime=222647, deviceId=0, source=0x1002 }
I/Input   ( 3982): injectMotionEvent: MotionEvent { action=ACTION_MOVE, id[0]=0, x[0]=1136.0, y[0]=114.0, toolType[0]=TOOL_TYPE_UNKNOWN, buttonState=0, metaState=0, flags=0x0, edgeFlags=0x0, pointerCount=1, historySize=0, eventTime=222671, downTime=222671, deviceId=0, source=0x1002 }
I/Input   ( 3982): injectMotionEvent: MotionEvent { action=ACTION_MOVE, id[0]=0, x[0]=1136.0, y[0]=114.0, toolType[0]=TOOL_TYPE_UNKNOWN, buttonState=0, metaState=0, flags=0x0, edgeFlags=0x0, pointerCount=1, historySize=0, eventTime=222687, downTime=222687, deviceId=0, source=0x1002 }
I/Input   ( 3982): injectMotionEvent: MotionEvent { action=ACTION_MOVE, id[0]=0, x[0]=1136.0, y[0]=114.0, toolType[0]=TOOL_TYPE_UNKNOWN, buttonState=0, metaState=0, flags=0x0, edgeFlags=0x0, pointerCount=1, historySize=0, eventTime=222701, downTime=222701, deviceId=0, source=0x1002 }
I/Input   ( 3982): injectMotionEvent: MotionEvent { action=ACTION_MOVE, id[0]=0, x[0]=1136.0, y[0]=114.0, toolType[0]=TOOL_TYPE_UNKNOWN, buttonState=0, metaState=0, flags=0x0, edgeFlags=0x0, pointerCount=1, historySize=0, eventTime=222722, downTime=222722, deviceId=0, source=0x1002 }
I/Input   ( 3982): injectMotionEvent: MotionEvent { action=ACTION_MOVE, id[0]=0, x[0]=1136.0, y[0]=114.0, toolType[0]=TOOL_TYPE_UNKNOWN, buttonState=0, metaState=0, flags=0x0, edgeFlags=0x0, pointerCount=1, historySize=0, eventTime=222736, downTime=222736, deviceId=0, source=0x1002 }
I/Input   ( 3982): injectMotionEvent: MotionEvent { action=ACTION_MOVE, id[0]=0, x[0]=1136.0, y[0]=114.0, toolType[0]=TOOL_TYPE_UNKNOWN, buttonState=0, metaState=0, flags=0x0, edgeFlags=0x0, pointerCount=1, historySize=0, eventTime=222766, downTime=222766, deviceId=0, source=0x1002 }
I/Input   ( 3982): injectMotionEvent: MotionEvent { action=ACTION_MOVE, id[0]=0, x[0]=1136.0, y[0]=114.0, toolType[0]=TOOL_TYPE_UNKNOWN, buttonState=0, metaState=0, flags=0x0, edgeFlags=0x0, pointerCount=1, historySize=0, eventTime=222788, downTime=222788, deviceId=0, source=0x1002 }
I/Input   ( 3982): injectMotionEvent: MotionEvent { action=ACTION_MOVE, id[0]=0, x[0]=1136.0, y[0]=114.0, toolType[0]=TOOL_TYPE_UNKNOWN, buttonState=0, metaState=0, flags=0x0, edgeFlags=0x0, pointerCount=1, historySize=0, eventTime=222823, downTime=222823, deviceId=0, source=0x1002 }
I/Input   ( 3982): injectMotionEvent: MotionEvent { action=ACTION_MOVE, id[0]=0, x[0]=1136.0, y[0]=114.0, toolType[0]=TOOL_TYPE_UNKNOWN, buttonState=0, metaState=0, flags=0x0, edgeFlags=0x0, pointerCount=1, historySize=0, eventTime=222839, downTime=222839, deviceId=0, source=0x1002 }
I/Input   ( 3982): injectMotionEvent: MotionEvent { action=ACTION_MOVE, id[0]=0, x[0]=1136.0, y[0]=114.0, toolType[0]=TOOL_TYPE_UNKNOWN, buttonState=0, metaState=0, flags=0x0, edgeFlags=0x0, pointerCount=1, historySize=0, eventTime=222851, downTime=222851, deviceId=0, source=0x1002 }
I/Input   ( 3982): injectMotionEvent: MotionEvent { action=ACTION_MOVE, id[0]=0, x[0]=1136.0, y[0]=114.0, toolType[0]=TOOL_TYPE_UNKNOWN, buttonState=0, metaState=0, flags=0x0, edgeFlags=0x0, pointerCount=1, historySize=0, eventTime=222872, downTime=222872, deviceId=0, source=0x1002 }
I/Input   ( 3982): injectMotionEvent: MotionEvent { action=ACTION_MOVE, id[0]=0, x[0]=1136.0, y[0]=114.0, toolType[0]=TOOL_TYPE_UNKNOWN, buttonState=0, metaState=0, flags=0x0, edgeFlags=0x0, pointerCount=1, historySize=0, eventTime=222890, downTime=222890, deviceId=0, source=0x1002 }
I/Input   ( 3982): injectMotionEvent: MotionEvent { action=ACTION_MOVE, id[0]=0, x[0]=1136.0, y[0]=114.0, toolType[0]=TOOL_TYPE_UNKNOWN, buttonState=0, metaState=0, flags=0x0, edgeFlags=0x0, pointerCount=1, historySize=0, eventTime=222906, downTime=222906, deviceId=0, source=0x1002 }
I/Input   ( 3982): injectMotionEvent: MotionEvent { action=ACTION_MOVE, id[0]=0, x[0]=1136.0, y[0]=114.0, toolType[0]=TOOL_TYPE_UNKNOWN, buttonState=0, metaState=0, flags=0x0, edgeFlags=0x0, pointerCount=1, historySize=0, eventTime=222917, downTime=222917, deviceId=0, source=0x1002 }
I/Input   ( 3982): injectMotionEvent: MotionEvent { action=ACTION_MOVE, id[0]=0, x[0]=1136.0, y[0]=114.0, toolType[0]=TOOL_TYPE_UNKNOWN, buttonState=0, metaState=0, flags=0x0, edgeFlags=0x0, pointerCount=1, historySize=0, eventTime=222933, downTime=222933, deviceId=0, source=0x1002 }
I/Input   ( 3982): injectMotionEvent: MotionEvent { action=ACTION_MOVE, id[0]=0, x[0]=1136.0, y[0]=114.0, toolType[0]=TOOL_TYPE_UNKNOWN, buttonState=0, metaState=0, flags=0x0, edgeFlags=0x0, pointerCount=1, historySize=0, eventTime=222951, downTime=222951, deviceId=0, source=0x1002 }
I/Input   ( 3982): injectMotionEvent: MotionEvent { action=ACTION_MOVE, id[0]=0, x[0]=1136.0, y[0]=114.0, toolType[0]=TOOL_TYPE_UNKNOWN, buttonState=0, metaState=0, flags=0x0, edgeFlags=0x0, pointerCount=1, historySize=0, eventTime=222976, downTime=222976, deviceId=0, source=0x1002 }
I/Input   ( 3982): injectMotionEvent: MotionEvent { action=ACTION_MOVE, id[0]=0, x[0]=1136.0, y[0]=114.0, toolType[0]=TOOL_TYPE_UNKNOWN, buttonState=0, metaState=0, flags=0x0, edgeFlags=0x0, pointerCount=1, historySize=0, eventTime=222984, downTime=222984, deviceId=0, source=0x1002 }
I/Input   ( 3982): injectMotionEvent: MotionEvent { action=ACTION_MOVE, id[0]=0, x[0]=1136.0, y[0]=114.0, toolType[0]=TOOL_TYPE_UNKNOWN, buttonState=0, metaState=0, flags=0x0, edgeFlags=0x0, pointerCount=1, historySize=0, eventTime=223000, downTime=223000, deviceId=0, source=0x1002 }
I/Input   ( 3982): injectMotionEvent: MotionEvent { action=ACTION_MOVE, id[0]=0, x[0]=1136.0, y[0]=114.0, toolType[0]=TOOL_TYPE_UNKNOWN, buttonState=0, metaState=0, flags=0x0, edgeFlags=0x0, pointerCount=1, historySize=0, eventTime=223017, downTime=223017, deviceId=0, source=0x1002 }
I/Input   ( 3982): injectMotionEvent: MotionEvent { action=ACTION_MOVE, id[0]=0, x[0]=1136.0, y[0]=114.0, toolType[0]=TOOL_TYPE_UNKNOWN, buttonState=0, metaState=0, flags=0x0, edgeFlags=0x0, pointerCount=1, historySize=0, eventTime=223033, downTime=223033, deviceId=0, source=0x1002 }
I/Input   ( 3982): injectMotionEvent: MotionEvent { action=ACTION_MOVE, id[0]=0, x[0]=1136.0, y[0]=114.0, toolType[0]=TOOL_TYPE_UNKNOWN, buttonState=0, metaState=0, flags=0x0, edgeFlags=0x0, pointerCount=1, historySize=0, eventTime=223051, downTime=223051, deviceId=0, source=0x1002 }
I/Input   ( 3982): injectMotionEvent: MotionEvent { action=ACTION_MOVE, id[0]=0, x[0]=1136.0, y[0]=114.0, toolType[0]=TOOL_TYPE_UNKNOWN, buttonState=0, metaState=0, flags=0x0, edgeFlags=0x0, pointerCount=1, historySize=0, eventTime=223070, downTime=223070, deviceId=0, source=0x1002 }
I/Input   ( 3982): injectMotionEvent: MotionEvent { action=ACTION_MOVE, id[0]=0, x[0]=1136.0, y[0]=114.0, toolType[0]=TOOL_TYPE_UNKNOWN, buttonState=0, metaState=0, flags=0x0, edgeFlags=0x0, pointerCount=1, historySize=0, eventTime=223084, downTime=223084, deviceId=0, source=0x1002 }
I/Input   ( 3982): injectMotionEvent: MotionEvent { action=ACTION_MOVE, id[0]=0, x[0]=1136.0, y[0]=114.0, toolType[0]=TOOL_TYPE_UNKNOWN, buttonState=0, metaState=0, flags=0x0, edgeFlags=0x0, pointerCount=1, historySize=0, eventTime=223100, downTime=223100, deviceId=0, source=0x1002 }
I/Input   ( 3982): injectMotionEvent: MotionEvent { action=ACTION_MOVE, id[0]=0, x[0]=1136.0, y[0]=114.0, toolType[0]=TOOL_TYPE_UNKNOWN, buttonState=0, metaState=0, flags=0x0, edgeFlags=0x0, pointerCount=1, historySize=0, eventTime=223117, downTime=223117, deviceId=0, source=0x1002 }
I/Input   ( 3982): injectMotionEvent: MotionEvent { action=ACTION_MOVE, id[0]=0, x[0]=1136.0, y[0]=114.0, toolType[0]=TOOL_TYPE_UNKNOWN, buttonState=0, metaState=0, flags=0x0, edgeFlags=0x0, pointerCount=1, historySize=0, eventTime=223133, downTime=223133, deviceId=0, source=0x1002 }
I/Input   ( 3982): injectMotionEvent: MotionEvent { action=ACTION_MOVE, id[0]=0, x[0]=1136.0, y[0]=114.0, toolType[0]=TOOL_TYPE_UNKNOWN, buttonState=0, metaState=0, flags=0x0, edgeFlags=0x0, pointerCount=1, historySize=0, eventTime=223151, downTime=223151, deviceId=0, source=0x1002 }
I/Input   ( 3982): injectMotionEvent: MotionEvent { action=ACTION_MOVE, id[0]=0, x[0]=1136.0, y[0]=114.0, toolType[0]=TOOL_TYPE_UNKNOWN, buttonState=0, metaState=0, flags=0x0, edgeFlags=0x0, pointerCount=1, historySize=0, eventTime=223169, downTime=223169, deviceId=0, source=0x1002 }
I/Input   ( 3982): injectMotionEvent: MotionEvent { action=ACTION_MOVE, id[0]=0, x[0]=1136.0, y[0]=114.0, toolType[0]=TOOL_TYPE_UNKNOWN, buttonState=0, metaState=0, flags=0x0, edgeFlags=0x0, pointerCount=1, historySize=0, eventTime=223184, downTime=223184, deviceId=0, source=0x1002 }
I/Input   ( 3982): injectMotionEvent: MotionEvent { action=ACTION_MOVE, id[0]=0, x[0]=1136.0, y[0]=114.0, toolType[0]=TOOL_TYPE_UNKNOWN, buttonState=0, metaState=0, flags=0x0, edgeFlags=0x0, pointerCount=1, historySize=0, eventTime=223200, downTime=223200, deviceId=0, source=0x1002 }
I/Input   ( 3982): injectMotionEvent: MotionEvent { action=ACTION_MOVE, id[0]=0, x[0]=1136.0, y[0]=114.0, toolType[0]=TOOL_TYPE_UNKNOWN, buttonState=0, metaState=0, flags=0x0, edgeFlags=0x0, pointerCount=1, historySize=0, eventTime=223217, downTime=223217, deviceId=0, source=0x1002 }
I/Input   ( 3982): injectMotionEvent: MotionEvent { action=ACTION_MOVE, id[0]=0, x[0]=1136.0, y[0]=114.0, toolType[0]=TOOL_TYPE_UNKNOWN, buttonState=0, metaState=0, flags=0x0, edgeFlags=0x0, pointerCount=1, historySize=0, eventTime=223233, downTime=223233, deviceId=0, source=0x1002 }
I/Input   ( 3982): injectMotionEvent: MotionEvent { action=ACTION_MOVE, id[0]=0, x[0]=1136.0, y[0]=114.0, toolType[0]=TOOL_TYPE_UNKNOWN, buttonState=0, metaState=0, flags=0x0, edgeFlags=0x0, pointerCount=1, historySize=0, eventTime=223250, downTime=223250, deviceId=0, source=0x1002 }
I/Input   ( 3982): injectMotionEvent: MotionEvent { action=ACTION_MOVE, id[0]=0, x[0]=1136.0, y[0]=114.0, toolType[0]=TOOL_TYPE_UNKNOWN, buttonState=0, metaState=0, flags=0x0, edgeFlags=0x0, pointerCount=1, historySize=0, eventTime=223267, downTime=223267, deviceId=0, source=0x1002 }
I/Input   ( 3982): injectMotionEvent: MotionEvent { action=ACTION_MOVE, id[0]=0, x[0]=1136.0, y[0]=114.0, toolType[0]=TOOL_TYPE_UNKNOWN, buttonState=0, metaState=0, flags=0x0, edgeFlags=0x0, pointerCount=1, historySize=0, eventTime=223289, downTime=223289, deviceId=0, source=0x1002 }
I/Input   ( 3982): injectMotionEvent: MotionEvent { action=ACTION_MOVE, id[0]=0, x[0]=1136.0, y[0]=114.0, toolType[0]=TOOL_TYPE_UNKNOWN, buttonState=0, metaState=0, flags=0x0, edgeFlags=0x0, pointerCount=1, historySize=0, eventTime=223301, downTime=223301, deviceId=0, source=0x1002 }
I/Input   ( 3982): injectMotionEvent: MotionEvent { action=ACTION_MOVE, id[0]=0, x[0]=1136.0, y[0]=114.0, toolType[0]=TOOL_TYPE_UNKNOWN, buttonState=0, metaState=0, flags=0x0, edgeFlags=0x0, pointerCount=1, historySize=0, eventTime=223318, downTime=223318, deviceId=0, source=0x1002 }
I/Input   ( 3982): injectMotionEvent: MotionEvent { action=ACTION_MOVE, id[0]=0, x[0]=1136.0, y[0]=114.0, toolType[0]=TOOL_TYPE_UNKNOWN, buttonState=0, metaState=0, flags=0x0, edgeFlags=0x0, pointerCount=1, historySize=0, eventTime=223333, downTime=223333, deviceId=0, source=0x1002 }
I/Input   ( 3982): injectMotionEvent: MotionEvent { action=ACTION_MOVE, id[0]=0, x[0]=1136.0, y[0]=114.0, toolType[0]=TOOL_TYPE_UNKNOWN, buttonState=0, metaState=0, flags=0x0, edgeFlags=0x0, pointerCount=1, historySize=0, eventTime=223350, downTime=223350, deviceId=0, source=0x1002 }
I/Input   ( 3982): injectMotionEvent: MotionEvent { action=ACTION_MOVE, id[0]=0, x[0]=1136.0, y[0]=114.0, toolType[0]=TOOL_TYPE_UNKNOWN, buttonState=0, metaState=0, flags=0x0, edgeFlags=0x0, pointerCount=1, historySize=0, eventTime=223373, downTime=223373, deviceId=0, source=0x1002 }
I/Input   ( 3982): injectMotionEvent: MotionEvent { action=ACTION_MOVE, id[0]=0, x[0]=1136.0, y[0]=114.0, toolType[0]=TOOL_TYPE_UNKNOWN, buttonState=0, metaState=0, flags=0x0, edgeFlags=0x0, pointerCount=1, historySize=0, eventTime=223383, downTime=223383, deviceId=0, source=0x1002 }
I/Input   ( 3982): injectMotionEvent: MotionEvent { action=ACTION_MOVE, id[0]=0, x[0]=1136.0, y[0]=114.0, toolType[0]=TOOL_TYPE_UNKNOWN, buttonState=0, metaState=0, flags=0x0, edgeFlags=0x0, pointerCount=1, historySize=0, eventTime=223400, downTime=223400, deviceId=0, source=0x1002 }
I/Input   ( 3982): injectMotionEvent: MotionEvent { action=ACTION_MOVE, id[0]=0, x[0]=1136.0, y[0]=114.0, toolType[0]=TOOL_TYPE_UNKNOWN, buttonState=0, metaState=0, flags=0x0, edgeFlags=0x0, pointerCount=1, historySize=0, eventTime=223417, downTime=223417, deviceId=0, source=0x1002 }
I/Input   ( 3982): injectMotionEvent: MotionEvent { action=ACTION_MOVE, id[0]=0, x[0]=1136.0, y[0]=114.0, toolType[0]=TOOL_TYPE_UNKNOWN, buttonState=0, metaState=0, flags=0x0, edgeFlags=0x0, pointerCount=1, historySize=0, eventTime=223433, downTime=223433, deviceId=0, source=0x1002 }
I/Input   ( 3982): injectMotionEvent: MotionEvent { action=ACTION_MOVE, id[0]=0, x[0]=1136.0, y[0]=114.0, toolType[0]=TOOL_TYPE_UNKNOWN, buttonState=0, metaState=0, flags=0x0, edgeFlags=0x0, pointerCount=1, historySize=0, eventTime=223451, downTime=223451, deviceId=0, source=0x1002 }
I/Input   ( 3982): injectMotionEvent: MotionEvent { action=ACTION_MOVE, id[0]=0, x[0]=1136.0, y[0]=114.0, toolType[0]=TOOL_TYPE_UNKNOWN, buttonState=0, metaState=0, flags=0x0, edgeFlags=0x0, pointerCount=1, historySize=0, eventTime=223471, downTime=223471, deviceId=0, source=0x1002 }
I/Input   ( 3982): injectMotionEvent: MotionEvent { action=ACTION_MOVE, id[0]=0, x[0]=1136.0, y[0]=114.0, toolType[0]=TOOL_TYPE_UNKNOWN, buttonState=0, metaState=0, flags=0x0, edgeFlags=0x0, pointerCount=1, historySize=0, eventTime=223483, downTime=223483, deviceId=0, source=0x1002 }
I/Input   ( 3982): injectMotionEvent: MotionEvent { action=ACTION_MOVE, id[0]=0, x[0]=1136.0, y[0]=114.0, toolType[0]=TOOL_TYPE_UNKNOWN, buttonState=0, metaState=0, flags=0x0, edgeFlags=0x0, pointerCount=1, historySize=0, eventTime=223501, downTime=223501, deviceId=0, source=0x1002 }
I/Input   ( 3982): injectMotionEvent: MotionEvent { action=ACTION_MOVE, id[0]=0, x[0]=1136.0, y[0]=114.0, toolType[0]=TOOL_TYPE_UNKNOWN, buttonState=0, metaState=0, flags=0x0, edgeFlags=0x0, pointerCount=1, historySize=0, eventTime=223517, downTime=223517, deviceId=0, source=0x1002 }
I/Input   ( 3982): injectMotionEvent: MotionEvent { action=ACTION_MOVE, id[0]=0, x[0]=1136.0, y[0]=114.0, toolType[0]=TOOL_TYPE_UNKNOWN, buttonState=0, metaState=0, flags=0x0, edgeFlags=0x0, pointerCount=1, historySize=0, eventTime=223534, downTime=223534, deviceId=0, source=0x1002 }
I/Input   ( 3982): injectMotionEvent: MotionEvent { action=ACTION_MOVE, id[0]=0, x[0]=1136.0, y[0]=114.0, toolType[0]=TOOL_TYPE_UNKNOWN, buttonState=0, metaState=0, flags=0x0, edgeFlags=0x0, pointerCount=1, historySize=0, eventTime=223550, downTime=223550, deviceId=0, source=0x1002 }
I/Input   ( 3982): injectMotionEvent: MotionEvent { action=ACTION_MOVE, id[0]=0, x[0]=1136.0, y[0]=114.0, toolType[0]=TOOL_TYPE_UNKNOWN, buttonState=0, metaState=0, flags=0x0, edgeFlags=0x0, pointerCount=1, historySize=0, eventTime=223572, downTime=223572, deviceId=0, source=0x1002 }
I/Input   ( 3982): injectMotionEvent: MotionEvent { action=ACTION_MOVE, id[0]=0, x[0]=1136.0, y[0]=114.0, toolType[0]=TOOL_TYPE_UNKNOWN, buttonState=0, metaState=0, flags=0x0, edgeFlags=0x0, pointerCount=1, historySize=0, eventTime=223583, downTime=223583, deviceId=0, source=0x1002 }
I/Input   ( 3982): injectMotionEvent: MotionEvent { action=ACTION_MOVE, id[0]=0, x[0]=1136.0, y[0]=114.0, toolType[0]=TOOL_TYPE_UNKNOWN, buttonState=0, metaState=0, flags=0x0, edgeFlags=0x0, pointerCount=1, historySize=0, eventTime=223601, downTime=223601, deviceId=0, source=0x1002 }
I/Input   ( 3982): injectMotionEvent: MotionEvent { action=ACTION_MOVE, id[0]=0, x[0]=1136.0, y[0]=114.0, toolType[0]=TOOL_TYPE_UNKNOWN, buttonState=0, metaState=0, flags=0x0, edgeFlags=0x0, pointerCount=1, historySize=0, eventTime=223617, downTime=223617, deviceId=0, source=0x1002 }
I/Input   ( 3982): injectMotionEvent: MotionEvent { action=ACTION_MOVE, id[0]=0, x[0]=1136.0, y[0]=114.0, toolType[0]=TOOL_TYPE_UNKNOWN, buttonState=0, metaState=0, flags=0x0, edgeFlags=0x0, pointerCount=1, historySize=0, eventTime=223634, downTime=223634, deviceId=0, source=0x1002 }
I/Input   ( 3982): injectMotionEvent: MotionEvent { action=ACTION_MOVE, id[0]=0, x[0]=1136.0, y[0]=114.0, toolType[0]=TOOL_TYPE_UNKNOWN, buttonState=0, metaState=0, flags=0x0, edgeFlags=0x0, pointerCount=1, historySize=0, eventTime=223650, downTime=223650, deviceId=0, source=0x1002 }
I/Input   ( 3982): injectMotionEvent: MotionEvent { action=ACTION_MOVE, id[0]=0, x[0]=1136.0, y[0]=114.0, toolType[0]=TOOL_TYPE_UNKNOWN, buttonState=0, metaState=0, flags=0x0, edgeFlags=0x0, pointerCount=1, historySize=0, eventTime=223671, downTime=223671, deviceId=0, source=0x1002 }
I/Input   ( 3982): injectMotionEvent: MotionEvent { action=ACTION_MOVE, id[0]=0, x[0]=1136.0, y[0]=114.0, toolType[0]=TOOL_TYPE_UNKNOWN, buttonState=0, metaState=0, flags=0x0, edgeFlags=0x0, pointerCount=1, historySize=0, eventTime=223683, downTime=223683, deviceId=0, source=0x1002 }
I/Input   ( 3982): injectMotionEvent: MotionEvent { action=ACTION_MOVE, id[0]=0, x[0]=1136.0, y[0]=114.0, toolType[0]=TOOL_TYPE_UNKNOWN, buttonState=0, metaState=0, flags=0x0, edgeFlags=0x0, pointerCount=1, historySize=0, eventTime=223701, downTime=223701, deviceId=0, source=0x1002 }
I/Input   ( 3982): injectMotionEvent: MotionEvent { action=ACTION_MOVE, id[0]=0, x[0]=1136.0, y[0]=114.0, toolType[0]=TOOL_TYPE_UNKNOWN, buttonState=0, metaState=0, flags=0x0, edgeFlags=0x0, pointerCount=1, historySize=0, eventTime=223717, downTime=223717, deviceId=0, source=0x1002 }
I/Input   ( 3982): injectMotionEvent: MotionEvent { action=ACTION_MOVE, id[0]=0, x[0]=1136.0, y[0]=114.0, toolType[0]=TOOL_TYPE_UNKNOWN, buttonState=0, metaState=0, flags=0x0, edgeFlags=0x0, pointerCount=1, historySize=0, eventTime=223733, downTime=223733, deviceId=0, source=0x1002 }
I/Input   ( 3982): injectMotionEvent: MotionEvent { action=ACTION_MOVE, id[0]=0, x[0]=1136.0, y[0]=114.0, toolType[0]=TOOL_TYPE_UNKNOWN, buttonState=0, metaState=0, flags=0x0, edgeFlags=0x0, pointerCount=1, historySize=0, eventTime=223751, downTime=223751, deviceId=0, source=0x1002 }
I/Input   ( 3982): injectMotionEvent: MotionEvent { action=ACTION_MOVE, id[0]=0, x[0]=1136.0, y[0]=114.0, toolType[0]=TOOL_TYPE_UNKNOWN, buttonState=0, metaState=0, flags=0x0, edgeFlags=0x0, pointerCount=1, historySize=0, eventTime=223773, downTime=223773, deviceId=0, source=0x1002 }
I/Input   ( 3982): injectMotionEvent: MotionEvent { action=ACTION_MOVE, id[0]=0, x[0]=1136.0, y[0]=114.0, toolType[0]=TOOL_TYPE_UNKNOWN, buttonState=0, metaState=0, flags=0x0, edgeFlags=0x0, pointerCount=1, historySize=0, eventTime=223783, downTime=223783, deviceId=0, source=0x1002 }
I/Input   ( 3982): injectMotionEvent: MotionEvent { action=ACTION_MOVE, id[0]=0, x[0]=1136.0, y[0]=114.0, toolType[0]=TOOL_TYPE_UNKNOWN, buttonState=0, metaState=0, flags=0x0, edgeFlags=0x0, pointerCount=1, historySize=0, eventTime=223800, downTime=223800, deviceId=0, source=0x1002 }
I/Input   ( 3982): injectMotionEvent: MotionEvent { action=ACTION_MOVE, id[0]=0, x[0]=1136.0, y[0]=114.0, toolType[0]=TOOL_TYPE_UNKNOWN, buttonState=0, metaState=0, flags=0x0, edgeFlags=0x0, pointerCount=1, historySize=0, eventTime=223817, downTime=223817, deviceId=0, source=0x1002 }
I/Input   ( 3982): injectMotionEvent: MotionEvent { action=ACTION_MOVE, id[0]=0, x[0]=1136.0, y[0]=114.0, toolType[0]=TOOL_TYPE_UNKNOWN, buttonState=0, metaState=0, flags=0x0, edgeFlags=0x0, pointerCount=1, historySize=0, eventTime=223834, downTime=223834, deviceId=0, source=0x1002 }
I/Input   ( 3982): injectMotionEvent: MotionEvent { action=ACTION_MOVE, id[0]=0, x[0]=1136.0, y[0]=114.0, toolType[0]=TOOL_TYPE_UNKNOWN, buttonState=0, metaState=0, flags=0x0, edgeFlags=0x0, pointerCount=1, historySize=0, eventTime=223850, downTime=223850, deviceId=0, source=0x1002 }
I/Input   ( 3982): injectMotionEvent: MotionEvent { action=ACTION_MOVE, id[0]=0, x[0]=1136.0, y[0]=114.0, toolType[0]=TOOL_TYPE_UNKNOWN, buttonState=0, metaState=0, flags=0x0, edgeFlags=0x0, pointerCount=1, historySize=0, eventTime=223873, downTime=223873, deviceId=0, source=0x1002 }
I/Input   ( 3982): injectMotionEvent: MotionEvent { action=ACTION_MOVE, id[0]=0, x[0]=1136.0, y[0]=114.0, toolType[0]=TOOL_TYPE_UNKNOWN, buttonState=0, metaState=0, flags=0x0, edgeFlags=0x0, pointerCount=1, historySize=0, eventTime=223884, downTime=223884, deviceId=0, source=0x1002 }
I/Input   ( 3982): injectMotionEvent: MotionEvent { action=ACTION_MOVE, id[0]=0, x[0]=1136.0, y[0]=114.0, toolType[0]=TOOL_TYPE_UNKNOWN, buttonState=0, metaState=0, flags=0x0, edgeFlags=0x0, pointerCount=1, historySize=0, eventTime=223901, downTime=223901, deviceId=0, source=0x1002 }
I/Input   ( 3982): injectMotionEvent: MotionEvent { action=ACTION_MOVE, id[0]=0, x[0]=1136.0, y[0]=114.0, toolType[0]=TOOL_TYPE_UNKNOWN, buttonState=0, metaState=0, flags=0x0, edgeFlags=0x0, pointerCount=1, historySize=0, eventTime=223917, downTime=223917, deviceId=0, source=0x1002 }
I/Input   ( 3982): injectMotionEvent: MotionEvent { action=ACTION_MOVE, id[0]=0, x[0]=1136.0, y[0]=114.0, toolType[0]=TOOL_TYPE_UNKNOWN, buttonState=0, metaState=0, flags=0x0, edgeFlags=0x0, pointerCount=1, historySize=0, eventTime=223933, downTime=223933, deviceId=0, source=0x1002 }
I/Input   ( 3982): injectMotionEvent: MotionEvent { action=ACTION_MOVE, id[0]=0, x[0]=1136.0, y[0]=114.0, toolType[0]=TOOL_TYPE_UNKNOWN, buttonState=0, metaState=0, flags=0x0, edgeFlags=0x0, pointerCount=1, historySize=0, eventTime=223950, downTime=223950, deviceId=0, source=0x1002 }
I/Input   ( 3982): injectMotionEvent: MotionEvent { action=ACTION_MOVE, id[0]=0, x[0]=1136.0, y[0]=114.0, toolType[0]=TOOL_TYPE_UNKNOWN, buttonState=0, metaState=0, flags=0x0, edgeFlags=0x0, pointerCount=1, historySize=0, eventTime=223973, downTime=223973, deviceId=0, source=0x1002 }
I/Input   ( 3982): injectMotionEvent: MotionEvent { action=ACTION_MOVE, id[0]=0, x[0]=1136.0, y[0]=114.0, toolType[0]=TOOL_TYPE_UNKNOWN, buttonState=0, metaState=0, flags=0x0, edgeFlags=0x0, pointerCount=1, historySize=0, eventTime=223994, downTime=223994, deviceId=0, source=0x1002 }
I/Input   ( 3982): injectMotionEvent: MotionEvent { action=ACTION_MOVE, id[0]=0, x[0]=1136.0, y[0]=114.0, toolType[0]=TOOL_TYPE_UNKNOWN, buttonState=0, metaState=0, flags=0x0, edgeFlags=0x0, pointerCount=1, historySize=0, eventTime=224000, downTime=224000, deviceId=0, source=0x1002 }
I/Input   ( 3982): injectMotionEvent: MotionEvent { action=ACTION_MOVE, id[0]=0, x[0]=1136.0, y[0]=114.0, toolType[0]=TOOL_TYPE_UNKNOWN, buttonState=0, metaState=0, flags=0x0, edgeFlags=0x0, pointerCount=1, historySize=0, eventTime=224017, downTime=224017, deviceId=0, source=0x1002 }
I/Input   ( 3982): injectMotionEvent: MotionEvent { action=ACTION_MOVE, id[0]=0, x[0]=1136.0, y[0]=114.0, toolType[0]=TOOL_TYPE_UNKNOWN, buttonState=0, metaState=0, flags=0x0, edgeFlags=0x0, pointerCount=1, historySize=0, eventTime=224034, downTime=224034, deviceId=0, source=0x1002 }
I/Input   ( 3982): injectMotionEvent: MotionEvent { action=ACTION_MOVE, id[0]=0, x[0]=1136.0, y[0]=114.0, toolType[0]=TOOL_TYPE_UNKNOWN, buttonState=0, metaState=0, flags=0x0, edgeFlags=0x0, pointerCount=1, historySize=0, eventTime=224050, downTime=224050, deviceId=0, source=0x1002 }
I/Input   ( 3982): injectMotionEvent: MotionEvent { action=ACTION_MOVE, id[0]=0, x[0]=1136.0, y[0]=114.0, toolType[0]=TOOL_TYPE_UNKNOWN, buttonState=0, metaState=0, flags=0x0, edgeFlags=0x0, pointerCount=1, historySize=0, eventTime=224073, downTime=224073, deviceId=0, source=0x1002 }
I/Input   ( 3982): injectMotionEvent: MotionEvent { action=ACTION_MOVE, id[0]=0, x[0]=1136.0, y[0]=114.0, toolType[0]=TOOL_TYPE_UNKNOWN, buttonState=0, metaState=0, flags=0x0, edgeFlags=0x0, pointerCount=1, historySize=0, eventTime=224083, downTime=224083, deviceId=0, source=0x1002 }
I/Input   ( 3982): injectMotionEvent: MotionEvent { action=ACTION_MOVE, id[0]=0, x[0]=1136.0, y[0]=114.0, toolType[0]=TOOL_TYPE_UNKNOWN, buttonState=0, metaState=0, flags=0x0, edgeFlags=0x0, pointerCount=1, historySize=0, eventTime=224100, downTime=224100, deviceId=0, source=0x1002 }
I/Input   ( 3982): injectMotionEvent: MotionEvent { action=ACTION_UP, id[0]=0, x[0]=1136.0, y[0]=114.0, toolType[0]=TOOL_TYPE_UNKNOWN, buttonState=0, metaState=0, flags=0x0, edgeFlags=0x0, pointerCount=1, historySize=0, eventTime=224117, downTime=224117, deviceId=0, source=0x1002 }
D/AndroidRuntime( 3982): Shutting down VM
W/AudioTrack(  526): AUDIO_OUTPUT_FLAG_FAST denied by client
V/WindowManager(  526): Adding window Window{2ca6c121 u0 PopupWindow:398c9b0c} at 3 of 8 (after Window{3704d105 u0 org.afhdownloader/org.afhdownloader.MainActivity})
W/EGL_emulation( 2184): eglSurfaceAttrib not implemented
W/OpenGLRenderer( 2184): Failed to set EGL_SWAP_BEHAVIOR on surface 0xe21004c0, error=EGL_SUCCESS
D/AndroidRuntime( 4322): >>>>>> START com.android.internal.os.RuntimeInit uid 0 <<<<<<
D/AndroidRuntime( 4322): CheckJNI is OFF
E/memtrack( 4322): Couldn't load memtrack module (No such file or directory)
E/android.os.Debug( 4322): failed to load memtrack module: -2
D/AndroidRuntime( 4322): Calling main entry com.android.commands.uiautomator.Launcher
W/AccessibilityNodeInfoDumper( 4322): Fetch time: 2ms
W/WindowManager(  526): Attempted to remove non-existing token: android.os.Binder@3c0d4e5d
D/AndroidRuntime( 4322): Shutting down VM
D/AndroidRuntime( 4350): >>>>>> START com.android.internal.os.RuntimeInit uid 0 <<<<<<
D/AndroidRuntime( 4350): CheckJNI is OFF
E/memtrack( 4350): Couldn't load memtrack module (No such file or directory)
E/android.os.Debug( 4350): failed to load memtrack module: -2
D/AndroidRuntime( 4350): Calling main entry com.android.commands.uiautomator.Launcher
W/AccessibilityNodeInfoDumper( 4350): Fetch time: 2ms
W/WindowManager(  526): Attempted to remove non-existing token: android.os.Binder@1878e3d2
D/AndroidRuntime( 4350): Shutting down VM
D/AndroidRuntime( 4374): >>>>>> START com.android.internal.os.RuntimeInit uid 0 <<<<<<
D/AndroidRuntime( 4374): CheckJNI is OFF
E/memtrack( 4374): Couldn't load memtrack module (No such file or directory)
E/android.os.Debug( 4374): failed to load memtrack module: -2
D/AndroidRuntime( 4374): Calling main entry com.android.commands.uiautomator.Launcher
I/art     (  526): Explicit concurrent mark sweep GC freed 41446(2MB) AllocSpace objects, 34(544KB) LOS objects, 33% free, 6MB/10MB, paused 437us total 13.823ms
W/AccessibilityNodeInfoDumper( 4374): Fetch time: 1ms
W/WindowManager(  526): Attempted to remove non-existing token: android.os.Binder@74f2ca3
D/AndroidRuntime( 4374): Shutting down VM
D/AndroidRuntime( 4402): >>>>>> START com.android.internal.os.RuntimeInit uid 0 <<<<<<
D/AndroidRuntime( 4402): CheckJNI is OFF
E/memtrack( 4402): Couldn't load memtrack module (No such file or directory)
E/android.os.Debug( 4402): failed to load memtrack module: -2
D/AndroidRuntime( 4402): Calling main entry com.android.commands.uiautomator.Launcher
W/AccessibilityNodeInfoDumper( 4402): Fetch time: 1ms
W/WindowManager(  526): Attempted to remove non-existing token: android.os.Binder@39557359
D/AndroidRuntime( 4402): Shutting down VM
D/AndroidRuntime( 4435): >>>>>> START com.android.internal.os.RuntimeInit uid 0 <<<<<<
D/AndroidRuntime( 4435): CheckJNI is OFF
E/memtrack( 4435): Couldn't load memtrack module (No such file or directory)
E/android.os.Debug( 4435): failed to load memtrack module: -2
D/AndroidRuntime( 4435): Calling main entry com.android.commands.uiautomator.Launcher
W/AccessibilityNodeInfoDumper( 4435): Fetch time: 1ms
W/WindowManager(  526): Attempted to remove non-existing token: android.os.Binder@25d6b1e
D/AndroidRuntime( 4435): Shutting down VM
D/AndroidRuntime( 4466): >>>>>> START com.android.internal.os.RuntimeInit uid 0 <<<<<<
D/AndroidRuntime( 4466): CheckJNI is OFF
E/memtrack( 4466): Couldn't load memtrack module (No such file or directory)
E/android.os.Debug( 4466): failed to load memtrack module: -2
D/AndroidRuntime( 4466): Calling main entry com.android.commands.uiautomator.Launcher
W/AccessibilityNodeInfoDumper( 4466): Fetch time: 1ms
W/WindowManager(  526): Attempted to remove non-existing token: android.os.Binder@2f9defff
D/AndroidRuntime( 4466): Shutting down VM
D/AndroidRuntime( 4489): >>>>>> START com.android.internal.os.RuntimeInit uid 0 <<<<<<
D/AndroidRuntime( 4489): CheckJNI is OFF
E/memtrack( 4489): Couldn't load memtrack module (No such file or directory)
E/android.os.Debug( 4489): failed to load memtrack module: -2
D/AndroidRuntime( 4489): Calling main entry com.android.commands.uiautomator.Launcher
W/AccessibilityNodeInfoDumper( 4489): Fetch time: 2ms
W/WindowManager(  526): Attempted to remove non-existing token: android.os.Binder@39911cc
D/AndroidRuntime( 4489): Shutting down VM
D/AndroidRuntime( 4517): >>>>>> START com.android.internal.os.RuntimeInit uid 0 <<<<<<
D/AndroidRuntime( 4517): CheckJNI is OFF
E/memtrack( 4517): Couldn't load memtrack module (No such file or directory)
E/android.os.Debug( 4517): failed to load memtrack module: -2
D/AndroidRuntime( 4517): Calling main entry com.android.commands.uiautomator.Launcher
W/AccessibilityNodeInfoDumper( 4517): Fetch time: 2ms
W/WindowManager(  526): Attempted to remove non-existing token: android.os.Binder@3b60ec15
D/AndroidRuntime( 4517): Shutting down VM
D/AndroidRuntime( 4540): >>>>>> START com.android.internal.os.RuntimeInit uid 0 <<<<<<
D/AndroidRuntime( 4540): CheckJNI is OFF
E/memtrack( 4540): Couldn't load memtrack module (No such file or directory)
E/android.os.Debug( 4540): failed to load memtrack module: -2
D/AndroidRuntime( 4540): Calling main entry com.android.commands.uiautomator.Launcher
I/art     (  962): Explicit concurrent mark sweep GC freed 10795(1015KB) AllocSpace objects, 0(0B) LOS objects, 40% free, 13MB/22MB, paused 189us total 11.705ms
W/AccessibilityNodeInfoDumper( 4540): Fetch time: 1ms
W/WindowManager(  526): Attempted to remove non-existing token: android.os.Binder@3d711b2a
D/AndroidRuntime( 4540): Shutting down VM
D/AndroidRuntime( 4568): >>>>>> START com.android.internal.os.RuntimeInit uid 0 <<<<<<
D/AndroidRuntime( 4568): CheckJNI is OFF
E/memtrack( 4568): Couldn't load memtrack module (No such file or directory)
E/android.os.Debug( 4568): failed to load memtrack module: -2
D/AndroidRuntime( 4568): Calling main entry com.android.commands.uiautomator.Launcher
W/AccessibilityNodeInfoDumper( 4568): Fetch time: 2ms
W/WindowManager(  526): Attempted to remove non-existing token: android.os.Binder@beb8d1b
D/AndroidRuntime( 4568): Shutting down VM
D/AndroidRuntime( 4591): >>>>>> START com.android.internal.os.RuntimeInit uid 0 <<<<<<
D/AndroidRuntime( 4591): CheckJNI is OFF
E/memtrack( 4591): Couldn't load memtrack module (No such file or directory)
E/android.os.Debug( 4591): failed to load memtrack module: -2
D/AndroidRuntime( 4591): Calling main entry com.android.commands.uiautomator.Launcher
W/AccessibilityNodeInfoDumper( 4591): Fetch time: 1ms
W/WindowManager(  526): Attempted to remove non-existing token: android.os.Binder@162b7eb8
D/AndroidRuntime( 4591): Shutting down VM
D/AndroidRuntime( 4619): >>>>>> START com.android.internal.os.RuntimeInit uid 0 <<<<<<
D/AndroidRuntime( 4619): CheckJNI is OFF
E/memtrack( 4619): Couldn't load memtrack module (No such file or directory)
E/android.os.Debug( 4619): failed to load memtrack module: -2
D/AndroidRuntime( 4619): Calling main entry com.android.commands.uiautomator.Launcher
W/AccessibilityNodeInfoDumper( 4619): Fetch time: 1ms
W/WindowManager(  526): Attempted to remove non-existing token: android.os.Binder@2b713491
D/AndroidRuntime( 4619): Shutting down VM
D/AndroidRuntime( 4642): >>>>>> START com.android.internal.os.RuntimeInit uid 0 <<<<<<
D/AndroidRuntime( 4642): CheckJNI is OFF
E/memtrack( 4642): Couldn't load memtrack module (No such file or directory)
E/android.os.Debug( 4642): failed to load memtrack module: -2
D/AndroidRuntime( 4642): Calling main entry com.android.commands.uiautomator.Launcher
W/AccessibilityNodeInfoDumper( 4642): Fetch time: 2ms
W/WindowManager(  526): Attempted to remove non-existing token: android.os.Binder@24abdff7
D/AndroidRuntime( 4642): Shutting down VM
D/AndroidRuntime( 4661): >>>>>> START com.android.internal.os.RuntimeInit uid 0 <<<<<<
D/AndroidRuntime( 4661): CheckJNI is OFF
E/memtrack( 4661): Couldn't load memtrack module (No such file or directory)
E/android.os.Debug( 4661): failed to load memtrack module: -2
D/AndroidRuntime( 4661): Calling main entry com.android.commands.input.Input
I/Input   ( 4661): injectMotionEvent: MotionEvent { action=ACTION_DOWN, id[0]=0, x[0]=980.0, y[0]=210.0, toolType[0]=TOOL_TYPE_UNKNOWN, buttonState=0, metaState=0, flags=0x0, edgeFlags=0x0, pointerCount=1, historySize=0, eventTime=251347, downTime=251347, deviceId=0, source=0x1002 }
I/Input   ( 4661): injectMotionEvent: MotionEvent { action=ACTION_UP, id[0]=0, x[0]=980.0, y[0]=210.0, toolType[0]=TOOL_TYPE_UNKNOWN, buttonState=0, metaState=0, flags=0x0, edgeFlags=0x0, pointerCount=1, historySize=0, eventTime=251347, downTime=251347, deviceId=0, source=0x1002 }
D/AndroidRuntime( 4661): Shutting down VM
E/art     ( 4661): Thread attaching while runtime is shutting down: Binder_2
I/AndroidRuntime( 4661): NOTE: attach of thread 'Binder_2' failed
D/leak-85 ( 2184): Eastern Standard Time
D/leak-87 ( 2184): Eastern Standard Time
D/leak-82 ( 2184): Eastern Standard Time
D/leak-83 ( 2184): Eastern Standard Time
W/AudioTrack(  526): AUDIO_OUTPUT_FLAG_FAST denied by client
D/leak-4  ( 2184): Eastern Standard Time
D/leak-5  ( 2184): Eastern Standard Time
D/leak-9  ( 2184): Eastern Standard Time
W/InputMethodManagerService(  526): Window already focused, ignoring focus gain of: com.android.internal.view.IInputMethodClient$Stub$Proxy@2b75ce64 attribute=null, token = android.os.BinderProxy@fdab47c
D/leak-12 ( 2184): Eastern Standard Time
D/afhdownloader_Download( 2184): Fetch: https://androidfilehost.com/?w=files&flid=39788
D/leak-13 ( 2184): Eastern Standard Time
D/leak-14 ( 2184): Eastern Standard Time
D/leak-14 ( 2184): Eastern Standard Time
D/leak-14 ( 2184): Eastern Standard Time
D/leak-14 ( 2184): Eastern Standard Time
D/leak-14 ( 2184): Eastern Standard Time
D/leak-14 ( 2184): Eastern Standard Time
D/leak-14 ( 2184): Eastern Standard Time
D/leak-14 ( 2184): Eastern Standard Time
D/leak-14 ( 2184): Eastern Standard Time
D/leak-14 ( 2184): Eastern Standard Time
D/leak-14 ( 2184): Eastern Standard Time
D/leak-14 ( 2184): Eastern Standard Time
D/leak-14 ( 2184): Eastern Standard Time
D/leak-14 ( 2184): Eastern Standard Time
D/leak-15 ( 2184): Eastern Standard Time
D/leak-10 ( 2184): Eastern Standard Time
D/leak-11 ( 2184): Eastern Standard Time
D/leak-101( 2184): Eastern Standard Time
W/afhdownloader_MainActivity( 2184): Download
D/leak-174( 2184): Eastern Standard Time
D/leak-175( 2184): Eastern Standard Time
D/leak-104( 2184): Eastern Standard Time
D/leak-105( 2184): Eastern Standard Time
D/leak-107( 2184): Eastern Standard Time
D/leak-108( 2184): Eastern Standard Time
D/leak-107( 2184): Eastern Standard Time
D/leak-108( 2184): Eastern Standard Time
D/leak-107( 2184): Eastern Standard Time
D/leak-108( 2184): Eastern Standard Time
D/leak-107( 2184): Eastern Standard Time
D/leak-108( 2184): Eastern Standard Time
D/leak-107( 2184): Eastern Standard Time
D/leak-108( 2184): Eastern Standard Time
D/leak-107( 2184): Eastern Standard Time
D/leak-108( 2184): Eastern Standard Time
D/leak-107( 2184): Eastern Standard Time
D/leak-108( 2184): Eastern Standard Time
D/leak-107( 2184): Eastern Standard Time
D/leak-108( 2184): Eastern Standard Time
D/leak-107( 2184): Eastern Standard Time
D/leak-108( 2184): Eastern Standard Time
D/leak-107( 2184): Eastern Standard Time
D/leak-108( 2184): Eastern Standard Time
D/leak-107( 2184): Eastern Standard Time
D/leak-108( 2184): Eastern Standard Time
D/leak-107( 2184): Eastern Standard Time
D/leak-108( 2184): Eastern Standard Time
D/leak-107( 2184): Eastern Standard Time
D/leak-108( 2184): Eastern Standard Time
D/leak-107( 2184): Eastern Standard Time
D/leak-108( 2184): Eastern Standard Time
D/leak-267( 2184): Eastern Standard Time
D/leak-228( 2184): Eastern Standard Time
D/leak-268( 2184): Eastern Standard Time
D/leak-269( 2184): Eastern Standard Time
W/Resources( 2184): Converting to string: TypedValue{t=0x12/d=0x0 a=2 r=0x7f08004b}
D/leak-271( 2184): Eastern Standard Time
D/leak-268( 2184): Eastern Standard Time
D/leak-270( 2184): Eastern Standard Time
D/leak-271( 2184): Eastern Standard Time
D/leak-268( 2184): Eastern Standard Time
D/leak-270( 2184): Eastern Standard Time
D/leak-271( 2184): Eastern Standard Time
D/leak-268( 2184): Eastern Standard Time
D/leak-270( 2184): Eastern Standard Time
D/leak-271( 2184): Eastern Standard Time
D/leak-268( 2184): Eastern Standard Time
D/leak-270( 2184): Eastern Standard Time
D/leak-271( 2184): Eastern Standard Time
D/leak-268( 2184): Eastern Standard Time
D/leak-270( 2184): Eastern Standard Time
D/leak-271( 2184): Eastern Standard Time
D/leak-268( 2184): Eastern Standard Time
D/leak-270( 2184): Eastern Standard Time
D/leak-271( 2184): Eastern Standard Time
D/leak-268( 2184): Eastern Standard Time
D/leak-270( 2184): Eastern Standard Time
D/leak-271( 2184): Eastern Standard Time
D/leak-268( 2184): Eastern Standard Time
D/leak-270( 2184): Eastern Standard Time
D/leak-271( 2184): Eastern Standard Time
D/leak-268( 2184): Eastern Standard Time
