E/android.os.Debug( 6507): failed to load memtrack module: -2
D/AndroidRuntime( 6507): Calling main entry com.android.commands.uiautomator.Launcher
W/AccessibilityNodeInfoDumper( 6507): Fetch time: 3ms
W/WindowManager(  526): Attempted to remove non-existing token: android.os.Binder@36ac45fe
D/AndroidRuntime( 6507): Shutting down VM
D/AndroidRuntime( 6530): >>>>>> START com.android.internal.os.RuntimeInit uid 0 <<<<<<
D/AndroidRuntime( 6530): CheckJNI is OFF
E/memtrack( 6530): Couldn't load memtrack module (No such file or directory)
E/android.os.Debug( 6530): failed to load memtrack module: -2
D/AndroidRuntime( 6530): Calling main entry com.android.commands.uiautomator.Launcher
W/AccessibilityNodeInfoDumper( 6530): Fetch time: 3ms
W/WindowManager(  526): Attempted to remove non-existing token: android.os.Binder@2521615f
D/AndroidRuntime( 6530): Shutting down VM
D/AndroidRuntime( 6558): >>>>>> START com.android.internal.os.RuntimeInit uid 0 <<<<<<
D/AndroidRuntime( 6558): CheckJNI is OFF
E/memtrack( 6558): Couldn't load memtrack module (No such file or directory)
E/android.os.Debug( 6558): failed to load memtrack module: -2
D/AndroidRuntime( 6558): Calling main entry com.android.commands.uiautomator.Launcher
W/AccessibilityNodeInfoDumper( 6558): Fetch time: 3ms
W/WindowManager(  526): Attempted to remove non-existing token: android.os.Binder@295b97ac
D/AndroidRuntime( 6558): Shutting down VM
D/AndroidRuntime( 6581): >>>>>> START com.android.internal.os.RuntimeInit uid 0 <<<<<<
D/AndroidRuntime( 6581): CheckJNI is OFF
E/memtrack( 6581): Couldn't load memtrack module (No such file or directory)
E/android.os.Debug( 6581): failed to load memtrack module: -2
D/AndroidRuntime( 6581): Calling main entry com.android.commands.uiautomator.Launcher
W/AccessibilityNodeInfoDumper( 6581): Fetch time: 3ms
W/WindowManager(  526): Attempted to remove non-existing token: android.os.Binder@3682c40a
D/AndroidRuntime( 6581): Shutting down VM
D/AndroidRuntime( 6609): >>>>>> START com.android.internal.os.RuntimeInit uid 0 <<<<<<
D/AndroidRuntime( 6609): CheckJNI is OFF
E/memtrack( 6609): Couldn't load memtrack module (No such file or directory)
E/android.os.Debug( 6609): failed to load memtrack module: -2
D/AndroidRuntime( 6609): Calling main entry com.android.commands.uiautomator.Launcher
W/AccessibilityNodeInfoDumper( 6609): Fetch time: 4ms
W/WindowManager(  526): Attempted to remove non-existing token: android.os.Binder@3724b47b
D/AndroidRuntime( 6609): Shutting down VM
D/AndroidRuntime( 6632): >>>>>> START com.android.internal.os.RuntimeInit uid 0 <<<<<<
D/AndroidRuntime( 6632): CheckJNI is OFF
E/memtrack( 6632): Couldn't load memtrack module (No such file or directory)
E/android.os.Debug( 6632): failed to load memtrack module: -2
D/AndroidRuntime( 6632): Calling main entry com.android.commands.uiautomator.Launcher
W/AccessibilityNodeInfoDumper( 6632): Fetch time: 3ms
W/WindowManager(  526): Attempted to remove non-existing token: android.os.Binder@3bc08298
D/AndroidRuntime( 6632): Shutting down VM
D/AndroidRuntime( 6662): >>>>>> START com.android.internal.os.RuntimeInit uid 0 <<<<<<
D/AndroidRuntime( 6662): CheckJNI is OFF
E/memtrack( 6662): Couldn't load memtrack module (No such file or directory)
E/android.os.Debug( 6662): failed to load memtrack module: -2
D/AndroidRuntime( 6662): Calling main entry com.android.commands.uiautomator.Launcher
W/AccessibilityNodeInfoDumper( 6662): Fetch time: 4ms
W/WindowManager(  526): Attempted to remove non-existing token: android.os.Binder@32521af1
D/AndroidRuntime( 6662): Shutting down VM
D/AndroidRuntime( 6685): >>>>>> START com.android.internal.os.RuntimeInit uid 0 <<<<<<
D/AndroidRuntime( 6685): CheckJNI is OFF
E/memtrack( 6685): Couldn't load memtrack module (No such file or directory)
E/android.os.Debug( 6685): failed to load memtrack module: -2
D/AndroidRuntime( 6685): Calling main entry com.android.commands.uiautomator.Launcher
W/AccessibilityNodeInfoDumper( 6685): Fetch time: 3ms
W/WindowManager(  526): Attempted to remove non-existing token: android.os.Binder@389116d6
D/AndroidRuntime( 6685): Shutting down VM
D/AndroidRuntime( 6703): >>>>>> START com.android.internal.os.RuntimeInit uid 0 <<<<<<
D/AndroidRuntime( 6703): CheckJNI is OFF
E/memtrack( 6703): Couldn't load memtrack module (No such file or directory)
E/android.os.Debug( 6703): failed to load memtrack module: -2
D/AndroidRuntime( 6703): Calling main entry com.android.commands.input.Input
I/Input   ( 6703): injectMotionEvent: MotionEvent { action=ACTION_DOWN, id[0]=0, x[0]=600.0, y[0]=839.0, toolType[0]=TOOL_TYPE_UNKNOWN, buttonState=0, metaState=0, flags=0x0, edgeFlags=0x0, pointerCount=1, historySize=0, eventTime=345081, downTime=345081, deviceId=0, source=0x1002 }
D/leak-233( 6271): Eastern Standard Time
D/leak-234( 6271): Eastern Standard Time
D/leak-235( 6271): Eastern Standard Time
D/leak-237( 6271): Eastern Standard Time
D/leak-237( 6271): Eastern Standard Time
D/leak-237( 6271): Eastern Standard Time
D/leak-237( 6271): Eastern Standard Time
D/leak-237( 6271): Eastern Standard Time
D/leak-237( 6271): Eastern Standard Time
D/leak-237( 6271): Eastern Standard Time
D/leak-237( 6271): Eastern Standard Time
D/leak-237( 6271): Eastern Standard Time
D/leak-237( 6271): Eastern Standard Time
D/leak-237( 6271): Eastern Standard Time
D/leak-237( 6271): Eastern Standard Time
D/leak-237( 6271): Eastern Standard Time
D/leak-237( 6271): Eastern Standard Time
I/Input   ( 6703): injectMotionEvent: MotionEvent { action=ACTION_UP, id[0]=0, x[0]=600.0, y[0]=839.0, toolType[0]=TOOL_TYPE_UNKNOWN, buttonState=0, metaState=0, flags=0x0, edgeFlags=0x0, pointerCount=1, historySize=0, eventTime=345081, downTime=345081, deviceId=0, source=0x1002 }
D/leak-233( 6271): Eastern Standard Time
D/leak-245( 6271): Eastern Standard Time
D/leak-246( 6271): Eastern Standard Time
D/AndroidRuntime( 6703): Shutting down VM
D/AndroidRuntime( 7040): >>>>>> START com.android.internal.os.RuntimeInit uid 0 <<<<<<
D/AndroidRuntime( 7040): CheckJNI is OFF
E/memtrack( 7040): Couldn't load memtrack module (No such file or directory)
E/android.os.Debug( 7040): failed to load memtrack module: -2
D/AndroidRuntime( 7040): Calling main entry com.android.commands.uiautomator.Launcher
W/AccessibilityNodeInfoDumper( 7040): Fetch time: 4ms
W/WindowManager(  526): Attempted to remove non-existing token: android.os.Binder@a401d57
D/AndroidRuntime( 7040): Shutting down VM
D/AndroidRuntime( 7069): >>>>>> START com.android.internal.os.RuntimeInit uid 0 <<<<<<
D/AndroidRuntime( 7069): CheckJNI is OFF
E/memtrack( 7069): Couldn't load memtrack module (No such file or directory)
E/android.os.Debug( 7069): failed to load memtrack module: -2
D/AndroidRuntime( 7069): Calling main entry com.android.commands.uiautomator.Launcher
W/AccessibilityNodeInfoDumper( 7069): Fetch time: 3ms
W/WindowManager(  526): Attempted to remove non-existing token: android.os.Binder@2e873044
D/AndroidRuntime( 7069): Shutting down VM
D/AndroidRuntime( 7092): >>>>>> START com.android.internal.os.RuntimeInit uid 0 <<<<<<
D/AndroidRuntime( 7092): CheckJNI is OFF
E/memtrack( 7092): Couldn't load memtrack module (No such file or directory)
E/android.os.Debug( 7092): failed to load memtrack module: -2
D/AndroidRuntime( 7092): Calling main entry com.android.commands.uiautomator.Launcher
W/AccessibilityNodeInfoDumper( 7092): Fetch time: 4ms
W/WindowManager(  526): Attempted to remove non-existing token: android.os.Binder@18dc752d
D/AndroidRuntime( 7092): Shutting down VM
D/AndroidRuntime( 7120): >>>>>> START com.android.internal.os.RuntimeInit uid 0 <<<<<<
D/AndroidRuntime( 7120): CheckJNI is OFF
E/memtrack( 7120): Couldn't load memtrack module (No such file or directory)
E/android.os.Debug( 7120): failed to load memtrack module: -2
D/AndroidRuntime( 7120): Calling main entry com.android.commands.uiautomator.Launcher
I/art     (  526): Explicit concurrent mark sweep GC freed 42418(2MB) AllocSpace objects, 37(667KB) LOS objects, 33% free, 7MB/10MB, paused 505us total 15.102ms
W/AccessibilityNodeInfoDumper( 7120): Fetch time: 3ms
W/WindowManager(  526): Attempted to remove non-existing token: android.os.Binder@f5fca62
D/AndroidRuntime( 7120): Shutting down VM
D/AndroidRuntime( 7153): >>>>>> START com.android.internal.os.RuntimeInit uid 0 <<<<<<
D/AndroidRuntime( 7153): CheckJNI is OFF
E/memtrack( 7153): Couldn't load memtrack module (No such file or directory)
E/android.os.Debug( 7153): failed to load memtrack module: -2
D/AndroidRuntime( 7153): Calling main entry com.android.commands.uiautomator.Launcher
W/AccessibilityNodeInfoDumper( 7153): Fetch time: 3ms
W/WindowManager(  526): Attempted to remove non-existing token: android.os.Binder@17e90cb0
D/AndroidRuntime( 7153): Shutting down VM
D/AndroidRuntime( 7184): >>>>>> START com.android.internal.os.RuntimeInit uid 0 <<<<<<
D/AndroidRuntime( 7184): CheckJNI is OFF
E/memtrack( 7184): Couldn't load memtrack module (No such file or directory)
E/android.os.Debug( 7184): failed to load memtrack module: -2
D/AndroidRuntime( 7184): Calling main entry com.android.commands.uiautomator.Launcher
W/AccessibilityNodeInfoDumper( 7184): Fetch time: 3ms
W/WindowManager(  526): Attempted to remove non-existing token: android.os.Binder@30383729
D/AndroidRuntime( 7184): Shutting down VM
D/AndroidRuntime( 7207): >>>>>> START com.android.internal.os.RuntimeInit uid 0 <<<<<<
D/AndroidRuntime( 7207): CheckJNI is OFF
E/memtrack( 7207): Couldn't load memtrack module (No such file or directory)
E/android.os.Debug( 7207): failed to load memtrack module: -2
D/AndroidRuntime( 7207): Calling main entry com.android.commands.uiautomator.Launcher
W/AccessibilityNodeInfoDumper( 7207): Fetch time: 3ms
W/WindowManager(  526): Attempted to remove non-existing token: android.os.Binder@3b742aae
D/AndroidRuntime( 7207): Shutting down VM
D/AndroidRuntime( 7235): >>>>>> START com.android.internal.os.RuntimeInit uid 0 <<<<<<
D/AndroidRuntime( 7235): CheckJNI is OFF
E/memtrack( 7235): Couldn't load memtrack module (No such file or directory)
E/android.os.Debug( 7235): failed to load memtrack module: -2
D/AndroidRuntime( 7235): Calling main entry com.android.commands.uiautomator.Launcher
W/AccessibilityNodeInfoDumper( 7235): Fetch time: 3ms
W/WindowManager(  526): Attempted to remove non-existing token: android.os.Binder@260b604f
D/AndroidRuntime( 7235): Shutting down VM
D/AndroidRuntime( 7258): >>>>>> START com.android.internal.os.RuntimeInit uid 0 <<<<<<
D/AndroidRuntime( 7258): CheckJNI is OFF
E/memtrack( 7258): Couldn't load memtrack module (No such file or directory)
E/android.os.Debug( 7258): failed to load memtrack module: -2
D/AndroidRuntime( 7258): Calling main entry com.android.commands.uiautomator.Launcher
W/AccessibilityNodeInfoDumper( 7258): Fetch time: 4ms
W/WindowManager(  526): Attempted to remove non-existing token: android.os.Binder@364a43dc
D/AndroidRuntime( 7258): Shutting down VM
D/AndroidRuntime( 7286): >>>>>> START com.android.internal.os.RuntimeInit uid 0 <<<<<<
D/AndroidRuntime( 7286): CheckJNI is OFF
E/memtrack( 7286): Couldn't load memtrack module (No such file or directory)
E/android.os.Debug( 7286): failed to load memtrack module: -2
D/AndroidRuntime( 7286): Calling main entry com.android.commands.uiautomator.Launcher
W/AccessibilityNodeInfoDumper( 7286): Fetch time: 3ms
W/WindowManager(  526): Attempted to remove non-existing token: android.os.Binder@16741ce5
D/AndroidRuntime( 7286): Shutting down VM
D/AndroidRuntime( 7309): >>>>>> START com.android.internal.os.RuntimeInit uid 0 <<<<<<
D/AndroidRuntime( 7309): CheckJNI is OFF
E/memtrack( 7309): Couldn't load memtrack module (No such file or directory)
E/android.os.Debug( 7309): failed to load memtrack module: -2
D/AndroidRuntime( 7309): Calling main entry com.android.commands.uiautomator.Launcher
W/AccessibilityNodeInfoDumper( 7309): Fetch time: 4ms
W/WindowManager(  526): Attempted to remove non-existing token: android.os.Binder@2e5c43ba
D/AndroidRuntime( 7309): Shutting down VM
D/AndroidRuntime( 7339): >>>>>> START com.android.internal.os.RuntimeInit uid 0 <<<<<<
D/AndroidRuntime( 7339): CheckJNI is OFF
E/memtrack( 7339): Couldn't load memtrack module (No such file or directory)
E/android.os.Debug( 7339): failed to load memtrack module: -2
D/AndroidRuntime( 7339): Calling main entry com.android.commands.uiautomator.Launcher
W/AccessibilityNodeInfoDumper( 7339): Fetch time: 4ms
W/WindowManager(  526): Attempted to remove non-existing token: android.os.Binder@35c7b26b
D/AndroidRuntime( 7339): Shutting down VM
D/AndroidRuntime( 7362): >>>>>> START com.android.internal.os.RuntimeInit uid 0 <<<<<<
D/AndroidRuntime( 7362): CheckJNI is OFF
E/memtrack( 7362): Couldn't load memtrack module (No such file or directory)
E/android.os.Debug( 7362): failed to load memtrack module: -2
D/AndroidRuntime( 7362): Calling main entry com.android.commands.uiautomator.Launcher
W/AccessibilityNodeInfoDumper( 7362): Fetch time: 6ms
W/WindowManager(  526): Attempted to remove non-existing token: android.os.Binder@2825c1c8
D/AndroidRuntime( 7362): Shutting down VM
D/AndroidRuntime( 7381): >>>>>> START com.android.internal.os.RuntimeInit uid 0 <<<<<<
D/AndroidRuntime( 7381): CheckJNI is OFF
E/memtrack( 7381): Couldn't load memtrack module (No such file or directory)
E/android.os.Debug( 7381): failed to load memtrack module: -2
D/AndroidRuntime( 7381): Calling main entry com.android.commands.input.Input
I/Input   ( 7381): injectMotionEvent: MotionEvent { action=ACTION_DOWN, id[0]=0, x[0]=1136.0, y[0]=114.0, toolType[0]=TOOL_TYPE_UNKNOWN, buttonState=0, metaState=0, flags=0x0, edgeFlags=0x0, pointerCount=1, historySize=0, eventTime=372253, downTime=372253, deviceId=0, source=0x1002 }
I/Input   ( 7381): injectMotionEvent: MotionEvent { action=ACTION_UP, id[0]=0, x[0]=1136.0, y[0]=114.0, toolType[0]=TOOL_TYPE_UNKNOWN, buttonState=0, metaState=0, flags=0x0, edgeFlags=0x0, pointerCount=1, historySize=0, eventTime=372253, downTime=372253, deviceId=0, source=0x1002 }
D/AndroidRuntime( 7381): Shutting down VM
W/AudioTrack(  526): AUDIO_OUTPUT_FLAG_FAST denied by client
W/art     ( 6271): Before Android 4.1, method int android.support.v7.widget.ListViewCompat.lookForSelectablePosition(int, boolean) would have incorrectly overridden the package-private method in android.widget.ListView
I/ListPopupWindow( 6271): Could not find method setEpicenterBounds(Rect) on PopupWindow. Oh well.
V/WindowManager(  526): Adding window Window{327ae186 u0 PopupWindow:13037ef0} at 3 of 8 (after Window{2d71a576 u0 org.afhdownloader/org.afhdownloader.MainActivity})
W/EGL_emulation( 6271): eglSurfaceAttrib not implemented
W/OpenGLRenderer( 6271): Failed to set EGL_SWAP_BEHAVIOR on surface 0xf3f795a0, error=EGL_SUCCESS
D/AndroidRuntime( 7720): >>>>>> START com.android.internal.os.RuntimeInit uid 0 <<<<<<
D/AndroidRuntime( 7720): CheckJNI is OFF
E/memtrack( 7720): Couldn't load memtrack module (No such file or directory)
E/android.os.Debug( 7720): failed to load memtrack module: -2
D/AndroidRuntime( 7720): Calling main entry com.android.commands.uiautomator.Launcher
W/AccessibilityNodeInfoDumper( 7720): Fetch time: 1ms
W/WindowManager(  526): Attempted to remove non-existing token: android.os.Binder@1f7101e0
D/AndroidRuntime( 7720): Shutting down VM
D/AndroidRuntime( 7748): >>>>>> START com.android.internal.os.RuntimeInit uid 0 <<<<<<
D/AndroidRuntime( 7748): CheckJNI is OFF
E/memtrack( 7748): Couldn't load memtrack module (No such file or directory)
E/android.os.Debug( 7748): failed to load memtrack module: -2
D/AndroidRuntime( 7748): Calling main entry com.android.commands.uiautomator.Launcher
W/AccessibilityNodeInfoDumper( 7748): Fetch time: 1ms
W/WindowManager(  526): Attempted to remove non-existing token: android.os.Binder@24169b5e
D/AndroidRuntime( 7748): Shutting down VM
D/AndroidRuntime( 7771): >>>>>> START com.android.internal.os.RuntimeInit uid 0 <<<<<<
D/AndroidRuntime( 7771): CheckJNI is OFF
E/memtrack( 7771): Couldn't load memtrack module (No such file or directory)
E/android.os.Debug( 7771): failed to load memtrack module: -2
D/AndroidRuntime( 7771): Calling main entry com.android.commands.uiautomator.Launcher
W/AccessibilityNodeInfoDumper( 7771): Fetch time: 2ms
W/WindowManager(  526): Attempted to remove non-existing token: android.os.Binder@9aafb3f
D/AndroidRuntime( 7771): Shutting down VM
D/AndroidRuntime( 7799): >>>>>> START com.android.internal.os.RuntimeInit uid 0 <<<<<<
D/AndroidRuntime( 7799): CheckJNI is OFF
E/memtrack( 7799): Couldn't load memtrack module (No such file or directory)
E/android.os.Debug( 7799): failed to load memtrack module: -2
D/AndroidRuntime( 7799): Calling main entry com.android.commands.uiautomator.Launcher
W/AccessibilityNodeInfoDumper( 7799): Fetch time: 1ms
W/WindowManager(  526): Attempted to remove non-existing token: android.os.Binder@8145c0c
D/AndroidRuntime( 7799): Shutting down VM
D/AndroidRuntime( 7832): >>>>>> START com.android.internal.os.RuntimeInit uid 0 <<<<<<
D/AndroidRuntime( 7832): CheckJNI is OFF
E/memtrack( 7832): Couldn't load memtrack module (No such file or directory)
E/android.os.Debug( 7832): failed to load memtrack module: -2
D/AndroidRuntime( 7832): Calling main entry com.android.commands.uiautomator.Launcher
W/AccessibilityNodeInfoDumper( 7832): Fetch time: 2ms
W/WindowManager(  526): Attempted to remove non-existing token: android.os.Binder@21ff0955
D/AndroidRuntime( 7832): Shutting down VM
D/AndroidRuntime( 7863): >>>>>> START com.android.internal.os.RuntimeInit uid 0 <<<<<<
D/AndroidRuntime( 7863): CheckJNI is OFF
E/memtrack( 7863): Couldn't load memtrack module (No such file or directory)
E/android.os.Debug( 7863): failed to load memtrack module: -2
D/AndroidRuntime( 7863): Calling main entry com.android.commands.uiautomator.Launcher
W/AccessibilityNodeInfoDumper( 7863): Fetch time: 1ms
W/WindowManager(  526): Attempted to remove non-existing token: android.os.Binder@3b2d0f6a
D/AndroidRuntime( 7863): Shutting down VM
D/AndroidRuntime( 7886): >>>>>> START com.android.internal.os.RuntimeInit uid 0 <<<<<<
D/AndroidRuntime( 7886): CheckJNI is OFF
E/memtrack( 7886): Couldn't load memtrack module (No such file or directory)
E/android.os.Debug( 7886): failed to load memtrack module: -2
D/AndroidRuntime( 7886): Calling main entry com.android.commands.uiautomator.Launcher
W/AccessibilityNodeInfoDumper( 7886): Fetch time: 2ms
W/WindowManager(  526): Attempted to remove non-existing token: android.os.Binder@2de0c5b
D/AndroidRuntime( 7886): Shutting down VM
D/AndroidRuntime( 7914): >>>>>> START com.android.internal.os.RuntimeInit uid 0 <<<<<<
D/AndroidRuntime( 7914): CheckJNI is OFF
E/memtrack( 7914): Couldn't load memtrack module (No such file or directory)
E/android.os.Debug( 7914): failed to load memtrack module: -2
D/AndroidRuntime( 7914): Calling main entry com.android.commands.uiautomator.Launcher
W/AccessibilityNodeInfoDumper( 7914): Fetch time: 2ms
W/WindowManager(  526): Attempted to remove non-existing token: android.os.Binder@9b12cf8
D/AndroidRuntime( 7914): Shutting down VM
D/AndroidRuntime( 7938): >>>>>> START com.android.internal.os.RuntimeInit uid 0 <<<<<<
D/AndroidRuntime( 7938): CheckJNI is OFF
E/memtrack( 7938): Couldn't load memtrack module (No such file or directory)
E/android.os.Debug( 7938): failed to load memtrack module: -2
D/AndroidRuntime( 7938): Calling main entry com.android.commands.uiautomator.Launcher
I/art     (  526): Explicit concurrent mark sweep GC freed 43405(2MB) AllocSpace objects, 35(560KB) LOS objects, 33% free, 6MB/10MB, paused 681us total 14.962ms
W/AccessibilityNodeInfoDumper( 7938): Fetch time: 2ms
W/WindowManager(  526): Attempted to remove non-existing token: android.os.Binder@1bf3e5d1
D/AndroidRuntime( 7938): Shutting down VM
D/AndroidRuntime( 7967): >>>>>> START com.android.internal.os.RuntimeInit uid 0 <<<<<<
D/AndroidRuntime( 7967): CheckJNI is OFF
E/memtrack( 7967): Couldn't load memtrack module (No such file or directory)
E/android.os.Debug( 7967): failed to load memtrack module: -2
D/AndroidRuntime( 7967): Calling main entry com.android.commands.uiautomator.Launcher
W/AccessibilityNodeInfoDumper( 7967): Fetch time: 1ms
W/WindowManager(  526): Attempted to remove non-existing token: android.os.Binder@13671337
D/AndroidRuntime( 7967): Shutting down VM
D/AndroidRuntime( 7990): >>>>>> START com.android.internal.os.RuntimeInit uid 0 <<<<<<
D/AndroidRuntime( 7990): CheckJNI is OFF
E/memtrack( 7990): Couldn't load memtrack module (No such file or directory)
E/android.os.Debug( 7990): failed to load memtrack module: -2
D/AndroidRuntime( 7990): Calling main entry com.android.commands.uiautomator.Launcher
W/AccessibilityNodeInfoDumper( 7990): Fetch time: 1ms
W/WindowManager(  526): Attempted to remove non-existing token: android.os.Binder@3e4820a4
D/AndroidRuntime( 7990): Shutting down VM
D/AndroidRuntime( 8020): >>>>>> START com.android.internal.os.RuntimeInit uid 0 <<<<<<
D/AndroidRuntime( 8020): CheckJNI is OFF
E/memtrack( 8020): Couldn't load memtrack module (No such file or directory)
E/android.os.Debug( 8020): failed to load memtrack module: -2
D/AndroidRuntime( 8020): Calling main entry com.android.commands.uiautomator.Launcher
W/AccessibilityNodeInfoDumper( 8020): Fetch time: 2ms
W/WindowManager(  526): Attempted to remove non-existing token: android.os.Binder@21800e0d
D/AndroidRuntime( 8020): Shutting down VM
D/AndroidRuntime( 8043): >>>>>> START com.android.internal.os.RuntimeInit uid 0 <<<<<<
D/AndroidRuntime( 8043): CheckJNI is OFF
E/memtrack( 8043): Couldn't load memtrack module (No such file or directory)
E/android.os.Debug( 8043): failed to load memtrack module: -2
D/AndroidRuntime( 8043): Calling main entry com.android.commands.uiautomator.Launcher
W/AccessibilityNodeInfoDumper( 8043): Fetch time: 1ms
W/WindowManager(  526): Attempted to remove non-existing token: android.os.Binder@32dc21c2
D/AndroidRuntime( 8043): Shutting down VM
D/AndroidRuntime( 8061): >>>>>> START com.android.internal.os.RuntimeInit uid 0 <<<<<<
D/AndroidRuntime( 8061): CheckJNI is OFF
E/memtrack( 8061): Couldn't load memtrack module (No such file or directory)
E/android.os.Debug( 8061): failed to load memtrack module: -2
D/AndroidRuntime( 8061): Calling main entry com.android.commands.input.Input
I/Input   ( 8061): injectMotionEvent: MotionEvent { action=ACTION_DOWN, id[0]=0, x[0]=980.0, y[0]=210.0, toolType[0]=TOOL_TYPE_UNKNOWN, buttonState=0, metaState=0, flags=0x0, edgeFlags=0x0, pointerCount=1, historySize=0, eventTime=399366, downTime=399366, deviceId=0, source=0x1002 }
I/Input   ( 8061): injectMotionEvent: MotionEvent { action=ACTION_UP, id[0]=0, x[0]=980.0, y[0]=210.0, toolType[0]=TOOL_TYPE_UNKNOWN, buttonState=0, metaState=0, flags=0x0, edgeFlags=0x0, pointerCount=1, historySize=0, eventTime=399366, downTime=399366, deviceId=0, source=0x1002 }
D/AndroidRuntime( 8061): Shutting down VM
D/leak-85 ( 6271): Eastern Standard Time
D/leak-87 ( 6271): Eastern Standard Time
D/leak-82 ( 6271): Eastern Standard Time
D/leak-83 ( 6271): Eastern Standard Time
W/AudioTrack(  526): AUDIO_OUTPUT_FLAG_FAST denied by client
D/leak-4  ( 6271): Eastern Standard Time
D/leak-5  ( 6271): Eastern Standard Time
D/leak-9  ( 6271): Eastern Standard Time
D/leak-12 ( 6271): Eastern Standard Time
D/afhdownloader_Download( 6271): Fetch: https://androidfilehost.com/?w=files&flid=39788
W/InputMethodManagerService(  526): Window already focused, ignoring focus gain of: com.android.internal.view.IInputMethodClient$Stub$Proxy@3d38a310 attribute=null, token = android.os.BinderProxy@3774011
D/leak-13 ( 6271): Eastern Standard Time
D/leak-14 ( 6271): Eastern Standard Time
D/leak-14 ( 6271): Eastern Standard Time
D/leak-14 ( 6271): Eastern Standard Time
D/leak-14 ( 6271): Eastern Standard Time
D/leak-14 ( 6271): Eastern Standard Time
D/leak-14 ( 6271): Eastern Standard Time
D/leak-14 ( 6271): Eastern Standard Time
D/leak-14 ( 6271): Eastern Standard Time
D/leak-14 ( 6271): Eastern Standard Time
D/leak-14 ( 6271): Eastern Standard Time
D/leak-14 ( 6271): Eastern Standard Time
D/leak-14 ( 6271): Eastern Standard Time
D/leak-14 ( 6271): Eastern Standard Time
D/leak-14 ( 6271): Eastern Standard Time
D/leak-15 ( 6271): Eastern Standard Time
D/leak-10 ( 6271): Eastern Standard Time
D/leak-11 ( 6271): Eastern Standard Time
D/leak-101( 6271): Eastern Standard Time
W/afhdownloader_MainActivity( 6271): Download
D/leak-174( 6271): Eastern Standard Time
D/leak-175( 6271): Eastern Standard Time
D/leak-104( 6271): Eastern Standard Time
D/leak-105( 6271): Eastern Standard Time
D/leak-107( 6271): Eastern Standard Time
D/leak-108( 6271): Eastern Standard Time
D/leak-107( 6271): Eastern Standard Time
D/leak-108( 6271): Eastern Standard Time
D/leak-107( 6271): Eastern Standard Time
D/leak-108( 6271): Eastern Standard Time
D/leak-107( 6271): Eastern Standard Time
D/leak-108( 6271): Eastern Standard Time
D/leak-107( 6271): Eastern Standard Time
D/leak-108( 6271): Eastern Standard Time
D/leak-107( 6271): Eastern Standard Time
D/leak-108( 6271): Eastern Standard Time
D/leak-107( 6271): Eastern Standard Time
D/leak-108( 6271): Eastern Standard Time
D/leak-107( 6271): Eastern Standard Time
D/leak-108( 6271): Eastern Standard Time
D/leak-107( 6271): Eastern Standard Time
D/leak-108( 6271): Eastern Standard Time
D/leak-107( 6271): Eastern Standard Time
D/leak-108( 6271): Eastern Standard Time
D/leak-107( 6271): Eastern Standard Time
D/leak-108( 6271): Eastern Standard Time
D/leak-107( 6271): Eastern Standard Time
D/leak-108( 6271): Eastern Standard Time
D/leak-107( 6271): Eastern Standard Time
D/leak-108( 6271): Eastern Standard Time
D/leak-107( 6271): Eastern Standard Time
D/leak-108( 6271): Eastern Standard Time
D/leak-267( 6271): Eastern Standard Time
D/leak-228( 6271): Eastern Standard Time
D/leak-268( 6271): Eastern Standard Time
D/leak-269( 6271): Eastern Standard Time
W/Resources( 6271): Converting to string: TypedValue{t=0x12/d=0x0 a=2 r=0x7f08004b}
D/leak-271( 6271): Eastern Standard Time
D/leak-268( 6271): Eastern Standard Time
D/leak-270( 6271): Eastern Standard Time
D/leak-271( 6271): Eastern Standard Time
D/leak-268( 6271): Eastern Standard Time
D/leak-270( 6271): Eastern Standard Time
D/leak-271( 6271): Eastern Standard Time
D/leak-268( 6271): Eastern Standard Time
D/leak-270( 6271): Eastern Standard Time
D/leak-271( 6271): Eastern Standard Time
D/leak-268( 6271): Eastern Standard Time
D/leak-270( 6271): Eastern Standard Time
D/leak-271( 6271): Eastern Standard Time
D/leak-268( 6271): Eastern Standard Time
D/leak-270( 6271): Eastern Standard Time
D/leak-271( 6271): Eastern Standard Time
D/leak-268( 6271): Eastern Standard Time
D/leak-270( 6271): Eastern Standard Time
D/leak-271( 6271): Eastern Standard Time
D/leak-268( 6271): Eastern Standard Time
D/leak-270( 6271): Eastern Standard Time
D/leak-271( 6271): Eastern Standard Time
D/leak-268( 6271): Eastern Standard Time
D/leak-270( 6271): Eastern Standard Time
D/leak-271( 6271): Eastern Standard Time
D/leak-268( 6271): Eastern Standard Time
D/leak-270( 6271): Eastern Standard Time
D/leak-271( 6271): Eastern Standard Time
D/leak-268( 6271): Eastern Standard Time
D/leak-270( 6271): Eastern Standard Time
D/leak-271( 6271): Eastern Standard Time
D/leak-268( 6271): Eastern Standard Time
D/leak-270( 6271): Eastern Standard Time
D/leak-271( 6271): Eastern Standard Time
D/leak-268( 6271): Eastern Standard Time
D/leak-270( 6271): Eastern Standard Time
D/leak-271( 6271): Eastern Standard Time
D/leak-268( 6271): Eastern Standard Time
D/leak-270( 6271): Eastern Standard Time
D/leak-271( 6271): Eastern Standard Time
D/leak-268( 6271): Eastern Standard Time
D/leak-270( 6271): Eastern Standard Time
D/leak-271( 6271): Eastern Standard Time
D/leak-268( 6271): Eastern Standard Time
D/leak-270( 6271): Eastern Standard Time
D/leak-271( 6271): Eastern Standard Time
D/leak-268( 6271): Eastern Standard Time
D/leak-270( 6271): Eastern Standard Time
D/leak-271( 6271): Eastern Standard Time
D/leak-268( 6271): Eastern Standard Time
D/leak-270( 6271): Eastern Standard Time
D/leak-271( 6271): Eastern Standard Time
D/leak-268( 6271): Eastern Standard Time
D/leak-270( 6271): Eastern Standard Time
D/leak-271( 6271): Eastern Standard Time
D/leak-268( 6271): Eastern Standard Time
D/leak-270( 6271): Eastern Standard Time
D/leak-271( 6271): Eastern Standard Time
D/leak-268( 6271): Eastern Standard Time
D/leak-270( 6271): Eastern Standard Time
D/leak-271( 6271): Eastern Standard Time
D/leak-268( 6271): Eastern Standard Time
D/leak-270( 6271): Eastern Standard Time
D/leak-271( 6271): Eastern Standard Time
D/leak-268( 6271): Eastern Standard Time
D/leak-270( 6271): Eastern Standard Time
D/leak-271( 6271): Eastern Standard Time
D/leak-268( 6271): Eastern Standard Time
D/leak-270( 6271): Eastern Standard Time
D/leak-271( 6271): Eastern Standard Time
D/leak-268( 6271): Eastern Standard Time
D/leak-270( 6271): Eastern Standard Time
D/leak-271( 6271): Eastern Standard Time
D/leak-268( 6271): Eastern Standard Time
D/leak-270( 6271): Eastern Standard Time
D/leak-271( 6271): Eastern Standard Time
D/leak-268( 6271): Eastern Standard Time
D/leak-270( 6271): Eastern Standard Time
D/leak-271( 6271): Eastern Standard Time
D/leak-268( 6271): Eastern Standard Time
D/leak-270( 6271): Eastern Standard Time
D/leak-271( 6271): Eastern Standard Time
D/leak-268( 6271): Eastern Standard Time
D/leak-270( 6271): Eastern Standard Time
D/leak-271( 6271): Eastern Standard Time
D/leak-268( 6271): Eastern Standard Time
D/leak-269( 6271): Eastern Standard Time
W/Resources( 6271): Converting to string: TypedValue{t=0x12/d=0x0 a=2 r=0x7f08004b}
D/leak-271( 6271): Eastern Standard Time
D/leak-268( 6271): Eastern Standard Time
D/leak-269( 6271): Eastern Standard Time
W/Resources( 6271): Converting to string: TypedValue{t=0x12/d=0x0 a=2 r=0x7f08004b}
D/leak-271( 6271): Eastern Standard Time
D/leak-268( 6271): Eastern Standard Time
D/leak-269( 6271): Eastern Standard Time
W/Resources( 6271): Converting to string: TypedValue{t=0x12/d=0x0 a=2 r=0x7f08004b}
D/leak-271( 6271): Eastern Standard Time
D/leak-268( 6271): Eastern Standard Time
D/leak-269( 6271): Eastern Standard Time
W/Resources( 6271): Converting to string: TypedValue{t=0x12/d=0x0 a=2 r=0x7f08004b}
D/leak-271( 6271): Eastern Standard Time
D/leak-268( 6271): Eastern Standard Time
D/leak-269( 6271): Eastern Standard Time
W/Resources( 6271): Converting to string: TypedValue{t=0x12/d=0x0 a=2 r=0x7f08004b}
D/leak-271( 6271): Eastern Standard Time
D/leak-268( 6271): Eastern Standard Time
D/leak-269( 6271): Eastern Standard Time
W/Resources( 6271): Converting to string: TypedValue{t=0x12/d=0x0 a=2 r=0x7f08004b}
D/leak-271( 6271): Eastern Standard Time
D/leak-268( 6271): Eastern Standard Time
D/leak-269( 6271): Eastern Standard Time
W/Resources( 6271): Converting to string: TypedValue{t=0x12/d=0x0 a=2 r=0x7f08004b}
D/leak-271( 6271): Eastern Standard Time
D/leak-268( 6271): Eastern Standard Time
D/leak-269( 6271): Eastern Standard Time
W/Resources( 6271): Converting to string: TypedValue{t=0x12/d=0x0 a=2 r=0x7f08004b}
D/leak-271( 6271): Eastern Standard Time
D/leak-268( 6271): Eastern Standard Time
D/leak-269( 6271): Eastern Standard Time
W/Resources( 6271): Converting to string: TypedValue{t=0x12/d=0x0 a=2 r=0x7f08004b}
D/leak-271( 6271): Eastern Standard Time
D/leak-268( 6271): Eastern Standard Time
D/leak-269( 6271): Eastern Standard Time
W/Resources( 6271): Converting to string: TypedValue{t=0x12/d=0x0 a=2 r=0x7f08004b}
D/leak-271( 6271): Eastern Standard Time
D/leak-268( 6271): Eastern Standard Time
D/leak-269( 6271): Eastern Standard Time
W/Resources( 6271): Converting to string: TypedValue{t=0x12/d=0x0 a=2 r=0x7f08004b}
D/leak-271( 6271): Eastern Standard Time
D/leak-268( 6271): Eastern Standard Time
D/leak-269( 6271): Eastern Standard Time
W/Resources( 6271): Converting to string: TypedValue{t=0x12/d=0x0 a=2 r=0x7f08004b}
D/leak-271( 6271): Eastern Standard Time
D/leak-268( 6271): Eastern Standard Time
D/leak-269( 6271): Eastern Standard Time
W/Resources( 6271): Converting to string: TypedValue{t=0x12/d=0x0 a=2 r=0x7f08004b}
D/leak-271( 6271): Eastern Standard Time
D/AndroidRuntime( 8402): >>>>>> START com.android.internal.os.RuntimeInit uid 0 <<<<<<
D/AndroidRuntime( 8402): CheckJNI is OFF
E/memtrack( 8402): Couldn't load memtrack module (No such file or directory)
E/android.os.Debug( 8402): failed to load memtrack module: -2
D/AndroidRuntime( 8402): Calling main entry com.android.commands.uiautomator.Launcher
W/AccessibilityNodeInfoDumper( 8402): Fetch time: 3ms
W/WindowManager(  526): Attempted to remove non-existing token: android.os.Binder@124e980e
D/AndroidRuntime( 8402): Shutting down VM
D/AndroidRuntime( 8430): >>>>>> START com.android.internal.os.RuntimeInit uid 0 <<<<<<
D/AndroidRuntime( 8430): CheckJNI is OFF
E/memtrack( 8430): Couldn't load memtrack module (No such file or directory)
E/android.os.Debug( 8430): failed to load memtrack module: -2
D/AndroidRuntime( 8430): Calling main entry com.android.commands.uiautomator.Launcher
W/AccessibilityNodeInfoDumper( 8430): Fetch time: 4ms
W/WindowManager(  526): Attempted to remove non-existing token: android.os.Binder@269f322f
D/AndroidRuntime( 8430): Shutting down VM
D/AndroidRuntime( 8453): >>>>>> START com.android.internal.os.RuntimeInit uid 0 <<<<<<
D/AndroidRuntime( 8453): CheckJNI is OFF
E/memtrack( 8453): Couldn't load memtrack module (No such file or directory)
E/android.os.Debug( 8453): failed to load memtrack module: -2
D/AndroidRuntime( 8453): Calling main entry com.android.commands.uiautomator.Launcher
W/AccessibilityNodeInfoDumper( 8453): Fetch time: 3ms
W/WindowManager(  526): Attempted to remove non-existing token: android.os.Binder@326ce03c
D/AndroidRuntime( 8453): Shutting down VM
D/AndroidRuntime( 8481): >>>>>> START com.android.internal.os.RuntimeInit uid 0 <<<<<<
D/AndroidRuntime( 8481): CheckJNI is OFF
E/memtrack( 8481): Couldn't load memtrack module (No such file or directory)
E/android.os.Debug( 8481): failed to load memtrack module: -2
D/AndroidRuntime( 8481): Calling main entry com.android.commands.uiautomator.Launcher
W/AccessibilityNodeInfoDumper( 8481): Fetch time: 4ms
W/WindowManager(  526): Attempted to remove non-existing token: android.os.Binder@f15f1c5
D/AndroidRuntime( 8481): Shutting down VM
D/AndroidRuntime( 8515): >>>>>> START com.android.internal.os.RuntimeInit uid 0 <<<<<<
D/AndroidRuntime( 8515): CheckJNI is OFF
E/memtrack( 8515): Couldn't load memtrack module (No such file or directory)
E/android.os.Debug( 8515): failed to load memtrack module: -2
D/AndroidRuntime( 8515): Calling main entry com.android.commands.uiautomator.Launcher
W/AccessibilityNodeInfoDumper( 8515): Fetch time: 3ms
W/WindowManager(  526): Attempted to remove non-existing token: android.os.Binder@1f60271a
D/AndroidRuntime( 8515): Shutting down VM
D/AndroidRuntime( 8546): >>>>>> START com.android.internal.os.RuntimeInit uid 0 <<<<<<
D/AndroidRuntime( 8546): CheckJNI is OFF
E/memtrack( 8546): Couldn't load memtrack module (No such file or directory)
E/android.os.Debug( 8546): failed to load memtrack module: -2
D/AndroidRuntime( 8546): Calling main entry com.android.commands.uiautomator.Launcher
W/AccessibilityNodeInfoDumper( 8546): Fetch time: 3ms
W/WindowManager(  526): Attempted to remove non-existing token: android.os.Binder@3c45c428
D/AndroidRuntime( 8546): Shutting down VM
D/AndroidRuntime( 8569): >>>>>> START com.android.internal.os.RuntimeInit uid 0 <<<<<<
D/AndroidRuntime( 8569): CheckJNI is OFF
E/memtrack( 8569): Couldn't load memtrack module (No such file or directory)
E/android.os.Debug( 8569): failed to load memtrack module: -2
D/AndroidRuntime( 8569): Calling main entry com.android.commands.uiautomator.Launcher
W/AccessibilityNodeInfoDumper( 8569): Fetch time: 3ms
W/WindowManager(  526): Attempted to remove non-existing token: android.os.Binder@a68e541
D/AndroidRuntime( 8569): Shutting down VM
D/AndroidRuntime( 8597): >>>>>> START com.android.internal.os.RuntimeInit uid 0 <<<<<<
D/AndroidRuntime( 8597): CheckJNI is OFF
E/memtrack( 8597): Couldn't load memtrack module (No such file or directory)
E/android.os.Debug( 8597): failed to load memtrack module: -2
D/AndroidRuntime( 8597): Calling main entry com.android.commands.uiautomator.Launcher
W/AccessibilityNodeInfoDumper( 8597): Fetch time: 3ms
W/WindowManager(  526): Attempted to remove non-existing token: android.os.Binder@35c99ae6
D/AndroidRuntime( 8597): Shutting down VM
D/AndroidRuntime( 8620): >>>>>> START com.android.internal.os.RuntimeInit uid 0 <<<<<<
D/AndroidRuntime( 8620): CheckJNI is OFF
E/memtrack( 8620): Couldn't load memtrack module (No such file or directory)
E/android.os.Debug( 8620): failed to load memtrack module: -2
D/AndroidRuntime( 8620): Calling main entry com.android.commands.uiautomator.Launcher
W/AccessibilityNodeInfoDumper( 8620): Fetch time: 4ms
W/WindowManager(  526): Attempted to remove non-existing token: android.os.Binder@7ed3827
D/AndroidRuntime( 8620): Shutting down VM
D/AndroidRuntime( 8648): >>>>>> START com.android.internal.os.RuntimeInit uid 0 <<<<<<
D/AndroidRuntime( 8648): CheckJNI is OFF
E/memtrack( 8648): Couldn't load memtrack module (No such file or directory)
E/android.os.Debug( 8648): failed to load memtrack module: -2
D/AndroidRuntime( 8648): Calling main entry com.android.commands.uiautomator.Launcher
I/art     (  962): Explicit concurrent mark sweep GC freed 2705(116KB) AllocSpace objects, 0(0B) LOS objects, 40% free, 3MB/6MB, paused 184us total 7.151ms
W/AccessibilityNodeInfoDumper( 8648): Fetch time: 3ms
W/WindowManager(  526): Attempted to remove non-existing token: android.os.Binder@3c46fad4
D/AndroidRuntime( 8648): Shutting down VM
D/AndroidRuntime( 8671): >>>>>> START com.android.internal.os.RuntimeInit uid 0 <<<<<<
D/AndroidRuntime( 8671): CheckJNI is OFF
E/memtrack( 8671): Couldn't load memtrack module (No such file or directory)
E/android.os.Debug( 8671): failed to load memtrack module: -2
D/AndroidRuntime( 8671): Calling main entry com.android.commands.uiautomator.Launcher
W/AccessibilityNodeInfoDumper( 8671): Fetch time: 3ms
W/WindowManager(  526): Attempted to remove non-existing token: android.os.Binder@1e9d947d
D/AndroidRuntime( 8671): Shutting down VM
D/AndroidRuntime( 8701): >>>>>> START com.android.internal.os.RuntimeInit uid 0 <<<<<<
D/AndroidRuntime( 8701): CheckJNI is OFF
E/memtrack( 8701): Couldn't load memtrack module (No such file or directory)
E/android.os.Debug( 8701): failed to load memtrack module: -2
D/AndroidRuntime( 8701): Calling main entry com.android.commands.uiautomator.Launcher
W/AccessibilityNodeInfoDumper( 8701): Fetch time: 3ms
W/WindowManager(  526): Attempted to remove non-existing token: android.os.Binder@22047f72
D/AndroidRuntime( 8701): Shutting down VM
D/AndroidRuntime( 8724): >>>>>> START com.android.internal.os.RuntimeInit uid 0 <<<<<<
D/AndroidRuntime( 8724): CheckJNI is OFF
E/memtrack( 8724): Couldn't load memtrack module (No such file or directory)
E/android.os.Debug( 8724): failed to load memtrack module: -2
D/AndroidRuntime( 8724): Calling main entry com.android.commands.uiautomator.Launcher
W/AccessibilityNodeInfoDumper( 8724): Fetch time: 3ms
W/WindowManager(  526): Attempted to remove non-existing token: android.os.Binder@1eeb2fc3
D/AndroidRuntime( 8724): Shutting down VM
D/AndroidRuntime( 8742): >>>>>> START com.android.internal.os.RuntimeInit uid 0 <<<<<<
D/AndroidRuntime( 8742): CheckJNI is OFF
E/memtrack( 8742): Couldn't load memtrack module (No such file or directory)
E/android.os.Debug( 8742): failed to load memtrack module: -2
D/AndroidRuntime( 8742): Calling main entry com.android.commands.input.Input
I/Input   ( 8742): injectMotionEvent: MotionEvent { action=ACTION_DOWN, id[0]=0, x[0]=1136.0, y[0]=114.0, toolType[0]=TOOL_TYPE_UNKNOWN, buttonState=0, metaState=0, flags=0x0, edgeFlags=0x0, pointerCount=1, historySize=0, eventTime=426534, downTime=426534, deviceId=0, source=0x1002 }
I/Input   ( 8742): injectMotionEvent: MotionEvent { action=ACTION_MOVE, id[0]=0, x[0]=1136.0, y[0]=114.0, toolType[0]=TOOL_TYPE_UNKNOWN, buttonState=0, metaState=0, flags=0x0, edgeFlags=0x0, pointerCount=1, historySize=0, eventTime=426534, downTime=426534, deviceId=0, source=0x1002 }
I/Input   ( 8742): injectMotionEvent: MotionEvent { action=ACTION_MOVE, id[0]=0, x[0]=1136.0, y[0]=114.0, toolType[0]=TOOL_TYPE_UNKNOWN, buttonState=0, metaState=0, flags=0x0, edgeFlags=0x0, pointerCount=1, historySize=0, eventTime=426550, downTime=426550, deviceId=0, source=0x1002 }
I/Input   ( 8742): injectMotionEvent: MotionEvent { action=ACTION_MOVE, id[0]=0, x[0]=1136.0, y[0]=114.0, toolType[0]=TOOL_TYPE_UNKNOWN, buttonState=0, metaState=0, flags=0x0, edgeFlags=0x0, pointerCount=1, historySize=0, eventTime=426568, downTime=426568, deviceId=0, source=0x1002 }
I/Input   ( 8742): injectMotionEvent: MotionEvent { action=ACTION_MOVE, id[0]=0, x[0]=1136.0, y[0]=114.0, toolType[0]=TOOL_TYPE_UNKNOWN, buttonState=0, metaState=0, flags=0x0, edgeFlags=0x0, pointerCount=1, historySize=0, eventTime=426585, downTime=426585, deviceId=0, source=0x1002 }
I/Input   ( 8742): injectMotionEvent: MotionEvent { action=ACTION_MOVE, id[0]=0, x[0]=1136.0, y[0]=114.0, toolType[0]=TOOL_TYPE_UNKNOWN, buttonState=0, metaState=0, flags=0x0, edgeFlags=0x0, pointerCount=1, historySize=0, eventTime=426600, downTime=426600, deviceId=0, source=0x1002 }
I/Input   ( 8742): injectMotionEvent: MotionEvent { action=ACTION_MOVE, id[0]=0, x[0]=1136.0, y[0]=114.0, toolType[0]=TOOL_TYPE_UNKNOWN, buttonState=0, metaState=0, flags=0x0, edgeFlags=0x0, pointerCount=1, historySize=0, eventTime=426618, downTime=426618, deviceId=0, source=0x1002 }
I/Input   ( 8742): injectMotionEvent: MotionEvent { action=ACTION_MOVE, id[0]=0, x[0]=1136.0, y[0]=114.0, toolType[0]=TOOL_TYPE_UNKNOWN, buttonState=0, metaState=0, flags=0x0, edgeFlags=0x0, pointerCount=1, historySize=0, eventTime=426633, downTime=426633, deviceId=0, source=0x1002 }
I/Input   ( 8742): injectMotionEvent: MotionEvent { action=ACTION_MOVE, id[0]=0, x[0]=1136.0, y[0]=114.0, toolType[0]=TOOL_TYPE_UNKNOWN, buttonState=0, metaState=0, flags=0x0, edgeFlags=0x0, pointerCount=1, historySize=0, eventTime=426652, downTime=426652, deviceId=0, source=0x1002 }
I/Input   ( 8742): injectMotionEvent: MotionEvent { action=ACTION_MOVE, id[0]=0, x[0]=1136.0, y[0]=114.0, toolType[0]=TOOL_TYPE_UNKNOWN, buttonState=0, metaState=0, flags=0x0, edgeFlags=0x0, pointerCount=1, historySize=0, eventTime=426668, downTime=426668, deviceId=0, source=0x1002 }
I/Input   ( 8742): injectMotionEvent: MotionEvent { action=ACTION_MOVE, id[0]=0, x[0]=1136.0, y[0]=114.0, toolType[0]=TOOL_TYPE_UNKNOWN, buttonState=0, metaState=0, flags=0x0, edgeFlags=0x0, pointerCount=1, historySize=0, eventTime=426684, downTime=426684, deviceId=0, source=0x1002 }
I/Input   ( 8742): injectMotionEvent: MotionEvent { action=ACTION_MOVE, id[0]=0, x[0]=1136.0, y[0]=114.0, toolType[0]=TOOL_TYPE_UNKNOWN, buttonState=0, metaState=0, flags=0x0, edgeFlags=0x0, pointerCount=1, historySize=0, eventTime=426701, downTime=426701, deviceId=0, source=0x1002 }
I/Input   ( 8742): injectMotionEvent: MotionEvent { action=ACTION_MOVE, id[0]=0, x[0]=1136.0, y[0]=114.0, toolType[0]=TOOL_TYPE_UNKNOWN, buttonState=0, metaState=0, flags=0x0, edgeFlags=0x0, pointerCount=1, historySize=0, eventTime=426719, downTime=426719, deviceId=0, source=0x1002 }
I/Input   ( 8742): injectMotionEvent: MotionEvent { action=ACTION_MOVE, id[0]=0, x[0]=1136.0, y[0]=114.0, toolType[0]=TOOL_TYPE_UNKNOWN, buttonState=0, metaState=0, flags=0x0, edgeFlags=0x0, pointerCount=1, historySize=0, eventTime=426733, downTime=426733, deviceId=0, source=0x1002 }
I/Input   ( 8742): injectMotionEvent: MotionEvent { action=ACTION_MOVE, id[0]=0, x[0]=1136.0, y[0]=114.0, toolType[0]=TOOL_TYPE_UNKNOWN, buttonState=0, metaState=0, flags=0x0, edgeFlags=0x0, pointerCount=1, historySize=0, eventTime=426751, downTime=426751, deviceId=0, source=0x1002 }
I/Input   ( 8742): injectMotionEvent: MotionEvent { action=ACTION_MOVE, id[0]=0, x[0]=1136.0, y[0]=114.0, toolType[0]=TOOL_TYPE_UNKNOWN, buttonState=0, metaState=0, flags=0x0, edgeFlags=0x0, pointerCount=1, historySize=0, eventTime=426776, downTime=426776, deviceId=0, source=0x1002 }
I/Input   ( 8742): injectMotionEvent: MotionEvent { action=ACTION_MOVE, id[0]=0, x[0]=1136.0, y[0]=114.0, toolType[0]=TOOL_TYPE_UNKNOWN, buttonState=0, metaState=0, flags=0x0, edgeFlags=0x0, pointerCount=1, historySize=0, eventTime=426784, downTime=426784, deviceId=0, source=0x1002 }
I/Input   ( 8742): injectMotionEvent: MotionEvent { action=ACTION_MOVE, id[0]=0, x[0]=1136.0, y[0]=114.0, toolType[0]=TOOL_TYPE_UNKNOWN, buttonState=0, metaState=0, flags=0x0, edgeFlags=0x0, pointerCount=1, historySize=0, eventTime=426802, downTime=426802, deviceId=0, source=0x1002 }
I/Input   ( 8742): injectMotionEvent: MotionEvent { action=ACTION_MOVE, id[0]=0, x[0]=1136.0, y[0]=114.0, toolType[0]=TOOL_TYPE_UNKNOWN, buttonState=0, metaState=0, flags=0x0, edgeFlags=0x0, pointerCount=1, historySize=0, eventTime=426817, downTime=426817, deviceId=0, source=0x1002 }
I/Input   ( 8742): injectMotionEvent: MotionEvent { action=ACTION_MOVE, id[0]=0, x[0]=1136.0, y[0]=114.0, toolType[0]=TOOL_TYPE_UNKNOWN, buttonState=0, metaState=0, flags=0x0, edgeFlags=0x0, pointerCount=1, historySize=0, eventTime=426840, downTime=426840, deviceId=0, source=0x1002 }
I/Input   ( 8742): injectMotionEvent: MotionEvent { action=ACTION_MOVE, id[0]=0, x[0]=1136.0, y[0]=114.0, toolType[0]=TOOL_TYPE_UNKNOWN, buttonState=0, metaState=0, flags=0x0, edgeFlags=0x0, pointerCount=1, historySize=0, eventTime=426850, downTime=426850, deviceId=0, source=0x1002 }
I/Input   ( 8742): injectMotionEvent: MotionEvent { action=ACTION_MOVE, id[0]=0, x[0]=1136.0, y[0]=114.0, toolType[0]=TOOL_TYPE_UNKNOWN, buttonState=0, metaState=0, flags=0x0, edgeFlags=0x0, pointerCount=1, historySize=0, eventTime=426869, downTime=426869, deviceId=0, source=0x1002 }
I/Input   ( 8742): injectMotionEvent: MotionEvent { action=ACTION_MOVE, id[0]=0, x[0]=1136.0, y[0]=114.0, toolType[0]=TOOL_TYPE_UNKNOWN, buttonState=0, metaState=0, flags=0x0, edgeFlags=0x0, pointerCount=1, historySize=0, eventTime=426883, downTime=426883, deviceId=0, source=0x1002 }
I/Input   ( 8742): injectMotionEvent: MotionEvent { action=ACTION_MOVE, id[0]=0, x[0]=1136.0, y[0]=114.0, toolType[0]=TOOL_TYPE_UNKNOWN, buttonState=0, metaState=0, flags=0x0, edgeFlags=0x0, pointerCount=1, historySize=0, eventTime=426901, downTime=426901, deviceId=0, source=0x1002 }
I/Input   ( 8742): injectMotionEvent: MotionEvent { action=ACTION_MOVE, id[0]=0, x[0]=1136.0, y[0]=114.0, toolType[0]=TOOL_TYPE_UNKNOWN, buttonState=0, metaState=0, flags=0x0, edgeFlags=0x0, pointerCount=1, historySize=0, eventTime=426920, downTime=426920, deviceId=0, source=0x1002 }
I/Input   ( 8742): injectMotionEvent: MotionEvent { action=ACTION_MOVE, id[0]=0, x[0]=1136.0, y[0]=114.0, toolType[0]=TOOL_TYPE_UNKNOWN, buttonState=0, metaState=0, flags=0x0, edgeFlags=0x0, pointerCount=1, historySize=0, eventTime=426940, downTime=426940, deviceId=0, source=0x1002 }
I/Input   ( 8742): injectMotionEvent: MotionEvent { action=ACTION_MOVE, id[0]=0, x[0]=1136.0, y[0]=114.0, toolType[0]=TOOL_TYPE_UNKNOWN, buttonState=0, metaState=0, flags=0x0, edgeFlags=0x0, pointerCount=1, historySize=0, eventTime=426951, downTime=426951, deviceId=0, source=0x1002 }
I/Input   ( 8742): injectMotionEvent: MotionEvent { action=ACTION_MOVE, id[0]=0, x[0]=1136.0, y[0]=114.0, toolType[0]=TOOL_TYPE_UNKNOWN, buttonState=0, metaState=0, flags=0x0, edgeFlags=0x0, pointerCount=1, historySize=0, eventTime=426968, downTime=426968, deviceId=0, source=0x1002 }
I/Input   ( 8742): injectMotionEvent: MotionEvent { action=ACTION_MOVE, id[0]=0, x[0]=1136.0, y[0]=114.0, toolType[0]=TOOL_TYPE_UNKNOWN, buttonState=0, metaState=0, flags=0x0, edgeFlags=0x0, pointerCount=1, historySize=0, eventTime=426986, downTime=426986, deviceId=0, source=0x1002 }
I/Input   ( 8742): injectMotionEvent: MotionEvent { action=ACTION_MOVE, id[0]=0, x[0]=1136.0, y[0]=114.0, toolType[0]=TOOL_TYPE_UNKNOWN, buttonState=0, metaState=0, flags=0x0, edgeFlags=0x0, pointerCount=1, historySize=0, eventTime=427004, downTime=427004, deviceId=0, source=0x1002 }
I/Input   ( 8742): injectMotionEvent: MotionEvent { action=ACTION_MOVE, id[0]=0, x[0]=1136.0, y[0]=114.0, toolType[0]=TOOL_TYPE_UNKNOWN, buttonState=0, metaState=0, flags=0x0, edgeFlags=0x0, pointerCount=1, historySize=0, eventTime=427018, downTime=427018, deviceId=0, source=0x1002 }
I/Input   ( 8742): injectMotionEvent: MotionEvent { action=ACTION_MOVE, id[0]=0, x[0]=1136.0, y[0]=114.0, toolType[0]=TOOL_TYPE_UNKNOWN, buttonState=0, metaState=0, flags=0x0, edgeFlags=0x0, pointerCount=1, historySize=0, eventTime=427036, downTime=427036, deviceId=0, source=0x1002 }
I/Input   ( 8742): injectMotionEvent: MotionEvent { action=ACTION_MOVE, id[0]=0, x[0]=1136.0, y[0]=114.0, toolType[0]=TOOL_TYPE_UNKNOWN, buttonState=0, metaState=0, flags=0x0, edgeFlags=0x0, pointerCount=1, historySize=0, eventTime=427066, downTime=427066, deviceId=0, source=0x1002 }
I/Input   ( 8742): injectMotionEvent: MotionEvent { action=ACTION_MOVE, id[0]=0, x[0]=1136.0, y[0]=114.0, toolType[0]=TOOL_TYPE_UNKNOWN, buttonState=0, metaState=0, flags=0x0, edgeFlags=0x0, pointerCount=1, historySize=0, eventTime=427086, downTime=427086, deviceId=0, source=0x1002 }
I/Input   ( 8742): injectMotionEvent: MotionEvent { action=ACTION_MOVE, id[0]=0, x[0]=1136.0, y[0]=114.0, toolType[0]=TOOL_TYPE_UNKNOWN, buttonState=0, metaState=0, flags=0x0, edgeFlags=0x0, pointerCount=1, historySize=0, eventTime=427113, downTime=427113, deviceId=0, source=0x1002 }
I/Input   ( 8742): injectMotionEvent: MotionEvent { action=ACTION_MOVE, id[0]=0, x[0]=1136.0, y[0]=114.0, toolType[0]=TOOL_TYPE_UNKNOWN, buttonState=0, metaState=0, flags=0x0, edgeFlags=0x0, pointerCount=1, historySize=0, eventTime=427139, downTime=427139, deviceId=0, source=0x1002 }
