I/Input   ( 8742): injectMotionEvent: MotionEvent { action=ACTION_MOVE, id[0]=0, x[0]=1136.0, y[0]=114.0, toolType[0]=TOOL_TYPE_UNKNOWN, buttonState=0, metaState=0, flags=0x0, edgeFlags=0x0, pointerCount=1, historySize=0, eventTime=427155, downTime=427155, deviceId=0, source=0x1002 }
I/Input   ( 8742): injectMotionEvent: MotionEvent { action=ACTION_MOVE, id[0]=0, x[0]=1136.0, y[0]=114.0, toolType[0]=TOOL_TYPE_UNKNOWN, buttonState=0, metaState=0, flags=0x0, edgeFlags=0x0, pointerCount=1, historySize=0, eventTime=427183, downTime=427183, deviceId=0, source=0x1002 }
I/Input   ( 8742): injectMotionEvent: MotionEvent { action=ACTION_MOVE, id[0]=0, x[0]=1136.0, y[0]=114.0, toolType[0]=TOOL_TYPE_UNKNOWN, buttonState=0, metaState=0, flags=0x0, edgeFlags=0x0, pointerCount=1, historySize=0, eventTime=427201, downTime=427201, deviceId=0, source=0x1002 }
I/Input   ( 8742): injectMotionEvent: MotionEvent { action=ACTION_MOVE, id[0]=0, x[0]=1136.0, y[0]=114.0, toolType[0]=TOOL_TYPE_UNKNOWN, buttonState=0, metaState=0, flags=0x0, edgeFlags=0x0, pointerCount=1, historySize=0, eventTime=427218, downTime=427218, deviceId=0, source=0x1002 }
I/Input   ( 8742): injectMotionEvent: MotionEvent { action=ACTION_MOVE, id[0]=0, x[0]=1136.0, y[0]=114.0, toolType[0]=TOOL_TYPE_UNKNOWN, buttonState=0, metaState=0, flags=0x0, edgeFlags=0x0, pointerCount=1, historySize=0, eventTime=427239, downTime=427239, deviceId=0, source=0x1002 }
I/Input   ( 8742): injectMotionEvent: MotionEvent { action=ACTION_MOVE, id[0]=0, x[0]=1136.0, y[0]=114.0, toolType[0]=TOOL_TYPE_UNKNOWN, buttonState=0, metaState=0, flags=0x0, edgeFlags=0x0, pointerCount=1, historySize=0, eventTime=427250, downTime=427250, deviceId=0, source=0x1002 }
I/Input   ( 8742): injectMotionEvent: MotionEvent { action=ACTION_MOVE, id[0]=0, x[0]=1136.0, y[0]=114.0, toolType[0]=TOOL_TYPE_UNKNOWN, buttonState=0, metaState=0, flags=0x0, edgeFlags=0x0, pointerCount=1, historySize=0, eventTime=427267, downTime=427267, deviceId=0, source=0x1002 }
I/Input   ( 8742): injectMotionEvent: MotionEvent { action=ACTION_MOVE, id[0]=0, x[0]=1136.0, y[0]=114.0, toolType[0]=TOOL_TYPE_UNKNOWN, buttonState=0, metaState=0, flags=0x0, edgeFlags=0x0, pointerCount=1, historySize=0, eventTime=427291, downTime=427291, deviceId=0, source=0x1002 }
I/Input   ( 8742): injectMotionEvent: MotionEvent { action=ACTION_MOVE, id[0]=0, x[0]=1136.0, y[0]=114.0, toolType[0]=TOOL_TYPE_UNKNOWN, buttonState=0, metaState=0, flags=0x0, edgeFlags=0x0, pointerCount=1, historySize=0, eventTime=427313, downTime=427313, deviceId=0, source=0x1002 }
I/Input   ( 8742): injectMotionEvent: MotionEvent { action=ACTION_MOVE, id[0]=0, x[0]=1136.0, y[0]=114.0, toolType[0]=TOOL_TYPE_UNKNOWN, buttonState=0, metaState=0, flags=0x0, edgeFlags=0x0, pointerCount=1, historySize=0, eventTime=427345, downTime=427345, deviceId=0, source=0x1002 }
I/Input   ( 8742): injectMotionEvent: MotionEvent { action=ACTION_MOVE, id[0]=0, x[0]=1136.0, y[0]=114.0, toolType[0]=TOOL_TYPE_UNKNOWN, buttonState=0, metaState=0, flags=0x0, edgeFlags=0x0, pointerCount=1, historySize=0, eventTime=427369, downTime=427369, deviceId=0, source=0x1002 }
I/Input   ( 8742): injectMotionEvent: MotionEvent { action=ACTION_MOVE, id[0]=0, x[0]=1136.0, y[0]=114.0, toolType[0]=TOOL_TYPE_UNKNOWN, buttonState=0, metaState=0, flags=0x0, edgeFlags=0x0, pointerCount=1, historySize=0, eventTime=427384, downTime=427384, deviceId=0, source=0x1002 }
I/Input   ( 8742): injectMotionEvent: MotionEvent { action=ACTION_MOVE, id[0]=0, x[0]=1136.0, y[0]=114.0, toolType[0]=TOOL_TYPE_UNKNOWN, buttonState=0, metaState=0, flags=0x0, edgeFlags=0x0, pointerCount=1, historySize=0, eventTime=427401, downTime=427401, deviceId=0, source=0x1002 }
I/Input   ( 8742): injectMotionEvent: MotionEvent { action=ACTION_MOVE, id[0]=0, x[0]=1136.0, y[0]=114.0, toolType[0]=TOOL_TYPE_UNKNOWN, buttonState=0, metaState=0, flags=0x0, edgeFlags=0x0, pointerCount=1, historySize=0, eventTime=427417, downTime=427417, deviceId=0, source=0x1002 }
I/Input   ( 8742): injectMotionEvent: MotionEvent { action=ACTION_MOVE, id[0]=0, x[0]=1136.0, y[0]=114.0, toolType[0]=TOOL_TYPE_UNKNOWN, buttonState=0, metaState=0, flags=0x0, edgeFlags=0x0, pointerCount=1, historySize=0, eventTime=427434, downTime=427434, deviceId=0, source=0x1002 }
I/Input   ( 8742): injectMotionEvent: MotionEvent { action=ACTION_MOVE, id[0]=0, x[0]=1136.0, y[0]=114.0, toolType[0]=TOOL_TYPE_UNKNOWN, buttonState=0, metaState=0, flags=0x0, edgeFlags=0x0, pointerCount=1, historySize=0, eventTime=427451, downTime=427451, deviceId=0, source=0x1002 }
I/Input   ( 8742): injectMotionEvent: MotionEvent { action=ACTION_MOVE, id[0]=0, x[0]=1136.0, y[0]=114.0, toolType[0]=TOOL_TYPE_UNKNOWN, buttonState=0, metaState=0, flags=0x0, edgeFlags=0x0, pointerCount=1, historySize=0, eventTime=427467, downTime=427467, deviceId=0, source=0x1002 }
I/Input   ( 8742): injectMotionEvent: MotionEvent { action=ACTION_MOVE, id[0]=0, x[0]=1136.0, y[0]=114.0, toolType[0]=TOOL_TYPE_UNKNOWN, buttonState=0, metaState=0, flags=0x0, edgeFlags=0x0, pointerCount=1, historySize=0, eventTime=427484, downTime=427484, deviceId=0, source=0x1002 }
I/Input   ( 8742): injectMotionEvent: MotionEvent { action=ACTION_MOVE, id[0]=0, x[0]=1136.0, y[0]=114.0, toolType[0]=TOOL_TYPE_UNKNOWN, buttonState=0, metaState=0, flags=0x0, edgeFlags=0x0, pointerCount=1, historySize=0, eventTime=427501, downTime=427501, deviceId=0, source=0x1002 }
I/Input   ( 8742): injectMotionEvent: MotionEvent { action=ACTION_MOVE, id[0]=0, x[0]=1136.0, y[0]=114.0, toolType[0]=TOOL_TYPE_UNKNOWN, buttonState=0, metaState=0, flags=0x0, edgeFlags=0x0, pointerCount=1, historySize=0, eventTime=427517, downTime=427517, deviceId=0, source=0x1002 }
I/Input   ( 8742): injectMotionEvent: MotionEvent { action=ACTION_MOVE, id[0]=0, x[0]=1136.0, y[0]=114.0, toolType[0]=TOOL_TYPE_UNKNOWN, buttonState=0, metaState=0, flags=0x0, edgeFlags=0x0, pointerCount=1, historySize=0, eventTime=427533, downTime=427533, deviceId=0, source=0x1002 }
I/Input   ( 8742): injectMotionEvent: MotionEvent { action=ACTION_MOVE, id[0]=0, x[0]=1136.0, y[0]=114.0, toolType[0]=TOOL_TYPE_UNKNOWN, buttonState=0, metaState=0, flags=0x0, edgeFlags=0x0, pointerCount=1, historySize=0, eventTime=427551, downTime=427551, deviceId=0, source=0x1002 }
I/Input   ( 8742): injectMotionEvent: MotionEvent { action=ACTION_MOVE, id[0]=0, x[0]=1136.0, y[0]=114.0, toolType[0]=TOOL_TYPE_UNKNOWN, buttonState=0, metaState=0, flags=0x0, edgeFlags=0x0, pointerCount=1, historySize=0, eventTime=427567, downTime=427567, deviceId=0, source=0x1002 }
I/Input   ( 8742): injectMotionEvent: MotionEvent { action=ACTION_MOVE, id[0]=0, x[0]=1136.0, y[0]=114.0, toolType[0]=TOOL_TYPE_UNKNOWN, buttonState=0, metaState=0, flags=0x0, edgeFlags=0x0, pointerCount=1, historySize=0, eventTime=427585, downTime=427585, deviceId=0, source=0x1002 }
I/Input   ( 8742): injectMotionEvent: MotionEvent { action=ACTION_MOVE, id[0]=0, x[0]=1136.0, y[0]=114.0, toolType[0]=TOOL_TYPE_UNKNOWN, buttonState=0, metaState=0, flags=0x0, edgeFlags=0x0, pointerCount=1, historySize=0, eventTime=427601, downTime=427601, deviceId=0, source=0x1002 }
I/Input   ( 8742): injectMotionEvent: MotionEvent { action=ACTION_MOVE, id[0]=0, x[0]=1136.0, y[0]=114.0, toolType[0]=TOOL_TYPE_UNKNOWN, buttonState=0, metaState=0, flags=0x0, edgeFlags=0x0, pointerCount=1, historySize=0, eventTime=427617, downTime=427617, deviceId=0, source=0x1002 }
I/Input   ( 8742): injectMotionEvent: MotionEvent { action=ACTION_MOVE, id[0]=0, x[0]=1136.0, y[0]=114.0, toolType[0]=TOOL_TYPE_UNKNOWN, buttonState=0, metaState=0, flags=0x0, edgeFlags=0x0, pointerCount=1, historySize=0, eventTime=427633, downTime=427633, deviceId=0, source=0x1002 }
I/Input   ( 8742): injectMotionEvent: MotionEvent { action=ACTION_MOVE, id[0]=0, x[0]=1136.0, y[0]=114.0, toolType[0]=TOOL_TYPE_UNKNOWN, buttonState=0, metaState=0, flags=0x0, edgeFlags=0x0, pointerCount=1, historySize=0, eventTime=427650, downTime=427650, deviceId=0, source=0x1002 }
I/Input   ( 8742): injectMotionEvent: MotionEvent { action=ACTION_MOVE, id[0]=0, x[0]=1136.0, y[0]=114.0, toolType[0]=TOOL_TYPE_UNKNOWN, buttonState=0, metaState=0, flags=0x0, edgeFlags=0x0, pointerCount=1, historySize=0, eventTime=427668, downTime=427668, deviceId=0, source=0x1002 }
I/Input   ( 8742): injectMotionEvent: MotionEvent { action=ACTION_MOVE, id[0]=0, x[0]=1136.0, y[0]=114.0, toolType[0]=TOOL_TYPE_UNKNOWN, buttonState=0, metaState=0, flags=0x0, edgeFlags=0x0, pointerCount=1, historySize=0, eventTime=427683, downTime=427683, deviceId=0, source=0x1002 }
I/Input   ( 8742): injectMotionEvent: MotionEvent { action=ACTION_MOVE, id[0]=0, x[0]=1136.0, y[0]=114.0, toolType[0]=TOOL_TYPE_UNKNOWN, buttonState=0, metaState=0, flags=0x0, edgeFlags=0x0, pointerCount=1, historySize=0, eventTime=427701, downTime=427701, deviceId=0, source=0x1002 }
I/Input   ( 8742): injectMotionEvent: MotionEvent { action=ACTION_MOVE, id[0]=0, x[0]=1136.0, y[0]=114.0, toolType[0]=TOOL_TYPE_UNKNOWN, buttonState=0, metaState=0, flags=0x0, edgeFlags=0x0, pointerCount=1, historySize=0, eventTime=427717, downTime=427717, deviceId=0, source=0x1002 }
I/Input   ( 8742): injectMotionEvent: MotionEvent { action=ACTION_MOVE, id[0]=0, x[0]=1136.0, y[0]=114.0, toolType[0]=TOOL_TYPE_UNKNOWN, buttonState=0, metaState=0, flags=0x0, edgeFlags=0x0, pointerCount=1, historySize=0, eventTime=427733, downTime=427733, deviceId=0, source=0x1002 }
I/Input   ( 8742): injectMotionEvent: MotionEvent { action=ACTION_MOVE, id[0]=0, x[0]=1136.0, y[0]=114.0, toolType[0]=TOOL_TYPE_UNKNOWN, buttonState=0, metaState=0, flags=0x0, edgeFlags=0x0, pointerCount=1, historySize=0, eventTime=427751, downTime=427751, deviceId=0, source=0x1002 }
I/Input   ( 8742): injectMotionEvent: MotionEvent { action=ACTION_MOVE, id[0]=0, x[0]=1136.0, y[0]=114.0, toolType[0]=TOOL_TYPE_UNKNOWN, buttonState=0, metaState=0, flags=0x0, edgeFlags=0x0, pointerCount=1, historySize=0, eventTime=427768, downTime=427768, deviceId=0, source=0x1002 }
I/Input   ( 8742): injectMotionEvent: MotionEvent { action=ACTION_MOVE, id[0]=0, x[0]=1136.0, y[0]=114.0, toolType[0]=TOOL_TYPE_UNKNOWN, buttonState=0, metaState=0, flags=0x0, edgeFlags=0x0, pointerCount=1, historySize=0, eventTime=427784, downTime=427784, deviceId=0, source=0x1002 }
I/Input   ( 8742): injectMotionEvent: MotionEvent { action=ACTION_MOVE, id[0]=0, x[0]=1136.0, y[0]=114.0, toolType[0]=TOOL_TYPE_UNKNOWN, buttonState=0, metaState=0, flags=0x0, edgeFlags=0x0, pointerCount=1, historySize=0, eventTime=427801, downTime=427801, deviceId=0, source=0x1002 }
I/Input   ( 8742): injectMotionEvent: MotionEvent { action=ACTION_MOVE, id[0]=0, x[0]=1136.0, y[0]=114.0, toolType[0]=TOOL_TYPE_UNKNOWN, buttonState=0, metaState=0, flags=0x0, edgeFlags=0x0, pointerCount=1, historySize=0, eventTime=427817, downTime=427817, deviceId=0, source=0x1002 }
I/Input   ( 8742): injectMotionEvent: MotionEvent { action=ACTION_MOVE, id[0]=0, x[0]=1136.0, y[0]=114.0, toolType[0]=TOOL_TYPE_UNKNOWN, buttonState=0, metaState=0, flags=0x0, edgeFlags=0x0, pointerCount=1, historySize=0, eventTime=427833, downTime=427833, deviceId=0, source=0x1002 }
I/Input   ( 8742): injectMotionEvent: MotionEvent { action=ACTION_MOVE, id[0]=0, x[0]=1136.0, y[0]=114.0, toolType[0]=TOOL_TYPE_UNKNOWN, buttonState=0, metaState=0, flags=0x0, edgeFlags=0x0, pointerCount=1, historySize=0, eventTime=427850, downTime=427850, deviceId=0, source=0x1002 }
I/Input   ( 8742): injectMotionEvent: MotionEvent { action=ACTION_MOVE, id[0]=0, x[0]=1136.0, y[0]=114.0, toolType[0]=TOOL_TYPE_UNKNOWN, buttonState=0, metaState=0, flags=0x0, edgeFlags=0x0, pointerCount=1, historySize=0, eventTime=427868, downTime=427868, deviceId=0, source=0x1002 }
I/Input   ( 8742): injectMotionEvent: MotionEvent { action=ACTION_MOVE, id[0]=0, x[0]=1136.0, y[0]=114.0, toolType[0]=TOOL_TYPE_UNKNOWN, buttonState=0, metaState=0, flags=0x0, edgeFlags=0x0, pointerCount=1, historySize=0, eventTime=427883, downTime=427883, deviceId=0, source=0x1002 }
I/Input   ( 8742): injectMotionEvent: MotionEvent { action=ACTION_MOVE, id[0]=0, x[0]=1136.0, y[0]=114.0, toolType[0]=TOOL_TYPE_UNKNOWN, buttonState=0, metaState=0, flags=0x0, edgeFlags=0x0, pointerCount=1, historySize=0, eventTime=427901, downTime=427901, deviceId=0, source=0x1002 }
I/Input   ( 8742): injectMotionEvent: MotionEvent { action=ACTION_MOVE, id[0]=0, x[0]=1136.0, y[0]=114.0, toolType[0]=TOOL_TYPE_UNKNOWN, buttonState=0, metaState=0, flags=0x0, edgeFlags=0x0, pointerCount=1, historySize=0, eventTime=427917, downTime=427917, deviceId=0, source=0x1002 }
I/Input   ( 8742): injectMotionEvent: MotionEvent { action=ACTION_MOVE, id[0]=0, x[0]=1136.0, y[0]=114.0, toolType[0]=TOOL_TYPE_UNKNOWN, buttonState=0, metaState=0, flags=0x0, edgeFlags=0x0, pointerCount=1, historySize=0, eventTime=427933, downTime=427933, deviceId=0, source=0x1002 }
I/Input   ( 8742): injectMotionEvent: MotionEvent { action=ACTION_MOVE, id[0]=0, x[0]=1136.0, y[0]=114.0, toolType[0]=TOOL_TYPE_UNKNOWN, buttonState=0, metaState=0, flags=0x0, edgeFlags=0x0, pointerCount=1, historySize=0, eventTime=427951, downTime=427951, deviceId=0, source=0x1002 }
I/Input   ( 8742): injectMotionEvent: MotionEvent { action=ACTION_MOVE, id[0]=0, x[0]=1136.0, y[0]=114.0, toolType[0]=TOOL_TYPE_UNKNOWN, buttonState=0, metaState=0, flags=0x0, edgeFlags=0x0, pointerCount=1, historySize=0, eventTime=427967, downTime=427967, deviceId=0, source=0x1002 }
I/Input   ( 8742): injectMotionEvent: MotionEvent { action=ACTION_MOVE, id[0]=0, x[0]=1136.0, y[0]=114.0, toolType[0]=TOOL_TYPE_UNKNOWN, buttonState=0, metaState=0, flags=0x0, edgeFlags=0x0, pointerCount=1, historySize=0, eventTime=427983, downTime=427983, deviceId=0, source=0x1002 }
I/Input   ( 8742): injectMotionEvent: MotionEvent { action=ACTION_MOVE, id[0]=0, x[0]=1136.0, y[0]=114.0, toolType[0]=TOOL_TYPE_UNKNOWN, buttonState=0, metaState=0, flags=0x0, edgeFlags=0x0, pointerCount=1, historySize=0, eventTime=428001, downTime=428001, deviceId=0, source=0x1002 }
I/Input   ( 8742): injectMotionEvent: MotionEvent { action=ACTION_MOVE, id[0]=0, x[0]=1136.0, y[0]=114.0, toolType[0]=TOOL_TYPE_UNKNOWN, buttonState=0, metaState=0, flags=0x0, edgeFlags=0x0, pointerCount=1, historySize=0, eventTime=428018, downTime=428018, deviceId=0, source=0x1002 }
I/Input   ( 8742): injectMotionEvent: MotionEvent { action=ACTION_MOVE, id[0]=0, x[0]=1136.0, y[0]=114.0, toolType[0]=TOOL_TYPE_UNKNOWN, buttonState=0, metaState=0, flags=0x0, edgeFlags=0x0, pointerCount=1, historySize=0, eventTime=428033, downTime=428033, deviceId=0, source=0x1002 }
I/Input   ( 8742): injectMotionEvent: MotionEvent { action=ACTION_MOVE, id[0]=0, x[0]=1136.0, y[0]=114.0, toolType[0]=TOOL_TYPE_UNKNOWN, buttonState=0, metaState=0, flags=0x0, edgeFlags=0x0, pointerCount=1, historySize=0, eventTime=428050, downTime=428050, deviceId=0, source=0x1002 }
I/Input   ( 8742): injectMotionEvent: MotionEvent { action=ACTION_MOVE, id[0]=0, x[0]=1136.0, y[0]=114.0, toolType[0]=TOOL_TYPE_UNKNOWN, buttonState=0, metaState=0, flags=0x0, edgeFlags=0x0, pointerCount=1, historySize=0, eventTime=428067, downTime=428067, deviceId=0, source=0x1002 }
I/Input   ( 8742): injectMotionEvent: MotionEvent { action=ACTION_MOVE, id[0]=0, x[0]=1136.0, y[0]=114.0, toolType[0]=TOOL_TYPE_UNKNOWN, buttonState=0, metaState=0, flags=0x0, edgeFlags=0x0, pointerCount=1, historySize=0, eventTime=428083, downTime=428083, deviceId=0, source=0x1002 }
I/Input   ( 8742): injectMotionEvent: MotionEvent { action=ACTION_MOVE, id[0]=0, x[0]=1136.0, y[0]=114.0, toolType[0]=TOOL_TYPE_UNKNOWN, buttonState=0, metaState=0, flags=0x0, edgeFlags=0x0, pointerCount=1, historySize=0, eventTime=428101, downTime=428101, deviceId=0, source=0x1002 }
I/Input   ( 8742): injectMotionEvent: MotionEvent { action=ACTION_MOVE, id[0]=0, x[0]=1136.0, y[0]=114.0, toolType[0]=TOOL_TYPE_UNKNOWN, buttonState=0, metaState=0, flags=0x0, edgeFlags=0x0, pointerCount=1, historySize=0, eventTime=428117, downTime=428117, deviceId=0, source=0x1002 }
I/Input   ( 8742): injectMotionEvent: MotionEvent { action=ACTION_MOVE, id[0]=0, x[0]=1136.0, y[0]=114.0, toolType[0]=TOOL_TYPE_UNKNOWN, buttonState=0, metaState=0, flags=0x0, edgeFlags=0x0, pointerCount=1, historySize=0, eventTime=428133, downTime=428133, deviceId=0, source=0x1002 }
I/Input   ( 8742): injectMotionEvent: MotionEvent { action=ACTION_MOVE, id[0]=0, x[0]=1136.0, y[0]=114.0, toolType[0]=TOOL_TYPE_UNKNOWN, buttonState=0, metaState=0, flags=0x0, edgeFlags=0x0, pointerCount=1, historySize=0, eventTime=428151, downTime=428151, deviceId=0, source=0x1002 }
I/Input   ( 8742): injectMotionEvent: MotionEvent { action=ACTION_MOVE, id[0]=0, x[0]=1136.0, y[0]=114.0, toolType[0]=TOOL_TYPE_UNKNOWN, buttonState=0, metaState=0, flags=0x0, edgeFlags=0x0, pointerCount=1, historySize=0, eventTime=428167, downTime=428167, deviceId=0, source=0x1002 }
I/Input   ( 8742): injectMotionEvent: MotionEvent { action=ACTION_MOVE, id[0]=0, x[0]=1136.0, y[0]=114.0, toolType[0]=TOOL_TYPE_UNKNOWN, buttonState=0, metaState=0, flags=0x0, edgeFlags=0x0, pointerCount=1, historySize=0, eventTime=428185, downTime=428185, deviceId=0, source=0x1002 }
I/Input   ( 8742): injectMotionEvent: MotionEvent { action=ACTION_MOVE, id[0]=0, x[0]=1136.0, y[0]=114.0, toolType[0]=TOOL_TYPE_UNKNOWN, buttonState=0, metaState=0, flags=0x0, edgeFlags=0x0, pointerCount=1, historySize=0, eventTime=428202, downTime=428202, deviceId=0, source=0x1002 }
I/Input   ( 8742): injectMotionEvent: MotionEvent { action=ACTION_MOVE, id[0]=0, x[0]=1136.0, y[0]=114.0, toolType[0]=TOOL_TYPE_UNKNOWN, buttonState=0, metaState=0, flags=0x0, edgeFlags=0x0, pointerCount=1, historySize=0, eventTime=428217, downTime=428217, deviceId=0, source=0x1002 }
I/Input   ( 8742): injectMotionEvent: MotionEvent { action=ACTION_MOVE, id[0]=0, x[0]=1136.0, y[0]=114.0, toolType[0]=TOOL_TYPE_UNKNOWN, buttonState=0, metaState=0, flags=0x0, edgeFlags=0x0, pointerCount=1, historySize=0, eventTime=428233, downTime=428233, deviceId=0, source=0x1002 }
I/Input   ( 8742): injectMotionEvent: MotionEvent { action=ACTION_MOVE, id[0]=0, x[0]=1136.0, y[0]=114.0, toolType[0]=TOOL_TYPE_UNKNOWN, buttonState=0, metaState=0, flags=0x0, edgeFlags=0x0, pointerCount=1, historySize=0, eventTime=428250, downTime=428250, deviceId=0, source=0x1002 }
I/Input   ( 8742): injectMotionEvent: MotionEvent { action=ACTION_MOVE, id[0]=0, x[0]=1136.0, y[0]=114.0, toolType[0]=TOOL_TYPE_UNKNOWN, buttonState=0, metaState=0, flags=0x0, edgeFlags=0x0, pointerCount=1, historySize=0, eventTime=428267, downTime=428267, deviceId=0, source=0x1002 }
I/Input   ( 8742): injectMotionEvent: MotionEvent { action=ACTION_MOVE, id[0]=0, x[0]=1136.0, y[0]=114.0, toolType[0]=TOOL_TYPE_UNKNOWN, buttonState=0, metaState=0, flags=0x0, edgeFlags=0x0, pointerCount=1, historySize=0, eventTime=428283, downTime=428283, deviceId=0, source=0x1002 }
I/Input   ( 8742): injectMotionEvent: MotionEvent { action=ACTION_MOVE, id[0]=0, x[0]=1136.0, y[0]=114.0, toolType[0]=TOOL_TYPE_UNKNOWN, buttonState=0, metaState=0, flags=0x0, edgeFlags=0x0, pointerCount=1, historySize=0, eventTime=428300, downTime=428300, deviceId=0, source=0x1002 }
I/Input   ( 8742): injectMotionEvent: MotionEvent { action=ACTION_MOVE, id[0]=0, x[0]=1136.0, y[0]=114.0, toolType[0]=TOOL_TYPE_UNKNOWN, buttonState=0, metaState=0, flags=0x0, edgeFlags=0x0, pointerCount=1, historySize=0, eventTime=428317, downTime=428317, deviceId=0, source=0x1002 }
I/Input   ( 8742): injectMotionEvent: MotionEvent { action=ACTION_MOVE, id[0]=0, x[0]=1136.0, y[0]=114.0, toolType[0]=TOOL_TYPE_UNKNOWN, buttonState=0, metaState=0, flags=0x0, edgeFlags=0x0, pointerCount=1, historySize=0, eventTime=428333, downTime=428333, deviceId=0, source=0x1002 }
I/Input   ( 8742): injectMotionEvent: MotionEvent { action=ACTION_MOVE, id[0]=0, x[0]=1136.0, y[0]=114.0, toolType[0]=TOOL_TYPE_UNKNOWN, buttonState=0, metaState=0, flags=0x0, edgeFlags=0x0, pointerCount=1, historySize=0, eventTime=428350, downTime=428350, deviceId=0, source=0x1002 }
I/Input   ( 8742): injectMotionEvent: MotionEvent { action=ACTION_MOVE, id[0]=0, x[0]=1136.0, y[0]=114.0, toolType[0]=TOOL_TYPE_UNKNOWN, buttonState=0, metaState=0, flags=0x0, edgeFlags=0x0, pointerCount=1, historySize=0, eventTime=428368, downTime=428368, deviceId=0, source=0x1002 }
I/Input   ( 8742): injectMotionEvent: MotionEvent { action=ACTION_MOVE, id[0]=0, x[0]=1136.0, y[0]=114.0, toolType[0]=TOOL_TYPE_UNKNOWN, buttonState=0, metaState=0, flags=0x0, edgeFlags=0x0, pointerCount=1, historySize=0, eventTime=428383, downTime=428383, deviceId=0, source=0x1002 }
I/Input   ( 8742): injectMotionEvent: MotionEvent { action=ACTION_MOVE, id[0]=0, x[0]=1136.0, y[0]=114.0, toolType[0]=TOOL_TYPE_UNKNOWN, buttonState=0, metaState=0, flags=0x0, edgeFlags=0x0, pointerCount=1, historySize=0, eventTime=428401, downTime=428401, deviceId=0, source=0x1002 }
I/Input   ( 8742): injectMotionEvent: MotionEvent { action=ACTION_MOVE, id[0]=0, x[0]=1136.0, y[0]=114.0, toolType[0]=TOOL_TYPE_UNKNOWN, buttonState=0, metaState=0, flags=0x0, edgeFlags=0x0, pointerCount=1, historySize=0, eventTime=428417, downTime=428417, deviceId=0, source=0x1002 }
I/Input   ( 8742): injectMotionEvent: MotionEvent { action=ACTION_MOVE, id[0]=0, x[0]=1136.0, y[0]=114.0, toolType[0]=TOOL_TYPE_UNKNOWN, buttonState=0, metaState=0, flags=0x0, edgeFlags=0x0, pointerCount=1, historySize=0, eventTime=428434, downTime=428434, deviceId=0, source=0x1002 }
I/Input   ( 8742): injectMotionEvent: MotionEvent { action=ACTION_MOVE, id[0]=0, x[0]=1136.0, y[0]=114.0, toolType[0]=TOOL_TYPE_UNKNOWN, buttonState=0, metaState=0, flags=0x0, edgeFlags=0x0, pointerCount=1, historySize=0, eventTime=428451, downTime=428451, deviceId=0, source=0x1002 }
I/Input   ( 8742): injectMotionEvent: MotionEvent { action=ACTION_MOVE, id[0]=0, x[0]=1136.0, y[0]=114.0, toolType[0]=TOOL_TYPE_UNKNOWN, buttonState=0, metaState=0, flags=0x0, edgeFlags=0x0, pointerCount=1, historySize=0, eventTime=428468, downTime=428468, deviceId=0, source=0x1002 }
I/Input   ( 8742): injectMotionEvent: MotionEvent { action=ACTION_MOVE, id[0]=0, x[0]=1136.0, y[0]=114.0, toolType[0]=TOOL_TYPE_UNKNOWN, buttonState=0, metaState=0, flags=0x0, edgeFlags=0x0, pointerCount=1, historySize=0, eventTime=428484, downTime=428484, deviceId=0, source=0x1002 }
I/Input   ( 8742): injectMotionEvent: MotionEvent { action=ACTION_MOVE, id[0]=0, x[0]=1136.0, y[0]=114.0, toolType[0]=TOOL_TYPE_UNKNOWN, buttonState=0, metaState=0, flags=0x0, edgeFlags=0x0, pointerCount=1, historySize=0, eventTime=428501, downTime=428501, deviceId=0, source=0x1002 }
I/Input   ( 8742): injectMotionEvent: MotionEvent { action=ACTION_MOVE, id[0]=0, x[0]=1136.0, y[0]=114.0, toolType[0]=TOOL_TYPE_UNKNOWN, buttonState=0, metaState=0, flags=0x0, edgeFlags=0x0, pointerCount=1, historySize=0, eventTime=428517, downTime=428517, deviceId=0, source=0x1002 }
I/Input   ( 8742): injectMotionEvent: MotionEvent { action=ACTION_MOVE, id[0]=0, x[0]=1136.0, y[0]=114.0, toolType[0]=TOOL_TYPE_UNKNOWN, buttonState=0, metaState=0, flags=0x0, edgeFlags=0x0, pointerCount=1, historySize=0, eventTime=428533, downTime=428533, deviceId=0, source=0x1002 }
I/Input   ( 8742): injectMotionEvent: MotionEvent { action=ACTION_UP, id[0]=0, x[0]=1136.0, y[0]=114.0, toolType[0]=TOOL_TYPE_UNKNOWN, buttonState=0, metaState=0, flags=0x0, edgeFlags=0x0, pointerCount=1, historySize=0, eventTime=428550, downTime=428550, deviceId=0, source=0x1002 }
D/AndroidRuntime( 8742): Shutting down VM
W/AudioTrack(  526): AUDIO_OUTPUT_FLAG_FAST denied by client
V/WindowManager(  526): Adding window Window{3c73fb79 u0 PopupWindow:23af025e} at 3 of 8 (after Window{2d71a576 u0 org.afhdownloader/org.afhdownloader.MainActivity})
W/EGL_emulation( 6271): eglSurfaceAttrib not implemented
W/OpenGLRenderer( 6271): Failed to set EGL_SWAP_BEHAVIOR on surface 0xf3ee8e60, error=EGL_SUCCESS
D/AndroidRuntime( 9081): >>>>>> START com.android.internal.os.RuntimeInit uid 0 <<<<<<
D/AndroidRuntime( 9081): CheckJNI is OFF
E/memtrack( 9081): Couldn't load memtrack module (No such file or directory)
E/android.os.Debug( 9081): failed to load memtrack module: -2
D/AndroidRuntime( 9081): Calling main entry com.android.commands.uiautomator.Launcher
W/AccessibilityNodeInfoDumper( 9081): Fetch time: 1ms
W/WindowManager(  526): Attempted to remove non-existing token: android.os.Binder@6afd635
D/AndroidRuntime( 9081): Shutting down VM
D/AndroidRuntime( 9109): >>>>>> START com.android.internal.os.RuntimeInit uid 0 <<<<<<
D/AndroidRuntime( 9109): CheckJNI is OFF
E/memtrack( 9109): Couldn't load memtrack module (No such file or directory)
E/android.os.Debug( 9109): failed to load memtrack module: -2
D/AndroidRuntime( 9109): Calling main entry com.android.commands.uiautomator.Launcher
W/AccessibilityNodeInfoDumper( 9109): Fetch time: 1ms
W/WindowManager(  526): Attempted to remove non-existing token: android.os.Binder@e208aca
D/AndroidRuntime( 9109): Shutting down VM
D/AndroidRuntime( 9132): >>>>>> START com.android.internal.os.RuntimeInit uid 0 <<<<<<
D/AndroidRuntime( 9132): CheckJNI is OFF
E/memtrack( 9132): Couldn't load memtrack module (No such file or directory)
E/android.os.Debug( 9132): failed to load memtrack module: -2
D/AndroidRuntime( 9132): Calling main entry com.android.commands.uiautomator.Launcher
W/AccessibilityNodeInfoDumper( 9132): Fetch time: 1ms
W/WindowManager(  526): Attempted to remove non-existing token: android.os.Binder@1a868758
D/AndroidRuntime( 9132): Shutting down VM
D/AndroidRuntime( 9160): >>>>>> START com.android.internal.os.RuntimeInit uid 0 <<<<<<
D/AndroidRuntime( 9160): CheckJNI is OFF
E/memtrack( 9160): Couldn't load memtrack module (No such file or directory)
E/android.os.Debug( 9160): failed to load memtrack module: -2
D/AndroidRuntime( 9160): Calling main entry com.android.commands.uiautomator.Launcher
W/AccessibilityNodeInfoDumper( 9160): Fetch time: 1ms
W/WindowManager(  526): Attempted to remove non-existing token: android.os.Binder@e94a0b1
D/AndroidRuntime( 9160): Shutting down VM
D/AndroidRuntime( 9193): >>>>>> START com.android.internal.os.RuntimeInit uid 0 <<<<<<
D/AndroidRuntime( 9193): CheckJNI is OFF
E/memtrack( 9193): Couldn't load memtrack module (No such file or directory)
E/android.os.Debug( 9193): failed to load memtrack module: -2
D/AndroidRuntime( 9193): Calling main entry com.android.commands.uiautomator.Launcher
W/AccessibilityNodeInfoDumper( 9193): Fetch time: 1ms
W/WindowManager(  526): Attempted to remove non-existing token: android.os.Binder@38248996
D/AndroidRuntime( 9193): Shutting down VM
D/AndroidRuntime( 9224): >>>>>> START com.android.internal.os.RuntimeInit uid 0 <<<<<<
D/AndroidRuntime( 9224): CheckJNI is OFF
E/memtrack( 9224): Couldn't load memtrack module (No such file or directory)
E/android.os.Debug( 9224): failed to load memtrack module: -2
D/AndroidRuntime( 9224): Calling main entry com.android.commands.uiautomator.Launcher
W/AccessibilityNodeInfoDumper( 9224): Fetch time: 1ms
W/WindowManager(  526): Attempted to remove non-existing token: android.os.Binder@97e7917
D/AndroidRuntime( 9224): Shutting down VM
D/AndroidRuntime( 9247): >>>>>> START com.android.internal.os.RuntimeInit uid 0 <<<<<<
D/AndroidRuntime( 9247): CheckJNI is OFF
E/memtrack( 9247): Couldn't load memtrack module (No such file or directory)
E/android.os.Debug( 9247): failed to load memtrack module: -2
D/AndroidRuntime( 9247): Calling main entry com.android.commands.uiautomator.Launcher
W/AccessibilityNodeInfoDumper( 9247): Fetch time: 2ms
W/WindowManager(  526): Attempted to remove non-existing token: android.os.Binder@1288c104
D/AndroidRuntime( 9247): Shutting down VM
D/AndroidRuntime( 9265): >>>>>> START com.android.internal.os.RuntimeInit uid 0 <<<<<<
D/AndroidRuntime( 9265): CheckJNI is OFF
E/memtrack( 9265): Couldn't load memtrack module (No such file or directory)
E/android.os.Debug( 9265): failed to load memtrack module: -2
D/AndroidRuntime( 9265): Calling main entry com.android.commands.am.Am
I/ActivityManager(  526): Force stopping org.afhdownloader appid=10060 user=0: from pid 9265
I/ActivityManager(  526): Killing 6271:org.afhdownloader/u0a60 (adj 0): stop org.afhdownloader
W/libprocessgroup(  526): failed to open /acct/uid_10060/pid_6271/cgroup.procs: No such file or directory
W/ActivityManager(  526): Scheduling restart of crashed service org.afhdownloader/.Download in 1000ms
W/ActivityManager(  526): Force removing ActivityRecord{2e11fe87 u0 org.afhdownloader/.MainActivity t5}: app died, no saved state
E/JavaBinder(  526): !!! FAILED BINDER TRANSACTION !!!
E/JavaBinder(  526): !!! FAILED BINDER TRANSACTION !!!
E/JavaBinder(  526): !!! FAILED BINDER TRANSACTION !!!
W/InputDispatcher(  526): channel '3c73fb79 PopupWindow:23af025e (server)' ~ Consumer closed input channel or an error occurred.  events=0x9
E/InputDispatcher(  526): channel '3c73fb79 PopupWindow:23af025e (server)' ~ Channel is unrecoverably broken and will be disposed!
W/InputDispatcher(  526): channel '2d71a576 org.afhdownloader/org.afhdownloader.MainActivity (server)' ~ Consumer closed input channel or an error occurred.  events=0x9
E/InputDispatcher(  526): channel '2d71a576 org.afhdownloader/org.afhdownloader.MainActivity (server)' ~ Channel is unrecoverably broken and will be disposed!
I/WindowState(  526): WIN DEATH: Window{3c73fb79 u0 PopupWindow:23af025e}
W/InputDispatcher(  526): Attempted to unregister already unregistered input channel '3c73fb79 PopupWindow:23af025e (server)'
I/WindowState(  526): WIN DEATH: Window{2d71a576 u0 org.afhdownloader/org.afhdownloader.MainActivity}
W/InputDispatcher(  526): Attempted to unregister already unregistered input channel '2d71a576 org.afhdownloader/org.afhdownloader.MainActivity (server)'
W/WindowManager(  526): Force-removing child win Window{3c73fb79 u0 PopupWindow:23af025e EXITING} from container Window{2d71a576 u0 org.afhdownloader/org.afhdownloader.MainActivity}
D/AndroidRuntime( 9265): Shutting down VM
W/EGL_emulation( 1391): eglSurfaceAttrib not implemented
W/OpenGLRenderer( 1391): Failed to set EGL_SWAP_BEHAVIOR on surface 0xf3cb2460, error=EGL_SUCCESS
W/InputMethodManagerService(  526): Got RemoteException sending setActive(false) notification to pid 6271 uid 10060
W/OpenGLRenderer( 1391): Incorrectly called buildLayer on View: ShortcutAndWidgetContainer, destroying layer...
Elapsed Time: 314049
