--------- beginning of main
D/AndroidRuntime( 2085): >>>>>> START com.android.internal.os.RuntimeInit uid 0 <<<<<<
D/AndroidRuntime( 2085): CheckJNI is OFF
E/memtrack( 2085): Couldn't load memtrack module (No such file or directory)
E/android.os.Debug( 2085): failed to load memtrack module: -2
D/AndroidRuntime( 2085): Calling main entry com.android.commands.pm.Pm
I/PackageManager(  526): Package doesn't exist in get block uninstall org.afhdownloader
--------- beginning of system
W/PackageManager(  526): Package named 'org.afhdownloader' doesn't exist.
I/art     (  526): Explicit concurrent mark sweep GC freed 33863(1904KB) AllocSpace objects, 22(585KB) LOS objects, 33% free, 6MB/10MB, paused 394us total 16.537ms
E/Pm      ( 2085): Failure details: Bundle[{android.content.pm.extra.STATUS=1, android.content.pm.extra.PACKAGE_NAME=org.afhdownloader, android.content.pm.extra.LEGACY_STATUS=-1, android.content.pm.extra.STATUS_MESSAGE=DELETE_FAILED_INTERNAL_ERROR}]
I/art     ( 2085): System.exit called, status: 1
I/AndroidRuntime( 2085): VM exiting with result code 1.
D/AndroidRuntime( 2103): >>>>>> START com.android.internal.os.RuntimeInit uid 0 <<<<<<
D/AndroidRuntime( 2103): CheckJNI is OFF
E/memtrack( 2103): Couldn't load memtrack module (No such file or directory)
E/android.os.Debug( 2103): failed to load memtrack module: -2
D/AndroidRuntime( 2103): Calling main entry com.android.commands.pm.Pm
E/libprocessgroup( 2116): failed to make and chown /acct/uid_10003: Read-only file system
W/Zygote  ( 2116): createProcessGroup failed, kernel missing CONFIG_CGROUP_CPUACCT?
I/ActivityManager(  526): Start proc 2116:com.android.defcontainer/u0a3 for service com.android.defcontainer/.DefaultContainerService
D/DefContainer( 2116): Copying /data/local/tmp/afh_download-release-unsigned_COMPLEX.apk to base.apk
W/PackageParser(  526): Unknown element under <manifest>: meta-data at /data/app/vmdl1538419392.tmp/base.apk Binary XML file line #16
D/PackageManager(  526): Renaming /data/app/vmdl1538419392.tmp to /data/app/org.afhdownloader-1
I/PackageManager(  526): Running dexopt on: /data/app/org.afhdownloader-1/base.apk pkg=org.afhdownloader isa=x86 vmSafeMode=false
E/cutils-trace( 2135): Error opening trace file: Permission denied (13)
I/dex2oat ( 2135): /system/bin/dex2oat --zip-fd=5 --zip-location=/data/app/org.afhdownloader-1/base.apk --oat-fd=6 --oat-location=/data/dalvik-cache/x86/data@app@org.afhdownloader-1@base.apk@classes.dex --instruction-set=x86 --instruction-set-features=default --runtime-arg -Xms64m --runtime-arg -Xmx512m --swap-fd=7
I/dex2oat ( 2135): Decided to run without swap.
W/dex2oat ( 2135): Before Android 4.1, method int android.support.v7.widget.ListViewCompat.lookForSelectablePosition(int, boolean) would have incorrectly overridden the package-private method in android.widget.ListView
W/dex2oat ( 2135): Before Android 4.1, method android.graphics.PorterDuffColorFilter android.support.graphics.drawable.VectorDrawableCompat.updateTintFilter(android.graphics.PorterDuffColorFilter, android.content.res.ColorStateList, android.graphics.PorterDuff$Mode) would have incorrectly overridden the package-private method in android.graphics.drawable.Drawable
I/dex2oat ( 2135): dex2oat took 836.172ms (threads: 4) arena alloc=367KB java alloc=5MB native alloc=10MB free=5MB
W/Settings(  526): Setting install_non_market_apps has moved from android.provider.Settings.Global to android.provider.Settings.Secure, returning read-only value.
I/InputReader(  526): Reconfiguring input devices.  changes=0x00000010
D/BackupManagerService(  526): Received broadcast Intent { act=android.intent.action.PACKAGE_ADDED dat=package:org.afhdownloader flg=0x4000010 (has extras) }
E/libprocessgroup( 2144): failed to make and chown /acct/uid_10049: Read-only file system
W/Zygote  ( 2144): createProcessGroup failed, kernel missing CONFIG_CGROUP_CPUACCT?
I/art     (  526): Explicit concurrent mark sweep GC freed 22697(1419KB) AllocSpace objects, 9(209KB) LOS objects, 33% free, 6MB/10MB, paused 545us total 58.826ms
I/ActivityManager(  526): Start proc 2144:com.svox.pico/u0a49 for broadcast com.svox.pico/.VoiceDataInstallerReceiver
W/VoiceInteractionManagerService(  526): no available voice recognition services found for user 0
I/art     ( 2103): System.exit called, status: 0
I/AndroidRuntime( 2103): VM exiting with result code 0.
D/Launcher.Workspace( 1391): 11683562 - removeExtraEmptyScreen()
D/Launcher.Workspace( 1391): 11683562 - convertFinalScreenToEmptyScreenIfNecessary()
I/ActivityManager(  526): Killing 1901:com.android.managedprovisioning/u0a7 (adj 15): empty #17
W/libprocessgroup(  526): failed to open /acct/uid_10007/pid_1901/cgroup.procs: No such file or directory
D/AndroidRuntime( 2169): >>>>>> START com.android.internal.os.RuntimeInit uid 0 <<<<<<
D/AndroidRuntime( 2169): CheckJNI is OFF
E/memtrack( 2169): Couldn't load memtrack module (No such file or directory)
E/android.os.Debug( 2169): failed to load memtrack module: -2
D/AndroidRuntime( 2169): Calling main entry com.android.commands.monkey.Monkey
W/BroadcastQueue(  526): Skipping deliver [background] BroadcastRecord{c8a04c u-1 android.net.conn.CONNECTIVITY_CHANGE} to ReceiverList{3d0b9895 2169 (unknown name)/0/u-1 remote:2b9db59e}: process crashing
I/ActivityManager(  526): START u0 {act=android.intent.action.MAIN cat=[android.intent.category.LAUNCHER] flg=0x10200000 cmp=org.afhdownloader/.MainActivity} from uid 0 on display 0
V/WindowManager(  526): addAppToken: AppWindowToken{15057538 token=Token{fb14d9b ActivityRecord{1eab8daa u0 org.afhdownloader/.MainActivity t4}}} to stack=1 task=4 at 0
V/WindowManager(  526): Adding window Window{1961d513 u0 Starting org.afhdownloader} at 2 of 7 (after Window{19b8835 u0 com.android.launcher3/com.android.launcher3.Launcher})
E/libprocessgroup( 2184): failed to make and chown /acct/uid_10059: Read-only file system
W/Zygote  ( 2184): createProcessGroup failed, kernel missing CONFIG_CGROUP_CPUACCT?
I/ActivityManager(  526): Start proc 2184:org.afhdownloader/u0a59 for activity org.afhdownloader/.MainActivity
D/Sensors (  526): batch handle 1, but there is no batch sensor in genymotion
I/art     ( 2169): System.exit called, status: 0
I/AndroidRuntime( 2169): VM exiting with result code 0.
D/leak-3  ( 2184): Eastern Standard Time
W/art     ( 2184): Before Android 4.1, method android.graphics.PorterDuffColorFilter android.support.graphics.drawable.VectorDrawableCompat.updateTintFilter(android.graphics.PorterDuffColorFilter, android.content.res.ColorStateList, android.graphics.PorterDuff$Mode) would have incorrectly overridden the package-private method in android.graphics.drawable.Drawable
D/leak-72 ( 2184): Eastern Standard Time
W/art     ( 2184): Suspending all threads took: 11.300ms
D/leak-147( 2184): Eastern Standard Time
D/leak-148( 2184): Eastern Standard Time
I/art     ( 2184): Background sticky concurrent mark sweep GC freed 3038(254KB) AllocSpace objects, 0(0B) LOS objects, 8% free, 1017KB/1117KB, paused 25.600ms total 178.894ms
W/art     ( 2184): Suspending all threads took: 69.489ms
I/art     ( 2184): Background partial concurrent mark sweep GC freed 457(72KB) AllocSpace objects, 0(0B) LOS objects, 51% free, 978KB/2002KB, paused 104.441ms total 252.938ms
D/leak-174( 2184): Eastern Standard Time
D/leak-175( 2184): Eastern Standard Time
D/leak-174( 2184): Eastern Standard Time
D/leak-175( 2184): Eastern Standard Time
D/leak-76 ( 2184): Eastern Standard Time
D/leak-78 ( 2184): Eastern Standard Time
D/leak-81 ( 2184): Eastern Standard Time
D/leak-82 ( 2184): Eastern Standard Time
D/leak-83 ( 2184): Eastern Standard Time
D/leak-141( 2184): Eastern Standard Time
D/OpenGLRenderer( 2184): Use EGL_SWAP_BEHAVIOR_PRESERVED: true
D/        ( 2184): HostConnection::get() New Host Connection established 0xf3e71c00, tid 2184
D/Atlas   ( 2184): Validating map...
V/WindowManager(  526): Adding window Window{3704d105 u0 org.afhdownloader/org.afhdownloader.MainActivity} at 2 of 8 (before Window{1961d513 u0 Starting org.afhdownloader})
D/leak-3  ( 2184): Eastern Standard Time
D/leak-4  ( 2184): Eastern Standard Time
D/leak-5  ( 2184): Eastern Standard Time
D/leak-9  ( 2184): Eastern Standard Time
D/leak-12 ( 2184): Eastern Standard Time
D/afhdownloader_Download( 2184): Fetch: https://androidfilehost.com/?w=files&flid=39788
D/leak-13 ( 2184): Eastern Standard Time
D/libEGL  ( 2184): loaded /system/lib/egl/libEGL_emulation.so
D/libEGL  ( 2184): loaded /system/lib/egl/libGLESv1_CM_emulation.so
D/libEGL  ( 2184): loaded /system/lib/egl/libGLESv2_emulation.so
D/        ( 2184): HostConnection::get() New Host Connection established 0xf3e71e40, tid 2206
I/OpenGLRenderer( 2184): Initialized EGL, version 1.4
D/OpenGLRenderer( 2184): Enabling debug mode 0
W/EGL_emulation( 2184): eglSurfaceAttrib not implemented
W/OpenGLRenderer( 2184): Failed to set EGL_SWAP_BEHAVIOR on surface 0xf3ee8ec0, error=EGL_SUCCESS
I/Choreographer( 2184): Skipped 58 frames!  The application may be doing too much work on its main thread.
D/leak-84 ( 2184): Eastern Standard Time
I/art     ( 2184): Background sticky concurrent mark sweep GC freed 626(27KB) AllocSpace objects, 7(602KB) LOS objects, 18% free, 1638KB/2002KB, paused 11.887ms total 150.816ms
I/art     ( 2184): Background partial concurrent mark sweep GC freed 3137(218KB) AllocSpace objects, 0(0B) LOS objects, 39% free, 2MB/4MB, paused 12.261ms total 100.545ms
I/ActivityManager(  526): Displayed org.afhdownloader/.MainActivity: +3s700ms
D/leak-14 ( 2184): Eastern Standard Time
D/leak-14 ( 2184): Eastern Standard Time
D/leak-14 ( 2184): Eastern Standard Time
D/leak-14 ( 2184): Eastern Standard Time
D/leak-14 ( 2184): Eastern Standard Time
D/leak-14 ( 2184): Eastern Standard Time
D/leak-14 ( 2184): Eastern Standard Time
D/leak-14 ( 2184): Eastern Standard Time
D/leak-14 ( 2184): Eastern Standard Time
D/leak-14 ( 2184): Eastern Standard Time
D/leak-14 ( 2184): Eastern Standard Time
D/leak-14 ( 2184): Eastern Standard Time
D/leak-14 ( 2184): Eastern Standard Time
D/leak-14 ( 2184): Eastern Standard Time
D/leak-15 ( 2184): Eastern Standard Time
D/leak-10 ( 2184): Eastern Standard Time
D/leak-11 ( 2184): Eastern Standard Time
D/leak-101( 2184): Eastern Standard Time
W/afhdownloader_MainActivity( 2184): Download
D/leak-174( 2184): Eastern Standard Time
D/leak-175( 2184): Eastern Standard Time
D/leak-104( 2184): Eastern Standard Time
D/leak-105( 2184): Eastern Standard Time
D/leak-107( 2184): Eastern Standard Time
D/leak-108( 2184): Eastern Standard Time
D/leak-107( 2184): Eastern Standard Time
D/leak-108( 2184): Eastern Standard Time
D/leak-107( 2184): Eastern Standard Time
D/leak-108( 2184): Eastern Standard Time
D/leak-107( 2184): Eastern Standard Time
D/leak-108( 2184): Eastern Standard Time
D/leak-107( 2184): Eastern Standard Time
D/leak-108( 2184): Eastern Standard Time
D/leak-107( 2184): Eastern Standard Time
D/leak-108( 2184): Eastern Standard Time
D/leak-107( 2184): Eastern Standard Time
D/leak-108( 2184): Eastern Standard Time
D/leak-107( 2184): Eastern Standard Time
D/leak-108( 2184): Eastern Standard Time
D/leak-107( 2184): Eastern Standard Time
D/leak-108( 2184): Eastern Standard Time
D/leak-107( 2184): Eastern Standard Time
D/leak-108( 2184): Eastern Standard Time
D/leak-107( 2184): Eastern Standard Time
D/leak-108( 2184): Eastern Standard Time
D/leak-107( 2184): Eastern Standard Time
D/leak-108( 2184): Eastern Standard Time
D/leak-107( 2184): Eastern Standard Time
D/leak-108( 2184): Eastern Standard Time
D/leak-107( 2184): Eastern Standard Time
D/leak-108( 2184): Eastern Standard Time
D/leak-3  ( 2184): Eastern Standard Time
D/leak-267( 2184): Eastern Standard Time
D/leak-228( 2184): Eastern Standard Time
D/leak-268( 2184): Eastern Standard Time
D/leak-269( 2184): Eastern Standard Time
W/Resources( 2184): Converting to string: TypedValue{t=0x12/d=0x0 a=2 r=0x7f08004b}
D/leak-271( 2184): Eastern Standard Time
D/leak-268( 2184): Eastern Standard Time
D/leak-270( 2184): Eastern Standard Time
D/leak-271( 2184): Eastern Standard Time
D/leak-268( 2184): Eastern Standard Time
D/leak-270( 2184): Eastern Standard Time
D/leak-271( 2184): Eastern Standard Time
D/leak-268( 2184): Eastern Standard Time
D/leak-270( 2184): Eastern Standard Time
D/leak-271( 2184): Eastern Standard Time
D/leak-268( 2184): Eastern Standard Time
D/leak-270( 2184): Eastern Standard Time
D/leak-271( 2184): Eastern Standard Time
D/leak-268( 2184): Eastern Standard Time
D/leak-270( 2184): Eastern Standard Time
D/leak-271( 2184): Eastern Standard Time
D/leak-268( 2184): Eastern Standard Time
D/leak-270( 2184): Eastern Standard Time
D/leak-271( 2184): Eastern Standard Time
D/leak-268( 2184): Eastern Standard Time
D/leak-270( 2184): Eastern Standard Time
D/leak-271( 2184): Eastern Standard Time
D/leak-268( 2184): Eastern Standard Time
D/leak-270( 2184): Eastern Standard Time
D/leak-271( 2184): Eastern Standard Time
D/leak-268( 2184): Eastern Standard Time
D/leak-270( 2184): Eastern Standard Time
D/leak-271( 2184): Eastern Standard Time
D/leak-268( 2184): Eastern Standard Time
D/leak-270( 2184): Eastern Standard Time
D/leak-271( 2184): Eastern Standard Time
D/leak-268( 2184): Eastern Standard Time
D/leak-270( 2184): Eastern Standard Time
D/leak-271( 2184): Eastern Standard Time
D/leak-268( 2184): Eastern Standard Time
D/leak-270( 2184): Eastern Standard Time
D/leak-271( 2184): Eastern Standard Time
D/leak-268( 2184): Eastern Standard Time
D/leak-270( 2184): Eastern Standard Time
D/leak-271( 2184): Eastern Standard Time
D/leak-268( 2184): Eastern Standard Time
D/leak-270( 2184): Eastern Standard Time
D/leak-271( 2184): Eastern Standard Time
D/leak-268( 2184): Eastern Standard Time
D/leak-270( 2184): Eastern Standard Time
D/leak-271( 2184): Eastern Standard Time
D/leak-268( 2184): Eastern Standard Time
D/leak-270( 2184): Eastern Standard Time
D/leak-271( 2184): Eastern Standard Time
D/leak-268( 2184): Eastern Standard Time
D/leak-270( 2184): Eastern Standard Time
D/leak-271( 2184): Eastern Standard Time
D/leak-268( 2184): Eastern Standard Time
D/leak-270( 2184): Eastern Standard Time
D/leak-271( 2184): Eastern Standard Time
D/leak-268( 2184): Eastern Standard Time
D/leak-270( 2184): Eastern Standard Time
D/leak-271( 2184): Eastern Standard Time
D/leak-268( 2184): Eastern Standard Time
D/leak-270( 2184): Eastern Standard Time
D/leak-271( 2184): Eastern Standard Time
D/leak-268( 2184): Eastern Standard Time
D/leak-270( 2184): Eastern Standard Time
D/leak-271( 2184): Eastern Standard Time
D/leak-268( 2184): Eastern Standard Time
D/leak-270( 2184): Eastern Standard Time
D/leak-271( 2184): Eastern Standard Time
D/leak-268( 2184): Eastern Standard Time
D/leak-270( 2184): Eastern Standard Time
D/leak-271( 2184): Eastern Standard Time
D/leak-268( 2184): Eastern Standard Time
D/leak-270( 2184): Eastern Standard Time
D/leak-271( 2184): Eastern Standard Time
D/leak-268( 2184): Eastern Standard Time
D/leak-270( 2184): Eastern Standard Time
D/leak-271( 2184): Eastern Standard Time
D/leak-268( 2184): Eastern Standard Time
D/leak-270( 2184): Eastern Standard Time
D/leak-271( 2184): Eastern Standard Time
D/leak-268( 2184): Eastern Standard Time
D/leak-270( 2184): Eastern Standard Time
D/leak-271( 2184): Eastern Standard Time
D/leak-268( 2184): Eastern Standard Time
D/leak-270( 2184): Eastern Standard Time
D/leak-271( 2184): Eastern Standard Time
D/leak-268( 2184): Eastern Standard Time
D/leak-269( 2184): Eastern Standard Time
W/Resources( 2184): Converting to string: TypedValue{t=0x12/d=0x0 a=2 r=0x7f08004b}
D/leak-271( 2184): Eastern Standard Time
D/leak-268( 2184): Eastern Standard Time
D/leak-269( 2184): Eastern Standard Time
W/Resources( 2184): Converting to string: TypedValue{t=0x12/d=0x0 a=2 r=0x7f08004b}
D/leak-271( 2184): Eastern Standard Time
D/leak-268( 2184): Eastern Standard Time
D/leak-269( 2184): Eastern Standard Time
W/Resources( 2184): Converting to string: TypedValue{t=0x12/d=0x0 a=2 r=0x7f08004b}
D/leak-271( 2184): Eastern Standard Time
D/leak-268( 2184): Eastern Standard Time
D/leak-269( 2184): Eastern Standard Time
W/Resources( 2184): Converting to string: TypedValue{t=0x12/d=0x0 a=2 r=0x7f08004b}
D/leak-271( 2184): Eastern Standard Time
D/leak-268( 2184): Eastern Standard Time
D/leak-269( 2184): Eastern Standard Time
W/Resources( 2184): Converting to string: TypedValue{t=0x12/d=0x0 a=2 r=0x7f08004b}
D/leak-271( 2184): Eastern Standard Time
D/leak-268( 2184): Eastern Standard Time
D/leak-269( 2184): Eastern Standard Time
W/Resources( 2184): Converting to string: TypedValue{t=0x12/d=0x0 a=2 r=0x7f08004b}
D/leak-271( 2184): Eastern Standard Time
D/leak-268( 2184): Eastern Standard Time
D/leak-269( 2184): Eastern Standard Time
W/Resources( 2184): Converting to string: TypedValue{t=0x12/d=0x0 a=2 r=0x7f08004b}
D/leak-271( 2184): Eastern Standard Time
D/leak-268( 2184): Eastern Standard Time
D/leak-269( 2184): Eastern Standard Time
W/Resources( 2184): Converting to string: TypedValue{t=0x12/d=0x0 a=2 r=0x7f08004b}
D/leak-271( 2184): Eastern Standard Time
D/leak-268( 2184): Eastern Standard Time
D/leak-269( 2184): Eastern Standard Time
W/Resources( 2184): Converting to string: TypedValue{t=0x12/d=0x0 a=2 r=0x7f08004b}
D/leak-271( 2184): Eastern Standard Time
D/leak-268( 2184): Eastern Standard Time
D/leak-269( 2184): Eastern Standard Time
W/Resources( 2184): Converting to string: TypedValue{t=0x12/d=0x0 a=2 r=0x7f08004b}
D/leak-271( 2184): Eastern Standard Time
D/leak-268( 2184): Eastern Standard Time
D/leak-269( 2184): Eastern Standard Time
W/Resources( 2184): Converting to string: TypedValue{t=0x12/d=0x0 a=2 r=0x7f08004b}
D/leak-271( 2184): Eastern Standard Time
D/leak-268( 2184): Eastern Standard Time
D/leak-269( 2184): Eastern Standard Time
W/Resources( 2184): Converting to string: TypedValue{t=0x12/d=0x0 a=2 r=0x7f08004b}
D/leak-271( 2184): Eastern Standard Time
D/leak-268( 2184): Eastern Standard Time
D/leak-269( 2184): Eastern Standard Time
W/Resources( 2184): Converting to string: TypedValue{t=0x12/d=0x0 a=2 r=0x7f08004b}
D/leak-271( 2184): Eastern Standard Time
D/AndroidRuntime( 2213): >>>>>> START com.android.internal.os.RuntimeInit uid 0 <<<<<<
D/AndroidRuntime( 2213): CheckJNI is OFF
E/memtrack( 2213): Couldn't load memtrack module (No such file or directory)
E/android.os.Debug( 2213): failed to load memtrack module: -2
D/AndroidRuntime( 2213): Calling main entry com.android.commands.content.Content
D/AndroidRuntime( 2213): Shutting down VM
D/AndroidRuntime( 2227): >>>>>> START com.android.internal.os.RuntimeInit uid 0 <<<<<<
D/AndroidRuntime( 2227): CheckJNI is OFF
E/memtrack( 2227): Couldn't load memtrack module (No such file or directory)
E/android.os.Debug( 2227): failed to load memtrack module: -2
D/AndroidRuntime( 2227): Calling main entry com.android.commands.content.Content
D/AndroidRuntime( 2227): Shutting down VM
D/AndroidRuntime( 2253): >>>>>> START com.android.internal.os.RuntimeInit uid 0 <<<<<<
D/AndroidRuntime( 2253): CheckJNI is OFF
E/memtrack( 2253): Couldn't load memtrack module (No such file or directory)
E/android.os.Debug( 2253): failed to load memtrack module: -2
D/AndroidRuntime( 2253): Calling main entry com.android.commands.uiautomator.Launcher
W/AccessibilityNodeInfoDumper( 2253): Fetch time: 3ms
W/WindowManager(  526): Attempted to remove non-existing token: android.os.Binder@2d8758f3
D/AndroidRuntime( 2253): Shutting down VM
D/AndroidRuntime( 2276): >>>>>> START com.android.internal.os.RuntimeInit uid 0 <<<<<<
D/AndroidRuntime( 2276): CheckJNI is OFF
E/memtrack( 2276): Couldn't load memtrack module (No such file or directory)
E/android.os.Debug( 2276): failed to load memtrack module: -2
D/AndroidRuntime( 2276): Calling main entry com.android.commands.uiautomator.Launcher
I/ActivityManager(  526): Killing 1596:android.process.media/u0a5 (adj 15): empty #17
W/libprocessgroup(  526): failed to open /acct/uid_10005/pid_1596/cgroup.procs: No such file or directory
W/AccessibilityNodeInfoDumper( 2276): Fetch time: 3ms
W/WindowManager(  526): Attempted to remove non-existing token: android.os.Binder@1ba7c029
D/AndroidRuntime( 2276): Shutting down VM
I/InputReader(  526): Reconfiguring input devices.  changes=0x00000010
W/Launcher( 1391): setApplicationContext called twice! old=com.android.launcher3.LauncherApplication@1903e028 new=com.android.launcher3.LauncherApplication@1903e028
D/BackupManagerService(  526): Received broadcast Intent { act=android.intent.action.PACKAGE_CHANGED dat=package:com.android.musicfx flg=0x4000010 (has extras) }
I/Launcher( 1391): Deferring update until onResume
D/AndroidRuntime( 2305): >>>>>> START com.android.internal.os.RuntimeInit uid 0 <<<<<<
D/AndroidRuntime( 2305): CheckJNI is OFF
E/memtrack( 2305): Couldn't load memtrack module (No such file or directory)
E/android.os.Debug( 2305): failed to load memtrack module: -2
D/AndroidRuntime( 2305): Calling main entry com.android.commands.uiautomator.Launcher
W/AccessibilityNodeInfoDumper( 2305): Fetch time: 3ms
W/WindowManager(  526): Attempted to remove non-existing token: android.os.Binder@5d66255
D/AndroidRuntime( 2305): Shutting down VM
D/AndroidRuntime( 2338): >>>>>> START com.android.internal.os.RuntimeInit uid 0 <<<<<<
D/AndroidRuntime( 2338): CheckJNI is OFF
E/memtrack( 2338): Couldn't load memtrack module (No such file or directory)
E/android.os.Debug( 2338): failed to load memtrack module: -2
D/AndroidRuntime( 2338): Calling main entry com.android.commands.uiautomator.Launcher
W/AccessibilityNodeInfoDumper( 2338): Fetch time: 5ms
W/WindowManager(  526): Attempted to remove non-existing token: android.os.Binder@30fbf46a
D/AndroidRuntime( 2338): Shutting down VM
D/AndroidRuntime( 2369): >>>>>> START com.android.internal.os.RuntimeInit uid 0 <<<<<<
D/AndroidRuntime( 2369): CheckJNI is OFF
E/memtrack( 2369): Couldn't load memtrack module (No such file or directory)
E/android.os.Debug( 2369): failed to load memtrack module: -2
D/AndroidRuntime( 2369): Calling main entry com.android.commands.uiautomator.Launcher
W/AccessibilityNodeInfoDumper( 2369): Fetch time: 4ms
W/WindowManager(  526): Attempted to remove non-existing token: android.os.Binder@13bb8d5b
D/AndroidRuntime( 2369): Shutting down VM
D/AndroidRuntime( 2393): >>>>>> START com.android.internal.os.RuntimeInit uid 0 <<<<<<
D/AndroidRuntime( 2393): CheckJNI is OFF
E/memtrack( 2393): Couldn't load memtrack module (No such file or directory)
E/android.os.Debug( 2393): failed to load memtrack module: -2
D/AndroidRuntime( 2393): Calling main entry com.android.commands.uiautomator.Launcher
W/AccessibilityNodeInfoDumper( 2393): Fetch time: 3ms
W/WindowManager(  526): Attempted to remove non-existing token: android.os.Binder@3b4f19f8
D/AndroidRuntime( 2393): Shutting down VM
D/AndroidRuntime( 2421): >>>>>> START com.android.internal.os.RuntimeInit uid 0 <<<<<<
D/AndroidRuntime( 2421): CheckJNI is OFF
E/memtrack( 2421): Couldn't load memtrack module (No such file or directory)
E/android.os.Debug( 2421): failed to load memtrack module: -2
D/AndroidRuntime( 2421): Calling main entry com.android.commands.uiautomator.Launcher
W/AccessibilityNodeInfoDumper( 2421): Fetch time: 4ms
W/WindowManager(  526): Attempted to remove non-existing token: android.os.Binder@2867ced1
D/AndroidRuntime( 2421): Shutting down VM
D/AndroidRuntime( 2444): >>>>>> START com.android.internal.os.RuntimeInit uid 0 <<<<<<
D/AndroidRuntime( 2444): CheckJNI is OFF
E/memtrack( 2444): Couldn't load memtrack module (No such file or directory)
E/android.os.Debug( 2444): failed to load memtrack module: -2
D/AndroidRuntime( 2444): Calling main entry com.android.commands.uiautomator.Launcher
W/AccessibilityNodeInfoDumper( 2444): Fetch time: 5ms
W/WindowManager(  526): Attempted to remove non-existing token: android.os.Binder@1b1ba437
D/AndroidRuntime( 2444): Shutting down VM
D/AndroidRuntime( 2472): >>>>>> START com.android.internal.os.RuntimeInit uid 0 <<<<<<
D/AndroidRuntime( 2472): CheckJNI is OFF
E/memtrack( 2472): Couldn't load memtrack module (No such file or directory)
E/android.os.Debug( 2472): failed to load memtrack module: -2
D/AndroidRuntime( 2472): Calling main entry com.android.commands.uiautomator.Launcher
W/AccessibilityNodeInfoDumper( 2472): Fetch time: 3ms
W/WindowManager(  526): Attempted to remove non-existing token: android.os.Binder@3057dda4
D/AndroidRuntime( 2472): Shutting down VM
D/AndroidRuntime( 2495): >>>>>> START com.android.internal.os.RuntimeInit uid 0 <<<<<<
D/AndroidRuntime( 2495): CheckJNI is OFF
E/memtrack( 2495): Couldn't load memtrack module (No such file or directory)
E/android.os.Debug( 2495): failed to load memtrack module: -2
D/AndroidRuntime( 2495): Calling main entry com.android.commands.uiautomator.Launcher
W/AccessibilityNodeInfoDumper( 2495): Fetch time: 3ms
W/WindowManager(  526): Attempted to remove non-existing token: android.os.Binder@2bc9870d
D/AndroidRuntime( 2495): Shutting down VM
D/AndroidRuntime( 2524): >>>>>> START com.android.internal.os.RuntimeInit uid 0 <<<<<<
D/AndroidRuntime( 2524): CheckJNI is OFF
E/memtrack( 2524): Couldn't load memtrack module (No such file or directory)
E/android.os.Debug( 2524): failed to load memtrack module: -2
D/AndroidRuntime( 2524): Calling main entry com.android.commands.uiautomator.Launcher
W/AccessibilityNodeInfoDumper( 2524): Fetch time: 3ms
W/WindowManager(  526): Attempted to remove non-existing token: android.os.Binder@d02a6c2
D/AndroidRuntime( 2524): Shutting down VM
D/AndroidRuntime( 2547): >>>>>> START com.android.internal.os.RuntimeInit uid 0 <<<<<<
D/AndroidRuntime( 2547): CheckJNI is OFF
E/memtrack( 2547): Couldn't load memtrack module (No such file or directory)
E/android.os.Debug( 2547): failed to load memtrack module: -2
D/AndroidRuntime( 2547): Calling main entry com.android.commands.uiautomator.Launcher
W/AccessibilityNodeInfoDumper( 2547): Fetch time: 4ms
W/WindowManager(  526): Attempted to remove non-existing token: android.os.Binder@14fc4cd3
D/AndroidRuntime( 2547): Shutting down VM
D/AndroidRuntime( 2577): >>>>>> START com.android.internal.os.RuntimeInit uid 0 <<<<<<
D/AndroidRuntime( 2577): CheckJNI is OFF
E/memtrack( 2577): Couldn't load memtrack module (No such file or directory)
E/android.os.Debug( 2577): failed to load memtrack module: -2
D/AndroidRuntime( 2577): Calling main entry com.android.commands.uiautomator.Launcher
W/AccessibilityNodeInfoDumper( 2577): Fetch time: 4ms
W/WindowManager(  526): Attempted to remove non-existing token: android.os.Binder@d073010
D/AndroidRuntime( 2577): Shutting down VM
D/AndroidRuntime( 2600): >>>>>> START com.android.internal.os.RuntimeInit uid 0 <<<<<<
D/AndroidRuntime( 2600): CheckJNI is OFF
E/memtrack( 2600): Couldn't load memtrack module (No such file or directory)
E/android.os.Debug( 2600): failed to load memtrack module: -2
D/AndroidRuntime( 2600): Calling main entry com.android.commands.uiautomator.Launcher
W/AccessibilityNodeInfoDumper( 2600): Fetch time: 3ms
W/WindowManager(  526): Attempted to remove non-existing token: android.os.Binder@39148709
D/AndroidRuntime( 2600): Shutting down VM
D/AndroidRuntime( 2618): >>>>>> START com.android.internal.os.RuntimeInit uid 0 <<<<<<
D/AndroidRuntime( 2618): CheckJNI is OFF
E/memtrack( 2618): Couldn't load memtrack module (No such file or directory)
E/android.os.Debug( 2618): failed to load memtrack module: -2
D/AndroidRuntime( 2618): Calling main entry com.android.commands.input.Input
I/Input   ( 2618): injectMotionEvent: MotionEvent { action=ACTION_DOWN, id[0]=0, x[0]=1136.0, y[0]=114.0, toolType[0]=TOOL_TYPE_UNKNOWN, buttonState=0, metaState=0, flags=0x0, edgeFlags=0x0, pointerCount=1, historySize=0, eventTime=166945, downTime=166945, deviceId=0, source=0x1002 }
I/Input   ( 2618): injectMotionEvent: MotionEvent { action=ACTION_UP, id[0]=0, x[0]=1136.0, y[0]=114.0, toolType[0]=TOOL_TYPE_UNKNOWN, buttonState=0, metaState=0, flags=0x0, edgeFlags=0x0, pointerCount=1, historySize=0, eventTime=166945, downTime=166945, deviceId=0, source=0x1002 }
D/AndroidRuntime( 2618): Shutting down VM
W/AudioTrack(  526): AUDIO_OUTPUT_FLAG_FAST denied by client
W/art     ( 2184): Before Android 4.1, method int android.support.v7.widget.ListViewCompat.lookForSelectablePosition(int, boolean) would have incorrectly overridden the package-private method in android.widget.ListView
I/ListPopupWindow( 2184): Could not find method setEpicenterBounds(Rect) on PopupWindow. Oh well.
V/WindowManager(  526): Adding window Window{1c34e32f u0 PopupWindow:13037ef0} at 3 of 8 (after Window{3704d105 u0 org.afhdownloader/org.afhdownloader.MainActivity})
W/EGL_emulation( 2184): eglSurfaceAttrib not implemented
W/OpenGLRenderer( 2184): Failed to set EGL_SWAP_BEHAVIOR on surface 0xe2100f80, error=EGL_SUCCESS
D/AndroidRuntime( 2959): >>>>>> START com.android.internal.os.RuntimeInit uid 0 <<<<<<
D/AndroidRuntime( 2959): CheckJNI is OFF
E/memtrack( 2959): Couldn't load memtrack module (No such file or directory)
E/android.os.Debug( 2959): failed to load memtrack module: -2
D/AndroidRuntime( 2959): Calling main entry com.android.commands.uiautomator.Launcher
W/AccessibilityNodeInfoDumper( 2959): Fetch time: 2ms
W/WindowManager(  526): Attempted to remove non-existing token: android.os.Binder@2bb8f128
D/AndroidRuntime( 2959): Shutting down VM
D/AndroidRuntime( 2987): >>>>>> START com.android.internal.os.RuntimeInit uid 0 <<<<<<
D/AndroidRuntime( 2987): CheckJNI is OFF
E/memtrack( 2987): Couldn't load memtrack module (No such file or directory)
E/android.os.Debug( 2987): failed to load memtrack module: -2
D/AndroidRuntime( 2987): Calling main entry com.android.commands.uiautomator.Launcher
I/art     (  526): Explicit concurrent mark sweep GC freed 42711(2MB) AllocSpace objects, 36(572KB) LOS objects, 33% free, 6MB/10MB, paused 809us total 16.335ms
W/AccessibilityNodeInfoDumper( 2987): Fetch time: 2ms
W/WindowManager(  526): Attempted to remove non-existing token: android.os.Binder@24290e41
D/AndroidRuntime( 2987): Shutting down VM
D/AndroidRuntime( 3010): >>>>>> START com.android.internal.os.RuntimeInit uid 0 <<<<<<
D/AndroidRuntime( 3010): CheckJNI is OFF
E/memtrack( 3010): Couldn't load memtrack module (No such file or directory)
E/android.os.Debug( 3010): failed to load memtrack module: -2
D/AndroidRuntime( 3010): Calling main entry com.android.commands.uiautomator.Launcher
W/AccessibilityNodeInfoDumper( 3010): Fetch time: 2ms
W/WindowManager(  526): Attempted to remove non-existing token: android.os.Binder@22680927
D/AndroidRuntime( 3010): Shutting down VM
D/AndroidRuntime( 3038): >>>>>> START com.android.internal.os.RuntimeInit uid 0 <<<<<<
D/AndroidRuntime( 3038): CheckJNI is OFF
E/memtrack( 3038): Couldn't load memtrack module (No such file or directory)
E/android.os.Debug( 3038): failed to load memtrack module: -2
D/AndroidRuntime( 3038): Calling main entry com.android.commands.uiautomator.Launcher
W/AccessibilityNodeInfoDumper( 3038): Fetch time: 1ms
W/WindowManager(  526): Attempted to remove non-existing token: android.os.Binder@143ff7d4
D/AndroidRuntime( 3038): Shutting down VM
D/AndroidRuntime( 3071): >>>>>> START com.android.internal.os.RuntimeInit uid 0 <<<<<<
D/AndroidRuntime( 3071): CheckJNI is OFF
E/memtrack( 3071): Couldn't load memtrack module (No such file or directory)
E/android.os.Debug( 3071): failed to load memtrack module: -2
D/AndroidRuntime( 3071): Calling main entry com.android.commands.uiautomator.Launcher
W/AccessibilityNodeInfoDumper( 3071): Fetch time: 1ms
W/WindowManager(  526): Attempted to remove non-existing token: android.os.Binder@1eb74d7d
D/AndroidRuntime( 3071): Shutting down VM
D/AndroidRuntime( 3102): >>>>>> START com.android.internal.os.RuntimeInit uid 0 <<<<<<
D/AndroidRuntime( 3102): CheckJNI is OFF
E/memtrack( 3102): Couldn't load memtrack module (No such file or directory)
E/android.os.Debug( 3102): failed to load memtrack module: -2
D/AndroidRuntime( 3102): Calling main entry com.android.commands.uiautomator.Launcher
W/AccessibilityNodeInfoDumper( 3102): Fetch time: 1ms
W/WindowManager(  526): Attempted to remove non-existing token: android.os.Binder@19564472
D/AndroidRuntime( 3102): Shutting down VM
D/AndroidRuntime( 3125): >>>>>> START com.android.internal.os.RuntimeInit uid 0 <<<<<<
D/AndroidRuntime( 3125): CheckJNI is OFF
E/memtrack( 3125): Couldn't load memtrack module (No such file or directory)
E/android.os.Debug( 3125): failed to load memtrack module: -2
D/AndroidRuntime( 3125): Calling main entry com.android.commands.uiautomator.Launcher
W/AccessibilityNodeInfoDumper( 3125): Fetch time: 2ms
W/WindowManager(  526): Attempted to remove non-existing token: android.os.Binder@34c210c3
D/AndroidRuntime( 3125): Shutting down VM
D/AndroidRuntime( 3153): >>>>>> START com.android.internal.os.RuntimeInit uid 0 <<<<<<
D/AndroidRuntime( 3153): CheckJNI is OFF
E/memtrack( 3153): Couldn't load memtrack module (No such file or directory)
E/android.os.Debug( 3153): failed to load memtrack module: -2
D/AndroidRuntime( 3153): Calling main entry com.android.commands.uiautomator.Launcher
W/AccessibilityNodeInfoDumper( 3153): Fetch time: 2ms
W/WindowManager(  526): Attempted to remove non-existing token: android.os.Binder@118ebd40
D/AndroidRuntime( 3153): Shutting down VM
D/AndroidRuntime( 3176): >>>>>> START com.android.internal.os.RuntimeInit uid 0 <<<<<<
D/AndroidRuntime( 3176): CheckJNI is OFF
E/memtrack( 3176): Couldn't load memtrack module (No such file or directory)
E/android.os.Debug( 3176): failed to load memtrack module: -2
D/AndroidRuntime( 3176): Calling main entry com.android.commands.uiautomator.Launcher
W/AccessibilityNodeInfoDumper( 3176): Fetch time: 2ms
W/WindowManager(  526): Attempted to remove non-existing token: android.os.Binder@16f04479
D/AndroidRuntime( 3176): Shutting down VM
D/AndroidRuntime( 3204): >>>>>> START com.android.internal.os.RuntimeInit uid 0 <<<<<<
D/AndroidRuntime( 3204): CheckJNI is OFF
E/memtrack( 3204): Couldn't load memtrack module (No such file or directory)
E/android.os.Debug( 3204): failed to load memtrack module: -2
D/AndroidRuntime( 3204): Calling main entry com.android.commands.uiautomator.Launcher
W/AccessibilityNodeInfoDumper( 3204): Fetch time: 2ms
W/WindowManager(  526): Attempted to remove non-existing token: android.os.Binder@27c035be
D/AndroidRuntime( 3204): Shutting down VM
D/AndroidRuntime( 3227): >>>>>> START com.android.internal.os.RuntimeInit uid 0 <<<<<<
D/AndroidRuntime( 3227): CheckJNI is OFF
E/memtrack( 3227): Couldn't load memtrack module (No such file or directory)
E/android.os.Debug( 3227): failed to load memtrack module: -2
D/AndroidRuntime( 3227): Calling main entry com.android.commands.uiautomator.Launcher
I/art     (  526): Explicit concurrent mark sweep GC freed 43647(2MB) AllocSpace objects, 36(576KB) LOS objects, 33% free, 6MB/10MB, paused 496us total 16.221ms
W/AccessibilityNodeInfoDumper( 3227): Fetch time: 3ms
W/WindowManager(  526): Attempted to remove non-existing token: android.os.Binder@c2af61f
D/AndroidRuntime( 3227): Shutting down VM
D/AndroidRuntime( 3258): >>>>>> START com.android.internal.os.RuntimeInit uid 0 <<<<<<
D/AndroidRuntime( 3258): CheckJNI is OFF
E/memtrack( 3258): Couldn't load memtrack module (No such file or directory)
E/android.os.Debug( 3258): failed to load memtrack module: -2
D/AndroidRuntime( 3258): Calling main entry com.android.commands.uiautomator.Launcher
W/AccessibilityNodeInfoDumper( 3258): Fetch time: 1ms
W/WindowManager(  526): Attempted to remove non-existing token: android.os.Binder@2727af35
D/AndroidRuntime( 3258): Shutting down VM
D/AndroidRuntime( 3281): >>>>>> START com.android.internal.os.RuntimeInit uid 0 <<<<<<
D/AndroidRuntime( 3281): CheckJNI is OFF
E/memtrack( 3281): Couldn't load memtrack module (No such file or directory)
E/android.os.Debug( 3281): failed to load memtrack module: -2
D/AndroidRuntime( 3281): Calling main entry com.android.commands.uiautomator.Launcher
W/AccessibilityNodeInfoDumper( 3281): Fetch time: 1ms
W/WindowManager(  526): Attempted to remove non-existing token: android.os.Binder@3b45efca
D/AndroidRuntime( 3281): Shutting down VM
D/AndroidRuntime( 3299): >>>>>> START com.android.internal.os.RuntimeInit uid 0 <<<<<<
D/AndroidRuntime( 3299): CheckJNI is OFF
E/memtrack( 3299): Couldn't load memtrack module (No such file or directory)
E/android.os.Debug( 3299): failed to load memtrack module: -2
D/AndroidRuntime( 3299): Calling main entry com.android.commands.input.Input
I/Input   ( 3299): injectMotionEvent: MotionEvent { action=ACTION_DOWN, id[0]=0, x[0]=980.0, y[0]=210.0, toolType[0]=TOOL_TYPE_UNKNOWN, buttonState=0, metaState=0, flags=0x0, edgeFlags=0x0, pointerCount=1, historySize=0, eventTime=194874, downTime=194874, deviceId=0, source=0x1002 }
I/Input   ( 3299): injectMotionEvent: MotionEvent { action=ACTION_UP, id[0]=0, x[0]=980.0, y[0]=210.0, toolType[0]=TOOL_TYPE_UNKNOWN, buttonState=0, metaState=0, flags=0x0, edgeFlags=0x0, pointerCount=1, historySize=0, eventTime=194874, downTime=194874, deviceId=0, source=0x1002 }
D/AndroidRuntime( 3299): Shutting down VM
D/leak-85 ( 2184): Eastern Standard Time
D/leak-87 ( 2184): Eastern Standard Time
D/leak-82 ( 2184): Eastern Standard Time
W/AudioTrack(  526): AUDIO_OUTPUT_FLAG_FAST denied by client
D/leak-83 ( 2184): Eastern Standard Time
D/leak-4  ( 2184): Eastern Standard Time
D/leak-5  ( 2184): Eastern Standard Time
W/InputMethodManagerService(  526): Window already focused, ignoring focus gain of: com.android.internal.view.IInputMethodClient$Stub$Proxy@79ef458 attribute=null, token = android.os.BinderProxy@fdab47c
D/leak-9  ( 2184): Eastern Standard Time
D/leak-12 ( 2184): Eastern Standard Time
D/afhdownloader_Download( 2184): Fetch: https://androidfilehost.com/?w=files&flid=39788
D/leak-13 ( 2184): Eastern Standard Time
D/leak-14 ( 2184): Eastern Standard Time
D/leak-14 ( 2184): Eastern Standard Time
D/leak-14 ( 2184): Eastern Standard Time
D/leak-14 ( 2184): Eastern Standard Time
D/leak-14 ( 2184): Eastern Standard Time
D/leak-14 ( 2184): Eastern Standard Time
D/leak-14 ( 2184): Eastern Standard Time
D/leak-14 ( 2184): Eastern Standard Time
D/leak-14 ( 2184): Eastern Standard Time
D/leak-14 ( 2184): Eastern Standard Time
D/leak-14 ( 2184): Eastern Standard Time
D/leak-14 ( 2184): Eastern Standard Time
D/leak-14 ( 2184): Eastern Standard Time
D/leak-14 ( 2184): Eastern Standard Time
D/leak-15 ( 2184): Eastern Standard Time
D/leak-10 ( 2184): Eastern Standard Time
D/leak-11 ( 2184): Eastern Standard Time
D/leak-101( 2184): Eastern Standard Time
W/afhdownloader_MainActivity( 2184): Download
D/leak-174( 2184): Eastern Standard Time
D/leak-175( 2184): Eastern Standard Time
D/leak-104( 2184): Eastern Standard Time
D/leak-105( 2184): Eastern Standard Time
D/leak-107( 2184): Eastern Standard Time
D/leak-108( 2184): Eastern Standard Time
D/leak-107( 2184): Eastern Standard Time
D/leak-108( 2184): Eastern Standard Time
D/leak-107( 2184): Eastern Standard Time
D/leak-108( 2184): Eastern Standard Time
D/leak-107( 2184): Eastern Standard Time
D/leak-108( 2184): Eastern Standard Time
D/leak-107( 2184): Eastern Standard Time
D/leak-108( 2184): Eastern Standard Time
D/leak-107( 2184): Eastern Standard Time
D/leak-108( 2184): Eastern Standard Time
D/leak-107( 2184): Eastern Standard Time
D/leak-108( 2184): Eastern Standard Time
D/leak-107( 2184): Eastern Standard Time
D/leak-108( 2184): Eastern Standard Time
D/leak-107( 2184): Eastern Standard Time
D/leak-108( 2184): Eastern Standard Time
D/leak-107( 2184): Eastern Standard Time
D/leak-108( 2184): Eastern Standard Time
I/art     ( 2184): Background sticky concurrent mark sweep GC freed 945(30KB) AllocSpace objects, 0(0B) LOS objects, 0% free, 4MB/4MB, paused 5.450ms total 15.766ms
D/leak-107( 2184): Eastern Standard Time
D/leak-108( 2184): Eastern Standard Time
D/leak-107( 2184): Eastern Standard Time
D/leak-108( 2184): Eastern Standard Time
D/leak-107( 2184): Eastern Standard Time
D/leak-108( 2184): Eastern Standard Time
D/leak-107( 2184): Eastern Standard Time
D/leak-108( 2184): Eastern Standard Time
D/leak-267( 2184): Eastern Standard Time
D/leak-228( 2184): Eastern Standard Time
D/leak-268( 2184): Eastern Standard Time
D/leak-269( 2184): Eastern Standard Time
W/Resources( 2184): Converting to string: TypedValue{t=0x12/d=0x0 a=2 r=0x7f08004b}
D/leak-271( 2184): Eastern Standard Time
D/leak-268( 2184): Eastern Standard Time
D/leak-270( 2184): Eastern Standard Time
D/leak-271( 2184): Eastern Standard Time
D/leak-268( 2184): Eastern Standard Time
D/leak-270( 2184): Eastern Standard Time
D/leak-271( 2184): Eastern Standard Time
D/leak-268( 2184): Eastern Standard Time
D/leak-270( 2184): Eastern Standard Time
D/leak-271( 2184): Eastern Standard Time
D/leak-268( 2184): Eastern Standard Time
D/leak-270( 2184): Eastern Standard Time
D/leak-271( 2184): Eastern Standard Time
D/leak-268( 2184): Eastern Standard Time
D/leak-270( 2184): Eastern Standard Time
D/leak-271( 2184): Eastern Standard Time
D/leak-268( 2184): Eastern Standard Time
D/leak-270( 2184): Eastern Standard Time
D/leak-271( 2184): Eastern Standard Time
D/leak-268( 2184): Eastern Standard Time
D/leak-270( 2184): Eastern Standard Time
D/leak-271( 2184): Eastern Standard Time
D/leak-268( 2184): Eastern Standard Time
D/leak-270( 2184): Eastern Standard Time
D/leak-271( 2184): Eastern Standard Time
D/leak-268( 2184): Eastern Standard Time
D/leak-270( 2184): Eastern Standard Time
D/leak-271( 2184): Eastern Standard Time
D/leak-268( 2184): Eastern Standard Time
D/leak-270( 2184): Eastern Standard Time
D/leak-271( 2184): Eastern Standard Time
D/leak-268( 2184): Eastern Standard Time
D/leak-270( 2184): Eastern Standard Time
D/leak-271( 2184): Eastern Standard Time
D/leak-268( 2184): Eastern Standard Time
D/leak-270( 2184): Eastern Standard Time
D/leak-271( 2184): Eastern Standard Time
D/leak-268( 2184): Eastern Standard Time
D/leak-270( 2184): Eastern Standard Time
D/leak-271( 2184): Eastern Standard Time
D/leak-268( 2184): Eastern Standard Time
D/leak-270( 2184): Eastern Standard Time
D/leak-271( 2184): Eastern Standard Time
D/leak-268( 2184): Eastern Standard Time
D/leak-270( 2184): Eastern Standard Time
D/leak-271( 2184): Eastern Standard Time
D/leak-268( 2184): Eastern Standard Time
D/leak-270( 2184): Eastern Standard Time
D/leak-271( 2184): Eastern Standard Time
D/leak-268( 2184): Eastern Standard Time
D/leak-270( 2184): Eastern Standard Time
D/leak-271( 2184): Eastern Standard Time
D/leak-268( 2184): Eastern Standard Time
D/leak-270( 2184): Eastern Standard Time
D/leak-271( 2184): Eastern Standard Time
D/leak-268( 2184): Eastern Standard Time
D/leak-270( 2184): Eastern Standard Time
D/leak-271( 2184): Eastern Standard Time
D/leak-268( 2184): Eastern Standard Time
D/leak-270( 2184): Eastern Standard Time
D/leak-271( 2184): Eastern Standard Time
D/leak-268( 2184): Eastern Standard Time
D/leak-270( 2184): Eastern Standard Time
D/leak-271( 2184): Eastern Standard Time
D/leak-268( 2184): Eastern Standard Time
D/leak-270( 2184): Eastern Standard Time
D/leak-271( 2184): Eastern Standard Time
D/leak-268( 2184): Eastern Standard Time
D/leak-270( 2184): Eastern Standard Time
D/leak-271( 2184): Eastern Standard Time
D/leak-268( 2184): Eastern Standard Time
D/leak-270( 2184): Eastern Standard Time
D/leak-271( 2184): Eastern Standard Time
D/leak-268( 2184): Eastern Standard Time
D/leak-270( 2184): Eastern Standard Time
D/leak-271( 2184): Eastern Standard Time
D/leak-268( 2184): Eastern Standard Time
D/leak-270( 2184): Eastern Standard Time
D/leak-271( 2184): Eastern Standard Time
D/leak-268( 2184): Eastern Standard Time
D/leak-270( 2184): Eastern Standard Time
D/leak-271( 2184): Eastern Standard Time
D/leak-268( 2184): Eastern Standard Time
D/leak-270( 2184): Eastern Standard Time
D/leak-271( 2184): Eastern Standard Time
D/leak-268( 2184): Eastern Standard Time
D/leak-269( 2184): Eastern Standard Time
W/Resources( 2184): Converting to string: TypedValue{t=0x12/d=0x0 a=2 r=0x7f08004b}
D/leak-271( 2184): Eastern Standard Time
D/leak-268( 2184): Eastern Standard Time
D/leak-269( 2184): Eastern Standard Time
W/Resources( 2184): Converting to string: TypedValue{t=0x12/d=0x0 a=2 r=0x7f08004b}
D/leak-271( 2184): Eastern Standard Time
D/leak-268( 2184): Eastern Standard Time
D/leak-269( 2184): Eastern Standard Time
W/Resources( 2184): Converting to string: TypedValue{t=0x12/d=0x0 a=2 r=0x7f08004b}
D/leak-271( 2184): Eastern Standard Time
D/leak-268( 2184): Eastern Standard Time
D/leak-269( 2184): Eastern Standard Time
W/Resources( 2184): Converting to string: TypedValue{t=0x12/d=0x0 a=2 r=0x7f08004b}
D/leak-271( 2184): Eastern Standard Time
D/leak-268( 2184): Eastern Standard Time
D/leak-269( 2184): Eastern Standard Time
W/Resources( 2184): Converting to string: TypedValue{t=0x12/d=0x0 a=2 r=0x7f08004b}
D/leak-271( 2184): Eastern Standard Time
D/leak-268( 2184): Eastern Standard Time
D/leak-269( 2184): Eastern Standard Time
W/Resources( 2184): Converting to string: TypedValue{t=0x12/d=0x0 a=2 r=0x7f08004b}
D/leak-271( 2184): Eastern Standard Time
D/leak-268( 2184): Eastern Standard Time
D/leak-269( 2184): Eastern Standard Time
W/Resources( 2184): Converting to string: TypedValue{t=0x12/d=0x0 a=2 r=0x7f08004b}
D/leak-271( 2184): Eastern Standard Time
D/leak-268( 2184): Eastern Standard Time
D/leak-269( 2184): Eastern Standard Time
W/Resources( 2184): Converting to string: TypedValue{t=0x12/d=0x0 a=2 r=0x7f08004b}
D/leak-271( 2184): Eastern Standard Time
D/leak-268( 2184): Eastern Standard Time
D/leak-269( 2184): Eastern Standard Time
W/Resources( 2184): Converting to string: TypedValue{t=0x12/d=0x0 a=2 r=0x7f08004b}
D/leak-271( 2184): Eastern Standard Time
D/leak-268( 2184): Eastern Standard Time
D/leak-269( 2184): Eastern Standard Time
W/Resources( 2184): Converting to string: TypedValue{t=0x12/d=0x0 a=2 r=0x7f08004b}
D/leak-271( 2184): Eastern Standard Time
D/leak-268( 2184): Eastern Standard Time
D/leak-269( 2184): Eastern Standard Time
W/Resources( 2184): Converting to string: TypedValue{t=0x12/d=0x0 a=2 r=0x7f08004b}
D/leak-271( 2184): Eastern Standard Time
D/leak-268( 2184): Eastern Standard Time
D/leak-269( 2184): Eastern Standard Time
W/Resources( 2184): Converting to string: TypedValue{t=0x12/d=0x0 a=2 r=0x7f08004b}
D/leak-271( 2184): Eastern Standard Time
D/leak-268( 2184): Eastern Standard Time
D/leak-269( 2184): Eastern Standard Time
W/Resources( 2184): Converting to string: TypedValue{t=0x12/d=0x0 a=2 r=0x7f08004b}
D/leak-271( 2184): Eastern Standard Time
D/AndroidRuntime( 3642): >>>>>> START com.android.internal.os.RuntimeInit uid 0 <<<<<<
D/AndroidRuntime( 3642): CheckJNI is OFF
E/memtrack( 3642): Couldn't load memtrack module (No such file or directory)
E/android.os.Debug( 3642): failed to load memtrack module: -2
D/AndroidRuntime( 3642): Calling main entry com.android.commands.uiautomator.Launcher
W/AccessibilityNodeInfoDumper( 3642): Fetch time: 4ms
W/WindowManager(  526): Attempted to remove non-existing token: android.os.Binder@22bb3e96
D/AndroidRuntime( 3642): Shutting down VM
D/AndroidRuntime( 3670): >>>>>> START com.android.internal.os.RuntimeInit uid 0 <<<<<<
D/AndroidRuntime( 3670): CheckJNI is OFF
E/memtrack( 3670): Couldn't load memtrack module (No such file or directory)
E/android.os.Debug( 3670): failed to load memtrack module: -2
D/AndroidRuntime( 3670): Calling main entry com.android.commands.uiautomator.Launcher
W/AccessibilityNodeInfoDumper( 3670): Fetch time: 3ms
W/WindowManager(  526): Attempted to remove non-existing token: android.os.Binder@14cf8a17
D/AndroidRuntime( 3670): Shutting down VM
D/AndroidRuntime( 3693): >>>>>> START com.android.internal.os.RuntimeInit uid 0 <<<<<<
D/AndroidRuntime( 3693): CheckJNI is OFF
E/memtrack( 3693): Couldn't load memtrack module (No such file or directory)
E/android.os.Debug( 3693): failed to load memtrack module: -2
D/AndroidRuntime( 3693): Calling main entry com.android.commands.uiautomator.Launcher
W/AccessibilityNodeInfoDumper( 3693): Fetch time: 3ms
W/WindowManager(  526): Attempted to remove non-existing token: android.os.Binder@3d3afe04
D/AndroidRuntime( 3693): Shutting down VM
D/AndroidRuntime( 3721): >>>>>> START com.android.internal.os.RuntimeInit uid 0 <<<<<<
D/AndroidRuntime( 3721): CheckJNI is OFF
E/memtrack( 3721): Couldn't load memtrack module (No such file or directory)
E/android.os.Debug( 3721): failed to load memtrack module: -2
D/AndroidRuntime( 3721): Calling main entry com.android.commands.uiautomator.Launcher
W/AccessibilityNodeInfoDumper( 3721): Fetch time: 4ms
W/WindowManager(  526): Attempted to remove non-existing token: android.os.Binder@69b8fed
D/AndroidRuntime( 3721): Shutting down VM
D/AndroidRuntime( 3754): >>>>>> START com.android.internal.os.RuntimeInit uid 0 <<<<<<
D/AndroidRuntime( 3754): CheckJNI is OFF
E/memtrack( 3754): Couldn't load memtrack module (No such file or directory)
E/android.os.Debug( 3754): failed to load memtrack module: -2
D/AndroidRuntime( 3754): Calling main entry com.android.commands.uiautomator.Launcher
W/AccessibilityNodeInfoDumper( 3754): Fetch time: 4ms
W/WindowManager(  526): Attempted to remove non-existing token: android.os.Binder@3464ae22
D/AndroidRuntime( 3754): Shutting down VM
D/AndroidRuntime( 3785): >>>>>> START com.android.internal.os.RuntimeInit uid 0 <<<<<<
D/AndroidRuntime( 3785): CheckJNI is OFF
E/memtrack( 3785): Couldn't load memtrack module (No such file or directory)
E/android.os.Debug( 3785): failed to load memtrack module: -2
D/AndroidRuntime( 3785): Calling main entry com.android.commands.uiautomator.Launcher
W/AccessibilityNodeInfoDumper( 3785): Fetch time: 3ms
W/WindowManager(  526): Attempted to remove non-existing token: android.os.Binder@c38b0b3
D/AndroidRuntime( 3785): Shutting down VM
I/art     (  526): Background sticky concurrent mark sweep GC freed 42109(2MB) AllocSpace objects, 38(608KB) LOS objects, 32% free, 6MB/10MB, paused 11.198ms total 16.708ms
D/AndroidRuntime( 3808): >>>>>> START com.android.internal.os.RuntimeInit uid 0 <<<<<<
D/AndroidRuntime( 3808): CheckJNI is OFF
E/memtrack( 3808): Couldn't load memtrack module (No such file or directory)
