I/Input   ( 8031): injectMotionEvent: MotionEvent { action=ACTION_MOVE, id[0]=0, x[0]=946.0, y[0]=106.0, toolType[0]=TOOL_TYPE_UNKNOWN, buttonState=0, metaState=0, flags=0x0, edgeFlags=0x0, pointerCount=1, historySize=0, eventTime=464434, downTime=464434, deviceId=0, source=0x1002 }
I/Input   ( 8031): injectMotionEvent: MotionEvent { action=ACTION_MOVE, id[0]=0, x[0]=946.0, y[0]=106.0, toolType[0]=TOOL_TYPE_UNKNOWN, buttonState=0, metaState=0, flags=0x0, edgeFlags=0x0, pointerCount=1, historySize=0, eventTime=464452, downTime=464452, deviceId=0, source=0x1002 }
I/Input   ( 8031): injectMotionEvent: MotionEvent { action=ACTION_MOVE, id[0]=0, x[0]=946.0, y[0]=106.0, toolType[0]=TOOL_TYPE_UNKNOWN, buttonState=0, metaState=0, flags=0x0, edgeFlags=0x0, pointerCount=1, historySize=0, eventTime=464467, downTime=464467, deviceId=0, source=0x1002 }
I/Input   ( 8031): injectMotionEvent: MotionEvent { action=ACTION_MOVE, id[0]=0, x[0]=946.0, y[0]=106.0, toolType[0]=TOOL_TYPE_UNKNOWN, buttonState=0, metaState=0, flags=0x0, edgeFlags=0x0, pointerCount=1, historySize=0, eventTime=464484, downTime=464484, deviceId=0, source=0x1002 }
I/Input   ( 8031): injectMotionEvent: MotionEvent { action=ACTION_MOVE, id[0]=0, x[0]=946.0, y[0]=106.0, toolType[0]=TOOL_TYPE_UNKNOWN, buttonState=0, metaState=0, flags=0x0, edgeFlags=0x0, pointerCount=1, historySize=0, eventTime=464500, downTime=464500, deviceId=0, source=0x1002 }
I/Input   ( 8031): injectMotionEvent: MotionEvent { action=ACTION_MOVE, id[0]=0, x[0]=946.0, y[0]=106.0, toolType[0]=TOOL_TYPE_UNKNOWN, buttonState=0, metaState=0, flags=0x0, edgeFlags=0x0, pointerCount=1, historySize=0, eventTime=464517, downTime=464517, deviceId=0, source=0x1002 }
I/Input   ( 8031): injectMotionEvent: MotionEvent { action=ACTION_MOVE, id[0]=0, x[0]=946.0, y[0]=106.0, toolType[0]=TOOL_TYPE_UNKNOWN, buttonState=0, metaState=0, flags=0x0, edgeFlags=0x0, pointerCount=1, historySize=0, eventTime=464537, downTime=464537, deviceId=0, source=0x1002 }
I/Input   ( 8031): injectMotionEvent: MotionEvent { action=ACTION_MOVE, id[0]=0, x[0]=946.0, y[0]=106.0, toolType[0]=TOOL_TYPE_UNKNOWN, buttonState=0, metaState=0, flags=0x0, edgeFlags=0x0, pointerCount=1, historySize=0, eventTime=464550, downTime=464550, deviceId=0, source=0x1002 }
I/Input   ( 8031): injectMotionEvent: MotionEvent { action=ACTION_MOVE, id[0]=0, x[0]=946.0, y[0]=106.0, toolType[0]=TOOL_TYPE_UNKNOWN, buttonState=0, metaState=0, flags=0x0, edgeFlags=0x0, pointerCount=1, historySize=0, eventTime=464567, downTime=464567, deviceId=0, source=0x1002 }
I/Input   ( 8031): injectMotionEvent: MotionEvent { action=ACTION_MOVE, id[0]=0, x[0]=946.0, y[0]=106.0, toolType[0]=TOOL_TYPE_UNKNOWN, buttonState=0, metaState=0, flags=0x0, edgeFlags=0x0, pointerCount=1, historySize=0, eventTime=464584, downTime=464584, deviceId=0, source=0x1002 }
I/Input   ( 8031): injectMotionEvent: MotionEvent { action=ACTION_MOVE, id[0]=0, x[0]=946.0, y[0]=106.0, toolType[0]=TOOL_TYPE_UNKNOWN, buttonState=0, metaState=0, flags=0x0, edgeFlags=0x0, pointerCount=1, historySize=0, eventTime=464600, downTime=464600, deviceId=0, source=0x1002 }
I/Input   ( 8031): injectMotionEvent: MotionEvent { action=ACTION_MOVE, id[0]=0, x[0]=946.0, y[0]=106.0, toolType[0]=TOOL_TYPE_UNKNOWN, buttonState=0, metaState=0, flags=0x0, edgeFlags=0x0, pointerCount=1, historySize=0, eventTime=464618, downTime=464618, deviceId=0, source=0x1002 }
I/Input   ( 8031): injectMotionEvent: MotionEvent { action=ACTION_MOVE, id[0]=0, x[0]=946.0, y[0]=106.0, toolType[0]=TOOL_TYPE_UNKNOWN, buttonState=0, metaState=0, flags=0x0, edgeFlags=0x0, pointerCount=1, historySize=0, eventTime=464638, downTime=464638, deviceId=0, source=0x1002 }
I/Input   ( 8031): injectMotionEvent: MotionEvent { action=ACTION_MOVE, id[0]=0, x[0]=946.0, y[0]=106.0, toolType[0]=TOOL_TYPE_UNKNOWN, buttonState=0, metaState=0, flags=0x0, edgeFlags=0x0, pointerCount=1, historySize=0, eventTime=464650, downTime=464650, deviceId=0, source=0x1002 }
I/Input   ( 8031): injectMotionEvent: MotionEvent { action=ACTION_MOVE, id[0]=0, x[0]=946.0, y[0]=106.0, toolType[0]=TOOL_TYPE_UNKNOWN, buttonState=0, metaState=0, flags=0x0, edgeFlags=0x0, pointerCount=1, historySize=0, eventTime=464667, downTime=464667, deviceId=0, source=0x1002 }
I/Input   ( 8031): injectMotionEvent: MotionEvent { action=ACTION_MOVE, id[0]=0, x[0]=946.0, y[0]=106.0, toolType[0]=TOOL_TYPE_UNKNOWN, buttonState=0, metaState=0, flags=0x0, edgeFlags=0x0, pointerCount=1, historySize=0, eventTime=464684, downTime=464684, deviceId=0, source=0x1002 }
I/Input   ( 8031): injectMotionEvent: MotionEvent { action=ACTION_MOVE, id[0]=0, x[0]=946.0, y[0]=106.0, toolType[0]=TOOL_TYPE_UNKNOWN, buttonState=0, metaState=0, flags=0x0, edgeFlags=0x0, pointerCount=1, historySize=0, eventTime=464700, downTime=464700, deviceId=0, source=0x1002 }
I/Input   ( 8031): injectMotionEvent: MotionEvent { action=ACTION_MOVE, id[0]=0, x[0]=946.0, y[0]=106.0, toolType[0]=TOOL_TYPE_UNKNOWN, buttonState=0, metaState=0, flags=0x0, edgeFlags=0x0, pointerCount=1, historySize=0, eventTime=464718, downTime=464718, deviceId=0, source=0x1002 }
I/Input   ( 8031): injectMotionEvent: MotionEvent { action=ACTION_MOVE, id[0]=0, x[0]=946.0, y[0]=106.0, toolType[0]=TOOL_TYPE_UNKNOWN, buttonState=0, metaState=0, flags=0x0, edgeFlags=0x0, pointerCount=1, historySize=0, eventTime=464738, downTime=464738, deviceId=0, source=0x1002 }
I/Input   ( 8031): injectMotionEvent: MotionEvent { action=ACTION_MOVE, id[0]=0, x[0]=946.0, y[0]=106.0, toolType[0]=TOOL_TYPE_UNKNOWN, buttonState=0, metaState=0, flags=0x0, edgeFlags=0x0, pointerCount=1, historySize=0, eventTime=464750, downTime=464750, deviceId=0, source=0x1002 }
I/Input   ( 8031): injectMotionEvent: MotionEvent { action=ACTION_MOVE, id[0]=0, x[0]=946.0, y[0]=106.0, toolType[0]=TOOL_TYPE_UNKNOWN, buttonState=0, metaState=0, flags=0x0, edgeFlags=0x0, pointerCount=1, historySize=0, eventTime=464767, downTime=464767, deviceId=0, source=0x1002 }
I/Input   ( 8031): injectMotionEvent: MotionEvent { action=ACTION_MOVE, id[0]=0, x[0]=946.0, y[0]=106.0, toolType[0]=TOOL_TYPE_UNKNOWN, buttonState=0, metaState=0, flags=0x0, edgeFlags=0x0, pointerCount=1, historySize=0, eventTime=464783, downTime=464783, deviceId=0, source=0x1002 }
I/Input   ( 8031): injectMotionEvent: MotionEvent { action=ACTION_MOVE, id[0]=0, x[0]=946.0, y[0]=106.0, toolType[0]=TOOL_TYPE_UNKNOWN, buttonState=0, metaState=0, flags=0x0, edgeFlags=0x0, pointerCount=1, historySize=0, eventTime=464801, downTime=464801, deviceId=0, source=0x1002 }
I/Input   ( 8031): injectMotionEvent: MotionEvent { action=ACTION_MOVE, id[0]=0, x[0]=946.0, y[0]=106.0, toolType[0]=TOOL_TYPE_UNKNOWN, buttonState=0, metaState=0, flags=0x0, edgeFlags=0x0, pointerCount=1, historySize=0, eventTime=464819, downTime=464819, deviceId=0, source=0x1002 }
I/Input   ( 8031): injectMotionEvent: MotionEvent { action=ACTION_MOVE, id[0]=0, x[0]=946.0, y[0]=106.0, toolType[0]=TOOL_TYPE_UNKNOWN, buttonState=0, metaState=0, flags=0x0, edgeFlags=0x0, pointerCount=1, historySize=0, eventTime=464834, downTime=464834, deviceId=0, source=0x1002 }
I/Input   ( 8031): injectMotionEvent: MotionEvent { action=ACTION_MOVE, id[0]=0, x[0]=946.0, y[0]=106.0, toolType[0]=TOOL_TYPE_UNKNOWN, buttonState=0, metaState=0, flags=0x0, edgeFlags=0x0, pointerCount=1, historySize=0, eventTime=464850, downTime=464850, deviceId=0, source=0x1002 }
I/Input   ( 8031): injectMotionEvent: MotionEvent { action=ACTION_MOVE, id[0]=0, x[0]=946.0, y[0]=106.0, toolType[0]=TOOL_TYPE_UNKNOWN, buttonState=0, metaState=0, flags=0x0, edgeFlags=0x0, pointerCount=1, historySize=0, eventTime=464867, downTime=464867, deviceId=0, source=0x1002 }
I/Input   ( 8031): injectMotionEvent: MotionEvent { action=ACTION_MOVE, id[0]=0, x[0]=946.0, y[0]=106.0, toolType[0]=TOOL_TYPE_UNKNOWN, buttonState=0, metaState=0, flags=0x0, edgeFlags=0x0, pointerCount=1, historySize=0, eventTime=464884, downTime=464884, deviceId=0, source=0x1002 }
I/Input   ( 8031): injectMotionEvent: MotionEvent { action=ACTION_MOVE, id[0]=0, x[0]=946.0, y[0]=106.0, toolType[0]=TOOL_TYPE_UNKNOWN, buttonState=0, metaState=0, flags=0x0, edgeFlags=0x0, pointerCount=1, historySize=0, eventTime=464901, downTime=464901, deviceId=0, source=0x1002 }
I/Input   ( 8031): injectMotionEvent: MotionEvent { action=ACTION_MOVE, id[0]=0, x[0]=946.0, y[0]=106.0, toolType[0]=TOOL_TYPE_UNKNOWN, buttonState=0, metaState=0, flags=0x0, edgeFlags=0x0, pointerCount=1, historySize=0, eventTime=464917, downTime=464917, deviceId=0, source=0x1002 }
I/Input   ( 8031): injectMotionEvent: MotionEvent { action=ACTION_MOVE, id[0]=0, x[0]=946.0, y[0]=106.0, toolType[0]=TOOL_TYPE_UNKNOWN, buttonState=0, metaState=0, flags=0x0, edgeFlags=0x0, pointerCount=1, historySize=0, eventTime=464939, downTime=464939, deviceId=0, source=0x1002 }
I/Input   ( 8031): injectMotionEvent: MotionEvent { action=ACTION_MOVE, id[0]=0, x[0]=946.0, y[0]=106.0, toolType[0]=TOOL_TYPE_UNKNOWN, buttonState=0, metaState=0, flags=0x0, edgeFlags=0x0, pointerCount=1, historySize=0, eventTime=464950, downTime=464950, deviceId=0, source=0x1002 }
I/Input   ( 8031): injectMotionEvent: MotionEvent { action=ACTION_MOVE, id[0]=0, x[0]=946.0, y[0]=106.0, toolType[0]=TOOL_TYPE_UNKNOWN, buttonState=0, metaState=0, flags=0x0, edgeFlags=0x0, pointerCount=1, historySize=0, eventTime=464968, downTime=464968, deviceId=0, source=0x1002 }
I/Input   ( 8031): injectMotionEvent: MotionEvent { action=ACTION_MOVE, id[0]=0, x[0]=946.0, y[0]=106.0, toolType[0]=TOOL_TYPE_UNKNOWN, buttonState=0, metaState=0, flags=0x0, edgeFlags=0x0, pointerCount=1, historySize=0, eventTime=464984, downTime=464984, deviceId=0, source=0x1002 }
I/Input   ( 8031): injectMotionEvent: MotionEvent { action=ACTION_MOVE, id[0]=0, x[0]=946.0, y[0]=106.0, toolType[0]=TOOL_TYPE_UNKNOWN, buttonState=0, metaState=0, flags=0x0, edgeFlags=0x0, pointerCount=1, historySize=0, eventTime=465000, downTime=465000, deviceId=0, source=0x1002 }
I/Input   ( 8031): injectMotionEvent: MotionEvent { action=ACTION_MOVE, id[0]=0, x[0]=946.0, y[0]=106.0, toolType[0]=TOOL_TYPE_UNKNOWN, buttonState=0, metaState=0, flags=0x0, edgeFlags=0x0, pointerCount=1, historySize=0, eventTime=465018, downTime=465018, deviceId=0, source=0x1002 }
I/Input   ( 8031): injectMotionEvent: MotionEvent { action=ACTION_MOVE, id[0]=0, x[0]=946.0, y[0]=106.0, toolType[0]=TOOL_TYPE_UNKNOWN, buttonState=0, metaState=0, flags=0x0, edgeFlags=0x0, pointerCount=1, historySize=0, eventTime=465037, downTime=465037, deviceId=0, source=0x1002 }
I/Input   ( 8031): injectMotionEvent: MotionEvent { action=ACTION_MOVE, id[0]=0, x[0]=946.0, y[0]=106.0, toolType[0]=TOOL_TYPE_UNKNOWN, buttonState=0, metaState=0, flags=0x0, edgeFlags=0x0, pointerCount=1, historySize=0, eventTime=465050, downTime=465050, deviceId=0, source=0x1002 }
I/Input   ( 8031): injectMotionEvent: MotionEvent { action=ACTION_MOVE, id[0]=0, x[0]=946.0, y[0]=106.0, toolType[0]=TOOL_TYPE_UNKNOWN, buttonState=0, metaState=0, flags=0x0, edgeFlags=0x0, pointerCount=1, historySize=0, eventTime=465067, downTime=465067, deviceId=0, source=0x1002 }
I/Input   ( 8031): injectMotionEvent: MotionEvent { action=ACTION_MOVE, id[0]=0, x[0]=946.0, y[0]=106.0, toolType[0]=TOOL_TYPE_UNKNOWN, buttonState=0, metaState=0, flags=0x0, edgeFlags=0x0, pointerCount=1, historySize=0, eventTime=465084, downTime=465084, deviceId=0, source=0x1002 }
I/Input   ( 8031): injectMotionEvent: MotionEvent { action=ACTION_MOVE, id[0]=0, x[0]=946.0, y[0]=106.0, toolType[0]=TOOL_TYPE_UNKNOWN, buttonState=0, metaState=0, flags=0x0, edgeFlags=0x0, pointerCount=1, historySize=0, eventTime=465101, downTime=465101, deviceId=0, source=0x1002 }
I/Input   ( 8031): injectMotionEvent: MotionEvent { action=ACTION_MOVE, id[0]=0, x[0]=946.0, y[0]=106.0, toolType[0]=TOOL_TYPE_UNKNOWN, buttonState=0, metaState=0, flags=0x0, edgeFlags=0x0, pointerCount=1, historySize=0, eventTime=465118, downTime=465118, deviceId=0, source=0x1002 }
I/Input   ( 8031): injectMotionEvent: MotionEvent { action=ACTION_MOVE, id[0]=0, x[0]=946.0, y[0]=106.0, toolType[0]=TOOL_TYPE_UNKNOWN, buttonState=0, metaState=0, flags=0x0, edgeFlags=0x0, pointerCount=1, historySize=0, eventTime=465138, downTime=465138, deviceId=0, source=0x1002 }
I/Input   ( 8031): injectMotionEvent: MotionEvent { action=ACTION_MOVE, id[0]=0, x[0]=946.0, y[0]=106.0, toolType[0]=TOOL_TYPE_UNKNOWN, buttonState=0, metaState=0, flags=0x0, edgeFlags=0x0, pointerCount=1, historySize=0, eventTime=465150, downTime=465150, deviceId=0, source=0x1002 }
I/Input   ( 8031): injectMotionEvent: MotionEvent { action=ACTION_MOVE, id[0]=0, x[0]=946.0, y[0]=106.0, toolType[0]=TOOL_TYPE_UNKNOWN, buttonState=0, metaState=0, flags=0x0, edgeFlags=0x0, pointerCount=1, historySize=0, eventTime=465167, downTime=465167, deviceId=0, source=0x1002 }
I/Input   ( 8031): injectMotionEvent: MotionEvent { action=ACTION_MOVE, id[0]=0, x[0]=946.0, y[0]=106.0, toolType[0]=TOOL_TYPE_UNKNOWN, buttonState=0, metaState=0, flags=0x0, edgeFlags=0x0, pointerCount=1, historySize=0, eventTime=465184, downTime=465184, deviceId=0, source=0x1002 }
I/Input   ( 8031): injectMotionEvent: MotionEvent { action=ACTION_MOVE, id[0]=0, x[0]=946.0, y[0]=106.0, toolType[0]=TOOL_TYPE_UNKNOWN, buttonState=0, metaState=0, flags=0x0, edgeFlags=0x0, pointerCount=1, historySize=0, eventTime=465200, downTime=465200, deviceId=0, source=0x1002 }
I/Input   ( 8031): injectMotionEvent: MotionEvent { action=ACTION_MOVE, id[0]=0, x[0]=946.0, y[0]=106.0, toolType[0]=TOOL_TYPE_UNKNOWN, buttonState=0, metaState=0, flags=0x0, edgeFlags=0x0, pointerCount=1, historySize=0, eventTime=465217, downTime=465217, deviceId=0, source=0x1002 }
I/Input   ( 8031): injectMotionEvent: MotionEvent { action=ACTION_MOVE, id[0]=0, x[0]=946.0, y[0]=106.0, toolType[0]=TOOL_TYPE_UNKNOWN, buttonState=0, metaState=0, flags=0x0, edgeFlags=0x0, pointerCount=1, historySize=0, eventTime=465235, downTime=465235, deviceId=0, source=0x1002 }
I/Input   ( 8031): injectMotionEvent: MotionEvent { action=ACTION_MOVE, id[0]=0, x[0]=946.0, y[0]=106.0, toolType[0]=TOOL_TYPE_UNKNOWN, buttonState=0, metaState=0, flags=0x0, edgeFlags=0x0, pointerCount=1, historySize=0, eventTime=465250, downTime=465250, deviceId=0, source=0x1002 }
I/Input   ( 8031): injectMotionEvent: MotionEvent { action=ACTION_MOVE, id[0]=0, x[0]=946.0, y[0]=106.0, toolType[0]=TOOL_TYPE_UNKNOWN, buttonState=0, metaState=0, flags=0x0, edgeFlags=0x0, pointerCount=1, historySize=0, eventTime=465268, downTime=465268, deviceId=0, source=0x1002 }
I/Input   ( 8031): injectMotionEvent: MotionEvent { action=ACTION_MOVE, id[0]=0, x[0]=946.0, y[0]=106.0, toolType[0]=TOOL_TYPE_UNKNOWN, buttonState=0, metaState=0, flags=0x0, edgeFlags=0x0, pointerCount=1, historySize=0, eventTime=465284, downTime=465284, deviceId=0, source=0x1002 }
I/Input   ( 8031): injectMotionEvent: MotionEvent { action=ACTION_MOVE, id[0]=0, x[0]=946.0, y[0]=106.0, toolType[0]=TOOL_TYPE_UNKNOWN, buttonState=0, metaState=0, flags=0x0, edgeFlags=0x0, pointerCount=1, historySize=0, eventTime=465300, downTime=465300, deviceId=0, source=0x1002 }
I/Input   ( 8031): injectMotionEvent: MotionEvent { action=ACTION_MOVE, id[0]=0, x[0]=946.0, y[0]=106.0, toolType[0]=TOOL_TYPE_UNKNOWN, buttonState=0, metaState=0, flags=0x0, edgeFlags=0x0, pointerCount=1, historySize=0, eventTime=465317, downTime=465317, deviceId=0, source=0x1002 }
I/Input   ( 8031): injectMotionEvent: MotionEvent { action=ACTION_MOVE, id[0]=0, x[0]=946.0, y[0]=106.0, toolType[0]=TOOL_TYPE_UNKNOWN, buttonState=0, metaState=0, flags=0x0, edgeFlags=0x0, pointerCount=1, historySize=0, eventTime=465337, downTime=465337, deviceId=0, source=0x1002 }
I/Input   ( 8031): injectMotionEvent: MotionEvent { action=ACTION_MOVE, id[0]=0, x[0]=946.0, y[0]=106.0, toolType[0]=TOOL_TYPE_UNKNOWN, buttonState=0, metaState=0, flags=0x0, edgeFlags=0x0, pointerCount=1, historySize=0, eventTime=465350, downTime=465350, deviceId=0, source=0x1002 }
I/Input   ( 8031): injectMotionEvent: MotionEvent { action=ACTION_MOVE, id[0]=0, x[0]=946.0, y[0]=106.0, toolType[0]=TOOL_TYPE_UNKNOWN, buttonState=0, metaState=0, flags=0x0, edgeFlags=0x0, pointerCount=1, historySize=0, eventTime=465367, downTime=465367, deviceId=0, source=0x1002 }
I/Input   ( 8031): injectMotionEvent: MotionEvent { action=ACTION_MOVE, id[0]=0, x[0]=946.0, y[0]=106.0, toolType[0]=TOOL_TYPE_UNKNOWN, buttonState=0, metaState=0, flags=0x0, edgeFlags=0x0, pointerCount=1, historySize=0, eventTime=465384, downTime=465384, deviceId=0, source=0x1002 }
I/Input   ( 8031): injectMotionEvent: MotionEvent { action=ACTION_MOVE, id[0]=0, x[0]=946.0, y[0]=106.0, toolType[0]=TOOL_TYPE_UNKNOWN, buttonState=0, metaState=0, flags=0x0, edgeFlags=0x0, pointerCount=1, historySize=0, eventTime=465400, downTime=465400, deviceId=0, source=0x1002 }
I/Input   ( 8031): injectMotionEvent: MotionEvent { action=ACTION_MOVE, id[0]=0, x[0]=946.0, y[0]=106.0, toolType[0]=TOOL_TYPE_UNKNOWN, buttonState=0, metaState=0, flags=0x0, edgeFlags=0x0, pointerCount=1, historySize=0, eventTime=465417, downTime=465417, deviceId=0, source=0x1002 }
I/Input   ( 8031): injectMotionEvent: MotionEvent { action=ACTION_MOVE, id[0]=0, x[0]=946.0, y[0]=106.0, toolType[0]=TOOL_TYPE_UNKNOWN, buttonState=0, metaState=0, flags=0x0, edgeFlags=0x0, pointerCount=1, historySize=0, eventTime=465437, downTime=465437, deviceId=0, source=0x1002 }
I/Input   ( 8031): injectMotionEvent: MotionEvent { action=ACTION_MOVE, id[0]=0, x[0]=946.0, y[0]=106.0, toolType[0]=TOOL_TYPE_UNKNOWN, buttonState=0, metaState=0, flags=0x0, edgeFlags=0x0, pointerCount=1, historySize=0, eventTime=465450, downTime=465450, deviceId=0, source=0x1002 }
I/Input   ( 8031): injectMotionEvent: MotionEvent { action=ACTION_MOVE, id[0]=0, x[0]=946.0, y[0]=106.0, toolType[0]=TOOL_TYPE_UNKNOWN, buttonState=0, metaState=0, flags=0x0, edgeFlags=0x0, pointerCount=1, historySize=0, eventTime=465467, downTime=465467, deviceId=0, source=0x1002 }
I/Input   ( 8031): injectMotionEvent: MotionEvent { action=ACTION_MOVE, id[0]=0, x[0]=946.0, y[0]=106.0, toolType[0]=TOOL_TYPE_UNKNOWN, buttonState=0, metaState=0, flags=0x0, edgeFlags=0x0, pointerCount=1, historySize=0, eventTime=465484, downTime=465484, deviceId=0, source=0x1002 }
I/Input   ( 8031): injectMotionEvent: MotionEvent { action=ACTION_MOVE, id[0]=0, x[0]=946.0, y[0]=106.0, toolType[0]=TOOL_TYPE_UNKNOWN, buttonState=0, metaState=0, flags=0x0, edgeFlags=0x0, pointerCount=1, historySize=0, eventTime=465501, downTime=465501, deviceId=0, source=0x1002 }
I/Input   ( 8031): injectMotionEvent: MotionEvent { action=ACTION_MOVE, id[0]=0, x[0]=946.0, y[0]=106.0, toolType[0]=TOOL_TYPE_UNKNOWN, buttonState=0, metaState=0, flags=0x0, edgeFlags=0x0, pointerCount=1, historySize=0, eventTime=465517, downTime=465517, deviceId=0, source=0x1002 }
I/Input   ( 8031): injectMotionEvent: MotionEvent { action=ACTION_MOVE, id[0]=0, x[0]=946.0, y[0]=106.0, toolType[0]=TOOL_TYPE_UNKNOWN, buttonState=0, metaState=0, flags=0x0, edgeFlags=0x0, pointerCount=1, historySize=0, eventTime=465539, downTime=465539, deviceId=0, source=0x1002 }
I/Input   ( 8031): injectMotionEvent: MotionEvent { action=ACTION_MOVE, id[0]=0, x[0]=946.0, y[0]=106.0, toolType[0]=TOOL_TYPE_UNKNOWN, buttonState=0, metaState=0, flags=0x0, edgeFlags=0x0, pointerCount=1, historySize=0, eventTime=465550, downTime=465550, deviceId=0, source=0x1002 }
I/Input   ( 8031): injectMotionEvent: MotionEvent { action=ACTION_MOVE, id[0]=0, x[0]=946.0, y[0]=106.0, toolType[0]=TOOL_TYPE_UNKNOWN, buttonState=0, metaState=0, flags=0x0, edgeFlags=0x0, pointerCount=1, historySize=0, eventTime=465567, downTime=465567, deviceId=0, source=0x1002 }
I/Input   ( 8031): injectMotionEvent: MotionEvent { action=ACTION_MOVE, id[0]=0, x[0]=946.0, y[0]=106.0, toolType[0]=TOOL_TYPE_UNKNOWN, buttonState=0, metaState=0, flags=0x0, edgeFlags=0x0, pointerCount=1, historySize=0, eventTime=465584, downTime=465584, deviceId=0, source=0x1002 }
I/Input   ( 8031): injectMotionEvent: MotionEvent { action=ACTION_MOVE, id[0]=0, x[0]=946.0, y[0]=106.0, toolType[0]=TOOL_TYPE_UNKNOWN, buttonState=0, metaState=0, flags=0x0, edgeFlags=0x0, pointerCount=1, historySize=0, eventTime=465600, downTime=465600, deviceId=0, source=0x1002 }
I/Input   ( 8031): injectMotionEvent: MotionEvent { action=ACTION_UP, id[0]=0, x[0]=946.0, y[0]=106.0, toolType[0]=TOOL_TYPE_UNKNOWN, buttonState=0, metaState=0, flags=0x0, edgeFlags=0x0, pointerCount=1, historySize=0, eventTime=465617, downTime=465617, deviceId=0, source=0x1002 }
D/AndroidRuntime( 8031): Shutting down VM
D/leak-282( 2353): Eastern Standard Time
D/leak-284( 2353): Eastern Standard Time
D/leak-53 ( 2353): Eastern Standard Time
D/leak-54 ( 2353): Eastern Standard Time
W/AudioTrack(  536): AUDIO_OUTPUT_FLAG_FAST denied by client
V/WindowManager(  536): not Base app: Adding window Window{337f3600 u0 New Event Class} at 3 of 9
W/EGL_emulation( 2353): eglSurfaceAttrib not implemented
W/OpenGLRenderer( 2353): Failed to set EGL_SWAP_BEHAVIOR on surface 0xeeccd440, error=EGL_SUCCESS
I/LatinIME( 1013): Starting input. Cursor position = 0,0
W/EGL_emulation( 1013): eglSurfaceAttrib not implemented
W/OpenGLRenderer( 1013): Failed to set EGL_SWAP_BEHAVIOR on surface 0xf3f93960, error=EGL_SUCCESS
D/AndroidRuntime( 8365): >>>>>> START com.android.internal.os.RuntimeInit uid 0 <<<<<<
D/AndroidRuntime( 8365): CheckJNI is OFF
E/memtrack( 8365): Couldn't load memtrack module (No such file or directory)
E/android.os.Debug( 8365): failed to load memtrack module: -2
D/AndroidRuntime( 8365): Calling main entry com.android.commands.input.Input
I/Input   ( 8365): injectKeyEvent: KeyEvent { action=ACTION_DOWN, keyCode=KEYCODE_ESCAPE, scanCode=0, metaState=0, flags=0x0, repeatCount=0, eventTime=470227, downTime=470227, deviceId=-1, source=0x101 }
I/Input   ( 8365): injectKeyEvent: KeyEvent { action=ACTION_UP, keyCode=KEYCODE_ESCAPE, scanCode=0, metaState=0, flags=0x0, repeatCount=0, eventTime=470227, downTime=470227, deviceId=-1, source=0x101 }
D/AndroidRuntime( 8365): Shutting down VM
D/AndroidRuntime( 8385): >>>>>> START com.android.internal.os.RuntimeInit uid 0 <<<<<<
D/AndroidRuntime( 8385): CheckJNI is OFF
E/memtrack( 8385): Couldn't load memtrack module (No such file or directory)
E/android.os.Debug( 8385): failed to load memtrack module: -2
D/AndroidRuntime( 8385): Calling main entry com.android.commands.uiautomator.Launcher
I/art     (  536): Explicit concurrent mark sweep GC freed 45959(2MB) AllocSpace objects, 34(544KB) LOS objects, 33% free, 7MB/10MB, paused 637us total 17.492ms
W/AccessibilityNodeInfoDumper( 8385): Fetch time: 1ms
W/WindowManager(  536): Attempted to remove non-existing token: android.os.Binder@2c8a17a9
D/AndroidRuntime( 8385): Shutting down VM
D/AndroidRuntime( 8414): >>>>>> START com.android.internal.os.RuntimeInit uid 0 <<<<<<
D/AndroidRuntime( 8414): CheckJNI is OFF
E/memtrack( 8414): Couldn't load memtrack module (No such file or directory)
E/android.os.Debug( 8414): failed to load memtrack module: -2
D/AndroidRuntime( 8414): Calling main entry com.android.commands.uiautomator.Launcher
W/AccessibilityNodeInfoDumper( 8414): Fetch time: 2ms
W/WindowManager(  536): Attempted to remove non-existing token: android.os.Binder@35ad74cf
D/AndroidRuntime( 8414): Shutting down VM
D/AndroidRuntime( 8436): >>>>>> START com.android.internal.os.RuntimeInit uid 0 <<<<<<
D/AndroidRuntime( 8436): CheckJNI is OFF
E/memtrack( 8436): Couldn't load memtrack module (No such file or directory)
E/android.os.Debug( 8436): failed to load memtrack module: -2
D/AndroidRuntime( 8436): Calling main entry com.android.commands.uiautomator.Launcher
W/AccessibilityNodeInfoDumper( 8436): Fetch time: 1ms
W/WindowManager(  536): Attempted to remove non-existing token: android.os.Binder@1b8bfe5c
D/AndroidRuntime( 8436): Shutting down VM
D/AndroidRuntime( 8464): >>>>>> START com.android.internal.os.RuntimeInit uid 0 <<<<<<
D/AndroidRuntime( 8464): CheckJNI is OFF
E/memtrack( 8464): Couldn't load memtrack module (No such file or directory)
E/android.os.Debug( 8464): failed to load memtrack module: -2
D/AndroidRuntime( 8464): Calling main entry com.android.commands.uiautomator.Launcher
W/AccessibilityNodeInfoDumper( 8464): Fetch time: 1ms
W/WindowManager(  536): Attempted to remove non-existing token: android.os.Binder@39438565
D/AndroidRuntime( 8464): Shutting down VM
D/AndroidRuntime( 8496): >>>>>> START com.android.internal.os.RuntimeInit uid 0 <<<<<<
D/AndroidRuntime( 8496): CheckJNI is OFF
E/memtrack( 8496): Couldn't load memtrack module (No such file or directory)
E/android.os.Debug( 8496): failed to load memtrack module: -2
D/AndroidRuntime( 8496): Calling main entry com.android.commands.uiautomator.Launcher
W/AccessibilityNodeInfoDumper( 8496): Fetch time: 2ms
W/WindowManager(  536): Attempted to remove non-existing token: android.os.Binder@582c23a
D/AndroidRuntime( 8496): Shutting down VM
D/AndroidRuntime( 8526): >>>>>> START com.android.internal.os.RuntimeInit uid 0 <<<<<<
D/AndroidRuntime( 8526): CheckJNI is OFF
E/memtrack( 8526): Couldn't load memtrack module (No such file or directory)
E/android.os.Debug( 8526): failed to load memtrack module: -2
D/AndroidRuntime( 8526): Calling main entry com.android.commands.uiautomator.Launcher
W/AccessibilityNodeInfoDumper( 8526): Fetch time: 2ms
W/WindowManager(  536): Attempted to remove non-existing token: android.os.Binder@22b68eeb
D/AndroidRuntime( 8526): Shutting down VM
D/AndroidRuntime( 8548): >>>>>> START com.android.internal.os.RuntimeInit uid 0 <<<<<<
D/AndroidRuntime( 8548): CheckJNI is OFF
E/memtrack( 8548): Couldn't load memtrack module (No such file or directory)
E/android.os.Debug( 8548): failed to load memtrack module: -2
D/AndroidRuntime( 8548): Calling main entry com.android.commands.uiautomator.Launcher
W/AccessibilityNodeInfoDumper( 8548): Fetch time: 2ms
W/WindowManager(  536): Attempted to remove non-existing token: android.os.Binder@1c08a448
D/AndroidRuntime( 8548): Shutting down VM
D/AndroidRuntime( 8576): >>>>>> START com.android.internal.os.RuntimeInit uid 0 <<<<<<
D/AndroidRuntime( 8576): CheckJNI is OFF
E/memtrack( 8576): Couldn't load memtrack module (No such file or directory)
E/android.os.Debug( 8576): failed to load memtrack module: -2
D/AndroidRuntime( 8576): Calling main entry com.android.commands.uiautomator.Launcher
W/AccessibilityNodeInfoDumper( 8576): Fetch time: 1ms
W/WindowManager(  536): Attempted to remove non-existing token: android.os.Binder@296c12e1
D/AndroidRuntime( 8576): Shutting down VM
D/AndroidRuntime( 8598): >>>>>> START com.android.internal.os.RuntimeInit uid 0 <<<<<<
D/AndroidRuntime( 8598): CheckJNI is OFF
E/memtrack( 8598): Couldn't load memtrack module (No such file or directory)
E/android.os.Debug( 8598): failed to load memtrack module: -2
D/AndroidRuntime( 8598): Calling main entry com.android.commands.uiautomator.Launcher
I/art     (  536): Explicit concurrent mark sweep GC freed 45115(2MB) AllocSpace objects, 39(624KB) LOS objects, 33% free, 7MB/10MB, paused 815us total 16.663ms
W/AccessibilityNodeInfoDumper( 8598): Fetch time: 1ms
W/WindowManager(  536): Attempted to remove non-existing token: android.os.Binder@bcac806
D/AndroidRuntime( 8598): Shutting down VM
D/AndroidRuntime( 8626): >>>>>> START com.android.internal.os.RuntimeInit uid 0 <<<<<<
D/AndroidRuntime( 8626): CheckJNI is OFF
E/memtrack( 8626): Couldn't load memtrack module (No such file or directory)
E/android.os.Debug( 8626): failed to load memtrack module: -2
D/AndroidRuntime( 8626): Calling main entry com.android.commands.uiautomator.Launcher
W/AccessibilityNodeInfoDumper( 8626): Fetch time: 2ms
W/WindowManager(  536): Attempted to remove non-existing token: android.os.Binder@627bcf4
D/AndroidRuntime( 8626): Shutting down VM
D/AndroidRuntime( 8648): >>>>>> START com.android.internal.os.RuntimeInit uid 0 <<<<<<
D/AndroidRuntime( 8648): CheckJNI is OFF
E/memtrack( 8648): Couldn't load memtrack module (No such file or directory)
E/android.os.Debug( 8648): failed to load memtrack module: -2
D/AndroidRuntime( 8648): Calling main entry com.android.commands.uiautomator.Launcher
W/AccessibilityNodeInfoDumper( 8648): Fetch time: 3ms
W/WindowManager(  536): Attempted to remove non-existing token: android.os.Binder@1335fc1d
D/AndroidRuntime( 8648): Shutting down VM
D/AndroidRuntime( 8666): >>>>>> START com.android.internal.os.RuntimeInit uid 0 <<<<<<
D/AndroidRuntime( 8666): CheckJNI is OFF
E/memtrack( 8666): Couldn't load memtrack module (No such file or directory)
E/android.os.Debug( 8666): failed to load memtrack module: -2
D/AndroidRuntime( 8666): Calling main entry com.android.commands.input.Input
I/Input   ( 8666): injectMotionEvent: MotionEvent { action=ACTION_DOWN, id[0]=0, x[0]=600.0, y[0]=954.0, toolType[0]=TOOL_TYPE_UNKNOWN, buttonState=0, metaState=0, flags=0x0, edgeFlags=0x0, pointerCount=1, historySize=0, eventTime=493185, downTime=493185, deviceId=0, source=0x1002 }
I/Input   ( 8666): injectMotionEvent: MotionEvent { action=ACTION_UP, id[0]=0, x[0]=600.0, y[0]=954.0, toolType[0]=TOOL_TYPE_UNKNOWN, buttonState=0, metaState=0, flags=0x0, edgeFlags=0x0, pointerCount=1, historySize=0, eventTime=493185, downTime=493185, deviceId=0, source=0x1002 }
I/LatinIME( 1013): Starting input. Cursor position = 0,0
D/AndroidRuntime( 8666): Shutting down VM
W/EGL_emulation( 1013): eglSurfaceAttrib not implemented
W/OpenGLRenderer( 1013): Failed to set EGL_SWAP_BEHAVIOR on surface 0xe21424c0, error=EGL_SUCCESS
D/AndroidRuntime( 8682): >>>>>> START com.android.internal.os.RuntimeInit uid 0 <<<<<<
D/AndroidRuntime( 8682): CheckJNI is OFF
E/memtrack( 8682): Couldn't load memtrack module (No such file or directory)
E/android.os.Debug( 8682): failed to load memtrack module: -2
D/AndroidRuntime( 8682): Calling main entry com.android.commands.input.Input
I/Input   ( 8682): injectKeyEvent: KeyEvent { action=ACTION_DOWN, keyCode=KEYCODE_ESCAPE, scanCode=0, metaState=0, flags=0x0, repeatCount=0, eventTime=493637, downTime=493637, deviceId=-1, source=0x101 }
I/Input   ( 8682): injectKeyEvent: KeyEvent { action=ACTION_UP, keyCode=KEYCODE_ESCAPE, scanCode=0, metaState=0, flags=0x0, repeatCount=0, eventTime=493637, downTime=493637, deviceId=-1, source=0x101 }
D/AndroidRuntime( 8682): Shutting down VM
D/AndroidRuntime( 8700): >>>>>> START com.android.internal.os.RuntimeInit uid 0 <<<<<<
D/AndroidRuntime( 8700): CheckJNI is OFF
E/memtrack( 8700): Couldn't load memtrack module (No such file or directory)
E/android.os.Debug( 8700): failed to load memtrack module: -2
D/AndroidRuntime( 8700): Calling main entry com.android.commands.input.Input
I/Input   ( 8700): injectKeyEvent: KeyEvent { action=ACTION_DOWN, keyCode=KEYCODE_MOVE_END, scanCode=0, metaState=0, flags=0x0, repeatCount=0, eventTime=494563, downTime=494563, deviceId=-1, source=0x101 }
I/Input   ( 8700): injectKeyEvent: KeyEvent { action=ACTION_UP, keyCode=KEYCODE_MOVE_END, scanCode=0, metaState=0, flags=0x0, repeatCount=0, eventTime=494563, downTime=494563, deviceId=-1, source=0x101 }
D/AndroidRuntime( 8700): Shutting down VM
D/AndroidRuntime( 8714): >>>>>> START com.android.internal.os.RuntimeInit uid 0 <<<<<<
D/AndroidRuntime( 8714): CheckJNI is OFF
E/memtrack( 8714): Couldn't load memtrack module (No such file or directory)
E/android.os.Debug( 8714): failed to load memtrack module: -2
D/AndroidRuntime( 8714): Calling main entry com.android.commands.input.Input
I/Input   ( 8714): injectKeyEvent: KeyEvent { action=ACTION_DOWN, keyCode=KEYCODE_DEL, scanCode=0, metaState=0, flags=0x0, repeatCount=0, eventTime=494944, downTime=494944, deviceId=-1, source=0x101 }
I/Input   ( 8714): injectKeyEvent: KeyEvent { action=ACTION_UP, keyCode=KEYCODE_DEL, scanCode=0, metaState=0, flags=0x0, repeatCount=0, eventTime=494944, downTime=494944, deviceId=-1, source=0x101 }
I/Input   ( 8714): injectKeyEvent: KeyEvent { action=ACTION_DOWN, keyCode=KEYCODE_DEL, scanCode=0, metaState=0, flags=0x0, repeatCount=0, eventTime=494949, downTime=494949, deviceId=-1, source=0x101 }
I/Input   ( 8714): injectKeyEvent: KeyEvent { action=ACTION_UP, keyCode=KEYCODE_DEL, scanCode=0, metaState=0, flags=0x0, repeatCount=0, eventTime=494949, downTime=494949, deviceId=-1, source=0x101 }
I/Input   ( 8714): injectKeyEvent: KeyEvent { action=ACTION_DOWN, keyCode=KEYCODE_DEL, scanCode=0, metaState=0, flags=0x0, repeatCount=0, eventTime=494953, downTime=494953, deviceId=-1, source=0x101 }
I/Input   ( 8714): injectKeyEvent: KeyEvent { action=ACTION_UP, keyCode=KEYCODE_DEL, scanCode=0, metaState=0, flags=0x0, repeatCount=0, eventTime=494953, downTime=494953, deviceId=-1, source=0x101 }
I/Input   ( 8714): injectKeyEvent: KeyEvent { action=ACTION_DOWN, keyCode=KEYCODE_DEL, scanCode=0, metaState=0, flags=0x0, repeatCount=0, eventTime=494957, downTime=494957, deviceId=-1, source=0x101 }
I/Input   ( 8714): injectKeyEvent: KeyEvent { action=ACTION_UP, keyCode=KEYCODE_DEL, scanCode=0, metaState=0, flags=0x0, repeatCount=0, eventTime=494957, downTime=494957, deviceId=-1, source=0x101 }
I/Input   ( 8714): injectKeyEvent: KeyEvent { action=ACTION_DOWN, keyCode=KEYCODE_DEL, scanCode=0, metaState=0, flags=0x0, repeatCount=0, eventTime=494961, downTime=494961, deviceId=-1, source=0x101 }
I/Input   ( 8714): injectKeyEvent: KeyEvent { action=ACTION_UP, keyCode=KEYCODE_DEL, scanCode=0, metaState=0, flags=0x0, repeatCount=0, eventTime=494961, downTime=494961, deviceId=-1, source=0x101 }
I/Input   ( 8714): injectKeyEvent: KeyEvent { action=ACTION_DOWN, keyCode=KEYCODE_DEL, scanCode=0, metaState=0, flags=0x0, repeatCount=0, eventTime=494964, downTime=494964, deviceId=-1, source=0x101 }
I/Input   ( 8714): injectKeyEvent: KeyEvent { action=ACTION_UP, keyCode=KEYCODE_DEL, scanCode=0, metaState=0, flags=0x0, repeatCount=0, eventTime=494964, downTime=494964, deviceId=-1, source=0x101 }
I/Input   ( 8714): injectKeyEvent: KeyEvent { action=ACTION_DOWN, keyCode=KEYCODE_DEL, scanCode=0, metaState=0, flags=0x0, repeatCount=0, eventTime=494975, downTime=494975, deviceId=-1, source=0x101 }
I/Input   ( 8714): injectKeyEvent: KeyEvent { action=ACTION_UP, keyCode=KEYCODE_DEL, scanCode=0, metaState=0, flags=0x0, repeatCount=0, eventTime=494975, downTime=494975, deviceId=-1, source=0x101 }
I/Input   ( 8714): injectKeyEvent: KeyEvent { action=ACTION_DOWN, keyCode=KEYCODE_DEL, scanCode=0, metaState=0, flags=0x0, repeatCount=0, eventTime=494977, downTime=494977, deviceId=-1, source=0x101 }
I/Input   ( 8714): injectKeyEvent: KeyEvent { action=ACTION_UP, keyCode=KEYCODE_DEL, scanCode=0, metaState=0, flags=0x0, repeatCount=0, eventTime=494977, downTime=494977, deviceId=-1, source=0x101 }
I/Input   ( 8714): injectKeyEvent: KeyEvent { action=ACTION_DOWN, keyCode=KEYCODE_DEL, scanCode=0, metaState=0, flags=0x0, repeatCount=0, eventTime=494998, downTime=494998, deviceId=-1, source=0x101 }
I/Input   ( 8714): injectKeyEvent: KeyEvent { action=ACTION_UP, keyCode=KEYCODE_DEL, scanCode=0, metaState=0, flags=0x0, repeatCount=0, eventTime=494998, downTime=494998, deviceId=-1, source=0x101 }
I/Input   ( 8714): injectKeyEvent: KeyEvent { action=ACTION_DOWN, keyCode=KEYCODE_DEL, scanCode=0, metaState=0, flags=0x0, repeatCount=0, eventTime=495007, downTime=495007, deviceId=-1, source=0x101 }
I/Input   ( 8714): injectKeyEvent: KeyEvent { action=ACTION_UP, keyCode=KEYCODE_DEL, scanCode=0, metaState=0, flags=0x0, repeatCount=0, eventTime=495007, downTime=495007, deviceId=-1, source=0x101 }
I/Input   ( 8714): injectKeyEvent: KeyEvent { action=ACTION_DOWN, keyCode=KEYCODE_DEL, scanCode=0, metaState=0, flags=0x0, repeatCount=0, eventTime=495009, downTime=495009, deviceId=-1, source=0x101 }
I/Input   ( 8714): injectKeyEvent: KeyEvent { action=ACTION_UP, keyCode=KEYCODE_DEL, scanCode=0, metaState=0, flags=0x0, repeatCount=0, eventTime=495009, downTime=495009, deviceId=-1, source=0x101 }
I/Input   ( 8714): injectKeyEvent: KeyEvent { action=ACTION_DOWN, keyCode=KEYCODE_DEL, scanCode=0, metaState=0, flags=0x0, repeatCount=0, eventTime=495011, downTime=495011, deviceId=-1, source=0x101 }
I/Input   ( 8714): injectKeyEvent: KeyEvent { action=ACTION_UP, keyCode=KEYCODE_DEL, scanCode=0, metaState=0, flags=0x0, repeatCount=0, eventTime=495011, downTime=495011, deviceId=-1, source=0x101 }
I/Input   ( 8714): injectKeyEvent: KeyEvent { action=ACTION_DOWN, keyCode=KEYCODE_DEL, scanCode=0, metaState=0, flags=0x0, repeatCount=0, eventTime=495015, downTime=495015, deviceId=-1, source=0x101 }
I/Input   ( 8714): injectKeyEvent: KeyEvent { action=ACTION_UP, keyCode=KEYCODE_DEL, scanCode=0, metaState=0, flags=0x0, repeatCount=0, eventTime=495015, downTime=495015, deviceId=-1, source=0x101 }
I/Input   ( 8714): injectKeyEvent: KeyEvent { action=ACTION_DOWN, keyCode=KEYCODE_DEL, scanCode=0, metaState=0, flags=0x0, repeatCount=0, eventTime=495018, downTime=495018, deviceId=-1, source=0x101 }
I/Input   ( 8714): injectKeyEvent: KeyEvent { action=ACTION_UP, keyCode=KEYCODE_DEL, scanCode=0, metaState=0, flags=0x0, repeatCount=0, eventTime=495018, downTime=495018, deviceId=-1, source=0x101 }
I/Input   ( 8714): injectKeyEvent: KeyEvent { action=ACTION_DOWN, keyCode=KEYCODE_DEL, scanCode=0, metaState=0, flags=0x0, repeatCount=0, eventTime=495020, downTime=495020, deviceId=-1, source=0x101 }
I/Input   ( 8714): injectKeyEvent: KeyEvent { action=ACTION_UP, keyCode=KEYCODE_DEL, scanCode=0, metaState=0, flags=0x0, repeatCount=0, eventTime=495020, downTime=495020, deviceId=-1, source=0x101 }
I/Input   ( 8714): injectKeyEvent: KeyEvent { action=ACTION_DOWN, keyCode=KEYCODE_DEL, scanCode=0, metaState=0, flags=0x0, repeatCount=0, eventTime=495025, downTime=495025, deviceId=-1, source=0x101 }
I/Input   ( 8714): injectKeyEvent: KeyEvent { action=ACTION_UP, keyCode=KEYCODE_DEL, scanCode=0, metaState=0, flags=0x0, repeatCount=0, eventTime=495025, downTime=495025, deviceId=-1, source=0x101 }
I/Input   ( 8714): injectKeyEvent: KeyEvent { action=ACTION_DOWN, keyCode=KEYCODE_DEL, scanCode=0, metaState=0, flags=0x0, repeatCount=0, eventTime=495027, downTime=495027, deviceId=-1, source=0x101 }
I/Input   ( 8714): injectKeyEvent: KeyEvent { action=ACTION_UP, keyCode=KEYCODE_DEL, scanCode=0, metaState=0, flags=0x0, repeatCount=0, eventTime=495027, downTime=495027, deviceId=-1, source=0x101 }
I/Input   ( 8714): injectKeyEvent: KeyEvent { action=ACTION_DOWN, keyCode=KEYCODE_DEL, scanCode=0, metaState=0, flags=0x0, repeatCount=0, eventTime=495053, downTime=495053, deviceId=-1, source=0x101 }
I/Input   ( 8714): injectKeyEvent: KeyEvent { action=ACTION_UP, keyCode=KEYCODE_DEL, scanCode=0, metaState=0, flags=0x0, repeatCount=0, eventTime=495053, downTime=495053, deviceId=-1, source=0x101 }
I/Input   ( 8714): injectKeyEvent: KeyEvent { action=ACTION_DOWN, keyCode=KEYCODE_DEL, scanCode=0, metaState=0, flags=0x0, repeatCount=0, eventTime=495057, downTime=495057, deviceId=-1, source=0x101 }
I/Input   ( 8714): injectKeyEvent: KeyEvent { action=ACTION_UP, keyCode=KEYCODE_DEL, scanCode=0, metaState=0, flags=0x0, repeatCount=0, eventTime=495057, downTime=495057, deviceId=-1, source=0x101 }
I/Input   ( 8714): injectKeyEvent: KeyEvent { action=ACTION_DOWN, keyCode=KEYCODE_DEL, scanCode=0, metaState=0, flags=0x0, repeatCount=0, eventTime=495060, downTime=495060, deviceId=-1, source=0x101 }
I/Input   ( 8714): injectKeyEvent: KeyEvent { action=ACTION_UP, keyCode=KEYCODE_DEL, scanCode=0, metaState=0, flags=0x0, repeatCount=0, eventTime=495060, downTime=495060, deviceId=-1, source=0x101 }
I/Input   ( 8714): injectKeyEvent: KeyEvent { action=ACTION_DOWN, keyCode=KEYCODE_DEL, scanCode=0, metaState=0, flags=0x0, repeatCount=0, eventTime=495063, downTime=495063, deviceId=-1, source=0x101 }
I/Input   ( 8714): injectKeyEvent: KeyEvent { action=ACTION_UP, keyCode=KEYCODE_DEL, scanCode=0, metaState=0, flags=0x0, repeatCount=0, eventTime=495063, downTime=495063, deviceId=-1, source=0x101 }
I/Input   ( 8714): injectKeyEvent: KeyEvent { action=ACTION_DOWN, keyCode=KEYCODE_DEL, scanCode=0, metaState=0, flags=0x0, repeatCount=0, eventTime=495065, downTime=495065, deviceId=-1, source=0x101 }
I/Input   ( 8714): injectKeyEvent: KeyEvent { action=ACTION_UP, keyCode=KEYCODE_DEL, scanCode=0, metaState=0, flags=0x0, repeatCount=0, eventTime=495065, downTime=495065, deviceId=-1, source=0x101 }
I/Input   ( 8714): injectKeyEvent: KeyEvent { action=ACTION_DOWN, keyCode=KEYCODE_DEL, scanCode=0, metaState=0, flags=0x0, repeatCount=0, eventTime=495073, downTime=495073, deviceId=-1, source=0x101 }
I/Input   ( 8714): injectKeyEvent: KeyEvent { action=ACTION_UP, keyCode=KEYCODE_DEL, scanCode=0, metaState=0, flags=0x0, repeatCount=0, eventTime=495073, downTime=495073, deviceId=-1, source=0x101 }
I/Input   ( 8714): injectKeyEvent: KeyEvent { action=ACTION_DOWN, keyCode=KEYCODE_DEL, scanCode=0, metaState=0, flags=0x0, repeatCount=0, eventTime=495075, downTime=495075, deviceId=-1, source=0x101 }
I/Input   ( 8714): injectKeyEvent: KeyEvent { action=ACTION_UP, keyCode=KEYCODE_DEL, scanCode=0, metaState=0, flags=0x0, repeatCount=0, eventTime=495075, downTime=495075, deviceId=-1, source=0x101 }
I/Input   ( 8714): injectKeyEvent: KeyEvent { action=ACTION_DOWN, keyCode=KEYCODE_DEL, scanCode=0, metaState=0, flags=0x0, repeatCount=0, eventTime=495077, downTime=495077, deviceId=-1, source=0x101 }
I/Input   ( 8714): injectKeyEvent: KeyEvent { action=ACTION_UP, keyCode=KEYCODE_DEL, scanCode=0, metaState=0, flags=0x0, repeatCount=0, eventTime=495077, downTime=495077, deviceId=-1, source=0x101 }
I/Input   ( 8714): injectKeyEvent: KeyEvent { action=ACTION_DOWN, keyCode=KEYCODE_DEL, scanCode=0, metaState=0, flags=0x0, repeatCount=0, eventTime=495084, downTime=495084, deviceId=-1, source=0x101 }
I/Input   ( 8714): injectKeyEvent: KeyEvent { action=ACTION_UP, keyCode=KEYCODE_DEL, scanCode=0, metaState=0, flags=0x0, repeatCount=0, eventTime=495084, downTime=495084, deviceId=-1, source=0x101 }
I/Input   ( 8714): injectKeyEvent: KeyEvent { action=ACTION_DOWN, keyCode=KEYCODE_DEL, scanCode=0, metaState=0, flags=0x0, repeatCount=0, eventTime=495085, downTime=495085, deviceId=-1, source=0x101 }
I/Input   ( 8714): injectKeyEvent: KeyEvent { action=ACTION_UP, keyCode=KEYCODE_DEL, scanCode=0, metaState=0, flags=0x0, repeatCount=0, eventTime=495085, downTime=495085, deviceId=-1, source=0x101 }
I/Input   ( 8714): injectKeyEvent: KeyEvent { action=ACTION_DOWN, keyCode=KEYCODE_DEL, scanCode=0, metaState=0, flags=0x0, repeatCount=0, eventTime=495090, downTime=495090, deviceId=-1, source=0x101 }
I/Input   ( 8714): injectKeyEvent: KeyEvent { action=ACTION_UP, keyCode=KEYCODE_DEL, scanCode=0, metaState=0, flags=0x0, repeatCount=0, eventTime=495090, downTime=495090, deviceId=-1, source=0x101 }
I/Input   ( 8714): injectKeyEvent: KeyEvent { action=ACTION_DOWN, keyCode=KEYCODE_DEL, scanCode=0, metaState=0, flags=0x0, repeatCount=0, eventTime=495097, downTime=495097, deviceId=-1, source=0x101 }
I/Input   ( 8714): injectKeyEvent: KeyEvent { action=ACTION_UP, keyCode=KEYCODE_DEL, scanCode=0, metaState=0, flags=0x0, repeatCount=0, eventTime=495097, downTime=495097, deviceId=-1, source=0x101 }
I/Input   ( 8714): injectKeyEvent: KeyEvent { action=ACTION_DOWN, keyCode=KEYCODE_DEL, scanCode=0, metaState=0, flags=0x0, repeatCount=0, eventTime=495098, downTime=495098, deviceId=-1, source=0x101 }
I/Input   ( 8714): injectKeyEvent: KeyEvent { action=ACTION_UP, keyCode=KEYCODE_DEL, scanCode=0, metaState=0, flags=0x0, repeatCount=0, eventTime=495098, downTime=495098, deviceId=-1, source=0x101 }
I/Input   ( 8714): injectKeyEvent: KeyEvent { action=ACTION_DOWN, keyCode=KEYCODE_DEL, scanCode=0, metaState=0, flags=0x0, repeatCount=0, eventTime=495101, downTime=495101, deviceId=-1, source=0x101 }
I/Input   ( 8714): injectKeyEvent: KeyEvent { action=ACTION_UP, keyCode=KEYCODE_DEL, scanCode=0, metaState=0, flags=0x0, repeatCount=0, eventTime=495101, downTime=495101, deviceId=-1, source=0x101 }
I/Input   ( 8714): injectKeyEvent: KeyEvent { action=ACTION_DOWN, keyCode=KEYCODE_DEL, scanCode=0, metaState=0, flags=0x0, repeatCount=0, eventTime=495104, downTime=495104, deviceId=-1, source=0x101 }
I/Input   ( 8714): injectKeyEvent: KeyEvent { action=ACTION_UP, keyCode=KEYCODE_DEL, scanCode=0, metaState=0, flags=0x0, repeatCount=0, eventTime=495104, downTime=495104, deviceId=-1, source=0x101 }
I/Input   ( 8714): injectKeyEvent: KeyEvent { action=ACTION_DOWN, keyCode=KEYCODE_DEL, scanCode=0, metaState=0, flags=0x0, repeatCount=0, eventTime=495111, downTime=495111, deviceId=-1, source=0x101 }
I/Input   ( 8714): injectKeyEvent: KeyEvent { action=ACTION_UP, keyCode=KEYCODE_DEL, scanCode=0, metaState=0, flags=0x0, repeatCount=0, eventTime=495111, downTime=495111, deviceId=-1, source=0x101 }
I/Input   ( 8714): injectKeyEvent: KeyEvent { action=ACTION_DOWN, keyCode=KEYCODE_DEL, scanCode=0, metaState=0, flags=0x0, repeatCount=0, eventTime=495113, downTime=495113, deviceId=-1, source=0x101 }
I/Input   ( 8714): injectKeyEvent: KeyEvent { action=ACTION_UP, keyCode=KEYCODE_DEL, scanCode=0, metaState=0, flags=0x0, repeatCount=0, eventTime=495113, downTime=495113, deviceId=-1, source=0x101 }
I/Input   ( 8714): injectKeyEvent: KeyEvent { action=ACTION_DOWN, keyCode=KEYCODE_DEL, scanCode=0, metaState=0, flags=0x0, repeatCount=0, eventTime=495118, downTime=495118, deviceId=-1, source=0x101 }
I/Input   ( 8714): injectKeyEvent: KeyEvent { action=ACTION_UP, keyCode=KEYCODE_DEL, scanCode=0, metaState=0, flags=0x0, repeatCount=0, eventTime=495118, downTime=495118, deviceId=-1, source=0x101 }
I/Input   ( 8714): injectKeyEvent: KeyEvent { action=ACTION_DOWN, keyCode=KEYCODE_DEL, scanCode=0, metaState=0, flags=0x0, repeatCount=0, eventTime=495121, downTime=495121, deviceId=-1, source=0x101 }
I/Input   ( 8714): injectKeyEvent: KeyEvent { action=ACTION_UP, keyCode=KEYCODE_DEL, scanCode=0, metaState=0, flags=0x0, repeatCount=0, eventTime=495121, downTime=495121, deviceId=-1, source=0x101 }
I/Input   ( 8714): injectKeyEvent: KeyEvent { action=ACTION_DOWN, keyCode=KEYCODE_DEL, scanCode=0, metaState=0, flags=0x0, repeatCount=0, eventTime=495125, downTime=495125, deviceId=-1, source=0x101 }
I/Input   ( 8714): injectKeyEvent: KeyEvent { action=ACTION_UP, keyCode=KEYCODE_DEL, scanCode=0, metaState=0, flags=0x0, repeatCount=0, eventTime=495125, downTime=495125, deviceId=-1, source=0x101 }
I/Input   ( 8714): injectKeyEvent: KeyEvent { action=ACTION_DOWN, keyCode=KEYCODE_DEL, scanCode=0, metaState=0, flags=0x0, repeatCount=0, eventTime=495128, downTime=495128, deviceId=-1, source=0x101 }
I/Input   ( 8714): injectKeyEvent: KeyEvent { action=ACTION_UP, keyCode=KEYCODE_DEL, scanCode=0, metaState=0, flags=0x0, repeatCount=0, eventTime=495128, downTime=495128, deviceId=-1, source=0x101 }
I/Input   ( 8714): injectKeyEvent: KeyEvent { action=ACTION_DOWN, keyCode=KEYCODE_DEL, scanCode=0, metaState=0, flags=0x0, repeatCount=0, eventTime=495131, downTime=495131, deviceId=-1, source=0x101 }
I/Input   ( 8714): injectKeyEvent: KeyEvent { action=ACTION_UP, keyCode=KEYCODE_DEL, scanCode=0, metaState=0, flags=0x0, repeatCount=0, eventTime=495131, downTime=495131, deviceId=-1, source=0x101 }
I/Input   ( 8714): injectKeyEvent: KeyEvent { action=ACTION_DOWN, keyCode=KEYCODE_DEL, scanCode=0, metaState=0, flags=0x0, repeatCount=0, eventTime=495133, downTime=495133, deviceId=-1, source=0x101 }
I/Input   ( 8714): injectKeyEvent: KeyEvent { action=ACTION_UP, keyCode=KEYCODE_DEL, scanCode=0, metaState=0, flags=0x0, repeatCount=0, eventTime=495133, downTime=495133, deviceId=-1, source=0x101 }
I/Input   ( 8714): injectKeyEvent: KeyEvent { action=ACTION_DOWN, keyCode=KEYCODE_DEL, scanCode=0, metaState=0, flags=0x0, repeatCount=0, eventTime=495135, downTime=495135, deviceId=-1, source=0x101 }
I/Input   ( 8714): injectKeyEvent: KeyEvent { action=ACTION_UP, keyCode=KEYCODE_DEL, scanCode=0, metaState=0, flags=0x0, repeatCount=0, eventTime=495135, downTime=495135, deviceId=-1, source=0x101 }
I/Input   ( 8714): injectKeyEvent: KeyEvent { action=ACTION_DOWN, keyCode=KEYCODE_DEL, scanCode=0, metaState=0, flags=0x0, repeatCount=0, eventTime=495137, downTime=495137, deviceId=-1, source=0x101 }
I/Input   ( 8714): injectKeyEvent: KeyEvent { action=ACTION_UP, keyCode=KEYCODE_DEL, scanCode=0, metaState=0, flags=0x0, repeatCount=0, eventTime=495137, downTime=495137, deviceId=-1, source=0x101 }
I/Input   ( 8714): injectKeyEvent: KeyEvent { action=ACTION_DOWN, keyCode=KEYCODE_DEL, scanCode=0, metaState=0, flags=0x0, repeatCount=0, eventTime=495142, downTime=495142, deviceId=-1, source=0x101 }
I/Input   ( 8714): injectKeyEvent: KeyEvent { action=ACTION_UP, keyCode=KEYCODE_DEL, scanCode=0, metaState=0, flags=0x0, repeatCount=0, eventTime=495142, downTime=495142, deviceId=-1, source=0x101 }
I/Input   ( 8714): injectKeyEvent: KeyEvent { action=ACTION_DOWN, keyCode=KEYCODE_DEL, scanCode=0, metaState=0, flags=0x0, repeatCount=0, eventTime=495146, downTime=495146, deviceId=-1, source=0x101 }
I/Input   ( 8714): injectKeyEvent: KeyEvent { action=ACTION_UP, keyCode=KEYCODE_DEL, scanCode=0, metaState=0, flags=0x0, repeatCount=0, eventTime=495146, downTime=495146, deviceId=-1, source=0x101 }
I/Input   ( 8714): injectKeyEvent: KeyEvent { action=ACTION_DOWN, keyCode=KEYCODE_DEL, scanCode=0, metaState=0, flags=0x0, repeatCount=0, eventTime=495152, downTime=495152, deviceId=-1, source=0x101 }
I/Input   ( 8714): injectKeyEvent: KeyEvent { action=ACTION_UP, keyCode=KEYCODE_DEL, scanCode=0, metaState=0, flags=0x0, repeatCount=0, eventTime=495152, downTime=495152, deviceId=-1, source=0x101 }
I/Input   ( 8714): injectKeyEvent: KeyEvent { action=ACTION_DOWN, keyCode=KEYCODE_DEL, scanCode=0, metaState=0, flags=0x0, repeatCount=0, eventTime=495154, downTime=495154, deviceId=-1, source=0x101 }
I/Input   ( 8714): injectKeyEvent: KeyEvent { action=ACTION_UP, keyCode=KEYCODE_DEL, scanCode=0, metaState=0, flags=0x0, repeatCount=0, eventTime=495154, downTime=495154, deviceId=-1, source=0x101 }
I/Input   ( 8714): injectKeyEvent: KeyEvent { action=ACTION_DOWN, keyCode=KEYCODE_DEL, scanCode=0, metaState=0, flags=0x0, repeatCount=0, eventTime=495157, downTime=495157, deviceId=-1, source=0x101 }
