I/Input   ( 6667): injectMotionEvent: MotionEvent { action=ACTION_MOVE, id[0]=0, x[0]=600.0, y[0]=265.0, toolType[0]=TOOL_TYPE_UNKNOWN, buttonState=0, metaState=0, flags=0x0, edgeFlags=0x0, pointerCount=1, historySize=0, eventTime=406200, downTime=406200, deviceId=0, source=0x1002 }
I/Input   ( 6667): injectMotionEvent: MotionEvent { action=ACTION_MOVE, id[0]=0, x[0]=600.0, y[0]=265.0, toolType[0]=TOOL_TYPE_UNKNOWN, buttonState=0, metaState=0, flags=0x0, edgeFlags=0x0, pointerCount=1, historySize=0, eventTime=406218, downTime=406218, deviceId=0, source=0x1002 }
I/Input   ( 6667): injectMotionEvent: MotionEvent { action=ACTION_MOVE, id[0]=0, x[0]=600.0, y[0]=265.0, toolType[0]=TOOL_TYPE_UNKNOWN, buttonState=0, metaState=0, flags=0x0, edgeFlags=0x0, pointerCount=1, historySize=0, eventTime=406233, downTime=406233, deviceId=0, source=0x1002 }
I/Input   ( 6667): injectMotionEvent: MotionEvent { action=ACTION_MOVE, id[0]=0, x[0]=600.0, y[0]=265.0, toolType[0]=TOOL_TYPE_UNKNOWN, buttonState=0, metaState=0, flags=0x0, edgeFlags=0x0, pointerCount=1, historySize=0, eventTime=406250, downTime=406250, deviceId=0, source=0x1002 }
I/Input   ( 6667): injectMotionEvent: MotionEvent { action=ACTION_MOVE, id[0]=0, x[0]=600.0, y[0]=265.0, toolType[0]=TOOL_TYPE_UNKNOWN, buttonState=0, metaState=0, flags=0x0, edgeFlags=0x0, pointerCount=1, historySize=0, eventTime=406270, downTime=406270, deviceId=0, source=0x1002 }
I/Input   ( 6667): injectMotionEvent: MotionEvent { action=ACTION_MOVE, id[0]=0, x[0]=600.0, y[0]=265.0, toolType[0]=TOOL_TYPE_UNKNOWN, buttonState=0, metaState=0, flags=0x0, edgeFlags=0x0, pointerCount=1, historySize=0, eventTime=406284, downTime=406284, deviceId=0, source=0x1002 }
I/Input   ( 6667): injectMotionEvent: MotionEvent { action=ACTION_MOVE, id[0]=0, x[0]=600.0, y[0]=265.0, toolType[0]=TOOL_TYPE_UNKNOWN, buttonState=0, metaState=0, flags=0x0, edgeFlags=0x0, pointerCount=1, historySize=0, eventTime=406301, downTime=406301, deviceId=0, source=0x1002 }
I/Input   ( 6667): injectMotionEvent: MotionEvent { action=ACTION_MOVE, id[0]=0, x[0]=600.0, y[0]=265.0, toolType[0]=TOOL_TYPE_UNKNOWN, buttonState=0, metaState=0, flags=0x0, edgeFlags=0x0, pointerCount=1, historySize=0, eventTime=406319, downTime=406319, deviceId=0, source=0x1002 }
I/Input   ( 6667): injectMotionEvent: MotionEvent { action=ACTION_MOVE, id[0]=0, x[0]=600.0, y[0]=265.0, toolType[0]=TOOL_TYPE_UNKNOWN, buttonState=0, metaState=0, flags=0x0, edgeFlags=0x0, pointerCount=1, historySize=0, eventTime=406334, downTime=406334, deviceId=0, source=0x1002 }
I/Input   ( 6667): injectMotionEvent: MotionEvent { action=ACTION_MOVE, id[0]=0, x[0]=600.0, y[0]=265.0, toolType[0]=TOOL_TYPE_UNKNOWN, buttonState=0, metaState=0, flags=0x0, edgeFlags=0x0, pointerCount=1, historySize=0, eventTime=406350, downTime=406350, deviceId=0, source=0x1002 }
I/Input   ( 6667): injectMotionEvent: MotionEvent { action=ACTION_MOVE, id[0]=0, x[0]=600.0, y[0]=265.0, toolType[0]=TOOL_TYPE_UNKNOWN, buttonState=0, metaState=0, flags=0x0, edgeFlags=0x0, pointerCount=1, historySize=0, eventTime=406367, downTime=406367, deviceId=0, source=0x1002 }
I/Input   ( 6667): injectMotionEvent: MotionEvent { action=ACTION_MOVE, id[0]=0, x[0]=600.0, y[0]=265.0, toolType[0]=TOOL_TYPE_UNKNOWN, buttonState=0, metaState=0, flags=0x0, edgeFlags=0x0, pointerCount=1, historySize=0, eventTime=406384, downTime=406384, deviceId=0, source=0x1002 }
I/Input   ( 6667): injectMotionEvent: MotionEvent { action=ACTION_MOVE, id[0]=0, x[0]=600.0, y[0]=265.0, toolType[0]=TOOL_TYPE_UNKNOWN, buttonState=0, metaState=0, flags=0x0, edgeFlags=0x0, pointerCount=1, historySize=0, eventTime=406400, downTime=406400, deviceId=0, source=0x1002 }
I/Input   ( 6667): injectMotionEvent: MotionEvent { action=ACTION_MOVE, id[0]=0, x[0]=600.0, y[0]=265.0, toolType[0]=TOOL_TYPE_UNKNOWN, buttonState=0, metaState=0, flags=0x0, edgeFlags=0x0, pointerCount=1, historySize=0, eventTime=406417, downTime=406417, deviceId=0, source=0x1002 }
I/Input   ( 6667): injectMotionEvent: MotionEvent { action=ACTION_MOVE, id[0]=0, x[0]=600.0, y[0]=265.0, toolType[0]=TOOL_TYPE_UNKNOWN, buttonState=0, metaState=0, flags=0x0, edgeFlags=0x0, pointerCount=1, historySize=0, eventTime=406438, downTime=406438, deviceId=0, source=0x1002 }
I/Input   ( 6667): injectMotionEvent: MotionEvent { action=ACTION_MOVE, id[0]=0, x[0]=600.0, y[0]=265.0, toolType[0]=TOOL_TYPE_UNKNOWN, buttonState=0, metaState=0, flags=0x0, edgeFlags=0x0, pointerCount=1, historySize=0, eventTime=406451, downTime=406451, deviceId=0, source=0x1002 }
I/Input   ( 6667): injectMotionEvent: MotionEvent { action=ACTION_MOVE, id[0]=0, x[0]=600.0, y[0]=265.0, toolType[0]=TOOL_TYPE_UNKNOWN, buttonState=0, metaState=0, flags=0x0, edgeFlags=0x0, pointerCount=1, historySize=0, eventTime=406468, downTime=406468, deviceId=0, source=0x1002 }
I/Input   ( 6667): injectMotionEvent: MotionEvent { action=ACTION_MOVE, id[0]=0, x[0]=600.0, y[0]=265.0, toolType[0]=TOOL_TYPE_UNKNOWN, buttonState=0, metaState=0, flags=0x0, edgeFlags=0x0, pointerCount=1, historySize=0, eventTime=406484, downTime=406484, deviceId=0, source=0x1002 }
I/Input   ( 6667): injectMotionEvent: MotionEvent { action=ACTION_MOVE, id[0]=0, x[0]=600.0, y[0]=265.0, toolType[0]=TOOL_TYPE_UNKNOWN, buttonState=0, metaState=0, flags=0x0, edgeFlags=0x0, pointerCount=1, historySize=0, eventTime=406500, downTime=406500, deviceId=0, source=0x1002 }
I/Input   ( 6667): injectMotionEvent: MotionEvent { action=ACTION_MOVE, id[0]=0, x[0]=600.0, y[0]=265.0, toolType[0]=TOOL_TYPE_UNKNOWN, buttonState=0, metaState=0, flags=0x0, edgeFlags=0x0, pointerCount=1, historySize=0, eventTime=406518, downTime=406518, deviceId=0, source=0x1002 }
I/Input   ( 6667): injectMotionEvent: MotionEvent { action=ACTION_MOVE, id[0]=0, x[0]=600.0, y[0]=265.0, toolType[0]=TOOL_TYPE_UNKNOWN, buttonState=0, metaState=0, flags=0x0, edgeFlags=0x0, pointerCount=1, historySize=0, eventTime=406534, downTime=406534, deviceId=0, source=0x1002 }
I/Input   ( 6667): injectMotionEvent: MotionEvent { action=ACTION_MOVE, id[0]=0, x[0]=600.0, y[0]=265.0, toolType[0]=TOOL_TYPE_UNKNOWN, buttonState=0, metaState=0, flags=0x0, edgeFlags=0x0, pointerCount=1, historySize=0, eventTime=406550, downTime=406550, deviceId=0, source=0x1002 }
I/Input   ( 6667): injectMotionEvent: MotionEvent { action=ACTION_MOVE, id[0]=0, x[0]=600.0, y[0]=265.0, toolType[0]=TOOL_TYPE_UNKNOWN, buttonState=0, metaState=0, flags=0x0, edgeFlags=0x0, pointerCount=1, historySize=0, eventTime=406567, downTime=406567, deviceId=0, source=0x1002 }
I/Input   ( 6667): injectMotionEvent: MotionEvent { action=ACTION_MOVE, id[0]=0, x[0]=600.0, y[0]=265.0, toolType[0]=TOOL_TYPE_UNKNOWN, buttonState=0, metaState=0, flags=0x0, edgeFlags=0x0, pointerCount=1, historySize=0, eventTime=406584, downTime=406584, deviceId=0, source=0x1002 }
I/Input   ( 6667): injectMotionEvent: MotionEvent { action=ACTION_MOVE, id[0]=0, x[0]=600.0, y[0]=265.0, toolType[0]=TOOL_TYPE_UNKNOWN, buttonState=0, metaState=0, flags=0x0, edgeFlags=0x0, pointerCount=1, historySize=0, eventTime=406600, downTime=406600, deviceId=0, source=0x1002 }
I/Input   ( 6667): injectMotionEvent: MotionEvent { action=ACTION_MOVE, id[0]=0, x[0]=600.0, y[0]=265.0, toolType[0]=TOOL_TYPE_UNKNOWN, buttonState=0, metaState=0, flags=0x0, edgeFlags=0x0, pointerCount=1, historySize=0, eventTime=406618, downTime=406618, deviceId=0, source=0x1002 }
I/Input   ( 6667): injectMotionEvent: MotionEvent { action=ACTION_MOVE, id[0]=0, x[0]=600.0, y[0]=265.0, toolType[0]=TOOL_TYPE_UNKNOWN, buttonState=0, metaState=0, flags=0x0, edgeFlags=0x0, pointerCount=1, historySize=0, eventTime=406634, downTime=406634, deviceId=0, source=0x1002 }
I/Input   ( 6667): injectMotionEvent: MotionEvent { action=ACTION_MOVE, id[0]=0, x[0]=600.0, y[0]=265.0, toolType[0]=TOOL_TYPE_UNKNOWN, buttonState=0, metaState=0, flags=0x0, edgeFlags=0x0, pointerCount=1, historySize=0, eventTime=406650, downTime=406650, deviceId=0, source=0x1002 }
I/Input   ( 6667): injectMotionEvent: MotionEvent { action=ACTION_MOVE, id[0]=0, x[0]=600.0, y[0]=265.0, toolType[0]=TOOL_TYPE_UNKNOWN, buttonState=0, metaState=0, flags=0x0, edgeFlags=0x0, pointerCount=1, historySize=0, eventTime=406668, downTime=406668, deviceId=0, source=0x1002 }
I/Input   ( 6667): injectMotionEvent: MotionEvent { action=ACTION_MOVE, id[0]=0, x[0]=600.0, y[0]=265.0, toolType[0]=TOOL_TYPE_UNKNOWN, buttonState=0, metaState=0, flags=0x0, edgeFlags=0x0, pointerCount=1, historySize=0, eventTime=406684, downTime=406684, deviceId=0, source=0x1002 }
I/Input   ( 6667): injectMotionEvent: MotionEvent { action=ACTION_MOVE, id[0]=0, x[0]=600.0, y[0]=265.0, toolType[0]=TOOL_TYPE_UNKNOWN, buttonState=0, metaState=0, flags=0x0, edgeFlags=0x0, pointerCount=1, historySize=0, eventTime=406700, downTime=406700, deviceId=0, source=0x1002 }
I/Input   ( 6667): injectMotionEvent: MotionEvent { action=ACTION_MOVE, id[0]=0, x[0]=600.0, y[0]=265.0, toolType[0]=TOOL_TYPE_UNKNOWN, buttonState=0, metaState=0, flags=0x0, edgeFlags=0x0, pointerCount=1, historySize=0, eventTime=406718, downTime=406718, deviceId=0, source=0x1002 }
I/Input   ( 6667): injectMotionEvent: MotionEvent { action=ACTION_MOVE, id[0]=0, x[0]=600.0, y[0]=265.0, toolType[0]=TOOL_TYPE_UNKNOWN, buttonState=0, metaState=0, flags=0x0, edgeFlags=0x0, pointerCount=1, historySize=0, eventTime=406738, downTime=406738, deviceId=0, source=0x1002 }
I/Input   ( 6667): injectMotionEvent: MotionEvent { action=ACTION_UP, id[0]=0, x[0]=600.0, y[0]=265.0, toolType[0]=TOOL_TYPE_UNKNOWN, buttonState=0, metaState=0, flags=0x0, edgeFlags=0x0, pointerCount=1, historySize=0, eventTime=406750, downTime=406750, deviceId=0, source=0x1002 }
D/AndroidRuntime( 6667): Shutting down VM
D/AndroidRuntime( 7010): >>>>>> START com.android.internal.os.RuntimeInit uid 0 <<<<<<
D/AndroidRuntime( 7010): CheckJNI is OFF
E/memtrack( 7010): Couldn't load memtrack module (No such file or directory)
E/android.os.Debug( 7010): failed to load memtrack module: -2
D/AndroidRuntime( 7010): Calling main entry com.android.commands.uiautomator.Launcher
I/AccessibilityNodeInfoDumper( 7010): Skipping invisible child: android.view.accessibility.AccessibilityNodeInfo@8000eb51; boundsInParent: Rect(0, 0 - 0, 112); boundsInScreen: Rect(1200, 50 - 1200, 162); packageName: uk.co.yahoo.p1rpp.calendartrigger; className: android.widget.LinearLayout; text: null; error: null; maxTextLength: -1; contentDescription: null; viewIdResName: null; checkable: false; checked: false; focusable: false; focused: false; selected: false; clickable: false; longClickable: false; enabled: true; password: false; scrollable: false; actions: [AccessibilityAction: ACTION_SELECT - null, AccessibilityAction: ACTION_CLEAR_SELECTION - null, AccessibilityAction: ACTION_ACCESSIBILITY_FOCUS - null]
W/AccessibilityNodeInfoDumper( 7010): Fetch time: 19ms
W/WindowManager(  536): Attempted to remove non-existing token: android.os.Binder@2aa02a5d
D/AndroidRuntime( 7010): Shutting down VM
D/AndroidRuntime( 7038): >>>>>> START com.android.internal.os.RuntimeInit uid 0 <<<<<<
D/AndroidRuntime( 7038): CheckJNI is OFF
E/memtrack( 7038): Couldn't load memtrack module (No such file or directory)
E/android.os.Debug( 7038): failed to load memtrack module: -2
D/AndroidRuntime( 7038): Calling main entry com.android.commands.uiautomator.Launcher
I/art     (  536): Explicit concurrent mark sweep GC freed 37995(2MB) AllocSpace objects, 28(448KB) LOS objects, 33% free, 7MB/10MB, paused 512us total 16.638ms
I/AccessibilityNodeInfoDumper( 7038): Skipping invisible child: android.view.accessibility.AccessibilityNodeInfo@8000eb59; boundsInParent: Rect(0, 0 - 0, 112); boundsInScreen: Rect(1200, 50 - 1200, 162); packageName: uk.co.yahoo.p1rpp.calendartrigger; className: android.widget.LinearLayout; text: null; error: null; maxTextLength: -1; contentDescription: null; viewIdResName: null; checkable: false; checked: false; focusable: false; focused: false; selected: false; clickable: false; longClickable: false; enabled: true; password: false; scrollable: false; actions: [AccessibilityAction: ACTION_SELECT - null, AccessibilityAction: ACTION_CLEAR_SELECTION - null, AccessibilityAction: ACTION_ACCESSIBILITY_FOCUS - null]
W/AccessibilityNodeInfoDumper( 7038): Fetch time: 15ms
W/WindowManager(  536): Attempted to remove non-existing token: android.os.Binder@14088fd2
D/AndroidRuntime( 7038): Shutting down VM
D/AndroidRuntime( 7061): >>>>>> START com.android.internal.os.RuntimeInit uid 0 <<<<<<
D/AndroidRuntime( 7061): CheckJNI is OFF
E/memtrack( 7061): Couldn't load memtrack module (No such file or directory)
E/android.os.Debug( 7061): failed to load memtrack module: -2
D/AndroidRuntime( 7061): Calling main entry com.android.commands.uiautomator.Launcher
I/AccessibilityNodeInfoDumper( 7061): Skipping invisible child: android.view.accessibility.AccessibilityNodeInfo@8000eb65; boundsInParent: Rect(0, 0 - 0, 112); boundsInScreen: Rect(1200, 50 - 1200, 162); packageName: uk.co.yahoo.p1rpp.calendartrigger; className: android.widget.LinearLayout; text: null; error: null; maxTextLength: -1; contentDescription: null; viewIdResName: null; checkable: false; checked: false; focusable: false; focused: false; selected: false; clickable: false; longClickable: false; enabled: true; password: false; scrollable: false; actions: [AccessibilityAction: ACTION_SELECT - null, AccessibilityAction: ACTION_CLEAR_SELECTION - null, AccessibilityAction: ACTION_ACCESSIBILITY_FOCUS - null]
W/AccessibilityNodeInfoDumper( 7061): Fetch time: 21ms
W/WindowManager(  536): Attempted to remove non-existing token: android.os.Binder@18c767a0
D/AndroidRuntime( 7061): Shutting down VM
D/AndroidRuntime( 7090): >>>>>> START com.android.internal.os.RuntimeInit uid 0 <<<<<<
D/AndroidRuntime( 7090): CheckJNI is OFF
E/memtrack( 7090): Couldn't load memtrack module (No such file or directory)
E/android.os.Debug( 7090): failed to load memtrack module: -2
D/AndroidRuntime( 7090): Calling main entry com.android.commands.uiautomator.Launcher
I/AccessibilityNodeInfoDumper( 7090): Skipping invisible child: android.view.accessibility.AccessibilityNodeInfo@8000eb6c; boundsInParent: Rect(0, 0 - 0, 112); boundsInScreen: Rect(1200, 50 - 1200, 162); packageName: uk.co.yahoo.p1rpp.calendartrigger; className: android.widget.LinearLayout; text: null; error: null; maxTextLength: -1; contentDescription: null; viewIdResName: null; checkable: false; checked: false; focusable: false; focused: false; selected: false; clickable: false; longClickable: false; enabled: true; password: false; scrollable: false; actions: [AccessibilityAction: ACTION_SELECT - null, AccessibilityAction: ACTION_CLEAR_SELECTION - null, AccessibilityAction: ACTION_ACCESSIBILITY_FOCUS - null]
W/AccessibilityNodeInfoDumper( 7090): Fetch time: 13ms
W/WindowManager(  536): Attempted to remove non-existing token: android.os.Binder@143a0f59
D/AndroidRuntime( 7090): Shutting down VM
D/AndroidRuntime( 7123): >>>>>> START com.android.internal.os.RuntimeInit uid 0 <<<<<<
D/AndroidRuntime( 7123): CheckJNI is OFF
E/memtrack( 7123): Couldn't load memtrack module (No such file or directory)
E/android.os.Debug( 7123): failed to load memtrack module: -2
D/AndroidRuntime( 7123): Calling main entry com.android.commands.uiautomator.Launcher
I/AccessibilityNodeInfoDumper( 7123): Skipping invisible child: android.view.accessibility.AccessibilityNodeInfo@8000eb75; boundsInParent: Rect(0, 0 - 0, 112); boundsInScreen: Rect(1200, 50 - 1200, 162); packageName: uk.co.yahoo.p1rpp.calendartrigger; className: android.widget.LinearLayout; text: null; error: null; maxTextLength: -1; contentDescription: null; viewIdResName: null; checkable: false; checked: false; focusable: false; focused: false; selected: false; clickable: false; longClickable: false; enabled: true; password: false; scrollable: false; actions: [AccessibilityAction: ACTION_SELECT - null, AccessibilityAction: ACTION_CLEAR_SELECTION - null, AccessibilityAction: ACTION_ACCESSIBILITY_FOCUS - null]
W/AccessibilityNodeInfoDumper( 7123): Fetch time: 18ms
W/WindowManager(  536): Attempted to remove non-existing token: android.os.Binder@53bd71e
D/AndroidRuntime( 7123): Shutting down VM
D/AndroidRuntime( 7154): >>>>>> START com.android.internal.os.RuntimeInit uid 0 <<<<<<
D/AndroidRuntime( 7154): CheckJNI is OFF
E/memtrack( 7154): Couldn't load memtrack module (No such file or directory)
E/android.os.Debug( 7154): failed to load memtrack module: -2
D/AndroidRuntime( 7154): Calling main entry com.android.commands.uiautomator.Launcher
I/AccessibilityNodeInfoDumper( 7154): Skipping invisible child: android.view.accessibility.AccessibilityNodeInfo@8000eb7e; boundsInParent: Rect(0, 0 - 0, 112); boundsInScreen: Rect(1200, 50 - 1200, 162); packageName: uk.co.yahoo.p1rpp.calendartrigger; className: android.widget.LinearLayout; text: null; error: null; maxTextLength: -1; contentDescription: null; viewIdResName: null; checkable: false; checked: false; focusable: false; focused: false; selected: false; clickable: false; longClickable: false; enabled: true; password: false; scrollable: false; actions: [AccessibilityAction: ACTION_SELECT - null, AccessibilityAction: ACTION_CLEAR_SELECTION - null, AccessibilityAction: ACTION_ACCESSIBILITY_FOCUS - null]
W/AccessibilityNodeInfoDumper( 7154): Fetch time: 16ms
W/WindowManager(  536): Attempted to remove non-existing token: android.os.Binder@3539ebff
D/AndroidRuntime( 7154): Shutting down VM
D/AndroidRuntime( 7177): >>>>>> START com.android.internal.os.RuntimeInit uid 0 <<<<<<
D/AndroidRuntime( 7177): CheckJNI is OFF
E/memtrack( 7177): Couldn't load memtrack module (No such file or directory)
E/android.os.Debug( 7177): failed to load memtrack module: -2
D/AndroidRuntime( 7177): Calling main entry com.android.commands.uiautomator.Launcher
I/AccessibilityNodeInfoDumper( 7177): Skipping invisible child: android.view.accessibility.AccessibilityNodeInfo@8000eb88; boundsInParent: Rect(0, 0 - 0, 112); boundsInScreen: Rect(1200, 50 - 1200, 162); packageName: uk.co.yahoo.p1rpp.calendartrigger; className: android.widget.LinearLayout; text: null; error: null; maxTextLength: -1; contentDescription: null; viewIdResName: null; checkable: false; checked: false; focusable: false; focused: false; selected: false; clickable: false; longClickable: false; enabled: true; password: false; scrollable: false; actions: [AccessibilityAction: ACTION_SELECT - null, AccessibilityAction: ACTION_CLEAR_SELECTION - null, AccessibilityAction: ACTION_ACCESSIBILITY_FOCUS - null]
W/AccessibilityNodeInfoDumper( 7177): Fetch time: 15ms
W/WindowManager(  536): Attempted to remove non-existing token: android.os.Binder@15cb5dcc
D/AndroidRuntime( 7177): Shutting down VM
D/AndroidRuntime( 7205): >>>>>> START com.android.internal.os.RuntimeInit uid 0 <<<<<<
D/AndroidRuntime( 7205): CheckJNI is OFF
E/memtrack( 7205): Couldn't load memtrack module (No such file or directory)
E/android.os.Debug( 7205): failed to load memtrack module: -2
D/AndroidRuntime( 7205): Calling main entry com.android.commands.uiautomator.Launcher
I/AccessibilityNodeInfoDumper( 7205): Skipping invisible child: android.view.accessibility.AccessibilityNodeInfo@8000eb91; boundsInParent: Rect(0, 0 - 0, 112); boundsInScreen: Rect(1200, 50 - 1200, 162); packageName: uk.co.yahoo.p1rpp.calendartrigger; className: android.widget.LinearLayout; text: null; error: null; maxTextLength: -1; contentDescription: null; viewIdResName: null; checkable: false; checked: false; focusable: false; focused: false; selected: false; clickable: false; longClickable: false; enabled: true; password: false; scrollable: false; actions: [AccessibilityAction: ACTION_SELECT - null, AccessibilityAction: ACTION_CLEAR_SELECTION - null, AccessibilityAction: ACTION_ACCESSIBILITY_FOCUS - null]
W/AccessibilityNodeInfoDumper( 7205): Fetch time: 13ms
W/WindowManager(  536): Attempted to remove non-existing token: android.os.Binder@15f34815
D/AndroidRuntime( 7205): Shutting down VM
D/AndroidRuntime( 7228): >>>>>> START com.android.internal.os.RuntimeInit uid 0 <<<<<<
D/AndroidRuntime( 7228): CheckJNI is OFF
E/memtrack( 7228): Couldn't load memtrack module (No such file or directory)
E/android.os.Debug( 7228): failed to load memtrack module: -2
D/AndroidRuntime( 7228): Calling main entry com.android.commands.uiautomator.Launcher
I/AccessibilityNodeInfoDumper( 7228): Skipping invisible child: android.view.accessibility.AccessibilityNodeInfo@8000eb95; boundsInParent: Rect(0, 0 - 0, 112); boundsInScreen: Rect(1200, 50 - 1200, 162); packageName: uk.co.yahoo.p1rpp.calendartrigger; className: android.widget.LinearLayout; text: null; error: null; maxTextLength: -1; contentDescription: null; viewIdResName: null; checkable: false; checked: false; focusable: false; focused: false; selected: false; clickable: false; longClickable: false; enabled: true; password: false; scrollable: false; actions: [AccessibilityAction: ACTION_SELECT - null, AccessibilityAction: ACTION_CLEAR_SELECTION - null, AccessibilityAction: ACTION_ACCESSIBILITY_FOCUS - null]
W/AccessibilityNodeInfoDumper( 7228): Fetch time: 17ms
W/WindowManager(  536): Attempted to remove non-existing token: android.os.Binder@dca472a
D/AndroidRuntime( 7228): Shutting down VM
D/AndroidRuntime( 7256): >>>>>> START com.android.internal.os.RuntimeInit uid 0 <<<<<<
D/AndroidRuntime( 7256): CheckJNI is OFF
E/memtrack( 7256): Couldn't load memtrack module (No such file or directory)
E/android.os.Debug( 7256): failed to load memtrack module: -2
D/AndroidRuntime( 7256): Calling main entry com.android.commands.uiautomator.Launcher
I/art     (  536): Explicit concurrent mark sweep GC freed 43607(2MB) AllocSpace objects, 34(544KB) LOS objects, 33% free, 7MB/10MB, paused 746us total 23.932ms
I/AccessibilityNodeInfoDumper( 7256): Skipping invisible child: android.view.accessibility.AccessibilityNodeInfo@8000eba2; boundsInParent: Rect(0, 0 - 0, 112); boundsInScreen: Rect(1200, 50 - 1200, 162); packageName: uk.co.yahoo.p1rpp.calendartrigger; className: android.widget.LinearLayout; text: null; error: null; maxTextLength: -1; contentDescription: null; viewIdResName: null; checkable: false; checked: false; focusable: false; focused: false; selected: false; clickable: false; longClickable: false; enabled: true; password: false; scrollable: false; actions: [AccessibilityAction: ACTION_SELECT - null, AccessibilityAction: ACTION_CLEAR_SELECTION - null, AccessibilityAction: ACTION_ACCESSIBILITY_FOCUS - null]
W/AccessibilityNodeInfoDumper( 7256): Fetch time: 20ms
W/WindowManager(  536): Attempted to remove non-existing token: android.os.Binder@354b491b
D/AndroidRuntime( 7256): Shutting down VM
D/AndroidRuntime( 7279): >>>>>> START com.android.internal.os.RuntimeInit uid 0 <<<<<<
D/AndroidRuntime( 7279): CheckJNI is OFF
E/memtrack( 7279): Couldn't load memtrack module (No such file or directory)
E/android.os.Debug( 7279): failed to load memtrack module: -2
D/AndroidRuntime( 7279): Calling main entry com.android.commands.uiautomator.Launcher
I/AccessibilityNodeInfoDumper( 7279): Skipping invisible child: android.view.accessibility.AccessibilityNodeInfo@8000ebab; boundsInParent: Rect(0, 0 - 0, 112); boundsInScreen: Rect(1200, 50 - 1200, 162); packageName: uk.co.yahoo.p1rpp.calendartrigger; className: android.widget.LinearLayout; text: null; error: null; maxTextLength: -1; contentDescription: null; viewIdResName: null; checkable: false; checked: false; focusable: false; focused: false; selected: false; clickable: false; longClickable: false; enabled: true; password: false; scrollable: false; actions: [AccessibilityAction: ACTION_SELECT - null, AccessibilityAction: ACTION_CLEAR_SELECTION - null, AccessibilityAction: ACTION_ACCESSIBILITY_FOCUS - null]
W/AccessibilityNodeInfoDumper( 7279): Fetch time: 14ms
W/WindowManager(  536): Attempted to remove non-existing token: android.os.Binder@32cd5091
D/AndroidRuntime( 7279): Shutting down VM
D/AndroidRuntime( 7309): >>>>>> START com.android.internal.os.RuntimeInit uid 0 <<<<<<
D/AndroidRuntime( 7309): CheckJNI is OFF
E/memtrack( 7309): Couldn't load memtrack module (No such file or directory)
E/android.os.Debug( 7309): failed to load memtrack module: -2
D/AndroidRuntime( 7309): Calling main entry com.android.commands.uiautomator.Launcher
I/AccessibilityNodeInfoDumper( 7309): Skipping invisible child: android.view.accessibility.AccessibilityNodeInfo@8000ebb4; boundsInParent: Rect(0, 0 - 0, 112); boundsInScreen: Rect(1200, 50 - 1200, 162); packageName: uk.co.yahoo.p1rpp.calendartrigger; className: android.widget.LinearLayout; text: null; error: null; maxTextLength: -1; contentDescription: null; viewIdResName: null; checkable: false; checked: false; focusable: false; focused: false; selected: false; clickable: false; longClickable: false; enabled: true; password: false; scrollable: false; actions: [AccessibilityAction: ACTION_SELECT - null, AccessibilityAction: ACTION_CLEAR_SELECTION - null, AccessibilityAction: ACTION_ACCESSIBILITY_FOCUS - null]
W/AccessibilityNodeInfoDumper( 7309): Fetch time: 24ms
W/WindowManager(  536): Attempted to remove non-existing token: android.os.Binder@111dabf6
D/AndroidRuntime( 7309): Shutting down VM
D/AndroidRuntime( 7332): >>>>>> START com.android.internal.os.RuntimeInit uid 0 <<<<<<
D/AndroidRuntime( 7332): CheckJNI is OFF
E/memtrack( 7332): Couldn't load memtrack module (No such file or directory)
E/android.os.Debug( 7332): failed to load memtrack module: -2
D/AndroidRuntime( 7332): Calling main entry com.android.commands.uiautomator.Launcher
I/AccessibilityNodeInfoDumper( 7332): Skipping invisible child: android.view.accessibility.AccessibilityNodeInfo@8000ebbd; boundsInParent: Rect(0, 0 - 0, 112); boundsInScreen: Rect(1200, 50 - 1200, 162); packageName: uk.co.yahoo.p1rpp.calendartrigger; className: android.widget.LinearLayout; text: null; error: null; maxTextLength: -1; contentDescription: null; viewIdResName: null; checkable: false; checked: false; focusable: false; focused: false; selected: false; clickable: false; longClickable: false; enabled: true; password: false; scrollable: false; actions: [AccessibilityAction: ACTION_SELECT - null, AccessibilityAction: ACTION_CLEAR_SELECTION - null, AccessibilityAction: ACTION_ACCESSIBILITY_FOCUS - null]
W/AccessibilityNodeInfoDumper( 7332): Fetch time: 16ms
W/WindowManager(  536): Attempted to remove non-existing token: android.os.Binder@a4b5bf7
D/AndroidRuntime( 7332): Shutting down VM
D/AndroidRuntime( 7350): >>>>>> START com.android.internal.os.RuntimeInit uid 0 <<<<<<
D/AndroidRuntime( 7350): CheckJNI is OFF
E/memtrack( 7350): Couldn't load memtrack module (No such file or directory)
E/android.os.Debug( 7350): failed to load memtrack module: -2
D/AndroidRuntime( 7350): Calling main entry com.android.commands.input.Input
I/Input   ( 7350): injectMotionEvent: MotionEvent { action=ACTION_DOWN, id[0]=0, x[0]=600.0, y[0]=472.0, toolType[0]=TOOL_TYPE_UNKNOWN, buttonState=0, metaState=0, flags=0x0, edgeFlags=0x0, pointerCount=1, historySize=0, eventTime=434969, downTime=434969, deviceId=0, source=0x1002 }
I/Input   ( 7350): injectMotionEvent: MotionEvent { action=ACTION_UP, id[0]=0, x[0]=600.0, y[0]=472.0, toolType[0]=TOOL_TYPE_UNKNOWN, buttonState=0, metaState=0, flags=0x0, edgeFlags=0x0, pointerCount=1, historySize=0, eventTime=434969, downTime=434969, deviceId=0, source=0x1002 }
D/AndroidRuntime( 7350): Shutting down VM
D/leak-560( 2353): Eastern Standard Time
D/leak-876( 2353): Eastern Standard Time
D/leak-801( 2353): Eastern Standard Time
D/leak-777( 2353): Eastern Standard Time
D/leak-802( 2353): Eastern Standard Time
D/leak-780( 2353): Eastern Standard Time
D/leak-799( 2353): Eastern Standard Time
D/leak-803( 2353): Eastern Standard Time
D/leak-875( 2353): Eastern Standard Time
W/AudioTrack(  536): AUDIO_OUTPUT_FLAG_FAST denied by client
D/leak-281( 2353): Eastern Standard Time
D/leak-278( 2353): Eastern Standard Time
D/leak-779( 2353): Eastern Standard Time
D/leak-777( 2353): Eastern Standard Time
D/leak-279( 2353): Eastern Standard Time
D/leak-781( 2353): Eastern Standard Time
D/leak-780( 2353): Eastern Standard Time
W/EGL_emulation( 2353): eglSurfaceAttrib not implemented
W/OpenGLRenderer( 2353): Failed to set EGL_SWAP_BEHAVIOR on surface 0xe24f32e0, error=EGL_SUCCESS
W/SurfaceFlinger(  520): couldn't log to binary event log: overflow.
D/AndroidRuntime( 7691): >>>>>> START com.android.internal.os.RuntimeInit uid 0 <<<<<<
D/AndroidRuntime( 7691): CheckJNI is OFF
E/memtrack( 7691): Couldn't load memtrack module (No such file or directory)
E/android.os.Debug( 7691): failed to load memtrack module: -2
D/AndroidRuntime( 7691): Calling main entry com.android.commands.uiautomator.Launcher
W/AccessibilityNodeInfoDumper( 7691): Fetch time: 2ms
W/WindowManager(  536): Attempted to remove non-existing token: android.os.Binder@3ef080c9
D/AndroidRuntime( 7691): Shutting down VM
D/AndroidRuntime( 7719): >>>>>> START com.android.internal.os.RuntimeInit uid 0 <<<<<<
D/AndroidRuntime( 7719): CheckJNI is OFF
E/memtrack( 7719): Couldn't load memtrack module (No such file or directory)
E/android.os.Debug( 7719): failed to load memtrack module: -2
D/AndroidRuntime( 7719): Calling main entry com.android.commands.uiautomator.Launcher
W/AccessibilityNodeInfoDumper( 7719): Fetch time: 1ms
W/WindowManager(  536): Attempted to remove non-existing token: android.os.Binder@381a43ce
D/AndroidRuntime( 7719): Shutting down VM
D/AndroidRuntime( 7742): >>>>>> START com.android.internal.os.RuntimeInit uid 0 <<<<<<
D/AndroidRuntime( 7742): CheckJNI is OFF
E/memtrack( 7742): Couldn't load memtrack module (No such file or directory)
E/android.os.Debug( 7742): failed to load memtrack module: -2
D/AndroidRuntime( 7742): Calling main entry com.android.commands.uiautomator.Launcher
W/AccessibilityNodeInfoDumper( 7742): Fetch time: 2ms
W/WindowManager(  536): Attempted to remove non-existing token: android.os.Binder@232bd2ef
D/AndroidRuntime( 7742): Shutting down VM
D/AndroidRuntime( 7770): >>>>>> START com.android.internal.os.RuntimeInit uid 0 <<<<<<
D/AndroidRuntime( 7770): CheckJNI is OFF
E/memtrack( 7770): Couldn't load memtrack module (No such file or directory)
E/android.os.Debug( 7770): failed to load memtrack module: -2
D/AndroidRuntime( 7770): Calling main entry com.android.commands.uiautomator.Launcher
W/AccessibilityNodeInfoDumper( 7770): Fetch time: 1ms
W/WindowManager(  536): Attempted to remove non-existing token: android.os.Binder@27c7d1fc
D/AndroidRuntime( 7770): Shutting down VM
D/AndroidRuntime( 7803): >>>>>> START com.android.internal.os.RuntimeInit uid 0 <<<<<<
D/AndroidRuntime( 7803): CheckJNI is OFF
E/memtrack( 7803): Couldn't load memtrack module (No such file or directory)
E/android.os.Debug( 7803): failed to load memtrack module: -2
D/AndroidRuntime( 7803): Calling main entry com.android.commands.uiautomator.Launcher
W/AccessibilityNodeInfoDumper( 7803): Fetch time: 2ms
W/WindowManager(  536): Attempted to remove non-existing token: android.os.Binder@36f76085
D/AndroidRuntime( 7803): Shutting down VM
D/AndroidRuntime( 7834): >>>>>> START com.android.internal.os.RuntimeInit uid 0 <<<<<<
D/AndroidRuntime( 7834): CheckJNI is OFF
E/memtrack( 7834): Couldn't load memtrack module (No such file or directory)
E/android.os.Debug( 7834): failed to load memtrack module: -2
D/AndroidRuntime( 7834): Calling main entry com.android.commands.uiautomator.Launcher
I/art     ( 2152): Explicit concurrent mark sweep GC freed 2107(94KB) AllocSpace objects, 1(9MB) LOS objects, 39% free, 3MB/6MB, paused 1.988ms total 14.250ms
W/AccessibilityNodeInfoDumper( 7834): Fetch time: 2ms
W/WindowManager(  536): Attempted to remove non-existing token: android.os.Binder@329aceda
D/AndroidRuntime( 7834): Shutting down VM
D/AndroidRuntime( 7857): >>>>>> START com.android.internal.os.RuntimeInit uid 0 <<<<<<
D/AndroidRuntime( 7857): CheckJNI is OFF
E/memtrack( 7857): Couldn't load memtrack module (No such file or directory)
E/android.os.Debug( 7857): failed to load memtrack module: -2
D/AndroidRuntime( 7857): Calling main entry com.android.commands.uiautomator.Launcher
W/AccessibilityNodeInfoDumper( 7857): Fetch time: 2ms
W/WindowManager(  536): Attempted to remove non-existing token: android.os.Binder@fbe11e8
D/AndroidRuntime( 7857): Shutting down VM
D/AndroidRuntime( 7885): >>>>>> START com.android.internal.os.RuntimeInit uid 0 <<<<<<
D/AndroidRuntime( 7885): CheckJNI is OFF
E/memtrack( 7885): Couldn't load memtrack module (No such file or directory)
E/android.os.Debug( 7885): failed to load memtrack module: -2
D/AndroidRuntime( 7885): Calling main entry com.android.commands.uiautomator.Launcher
W/AccessibilityNodeInfoDumper( 7885): Fetch time: 1ms
W/WindowManager(  536): Attempted to remove non-existing token: android.os.Binder@1ed28001
D/AndroidRuntime( 7885): Shutting down VM
D/AndroidRuntime( 7908): >>>>>> START com.android.internal.os.RuntimeInit uid 0 <<<<<<
D/AndroidRuntime( 7908): CheckJNI is OFF
E/memtrack( 7908): Couldn't load memtrack module (No such file or directory)
E/android.os.Debug( 7908): failed to load memtrack module: -2
D/AndroidRuntime( 7908): Calling main entry com.android.commands.uiautomator.Launcher
W/AccessibilityNodeInfoDumper( 7908): Fetch time: 2ms
W/WindowManager(  536): Attempted to remove non-existing token: android.os.Binder@466fea6
D/AndroidRuntime( 7908): Shutting down VM
D/AndroidRuntime( 7937): >>>>>> START com.android.internal.os.RuntimeInit uid 0 <<<<<<
D/AndroidRuntime( 7937): CheckJNI is OFF
E/memtrack( 7937): Couldn't load memtrack module (No such file or directory)
E/android.os.Debug( 7937): failed to load memtrack module: -2
D/AndroidRuntime( 7937): Calling main entry com.android.commands.uiautomator.Launcher
W/AccessibilityNodeInfoDumper( 7937): Fetch time: 2ms
W/WindowManager(  536): Attempted to remove non-existing token: android.os.Binder@1bd530e7
D/AndroidRuntime( 7937): Shutting down VM
D/AndroidRuntime( 7960): >>>>>> START com.android.internal.os.RuntimeInit uid 0 <<<<<<
D/AndroidRuntime( 7960): CheckJNI is OFF
E/memtrack( 7960): Couldn't load memtrack module (No such file or directory)
E/android.os.Debug( 7960): failed to load memtrack module: -2
D/AndroidRuntime( 7960): Calling main entry com.android.commands.uiautomator.Launcher
W/AccessibilityNodeInfoDumper( 7960): Fetch time: 2ms
W/WindowManager(  536): Attempted to remove non-existing token: android.os.Binder@8566494
D/AndroidRuntime( 7960): Shutting down VM
D/AndroidRuntime( 7990): >>>>>> START com.android.internal.os.RuntimeInit uid 0 <<<<<<
D/AndroidRuntime( 7990): CheckJNI is OFF
E/memtrack( 7990): Couldn't load memtrack module (No such file or directory)
E/android.os.Debug( 7990): failed to load memtrack module: -2
D/AndroidRuntime( 7990): Calling main entry com.android.commands.uiautomator.Launcher
W/AccessibilityNodeInfoDumper( 7990): Fetch time: 1ms
W/WindowManager(  536): Attempted to remove non-existing token: android.os.Binder@3de61b3d
D/AndroidRuntime( 7990): Shutting down VM
D/AndroidRuntime( 8013): >>>>>> START com.android.internal.os.RuntimeInit uid 0 <<<<<<
D/AndroidRuntime( 8013): CheckJNI is OFF
E/memtrack( 8013): Couldn't load memtrack module (No such file or directory)
E/android.os.Debug( 8013): failed to load memtrack module: -2
D/AndroidRuntime( 8013): Calling main entry com.android.commands.uiautomator.Launcher
W/AccessibilityNodeInfoDumper( 8013): Fetch time: 3ms
W/WindowManager(  536): Attempted to remove non-existing token: android.os.Binder@5745f32
D/AndroidRuntime( 8013): Shutting down VM
D/AndroidRuntime( 8031): >>>>>> START com.android.internal.os.RuntimeInit uid 0 <<<<<<
D/AndroidRuntime( 8031): CheckJNI is OFF
E/memtrack( 8031): Couldn't load memtrack module (No such file or directory)
E/android.os.Debug( 8031): failed to load memtrack module: -2
D/AndroidRuntime( 8031): Calling main entry com.android.commands.input.Input
I/Input   ( 8031): injectMotionEvent: MotionEvent { action=ACTION_DOWN, id[0]=0, x[0]=946.0, y[0]=106.0, toolType[0]=TOOL_TYPE_UNKNOWN, buttonState=0, metaState=0, flags=0x0, edgeFlags=0x0, pointerCount=1, historySize=0, eventTime=463614, downTime=463614, deviceId=0, source=0x1002 }
I/Input   ( 8031): injectMotionEvent: MotionEvent { action=ACTION_MOVE, id[0]=0, x[0]=946.0, y[0]=106.0, toolType[0]=TOOL_TYPE_UNKNOWN, buttonState=0, metaState=0, flags=0x0, edgeFlags=0x0, pointerCount=1, historySize=0, eventTime=463614, downTime=463614, deviceId=0, source=0x1002 }
I/Input   ( 8031): injectMotionEvent: MotionEvent { action=ACTION_MOVE, id[0]=0, x[0]=946.0, y[0]=106.0, toolType[0]=TOOL_TYPE_UNKNOWN, buttonState=0, metaState=0, flags=0x0, edgeFlags=0x0, pointerCount=1, historySize=0, eventTime=463634, downTime=463634, deviceId=0, source=0x1002 }
I/Input   ( 8031): injectMotionEvent: MotionEvent { action=ACTION_MOVE, id[0]=0, x[0]=946.0, y[0]=106.0, toolType[0]=TOOL_TYPE_UNKNOWN, buttonState=0, metaState=0, flags=0x0, edgeFlags=0x0, pointerCount=1, historySize=0, eventTime=463661, downTime=463661, deviceId=0, source=0x1002 }
I/Input   ( 8031): injectMotionEvent: MotionEvent { action=ACTION_MOVE, id[0]=0, x[0]=946.0, y[0]=106.0, toolType[0]=TOOL_TYPE_UNKNOWN, buttonState=0, metaState=0, flags=0x0, edgeFlags=0x0, pointerCount=1, historySize=0, eventTime=463688, downTime=463688, deviceId=0, source=0x1002 }
I/Input   ( 8031): injectMotionEvent: MotionEvent { action=ACTION_MOVE, id[0]=0, x[0]=946.0, y[0]=106.0, toolType[0]=TOOL_TYPE_UNKNOWN, buttonState=0, metaState=0, flags=0x0, edgeFlags=0x0, pointerCount=1, historySize=0, eventTime=463701, downTime=463701, deviceId=0, source=0x1002 }
I/Input   ( 8031): injectMotionEvent: MotionEvent { action=ACTION_MOVE, id[0]=0, x[0]=946.0, y[0]=106.0, toolType[0]=TOOL_TYPE_UNKNOWN, buttonState=0, metaState=0, flags=0x0, edgeFlags=0x0, pointerCount=1, historySize=0, eventTime=463718, downTime=463718, deviceId=0, source=0x1002 }
I/Input   ( 8031): injectMotionEvent: MotionEvent { action=ACTION_MOVE, id[0]=0, x[0]=946.0, y[0]=106.0, toolType[0]=TOOL_TYPE_UNKNOWN, buttonState=0, metaState=0, flags=0x0, edgeFlags=0x0, pointerCount=1, historySize=0, eventTime=463733, downTime=463733, deviceId=0, source=0x1002 }
I/Input   ( 8031): injectMotionEvent: MotionEvent { action=ACTION_MOVE, id[0]=0, x[0]=946.0, y[0]=106.0, toolType[0]=TOOL_TYPE_UNKNOWN, buttonState=0, metaState=0, flags=0x0, edgeFlags=0x0, pointerCount=1, historySize=0, eventTime=463750, downTime=463750, deviceId=0, source=0x1002 }
I/Input   ( 8031): injectMotionEvent: MotionEvent { action=ACTION_MOVE, id[0]=0, x[0]=946.0, y[0]=106.0, toolType[0]=TOOL_TYPE_UNKNOWN, buttonState=0, metaState=0, flags=0x0, edgeFlags=0x0, pointerCount=1, historySize=0, eventTime=463767, downTime=463767, deviceId=0, source=0x1002 }
I/Input   ( 8031): injectMotionEvent: MotionEvent { action=ACTION_MOVE, id[0]=0, x[0]=946.0, y[0]=106.0, toolType[0]=TOOL_TYPE_UNKNOWN, buttonState=0, metaState=0, flags=0x0, edgeFlags=0x0, pointerCount=1, historySize=0, eventTime=463784, downTime=463784, deviceId=0, source=0x1002 }
I/Input   ( 8031): injectMotionEvent: MotionEvent { action=ACTION_MOVE, id[0]=0, x[0]=946.0, y[0]=106.0, toolType[0]=TOOL_TYPE_UNKNOWN, buttonState=0, metaState=0, flags=0x0, edgeFlags=0x0, pointerCount=1, historySize=0, eventTime=463804, downTime=463804, deviceId=0, source=0x1002 }
I/Input   ( 8031): injectMotionEvent: MotionEvent { action=ACTION_MOVE, id[0]=0, x[0]=946.0, y[0]=106.0, toolType[0]=TOOL_TYPE_UNKNOWN, buttonState=0, metaState=0, flags=0x0, edgeFlags=0x0, pointerCount=1, historySize=0, eventTime=463817, downTime=463817, deviceId=0, source=0x1002 }
I/Input   ( 8031): injectMotionEvent: MotionEvent { action=ACTION_MOVE, id[0]=0, x[0]=946.0, y[0]=106.0, toolType[0]=TOOL_TYPE_UNKNOWN, buttonState=0, metaState=0, flags=0x0, edgeFlags=0x0, pointerCount=1, historySize=0, eventTime=463834, downTime=463834, deviceId=0, source=0x1002 }
I/Input   ( 8031): injectMotionEvent: MotionEvent { action=ACTION_MOVE, id[0]=0, x[0]=946.0, y[0]=106.0, toolType[0]=TOOL_TYPE_UNKNOWN, buttonState=0, metaState=0, flags=0x0, edgeFlags=0x0, pointerCount=1, historySize=0, eventTime=463850, downTime=463850, deviceId=0, source=0x1002 }
I/Input   ( 8031): injectMotionEvent: MotionEvent { action=ACTION_MOVE, id[0]=0, x[0]=946.0, y[0]=106.0, toolType[0]=TOOL_TYPE_UNKNOWN, buttonState=0, metaState=0, flags=0x0, edgeFlags=0x0, pointerCount=1, historySize=0, eventTime=463868, downTime=463868, deviceId=0, source=0x1002 }
I/Input   ( 8031): injectMotionEvent: MotionEvent { action=ACTION_MOVE, id[0]=0, x[0]=946.0, y[0]=106.0, toolType[0]=TOOL_TYPE_UNKNOWN, buttonState=0, metaState=0, flags=0x0, edgeFlags=0x0, pointerCount=1, historySize=0, eventTime=463883, downTime=463883, deviceId=0, source=0x1002 }
I/Input   ( 8031): injectMotionEvent: MotionEvent { action=ACTION_MOVE, id[0]=0, x[0]=946.0, y[0]=106.0, toolType[0]=TOOL_TYPE_UNKNOWN, buttonState=0, metaState=0, flags=0x0, edgeFlags=0x0, pointerCount=1, historySize=0, eventTime=463900, downTime=463900, deviceId=0, source=0x1002 }
I/Input   ( 8031): injectMotionEvent: MotionEvent { action=ACTION_MOVE, id[0]=0, x[0]=946.0, y[0]=106.0, toolType[0]=TOOL_TYPE_UNKNOWN, buttonState=0, metaState=0, flags=0x0, edgeFlags=0x0, pointerCount=1, historySize=0, eventTime=463917, downTime=463917, deviceId=0, source=0x1002 }
I/Input   ( 8031): injectMotionEvent: MotionEvent { action=ACTION_MOVE, id[0]=0, x[0]=946.0, y[0]=106.0, toolType[0]=TOOL_TYPE_UNKNOWN, buttonState=0, metaState=0, flags=0x0, edgeFlags=0x0, pointerCount=1, historySize=0, eventTime=463934, downTime=463934, deviceId=0, source=0x1002 }
I/Input   ( 8031): injectMotionEvent: MotionEvent { action=ACTION_MOVE, id[0]=0, x[0]=946.0, y[0]=106.0, toolType[0]=TOOL_TYPE_UNKNOWN, buttonState=0, metaState=0, flags=0x0, edgeFlags=0x0, pointerCount=1, historySize=0, eventTime=463950, downTime=463950, deviceId=0, source=0x1002 }
I/Input   ( 8031): injectMotionEvent: MotionEvent { action=ACTION_MOVE, id[0]=0, x[0]=946.0, y[0]=106.0, toolType[0]=TOOL_TYPE_UNKNOWN, buttonState=0, metaState=0, flags=0x0, edgeFlags=0x0, pointerCount=1, historySize=0, eventTime=463967, downTime=463967, deviceId=0, source=0x1002 }
I/Input   ( 8031): injectMotionEvent: MotionEvent { action=ACTION_MOVE, id[0]=0, x[0]=946.0, y[0]=106.0, toolType[0]=TOOL_TYPE_UNKNOWN, buttonState=0, metaState=0, flags=0x0, edgeFlags=0x0, pointerCount=1, historySize=0, eventTime=463983, downTime=463983, deviceId=0, source=0x1002 }
I/Input   ( 8031): injectMotionEvent: MotionEvent { action=ACTION_MOVE, id[0]=0, x[0]=946.0, y[0]=106.0, toolType[0]=TOOL_TYPE_UNKNOWN, buttonState=0, metaState=0, flags=0x0, edgeFlags=0x0, pointerCount=1, historySize=0, eventTime=464000, downTime=464000, deviceId=0, source=0x1002 }
I/Input   ( 8031): injectMotionEvent: MotionEvent { action=ACTION_MOVE, id[0]=0, x[0]=946.0, y[0]=106.0, toolType[0]=TOOL_TYPE_UNKNOWN, buttonState=0, metaState=0, flags=0x0, edgeFlags=0x0, pointerCount=1, historySize=0, eventTime=464018, downTime=464018, deviceId=0, source=0x1002 }
I/Input   ( 8031): injectMotionEvent: MotionEvent { action=ACTION_MOVE, id[0]=0, x[0]=946.0, y[0]=106.0, toolType[0]=TOOL_TYPE_UNKNOWN, buttonState=0, metaState=0, flags=0x0, edgeFlags=0x0, pointerCount=1, historySize=0, eventTime=464034, downTime=464034, deviceId=0, source=0x1002 }
I/Input   ( 8031): injectMotionEvent: MotionEvent { action=ACTION_MOVE, id[0]=0, x[0]=946.0, y[0]=106.0, toolType[0]=TOOL_TYPE_UNKNOWN, buttonState=0, metaState=0, flags=0x0, edgeFlags=0x0, pointerCount=1, historySize=0, eventTime=464050, downTime=464050, deviceId=0, source=0x1002 }
I/Input   ( 8031): injectMotionEvent: MotionEvent { action=ACTION_MOVE, id[0]=0, x[0]=946.0, y[0]=106.0, toolType[0]=TOOL_TYPE_UNKNOWN, buttonState=0, metaState=0, flags=0x0, edgeFlags=0x0, pointerCount=1, historySize=0, eventTime=464067, downTime=464067, deviceId=0, source=0x1002 }
I/Input   ( 8031): injectMotionEvent: MotionEvent { action=ACTION_MOVE, id[0]=0, x[0]=946.0, y[0]=106.0, toolType[0]=TOOL_TYPE_UNKNOWN, buttonState=0, metaState=0, flags=0x0, edgeFlags=0x0, pointerCount=1, historySize=0, eventTime=464084, downTime=464084, deviceId=0, source=0x1002 }
I/Input   ( 8031): injectMotionEvent: MotionEvent { action=ACTION_MOVE, id[0]=0, x[0]=946.0, y[0]=106.0, toolType[0]=TOOL_TYPE_UNKNOWN, buttonState=0, metaState=0, flags=0x0, edgeFlags=0x0, pointerCount=1, historySize=0, eventTime=464101, downTime=464101, deviceId=0, source=0x1002 }
I/Input   ( 8031): injectMotionEvent: MotionEvent { action=ACTION_MOVE, id[0]=0, x[0]=946.0, y[0]=106.0, toolType[0]=TOOL_TYPE_UNKNOWN, buttonState=0, metaState=0, flags=0x0, edgeFlags=0x0, pointerCount=1, historySize=0, eventTime=464119, downTime=464119, deviceId=0, source=0x1002 }
I/Input   ( 8031): injectMotionEvent: MotionEvent { action=ACTION_MOVE, id[0]=0, x[0]=946.0, y[0]=106.0, toolType[0]=TOOL_TYPE_UNKNOWN, buttonState=0, metaState=0, flags=0x0, edgeFlags=0x0, pointerCount=1, historySize=0, eventTime=464133, downTime=464133, deviceId=0, source=0x1002 }
I/Input   ( 8031): injectMotionEvent: MotionEvent { action=ACTION_MOVE, id[0]=0, x[0]=946.0, y[0]=106.0, toolType[0]=TOOL_TYPE_UNKNOWN, buttonState=0, metaState=0, flags=0x0, edgeFlags=0x0, pointerCount=1, historySize=0, eventTime=464150, downTime=464150, deviceId=0, source=0x1002 }
I/Input   ( 8031): injectMotionEvent: MotionEvent { action=ACTION_MOVE, id[0]=0, x[0]=946.0, y[0]=106.0, toolType[0]=TOOL_TYPE_UNKNOWN, buttonState=0, metaState=0, flags=0x0, edgeFlags=0x0, pointerCount=1, historySize=0, eventTime=464168, downTime=464168, deviceId=0, source=0x1002 }
I/Input   ( 8031): injectMotionEvent: MotionEvent { action=ACTION_MOVE, id[0]=0, x[0]=946.0, y[0]=106.0, toolType[0]=TOOL_TYPE_UNKNOWN, buttonState=0, metaState=0, flags=0x0, edgeFlags=0x0, pointerCount=1, historySize=0, eventTime=464184, downTime=464184, deviceId=0, source=0x1002 }
I/Input   ( 8031): injectMotionEvent: MotionEvent { action=ACTION_MOVE, id[0]=0, x[0]=946.0, y[0]=106.0, toolType[0]=TOOL_TYPE_UNKNOWN, buttonState=0, metaState=0, flags=0x0, edgeFlags=0x0, pointerCount=1, historySize=0, eventTime=464200, downTime=464200, deviceId=0, source=0x1002 }
I/Input   ( 8031): injectMotionEvent: MotionEvent { action=ACTION_MOVE, id[0]=0, x[0]=946.0, y[0]=106.0, toolType[0]=TOOL_TYPE_UNKNOWN, buttonState=0, metaState=0, flags=0x0, edgeFlags=0x0, pointerCount=1, historySize=0, eventTime=464217, downTime=464217, deviceId=0, source=0x1002 }
I/Input   ( 8031): injectMotionEvent: MotionEvent { action=ACTION_MOVE, id[0]=0, x[0]=946.0, y[0]=106.0, toolType[0]=TOOL_TYPE_UNKNOWN, buttonState=0, metaState=0, flags=0x0, edgeFlags=0x0, pointerCount=1, historySize=0, eventTime=464234, downTime=464234, deviceId=0, source=0x1002 }
I/Input   ( 8031): injectMotionEvent: MotionEvent { action=ACTION_MOVE, id[0]=0, x[0]=946.0, y[0]=106.0, toolType[0]=TOOL_TYPE_UNKNOWN, buttonState=0, metaState=0, flags=0x0, edgeFlags=0x0, pointerCount=1, historySize=0, eventTime=464251, downTime=464251, deviceId=0, source=0x1002 }
I/Input   ( 8031): injectMotionEvent: MotionEvent { action=ACTION_MOVE, id[0]=0, x[0]=946.0, y[0]=106.0, toolType[0]=TOOL_TYPE_UNKNOWN, buttonState=0, metaState=0, flags=0x0, edgeFlags=0x0, pointerCount=1, historySize=0, eventTime=464267, downTime=464267, deviceId=0, source=0x1002 }
I/Input   ( 8031): injectMotionEvent: MotionEvent { action=ACTION_MOVE, id[0]=0, x[0]=946.0, y[0]=106.0, toolType[0]=TOOL_TYPE_UNKNOWN, buttonState=0, metaState=0, flags=0x0, edgeFlags=0x0, pointerCount=1, historySize=0, eventTime=464284, downTime=464284, deviceId=0, source=0x1002 }
I/Input   ( 8031): injectMotionEvent: MotionEvent { action=ACTION_MOVE, id[0]=0, x[0]=946.0, y[0]=106.0, toolType[0]=TOOL_TYPE_UNKNOWN, buttonState=0, metaState=0, flags=0x0, edgeFlags=0x0, pointerCount=1, historySize=0, eventTime=464300, downTime=464300, deviceId=0, source=0x1002 }
I/Input   ( 8031): injectMotionEvent: MotionEvent { action=ACTION_MOVE, id[0]=0, x[0]=946.0, y[0]=106.0, toolType[0]=TOOL_TYPE_UNKNOWN, buttonState=0, metaState=0, flags=0x0, edgeFlags=0x0, pointerCount=1, historySize=0, eventTime=464317, downTime=464317, deviceId=0, source=0x1002 }
I/Input   ( 8031): injectMotionEvent: MotionEvent { action=ACTION_MOVE, id[0]=0, x[0]=946.0, y[0]=106.0, toolType[0]=TOOL_TYPE_UNKNOWN, buttonState=0, metaState=0, flags=0x0, edgeFlags=0x0, pointerCount=1, historySize=0, eventTime=464334, downTime=464334, deviceId=0, source=0x1002 }
I/Input   ( 8031): injectMotionEvent: MotionEvent { action=ACTION_MOVE, id[0]=0, x[0]=946.0, y[0]=106.0, toolType[0]=TOOL_TYPE_UNKNOWN, buttonState=0, metaState=0, flags=0x0, edgeFlags=0x0, pointerCount=1, historySize=0, eventTime=464350, downTime=464350, deviceId=0, source=0x1002 }
I/Input   ( 8031): injectMotionEvent: MotionEvent { action=ACTION_MOVE, id[0]=0, x[0]=946.0, y[0]=106.0, toolType[0]=TOOL_TYPE_UNKNOWN, buttonState=0, metaState=0, flags=0x0, edgeFlags=0x0, pointerCount=1, historySize=0, eventTime=464368, downTime=464368, deviceId=0, source=0x1002 }
I/Input   ( 8031): injectMotionEvent: MotionEvent { action=ACTION_MOVE, id[0]=0, x[0]=946.0, y[0]=106.0, toolType[0]=TOOL_TYPE_UNKNOWN, buttonState=0, metaState=0, flags=0x0, edgeFlags=0x0, pointerCount=1, historySize=0, eventTime=464384, downTime=464384, deviceId=0, source=0x1002 }
I/Input   ( 8031): injectMotionEvent: MotionEvent { action=ACTION_MOVE, id[0]=0, x[0]=946.0, y[0]=106.0, toolType[0]=TOOL_TYPE_UNKNOWN, buttonState=0, metaState=0, flags=0x0, edgeFlags=0x0, pointerCount=1, historySize=0, eventTime=464401, downTime=464401, deviceId=0, source=0x1002 }
I/Input   ( 8031): injectMotionEvent: MotionEvent { action=ACTION_MOVE, id[0]=0, x[0]=946.0, y[0]=106.0, toolType[0]=TOOL_TYPE_UNKNOWN, buttonState=0, metaState=0, flags=0x0, edgeFlags=0x0, pointerCount=1, historySize=0, eventTime=464417, downTime=464417, deviceId=0, source=0x1002 }
