D/AndroidRuntime(13761): Shutting down VM
D/AndroidRuntime(13789): >>>>>> START com.android.internal.os.RuntimeInit uid 0 <<<<<<
D/AndroidRuntime(13789): CheckJNI is OFF
E/memtrack(13789): Couldn't load memtrack module (No such file or directory)
E/android.os.Debug(13789): failed to load memtrack module: -2
D/AndroidRuntime(13789): Calling main entry com.android.commands.uiautomator.Launcher
I/AccessibilityNodeInfoDumper(13789): Skipping invisible child: android.view.accessibility.AccessibilityNodeInfo@80017a92; boundsInParent: Rect(0, 0 - 0, 112); boundsInScreen: Rect(1200, 50 - 1200, 162); packageName: uk.co.yahoo.p1rpp.calendartrigger; className: android.widget.LinearLayout; text: null; error: null; maxTextLength: -1; contentDescription: null; viewIdResName: null; checkable: false; checked: false; focusable: false; focused: false; selected: false; clickable: false; longClickable: false; enabled: true; password: false; scrollable: false; actions: [AccessibilityAction: ACTION_SELECT - null, AccessibilityAction: ACTION_CLEAR_SELECTION - null, AccessibilityAction: ACTION_ACCESSIBILITY_FOCUS - null]
W/AccessibilityNodeInfoDumper(13789): Fetch time: 16ms
W/WindowManager(  536): Attempted to remove non-existing token: android.os.Binder@14fee7d3
D/AndroidRuntime(13789): Shutting down VM
D/AndroidRuntime(13812): >>>>>> START com.android.internal.os.RuntimeInit uid 0 <<<<<<
D/AndroidRuntime(13812): CheckJNI is OFF
E/memtrack(13812): Couldn't load memtrack module (No such file or directory)
E/android.os.Debug(13812): failed to load memtrack module: -2
D/AndroidRuntime(13812): Calling main entry com.android.commands.uiautomator.Launcher
I/AccessibilityNodeInfoDumper(13812): Skipping invisible child: android.view.accessibility.AccessibilityNodeInfo@80017a9a; boundsInParent: Rect(0, 0 - 0, 112); boundsInScreen: Rect(1200, 50 - 1200, 162); packageName: uk.co.yahoo.p1rpp.calendartrigger; className: android.widget.LinearLayout; text: null; error: null; maxTextLength: -1; contentDescription: null; viewIdResName: null; checkable: false; checked: false; focusable: false; focused: false; selected: false; clickable: false; longClickable: false; enabled: true; password: false; scrollable: false; actions: [AccessibilityAction: ACTION_SELECT - null, AccessibilityAction: ACTION_CLEAR_SELECTION - null, AccessibilityAction: ACTION_ACCESSIBILITY_FOCUS - null]
W/AccessibilityNodeInfoDumper(13812): Fetch time: 15ms
W/WindowManager(  536): Attempted to remove non-existing token: android.os.Binder@3b5d2f10
D/AndroidRuntime(13812): Shutting down VM
D/AndroidRuntime(13840): >>>>>> START com.android.internal.os.RuntimeInit uid 0 <<<<<<
D/AndroidRuntime(13840): CheckJNI is OFF
E/memtrack(13840): Couldn't load memtrack module (No such file or directory)
E/android.os.Debug(13840): failed to load memtrack module: -2
D/AndroidRuntime(13840): Calling main entry com.android.commands.uiautomator.Launcher
I/art     (  536): Explicit concurrent mark sweep GC freed 43381(2MB) AllocSpace objects, 34(544KB) LOS objects, 33% free, 7MB/10MB, paused 447us total 16.764ms
I/AccessibilityNodeInfoDumper(13840): Skipping invisible child: android.view.accessibility.AccessibilityNodeInfo@80017aa1; boundsInParent: Rect(0, 0 - 0, 112); boundsInScreen: Rect(1200, 50 - 1200, 162); packageName: uk.co.yahoo.p1rpp.calendartrigger; className: android.widget.LinearLayout; text: null; error: null; maxTextLength: -1; contentDescription: null; viewIdResName: null; checkable: false; checked: false; focusable: false; focused: false; selected: false; clickable: false; longClickable: false; enabled: true; password: false; scrollable: false; actions: [AccessibilityAction: ACTION_SELECT - null, AccessibilityAction: ACTION_CLEAR_SELECTION - null, AccessibilityAction: ACTION_ACCESSIBILITY_FOCUS - null]
W/AccessibilityNodeInfoDumper(13840): Fetch time: 20ms
W/WindowManager(  536): Attempted to remove non-existing token: android.os.Binder@21641a09
D/AndroidRuntime(13840): Shutting down VM
D/AndroidRuntime(13863): >>>>>> START com.android.internal.os.RuntimeInit uid 0 <<<<<<
D/AndroidRuntime(13863): CheckJNI is OFF
E/memtrack(13863): Couldn't load memtrack module (No such file or directory)
E/android.os.Debug(13863): failed to load memtrack module: -2
D/AndroidRuntime(13863): Calling main entry com.android.commands.uiautomator.Launcher
I/AccessibilityNodeInfoDumper(13863): Skipping invisible child: android.view.accessibility.AccessibilityNodeInfo@80017aad; boundsInParent: Rect(0, 0 - 0, 112); boundsInScreen: Rect(1200, 50 - 1200, 162); packageName: uk.co.yahoo.p1rpp.calendartrigger; className: android.widget.LinearLayout; text: null; error: null; maxTextLength: -1; contentDescription: null; viewIdResName: null; checkable: false; checked: false; focusable: false; focused: false; selected: false; clickable: false; longClickable: false; enabled: true; password: false; scrollable: false; actions: [AccessibilityAction: ACTION_SELECT - null, AccessibilityAction: ACTION_CLEAR_SELECTION - null, AccessibilityAction: ACTION_ACCESSIBILITY_FOCUS - null]
W/AccessibilityNodeInfoDumper(13863): Fetch time: 15ms
W/WindowManager(  536): Attempted to remove non-existing token: android.os.Binder@9462e2f
D/AndroidRuntime(13863): Shutting down VM
D/AndroidRuntime(13893): >>>>>> START com.android.internal.os.RuntimeInit uid 0 <<<<<<
D/AndroidRuntime(13893): CheckJNI is OFF
E/memtrack(13893): Couldn't load memtrack module (No such file or directory)
E/android.os.Debug(13893): failed to load memtrack module: -2
D/AndroidRuntime(13893): Calling main entry com.android.commands.uiautomator.Launcher
I/AccessibilityNodeInfoDumper(13893): Skipping invisible child: android.view.accessibility.AccessibilityNodeInfo@80017ab6; boundsInParent: Rect(0, 0 - 0, 112); boundsInScreen: Rect(1200, 50 - 1200, 162); packageName: uk.co.yahoo.p1rpp.calendartrigger; className: android.widget.LinearLayout; text: null; error: null; maxTextLength: -1; contentDescription: null; viewIdResName: null; checkable: false; checked: false; focusable: false; focused: false; selected: false; clickable: false; longClickable: false; enabled: true; password: false; scrollable: false; actions: [AccessibilityAction: ACTION_SELECT - null, AccessibilityAction: ACTION_CLEAR_SELECTION - null, AccessibilityAction: ACTION_ACCESSIBILITY_FOCUS - null]
W/AccessibilityNodeInfoDumper(13893): Fetch time: 23ms
W/WindowManager(  536): Attempted to remove non-existing token: android.os.Binder@3c4e2c3c
D/AndroidRuntime(13893): Shutting down VM
D/AndroidRuntime(13916): >>>>>> START com.android.internal.os.RuntimeInit uid 0 <<<<<<
D/AndroidRuntime(13916): CheckJNI is OFF
E/memtrack(13916): Couldn't load memtrack module (No such file or directory)
E/android.os.Debug(13916): failed to load memtrack module: -2
D/AndroidRuntime(13916): Calling main entry com.android.commands.uiautomator.Launcher
I/AccessibilityNodeInfoDumper(13916): Skipping invisible child: android.view.accessibility.AccessibilityNodeInfo@80017abf; boundsInParent: Rect(0, 0 - 0, 112); boundsInScreen: Rect(1200, 50 - 1200, 162); packageName: uk.co.yahoo.p1rpp.calendartrigger; className: android.widget.LinearLayout; text: null; error: null; maxTextLength: -1; contentDescription: null; viewIdResName: null; checkable: false; checked: false; focusable: false; focused: false; selected: false; clickable: false; longClickable: false; enabled: true; password: false; scrollable: false; actions: [AccessibilityAction: ACTION_SELECT - null, AccessibilityAction: ACTION_CLEAR_SELECTION - null, AccessibilityAction: ACTION_ACCESSIBILITY_FOCUS - null]
W/AccessibilityNodeInfoDumper(13916): Fetch time: 19ms
W/WindowManager(  536): Attempted to remove non-existing token: android.os.Binder@312b4dc5
D/AndroidRuntime(13916): Shutting down VM
D/AndroidRuntime(13934): >>>>>> START com.android.internal.os.RuntimeInit uid 0 <<<<<<
D/AndroidRuntime(13934): CheckJNI is OFF
E/memtrack(13934): Couldn't load memtrack module (No such file or directory)
E/android.os.Debug(13934): failed to load memtrack module: -2
D/AndroidRuntime(13934): Calling main entry com.android.commands.input.Input
I/Input   (13934): injectMotionEvent: MotionEvent { action=ACTION_DOWN, id[0]=0, x[0]=600.0, y[0]=318.0, toolType[0]=TOOL_TYPE_UNKNOWN, buttonState=0, metaState=0, flags=0x0, edgeFlags=0x0, pointerCount=1, historySize=0, eventTime=709500, downTime=709500, deviceId=0, source=0x1002 }
I/Input   (13934): injectMotionEvent: MotionEvent { action=ACTION_MOVE, id[0]=0, x[0]=600.0, y[0]=318.0, toolType[0]=TOOL_TYPE_UNKNOWN, buttonState=0, metaState=0, flags=0x0, edgeFlags=0x0, pointerCount=1, historySize=0, eventTime=709500, downTime=709500, deviceId=0, source=0x1002 }
I/Input   (13934): injectMotionEvent: MotionEvent { action=ACTION_MOVE, id[0]=0, x[0]=600.0, y[0]=318.0, toolType[0]=TOOL_TYPE_UNKNOWN, buttonState=0, metaState=0, flags=0x0, edgeFlags=0x0, pointerCount=1, historySize=0, eventTime=709520, downTime=709520, deviceId=0, source=0x1002 }
I/Input   (13934): injectMotionEvent: MotionEvent { action=ACTION_MOVE, id[0]=0, x[0]=600.0, y[0]=318.0, toolType[0]=TOOL_TYPE_UNKNOWN, buttonState=0, metaState=0, flags=0x0, edgeFlags=0x0, pointerCount=1, historySize=0, eventTime=709539, downTime=709539, deviceId=0, source=0x1002 }
I/Input   (13934): injectMotionEvent: MotionEvent { action=ACTION_MOVE, id[0]=0, x[0]=600.0, y[0]=318.0, toolType[0]=TOOL_TYPE_UNKNOWN, buttonState=0, metaState=0, flags=0x0, edgeFlags=0x0, pointerCount=1, historySize=0, eventTime=709550, downTime=709550, deviceId=0, source=0x1002 }
I/Input   (13934): injectMotionEvent: MotionEvent { action=ACTION_MOVE, id[0]=0, x[0]=600.0, y[0]=318.0, toolType[0]=TOOL_TYPE_UNKNOWN, buttonState=0, metaState=0, flags=0x0, edgeFlags=0x0, pointerCount=1, historySize=0, eventTime=709569, downTime=709569, deviceId=0, source=0x1002 }
I/Input   (13934): injectMotionEvent: MotionEvent { action=ACTION_MOVE, id[0]=0, x[0]=600.0, y[0]=318.0, toolType[0]=TOOL_TYPE_UNKNOWN, buttonState=0, metaState=0, flags=0x0, edgeFlags=0x0, pointerCount=1, historySize=0, eventTime=709584, downTime=709584, deviceId=0, source=0x1002 }
I/Input   (13934): injectMotionEvent: MotionEvent { action=ACTION_MOVE, id[0]=0, x[0]=600.0, y[0]=318.0, toolType[0]=TOOL_TYPE_UNKNOWN, buttonState=0, metaState=0, flags=0x0, edgeFlags=0x0, pointerCount=1, historySize=0, eventTime=709600, downTime=709600, deviceId=0, source=0x1002 }
I/Input   (13934): injectMotionEvent: MotionEvent { action=ACTION_MOVE, id[0]=0, x[0]=600.0, y[0]=318.0, toolType[0]=TOOL_TYPE_UNKNOWN, buttonState=0, metaState=0, flags=0x0, edgeFlags=0x0, pointerCount=1, historySize=0, eventTime=709617, downTime=709617, deviceId=0, source=0x1002 }
I/Input   (13934): injectMotionEvent: MotionEvent { action=ACTION_MOVE, id[0]=0, x[0]=600.0, y[0]=318.0, toolType[0]=TOOL_TYPE_UNKNOWN, buttonState=0, metaState=0, flags=0x0, edgeFlags=0x0, pointerCount=1, historySize=0, eventTime=709634, downTime=709634, deviceId=0, source=0x1002 }
I/Input   (13934): injectMotionEvent: MotionEvent { action=ACTION_MOVE, id[0]=0, x[0]=600.0, y[0]=318.0, toolType[0]=TOOL_TYPE_UNKNOWN, buttonState=0, metaState=0, flags=0x0, edgeFlags=0x0, pointerCount=1, historySize=0, eventTime=709652, downTime=709652, deviceId=0, source=0x1002 }
I/Input   (13934): injectMotionEvent: MotionEvent { action=ACTION_MOVE, id[0]=0, x[0]=600.0, y[0]=318.0, toolType[0]=TOOL_TYPE_UNKNOWN, buttonState=0, metaState=0, flags=0x0, edgeFlags=0x0, pointerCount=1, historySize=0, eventTime=709670, downTime=709670, deviceId=0, source=0x1002 }
I/Input   (13934): injectMotionEvent: MotionEvent { action=ACTION_MOVE, id[0]=0, x[0]=600.0, y[0]=318.0, toolType[0]=TOOL_TYPE_UNKNOWN, buttonState=0, metaState=0, flags=0x0, edgeFlags=0x0, pointerCount=1, historySize=0, eventTime=709684, downTime=709684, deviceId=0, source=0x1002 }
I/Input   (13934): injectMotionEvent: MotionEvent { action=ACTION_MOVE, id[0]=0, x[0]=600.0, y[0]=318.0, toolType[0]=TOOL_TYPE_UNKNOWN, buttonState=0, metaState=0, flags=0x0, edgeFlags=0x0, pointerCount=1, historySize=0, eventTime=709700, downTime=709700, deviceId=0, source=0x1002 }
I/Input   (13934): injectMotionEvent: MotionEvent { action=ACTION_MOVE, id[0]=0, x[0]=600.0, y[0]=318.0, toolType[0]=TOOL_TYPE_UNKNOWN, buttonState=0, metaState=0, flags=0x0, edgeFlags=0x0, pointerCount=1, historySize=0, eventTime=709717, downTime=709717, deviceId=0, source=0x1002 }
I/Input   (13934): injectMotionEvent: MotionEvent { action=ACTION_MOVE, id[0]=0, x[0]=600.0, y[0]=318.0, toolType[0]=TOOL_TYPE_UNKNOWN, buttonState=0, metaState=0, flags=0x0, edgeFlags=0x0, pointerCount=1, historySize=0, eventTime=709739, downTime=709739, deviceId=0, source=0x1002 }
I/Input   (13934): injectMotionEvent: MotionEvent { action=ACTION_MOVE, id[0]=0, x[0]=600.0, y[0]=318.0, toolType[0]=TOOL_TYPE_UNKNOWN, buttonState=0, metaState=0, flags=0x0, edgeFlags=0x0, pointerCount=1, historySize=0, eventTime=709760, downTime=709760, deviceId=0, source=0x1002 }
I/Input   (13934): injectMotionEvent: MotionEvent { action=ACTION_MOVE, id[0]=0, x[0]=600.0, y[0]=318.0, toolType[0]=TOOL_TYPE_UNKNOWN, buttonState=0, metaState=0, flags=0x0, edgeFlags=0x0, pointerCount=1, historySize=0, eventTime=709767, downTime=709767, deviceId=0, source=0x1002 }
I/Input   (13934): injectMotionEvent: MotionEvent { action=ACTION_MOVE, id[0]=0, x[0]=600.0, y[0]=318.0, toolType[0]=TOOL_TYPE_UNKNOWN, buttonState=0, metaState=0, flags=0x0, edgeFlags=0x0, pointerCount=1, historySize=0, eventTime=709784, downTime=709784, deviceId=0, source=0x1002 }
I/Input   (13934): injectMotionEvent: MotionEvent { action=ACTION_MOVE, id[0]=0, x[0]=600.0, y[0]=318.0, toolType[0]=TOOL_TYPE_UNKNOWN, buttonState=0, metaState=0, flags=0x0, edgeFlags=0x0, pointerCount=1, historySize=0, eventTime=709802, downTime=709802, deviceId=0, source=0x1002 }
I/Input   (13934): injectMotionEvent: MotionEvent { action=ACTION_MOVE, id[0]=0, x[0]=600.0, y[0]=318.0, toolType[0]=TOOL_TYPE_UNKNOWN, buttonState=0, metaState=0, flags=0x0, edgeFlags=0x0, pointerCount=1, historySize=0, eventTime=709817, downTime=709817, deviceId=0, source=0x1002 }
I/Input   (13934): injectMotionEvent: MotionEvent { action=ACTION_MOVE, id[0]=0, x[0]=600.0, y[0]=318.0, toolType[0]=TOOL_TYPE_UNKNOWN, buttonState=0, metaState=0, flags=0x0, edgeFlags=0x0, pointerCount=1, historySize=0, eventTime=709840, downTime=709840, deviceId=0, source=0x1002 }
I/Input   (13934): injectMotionEvent: MotionEvent { action=ACTION_MOVE, id[0]=0, x[0]=600.0, y[0]=318.0, toolType[0]=TOOL_TYPE_UNKNOWN, buttonState=0, metaState=0, flags=0x0, edgeFlags=0x0, pointerCount=1, historySize=0, eventTime=709851, downTime=709851, deviceId=0, source=0x1002 }
I/Input   (13934): injectMotionEvent: MotionEvent { action=ACTION_MOVE, id[0]=0, x[0]=600.0, y[0]=318.0, toolType[0]=TOOL_TYPE_UNKNOWN, buttonState=0, metaState=0, flags=0x0, edgeFlags=0x0, pointerCount=1, historySize=0, eventTime=709867, downTime=709867, deviceId=0, source=0x1002 }
I/Input   (13934): injectMotionEvent: MotionEvent { action=ACTION_MOVE, id[0]=0, x[0]=600.0, y[0]=318.0, toolType[0]=TOOL_TYPE_UNKNOWN, buttonState=0, metaState=0, flags=0x0, edgeFlags=0x0, pointerCount=1, historySize=0, eventTime=709885, downTime=709885, deviceId=0, source=0x1002 }
I/Input   (13934): injectMotionEvent: MotionEvent { action=ACTION_MOVE, id[0]=0, x[0]=600.0, y[0]=318.0, toolType[0]=TOOL_TYPE_UNKNOWN, buttonState=0, metaState=0, flags=0x0, edgeFlags=0x0, pointerCount=1, historySize=0, eventTime=709901, downTime=709901, deviceId=0, source=0x1002 }
I/Input   (13934): injectMotionEvent: MotionEvent { action=ACTION_MOVE, id[0]=0, x[0]=600.0, y[0]=318.0, toolType[0]=TOOL_TYPE_UNKNOWN, buttonState=0, metaState=0, flags=0x0, edgeFlags=0x0, pointerCount=1, historySize=0, eventTime=709918, downTime=709918, deviceId=0, source=0x1002 }
I/Input   (13934): injectMotionEvent: MotionEvent { action=ACTION_MOVE, id[0]=0, x[0]=600.0, y[0]=318.0, toolType[0]=TOOL_TYPE_UNKNOWN, buttonState=0, metaState=0, flags=0x0, edgeFlags=0x0, pointerCount=1, historySize=0, eventTime=709940, downTime=709940, deviceId=0, source=0x1002 }
I/Input   (13934): injectMotionEvent: MotionEvent { action=ACTION_MOVE, id[0]=0, x[0]=600.0, y[0]=318.0, toolType[0]=TOOL_TYPE_UNKNOWN, buttonState=0, metaState=0, flags=0x0, edgeFlags=0x0, pointerCount=1, historySize=0, eventTime=709960, downTime=709960, deviceId=0, source=0x1002 }
I/Input   (13934): injectMotionEvent: MotionEvent { action=ACTION_MOVE, id[0]=0, x[0]=600.0, y[0]=318.0, toolType[0]=TOOL_TYPE_UNKNOWN, buttonState=0, metaState=0, flags=0x0, edgeFlags=0x0, pointerCount=1, historySize=0, eventTime=709967, downTime=709967, deviceId=0, source=0x1002 }
I/Input   (13934): injectMotionEvent: MotionEvent { action=ACTION_MOVE, id[0]=0, x[0]=600.0, y[0]=318.0, toolType[0]=TOOL_TYPE_UNKNOWN, buttonState=0, metaState=0, flags=0x0, edgeFlags=0x0, pointerCount=1, historySize=0, eventTime=709985, downTime=709985, deviceId=0, source=0x1002 }
I/Input   (13934): injectMotionEvent: MotionEvent { action=ACTION_MOVE, id[0]=0, x[0]=600.0, y[0]=318.0, toolType[0]=TOOL_TYPE_UNKNOWN, buttonState=0, metaState=0, flags=0x0, edgeFlags=0x0, pointerCount=1, historySize=0, eventTime=710000, downTime=710000, deviceId=0, source=0x1002 }
D/leak-363( 2353): Eastern Standard Time
I/Input   (13934): injectMotionEvent: MotionEvent { action=ACTION_MOVE, id[0]=0, x[0]=600.0, y[0]=318.0, toolType[0]=TOOL_TYPE_UNKNOWN, buttonState=0, metaState=0, flags=0x0, edgeFlags=0x0, pointerCount=1, historySize=0, eventTime=710017, downTime=710017, deviceId=0, source=0x1002 }
W/EGL_emulation( 2353): eglSurfaceAttrib not implemented
W/OpenGLRenderer( 2353): Failed to set EGL_SWAP_BEHAVIOR on surface 0xe24bf660, error=EGL_SUCCESS
I/Input   (13934): injectMotionEvent: MotionEvent { action=ACTION_MOVE, id[0]=0, x[0]=600.0, y[0]=318.0, toolType[0]=TOOL_TYPE_UNKNOWN, buttonState=0, metaState=0, flags=0x0, edgeFlags=0x0, pointerCount=1, historySize=0, eventTime=710044, downTime=710044, deviceId=0, source=0x1002 }
I/Input   (13934): injectMotionEvent: MotionEvent { action=ACTION_MOVE, id[0]=0, x[0]=600.0, y[0]=318.0, toolType[0]=TOOL_TYPE_UNKNOWN, buttonState=0, metaState=0, flags=0x0, edgeFlags=0x0, pointerCount=1, historySize=0, eventTime=710059, downTime=710059, deviceId=0, source=0x1002 }
I/Input   (13934): injectMotionEvent: MotionEvent { action=ACTION_MOVE, id[0]=0, x[0]=600.0, y[0]=318.0, toolType[0]=TOOL_TYPE_UNKNOWN, buttonState=0, metaState=0, flags=0x0, edgeFlags=0x0, pointerCount=1, historySize=0, eventTime=710067, downTime=710067, deviceId=0, source=0x1002 }
I/Input   (13934): injectMotionEvent: MotionEvent { action=ACTION_MOVE, id[0]=0, x[0]=600.0, y[0]=318.0, toolType[0]=TOOL_TYPE_UNKNOWN, buttonState=0, metaState=0, flags=0x0, edgeFlags=0x0, pointerCount=1, historySize=0, eventTime=710085, downTime=710085, deviceId=0, source=0x1002 }
I/Input   (13934): injectMotionEvent: MotionEvent { action=ACTION_MOVE, id[0]=0, x[0]=600.0, y[0]=318.0, toolType[0]=TOOL_TYPE_UNKNOWN, buttonState=0, metaState=0, flags=0x0, edgeFlags=0x0, pointerCount=1, historySize=0, eventTime=710101, downTime=710101, deviceId=0, source=0x1002 }
I/Input   (13934): injectMotionEvent: MotionEvent { action=ACTION_MOVE, id[0]=0, x[0]=600.0, y[0]=318.0, toolType[0]=TOOL_TYPE_UNKNOWN, buttonState=0, metaState=0, flags=0x0, edgeFlags=0x0, pointerCount=1, historySize=0, eventTime=710118, downTime=710118, deviceId=0, source=0x1002 }
I/Input   (13934): injectMotionEvent: MotionEvent { action=ACTION_MOVE, id[0]=0, x[0]=600.0, y[0]=318.0, toolType[0]=TOOL_TYPE_UNKNOWN, buttonState=0, metaState=0, flags=0x0, edgeFlags=0x0, pointerCount=1, historySize=0, eventTime=710134, downTime=710134, deviceId=0, source=0x1002 }
I/Input   (13934): injectMotionEvent: MotionEvent { action=ACTION_MOVE, id[0]=0, x[0]=600.0, y[0]=318.0, toolType[0]=TOOL_TYPE_UNKNOWN, buttonState=0, metaState=0, flags=0x0, edgeFlags=0x0, pointerCount=1, historySize=0, eventTime=710151, downTime=710151, deviceId=0, source=0x1002 }
I/Input   (13934): injectMotionEvent: MotionEvent { action=ACTION_MOVE, id[0]=0, x[0]=600.0, y[0]=318.0, toolType[0]=TOOL_TYPE_UNKNOWN, buttonState=0, metaState=0, flags=0x0, edgeFlags=0x0, pointerCount=1, historySize=0, eventTime=710168, downTime=710168, deviceId=0, source=0x1002 }
I/Input   (13934): injectMotionEvent: MotionEvent { action=ACTION_MOVE, id[0]=0, x[0]=600.0, y[0]=318.0, toolType[0]=TOOL_TYPE_UNKNOWN, buttonState=0, metaState=0, flags=0x0, edgeFlags=0x0, pointerCount=1, historySize=0, eventTime=710189, downTime=710189, deviceId=0, source=0x1002 }
I/Input   (13934): injectMotionEvent: MotionEvent { action=ACTION_MOVE, id[0]=0, x[0]=600.0, y[0]=318.0, toolType[0]=TOOL_TYPE_UNKNOWN, buttonState=0, metaState=0, flags=0x0, edgeFlags=0x0, pointerCount=1, historySize=0, eventTime=710200, downTime=710200, deviceId=0, source=0x1002 }
I/Input   (13934): injectMotionEvent: MotionEvent { action=ACTION_MOVE, id[0]=0, x[0]=600.0, y[0]=318.0, toolType[0]=TOOL_TYPE_UNKNOWN, buttonState=0, metaState=0, flags=0x0, edgeFlags=0x0, pointerCount=1, historySize=0, eventTime=710218, downTime=710218, deviceId=0, source=0x1002 }
I/Input   (13934): injectMotionEvent: MotionEvent { action=ACTION_MOVE, id[0]=0, x[0]=600.0, y[0]=318.0, toolType[0]=TOOL_TYPE_UNKNOWN, buttonState=0, metaState=0, flags=0x0, edgeFlags=0x0, pointerCount=1, historySize=0, eventTime=710234, downTime=710234, deviceId=0, source=0x1002 }
I/Input   (13934): injectMotionEvent: MotionEvent { action=ACTION_MOVE, id[0]=0, x[0]=600.0, y[0]=318.0, toolType[0]=TOOL_TYPE_UNKNOWN, buttonState=0, metaState=0, flags=0x0, edgeFlags=0x0, pointerCount=1, historySize=0, eventTime=710251, downTime=710251, deviceId=0, source=0x1002 }
I/Input   (13934): injectMotionEvent: MotionEvent { action=ACTION_MOVE, id[0]=0, x[0]=600.0, y[0]=318.0, toolType[0]=TOOL_TYPE_UNKNOWN, buttonState=0, metaState=0, flags=0x0, edgeFlags=0x0, pointerCount=1, historySize=0, eventTime=710267, downTime=710267, deviceId=0, source=0x1002 }
I/Input   (13934): injectMotionEvent: MotionEvent { action=ACTION_MOVE, id[0]=0, x[0]=600.0, y[0]=318.0, toolType[0]=TOOL_TYPE_UNKNOWN, buttonState=0, metaState=0, flags=0x0, edgeFlags=0x0, pointerCount=1, historySize=0, eventTime=710284, downTime=710284, deviceId=0, source=0x1002 }
I/Input   (13934): injectMotionEvent: MotionEvent { action=ACTION_MOVE, id[0]=0, x[0]=600.0, y[0]=318.0, toolType[0]=TOOL_TYPE_UNKNOWN, buttonState=0, metaState=0, flags=0x0, edgeFlags=0x0, pointerCount=1, historySize=0, eventTime=710300, downTime=710300, deviceId=0, source=0x1002 }
I/Input   (13934): injectMotionEvent: MotionEvent { action=ACTION_MOVE, id[0]=0, x[0]=600.0, y[0]=318.0, toolType[0]=TOOL_TYPE_UNKNOWN, buttonState=0, metaState=0, flags=0x0, edgeFlags=0x0, pointerCount=1, historySize=0, eventTime=710317, downTime=710317, deviceId=0, source=0x1002 }
I/Input   (13934): injectMotionEvent: MotionEvent { action=ACTION_MOVE, id[0]=0, x[0]=600.0, y[0]=318.0, toolType[0]=TOOL_TYPE_UNKNOWN, buttonState=0, metaState=0, flags=0x0, edgeFlags=0x0, pointerCount=1, historySize=0, eventTime=710335, downTime=710335, deviceId=0, source=0x1002 }
I/Input   (13934): injectMotionEvent: MotionEvent { action=ACTION_MOVE, id[0]=0, x[0]=600.0, y[0]=318.0, toolType[0]=TOOL_TYPE_UNKNOWN, buttonState=0, metaState=0, flags=0x0, edgeFlags=0x0, pointerCount=1, historySize=0, eventTime=710351, downTime=710351, deviceId=0, source=0x1002 }
I/Input   (13934): injectMotionEvent: MotionEvent { action=ACTION_MOVE, id[0]=0, x[0]=600.0, y[0]=318.0, toolType[0]=TOOL_TYPE_UNKNOWN, buttonState=0, metaState=0, flags=0x0, edgeFlags=0x0, pointerCount=1, historySize=0, eventTime=710368, downTime=710368, deviceId=0, source=0x1002 }
I/Input   (13934): injectMotionEvent: MotionEvent { action=ACTION_MOVE, id[0]=0, x[0]=600.0, y[0]=318.0, toolType[0]=TOOL_TYPE_UNKNOWN, buttonState=0, metaState=0, flags=0x0, edgeFlags=0x0, pointerCount=1, historySize=0, eventTime=710389, downTime=710389, deviceId=0, source=0x1002 }
I/Input   (13934): injectMotionEvent: MotionEvent { action=ACTION_MOVE, id[0]=0, x[0]=600.0, y[0]=318.0, toolType[0]=TOOL_TYPE_UNKNOWN, buttonState=0, metaState=0, flags=0x0, edgeFlags=0x0, pointerCount=1, historySize=0, eventTime=710401, downTime=710401, deviceId=0, source=0x1002 }
I/Input   (13934): injectMotionEvent: MotionEvent { action=ACTION_MOVE, id[0]=0, x[0]=600.0, y[0]=318.0, toolType[0]=TOOL_TYPE_UNKNOWN, buttonState=0, metaState=0, flags=0x0, edgeFlags=0x0, pointerCount=1, historySize=0, eventTime=710417, downTime=710417, deviceId=0, source=0x1002 }
I/Input   (13934): injectMotionEvent: MotionEvent { action=ACTION_MOVE, id[0]=0, x[0]=600.0, y[0]=318.0, toolType[0]=TOOL_TYPE_UNKNOWN, buttonState=0, metaState=0, flags=0x0, edgeFlags=0x0, pointerCount=1, historySize=0, eventTime=710435, downTime=710435, deviceId=0, source=0x1002 }
I/Input   (13934): injectMotionEvent: MotionEvent { action=ACTION_MOVE, id[0]=0, x[0]=600.0, y[0]=318.0, toolType[0]=TOOL_TYPE_UNKNOWN, buttonState=0, metaState=0, flags=0x0, edgeFlags=0x0, pointerCount=1, historySize=0, eventTime=710450, downTime=710450, deviceId=0, source=0x1002 }
I/Input   (13934): injectMotionEvent: MotionEvent { action=ACTION_MOVE, id[0]=0, x[0]=600.0, y[0]=318.0, toolType[0]=TOOL_TYPE_UNKNOWN, buttonState=0, metaState=0, flags=0x0, edgeFlags=0x0, pointerCount=1, historySize=0, eventTime=710467, downTime=710467, deviceId=0, source=0x1002 }
I/Input   (13934): injectMotionEvent: MotionEvent { action=ACTION_MOVE, id[0]=0, x[0]=600.0, y[0]=318.0, toolType[0]=TOOL_TYPE_UNKNOWN, buttonState=0, metaState=0, flags=0x0, edgeFlags=0x0, pointerCount=1, historySize=0, eventTime=710485, downTime=710485, deviceId=0, source=0x1002 }
I/Input   (13934): injectMotionEvent: MotionEvent { action=ACTION_MOVE, id[0]=0, x[0]=600.0, y[0]=318.0, toolType[0]=TOOL_TYPE_UNKNOWN, buttonState=0, metaState=0, flags=0x0, edgeFlags=0x0, pointerCount=1, historySize=0, eventTime=710508, downTime=710508, deviceId=0, source=0x1002 }
I/Input   (13934): injectMotionEvent: MotionEvent { action=ACTION_MOVE, id[0]=0, x[0]=600.0, y[0]=318.0, toolType[0]=TOOL_TYPE_UNKNOWN, buttonState=0, metaState=0, flags=0x0, edgeFlags=0x0, pointerCount=1, historySize=0, eventTime=710517, downTime=710517, deviceId=0, source=0x1002 }
I/Input   (13934): injectMotionEvent: MotionEvent { action=ACTION_MOVE, id[0]=0, x[0]=600.0, y[0]=318.0, toolType[0]=TOOL_TYPE_UNKNOWN, buttonState=0, metaState=0, flags=0x0, edgeFlags=0x0, pointerCount=1, historySize=0, eventTime=710536, downTime=710536, deviceId=0, source=0x1002 }
I/Input   (13934): injectMotionEvent: MotionEvent { action=ACTION_MOVE, id[0]=0, x[0]=600.0, y[0]=318.0, toolType[0]=TOOL_TYPE_UNKNOWN, buttonState=0, metaState=0, flags=0x0, edgeFlags=0x0, pointerCount=1, historySize=0, eventTime=710551, downTime=710551, deviceId=0, source=0x1002 }
I/Input   (13934): injectMotionEvent: MotionEvent { action=ACTION_MOVE, id[0]=0, x[0]=600.0, y[0]=318.0, toolType[0]=TOOL_TYPE_UNKNOWN, buttonState=0, metaState=0, flags=0x0, edgeFlags=0x0, pointerCount=1, historySize=0, eventTime=710615, downTime=710615, deviceId=0, source=0x1002 }
I/Input   (13934): injectMotionEvent: MotionEvent { action=ACTION_MOVE, id[0]=0, x[0]=600.0, y[0]=318.0, toolType[0]=TOOL_TYPE_UNKNOWN, buttonState=0, metaState=0, flags=0x0, edgeFlags=0x0, pointerCount=1, historySize=0, eventTime=710639, downTime=710639, deviceId=0, source=0x1002 }
I/Input   (13934): injectMotionEvent: MotionEvent { action=ACTION_MOVE, id[0]=0, x[0]=600.0, y[0]=318.0, toolType[0]=TOOL_TYPE_UNKNOWN, buttonState=0, metaState=0, flags=0x0, edgeFlags=0x0, pointerCount=1, historySize=0, eventTime=710653, downTime=710653, deviceId=0, source=0x1002 }
I/Input   (13934): injectMotionEvent: MotionEvent { action=ACTION_MOVE, id[0]=0, x[0]=600.0, y[0]=318.0, toolType[0]=TOOL_TYPE_UNKNOWN, buttonState=0, metaState=0, flags=0x0, edgeFlags=0x0, pointerCount=1, historySize=0, eventTime=710667, downTime=710667, deviceId=0, source=0x1002 }
I/Input   (13934): injectMotionEvent: MotionEvent { action=ACTION_MOVE, id[0]=0, x[0]=600.0, y[0]=318.0, toolType[0]=TOOL_TYPE_UNKNOWN, buttonState=0, metaState=0, flags=0x0, edgeFlags=0x0, pointerCount=1, historySize=0, eventTime=710683, downTime=710683, deviceId=0, source=0x1002 }
I/Input   (13934): injectMotionEvent: MotionEvent { action=ACTION_MOVE, id[0]=0, x[0]=600.0, y[0]=318.0, toolType[0]=TOOL_TYPE_UNKNOWN, buttonState=0, metaState=0, flags=0x0, edgeFlags=0x0, pointerCount=1, historySize=0, eventTime=710701, downTime=710701, deviceId=0, source=0x1002 }
I/Input   (13934): injectMotionEvent: MotionEvent { action=ACTION_MOVE, id[0]=0, x[0]=600.0, y[0]=318.0, toolType[0]=TOOL_TYPE_UNKNOWN, buttonState=0, metaState=0, flags=0x0, edgeFlags=0x0, pointerCount=1, historySize=0, eventTime=710717, downTime=710717, deviceId=0, source=0x1002 }
I/Input   (13934): injectMotionEvent: MotionEvent { action=ACTION_MOVE, id[0]=0, x[0]=600.0, y[0]=318.0, toolType[0]=TOOL_TYPE_UNKNOWN, buttonState=0, metaState=0, flags=0x0, edgeFlags=0x0, pointerCount=1, historySize=0, eventTime=710734, downTime=710734, deviceId=0, source=0x1002 }
I/Input   (13934): injectMotionEvent: MotionEvent { action=ACTION_MOVE, id[0]=0, x[0]=600.0, y[0]=318.0, toolType[0]=TOOL_TYPE_UNKNOWN, buttonState=0, metaState=0, flags=0x0, edgeFlags=0x0, pointerCount=1, historySize=0, eventTime=710750, downTime=710750, deviceId=0, source=0x1002 }
I/Input   (13934): injectMotionEvent: MotionEvent { action=ACTION_MOVE, id[0]=0, x[0]=600.0, y[0]=318.0, toolType[0]=TOOL_TYPE_UNKNOWN, buttonState=0, metaState=0, flags=0x0, edgeFlags=0x0, pointerCount=1, historySize=0, eventTime=710767, downTime=710767, deviceId=0, source=0x1002 }
I/Input   (13934): injectMotionEvent: MotionEvent { action=ACTION_MOVE, id[0]=0, x[0]=600.0, y[0]=318.0, toolType[0]=TOOL_TYPE_UNKNOWN, buttonState=0, metaState=0, flags=0x0, edgeFlags=0x0, pointerCount=1, historySize=0, eventTime=710784, downTime=710784, deviceId=0, source=0x1002 }
I/Input   (13934): injectMotionEvent: MotionEvent { action=ACTION_MOVE, id[0]=0, x[0]=600.0, y[0]=318.0, toolType[0]=TOOL_TYPE_UNKNOWN, buttonState=0, metaState=0, flags=0x0, edgeFlags=0x0, pointerCount=1, historySize=0, eventTime=710802, downTime=710802, deviceId=0, source=0x1002 }
I/Input   (13934): injectMotionEvent: MotionEvent { action=ACTION_MOVE, id[0]=0, x[0]=600.0, y[0]=318.0, toolType[0]=TOOL_TYPE_UNKNOWN, buttonState=0, metaState=0, flags=0x0, edgeFlags=0x0, pointerCount=1, historySize=0, eventTime=710817, downTime=710817, deviceId=0, source=0x1002 }
I/Input   (13934): injectMotionEvent: MotionEvent { action=ACTION_MOVE, id[0]=0, x[0]=600.0, y[0]=318.0, toolType[0]=TOOL_TYPE_UNKNOWN, buttonState=0, metaState=0, flags=0x0, edgeFlags=0x0, pointerCount=1, historySize=0, eventTime=710836, downTime=710836, deviceId=0, source=0x1002 }
I/Input   (13934): injectMotionEvent: MotionEvent { action=ACTION_MOVE, id[0]=0, x[0]=600.0, y[0]=318.0, toolType[0]=TOOL_TYPE_UNKNOWN, buttonState=0, metaState=0, flags=0x0, edgeFlags=0x0, pointerCount=1, historySize=0, eventTime=710850, downTime=710850, deviceId=0, source=0x1002 }
I/Input   (13934): injectMotionEvent: MotionEvent { action=ACTION_MOVE, id[0]=0, x[0]=600.0, y[0]=318.0, toolType[0]=TOOL_TYPE_UNKNOWN, buttonState=0, metaState=0, flags=0x0, edgeFlags=0x0, pointerCount=1, historySize=0, eventTime=710867, downTime=710867, deviceId=0, source=0x1002 }
I/Input   (13934): injectMotionEvent: MotionEvent { action=ACTION_MOVE, id[0]=0, x[0]=600.0, y[0]=318.0, toolType[0]=TOOL_TYPE_UNKNOWN, buttonState=0, metaState=0, flags=0x0, edgeFlags=0x0, pointerCount=1, historySize=0, eventTime=710885, downTime=710885, deviceId=0, source=0x1002 }
I/Input   (13934): injectMotionEvent: MotionEvent { action=ACTION_MOVE, id[0]=0, x[0]=600.0, y[0]=318.0, toolType[0]=TOOL_TYPE_UNKNOWN, buttonState=0, metaState=0, flags=0x0, edgeFlags=0x0, pointerCount=1, historySize=0, eventTime=710900, downTime=710900, deviceId=0, source=0x1002 }
I/Input   (13934): injectMotionEvent: MotionEvent { action=ACTION_MOVE, id[0]=0, x[0]=600.0, y[0]=318.0, toolType[0]=TOOL_TYPE_UNKNOWN, buttonState=0, metaState=0, flags=0x0, edgeFlags=0x0, pointerCount=1, historySize=0, eventTime=710918, downTime=710918, deviceId=0, source=0x1002 }
I/Input   (13934): injectMotionEvent: MotionEvent { action=ACTION_MOVE, id[0]=0, x[0]=600.0, y[0]=318.0, toolType[0]=TOOL_TYPE_UNKNOWN, buttonState=0, metaState=0, flags=0x0, edgeFlags=0x0, pointerCount=1, historySize=0, eventTime=710935, downTime=710935, deviceId=0, source=0x1002 }
I/Input   (13934): injectMotionEvent: MotionEvent { action=ACTION_MOVE, id[0]=0, x[0]=600.0, y[0]=318.0, toolType[0]=TOOL_TYPE_UNKNOWN, buttonState=0, metaState=0, flags=0x0, edgeFlags=0x0, pointerCount=1, historySize=0, eventTime=710951, downTime=710951, deviceId=0, source=0x1002 }
I/Input   (13934): injectMotionEvent: MotionEvent { action=ACTION_MOVE, id[0]=0, x[0]=600.0, y[0]=318.0, toolType[0]=TOOL_TYPE_UNKNOWN, buttonState=0, metaState=0, flags=0x0, edgeFlags=0x0, pointerCount=1, historySize=0, eventTime=710967, downTime=710967, deviceId=0, source=0x1002 }
I/Input   (13934): injectMotionEvent: MotionEvent { action=ACTION_MOVE, id[0]=0, x[0]=600.0, y[0]=318.0, toolType[0]=TOOL_TYPE_UNKNOWN, buttonState=0, metaState=0, flags=0x0, edgeFlags=0x0, pointerCount=1, historySize=0, eventTime=710984, downTime=710984, deviceId=0, source=0x1002 }
I/Input   (13934): injectMotionEvent: MotionEvent { action=ACTION_MOVE, id[0]=0, x[0]=600.0, y[0]=318.0, toolType[0]=TOOL_TYPE_UNKNOWN, buttonState=0, metaState=0, flags=0x0, edgeFlags=0x0, pointerCount=1, historySize=0, eventTime=711000, downTime=711000, deviceId=0, source=0x1002 }
I/Input   (13934): injectMotionEvent: MotionEvent { action=ACTION_MOVE, id[0]=0, x[0]=600.0, y[0]=318.0, toolType[0]=TOOL_TYPE_UNKNOWN, buttonState=0, metaState=0, flags=0x0, edgeFlags=0x0, pointerCount=1, historySize=0, eventTime=711019, downTime=711019, deviceId=0, source=0x1002 }
I/Input   (13934): injectMotionEvent: MotionEvent { action=ACTION_MOVE, id[0]=0, x[0]=600.0, y[0]=318.0, toolType[0]=TOOL_TYPE_UNKNOWN, buttonState=0, metaState=0, flags=0x0, edgeFlags=0x0, pointerCount=1, historySize=0, eventTime=711040, downTime=711040, deviceId=0, source=0x1002 }
I/Input   (13934): injectMotionEvent: MotionEvent { action=ACTION_MOVE, id[0]=0, x[0]=600.0, y[0]=318.0, toolType[0]=TOOL_TYPE_UNKNOWN, buttonState=0, metaState=0, flags=0x0, edgeFlags=0x0, pointerCount=1, historySize=0, eventTime=711051, downTime=711051, deviceId=0, source=0x1002 }
I/Input   (13934): injectMotionEvent: MotionEvent { action=ACTION_MOVE, id[0]=0, x[0]=600.0, y[0]=318.0, toolType[0]=TOOL_TYPE_UNKNOWN, buttonState=0, metaState=0, flags=0x0, edgeFlags=0x0, pointerCount=1, historySize=0, eventTime=711067, downTime=711067, deviceId=0, source=0x1002 }
I/Input   (13934): injectMotionEvent: MotionEvent { action=ACTION_MOVE, id[0]=0, x[0]=600.0, y[0]=318.0, toolType[0]=TOOL_TYPE_UNKNOWN, buttonState=0, metaState=0, flags=0x0, edgeFlags=0x0, pointerCount=1, historySize=0, eventTime=711084, downTime=711084, deviceId=0, source=0x1002 }
I/Input   (13934): injectMotionEvent: MotionEvent { action=ACTION_MOVE, id[0]=0, x[0]=600.0, y[0]=318.0, toolType[0]=TOOL_TYPE_UNKNOWN, buttonState=0, metaState=0, flags=0x0, edgeFlags=0x0, pointerCount=1, historySize=0, eventTime=711100, downTime=711100, deviceId=0, source=0x1002 }
I/Input   (13934): injectMotionEvent: MotionEvent { action=ACTION_MOVE, id[0]=0, x[0]=600.0, y[0]=318.0, toolType[0]=TOOL_TYPE_UNKNOWN, buttonState=0, metaState=0, flags=0x0, edgeFlags=0x0, pointerCount=1, historySize=0, eventTime=711118, downTime=711118, deviceId=0, source=0x1002 }
I/Input   (13934): injectMotionEvent: MotionEvent { action=ACTION_MOVE, id[0]=0, x[0]=600.0, y[0]=318.0, toolType[0]=TOOL_TYPE_UNKNOWN, buttonState=0, metaState=0, flags=0x0, edgeFlags=0x0, pointerCount=1, historySize=0, eventTime=711138, downTime=711138, deviceId=0, source=0x1002 }
I/Input   (13934): injectMotionEvent: MotionEvent { action=ACTION_MOVE, id[0]=0, x[0]=600.0, y[0]=318.0, toolType[0]=TOOL_TYPE_UNKNOWN, buttonState=0, metaState=0, flags=0x0, edgeFlags=0x0, pointerCount=1, historySize=0, eventTime=711150, downTime=711150, deviceId=0, source=0x1002 }
I/Input   (13934): injectMotionEvent: MotionEvent { action=ACTION_MOVE, id[0]=0, x[0]=600.0, y[0]=318.0, toolType[0]=TOOL_TYPE_UNKNOWN, buttonState=0, metaState=0, flags=0x0, edgeFlags=0x0, pointerCount=1, historySize=0, eventTime=711167, downTime=711167, deviceId=0, source=0x1002 }
I/Input   (13934): injectMotionEvent: MotionEvent { action=ACTION_MOVE, id[0]=0, x[0]=600.0, y[0]=318.0, toolType[0]=TOOL_TYPE_UNKNOWN, buttonState=0, metaState=0, flags=0x0, edgeFlags=0x0, pointerCount=1, historySize=0, eventTime=711184, downTime=711184, deviceId=0, source=0x1002 }
I/Input   (13934): injectMotionEvent: MotionEvent { action=ACTION_MOVE, id[0]=0, x[0]=600.0, y[0]=318.0, toolType[0]=TOOL_TYPE_UNKNOWN, buttonState=0, metaState=0, flags=0x0, edgeFlags=0x0, pointerCount=1, historySize=0, eventTime=711200, downTime=711200, deviceId=0, source=0x1002 }
I/Input   (13934): injectMotionEvent: MotionEvent { action=ACTION_MOVE, id[0]=0, x[0]=600.0, y[0]=318.0, toolType[0]=TOOL_TYPE_UNKNOWN, buttonState=0, metaState=0, flags=0x0, edgeFlags=0x0, pointerCount=1, historySize=0, eventTime=711218, downTime=711218, deviceId=0, source=0x1002 }
I/Input   (13934): injectMotionEvent: MotionEvent { action=ACTION_MOVE, id[0]=0, x[0]=600.0, y[0]=318.0, toolType[0]=TOOL_TYPE_UNKNOWN, buttonState=0, metaState=0, flags=0x0, edgeFlags=0x0, pointerCount=1, historySize=0, eventTime=711256, downTime=711256, deviceId=0, source=0x1002 }
I/Input   (13934): injectMotionEvent: MotionEvent { action=ACTION_MOVE, id[0]=0, x[0]=600.0, y[0]=318.0, toolType[0]=TOOL_TYPE_UNKNOWN, buttonState=0, metaState=0, flags=0x0, edgeFlags=0x0, pointerCount=1, historySize=0, eventTime=711267, downTime=711267, deviceId=0, source=0x1002 }
I/Input   (13934): injectMotionEvent: MotionEvent { action=ACTION_MOVE, id[0]=0, x[0]=600.0, y[0]=318.0, toolType[0]=TOOL_TYPE_UNKNOWN, buttonState=0, metaState=0, flags=0x0, edgeFlags=0x0, pointerCount=1, historySize=0, eventTime=711280, downTime=711280, deviceId=0, source=0x1002 }
I/Input   (13934): injectMotionEvent: MotionEvent { action=ACTION_MOVE, id[0]=0, x[0]=600.0, y[0]=318.0, toolType[0]=TOOL_TYPE_UNKNOWN, buttonState=0, metaState=0, flags=0x0, edgeFlags=0x0, pointerCount=1, historySize=0, eventTime=711298, downTime=711298, deviceId=0, source=0x1002 }
I/Input   (13934): injectMotionEvent: MotionEvent { action=ACTION_MOVE, id[0]=0, x[0]=600.0, y[0]=318.0, toolType[0]=TOOL_TYPE_UNKNOWN, buttonState=0, metaState=0, flags=0x0, edgeFlags=0x0, pointerCount=1, historySize=0, eventTime=711315, downTime=711315, deviceId=0, source=0x1002 }
I/Input   (13934): injectMotionEvent: MotionEvent { action=ACTION_MOVE, id[0]=0, x[0]=600.0, y[0]=318.0, toolType[0]=TOOL_TYPE_UNKNOWN, buttonState=0, metaState=0, flags=0x0, edgeFlags=0x0, pointerCount=1, historySize=0, eventTime=711331, downTime=711331, deviceId=0, source=0x1002 }
I/Input   (13934): injectMotionEvent: MotionEvent { action=ACTION_MOVE, id[0]=0, x[0]=600.0, y[0]=318.0, toolType[0]=TOOL_TYPE_UNKNOWN, buttonState=0, metaState=0, flags=0x0, edgeFlags=0x0, pointerCount=1, historySize=0, eventTime=711348, downTime=711348, deviceId=0, source=0x1002 }
I/Input   (13934): injectMotionEvent: MotionEvent { action=ACTION_MOVE, id[0]=0, x[0]=600.0, y[0]=318.0, toolType[0]=TOOL_TYPE_UNKNOWN, buttonState=0, metaState=0, flags=0x0, edgeFlags=0x0, pointerCount=1, historySize=0, eventTime=711366, downTime=711366, deviceId=0, source=0x1002 }
I/Input   (13934): injectMotionEvent: MotionEvent { action=ACTION_MOVE, id[0]=0, x[0]=600.0, y[0]=318.0, toolType[0]=TOOL_TYPE_UNKNOWN, buttonState=0, metaState=0, flags=0x0, edgeFlags=0x0, pointerCount=1, historySize=0, eventTime=711382, downTime=711382, deviceId=0, source=0x1002 }
I/Input   (13934): injectMotionEvent: MotionEvent { action=ACTION_MOVE, id[0]=0, x[0]=600.0, y[0]=318.0, toolType[0]=TOOL_TYPE_UNKNOWN, buttonState=0, metaState=0, flags=0x0, edgeFlags=0x0, pointerCount=1, historySize=0, eventTime=711400, downTime=711400, deviceId=0, source=0x1002 }
I/Input   (13934): injectMotionEvent: MotionEvent { action=ACTION_MOVE, id[0]=0, x[0]=600.0, y[0]=318.0, toolType[0]=TOOL_TYPE_UNKNOWN, buttonState=0, metaState=0, flags=0x0, edgeFlags=0x0, pointerCount=1, historySize=0, eventTime=711416, downTime=711416, deviceId=0, source=0x1002 }
I/Input   (13934): injectMotionEvent: MotionEvent { action=ACTION_MOVE, id[0]=0, x[0]=600.0, y[0]=318.0, toolType[0]=TOOL_TYPE_UNKNOWN, buttonState=0, metaState=0, flags=0x0, edgeFlags=0x0, pointerCount=1, historySize=0, eventTime=711433, downTime=711433, deviceId=0, source=0x1002 }
I/Input   (13934): injectMotionEvent: MotionEvent { action=ACTION_MOVE, id[0]=0, x[0]=600.0, y[0]=318.0, toolType[0]=TOOL_TYPE_UNKNOWN, buttonState=0, metaState=0, flags=0x0, edgeFlags=0x0, pointerCount=1, historySize=0, eventTime=711449, downTime=711449, deviceId=0, source=0x1002 }
I/Input   (13934): injectMotionEvent: MotionEvent { action=ACTION_MOVE, id[0]=0, x[0]=600.0, y[0]=318.0, toolType[0]=TOOL_TYPE_UNKNOWN, buttonState=0, metaState=0, flags=0x0, edgeFlags=0x0, pointerCount=1, historySize=0, eventTime=711467, downTime=711467, deviceId=0, source=0x1002 }
I/Input   (13934): injectMotionEvent: MotionEvent { action=ACTION_MOVE, id[0]=0, x[0]=600.0, y[0]=318.0, toolType[0]=TOOL_TYPE_UNKNOWN, buttonState=0, metaState=0, flags=0x0, edgeFlags=0x0, pointerCount=1, historySize=0, eventTime=711484, downTime=711484, deviceId=0, source=0x1002 }
I/Input   (13934): injectMotionEvent: MotionEvent { action=ACTION_UP, id[0]=0, x[0]=600.0, y[0]=318.0, toolType[0]=TOOL_TYPE_UNKNOWN, buttonState=0, metaState=0, flags=0x0, edgeFlags=0x0, pointerCount=1, historySize=0, eventTime=711501, downTime=711501, deviceId=0, source=0x1002 }
D/AndroidRuntime(13934): Shutting down VM
D/AndroidRuntime(14274): >>>>>> START com.android.internal.os.RuntimeInit uid 0 <<<<<<
D/AndroidRuntime(14274): CheckJNI is OFF
E/memtrack(14274): Couldn't load memtrack module (No such file or directory)
E/android.os.Debug(14274): failed to load memtrack module: -2
D/AndroidRuntime(14274): Calling main entry com.android.commands.uiautomator.Launcher
I/AccessibilityNodeInfoDumper(14274): Skipping invisible child: android.view.accessibility.AccessibilityNodeInfo@80017ac9; boundsInParent: Rect(0, 0 - 0, 112); boundsInScreen: Rect(1200, 50 - 1200, 162); packageName: uk.co.yahoo.p1rpp.calendartrigger; className: android.widget.LinearLayout; text: null; error: null; maxTextLength: -1; contentDescription: null; viewIdResName: null; checkable: false; checked: false; focusable: false; focused: false; selected: false; clickable: false; longClickable: false; enabled: true; password: false; scrollable: false; actions: [AccessibilityAction: ACTION_SELECT - null, AccessibilityAction: ACTION_CLEAR_SELECTION - null, AccessibilityAction: ACTION_ACCESSIBILITY_FOCUS - null]
W/AccessibilityNodeInfoDumper(14274): Fetch time: 16ms
W/WindowManager(  536): Attempted to remove non-existing token: android.os.Binder@e780141
D/AndroidRuntime(14274): Shutting down VM
D/AndroidRuntime(14302): >>>>>> START com.android.internal.os.RuntimeInit uid 0 <<<<<<
D/AndroidRuntime(14302): CheckJNI is OFF
E/memtrack(14302): Couldn't load memtrack module (No such file or directory)
E/android.os.Debug(14302): failed to load memtrack module: -2
D/AndroidRuntime(14302): Calling main entry com.android.commands.uiautomator.Launcher
I/AccessibilityNodeInfoDumper(14302): Skipping invisible child: android.view.accessibility.AccessibilityNodeInfo@80017ad1; boundsInParent: Rect(0, 0 - 0, 112); boundsInScreen: Rect(1200, 50 - 1200, 162); packageName: uk.co.yahoo.p1rpp.calendartrigger; className: android.widget.LinearLayout; text: null; error: null; maxTextLength: -1; contentDescription: null; viewIdResName: null; checkable: false; checked: false; focusable: false; focused: false; selected: false; clickable: false; longClickable: false; enabled: true; password: false; scrollable: false; actions: [AccessibilityAction: ACTION_SELECT - null, AccessibilityAction: ACTION_CLEAR_SELECTION - null, AccessibilityAction: ACTION_ACCESSIBILITY_FOCUS - null]
W/AccessibilityNodeInfoDumper(14302): Fetch time: 15ms
W/WindowManager(  536): Attempted to remove non-existing token: android.os.Binder@32c086e6
D/AndroidRuntime(14302): Shutting down VM
D/AndroidRuntime(14325): >>>>>> START com.android.internal.os.RuntimeInit uid 0 <<<<<<
D/AndroidRuntime(14325): CheckJNI is OFF
E/memtrack(14325): Couldn't load memtrack module (No such file or directory)
E/android.os.Debug(14325): failed to load memtrack module: -2
D/AndroidRuntime(14325): Calling main entry com.android.commands.uiautomator.Launcher
I/AccessibilityNodeInfoDumper(14325): Skipping invisible child: android.view.accessibility.AccessibilityNodeInfo@80017ada; boundsInParent: Rect(0, 0 - 0, 112); boundsInScreen: Rect(1200, 50 - 1200, 162); packageName: uk.co.yahoo.p1rpp.calendartrigger; className: android.widget.LinearLayout; text: null; error: null; maxTextLength: -1; contentDescription: null; viewIdResName: null; checkable: false; checked: false; focusable: false; focused: false; selected: false; clickable: false; longClickable: false; enabled: true; password: false; scrollable: false; actions: [AccessibilityAction: ACTION_SELECT - null, AccessibilityAction: ACTION_CLEAR_SELECTION - null, AccessibilityAction: ACTION_ACCESSIBILITY_FOCUS - null]
W/AccessibilityNodeInfoDumper(14325): Fetch time: 17ms
W/WindowManager(  536): Attempted to remove non-existing token: android.os.Binder@f7b427
D/AndroidRuntime(14325): Shutting down VM
D/AndroidRuntime(14353): >>>>>> START com.android.internal.os.RuntimeInit uid 0 <<<<<<
D/AndroidRuntime(14353): CheckJNI is OFF
E/memtrack(14353): Couldn't load memtrack module (No such file or directory)
E/android.os.Debug(14353): failed to load memtrack module: -2
D/AndroidRuntime(14353): Calling main entry com.android.commands.uiautomator.Launcher
I/AccessibilityNodeInfoDumper(14353): Skipping invisible child: android.view.accessibility.AccessibilityNodeInfo@80017ae3; boundsInParent: Rect(0, 0 - 0, 112); boundsInScreen: Rect(1200, 50 - 1200, 162); packageName: uk.co.yahoo.p1rpp.calendartrigger; className: android.widget.LinearLayout; text: null; error: null; maxTextLength: -1; contentDescription: null; viewIdResName: null; checkable: false; checked: false; focusable: false; focused: false; selected: false; clickable: false; longClickable: false; enabled: true; password: false; scrollable: false; actions: [AccessibilityAction: ACTION_SELECT - null, AccessibilityAction: ACTION_CLEAR_SELECTION - null, AccessibilityAction: ACTION_ACCESSIBILITY_FOCUS - null]
W/AccessibilityNodeInfoDumper(14353): Fetch time: 15ms
W/WindowManager(  536): Attempted to remove non-existing token: android.os.Binder@1f85c6d4
D/AndroidRuntime(14353): Shutting down VM
D/AndroidRuntime(14386): >>>>>> START com.android.internal.os.RuntimeInit uid 0 <<<<<<
D/AndroidRuntime(14386): CheckJNI is OFF
E/memtrack(14386): Couldn't load memtrack module (No such file or directory)
E/android.os.Debug(14386): failed to load memtrack module: -2
D/AndroidRuntime(14386): Calling main entry com.android.commands.uiautomator.Launcher
I/art     (  536): Explicit concurrent mark sweep GC freed 44172(2MB) AllocSpace objects, 33(528KB) LOS objects, 33% free, 7MB/10MB, paused 778us total 18.633ms
I/AccessibilityNodeInfoDumper(14386): Skipping invisible child: android.view.accessibility.AccessibilityNodeInfo@80017aeb; boundsInParent: Rect(0, 0 - 0, 112); boundsInScreen: Rect(1200, 50 - 1200, 162); packageName: uk.co.yahoo.p1rpp.calendartrigger; className: android.widget.LinearLayout; text: null; error: null; maxTextLength: -1; contentDescription: null; viewIdResName: null; checkable: false; checked: false; focusable: false; focused: false; selected: false; clickable: false; longClickable: false; enabled: true; password: false; scrollable: false; actions: [AccessibilityAction: ACTION_SELECT - null, AccessibilityAction: ACTION_CLEAR_SELECTION - null, AccessibilityAction: ACTION_ACCESSIBILITY_FOCUS - null]
W/AccessibilityNodeInfoDumper(14386): Fetch time: 17ms
W/WindowManager(  536): Attempted to remove non-existing token: android.os.Binder@a82707d
D/AndroidRuntime(14386): Shutting down VM
D/AndroidRuntime(14417): >>>>>> START com.android.internal.os.RuntimeInit uid 0 <<<<<<
D/AndroidRuntime(14417): CheckJNI is OFF
E/memtrack(14417): Couldn't load memtrack module (No such file or directory)
E/android.os.Debug(14417): failed to load memtrack module: -2
D/AndroidRuntime(14417): Calling main entry com.android.commands.uiautomator.Launcher
I/AccessibilityNodeInfoDumper(14417): Skipping invisible child: android.view.accessibility.AccessibilityNodeInfo@80017af4; boundsInParent: Rect(0, 0 - 0, 112); boundsInScreen: Rect(1200, 50 - 1200, 162); packageName: uk.co.yahoo.p1rpp.calendartrigger; className: android.widget.LinearLayout; text: null; error: null; maxTextLength: -1; contentDescription: null; viewIdResName: null; checkable: false; checked: false; focusable: false; focused: false; selected: false; clickable: false; longClickable: false; enabled: true; password: false; scrollable: false; actions: [AccessibilityAction: ACTION_SELECT - null, AccessibilityAction: ACTION_CLEAR_SELECTION - null, AccessibilityAction: ACTION_ACCESSIBILITY_FOCUS - null]
W/AccessibilityNodeInfoDumper(14417): Fetch time: 22ms
W/WindowManager(  536): Attempted to remove non-existing token: android.os.Binder@4216bc3
D/AndroidRuntime(14417): Shutting down VM
D/AndroidRuntime(14440): >>>>>> START com.android.internal.os.RuntimeInit uid 0 <<<<<<
D/AndroidRuntime(14440): CheckJNI is OFF
E/memtrack(14440): Couldn't load memtrack module (No such file or directory)
E/android.os.Debug(14440): failed to load memtrack module: -2
D/AndroidRuntime(14440): Calling main entry com.android.commands.uiautomator.Launcher
