I/Input   ( 4158): injectKeyEvent: KeyEvent { action=ACTION_UP, keyCode=KEYCODE_DEL, scanCode=0, metaState=0, flags=0x0, repeatCount=0, eventTime=306527, downTime=306527, deviceId=-1, source=0x101 }
I/Input   ( 4158): injectKeyEvent: KeyEvent { action=ACTION_DOWN, keyCode=KEYCODE_DEL, scanCode=0, metaState=0, flags=0x0, repeatCount=0, eventTime=306534, downTime=306534, deviceId=-1, source=0x101 }
I/Input   ( 4158): injectKeyEvent: KeyEvent { action=ACTION_UP, keyCode=KEYCODE_DEL, scanCode=0, metaState=0, flags=0x0, repeatCount=0, eventTime=306534, downTime=306534, deviceId=-1, source=0x101 }
I/Input   ( 4158): injectKeyEvent: KeyEvent { action=ACTION_DOWN, keyCode=KEYCODE_DEL, scanCode=0, metaState=0, flags=0x0, repeatCount=0, eventTime=306545, downTime=306545, deviceId=-1, source=0x101 }
I/Input   ( 4158): injectKeyEvent: KeyEvent { action=ACTION_UP, keyCode=KEYCODE_DEL, scanCode=0, metaState=0, flags=0x0, repeatCount=0, eventTime=306545, downTime=306545, deviceId=-1, source=0x101 }
I/Input   ( 4158): injectKeyEvent: KeyEvent { action=ACTION_DOWN, keyCode=KEYCODE_DEL, scanCode=0, metaState=0, flags=0x0, repeatCount=0, eventTime=306546, downTime=306546, deviceId=-1, source=0x101 }
I/Input   ( 4158): injectKeyEvent: KeyEvent { action=ACTION_UP, keyCode=KEYCODE_DEL, scanCode=0, metaState=0, flags=0x0, repeatCount=0, eventTime=306546, downTime=306546, deviceId=-1, source=0x101 }
I/Input   ( 4158): injectKeyEvent: KeyEvent { action=ACTION_DOWN, keyCode=KEYCODE_DEL, scanCode=0, metaState=0, flags=0x0, repeatCount=0, eventTime=306550, downTime=306550, deviceId=-1, source=0x101 }
I/Input   ( 4158): injectKeyEvent: KeyEvent { action=ACTION_UP, keyCode=KEYCODE_DEL, scanCode=0, metaState=0, flags=0x0, repeatCount=0, eventTime=306550, downTime=306550, deviceId=-1, source=0x101 }
I/Input   ( 4158): injectKeyEvent: KeyEvent { action=ACTION_DOWN, keyCode=KEYCODE_DEL, scanCode=0, metaState=0, flags=0x0, repeatCount=0, eventTime=306553, downTime=306553, deviceId=-1, source=0x101 }
I/Input   ( 4158): injectKeyEvent: KeyEvent { action=ACTION_UP, keyCode=KEYCODE_DEL, scanCode=0, metaState=0, flags=0x0, repeatCount=0, eventTime=306553, downTime=306553, deviceId=-1, source=0x101 }
I/Input   ( 4158): injectKeyEvent: KeyEvent { action=ACTION_DOWN, keyCode=KEYCODE_DEL, scanCode=0, metaState=0, flags=0x0, repeatCount=0, eventTime=306558, downTime=306558, deviceId=-1, source=0x101 }
I/Input   ( 4158): injectKeyEvent: KeyEvent { action=ACTION_UP, keyCode=KEYCODE_DEL, scanCode=0, metaState=0, flags=0x0, repeatCount=0, eventTime=306558, downTime=306558, deviceId=-1, source=0x101 }
I/Input   ( 4158): injectKeyEvent: KeyEvent { action=ACTION_DOWN, keyCode=KEYCODE_DEL, scanCode=0, metaState=0, flags=0x0, repeatCount=0, eventTime=306561, downTime=306561, deviceId=-1, source=0x101 }
I/Input   ( 4158): injectKeyEvent: KeyEvent { action=ACTION_UP, keyCode=KEYCODE_DEL, scanCode=0, metaState=0, flags=0x0, repeatCount=0, eventTime=306561, downTime=306561, deviceId=-1, source=0x101 }
I/Input   ( 4158): injectKeyEvent: KeyEvent { action=ACTION_DOWN, keyCode=KEYCODE_DEL, scanCode=0, metaState=0, flags=0x0, repeatCount=0, eventTime=306564, downTime=306564, deviceId=-1, source=0x101 }
I/Input   ( 4158): injectKeyEvent: KeyEvent { action=ACTION_UP, keyCode=KEYCODE_DEL, scanCode=0, metaState=0, flags=0x0, repeatCount=0, eventTime=306564, downTime=306564, deviceId=-1, source=0x101 }
I/Input   ( 4158): injectKeyEvent: KeyEvent { action=ACTION_DOWN, keyCode=KEYCODE_DEL, scanCode=0, metaState=0, flags=0x0, repeatCount=0, eventTime=306566, downTime=306566, deviceId=-1, source=0x101 }
I/Input   ( 4158): injectKeyEvent: KeyEvent { action=ACTION_UP, keyCode=KEYCODE_DEL, scanCode=0, metaState=0, flags=0x0, repeatCount=0, eventTime=306566, downTime=306566, deviceId=-1, source=0x101 }
I/Input   ( 4158): injectKeyEvent: KeyEvent { action=ACTION_DOWN, keyCode=KEYCODE_DEL, scanCode=0, metaState=0, flags=0x0, repeatCount=0, eventTime=306569, downTime=306569, deviceId=-1, source=0x101 }
I/Input   ( 4158): injectKeyEvent: KeyEvent { action=ACTION_UP, keyCode=KEYCODE_DEL, scanCode=0, metaState=0, flags=0x0, repeatCount=0, eventTime=306569, downTime=306569, deviceId=-1, source=0x101 }
I/Input   ( 4158): injectKeyEvent: KeyEvent { action=ACTION_DOWN, keyCode=KEYCODE_DEL, scanCode=0, metaState=0, flags=0x0, repeatCount=0, eventTime=306577, downTime=306577, deviceId=-1, source=0x101 }
I/Input   ( 4158): injectKeyEvent: KeyEvent { action=ACTION_UP, keyCode=KEYCODE_DEL, scanCode=0, metaState=0, flags=0x0, repeatCount=0, eventTime=306577, downTime=306577, deviceId=-1, source=0x101 }
I/Input   ( 4158): injectKeyEvent: KeyEvent { action=ACTION_DOWN, keyCode=KEYCODE_DEL, scanCode=0, metaState=0, flags=0x0, repeatCount=0, eventTime=306580, downTime=306580, deviceId=-1, source=0x101 }
I/Input   ( 4158): injectKeyEvent: KeyEvent { action=ACTION_UP, keyCode=KEYCODE_DEL, scanCode=0, metaState=0, flags=0x0, repeatCount=0, eventTime=306580, downTime=306580, deviceId=-1, source=0x101 }
I/Input   ( 4158): injectKeyEvent: KeyEvent { action=ACTION_DOWN, keyCode=KEYCODE_DEL, scanCode=0, metaState=0, flags=0x0, repeatCount=0, eventTime=306583, downTime=306583, deviceId=-1, source=0x101 }
I/Input   ( 4158): injectKeyEvent: KeyEvent { action=ACTION_UP, keyCode=KEYCODE_DEL, scanCode=0, metaState=0, flags=0x0, repeatCount=0, eventTime=306583, downTime=306583, deviceId=-1, source=0x101 }
I/Input   ( 4158): injectKeyEvent: KeyEvent { action=ACTION_DOWN, keyCode=KEYCODE_DEL, scanCode=0, metaState=0, flags=0x0, repeatCount=0, eventTime=306591, downTime=306591, deviceId=-1, source=0x101 }
I/Input   ( 4158): injectKeyEvent: KeyEvent { action=ACTION_UP, keyCode=KEYCODE_DEL, scanCode=0, metaState=0, flags=0x0, repeatCount=0, eventTime=306591, downTime=306591, deviceId=-1, source=0x101 }
I/Input   ( 4158): injectKeyEvent: KeyEvent { action=ACTION_DOWN, keyCode=KEYCODE_DEL, scanCode=0, metaState=0, flags=0x0, repeatCount=0, eventTime=306596, downTime=306596, deviceId=-1, source=0x101 }
I/Input   ( 4158): injectKeyEvent: KeyEvent { action=ACTION_UP, keyCode=KEYCODE_DEL, scanCode=0, metaState=0, flags=0x0, repeatCount=0, eventTime=306596, downTime=306596, deviceId=-1, source=0x101 }
I/Input   ( 4158): injectKeyEvent: KeyEvent { action=ACTION_DOWN, keyCode=KEYCODE_DEL, scanCode=0, metaState=0, flags=0x0, repeatCount=0, eventTime=306598, downTime=306598, deviceId=-1, source=0x101 }
I/Input   ( 4158): injectKeyEvent: KeyEvent { action=ACTION_UP, keyCode=KEYCODE_DEL, scanCode=0, metaState=0, flags=0x0, repeatCount=0, eventTime=306598, downTime=306598, deviceId=-1, source=0x101 }
I/Input   ( 4158): injectKeyEvent: KeyEvent { action=ACTION_DOWN, keyCode=KEYCODE_DEL, scanCode=0, metaState=0, flags=0x0, repeatCount=0, eventTime=306613, downTime=306613, deviceId=-1, source=0x101 }
I/Input   ( 4158): injectKeyEvent: KeyEvent { action=ACTION_UP, keyCode=KEYCODE_DEL, scanCode=0, metaState=0, flags=0x0, repeatCount=0, eventTime=306613, downTime=306613, deviceId=-1, source=0x101 }
I/Input   ( 4158): injectKeyEvent: KeyEvent { action=ACTION_DOWN, keyCode=KEYCODE_DEL, scanCode=0, metaState=0, flags=0x0, repeatCount=0, eventTime=306633, downTime=306633, deviceId=-1, source=0x101 }
I/Input   ( 4158): injectKeyEvent: KeyEvent { action=ACTION_UP, keyCode=KEYCODE_DEL, scanCode=0, metaState=0, flags=0x0, repeatCount=0, eventTime=306633, downTime=306633, deviceId=-1, source=0x101 }
I/Input   ( 4158): injectKeyEvent: KeyEvent { action=ACTION_DOWN, keyCode=KEYCODE_DEL, scanCode=0, metaState=0, flags=0x0, repeatCount=0, eventTime=306636, downTime=306636, deviceId=-1, source=0x101 }
I/Input   ( 4158): injectKeyEvent: KeyEvent { action=ACTION_UP, keyCode=KEYCODE_DEL, scanCode=0, metaState=0, flags=0x0, repeatCount=0, eventTime=306636, downTime=306636, deviceId=-1, source=0x101 }
D/AndroidRuntime( 4158): Shutting down VM
D/AndroidRuntime( 4172): >>>>>> START com.android.internal.os.RuntimeInit uid 0 <<<<<<
D/AndroidRuntime( 4172): CheckJNI is OFF
E/memtrack( 4172): Couldn't load memtrack module (No such file or directory)
E/android.os.Debug( 4172): failed to load memtrack module: -2
D/AndroidRuntime( 4172): Calling main entry com.android.commands.input.Input
I/Input   ( 4172): injectKeyEvent: KeyEvent { action=ACTION_DOWN, keyCode=KEYCODE_SHIFT_LEFT, scanCode=0, metaState=META_SHIFT_ON|META_SHIFT_LEFT_ON, flags=0x0, repeatCount=0, eventTime=306975, downTime=306975, deviceId=-1, source=0x101 }
I/Input   ( 4172): injectKeyEvent: KeyEvent { action=ACTION_DOWN, keyCode=KEYCODE_T, scanCode=0, metaState=META_SHIFT_ON|META_SHIFT_LEFT_ON, flags=0x0, repeatCount=0, eventTime=306975, downTime=306975, deviceId=-1, source=0x101 }
D/leak-57 ( 2353): Eastern Standard Time
D/leak-56 ( 2353): Eastern Standard Time
D/leak-58 ( 2353): Eastern Standard Time
D/leak-804( 2353): Eastern Standard Time
D/leak-801( 2353): Eastern Standard Time
D/leak-777( 2353): Eastern Standard Time
D/leak-60 ( 2353): Eastern Standard Time
I/Input   ( 4172): injectKeyEvent: KeyEvent { action=ACTION_UP, keyCode=KEYCODE_T, scanCode=0, metaState=META_SHIFT_ON|META_SHIFT_LEFT_ON, flags=0x0, repeatCount=0, eventTime=306975, downTime=306975, deviceId=-1, source=0x101 }
I/art     ( 1013): Background sticky concurrent mark sweep GC freed 2064(211KB) AllocSpace objects, 2(32KB) LOS objects, 23% free, 2MB/3MB, paused 24.051ms total 47.093ms
I/Input   ( 4172): injectKeyEvent: KeyEvent { action=ACTION_UP, keyCode=KEYCODE_SHIFT_LEFT, scanCode=0, metaState=0, flags=0x0, repeatCount=0, eventTime=306975, downTime=306975, deviceId=-1, source=0x101 }
I/Input   ( 4172): injectKeyEvent: KeyEvent { action=ACTION_DOWN, keyCode=KEYCODE_E, scanCode=0, metaState=0, flags=0x0, repeatCount=0, eventTime=306975, downTime=306975, deviceId=-1, source=0x101 }
D/leak-57 ( 2353): Eastern Standard Time
D/leak-56 ( 2353): Eastern Standard Time
D/leak-58 ( 2353): Eastern Standard Time
D/leak-804( 2353): Eastern Standard Time
D/leak-801( 2353): Eastern Standard Time
D/leak-777( 2353): Eastern Standard Time
D/leak-60 ( 2353): Eastern Standard Time
I/Input   ( 4172): injectKeyEvent: KeyEvent { action=ACTION_UP, keyCode=KEYCODE_E, scanCode=0, metaState=0, flags=0x0, repeatCount=0, eventTime=306975, downTime=306975, deviceId=-1, source=0x101 }
I/Input   ( 4172): injectKeyEvent: KeyEvent { action=ACTION_DOWN, keyCode=KEYCODE_S, scanCode=0, metaState=0, flags=0x0, repeatCount=0, eventTime=306975, downTime=306975, deviceId=-1, source=0x101 }
D/leak-57 ( 2353): Eastern Standard Time
D/leak-56 ( 2353): Eastern Standard Time
D/leak-58 ( 2353): Eastern Standard Time
D/leak-804( 2353): Eastern Standard Time
D/leak-801( 2353): Eastern Standard Time
D/leak-777( 2353): Eastern Standard Time
D/leak-60 ( 2353): Eastern Standard Time
I/Input   ( 4172): injectKeyEvent: KeyEvent { action=ACTION_UP, keyCode=KEYCODE_S, scanCode=0, metaState=0, flags=0x0, repeatCount=0, eventTime=306975, downTime=306975, deviceId=-1, source=0x101 }
I/Input   ( 4172): injectKeyEvent: KeyEvent { action=ACTION_DOWN, keyCode=KEYCODE_T, scanCode=0, metaState=0, flags=0x0, repeatCount=0, eventTime=306975, downTime=306975, deviceId=-1, source=0x101 }
D/leak-57 ( 2353): Eastern Standard Time
D/leak-56 ( 2353): Eastern Standard Time
D/leak-58 ( 2353): Eastern Standard Time
D/leak-804( 2353): Eastern Standard Time
D/leak-801( 2353): Eastern Standard Time
D/leak-777( 2353): Eastern Standard Time
D/leak-60 ( 2353): Eastern Standard Time
I/Input   ( 4172): injectKeyEvent: KeyEvent { action=ACTION_UP, keyCode=KEYCODE_T, scanCode=0, metaState=0, flags=0x0, repeatCount=0, eventTime=306975, downTime=306975, deviceId=-1, source=0x101 }
I/Input   ( 4172): injectKeyEvent: KeyEvent { action=ACTION_DOWN, keyCode=KEYCODE_SHIFT_LEFT, scanCode=0, metaState=META_SHIFT_ON|META_SHIFT_LEFT_ON, flags=0x0, repeatCount=0, eventTime=306975, downTime=306975, deviceId=-1, source=0x101 }
I/Input   ( 4172): injectKeyEvent: KeyEvent { action=ACTION_DOWN, keyCode=KEYCODE_T, scanCode=0, metaState=META_SHIFT_ON|META_SHIFT_LEFT_ON, flags=0x0, repeatCount=0, eventTime=306975, downTime=306975, deviceId=-1, source=0x101 }
D/leak-57 ( 2353): Eastern Standard Time
D/leak-56 ( 2353): Eastern Standard Time
D/leak-58 ( 2353): Eastern Standard Time
D/leak-804( 2353): Eastern Standard Time
D/leak-801( 2353): Eastern Standard Time
D/leak-777( 2353): Eastern Standard Time
D/leak-60 ( 2353): Eastern Standard Time
I/Input   ( 4172): injectKeyEvent: KeyEvent { action=ACTION_UP, keyCode=KEYCODE_T, scanCode=0, metaState=META_SHIFT_ON|META_SHIFT_LEFT_ON, flags=0x0, repeatCount=0, eventTime=306975, downTime=306975, deviceId=-1, source=0x101 }
I/Input   ( 4172): injectKeyEvent: KeyEvent { action=ACTION_UP, keyCode=KEYCODE_SHIFT_LEFT, scanCode=0, metaState=0, flags=0x0, repeatCount=0, eventTime=306975, downTime=306975, deviceId=-1, source=0x101 }
I/Input   ( 4172): injectKeyEvent: KeyEvent { action=ACTION_DOWN, keyCode=KEYCODE_E, scanCode=0, metaState=0, flags=0x0, repeatCount=0, eventTime=306975, downTime=306975, deviceId=-1, source=0x101 }
D/leak-57 ( 2353): Eastern Standard Time
D/leak-56 ( 2353): Eastern Standard Time
D/leak-58 ( 2353): Eastern Standard Time
D/leak-804( 2353): Eastern Standard Time
D/leak-801( 2353): Eastern Standard Time
D/leak-777( 2353): Eastern Standard Time
D/leak-60 ( 2353): Eastern Standard Time
I/Input   ( 4172): injectKeyEvent: KeyEvent { action=ACTION_UP, keyCode=KEYCODE_E, scanCode=0, metaState=0, flags=0x0, repeatCount=0, eventTime=306975, downTime=306975, deviceId=-1, source=0x101 }
I/Input   ( 4172): injectKeyEvent: KeyEvent { action=ACTION_DOWN, keyCode=KEYCODE_S, scanCode=0, metaState=0, flags=0x0, repeatCount=0, eventTime=306975, downTime=306975, deviceId=-1, source=0x101 }
D/leak-57 ( 2353): Eastern Standard Time
D/leak-56 ( 2353): Eastern Standard Time
D/leak-58 ( 2353): Eastern Standard Time
D/leak-804( 2353): Eastern Standard Time
D/leak-801( 2353): Eastern Standard Time
D/leak-777( 2353): Eastern Standard Time
D/leak-60 ( 2353): Eastern Standard Time
I/Input   ( 4172): injectKeyEvent: KeyEvent { action=ACTION_UP, keyCode=KEYCODE_S, scanCode=0, metaState=0, flags=0x0, repeatCount=0, eventTime=306975, downTime=306975, deviceId=-1, source=0x101 }
I/Input   ( 4172): injectKeyEvent: KeyEvent { action=ACTION_DOWN, keyCode=KEYCODE_T, scanCode=0, metaState=0, flags=0x0, repeatCount=0, eventTime=306975, downTime=306975, deviceId=-1, source=0x101 }
D/leak-57 ( 2353): Eastern Standard Time
D/leak-56 ( 2353): Eastern Standard Time
D/leak-58 ( 2353): Eastern Standard Time
D/leak-804( 2353): Eastern Standard Time
D/leak-801( 2353): Eastern Standard Time
D/leak-777( 2353): Eastern Standard Time
D/leak-60 ( 2353): Eastern Standard Time
I/Input   ( 4172): injectKeyEvent: KeyEvent { action=ACTION_UP, keyCode=KEYCODE_T, scanCode=0, metaState=0, flags=0x0, repeatCount=0, eventTime=306975, downTime=306975, deviceId=-1, source=0x101 }
I/Input   ( 4172): injectKeyEvent: KeyEvent { action=ACTION_DOWN, keyCode=KEYCODE_SPACE, scanCode=0, metaState=0, flags=0x0, repeatCount=0, eventTime=306975, downTime=306975, deviceId=-1, source=0x101 }
D/leak-57 ( 2353): Eastern Standard Time
D/leak-56 ( 2353): Eastern Standard Time
D/leak-58 ( 2353): Eastern Standard Time
D/leak-804( 2353): Eastern Standard Time
D/leak-801( 2353): Eastern Standard Time
D/leak-777( 2353): Eastern Standard Time
D/leak-60 ( 2353): Eastern Standard Time
I/Input   ( 4172): injectKeyEvent: KeyEvent { action=ACTION_UP, keyCode=KEYCODE_SPACE, scanCode=0, metaState=0, flags=0x0, repeatCount=0, eventTime=306975, downTime=306975, deviceId=-1, source=0x101 }
I/LatinIME:LogUtils( 1013): Dictionary info: dictionary = spellcheck_contacts.en_US ; version = 1564005224 ; date = ?
I/LatinIME:LogUtils( 1013): Dictionary info: dictionary = spellcheck_userunigram.en_US ; version = 1564005224 ; date = ?
I/Input   ( 4172): injectKeyEvent: KeyEvent { action=ACTION_DOWN, keyCode=KEYCODE_SHIFT_LEFT, scanCode=0, metaState=META_SHIFT_ON|META_SHIFT_LEFT_ON, flags=0x0, repeatCount=0, eventTime=306975, downTime=306975, deviceId=-1, source=0x101 }
I/LatinIME:LogUtils( 1013): Dictionary info: dictionary = main:en ; version = 47 ; date = 1402373178
I/Input   ( 4172): injectKeyEvent: KeyEvent { action=ACTION_DOWN, keyCode=KEYCODE_T, scanCode=0, metaState=META_SHIFT_ON|META_SHIFT_LEFT_ON, flags=0x0, repeatCount=0, eventTime=306975, downTime=306975, deviceId=-1, source=0x101 }
D/leak-57 ( 2353): Eastern Standard Time
D/leak-56 ( 2353): Eastern Standard Time
D/leak-58 ( 2353): Eastern Standard Time
D/leak-804( 2353): Eastern Standard Time
D/leak-801( 2353): Eastern Standard Time
D/leak-777( 2353): Eastern Standard Time
D/leak-60 ( 2353): Eastern Standard Time
I/art     (  536): Explicit concurrent mark sweep GC freed 39653(2MB) AllocSpace objects, 31(496KB) LOS objects, 33% free, 7MB/10MB, paused 861us total 41.349ms
I/Input   ( 4172): injectKeyEvent: KeyEvent { action=ACTION_UP, keyCode=KEYCODE_T, scanCode=0, metaState=META_SHIFT_ON|META_SHIFT_LEFT_ON, flags=0x0, repeatCount=0, eventTime=306975, downTime=306975, deviceId=-1, source=0x101 }
I/Input   ( 4172): injectKeyEvent: KeyEvent { action=ACTION_UP, keyCode=KEYCODE_SHIFT_LEFT, scanCode=0, metaState=0, flags=0x0, repeatCount=0, eventTime=306975, downTime=306975, deviceId=-1, source=0x101 }
I/Input   ( 4172): injectKeyEvent: KeyEvent { action=ACTION_DOWN, keyCode=KEYCODE_E, scanCode=0, metaState=0, flags=0x0, repeatCount=0, eventTime=306975, downTime=306975, deviceId=-1, source=0x101 }
D/leak-57 ( 2353): Eastern Standard Time
D/leak-56 ( 2353): Eastern Standard Time
D/leak-58 ( 2353): Eastern Standard Time
D/leak-804( 2353): Eastern Standard Time
D/leak-801( 2353): Eastern Standard Time
D/leak-777( 2353): Eastern Standard Time
D/leak-60 ( 2353): Eastern Standard Time
I/Input   ( 4172): injectKeyEvent: KeyEvent { action=ACTION_UP, keyCode=KEYCODE_E, scanCode=0, metaState=0, flags=0x0, repeatCount=0, eventTime=306975, downTime=306975, deviceId=-1, source=0x101 }
I/Input   ( 4172): injectKeyEvent: KeyEvent { action=ACTION_DOWN, keyCode=KEYCODE_S, scanCode=0, metaState=0, flags=0x0, repeatCount=0, eventTime=306975, downTime=306975, deviceId=-1, source=0x101 }
D/leak-57 ( 2353): Eastern Standard Time
D/leak-56 ( 2353): Eastern Standard Time
D/leak-58 ( 2353): Eastern Standard Time
D/leak-804( 2353): Eastern Standard Time
D/leak-801( 2353): Eastern Standard Time
D/leak-777( 2353): Eastern Standard Time
D/leak-60 ( 2353): Eastern Standard Time
I/Input   ( 4172): injectKeyEvent: KeyEvent { action=ACTION_UP, keyCode=KEYCODE_S, scanCode=0, metaState=0, flags=0x0, repeatCount=0, eventTime=306975, downTime=306975, deviceId=-1, source=0x101 }
I/Input   ( 4172): injectKeyEvent: KeyEvent { action=ACTION_DOWN, keyCode=KEYCODE_T, scanCode=0, metaState=0, flags=0x0, repeatCount=0, eventTime=306975, downTime=306975, deviceId=-1, source=0x101 }
D/leak-57 ( 2353): Eastern Standard Time
D/leak-56 ( 2353): Eastern Standard Time
D/leak-58 ( 2353): Eastern Standard Time
D/leak-804( 2353): Eastern Standard Time
D/leak-801( 2353): Eastern Standard Time
D/leak-777( 2353): Eastern Standard Time
D/leak-60 ( 2353): Eastern Standard Time
I/Input   ( 4172): injectKeyEvent: KeyEvent { action=ACTION_UP, keyCode=KEYCODE_T, scanCode=0, metaState=0, flags=0x0, repeatCount=0, eventTime=306975, downTime=306975, deviceId=-1, source=0x101 }
D/AndroidRuntime( 4172): Shutting down VM
D/AndroidRuntime( 4511): >>>>>> START com.android.internal.os.RuntimeInit uid 0 <<<<<<
D/AndroidRuntime( 4511): CheckJNI is OFF
E/memtrack( 4511): Couldn't load memtrack module (No such file or directory)
E/android.os.Debug( 4511): failed to load memtrack module: -2
D/AndroidRuntime( 4511): Calling main entry com.android.commands.uiautomator.Launcher
W/AccessibilityNodeInfoDumper( 4511): Fetch time: 2ms
W/WindowManager(  536): Attempted to remove non-existing token: android.os.Binder@3e214ba
D/AndroidRuntime( 4511): Shutting down VM
D/AndroidRuntime( 4539): >>>>>> START com.android.internal.os.RuntimeInit uid 0 <<<<<<
D/AndroidRuntime( 4539): CheckJNI is OFF
E/memtrack( 4539): Couldn't load memtrack module (No such file or directory)
E/android.os.Debug( 4539): failed to load memtrack module: -2
D/AndroidRuntime( 4539): Calling main entry com.android.commands.uiautomator.Launcher
W/AccessibilityNodeInfoDumper( 4539): Fetch time: 2ms
W/WindowManager(  536): Attempted to remove non-existing token: android.os.Binder@3dc27ac8
D/AndroidRuntime( 4539): Shutting down VM
D/AndroidRuntime( 4561): >>>>>> START com.android.internal.os.RuntimeInit uid 0 <<<<<<
D/AndroidRuntime( 4561): CheckJNI is OFF
E/memtrack( 4561): Couldn't load memtrack module (No such file or directory)
E/android.os.Debug( 4561): failed to load memtrack module: -2
D/AndroidRuntime( 4561): Calling main entry com.android.commands.uiautomator.Launcher
W/AccessibilityNodeInfoDumper( 4561): Fetch time: 2ms
W/WindowManager(  536): Attempted to remove non-existing token: android.os.Binder@be76761
D/AndroidRuntime( 4561): Shutting down VM
D/AndroidRuntime( 4592): >>>>>> START com.android.internal.os.RuntimeInit uid 0 <<<<<<
D/AndroidRuntime( 4592): CheckJNI is OFF
E/memtrack( 4592): Couldn't load memtrack module (No such file or directory)
E/android.os.Debug( 4592): failed to load memtrack module: -2
D/AndroidRuntime( 4592): Calling main entry com.android.commands.uiautomator.Launcher
W/AccessibilityNodeInfoDumper( 4592): Fetch time: 2ms
W/WindowManager(  536): Attempted to remove non-existing token: android.os.Binder@290cc286
D/AndroidRuntime( 4592): Shutting down VM
D/AndroidRuntime( 4614): >>>>>> START com.android.internal.os.RuntimeInit uid 0 <<<<<<
D/AndroidRuntime( 4614): CheckJNI is OFF
E/memtrack( 4614): Couldn't load memtrack module (No such file or directory)
E/android.os.Debug( 4614): failed to load memtrack module: -2
D/AndroidRuntime( 4614): Calling main entry com.android.commands.uiautomator.Launcher
W/AccessibilityNodeInfoDumper( 4614): Fetch time: 2ms
W/WindowManager(  536): Attempted to remove non-existing token: android.os.Binder@1757d747
D/AndroidRuntime( 4614): Shutting down VM
D/AndroidRuntime( 4632): >>>>>> START com.android.internal.os.RuntimeInit uid 0 <<<<<<
D/AndroidRuntime( 4632): CheckJNI is OFF
E/memtrack( 4632): Couldn't load memtrack module (No such file or directory)
E/android.os.Debug( 4632): failed to load memtrack module: -2
D/AndroidRuntime( 4632): Calling main entry com.android.commands.input.Input
I/Input   ( 4632): injectMotionEvent: MotionEvent { action=ACTION_DOWN, id[0]=0, x[0]=520.0, y[0]=1042.0, toolType[0]=TOOL_TYPE_UNKNOWN, buttonState=0, metaState=0, flags=0x0, edgeFlags=0x0, pointerCount=1, historySize=0, eventTime=318395, downTime=318395, deviceId=0, source=0x1002 }
I/Input   ( 4632): injectMotionEvent: MotionEvent { action=ACTION_UP, id[0]=0, x[0]=520.0, y[0]=1042.0, toolType[0]=TOOL_TYPE_UNKNOWN, buttonState=0, metaState=0, flags=0x0, edgeFlags=0x0, pointerCount=1, historySize=0, eventTime=318395, downTime=318395, deviceId=0, source=0x1002 }
D/AndroidRuntime( 4632): Shutting down VM
D/leak-55 ( 2353): Eastern Standard Time
D/leak-782( 2353): Eastern Standard Time
D/leak-777( 2353): Eastern Standard Time
W/AudioTrack(  536): AUDIO_OUTPUT_FLAG_FAST denied by client
D/leak-798( 2353): Eastern Standard Time
I/ActivityManager(  536): START u0 {cmp=uk.co.yahoo.p1rpp.calendartrigger/.activites.EditActivity (has extras)} from uid 10059 on display 0
V/WindowManager(  536): addAppToken: AppWindowToken{7e28112 token=Token{752189d ActivityRecord{3be87b74 u0 uk.co.yahoo.p1rpp.calendartrigger/.activites.EditActivity t4}}} to stack=1 task=4 at 1
D/leak-556( 2353): Eastern Standard Time
D/leak-558( 2353): Eastern Standard Time
D/leak-557( 2353): Eastern Standard Time
V/WindowManager(  536): Adding window Window{3ce39c5e u0 uk.co.yahoo.p1rpp.calendartrigger/uk.co.yahoo.p1rpp.calendartrigger.activites.EditActivity} at 4 of 10 (after Window{3de4219e u0 New Event Class EXITING})
W/EGL_emulation( 2353): eglSurfaceAttrib not implemented
W/OpenGLRenderer( 2353): Failed to set EGL_SWAP_BEHAVIOR on surface 0xeec35800, error=EGL_SUCCESS
W/IInputConnectionWrapper( 2353): finishComposingText on inactive InputConnection
I/ActivityManager(  536): Displayed uk.co.yahoo.p1rpp.calendartrigger/.activites.EditActivity: +443ms
W/SurfaceFlinger(  520): couldn't log to binary event log: overflow.
D/AndroidRuntime( 4972): >>>>>> START com.android.internal.os.RuntimeInit uid 0 <<<<<<
D/AndroidRuntime( 4972): CheckJNI is OFF
E/memtrack( 4972): Couldn't load memtrack module (No such file or directory)
E/android.os.Debug( 4972): failed to load memtrack module: -2
D/AndroidRuntime( 4972): Calling main entry com.android.commands.uiautomator.Launcher
I/AccessibilityNodeInfoDumper( 4972): Skipping invisible child: android.view.accessibility.AccessibilityNodeInfo@8000e9f1; boundsInParent: Rect(0, 0 - 0, 112); boundsInScreen: Rect(1200, 50 - 1200, 162); packageName: uk.co.yahoo.p1rpp.calendartrigger; className: android.widget.LinearLayout; text: null; error: null; maxTextLength: -1; contentDescription: null; viewIdResName: null; checkable: false; checked: false; focusable: false; focused: false; selected: false; clickable: false; longClickable: false; enabled: true; password: false; scrollable: false; actions: [AccessibilityAction: ACTION_SELECT - null, AccessibilityAction: ACTION_CLEAR_SELECTION - null, AccessibilityAction: ACTION_ACCESSIBILITY_FOCUS - null]
W/AccessibilityNodeInfoDumper( 4972): Fetch time: 19ms
W/WindowManager(  536): Attempted to remove non-existing token: android.os.Binder@2ad0d936
D/AndroidRuntime( 4972): Shutting down VM
D/AndroidRuntime( 5000): >>>>>> START com.android.internal.os.RuntimeInit uid 0 <<<<<<
D/AndroidRuntime( 5000): CheckJNI is OFF
E/memtrack( 5000): Couldn't load memtrack module (No such file or directory)
E/android.os.Debug( 5000): failed to load memtrack module: -2
D/AndroidRuntime( 5000): Calling main entry com.android.commands.uiautomator.Launcher
I/AccessibilityNodeInfoDumper( 5000): Skipping invisible child: android.view.accessibility.AccessibilityNodeInfo@8000e9fa; boundsInParent: Rect(0, 0 - 0, 112); boundsInScreen: Rect(1200, 50 - 1200, 162); packageName: uk.co.yahoo.p1rpp.calendartrigger; className: android.widget.LinearLayout; text: null; error: null; maxTextLength: -1; contentDescription: null; viewIdResName: null; checkable: false; checked: false; focusable: false; focused: false; selected: false; clickable: false; longClickable: false; enabled: true; password: false; scrollable: false; actions: [AccessibilityAction: ACTION_SELECT - null, AccessibilityAction: ACTION_CLEAR_SELECTION - null, AccessibilityAction: ACTION_ACCESSIBILITY_FOCUS - null]
W/AccessibilityNodeInfoDumper( 5000): Fetch time: 17ms
W/WindowManager(  536): Attempted to remove non-existing token: android.os.Binder@12df2037
D/AndroidRuntime( 5000): Shutting down VM
D/AndroidRuntime( 5023): >>>>>> START com.android.internal.os.RuntimeInit uid 0 <<<<<<
D/AndroidRuntime( 5023): CheckJNI is OFF
E/memtrack( 5023): Couldn't load memtrack module (No such file or directory)
E/android.os.Debug( 5023): failed to load memtrack module: -2
D/AndroidRuntime( 5023): Calling main entry com.android.commands.uiautomator.Launcher
I/art     (  536): Explicit concurrent mark sweep GC freed 39872(2MB) AllocSpace objects, 31(496KB) LOS objects, 33% free, 7MB/10MB, paused 482us total 24.950ms
I/AccessibilityNodeInfoDumper( 5023): Skipping invisible child: android.view.accessibility.AccessibilityNodeInfo@8000ea02; boundsInParent: Rect(0, 0 - 0, 112); boundsInScreen: Rect(1200, 50 - 1200, 162); packageName: uk.co.yahoo.p1rpp.calendartrigger; className: android.widget.LinearLayout; text: null; error: null; maxTextLength: -1; contentDescription: null; viewIdResName: null; checkable: false; checked: false; focusable: false; focused: false; selected: false; clickable: false; longClickable: false; enabled: true; password: false; scrollable: false; actions: [AccessibilityAction: ACTION_SELECT - null, AccessibilityAction: ACTION_CLEAR_SELECTION - null, AccessibilityAction: ACTION_ACCESSIBILITY_FOCUS - null]
W/AccessibilityNodeInfoDumper( 5023): Fetch time: 15ms
W/WindowManager(  536): Attempted to remove non-existing token: android.os.Binder@265ba9a4
D/AndroidRuntime( 5023): Shutting down VM
D/AndroidRuntime( 5051): >>>>>> START com.android.internal.os.RuntimeInit uid 0 <<<<<<
D/AndroidRuntime( 5051): CheckJNI is OFF
E/memtrack( 5051): Couldn't load memtrack module (No such file or directory)
E/android.os.Debug( 5051): failed to load memtrack module: -2
D/AndroidRuntime( 5051): Calling main entry com.android.commands.uiautomator.Launcher
I/AccessibilityNodeInfoDumper( 5051): Skipping invisible child: android.view.accessibility.AccessibilityNodeInfo@8000ea0d; boundsInParent: Rect(0, 0 - 0, 112); boundsInScreen: Rect(1200, 50 - 1200, 162); packageName: uk.co.yahoo.p1rpp.calendartrigger; className: android.widget.LinearLayout; text: null; error: null; maxTextLength: -1; contentDescription: null; viewIdResName: null; checkable: false; checked: false; focusable: false; focused: false; selected: false; clickable: false; longClickable: false; enabled: true; password: false; scrollable: false; actions: [AccessibilityAction: ACTION_SELECT - null, AccessibilityAction: ACTION_CLEAR_SELECTION - null, AccessibilityAction: ACTION_ACCESSIBILITY_FOCUS - null]
W/AccessibilityNodeInfoDumper( 5051): Fetch time: 16ms
W/WindowManager(  536): Attempted to remove non-existing token: android.os.Binder@154952c2
D/AndroidRuntime( 5051): Shutting down VM
D/AndroidRuntime( 5084): >>>>>> START com.android.internal.os.RuntimeInit uid 0 <<<<<<
D/AndroidRuntime( 5084): CheckJNI is OFF
E/memtrack( 5084): Couldn't load memtrack module (No such file or directory)
E/android.os.Debug( 5084): failed to load memtrack module: -2
D/AndroidRuntime( 5084): Calling main entry com.android.commands.uiautomator.Launcher
I/AccessibilityNodeInfoDumper( 5084): Skipping invisible child: android.view.accessibility.AccessibilityNodeInfo@8000ea17; boundsInParent: Rect(0, 0 - 0, 112); boundsInScreen: Rect(1200, 50 - 1200, 162); packageName: uk.co.yahoo.p1rpp.calendartrigger; className: android.widget.LinearLayout; text: null; error: null; maxTextLength: -1; contentDescription: null; viewIdResName: null; checkable: false; checked: false; focusable: false; focused: false; selected: false; clickable: false; longClickable: false; enabled: true; password: false; scrollable: false; actions: [AccessibilityAction: ACTION_SELECT - null, AccessibilityAction: ACTION_CLEAR_SELECTION - null, AccessibilityAction: ACTION_ACCESSIBILITY_FOCUS - null]
W/AccessibilityNodeInfoDumper( 5084): Fetch time: 22ms
W/WindowManager(  536): Attempted to remove non-existing token: android.os.Binder@2b7b88d3
D/AndroidRuntime( 5084): Shutting down VM
D/AndroidRuntime( 5115): >>>>>> START com.android.internal.os.RuntimeInit uid 0 <<<<<<
D/AndroidRuntime( 5115): CheckJNI is OFF
E/memtrack( 5115): Couldn't load memtrack module (No such file or directory)
E/android.os.Debug( 5115): failed to load memtrack module: -2
D/AndroidRuntime( 5115): Calling main entry com.android.commands.uiautomator.Launcher
I/AccessibilityNodeInfoDumper( 5115): Skipping invisible child: android.view.accessibility.AccessibilityNodeInfo@8000ea1e; boundsInParent: Rect(0, 0 - 0, 112); boundsInScreen: Rect(1200, 50 - 1200, 162); packageName: uk.co.yahoo.p1rpp.calendartrigger; className: android.widget.LinearLayout; text: null; error: null; maxTextLength: -1; contentDescription: null; viewIdResName: null; checkable: false; checked: false; focusable: false; focused: false; selected: false; clickable: false; longClickable: false; enabled: true; password: false; scrollable: false; actions: [AccessibilityAction: ACTION_SELECT - null, AccessibilityAction: ACTION_CLEAR_SELECTION - null, AccessibilityAction: ACTION_ACCESSIBILITY_FOCUS - null]
W/AccessibilityNodeInfoDumper( 5115): Fetch time: 18ms
W/WindowManager(  536): Attempted to remove non-existing token: android.os.Binder@d7bbc10
D/AndroidRuntime( 5115): Shutting down VM
D/AndroidRuntime( 5139): >>>>>> START com.android.internal.os.RuntimeInit uid 0 <<<<<<
D/AndroidRuntime( 5139): CheckJNI is OFF
E/memtrack( 5139): Couldn't load memtrack module (No such file or directory)
E/android.os.Debug( 5139): failed to load memtrack module: -2
D/AndroidRuntime( 5139): Calling main entry com.android.commands.uiautomator.Launcher
I/art     ( 2152): Explicit concurrent mark sweep GC freed 5278(248KB) AllocSpace objects, 0(0B) LOS objects, 40% free, 13MB/22MB, paused 722us total 12.313ms
I/AccessibilityNodeInfoDumper( 5139): Skipping invisible child: android.view.accessibility.AccessibilityNodeInfo@8000ea27; boundsInParent: Rect(0, 0 - 0, 112); boundsInScreen: Rect(1200, 50 - 1200, 162); packageName: uk.co.yahoo.p1rpp.calendartrigger; className: android.widget.LinearLayout; text: null; error: null; maxTextLength: -1; contentDescription: null; viewIdResName: null; checkable: false; checked: false; focusable: false; focused: false; selected: false; clickable: false; longClickable: false; enabled: true; password: false; scrollable: false; actions: [AccessibilityAction: ACTION_SELECT - null, AccessibilityAction: ACTION_CLEAR_SELECTION - null, AccessibilityAction: ACTION_ACCESSIBILITY_FOCUS - null]
W/AccessibilityNodeInfoDumper( 5139): Fetch time: 20ms
W/WindowManager(  536): Attempted to remove non-existing token: android.os.Binder@355c2309
D/AndroidRuntime( 5139): Shutting down VM
D/AndroidRuntime( 5167): >>>>>> START com.android.internal.os.RuntimeInit uid 0 <<<<<<
D/AndroidRuntime( 5167): CheckJNI is OFF
E/memtrack( 5167): Couldn't load memtrack module (No such file or directory)
E/android.os.Debug( 5167): failed to load memtrack module: -2
D/AndroidRuntime( 5167): Calling main entry com.android.commands.uiautomator.Launcher
I/AccessibilityNodeInfoDumper( 5167): Skipping invisible child: android.view.accessibility.AccessibilityNodeInfo@8000ea31; boundsInParent: Rect(0, 0 - 0, 112); boundsInScreen: Rect(1200, 50 - 1200, 162); packageName: uk.co.yahoo.p1rpp.calendartrigger; className: android.widget.LinearLayout; text: null; error: null; maxTextLength: -1; contentDescription: null; viewIdResName: null; checkable: false; checked: false; focusable: false; focused: false; selected: false; clickable: false; longClickable: false; enabled: true; password: false; scrollable: false; actions: [AccessibilityAction: ACTION_SELECT - null, AccessibilityAction: ACTION_CLEAR_SELECTION - null, AccessibilityAction: ACTION_ACCESSIBILITY_FOCUS - null]
W/AccessibilityNodeInfoDumper( 5167): Fetch time: 20ms
W/WindowManager(  536): Attempted to remove non-existing token: android.os.Binder@2cddd90e
D/AndroidRuntime( 5167): Shutting down VM
D/AndroidRuntime( 5190): >>>>>> START com.android.internal.os.RuntimeInit uid 0 <<<<<<
D/AndroidRuntime( 5190): CheckJNI is OFF
E/memtrack( 5190): Couldn't load memtrack module (No such file or directory)
E/android.os.Debug( 5190): failed to load memtrack module: -2
D/AndroidRuntime( 5190): Calling main entry com.android.commands.uiautomator.Launcher
I/AccessibilityNodeInfoDumper( 5190): Skipping invisible child: android.view.accessibility.AccessibilityNodeInfo@8000ea3a; boundsInParent: Rect(0, 0 - 0, 112); boundsInScreen: Rect(1200, 50 - 1200, 162); packageName: uk.co.yahoo.p1rpp.calendartrigger; className: android.widget.LinearLayout; text: null; error: null; maxTextLength: -1; contentDescription: null; viewIdResName: null; checkable: false; checked: false; focusable: false; focused: false; selected: false; clickable: false; longClickable: false; enabled: true; password: false; scrollable: false; actions: [AccessibilityAction: ACTION_SELECT - null, AccessibilityAction: ACTION_CLEAR_SELECTION - null, AccessibilityAction: ACTION_ACCESSIBILITY_FOCUS - null]
W/AccessibilityNodeInfoDumper( 5190): Fetch time: 15ms
W/WindowManager(  536): Attempted to remove non-existing token: android.os.Binder@216bdf2f
D/AndroidRuntime( 5190): Shutting down VM
D/AndroidRuntime( 5218): >>>>>> START com.android.internal.os.RuntimeInit uid 0 <<<<<<
D/AndroidRuntime( 5218): CheckJNI is OFF
E/memtrack( 5218): Couldn't load memtrack module (No such file or directory)
E/android.os.Debug( 5218): failed to load memtrack module: -2
D/AndroidRuntime( 5218): Calling main entry com.android.commands.uiautomator.Launcher
I/AccessibilityNodeInfoDumper( 5218): Skipping invisible child: android.view.accessibility.AccessibilityNodeInfo@8000ea41; boundsInParent: Rect(0, 0 - 0, 112); boundsInScreen: Rect(1200, 50 - 1200, 162); packageName: uk.co.yahoo.p1rpp.calendartrigger; className: android.widget.LinearLayout; text: null; error: null; maxTextLength: -1; contentDescription: null; viewIdResName: null; checkable: false; checked: false; focusable: false; focused: false; selected: false; clickable: false; longClickable: false; enabled: true; password: false; scrollable: false; actions: [AccessibilityAction: ACTION_SELECT - null, AccessibilityAction: ACTION_CLEAR_SELECTION - null, AccessibilityAction: ACTION_ACCESSIBILITY_FOCUS - null]
W/AccessibilityNodeInfoDumper( 5218): Fetch time: 16ms
W/WindowManager(  536): Attempted to remove non-existing token: android.os.Binder@2648893c
D/AndroidRuntime( 5218): Shutting down VM
D/AndroidRuntime( 5241): >>>>>> START com.android.internal.os.RuntimeInit uid 0 <<<<<<
D/AndroidRuntime( 5241): CheckJNI is OFF
E/memtrack( 5241): Couldn't load memtrack module (No such file or directory)
E/android.os.Debug( 5241): failed to load memtrack module: -2
D/AndroidRuntime( 5241): Calling main entry com.android.commands.uiautomator.Launcher
I/art     (  536): Explicit concurrent mark sweep GC freed 44518(2MB) AllocSpace objects, 34(544KB) LOS objects, 33% free, 7MB/10MB, paused 1.886ms total 18.883ms
I/AccessibilityNodeInfoDumper( 5241): Skipping invisible child: android.view.accessibility.AccessibilityNodeInfo@8000ea4c; boundsInParent: Rect(0, 0 - 0, 112); boundsInScreen: Rect(1200, 50 - 1200, 162); packageName: uk.co.yahoo.p1rpp.calendartrigger; className: android.widget.LinearLayout; text: null; error: null; maxTextLength: -1; contentDescription: null; viewIdResName: null; checkable: false; checked: false; focusable: false; focused: false; selected: false; clickable: false; longClickable: false; enabled: true; password: false; scrollable: false; actions: [AccessibilityAction: ACTION_SELECT - null, AccessibilityAction: ACTION_CLEAR_SELECTION - null, AccessibilityAction: ACTION_ACCESSIBILITY_FOCUS - null]
W/AccessibilityNodeInfoDumper( 5241): Fetch time: 16ms
W/WindowManager(  536): Attempted to remove non-existing token: android.os.Binder@71ae6c5
D/AndroidRuntime( 5241): Shutting down VM
D/AndroidRuntime( 5271): >>>>>> START com.android.internal.os.RuntimeInit uid 0 <<<<<<
D/AndroidRuntime( 5271): CheckJNI is OFF
E/memtrack( 5271): Couldn't load memtrack module (No such file or directory)
E/android.os.Debug( 5271): failed to load memtrack module: -2
D/AndroidRuntime( 5271): Calling main entry com.android.commands.uiautomator.Launcher
I/AccessibilityNodeInfoDumper( 5271): Skipping invisible child: android.view.accessibility.AccessibilityNodeInfo@8000ea55; boundsInParent: Rect(0, 0 - 0, 112); boundsInScreen: Rect(1200, 50 - 1200, 162); packageName: uk.co.yahoo.p1rpp.calendartrigger; className: android.widget.LinearLayout; text: null; error: null; maxTextLength: -1; contentDescription: null; viewIdResName: null; checkable: false; checked: false; focusable: false; focused: false; selected: false; clickable: false; longClickable: false; enabled: true; password: false; scrollable: false; actions: [AccessibilityAction: ACTION_SELECT - null, AccessibilityAction: ACTION_CLEAR_SELECTION - null, AccessibilityAction: ACTION_ACCESSIBILITY_FOCUS - null]
W/AccessibilityNodeInfoDumper( 5271): Fetch time: 14ms
W/WindowManager(  536): Attempted to remove non-existing token: android.os.Binder@3f613f4b
D/AndroidRuntime( 5271): Shutting down VM
D/AndroidRuntime( 5294): >>>>>> START com.android.internal.os.RuntimeInit uid 0 <<<<<<
D/AndroidRuntime( 5294): CheckJNI is OFF
E/memtrack( 5294): Couldn't load memtrack module (No such file or directory)
E/android.os.Debug( 5294): failed to load memtrack module: -2
D/AndroidRuntime( 5294): Calling main entry com.android.commands.uiautomator.Launcher
I/AccessibilityNodeInfoDumper( 5294): Skipping invisible child: android.view.accessibility.AccessibilityNodeInfo@8000ea5a; boundsInParent: Rect(0, 0 - 0, 112); boundsInScreen: Rect(1200, 50 - 1200, 162); packageName: uk.co.yahoo.p1rpp.calendartrigger; className: android.widget.LinearLayout; text: null; error: null; maxTextLength: -1; contentDescription: null; viewIdResName: null; checkable: false; checked: false; focusable: false; focused: false; selected: false; clickable: false; longClickable: false; enabled: true; password: false; scrollable: false; actions: [AccessibilityAction: ACTION_SELECT - null, AccessibilityAction: ACTION_CLEAR_SELECTION - null, AccessibilityAction: ACTION_ACCESSIBILITY_FOCUS - null]
W/AccessibilityNodeInfoDumper( 5294): Fetch time: 25ms
W/WindowManager(  536): Attempted to remove non-existing token: android.os.Binder@1cb2fd28
D/AndroidRuntime( 5294): Shutting down VM
D/AndroidRuntime( 5312): >>>>>> START com.android.internal.os.RuntimeInit uid 0 <<<<<<
D/AndroidRuntime( 5312): CheckJNI is OFF
E/memtrack( 5312): Couldn't load memtrack module (No such file or directory)
E/android.os.Debug( 5312): failed to load memtrack module: -2
D/AndroidRuntime( 5312): Calling main entry com.android.commands.input.Input
I/Input   ( 5312): injectMotionEvent: MotionEvent { action=ACTION_DOWN, id[0]=0, x[0]=213.0, y[0]=106.0, toolType[0]=TOOL_TYPE_UNKNOWN, buttonState=0, metaState=0, flags=0x0, edgeFlags=0x0, pointerCount=1, historySize=0, eventTime=347858, downTime=347858, deviceId=0, source=0x1002 }
I/Input   ( 5312): injectMotionEvent: MotionEvent { action=ACTION_UP, id[0]=0, x[0]=213.0, y[0]=106.0, toolType[0]=TOOL_TYPE_UNKNOWN, buttonState=0, metaState=0, flags=0x0, edgeFlags=0x0, pointerCount=1, historySize=0, eventTime=347858, downTime=347858, deviceId=0, source=0x1002 }
D/AndroidRuntime( 5312): Shutting down VM
D/AndroidRuntime( 5649): >>>>>> START com.android.internal.os.RuntimeInit uid 0 <<<<<<
D/AndroidRuntime( 5649): CheckJNI is OFF
E/memtrack( 5649): Couldn't load memtrack module (No such file or directory)
E/android.os.Debug( 5649): failed to load memtrack module: -2
D/AndroidRuntime( 5649): Calling main entry com.android.commands.uiautomator.Launcher
I/AccessibilityNodeInfoDumper( 5649): Skipping invisible child: android.view.accessibility.AccessibilityNodeInfo@8000ea66; boundsInParent: Rect(0, 0 - 0, 112); boundsInScreen: Rect(1200, 50 - 1200, 162); packageName: uk.co.yahoo.p1rpp.calendartrigger; className: android.widget.LinearLayout; text: null; error: null; maxTextLength: -1; contentDescription: null; viewIdResName: null; checkable: false; checked: false; focusable: false; focused: false; selected: false; clickable: false; longClickable: false; enabled: true; password: false; scrollable: false; actions: [AccessibilityAction: ACTION_SELECT - null, AccessibilityAction: ACTION_CLEAR_SELECTION - null, AccessibilityAction: ACTION_ACCESSIBILITY_FOCUS - null]
W/AccessibilityNodeInfoDumper( 5649): Fetch time: 22ms
W/WindowManager(  536): Attempted to remove non-existing token: android.os.Binder@36482a41
D/AndroidRuntime( 5649): Shutting down VM
D/AndroidRuntime( 5677): >>>>>> START com.android.internal.os.RuntimeInit uid 0 <<<<<<
D/AndroidRuntime( 5677): CheckJNI is OFF
E/memtrack( 5677): Couldn't load memtrack module (No such file or directory)
E/android.os.Debug( 5677): failed to load memtrack module: -2
D/AndroidRuntime( 5677): Calling main entry com.android.commands.uiautomator.Launcher
I/AccessibilityNodeInfoDumper( 5677): Skipping invisible child: android.view.accessibility.AccessibilityNodeInfo@8000ea6e; boundsInParent: Rect(0, 0 - 0, 112); boundsInScreen: Rect(1200, 50 - 1200, 162); packageName: uk.co.yahoo.p1rpp.calendartrigger; className: android.widget.LinearLayout; text: null; error: null; maxTextLength: -1; contentDescription: null; viewIdResName: null; checkable: false; checked: false; focusable: false; focused: false; selected: false; clickable: false; longClickable: false; enabled: true; password: false; scrollable: false; actions: [AccessibilityAction: ACTION_SELECT - null, AccessibilityAction: ACTION_CLEAR_SELECTION - null, AccessibilityAction: ACTION_ACCESSIBILITY_FOCUS - null]
W/AccessibilityNodeInfoDumper( 5677): Fetch time: 16ms
W/WindowManager(  536): Attempted to remove non-existing token: android.os.Binder@8dffbe6
D/AndroidRuntime( 5677): Shutting down VM
D/AndroidRuntime( 5701): >>>>>> START com.android.internal.os.RuntimeInit uid 0 <<<<<<
D/AndroidRuntime( 5701): CheckJNI is OFF
E/memtrack( 5701): Couldn't load memtrack module (No such file or directory)
E/android.os.Debug( 5701): failed to load memtrack module: -2
D/AndroidRuntime( 5701): Calling main entry com.android.commands.uiautomator.Launcher
I/AccessibilityNodeInfoDumper( 5701): Skipping invisible child: android.view.accessibility.AccessibilityNodeInfo@8000ea78; boundsInParent: Rect(0, 0 - 0, 112); boundsInScreen: Rect(1200, 50 - 1200, 162); packageName: uk.co.yahoo.p1rpp.calendartrigger; className: android.widget.LinearLayout; text: null; error: null; maxTextLength: -1; contentDescription: null; viewIdResName: null; checkable: false; checked: false; focusable: false; focused: false; selected: false; clickable: false; longClickable: false; enabled: true; password: false; scrollable: false; actions: [AccessibilityAction: ACTION_SELECT - null, AccessibilityAction: ACTION_CLEAR_SELECTION - null, AccessibilityAction: ACTION_ACCESSIBILITY_FOCUS - null]
W/AccessibilityNodeInfoDumper( 5701): Fetch time: 21ms
W/WindowManager(  536): Attempted to remove non-existing token: android.os.Binder@28527
D/AndroidRuntime( 5701): Shutting down VM
D/AndroidRuntime( 5729): >>>>>> START com.android.internal.os.RuntimeInit uid 0 <<<<<<
D/AndroidRuntime( 5729): CheckJNI is OFF
E/memtrack( 5729): Couldn't load memtrack module (No such file or directory)
E/android.os.Debug( 5729): failed to load memtrack module: -2
D/AndroidRuntime( 5729): Calling main entry com.android.commands.uiautomator.Launcher
I/AccessibilityNodeInfoDumper( 5729): Skipping invisible child: android.view.accessibility.AccessibilityNodeInfo@8000ea7f; boundsInParent: Rect(0, 0 - 0, 112); boundsInScreen: Rect(1200, 50 - 1200, 162); packageName: uk.co.yahoo.p1rpp.calendartrigger; className: android.widget.LinearLayout; text: null; error: null; maxTextLength: -1; contentDescription: null; viewIdResName: null; checkable: false; checked: false; focusable: false; focused: false; selected: false; clickable: false; longClickable: false; enabled: true; password: false; scrollable: false; actions: [AccessibilityAction: ACTION_SELECT - null, AccessibilityAction: ACTION_CLEAR_SELECTION - null, AccessibilityAction: ACTION_ACCESSIBILITY_FOCUS - null]
W/AccessibilityNodeInfoDumper( 5729): Fetch time: 14ms
W/WindowManager(  536): Attempted to remove non-existing token: android.os.Binder@28cec3d4
D/AndroidRuntime( 5729): Shutting down VM
D/AndroidRuntime( 5762): >>>>>> START com.android.internal.os.RuntimeInit uid 0 <<<<<<
D/AndroidRuntime( 5762): CheckJNI is OFF
E/memtrack( 5762): Couldn't load memtrack module (No such file or directory)
E/android.os.Debug( 5762): failed to load memtrack module: -2
D/AndroidRuntime( 5762): Calling main entry com.android.commands.uiautomator.Launcher
I/AccessibilityNodeInfoDumper( 5762): Skipping invisible child: android.view.accessibility.AccessibilityNodeInfo@8000ea8b; boundsInParent: Rect(0, 0 - 0, 112); boundsInScreen: Rect(1200, 50 - 1200, 162); packageName: uk.co.yahoo.p1rpp.calendartrigger; className: android.widget.LinearLayout; text: null; error: null; maxTextLength: -1; contentDescription: null; viewIdResName: null; checkable: false; checked: false; focusable: false; focused: false; selected: false; clickable: false; longClickable: false; enabled: true; password: false; scrollable: false; actions: [AccessibilityAction: ACTION_SELECT - null, AccessibilityAction: ACTION_CLEAR_SELECTION - null, AccessibilityAction: ACTION_ACCESSIBILITY_FOCUS - null]
W/AccessibilityNodeInfoDumper( 5762): Fetch time: 15ms
W/WindowManager(  536): Attempted to remove non-existing token: android.os.Binder@29ac297d
D/AndroidRuntime( 5762): Shutting down VM
D/AndroidRuntime( 5793): >>>>>> START com.android.internal.os.RuntimeInit uid 0 <<<<<<
D/AndroidRuntime( 5793): CheckJNI is OFF
E/memtrack( 5793): Couldn't load memtrack module (No such file or directory)
E/android.os.Debug( 5793): failed to load memtrack module: -2
D/AndroidRuntime( 5793): Calling main entry com.android.commands.uiautomator.Launcher
I/AccessibilityNodeInfoDumper( 5793): Skipping invisible child: android.view.accessibility.AccessibilityNodeInfo@8000ea94; boundsInParent: Rect(0, 0 - 0, 112); boundsInScreen: Rect(1200, 50 - 1200, 162); packageName: uk.co.yahoo.p1rpp.calendartrigger; className: android.widget.LinearLayout; text: null; error: null; maxTextLength: -1; contentDescription: null; viewIdResName: null; checkable: false; checked: false; focusable: false; focused: false; selected: false; clickable: false; longClickable: false; enabled: true; password: false; scrollable: false; actions: [AccessibilityAction: ACTION_SELECT - null, AccessibilityAction: ACTION_CLEAR_SELECTION - null, AccessibilityAction: ACTION_ACCESSIBILITY_FOCUS - null]
W/AccessibilityNodeInfoDumper( 5793): Fetch time: 15ms
W/WindowManager(  536): Attempted to remove non-existing token: android.os.Binder@69ff072
D/AndroidRuntime( 5793): Shutting down VM
D/AndroidRuntime( 5816): >>>>>> START com.android.internal.os.RuntimeInit uid 0 <<<<<<
D/AndroidRuntime( 5816): CheckJNI is OFF
E/memtrack( 5816): Couldn't load memtrack module (No such file or directory)
E/android.os.Debug( 5816): failed to load memtrack module: -2
