08-02 11:12:01.814  5689  5689 D AndroidRuntime: >>>>>> START com.android.internal.os.RuntimeInit uid 0 <<<<<<
08-02 11:12:01.816  5689  5689 D AndroidRuntime: CheckJNI is OFF
08-02 11:12:01.827  5689  5689 D ICU     : No timezone override file found: /data/misc/zoneinfo/current/icu/icu_tzdata.dat
08-02 11:12:01.841  5689  5689 E memtrack: Couldn't load memtrack module (No such file or directory)
08-02 11:12:01.841  5689  5689 E android.os.Debug: failed to load memtrack module: -2
08-02 11:12:01.842  5689  5689 I Radio-JNI: register_android_hardware_Radio DONE
08-02 11:12:01.851  5689  5689 D AndroidRuntime: Calling main entry com.android.commands.uiautomator.Launcher
08-02 11:12:02.868  5689  5689 W AccessibilityNodeInfoDumper: Fetch time: 3ms
08-02 11:12:02.868   624  1525 W WindowManager: Attempted to remove non-existing token: android.os.Binder@f39c7af
08-02 11:12:02.877  5689  5689 D AndroidRuntime: Shutting down VM
08-02 11:12:04.065  5715  5715 D AndroidRuntime: >>>>>> START com.android.internal.os.RuntimeInit uid 0 <<<<<<
08-02 11:12:04.066  5715  5715 D AndroidRuntime: CheckJNI is OFF
08-02 11:12:04.077  5715  5715 D ICU     : No timezone override file found: /data/misc/zoneinfo/current/icu/icu_tzdata.dat
08-02 11:12:04.092  5715  5715 E memtrack: Couldn't load memtrack module (No such file or directory)
08-02 11:12:04.092  5715  5715 E android.os.Debug: failed to load memtrack module: -2
08-02 11:12:04.093  5715  5715 I Radio-JNI: register_android_hardware_Radio DONE
08-02 11:12:04.100  5715  5715 D AndroidRuntime: Calling main entry com.android.commands.uiautomator.Launcher
08-02 11:12:05.119  5715  5715 W AccessibilityNodeInfoDumper: Fetch time: 1ms
08-02 11:12:05.119   624  1526 W WindowManager: Attempted to remove non-existing token: android.os.Binder@6cb87bc
08-02 11:12:05.141  5715  5715 D AndroidRuntime: Shutting down VM
08-02 11:12:05.647  5732  5732 D AndroidRuntime: >>>>>> START com.android.internal.os.RuntimeInit uid 0 <<<<<<
08-02 11:12:05.648  5732  5732 D AndroidRuntime: CheckJNI is OFF
08-02 11:12:05.659  5732  5732 D ICU     : No timezone override file found: /data/misc/zoneinfo/current/icu/icu_tzdata.dat
08-02 11:12:05.672  5732  5732 E memtrack: Couldn't load memtrack module (No such file or directory)
08-02 11:12:05.672  5732  5732 E android.os.Debug: failed to load memtrack module: -2
08-02 11:12:05.673  5732  5732 I Radio-JNI: register_android_hardware_Radio DONE
08-02 11:12:05.679  5732  5732 D AndroidRuntime: Calling main entry com.android.commands.uiautomator.Launcher
08-02 11:12:06.699  5732  5732 W AccessibilityNodeInfoDumper: Fetch time: 2ms
08-02 11:12:06.699   624  1051 W WindowManager: Attempted to remove non-existing token: android.os.Binder@f6c4345
08-02 11:12:06.707  5732  5732 D AndroidRuntime: Shutting down VM
08-02 11:12:07.803  5756  5756 D AndroidRuntime: >>>>>> START com.android.internal.os.RuntimeInit uid 0 <<<<<<
08-02 11:12:07.805  5756  5756 D AndroidRuntime: CheckJNI is OFF
08-02 11:12:07.817  5756  5756 D ICU     : No timezone override file found: /data/misc/zoneinfo/current/icu/icu_tzdata.dat
08-02 11:12:07.893  5756  5756 E memtrack: Couldn't load memtrack module (No such file or directory)
08-02 11:12:07.893  5756  5756 E android.os.Debug: failed to load memtrack module: -2
08-02 11:12:07.895  5756  5756 I Radio-JNI: register_android_hardware_Radio DONE
08-02 11:12:07.902  5756  5756 D AndroidRuntime: Calling main entry com.android.commands.uiautomator.Launcher
08-02 11:12:09.003  5756  5756 W AccessibilityNodeInfoDumper: Fetch time: 1ms
08-02 11:12:09.004   624  1526 W WindowManager: Attempted to remove non-existing token: android.os.Binder@3652fcb
08-02 11:12:09.017  5756  5756 D AndroidRuntime: Shutting down VM
08-02 11:12:09.549  5773  5773 D AndroidRuntime: >>>>>> START com.android.internal.os.RuntimeInit uid 0 <<<<<<
08-02 11:12:09.550  5773  5773 D AndroidRuntime: CheckJNI is OFF
08-02 11:12:09.564  5773  5773 D ICU     : No timezone override file found: /data/misc/zoneinfo/current/icu/icu_tzdata.dat
08-02 11:12:09.577  5773  5773 E memtrack: Couldn't load memtrack module (No such file or directory)
08-02 11:12:09.577  5773  5773 E android.os.Debug: failed to load memtrack module: -2
08-02 11:12:09.579  5773  5773 I Radio-JNI: register_android_hardware_Radio DONE
08-02 11:12:09.585  5773  5773 D AndroidRuntime: Calling main entry com.android.commands.uiautomator.Launcher
08-02 11:12:10.616  5773  5773 W AccessibilityNodeInfoDumper: Fetch time: 1ms
08-02 11:12:10.616   624   767 W WindowManager: Attempted to remove non-existing token: android.os.Binder@8a763a8
08-02 11:12:10.624  5773  5773 D AndroidRuntime: Shutting down VM
08-02 11:12:11.868  5796  5796 D AndroidRuntime: >>>>>> START com.android.internal.os.RuntimeInit uid 0 <<<<<<
08-02 11:12:11.869  5796  5796 D AndroidRuntime: CheckJNI is OFF
08-02 11:12:11.880  5796  5796 D ICU     : No timezone override file found: /data/misc/zoneinfo/current/icu/icu_tzdata.dat
08-02 11:12:11.893  5796  5796 E memtrack: Couldn't load memtrack module (No such file or directory)
08-02 11:12:11.893  5796  5796 E android.os.Debug: failed to load memtrack module: -2
08-02 11:12:11.894  5796  5796 I Radio-JNI: register_android_hardware_Radio DONE
08-02 11:12:11.902  5796  5796 D AndroidRuntime: Calling main entry com.android.commands.uiautomator.Launcher
08-02 11:12:12.921  5796  5796 W AccessibilityNodeInfoDumper: Fetch time: 1ms
08-02 11:12:12.921   624   636 W WindowManager: Attempted to remove non-existing token: android.os.Binder@b92cec1
08-02 11:12:12.935  5796  5796 D AndroidRuntime: Shutting down VM
08-02 11:12:13.418  5813  5813 D AndroidRuntime: >>>>>> START com.android.internal.os.RuntimeInit uid 0 <<<<<<
08-02 11:12:13.420  5813  5813 D AndroidRuntime: CheckJNI is OFF
08-02 11:12:13.435  5813  5813 D ICU     : No timezone override file found: /data/misc/zoneinfo/current/icu/icu_tzdata.dat
08-02 11:12:13.448  5813  5813 E memtrack: Couldn't load memtrack module (No such file or directory)
08-02 11:12:13.448  5813  5813 E android.os.Debug: failed to load memtrack module: -2
08-02 11:12:13.449  5813  5813 I Radio-JNI: register_android_hardware_Radio DONE
08-02 11:12:13.454  5813  5813 D AndroidRuntime: Calling main entry com.android.commands.uiautomator.Launcher
08-02 11:12:14.477  5813  5813 W AccessibilityNodeInfoDumper: Fetch time: 1ms
08-02 11:12:14.477   624  1525 W WindowManager: Attempted to remove non-existing token: android.os.Binder@2c70666
08-02 11:12:14.494  5813  5813 D AndroidRuntime: Shutting down VM
08-02 11:12:15.573  5836  5836 D AndroidRuntime: >>>>>> START com.android.internal.os.RuntimeInit uid 0 <<<<<<
08-02 11:12:15.574  5836  5836 D AndroidRuntime: CheckJNI is OFF
08-02 11:12:15.584  5836  5836 D ICU     : No timezone override file found: /data/misc/zoneinfo/current/icu/icu_tzdata.dat
08-02 11:12:15.597  5836  5836 E memtrack: Couldn't load memtrack module (No such file or directory)
08-02 11:12:15.598  5836  5836 E android.os.Debug: failed to load memtrack module: -2
08-02 11:12:15.599  5836  5836 I Radio-JNI: register_android_hardware_Radio DONE
08-02 11:12:15.605  5836  5836 D AndroidRuntime: Calling main entry com.android.commands.uiautomator.Launcher
08-02 11:12:16.620  5836  5836 W AccessibilityNodeInfoDumper: Fetch time: 2ms
08-02 11:12:16.620   624  1079 W WindowManager: Attempted to remove non-existing token: android.os.Binder@b94fda7
08-02 11:12:16.635  5836  5836 D AndroidRuntime: Shutting down VM
08-02 11:12:17.123  5853  5853 D AndroidRuntime: >>>>>> START com.android.internal.os.RuntimeInit uid 0 <<<<<<
08-02 11:12:17.124  5853  5853 D AndroidRuntime: CheckJNI is OFF
08-02 11:12:17.137  5853  5853 D ICU     : No timezone override file found: /data/misc/zoneinfo/current/icu/icu_tzdata.dat
08-02 11:12:17.149  5853  5853 E memtrack: Couldn't load memtrack module (No such file or directory)
08-02 11:12:17.149  5853  5853 E android.os.Debug: failed to load memtrack module: -2
08-02 11:12:17.151  5853  5853 I Radio-JNI: register_android_hardware_Radio DONE
08-02 11:12:17.162  5853  5853 D AndroidRuntime: Calling main entry com.android.commands.uiautomator.Launcher
08-02 11:12:18.178  5853  5853 W AccessibilityNodeInfoDumper: Fetch time: 1ms
08-02 11:12:18.178   624  1051 W WindowManager: Attempted to remove non-existing token: android.os.Binder@9e31254
08-02 11:12:18.206  5853  5853 D AndroidRuntime: Shutting down VM
08-02 11:12:23.954  5873  5873 D AndroidRuntime: >>>>>> START com.android.internal.os.RuntimeInit uid 0 <<<<<<
08-02 11:12:23.956  5873  5873 D AndroidRuntime: CheckJNI is OFF
08-02 11:12:23.967  5873  5873 D ICU     : No timezone override file found: /data/misc/zoneinfo/current/icu/icu_tzdata.dat
08-02 11:12:23.978  5873  5873 E memtrack: Couldn't load memtrack module (No such file or directory)
08-02 11:12:23.978  5873  5873 E android.os.Debug: failed to load memtrack module: -2
08-02 11:12:23.979  5873  5873 I Radio-JNI: register_android_hardware_Radio DONE
08-02 11:12:23.987  5873  5873 D AndroidRuntime: Calling main entry com.android.commands.monkey.Monkey
08-02 11:12:23.996   624   638 W BroadcastQueue: Skipping deliver [background] BroadcastRecord{909cd43 u-1 android.net.conn.CONNECTIVITY_CHANGE} to ReceiverList{a88ffc0 5873 (unknown name)/0/u-1 remote:63c95fd}: process crashing
08-02 11:12:24.001   624  1525 I ActivityManager: START u0 {act=android.intent.action.MAIN cat=[android.intent.category.LAUNCHER] flg=0x10200000 cmp=com.iamtrk.androidexplorer/com.iamtrk.ItemListActivity} from uid 0 on display 0
08-02 11:12:24.016   624   639 D Sensors : batch handle 1, but there is no batch sensor in genymotion
08-02 11:12:24.034  5873  5873 I art     : System.exit called, status: 0
08-02 11:12:24.034  5873  5873 I AndroidRuntime: VM exiting with result code 0.
08-02 11:12:26.952   624   645 I Choreographer: Skipped 172 frames!  The application may be doing too much work on its main thread.
08-02 11:12:26.967  1632  1699 E Surface : getSlotFromBufferLocked: unknown buffer: 0xdeb82620
08-02 11:12:30.249  5885  5885 D AndroidRuntime: >>>>>> START com.android.internal.os.RuntimeInit uid 0 <<<<<<
08-02 11:12:30.251  5885  5885 D AndroidRuntime: CheckJNI is OFF
08-02 11:12:30.261  5885  5885 D ICU     : No timezone override file found: /data/misc/zoneinfo/current/icu/icu_tzdata.dat
08-02 11:12:30.276  5885  5885 E memtrack: Couldn't load memtrack module (No such file or directory)
08-02 11:12:30.276  5885  5885 E android.os.Debug: failed to load memtrack module: -2
08-02 11:12:30.277  5885  5885 I Radio-JNI: register_android_hardware_Radio DONE
08-02 11:12:30.284  5885  5885 D AndroidRuntime: Calling main entry com.android.commands.uiautomator.Launcher
08-02 11:12:31.293  5885  5885 W AccessibilityNodeInfoDumper: Fetch time: 1ms
08-02 11:12:31.294   624  1051 W WindowManager: Attempted to remove non-existing token: android.os.Binder@a288d33
08-02 11:12:31.305  5885  5885 D AndroidRuntime: Shutting down VM
08-02 11:12:31.728  5898  5898 D AndroidRuntime: >>>>>> START com.android.internal.os.RuntimeInit uid 0 <<<<<<
08-02 11:12:31.731  5898  5898 D AndroidRuntime: CheckJNI is OFF
08-02 11:12:31.742  5898  5898 D ICU     : No timezone override file found: /data/misc/zoneinfo/current/icu/icu_tzdata.dat
08-02 11:12:31.754  5898  5898 E memtrack: Couldn't load memtrack module (No such file or directory)
08-02 11:12:31.754  5898  5898 E android.os.Debug: failed to load memtrack module: -2
08-02 11:12:31.755  5898  5898 I Radio-JNI: register_android_hardware_Radio DONE
08-02 11:12:31.760  5898  5898 D AndroidRuntime: Calling main entry com.android.commands.input.Input
08-02 11:12:31.762  5898  5898 I Input   : injectMotionEvent: MotionEvent { action=ACTION_DOWN, actionButton=0, id[0]=0, x[0]=959.0, y[0]=984.0, toolType[0]=TOOL_TYPE_UNKNOWN, buttonState=0, metaState=0, flags=0x0, edgeFlags=0x0, pointerCount=1, historySize=0, eventTime=721198, downTime=721198, deviceId=0, source=0x1002 }
08-02 11:12:31.766  5898  5898 I Input   : injectMotionEvent: MotionEvent { action=ACTION_UP, actionButton=0, id[0]=0, x[0]=959.0, y[0]=984.0, toolType[0]=TOOL_TYPE_UNKNOWN, buttonState=0, metaState=0, flags=0x0, edgeFlags=0x0, pointerCount=1, historySize=0, eventTime=721198, downTime=721198, deviceId=0, source=0x1002 }
08-02 11:12:31.767  5898  5898 D AndroidRuntime: Shutting down VM
08-02 11:12:31.780  3434  3434 I Process : Sending signal. PID: 3434 SIG: 9
08-02 11:12:31.795   624  1526 D GraphicsStats: Buffer count: 4
08-02 11:12:31.795   624  1544 W libprocessgroup: failed to open /acct/uid_10060/pid_3434/cgroup.procs: No such file or directory
08-02 11:12:31.795   624  1544 I ActivityManager: Process com.iamtrk.androidexplorer (pid 3434) has died
08-02 11:12:31.802   624  3031 E Surface : getSlotFromBufferLocked: unknown buffer: 0xf2bb4290
08-02 11:12:31.874   624  1544 I ActivityManager: Start proc 5907:com.iamtrk.androidexplorer/u0a60 for activity com.iamtrk.androidexplorer/com.iamtrk.ItemListActivity
08-02 11:12:31.896   267   661 D AudioFlinger: mixer(0xf1d80000) throttle end: throttle time(11)
08-02 11:12:31.898  5907  5907 E libprocessgroup: failed to make and chown /acct/uid_10060: Read-only file system
08-02 11:12:31.898  5907  5907 W Zygote  : createProcessGroup failed, kernel missing CONFIG_CGROUP_CPUACCT?
08-02 11:12:31.923  5907  5907 W System  : ClassLoader referenced unknown path: /data/app/com.iamtrk.androidexplorer-1/lib/x86
08-02 11:12:31.938  5907  5907 D leak-8-4: Eastern Standard Time
08-02 11:12:31.938  5907  5907 D leak-2-0: Eastern Standard Time
08-02 11:12:31.938  5907  5907 D leak-8-0: Eastern Standard Time
08-02 11:12:31.948  5907  5907 D leak-2-3: Eastern Standard Time
08-02 11:12:31.948  5907  5907 D leak-6-3: Eastern Standard Time
08-02 11:12:31.948  5907  5907 D leak-8-3: Eastern Standard Time
08-02 11:12:31.949  5907  5907 D leak-2-1: Eastern Standard Time
08-02 11:12:31.949  5907  5907 D leak-3-1: Eastern Standard Time
08-02 11:12:31.949  5907  5907 D leak-6-1: Eastern Standard Time
08-02 11:12:31.949  5907  5907 D leak-8-1: Eastern Standard Time
08-02 11:12:31.975   624   767 I ActivityManager: START u0 {act=android.content.pm.action.REQUEST_PERMISSIONS pkg=com.android.packageinstaller cmp=com.android.packageinstaller/.permission.ui.GrantPermissionsActivity (has extras)} from uid 10060 on display 0
08-02 11:12:32.051  5907  5922 D OpenGLRenderer: Use EGL_SWAP_BEHAVIOR_PRESERVED: true
08-02 11:12:32.054  5907  5907 D         : HostConnection::get() New Host Connection established 0xe9adf950, tid 5907
08-02 11:12:32.137   624   645 W AppOps  : Finishing op nesting under-run: uid 1000 pkg android code 24 time=0 duration=0 nesting=0
08-02 11:12:32.207  5907  5922 D libEGL  : loaded /system/lib/egl/libEGL_emulation.so
08-02 11:12:32.208  5907  5922 D libEGL  : loaded /system/lib/egl/libGLESv1_CM_emulation.so
08-02 11:12:32.221  5907  5922 D libEGL  : loaded /system/lib/egl/libGLESv2_emulation.so
08-02 11:12:32.226  5907  5922 D         : HostConnection::get() New Host Connection established 0xeead28d0, tid 5922
08-02 11:12:32.259  5907  5922 I OpenGLRenderer: Initialized EGL, version 1.4
08-02 11:12:32.343  5907  5922 W EGL_emulation: eglSurfaceAttrib not implemented
08-02 11:12:32.343  5907  5922 W OpenGLRenderer: Failed to set EGL_SWAP_BEHAVIOR on surface 0xeead3580, error=EGL_SUCCESS
08-02 11:12:32.380   624   769 W InputMethodManagerService: Got RemoteException sending setActive(false) notification to pid 3434 uid 10060
08-02 11:12:32.381  5907  5907 D leak-2-2: Eastern Standard Time
08-02 11:12:32.381  5907  5907 D leak-3-2: Eastern Standard Time
08-02 11:12:32.381  5907  5907 D leak-4-2: Eastern Standard Time
08-02 11:12:32.382  5907  5907 D leak-6-2: Eastern Standard Time
08-02 11:12:32.382  5907  5907 D leak-8-2: Eastern Standard Time
08-02 11:12:32.399  5907  5907 I AppCompatDelegate: The Activity's LayoutInflater already has a Factory installed so we can not install AppCompat's
08-02 11:12:32.592  5907  5922 W EGL_emulation: eglSurfaceAttrib not implemented
08-02 11:12:32.592  5907  5922 W OpenGLRenderer: Failed to set EGL_SWAP_BEHAVIOR on surface 0xeead35a0, error=EGL_SUCCESS
08-02 11:12:32.911  5927  5927 D AndroidRuntime: >>>>>> START com.android.internal.os.RuntimeInit uid 0 <<<<<<
08-02 11:12:32.913  5927  5927 D AndroidRuntime: CheckJNI is OFF
08-02 11:12:32.934  5927  5927 D ICU     : No timezone override file found: /data/misc/zoneinfo/current/icu/icu_tzdata.dat
08-02 11:12:32.949  5927  5927 E memtrack: Couldn't load memtrack module (No such file or directory)
08-02 11:12:32.949  5927  5927 E android.os.Debug: failed to load memtrack module: -2
08-02 11:12:32.950  5927  5927 I Radio-JNI: register_android_hardware_Radio DONE
08-02 11:12:32.957  5927  5927 D AndroidRuntime: Calling main entry com.android.commands.am.Am
08-02 11:12:32.958   624  1101 I ActivityManager: Force stopping com.iamtrk.androidexplorer appid=10060 user=0: from pid 5927
08-02 11:12:32.958   624  1101 I ActivityManager: Killing 5907:com.iamtrk.androidexplorer/u0a60 (adj 0): stop com.iamtrk.androidexplorer
08-02 11:12:32.958   624  1101 W libprocessgroup: failed to open /acct/uid_10060/pid_5907/cgroup.procs: No such file or directory
08-02 11:12:32.958   624  1101 W ActivityManager: Force removing ActivityRecord{8c194f9 u0 com.iamtrk.androidexplorer/com.iamtrk.ItemListActivity t7}: app died, no saved state
08-02 11:12:32.962   624  1101 E JavaBinder: !!! FAILED BINDER TRANSACTION !!!  (parcel size = 56)
08-02 11:12:32.963   624  1101 E JavaBinder: !!! FAILED BINDER TRANSACTION !!!  (parcel size = 56)
08-02 11:12:32.966   624   676 W InputDispatcher: channel 'da8f19e com.iamtrk.androidexplorer/com.iamtrk.ItemListActivity (server)' ~ Consumer closed input channel or an error occurred.  events=0x9
08-02 11:12:32.966   624   676 E InputDispatcher: channel 'da8f19e com.iamtrk.androidexplorer/com.iamtrk.ItemListActivity (server)' ~ Channel is unrecoverably broken and will be disposed!
08-02 11:12:32.966   624   676 W InputDispatcher: channel '92f2923 com.iamtrk.androidexplorer/com.iamtrk.ItemListActivity (server)' ~ Consumer closed input channel or an error occurred.  events=0x9
08-02 11:12:32.966   624   676 E InputDispatcher: channel '92f2923 com.iamtrk.androidexplorer/com.iamtrk.ItemListActivity (server)' ~ Channel is unrecoverably broken and will be disposed!
08-02 11:12:32.966   624  1544 D GraphicsStats: Buffer count: 4
08-02 11:12:32.978   624  1051 I WindowState: WIN DEATH: Window{92f2923 u0 com.iamtrk.androidexplorer/com.iamtrk.ItemListActivity}
08-02 11:12:32.979   624  1051 W InputDispatcher: Attempted to unregister already unregistered input channel '92f2923 com.iamtrk.androidexplorer/com.iamtrk.ItemListActivity (server)'
08-02 11:12:32.988   624   728 I WindowState: WIN DEATH: Window{da8f19e u0 com.iamtrk.androidexplorer/com.iamtrk.ItemListActivity}
08-02 11:12:32.988   624   728 W InputDispatcher: Attempted to unregister already unregistered input channel 'da8f19e com.iamtrk.androidexplorer/com.iamtrk.ItemListActivity (server)'
08-02 11:12:33.013  5927  5927 D AndroidRuntime: Shutting down VM
08-02 11:12:33.023  1632  1699 W EGL_emulation: eglSurfaceAttrib not implemented
08-02 11:12:33.023  1632  1699 W OpenGLRenderer: Failed to set EGL_SWAP_BEHAVIOR on surface 0xdf992280, error=EGL_SUCCESS
08-02 11:12:33.048   624  1525 W InputMethodManagerService: Got RemoteException sending setActive(false) notification to pid 5907 uid 10060
08-02 11:12:33.129   624   645 W WindowAnimator: Failed to dispatch window animation state change.
08-02 11:12:33.129   624   645 W WindowAnimator: android.os.DeadObjectException
08-02 11:12:33.129   624   645 W WindowAnimator: 	at android.os.BinderProxy.transactNative(Native Method)
08-02 11:12:33.129   624   645 W WindowAnimator: 	at android.os.BinderProxy.transact(Binder.java:557)
08-02 11:12:33.129   624   645 W WindowAnimator: 	at android.view.IWindow$Stub$Proxy.onAnimationStopped(IWindow.java:534)
08-02 11:12:33.129   624   645 W WindowAnimator: 	at com.android.server.wm.WindowAnimator.updateWindowsLocked(WindowAnimator.java:286)
08-02 11:12:33.129   624   645 W WindowAnimator: 	at com.android.server.wm.WindowAnimator.animateLocked(WindowAnimator.java:678)
08-02 11:12:33.129   624   645 W WindowAnimator: 	at com.android.server.wm.WindowAnimator.-wrap0(WindowAnimator.java)
08-02 11:12:33.129   624   645 W WindowAnimator: 	at com.android.server.wm.WindowAnimator$1.doFrame(WindowAnimator.java:123)
08-02 11:12:33.129   624   645 W WindowAnimator: 	at android.view.Choreographer$CallbackRecord.run(Choreographer.java:856)
08-02 11:12:33.129   624   645 W WindowAnimator: 	at android.view.Choreographer.doCallbacks(Choreographer.java:670)
08-02 11:12:33.129   624   645 W WindowAnimator: 	at android.view.Choreographer.doFrame(Choreographer.java:603)
08-02 11:12:33.129   624   645 W WindowAnimator: 	at android.view.Choreographer$FrameDisplayEventReceiver.run(Choreographer.java:844)
08-02 11:12:33.129   624   645 W WindowAnimator: 	at android.os.Handler.handleCallback(Handler.java:739)
08-02 11:12:33.129   624   645 W WindowAnimator: 	at android.os.Handler.dispatchMessage(Handler.java:95)
08-02 11:12:33.129   624   645 W WindowAnimator: 	at android.os.Looper.loop(Looper.java:148)
08-02 11:12:33.129   624   645 W WindowAnimator: 	at android.os.HandlerThread.run(HandlerThread.java:61)
08-02 11:12:33.129   624   645 W WindowAnimator: 	at com.android.server.ServiceThread.run(ServiceThread.java:46)
08-02 11:12:33.600  1632  1699 W OpenGLRenderer: Incorrectly called buildLayer on View: ShortcutAndWidgetContainer, destroying layer...
08-02 11:12:33.600  1632  1699 W OpenGLRenderer: Incorrectly called buildLayer on View: ShortcutAndWidgetContainer, destroying layer...
08-02 11:12:35.409  5939  5939 D AndroidRuntime: >>>>>> START com.android.internal.os.RuntimeInit uid 0 <<<<<<
08-02 11:12:35.411  5939  5939 D AndroidRuntime: CheckJNI is OFF
08-02 11:12:35.422  5939  5939 D ICU     : No timezone override file found: /data/misc/zoneinfo/current/icu/icu_tzdata.dat
08-02 11:12:35.433  5939  5939 E memtrack: Couldn't load memtrack module (No such file or directory)
08-02 11:12:35.433  5939  5939 E android.os.Debug: failed to load memtrack module: -2
08-02 11:12:35.434  5939  5939 I Radio-JNI: register_android_hardware_Radio DONE
08-02 11:12:35.443  5939  5939 D AndroidRuntime: Calling main entry com.android.commands.monkey.Monkey
08-02 11:12:35.457   624   638 W BroadcastQueue: Skipping deliver [background] BroadcastRecord{843c8e4 u-1 android.net.conn.CONNECTIVITY_CHANGE} to ReceiverList{6a314d 5939 (unknown name)/0/u-1 remote:1c39676}: process crashing
08-02 11:12:35.460   624   728 I ActivityManager: START u0 {act=android.intent.action.MAIN cat=[android.intent.category.LAUNCHER] flg=0x10200000 cmp=com.iamtrk.androidexplorer/com.iamtrk.ItemListActivity} from uid 0 on display 0
08-02 11:12:35.497   624   636 I ActivityManager: Start proc 5949:com.iamtrk.androidexplorer/u0a60 for activity com.iamtrk.androidexplorer/com.iamtrk.ItemListActivity
08-02 11:12:35.532  5949  5949 E libprocessgroup: failed to make and chown /acct/uid_10060: Read-only file system
08-02 11:12:35.532  5949  5949 W Zygote  : createProcessGroup failed, kernel missing CONFIG_CGROUP_CPUACCT?
08-02 11:12:35.615   624   636 W art     : Long monitor contention event with owner method=int com.android.server.wm.WindowManagerService.relayoutWindow(com.android.server.wm.Session, android.view.IWindow, int, android.view.WindowManager$LayoutParams, int, int, int, int, android.graphics.Rect, android.graphics.Rect, android.graphics.Rect, android.graphics.Rect, android.graphics.Rect, android.graphics.Rect, android.content.res.Configuration, android.view.Surface) from WindowManagerService.java:3103 waiters=1 for 118ms
08-02 11:12:35.615   624   639 W art     : Long monitor contention event with owner method=void com.android.server.am.ActivityManagerService.activityPaused(android.os.IBinder) from ActivityManagerService.java:6505 waiters=1 for 149ms
08-02 11:12:35.638  5939  5939 I art     : System.exit called, status: 0
08-02 11:12:35.638  5939  5939 I AndroidRuntime: VM exiting with result code 0.
08-02 11:12:35.905  5949  5949 W System  : ClassLoader referenced unknown path: /data/app/com.iamtrk.androidexplorer-1/lib/x86
08-02 11:12:36.061  5949  5949 D leak-8-4: Eastern Standard Time
08-02 11:12:36.075  5949  5949 D leak-2-0: Eastern Standard Time
08-02 11:12:36.075  5949  5949 D leak-8-0: Eastern Standard Time
08-02 11:12:36.092  5949  5949 D leak-2-3: Eastern Standard Time
08-02 11:12:36.096  5949  5949 D leak-6-3: Eastern Standard Time
08-02 11:12:36.096  5949  5949 D leak-8-3: Eastern Standard Time
08-02 11:12:36.102  5949  5949 D leak-2-1: Eastern Standard Time
08-02 11:12:36.106  5949  5949 D leak-3-1: Eastern Standard Time
08-02 11:12:36.109  5949  5949 D leak-6-1: Eastern Standard Time
08-02 11:12:36.109  5949  5949 D leak-8-1: Eastern Standard Time
08-02 11:12:36.153   624  1525 I ActivityManager: START u0 {act=android.content.pm.action.REQUEST_PERMISSIONS pkg=com.android.packageinstaller cmp=com.android.packageinstaller/.permission.ui.GrantPermissionsActivity (has extras)} from uid 10060 on display 0
08-02 11:12:36.419   624   638 W art     : Long monitor contention event with owner method=int com.android.server.am.ActivityStackSupervisor.startActivityMayWait(android.app.IApplicationThread, int, java.lang.String, android.content.Intent, java.lang.String, android.service.voice.IVoiceInteractionSession, com.android.internal.app.IVoiceInteractor, android.os.IBinder, java.lang.String, int, int, android.app.ProfilerInfo, android.app.IActivityManager$WaitResult, android.content.res.Configuration, android.os.Bundle, boolean, int, android.app.IActivityContainer, com.android.server.am.TaskRecord) from ActivityStackSupervisor.java:946 waiters=0 for 238ms
08-02 11:12:36.796  5949  5963 D OpenGLRenderer: Use EGL_SWAP_BEHAVIOR_PRESERVED: true
08-02 11:12:36.802   624   638 W ActivityManager: Activity pause timeout for ActivityRecord{6caa402 u0 com.iamtrk.androidexplorer/com.iamtrk.ItemListActivity t8}
08-02 11:12:37.011  5949  5949 D         : HostConnection::get() New Host Connection established 0xe9adf930, tid 5949
08-02 11:12:37.233  5949  5949 D leak-2-2: Eastern Standard Time
08-02 11:12:37.233  5949  5949 D leak-3-2: Eastern Standard Time
08-02 11:12:37.233  5949  5949 D leak-4-2: Eastern Standard Time
08-02 11:12:37.233  5949  5949 D leak-6-2: Eastern Standard Time
08-02 11:12:37.233  5949  5949 D leak-8-2: Eastern Standard Time
08-02 11:12:37.257  5949  5949 I AppCompatDelegate: The Activity's LayoutInflater already has a Factory installed so we can not install AppCompat's
08-02 11:12:37.756  5949  5963 D libEGL  : loaded /system/lib/egl/libEGL_emulation.so
08-02 11:12:37.757  5949  5963 D libEGL  : loaded /system/lib/egl/libGLESv1_CM_emulation.so
08-02 11:12:37.780  5949  5963 D libEGL  : loaded /system/lib/egl/libGLESv2_emulation.so
08-02 11:12:37.817  5949  5963 D         : HostConnection::get() New Host Connection established 0xeead28f0, tid 5963
08-02 11:12:38.034  5949  5963 I OpenGLRenderer: Initialized EGL, version 1.4
08-02 11:12:38.503  5949  5963 W EGL_emulation: eglSurfaceAttrib not implemented
08-02 11:12:38.503  5949  5963 W OpenGLRenderer: Failed to set EGL_SWAP_BEHAVIOR on surface 0xeead35a0, error=EGL_SUCCESS
08-02 11:12:38.867  5949  5963 W EGL_emulation: eglSurfaceAttrib not implemented
08-02 11:12:38.867  5949  5963 W OpenGLRenderer: Failed to set EGL_SWAP_BEHAVIOR on surface 0xeead35c0, error=EGL_SUCCESS
08-02 11:12:39.284  2057  2057 I art     : Starting a blocking GC Explicit
08-02 11:12:39.291  2057  2057 I art     : Explicit concurrent mark sweep GC freed 4667(257KB) AllocSpace objects, 4(80KB) LOS objects, 42% free, 705KB/1217KB, paused 166us total 6.725ms
08-02 11:12:39.308  2057  2057 I art     : Starting a blocking GC Explicit
08-02 11:12:39.314  2057  2057 I art     : Explicit concurrent mark sweep GC freed 1033(73KB) AllocSpace objects, 0(0B) LOS objects, 44% free, 632KB/1144KB, paused 70us total 5.849ms
08-02 11:12:39.316  2057  2057 I art     : Starting a blocking GC Explicit
08-02 11:12:39.325  2057  2057 I art     : Explicit concurrent mark sweep GC freed 2(64B) AllocSpace objects, 0(0B) LOS objects, 44% free, 633KB/1145KB, paused 72us total 8.229ms
08-02 11:12:39.350  1632  1699 E Surface : getSlotFromBufferLocked: unknown buffer: 0xdeb82310
08-02 11:12:39.381   624   645 W WindowManager: Failed looking up window
08-02 11:12:39.381   624   645 W WindowManager: java.lang.IllegalArgumentException: Requested window android.view.ViewRootImpl$W@5d4b15a does not exist
08-02 11:12:39.381   624   645 W WindowManager: 	at com.android.server.wm.WindowManagerService.windowForClientLocked(WindowManagerService.java:8733)
08-02 11:12:39.381   624   645 W WindowManager: 	at com.android.server.wm.WindowManagerService.windowForClientLocked(WindowManagerService.java:8724)
08-02 11:12:39.381   624   645 W WindowManager: 	at com.android.server.wm.WindowManagerService.removeWindow(WindowManagerService.java:2697)
08-02 11:12:39.381   624   645 W WindowManager: 	at com.android.server.wm.Session.remove(Session.java:187)
08-02 11:12:39.381   624   645 W WindowManager: 	at android.view.ViewRootImpl.dispatchDetachedFromWindow(ViewRootImpl.java:3099)
08-02 11:12:39.381   624   645 W WindowManager: 	at android.view.ViewRootImpl.doDie(ViewRootImpl.java:5606)
08-02 11:12:39.381   624   645 W WindowManager: 	at android.view.ViewRootImpl$ViewRootHandler.handleMessage(ViewRootImpl.java:3409)
08-02 11:12:39.381   624   645 W WindowManager: 	at android.os.Handler.dispatchMessage(Handler.java:102)
08-02 11:12:39.381   624   645 W WindowManager: 	at android.os.Looper.loop(Looper.java:148)
08-02 11:12:39.381   624   645 W WindowManager: 	at android.os.HandlerThread.run(HandlerThread.java:61)
08-02 11:12:39.381   624   645 W WindowManager: 	at com.android.server.ServiceThread.run(ServiceThread.java:46)
08-02 11:12:41.463  5979  5979 D AndroidRuntime: >>>>>> START com.android.internal.os.RuntimeInit uid 0 <<<<<<
08-02 11:12:41.466  5979  5979 D AndroidRuntime: CheckJNI is OFF
08-02 11:12:41.476  5979  5979 D ICU     : No timezone override file found: /data/misc/zoneinfo/current/icu/icu_tzdata.dat
08-02 11:12:41.487  5979  5979 E memtrack: Couldn't load memtrack module (No such file or directory)
08-02 11:12:41.487  5979  5979 E android.os.Debug: failed to load memtrack module: -2
08-02 11:12:41.487  5979  5979 I Radio-JNI: register_android_hardware_Radio DONE
08-02 11:12:41.495  5979  5979 D AndroidRuntime: Calling main entry com.android.commands.uiautomator.Launcher
08-02 11:12:42.515  5979  5979 W AccessibilityNodeInfoDumper: Fetch time: 3ms
08-02 11:12:42.515   624   767 W WindowManager: Attempted to remove non-existing token: android.os.Binder@efd8944
08-02 11:12:42.523  5979  5979 D AndroidRuntime: Shutting down VM
08-02 11:12:42.989  5997  5997 D AndroidRuntime: >>>>>> START com.android.internal.os.RuntimeInit uid 0 <<<<<<
08-02 11:12:42.991  5997  5997 D AndroidRuntime: CheckJNI is OFF
08-02 11:12:43.005  5997  5997 D ICU     : No timezone override file found: /data/misc/zoneinfo/current/icu/icu_tzdata.dat
08-02 11:12:43.030  5997  5997 E memtrack: Couldn't load memtrack module (No such file or directory)
08-02 11:12:43.030  5997  5997 E android.os.Debug: failed to load memtrack module: -2
08-02 11:12:43.033  5997  5997 I Radio-JNI: register_android_hardware_Radio DONE
08-02 11:12:43.043  5997  5997 D AndroidRuntime: Calling main entry com.android.commands.uiautomator.Launcher
08-02 11:12:44.060  5997  5997 W AccessibilityNodeInfoDumper: Fetch time: 2ms
08-02 11:12:44.060   624   769 W WindowManager: Attempted to remove non-existing token: android.os.Binder@3744b62
08-02 11:12:44.077  5997  5997 D AndroidRuntime: Shutting down VM
08-02 11:12:45.156  6020  6020 D AndroidRuntime: >>>>>> START com.android.internal.os.RuntimeInit uid 0 <<<<<<
08-02 11:12:45.157  6020  6020 D AndroidRuntime: CheckJNI is OFF
08-02 11:12:45.167  6020  6020 D ICU     : No timezone override file found: /data/misc/zoneinfo/current/icu/icu_tzdata.dat
08-02 11:12:45.182  6020  6020 E memtrack: Couldn't load memtrack module (No such file or directory)
08-02 11:12:45.182  6020  6020 E android.os.Debug: failed to load memtrack module: -2
08-02 11:12:45.182  6020  6020 I Radio-JNI: register_android_hardware_Radio DONE
08-02 11:12:45.188  6020  6020 D AndroidRuntime: Calling main entry com.android.commands.uiautomator.Launcher
08-02 11:12:46.206  6020  6020 W AccessibilityNodeInfoDumper: Fetch time: 3ms
08-02 11:12:46.207   624  1079 W WindowManager: Attempted to remove non-existing token: android.os.Binder@74824f3
08-02 11:12:46.219  6020  6020 D AndroidRuntime: Shutting down VM
08-02 11:12:47.403  6047  6047 D AndroidRuntime: >>>>>> START com.android.internal.os.RuntimeInit uid 0 <<<<<<
08-02 11:12:47.404  6047  6047 D AndroidRuntime: CheckJNI is OFF
08-02 11:12:47.415  6047  6047 D ICU     : No timezone override file found: /data/misc/zoneinfo/current/icu/icu_tzdata.dat
08-02 11:12:47.429  6047  6047 E memtrack: Couldn't load memtrack module (No such file or directory)
08-02 11:12:47.429  6047  6047 E android.os.Debug: failed to load memtrack module: -2
08-02 11:12:47.430  6047  6047 I Radio-JNI: register_android_hardware_Radio DONE
08-02 11:12:47.438  6047  6047 D AndroidRuntime: Calling main entry com.android.commands.uiautomator.Launcher
08-02 11:12:48.459  6047  6047 W AccessibilityNodeInfoDumper: Fetch time: 1ms
08-02 11:12:48.459   624  1051 W WindowManager: Attempted to remove non-existing token: android.os.Binder@bebf5b0
08-02 11:12:48.479  6047  6047 D AndroidRuntime: Shutting down VM
08-02 11:12:49.587  6078  6078 D AndroidRuntime: >>>>>> START com.android.internal.os.RuntimeInit uid 0 <<<<<<
08-02 11:12:49.588  6078  6078 D AndroidRuntime: CheckJNI is OFF
08-02 11:12:49.597  6078  6078 D ICU     : No timezone override file found: /data/misc/zoneinfo/current/icu/icu_tzdata.dat
08-02 11:12:49.609  6078  6078 E memtrack: Couldn't load memtrack module (No such file or directory)
08-02 11:12:49.609  6078  6078 E android.os.Debug: failed to load memtrack module: -2
08-02 11:12:49.610  6078  6078 I Radio-JNI: register_android_hardware_Radio DONE
08-02 11:12:49.617  6078  6078 D AndroidRuntime: Calling main entry com.android.commands.pm.Pm
08-02 11:12:49.620   624   638 I ActivityManager: Force stopping com.iamtrk.androidexplorer appid=10060 user=-1: uninstall pkg
08-02 11:12:49.620   624   638 I ActivityManager: Killing 5949:com.iamtrk.androidexplorer/u0a60 (adj 0): stop com.iamtrk.androidexplorer
08-02 11:12:49.620   624   638 W libprocessgroup: failed to open /acct/uid_10060/pid_5949/cgroup.procs: No such file or directory
08-02 11:12:49.620   624   638 W ActivityManager: Force removing ActivityRecord{6caa402 u0 com.iamtrk.androidexplorer/com.iamtrk.ItemListActivity t8}: app died, no saved state
08-02 11:12:49.645   624   676 W InputDispatcher: channel 'e1162b9 com.iamtrk.androidexplorer/com.iamtrk.ItemListActivity (server)' ~ Consumer closed input channel or an error occurred.  events=0x9
08-02 11:12:49.645   624   676 E InputDispatcher: channel 'e1162b9 com.iamtrk.androidexplorer/com.iamtrk.ItemListActivity (server)' ~ Channel is unrecoverably broken and will be disposed!
08-02 11:12:49.645   624   676 W InputDispatcher: channel '96ff503 com.iamtrk.androidexplorer/com.iamtrk.ItemListActivity (server)' ~ Consumer closed input channel or an error occurred.  events=0x9
08-02 11:12:49.645   624   676 E InputDispatcher: channel '96ff503 com.iamtrk.androidexplorer/com.iamtrk.ItemListActivity (server)' ~ Channel is unrecoverably broken and will be disposed!
08-02 11:12:49.646   624   645 E JavaBinder: !!! FAILED BINDER TRANSACTION !!!  (parcel size = 60)
08-02 11:12:49.654   624  1544 D GraphicsStats: Buffer count: 4
08-02 11:12:49.654   624  1051 I WindowState: WIN DEATH: Window{e1162b9 u0 com.iamtrk.androidexplorer/com.iamtrk.ItemListActivity}
08-02 11:12:49.654   624  1051 W InputDispatcher: Attempted to unregister already unregistered input channel 'e1162b9 com.iamtrk.androidexplorer/com.iamtrk.ItemListActivity (server)'
08-02 11:12:49.658   624   769 I WindowState: WIN DEATH: Window{96ff503 u0 com.iamtrk.androidexplorer/com.iamtrk.ItemListActivity}
08-02 11:12:49.658   624   769 W InputDispatcher: Attempted to unregister already unregistered input channel '96ff503 com.iamtrk.androidexplorer/com.iamtrk.ItemListActivity (server)'
08-02 11:12:49.686   624   645 W WindowAnimator: Failed to dispatch window animation state change.
08-02 11:12:49.686   624   645 W WindowAnimator: android.os.DeadObjectException
08-02 11:12:49.686   624   645 W WindowAnimator: 	at android.os.BinderProxy.transactNative(Native Method)
08-02 11:12:49.686   624   645 W WindowAnimator: 	at android.os.BinderProxy.transact(Binder.java:557)
08-02 11:12:49.686   624   645 W WindowAnimator: 	at android.view.IWindow$Stub$Proxy.onAnimationStarted(IWindow.java:520)
08-02 11:12:49.686   624   645 W WindowAnimator: 	at com.android.server.wm.WindowAnimator.updateWindowsLocked(WindowAnimator.java:282)
08-02 11:12:49.686   624   645 W WindowAnimator: 	at com.android.server.wm.WindowAnimator.animateLocked(WindowAnimator.java:678)
08-02 11:12:49.686   624   645 W WindowAnimator: 	at com.android.server.wm.WindowAnimator.-wrap0(WindowAnimator.java)
08-02 11:12:49.686   624   645 W WindowAnimator: 	at com.android.server.wm.WindowAnimator$1.doFrame(WindowAnimator.java:123)
08-02 11:12:49.686   624   645 W WindowAnimator: 	at android.view.Choreographer$CallbackRecord.run(Choreographer.java:856)
08-02 11:12:49.686   624   645 W WindowAnimator: 	at android.view.Choreographer.doCallbacks(Choreographer.java:670)
08-02 11:12:49.686   624   645 W WindowAnimator: 	at android.view.Choreographer.doFrame(Choreographer.java:603)
08-02 11:12:49.686   624   645 W WindowAnimator: 	at android.view.Choreographer$FrameDisplayEventReceiver.run(Choreographer.java:844)
08-02 11:12:49.686   624   645 W WindowAnimator: 	at android.os.Handler.handleCallback(Handler.java:739)
08-02 11:12:49.686   624   645 W WindowAnimator: 	at android.os.Handler.dispatchMessage(Handler.java:95)
08-02 11:12:49.686   624   645 W WindowAnimator: 	at android.os.Looper.loop(Looper.java:148)
08-02 11:12:49.686   624   645 W WindowAnimator: 	at android.os.HandlerThread.run(HandlerThread.java:61)
08-02 11:12:49.686   624   645 W WindowAnimator: 	at com.android.server.ServiceThread.run(ServiceThread.java:46)
08-02 11:12:49.691   624   649 I art     : Starting a blocking GC Explicit
08-02 11:12:49.706   624   649 I art     : Explicit concurrent mark sweep GC freed 11825(819KB) AllocSpace objects, 9(208KB) LOS objects, 33% free, 6MB/9MB, paused 609us total 14.597ms
08-02 11:12:49.716   624   649 W PackageManager: Couldn't remove dex file for package:  at location /data/app/com.iamtrk.androidexplorer-1/base.apk, retcode=-1
08-02 11:12:49.718  6078  6078 I art     : System.exit called, status: 0
08-02 11:12:49.718  6078  6078 I AndroidRuntime: VM exiting with result code 0.
08-02 11:12:49.720   624   649 I ActivityManager: Force stopping com.iamtrk.androidexplorer appid=10060 user=0: pkg removed
08-02 11:12:49.998   624  1564 W art     : Long monitor contention event with owner method=android.content.pm.PackageCleanItem com.android.server.pm.PackageManagerService.nextPackageToClean(android.content.pm.PackageCleanItem) from PackageManagerService.java:9445 waiters=0 for 160ms
08-02 11:12:50.004   624   677 I InputReader: Reconfiguring input devices.  changes=0x00000010
08-02 11:12:50.038  1632  1699 W EGL_emulation: eglSurfaceAttrib not implemented
08-02 11:12:50.044  1632  1699 W OpenGLRenderer: Failed to set EGL_SWAP_BEHAVIOR on surface 0xdf992760, error=EGL_SUCCESS
08-02 11:12:50.130   624   624 D JobSchedulerService: Receieved: android.intent.action.PACKAGE_REMOVED
08-02 11:12:50.177   624   649 W art     : Long monitor contention event with owner method=void com.android.server.am.BroadcastQueue.processNextBroadcast(boolean) from BroadcastQueue.java:639 waiters=0 for 379ms
08-02 11:12:50.187   961  1113 I LatinIME:LogUtils: Dictionary info: dictionary = main:en ; version = 54 ; date = 1414726273
08-02 11:12:50.390   865  6092 D VoicemailCleanupService: Cleaning up data for package: com.iamtrk.androidexplorer
08-02 11:12:50.438   624   645 W WindowAnimator: Failed to dispatch window animation state change.
08-02 11:12:50.438   624   645 W WindowAnimator: android.os.DeadObjectException
08-02 11:12:50.438   624   645 W WindowAnimator: 	at android.os.BinderProxy.transactNative(Native Method)
08-02 11:12:50.438   624   645 W WindowAnimator: 	at android.os.BinderProxy.transact(Binder.java:557)
08-02 11:12:50.438   624   645 W WindowAnimator: 	at android.view.IWindow$Stub$Proxy.onAnimationStopped(IWindow.java:534)
08-02 11:12:50.438   624   645 W WindowAnimator: 	at com.android.server.wm.WindowAnimator.updateWindowsLocked(WindowAnimator.java:286)
08-02 11:12:50.438   624   645 W WindowAnimator: 	at com.android.server.wm.WindowAnimator.animateLocked(WindowAnimator.java:678)
08-02 11:12:50.438   624   645 W WindowAnimator: 	at com.android.server.wm.WindowAnimator.-wrap0(WindowAnimator.java)
08-02 11:12:50.438   624   645 W WindowAnimator: 	at com.android.server.wm.WindowAnimator$1.doFrame(WindowAnimator.java:123)
08-02 11:12:50.438   624   645 W WindowAnimator: 	at android.view.Choreographer$CallbackRecord.run(Choreographer.java:856)
08-02 11:12:50.438   624   645 W WindowAnimator: 	at android.view.Choreographer.doCallbacks(Choreographer.java:670)
08-02 11:12:50.438   624   645 W WindowAnimator: 	at android.view.Choreographer.doFrame(Choreographer.java:603)
08-02 11:12:50.438   624   645 W WindowAnimator: 	at android.view.Choreographer$FrameDisplayEventReceiver.run(Choreographer.java:844)
08-02 11:12:50.438   624   645 W WindowAnimator: 	at android.os.Handler.handleCallback(Handler.java:739)
08-02 11:12:50.438   624   645 W WindowAnimator: 	at android.os.Handler.dispatchMessage(Handler.java:95)
08-02 11:12:50.438   624   645 W WindowAnimator: 	at android.os.Looper.loop(Looper.java:148)
08-02 11:12:50.438   624   645 W WindowAnimator: 	at android.os.HandlerThread.run(HandlerThread.java:61)
08-02 11:12:50.438   624   645 W WindowAnimator: 	at com.android.server.ServiceThread.run(ServiceThread.java:46)
08-02 11:12:50.607   624  1079 W InputMethodManagerService: Window already focused, ignoring focus gain of: com.android.internal.view.IInputMethodClient$Stub$Proxy@6def9a4 attribute=null, token = android.os.BinderProxy@4c12bf
08-02 11:12:50.634   624  1101 I ActivityManager: Start proc 6098:com.android.keychain/1000 for broadcast com.android.keychain/.KeyChainBroadcastReceiver
08-02 11:12:50.666  6098  6098 E libprocessgroup: failed to make and chown /acct/uid_1000: Read-only file system
08-02 11:12:50.693  6098  6098 W Zygote  : createProcessGroup failed, kernel missing CONFIG_CGROUP_CPUACCT?
08-02 11:12:50.889  1004  1004 D CarrierServiceBindHelper: Receive action: android.intent.action.PACKAGE_REMOVED
08-02 11:12:51.109  6098  6098 W System  : ClassLoader referenced unknown path: /system/app/KeyChain/lib/x86
08-02 11:12:51.111  6098  6098 W ContextImpl: Calling a method in the system process without a qualified user: android.app.ContextImpl.startService:1221 android.content.ContextWrapper.startService:581 android.content.ContextWrapper.startService:581 com.android.keychain.KeyChainBroadcastReceiver.onReceive:12 android.app.ActivityThread.handleReceiver:2725 
08-02 11:12:51.133   624   624 I ActivityManager: Start proc 6113:com.android.documentsui/u0a33 for broadcast com.android.documentsui/.PackageReceiver
08-02 11:12:51.163  6113  6113 E libprocessgroup: failed to make and chown /acct/uid_10033: Read-only file system
08-02 11:12:51.163  6113  6113 W Zygote  : createProcessGroup failed, kernel missing CONFIG_CGROUP_CPUACCT?
08-02 11:12:51.170  6097  6097 D AndroidRuntime: >>>>>> START com.android.internal.os.RuntimeInit uid 0 <<<<<<
08-02 11:12:51.179  6097  6097 D AndroidRuntime: CheckJNI is OFF
08-02 11:12:51.209  6097  6097 D ICU     : No timezone override file found: /data/misc/zoneinfo/current/icu/icu_tzdata.dat
08-02 11:12:51.227  6113  6113 W System  : ClassLoader referenced unknown path: /system/app/DocumentsUI/lib/x86
08-02 11:12:51.237  6097  6097 E memtrack: Couldn't load memtrack module (No such file or directory)
08-02 11:12:51.237  6097  6097 E android.os.Debug: failed to load memtrack module: -2
08-02 11:12:51.238  6097  6097 I Radio-JNI: register_android_hardware_Radio DONE
08-02 11:12:51.260  6097  6097 D AndroidRuntime: Calling main entry com.android.commands.pm.Pm
08-02 11:12:51.292  1980  1992 D DefContainer: Copying /data/local/tmp/device-explorer-release-unsigned_SINK.apk to base.apk
08-02 11:12:51.305   624   636 I ActivityManager: Start proc 6135:android.process.media/u0a6 for content provider com.android.providers.downloads/.DownloadStorageProvider
08-02 11:12:51.331  6135  6135 E libprocessgroup: failed to make and chown /acct/uid_10006: Read-only file system
08-02 11:12:51.331  6135  6135 W Zygote  : createProcessGroup failed, kernel missing CONFIG_CGROUP_CPUACCT?
08-02 11:12:51.354  1632  1632 I Choreographer: Skipped 42 frames!  The application may be doing too much work on its main thread.
08-02 11:12:51.409   624   649 I PackageManager.DexOptimizer: Running dexopt (dex2oat) on: /data/app/vmdl1417583333.tmp/base.apk pkg=com.iamtrk.androidexplorer isa=x86 vmSafeMode=false debuggable=false oatDir = /data/app/vmdl1417583333.tmp/oat
08-02 11:12:51.461  6135  6135 W System  : ClassLoader referenced unknown path: /system/priv-app/DownloadProvider/lib/x86
08-02 11:12:51.462  1632  1699 W OpenGLRenderer: Incorrectly called buildLayer on View: ShortcutAndWidgetContainer, destroying layer...
08-02 11:12:51.462  1632  1699 W OpenGLRenderer: Incorrectly called buildLayer on View: ShortcutAndWidgetContainer, destroying layer...
08-02 11:12:51.469  6149  6149 W dex2oat : Unexpected CPU variant for X86 using defaults: x86
08-02 11:12:51.470  6149  6149 I dex2oat : Starting dex2oat.
08-02 11:12:51.470  6149  6149 E cutils-trace: Error opening trace file: Permission denied (13)
08-02 11:12:51.475  6135  6135 W System  : ClassLoader referenced unknown path: /system/priv-app/MediaProvider/lib/x86
08-02 11:12:51.536   624  1526 I ActivityManager: Start proc 6159:com.android.externalstorage/u0a7 for content provider com.android.externalstorage/.ExternalStorageProvider
08-02 11:12:51.538   624  1525 I ActivityManager: Killing 1371:com.android.calendar/u0a24 (adj 15): empty #17
08-02 11:12:51.539   624  1525 W libprocessgroup: failed to open /acct/uid_10024/pid_1371/cgroup.procs: No such file or directory
08-02 11:12:51.566  6159  6159 E libprocessgroup: failed to make and chown /acct/uid_10007: Read-only file system
08-02 11:12:51.566  6159  6159 W Zygote  : createProcessGroup failed, kernel missing CONFIG_CGROUP_CPUACCT?
08-02 11:12:51.575   624  1051 I ActivityManager: Killing 1856:com.android.camera2/u0a25 (adj 15): empty #17
08-02 11:12:51.575   624  1051 W libprocessgroup: failed to open /acct/uid_10025/pid_1856/cgroup.procs: No such file or directory
08-02 11:12:51.581  6159  6159 W System  : ClassLoader referenced unknown path: /system/priv-app/ExternalStorageProvider/lib/x86
08-02 11:12:51.595  6159  6159 D ExternalStorage: After updating volumes, found 1 active roots
08-02 11:12:51.625  6113  6133 D Documents: Update found 6 roots in 340ms
08-02 11:12:51.629  6113  6172 D Documents: Update found 6 roots in 21ms
08-02 11:12:51.887  6149  6149 I dex2oat : dex2oat took 417.315ms (threads: 4) arena alloc=2MB java alloc=1676KB native alloc=7MB free=1893KB
08-02 11:12:51.920   624   649 V BackupManagerService: restoreAtInstall pkg=com.iamtrk.androidexplorer token=2 restoreSet=0
08-02 11:12:51.920   624   649 V BackupManagerService: Finishing install immediately
08-02 11:12:51.920   624   649 W Settings: Setting install_non_market_apps has moved from android.provider.Settings.Global to android.provider.Settings.Secure, returning read-only value.
08-02 11:12:51.920   624   649 I art     : Starting a blocking GC Explicit
08-02 11:12:51.930   624   649 I art     : Explicit concurrent mark sweep GC freed 26447(1539KB) AllocSpace objects, 10(304KB) LOS objects, 33% free, 6MB/9MB, paused 224us total 7.786ms
08-02 11:12:51.932  6097  6097 I art     : System.exit called, status: 0
08-02 11:12:51.932  6097  6097 I AndroidRuntime: VM exiting with result code 0.
08-02 11:12:51.939  6113  6176 D Documents: Update found 6 roots in 6ms
08-02 11:12:51.947   624   677 I InputReader: Reconfiguring input devices.  changes=0x00000010
08-02 11:12:51.963  1004  1004 D CarrierServiceBindHelper: Receive action: android.intent.action.PACKAGE_ADDED
08-02 11:12:51.963  1004  1004 D CarrierServiceBindHelper: mHandler: 3
08-02 11:12:51.963  1004  1004 D CarrierConfigLoader: mHandler: 9 phoneId: 0
08-02 11:12:51.975   624   637 W VoiceInteractionManagerService: no available voice recognition services found for user 0
08-02 11:12:52.158  6185  6185 D AndroidRuntime: >>>>>> START com.android.internal.os.RuntimeInit uid 0 <<<<<<
08-02 11:12:52.160  6185  6185 D AndroidRuntime: CheckJNI is OFF
08-02 11:12:52.171  6185  6185 D ICU     : No timezone override file found: /data/misc/zoneinfo/current/icu/icu_tzdata.dat
08-02 11:12:52.182  6185  6185 E memtrack: Couldn't load memtrack module (No such file or directory)
08-02 11:12:52.182  6185  6185 E android.os.Debug: failed to load memtrack module: -2
08-02 11:12:52.184  6185  6185 I Radio-JNI: register_android_hardware_Radio DONE
08-02 11:12:52.191  6185  6185 D AndroidRuntime: Calling main entry com.android.commands.monkey.Monkey
