08-02 11:45:20.966  4498  4498 I Input   : injectMotionEvent: MotionEvent { action=ACTION_MOVE, actionButton=0, id[0]=0, x[0]=1144.0, y[0]=112.0, toolType[0]=TOOL_TYPE_UNKNOWN, buttonState=0, metaState=0, flags=0x0, edgeFlags=0x0, pointerCount=1, historySize=0, eventTime=346068, downTime=346068, deviceId=0, source=0x1002 }
08-02 11:45:20.983  4498  4498 I Input   : injectMotionEvent: MotionEvent { action=ACTION_MOVE, actionButton=0, id[0]=0, x[0]=1144.0, y[0]=112.0, toolType[0]=TOOL_TYPE_UNKNOWN, buttonState=0, metaState=0, flags=0x0, edgeFlags=0x0, pointerCount=1, historySize=0, eventTime=346085, downTime=346085, deviceId=0, source=0x1002 }
08-02 11:45:20.999  4498  4498 I Input   : injectMotionEvent: MotionEvent { action=ACTION_MOVE, actionButton=0, id[0]=0, x[0]=1144.0, y[0]=112.0, toolType[0]=TOOL_TYPE_UNKNOWN, buttonState=0, metaState=0, flags=0x0, edgeFlags=0x0, pointerCount=1, historySize=0, eventTime=346100, downTime=346100, deviceId=0, source=0x1002 }
08-02 11:45:21.016  4498  4498 I Input   : injectMotionEvent: MotionEvent { action=ACTION_MOVE, actionButton=0, id[0]=0, x[0]=1144.0, y[0]=112.0, toolType[0]=TOOL_TYPE_UNKNOWN, buttonState=0, metaState=0, flags=0x0, edgeFlags=0x0, pointerCount=1, historySize=0, eventTime=346118, downTime=346118, deviceId=0, source=0x1002 }
08-02 11:45:21.040  4498  4498 I Input   : injectMotionEvent: MotionEvent { action=ACTION_MOVE, actionButton=0, id[0]=0, x[0]=1144.0, y[0]=112.0, toolType[0]=TOOL_TYPE_UNKNOWN, buttonState=0, metaState=0, flags=0x0, edgeFlags=0x0, pointerCount=1, historySize=0, eventTime=346142, downTime=346142, deviceId=0, source=0x1002 }
08-02 11:45:21.050  4498  4498 I Input   : injectMotionEvent: MotionEvent { action=ACTION_MOVE, actionButton=0, id[0]=0, x[0]=1144.0, y[0]=112.0, toolType[0]=TOOL_TYPE_UNKNOWN, buttonState=0, metaState=0, flags=0x0, edgeFlags=0x0, pointerCount=1, historySize=0, eventTime=346151, downTime=346151, deviceId=0, source=0x1002 }
08-02 11:45:21.065  4498  4498 I Input   : injectMotionEvent: MotionEvent { action=ACTION_MOVE, actionButton=0, id[0]=0, x[0]=1144.0, y[0]=112.0, toolType[0]=TOOL_TYPE_UNKNOWN, buttonState=0, metaState=0, flags=0x0, edgeFlags=0x0, pointerCount=1, historySize=0, eventTime=346167, downTime=346167, deviceId=0, source=0x1002 }
08-02 11:45:21.084  4498  4498 I Input   : injectMotionEvent: MotionEvent { action=ACTION_MOVE, actionButton=0, id[0]=0, x[0]=1144.0, y[0]=112.0, toolType[0]=TOOL_TYPE_UNKNOWN, buttonState=0, metaState=0, flags=0x0, edgeFlags=0x0, pointerCount=1, historySize=0, eventTime=346185, downTime=346185, deviceId=0, source=0x1002 }
08-02 11:45:21.100  4498  4498 I Input   : injectMotionEvent: MotionEvent { action=ACTION_MOVE, actionButton=0, id[0]=0, x[0]=1144.0, y[0]=112.0, toolType[0]=TOOL_TYPE_UNKNOWN, buttonState=0, metaState=0, flags=0x0, edgeFlags=0x0, pointerCount=1, historySize=0, eventTime=346201, downTime=346201, deviceId=0, source=0x1002 }
08-02 11:45:21.116  4498  4498 I Input   : injectMotionEvent: MotionEvent { action=ACTION_MOVE, actionButton=0, id[0]=0, x[0]=1144.0, y[0]=112.0, toolType[0]=TOOL_TYPE_UNKNOWN, buttonState=0, metaState=0, flags=0x0, edgeFlags=0x0, pointerCount=1, historySize=0, eventTime=346217, downTime=346217, deviceId=0, source=0x1002 }
08-02 11:45:21.349  4498  4498 I Input   : injectMotionEvent: MotionEvent { action=ACTION_MOVE, actionButton=0, id[0]=0, x[0]=1144.0, y[0]=112.0, toolType[0]=TOOL_TYPE_UNKNOWN, buttonState=0, metaState=0, flags=0x0, edgeFlags=0x0, pointerCount=1, historySize=0, eventTime=346450, downTime=346450, deviceId=0, source=0x1002 }
08-02 11:45:21.366  4498  4498 I Input   : injectMotionEvent: MotionEvent { action=ACTION_MOVE, actionButton=0, id[0]=0, x[0]=1144.0, y[0]=112.0, toolType[0]=TOOL_TYPE_UNKNOWN, buttonState=0, metaState=0, flags=0x0, edgeFlags=0x0, pointerCount=1, historySize=0, eventTime=346467, downTime=346467, deviceId=0, source=0x1002 }
08-02 11:45:21.390  4498  4498 I Input   : injectMotionEvent: MotionEvent { action=ACTION_MOVE, actionButton=0, id[0]=0, x[0]=1144.0, y[0]=112.0, toolType[0]=TOOL_TYPE_UNKNOWN, buttonState=0, metaState=0, flags=0x0, edgeFlags=0x0, pointerCount=1, historySize=0, eventTime=346492, downTime=346492, deviceId=0, source=0x1002 }
08-02 11:45:21.399  4498  4498 I Input   : injectMotionEvent: MotionEvent { action=ACTION_MOVE, actionButton=0, id[0]=0, x[0]=1144.0, y[0]=112.0, toolType[0]=TOOL_TYPE_UNKNOWN, buttonState=0, metaState=0, flags=0x0, edgeFlags=0x0, pointerCount=1, historySize=0, eventTime=346500, downTime=346500, deviceId=0, source=0x1002 }
08-02 11:45:21.416  4498  4498 I Input   : injectMotionEvent: MotionEvent { action=ACTION_MOVE, actionButton=0, id[0]=0, x[0]=1144.0, y[0]=112.0, toolType[0]=TOOL_TYPE_UNKNOWN, buttonState=0, metaState=0, flags=0x0, edgeFlags=0x0, pointerCount=1, historySize=0, eventTime=346518, downTime=346518, deviceId=0, source=0x1002 }
08-02 11:45:21.440  4498  4498 I Input   : injectMotionEvent: MotionEvent { action=ACTION_MOVE, actionButton=0, id[0]=0, x[0]=1144.0, y[0]=112.0, toolType[0]=TOOL_TYPE_UNKNOWN, buttonState=0, metaState=0, flags=0x0, edgeFlags=0x0, pointerCount=1, historySize=0, eventTime=346541, downTime=346541, deviceId=0, source=0x1002 }
08-02 11:45:21.449  4498  4498 I Input   : injectMotionEvent: MotionEvent { action=ACTION_MOVE, actionButton=0, id[0]=0, x[0]=1144.0, y[0]=112.0, toolType[0]=TOOL_TYPE_UNKNOWN, buttonState=0, metaState=0, flags=0x0, edgeFlags=0x0, pointerCount=1, historySize=0, eventTime=346550, downTime=346550, deviceId=0, source=0x1002 }
08-02 11:45:21.471  4498  4498 I Input   : injectMotionEvent: MotionEvent { action=ACTION_MOVE, actionButton=0, id[0]=0, x[0]=1144.0, y[0]=112.0, toolType[0]=TOOL_TYPE_UNKNOWN, buttonState=0, metaState=0, flags=0x0, edgeFlags=0x0, pointerCount=1, historySize=0, eventTime=346572, downTime=346572, deviceId=0, source=0x1002 }
08-02 11:45:21.483  4498  4498 I Input   : injectMotionEvent: MotionEvent { action=ACTION_MOVE, actionButton=0, id[0]=0, x[0]=1144.0, y[0]=112.0, toolType[0]=TOOL_TYPE_UNKNOWN, buttonState=0, metaState=0, flags=0x0, edgeFlags=0x0, pointerCount=1, historySize=0, eventTime=346585, downTime=346585, deviceId=0, source=0x1002 }
08-02 11:45:21.508  4498  4498 I Input   : injectMotionEvent: MotionEvent { action=ACTION_MOVE, actionButton=0, id[0]=0, x[0]=1144.0, y[0]=112.0, toolType[0]=TOOL_TYPE_UNKNOWN, buttonState=0, metaState=0, flags=0x0, edgeFlags=0x0, pointerCount=1, historySize=0, eventTime=346610, downTime=346610, deviceId=0, source=0x1002 }
08-02 11:45:21.532  4498  4498 I Input   : injectMotionEvent: MotionEvent { action=ACTION_MOVE, actionButton=0, id[0]=0, x[0]=1144.0, y[0]=112.0, toolType[0]=TOOL_TYPE_UNKNOWN, buttonState=0, metaState=0, flags=0x0, edgeFlags=0x0, pointerCount=1, historySize=0, eventTime=346634, downTime=346634, deviceId=0, source=0x1002 }
08-02 11:45:21.560  4498  4498 I Input   : injectMotionEvent: MotionEvent { action=ACTION_MOVE, actionButton=0, id[0]=0, x[0]=1144.0, y[0]=112.0, toolType[0]=TOOL_TYPE_UNKNOWN, buttonState=0, metaState=0, flags=0x0, edgeFlags=0x0, pointerCount=1, historySize=0, eventTime=346661, downTime=346661, deviceId=0, source=0x1002 }
08-02 11:45:21.588  4498  4498 I Input   : injectMotionEvent: MotionEvent { action=ACTION_MOVE, actionButton=0, id[0]=0, x[0]=1144.0, y[0]=112.0, toolType[0]=TOOL_TYPE_UNKNOWN, buttonState=0, metaState=0, flags=0x0, edgeFlags=0x0, pointerCount=1, historySize=0, eventTime=346689, downTime=346689, deviceId=0, source=0x1002 }
08-02 11:45:21.606  4498  4498 I Input   : injectMotionEvent: MotionEvent { action=ACTION_MOVE, actionButton=0, id[0]=0, x[0]=1144.0, y[0]=112.0, toolType[0]=TOOL_TYPE_UNKNOWN, buttonState=0, metaState=0, flags=0x0, edgeFlags=0x0, pointerCount=1, historySize=0, eventTime=346707, downTime=346707, deviceId=0, source=0x1002 }
08-02 11:45:21.616  4498  4498 I Input   : injectMotionEvent: MotionEvent { action=ACTION_MOVE, actionButton=0, id[0]=0, x[0]=1144.0, y[0]=112.0, toolType[0]=TOOL_TYPE_UNKNOWN, buttonState=0, metaState=0, flags=0x0, edgeFlags=0x0, pointerCount=1, historySize=0, eventTime=346717, downTime=346717, deviceId=0, source=0x1002 }
08-02 11:45:21.632  4498  4498 I Input   : injectMotionEvent: MotionEvent { action=ACTION_MOVE, actionButton=0, id[0]=0, x[0]=1144.0, y[0]=112.0, toolType[0]=TOOL_TYPE_UNKNOWN, buttonState=0, metaState=0, flags=0x0, edgeFlags=0x0, pointerCount=1, historySize=0, eventTime=346734, downTime=346734, deviceId=0, source=0x1002 }
08-02 11:45:21.651  4498  4498 I Input   : injectMotionEvent: MotionEvent { action=ACTION_MOVE, actionButton=0, id[0]=0, x[0]=1144.0, y[0]=112.0, toolType[0]=TOOL_TYPE_UNKNOWN, buttonState=0, metaState=0, flags=0x0, edgeFlags=0x0, pointerCount=1, historySize=0, eventTime=346752, downTime=346752, deviceId=0, source=0x1002 }
08-02 11:45:21.670  4498  4498 I Input   : injectMotionEvent: MotionEvent { action=ACTION_MOVE, actionButton=0, id[0]=0, x[0]=1144.0, y[0]=112.0, toolType[0]=TOOL_TYPE_UNKNOWN, buttonState=0, metaState=0, flags=0x0, edgeFlags=0x0, pointerCount=1, historySize=0, eventTime=346772, downTime=346772, deviceId=0, source=0x1002 }
08-02 11:45:21.682  4498  4498 I Input   : injectMotionEvent: MotionEvent { action=ACTION_MOVE, actionButton=0, id[0]=0, x[0]=1144.0, y[0]=112.0, toolType[0]=TOOL_TYPE_UNKNOWN, buttonState=0, metaState=0, flags=0x0, edgeFlags=0x0, pointerCount=1, historySize=0, eventTime=346784, downTime=346784, deviceId=0, source=0x1002 }
08-02 11:45:21.699  4498  4498 I Input   : injectMotionEvent: MotionEvent { action=ACTION_MOVE, actionButton=0, id[0]=0, x[0]=1144.0, y[0]=112.0, toolType[0]=TOOL_TYPE_UNKNOWN, buttonState=0, metaState=0, flags=0x0, edgeFlags=0x0, pointerCount=1, historySize=0, eventTime=346800, downTime=346800, deviceId=0, source=0x1002 }
08-02 11:45:21.720  4498  4498 I Input   : injectMotionEvent: MotionEvent { action=ACTION_MOVE, actionButton=0, id[0]=0, x[0]=1144.0, y[0]=112.0, toolType[0]=TOOL_TYPE_UNKNOWN, buttonState=0, metaState=0, flags=0x0, edgeFlags=0x0, pointerCount=1, historySize=0, eventTime=346821, downTime=346821, deviceId=0, source=0x1002 }
08-02 11:45:21.732  4498  4498 I Input   : injectMotionEvent: MotionEvent { action=ACTION_MOVE, actionButton=0, id[0]=0, x[0]=1144.0, y[0]=112.0, toolType[0]=TOOL_TYPE_UNKNOWN, buttonState=0, metaState=0, flags=0x0, edgeFlags=0x0, pointerCount=1, historySize=0, eventTime=346834, downTime=346834, deviceId=0, source=0x1002 }
08-02 11:45:21.749  4498  4498 I Input   : injectMotionEvent: MotionEvent { action=ACTION_MOVE, actionButton=0, id[0]=0, x[0]=1144.0, y[0]=112.0, toolType[0]=TOOL_TYPE_UNKNOWN, buttonState=0, metaState=0, flags=0x0, edgeFlags=0x0, pointerCount=1, historySize=0, eventTime=346850, downTime=346850, deviceId=0, source=0x1002 }
08-02 11:45:21.771  4498  4498 I Input   : injectMotionEvent: MotionEvent { action=ACTION_MOVE, actionButton=0, id[0]=0, x[0]=1144.0, y[0]=112.0, toolType[0]=TOOL_TYPE_UNKNOWN, buttonState=0, metaState=0, flags=0x0, edgeFlags=0x0, pointerCount=1, historySize=0, eventTime=346872, downTime=346872, deviceId=0, source=0x1002 }
08-02 11:45:21.788  4498  4498 I Input   : injectMotionEvent: MotionEvent { action=ACTION_MOVE, actionButton=0, id[0]=0, x[0]=1144.0, y[0]=112.0, toolType[0]=TOOL_TYPE_UNKNOWN, buttonState=0, metaState=0, flags=0x0, edgeFlags=0x0, pointerCount=1, historySize=0, eventTime=346889, downTime=346889, deviceId=0, source=0x1002 }
08-02 11:45:21.799  4498  4498 I Input   : injectMotionEvent: MotionEvent { action=ACTION_MOVE, actionButton=0, id[0]=0, x[0]=1144.0, y[0]=112.0, toolType[0]=TOOL_TYPE_UNKNOWN, buttonState=0, metaState=0, flags=0x0, edgeFlags=0x0, pointerCount=1, historySize=0, eventTime=346901, downTime=346901, deviceId=0, source=0x1002 }
08-02 11:45:21.817  4498  4498 I Input   : injectMotionEvent: MotionEvent { action=ACTION_MOVE, actionButton=0, id[0]=0, x[0]=1144.0, y[0]=112.0, toolType[0]=TOOL_TYPE_UNKNOWN, buttonState=0, metaState=0, flags=0x0, edgeFlags=0x0, pointerCount=1, historySize=0, eventTime=346918, downTime=346918, deviceId=0, source=0x1002 }
08-02 11:45:21.839  4498  4498 I Input   : injectMotionEvent: MotionEvent { action=ACTION_MOVE, actionButton=0, id[0]=0, x[0]=1144.0, y[0]=112.0, toolType[0]=TOOL_TYPE_UNKNOWN, buttonState=0, metaState=0, flags=0x0, edgeFlags=0x0, pointerCount=1, historySize=0, eventTime=346941, downTime=346941, deviceId=0, source=0x1002 }
08-02 11:45:21.849  4498  4498 I Input   : injectMotionEvent: MotionEvent { action=ACTION_MOVE, actionButton=0, id[0]=0, x[0]=1144.0, y[0]=112.0, toolType[0]=TOOL_TYPE_UNKNOWN, buttonState=0, metaState=0, flags=0x0, edgeFlags=0x0, pointerCount=1, historySize=0, eventTime=346951, downTime=346951, deviceId=0, source=0x1002 }
08-02 11:45:21.877  4498  4498 I Input   : injectMotionEvent: MotionEvent { action=ACTION_UP, actionButton=0, id[0]=0, x[0]=1144.0, y[0]=112.0, toolType[0]=TOOL_TYPE_UNKNOWN, buttonState=0, metaState=0, flags=0x0, edgeFlags=0x0, pointerCount=1, historySize=0, eventTime=346979, downTime=346979, deviceId=0, source=0x1002 }
08-02 11:45:21.910  4498  4498 D AndroidRuntime: Shutting down VM
08-02 11:45:21.942  2065  2080 W EGL_emulation: eglSurfaceAttrib not implemented
08-02 11:45:21.942  2065  2080 W OpenGLRenderer: Failed to set EGL_SWAP_BEHAVIOR on surface 0xe04fa200, error=EGL_SUCCESS
08-02 11:45:22.255   623  1378 D NetlinkSocketObserver: NeighborEvent{elapsedMs=347356, 10.0.3.2, [525400123502], RTM_NEWNEIGH, NUD_PROBE}
08-02 11:45:22.255   623  1378 D NetlinkSocketObserver: NeighborEvent{elapsedMs=347356, 10.0.3.2, [525400123502], RTM_NEWNEIGH, NUD_REACHABLE}
08-02 11:45:26.335  4833  4833 D AndroidRuntime: >>>>>> START com.android.internal.os.RuntimeInit uid 0 <<<<<<
08-02 11:45:26.336  4833  4833 D AndroidRuntime: CheckJNI is OFF
08-02 11:45:26.346  4833  4833 D ICU     : No timezone override file found: /data/misc/zoneinfo/current/icu/icu_tzdata.dat
08-02 11:45:26.359  4833  4833 E memtrack: Couldn't load memtrack module (No such file or directory)
08-02 11:45:26.359  4833  4833 E android.os.Debug: failed to load memtrack module: -2
08-02 11:45:26.359  4833  4833 I Radio-JNI: register_android_hardware_Radio DONE
08-02 11:45:26.367  4833  4833 D AndroidRuntime: Calling main entry com.android.commands.uiautomator.Launcher
08-02 11:45:27.382  4833  4833 W AccessibilityNodeInfoDumper: Fetch time: 1ms
08-02 11:45:27.382   623  1081 W WindowManager: Attempted to remove non-existing token: android.os.Binder@6aec297
08-02 11:45:27.392  4833  4833 D AndroidRuntime: Shutting down VM
08-02 11:45:28.480  4856  4856 D AndroidRuntime: >>>>>> START com.android.internal.os.RuntimeInit uid 0 <<<<<<
08-02 11:45:28.483  4856  4856 D AndroidRuntime: CheckJNI is OFF
08-02 11:45:28.493  4856  4856 D ICU     : No timezone override file found: /data/misc/zoneinfo/current/icu/icu_tzdata.dat
08-02 11:45:28.508  4856  4856 E memtrack: Couldn't load memtrack module (No such file or directory)
08-02 11:45:28.508  4856  4856 E android.os.Debug: failed to load memtrack module: -2
08-02 11:45:28.509  4856  4856 I Radio-JNI: register_android_hardware_Radio DONE
08-02 11:45:28.514  4856  4856 D AndroidRuntime: Calling main entry com.android.commands.uiautomator.Launcher
08-02 11:45:29.537  4856  4856 W AccessibilityNodeInfoDumper: Fetch time: 2ms
08-02 11:45:29.538   623   760 W WindowManager: Attempted to remove non-existing token: android.os.Binder@f7d0c84
08-02 11:45:29.546  4856  4856 D AndroidRuntime: Shutting down VM
08-02 11:45:30.072  4874  4874 D AndroidRuntime: >>>>>> START com.android.internal.os.RuntimeInit uid 0 <<<<<<
08-02 11:45:30.074  4874  4874 D AndroidRuntime: CheckJNI is OFF
08-02 11:45:30.082  4874  4874 D ICU     : No timezone override file found: /data/misc/zoneinfo/current/icu/icu_tzdata.dat
08-02 11:45:30.094  4874  4874 E memtrack: Couldn't load memtrack module (No such file or directory)
08-02 11:45:30.094  4874  4874 E android.os.Debug: failed to load memtrack module: -2
08-02 11:45:30.095  4874  4874 I Radio-JNI: register_android_hardware_Radio DONE
08-02 11:45:30.100  4874  4874 D AndroidRuntime: Calling main entry com.android.commands.uiautomator.Launcher
08-02 11:45:31.114  4874  4874 W AccessibilityNodeInfoDumper: Fetch time: 1ms
08-02 11:45:31.115   623  1556 W WindowManager: Attempted to remove non-existing token: android.os.Binder@b35a0a2
08-02 11:45:31.123  4874  4874 D AndroidRuntime: Shutting down VM
08-02 11:45:32.195  4897  4897 D AndroidRuntime: >>>>>> START com.android.internal.os.RuntimeInit uid 0 <<<<<<
08-02 11:45:32.196  4897  4897 D AndroidRuntime: CheckJNI is OFF
08-02 11:45:32.206  4897  4897 D ICU     : No timezone override file found: /data/misc/zoneinfo/current/icu/icu_tzdata.dat
08-02 11:45:32.218  4897  4897 E memtrack: Couldn't load memtrack module (No such file or directory)
08-02 11:45:32.218  4897  4897 E android.os.Debug: failed to load memtrack module: -2
08-02 11:45:32.218  4897  4897 I Radio-JNI: register_android_hardware_Radio DONE
08-02 11:45:32.226  4897  4897 D AndroidRuntime: Calling main entry com.android.commands.uiautomator.Launcher
08-02 11:45:33.242  4897  4897 W AccessibilityNodeInfoDumper: Fetch time: 2ms
08-02 11:45:33.243   623   751 W WindowManager: Attempted to remove non-existing token: android.os.Binder@c12f133
08-02 11:45:33.251  4897  4897 D AndroidRuntime: Shutting down VM
08-02 11:45:34.424  4925  4925 D AndroidRuntime: >>>>>> START com.android.internal.os.RuntimeInit uid 0 <<<<<<
08-02 11:45:34.426  4925  4925 D AndroidRuntime: CheckJNI is OFF
08-02 11:45:34.434  4925  4925 D ICU     : No timezone override file found: /data/misc/zoneinfo/current/icu/icu_tzdata.dat
08-02 11:45:34.447  4925  4925 E memtrack: Couldn't load memtrack module (No such file or directory)
08-02 11:45:34.447  4925  4925 E android.os.Debug: failed to load memtrack module: -2
08-02 11:45:34.447  4925  4925 I Radio-JNI: register_android_hardware_Radio DONE
08-02 11:45:34.453  4925  4925 D AndroidRuntime: Calling main entry com.android.commands.uiautomator.Launcher
08-02 11:45:35.463  4925  4925 W AccessibilityNodeInfoDumper: Fetch time: 1ms
08-02 11:45:35.464   623  1081 W WindowManager: Attempted to remove non-existing token: android.os.Binder@a006cf0
08-02 11:45:35.471  4925  4925 D AndroidRuntime: Shutting down VM
08-02 11:45:36.604  4951  4951 D AndroidRuntime: >>>>>> START com.android.internal.os.RuntimeInit uid 0 <<<<<<
08-02 11:45:36.606  4951  4951 D AndroidRuntime: CheckJNI is OFF
08-02 11:45:36.616  4951  4951 D ICU     : No timezone override file found: /data/misc/zoneinfo/current/icu/icu_tzdata.dat
08-02 11:45:36.630  4951  4951 E memtrack: Couldn't load memtrack module (No such file or directory)
08-02 11:45:36.630  4951  4951 E android.os.Debug: failed to load memtrack module: -2
08-02 11:45:36.631  4951  4951 I Radio-JNI: register_android_hardware_Radio DONE
08-02 11:45:36.636  4951  4951 D AndroidRuntime: Calling main entry com.android.commands.uiautomator.Launcher
08-02 11:45:37.649  4951  4951 W AccessibilityNodeInfoDumper: Fetch time: 2ms
08-02 11:45:37.649   623  1611 W WindowManager: Attempted to remove non-existing token: android.os.Binder@f7124ee
08-02 11:45:37.668  4951  4951 D AndroidRuntime: Shutting down VM
08-02 11:45:38.134  4969  4969 D AndroidRuntime: >>>>>> START com.android.internal.os.RuntimeInit uid 0 <<<<<<
08-02 11:45:38.135  4969  4969 D AndroidRuntime: CheckJNI is OFF
08-02 11:45:38.144  4969  4969 D ICU     : No timezone override file found: /data/misc/zoneinfo/current/icu/icu_tzdata.dat
08-02 11:45:38.156  4969  4969 E memtrack: Couldn't load memtrack module (No such file or directory)
08-02 11:45:38.156  4969  4969 E android.os.Debug: failed to load memtrack module: -2
08-02 11:45:38.157  4969  4969 I Radio-JNI: register_android_hardware_Radio DONE
08-02 11:45:38.164  4969  4969 D AndroidRuntime: Calling main entry com.android.commands.uiautomator.Launcher
08-02 11:45:39.023   623  1378 D NetlinkSocketObserver: NeighborEvent{elapsedMs=364125, 10.0.3.2, [525400123502], RTM_NEWNEIGH, NUD_STALE}
08-02 11:45:39.181  4969  4969 W AccessibilityNodeInfoDumper: Fetch time: 1ms
08-02 11:45:39.181   623   634 W WindowManager: Attempted to remove non-existing token: android.os.Binder@a816d8f
08-02 11:45:39.196  4969  4969 D AndroidRuntime: Shutting down VM
08-02 11:45:40.276  4992  4992 D AndroidRuntime: >>>>>> START com.android.internal.os.RuntimeInit uid 0 <<<<<<
08-02 11:45:40.279  4992  4992 D AndroidRuntime: CheckJNI is OFF
08-02 11:45:40.287  4992  4992 D ICU     : No timezone override file found: /data/misc/zoneinfo/current/icu/icu_tzdata.dat
08-02 11:45:40.300  4992  4992 E memtrack: Couldn't load memtrack module (No such file or directory)
08-02 11:45:40.300  4992  4992 E android.os.Debug: failed to load memtrack module: -2
08-02 11:45:40.301  4992  4992 I Radio-JNI: register_android_hardware_Radio DONE
08-02 11:45:40.312  4992  4992 D AndroidRuntime: Calling main entry com.android.commands.uiautomator.Launcher
08-02 11:45:41.339  4992  4992 W AccessibilityNodeInfoDumper: Fetch time: 1ms
08-02 11:45:41.339   623  1081 W WindowManager: Attempted to remove non-existing token: android.os.Binder@417681c
08-02 11:45:41.346  4992  4992 D AndroidRuntime: Shutting down VM
08-02 11:45:41.816  5010  5010 D AndroidRuntime: >>>>>> START com.android.internal.os.RuntimeInit uid 0 <<<<<<
08-02 11:45:41.818  5010  5010 D AndroidRuntime: CheckJNI is OFF
08-02 11:45:41.827  5010  5010 D ICU     : No timezone override file found: /data/misc/zoneinfo/current/icu/icu_tzdata.dat
08-02 11:45:41.840  5010  5010 E memtrack: Couldn't load memtrack module (No such file or directory)
08-02 11:45:41.840  5010  5010 E android.os.Debug: failed to load memtrack module: -2
08-02 11:45:41.840  5010  5010 I Radio-JNI: register_android_hardware_Radio DONE
08-02 11:45:41.847  5010  5010 D AndroidRuntime: Calling main entry com.android.commands.uiautomator.Launcher
08-02 11:45:42.238   267   660 W AudioFlinger: write blocked for 19965 msecs, 5 delayed writes, thread 0xf1dc0000
08-02 11:45:42.858  5010  5010 W AccessibilityNodeInfoDumper: Fetch time: 1ms
08-02 11:45:42.859   623  1034 W WindowManager: Attempted to remove non-existing token: android.os.Binder@1580c25
08-02 11:45:42.869  5010  5010 D AndroidRuntime: Shutting down VM
08-02 11:45:43.960  5033  5033 D AndroidRuntime: >>>>>> START com.android.internal.os.RuntimeInit uid 0 <<<<<<
08-02 11:45:43.961  5033  5033 D AndroidRuntime: CheckJNI is OFF
08-02 11:45:43.973  5033  5033 D ICU     : No timezone override file found: /data/misc/zoneinfo/current/icu/icu_tzdata.dat
08-02 11:45:43.986  5033  5033 E memtrack: Couldn't load memtrack module (No such file or directory)
08-02 11:45:43.986  5033  5033 E android.os.Debug: failed to load memtrack module: -2
08-02 11:45:43.987  5033  5033 I Radio-JNI: register_android_hardware_Radio DONE
08-02 11:45:43.992  5033  5033 D AndroidRuntime: Calling main entry com.android.commands.uiautomator.Launcher
08-02 11:45:45.007  5033  5033 W AccessibilityNodeInfoDumper: Fetch time: 1ms
08-02 11:45:45.008   623  1117 W WindowManager: Attempted to remove non-existing token: android.os.Binder@fcea1fa
08-02 11:45:45.017  5033  5033 D AndroidRuntime: Shutting down VM
08-02 11:45:45.513  5052  5052 D AndroidRuntime: >>>>>> START com.android.internal.os.RuntimeInit uid 0 <<<<<<
08-02 11:45:45.515  5052  5052 D AndroidRuntime: CheckJNI is OFF
08-02 11:45:45.525  5052  5052 D ICU     : No timezone override file found: /data/misc/zoneinfo/current/icu/icu_tzdata.dat
08-02 11:45:45.537  5052  5052 E memtrack: Couldn't load memtrack module (No such file or directory)
08-02 11:45:45.537  5052  5052 E android.os.Debug: failed to load memtrack module: -2
08-02 11:45:45.540  5052  5052 I Radio-JNI: register_android_hardware_Radio DONE
08-02 11:45:45.546  5052  5052 D AndroidRuntime: Calling main entry com.android.commands.uiautomator.Launcher
08-02 11:45:46.559  5052  5052 W AccessibilityNodeInfoDumper: Fetch time: 2ms
08-02 11:45:46.560   623  1117 W WindowManager: Attempted to remove non-existing token: android.os.Binder@140ea08
08-02 11:45:46.569  5052  5052 D AndroidRuntime: Shutting down VM
08-02 11:45:47.626  5075  5075 D AndroidRuntime: >>>>>> START com.android.internal.os.RuntimeInit uid 0 <<<<<<
08-02 11:45:47.627  5075  5075 D AndroidRuntime: CheckJNI is OFF
08-02 11:45:47.639  5075  5075 D ICU     : No timezone override file found: /data/misc/zoneinfo/current/icu/icu_tzdata.dat
08-02 11:45:47.651  5075  5075 E memtrack: Couldn't load memtrack module (No such file or directory)
08-02 11:45:47.651  5075  5075 E android.os.Debug: failed to load memtrack module: -2
08-02 11:45:47.652  5075  5075 I Radio-JNI: register_android_hardware_Radio DONE
08-02 11:45:47.658  5075  5075 D AndroidRuntime: Calling main entry com.android.commands.uiautomator.Launcher
08-02 11:45:48.685  5075  5075 W AccessibilityNodeInfoDumper: Fetch time: 1ms
08-02 11:45:48.685   623   634 W WindowManager: Attempted to remove non-existing token: android.os.Binder@a2245a1
08-02 11:45:48.705  5075  5075 D AndroidRuntime: Shutting down VM
08-02 11:45:49.185  5093  5093 D AndroidRuntime: >>>>>> START com.android.internal.os.RuntimeInit uid 0 <<<<<<
08-02 11:45:49.188  5093  5093 D AndroidRuntime: CheckJNI is OFF
08-02 11:45:49.199  5093  5093 D ICU     : No timezone override file found: /data/misc/zoneinfo/current/icu/icu_tzdata.dat
08-02 11:45:49.213  5093  5093 E memtrack: Couldn't load memtrack module (No such file or directory)
08-02 11:45:49.213  5093  5093 E android.os.Debug: failed to load memtrack module: -2
08-02 11:45:49.214  5093  5093 I Radio-JNI: register_android_hardware_Radio DONE
08-02 11:45:49.221  5093  5093 D AndroidRuntime: Calling main entry com.android.commands.uiautomator.Launcher
08-02 11:45:50.242  5093  5093 W AccessibilityNodeInfoDumper: Fetch time: 2ms
08-02 11:45:50.243   623  1556 W WindowManager: Attempted to remove non-existing token: android.os.Binder@d54e3c6
08-02 11:45:50.257  5093  5093 D AndroidRuntime: Shutting down VM
08-02 11:45:50.709  5106  5106 D AndroidRuntime: >>>>>> START com.android.internal.os.RuntimeInit uid 0 <<<<<<
08-02 11:45:50.712  5106  5106 D AndroidRuntime: CheckJNI is OFF
08-02 11:45:50.722  5106  5106 D ICU     : No timezone override file found: /data/misc/zoneinfo/current/icu/icu_tzdata.dat
08-02 11:45:50.733  5106  5106 E memtrack: Couldn't load memtrack module (No such file or directory)
08-02 11:45:50.733  5106  5106 E android.os.Debug: failed to load memtrack module: -2
08-02 11:45:50.734  5106  5106 I Radio-JNI: register_android_hardware_Radio DONE
08-02 11:45:50.742  5106  5106 D AndroidRuntime: Calling main entry com.android.commands.input.Input
08-02 11:45:50.746  5106  5106 I Input   : injectMotionEvent: MotionEvent { action=ACTION_DOWN, actionButton=0, id[0]=0, x[0]=980.0, y[0]=208.0, toolType[0]=TOOL_TYPE_UNKNOWN, buttonState=0, metaState=0, flags=0x0, edgeFlags=0x0, pointerCount=1, historySize=0, eventTime=375844, downTime=375844, deviceId=0, source=0x1002 }
08-02 11:45:50.747  5106  5106 I Input   : injectMotionEvent: MotionEvent { action=ACTION_UP, actionButton=0, id[0]=0, x[0]=980.0, y[0]=208.0, toolType[0]=TOOL_TYPE_UNKNOWN, buttonState=0, metaState=0, flags=0x0, edgeFlags=0x0, pointerCount=1, historySize=0, eventTime=375844, downTime=375844, deviceId=0, source=0x1002 }
08-02 11:45:50.749  5106  5106 D AndroidRuntime: Shutting down VM
08-02 11:45:50.813  2065  2065 D leak-356-2: Eastern Standard Time
08-02 11:45:50.813  2065  2065 D leak-357-2: Eastern Standard Time
08-02 11:45:50.813  2065  2065 D leak-358-2: Eastern Standard Time
08-02 11:45:50.813  2065  2065 D leak-360-2: Eastern Standard Time
08-02 11:45:50.813  2065  2065 D leak-362-2: Eastern Standard Time
08-02 11:45:50.813  2065  2065 D leak-364-2: Eastern Standard Time
08-02 11:45:50.813  2065  2065 D leak-366-2: Eastern Standard Time
08-02 11:45:50.813  2065  2065 D leak-368-2: Eastern Standard Time
08-02 11:45:50.813  2065  2065 D leak-635-1: Eastern Standard Time
08-02 11:45:50.813  2065  2065 D leak-637-1: Eastern Standard Time
08-02 11:45:51.135  2065  2080 E Surface : getSlotFromBufferLocked: unknown buffer: 0xe10745b0
08-02 11:45:51.145  2065  2080 D OpenGLRenderer: endAllStagingAnimators on 0xe04c5f00 (av$a) with handle 0xee992c40
08-02 11:45:52.274   267   660 W AudioFlinger: write blocked for 10024 msecs, 6 delayed writes, thread 0xf1dc0000
08-02 11:45:52.357  5129  5129 D AndroidRuntime: >>>>>> START com.android.internal.os.RuntimeInit uid 0 <<<<<<
08-02 11:45:52.359  5129  5129 D AndroidRuntime: CheckJNI is OFF
08-02 11:45:52.369  5129  5129 D ICU     : No timezone override file found: /data/misc/zoneinfo/current/icu/icu_tzdata.dat
08-02 11:45:52.382  5129  5129 E memtrack: Couldn't load memtrack module (No such file or directory)
08-02 11:45:52.382  5129  5129 E android.os.Debug: failed to load memtrack module: -2
08-02 11:45:52.383  5129  5129 I Radio-JNI: register_android_hardware_Radio DONE
08-02 11:45:52.388  5129  5129 D AndroidRuntime: Calling main entry com.android.commands.uiautomator.Launcher
08-02 11:45:53.396  2065  2065 D leak-356-5: Eastern Standard Time
08-02 11:45:53.396  2065  2065 D leak-357-5: Eastern Standard Time
08-02 11:45:53.396  2065  2065 D leak-358-5: Eastern Standard Time
08-02 11:45:53.396  2065  2065 D leak-360-5: Eastern Standard Time
08-02 11:45:53.396  2065  2065 D leak-362-5: Eastern Standard Time
08-02 11:45:53.396  2065  2065 D leak-364-5: Eastern Standard Time
08-02 11:45:53.396  2065  2065 D leak-366-5: Eastern Standard Time
08-02 11:45:53.396  2065  2065 D leak-368-5: Eastern Standard Time
08-02 11:45:53.396  2065  2065 D leak-359-2: Eastern Standard Time
08-02 11:45:53.396  2065  2065 D leak-361-2: Eastern Standard Time
08-02 11:45:53.396  2065  2065 D leak-363-2: Eastern Standard Time
08-02 11:45:53.396  2065  2065 D leak-365-2: Eastern Standard Time
08-02 11:45:53.396  2065  2065 D leak-367-2: Eastern Standard Time
08-02 11:45:53.406  5129  5129 I AccessibilityNodeInfoDumper: Skipping invisible child: android.view.accessibility.AccessibilityNodeInfo@8000c100; boundsInParent: Rect(0, 0 - 1200, 1540); boundsInScreen: Rect(1200, 278 - 1200, 1818); packageName: com.adonai.manman; className: android.widget.FrameLayout; text: null; error: null; maxTextLength: -1; contentDescription: null; viewIdResName: com.adonai.manman:id/chapter_fragment_frame; checkable: false; checked: false; focusable: true; focused: false; selected: false; clickable: false; longClickable: false; contextClickable: false; enabled: true; password: false; scrollable: false; actions: [AccessibilityAction: ACTION_FOCUS - null, AccessibilityAction: ACTION_SELECT - null, AccessibilityAction: ACTION_CLEAR_SELECTION - null, AccessibilityAction: ACTION_ACCESSIBILITY_FOCUS - null, AccessibilityAction: ACTION_UNKNOWN - null]
08-02 11:45:53.408  5129  5129 W AccessibilityNodeInfoDumper: Fetch time: 9ms
08-02 11:45:53.409   623   760 W WindowManager: Attempted to remove non-existing token: android.os.Binder@baf7f87
08-02 11:45:53.413  5129  5129 D AndroidRuntime: Shutting down VM
08-02 11:45:53.890  5148  5148 D AndroidRuntime: >>>>>> START com.android.internal.os.RuntimeInit uid 0 <<<<<<
08-02 11:45:53.892  5148  5148 D AndroidRuntime: CheckJNI is OFF
08-02 11:45:53.902  5148  5148 D ICU     : No timezone override file found: /data/misc/zoneinfo/current/icu/icu_tzdata.dat
08-02 11:45:53.915  5148  5148 E memtrack: Couldn't load memtrack module (No such file or directory)
08-02 11:45:53.915  5148  5148 E android.os.Debug: failed to load memtrack module: -2
08-02 11:45:53.916  5148  5148 I Radio-JNI: register_android_hardware_Radio DONE
08-02 11:45:53.922  5148  5148 D AndroidRuntime: Calling main entry com.android.commands.uiautomator.Launcher
08-02 11:45:54.934  2065  2065 D leak-356-5: Eastern Standard Time
08-02 11:45:54.934  2065  2065 D leak-357-5: Eastern Standard Time
08-02 11:45:54.934  2065  2065 D leak-358-5: Eastern Standard Time
08-02 11:45:54.934  2065  2065 D leak-360-5: Eastern Standard Time
08-02 11:45:54.934  2065  2065 D leak-362-5: Eastern Standard Time
08-02 11:45:54.934  2065  2065 D leak-364-5: Eastern Standard Time
08-02 11:45:54.934  2065  2065 D leak-366-5: Eastern Standard Time
08-02 11:45:54.934  2065  2065 D leak-368-5: Eastern Standard Time
08-02 11:45:54.934  2065  2065 D leak-359-2: Eastern Standard Time
08-02 11:45:54.934  2065  2065 D leak-361-2: Eastern Standard Time
08-02 11:45:54.934  2065  2065 D leak-363-2: Eastern Standard Time
08-02 11:45:54.934  2065  2065 D leak-365-2: Eastern Standard Time
08-02 11:45:54.934  2065  2065 D leak-367-2: Eastern Standard Time
08-02 11:45:54.947  5148  5148 I AccessibilityNodeInfoDumper: Skipping invisible child: android.view.accessibility.AccessibilityNodeInfo@8000c108; boundsInParent: Rect(0, 0 - 1200, 1540); boundsInScreen: Rect(1200, 278 - 1200, 1818); packageName: com.adonai.manman; className: android.widget.FrameLayout; text: null; error: null; maxTextLength: -1; contentDescription: null; viewIdResName: com.adonai.manman:id/chapter_fragment_frame; checkable: false; checked: false; focusable: true; focused: false; selected: false; clickable: false; longClickable: false; contextClickable: false; enabled: true; password: false; scrollable: false; actions: [AccessibilityAction: ACTION_FOCUS - null, AccessibilityAction: ACTION_SELECT - null, AccessibilityAction: ACTION_CLEAR_SELECTION - null, AccessibilityAction: ACTION_ACCESSIBILITY_FOCUS - null, AccessibilityAction: ACTION_UNKNOWN - null]
08-02 11:45:54.949  5148  5148 W AccessibilityNodeInfoDumper: Fetch time: 10ms
08-02 11:45:54.950   623  1117 W WindowManager: Attempted to remove non-existing token: android.os.Binder@bfe9eb4
08-02 11:45:54.954  5148  5148 D AndroidRuntime: Shutting down VM
08-02 11:45:56.031  5171  5171 D AndroidRuntime: >>>>>> START com.android.internal.os.RuntimeInit uid 0 <<<<<<
08-02 11:45:56.032  5171  5171 D AndroidRuntime: CheckJNI is OFF
08-02 11:45:56.042  5171  5171 D ICU     : No timezone override file found: /data/misc/zoneinfo/current/icu/icu_tzdata.dat
08-02 11:45:56.056  5171  5171 E memtrack: Couldn't load memtrack module (No such file or directory)
08-02 11:45:56.056  5171  5171 E android.os.Debug: failed to load memtrack module: -2
08-02 11:45:56.057  5171  5171 I Radio-JNI: register_android_hardware_Radio DONE
08-02 11:45:56.067  5171  5171 D AndroidRuntime: Calling main entry com.android.commands.uiautomator.Launcher
08-02 11:45:57.087  2065  2065 D leak-356-5: Eastern Standard Time
08-02 11:45:57.087  2065  2065 D leak-357-5: Eastern Standard Time
08-02 11:45:57.087  2065  2065 D leak-358-5: Eastern Standard Time
08-02 11:45:57.087  2065  2065 D leak-360-5: Eastern Standard Time
08-02 11:45:57.087  2065  2065 D leak-362-5: Eastern Standard Time
08-02 11:45:57.087  2065  2065 D leak-364-5: Eastern Standard Time
08-02 11:45:57.087  2065  2065 D leak-366-5: Eastern Standard Time
08-02 11:45:57.087  2065  2065 D leak-368-5: Eastern Standard Time
08-02 11:45:57.087  2065  2065 D leak-359-2: Eastern Standard Time
08-02 11:45:57.087  2065  2065 D leak-361-2: Eastern Standard Time
08-02 11:45:57.087  2065  2065 D leak-363-2: Eastern Standard Time
08-02 11:45:57.087  2065  2065 D leak-365-2: Eastern Standard Time
08-02 11:45:57.087  2065  2065 D leak-367-2: Eastern Standard Time
08-02 11:45:57.098  5171  5171 I AccessibilityNodeInfoDumper: Skipping invisible child: android.view.accessibility.AccessibilityNodeInfo@8000c10e; boundsInParent: Rect(0, 0 - 1200, 1540); boundsInScreen: Rect(1200, 278 - 1200, 1818); packageName: com.adonai.manman; className: android.widget.FrameLayout; text: null; error: null; maxTextLength: -1; contentDescription: null; viewIdResName: com.adonai.manman:id/chapter_fragment_frame; checkable: false; checked: false; focusable: true; focused: false; selected: false; clickable: false; longClickable: false; contextClickable: false; enabled: true; password: false; scrollable: false; actions: [AccessibilityAction: ACTION_FOCUS - null, AccessibilityAction: ACTION_SELECT - null, AccessibilityAction: ACTION_CLEAR_SELECTION - null, AccessibilityAction: ACTION_ACCESSIBILITY_FOCUS - null, AccessibilityAction: ACTION_UNKNOWN - null]
08-02 11:45:57.099  5171  5171 W AccessibilityNodeInfoDumper: Fetch time: 7ms
08-02 11:45:57.101   623  1795 W WindowManager: Attempted to remove non-existing token: android.os.Binder@ab7652
08-02 11:45:57.110  5171  5171 D AndroidRuntime: Shutting down VM
08-02 11:45:58.249  5199  5199 D AndroidRuntime: >>>>>> START com.android.internal.os.RuntimeInit uid 0 <<<<<<
08-02 11:45:58.251  5199  5199 D AndroidRuntime: CheckJNI is OFF
08-02 11:45:58.259  5199  5199 D ICU     : No timezone override file found: /data/misc/zoneinfo/current/icu/icu_tzdata.dat
08-02 11:45:58.271  5199  5199 E memtrack: Couldn't load memtrack module (No such file or directory)
08-02 11:45:58.271  5199  5199 E android.os.Debug: failed to load memtrack module: -2
08-02 11:45:58.271  5199  5199 I Radio-JNI: register_android_hardware_Radio DONE
08-02 11:45:58.278  5199  5199 D AndroidRuntime: Calling main entry com.android.commands.uiautomator.Launcher
08-02 11:45:59.288  2065  2065 D leak-356-5: Eastern Standard Time
08-02 11:45:59.289  2065  2065 D leak-357-5: Eastern Standard Time
08-02 11:45:59.289  2065  2065 D leak-358-5: Eastern Standard Time
08-02 11:45:59.289  2065  2065 D leak-360-5: Eastern Standard Time
08-02 11:45:59.289  2065  2065 D leak-362-5: Eastern Standard Time
08-02 11:45:59.289  2065  2065 D leak-364-5: Eastern Standard Time
08-02 11:45:59.289  2065  2065 D leak-366-5: Eastern Standard Time
08-02 11:45:59.289  2065  2065 D leak-368-5: Eastern Standard Time
08-02 11:45:59.289  2065  2065 D leak-359-2: Eastern Standard Time
08-02 11:45:59.289  2065  2065 D leak-361-2: Eastern Standard Time
08-02 11:45:59.289  2065  2065 D leak-363-2: Eastern Standard Time
08-02 11:45:59.289  2065  2065 D leak-365-2: Eastern Standard Time
08-02 11:45:59.289  2065  2065 D leak-367-2: Eastern Standard Time
08-02 11:45:59.300  5199  5199 I AccessibilityNodeInfoDumper: Skipping invisible child: android.view.accessibility.AccessibilityNodeInfo@8000c115; boundsInParent: Rect(0, 0 - 1200, 1540); boundsInScreen: Rect(1200, 278 - 1200, 1818); packageName: com.adonai.manman; className: android.widget.FrameLayout; text: null; error: null; maxTextLength: -1; contentDescription: null; viewIdResName: com.adonai.manman:id/chapter_fragment_frame; checkable: false; checked: false; focusable: true; focused: false; selected: false; clickable: false; longClickable: false; contextClickable: false; enabled: true; password: false; scrollable: false; actions: [AccessibilityAction: ACTION_FOCUS - null, AccessibilityAction: ACTION_SELECT - null, AccessibilityAction: ACTION_CLEAR_SELECTION - null, AccessibilityAction: ACTION_ACCESSIBILITY_FOCUS - null, AccessibilityAction: ACTION_UNKNOWN - null]
08-02 11:45:59.301  5199  5199 W AccessibilityNodeInfoDumper: Fetch time: 8ms
08-02 11:45:59.304   623  1556 W WindowManager: Attempted to remove non-existing token: android.os.Binder@c7a8d23
08-02 11:45:59.306  5199  5199 D AndroidRuntime: Shutting down VM
08-02 11:45:59.866  5221  5221 D AndroidRuntime: >>>>>> START com.android.internal.os.RuntimeInit uid 0 <<<<<<
08-02 11:45:59.867  5221  5221 D AndroidRuntime: CheckJNI is OFF
08-02 11:45:59.878  5221  5221 D ICU     : No timezone override file found: /data/misc/zoneinfo/current/icu/icu_tzdata.dat
08-02 11:45:59.894  5221  5221 E memtrack: Couldn't load memtrack module (No such file or directory)
08-02 11:45:59.894  5221  5221 E android.os.Debug: failed to load memtrack module: -2
08-02 11:45:59.895  5221  5221 I Radio-JNI: register_android_hardware_Radio DONE
08-02 11:45:59.905  5221  5221 D AndroidRuntime: Calling main entry com.android.commands.uiautomator.Launcher
08-02 11:46:00.915  2065  2065 D leak-356-5: Eastern Standard Time
08-02 11:46:00.915  2065  2065 D leak-357-5: Eastern Standard Time
08-02 11:46:00.915  2065  2065 D leak-358-5: Eastern Standard Time
08-02 11:46:00.915  2065  2065 D leak-360-5: Eastern Standard Time
08-02 11:46:00.915  2065  2065 D leak-362-5: Eastern Standard Time
08-02 11:46:00.915  2065  2065 D leak-364-5: Eastern Standard Time
08-02 11:46:00.915  2065  2065 D leak-366-5: Eastern Standard Time
08-02 11:46:00.915  2065  2065 D leak-368-5: Eastern Standard Time
08-02 11:46:00.915  2065  2065 D leak-359-2: Eastern Standard Time
08-02 11:46:00.915  2065  2065 D leak-361-2: Eastern Standard Time
08-02 11:46:00.915  2065  2065 D leak-363-2: Eastern Standard Time
08-02 11:46:00.915  2065  2065 D leak-365-2: Eastern Standard Time
08-02 11:46:00.915  2065  2065 D leak-367-2: Eastern Standard Time
08-02 11:46:00.932  5221  5221 I AccessibilityNodeInfoDumper: Skipping invisible child: android.view.accessibility.AccessibilityNodeInfo@8000c11c; boundsInParent: Rect(0, 0 - 1200, 1540); boundsInScreen: Rect(1200, 278 - 1200, 1818); packageName: com.adonai.manman; className: android.widget.FrameLayout; text: null; error: null; maxTextLength: -1; contentDescription: null; viewIdResName: com.adonai.manman:id/chapter_fragment_frame; checkable: false; checked: false; focusable: true; focused: false; selected: false; clickable: false; longClickable: false; contextClickable: false; enabled: true; password: false; scrollable: false; actions: [AccessibilityAction: ACTION_FOCUS - null, AccessibilityAction: ACTION_SELECT - null, AccessibilityAction: ACTION_CLEAR_SELECTION - null, AccessibilityAction: ACTION_ACCESSIBILITY_FOCUS - null, AccessibilityAction: ACTION_UNKNOWN - null]
08-02 11:46:00.933  5221  5221 W AccessibilityNodeInfoDumper: Fetch time: 7ms
08-02 11:46:00.933   623   635 W WindowManager: Attempted to remove non-existing token: android.os.Binder@340f220
08-02 11:46:00.938  5221  5221 D AndroidRuntime: Shutting down VM
08-02 11:46:02.050  5244  5244 D AndroidRuntime: >>>>>> START com.android.internal.os.RuntimeInit uid 0 <<<<<<
08-02 11:46:02.052  5244  5244 D AndroidRuntime: CheckJNI is OFF
08-02 11:46:02.061  5244  5244 D ICU     : No timezone override file found: /data/misc/zoneinfo/current/icu/icu_tzdata.dat
08-02 11:46:02.074  5244  5244 E memtrack: Couldn't load memtrack module (No such file or directory)
08-02 11:46:02.074  5244  5244 E android.os.Debug: failed to load memtrack module: -2
08-02 11:46:02.075  5244  5244 I Radio-JNI: register_android_hardware_Radio DONE
08-02 11:46:02.080  5244  5244 D AndroidRuntime: Calling main entry com.android.commands.uiautomator.Launcher
08-02 11:46:03.092  2065  2065 D leak-356-5: Eastern Standard Time
08-02 11:46:03.092  2065  2065 D leak-357-5: Eastern Standard Time
08-02 11:46:03.092  2065  2065 D leak-358-5: Eastern Standard Time
08-02 11:46:03.092  2065  2065 D leak-360-5: Eastern Standard Time
08-02 11:46:03.092  2065  2065 D leak-362-5: Eastern Standard Time
08-02 11:46:03.092  2065  2065 D leak-364-5: Eastern Standard Time
08-02 11:46:03.092  2065  2065 D leak-366-5: Eastern Standard Time
08-02 11:46:03.092  2065  2065 D leak-368-5: Eastern Standard Time
08-02 11:46:03.092  2065  2065 D leak-359-2: Eastern Standard Time
08-02 11:46:03.092  2065  2065 D leak-361-2: Eastern Standard Time
08-02 11:46:03.092  2065  2065 D leak-363-2: Eastern Standard Time
08-02 11:46:03.092  2065  2065 D leak-365-2: Eastern Standard Time
08-02 11:46:03.092  2065  2065 D leak-367-2: Eastern Standard Time
08-02 11:46:03.102  5244  5244 I AccessibilityNodeInfoDumper: Skipping invisible child: android.view.accessibility.AccessibilityNodeInfo@8000c125; boundsInParent: Rect(0, 0 - 1200, 1540); boundsInScreen: Rect(1200, 278 - 1200, 1818); packageName: com.adonai.manman; className: android.widget.FrameLayout; text: null; error: null; maxTextLength: -1; contentDescription: null; viewIdResName: com.adonai.manman:id/chapter_fragment_frame; checkable: false; checked: false; focusable: true; focused: false; selected: false; clickable: false; longClickable: false; contextClickable: false; enabled: true; password: false; scrollable: false; actions: [AccessibilityAction: ACTION_FOCUS - null, AccessibilityAction: ACTION_SELECT - null, AccessibilityAction: ACTION_CLEAR_SELECTION - null, AccessibilityAction: ACTION_ACCESSIBILITY_FOCUS - null, AccessibilityAction: ACTION_UNKNOWN - null]
08-02 11:46:03.105  5244  5244 W AccessibilityNodeInfoDumper: Fetch time: 9ms
08-02 11:46:03.106   623   760 W WindowManager: Attempted to remove non-existing token: android.os.Binder@12d07d9
08-02 11:46:03.121  5244  5244 D AndroidRuntime: Shutting down VM
08-02 11:46:03.619  5262  5262 D AndroidRuntime: >>>>>> START com.android.internal.os.RuntimeInit uid 0 <<<<<<
08-02 11:46:03.620  5262  5262 D AndroidRuntime: CheckJNI is OFF
08-02 11:46:03.631  5262  5262 D ICU     : No timezone override file found: /data/misc/zoneinfo/current/icu/icu_tzdata.dat
08-02 11:46:03.646  5262  5262 E memtrack: Couldn't load memtrack module (No such file or directory)
08-02 11:46:03.646  5262  5262 E android.os.Debug: failed to load memtrack module: -2
08-02 11:46:03.647  5262  5262 I Radio-JNI: register_android_hardware_Radio DONE
08-02 11:46:03.653  5262  5262 D AndroidRuntime: Calling main entry com.android.commands.uiautomator.Launcher
08-02 11:46:04.664  2065  2065 D leak-356-5: Eastern Standard Time
08-02 11:46:04.664  2065  2065 D leak-357-5: Eastern Standard Time
08-02 11:46:04.664  2065  2065 D leak-358-5: Eastern Standard Time
08-02 11:46:04.664  2065  2065 D leak-360-5: Eastern Standard Time
08-02 11:46:04.664  2065  2065 D leak-362-5: Eastern Standard Time
08-02 11:46:04.664  2065  2065 D leak-364-5: Eastern Standard Time
08-02 11:46:04.664  2065  2065 D leak-366-5: Eastern Standard Time
08-02 11:46:04.664  2065  2065 D leak-368-5: Eastern Standard Time
08-02 11:46:04.664  2065  2065 D leak-359-2: Eastern Standard Time
08-02 11:46:04.664  2065  2065 D leak-361-2: Eastern Standard Time
08-02 11:46:04.664  2065  2065 D leak-363-2: Eastern Standard Time
08-02 11:46:04.664  2065  2065 D leak-365-2: Eastern Standard Time
08-02 11:46:04.664  2065  2065 D leak-367-2: Eastern Standard Time
08-02 11:46:04.680  5262  5262 I AccessibilityNodeInfoDumper: Skipping invisible child: android.view.accessibility.AccessibilityNodeInfo@8000c12b; boundsInParent: Rect(0, 0 - 1200, 1540); boundsInScreen: Rect(1200, 278 - 1200, 1818); packageName: com.adonai.manman; className: android.widget.FrameLayout; text: null; error: null; maxTextLength: -1; contentDescription: null; viewIdResName: com.adonai.manman:id/chapter_fragment_frame; checkable: false; checked: false; focusable: true; focused: false; selected: false; clickable: false; longClickable: false; contextClickable: false; enabled: true; password: false; scrollable: false; actions: [AccessibilityAction: ACTION_FOCUS - null, AccessibilityAction: ACTION_SELECT - null, AccessibilityAction: ACTION_CLEAR_SELECTION - null, AccessibilityAction: ACTION_ACCESSIBILITY_FOCUS - null, AccessibilityAction: ACTION_UNKNOWN - null]
08-02 11:46:04.684  5262  5262 W AccessibilityNodeInfoDumper: Fetch time: 11ms
08-02 11:46:04.689   623   635 W WindowManager: Attempted to remove non-existing token: android.os.Binder@f5ed87f
08-02 11:46:04.693  5262  5262 D AndroidRuntime: Shutting down VM
08-02 11:46:05.736  5286  5286 D AndroidRuntime: >>>>>> START com.android.internal.os.RuntimeInit uid 0 <<<<<<
08-02 11:46:05.738  5286  5286 D AndroidRuntime: CheckJNI is OFF
08-02 11:46:05.752  5286  5286 D ICU     : No timezone override file found: /data/misc/zoneinfo/current/icu/icu_tzdata.dat
08-02 11:46:05.764  5286  5286 E memtrack: Couldn't load memtrack module (No such file or directory)
08-02 11:46:05.764  5286  5286 E android.os.Debug: failed to load memtrack module: -2
08-02 11:46:05.765  5286  5286 I Radio-JNI: register_android_hardware_Radio DONE
08-02 11:46:05.771  5286  5286 D AndroidRuntime: Calling main entry com.android.commands.uiautomator.Launcher
08-02 11:46:06.781  2065  2065 D leak-356-5: Eastern Standard Time
08-02 11:46:06.781  2065  2065 D leak-357-5: Eastern Standard Time
08-02 11:46:06.781  2065  2065 D leak-358-5: Eastern Standard Time
08-02 11:46:06.781  2065  2065 D leak-360-5: Eastern Standard Time
08-02 11:46:06.781  2065  2065 D leak-362-5: Eastern Standard Time
08-02 11:46:06.781  2065  2065 D leak-364-5: Eastern Standard Time
08-02 11:46:06.781  2065  2065 D leak-366-5: Eastern Standard Time
08-02 11:46:06.781  2065  2065 D leak-368-5: Eastern Standard Time
08-02 11:46:06.781  2065  2065 D leak-359-2: Eastern Standard Time
08-02 11:46:06.781  2065  2065 D leak-361-2: Eastern Standard Time
08-02 11:46:06.781  2065  2065 D leak-363-2: Eastern Standard Time
08-02 11:46:06.781  2065  2065 D leak-365-2: Eastern Standard Time
08-02 11:46:06.781  2065  2065 D leak-367-2: Eastern Standard Time
08-02 11:46:06.792  5286  5286 I AccessibilityNodeInfoDumper: Skipping invisible child: android.view.accessibility.AccessibilityNodeInfo@8000c131; boundsInParent: Rect(0, 0 - 1200, 1540); boundsInScreen: Rect(1200, 278 - 1200, 1818); packageName: com.adonai.manman; className: android.widget.FrameLayout; text: null; error: null; maxTextLength: -1; contentDescription: null; viewIdResName: com.adonai.manman:id/chapter_fragment_frame; checkable: false; checked: false; focusable: true; focused: false; selected: false; clickable: false; longClickable: false; contextClickable: false; enabled: true; password: false; scrollable: false; actions: [AccessibilityAction: ACTION_FOCUS - null, AccessibilityAction: ACTION_SELECT - null, AccessibilityAction: ACTION_CLEAR_SELECTION - null, AccessibilityAction: ACTION_ACCESSIBILITY_FOCUS - null, AccessibilityAction: ACTION_UNKNOWN - null]
08-02 11:46:06.793  5286  5286 W AccessibilityNodeInfoDumper: Fetch time: 9ms
08-02 11:46:06.794   623  1034 W WindowManager: Attempted to remove non-existing token: android.os.Binder@293104c
08-02 11:46:06.798  5286  5286 D AndroidRuntime: Shutting down VM
08-02 11:46:07.932  5314  5314 D AndroidRuntime: >>>>>> START com.android.internal.os.RuntimeInit uid 0 <<<<<<
