08-02 00:36:56.286  3512  3512 D ICU     : No timezone override file found: /data/misc/zoneinfo/current/icu/icu_tzdata.dat
08-02 00:36:56.297  3512  3512 E memtrack: Couldn't load memtrack module (No such file or directory)
08-02 00:36:56.297  3512  3512 E android.os.Debug: failed to load memtrack module: -2
08-02 00:36:56.298  3512  3512 I Radio-JNI: register_android_hardware_Radio DONE
08-02 00:36:56.304  3512  3512 D AndroidRuntime: Calling main entry com.android.commands.am.Am
08-02 00:36:56.305   623   753 I ActivityManager: Force stopping com.jvillalba.apod.classic appid=10060 user=0: from pid 3512
08-02 00:36:56.305   623   753 I ActivityManager: Killing 2052:com.jvillalba.apod.classic/u0a60 (adj 0): stop com.jvillalba.apod.classic
08-02 00:36:56.305   623   753 W libprocessgroup: failed to open /acct/uid_10060/pid_2052/cgroup.procs: No such file or directory
08-02 00:36:56.305   623   753 W ActivityManager: Force removing ActivityRecord{47a34ad u0 com.jvillalba.apod.classic/.activities.MainActivity t4}: app died, no saved state
08-02 00:36:56.309   623   642 E JavaBinder: !!! FAILED BINDER TRANSACTION !!!  (parcel size = 60)
08-02 00:36:56.314  3512  3512 D AndroidRuntime: Shutting down VM
08-02 00:36:56.327   623  1007 D GraphicsStats: Buffer count: 2
08-02 00:36:56.354  1595  1693 W EGL_emulation: eglSurfaceAttrib not implemented
08-02 00:36:56.354  1595  1693 W OpenGLRenderer: Failed to set EGL_SWAP_BEHAVIOR on surface 0xe0fbf7c0, error=EGL_SUCCESS
08-02 00:36:56.381   623  1009 W InputMethodManagerService: Got RemoteException sending setActive(false) notification to pid 2052 uid 10060
08-02 00:36:56.904  1595  1693 V RenderScript: 0xde7b3000 Launching thread(s), CPUs 4
08-02 00:36:56.981  1595  1693 W OpenGLRenderer: Incorrectly called buildLayer on View: ShortcutAndWidgetContainer, destroying layer...
08-02 00:36:56.981  1595  1693 W OpenGLRenderer: Incorrectly called buildLayer on View: ShortcutAndWidgetContainer, destroying layer...
08-02 00:36:59.183  3533  3533 D AndroidRuntime: >>>>>> START com.android.internal.os.RuntimeInit uid 0 <<<<<<
08-02 00:36:59.184  3533  3533 D AndroidRuntime: CheckJNI is OFF
08-02 00:36:59.193  3533  3533 D ICU     : No timezone override file found: /data/misc/zoneinfo/current/icu/icu_tzdata.dat
08-02 00:36:59.208  3533  3533 E memtrack: Couldn't load memtrack module (No such file or directory)
08-02 00:36:59.208  3533  3533 E android.os.Debug: failed to load memtrack module: -2
08-02 00:36:59.210  3533  3533 I Radio-JNI: register_android_hardware_Radio DONE
08-02 00:36:59.217  3533  3533 D AndroidRuntime: Calling main entry com.android.commands.pm.Pm
08-02 00:36:59.220   623   637 I ActivityManager: Force stopping com.jvillalba.apod.classic appid=10060 user=-1: uninstall pkg
08-02 00:36:59.235   623   646 I art     : Starting a blocking GC Explicit
08-02 00:36:59.244   623   646 I art     : Explicit concurrent mark sweep GC freed 10749(697KB) AllocSpace objects, 8(172KB) LOS objects, 33% free, 5MB/8MB, paused 205us total 9.172ms
08-02 00:36:59.250   623   646 W PackageManager: Couldn't remove dex file for package:  at location /data/app/com.jvillalba.apod.classic-1/base.apk, retcode=-1
08-02 00:36:59.255  3533  3533 I art     : System.exit called, status: 0
08-02 00:36:59.255  3533  3533 I AndroidRuntime: VM exiting with result code 0.
08-02 00:36:59.260   623   646 I ActivityManager: Force stopping com.jvillalba.apod.classic appid=10060 user=0: pkg removed
08-02 00:36:59.269   623   664 I InputReader: Reconfiguring input devices.  changes=0x00000010
08-02 00:36:59.279   986  1217 I LatinIME:LogUtils: Dictionary info: dictionary = main:en ; version = 54 ; date = 1414726273
08-02 00:36:59.279   871  3546 D VoicemailCleanupService: Cleaning up data for package: com.jvillalba.apod.classic
08-02 00:36:59.280   623   623 D JobSchedulerService: Receieved: android.intent.action.PACKAGE_REMOVED
08-02 00:36:59.328   623   753 I ActivityManager: Start proc 3550:com.android.keychain/1000 for broadcast com.android.keychain/.KeyChainBroadcastReceiver
08-02 00:36:59.391  3550  3550 E libprocessgroup: failed to make and chown /acct/uid_1000: Read-only file system
08-02 00:36:59.391  3550  3550 W Zygote  : createProcessGroup failed, kernel missing CONFIG_CGROUP_CPUACCT?
08-02 00:36:59.682  1030  1030 D CarrierServiceBindHelper: Receive action: android.intent.action.PACKAGE_REMOVED
08-02 00:37:00.179  3550  3550 W System  : ClassLoader referenced unknown path: /system/app/KeyChain/lib/x86
08-02 00:37:00.259  3550  3550 W ContextImpl: Calling a method in the system process without a qualified user: android.app.ContextImpl.startService:1221 android.content.ContextWrapper.startService:581 android.content.ContextWrapper.startService:581 com.android.keychain.KeyChainBroadcastReceiver.onReceive:12 android.app.ActivityThread.handleReceiver:2725 
08-02 00:37:00.472   623   623 I ActivityManager: Start proc 3565:com.android.documentsui/u0a33 for broadcast com.android.documentsui/.PackageReceiver
08-02 00:37:00.576  3565  3565 E libprocessgroup: failed to make and chown /acct/uid_10033: Read-only file system
08-02 00:37:00.576  3565  3565 W Zygote  : createProcessGroup failed, kernel missing CONFIG_CGROUP_CPUACCT?
08-02 00:37:01.049   623  1594 I ActivityManager: Killing 1180:android.process.media/u0a6 (adj 15): empty #17
08-02 00:37:01.060   623  1594 W libprocessgroup: failed to open /acct/uid_10006/pid_1180/cgroup.procs: No such file or directory
08-02 00:37:01.083  3565  3565 W System  : ClassLoader referenced unknown path: /system/app/DocumentsUI/lib/x86
08-02 00:37:01.134   623  1594 I ActivityManager: Start proc 3582:android.process.media/u0a6 for content provider com.android.providers.downloads/.DownloadStorageProvider
08-02 00:37:01.141   623   799 I ActivityManager: Killing 1839:com.android.onetimeinitializer/u0a11 (adj 15): empty #17
08-02 00:37:01.141   623   799 W libprocessgroup: failed to open /acct/uid_10011/pid_1839/cgroup.procs: No such file or directory
08-02 00:37:01.160  3582  3582 E libprocessgroup: failed to make and chown /acct/uid_10006: Read-only file system
08-02 00:37:01.160  3582  3582 W Zygote  : createProcessGroup failed, kernel missing CONFIG_CGROUP_CPUACCT?
08-02 00:37:01.179  3582  3582 W System  : ClassLoader referenced unknown path: /system/priv-app/DownloadProvider/lib/x86
08-02 00:37:01.180  3582  3582 W System  : ClassLoader referenced unknown path: /system/priv-app/MediaProvider/lib/x86
08-02 00:37:01.208   623  1118 I ActivityManager: Start proc 3601:com.android.externalstorage/u0a7 for content provider com.android.externalstorage/.ExternalStorageProvider
08-02 00:37:01.210   623   634 I ActivityManager: Killing 1417:com.android.calendar/u0a24 (adj 15): empty #17
08-02 00:37:01.210   623   634 W libprocessgroup: failed to open /acct/uid_10024/pid_1417/cgroup.procs: No such file or directory
08-02 00:37:01.233  3601  3601 E libprocessgroup: failed to make and chown /acct/uid_10007: Read-only file system
08-02 00:37:01.233  3601  3601 W Zygote  : createProcessGroup failed, kernel missing CONFIG_CGROUP_CPUACCT?
08-02 00:37:01.244   623   799 I ActivityManager: Killing 1855:com.android.camera2/u0a25 (adj 15): empty #17
08-02 00:37:01.245   623   799 W libprocessgroup: failed to open /acct/uid_10025/pid_1855/cgroup.procs: No such file or directory
08-02 00:37:01.247  3580  3580 D AndroidRuntime: >>>>>> START com.android.internal.os.RuntimeInit uid 0 <<<<<<
08-02 00:37:01.249  3601  3601 W System  : ClassLoader referenced unknown path: /system/priv-app/ExternalStorageProvider/lib/x86
08-02 00:37:01.249  3580  3580 D AndroidRuntime: CheckJNI is OFF
08-02 00:37:01.250  3601  3601 D ExternalStorage: After updating volumes, found 1 active roots
08-02 00:37:01.262  3565  3581 D Documents: Update found 6 roots in 140ms
08-02 00:37:01.263  3580  3580 D ICU     : No timezone override file found: /data/misc/zoneinfo/current/icu/icu_tzdata.dat
08-02 00:37:01.265  3565  3614 D Documents: Update found 6 roots in 9ms
08-02 00:37:01.277  3580  3580 E memtrack: Couldn't load memtrack module (No such file or directory)
08-02 00:37:01.277  3580  3580 E android.os.Debug: failed to load memtrack module: -2
08-02 00:37:01.277  3580  3580 I Radio-JNI: register_android_hardware_Radio DONE
08-02 00:37:01.285  3580  3580 D AndroidRuntime: Calling main entry com.android.commands.pm.Pm
08-02 00:37:01.297  1991  2003 D DefContainer: Copying /data/local/tmp/NASApod-release-unsigned_SINK.apk to base.apk
08-02 00:37:01.369   623   646 I PackageManager.DexOptimizer: Running dexopt (dex2oat) on: /data/app/vmdl878252049.tmp/base.apk pkg=com.jvillalba.apod.classic isa=x86 vmSafeMode=false debuggable=false oatDir = /data/app/vmdl878252049.tmp/oat
08-02 00:37:01.376  3623  3623 W dex2oat : Unexpected CPU variant for X86 using defaults: x86
08-02 00:37:01.376  3623  3623 I dex2oat : Starting dex2oat.
08-02 00:37:01.376  3623  3623 E cutils-trace: Error opening trace file: Permission denied (13)
08-02 00:37:01.471  3623  3623 W dex2oat : Before Android 4.1, method int android.support.v7.widget.ListViewCompat.lookForSelectablePosition(int, boolean) would have incorrectly overridden the package-private method in android.widget.ListView
08-02 00:37:01.485  3623  3626 W dex2oat : Before Android 4.1, method android.graphics.PorterDuffColorFilter android.support.graphics.drawable.VectorDrawableCompat.updateTintFilter(android.graphics.PorterDuffColorFilter, android.content.res.ColorStateList, android.graphics.PorterDuff$Mode) would have incorrectly overridden the package-private method in android.graphics.drawable.Drawable
08-02 00:37:02.526  3623  3623 I dex2oat : dex2oat took 1.149s (threads: 4) arena alloc=36MB java alloc=4MB native alloc=51MB free=30MB
08-02 00:37:02.576   623   646 V BackupManagerService: restoreAtInstall pkg=com.jvillalba.apod.classic token=2 restoreSet=0
08-02 00:37:02.576   623   646 V BackupManagerService: Finishing install immediately
08-02 00:37:02.576   623   646 W Settings: Setting install_non_market_apps has moved from android.provider.Settings.Global to android.provider.Settings.Secure, returning read-only value.
08-02 00:37:02.576   623   646 I art     : Starting a blocking GC Explicit
08-02 00:37:02.585   623   646 I art     : Explicit concurrent mark sweep GC freed 23276(1335KB) AllocSpace objects, 5(132KB) LOS objects, 33% free, 5MB/8MB, paused 216us total 8.637ms
08-02 00:37:02.587  3580  3580 I art     : System.exit called, status: 0
08-02 00:37:02.588  3580  3580 I AndroidRuntime: VM exiting with result code 0.
08-02 00:37:02.591  3565  3629 D Documents: Update found 6 roots in 1ms
08-02 00:37:02.603   623   664 I InputReader: Reconfiguring input devices.  changes=0x00000010
08-02 00:37:02.615  1030  1030 D CarrierServiceBindHelper: Receive action: android.intent.action.PACKAGE_ADDED
08-02 00:37:02.615  1030  1030 D CarrierServiceBindHelper: mHandler: 3
08-02 00:37:02.615  1030  1030 D CarrierConfigLoader: mHandler: 9 phoneId: 0
08-02 00:37:02.639   623   636 W VoiceInteractionManagerService: no available voice recognition services found for user 0
08-02 00:37:02.803  3638  3638 D AndroidRuntime: >>>>>> START com.android.internal.os.RuntimeInit uid 0 <<<<<<
08-02 00:37:02.805  3638  3638 D AndroidRuntime: CheckJNI is OFF
08-02 00:37:02.814  3638  3638 D ICU     : No timezone override file found: /data/misc/zoneinfo/current/icu/icu_tzdata.dat
08-02 00:37:02.825  3638  3638 E memtrack: Couldn't load memtrack module (No such file or directory)
08-02 00:37:02.825  3638  3638 E android.os.Debug: failed to load memtrack module: -2
08-02 00:37:02.826  3638  3638 I Radio-JNI: register_android_hardware_Radio DONE
08-02 00:37:02.835  3638  3638 D AndroidRuntime: Calling main entry com.android.commands.monkey.Monkey
08-02 00:37:02.845   623   637 W BroadcastQueue: Skipping deliver [background] BroadcastRecord{fc00f40 u-1 android.net.conn.CONNECTIVITY_CHANGE} to ReceiverList{4ec2e79 3638 (unknown name)/0/u-1 remote:ddec672}: process crashing
08-02 00:37:02.850   623   634 I ActivityManager: START u0 {act=android.intent.action.MAIN cat=[android.intent.category.LAUNCHER] flg=0x10200000 cmp=com.jvillalba.apod.classic/.activities.MainActivity} from uid 0 on display 0
08-02 00:37:02.867   623   799 I ActivityManager: Start proc 3647:com.jvillalba.apod.classic/u0a61 for activity com.jvillalba.apod.classic/.activities.MainActivity
08-02 00:37:02.867   623   638 D Sensors : batch handle 1, but there is no batch sensor in genymotion
08-02 00:37:02.880  3638  3638 I art     : System.exit called, status: 0
08-02 00:37:02.880  3638  3638 I AndroidRuntime: VM exiting with result code 0.
08-02 00:37:02.897  3647  3647 E libprocessgroup: failed to make and chown /acct/uid_10061: Read-only file system
08-02 00:37:02.897  3647  3647 W Zygote  : createProcessGroup failed, kernel missing CONFIG_CGROUP_CPUACCT?
08-02 00:37:03.248  3647  3647 W System  : ClassLoader referenced unknown path: /data/app/com.jvillalba.apod.classic-1/lib/x86
08-02 00:37:03.420  3647  3647 W art     : Before Android 4.1, method android.graphics.PorterDuffColorFilter android.support.graphics.drawable.VectorDrawableCompat.updateTintFilter(android.graphics.PorterDuffColorFilter, android.content.res.ColorStateList, android.graphics.PorterDuff$Mode) would have incorrectly overridden the package-private method in android.graphics.drawable.Drawable
08-02 00:37:03.487  3647  3647 D leak-9-0: Eastern Standard Time
08-02 00:37:03.764  3647  3647 D leak-9-3: Eastern Standard Time
08-02 00:37:03.769  3647  3647 D leak-13-3: Eastern Standard Time
08-02 00:37:03.789  3647  3647 D leak-67-1: Eastern Standard Time
08-02 00:37:03.789  3647  3647 D leak-9-5: Eastern Standard Time
08-02 00:37:03.790  3647  3647 D leak-13-5: Eastern Standard Time
08-02 00:37:03.790  3647  3647 D leak-15-5: Eastern Standard Time
08-02 00:37:03.790  3647  3647 D leak-9-4: Eastern Standard Time
08-02 00:37:03.790  3647  3647 D leak-13-4: Eastern Standard Time
08-02 00:37:03.790  3647  3647 D leak-14-4: Eastern Standard Time
08-02 00:37:03.790  3647  3647 D leak-15-4: Eastern Standard Time
08-02 00:37:03.790  3647  3647 D leak-78-0: Eastern Standard Time
08-02 00:37:04.036  3647  3662 D OpenGLRenderer: Use EGL_SWAP_BEHAVIOR_PRESERVED: true
08-02 00:37:04.104  3647  3647 D         : HostConnection::get() New Host Connection established 0xe863eab0, tid 3647
08-02 00:37:05.099   623  1009 W art     : Long monitor contention event with owner method=int com.android.server.wm.WindowManagerService.relayoutWindow(com.android.server.wm.Session, android.view.IWindow, int, android.view.WindowManager$LayoutParams, int, int, int, int, android.graphics.Rect, android.graphics.Rect, android.graphics.Rect, android.graphics.Rect, android.graphics.Rect, android.graphics.Rect, android.content.res.Configuration, android.view.Surface) from WindowManagerService.java:3103 waiters=0 for 554ms
08-02 00:37:05.103  3647  3662 D libEGL  : loaded /system/lib/egl/libEGL_emulation.so
08-02 00:37:05.112  3647  3662 D libEGL  : loaded /system/lib/egl/libGLESv1_CM_emulation.so
08-02 00:37:05.136  3647  3662 D libEGL  : loaded /system/lib/egl/libGLESv2_emulation.so
08-02 00:37:05.148  3647  3662 D         : HostConnection::get() New Host Connection established 0xe863ec70, tid 3662
08-02 00:37:05.501  3647  3662 I OpenGLRenderer: Initialized EGL, version 1.4
08-02 00:37:05.935  1595  1693 E Surface : getSlotFromBufferLocked: unknown buffer: 0xde7bcdd0
08-02 00:37:05.948  3647  3662 W EGL_emulation: eglSurfaceAttrib not implemented
08-02 00:37:05.948  3647  3662 W OpenGLRenderer: Failed to set EGL_SWAP_BEHAVIOR on surface 0xe05211a0, error=EGL_SUCCESS
08-02 00:37:06.046  3647  3647 D leak-67-4: Eastern Standard Time
08-02 00:37:06.046  3647  3647 D leak-70-4: Eastern Standard Time
08-02 00:37:06.046  3647  3647 D leak-67-4: Eastern Standard Time
08-02 00:37:06.046  3647  3647 D leak-70-4: Eastern Standard Time
08-02 00:37:06.065  3647  3647 D leak-9-1: Eastern Standard Time
08-02 00:37:06.072  3647  3647 D leak-11-1: Eastern Standard Time
08-02 00:37:06.072  3647  3647 D leak-13-1: Eastern Standard Time
08-02 00:37:06.072  3647  3647 D leak-14-1: Eastern Standard Time
08-02 00:37:06.072  3647  3647 D leak-15-1: Eastern Standard Time
08-02 00:37:06.117  3647  3647 I Choreographer: Skipped 102 frames!  The application may be doing too much work on its main thread.
08-02 00:37:06.386   623   642 I ActivityManager: Displayed com.jvillalba.apod.classic/.activities.MainActivity: +3s529ms
08-02 00:37:06.386  3647  3647 D leak-67-4: Eastern Standard Time
08-02 00:37:06.386  3647  3647 D leak-70-4: Eastern Standard Time
08-02 00:37:06.386  3647  3647 D leak-67-4: Eastern Standard Time
08-02 00:37:06.386  3647  3647 D leak-70-4: Eastern Standard Time
08-02 00:37:08.035  3670  3670 D AndroidRuntime: >>>>>> START com.android.internal.os.RuntimeInit uid 0 <<<<<<
08-02 00:37:08.040  3670  3670 D AndroidRuntime: CheckJNI is OFF
08-02 00:37:08.049  3670  3670 D ICU     : No timezone override file found: /data/misc/zoneinfo/current/icu/icu_tzdata.dat
08-02 00:37:08.061  3670  3670 E memtrack: Couldn't load memtrack module (No such file or directory)
08-02 00:37:08.061  3670  3670 E android.os.Debug: failed to load memtrack module: -2
08-02 00:37:08.062  3670  3670 I Radio-JNI: register_android_hardware_Radio DONE
08-02 00:37:08.068  3670  3670 D AndroidRuntime: Calling main entry com.android.commands.content.Content
08-02 00:37:08.071  3670  3670 D AndroidRuntime: Shutting down VM
08-02 00:37:08.422  3679  3679 D AndroidRuntime: >>>>>> START com.android.internal.os.RuntimeInit uid 0 <<<<<<
08-02 00:37:08.426  3679  3679 D AndroidRuntime: CheckJNI is OFF
08-02 00:37:08.437  3679  3679 D ICU     : No timezone override file found: /data/misc/zoneinfo/current/icu/icu_tzdata.dat
08-02 00:37:08.448  3679  3679 E memtrack: Couldn't load memtrack module (No such file or directory)
08-02 00:37:08.448  3679  3679 E android.os.Debug: failed to load memtrack module: -2
08-02 00:37:08.449  3679  3679 I Radio-JNI: register_android_hardware_Radio DONE
08-02 00:37:08.455  3679  3679 D AndroidRuntime: Calling main entry com.android.commands.content.Content
08-02 00:37:08.457  3679  3679 D AndroidRuntime: Shutting down VM
08-02 00:37:08.936   623  1391 D NetlinkSocketObserver: NeighborEvent{elapsedMs=272768, 10.0.3.2, [525400123502], RTM_NEWNEIGH, NUD_REACHABLE}
08-02 00:37:09.487  3701  3701 D AndroidRuntime: >>>>>> START com.android.internal.os.RuntimeInit uid 0 <<<<<<
08-02 00:37:09.488  3701  3701 D AndroidRuntime: CheckJNI is OFF
08-02 00:37:09.496  3701  3701 D ICU     : No timezone override file found: /data/misc/zoneinfo/current/icu/icu_tzdata.dat
08-02 00:37:09.509  3701  3701 E memtrack: Couldn't load memtrack module (No such file or directory)
08-02 00:37:09.509  3701  3701 E android.os.Debug: failed to load memtrack module: -2
08-02 00:37:09.510  3701  3701 I Radio-JNI: register_android_hardware_Radio DONE
08-02 00:37:09.515  3701  3701 D AndroidRuntime: Calling main entry com.android.commands.uiautomator.Launcher
08-02 00:37:09.522  3647  3647 D leak-67-4: Eastern Standard Time
08-02 00:37:09.522  3647  3647 D leak-70-4: Eastern Standard Time
08-02 00:37:09.523  3647  3647 D leak-67-4: Eastern Standard Time
08-02 00:37:09.523  3647  3647 D leak-70-4: Eastern Standard Time
08-02 00:37:10.527  3647  3647 D leak-67-4: Eastern Standard Time
08-02 00:37:10.527  3647  3647 D leak-70-4: Eastern Standard Time
08-02 00:37:10.535  3701  3701 W AccessibilityNodeInfoDumper: Fetch time: 1ms
08-02 00:37:10.536   623  1594 W WindowManager: Attempted to remove non-existing token: android.os.Binder@be50d1e
08-02 00:37:10.548  3701  3701 D AndroidRuntime: Shutting down VM
08-02 00:37:11.047  3719  3719 D AndroidRuntime: >>>>>> START com.android.internal.os.RuntimeInit uid 0 <<<<<<
08-02 00:37:11.048  3719  3719 D AndroidRuntime: CheckJNI is OFF
08-02 00:37:11.058  3719  3719 D ICU     : No timezone override file found: /data/misc/zoneinfo/current/icu/icu_tzdata.dat
08-02 00:37:11.073  3719  3719 E memtrack: Couldn't load memtrack module (No such file or directory)
08-02 00:37:11.073  3719  3719 E android.os.Debug: failed to load memtrack module: -2
08-02 00:37:11.074  3719  3719 I Radio-JNI: register_android_hardware_Radio DONE
08-02 00:37:11.081  3719  3719 D AndroidRuntime: Calling main entry com.android.commands.uiautomator.Launcher
08-02 00:37:11.091  3647  3647 D leak-67-4: Eastern Standard Time
08-02 00:37:11.091  3647  3647 D leak-70-4: Eastern Standard Time
08-02 00:37:11.098  3647  3647 D leak-67-4: Eastern Standard Time
08-02 00:37:11.098  3647  3647 D leak-70-4: Eastern Standard Time
08-02 00:37:12.100  3647  3647 D leak-67-4: Eastern Standard Time
08-02 00:37:12.100  3647  3647 D leak-70-4: Eastern Standard Time
08-02 00:37:12.106  3719  3719 W AccessibilityNodeInfoDumper: Fetch time: 1ms
08-02 00:37:12.106   623   753 W WindowManager: Attempted to remove non-existing token: android.os.Binder@db9e9ff
08-02 00:37:12.114  3719  3719 D AndroidRuntime: Shutting down VM
08-02 00:37:13.144  3742  3742 D AndroidRuntime: >>>>>> START com.android.internal.os.RuntimeInit uid 0 <<<<<<
08-02 00:37:13.146  3742  3742 D AndroidRuntime: CheckJNI is OFF
08-02 00:37:13.158  3742  3742 D ICU     : No timezone override file found: /data/misc/zoneinfo/current/icu/icu_tzdata.dat
08-02 00:37:13.172  3742  3742 E memtrack: Couldn't load memtrack module (No such file or directory)
08-02 00:37:13.172  3742  3742 E android.os.Debug: failed to load memtrack module: -2
08-02 00:37:13.173  3742  3742 I Radio-JNI: register_android_hardware_Radio DONE
08-02 00:37:13.179  3742  3742 D AndroidRuntime: Calling main entry com.android.commands.uiautomator.Launcher
08-02 00:37:13.189  3647  3647 D leak-67-4: Eastern Standard Time
08-02 00:37:13.189  3647  3647 D leak-70-4: Eastern Standard Time
08-02 00:37:13.201  3647  3647 D leak-67-4: Eastern Standard Time
08-02 00:37:13.207  3647  3647 D leak-70-4: Eastern Standard Time
08-02 00:37:14.210  3647  3647 D leak-67-4: Eastern Standard Time
08-02 00:37:14.210  3647  3647 D leak-70-4: Eastern Standard Time
08-02 00:37:14.214  3742  3742 W AccessibilityNodeInfoDumper: Fetch time: 1ms
08-02 00:37:14.215   623   753 W WindowManager: Attempted to remove non-existing token: android.os.Binder@7ae83cc
08-02 00:37:14.231  3742  3742 D AndroidRuntime: Shutting down VM
08-02 00:37:14.245  3647  3647 D leak-83-0: Eastern Standard Time
08-02 00:37:14.245  3647  3647 D leak-80-1: Eastern Standard Time
08-02 00:37:14.279  3647  3662 W EGL_emulation: eglSurfaceAttrib not implemented
08-02 00:37:14.279  3647  3662 W OpenGLRenderer: Failed to set EGL_SWAP_BEHAVIOR on surface 0xe00fbec0, error=EGL_SUCCESS
08-02 00:37:14.314  3647  3662 V RenderScript: 0xe8f31000 Launching thread(s), CPUs 4
08-02 00:37:15.364  3774  3774 D AndroidRuntime: >>>>>> START com.android.internal.os.RuntimeInit uid 0 <<<<<<
08-02 00:37:15.365  3774  3774 D AndroidRuntime: CheckJNI is OFF
08-02 00:37:15.374  3774  3774 D ICU     : No timezone override file found: /data/misc/zoneinfo/current/icu/icu_tzdata.dat
08-02 00:37:15.385  3774  3774 E memtrack: Couldn't load memtrack module (No such file or directory)
08-02 00:37:15.385  3774  3774 E android.os.Debug: failed to load memtrack module: -2
08-02 00:37:15.385  3774  3774 I Radio-JNI: register_android_hardware_Radio DONE
08-02 00:37:15.391  3774  3774 D AndroidRuntime: Calling main entry com.android.commands.uiautomator.Launcher
08-02 00:37:15.398  3647  3647 D leak-67-4: Eastern Standard Time
08-02 00:37:15.398  3647  3647 D leak-70-4: Eastern Standard Time
08-02 00:37:15.399  3647  3647 D leak-67-4: Eastern Standard Time
08-02 00:37:15.399  3647  3647 D leak-70-4: Eastern Standard Time
08-02 00:37:16.249  3647  3662 E Surface : getSlotFromBufferLocked: unknown buffer: 0xf3d984a0
08-02 00:37:16.401  3647  3647 D leak-67-4: Eastern Standard Time
08-02 00:37:16.401  3647  3647 D leak-70-4: Eastern Standard Time
08-02 00:37:16.405  3774  3774 W AccessibilityNodeInfoDumper: Fetch time: 2ms
08-02 00:37:16.406   623   838 W WindowManager: Attempted to remove non-existing token: android.os.Binder@f7a1f6
08-02 00:37:16.432  3774  3774 D AndroidRuntime: Shutting down VM
08-02 00:37:17.518  3800  3800 D AndroidRuntime: >>>>>> START com.android.internal.os.RuntimeInit uid 0 <<<<<<
08-02 00:37:17.518  3800  3800 D AndroidRuntime: CheckJNI is OFF
08-02 00:37:17.527  3800  3800 D ICU     : No timezone override file found: /data/misc/zoneinfo/current/icu/icu_tzdata.dat
08-02 00:37:17.538  3800  3800 E memtrack: Couldn't load memtrack module (No such file or directory)
08-02 00:37:17.538  3800  3800 E android.os.Debug: failed to load memtrack module: -2
08-02 00:37:17.538  3800  3800 I Radio-JNI: register_android_hardware_Radio DONE
08-02 00:37:17.544  3800  3800 D AndroidRuntime: Calling main entry com.android.commands.uiautomator.Launcher
08-02 00:37:17.550  3647  3647 D leak-67-4: Eastern Standard Time
08-02 00:37:17.550  3647  3647 D leak-70-4: Eastern Standard Time
08-02 00:37:17.551  3647  3647 D leak-67-4: Eastern Standard Time
08-02 00:37:17.551  3647  3647 D leak-70-4: Eastern Standard Time
08-02 00:37:18.553  3647  3647 D leak-67-4: Eastern Standard Time
08-02 00:37:18.553  3647  3647 D leak-70-4: Eastern Standard Time
08-02 00:37:18.559  3800  3800 W AccessibilityNodeInfoDumper: Fetch time: 2ms
08-02 00:37:18.559   623   799 W WindowManager: Attempted to remove non-existing token: android.os.Binder@bef5e93
08-02 00:37:18.567  3800  3800 D AndroidRuntime: Shutting down VM
08-02 00:37:19.033  3818  3818 D AndroidRuntime: >>>>>> START com.android.internal.os.RuntimeInit uid 0 <<<<<<
08-02 00:37:19.034  3818  3818 D AndroidRuntime: CheckJNI is OFF
08-02 00:37:19.043  3818  3818 D ICU     : No timezone override file found: /data/misc/zoneinfo/current/icu/icu_tzdata.dat
08-02 00:37:19.053  3818  3818 E memtrack: Couldn't load memtrack module (No such file or directory)
08-02 00:37:19.053  3818  3818 E android.os.Debug: failed to load memtrack module: -2
08-02 00:37:19.054  3818  3818 I Radio-JNI: register_android_hardware_Radio DONE
08-02 00:37:19.059  3818  3818 D AndroidRuntime: Calling main entry com.android.commands.uiautomator.Launcher
08-02 00:37:19.067  3647  3647 D leak-67-4: Eastern Standard Time
08-02 00:37:19.067  3647  3647 D leak-70-4: Eastern Standard Time
08-02 00:37:19.067  3647  3647 D leak-67-4: Eastern Standard Time
08-02 00:37:19.067  3647  3647 D leak-70-4: Eastern Standard Time
08-02 00:37:20.069  3647  3647 D leak-67-4: Eastern Standard Time
08-02 00:37:20.069  3647  3647 D leak-70-4: Eastern Standard Time
08-02 00:37:20.075  3818  3818 W AccessibilityNodeInfoDumper: Fetch time: 1ms
08-02 00:37:20.075   623   635 W WindowManager: Attempted to remove non-existing token: android.os.Binder@c6e3ed0
08-02 00:37:20.087  3818  3818 D AndroidRuntime: Shutting down VM
08-02 00:37:21.200  3841  3841 D AndroidRuntime: >>>>>> START com.android.internal.os.RuntimeInit uid 0 <<<<<<
08-02 00:37:21.202  3841  3841 D AndroidRuntime: CheckJNI is OFF
08-02 00:37:21.211  3841  3841 D ICU     : No timezone override file found: /data/misc/zoneinfo/current/icu/icu_tzdata.dat
08-02 00:37:21.224  3841  3841 E memtrack: Couldn't load memtrack module (No such file or directory)
08-02 00:37:21.224  3841  3841 E android.os.Debug: failed to load memtrack module: -2
08-02 00:37:21.225  3841  3841 I Radio-JNI: register_android_hardware_Radio DONE
08-02 00:37:21.231  3841  3841 D AndroidRuntime: Calling main entry com.android.commands.uiautomator.Launcher
08-02 00:37:21.238  3647  3647 D leak-67-4: Eastern Standard Time
08-02 00:37:21.238  3647  3647 D leak-70-4: Eastern Standard Time
08-02 00:37:21.238  3647  3647 D leak-67-4: Eastern Standard Time
08-02 00:37:21.238  3647  3647 D leak-70-4: Eastern Standard Time
08-02 00:37:22.242  3647  3647 D leak-67-4: Eastern Standard Time
08-02 00:37:22.242  3647  3647 D leak-70-4: Eastern Standard Time
08-02 00:37:22.246  3841  3841 W AccessibilityNodeInfoDumper: Fetch time: 1ms
08-02 00:37:22.246   623  1122 W WindowManager: Attempted to remove non-existing token: android.os.Binder@6f44ec9
08-02 00:37:22.254  3841  3841 D AndroidRuntime: Shutting down VM
08-02 00:37:22.696  3859  3859 D AndroidRuntime: >>>>>> START com.android.internal.os.RuntimeInit uid 0 <<<<<<
08-02 00:37:22.698  3859  3859 D AndroidRuntime: CheckJNI is OFF
08-02 00:37:22.710  3859  3859 D ICU     : No timezone override file found: /data/misc/zoneinfo/current/icu/icu_tzdata.dat
08-02 00:37:22.723  3859  3859 E memtrack: Couldn't load memtrack module (No such file or directory)
08-02 00:37:22.723  3859  3859 E android.os.Debug: failed to load memtrack module: -2
08-02 00:37:22.723  3859  3859 I Radio-JNI: register_android_hardware_Radio DONE
08-02 00:37:22.730  3859  3859 D AndroidRuntime: Calling main entry com.android.commands.uiautomator.Launcher
08-02 00:37:22.740  3647  3647 D leak-67-4: Eastern Standard Time
08-02 00:37:22.740  3647  3647 D leak-70-4: Eastern Standard Time
08-02 00:37:22.740  3647  3647 D leak-67-4: Eastern Standard Time
08-02 00:37:22.740  3647  3647 D leak-70-4: Eastern Standard Time
08-02 00:37:23.742  3647  3647 D leak-67-4: Eastern Standard Time
08-02 00:37:23.742  3647  3647 D leak-70-4: Eastern Standard Time
08-02 00:37:23.745  3859  3859 W AccessibilityNodeInfoDumper: Fetch time: 2ms
08-02 00:37:23.745   623   634 W WindowManager: Attempted to remove non-existing token: android.os.Binder@e7cf9ce
08-02 00:37:23.753  3859  3859 D AndroidRuntime: Shutting down VM
08-02 00:37:24.713   623  1391 D NetlinkSocketObserver: NeighborEvent{elapsedMs=288545, 10.0.3.2, [525400123502], RTM_NEWNEIGH, NUD_STALE}
08-02 00:37:24.815  3882  3882 D AndroidRuntime: >>>>>> START com.android.internal.os.RuntimeInit uid 0 <<<<<<
08-02 00:37:24.816  3882  3882 D AndroidRuntime: CheckJNI is OFF
08-02 00:37:24.825  3882  3882 D ICU     : No timezone override file found: /data/misc/zoneinfo/current/icu/icu_tzdata.dat
08-02 00:37:24.838  3882  3882 E memtrack: Couldn't load memtrack module (No such file or directory)
08-02 00:37:24.838  3882  3882 E android.os.Debug: failed to load memtrack module: -2
08-02 00:37:24.840  3882  3882 I Radio-JNI: register_android_hardware_Radio DONE
08-02 00:37:24.846  3882  3882 D AndroidRuntime: Calling main entry com.android.commands.uiautomator.Launcher
08-02 00:37:24.855  3647  3647 D leak-67-4: Eastern Standard Time
08-02 00:37:24.855  3647  3647 D leak-70-4: Eastern Standard Time
08-02 00:37:24.855  3647  3647 D leak-67-4: Eastern Standard Time
08-02 00:37:24.855  3647  3647 D leak-70-4: Eastern Standard Time
08-02 00:37:25.862  3647  3647 D leak-67-4: Eastern Standard Time
08-02 00:37:25.862  3647  3647 D leak-70-4: Eastern Standard Time
08-02 00:37:25.865  3882  3882 W AccessibilityNodeInfoDumper: Fetch time: 1ms
08-02 00:37:25.866   623  1007 W WindowManager: Attempted to remove non-existing token: android.os.Binder@2a750ef
08-02 00:37:25.879  3882  3882 D AndroidRuntime: Shutting down VM
08-02 00:37:26.340  3901  3901 D AndroidRuntime: >>>>>> START com.android.internal.os.RuntimeInit uid 0 <<<<<<
08-02 00:37:26.342  3901  3901 D AndroidRuntime: CheckJNI is OFF
08-02 00:37:26.350  3901  3901 D ICU     : No timezone override file found: /data/misc/zoneinfo/current/icu/icu_tzdata.dat
08-02 00:37:26.363  3901  3901 E memtrack: Couldn't load memtrack module (No such file or directory)
08-02 00:37:26.363  3901  3901 E android.os.Debug: failed to load memtrack module: -2
08-02 00:37:26.364  3901  3901 I Radio-JNI: register_android_hardware_Radio DONE
08-02 00:37:26.372  3901  3901 D AndroidRuntime: Calling main entry com.android.commands.uiautomator.Launcher
08-02 00:37:26.380  3647  3647 D leak-67-4: Eastern Standard Time
08-02 00:37:26.380  3647  3647 D leak-70-4: Eastern Standard Time
08-02 00:37:26.380  3647  3647 D leak-67-4: Eastern Standard Time
08-02 00:37:26.380  3647  3647 D leak-70-4: Eastern Standard Time
08-02 00:37:27.384  3647  3647 D leak-67-4: Eastern Standard Time
08-02 00:37:27.384  3647  3647 D leak-70-4: Eastern Standard Time
08-02 00:37:27.387  3901  3901 W AccessibilityNodeInfoDumper: Fetch time: 1ms
08-02 00:37:27.388   623  1594 W WindowManager: Attempted to remove non-existing token: android.os.Binder@3c077fc
08-02 00:37:27.394  3901  3901 D AndroidRuntime: Shutting down VM
08-02 00:37:28.422  3924  3924 D AndroidRuntime: >>>>>> START com.android.internal.os.RuntimeInit uid 0 <<<<<<
08-02 00:37:28.424  3924  3924 D AndroidRuntime: CheckJNI is OFF
08-02 00:37:28.433  3924  3924 D ICU     : No timezone override file found: /data/misc/zoneinfo/current/icu/icu_tzdata.dat
08-02 00:37:28.446  3924  3924 E memtrack: Couldn't load memtrack module (No such file or directory)
08-02 00:37:28.446  3924  3924 E android.os.Debug: failed to load memtrack module: -2
08-02 00:37:28.447  3924  3924 I Radio-JNI: register_android_hardware_Radio DONE
08-02 00:37:28.456  3924  3924 D AndroidRuntime: Calling main entry com.android.commands.uiautomator.Launcher
08-02 00:37:28.462  3647  3647 D leak-67-4: Eastern Standard Time
08-02 00:37:28.462  3647  3647 D leak-70-4: Eastern Standard Time
08-02 00:37:28.471  3647  3647 D leak-67-4: Eastern Standard Time
08-02 00:37:28.479  3647  3647 D leak-70-4: Eastern Standard Time
08-02 00:37:29.479  3647  3647 D leak-67-4: Eastern Standard Time
08-02 00:37:29.479  3647  3647 D leak-70-4: Eastern Standard Time
08-02 00:37:29.484  3924  3924 W AccessibilityNodeInfoDumper: Fetch time: 1ms
08-02 00:37:29.485   623  1116 W WindowManager: Attempted to remove non-existing token: android.os.Binder@66a0e85
08-02 00:37:29.497  3924  3924 D AndroidRuntime: Shutting down VM
08-02 00:37:29.955  3942  3942 D AndroidRuntime: >>>>>> START com.android.internal.os.RuntimeInit uid 0 <<<<<<
08-02 00:37:29.957  3942  3942 D AndroidRuntime: CheckJNI is OFF
08-02 00:37:29.966  3942  3942 D ICU     : No timezone override file found: /data/misc/zoneinfo/current/icu/icu_tzdata.dat
08-02 00:37:29.978  3942  3942 E memtrack: Couldn't load memtrack module (No such file or directory)
08-02 00:37:29.978  3942  3942 E android.os.Debug: failed to load memtrack module: -2
08-02 00:37:29.979  3942  3942 I Radio-JNI: register_android_hardware_Radio DONE
08-02 00:37:29.984  3942  3942 D AndroidRuntime: Calling main entry com.android.commands.uiautomator.Launcher
08-02 00:37:29.997  3647  3647 D leak-67-4: Eastern Standard Time
08-02 00:37:29.997  3647  3647 D leak-70-4: Eastern Standard Time
08-02 00:37:29.997  3647  3647 D leak-67-4: Eastern Standard Time
08-02 00:37:29.997  3647  3647 D leak-70-4: Eastern Standard Time
08-02 00:37:30.998  3647  3647 D leak-67-4: Eastern Standard Time
08-02 00:37:30.998  3647  3647 D leak-70-4: Eastern Standard Time
08-02 00:37:31.003  3942  3942 W AccessibilityNodeInfoDumper: Fetch time: 2ms
08-02 00:37:31.004   623   753 W WindowManager: Attempted to remove non-existing token: android.os.Binder@c420d0b
08-02 00:37:31.017  3942  3942 D AndroidRuntime: Shutting down VM
08-02 00:37:32.090  3967  3967 D AndroidRuntime: >>>>>> START com.android.internal.os.RuntimeInit uid 0 <<<<<<
08-02 00:37:32.092  3967  3967 D AndroidRuntime: CheckJNI is OFF
08-02 00:37:32.101  3967  3967 D ICU     : No timezone override file found: /data/misc/zoneinfo/current/icu/icu_tzdata.dat
08-02 00:37:32.121  3967  3967 E memtrack: Couldn't load memtrack module (No such file or directory)
08-02 00:37:32.121  3967  3967 E android.os.Debug: failed to load memtrack module: -2
08-02 00:37:32.122  3967  3967 I Radio-JNI: register_android_hardware_Radio DONE
08-02 00:37:32.132  3967  3967 D AndroidRuntime: Calling main entry com.android.commands.uiautomator.Launcher
08-02 00:37:32.144  3647  3647 D leak-67-4: Eastern Standard Time
08-02 00:37:32.144  3647  3647 D leak-70-4: Eastern Standard Time
08-02 00:37:32.145  3647  3647 D leak-67-4: Eastern Standard Time
08-02 00:37:32.145  3647  3647 D leak-70-4: Eastern Standard Time
08-02 00:37:33.149  3647  3647 D leak-67-4: Eastern Standard Time
08-02 00:37:33.149  3647  3647 D leak-70-4: Eastern Standard Time
08-02 00:37:33.152  3967  3967 W AccessibilityNodeInfoDumper: Fetch time: 1ms
08-02 00:37:33.153   623   635 W WindowManager: Attempted to remove non-existing token: android.os.Binder@99b17e8
08-02 00:37:33.165  3967  3967 D AndroidRuntime: Shutting down VM
08-02 00:37:33.615  3985  3985 D AndroidRuntime: >>>>>> START com.android.internal.os.RuntimeInit uid 0 <<<<<<
08-02 00:37:33.619  3985  3985 D AndroidRuntime: CheckJNI is OFF
08-02 00:37:33.632  3985  3985 D ICU     : No timezone override file found: /data/misc/zoneinfo/current/icu/icu_tzdata.dat
08-02 00:37:33.643  3985  3985 E memtrack: Couldn't load memtrack module (No such file or directory)
08-02 00:37:33.643  3985  3985 E android.os.Debug: failed to load memtrack module: -2
08-02 00:37:33.644  3985  3985 I Radio-JNI: register_android_hardware_Radio DONE
08-02 00:37:33.653  3985  3985 D AndroidRuntime: Calling main entry com.android.commands.uiautomator.Launcher
08-02 00:37:33.660  3647  3647 D leak-67-4: Eastern Standard Time
08-02 00:37:33.660  3647  3647 D leak-70-4: Eastern Standard Time
08-02 00:37:33.670  3647  3647 D leak-67-4: Eastern Standard Time
08-02 00:37:33.670  3647  3647 D leak-70-4: Eastern Standard Time
08-02 00:37:34.671  3647  3647 D leak-67-4: Eastern Standard Time
08-02 00:37:34.671  3647  3647 D leak-70-4: Eastern Standard Time
08-02 00:37:34.675  3985  3985 W AccessibilityNodeInfoDumper: Fetch time: 1ms
08-02 00:37:34.676   623   753 W WindowManager: Attempted to remove non-existing token: android.os.Binder@dc20e01
08-02 00:37:34.700  3985  3985 D AndroidRuntime: Shutting down VM
08-02 00:37:35.135  3998  3998 D AndroidRuntime: >>>>>> START com.android.internal.os.RuntimeInit uid 0 <<<<<<
08-02 00:37:35.138  3998  3998 D AndroidRuntime: CheckJNI is OFF
08-02 00:37:35.147  3998  3998 D ICU     : No timezone override file found: /data/misc/zoneinfo/current/icu/icu_tzdata.dat
08-02 00:37:35.158  3998  3998 E memtrack: Couldn't load memtrack module (No such file or directory)
08-02 00:37:35.158  3998  3998 E android.os.Debug: failed to load memtrack module: -2
08-02 00:37:35.159  3998  3998 I Radio-JNI: register_android_hardware_Radio DONE
08-02 00:37:35.166  3998  3998 D AndroidRuntime: Calling main entry com.android.commands.input.Input
08-02 00:37:35.166  3998  3998 I Input   : injectMotionEvent: MotionEvent { action=ACTION_DOWN, actionButton=0, id[0]=0, x[0]=1136.0, y[0]=112.0, toolType[0]=TOOL_TYPE_UNKNOWN, buttonState=0, metaState=0, flags=0x0, edgeFlags=0x0, pointerCount=1, historySize=0, eventTime=298997, downTime=298997, deviceId=0, source=0x1002 }
08-02 00:37:35.168  3998  3998 I Input   : injectMotionEvent: MotionEvent { action=ACTION_UP, actionButton=0, id[0]=0, x[0]=1136.0, y[0]=112.0, toolType[0]=TOOL_TYPE_UNKNOWN, buttonState=0, metaState=0, flags=0x0, edgeFlags=0x0, pointerCount=1, historySize=0, eventTime=298997, downTime=298997, deviceId=0, source=0x1002 }
08-02 00:37:35.171  3998  3998 D AndroidRuntime: Shutting down VM
08-02 00:37:35.188  3647  3647 D leak-9-2: Eastern Standard Time
08-02 00:37:35.188  3647  3647 D leak-11-2: Eastern Standard Time
08-02 00:37:35.188  3647  3647 D leak-12-2: Eastern Standard Time
08-02 00:37:35.188  3647  3647 D leak-13-2: Eastern Standard Time
08-02 00:37:35.188  3647  3647 D leak-14-2: Eastern Standard Time
08-02 00:37:35.188  3647  3647 D leak-15-2: Eastern Standard Time
08-02 00:37:35.201  3647  3647 D leak-9-0: Eastern Standard Time
08-02 00:37:35.207  3647  3647 D leak-9-3: Eastern Standard Time
08-02 00:37:35.207  3647  3647 D leak-13-3: Eastern Standard Time
08-02 00:37:35.207  3647  3647 D leak-67-1: Eastern Standard Time
08-02 00:37:35.207  3647  3647 D leak-9-5: Eastern Standard Time
08-02 00:37:35.207  3647  3647 D leak-13-5: Eastern Standard Time
08-02 00:37:35.207  3647  3647 D leak-15-5: Eastern Standard Time
08-02 00:37:35.207  3647  3647 D leak-9-4: Eastern Standard Time
08-02 00:37:35.207  3647  3647 D leak-13-4: Eastern Standard Time
08-02 00:37:35.207  3647  3647 D leak-14-4: Eastern Standard Time
08-02 00:37:35.207  3647  3647 D leak-15-4: Eastern Standard Time
08-02 00:37:35.207  3647  3647 D leak-78-0: Eastern Standard Time
08-02 00:37:35.258  3647  3662 E Surface : getSlotFromBufferLocked: unknown buffer: 0xf3d97fd0
08-02 00:37:35.272  3647  3662 W EGL_emulation: eglSurfaceAttrib not implemented
08-02 00:37:35.272  3647  3662 W OpenGLRenderer: Failed to set EGL_SWAP_BEHAVIOR on surface 0xe05211a0, error=EGL_SUCCESS
08-02 00:37:35.296  3647  3647 D leak-67-4: Eastern Standard Time
08-02 00:37:35.296  3647  3647 D leak-70-4: Eastern Standard Time
08-02 00:37:35.296  3647  3647 D leak-67-4: Eastern Standard Time
08-02 00:37:35.296  3647  3647 D leak-70-4: Eastern Standard Time
08-02 00:37:35.312  3647  3647 D leak-9-1: Eastern Standard Time
08-02 00:37:35.312  3647  3647 D leak-11-1: Eastern Standard Time
08-02 00:37:35.312  3647  3647 D leak-13-1: Eastern Standard Time
08-02 00:37:35.312  3647  3647 D leak-14-1: Eastern Standard Time
08-02 00:37:35.312  3647  3647 D leak-15-1: Eastern Standard Time
08-02 00:37:35.315  3647  3647 D leak-67-4: Eastern Standard Time
08-02 00:37:35.315  3647  3647 D leak-70-4: Eastern Standard Time
08-02 00:37:35.315  3647  3647 D leak-67-4: Eastern Standard Time
08-02 00:37:35.315  3647  3647 D leak-70-4: Eastern Standard Time
08-02 00:37:39.590  4335  4335 D AndroidRuntime: >>>>>> START com.android.internal.os.RuntimeInit uid 0 <<<<<<
08-02 00:37:39.591  4335  4335 D AndroidRuntime: CheckJNI is OFF
08-02 00:37:39.602  4335  4335 D ICU     : No timezone override file found: /data/misc/zoneinfo/current/icu/icu_tzdata.dat
08-02 00:37:39.614  4335  4335 E memtrack: Couldn't load memtrack module (No such file or directory)
08-02 00:37:39.614  4335  4335 E android.os.Debug: failed to load memtrack module: -2
08-02 00:37:39.615  4335  4335 I Radio-JNI: register_android_hardware_Radio DONE
08-02 00:37:39.624  4335  4335 D AndroidRuntime: Calling main entry com.android.commands.uiautomator.Launcher
08-02 00:37:39.633  3647  3647 D leak-67-4: Eastern Standard Time
08-02 00:37:39.633  3647  3647 D leak-70-4: Eastern Standard Time
08-02 00:37:39.643  3647  3647 D leak-67-4: Eastern Standard Time
08-02 00:37:39.643  3647  3647 D leak-70-4: Eastern Standard Time
08-02 00:37:40.217   623  1391 D NetlinkSocketObserver: NeighborEvent{elapsedMs=304049, 10.0.3.2, [525400123502], RTM_NEWNEIGH, NUD_REACHABLE}
08-02 00:37:40.913  3647  3647 D leak-67-4: Eastern Standard Time
08-02 00:37:40.913  3647  3647 D leak-70-4: Eastern Standard Time
08-02 00:37:40.917  4335  4335 W AccessibilityNodeInfoDumper: Fetch time: 1ms
08-02 00:37:40.917   623  1122 W WindowManager: Attempted to remove non-existing token: android.os.Binder@740893d
08-02 00:37:40.934  4335  4335 D AndroidRuntime: Shutting down VM
08-02 00:37:41.992  4358  4358 D AndroidRuntime: >>>>>> START com.android.internal.os.RuntimeInit uid 0 <<<<<<
08-02 00:37:41.993  4358  4358 D AndroidRuntime: CheckJNI is OFF
08-02 00:37:42.001  4358  4358 D ICU     : No timezone override file found: /data/misc/zoneinfo/current/icu/icu_tzdata.dat
08-02 00:37:42.013  4358  4358 E memtrack: Couldn't load memtrack module (No such file or directory)
08-02 00:37:42.013  4358  4358 E android.os.Debug: failed to load memtrack module: -2
08-02 00:37:42.014  4358  4358 I Radio-JNI: register_android_hardware_Radio DONE
08-02 00:37:42.020  4358  4358 D AndroidRuntime: Calling main entry com.android.commands.uiautomator.Launcher
08-02 00:37:42.026  3647  3647 D leak-67-4: Eastern Standard Time
08-02 00:37:42.026  3647  3647 D leak-70-4: Eastern Standard Time
08-02 00:37:42.030  3647  3647 D leak-67-4: Eastern Standard Time
08-02 00:37:42.030  3647  3647 D leak-70-4: Eastern Standard Time
08-02 00:37:43.031  3647  3647 D leak-67-4: Eastern Standard Time
08-02 00:37:43.031  3647  3647 D leak-70-4: Eastern Standard Time
08-02 00:37:43.036  4358  4358 W AccessibilityNodeInfoDumper: Fetch time: 2ms
08-02 00:37:43.037   623  1007 W WindowManager: Attempted to remove non-existing token: android.os.Binder@2793532
08-02 00:37:43.043  4358  4358 D AndroidRuntime: Shutting down VM
08-02 00:37:43.547  4376  4376 D AndroidRuntime: >>>>>> START com.android.internal.os.RuntimeInit uid 0 <<<<<<
08-02 00:37:43.549  4376  4376 D AndroidRuntime: CheckJNI is OFF
08-02 00:37:43.559  4376  4376 D ICU     : No timezone override file found: /data/misc/zoneinfo/current/icu/icu_tzdata.dat
08-02 00:37:43.572  4376  4376 E memtrack: Couldn't load memtrack module (No such file or directory)
08-02 00:37:43.572  4376  4376 E android.os.Debug: failed to load memtrack module: -2
08-02 00:37:43.573  4376  4376 I Radio-JNI: register_android_hardware_Radio DONE
08-02 00:37:43.579  4376  4376 D AndroidRuntime: Calling main entry com.android.commands.uiautomator.Launcher
08-02 00:37:43.592  3647  3647 D leak-67-4: Eastern Standard Time
08-02 00:37:43.592  3647  3647 D leak-70-4: Eastern Standard Time
08-02 00:37:43.593  3647  3647 D leak-67-4: Eastern Standard Time
08-02 00:37:43.593  3647  3647 D leak-70-4: Eastern Standard Time
08-02 00:37:44.594  3647  3647 D leak-67-4: Eastern Standard Time
08-02 00:37:44.594  3647  3647 D leak-70-4: Eastern Standard Time
08-02 00:37:44.597  4376  4376 W AccessibilityNodeInfoDumper: Fetch time: 1ms
08-02 00:37:44.598   623  1594 W WindowManager: Attempted to remove non-existing token: android.os.Binder@27d1283
08-02 00:37:44.614  4376  4376 D AndroidRuntime: Shutting down VM
08-02 00:37:45.325  3647  3647 D leak-83-0: Eastern Standard Time
08-02 00:37:45.325  3647  3647 D leak-80-1: Eastern Standard Time
08-02 00:37:45.362  3647  3662 W EGL_emulation: eglSurfaceAttrib not implemented
08-02 00:37:45.362  3647  3662 W OpenGLRenderer: Failed to set EGL_SWAP_BEHAVIOR on surface 0xe00fbd60, error=EGL_SUCCESS
08-02 00:37:45.830  4399  4399 D AndroidRuntime: >>>>>> START com.android.internal.os.RuntimeInit uid 0 <<<<<<
08-02 00:37:45.832  4399  4399 D AndroidRuntime: CheckJNI is OFF
08-02 00:37:45.843  4399  4399 D ICU     : No timezone override file found: /data/misc/zoneinfo/current/icu/icu_tzdata.dat
08-02 00:37:45.859  4399  4399 E memtrack: Couldn't load memtrack module (No such file or directory)
08-02 00:37:45.859  4399  4399 E android.os.Debug: failed to load memtrack module: -2
08-02 00:37:45.860  4399  4399 I Radio-JNI: register_android_hardware_Radio DONE
08-02 00:37:45.871  4399  4399 D AndroidRuntime: Calling main entry com.android.commands.uiautomator.Launcher
08-02 00:37:45.895  3647  3647 D leak-67-4: Eastern Standard Time
08-02 00:37:45.895  3647  3647 D leak-70-4: Eastern Standard Time
08-02 00:37:45.896  3647  3647 D leak-67-4: Eastern Standard Time
08-02 00:37:45.896  3647  3647 D leak-70-4: Eastern Standard Time
08-02 00:37:46.901  3647  3647 D leak-67-4: Eastern Standard Time
08-02 00:37:46.901  3647  3647 D leak-70-4: Eastern Standard Time
08-02 00:37:46.905  4399  4399 W AccessibilityNodeInfoDumper: Fetch time: 1ms
08-02 00:37:46.905   623  1118 W WindowManager: Attempted to remove non-existing token: android.os.Binder@80fd82c
08-02 00:37:46.915  4399  4399 D AndroidRuntime: Shutting down VM
08-02 00:37:47.357  3647  3662 E Surface : getSlotFromBufferLocked: unknown buffer: 0xf3d98040
08-02 00:37:48.125  4428  4428 D AndroidRuntime: >>>>>> START com.android.internal.os.RuntimeInit uid 0 <<<<<<
08-02 00:37:48.129  4428  4428 D AndroidRuntime: CheckJNI is OFF
08-02 00:37:48.141  4428  4428 D ICU     : No timezone override file found: /data/misc/zoneinfo/current/icu/icu_tzdata.dat
08-02 00:37:48.156  4428  4428 E memtrack: Couldn't load memtrack module (No such file or directory)
08-02 00:37:48.156  4428  4428 E android.os.Debug: failed to load memtrack module: -2
08-02 00:37:48.157  4428  4428 I Radio-JNI: register_android_hardware_Radio DONE
08-02 00:37:48.163  4428  4428 D AndroidRuntime: Calling main entry com.android.commands.uiautomator.Launcher
08-02 00:37:48.172  3647  3647 D leak-67-4: Eastern Standard Time
08-02 00:37:48.172  3647  3647 D leak-70-4: Eastern Standard Time
08-02 00:37:48.173  3647  3647 D leak-67-4: Eastern Standard Time
08-02 00:37:48.173  3647  3647 D leak-70-4: Eastern Standard Time
08-02 00:37:48.398   623   695 D WifiStateMachine: L2Connected CMD_START_SCAN source -2 18, 20 -> obsolete
08-02 00:37:49.180  3647  3647 D leak-67-4: Eastern Standard Time
08-02 00:37:49.180  3647  3647 D leak-70-4: Eastern Standard Time
08-02 00:37:49.186  4428  4428 W AccessibilityNodeInfoDumper: Fetch time: 1ms
08-02 00:37:49.186   623   634 W WindowManager: Attempted to remove non-existing token: android.os.Binder@e3e388a
08-02 00:37:49.194  4428  4428 D AndroidRuntime: Shutting down VM
08-02 00:37:50.291  4454  4454 D AndroidRuntime: >>>>>> START com.android.internal.os.RuntimeInit uid 0 <<<<<<
08-02 00:37:50.292  4454  4454 D AndroidRuntime: CheckJNI is OFF
08-02 00:37:50.303  4454  4454 D ICU     : No timezone override file found: /data/misc/zoneinfo/current/icu/icu_tzdata.dat
08-02 00:37:50.316  4454  4454 E memtrack: Couldn't load memtrack module (No such file or directory)
08-02 00:37:50.316  4454  4454 E android.os.Debug: failed to load memtrack module: -2
08-02 00:37:50.316  4454  4454 I Radio-JNI: register_android_hardware_Radio DONE
08-02 00:37:50.322  4454  4454 D AndroidRuntime: Calling main entry com.android.commands.uiautomator.Launcher
08-02 00:37:50.337  3647  3647 D leak-67-4: Eastern Standard Time
08-02 00:37:50.337  3647  3647 D leak-70-4: Eastern Standard Time
08-02 00:37:50.338  3647  3647 D leak-67-4: Eastern Standard Time
08-02 00:37:50.338  3647  3647 D leak-70-4: Eastern Standard Time
08-02 00:37:51.341  3647  3647 D leak-67-4: Eastern Standard Time
08-02 00:37:51.341  3647  3647 D leak-70-4: Eastern Standard Time
08-02 00:37:51.349  4454  4454 W AccessibilityNodeInfoDumper: Fetch time: 1ms
