08-02 00:36:29.680  2948  2948 D AndroidRuntime: >>>>>> START com.android.internal.os.RuntimeInit uid 0 <<<<<<
08-02 00:36:29.682  2948  2948 D AndroidRuntime: CheckJNI is OFF
08-02 00:36:29.700  2948  2948 D ICU     : No timezone override file found: /data/misc/zoneinfo/current/icu/icu_tzdata.dat
08-02 00:36:29.712  2948  2948 E memtrack: Couldn't load memtrack module (No such file or directory)
08-02 00:36:29.712  2948  2948 E android.os.Debug: failed to load memtrack module: -2
08-02 00:36:29.713  2948  2948 I Radio-JNI: register_android_hardware_Radio DONE
08-02 00:36:29.719  2948  2948 D AndroidRuntime: Calling main entry com.android.commands.uiautomator.Launcher
08-02 00:36:29.726  2052  2052 D leak-67-4: Eastern Standard Time
08-02 00:36:29.726  2052  2052 D leak-70-4: Eastern Standard Time
08-02 00:36:29.745  2052  2052 D leak-67-4: Eastern Standard Time
08-02 00:36:29.745  2052  2052 D leak-70-4: Eastern Standard Time
08-02 00:36:30.746  2052  2052 D leak-67-4: Eastern Standard Time
08-02 00:36:30.746  2052  2052 D leak-70-4: Eastern Standard Time
08-02 00:36:30.753  2948  2948 W AccessibilityNodeInfoDumper: Fetch time: 2ms
08-02 00:36:30.754   623  1116 W WindowManager: Attempted to remove non-existing token: android.os.Binder@eb8a27f
08-02 00:36:30.778  2948  2948 D AndroidRuntime: Shutting down VM
08-02 00:36:31.261  2966  2966 D AndroidRuntime: >>>>>> START com.android.internal.os.RuntimeInit uid 0 <<<<<<
08-02 00:36:31.263  2966  2966 D AndroidRuntime: CheckJNI is OFF
08-02 00:36:31.271  2966  2966 D ICU     : No timezone override file found: /data/misc/zoneinfo/current/icu/icu_tzdata.dat
08-02 00:36:31.284  2966  2966 E memtrack: Couldn't load memtrack module (No such file or directory)
08-02 00:36:31.284  2966  2966 E android.os.Debug: failed to load memtrack module: -2
08-02 00:36:31.285  2966  2966 I Radio-JNI: register_android_hardware_Radio DONE
08-02 00:36:31.291  2966  2966 D AndroidRuntime: Calling main entry com.android.commands.uiautomator.Launcher
08-02 00:36:31.305  2052  2052 D leak-67-4: Eastern Standard Time
08-02 00:36:31.305  2052  2052 D leak-70-4: Eastern Standard Time
08-02 00:36:31.307  2052  2052 D leak-67-4: Eastern Standard Time
08-02 00:36:31.307  2052  2052 D leak-70-4: Eastern Standard Time
08-02 00:36:32.311  2052  2052 D leak-67-4: Eastern Standard Time
08-02 00:36:32.311  2052  2052 D leak-70-4: Eastern Standard Time
08-02 00:36:32.318  2966  2966 W AccessibilityNodeInfoDumper: Fetch time: 1ms
08-02 00:36:32.319   623   635 W WindowManager: Attempted to remove non-existing token: android.os.Binder@35a124c
08-02 00:36:32.330  2966  2966 D AndroidRuntime: Shutting down VM
08-02 00:36:33.474  2991  2991 D AndroidRuntime: >>>>>> START com.android.internal.os.RuntimeInit uid 0 <<<<<<
08-02 00:36:33.475  2991  2991 D AndroidRuntime: CheckJNI is OFF
08-02 00:36:33.484  2991  2991 D ICU     : No timezone override file found: /data/misc/zoneinfo/current/icu/icu_tzdata.dat
08-02 00:36:33.495  2991  2991 E memtrack: Couldn't load memtrack module (No such file or directory)
08-02 00:36:33.495  2991  2991 E android.os.Debug: failed to load memtrack module: -2
08-02 00:36:33.497  2991  2991 I Radio-JNI: register_android_hardware_Radio DONE
08-02 00:36:33.503  2991  2991 D AndroidRuntime: Calling main entry com.android.commands.uiautomator.Launcher
08-02 00:36:33.510  2052  2052 D leak-67-4: Eastern Standard Time
08-02 00:36:33.510  2052  2052 D leak-70-4: Eastern Standard Time
08-02 00:36:33.510  2052  2052 D leak-67-4: Eastern Standard Time
08-02 00:36:33.510  2052  2052 D leak-70-4: Eastern Standard Time
08-02 00:36:34.522  2052  2052 D leak-67-4: Eastern Standard Time
08-02 00:36:34.522  2052  2052 D leak-70-4: Eastern Standard Time
08-02 00:36:34.526  2991  2991 W AccessibilityNodeInfoDumper: Fetch time: 1ms
08-02 00:36:34.526   623  1007 W WindowManager: Attempted to remove non-existing token: android.os.Binder@1b52295
08-02 00:36:34.537  2991  2991 D AndroidRuntime: Shutting down VM
08-02 00:36:35.048  3009  3009 D AndroidRuntime: >>>>>> START com.android.internal.os.RuntimeInit uid 0 <<<<<<
08-02 00:36:35.050  3009  3009 D AndroidRuntime: CheckJNI is OFF
08-02 00:36:35.063  3009  3009 D ICU     : No timezone override file found: /data/misc/zoneinfo/current/icu/icu_tzdata.dat
08-02 00:36:35.075  3009  3009 E memtrack: Couldn't load memtrack module (No such file or directory)
08-02 00:36:35.075  3009  3009 E android.os.Debug: failed to load memtrack module: -2
08-02 00:36:35.077  3009  3009 I Radio-JNI: register_android_hardware_Radio DONE
08-02 00:36:35.084  3009  3009 D AndroidRuntime: Calling main entry com.android.commands.uiautomator.Launcher
08-02 00:36:35.093  2052  2052 D leak-67-4: Eastern Standard Time
08-02 00:36:35.093  2052  2052 D leak-70-4: Eastern Standard Time
08-02 00:36:35.096  2052  2052 D leak-67-4: Eastern Standard Time
08-02 00:36:35.096  2052  2052 D leak-70-4: Eastern Standard Time
08-02 00:36:36.099  2052  2052 D leak-67-4: Eastern Standard Time
08-02 00:36:36.099  2052  2052 D leak-70-4: Eastern Standard Time
08-02 00:36:36.102  3009  3009 W AccessibilityNodeInfoDumper: Fetch time: 2ms
08-02 00:36:36.103   623   635 W WindowManager: Attempted to remove non-existing token: android.os.Binder@ee74faa
08-02 00:36:36.118  3009  3009 D AndroidRuntime: Shutting down VM
08-02 00:36:36.563  3022  3022 D AndroidRuntime: >>>>>> START com.android.internal.os.RuntimeInit uid 0 <<<<<<
08-02 00:36:36.566  3022  3022 D AndroidRuntime: CheckJNI is OFF
08-02 00:36:36.576  3022  3022 D ICU     : No timezone override file found: /data/misc/zoneinfo/current/icu/icu_tzdata.dat
08-02 00:36:36.590  3022  3022 E memtrack: Couldn't load memtrack module (No such file or directory)
08-02 00:36:36.590  3022  3022 E android.os.Debug: failed to load memtrack module: -2
08-02 00:36:36.591  3022  3022 I Radio-JNI: register_android_hardware_Radio DONE
08-02 00:36:36.597  3022  3022 D AndroidRuntime: Calling main entry com.android.commands.input.Input
08-02 00:36:36.599  3022  3022 I Input   : injectMotionEvent: MotionEvent { action=ACTION_DOWN, actionButton=0, id[0]=0, x[0]=1136.0, y[0]=112.0, toolType[0]=TOOL_TYPE_UNKNOWN, buttonState=0, metaState=0, flags=0x0, edgeFlags=0x0, pointerCount=1, historySize=0, eventTime=240429, downTime=240429, deviceId=0, source=0x1002 }
08-02 00:36:36.601  3022  3022 I Input   : injectMotionEvent: MotionEvent { action=ACTION_MOVE, actionButton=0, id[0]=0, x[0]=1136.0, y[0]=112.0, toolType[0]=TOOL_TYPE_UNKNOWN, buttonState=0, metaState=0, flags=0x0, edgeFlags=0x0, pointerCount=1, historySize=0, eventTime=240429, downTime=240429, deviceId=0, source=0x1002 }
08-02 00:36:36.619  3022  3022 I Input   : injectMotionEvent: MotionEvent { action=ACTION_MOVE, actionButton=0, id[0]=0, x[0]=1136.0, y[0]=112.0, toolType[0]=TOOL_TYPE_UNKNOWN, buttonState=0, metaState=0, flags=0x0, edgeFlags=0x0, pointerCount=1, historySize=0, eventTime=240451, downTime=240451, deviceId=0, source=0x1002 }
08-02 00:36:36.642  3022  3022 I Input   : injectMotionEvent: MotionEvent { action=ACTION_MOVE, actionButton=0, id[0]=0, x[0]=1136.0, y[0]=112.0, toolType[0]=TOOL_TYPE_UNKNOWN, buttonState=0, metaState=0, flags=0x0, edgeFlags=0x0, pointerCount=1, historySize=0, eventTime=240473, downTime=240473, deviceId=0, source=0x1002 }
08-02 00:36:36.652  3022  3022 I Input   : injectMotionEvent: MotionEvent { action=ACTION_MOVE, actionButton=0, id[0]=0, x[0]=1136.0, y[0]=112.0, toolType[0]=TOOL_TYPE_UNKNOWN, buttonState=0, metaState=0, flags=0x0, edgeFlags=0x0, pointerCount=1, historySize=0, eventTime=240484, downTime=240484, deviceId=0, source=0x1002 }
08-02 00:36:36.669  3022  3022 I Input   : injectMotionEvent: MotionEvent { action=ACTION_MOVE, actionButton=0, id[0]=0, x[0]=1136.0, y[0]=112.0, toolType[0]=TOOL_TYPE_UNKNOWN, buttonState=0, metaState=0, flags=0x0, edgeFlags=0x0, pointerCount=1, historySize=0, eventTime=240500, downTime=240500, deviceId=0, source=0x1002 }
08-02 00:36:36.686  3022  3022 I Input   : injectMotionEvent: MotionEvent { action=ACTION_MOVE, actionButton=0, id[0]=0, x[0]=1136.0, y[0]=112.0, toolType[0]=TOOL_TYPE_UNKNOWN, buttonState=0, metaState=0, flags=0x0, edgeFlags=0x0, pointerCount=1, historySize=0, eventTime=240517, downTime=240517, deviceId=0, source=0x1002 }
08-02 00:36:36.702  3022  3022 I Input   : injectMotionEvent: MotionEvent { action=ACTION_MOVE, actionButton=0, id[0]=0, x[0]=1136.0, y[0]=112.0, toolType[0]=TOOL_TYPE_UNKNOWN, buttonState=0, metaState=0, flags=0x0, edgeFlags=0x0, pointerCount=1, historySize=0, eventTime=240534, downTime=240534, deviceId=0, source=0x1002 }
08-02 00:36:36.721  3022  3022 I Input   : injectMotionEvent: MotionEvent { action=ACTION_MOVE, actionButton=0, id[0]=0, x[0]=1136.0, y[0]=112.0, toolType[0]=TOOL_TYPE_UNKNOWN, buttonState=0, metaState=0, flags=0x0, edgeFlags=0x0, pointerCount=1, historySize=0, eventTime=240552, downTime=240552, deviceId=0, source=0x1002 }
08-02 00:36:36.755  3022  3022 I Input   : injectMotionEvent: MotionEvent { action=ACTION_MOVE, actionButton=0, id[0]=0, x[0]=1136.0, y[0]=112.0, toolType[0]=TOOL_TYPE_UNKNOWN, buttonState=0, metaState=0, flags=0x0, edgeFlags=0x0, pointerCount=1, historySize=0, eventTime=240587, downTime=240587, deviceId=0, source=0x1002 }
08-02 00:36:36.791  3022  3022 I Input   : injectMotionEvent: MotionEvent { action=ACTION_MOVE, actionButton=0, id[0]=0, x[0]=1136.0, y[0]=112.0, toolType[0]=TOOL_TYPE_UNKNOWN, buttonState=0, metaState=0, flags=0x0, edgeFlags=0x0, pointerCount=1, historySize=0, eventTime=240622, downTime=240622, deviceId=0, source=0x1002 }
08-02 00:36:36.816  3022  3022 I Input   : injectMotionEvent: MotionEvent { action=ACTION_MOVE, actionButton=0, id[0]=0, x[0]=1136.0, y[0]=112.0, toolType[0]=TOOL_TYPE_UNKNOWN, buttonState=0, metaState=0, flags=0x0, edgeFlags=0x0, pointerCount=1, historySize=0, eventTime=240647, downTime=240647, deviceId=0, source=0x1002 }
08-02 00:36:36.842  3022  3022 I Input   : injectMotionEvent: MotionEvent { action=ACTION_MOVE, actionButton=0, id[0]=0, x[0]=1136.0, y[0]=112.0, toolType[0]=TOOL_TYPE_UNKNOWN, buttonState=0, metaState=0, flags=0x0, edgeFlags=0x0, pointerCount=1, historySize=0, eventTime=240673, downTime=240673, deviceId=0, source=0x1002 }
08-02 00:36:36.863  3022  3022 I Input   : injectMotionEvent: MotionEvent { action=ACTION_MOVE, actionButton=0, id[0]=0, x[0]=1136.0, y[0]=112.0, toolType[0]=TOOL_TYPE_UNKNOWN, buttonState=0, metaState=0, flags=0x0, edgeFlags=0x0, pointerCount=1, historySize=0, eventTime=240694, downTime=240694, deviceId=0, source=0x1002 }
08-02 00:36:36.893  3022  3022 I Input   : injectMotionEvent: MotionEvent { action=ACTION_MOVE, actionButton=0, id[0]=0, x[0]=1136.0, y[0]=112.0, toolType[0]=TOOL_TYPE_UNKNOWN, buttonState=0, metaState=0, flags=0x0, edgeFlags=0x0, pointerCount=1, historySize=0, eventTime=240724, downTime=240724, deviceId=0, source=0x1002 }
08-02 00:36:36.917  3022  3022 I Input   : injectMotionEvent: MotionEvent { action=ACTION_MOVE, actionButton=0, id[0]=0, x[0]=1136.0, y[0]=112.0, toolType[0]=TOOL_TYPE_UNKNOWN, buttonState=0, metaState=0, flags=0x0, edgeFlags=0x0, pointerCount=1, historySize=0, eventTime=240748, downTime=240748, deviceId=0, source=0x1002 }
08-02 00:36:36.943  3022  3022 I Input   : injectMotionEvent: MotionEvent { action=ACTION_MOVE, actionButton=0, id[0]=0, x[0]=1136.0, y[0]=112.0, toolType[0]=TOOL_TYPE_UNKNOWN, buttonState=0, metaState=0, flags=0x0, edgeFlags=0x0, pointerCount=1, historySize=0, eventTime=240774, downTime=240774, deviceId=0, source=0x1002 }
08-02 00:36:36.955  3022  3022 I Input   : injectMotionEvent: MotionEvent { action=ACTION_MOVE, actionButton=0, id[0]=0, x[0]=1136.0, y[0]=112.0, toolType[0]=TOOL_TYPE_UNKNOWN, buttonState=0, metaState=0, flags=0x0, edgeFlags=0x0, pointerCount=1, historySize=0, eventTime=240786, downTime=240786, deviceId=0, source=0x1002 }
08-02 00:36:36.993  3022  3022 I Input   : injectMotionEvent: MotionEvent { action=ACTION_MOVE, actionButton=0, id[0]=0, x[0]=1136.0, y[0]=112.0, toolType[0]=TOOL_TYPE_UNKNOWN, buttonState=0, metaState=0, flags=0x0, edgeFlags=0x0, pointerCount=1, historySize=0, eventTime=240824, downTime=240824, deviceId=0, source=0x1002 }
08-02 00:36:37.015  3022  3022 I Input   : injectMotionEvent: MotionEvent { action=ACTION_MOVE, actionButton=0, id[0]=0, x[0]=1136.0, y[0]=112.0, toolType[0]=TOOL_TYPE_UNKNOWN, buttonState=0, metaState=0, flags=0x0, edgeFlags=0x0, pointerCount=1, historySize=0, eventTime=240847, downTime=240847, deviceId=0, source=0x1002 }
08-02 00:36:37.040  3022  3022 I Input   : injectMotionEvent: MotionEvent { action=ACTION_MOVE, actionButton=0, id[0]=0, x[0]=1136.0, y[0]=112.0, toolType[0]=TOOL_TYPE_UNKNOWN, buttonState=0, metaState=0, flags=0x0, edgeFlags=0x0, pointerCount=1, historySize=0, eventTime=240871, downTime=240871, deviceId=0, source=0x1002 }
08-02 00:36:37.055  3022  3022 I Input   : injectMotionEvent: MotionEvent { action=ACTION_MOVE, actionButton=0, id[0]=0, x[0]=1136.0, y[0]=112.0, toolType[0]=TOOL_TYPE_UNKNOWN, buttonState=0, metaState=0, flags=0x0, edgeFlags=0x0, pointerCount=1, historySize=0, eventTime=240887, downTime=240887, deviceId=0, source=0x1002 }
08-02 00:36:37.084  3022  3022 I Input   : injectMotionEvent: MotionEvent { action=ACTION_MOVE, actionButton=0, id[0]=0, x[0]=1136.0, y[0]=112.0, toolType[0]=TOOL_TYPE_UNKNOWN, buttonState=0, metaState=0, flags=0x0, edgeFlags=0x0, pointerCount=1, historySize=0, eventTime=240915, downTime=240915, deviceId=0, source=0x1002 }
08-02 00:36:37.132  3022  3022 I Input   : injectMotionEvent: MotionEvent { action=ACTION_MOVE, actionButton=0, id[0]=0, x[0]=1136.0, y[0]=112.0, toolType[0]=TOOL_TYPE_UNKNOWN, buttonState=0, metaState=0, flags=0x0, edgeFlags=0x0, pointerCount=1, historySize=0, eventTime=240963, downTime=240963, deviceId=0, source=0x1002 }
08-02 00:36:37.173  3022  3022 I Input   : injectMotionEvent: MotionEvent { action=ACTION_MOVE, actionButton=0, id[0]=0, x[0]=1136.0, y[0]=112.0, toolType[0]=TOOL_TYPE_UNKNOWN, buttonState=0, metaState=0, flags=0x0, edgeFlags=0x0, pointerCount=1, historySize=0, eventTime=241004, downTime=241004, deviceId=0, source=0x1002 }
08-02 00:36:37.206  2052  2071 W EGL_emulation: eglSurfaceAttrib not implemented
08-02 00:36:37.206  2052  2071 W OpenGLRenderer: Failed to set EGL_SWAP_BEHAVIOR on surface 0xdf82c480, error=EGL_SUCCESS
08-02 00:36:37.217  3022  3022 I Input   : injectMotionEvent: MotionEvent { action=ACTION_MOVE, actionButton=0, id[0]=0, x[0]=1136.0, y[0]=112.0, toolType[0]=TOOL_TYPE_UNKNOWN, buttonState=0, metaState=0, flags=0x0, edgeFlags=0x0, pointerCount=1, historySize=0, eventTime=241048, downTime=241048, deviceId=0, source=0x1002 }
08-02 00:36:37.258  3022  3022 I Input   : injectMotionEvent: MotionEvent { action=ACTION_MOVE, actionButton=0, id[0]=0, x[0]=1136.0, y[0]=112.0, toolType[0]=TOOL_TYPE_UNKNOWN, buttonState=0, metaState=0, flags=0x0, edgeFlags=0x0, pointerCount=1, historySize=0, eventTime=241088, downTime=241088, deviceId=0, source=0x1002 }
08-02 00:36:37.281  3022  3022 I Input   : injectMotionEvent: MotionEvent { action=ACTION_MOVE, actionButton=0, id[0]=0, x[0]=1136.0, y[0]=112.0, toolType[0]=TOOL_TYPE_UNKNOWN, buttonState=0, metaState=0, flags=0x0, edgeFlags=0x0, pointerCount=1, historySize=0, eventTime=241112, downTime=241112, deviceId=0, source=0x1002 }
08-02 00:36:37.316  3022  3022 I Input   : injectMotionEvent: MotionEvent { action=ACTION_MOVE, actionButton=0, id[0]=0, x[0]=1136.0, y[0]=112.0, toolType[0]=TOOL_TYPE_UNKNOWN, buttonState=0, metaState=0, flags=0x0, edgeFlags=0x0, pointerCount=1, historySize=0, eventTime=241148, downTime=241148, deviceId=0, source=0x1002 }
08-02 00:36:37.336  3022  3022 I Input   : injectMotionEvent: MotionEvent { action=ACTION_MOVE, actionButton=0, id[0]=0, x[0]=1136.0, y[0]=112.0, toolType[0]=TOOL_TYPE_UNKNOWN, buttonState=0, metaState=0, flags=0x0, edgeFlags=0x0, pointerCount=1, historySize=0, eventTime=241167, downTime=241167, deviceId=0, source=0x1002 }
08-02 00:36:37.353  3022  3022 I Input   : injectMotionEvent: MotionEvent { action=ACTION_MOVE, actionButton=0, id[0]=0, x[0]=1136.0, y[0]=112.0, toolType[0]=TOOL_TYPE_UNKNOWN, buttonState=0, metaState=0, flags=0x0, edgeFlags=0x0, pointerCount=1, historySize=0, eventTime=241183, downTime=241183, deviceId=0, source=0x1002 }
08-02 00:36:37.369  3022  3022 I Input   : injectMotionEvent: MotionEvent { action=ACTION_MOVE, actionButton=0, id[0]=0, x[0]=1136.0, y[0]=112.0, toolType[0]=TOOL_TYPE_UNKNOWN, buttonState=0, metaState=0, flags=0x0, edgeFlags=0x0, pointerCount=1, historySize=0, eventTime=241200, downTime=241200, deviceId=0, source=0x1002 }
08-02 00:36:37.387  3022  3022 I Input   : injectMotionEvent: MotionEvent { action=ACTION_MOVE, actionButton=0, id[0]=0, x[0]=1136.0, y[0]=112.0, toolType[0]=TOOL_TYPE_UNKNOWN, buttonState=0, metaState=0, flags=0x0, edgeFlags=0x0, pointerCount=1, historySize=0, eventTime=241218, downTime=241218, deviceId=0, source=0x1002 }
08-02 00:36:37.417  3022  3022 I Input   : injectMotionEvent: MotionEvent { action=ACTION_MOVE, actionButton=0, id[0]=0, x[0]=1136.0, y[0]=112.0, toolType[0]=TOOL_TYPE_UNKNOWN, buttonState=0, metaState=0, flags=0x0, edgeFlags=0x0, pointerCount=1, historySize=0, eventTime=241249, downTime=241249, deviceId=0, source=0x1002 }
08-02 00:36:37.435  3022  3022 I Input   : injectMotionEvent: MotionEvent { action=ACTION_MOVE, actionButton=0, id[0]=0, x[0]=1136.0, y[0]=112.0, toolType[0]=TOOL_TYPE_UNKNOWN, buttonState=0, metaState=0, flags=0x0, edgeFlags=0x0, pointerCount=1, historySize=0, eventTime=241267, downTime=241267, deviceId=0, source=0x1002 }
08-02 00:36:37.452  3022  3022 I Input   : injectMotionEvent: MotionEvent { action=ACTION_MOVE, actionButton=0, id[0]=0, x[0]=1136.0, y[0]=112.0, toolType[0]=TOOL_TYPE_UNKNOWN, buttonState=0, metaState=0, flags=0x0, edgeFlags=0x0, pointerCount=1, historySize=0, eventTime=241284, downTime=241284, deviceId=0, source=0x1002 }
08-02 00:36:37.470  3022  3022 I Input   : injectMotionEvent: MotionEvent { action=ACTION_MOVE, actionButton=0, id[0]=0, x[0]=1136.0, y[0]=112.0, toolType[0]=TOOL_TYPE_UNKNOWN, buttonState=0, metaState=0, flags=0x0, edgeFlags=0x0, pointerCount=1, historySize=0, eventTime=241301, downTime=241301, deviceId=0, source=0x1002 }
08-02 00:36:37.485  3022  3022 I Input   : injectMotionEvent: MotionEvent { action=ACTION_MOVE, actionButton=0, id[0]=0, x[0]=1136.0, y[0]=112.0, toolType[0]=TOOL_TYPE_UNKNOWN, buttonState=0, metaState=0, flags=0x0, edgeFlags=0x0, pointerCount=1, historySize=0, eventTime=241317, downTime=241317, deviceId=0, source=0x1002 }
08-02 00:36:37.502  3022  3022 I Input   : injectMotionEvent: MotionEvent { action=ACTION_MOVE, actionButton=0, id[0]=0, x[0]=1136.0, y[0]=112.0, toolType[0]=TOOL_TYPE_UNKNOWN, buttonState=0, metaState=0, flags=0x0, edgeFlags=0x0, pointerCount=1, historySize=0, eventTime=241334, downTime=241334, deviceId=0, source=0x1002 }
08-02 00:36:37.519  3022  3022 I Input   : injectMotionEvent: MotionEvent { action=ACTION_MOVE, actionButton=0, id[0]=0, x[0]=1136.0, y[0]=112.0, toolType[0]=TOOL_TYPE_UNKNOWN, buttonState=0, metaState=0, flags=0x0, edgeFlags=0x0, pointerCount=1, historySize=0, eventTime=241350, downTime=241350, deviceId=0, source=0x1002 }
08-02 00:36:37.536  3022  3022 I Input   : injectMotionEvent: MotionEvent { action=ACTION_MOVE, actionButton=0, id[0]=0, x[0]=1136.0, y[0]=112.0, toolType[0]=TOOL_TYPE_UNKNOWN, buttonState=0, metaState=0, flags=0x0, edgeFlags=0x0, pointerCount=1, historySize=0, eventTime=241368, downTime=241368, deviceId=0, source=0x1002 }
08-02 00:36:37.552  3022  3022 I Input   : injectMotionEvent: MotionEvent { action=ACTION_MOVE, actionButton=0, id[0]=0, x[0]=1136.0, y[0]=112.0, toolType[0]=TOOL_TYPE_UNKNOWN, buttonState=0, metaState=0, flags=0x0, edgeFlags=0x0, pointerCount=1, historySize=0, eventTime=241384, downTime=241384, deviceId=0, source=0x1002 }
08-02 00:36:37.570  3022  3022 I Input   : injectMotionEvent: MotionEvent { action=ACTION_MOVE, actionButton=0, id[0]=0, x[0]=1136.0, y[0]=112.0, toolType[0]=TOOL_TYPE_UNKNOWN, buttonState=0, metaState=0, flags=0x0, edgeFlags=0x0, pointerCount=1, historySize=0, eventTime=241401, downTime=241401, deviceId=0, source=0x1002 }
08-02 00:36:37.585  3022  3022 I Input   : injectMotionEvent: MotionEvent { action=ACTION_MOVE, actionButton=0, id[0]=0, x[0]=1136.0, y[0]=112.0, toolType[0]=TOOL_TYPE_UNKNOWN, buttonState=0, metaState=0, flags=0x0, edgeFlags=0x0, pointerCount=1, historySize=0, eventTime=241417, downTime=241417, deviceId=0, source=0x1002 }
08-02 00:36:37.602  3022  3022 I Input   : injectMotionEvent: MotionEvent { action=ACTION_MOVE, actionButton=0, id[0]=0, x[0]=1136.0, y[0]=112.0, toolType[0]=TOOL_TYPE_UNKNOWN, buttonState=0, metaState=0, flags=0x0, edgeFlags=0x0, pointerCount=1, historySize=0, eventTime=241434, downTime=241434, deviceId=0, source=0x1002 }
08-02 00:36:37.620  3022  3022 I Input   : injectMotionEvent: MotionEvent { action=ACTION_MOVE, actionButton=0, id[0]=0, x[0]=1136.0, y[0]=112.0, toolType[0]=TOOL_TYPE_UNKNOWN, buttonState=0, metaState=0, flags=0x0, edgeFlags=0x0, pointerCount=1, historySize=0, eventTime=241451, downTime=241451, deviceId=0, source=0x1002 }
08-02 00:36:37.635  3022  3022 I Input   : injectMotionEvent: MotionEvent { action=ACTION_MOVE, actionButton=0, id[0]=0, x[0]=1136.0, y[0]=112.0, toolType[0]=TOOL_TYPE_UNKNOWN, buttonState=0, metaState=0, flags=0x0, edgeFlags=0x0, pointerCount=1, historySize=0, eventTime=241467, downTime=241467, deviceId=0, source=0x1002 }
08-02 00:36:37.652  3022  3022 I Input   : injectMotionEvent: MotionEvent { action=ACTION_MOVE, actionButton=0, id[0]=0, x[0]=1136.0, y[0]=112.0, toolType[0]=TOOL_TYPE_UNKNOWN, buttonState=0, metaState=0, flags=0x0, edgeFlags=0x0, pointerCount=1, historySize=0, eventTime=241484, downTime=241484, deviceId=0, source=0x1002 }
08-02 00:36:37.669  3022  3022 I Input   : injectMotionEvent: MotionEvent { action=ACTION_MOVE, actionButton=0, id[0]=0, x[0]=1136.0, y[0]=112.0, toolType[0]=TOOL_TYPE_UNKNOWN, buttonState=0, metaState=0, flags=0x0, edgeFlags=0x0, pointerCount=1, historySize=0, eventTime=241500, downTime=241500, deviceId=0, source=0x1002 }
08-02 00:36:37.686  3022  3022 I Input   : injectMotionEvent: MotionEvent { action=ACTION_MOVE, actionButton=0, id[0]=0, x[0]=1136.0, y[0]=112.0, toolType[0]=TOOL_TYPE_UNKNOWN, buttonState=0, metaState=0, flags=0x0, edgeFlags=0x0, pointerCount=1, historySize=0, eventTime=241517, downTime=241517, deviceId=0, source=0x1002 }
08-02 00:36:37.702  3022  3022 I Input   : injectMotionEvent: MotionEvent { action=ACTION_MOVE, actionButton=0, id[0]=0, x[0]=1136.0, y[0]=112.0, toolType[0]=TOOL_TYPE_UNKNOWN, buttonState=0, metaState=0, flags=0x0, edgeFlags=0x0, pointerCount=1, historySize=0, eventTime=241534, downTime=241534, deviceId=0, source=0x1002 }
08-02 00:36:37.720  3022  3022 I Input   : injectMotionEvent: MotionEvent { action=ACTION_MOVE, actionButton=0, id[0]=0, x[0]=1136.0, y[0]=112.0, toolType[0]=TOOL_TYPE_UNKNOWN, buttonState=0, metaState=0, flags=0x0, edgeFlags=0x0, pointerCount=1, historySize=0, eventTime=241551, downTime=241551, deviceId=0, source=0x1002 }
08-02 00:36:37.736  3022  3022 I Input   : injectMotionEvent: MotionEvent { action=ACTION_MOVE, actionButton=0, id[0]=0, x[0]=1136.0, y[0]=112.0, toolType[0]=TOOL_TYPE_UNKNOWN, buttonState=0, metaState=0, flags=0x0, edgeFlags=0x0, pointerCount=1, historySize=0, eventTime=241567, downTime=241567, deviceId=0, source=0x1002 }
08-02 00:36:37.754  3022  3022 I Input   : injectMotionEvent: MotionEvent { action=ACTION_MOVE, actionButton=0, id[0]=0, x[0]=1136.0, y[0]=112.0, toolType[0]=TOOL_TYPE_UNKNOWN, buttonState=0, metaState=0, flags=0x0, edgeFlags=0x0, pointerCount=1, historySize=0, eventTime=241585, downTime=241585, deviceId=0, source=0x1002 }
08-02 00:36:37.769  3022  3022 I Input   : injectMotionEvent: MotionEvent { action=ACTION_MOVE, actionButton=0, id[0]=0, x[0]=1136.0, y[0]=112.0, toolType[0]=TOOL_TYPE_UNKNOWN, buttonState=0, metaState=0, flags=0x0, edgeFlags=0x0, pointerCount=1, historySize=0, eventTime=241601, downTime=241601, deviceId=0, source=0x1002 }
08-02 00:36:37.786  3022  3022 I Input   : injectMotionEvent: MotionEvent { action=ACTION_MOVE, actionButton=0, id[0]=0, x[0]=1136.0, y[0]=112.0, toolType[0]=TOOL_TYPE_UNKNOWN, buttonState=0, metaState=0, flags=0x0, edgeFlags=0x0, pointerCount=1, historySize=0, eventTime=241617, downTime=241617, deviceId=0, source=0x1002 }
08-02 00:36:37.804  3022  3022 I Input   : injectMotionEvent: MotionEvent { action=ACTION_MOVE, actionButton=0, id[0]=0, x[0]=1136.0, y[0]=112.0, toolType[0]=TOOL_TYPE_UNKNOWN, buttonState=0, metaState=0, flags=0x0, edgeFlags=0x0, pointerCount=1, historySize=0, eventTime=241635, downTime=241635, deviceId=0, source=0x1002 }
08-02 00:36:37.819  3022  3022 I Input   : injectMotionEvent: MotionEvent { action=ACTION_MOVE, actionButton=0, id[0]=0, x[0]=1136.0, y[0]=112.0, toolType[0]=TOOL_TYPE_UNKNOWN, buttonState=0, metaState=0, flags=0x0, edgeFlags=0x0, pointerCount=1, historySize=0, eventTime=241650, downTime=241650, deviceId=0, source=0x1002 }
08-02 00:36:37.836  3022  3022 I Input   : injectMotionEvent: MotionEvent { action=ACTION_MOVE, actionButton=0, id[0]=0, x[0]=1136.0, y[0]=112.0, toolType[0]=TOOL_TYPE_UNKNOWN, buttonState=0, metaState=0, flags=0x0, edgeFlags=0x0, pointerCount=1, historySize=0, eventTime=241667, downTime=241667, deviceId=0, source=0x1002 }
08-02 00:36:37.853  3022  3022 I Input   : injectMotionEvent: MotionEvent { action=ACTION_MOVE, actionButton=0, id[0]=0, x[0]=1136.0, y[0]=112.0, toolType[0]=TOOL_TYPE_UNKNOWN, buttonState=0, metaState=0, flags=0x0, edgeFlags=0x0, pointerCount=1, historySize=0, eventTime=241684, downTime=241684, deviceId=0, source=0x1002 }
08-02 00:36:37.869  3022  3022 I Input   : injectMotionEvent: MotionEvent { action=ACTION_MOVE, actionButton=0, id[0]=0, x[0]=1136.0, y[0]=112.0, toolType[0]=TOOL_TYPE_UNKNOWN, buttonState=0, metaState=0, flags=0x0, edgeFlags=0x0, pointerCount=1, historySize=0, eventTime=241700, downTime=241700, deviceId=0, source=0x1002 }
08-02 00:36:37.885  3022  3022 I Input   : injectMotionEvent: MotionEvent { action=ACTION_MOVE, actionButton=0, id[0]=0, x[0]=1136.0, y[0]=112.0, toolType[0]=TOOL_TYPE_UNKNOWN, buttonState=0, metaState=0, flags=0x0, edgeFlags=0x0, pointerCount=1, historySize=0, eventTime=241717, downTime=241717, deviceId=0, source=0x1002 }
08-02 00:36:37.903  3022  3022 I Input   : injectMotionEvent: MotionEvent { action=ACTION_MOVE, actionButton=0, id[0]=0, x[0]=1136.0, y[0]=112.0, toolType[0]=TOOL_TYPE_UNKNOWN, buttonState=0, metaState=0, flags=0x0, edgeFlags=0x0, pointerCount=1, historySize=0, eventTime=241735, downTime=241735, deviceId=0, source=0x1002 }
08-02 00:36:37.919  3022  3022 I Input   : injectMotionEvent: MotionEvent { action=ACTION_MOVE, actionButton=0, id[0]=0, x[0]=1136.0, y[0]=112.0, toolType[0]=TOOL_TYPE_UNKNOWN, buttonState=0, metaState=0, flags=0x0, edgeFlags=0x0, pointerCount=1, historySize=0, eventTime=241751, downTime=241751, deviceId=0, source=0x1002 }
08-02 00:36:37.936  3022  3022 I Input   : injectMotionEvent: MotionEvent { action=ACTION_MOVE, actionButton=0, id[0]=0, x[0]=1136.0, y[0]=112.0, toolType[0]=TOOL_TYPE_UNKNOWN, buttonState=0, metaState=0, flags=0x0, edgeFlags=0x0, pointerCount=1, historySize=0, eventTime=241767, downTime=241767, deviceId=0, source=0x1002 }
08-02 00:36:37.952  3022  3022 I Input   : injectMotionEvent: MotionEvent { action=ACTION_MOVE, actionButton=0, id[0]=0, x[0]=1136.0, y[0]=112.0, toolType[0]=TOOL_TYPE_UNKNOWN, buttonState=0, metaState=0, flags=0x0, edgeFlags=0x0, pointerCount=1, historySize=0, eventTime=241784, downTime=241784, deviceId=0, source=0x1002 }
08-02 00:36:37.969  3022  3022 I Input   : injectMotionEvent: MotionEvent { action=ACTION_MOVE, actionButton=0, id[0]=0, x[0]=1136.0, y[0]=112.0, toolType[0]=TOOL_TYPE_UNKNOWN, buttonState=0, metaState=0, flags=0x0, edgeFlags=0x0, pointerCount=1, historySize=0, eventTime=241800, downTime=241800, deviceId=0, source=0x1002 }
08-02 00:36:37.986  3022  3022 I Input   : injectMotionEvent: MotionEvent { action=ACTION_MOVE, actionButton=0, id[0]=0, x[0]=1136.0, y[0]=112.0, toolType[0]=TOOL_TYPE_UNKNOWN, buttonState=0, metaState=0, flags=0x0, edgeFlags=0x0, pointerCount=1, historySize=0, eventTime=241817, downTime=241817, deviceId=0, source=0x1002 }
08-02 00:36:38.002  3022  3022 I Input   : injectMotionEvent: MotionEvent { action=ACTION_MOVE, actionButton=0, id[0]=0, x[0]=1136.0, y[0]=112.0, toolType[0]=TOOL_TYPE_UNKNOWN, buttonState=0, metaState=0, flags=0x0, edgeFlags=0x0, pointerCount=1, historySize=0, eventTime=241833, downTime=241833, deviceId=0, source=0x1002 }
08-02 00:36:38.019  3022  3022 I Input   : injectMotionEvent: MotionEvent { action=ACTION_MOVE, actionButton=0, id[0]=0, x[0]=1136.0, y[0]=112.0, toolType[0]=TOOL_TYPE_UNKNOWN, buttonState=0, metaState=0, flags=0x0, edgeFlags=0x0, pointerCount=1, historySize=0, eventTime=241850, downTime=241850, deviceId=0, source=0x1002 }
08-02 00:36:38.035  3022  3022 I Input   : injectMotionEvent: MotionEvent { action=ACTION_MOVE, actionButton=0, id[0]=0, x[0]=1136.0, y[0]=112.0, toolType[0]=TOOL_TYPE_UNKNOWN, buttonState=0, metaState=0, flags=0x0, edgeFlags=0x0, pointerCount=1, historySize=0, eventTime=241867, downTime=241867, deviceId=0, source=0x1002 }
08-02 00:36:38.053  3022  3022 I Input   : injectMotionEvent: MotionEvent { action=ACTION_MOVE, actionButton=0, id[0]=0, x[0]=1136.0, y[0]=112.0, toolType[0]=TOOL_TYPE_UNKNOWN, buttonState=0, metaState=0, flags=0x0, edgeFlags=0x0, pointerCount=1, historySize=0, eventTime=241884, downTime=241884, deviceId=0, source=0x1002 }
08-02 00:36:38.069  3022  3022 I Input   : injectMotionEvent: MotionEvent { action=ACTION_MOVE, actionButton=0, id[0]=0, x[0]=1136.0, y[0]=112.0, toolType[0]=TOOL_TYPE_UNKNOWN, buttonState=0, metaState=0, flags=0x0, edgeFlags=0x0, pointerCount=1, historySize=0, eventTime=241900, downTime=241900, deviceId=0, source=0x1002 }
08-02 00:36:38.085  3022  3022 I Input   : injectMotionEvent: MotionEvent { action=ACTION_MOVE, actionButton=0, id[0]=0, x[0]=1136.0, y[0]=112.0, toolType[0]=TOOL_TYPE_UNKNOWN, buttonState=0, metaState=0, flags=0x0, edgeFlags=0x0, pointerCount=1, historySize=0, eventTime=241917, downTime=241917, deviceId=0, source=0x1002 }
08-02 00:36:38.102  3022  3022 I Input   : injectMotionEvent: MotionEvent { action=ACTION_MOVE, actionButton=0, id[0]=0, x[0]=1136.0, y[0]=112.0, toolType[0]=TOOL_TYPE_UNKNOWN, buttonState=0, metaState=0, flags=0x0, edgeFlags=0x0, pointerCount=1, historySize=0, eventTime=241934, downTime=241934, deviceId=0, source=0x1002 }
08-02 00:36:38.119  3022  3022 I Input   : injectMotionEvent: MotionEvent { action=ACTION_MOVE, actionButton=0, id[0]=0, x[0]=1136.0, y[0]=112.0, toolType[0]=TOOL_TYPE_UNKNOWN, buttonState=0, metaState=0, flags=0x0, edgeFlags=0x0, pointerCount=1, historySize=0, eventTime=241950, downTime=241950, deviceId=0, source=0x1002 }
08-02 00:36:38.136  3022  3022 I Input   : injectMotionEvent: MotionEvent { action=ACTION_MOVE, actionButton=0, id[0]=0, x[0]=1136.0, y[0]=112.0, toolType[0]=TOOL_TYPE_UNKNOWN, buttonState=0, metaState=0, flags=0x0, edgeFlags=0x0, pointerCount=1, historySize=0, eventTime=241967, downTime=241967, deviceId=0, source=0x1002 }
08-02 00:36:38.152  3022  3022 I Input   : injectMotionEvent: MotionEvent { action=ACTION_MOVE, actionButton=0, id[0]=0, x[0]=1136.0, y[0]=112.0, toolType[0]=TOOL_TYPE_UNKNOWN, buttonState=0, metaState=0, flags=0x0, edgeFlags=0x0, pointerCount=1, historySize=0, eventTime=241984, downTime=241984, deviceId=0, source=0x1002 }
08-02 00:36:38.170  3022  3022 I Input   : injectMotionEvent: MotionEvent { action=ACTION_MOVE, actionButton=0, id[0]=0, x[0]=1136.0, y[0]=112.0, toolType[0]=TOOL_TYPE_UNKNOWN, buttonState=0, metaState=0, flags=0x0, edgeFlags=0x0, pointerCount=1, historySize=0, eventTime=242002, downTime=242002, deviceId=0, source=0x1002 }
08-02 00:36:38.185  3022  3022 I Input   : injectMotionEvent: MotionEvent { action=ACTION_MOVE, actionButton=0, id[0]=0, x[0]=1136.0, y[0]=112.0, toolType[0]=TOOL_TYPE_UNKNOWN, buttonState=0, metaState=0, flags=0x0, edgeFlags=0x0, pointerCount=1, historySize=0, eventTime=242017, downTime=242017, deviceId=0, source=0x1002 }
08-02 00:36:38.202  3022  3022 I Input   : injectMotionEvent: MotionEvent { action=ACTION_MOVE, actionButton=0, id[0]=0, x[0]=1136.0, y[0]=112.0, toolType[0]=TOOL_TYPE_UNKNOWN, buttonState=0, metaState=0, flags=0x0, edgeFlags=0x0, pointerCount=1, historySize=0, eventTime=242033, downTime=242033, deviceId=0, source=0x1002 }
08-02 00:36:38.219  3022  3022 I Input   : injectMotionEvent: MotionEvent { action=ACTION_MOVE, actionButton=0, id[0]=0, x[0]=1136.0, y[0]=112.0, toolType[0]=TOOL_TYPE_UNKNOWN, buttonState=0, metaState=0, flags=0x0, edgeFlags=0x0, pointerCount=1, historySize=0, eventTime=242050, downTime=242050, deviceId=0, source=0x1002 }
08-02 00:36:38.236  3022  3022 I Input   : injectMotionEvent: MotionEvent { action=ACTION_MOVE, actionButton=0, id[0]=0, x[0]=1136.0, y[0]=112.0, toolType[0]=TOOL_TYPE_UNKNOWN, buttonState=0, metaState=0, flags=0x0, edgeFlags=0x0, pointerCount=1, historySize=0, eventTime=242067, downTime=242067, deviceId=0, source=0x1002 }
08-02 00:36:38.253  3022  3022 I Input   : injectMotionEvent: MotionEvent { action=ACTION_MOVE, actionButton=0, id[0]=0, x[0]=1136.0, y[0]=112.0, toolType[0]=TOOL_TYPE_UNKNOWN, buttonState=0, metaState=0, flags=0x0, edgeFlags=0x0, pointerCount=1, historySize=0, eventTime=242084, downTime=242084, deviceId=0, source=0x1002 }
08-02 00:36:38.269  3022  3022 I Input   : injectMotionEvent: MotionEvent { action=ACTION_MOVE, actionButton=0, id[0]=0, x[0]=1136.0, y[0]=112.0, toolType[0]=TOOL_TYPE_UNKNOWN, buttonState=0, metaState=0, flags=0x0, edgeFlags=0x0, pointerCount=1, historySize=0, eventTime=242101, downTime=242101, deviceId=0, source=0x1002 }
08-02 00:36:38.285  3022  3022 I Input   : injectMotionEvent: MotionEvent { action=ACTION_MOVE, actionButton=0, id[0]=0, x[0]=1136.0, y[0]=112.0, toolType[0]=TOOL_TYPE_UNKNOWN, buttonState=0, metaState=0, flags=0x0, edgeFlags=0x0, pointerCount=1, historySize=0, eventTime=242117, downTime=242117, deviceId=0, source=0x1002 }
08-02 00:36:38.302  3022  3022 I Input   : injectMotionEvent: MotionEvent { action=ACTION_MOVE, actionButton=0, id[0]=0, x[0]=1136.0, y[0]=112.0, toolType[0]=TOOL_TYPE_UNKNOWN, buttonState=0, metaState=0, flags=0x0, edgeFlags=0x0, pointerCount=1, historySize=0, eventTime=242133, downTime=242133, deviceId=0, source=0x1002 }
08-02 00:36:38.323  3022  3022 I Input   : injectMotionEvent: MotionEvent { action=ACTION_MOVE, actionButton=0, id[0]=0, x[0]=1136.0, y[0]=112.0, toolType[0]=TOOL_TYPE_UNKNOWN, buttonState=0, metaState=0, flags=0x0, edgeFlags=0x0, pointerCount=1, historySize=0, eventTime=242153, downTime=242153, deviceId=0, source=0x1002 }
08-02 00:36:38.336  3022  3022 I Input   : injectMotionEvent: MotionEvent { action=ACTION_MOVE, actionButton=0, id[0]=0, x[0]=1136.0, y[0]=112.0, toolType[0]=TOOL_TYPE_UNKNOWN, buttonState=0, metaState=0, flags=0x0, edgeFlags=0x0, pointerCount=1, historySize=0, eventTime=242167, downTime=242167, deviceId=0, source=0x1002 }
08-02 00:36:38.352  3022  3022 I Input   : injectMotionEvent: MotionEvent { action=ACTION_MOVE, actionButton=0, id[0]=0, x[0]=1136.0, y[0]=112.0, toolType[0]=TOOL_TYPE_UNKNOWN, buttonState=0, metaState=0, flags=0x0, edgeFlags=0x0, pointerCount=1, historySize=0, eventTime=242184, downTime=242184, deviceId=0, source=0x1002 }
08-02 00:36:38.369  3022  3022 I Input   : injectMotionEvent: MotionEvent { action=ACTION_MOVE, actionButton=0, id[0]=0, x[0]=1136.0, y[0]=112.0, toolType[0]=TOOL_TYPE_UNKNOWN, buttonState=0, metaState=0, flags=0x0, edgeFlags=0x0, pointerCount=1, historySize=0, eventTime=242200, downTime=242200, deviceId=0, source=0x1002 }
08-02 00:36:38.385  3022  3022 I Input   : injectMotionEvent: MotionEvent { action=ACTION_MOVE, actionButton=0, id[0]=0, x[0]=1136.0, y[0]=112.0, toolType[0]=TOOL_TYPE_UNKNOWN, buttonState=0, metaState=0, flags=0x0, edgeFlags=0x0, pointerCount=1, historySize=0, eventTime=242217, downTime=242217, deviceId=0, source=0x1002 }
08-02 00:36:38.402  3022  3022 I Input   : injectMotionEvent: MotionEvent { action=ACTION_MOVE, actionButton=0, id[0]=0, x[0]=1136.0, y[0]=112.0, toolType[0]=TOOL_TYPE_UNKNOWN, buttonState=0, metaState=0, flags=0x0, edgeFlags=0x0, pointerCount=1, historySize=0, eventTime=242234, downTime=242234, deviceId=0, source=0x1002 }
08-02 00:36:38.419  3022  3022 I Input   : injectMotionEvent: MotionEvent { action=ACTION_MOVE, actionButton=0, id[0]=0, x[0]=1136.0, y[0]=112.0, toolType[0]=TOOL_TYPE_UNKNOWN, buttonState=0, metaState=0, flags=0x0, edgeFlags=0x0, pointerCount=1, historySize=0, eventTime=242250, downTime=242250, deviceId=0, source=0x1002 }
08-02 00:36:38.435  3022  3022 I Input   : injectMotionEvent: MotionEvent { action=ACTION_MOVE, actionButton=0, id[0]=0, x[0]=1136.0, y[0]=112.0, toolType[0]=TOOL_TYPE_UNKNOWN, buttonState=0, metaState=0, flags=0x0, edgeFlags=0x0, pointerCount=1, historySize=0, eventTime=242267, downTime=242267, deviceId=0, source=0x1002 }
08-02 00:36:38.452  3022  3022 I Input   : injectMotionEvent: MotionEvent { action=ACTION_MOVE, actionButton=0, id[0]=0, x[0]=1136.0, y[0]=112.0, toolType[0]=TOOL_TYPE_UNKNOWN, buttonState=0, metaState=0, flags=0x0, edgeFlags=0x0, pointerCount=1, historySize=0, eventTime=242284, downTime=242284, deviceId=0, source=0x1002 }
08-02 00:36:38.470  3022  3022 I Input   : injectMotionEvent: MotionEvent { action=ACTION_MOVE, actionButton=0, id[0]=0, x[0]=1136.0, y[0]=112.0, toolType[0]=TOOL_TYPE_UNKNOWN, buttonState=0, metaState=0, flags=0x0, edgeFlags=0x0, pointerCount=1, historySize=0, eventTime=242302, downTime=242302, deviceId=0, source=0x1002 }
08-02 00:36:38.486  3022  3022 I Input   : injectMotionEvent: MotionEvent { action=ACTION_MOVE, actionButton=0, id[0]=0, x[0]=1136.0, y[0]=112.0, toolType[0]=TOOL_TYPE_UNKNOWN, buttonState=0, metaState=0, flags=0x0, edgeFlags=0x0, pointerCount=1, historySize=0, eventTime=242318, downTime=242318, deviceId=0, source=0x1002 }
08-02 00:36:38.502  3022  3022 I Input   : injectMotionEvent: MotionEvent { action=ACTION_MOVE, actionButton=0, id[0]=0, x[0]=1136.0, y[0]=112.0, toolType[0]=TOOL_TYPE_UNKNOWN, buttonState=0, metaState=0, flags=0x0, edgeFlags=0x0, pointerCount=1, historySize=0, eventTime=242333, downTime=242333, deviceId=0, source=0x1002 }
08-02 00:36:38.519  3022  3022 I Input   : injectMotionEvent: MotionEvent { action=ACTION_MOVE, actionButton=0, id[0]=0, x[0]=1136.0, y[0]=112.0, toolType[0]=TOOL_TYPE_UNKNOWN, buttonState=0, metaState=0, flags=0x0, edgeFlags=0x0, pointerCount=1, historySize=0, eventTime=242350, downTime=242350, deviceId=0, source=0x1002 }
08-02 00:36:38.536  3022  3022 I Input   : injectMotionEvent: MotionEvent { action=ACTION_MOVE, actionButton=0, id[0]=0, x[0]=1136.0, y[0]=112.0, toolType[0]=TOOL_TYPE_UNKNOWN, buttonState=0, metaState=0, flags=0x0, edgeFlags=0x0, pointerCount=1, historySize=0, eventTime=242368, downTime=242368, deviceId=0, source=0x1002 }
08-02 00:36:38.552  3022  3022 I Input   : injectMotionEvent: MotionEvent { action=ACTION_MOVE, actionButton=0, id[0]=0, x[0]=1136.0, y[0]=112.0, toolType[0]=TOOL_TYPE_UNKNOWN, buttonState=0, metaState=0, flags=0x0, edgeFlags=0x0, pointerCount=1, historySize=0, eventTime=242383, downTime=242383, deviceId=0, source=0x1002 }
08-02 00:36:38.569  3022  3022 I Input   : injectMotionEvent: MotionEvent { action=ACTION_MOVE, actionButton=0, id[0]=0, x[0]=1136.0, y[0]=112.0, toolType[0]=TOOL_TYPE_UNKNOWN, buttonState=0, metaState=0, flags=0x0, edgeFlags=0x0, pointerCount=1, historySize=0, eventTime=242400, downTime=242400, deviceId=0, source=0x1002 }
08-02 00:36:38.586  3022  3022 I Input   : injectMotionEvent: MotionEvent { action=ACTION_MOVE, actionButton=0, id[0]=0, x[0]=1136.0, y[0]=112.0, toolType[0]=TOOL_TYPE_UNKNOWN, buttonState=0, metaState=0, flags=0x0, edgeFlags=0x0, pointerCount=1, historySize=0, eventTime=242418, downTime=242418, deviceId=0, source=0x1002 }
08-02 00:36:38.602  3022  3022 I Input   : injectMotionEvent: MotionEvent { action=ACTION_UP, actionButton=0, id[0]=0, x[0]=1136.0, y[0]=112.0, toolType[0]=TOOL_TYPE_UNKNOWN, buttonState=0, metaState=0, flags=0x0, edgeFlags=0x0, pointerCount=1, historySize=0, eventTime=242433, downTime=242433, deviceId=0, source=0x1002 }
08-02 00:36:38.603  3022  3022 D AndroidRuntime: Shutting down VM
08-02 00:36:39.674  2052  2071 E Surface : getSlotFromBufferLocked: unknown buffer: 0xeeb72850
08-02 00:36:43.080  3362  3362 D AndroidRuntime: >>>>>> START com.android.internal.os.RuntimeInit uid 0 <<<<<<
08-02 00:36:43.081  3362  3362 D AndroidRuntime: CheckJNI is OFF
08-02 00:36:43.091  3362  3362 D ICU     : No timezone override file found: /data/misc/zoneinfo/current/icu/icu_tzdata.dat
08-02 00:36:43.104  3362  3362 E memtrack: Couldn't load memtrack module (No such file or directory)
08-02 00:36:43.104  3362  3362 E android.os.Debug: failed to load memtrack module: -2
08-02 00:36:43.105  3362  3362 I Radio-JNI: register_android_hardware_Radio DONE
08-02 00:36:43.111  3362  3362 D AndroidRuntime: Calling main entry com.android.commands.uiautomator.Launcher
08-02 00:36:43.117  2052  2052 D leak-67-4: Eastern Standard Time
08-02 00:36:43.117  2052  2052 D leak-70-4: Eastern Standard Time
08-02 00:36:43.117  2052  2052 D leak-67-4: Eastern Standard Time
08-02 00:36:43.117  2052  2052 D leak-70-4: Eastern Standard Time
08-02 00:36:44.120  2052  2052 D leak-67-4: Eastern Standard Time
08-02 00:36:44.120  2052  2052 D leak-70-4: Eastern Standard Time
08-02 00:36:44.126  3362  3362 W AccessibilityNodeInfoDumper: Fetch time: 2ms
08-02 00:36:44.127   623  1116 W WindowManager: Attempted to remove non-existing token: android.os.Binder@c8af13
08-02 00:36:44.146  3362  3362 D AndroidRuntime: Shutting down VM
08-02 00:36:45.234  3385  3385 D AndroidRuntime: >>>>>> START com.android.internal.os.RuntimeInit uid 0 <<<<<<
08-02 00:36:45.235  3385  3385 D AndroidRuntime: CheckJNI is OFF
08-02 00:36:45.245  3385  3385 D ICU     : No timezone override file found: /data/misc/zoneinfo/current/icu/icu_tzdata.dat
08-02 00:36:45.259  3385  3385 E memtrack: Couldn't load memtrack module (No such file or directory)
08-02 00:36:45.259  3385  3385 E android.os.Debug: failed to load memtrack module: -2
08-02 00:36:45.260  3385  3385 I Radio-JNI: register_android_hardware_Radio DONE
08-02 00:36:45.266  3385  3385 D AndroidRuntime: Calling main entry com.android.commands.uiautomator.Launcher
08-02 00:36:45.274  2052  2052 D leak-67-4: Eastern Standard Time
08-02 00:36:45.274  2052  2052 D leak-70-4: Eastern Standard Time
08-02 00:36:45.279  2052  2052 D leak-67-4: Eastern Standard Time
08-02 00:36:45.279  2052  2052 D leak-70-4: Eastern Standard Time
08-02 00:36:46.282  2052  2052 D leak-67-4: Eastern Standard Time
08-02 00:36:46.282  2052  2052 D leak-70-4: Eastern Standard Time
08-02 00:36:46.287  3385  3385 W AccessibilityNodeInfoDumper: Fetch time: 1ms
08-02 00:36:46.287   623  1118 W WindowManager: Attempted to remove non-existing token: android.os.Binder@67c8550
08-02 00:36:46.295  3385  3385 D AndroidRuntime: Shutting down VM
08-02 00:36:46.791  3404  3404 D AndroidRuntime: >>>>>> START com.android.internal.os.RuntimeInit uid 0 <<<<<<
08-02 00:36:46.792  3404  3404 D AndroidRuntime: CheckJNI is OFF
08-02 00:36:46.801  3404  3404 D ICU     : No timezone override file found: /data/misc/zoneinfo/current/icu/icu_tzdata.dat
08-02 00:36:46.816  3404  3404 E memtrack: Couldn't load memtrack module (No such file or directory)
08-02 00:36:46.816  3404  3404 E android.os.Debug: failed to load memtrack module: -2
08-02 00:36:46.817  3404  3404 I Radio-JNI: register_android_hardware_Radio DONE
08-02 00:36:46.822  3404  3404 D AndroidRuntime: Calling main entry com.android.commands.uiautomator.Launcher
08-02 00:36:46.830  2052  2052 D leak-67-4: Eastern Standard Time
08-02 00:36:46.830  2052  2052 D leak-70-4: Eastern Standard Time
08-02 00:36:46.830  2052  2052 D leak-67-4: Eastern Standard Time
08-02 00:36:46.830  2052  2052 D leak-70-4: Eastern Standard Time
08-02 00:36:47.832  2052  2052 D leak-67-4: Eastern Standard Time
08-02 00:36:47.832  2052  2052 D leak-70-4: Eastern Standard Time
08-02 00:36:47.836  3404  3404 W AccessibilityNodeInfoDumper: Fetch time: 2ms
08-02 00:36:47.837   623   799 W WindowManager: Attempted to remove non-existing token: android.os.Binder@1c0e44e
08-02 00:36:47.845  3404  3404 D AndroidRuntime: Shutting down VM
08-02 00:36:48.920  3427  3427 D AndroidRuntime: >>>>>> START com.android.internal.os.RuntimeInit uid 0 <<<<<<
08-02 00:36:48.921  3427  3427 D AndroidRuntime: CheckJNI is OFF
08-02 00:36:48.934  3427  3427 D ICU     : No timezone override file found: /data/misc/zoneinfo/current/icu/icu_tzdata.dat
08-02 00:36:48.949  3427  3427 E memtrack: Couldn't load memtrack module (No such file or directory)
08-02 00:36:48.949  3427  3427 E android.os.Debug: failed to load memtrack module: -2
08-02 00:36:48.950  3427  3427 I Radio-JNI: register_android_hardware_Radio DONE
08-02 00:36:48.955  3427  3427 D AndroidRuntime: Calling main entry com.android.commands.uiautomator.Launcher
08-02 00:36:48.966  2052  2052 D leak-67-4: Eastern Standard Time
08-02 00:36:48.966  2052  2052 D leak-70-4: Eastern Standard Time
08-02 00:36:48.976  2052  2052 D leak-67-4: Eastern Standard Time
08-02 00:36:48.976  2052  2052 D leak-70-4: Eastern Standard Time
08-02 00:36:49.978  2052  2052 D leak-67-4: Eastern Standard Time
08-02 00:36:49.978  2052  2052 D leak-70-4: Eastern Standard Time
08-02 00:36:49.982  3427  3427 W AccessibilityNodeInfoDumper: Fetch time: 1ms
08-02 00:36:49.982   623  1594 W WindowManager: Attempted to remove non-existing token: android.os.Binder@705296f
08-02 00:36:49.989  3427  3427 D AndroidRuntime: Shutting down VM
08-02 00:36:51.128  3455  3455 D AndroidRuntime: >>>>>> START com.android.internal.os.RuntimeInit uid 0 <<<<<<
08-02 00:36:51.130  3455  3455 D AndroidRuntime: CheckJNI is OFF
08-02 00:36:51.138  3455  3455 D ICU     : No timezone override file found: /data/misc/zoneinfo/current/icu/icu_tzdata.dat
08-02 00:36:51.151  3455  3455 E memtrack: Couldn't load memtrack module (No such file or directory)
08-02 00:36:51.151  3455  3455 E android.os.Debug: failed to load memtrack module: -2
08-02 00:36:51.153  3455  3455 I Radio-JNI: register_android_hardware_Radio DONE
08-02 00:36:51.160  3455  3455 D AndroidRuntime: Calling main entry com.android.commands.uiautomator.Launcher
08-02 00:36:51.167  2052  2052 D leak-67-4: Eastern Standard Time
08-02 00:36:51.167  2052  2052 D leak-70-4: Eastern Standard Time
08-02 00:36:51.172  2052  2052 D leak-67-4: Eastern Standard Time
08-02 00:36:51.172  2052  2052 D leak-70-4: Eastern Standard Time
08-02 00:36:52.173  2052  2052 D leak-67-4: Eastern Standard Time
08-02 00:36:52.173  2052  2052 D leak-70-4: Eastern Standard Time
08-02 00:36:52.180  3455  3455 W AccessibilityNodeInfoDumper: Fetch time: 2ms
08-02 00:36:52.181   623  1594 W WindowManager: Attempted to remove non-existing token: android.os.Binder@aaca67c
08-02 00:36:52.192  3455  3455 D AndroidRuntime: Shutting down VM
08-02 00:36:53.316  3481  3481 D AndroidRuntime: >>>>>> START com.android.internal.os.RuntimeInit uid 0 <<<<<<
08-02 00:36:53.318  3481  3481 D AndroidRuntime: CheckJNI is OFF
08-02 00:36:53.327  3481  3481 D ICU     : No timezone override file found: /data/misc/zoneinfo/current/icu/icu_tzdata.dat
08-02 00:36:53.338  3481  3481 E memtrack: Couldn't load memtrack module (No such file or directory)
08-02 00:36:53.338  3481  3481 E android.os.Debug: failed to load memtrack module: -2
08-02 00:36:53.339  3481  3481 I Radio-JNI: register_android_hardware_Radio DONE
08-02 00:36:53.344  3481  3481 D AndroidRuntime: Calling main entry com.android.commands.uiautomator.Launcher
08-02 00:36:53.352  2052  2052 D leak-67-4: Eastern Standard Time
08-02 00:36:53.352  2052  2052 D leak-70-4: Eastern Standard Time
08-02 00:36:53.353  2052  2052 D leak-67-4: Eastern Standard Time
08-02 00:36:53.353  2052  2052 D leak-70-4: Eastern Standard Time
08-02 00:36:54.354  2052  2052 D leak-67-4: Eastern Standard Time
08-02 00:36:54.354  2052  2052 D leak-70-4: Eastern Standard Time
08-02 00:36:54.358  3481  3481 W AccessibilityNodeInfoDumper: Fetch time: 1ms
08-02 00:36:54.358   623   753 W WindowManager: Attempted to remove non-existing token: android.os.Binder@624db05
08-02 00:36:54.365  3481  3481 D AndroidRuntime: Shutting down VM
08-02 00:36:54.814  3499  3499 D AndroidRuntime: >>>>>> START com.android.internal.os.RuntimeInit uid 0 <<<<<<
08-02 00:36:54.817  3499  3499 D AndroidRuntime: CheckJNI is OFF
08-02 00:36:54.826  3499  3499 D ICU     : No timezone override file found: /data/misc/zoneinfo/current/icu/icu_tzdata.dat
08-02 00:36:54.841  3499  3499 E memtrack: Couldn't load memtrack module (No such file or directory)
08-02 00:36:54.841  3499  3499 E android.os.Debug: failed to load memtrack module: -2
08-02 00:36:54.842  3499  3499 I Radio-JNI: register_android_hardware_Radio DONE
08-02 00:36:54.847  3499  3499 D AndroidRuntime: Calling main entry com.android.commands.uiautomator.Launcher
08-02 00:36:54.858  2052  2052 D leak-67-4: Eastern Standard Time
08-02 00:36:54.858  2052  2052 D leak-70-4: Eastern Standard Time
08-02 00:36:54.859  2052  2052 D leak-67-4: Eastern Standard Time
08-02 00:36:54.859  2052  2052 D leak-70-4: Eastern Standard Time
08-02 00:36:55.861  2052  2052 D leak-67-4: Eastern Standard Time
08-02 00:36:55.861  2052  2052 D leak-70-4: Eastern Standard Time
08-02 00:36:55.864  3499  3499 W AccessibilityNodeInfoDumper: Fetch time: 1ms
08-02 00:36:55.868   623  1118 W WindowManager: Attempted to remove non-existing token: android.os.Binder@7e4ed8b
08-02 00:36:55.876  3499  3499 D AndroidRuntime: Shutting down VM
08-02 00:36:56.275  3512  3512 D AndroidRuntime: >>>>>> START com.android.internal.os.RuntimeInit uid 0 <<<<<<
08-02 00:36:56.277  3512  3512 D AndroidRuntime: CheckJNI is OFF
