08-02 11:30:30.224  5265  5265 I Input   : injectMotionEvent: MotionEvent { action=ACTION_MOVE, actionButton=0, id[0]=0, x[0]=600.0, y[0]=918.0, toolType[0]=TOOL_TYPE_UNKNOWN, buttonState=0, metaState=0, flags=0x0, edgeFlags=0x0, pointerCount=1, historySize=0, eventTime=521485, downTime=521485, deviceId=0, source=0x1002 }
08-02 11:30:30.241  5265  5265 I Input   : injectMotionEvent: MotionEvent { action=ACTION_MOVE, actionButton=0, id[0]=0, x[0]=600.0, y[0]=918.0, toolType[0]=TOOL_TYPE_UNKNOWN, buttonState=0, metaState=0, flags=0x0, edgeFlags=0x0, pointerCount=1, historySize=0, eventTime=521501, downTime=521501, deviceId=0, source=0x1002 }
08-02 11:30:30.257  5265  5265 I Input   : injectMotionEvent: MotionEvent { action=ACTION_MOVE, actionButton=0, id[0]=0, x[0]=600.0, y[0]=918.0, toolType[0]=TOOL_TYPE_UNKNOWN, buttonState=0, metaState=0, flags=0x0, edgeFlags=0x0, pointerCount=1, historySize=0, eventTime=521517, downTime=521517, deviceId=0, source=0x1002 }
08-02 11:30:30.273  5265  5265 I Input   : injectMotionEvent: MotionEvent { action=ACTION_MOVE, actionButton=0, id[0]=0, x[0]=600.0, y[0]=918.0, toolType[0]=TOOL_TYPE_UNKNOWN, buttonState=0, metaState=0, flags=0x0, edgeFlags=0x0, pointerCount=1, historySize=0, eventTime=521534, downTime=521534, deviceId=0, source=0x1002 }
08-02 11:30:30.296  5265  5265 I Input   : injectMotionEvent: MotionEvent { action=ACTION_MOVE, actionButton=0, id[0]=0, x[0]=600.0, y[0]=918.0, toolType[0]=TOOL_TYPE_UNKNOWN, buttonState=0, metaState=0, flags=0x0, edgeFlags=0x0, pointerCount=1, historySize=0, eventTime=521556, downTime=521556, deviceId=0, source=0x1002 }
08-02 11:30:30.307  5265  5265 I Input   : injectMotionEvent: MotionEvent { action=ACTION_MOVE, actionButton=0, id[0]=0, x[0]=600.0, y[0]=918.0, toolType[0]=TOOL_TYPE_UNKNOWN, buttonState=0, metaState=0, flags=0x0, edgeFlags=0x0, pointerCount=1, historySize=0, eventTime=521568, downTime=521568, deviceId=0, source=0x1002 }
08-02 11:30:30.324  5265  5265 I Input   : injectMotionEvent: MotionEvent { action=ACTION_MOVE, actionButton=0, id[0]=0, x[0]=600.0, y[0]=918.0, toolType[0]=TOOL_TYPE_UNKNOWN, buttonState=0, metaState=0, flags=0x0, edgeFlags=0x0, pointerCount=1, historySize=0, eventTime=521584, downTime=521584, deviceId=0, source=0x1002 }
08-02 11:30:30.340  5265  5265 I Input   : injectMotionEvent: MotionEvent { action=ACTION_MOVE, actionButton=0, id[0]=0, x[0]=600.0, y[0]=918.0, toolType[0]=TOOL_TYPE_UNKNOWN, buttonState=0, metaState=0, flags=0x0, edgeFlags=0x0, pointerCount=1, historySize=0, eventTime=521600, downTime=521600, deviceId=0, source=0x1002 }
08-02 11:30:30.357  5265  5265 I Input   : injectMotionEvent: MotionEvent { action=ACTION_MOVE, actionButton=0, id[0]=0, x[0]=600.0, y[0]=918.0, toolType[0]=TOOL_TYPE_UNKNOWN, buttonState=0, metaState=0, flags=0x0, edgeFlags=0x0, pointerCount=1, historySize=0, eventTime=521618, downTime=521618, deviceId=0, source=0x1002 }
08-02 11:30:30.373  5265  5265 I Input   : injectMotionEvent: MotionEvent { action=ACTION_MOVE, actionButton=0, id[0]=0, x[0]=600.0, y[0]=918.0, toolType[0]=TOOL_TYPE_UNKNOWN, buttonState=0, metaState=0, flags=0x0, edgeFlags=0x0, pointerCount=1, historySize=0, eventTime=521634, downTime=521634, deviceId=0, source=0x1002 }
08-02 11:30:30.391  5265  5265 I Input   : injectMotionEvent: MotionEvent { action=ACTION_MOVE, actionButton=0, id[0]=0, x[0]=600.0, y[0]=918.0, toolType[0]=TOOL_TYPE_UNKNOWN, buttonState=0, metaState=0, flags=0x0, edgeFlags=0x0, pointerCount=1, historySize=0, eventTime=521652, downTime=521652, deviceId=0, source=0x1002 }
08-02 11:30:30.406  5265  5265 I Input   : injectMotionEvent: MotionEvent { action=ACTION_MOVE, actionButton=0, id[0]=0, x[0]=600.0, y[0]=918.0, toolType[0]=TOOL_TYPE_UNKNOWN, buttonState=0, metaState=0, flags=0x0, edgeFlags=0x0, pointerCount=1, historySize=0, eventTime=521667, downTime=521667, deviceId=0, source=0x1002 }
08-02 11:30:30.425  5265  5265 I Input   : injectMotionEvent: MotionEvent { action=ACTION_MOVE, actionButton=0, id[0]=0, x[0]=600.0, y[0]=918.0, toolType[0]=TOOL_TYPE_UNKNOWN, buttonState=0, metaState=0, flags=0x0, edgeFlags=0x0, pointerCount=1, historySize=0, eventTime=521685, downTime=521685, deviceId=0, source=0x1002 }
08-02 11:30:30.440  5265  5265 I Input   : injectMotionEvent: MotionEvent { action=ACTION_MOVE, actionButton=0, id[0]=0, x[0]=600.0, y[0]=918.0, toolType[0]=TOOL_TYPE_UNKNOWN, buttonState=0, metaState=0, flags=0x0, edgeFlags=0x0, pointerCount=1, historySize=0, eventTime=521700, downTime=521700, deviceId=0, source=0x1002 }
08-02 11:30:30.456  5265  5265 I Input   : injectMotionEvent: MotionEvent { action=ACTION_MOVE, actionButton=0, id[0]=0, x[0]=600.0, y[0]=918.0, toolType[0]=TOOL_TYPE_UNKNOWN, buttonState=0, metaState=0, flags=0x0, edgeFlags=0x0, pointerCount=1, historySize=0, eventTime=521717, downTime=521717, deviceId=0, source=0x1002 }
08-02 11:30:30.473  5265  5265 I Input   : injectMotionEvent: MotionEvent { action=ACTION_MOVE, actionButton=0, id[0]=0, x[0]=600.0, y[0]=918.0, toolType[0]=TOOL_TYPE_UNKNOWN, buttonState=0, metaState=0, flags=0x0, edgeFlags=0x0, pointerCount=1, historySize=0, eventTime=521734, downTime=521734, deviceId=0, source=0x1002 }
08-02 11:30:30.489  5265  5265 I Input   : injectMotionEvent: MotionEvent { action=ACTION_MOVE, actionButton=0, id[0]=0, x[0]=600.0, y[0]=918.0, toolType[0]=TOOL_TYPE_UNKNOWN, buttonState=0, metaState=0, flags=0x0, edgeFlags=0x0, pointerCount=1, historySize=0, eventTime=521750, downTime=521750, deviceId=0, source=0x1002 }
08-02 11:30:30.507  5265  5265 I Input   : injectMotionEvent: MotionEvent { action=ACTION_MOVE, actionButton=0, id[0]=0, x[0]=600.0, y[0]=918.0, toolType[0]=TOOL_TYPE_UNKNOWN, buttonState=0, metaState=0, flags=0x0, edgeFlags=0x0, pointerCount=1, historySize=0, eventTime=521767, downTime=521767, deviceId=0, source=0x1002 }
08-02 11:30:30.523  5265  5265 I Input   : injectMotionEvent: MotionEvent { action=ACTION_MOVE, actionButton=0, id[0]=0, x[0]=600.0, y[0]=918.0, toolType[0]=TOOL_TYPE_UNKNOWN, buttonState=0, metaState=0, flags=0x0, edgeFlags=0x0, pointerCount=1, historySize=0, eventTime=521783, downTime=521783, deviceId=0, source=0x1002 }
08-02 11:30:30.540  5265  5265 I Input   : injectMotionEvent: MotionEvent { action=ACTION_MOVE, actionButton=0, id[0]=0, x[0]=600.0, y[0]=918.0, toolType[0]=TOOL_TYPE_UNKNOWN, buttonState=0, metaState=0, flags=0x0, edgeFlags=0x0, pointerCount=1, historySize=0, eventTime=521801, downTime=521801, deviceId=0, source=0x1002 }
08-02 11:30:30.556  5265  5265 I Input   : injectMotionEvent: MotionEvent { action=ACTION_MOVE, actionButton=0, id[0]=0, x[0]=600.0, y[0]=918.0, toolType[0]=TOOL_TYPE_UNKNOWN, buttonState=0, metaState=0, flags=0x0, edgeFlags=0x0, pointerCount=1, historySize=0, eventTime=521817, downTime=521817, deviceId=0, source=0x1002 }
08-02 11:30:30.574  5265  5265 I Input   : injectMotionEvent: MotionEvent { action=ACTION_MOVE, actionButton=0, id[0]=0, x[0]=600.0, y[0]=918.0, toolType[0]=TOOL_TYPE_UNKNOWN, buttonState=0, metaState=0, flags=0x0, edgeFlags=0x0, pointerCount=1, historySize=0, eventTime=521835, downTime=521835, deviceId=0, source=0x1002 }
08-02 11:30:30.590  5265  5265 I Input   : injectMotionEvent: MotionEvent { action=ACTION_MOVE, actionButton=0, id[0]=0, x[0]=600.0, y[0]=918.0, toolType[0]=TOOL_TYPE_UNKNOWN, buttonState=0, metaState=0, flags=0x0, edgeFlags=0x0, pointerCount=1, historySize=0, eventTime=521850, downTime=521850, deviceId=0, source=0x1002 }
08-02 11:30:30.606  5265  5265 I Input   : injectMotionEvent: MotionEvent { action=ACTION_MOVE, actionButton=0, id[0]=0, x[0]=600.0, y[0]=918.0, toolType[0]=TOOL_TYPE_UNKNOWN, buttonState=0, metaState=0, flags=0x0, edgeFlags=0x0, pointerCount=1, historySize=0, eventTime=521867, downTime=521867, deviceId=0, source=0x1002 }
08-02 11:30:30.623  5265  5265 I Input   : injectMotionEvent: MotionEvent { action=ACTION_MOVE, actionButton=0, id[0]=0, x[0]=600.0, y[0]=918.0, toolType[0]=TOOL_TYPE_UNKNOWN, buttonState=0, metaState=0, flags=0x0, edgeFlags=0x0, pointerCount=1, historySize=0, eventTime=521884, downTime=521884, deviceId=0, source=0x1002 }
08-02 11:30:30.640  5265  5265 I Input   : injectMotionEvent: MotionEvent { action=ACTION_MOVE, actionButton=0, id[0]=0, x[0]=600.0, y[0]=918.0, toolType[0]=TOOL_TYPE_UNKNOWN, buttonState=0, metaState=0, flags=0x0, edgeFlags=0x0, pointerCount=1, historySize=0, eventTime=521900, downTime=521900, deviceId=0, source=0x1002 }
08-02 11:30:30.657  5265  5265 I Input   : injectMotionEvent: MotionEvent { action=ACTION_MOVE, actionButton=0, id[0]=0, x[0]=600.0, y[0]=918.0, toolType[0]=TOOL_TYPE_UNKNOWN, buttonState=0, metaState=0, flags=0x0, edgeFlags=0x0, pointerCount=1, historySize=0, eventTime=521918, downTime=521918, deviceId=0, source=0x1002 }
08-02 11:30:30.673  5265  5265 I Input   : injectMotionEvent: MotionEvent { action=ACTION_MOVE, actionButton=0, id[0]=0, x[0]=600.0, y[0]=918.0, toolType[0]=TOOL_TYPE_UNKNOWN, buttonState=0, metaState=0, flags=0x0, edgeFlags=0x0, pointerCount=1, historySize=0, eventTime=521934, downTime=521934, deviceId=0, source=0x1002 }
08-02 11:30:30.690  5265  5265 I Input   : injectMotionEvent: MotionEvent { action=ACTION_MOVE, actionButton=0, id[0]=0, x[0]=600.0, y[0]=918.0, toolType[0]=TOOL_TYPE_UNKNOWN, buttonState=0, metaState=0, flags=0x0, edgeFlags=0x0, pointerCount=1, historySize=0, eventTime=521950, downTime=521950, deviceId=0, source=0x1002 }
08-02 11:30:30.707  5265  5265 I Input   : injectMotionEvent: MotionEvent { action=ACTION_MOVE, actionButton=0, id[0]=0, x[0]=600.0, y[0]=918.0, toolType[0]=TOOL_TYPE_UNKNOWN, buttonState=0, metaState=0, flags=0x0, edgeFlags=0x0, pointerCount=1, historySize=0, eventTime=521967, downTime=521967, deviceId=0, source=0x1002 }
08-02 11:30:30.724  5265  5265 I Input   : injectMotionEvent: MotionEvent { action=ACTION_MOVE, actionButton=0, id[0]=0, x[0]=600.0, y[0]=918.0, toolType[0]=TOOL_TYPE_UNKNOWN, buttonState=0, metaState=0, flags=0x0, edgeFlags=0x0, pointerCount=1, historySize=0, eventTime=521985, downTime=521985, deviceId=0, source=0x1002 }
08-02 11:30:30.740  5265  5265 I Input   : injectMotionEvent: MotionEvent { action=ACTION_MOVE, actionButton=0, id[0]=0, x[0]=600.0, y[0]=918.0, toolType[0]=TOOL_TYPE_UNKNOWN, buttonState=0, metaState=0, flags=0x0, edgeFlags=0x0, pointerCount=1, historySize=0, eventTime=522001, downTime=522001, deviceId=0, source=0x1002 }
08-02 11:30:30.757  5265  5265 I Input   : injectMotionEvent: MotionEvent { action=ACTION_MOVE, actionButton=0, id[0]=0, x[0]=600.0, y[0]=918.0, toolType[0]=TOOL_TYPE_UNKNOWN, buttonState=0, metaState=0, flags=0x0, edgeFlags=0x0, pointerCount=1, historySize=0, eventTime=522017, downTime=522017, deviceId=0, source=0x1002 }
08-02 11:30:30.773  5265  5265 I Input   : injectMotionEvent: MotionEvent { action=ACTION_MOVE, actionButton=0, id[0]=0, x[0]=600.0, y[0]=918.0, toolType[0]=TOOL_TYPE_UNKNOWN, buttonState=0, metaState=0, flags=0x0, edgeFlags=0x0, pointerCount=1, historySize=0, eventTime=522034, downTime=522034, deviceId=0, source=0x1002 }
08-02 11:30:30.790  5265  5265 I Input   : injectMotionEvent: MotionEvent { action=ACTION_MOVE, actionButton=0, id[0]=0, x[0]=600.0, y[0]=918.0, toolType[0]=TOOL_TYPE_UNKNOWN, buttonState=0, metaState=0, flags=0x0, edgeFlags=0x0, pointerCount=1, historySize=0, eventTime=522050, downTime=522050, deviceId=0, source=0x1002 }
08-02 11:30:30.807  5265  5265 I Input   : injectMotionEvent: MotionEvent { action=ACTION_MOVE, actionButton=0, id[0]=0, x[0]=600.0, y[0]=918.0, toolType[0]=TOOL_TYPE_UNKNOWN, buttonState=0, metaState=0, flags=0x0, edgeFlags=0x0, pointerCount=1, historySize=0, eventTime=522068, downTime=522068, deviceId=0, source=0x1002 }
08-02 11:30:30.823  5265  5265 I Input   : injectMotionEvent: MotionEvent { action=ACTION_MOVE, actionButton=0, id[0]=0, x[0]=600.0, y[0]=918.0, toolType[0]=TOOL_TYPE_UNKNOWN, buttonState=0, metaState=0, flags=0x0, edgeFlags=0x0, pointerCount=1, historySize=0, eventTime=522084, downTime=522084, deviceId=0, source=0x1002 }
08-02 11:30:30.840  5265  5265 I Input   : injectMotionEvent: MotionEvent { action=ACTION_MOVE, actionButton=0, id[0]=0, x[0]=600.0, y[0]=918.0, toolType[0]=TOOL_TYPE_UNKNOWN, buttonState=0, metaState=0, flags=0x0, edgeFlags=0x0, pointerCount=1, historySize=0, eventTime=522101, downTime=522101, deviceId=0, source=0x1002 }
08-02 11:30:30.856  5265  5265 I Input   : injectMotionEvent: MotionEvent { action=ACTION_MOVE, actionButton=0, id[0]=0, x[0]=600.0, y[0]=918.0, toolType[0]=TOOL_TYPE_UNKNOWN, buttonState=0, metaState=0, flags=0x0, edgeFlags=0x0, pointerCount=1, historySize=0, eventTime=522117, downTime=522117, deviceId=0, source=0x1002 }
08-02 11:30:30.873  5265  5265 I Input   : injectMotionEvent: MotionEvent { action=ACTION_MOVE, actionButton=0, id[0]=0, x[0]=600.0, y[0]=918.0, toolType[0]=TOOL_TYPE_UNKNOWN, buttonState=0, metaState=0, flags=0x0, edgeFlags=0x0, pointerCount=1, historySize=0, eventTime=522134, downTime=522134, deviceId=0, source=0x1002 }
08-02 11:30:30.890  5265  5265 I Input   : injectMotionEvent: MotionEvent { action=ACTION_MOVE, actionButton=0, id[0]=0, x[0]=600.0, y[0]=918.0, toolType[0]=TOOL_TYPE_UNKNOWN, buttonState=0, metaState=0, flags=0x0, edgeFlags=0x0, pointerCount=1, historySize=0, eventTime=522151, downTime=522151, deviceId=0, source=0x1002 }
08-02 11:30:30.906  5265  5265 I Input   : injectMotionEvent: MotionEvent { action=ACTION_MOVE, actionButton=0, id[0]=0, x[0]=600.0, y[0]=918.0, toolType[0]=TOOL_TYPE_UNKNOWN, buttonState=0, metaState=0, flags=0x0, edgeFlags=0x0, pointerCount=1, historySize=0, eventTime=522167, downTime=522167, deviceId=0, source=0x1002 }
08-02 11:30:30.923  5265  5265 I Input   : injectMotionEvent: MotionEvent { action=ACTION_MOVE, actionButton=0, id[0]=0, x[0]=600.0, y[0]=918.0, toolType[0]=TOOL_TYPE_UNKNOWN, buttonState=0, metaState=0, flags=0x0, edgeFlags=0x0, pointerCount=1, historySize=0, eventTime=522184, downTime=522184, deviceId=0, source=0x1002 }
08-02 11:30:30.940  5265  5265 I Input   : injectMotionEvent: MotionEvent { action=ACTION_MOVE, actionButton=0, id[0]=0, x[0]=600.0, y[0]=918.0, toolType[0]=TOOL_TYPE_UNKNOWN, buttonState=0, metaState=0, flags=0x0, edgeFlags=0x0, pointerCount=1, historySize=0, eventTime=522200, downTime=522200, deviceId=0, source=0x1002 }
08-02 11:30:30.956  5265  5265 I Input   : injectMotionEvent: MotionEvent { action=ACTION_MOVE, actionButton=0, id[0]=0, x[0]=600.0, y[0]=918.0, toolType[0]=TOOL_TYPE_UNKNOWN, buttonState=0, metaState=0, flags=0x0, edgeFlags=0x0, pointerCount=1, historySize=0, eventTime=522217, downTime=522217, deviceId=0, source=0x1002 }
08-02 11:30:30.974  5265  5265 I Input   : injectMotionEvent: MotionEvent { action=ACTION_MOVE, actionButton=0, id[0]=0, x[0]=600.0, y[0]=918.0, toolType[0]=TOOL_TYPE_UNKNOWN, buttonState=0, metaState=0, flags=0x0, edgeFlags=0x0, pointerCount=1, historySize=0, eventTime=522235, downTime=522235, deviceId=0, source=0x1002 }
08-02 11:30:30.989  5265  5265 I Input   : injectMotionEvent: MotionEvent { action=ACTION_MOVE, actionButton=0, id[0]=0, x[0]=600.0, y[0]=918.0, toolType[0]=TOOL_TYPE_UNKNOWN, buttonState=0, metaState=0, flags=0x0, edgeFlags=0x0, pointerCount=1, historySize=0, eventTime=522250, downTime=522250, deviceId=0, source=0x1002 }
08-02 11:30:31.006  5265  5265 I Input   : injectMotionEvent: MotionEvent { action=ACTION_MOVE, actionButton=0, id[0]=0, x[0]=600.0, y[0]=918.0, toolType[0]=TOOL_TYPE_UNKNOWN, buttonState=0, metaState=0, flags=0x0, edgeFlags=0x0, pointerCount=1, historySize=0, eventTime=522267, downTime=522267, deviceId=0, source=0x1002 }
08-02 11:30:31.023  5265  5265 I Input   : injectMotionEvent: MotionEvent { action=ACTION_MOVE, actionButton=0, id[0]=0, x[0]=600.0, y[0]=918.0, toolType[0]=TOOL_TYPE_UNKNOWN, buttonState=0, metaState=0, flags=0x0, edgeFlags=0x0, pointerCount=1, historySize=0, eventTime=522284, downTime=522284, deviceId=0, source=0x1002 }
08-02 11:30:31.040  5265  5265 I Input   : injectMotionEvent: MotionEvent { action=ACTION_MOVE, actionButton=0, id[0]=0, x[0]=600.0, y[0]=918.0, toolType[0]=TOOL_TYPE_UNKNOWN, buttonState=0, metaState=0, flags=0x0, edgeFlags=0x0, pointerCount=1, historySize=0, eventTime=522301, downTime=522301, deviceId=0, source=0x1002 }
08-02 11:30:31.057  5265  5265 I Input   : injectMotionEvent: MotionEvent { action=ACTION_MOVE, actionButton=0, id[0]=0, x[0]=600.0, y[0]=918.0, toolType[0]=TOOL_TYPE_UNKNOWN, buttonState=0, metaState=0, flags=0x0, edgeFlags=0x0, pointerCount=1, historySize=0, eventTime=522317, downTime=522317, deviceId=0, source=0x1002 }
08-02 11:30:31.073  5265  5265 I Input   : injectMotionEvent: MotionEvent { action=ACTION_MOVE, actionButton=0, id[0]=0, x[0]=600.0, y[0]=918.0, toolType[0]=TOOL_TYPE_UNKNOWN, buttonState=0, metaState=0, flags=0x0, edgeFlags=0x0, pointerCount=1, historySize=0, eventTime=522334, downTime=522334, deviceId=0, source=0x1002 }
08-02 11:30:31.089  5265  5265 I Input   : injectMotionEvent: MotionEvent { action=ACTION_MOVE, actionButton=0, id[0]=0, x[0]=600.0, y[0]=918.0, toolType[0]=TOOL_TYPE_UNKNOWN, buttonState=0, metaState=0, flags=0x0, edgeFlags=0x0, pointerCount=1, historySize=0, eventTime=522350, downTime=522350, deviceId=0, source=0x1002 }
08-02 11:30:31.106  5265  5265 I Input   : injectMotionEvent: MotionEvent { action=ACTION_MOVE, actionButton=0, id[0]=0, x[0]=600.0, y[0]=918.0, toolType[0]=TOOL_TYPE_UNKNOWN, buttonState=0, metaState=0, flags=0x0, edgeFlags=0x0, pointerCount=1, historySize=0, eventTime=522367, downTime=522367, deviceId=0, source=0x1002 }
08-02 11:30:31.123  5265  5265 I Input   : injectMotionEvent: MotionEvent { action=ACTION_MOVE, actionButton=0, id[0]=0, x[0]=600.0, y[0]=918.0, toolType[0]=TOOL_TYPE_UNKNOWN, buttonState=0, metaState=0, flags=0x0, edgeFlags=0x0, pointerCount=1, historySize=0, eventTime=522384, downTime=522384, deviceId=0, source=0x1002 }
08-02 11:30:31.139  5265  5265 I Input   : injectMotionEvent: MotionEvent { action=ACTION_MOVE, actionButton=0, id[0]=0, x[0]=600.0, y[0]=918.0, toolType[0]=TOOL_TYPE_UNKNOWN, buttonState=0, metaState=0, flags=0x0, edgeFlags=0x0, pointerCount=1, historySize=0, eventTime=522400, downTime=522400, deviceId=0, source=0x1002 }
08-02 11:30:31.156  5265  5265 I Input   : injectMotionEvent: MotionEvent { action=ACTION_MOVE, actionButton=0, id[0]=0, x[0]=600.0, y[0]=918.0, toolType[0]=TOOL_TYPE_UNKNOWN, buttonState=0, metaState=0, flags=0x0, edgeFlags=0x0, pointerCount=1, historySize=0, eventTime=522417, downTime=522417, deviceId=0, source=0x1002 }
08-02 11:30:31.173  5265  5265 I Input   : injectMotionEvent: MotionEvent { action=ACTION_MOVE, actionButton=0, id[0]=0, x[0]=600.0, y[0]=918.0, toolType[0]=TOOL_TYPE_UNKNOWN, buttonState=0, metaState=0, flags=0x0, edgeFlags=0x0, pointerCount=1, historySize=0, eventTime=522434, downTime=522434, deviceId=0, source=0x1002 }
08-02 11:30:31.189  5265  5265 I Input   : injectMotionEvent: MotionEvent { action=ACTION_MOVE, actionButton=0, id[0]=0, x[0]=600.0, y[0]=918.0, toolType[0]=TOOL_TYPE_UNKNOWN, buttonState=0, metaState=0, flags=0x0, edgeFlags=0x0, pointerCount=1, historySize=0, eventTime=522450, downTime=522450, deviceId=0, source=0x1002 }
08-02 11:30:31.207  5265  5265 I Input   : injectMotionEvent: MotionEvent { action=ACTION_MOVE, actionButton=0, id[0]=0, x[0]=600.0, y[0]=918.0, toolType[0]=TOOL_TYPE_UNKNOWN, buttonState=0, metaState=0, flags=0x0, edgeFlags=0x0, pointerCount=1, historySize=0, eventTime=522468, downTime=522468, deviceId=0, source=0x1002 }
08-02 11:30:31.224  5265  5265 I Input   : injectMotionEvent: MotionEvent { action=ACTION_MOVE, actionButton=0, id[0]=0, x[0]=600.0, y[0]=918.0, toolType[0]=TOOL_TYPE_UNKNOWN, buttonState=0, metaState=0, flags=0x0, edgeFlags=0x0, pointerCount=1, historySize=0, eventTime=522485, downTime=522485, deviceId=0, source=0x1002 }
08-02 11:30:31.240  5265  5265 I Input   : injectMotionEvent: MotionEvent { action=ACTION_UP, actionButton=0, id[0]=0, x[0]=600.0, y[0]=918.0, toolType[0]=TOOL_TYPE_UNKNOWN, buttonState=0, metaState=0, flags=0x0, edgeFlags=0x0, pointerCount=1, historySize=0, eventTime=522501, downTime=522501, deviceId=0, source=0x1002 }
08-02 11:30:31.246  5265  5265 D AndroidRuntime: Shutting down VM
08-02 11:30:31.278  3079  3095 W EGL_emulation: eglSurfaceAttrib not implemented
08-02 11:30:31.278  3079  3095 W OpenGLRenderer: Failed to set EGL_SWAP_BEHAVIOR on surface 0xdf726760, error=EGL_SUCCESS
08-02 11:30:31.312  3079  3095 W EGL_emulation: eglSurfaceAttrib not implemented
08-02 11:30:31.312  3079  3095 W OpenGLRenderer: Failed to set EGL_SWAP_BEHAVIOR on surface 0xdf7268c0, error=EGL_SUCCESS
08-02 11:30:31.650  3079  3095 W EGL_emulation: eglSurfaceAttrib not implemented
08-02 11:30:31.650  3079  3095 W OpenGLRenderer: Failed to set EGL_SWAP_BEHAVIOR on surface 0xdf726280, error=EGL_SUCCESS
08-02 11:30:35.729  5602  5602 D AndroidRuntime: >>>>>> START com.android.internal.os.RuntimeInit uid 0 <<<<<<
08-02 11:30:35.730  5602  5602 D AndroidRuntime: CheckJNI is OFF
08-02 11:30:35.739  5602  5602 D ICU     : No timezone override file found: /data/misc/zoneinfo/current/icu/icu_tzdata.dat
08-02 11:30:35.752  5602  5602 E memtrack: Couldn't load memtrack module (No such file or directory)
08-02 11:30:35.752  5602  5602 E android.os.Debug: failed to load memtrack module: -2
08-02 11:30:35.753  5602  5602 I Radio-JNI: register_android_hardware_Radio DONE
08-02 11:30:35.762  5602  5602 D AndroidRuntime: Calling main entry com.android.commands.uiautomator.Launcher
08-02 11:30:36.778  5602  5602 W AccessibilityNodeInfoDumper: Fetch time: 2ms
08-02 11:30:36.778  1924  2404 W WindowManager: Attempted to remove non-existing token: android.os.Binder@fb2c180
08-02 11:30:36.788  5602  5602 D AndroidRuntime: Shutting down VM
08-02 11:30:37.888  5625  5625 D AndroidRuntime: >>>>>> START com.android.internal.os.RuntimeInit uid 0 <<<<<<
08-02 11:30:37.890  5625  5625 D AndroidRuntime: CheckJNI is OFF
08-02 11:30:37.900  5625  5625 D ICU     : No timezone override file found: /data/misc/zoneinfo/current/icu/icu_tzdata.dat
08-02 11:30:37.913  5625  5625 E memtrack: Couldn't load memtrack module (No such file or directory)
08-02 11:30:37.913  5625  5625 E android.os.Debug: failed to load memtrack module: -2
08-02 11:30:37.915  5625  5625 I Radio-JNI: register_android_hardware_Radio DONE
08-02 11:30:37.920  5625  5625 D AndroidRuntime: Calling main entry com.android.commands.uiautomator.Launcher
08-02 11:30:38.938  5625  5625 W AccessibilityNodeInfoDumper: Fetch time: 2ms
08-02 11:30:38.939  1924  2224 W WindowManager: Attempted to remove non-existing token: android.os.Binder@f1193b9
08-02 11:30:38.961  5625  5625 D AndroidRuntime: Shutting down VM
08-02 11:30:39.449  5644  5644 D AndroidRuntime: >>>>>> START com.android.internal.os.RuntimeInit uid 0 <<<<<<
08-02 11:30:39.452  5644  5644 D AndroidRuntime: CheckJNI is OFF
08-02 11:30:39.461  5644  5644 D ICU     : No timezone override file found: /data/misc/zoneinfo/current/icu/icu_tzdata.dat
08-02 11:30:39.480  5644  5644 E memtrack: Couldn't load memtrack module (No such file or directory)
08-02 11:30:39.480  5644  5644 E android.os.Debug: failed to load memtrack module: -2
08-02 11:30:39.482  5644  5644 I Radio-JNI: register_android_hardware_Radio DONE
08-02 11:30:39.489  5644  5644 D AndroidRuntime: Calling main entry com.android.commands.uiautomator.Launcher
08-02 11:30:40.504  5644  5644 W AccessibilityNodeInfoDumper: Fetch time: 2ms
08-02 11:30:40.504  1924  1950 W WindowManager: Attempted to remove non-existing token: android.os.Binder@200f75f
08-02 11:30:40.523  5644  5644 D AndroidRuntime: Shutting down VM
08-02 11:30:41.605  5667  5667 D AndroidRuntime: >>>>>> START com.android.internal.os.RuntimeInit uid 0 <<<<<<
08-02 11:30:41.606  5667  5667 D AndroidRuntime: CheckJNI is OFF
08-02 11:30:41.614  5667  5667 D ICU     : No timezone override file found: /data/misc/zoneinfo/current/icu/icu_tzdata.dat
08-02 11:30:41.626  5667  5667 E memtrack: Couldn't load memtrack module (No such file or directory)
08-02 11:30:41.626  5667  5667 E android.os.Debug: failed to load memtrack module: -2
08-02 11:30:41.627  5667  5667 I Radio-JNI: register_android_hardware_Radio DONE
08-02 11:30:41.634  5667  5667 D AndroidRuntime: Calling main entry com.android.commands.uiautomator.Launcher
08-02 11:30:42.653  5667  5667 W AccessibilityNodeInfoDumper: Fetch time: 2ms
08-02 11:30:42.653  1924  2421 W WindowManager: Attempted to remove non-existing token: android.os.Binder@84275ac
08-02 11:30:42.675  5667  5667 D AndroidRuntime: Shutting down VM
08-02 11:30:43.828  5695  5695 D AndroidRuntime: >>>>>> START com.android.internal.os.RuntimeInit uid 0 <<<<<<
08-02 11:30:43.829  5695  5695 D AndroidRuntime: CheckJNI is OFF
08-02 11:30:43.839  5695  5695 D ICU     : No timezone override file found: /data/misc/zoneinfo/current/icu/icu_tzdata.dat
08-02 11:30:43.851  5695  5695 E memtrack: Couldn't load memtrack module (No such file or directory)
08-02 11:30:43.852  5695  5695 E android.os.Debug: failed to load memtrack module: -2
08-02 11:30:43.853  5695  5695 I Radio-JNI: register_android_hardware_Radio DONE
08-02 11:30:43.859  5695  5695 D AndroidRuntime: Calling main entry com.android.commands.uiautomator.Launcher
08-02 11:30:44.873  5695  5695 W AccessibilityNodeInfoDumper: Fetch time: 1ms
08-02 11:30:44.873  1924  1948 W WindowManager: Attempted to remove non-existing token: android.os.Binder@32eb275
08-02 11:30:44.881  5695  5695 D AndroidRuntime: Shutting down VM
08-02 11:30:45.993  5721  5721 D AndroidRuntime: >>>>>> START com.android.internal.os.RuntimeInit uid 0 <<<<<<
08-02 11:30:45.996  5721  5721 D AndroidRuntime: CheckJNI is OFF
08-02 11:30:46.004  5721  5721 D ICU     : No timezone override file found: /data/misc/zoneinfo/current/icu/icu_tzdata.dat
08-02 11:30:46.019  5721  5721 E memtrack: Couldn't load memtrack module (No such file or directory)
08-02 11:30:46.019  5721  5721 E android.os.Debug: failed to load memtrack module: -2
08-02 11:30:46.020  5721  5721 I Radio-JNI: register_android_hardware_Radio DONE
08-02 11:30:46.026  5721  5721 D AndroidRuntime: Calling main entry com.android.commands.uiautomator.Launcher
08-02 11:30:47.039  5721  5721 W AccessibilityNodeInfoDumper: Fetch time: 2ms
08-02 11:30:47.039  1924  2158 W WindowManager: Attempted to remove non-existing token: android.os.Binder@167aa7b
08-02 11:30:47.047  5721  5721 D AndroidRuntime: Shutting down VM
08-02 11:30:47.517  5739  5739 D AndroidRuntime: >>>>>> START com.android.internal.os.RuntimeInit uid 0 <<<<<<
08-02 11:30:47.521  5739  5739 D AndroidRuntime: CheckJNI is OFF
08-02 11:30:47.530  5739  5739 D ICU     : No timezone override file found: /data/misc/zoneinfo/current/icu/icu_tzdata.dat
08-02 11:30:47.544  5739  5739 E memtrack: Couldn't load memtrack module (No such file or directory)
08-02 11:30:47.544  5739  5739 E android.os.Debug: failed to load memtrack module: -2
08-02 11:30:47.545  5739  5739 I Radio-JNI: register_android_hardware_Radio DONE
08-02 11:30:47.551  5739  5739 D AndroidRuntime: Calling main entry com.android.commands.uiautomator.Launcher
08-02 11:30:48.565  5739  5739 W AccessibilityNodeInfoDumper: Fetch time: 1ms
08-02 11:30:48.566  1924  1950 W WindowManager: Attempted to remove non-existing token: android.os.Binder@5374098
08-02 11:30:48.577  5739  5739 D AndroidRuntime: Shutting down VM
08-02 11:30:49.643  5762  5762 D AndroidRuntime: >>>>>> START com.android.internal.os.RuntimeInit uid 0 <<<<<<
08-02 11:30:49.644  5762  5762 D AndroidRuntime: CheckJNI is OFF
08-02 11:30:49.653  5762  5762 D ICU     : No timezone override file found: /data/misc/zoneinfo/current/icu/icu_tzdata.dat
08-02 11:30:49.665  5762  5762 E memtrack: Couldn't load memtrack module (No such file or directory)
08-02 11:30:49.665  5762  5762 E android.os.Debug: failed to load memtrack module: -2
08-02 11:30:49.665  5762  5762 I Radio-JNI: register_android_hardware_Radio DONE
08-02 11:30:49.672  5762  5762 D AndroidRuntime: Calling main entry com.android.commands.uiautomator.Launcher
08-02 11:30:50.701  5762  5762 W AccessibilityNodeInfoDumper: Fetch time: 1ms
08-02 11:30:50.702  1924  2158 W WindowManager: Attempted to remove non-existing token: android.os.Binder@bc500f1
08-02 11:30:50.719  5762  5762 D AndroidRuntime: Shutting down VM
08-02 11:30:51.225  5780  5780 D AndroidRuntime: >>>>>> START com.android.internal.os.RuntimeInit uid 0 <<<<<<
08-02 11:30:51.227  5780  5780 D AndroidRuntime: CheckJNI is OFF
08-02 11:30:51.236  5780  5780 D ICU     : No timezone override file found: /data/misc/zoneinfo/current/icu/icu_tzdata.dat
08-02 11:30:51.250  5780  5780 E memtrack: Couldn't load memtrack module (No such file or directory)
08-02 11:30:51.250  5780  5780 E android.os.Debug: failed to load memtrack module: -2
08-02 11:30:51.252  5780  5780 I Radio-JNI: register_android_hardware_Radio DONE
08-02 11:30:51.258  5780  5780 D AndroidRuntime: Calling main entry com.android.commands.uiautomator.Launcher
08-02 11:30:52.272  5780  5780 W AccessibilityNodeInfoDumper: Fetch time: 2ms
08-02 11:30:52.272  1924  2473 W WindowManager: Attempted to remove non-existing token: android.os.Binder@4bc7357
08-02 11:30:52.281  5780  5780 D AndroidRuntime: Shutting down VM
08-02 11:30:53.384  5803  5803 D AndroidRuntime: >>>>>> START com.android.internal.os.RuntimeInit uid 0 <<<<<<
08-02 11:30:53.385  5803  5803 D AndroidRuntime: CheckJNI is OFF
08-02 11:30:53.394  5803  5803 D ICU     : No timezone override file found: /data/misc/zoneinfo/current/icu/icu_tzdata.dat
08-02 11:30:53.408  5803  5803 E memtrack: Couldn't load memtrack module (No such file or directory)
08-02 11:30:53.408  5803  5803 E android.os.Debug: failed to load memtrack module: -2
08-02 11:30:53.408  5803  5803 I Radio-JNI: register_android_hardware_Radio DONE
08-02 11:30:53.417  5803  5803 D AndroidRuntime: Calling main entry com.android.commands.uiautomator.Launcher
08-02 11:30:54.431  5803  5803 W AccessibilityNodeInfoDumper: Fetch time: 1ms
08-02 11:30:54.431  1924  2421 W WindowManager: Attempted to remove non-existing token: android.os.Binder@babce44
08-02 11:30:54.440  5803  5803 D AndroidRuntime: Shutting down VM
08-02 11:30:54.910  5821  5821 D AndroidRuntime: >>>>>> START com.android.internal.os.RuntimeInit uid 0 <<<<<<
08-02 11:30:54.914  5821  5821 D AndroidRuntime: CheckJNI is OFF
08-02 11:30:54.924  5821  5821 D ICU     : No timezone override file found: /data/misc/zoneinfo/current/icu/icu_tzdata.dat
08-02 11:30:54.940  5821  5821 E memtrack: Couldn't load memtrack module (No such file or directory)
08-02 11:30:54.940  5821  5821 E android.os.Debug: failed to load memtrack module: -2
08-02 11:30:54.941  5821  5821 I Radio-JNI: register_android_hardware_Radio DONE
08-02 11:30:54.954  5821  5821 D AndroidRuntime: Calling main entry com.android.commands.uiautomator.Launcher
08-02 11:30:55.969  5821  5821 W AccessibilityNodeInfoDumper: Fetch time: 2ms
08-02 11:30:55.971  1924  2224 W WindowManager: Attempted to remove non-existing token: android.os.Binder@d97bb2d
08-02 11:30:55.979  5821  5821 D AndroidRuntime: Shutting down VM
08-02 11:30:57.178  5846  5846 D AndroidRuntime: >>>>>> START com.android.internal.os.RuntimeInit uid 0 <<<<<<
08-02 11:30:57.181  5846  5846 D AndroidRuntime: CheckJNI is OFF
08-02 11:30:57.191  5846  5846 D ICU     : No timezone override file found: /data/misc/zoneinfo/current/icu/icu_tzdata.dat
08-02 11:30:57.207  5846  5846 E memtrack: Couldn't load memtrack module (No such file or directory)
08-02 11:30:57.207  5846  5846 E android.os.Debug: failed to load memtrack module: -2
08-02 11:30:57.207  5846  5846 I Radio-JNI: register_android_hardware_Radio DONE
08-02 11:30:57.214  5846  5846 D AndroidRuntime: Calling main entry com.android.commands.uiautomator.Launcher
08-02 11:30:58.241  5846  5846 W AccessibilityNodeInfoDumper: Fetch time: 2ms
08-02 11:30:58.241  1924  2423 W WindowManager: Attempted to remove non-existing token: android.os.Binder@6709862
08-02 11:30:58.252  5846  5846 D AndroidRuntime: Shutting down VM
08-02 11:30:58.758  5865  5865 D AndroidRuntime: >>>>>> START com.android.internal.os.RuntimeInit uid 0 <<<<<<
08-02 11:30:58.760  5865  5865 D AndroidRuntime: CheckJNI is OFF
08-02 11:30:58.769  5865  5865 D ICU     : No timezone override file found: /data/misc/zoneinfo/current/icu/icu_tzdata.dat
08-02 11:30:58.780  5865  5865 E memtrack: Couldn't load memtrack module (No such file or directory)
08-02 11:30:58.781  5865  5865 E android.os.Debug: failed to load memtrack module: -2
08-02 11:30:58.782  5865  5865 I Radio-JNI: register_android_hardware_Radio DONE
08-02 11:30:58.788  5865  5865 D AndroidRuntime: Calling main entry com.android.commands.uiautomator.Launcher
08-02 11:30:59.809  5865  5865 W AccessibilityNodeInfoDumper: Fetch time: 1ms
08-02 11:30:59.809  1924  2421 W WindowManager: Attempted to remove non-existing token: android.os.Binder@5b98ab0
08-02 11:30:59.821  5865  5865 D AndroidRuntime: Shutting down VM
08-02 11:31:00.264  5878  5878 D AndroidRuntime: >>>>>> START com.android.internal.os.RuntimeInit uid 0 <<<<<<
08-02 11:31:00.267  5878  5878 D AndroidRuntime: CheckJNI is OFF
08-02 11:31:00.277  5878  5878 D ICU     : No timezone override file found: /data/misc/zoneinfo/current/icu/icu_tzdata.dat
08-02 11:31:00.288  5878  5878 E memtrack: Couldn't load memtrack module (No such file or directory)
08-02 11:31:00.288  5878  5878 E android.os.Debug: failed to load memtrack module: -2
08-02 11:31:00.288  5878  5878 I Radio-JNI: register_android_hardware_Radio DONE
08-02 11:31:00.295  5878  5878 D AndroidRuntime: Calling main entry com.android.commands.input.Input
08-02 11:31:00.302  5878  5878 I Input   : injectMotionEvent: MotionEvent { action=ACTION_DOWN, actionButton=0, id[0]=0, x[0]=1060.0, y[0]=1148.0, toolType[0]=TOOL_TYPE_UNKNOWN, buttonState=0, metaState=0, flags=0x0, edgeFlags=0x0, pointerCount=1, historySize=0, eventTime=551556, downTime=551556, deviceId=0, source=0x1002 }
08-02 11:31:00.304  5878  5878 I Input   : injectMotionEvent: MotionEvent { action=ACTION_UP, actionButton=0, id[0]=0, x[0]=1060.0, y[0]=1148.0, toolType[0]=TOOL_TYPE_UNKNOWN, buttonState=0, metaState=0, flags=0x0, edgeFlags=0x0, pointerCount=1, historySize=0, eventTime=551556, downTime=551556, deviceId=0, source=0x1002 }
08-02 11:31:00.310  5878  5878 D AndroidRuntime: Shutting down VM
08-02 11:31:00.335  3079  3095 E Surface : getSlotFromBufferLocked: unknown buffer: 0xf3d94530
08-02 11:31:00.347  3079  3095 E Surface : getSlotFromBufferLocked: unknown buffer: 0xf3d94450
08-02 11:31:00.408  3079  3095 E Surface : getSlotFromBufferLocked: unknown buffer: 0xf3d96050
08-02 11:31:00.595  1924  1948 W WindowManager: Force-removing child win Window{7571eb2 u0 PopupWindow:c788bc4} from container Window{7578dee u0 com.oF2pks.kalturadeviceinfos/com.oF2pks.kalturadeviceinfos.MainActivity}
08-02 11:31:00.614  2039  2054 E BufferQueueProducer: [PopupWindow:c788bc4] queueBuffer: BufferQueue has been abandoned
08-02 11:31:00.614  3079  3095 E Surface : queueBuffer: error queuing buffer to SurfaceTexture, -19
08-02 11:31:00.614  2039  2055 E BufferQueueProducer: [PopupWindow:c788bc4] dequeueBuffer: BufferQueue has been abandoned
08-02 11:31:00.614  3079  3095 E EGL_emulation: tid 3095: swapBuffers(288): error 0x3003 (EGL_BAD_ALLOC)
08-02 11:31:00.615  3079  3095 F OpenGLRenderer: Encountered EGL error 12291 EGL_BAD_ALLOC during rendering
--------- beginning of crash
08-02 11:31:00.615  3079  3095 F libc    : Fatal signal 6 (SIGABRT), code -6 in tid 3095 (RenderThread)
08-02 11:31:00.668   263   263 F DEBUG   : *** *** *** *** *** *** *** *** *** *** *** *** *** *** *** ***
08-02 11:31:00.668   263   263 F DEBUG   : Build fingerprint: 'Android/vbox86p/vbox86p:6.0/MRA58K/233:userdebug/test-keys'
08-02 11:31:00.668   263   263 F DEBUG   : Revision: '0'
08-02 11:31:00.668   263   263 F DEBUG   : ABI: 'x86'
08-02 11:31:00.669   263   263 F DEBUG   : pid: 3079, tid: 3095, name: RenderThread  >>> com.oF2pks.kalturadeviceinfos <<<
08-02 11:31:00.669   263   263 F DEBUG   : signal 6 (SIGABRT), code -6 (SI_TKILL), fault addr --------
08-02 11:31:00.673   263   263 F DEBUG   : Abort message: 'Encountered EGL error 12291 EGL_BAD_ALLOC during rendering'
08-02 11:31:00.673   263   263 F DEBUG   :     eax 00000000  ebx 00000c07  ecx 00000c17  edx 00000006
08-02 11:31:00.673   263   263 F DEBUG   :     esi e0d86980  edi 0000000b
08-02 11:31:00.673   263   263 F DEBUG   :     xcs 00000023  xds 0000002b  xes 0000002b  xfs 00000057  xss 0000002b
08-02 11:31:00.673   263   263 F DEBUG   :     eip f73576c6  ebp 00000c17  esp e0d86150  flags 00200202
08-02 11:31:00.678   263   263 F DEBUG   : 
08-02 11:31:00.678   263   263 F DEBUG   : backtrace:
08-02 11:31:00.678   263   263 F DEBUG   :     #00 pc 000836c6  /system/lib/libc.so (tgkill+22)
08-02 11:31:00.678   263   263 F DEBUG   :     #01 pc 00081728  /system/lib/libc.so (pthread_kill+70)
08-02 11:31:00.678   263   263 F DEBUG   :     #02 pc 00027255  /system/lib/libc.so (raise+36)
08-02 11:31:00.678   263   263 F DEBUG   :     #03 pc 00020a34  /system/lib/libc.so (abort+80)
08-02 11:31:00.678   263   263 F DEBUG   :     #04 pc 0000cbd3  /system/lib/libcutils.so (__android_log_assert+128)
08-02 11:31:00.678   263   263 F DEBUG   :     #05 pc 00023759  /system/lib/libhwui.so
08-02 11:31:00.678   263   263 F DEBUG   :     #06 pc 0001e866  /system/lib/libhwui.so
08-02 11:31:00.678   263   263 F DEBUG   :     #07 pc 000216ef  /system/lib/libhwui.so
08-02 11:31:00.678   263   263 F DEBUG   :     #08 pc 00027137  /system/lib/libhwui.so (android::uirenderer::renderthread::RenderThread::threadLoop()+151)
08-02 11:31:00.678   263   263 F DEBUG   :     #09 pc 00014aac  /system/lib/libutils.so (android::Thread::_threadLoop(void*)+418)
08-02 11:31:00.678   263   263 F DEBUG   :     #10 pc 0006c0be  /system/lib/libandroid_runtime.so (android::AndroidRuntime::javaThreadShell(void*)+98)
08-02 11:31:00.678   263   263 F DEBUG   :     #11 pc 000141cf  /system/lib/libutils.so (thread_data_t::trampoline(thread_data_t const*)+122)
08-02 11:31:00.678   263   263 F DEBUG   :     #12 pc 00080bd3  /system/lib/libc.so (__pthread_start(void*)+56)
08-02 11:31:00.678   263   263 F DEBUG   :     #13 pc 000219a2  /system/lib/libc.so (__start_thread+25)
08-02 11:31:00.678   263   263 F DEBUG   :     #14 pc 00017106  /system/lib/libc.so (__bionic_clone+70)
08-02 11:31:00.744   263   263 F DEBUG   : 
08-02 11:31:00.744   263   263 F DEBUG   : Tombstone written to: /data/tombstones/tombstone_01
08-02 11:31:00.744   263   263 E DEBUG   : AM write failed: Broken pipe
08-02 11:31:00.744  1924  1962 I BootReceiver: Copying /data/tombstones/tombstone_01 to DropBox (SYSTEM_TOMBSTONE)
08-02 11:31:00.746  1924  5893 W ActivityManager:   Force finishing activity com.oF2pks.kalturadeviceinfos/.MainActivity
08-02 11:31:00.767  1924  2071 W InputDispatcher: channel 'd3e9ef5 com.oF2pks.kalturadeviceinfos/com.oF2pks.kalturadeviceinfos.MainActivity (server)' ~ Consumer closed input channel or an error occurred.  events=0x9
08-02 11:31:00.767  1924  2071 E InputDispatcher: channel 'd3e9ef5 com.oF2pks.kalturadeviceinfos/com.oF2pks.kalturadeviceinfos.MainActivity (server)' ~ Channel is unrecoverably broken and will be disposed!
08-02 11:31:00.775  1924  2423 D GraphicsStats: Buffer count: 2
08-02 11:31:00.789  1731  1731 I Zygote  : Process 3079 exited due to signal (6)
08-02 11:31:00.806  1924  1946 I art     : Background sticky concurrent mark sweep GC freed 6392(478KB) AllocSpace objects, 10(1080KB) LOS objects, 12% free, 7MB/8MB, paused 6.428ms total 41.261ms
08-02 11:31:00.807  1924  5893 D         : HostConnection::get() New Host Connection established 0xdcff8c30, tid 5893
08-02 11:31:00.822  2039  2039 E EGL_emulation: tid 2039: eglCreateSyncKHR(1215): error 0x3004 (EGL_BAD_ATTRIBUTE)
08-02 11:31:01.903  1924  1948 W art     : Long monitor contention event with owner method=android.graphics.Bitmap com.android.server.wm.WindowManagerService.screenshotApplicationsInner(android.os.IBinder, int, int, int, boolean) from WindowManagerService.java:6223 waiters=0 for 1.132s
08-02 11:31:01.903  1924  2455 W art     : Long monitor contention event with owner method=android.graphics.Bitmap com.android.server.wm.WindowManagerService.screenshotApplicationsInner(android.os.IBinder, int, int, int, boolean) from WindowManagerService.java:6223 waiters=1 for 1.129s
08-02 11:31:01.903  1924  2455 I WindowState: WIN DEATH: Window{d3e9ef5 u0 com.oF2pks.kalturadeviceinfos/com.oF2pks.kalturadeviceinfos.MainActivity}
08-02 11:31:01.903  1924  2455 W InputDispatcher: Attempted to unregister already unregistered input channel 'd3e9ef5 com.oF2pks.kalturadeviceinfos/com.oF2pks.kalturadeviceinfos.MainActivity (server)'
08-02 11:31:01.909  1924  5893 W ActivityManager: Exception thrown during pause
08-02 11:31:01.909  1924  5893 W ActivityManager: android.os.DeadObjectException
08-02 11:31:01.909  1924  5893 W ActivityManager: 	at android.os.BinderProxy.transactNative(Native Method)
08-02 11:31:01.909  1924  5893 W ActivityManager: 	at android.os.BinderProxy.transact(Binder.java:557)
08-02 11:31:01.909  1924  5893 W ActivityManager: 	at android.app.ApplicationThreadProxy.schedulePauseActivity(ApplicationThreadNative.java:727)
08-02 11:31:01.909  1924  5893 W ActivityManager: 	at com.android.server.am.ActivityStack.startPausingLocked(ActivityStack.java:867)
08-02 11:31:01.909  1924  5893 W ActivityManager: 	at com.android.server.am.ActivityStack.finishActivityLocked(ActivityStack.java:2907)
08-02 11:31:01.909  1924  5893 W ActivityManager: 	at com.android.server.am.ActivityStack.finishTopRunningActivityLocked(ActivityStack.java:2763)
08-02 11:31:01.909  1924  5893 W ActivityManager: 	at com.android.server.am.ActivityStackSupervisor.finishTopRunningActivityLocked(ActivityStackSupervisor.java:2755)
08-02 11:31:01.909  1924  5893 W ActivityManager: 	at com.android.server.am.ActivityManagerService.handleAppCrashLocked(ActivityManagerService.java:12037)
08-02 11:31:01.909  1924  5893 W ActivityManager: 	at com.android.server.am.ActivityManagerService.makeAppCrashingLocked(ActivityManagerService.java:11933)
08-02 11:31:01.909  1924  5893 W ActivityManager: 	at com.android.server.am.ActivityManagerService.crashApplication(ActivityManagerService.java:12622)
08-02 11:31:01.909  1924  5893 W ActivityManager: 	at com.android.server.am.ActivityManagerService.handleApplicationCrashInner(ActivityManagerService.java:12129)
08-02 11:31:01.909  1924  5893 W ActivityManager: 	at com.android.server.am.NativeCrashListener$NativeCrashReporter.run(NativeCrashListener.java:86)
08-02 11:31:01.916  1924  2404 W art     : Long monitor contention event with owner method=void com.android.server.am.ActivityManagerService.crashApplication(com.android.server.am.ProcessRecord, android.app.ApplicationErrorReport$CrashInfo) from ActivityManagerService.java:12568 waiters=0 for 1.138s
08-02 11:31:01.916  1924  2404 W libprocessgroup: failed to open /acct/uid_10060/pid_3079/cgroup.procs: No such file or directory
08-02 11:31:01.916  1924  2404 I ActivityManager: Process com.oF2pks.kalturadeviceinfos (pid 3079) has died
08-02 11:31:01.919  1924  1924 W art     : Long monitor contention event with owner method=void com.android.server.am.ActivityManagerService.crashApplication(com.android.server.am.ProcessRecord, android.app.ApplicationErrorReport$CrashInfo) from ActivityManagerService.java:12568 waiters=1 for 1.115s
08-02 11:31:01.929  1924  5896 D OpenGLRenderer: Use EGL_SWAP_BEHAVIOR_PRESERVED: true
08-02 11:31:01.957  1924  5896 I OpenGLRenderer: Initialized EGL, version 1.4
08-02 11:31:01.958  1924  5896 D         : HostConnection::get() New Host Connection established 0xda6a24e0, tid 5896
08-02 11:31:01.960  2376  2524 W EGL_emulation: eglSurfaceAttrib not implemented
08-02 11:31:01.960  2376  2524 W OpenGLRenderer: Failed to set EGL_SWAP_BEHAVIOR on surface 0xe10e1540, error=EGL_SUCCESS
08-02 11:31:02.375  1924  5896 W EGL_emulation: eglSurfaceAttrib not implemented
08-02 11:31:02.375  1924  5896 W OpenGLRenderer: Failed to set EGL_SWAP_BEHAVIOR on surface 0xda6a0820, error=EGL_SUCCESS
08-02 11:31:02.539  2376  2376 I Choreographer: Skipped 32 frames!  The application may be doing too much work on its main thread.
08-02 11:31:02.649  2376  2524 V RenderScript: 0xe0dfe000 Launching thread(s), CPUs 4
08-02 11:31:02.743  2376  2524 W OpenGLRenderer: Incorrectly called buildLayer on View: ShortcutAndWidgetContainer, destroying layer...
08-02 11:31:02.743  2376  2524 W OpenGLRenderer: Incorrectly called buildLayer on View: ShortcutAndWidgetContainer, destroying layer...
08-02 11:31:03.006  1924  1965 W WindowAnimator: Failed to dispatch window animation state change.
08-02 11:31:03.006  1924  1965 W WindowAnimator: android.os.DeadObjectException
08-02 11:31:03.006  1924  1965 W WindowAnimator: 	at android.os.BinderProxy.transactNative(Native Method)
08-02 11:31:03.006  1924  1965 W WindowAnimator: 	at android.os.BinderProxy.transact(Binder.java:557)
08-02 11:31:03.006  1924  1965 W WindowAnimator: 	at android.view.IWindow$Stub$Proxy.onAnimationStopped(IWindow.java:534)
08-02 11:31:03.006  1924  1965 W WindowAnimator: 	at com.android.server.wm.WindowAnimator.updateWindowsLocked(WindowAnimator.java:286)
08-02 11:31:03.006  1924  1965 W WindowAnimator: 	at com.android.server.wm.WindowAnimator.animateLocked(WindowAnimator.java:678)
08-02 11:31:03.006  1924  1965 W WindowAnimator: 	at com.android.server.wm.WindowAnimator.-wrap0(WindowAnimator.java)
08-02 11:31:03.006  1924  1965 W WindowAnimator: 	at com.android.server.wm.WindowAnimator$1.doFrame(WindowAnimator.java:123)
08-02 11:31:03.006  1924  1965 W WindowAnimator: 	at android.view.Choreographer$CallbackRecord.run(Choreographer.java:856)
08-02 11:31:03.006  1924  1965 W WindowAnimator: 	at android.view.Choreographer.doCallbacks(Choreographer.java:670)
08-02 11:31:03.006  1924  1965 W WindowAnimator: 	at android.view.Choreographer.doFrame(Choreographer.java:603)
08-02 11:31:03.006  1924  1965 W WindowAnimator: 	at android.view.Choreographer$FrameDisplayEventReceiver.run(Choreographer.java:844)
08-02 11:31:03.006  1924  1965 W WindowAnimator: 	at android.os.Handler.handleCallback(Handler.java:739)
08-02 11:31:03.006  1924  1965 W WindowAnimator: 	at android.os.Handler.dispatchMessage(Handler.java:95)
08-02 11:31:03.006  1924  1965 W WindowAnimator: 	at android.os.Looper.loop(Looper.java:148)
08-02 11:31:03.006  1924  1965 W WindowAnimator: 	at android.os.HandlerThread.run(HandlerThread.java:61)
08-02 11:31:03.006  1924  1965 W WindowAnimator: 	at com.android.server.ServiceThread.run(ServiceThread.java:46)
08-02 11:31:04.788  6223  6223 D AndroidRuntime: >>>>>> START com.android.internal.os.RuntimeInit uid 0 <<<<<<
08-02 11:31:04.790  6223  6223 D AndroidRuntime: CheckJNI is OFF
08-02 11:31:04.800  6223  6223 D ICU     : No timezone override file found: /data/misc/zoneinfo/current/icu/icu_tzdata.dat
08-02 11:31:04.812  6223  6223 E memtrack: Couldn't load memtrack module (No such file or directory)
08-02 11:31:04.812  6223  6223 E android.os.Debug: failed to load memtrack module: -2
08-02 11:31:04.812  6223  6223 I Radio-JNI: register_android_hardware_Radio DONE
08-02 11:31:04.822  6223  6223 D AndroidRuntime: Calling main entry com.android.commands.monkey.Monkey
08-02 11:31:04.831  1924  1954 W BroadcastQueue: Skipping deliver [background] BroadcastRecord{e13bea4 u-1 android.net.conn.CONNECTIVITY_CHANGE} to ReceiverList{956540d 6223 (unknown name)/0/u-1 remote:613a636}: process crashing
08-02 11:31:04.836  1924  2224 I ActivityManager: START u0 {act=android.intent.action.MAIN cat=[android.intent.category.LAUNCHER] flg=0x10200000 cmp=com.oF2pks.kalturadeviceinfos/.MainActivity} from uid 0 on display 0
08-02 11:31:04.858  1924  2404 I ActivityManager: Start proc 6232:com.oF2pks.kalturadeviceinfos/u0a60 for activity com.oF2pks.kalturadeviceinfos/.MainActivity
08-02 11:31:04.874  1924  1955 D Sensors : batch handle 1, but there is no batch sensor in genymotion
08-02 11:31:04.879  6223  6223 I art     : System.exit called, status: 0
08-02 11:31:04.882  6223  6223 I AndroidRuntime: VM exiting with result code 0.
08-02 11:31:04.899  6232  6232 E libprocessgroup: failed to make and chown /acct/uid_10060: Read-only file system
08-02 11:31:04.899  6232  6232 W Zygote  : createProcessGroup failed, kernel missing CONFIG_CGROUP_CPUACCT?
08-02 11:31:04.933  6232  6232 W System  : ClassLoader referenced unknown path: /data/app/com.oF2pks.kalturadeviceinfos-1/lib/x86
08-02 11:31:05.107  6232  6232 W art     : Before Android 4.1, method android.graphics.PorterDuffColorFilter android.support.graphics.drawable.VectorDrawableCompat.updateTintFilter(android.graphics.PorterDuffColorFilter, android.content.res.ColorStateList, android.graphics.PorterDuff$Mode) would have incorrectly overridden the package-private method in android.graphics.drawable.Drawable
08-02 11:31:05.166  6232  6232 D leak-28-1: Eastern Standard Time
08-02 11:31:05.584  6232  6243 I art     : Background sticky concurrent mark sweep GC freed 5569(472KB) AllocSpace objects, 0(0B) LOS objects, 56% free, 975KB/2MB, paused 16.260ms total 247.057ms
08-02 11:31:05.603  6232  6246 D leak-28-11: Eastern Standard Time
08-02 11:31:05.603  6232  6246 D leak-41-11: Eastern Standard Time
08-02 11:31:05.603  6232  6246 D leak-40-0: Eastern Standard Time
08-02 11:31:05.719  6232  6246 D leak-0-0: Eastern Standard Time
08-02 11:31:05.719  6232  6246 D leak-0-1: Eastern Standard Time
08-02 11:31:05.719  6232  6246 D leak-1-1: Eastern Standard Time
08-02 11:31:05.719  6232  6246 D leak-0-10: Eastern Standard Time
08-02 11:31:05.719  6232  6246 D leak-1-10: Eastern Standard Time
08-02 11:31:05.719  6232  6246 D leak-10-10: Eastern Standard Time
08-02 11:31:05.720  6232  6246 D leak-0-9: Eastern Standard Time
08-02 11:31:05.720  6232  6246 D leak-1-9: Eastern Standard Time
08-02 11:31:05.731  6232  6246 D leak-9-9: Eastern Standard Time
