08-02 11:15:05.655   624   645 W AppOps  : Finishing op nesting under-run: uid 1000 pkg android code 24 time=0 duration=0 nesting=0
08-02 11:15:05.955   624  1101 I WindowManager: Screenshot max retries 4 of Token{496b890 ActivityRecord{76aa753 u0 com.iamtrk.androidexplorer/com.iamtrk.ItemListActivity t15 f}} appWin=Window{945adcb u0 Starting com.iamtrk.androidexplorer} drawState=4
08-02 11:15:05.956   624   624 W art     : Long monitor contention event with owner method=void com.android.server.am.ActivityManagerService.crashApplication(com.android.server.am.ProcessRecord, android.app.ApplicationErrorReport$CrashInfo) from ActivityManagerService.java:12568 waiters=0 for 355ms
08-02 11:15:05.980   624  3031 I OpenGLRenderer: Initialized EGL, version 1.4
08-02 11:15:05.993   624  3031 W EGL_emulation: eglSurfaceAttrib not implemented
08-02 11:15:05.993   624  3031 W OpenGLRenderer: Failed to set EGL_SWAP_BEHAVIOR on surface 0xdabe5000, error=EGL_SUCCESS
08-02 11:15:06.368  7888  7888 D AndroidRuntime: >>>>>> START com.android.internal.os.RuntimeInit uid 0 <<<<<<
08-02 11:15:06.371  7888  7888 D AndroidRuntime: CheckJNI is OFF
08-02 11:15:06.382  7888  7888 D ICU     : No timezone override file found: /data/misc/zoneinfo/current/icu/icu_tzdata.dat
08-02 11:15:06.394  7888  7888 E memtrack: Couldn't load memtrack module (No such file or directory)
08-02 11:15:06.394  7888  7888 E android.os.Debug: failed to load memtrack module: -2
08-02 11:15:06.395  7888  7888 I Radio-JNI: register_android_hardware_Radio DONE
08-02 11:15:06.402  7888  7888 D AndroidRuntime: Calling main entry com.android.commands.am.Am
08-02 11:15:06.403   624  1525 I ActivityManager: Force stopping com.iamtrk.androidexplorer appid=10061 user=0: from pid 7888
08-02 11:15:06.403   624  1525 I ActivityManager: Killing 7872:com.iamtrk.androidexplorer/u0a61 (adj 0): stop com.iamtrk.androidexplorer
08-02 11:15:06.403   624  1525 W libprocessgroup: failed to open /acct/uid_10061/pid_7872/cgroup.procs: No such file or directory
08-02 11:15:06.421  7888  7888 D AndroidRuntime: Shutting down VM
08-02 11:15:06.437   624  3031 E Surface : getSlotFromBufferLocked: unknown buffer: 0xf2bb4290
08-02 11:15:06.469  1632  1699 W EGL_emulation: eglSurfaceAttrib not implemented
08-02 11:15:06.469  1632  1699 W OpenGLRenderer: Failed to set EGL_SWAP_BEHAVIOR on surface 0xdf992780, error=EGL_SUCCESS
08-02 11:15:06.493   624   769 W InputMethodManagerService: Window already focused, ignoring focus gain of: com.android.internal.view.IInputMethodClient$Stub$Proxy@c3da1c attribute=null, token = android.os.BinderProxy@4c12bf
08-02 11:15:06.512   624   645 W WindowManager: On display=0 Rebuild removed 2 windows but added 1
08-02 11:15:06.512   624   645 W WindowManager: java.lang.RuntimeException: here
08-02 11:15:06.512   624   645 W WindowManager: 	at com.android.server.wm.WindowManagerService.rebuildAppWindowListLocked(WindowManagerService.java:8832)
08-02 11:15:06.512   624   645 W WindowManager: 	at com.android.server.wm.WindowManagerService.rebuildAppWindowListLocked(WindowManagerService.java:8756)
08-02 11:15:06.512   624   645 W WindowManager: 	at com.android.server.wm.WindowManagerService.handleAppTransitionReadyLocked(WindowManagerService.java:9263)
08-02 11:15:06.512   624   645 W WindowManager: 	at com.android.server.wm.WindowManagerService.performLayoutAndPlaceSurfacesLockedInner(WindowManagerService.java:10170)
08-02 11:15:06.512   624   645 W WindowManager: 	at com.android.server.wm.WindowManagerService.performLayoutAndPlaceSurfacesLockedLoop(WindowManagerService.java:8980)
08-02 11:15:06.512   624   645 W WindowManager: 	at com.android.server.wm.WindowManagerService.performLayoutAndPlaceSurfacesLocked(WindowManagerService.java:8927)
08-02 11:15:06.512   624   645 W WindowManager: 	at com.android.server.wm.WindowManagerService.-wrap6(WindowManagerService.java)
08-02 11:15:06.512   624   645 W WindowManager: 	at com.android.server.wm.WindowManagerService$H.handleMessage(WindowManagerService.java:7822)
08-02 11:15:06.512   624   645 W WindowManager: 	at android.os.Handler.dispatchMessage(Handler.java:102)
08-02 11:15:06.512   624   645 W WindowManager: 	at android.os.Looper.loop(Looper.java:148)
08-02 11:15:06.512   624   645 W WindowManager: 	at android.os.HandlerThread.run(HandlerThread.java:61)
08-02 11:15:06.512   624   645 W WindowManager: 	at com.android.server.ServiceThread.run(ServiceThread.java:46)
08-02 11:15:06.520   624   645 W WindowManager: This window was lost: Window{945adcb u0 Starting com.iamtrk.androidexplorer}
08-02 11:15:06.522   624   645 W WindowManager: mDisplayId=-1 stackId=9 mSession=Session{52370d1 624:1000} mClient=android.view.ViewRootImpl$W@d31909a
08-02 11:15:06.522   624   645 W WindowManager: mOwnerUid=1000 mShowToOwnerOnly=false package=com.iamtrk.androidexplorer appop=NONE
08-02 11:15:06.522   624   645 W WindowManager: mAttrs=WM.LayoutParams{(0,0)(fillxfill) sim=#20 ty=3 fl=#81830118 pfl=0x11 wanim=0x103045b vsysui=0x600 needsMenuKey=2}
08-02 11:15:06.522   624   645 W WindowManager: Requested w=1200 h=1824 mLayoutSeq=633
08-02 11:15:06.522   624   645 W WindowManager: mBaseLayer=21000 mSubLayer=0 mAnimLayer=21010+0=21010 mLastLayer=21010
08-02 11:15:06.522   624   645 W WindowManager: mToken=AppWindowToken{3a109a8 token=Token{496b890 ActivityRecord{76aa753 u0 com.iamtrk.androidexplorer/com.iamtrk.ItemListActivity t15}}}
08-02 11:15:06.522   624   645 W WindowManager: mRootToken=AppWindowToken{3a109a8 token=Token{496b890 ActivityRecord{76aa753 u0 com.iamtrk.androidexplorer/com.iamtrk.ItemListActivity t15}}}
08-02 11:15:06.522   624   645 W WindowManager: mAppToken=AppWindowToken{3a109a8 token=Token{496b890 ActivityRecord{76aa753 u0 com.iamtrk.androidexplorer/com.iamtrk.ItemListActivity t15}}}
08-02 11:15:06.522   624   645 W WindowManager: mViewVisibility=0x0 mHaveFrame=true mObscured=false
08-02 11:15:06.522   624   645 W WindowManager: mSeq=0 mSystemUiVisibility=0x600
08-02 11:15:06.522   624   645 W WindowManager: mGivenContentInsets=[0,0][0,0] mGivenVisibleInsets=[0,0][0,0]
08-02 11:15:06.522   624   645 W WindowManager: mConfiguration={1.0 310mcc270mnc en_US ldltr sw600dp w600dp h888dp 320dpi lrg port finger -keyb/v/h dpad/v s.7}
08-02 11:15:06.522   624   645 W WindowManager: mHasSurface=false mShownFrame=[0.0,0.0][1200.0,1920.0] isReadyForDisplay()=false
08-02 11:15:06.522   624   645 W WindowManager: mFrame=[0,0][1200,1920] last=[0,0][1200,1920]
08-02 11:15:06.522   624   645 W WindowManager: mSystemDecorRect=[0,0][1200,1920] last=[0,0][0,0]
08-02 11:15:06.522   624   645 W WindowManager: Frames: containing=[0,0][1200,1920] parent=[0,0][1200,1920]
08-02 11:15:06.522   624   645 W WindowManager:     display=[0,0][1200,1920] overscan=[0,0][1200,1920]
08-02 11:15:06.522   624   645 W WindowManager:     content=[0,48][1200,1824] visible=[0,48][1200,1824]
08-02 11:15:06.522   624   645 W WindowManager:     decor=[0,0][1200,1920]
08-02 11:15:06.522   624   645 W WindowManager:     outset=[0,0][0,0]
08-02 11:15:06.522   624   645 W WindowManager: Cur insets: overscan=[0,0][0,0] content=[0,48][0,96] visible=[0,48][0,96] stable=[0,48][0,96] outsets=[0,0][0,0]
08-02 11:15:06.522   624   645 W WindowManager: Lst insets: overscan=[0,0][0,0] content=[0,48][0,96] visible=[0,48][0,96] stable=[0,48][0,96] physical=[0,0][0,0] outset=[0,0][0,0]
08-02 11:15:06.522   624   645 W WindowManager: WindowStateAnimator{86998f2 Starting com.iamtrk.androidexplorer}:
08-02 11:15:06.522   624   645 W WindowManager: mExiting=false mRemoveOnExit=false mDestroying=false mRemoved=true
08-02 11:15:06.522   624   645 W WindowManager: Current app token list:
08-02 11:15:06.522   624   645 V WindowManager:   Stack #0 tasks from bottom to top:
08-02 11:15:06.530   624   645 V WindowManager:     Task #3 activities from bottom to top:
08-02 11:15:06.530   624   645 V WindowManager:       activity #0: Token{d28b0be ActivityRecord{511cb79 u0 com.android.launcher3/.Launcher t3}}
08-02 11:15:06.530   624   645 W WindowManager: Final window list:
08-02 11:15:06.530   624   645 V WindowManager:  Display #0
08-02 11:15:06.530   624   645 V WindowManager:   #6: Window{8690ad4 u0 NavigationBar}
08-02 11:15:06.530   624   645 V WindowManager:   #5: Window{453b5d1 u0 StatusBar}
08-02 11:15:06.530   624   645 V WindowManager:   #4: Window{5f967a4 u0 KeyguardScrim}
08-02 11:15:06.530   624   645 V WindowManager:   #3: Window{7e64b33 u0 Application Error: com.iamtrk.androidexplorer EXITING}
08-02 11:15:06.530   624   645 V WindowManager:   #2: Window{1f92ae6 u0 AssistPreviewPanel}
08-02 11:15:06.530   624   645 V WindowManager:   #1: Window{cd45d8c u0 com.android.launcher3/com.android.launcher3.Launcher}
08-02 11:15:06.530   624   645 V WindowManager:   #0: Window{b239ab7 u0 com.android.systemui.ImageWallpaper}
08-02 11:15:06.629   624   645 W AppOps  : Finishing op nesting under-run: uid 1000 pkg android code 24 time=0 duration=0 nesting=0
08-02 11:15:07.017  1632  1699 W OpenGLRenderer: Incorrectly called buildLayer on View: ShortcutAndWidgetContainer, destroying layer...
08-02 11:15:07.017  1632  1699 W OpenGLRenderer: Incorrectly called buildLayer on View: ShortcutAndWidgetContainer, destroying layer...
08-02 11:15:08.854  7899  7899 D AndroidRuntime: >>>>>> START com.android.internal.os.RuntimeInit uid 0 <<<<<<
08-02 11:15:08.856  7899  7899 D AndroidRuntime: CheckJNI is OFF
08-02 11:15:08.866  7899  7899 D ICU     : No timezone override file found: /data/misc/zoneinfo/current/icu/icu_tzdata.dat
08-02 11:15:08.877  7899  7899 E memtrack: Couldn't load memtrack module (No such file or directory)
08-02 11:15:08.877  7899  7899 E android.os.Debug: failed to load memtrack module: -2
08-02 11:15:08.878  7899  7899 I Radio-JNI: register_android_hardware_Radio DONE
08-02 11:15:08.885  7899  7899 D AndroidRuntime: Calling main entry com.android.commands.monkey.Monkey
08-02 11:15:08.893   624   638 W BroadcastQueue: Skipping deliver [background] BroadcastRecord{1427c08 u-1 android.net.conn.CONNECTIVITY_CHANGE} to ReceiverList{1496fa1 7899 (unknown name)/0/u-1 remote:31d63fa}: process crashing
08-02 11:15:08.900   624   728 I ActivityManager: START u0 {act=android.intent.action.MAIN cat=[android.intent.category.LAUNCHER] flg=0x10200000 cmp=com.iamtrk.androidexplorer/com.iamtrk.ItemListActivity} from uid 0 on display 0
08-02 11:15:08.909   272  7876 I art     : Starting a blocking GC HeapTrim
08-02 11:15:08.925   624   769 I ActivityManager: Start proc 7908:com.iamtrk.androidexplorer/u0a61 for activity com.iamtrk.androidexplorer/com.iamtrk.ItemListActivity
08-02 11:15:08.965  7899  7899 I art     : System.exit called, status: 0
08-02 11:15:08.966  7899  7899 I AndroidRuntime: VM exiting with result code 0.
08-02 11:15:08.984  7908  7908 E libprocessgroup: failed to make and chown /acct/uid_10061: Read-only file system
08-02 11:15:08.985  7908  7908 W Zygote  : createProcessGroup failed, kernel missing CONFIG_CGROUP_CPUACCT?
08-02 11:15:09.378  7908  7908 W System  : ClassLoader referenced unknown path: /data/app/com.iamtrk.androidexplorer-1/lib/x86
08-02 11:15:09.538  7908  7908 D leak-8-4: Eastern Standard Time
08-02 11:15:09.546  7908  7908 D leak-2-0: Eastern Standard Time
08-02 11:15:09.546  7908  7908 D leak-8-0: Eastern Standard Time
08-02 11:15:09.561  7908  7908 D leak-2-6: Eastern Standard Time
08-02 11:15:09.561  7908  7908 D leak-8-6: Eastern Standard Time
08-02 11:15:09.561  7908  7908 D leak-10-6: Eastern Standard Time
08-02 11:15:09.582  7908  7908 D leak-31-0: Eastern Standard Time
08-02 11:15:09.582  7908  7908 D leak-37-1: Eastern Standard Time
08-02 11:15:09.582  7908  7908 D leak-31-0: Eastern Standard Time
08-02 11:15:09.582  7908  7908 D leak-70-0: Eastern Standard Time
08-02 11:15:09.585  7908  7908 D leak-31-0: Eastern Standard Time
08-02 11:15:09.585  7908  7908 D leak-61-0: Eastern Standard Time
08-02 11:15:09.586  7908  7908 D leak-31-0: Eastern Standard Time
08-02 11:15:09.586  7908  7908 D leak-46-1: Eastern Standard Time
08-02 11:15:09.586  7908  7908 D leak-46-2: Eastern Standard Time
08-02 11:15:09.586  7908  7908 D leak-47-2: Eastern Standard Time
08-02 11:15:09.586  7908  7908 D leak-35-0: Eastern Standard Time
08-02 11:15:09.586  7908  7908 D leak-35-0: Eastern Standard Time
08-02 11:15:09.586  7908  7908 D leak-35-0: Eastern Standard Time
08-02 11:15:09.586  7908  7908 D leak-35-0: Eastern Standard Time
08-02 11:15:09.586  7908  7908 D leak-35-0: Eastern Standard Time
08-02 11:15:09.586  7908  7908 D leak-35-0: Eastern Standard Time
08-02 11:15:09.587  7908  7908 D leak-35-0: Eastern Standard Time
08-02 11:15:09.587  7908  7908 D leak-35-0: Eastern Standard Time
08-02 11:15:09.587  7908  7908 I ConfigItem: Config: {1.0 310mcc270mnc en_US ldltr sw600dp w600dp h888dp 320dpi lrg port finger -keyb/v/h dpad/v s.7}
08-02 11:15:09.587  7908  7908 I ConfigItem: fontScale: 1.00000
08-02 11:15:09.587  7908  7908 I ConfigItem: hardKeyboardHidden: 2
08-02 11:15:09.587  7908  7908 I ConfigItem: keyboard: 1
08-02 11:15:09.587  7908  7908 I ConfigItem: keyboardHidden: 1
08-02 11:15:09.587  7908  7908 I ConfigItem: locale: en_US
08-02 11:15:09.587  7908  7908 I ConfigItem: mcc: 310
08-02 11:15:09.587  7908  7908 I ConfigItem: mnc: 270
08-02 11:15:09.587  7908  7908 I ConfigItem: navigation: 2
08-02 11:15:09.587  7908  7908 I ConfigItem: navigationHidden: 1
08-02 11:15:09.587  7908  7908 I ConfigItem: orientation: 1
08-02 11:15:09.587  7908  7908 I ConfigItem: screenHeightDp: 888
08-02 11:15:09.587  7908  7908 I ConfigItem: screenLayout: 0x10000153
08-02 11:15:09.587  7908  7908 I ConfigItem: screenWidthDp: 600
08-02 11:15:09.587  7908  7908 I ConfigItem: smallestScreenWidthDp: 600
08-02 11:15:09.587  7908  7908 I ConfigItem: touchscreen: 3
08-02 11:15:09.587  7908  7908 I ConfigItem: uiMode: UI_MODE_TYPE_NORMAL|UI_MODE_NIGHT_NO
08-02 11:15:09.598  7908  7908 D leak-31-0: Eastern Standard Time
08-02 11:15:09.598  7908  7908 D leak-43-1: Eastern Standard Time
08-02 11:15:09.598  7908  7908 D leak-31-0: Eastern Standard Time
08-02 11:15:09.600  7908  7908 D leak-53-1: Eastern Standard Time
08-02 11:15:09.601  7908  7908 D leak-31-0: Eastern Standard Time
08-02 11:15:09.601  7908  7908 D leak-53-1: Eastern Standard Time
08-02 11:15:09.601  7908  7908 D leak-31-0: Eastern Standard Time
08-02 11:15:09.601  7908  7908 D leak-53-1: Eastern Standard Time
08-02 11:15:09.601  7908  7908 D leak-31-0: Eastern Standard Time
08-02 11:15:09.601  7908  7908 D leak-53-1: Eastern Standard Time
08-02 11:15:09.601  7908  7908 D leak-31-0: Eastern Standard Time
08-02 11:15:09.601  7908  7908 D leak-76-0: Eastern Standard Time
08-02 11:15:09.601  7908  7908 D leak-31-0: Eastern Standard Time
08-02 11:15:09.601  7908  7908 D leak-67-0: Eastern Standard Time
08-02 11:15:09.602  7908  7908 D leak-31-0: Eastern Standard Time
08-02 11:15:09.602  7908  7908 D leak-64-0: Eastern Standard Time
08-02 11:15:09.602  7908  7908 D leak-31-0: Eastern Standard Time
08-02 11:15:09.602  7908  7908 D leak-53-1: Eastern Standard Time
08-02 11:15:09.602  7908  7908 D leak-31-0: Eastern Standard Time
08-02 11:15:09.602  7908  7908 D leak-55-0: Eastern Standard Time
08-02 11:15:09.602  7908  7908 D leak-31-0: Eastern Standard Time
08-02 11:15:09.602  7908  7908 D leak-53-1: Eastern Standard Time
08-02 11:15:09.602  7908  7908 D leak-31-0: Eastern Standard Time
08-02 11:15:09.602  7908  7908 D leak-53-1: Eastern Standard Time
08-02 11:15:09.602  7908  7908 D leak-31-0: Eastern Standard Time
08-02 11:15:09.602  7908  7908 D leak-53-1: Eastern Standard Time
08-02 11:15:09.602  7908  7908 D leak-31-0: Eastern Standard Time
08-02 11:15:09.606  7908  7908 D leak-53-1: Eastern Standard Time
08-02 11:15:09.606  7908  7908 D leak-31-0: Eastern Standard Time
08-02 11:15:09.606  7908  7908 D leak-49-0: Eastern Standard Time
08-02 11:15:09.606  7908  7908 D leak-31-0: Eastern Standard Time
08-02 11:15:09.606  7908  7908 D leak-39-0: Eastern Standard Time
08-02 11:15:09.642  7908  7908 D leak-31-0: Eastern Standard Time
08-02 11:15:09.642  7908  7908 D leak-58-0: Eastern Standard Time
08-02 11:15:09.642  7908  7908 D leak-31-0: Eastern Standard Time
08-02 11:15:09.642  7908  7908 D leak-79-0: Eastern Standard Time
08-02 11:15:09.642  7908  7908 D leak-31-0: Eastern Standard Time
08-02 11:15:09.644  7908  7908 D leak-53-1: Eastern Standard Time
08-02 11:15:09.695  7908  7908 D leak-102-0: Eastern Standard Time
08-02 11:15:09.698  7908  7908 D leak-102-3: Eastern Standard Time
08-02 11:15:09.698  7908  7908 D leak-106-3: Eastern Standard Time
08-02 11:15:09.698  7908  7908 D leak-102-1: Eastern Standard Time
08-02 11:15:09.698  7908  7908 D leak-103-1: Eastern Standard Time
08-02 11:15:09.698  7908  7908 D leak-106-1: Eastern Standard Time
08-02 11:15:09.714  7908  7908 D leak-19-0: Eastern Standard Time
08-02 11:15:09.729  7908  7908 D leak-19-4: Eastern Standard Time
08-02 11:15:09.729  7908  7908 D leak-23-4: Eastern Standard Time
08-02 11:15:09.729  7908  7908 D leak-86-0: Eastern Standard Time
08-02 11:15:09.729  7908  7908 D leak-102-2: Eastern Standard Time
08-02 11:15:09.729  7908  7908 D leak-103-2: Eastern Standard Time
08-02 11:15:09.729  7908  7908 D leak-105-2: Eastern Standard Time
08-02 11:15:09.729  7908  7908 D leak-106-2: Eastern Standard Time
08-02 11:15:09.729  7908  7908 D leak-83-0: Eastern Standard Time
08-02 11:15:09.729  7908  7908 D leak-92-0: Eastern Standard Time
08-02 11:15:09.730  7908  7908 D AndroidRuntime: Shutting down VM
08-02 11:15:09.730  7908  7908 E AndroidRuntime: FATAL EXCEPTION: main
08-02 11:15:09.730  7908  7908 E AndroidRuntime: Process: com.iamtrk.androidexplorer, PID: 7908
08-02 11:15:09.730  7908  7908 E AndroidRuntime: java.lang.RuntimeException: Unable to start activity ComponentInfo{com.iamtrk.androidexplorer/com.iamtrk.ItemListActivity}: java.lang.RuntimeException: java.io.FileNotFoundException: /sys/devices/system/cpu/cpu0/cpufreq/scaling_cur_freq: open failed: ENOENT (No such file or directory)
08-02 11:15:09.730  7908  7908 E AndroidRuntime: 	at android.app.ActivityThread.performLaunchActivity(ActivityThread.java:2416)
08-02 11:15:09.730  7908  7908 E AndroidRuntime: 	at android.app.ActivityThread.handleLaunchActivity(ActivityThread.java:2476)
08-02 11:15:09.730  7908  7908 E AndroidRuntime: 	at android.app.ActivityThread.-wrap11(ActivityThread.java)
08-02 11:15:09.730  7908  7908 E AndroidRuntime: 	at android.app.ActivityThread$H.handleMessage(ActivityThread.java:1344)
08-02 11:15:09.730  7908  7908 E AndroidRuntime: 	at android.os.Handler.dispatchMessage(Handler.java:102)
08-02 11:15:09.730  7908  7908 E AndroidRuntime: 	at android.os.Looper.loop(Looper.java:148)
08-02 11:15:09.730  7908  7908 E AndroidRuntime: 	at android.app.ActivityThread.main(ActivityThread.java:5417)
08-02 11:15:09.730  7908  7908 E AndroidRuntime: 	at java.lang.reflect.Method.invoke(Native Method)
08-02 11:15:09.730  7908  7908 E AndroidRuntime: 	at com.android.internal.os.ZygoteInit$MethodAndArgsCaller.run(ZygoteInit.java:726)
08-02 11:15:09.730  7908  7908 E AndroidRuntime: 	at com.android.internal.os.ZygoteInit.main(ZygoteInit.java:616)
08-02 11:15:09.730  7908  7908 E AndroidRuntime: Caused by: java.lang.RuntimeException: java.io.FileNotFoundException: /sys/devices/system/cpu/cpu0/cpufreq/scaling_cur_freq: open failed: ENOENT (No such file or directory)
08-02 11:15:09.730  7908  7908 E AndroidRuntime: 	at com.iamtrk.a.c.<init>(Unknown Source)
08-02 11:15:09.730  7908  7908 E AndroidRuntime: 	at com.iamtrk.ItemListActivity.k(Unknown Source)
08-02 11:15:09.730  7908  7908 E AndroidRuntime: 	at com.iamtrk.ItemListActivity.onCreate(Unknown Source)
08-02 11:15:09.730  7908  7908 E AndroidRuntime: 	at android.app.Activity.performCreate(Activity.java:6237)
08-02 11:15:09.730  7908  7908 E AndroidRuntime: 	at android.app.Instrumentation.callActivityOnCreate(Instrumentation.java:1107)
08-02 11:15:09.730  7908  7908 E AndroidRuntime: 	at android.app.ActivityThread.performLaunchActivity(ActivityThread.java:2369)
08-02 11:15:09.730  7908  7908 E AndroidRuntime: 	... 9 more
08-02 11:15:09.730  7908  7908 E AndroidRuntime: Caused by: java.io.FileNotFoundException: /sys/devices/system/cpu/cpu0/cpufreq/scaling_cur_freq: open failed: ENOENT (No such file or directory)
08-02 11:15:09.730  7908  7908 E AndroidRuntime: 	at libcore.io.IoBridge.open(IoBridge.java:452)
08-02 11:15:09.730  7908  7908 E AndroidRuntime: 	at java.io.RandomAccessFile.<init>(RandomAccessFile.java:117)
08-02 11:15:09.730  7908  7908 E AndroidRuntime: 	at java.io.RandomAccessFile.<init>(RandomAccessFile.java:149)
08-02 11:15:09.730  7908  7908 E AndroidRuntime: 	... 15 more
08-02 11:15:09.730  7908  7908 E AndroidRuntime: Caused by: android.system.ErrnoException: open failed: ENOENT (No such file or directory)
08-02 11:15:09.730  7908  7908 E AndroidRuntime: 	at libcore.io.Posix.open(Native Method)
08-02 11:15:09.730  7908  7908 E AndroidRuntime: 	at libcore.io.BlockGuardOs.open(BlockGuardOs.java:186)
08-02 11:15:09.730  7908  7908 E AndroidRuntime: 	at libcore.io.IoBridge.open(IoBridge.java:438)
08-02 11:15:09.730  7908  7908 E AndroidRuntime: 	... 17 more
08-02 11:15:09.744   624  1051 W ActivityManager:   Force finishing activity com.iamtrk.androidexplorer/com.iamtrk.ItemListActivity
08-02 11:15:10.068   624  1051 I WindowManager: Screenshot max retries 4 of Token{e03b987 ActivityRecord{3cdc5c6 u0 com.iamtrk.androidexplorer/com.iamtrk.ItemListActivity t16 f}} appWin=Window{cc0527f u0 Starting com.iamtrk.androidexplorer} drawState=1
08-02 11:15:10.077   624   638 W art     : Long monitor contention event with owner method=void com.android.server.am.ActivityManagerService.crashApplication(com.android.server.am.ProcessRecord, android.app.ApplicationErrorReport$CrashInfo) from ActivityManagerService.java:12568 waiters=0 for 334ms
08-02 11:15:10.148   624   624 W art     : Long monitor contention event with owner method=void com.android.server.am.ActivityManagerService.crashApplication(com.android.server.am.ProcessRecord, android.app.ApplicationErrorReport$CrashInfo) from ActivityManagerService.java:12568 waiters=2 for 226ms
08-02 11:15:10.163   624   738 W art     : Long monitor contention event with owner method=void com.android.server.am.ActivityManagerService.crashApplication(com.android.server.am.ProcessRecord, android.app.ApplicationErrorReport$CrashInfo) from ActivityManagerService.java:12568 waiters=1 for 253ms
08-02 11:15:10.429   624   636 W art     : Long monitor contention event with owner method=int com.android.server.wm.WindowManagerService.relayoutWindow(com.android.server.wm.Session, android.view.IWindow, int, android.view.WindowManager$LayoutParams, int, int, int, int, android.graphics.Rect, android.graphics.Rect, android.graphics.Rect, android.graphics.Rect, android.graphics.Rect, android.graphics.Rect, android.content.res.Configuration, android.view.Surface) from WindowManagerService.java:3103 waiters=0 for 169ms
08-02 11:15:10.438   624  3031 I OpenGLRenderer: Initialized EGL, version 1.4
08-02 11:15:10.577   624   638 W ActivityManager: Activity pause timeout for ActivityRecord{3cdc5c6 u0 com.iamtrk.androidexplorer/com.iamtrk.ItemListActivity t16 f}
08-02 11:15:11.472   624  3031 W EGL_emulation: eglSurfaceAttrib not implemented
08-02 11:15:11.472   624  3031 W OpenGLRenderer: Failed to set EGL_SWAP_BEHAVIOR on surface 0xdabe5320, error=EGL_SUCCESS
08-02 11:15:11.676   624   639 I Choreographer: Skipped 90 frames!  The application may be doing too much work on its main thread.
08-02 11:15:12.462   624   639 I Choreographer: Skipped 47 frames!  The application may be doing too much work on its main thread.
08-02 11:15:14.785  7934  7934 D AndroidRuntime: >>>>>> START com.android.internal.os.RuntimeInit uid 0 <<<<<<
08-02 11:15:14.788  7934  7934 D AndroidRuntime: CheckJNI is OFF
08-02 11:15:14.798  7934  7934 D ICU     : No timezone override file found: /data/misc/zoneinfo/current/icu/icu_tzdata.dat
08-02 11:15:14.811  7934  7934 E memtrack: Couldn't load memtrack module (No such file or directory)
08-02 11:15:14.811  7934  7934 E android.os.Debug: failed to load memtrack module: -2
08-02 11:15:14.812  7934  7934 I Radio-JNI: register_android_hardware_Radio DONE
08-02 11:15:14.820  7934  7934 D AndroidRuntime: Calling main entry com.android.commands.uiautomator.Launcher
08-02 11:15:15.835  7934  7934 W AccessibilityNodeInfoDumper: Fetch time: 1ms
08-02 11:15:15.836   624   769 W WindowManager: Attempted to remove non-existing token: android.os.Binder@ae38349
08-02 11:15:15.849  7934  7934 D AndroidRuntime: Shutting down VM
08-02 11:15:16.364  7951  7951 D AndroidRuntime: >>>>>> START com.android.internal.os.RuntimeInit uid 0 <<<<<<
08-02 11:15:16.365  7951  7951 D AndroidRuntime: CheckJNI is OFF
08-02 11:15:16.374  7951  7951 D ICU     : No timezone override file found: /data/misc/zoneinfo/current/icu/icu_tzdata.dat
08-02 11:15:16.387  7951  7951 E memtrack: Couldn't load memtrack module (No such file or directory)
08-02 11:15:16.387  7951  7951 E android.os.Debug: failed to load memtrack module: -2
08-02 11:15:16.388  7951  7951 I Radio-JNI: register_android_hardware_Radio DONE
08-02 11:15:16.397  7951  7951 D AndroidRuntime: Calling main entry com.android.commands.uiautomator.Launcher
08-02 11:15:17.407  7951  7951 W AccessibilityNodeInfoDumper: Fetch time: 2ms
08-02 11:15:17.408   624  1101 W WindowManager: Attempted to remove non-existing token: android.os.Binder@1cc8767
08-02 11:15:17.427  7951  7951 D AndroidRuntime: Shutting down VM
08-02 11:15:18.686  7974  7974 D AndroidRuntime: >>>>>> START com.android.internal.os.RuntimeInit uid 0 <<<<<<
08-02 11:15:18.687  7974  7974 D AndroidRuntime: CheckJNI is OFF
08-02 11:15:18.699  7974  7974 D ICU     : No timezone override file found: /data/misc/zoneinfo/current/icu/icu_tzdata.dat
08-02 11:15:18.713  7974  7974 E memtrack: Couldn't load memtrack module (No such file or directory)
08-02 11:15:18.713  7974  7974 E android.os.Debug: failed to load memtrack module: -2
08-02 11:15:18.715  7974  7974 I Radio-JNI: register_android_hardware_Radio DONE
08-02 11:15:18.723  7974  7974 D AndroidRuntime: Calling main entry com.android.commands.uiautomator.Launcher
08-02 11:15:19.740  7974  7974 W AccessibilityNodeInfoDumper: Fetch time: 1ms
08-02 11:15:19.740   624  1526 W WindowManager: Attempted to remove non-existing token: android.os.Binder@76195bd
08-02 11:15:19.760  7974  7974 D AndroidRuntime: Shutting down VM
08-02 11:15:20.761   624   638 W ActivityManager: Activity destroy timeout for ActivityRecord{3cdc5c6 u0 com.iamtrk.androidexplorer/com.iamtrk.ItemListActivity t16 f}
08-02 11:15:20.972  8001  8001 D AndroidRuntime: >>>>>> START com.android.internal.os.RuntimeInit uid 0 <<<<<<
08-02 11:15:20.974  8001  8001 D AndroidRuntime: CheckJNI is OFF
08-02 11:15:20.985  8001  8001 D ICU     : No timezone override file found: /data/misc/zoneinfo/current/icu/icu_tzdata.dat
08-02 11:15:20.998  8001  8001 E memtrack: Couldn't load memtrack module (No such file or directory)
08-02 11:15:20.998  8001  8001 E android.os.Debug: failed to load memtrack module: -2
08-02 11:15:21.000  8001  8001 I Radio-JNI: register_android_hardware_Radio DONE
08-02 11:15:21.005  8001  8001 D AndroidRuntime: Calling main entry com.android.commands.uiautomator.Launcher
08-02 11:15:22.018  8001  8001 W AccessibilityNodeInfoDumper: Fetch time: 1ms
08-02 11:15:22.019   624  1526 W WindowManager: Attempted to remove non-existing token: android.os.Binder@d5a87b2
08-02 11:15:22.025  8001  8001 D AndroidRuntime: Shutting down VM
Elapsed Time: 456838
