--------- beginning of main
08-02 12:36:14.952  1937  1937 D AndroidRuntime: >>>>>> START com.android.internal.os.RuntimeInit uid 0 <<<<<<
08-02 12:36:14.953  1937  1937 D AndroidRuntime: CheckJNI is OFF
08-02 12:36:14.962  1937  1937 D ICU     : No timezone override file found: /data/misc/zoneinfo/current/icu/icu_tzdata.dat
08-02 12:36:14.973  1937  1937 E memtrack: Couldn't load memtrack module (No such file or directory)
08-02 12:36:14.973  1937  1937 E android.os.Debug: failed to load memtrack module: -2
08-02 12:36:14.973  1937  1937 I Radio-JNI: register_android_hardware_Radio DONE
08-02 12:36:14.980  1937  1937 D AndroidRuntime: Calling main entry com.android.commands.pm.Pm
08-02 12:36:14.983   623  1644 I PackageManager: Package doesn't exist in get block uninstall com.markuspage.android.atimetracker
--------- beginning of system
08-02 12:36:14.984   623   648 W PackageManager: Package named 'com.markuspage.android.atimetracker' doesn't exist.
08-02 12:36:14.984   623   648 I art     : Starting a blocking GC Explicit
08-02 12:36:14.999   623   648 I art     : Explicit concurrent mark sweep GC freed 27141(1620KB) AllocSpace objects, 8(264KB) LOS objects, 33% free, 5MB/8MB, paused 237us total 14.643ms
08-02 12:36:15.004  1937  1937 E Pm      : Failure details: Bundle[{android.content.pm.extra.STATUS=1, android.content.pm.extra.PACKAGE_NAME=com.markuspage.android.atimetracker, android.content.pm.extra.LEGACY_STATUS=-1, android.content.pm.extra.STATUS_MESSAGE=DELETE_FAILED_INTERNAL_ERROR}]
08-02 12:36:15.012  1937  1937 I art     : System.exit called, status: 1
08-02 12:36:15.012  1937  1937 I AndroidRuntime: VM exiting with result code 1.
08-02 12:36:15.341  1950  1950 D AndroidRuntime: >>>>>> START com.android.internal.os.RuntimeInit uid 0 <<<<<<
08-02 12:36:15.342  1950  1950 D AndroidRuntime: CheckJNI is OFF
08-02 12:36:15.350  1950  1950 D ICU     : No timezone override file found: /data/misc/zoneinfo/current/icu/icu_tzdata.dat
08-02 12:36:15.361  1950  1950 E memtrack: Couldn't load memtrack module (No such file or directory)
08-02 12:36:15.361  1950  1950 E android.os.Debug: failed to load memtrack module: -2
08-02 12:36:15.362  1950  1950 I Radio-JNI: register_android_hardware_Radio DONE
08-02 12:36:15.367  1950  1950 D AndroidRuntime: Calling main entry com.android.commands.pm.Pm
08-02 12:36:15.385   623   648 I ActivityManager: Start proc 1958:com.android.defcontainer/u0a4 for service com.android.defcontainer/.DefaultContainerService
08-02 12:36:15.428  1958  1958 E libprocessgroup: failed to make and chown /acct/uid_10004: Read-only file system
08-02 12:36:15.428  1958  1958 W Zygote  : createProcessGroup failed, kernel missing CONFIG_CGROUP_CPUACCT?
08-02 12:36:15.449  1958  1969 D DefContainer: Copying /data/local/tmp/timetracker-release-unsigned_SINK.apk to base.apk
08-02 12:36:15.505   623   648 I PackageManager.DexOptimizer: Running dexopt (dex2oat) on: /data/app/vmdl284395541.tmp/base.apk pkg=com.markuspage.android.atimetracker isa=x86 vmSafeMode=false debuggable=false oatDir = /data/app/vmdl284395541.tmp/oat
08-02 12:36:15.514  1972  1972 W dex2oat : Unexpected CPU variant for X86 using defaults: x86
08-02 12:36:15.515  1972  1972 I dex2oat : Starting dex2oat.
08-02 12:36:15.515  1972  1972 E cutils-trace: Error opening trace file: Permission denied (13)
08-02 12:36:15.573  1972  1974 W dex2oat : Before Android 4.1, method int android.support.v7.widget.ListViewCompat.lookForSelectablePosition(int, boolean) would have incorrectly overridden the package-private method in android.widget.ListView
08-02 12:36:15.584  1972  1972 W dex2oat : Before Android 4.1, method android.graphics.PorterDuffColorFilter android.support.graphics.drawable.VectorDrawableCompat.updateTintFilter(android.graphics.PorterDuffColorFilter, android.content.res.ColorStateList, android.graphics.PorterDuff$Mode) would have incorrectly overridden the package-private method in android.graphics.drawable.Drawable
08-02 12:36:16.175  1972  1972 I dex2oat : dex2oat took 660.281ms (threads: 4) arena alloc=2MB java alloc=2MB native alloc=12MB free=2MB
08-02 12:36:16.191   623   648 I PackageManager: New shared user com.markuspage.android.atimetracker: id=10060
08-02 12:36:16.213   623   648 V BackupManagerService: restoreAtInstall pkg=com.markuspage.android.atimetracker token=1 restoreSet=0
08-02 12:36:16.213   623   648 V BackupManagerService: Finishing install immediately
08-02 12:36:16.214   623   648 W Settings: Setting install_non_market_apps has moved from android.provider.Settings.Global to android.provider.Settings.Secure, returning read-only value.
08-02 12:36:16.214   623   648 I art     : Starting a blocking GC Explicit
08-02 12:36:16.222   623   648 I art     : Explicit concurrent mark sweep GC freed 22232(1308KB) AllocSpace objects, 9(264KB) LOS objects, 33% free, 5MB/8MB, paused 231us total 7.790ms
08-02 12:36:16.223  1950  1950 I art     : System.exit called, status: 0
08-02 12:36:16.223  1950  1950 I AndroidRuntime: VM exiting with result code 0.
08-02 12:36:16.233   623   676 I InputReader: Reconfiguring input devices.  changes=0x00000010
08-02 12:36:16.253  1003  1003 D CarrierServiceBindHelper: Receive action: android.intent.action.PACKAGE_ADDED
08-02 12:36:16.254  1003  1003 D CarrierServiceBindHelper: mHandler: 3
08-02 12:36:16.254  1003  1003 D CarrierConfigLoader: mHandler: 9 phoneId: 0
08-02 12:36:16.273   623  1715 I ActivityManager: Start proc 1988:com.svox.pico/u0a50 for broadcast com.svox.pico/.VoiceDataInstallerReceiver
08-02 12:36:16.278   623   638 W VoiceInteractionManagerService: no available voice recognition services found for user 0
08-02 12:36:16.312  1988  1988 E libprocessgroup: failed to make and chown /acct/uid_10050: Read-only file system
08-02 12:36:16.312  1988  1988 W Zygote  : createProcessGroup failed, kernel missing CONFIG_CGROUP_CPUACCT?
08-02 12:36:16.338   623   751 I ActivityManager: Killing 1762:com.android.dialer/u0a5 (adj 15): empty #17
08-02 12:36:16.338   623   751 W libprocessgroup: failed to open /acct/uid_10005/pid_1762/cgroup.procs: No such file or directory
08-02 12:36:16.456  2005  2005 D AndroidRuntime: >>>>>> START com.android.internal.os.RuntimeInit uid 0 <<<<<<
08-02 12:36:16.458  2005  2005 D AndroidRuntime: CheckJNI is OFF
08-02 12:36:16.467  2005  2005 D ICU     : No timezone override file found: /data/misc/zoneinfo/current/icu/icu_tzdata.dat
08-02 12:36:16.480  2005  2005 E memtrack: Couldn't load memtrack module (No such file or directory)
08-02 12:36:16.480  2005  2005 E android.os.Debug: failed to load memtrack module: -2
08-02 12:36:16.481  2005  2005 I Radio-JNI: register_android_hardware_Radio DONE
08-02 12:36:16.486  2005  2005 D AndroidRuntime: Calling main entry com.android.commands.monkey.Monkey
08-02 12:36:16.499   623   639 W BroadcastQueue: Skipping deliver [background] BroadcastRecord{a48de3b u-1 android.net.conn.CONNECTIVITY_CHANGE} to ReceiverList{15ec958 2005 (unknown name)/0/u-1 remote:2325035}: process crashing
08-02 12:36:16.502   623   634 I ActivityManager: START u0 {act=android.intent.action.MAIN cat=[android.intent.category.LAUNCHER] flg=0x10200000 cmp=com.markuspage.android.atimetracker/.Activities} from uid 0 on display 0
08-02 12:36:16.535   623  1025 I ActivityManager: Start proc 2017:com.markuspage.android.atimetracker/u0a60 for activity com.markuspage.android.atimetracker/.Activities
08-02 12:36:16.556  2017  2017 E libprocessgroup: failed to make and chown /acct/uid_10060: Read-only file system
08-02 12:36:16.556  2017  2017 W Zygote  : createProcessGroup failed, kernel missing CONFIG_CGROUP_CPUACCT?
08-02 12:36:16.567  2005  2005 I art     : System.exit called, status: 0
08-02 12:36:16.567  2005  2005 I AndroidRuntime: VM exiting with result code 0.
08-02 12:36:16.851  2017  2017 W System  : ClassLoader referenced unknown path: /data/app/com.markuspage.android.atimetracker-1/lib/x86
08-02 12:36:16.899  2017  2017 D leak-15-0: Eastern Standard Time
08-02 12:36:16.920  2017  2017 D leak-15-31: Eastern Standard Time
08-02 12:36:16.920  2017  2017 D leak-60-31: Eastern Standard Time
08-02 12:36:16.920  2017  2017 D leak-59-0: Eastern Standard Time
08-02 12:36:16.920  2017  2017 D leak-125-0: Eastern Standard Time
08-02 12:36:17.116  2017  2017 D leak-125-1: Eastern Standard Time
08-02 12:36:17.132  2017  2017 D leak-126-1: Eastern Standard Time
08-02 12:36:17.340  2017  2017 D leak-15-43: Eastern Standard Time
08-02 12:36:17.344  2017  2017 D leak-60-43: Eastern Standard Time
08-02 12:36:17.344  2017  2017 D leak-84-43: Eastern Standard Time
08-02 12:36:17.344  2017  2017 D leak-59-12: Eastern Standard Time
08-02 12:36:17.344  2017  2017 D leak-83-12: Eastern Standard Time
08-02 12:36:17.344  2017  2017 D leak-15-43: Eastern Standard Time
08-02 12:36:17.344  2017  2017 D leak-60-43: Eastern Standard Time
08-02 12:36:17.344  2017  2017 D leak-84-43: Eastern Standard Time
08-02 12:36:17.345  2017  2017 D leak-59-12: Eastern Standard Time
08-02 12:36:17.345  2017  2017 D leak-83-12: Eastern Standard Time
08-02 12:36:17.345  2017  2017 D leak-15-43: Eastern Standard Time
08-02 12:36:17.345  2017  2017 D leak-60-43: Eastern Standard Time
08-02 12:36:17.345  2017  2017 D leak-84-43: Eastern Standard Time
08-02 12:36:17.345  2017  2017 D leak-59-12: Eastern Standard Time
08-02 12:36:17.345  2017  2017 D leak-83-12: Eastern Standard Time
08-02 12:36:17.345  2017  2017 D leak-15-11: Eastern Standard Time
08-02 12:36:17.347  2017  2017 D leak-30-11: Eastern Standard Time
08-02 12:36:17.347  2017  2017 D leak-60-11: Eastern Standard Time
08-02 12:36:17.347  2017  2017 D leak-84-11: Eastern Standard Time
08-02 12:36:17.348  2017  2017 D leak-15-34: Eastern Standard Time
08-02 12:36:17.348  2017  2017 D leak-30-34: Eastern Standard Time
08-02 12:36:17.352  2017  2017 D leak-15-39: Eastern Standard Time
08-02 12:36:17.355  2017  2017 D leak-30-39: Eastern Standard Time
08-02 12:36:17.355  2017  2017 D leak-60-39: Eastern Standard Time
08-02 12:36:17.355  2017  2017 D leak-66-39: Eastern Standard Time
08-02 12:36:17.355  2017  2017 D leak-68-39: Eastern Standard Time
08-02 12:36:17.355  2017  2017 D leak-70-39: Eastern Standard Time
08-02 12:36:17.355  2017  2017 D leak-72-39: Eastern Standard Time
08-02 12:36:17.355  2017  2017 D leak-76-39: Eastern Standard Time
08-02 12:36:17.355  2017  2017 D leak-84-39: Eastern Standard Time
08-02 12:36:17.355  2017  2017 D leak-59-8: Eastern Standard Time
08-02 12:36:17.355  2017  2017 D leak-65-8: Eastern Standard Time
08-02 12:36:17.355  2017  2017 D leak-67-8: Eastern Standard Time
08-02 12:36:17.355  2017  2017 D leak-69-8: Eastern Standard Time
08-02 12:36:17.355  2017  2017 D leak-71-8: Eastern Standard Time
08-02 12:36:17.355  2017  2017 D leak-75-8: Eastern Standard Time
08-02 12:36:17.355  2017  2017 D leak-83-8: Eastern Standard Time
08-02 12:36:17.355  2017  2017 D leak-15-43: Eastern Standard Time
08-02 12:36:17.356  2017  2017 D leak-30-43: Eastern Standard Time
08-02 12:36:17.356  2017  2017 D leak-60-43: Eastern Standard Time
08-02 12:36:17.356  2017  2017 D leak-66-43: Eastern Standard Time
08-02 12:36:17.356  2017  2017 D leak-68-43: Eastern Standard Time
08-02 12:36:17.356  2017  2017 D leak-70-43: Eastern Standard Time
08-02 12:36:17.356  2017  2017 D leak-72-43: Eastern Standard Time
08-02 12:36:17.356  2017  2017 D leak-76-43: Eastern Standard Time
08-02 12:36:17.356  2017  2017 D leak-84-43: Eastern Standard Time
08-02 12:36:17.356  2017  2017 D leak-59-12: Eastern Standard Time
08-02 12:36:17.356  2017  2017 D leak-65-12: Eastern Standard Time
08-02 12:36:17.356  2017  2017 D leak-67-12: Eastern Standard Time
08-02 12:36:17.356  2017  2017 D leak-69-12: Eastern Standard Time
08-02 12:36:17.356  2017  2017 D leak-71-12: Eastern Standard Time
08-02 12:36:17.356  2017  2017 D leak-75-12: Eastern Standard Time
08-02 12:36:17.356  2017  2017 D leak-83-12: Eastern Standard Time
08-02 12:36:17.356  2017  2017 D leak-15-43: Eastern Standard Time
08-02 12:36:17.356  2017  2017 D leak-30-43: Eastern Standard Time
08-02 12:36:17.356  2017  2017 D leak-60-43: Eastern Standard Time
08-02 12:36:17.356  2017  2017 D leak-66-43: Eastern Standard Time
08-02 12:36:17.356  2017  2017 D leak-68-43: Eastern Standard Time
08-02 12:36:17.356  2017  2017 D leak-70-43: Eastern Standard Time
08-02 12:36:17.356  2017  2017 D leak-72-43: Eastern Standard Time
08-02 12:36:17.356  2017  2017 D leak-76-43: Eastern Standard Time
08-02 12:36:17.356  2017  2017 D leak-84-43: Eastern Standard Time
08-02 12:36:17.356  2017  2017 D leak-59-12: Eastern Standard Time
08-02 12:36:17.356  2017  2017 D leak-65-12: Eastern Standard Time
08-02 12:36:17.356  2017  2017 D leak-67-12: Eastern Standard Time
08-02 12:36:17.356  2017  2017 D leak-69-12: Eastern Standard Time
08-02 12:36:17.356  2017  2017 D leak-71-12: Eastern Standard Time
08-02 12:36:17.356  2017  2017 D leak-75-12: Eastern Standard Time
08-02 12:36:17.356  2017  2017 D leak-83-12: Eastern Standard Time
08-02 12:36:17.356  2017  2017 D leak-15-12: Eastern Standard Time
08-02 12:36:17.356  2017  2017 D leak-30-12: Eastern Standard Time
08-02 12:36:17.356  2017  2017 D leak-31-12: Eastern Standard Time
08-02 12:36:17.356  2017  2017 D leak-60-12: Eastern Standard Time
08-02 12:36:17.356  2017  2017 D leak-66-12: Eastern Standard Time
08-02 12:36:17.356  2017  2017 D leak-68-12: Eastern Standard Time
08-02 12:36:17.356  2017  2017 D leak-70-12: Eastern Standard Time
08-02 12:36:17.357  2017  2017 D leak-72-12: Eastern Standard Time
08-02 12:36:17.357  2017  2017 D leak-76-12: Eastern Standard Time
08-02 12:36:17.357  2017  2017 D leak-84-12: Eastern Standard Time
08-02 12:36:17.357  2017  2017 D leak-15-18: Eastern Standard Time
08-02 12:36:17.357  2017  2017 D leak-30-18: Eastern Standard Time
08-02 12:36:17.357  2017  2017 D leak-31-18: Eastern Standard Time
08-02 12:36:17.357  2017  2017 D leak-40-18: Eastern Standard Time
08-02 12:36:17.380  2017  2017 D leak-15-8: Eastern Standard Time
08-02 12:36:17.380  2017  2017 D leak-24-8: Eastern Standard Time
08-02 12:36:17.380  2017  2017 D leak-30-8: Eastern Standard Time
08-02 12:36:17.380  2017  2017 D leak-31-8: Eastern Standard Time
08-02 12:36:17.380  2017  2017 D leak-40-8: Eastern Standard Time
08-02 12:36:17.380  2017  2017 D leak-60-8: Eastern Standard Time
08-02 12:36:17.380  2017  2017 D leak-66-8: Eastern Standard Time
08-02 12:36:17.380  2017  2017 D leak-68-8: Eastern Standard Time
08-02 12:36:17.380  2017  2017 D leak-70-8: Eastern Standard Time
08-02 12:36:17.380  2017  2017 D leak-72-8: Eastern Standard Time
08-02 12:36:17.380  2017  2017 D leak-76-8: Eastern Standard Time
08-02 12:36:17.380  2017  2017 D leak-84-8: Eastern Standard Time
08-02 12:36:17.380  2017  2017 D leak-15-19: Eastern Standard Time
08-02 12:36:17.380  2017  2017 D leak-24-19: Eastern Standard Time
08-02 12:36:17.380  2017  2017 D leak-30-19: Eastern Standard Time
08-02 12:36:17.380  2017  2017 D leak-31-19: Eastern Standard Time
08-02 12:36:17.380  2017  2017 D leak-40-19: Eastern Standard Time
08-02 12:36:17.380  2017  2017 D leak-41-19: Eastern Standard Time
08-02 12:36:17.384  2017  2017 D leak-60-19: Eastern Standard Time
08-02 12:36:17.391  2017  2017 D leak-66-19: Eastern Standard Time
08-02 12:36:17.391  2017  2017 D leak-68-19: Eastern Standard Time
08-02 12:36:17.391  2017  2017 D leak-70-19: Eastern Standard Time
08-02 12:36:17.391  2017  2017 D leak-72-19: Eastern Standard Time
08-02 12:36:17.391  2017  2017 D leak-76-19: Eastern Standard Time
08-02 12:36:17.391  2017  2017 D leak-84-19: Eastern Standard Time
08-02 12:36:17.391  2017  2017 D leak-15-18: Eastern Standard Time
08-02 12:36:17.391  2017  2017 D leak-24-18: Eastern Standard Time
08-02 12:36:17.391  2017  2017 D leak-30-18: Eastern Standard Time
08-02 12:36:17.391  2017  2017 D leak-31-18: Eastern Standard Time
08-02 12:36:17.391  2017  2017 D leak-40-18: Eastern Standard Time
08-02 12:36:17.391  2017  2017 D leak-41-18: Eastern Standard Time
08-02 12:36:17.391  2017  2017 D leak-60-18: Eastern Standard Time
08-02 12:36:17.391  2017  2017 D leak-66-18: Eastern Standard Time
08-02 12:36:17.391  2017  2017 D leak-68-18: Eastern Standard Time
08-02 12:36:17.391  2017  2017 D leak-70-18: Eastern Standard Time
08-02 12:36:17.391  2017  2017 D leak-72-18: Eastern Standard Time
08-02 12:36:17.391  2017  2017 D leak-76-18: Eastern Standard Time
08-02 12:36:17.391  2017  2017 D leak-84-18: Eastern Standard Time
08-02 12:36:17.597  2017  2017 V WebViewFactory: webViewPackageName: com.android.webview
08-02 12:36:17.625  2017  2017 I WebViewFactory: Loading com.android.webview version 44.0.2403.119 (code 246011910)
08-02 12:36:17.679  2017  2017 W System  : ClassLoader referenced unknown path: /system/app/webview/lib/x86
08-02 12:36:18.023  2017  2017 I LibraryLoader: Time to load native libraries: 94 ms (timestamps 7966-8060)
08-02 12:36:18.040  2017  2017 I LibraryLoader: Expected native library version number "",actual native library version number ""
08-02 12:36:18.161  2017  2017 V WebViewChromiumFactoryProvider: Binding Chromium to main looper Looper (main, tid 1) {faa20a6}
08-02 12:36:18.162  2017  2017 I LibraryLoader: Expected native library version number "",actual native library version number ""
08-02 12:36:18.236  2017  2017 I chromium: [INFO:library_loader_hooks.cc(120)] Chromium logging enabled: level = 0, default verbosity = 0
08-02 12:36:18.296  2017  2017 I BrowserStartupController: Initializing chromium process, singleProcess=true
08-02 12:36:18.365  2017  2017 E SysUtils: ApplicationContext is null in ApplicationStatus
08-02 12:36:18.942  2017  2017 W chromium: [WARNING:resource_bundle.cc(285)] locale_file_path.empty()
08-02 12:36:18.969  2017  2017 D libEGL  : loaded /system/lib/egl/libEGL_emulation.so
08-02 12:36:18.979  2017  2017 D libEGL  : loaded /system/lib/egl/libGLESv1_CM_emulation.so
08-02 12:36:18.985  2017  2017 D libEGL  : loaded /system/lib/egl/libGLESv2_emulation.so
08-02 12:36:19.004  2017  2017 E libEGL  : validate_display:255 error 3008 (EGL_BAD_DISPLAY)
08-02 12:36:19.004  2017  2017 E libEGL  : validate_display:255 error 3008 (EGL_BAD_DISPLAY)
08-02 12:36:19.004  2017  2017 D         : HostConnection::get() New Host Connection established 0xe9b5fc80, tid 2017
08-02 12:36:19.904  2017  2017 E eglCodecCommon: glUtilsParamSize: unknow param 0x00008d57
08-02 12:36:20.657  2017  2047 W AudioManagerAndroid: Requires BLUETOOTH permission
08-02 12:36:20.819  2017  2017 E DataReductionProxySettingListener: No DRP key due to exception:java.lang.ClassNotFoundException: com.android.webview.chromium.Drp
08-02 12:36:20.832  2017  2017 D leak-15-20: Eastern Standard Time
08-02 12:36:20.832  2017  2017 D leak-24-20: Eastern Standard Time
08-02 12:36:20.832  2017  2017 D leak-30-20: Eastern Standard Time
08-02 12:36:20.832  2017  2017 D leak-31-20: Eastern Standard Time
08-02 12:36:20.832  2017  2017 D leak-40-20: Eastern Standard Time
08-02 12:36:20.832  2017  2017 D leak-41-20: Eastern Standard Time
08-02 12:36:20.832  2017  2017 D leak-42-20: Eastern Standard Time
08-02 12:36:20.832  2017  2017 D leak-60-20: Eastern Standard Time
08-02 12:36:20.832  2017  2017 D leak-66-20: Eastern Standard Time
08-02 12:36:20.832  2017  2017 D leak-68-20: Eastern Standard Time
08-02 12:36:20.832  2017  2017 D leak-70-20: Eastern Standard Time
08-02 12:36:20.832  2017  2017 D leak-72-20: Eastern Standard Time
08-02 12:36:20.832  2017  2017 D leak-76-20: Eastern Standard Time
08-02 12:36:20.832  2017  2017 D leak-84-20: Eastern Standard Time
08-02 12:36:20.911  1578  1646 E Surface : getSlotFromBufferLocked: unknown buffer: 0xe84d23e0
08-02 12:36:20.956  2017  2051 D OpenGLRenderer: Use EGL_SWAP_BEHAVIOR_PRESERVED: true
08-02 12:36:20.960  2017  2017 D leak-15-18: Eastern Standard Time
08-02 12:36:20.961  2017  2017 D leak-24-18: Eastern Standard Time
08-02 12:36:20.961  2017  2017 D leak-30-18: Eastern Standard Time
08-02 12:36:20.961  2017  2017 D leak-31-18: Eastern Standard Time
08-02 12:36:20.961  2017  2017 D leak-40-18: Eastern Standard Time
08-02 12:36:20.961  2017  2017 D leak-41-18: Eastern Standard Time
08-02 12:36:20.961  2017  2017 D leak-42-18: Eastern Standard Time
08-02 12:36:20.961  2017  2017 D leak-60-18: Eastern Standard Time
08-02 12:36:20.961  2017  2017 D leak-66-18: Eastern Standard Time
08-02 12:36:20.961  2017  2017 D leak-68-18: Eastern Standard Time
08-02 12:36:20.961  2017  2017 D leak-70-18: Eastern Standard Time
08-02 12:36:20.961  2017  2017 D leak-72-18: Eastern Standard Time
08-02 12:36:20.961  2017  2017 D leak-76-18: Eastern Standard Time
08-02 12:36:20.961  2017  2017 D leak-84-18: Eastern Standard Time
08-02 12:36:20.966  2017  2017 D leak-15-3: Eastern Standard Time
08-02 12:36:20.966  2017  2017 D leak-19-3: Eastern Standard Time
08-02 12:36:20.966  2017  2017 D leak-24-3: Eastern Standard Time
08-02 12:36:20.966  2017  2017 D leak-30-3: Eastern Standard Time
08-02 12:36:20.966  2017  2017 D leak-31-3: Eastern Standard Time
08-02 12:36:20.966  2017  2017 D leak-40-3: Eastern Standard Time
08-02 12:36:20.966  2017  2017 D leak-41-3: Eastern Standard Time
08-02 12:36:20.966  2017  2017 D leak-42-3: Eastern Standard Time
08-02 12:36:20.966  2017  2017 D leak-60-3: Eastern Standard Time
08-02 12:36:20.966  2017  2017 D leak-66-3: Eastern Standard Time
08-02 12:36:20.966  2017  2017 D leak-68-3: Eastern Standard Time
08-02 12:36:20.966  2017  2017 D leak-70-3: Eastern Standard Time
08-02 12:36:20.966  2017  2017 D leak-72-3: Eastern Standard Time
08-02 12:36:20.966  2017  2017 D leak-76-3: Eastern Standard Time
08-02 12:36:20.966  2017  2017 D leak-84-3: Eastern Standard Time
08-02 12:36:20.967  2017  2017 D leak-15-11: Eastern Standard Time
08-02 12:36:20.967  2017  2017 D leak-19-11: Eastern Standard Time
08-02 12:36:20.967  2017  2017 D leak-24-11: Eastern Standard Time
08-02 12:36:20.967  2017  2017 D leak-30-11: Eastern Standard Time
08-02 12:36:20.967  2017  2017 D leak-31-11: Eastern Standard Time
08-02 12:36:20.967  2017  2017 D leak-40-11: Eastern Standard Time
08-02 12:36:20.967  2017  2017 D leak-41-11: Eastern Standard Time
08-02 12:36:20.967  2017  2017 D leak-42-11: Eastern Standard Time
08-02 12:36:20.967  2017  2017 D leak-60-11: Eastern Standard Time
08-02 12:36:20.967  2017  2017 D leak-66-11: Eastern Standard Time
08-02 12:36:20.967  2017  2017 D leak-68-11: Eastern Standard Time
08-02 12:36:20.967  2017  2017 D leak-70-11: Eastern Standard Time
08-02 12:36:20.967  2017  2017 D leak-72-11: Eastern Standard Time
08-02 12:36:20.967  2017  2017 D leak-76-11: Eastern Standard Time
08-02 12:36:20.967  2017  2017 D leak-84-11: Eastern Standard Time
08-02 12:36:20.967  2017  2017 D leak-15-34: Eastern Standard Time
08-02 12:36:20.967  2017  2017 D leak-19-34: Eastern Standard Time
08-02 12:36:20.967  2017  2017 D leak-24-34: Eastern Standard Time
08-02 12:36:20.967  2017  2017 D leak-30-34: Eastern Standard Time
08-02 12:36:20.967  2017  2017 D leak-31-34: Eastern Standard Time
08-02 12:36:20.967  2017  2017 D leak-40-34: Eastern Standard Time
08-02 12:36:20.967  2017  2017 D leak-41-34: Eastern Standard Time
08-02 12:36:20.967  2017  2017 D leak-42-34: Eastern Standard Time
08-02 12:36:20.967  2017  2017 D leak-60-34: Eastern Standard Time
08-02 12:36:20.967  2017  2017 D leak-66-34: Eastern Standard Time
08-02 12:36:20.967  2017  2017 D leak-68-34: Eastern Standard Time
08-02 12:36:20.967  2017  2017 D leak-70-34: Eastern Standard Time
08-02 12:36:20.967  2017  2017 D leak-72-34: Eastern Standard Time
08-02 12:36:20.967  2017  2017 D leak-76-34: Eastern Standard Time
08-02 12:36:20.967  2017  2017 D leak-84-34: Eastern Standard Time
08-02 12:36:20.967  2017  2017 D leak-59-3: Eastern Standard Time
08-02 12:36:20.967  2017  2017 D leak-65-3: Eastern Standard Time
08-02 12:36:20.967  2017  2017 D leak-67-3: Eastern Standard Time
08-02 12:36:20.967  2017  2017 D leak-69-3: Eastern Standard Time
08-02 12:36:20.967  2017  2017 D leak-71-3: Eastern Standard Time
08-02 12:36:20.967  2017  2017 D leak-75-3: Eastern Standard Time
08-02 12:36:20.967  2017  2017 D leak-83-3: Eastern Standard Time
08-02 12:36:20.967  2017  2017 D leak-15-35: Eastern Standard Time
08-02 12:36:20.967  2017  2017 D leak-19-35: Eastern Standard Time
08-02 12:36:20.967  2017  2017 D leak-24-35: Eastern Standard Time
08-02 12:36:20.967  2017  2017 D leak-30-35: Eastern Standard Time
08-02 12:36:20.967  2017  2017 D leak-31-35: Eastern Standard Time
08-02 12:36:20.968  2017  2017 D leak-40-35: Eastern Standard Time
08-02 12:36:20.968  2017  2017 D leak-41-35: Eastern Standard Time
08-02 12:36:20.968  2017  2017 D leak-42-35: Eastern Standard Time
08-02 12:36:20.968  2017  2017 D leak-60-35: Eastern Standard Time
08-02 12:36:20.968  2017  2017 D leak-66-35: Eastern Standard Time
08-02 12:36:20.968  2017  2017 D leak-68-35: Eastern Standard Time
08-02 12:36:20.968  2017  2017 D leak-70-35: Eastern Standard Time
08-02 12:36:20.968  2017  2017 D leak-72-35: Eastern Standard Time
08-02 12:36:20.968  2017  2017 D leak-76-35: Eastern Standard Time
08-02 12:36:20.968  2017  2017 D leak-84-35: Eastern Standard Time
08-02 12:36:20.968  2017  2017 D leak-59-4: Eastern Standard Time
08-02 12:36:20.968  2017  2017 D leak-65-4: Eastern Standard Time
08-02 12:36:20.968  2017  2017 D leak-67-4: Eastern Standard Time
08-02 12:36:20.968  2017  2017 D leak-69-4: Eastern Standard Time
08-02 12:36:20.968  2017  2017 D leak-71-4: Eastern Standard Time
08-02 12:36:20.968  2017  2017 D leak-75-4: Eastern Standard Time
08-02 12:36:20.968  2017  2017 D leak-83-4: Eastern Standard Time
08-02 12:36:20.968  2017  2017 D leak-15-36: Eastern Standard Time
08-02 12:36:20.968  2017  2017 D leak-19-36: Eastern Standard Time
08-02 12:36:20.968  2017  2017 D leak-24-36: Eastern Standard Time
08-02 12:36:20.968  2017  2017 D leak-30-36: Eastern Standard Time
08-02 12:36:20.968  2017  2017 D leak-31-36: Eastern Standard Time
08-02 12:36:20.968  2017  2017 D leak-40-36: Eastern Standard Time
08-02 12:36:20.968  2017  2017 D leak-41-36: Eastern Standard Time
08-02 12:36:20.968  2017  2017 D leak-42-36: Eastern Standard Time
08-02 12:36:20.968  2017  2017 D leak-60-36: Eastern Standard Time
08-02 12:36:20.968  2017  2017 D leak-66-36: Eastern Standard Time
08-02 12:36:20.968  2017  2017 D leak-68-36: Eastern Standard Time
08-02 12:36:20.968  2017  2017 D leak-70-36: Eastern Standard Time
08-02 12:36:20.968  2017  2017 D leak-72-36: Eastern Standard Time
08-02 12:36:20.968  2017  2017 D leak-76-36: Eastern Standard Time
08-02 12:36:20.968  2017  2017 D leak-84-36: Eastern Standard Time
08-02 12:36:20.968  2017  2017 D leak-59-5: Eastern Standard Time
08-02 12:36:20.968  2017  2017 D leak-65-5: Eastern Standard Time
08-02 12:36:20.968  2017  2017 D leak-67-5: Eastern Standard Time
08-02 12:36:20.968  2017  2017 D leak-69-5: Eastern Standard Time
08-02 12:36:20.968  2017  2017 D leak-71-5: Eastern Standard Time
08-02 12:36:20.968  2017  2017 D leak-75-5: Eastern Standard Time
08-02 12:36:20.968  2017  2017 D leak-83-5: Eastern Standard Time
08-02 12:36:20.969  2017  2017 D leak-15-37: Eastern Standard Time
08-02 12:36:20.969  2017  2017 D leak-19-37: Eastern Standard Time
08-02 12:36:20.969  2017  2017 D leak-24-37: Eastern Standard Time
08-02 12:36:20.969  2017  2017 D leak-30-37: Eastern Standard Time
08-02 12:36:20.969  2017  2017 D leak-31-37: Eastern Standard Time
08-02 12:36:20.969  2017  2017 D leak-40-37: Eastern Standard Time
08-02 12:36:20.969  2017  2017 D leak-41-37: Eastern Standard Time
08-02 12:36:20.969  2017  2017 D leak-42-37: Eastern Standard Time
08-02 12:36:20.969  2017  2017 D leak-60-37: Eastern Standard Time
08-02 12:36:20.969  2017  2017 D leak-66-37: Eastern Standard Time
08-02 12:36:20.969  2017  2017 D leak-68-37: Eastern Standard Time
08-02 12:36:20.969  2017  2017 D leak-70-37: Eastern Standard Time
08-02 12:36:20.969  2017  2017 D leak-72-37: Eastern Standard Time
08-02 12:36:20.969  2017  2017 D leak-76-37: Eastern Standard Time
08-02 12:36:20.969  2017  2017 D leak-84-37: Eastern Standard Time
08-02 12:36:20.969  2017  2017 D leak-59-6: Eastern Standard Time
08-02 12:36:20.969  2017  2017 D leak-65-6: Eastern Standard Time
08-02 12:36:20.969  2017  2017 D leak-67-6: Eastern Standard Time
08-02 12:36:20.969  2017  2017 D leak-69-6: Eastern Standard Time
08-02 12:36:20.969  2017  2017 D leak-71-6: Eastern Standard Time
08-02 12:36:20.969  2017  2017 D leak-75-6: Eastern Standard Time
08-02 12:36:20.969  2017  2017 D leak-83-6: Eastern Standard Time
08-02 12:36:20.969  2017  2017 D leak-15-39: Eastern Standard Time
08-02 12:36:20.969  2017  2017 D leak-19-39: Eastern Standard Time
08-02 12:36:20.969  2017  2017 D leak-24-39: Eastern Standard Time
08-02 12:36:20.969  2017  2017 D leak-30-39: Eastern Standard Time
08-02 12:36:20.969  2017  2017 D leak-31-39: Eastern Standard Time
08-02 12:36:20.970  2017  2017 D leak-40-39: Eastern Standard Time
08-02 12:36:20.970  2017  2017 D leak-41-39: Eastern Standard Time
08-02 12:36:20.970  2017  2017 D leak-42-39: Eastern Standard Time
08-02 12:36:20.970  2017  2017 D leak-60-39: Eastern Standard Time
08-02 12:36:20.970  2017  2017 D leak-66-39: Eastern Standard Time
08-02 12:36:20.970  2017  2017 D leak-68-39: Eastern Standard Time
08-02 12:36:20.970  2017  2017 D leak-70-39: Eastern Standard Time
08-02 12:36:20.970  2017  2017 D leak-72-39: Eastern Standard Time
08-02 12:36:20.970  2017  2017 D leak-76-39: Eastern Standard Time
08-02 12:36:20.970  2017  2017 D leak-84-39: Eastern Standard Time
08-02 12:36:20.970  2017  2017 D leak-59-8: Eastern Standard Time
08-02 12:36:20.970  2017  2017 D leak-65-8: Eastern Standard Time
08-02 12:36:20.970  2017  2017 D leak-67-8: Eastern Standard Time
08-02 12:36:20.970  2017  2017 D leak-69-8: Eastern Standard Time
08-02 12:36:20.970  2017  2017 D leak-71-8: Eastern Standard Time
08-02 12:36:20.970  2017  2017 D leak-75-8: Eastern Standard Time
08-02 12:36:20.970  2017  2017 D leak-83-8: Eastern Standard Time
08-02 12:36:20.970  2017  2017 D leak-15-43: Eastern Standard Time
08-02 12:36:20.970  2017  2017 D leak-19-43: Eastern Standard Time
08-02 12:36:20.970  2017  2017 D leak-24-43: Eastern Standard Time
08-02 12:36:20.970  2017  2017 D leak-30-43: Eastern Standard Time
08-02 12:36:20.970  2017  2017 D leak-31-43: Eastern Standard Time
08-02 12:36:20.970  2017  2017 D leak-84-43: Eastern Standard Time
08-02 12:36:20.970  2017  2017 D leak-59-12: Eastern Standard Time
08-02 12:36:20.970  2017  2017 D leak-65-12: Eastern Standard Time
08-02 12:36:20.970  2017  2017 D leak-67-12: Eastern Standard Time
08-02 12:36:20.970  2017  2017 D leak-69-12: Eastern Standard Time
08-02 12:36:20.970  2017  2017 D leak-71-12: Eastern Standard Time
08-02 12:36:20.970  2017  2017 D leak-75-12: Eastern Standard Time
08-02 12:36:20.971  2017  2017 D leak-83-12: Eastern Standard Time
08-02 12:36:20.971  2017  2017 D leak-15-43: Eastern Standard Time
08-02 12:36:20.971  2017  2017 D leak-19-43: Eastern Standard Time
08-02 12:36:20.971  2017  2017 D leak-24-43: Eastern Standard Time
08-02 12:36:20.971  2017  2017 D leak-30-43: Eastern Standard Time
08-02 12:36:20.971  2017  2017 D leak-31-43: Eastern Standard Time
08-02 12:36:20.971  2017  2017 D leak-40-43: Eastern Standard Time
08-02 12:36:20.971  2017  2017 D leak-41-43: Eastern Standard Time
08-02 12:36:20.971  2017  2017 D leak-42-43: Eastern Standard Time
08-02 12:36:21.042  2017  2051 I OpenGLRenderer: Initialized EGL, version 1.4
08-02 12:36:21.042  2017  2051 D         : HostConnection::get() New Host Connection established 0xe02af6b0, tid 2051
08-02 12:36:21.083  2017  2051 W EGL_emulation: eglSurfaceAttrib not implemented
08-02 12:36:21.083  2017  2051 W OpenGLRenderer: Failed to set EGL_SWAP_BEHAVIOR on surface 0xe02b3f60, error=EGL_SUCCESS
08-02 12:36:21.108  2017  2017 D leak-15-43: Eastern Standard Time
08-02 12:36:21.108  2017  2017 D leak-19-43: Eastern Standard Time
08-02 12:36:21.108  2017  2017 D leak-24-43: Eastern Standard Time
08-02 12:36:21.108  2017  2017 D leak-30-43: Eastern Standard Time
08-02 12:36:21.108  2017  2017 D leak-31-43: Eastern Standard Time
08-02 12:36:21.108  2017  2017 D leak-40-43: Eastern Standard Time
08-02 12:36:21.108  2017  2017 D leak-41-43: Eastern Standard Time
08-02 12:36:21.108  2017  2017 D leak-42-43: Eastern Standard Time
08-02 12:36:21.108  2017  2017 D leak-60-43: Eastern Standard Time
08-02 12:36:21.108  2017  2017 D leak-66-43: Eastern Standard Time
08-02 12:36:21.108  2017  2017 D leak-68-43: Eastern Standard Time
08-02 12:36:21.108  2017  2017 D leak-70-43: Eastern Standard Time
08-02 12:36:21.108  2017  2017 D leak-72-43: Eastern Standard Time
08-02 12:36:21.108  2017  2017 D leak-76-43: Eastern Standard Time
08-02 12:36:21.108  2017  2017 D leak-84-43: Eastern Standard Time
08-02 12:36:21.108  2017  2017 D leak-59-12: Eastern Standard Time
08-02 12:36:21.108  2017  2017 D leak-65-12: Eastern Standard Time
08-02 12:36:21.108  2017  2017 D leak-67-12: Eastern Standard Time
08-02 12:36:21.108  2017  2017 D leak-69-12: Eastern Standard Time
08-02 12:36:21.108  2017  2017 D leak-71-12: Eastern Standard Time
08-02 12:36:21.108  2017  2017 D leak-75-12: Eastern Standard Time
08-02 12:36:21.108  2017  2017 D leak-83-12: Eastern Standard Time
08-02 12:36:21.151  2017  2051 W EGL_emulation: eglSurfaceAttrib not implemented
08-02 12:36:21.151  2017  2051 W OpenGLRenderer: Failed to set EGL_SWAP_BEHAVIOR on surface 0xe02b3f80, error=EGL_SUCCESS
08-02 12:36:21.179  2017  2017 D leak-15-43: Eastern Standard Time
08-02 12:36:21.179  2017  2017 D leak-19-43: Eastern Standard Time
08-02 12:36:21.179  2017  2017 D leak-24-43: Eastern Standard Time
08-02 12:36:21.179  2017  2017 D leak-30-43: Eastern Standard Time
08-02 12:36:21.179  2017  2017 D leak-31-43: Eastern Standard Time
08-02 12:36:21.179  2017  2017 D leak-40-43: Eastern Standard Time
08-02 12:36:21.179  2017  2017 D leak-41-43: Eastern Standard Time
08-02 12:36:21.179  2017  2017 D leak-42-43: Eastern Standard Time
08-02 12:36:21.179  2017  2017 D leak-60-43: Eastern Standard Time
08-02 12:36:21.179  2017  2017 D leak-66-43: Eastern Standard Time
08-02 12:36:21.179  2017  2017 D leak-68-43: Eastern Standard Time
08-02 12:36:21.179  2017  2017 D leak-70-43: Eastern Standard Time
08-02 12:36:21.179  2017  2017 D leak-72-43: Eastern Standard Time
08-02 12:36:21.179  2017  2017 D leak-76-43: Eastern Standard Time
08-02 12:36:21.179  2017  2017 D leak-84-43: Eastern Standard Time
08-02 12:36:21.179  2017  2017 D leak-59-12: Eastern Standard Time
08-02 12:36:21.179  2017  2017 D leak-65-12: Eastern Standard Time
08-02 12:36:21.179  2017  2017 D leak-67-12: Eastern Standard Time
08-02 12:36:21.179  2017  2017 D leak-69-12: Eastern Standard Time
08-02 12:36:21.179  2017  2017 D leak-71-12: Eastern Standard Time
08-02 12:36:21.179  2017  2017 D leak-75-12: Eastern Standard Time
08-02 12:36:21.179  2017  2017 D leak-83-12: Eastern Standard Time
08-02 12:36:21.185  2017  2017 D leak-15-4: Eastern Standard Time
08-02 12:36:21.186  2017  2017 D leak-19-4: Eastern Standard Time
08-02 12:36:21.186  2017  2017 D leak-20-4: Eastern Standard Time
08-02 12:36:21.186  2017  2017 D leak-24-4: Eastern Standard Time
08-02 12:36:21.186  2017  2017 D leak-30-4: Eastern Standard Time
08-02 12:36:21.186  2017  2017 D leak-31-4: Eastern Standard Time
08-02 12:36:21.186  2017  2017 D leak-40-4: Eastern Standard Time
08-02 12:36:21.186  2017  2017 D leak-41-4: Eastern Standard Time
08-02 12:36:21.186  2017  2017 D leak-42-4: Eastern Standard Time
08-02 12:36:21.186  2017  2017 D leak-60-4: Eastern Standard Time
08-02 12:36:21.186  2017  2017 D leak-66-4: Eastern Standard Time
08-02 12:36:21.186  2017  2017 D leak-68-4: Eastern Standard Time
08-02 12:36:21.186  2017  2017 D leak-70-4: Eastern Standard Time
08-02 12:36:21.186  2017  2017 D leak-72-4: Eastern Standard Time
08-02 12:36:21.186  2017  2017 D leak-76-4: Eastern Standard Time
08-02 12:36:21.186  2017  2017 D leak-84-4: Eastern Standard Time
08-02 12:36:21.613   623   644 I ActivityManager: Displayed com.markuspage.android.atimetracker/.Activities: +5s93ms
08-02 12:36:21.678  2017  2017 D leak-15-43: Eastern Standard Time
08-02 12:36:21.678  2017  2017 D leak-19-43: Eastern Standard Time
08-02 12:36:21.678  2017  2017 D leak-20-43: Eastern Standard Time
08-02 12:36:21.678  2017  2017 D leak-24-43: Eastern Standard Time
08-02 12:36:21.678  2017  2017 D leak-30-43: Eastern Standard Time
08-02 12:36:21.678  2017  2017 D leak-31-43: Eastern Standard Time
08-02 12:36:21.678  2017  2017 D leak-40-43: Eastern Standard Time
08-02 12:36:21.678  2017  2017 D leak-41-43: Eastern Standard Time
08-02 12:36:21.678  2017  2017 D leak-42-43: Eastern Standard Time
08-02 12:36:21.678  2017  2017 D leak-60-43: Eastern Standard Time
08-02 12:36:21.678  2017  2017 D leak-66-43: Eastern Standard Time
08-02 12:36:21.678  2017  2017 D leak-68-43: Eastern Standard Time
08-02 12:36:21.678  2017  2017 D leak-70-43: Eastern Standard Time
08-02 12:36:21.678  2017  2017 D leak-72-43: Eastern Standard Time
08-02 12:36:21.679  2017  2017 D leak-76-43: Eastern Standard Time
08-02 12:36:21.679  2017  2017 D leak-84-43: Eastern Standard Time
08-02 12:36:21.679  2017  2017 D leak-59-12: Eastern Standard Time
08-02 12:36:21.679  2017  2017 D leak-65-12: Eastern Standard Time
08-02 12:36:21.679  2017  2017 D leak-67-12: Eastern Standard Time
08-02 12:36:21.679  2017  2017 D leak-69-12: Eastern Standard Time
08-02 12:36:21.679  2017  2017 D leak-71-12: Eastern Standard Time
08-02 12:36:21.679  2017  2017 D leak-75-12: Eastern Standard Time
08-02 12:36:21.679  2017  2017 D leak-83-12: Eastern Standard Time
08-02 12:36:21.851  2055  2055 D AndroidRuntime: >>>>>> START com.android.internal.os.RuntimeInit uid 0 <<<<<<
08-02 12:36:21.852  2055  2055 D AndroidRuntime: CheckJNI is OFF
08-02 12:36:21.865  2055  2055 D ICU     : No timezone override file found: /data/misc/zoneinfo/current/icu/icu_tzdata.dat
08-02 12:36:21.877  2055  2055 E memtrack: Couldn't load memtrack module (No such file or directory)
08-02 12:36:21.877  2055  2055 E android.os.Debug: failed to load memtrack module: -2
08-02 12:36:21.878  2055  2055 I Radio-JNI: register_android_hardware_Radio DONE
08-02 12:36:21.885  2055  2055 D AndroidRuntime: Calling main entry com.android.commands.content.Content
08-02 12:36:21.889  2055  2055 D AndroidRuntime: Shutting down VM
08-02 12:36:22.234  2064  2064 D AndroidRuntime: >>>>>> START com.android.internal.os.RuntimeInit uid 0 <<<<<<
08-02 12:36:22.236  2064  2064 D AndroidRuntime: CheckJNI is OFF
08-02 12:36:22.248  2064  2064 D ICU     : No timezone override file found: /data/misc/zoneinfo/current/icu/icu_tzdata.dat
08-02 12:36:22.258  2064  2064 E memtrack: Couldn't load memtrack module (No such file or directory)
08-02 12:36:22.258  2064  2064 E android.os.Debug: failed to load memtrack module: -2
08-02 12:36:22.259  2064  2064 I Radio-JNI: register_android_hardware_Radio DONE
08-02 12:36:22.266  2064  2064 D AndroidRuntime: Calling main entry com.android.commands.content.Content
08-02 12:36:22.269  2064  2064 D AndroidRuntime: Shutting down VM
08-02 12:36:23.292  2085  2085 D AndroidRuntime: >>>>>> START com.android.internal.os.RuntimeInit uid 0 <<<<<<
08-02 12:36:23.294  2085  2085 D AndroidRuntime: CheckJNI is OFF
08-02 12:36:23.302  2085  2085 D ICU     : No timezone override file found: /data/misc/zoneinfo/current/icu/icu_tzdata.dat
08-02 12:36:23.317  2085  2085 E memtrack: Couldn't load memtrack module (No such file or directory)
08-02 12:36:23.317  2085  2085 E android.os.Debug: failed to load memtrack module: -2
08-02 12:36:23.318  2085  2085 I Radio-JNI: register_android_hardware_Radio DONE
08-02 12:36:23.329  2085  2085 D AndroidRuntime: Calling main entry com.android.commands.uiautomator.Launcher
08-02 12:36:24.351  2085  2085 W AccessibilityNodeInfoDumper: Fetch time: 3ms
08-02 12:36:24.352   623   634 W WindowManager: Attempted to remove non-existing token: android.os.Binder@8e2eb2c
08-02 12:36:24.364  2085  2085 D AndroidRuntime: Shutting down VM
08-02 12:36:24.861  2103  2103 D AndroidRuntime: >>>>>> START com.android.internal.os.RuntimeInit uid 0 <<<<<<
08-02 12:36:24.863  2103  2103 D AndroidRuntime: CheckJNI is OFF
08-02 12:36:24.882  2103  2103 D ICU     : No timezone override file found: /data/misc/zoneinfo/current/icu/icu_tzdata.dat
08-02 12:36:24.899  2103  2103 E memtrack: Couldn't load memtrack module (No such file or directory)
08-02 12:36:24.899  2103  2103 E android.os.Debug: failed to load memtrack module: -2
08-02 12:36:24.901  2103  2103 I Radio-JNI: register_android_hardware_Radio DONE
08-02 12:36:24.910  2103  2103 D AndroidRuntime: Calling main entry com.android.commands.uiautomator.Launcher
08-02 12:36:25.501   623  1644 I ActivityManager: Killing 1807:com.android.managedprovisioning/u0a9 (adj 15): empty #17
08-02 12:36:25.502   623  1644 W libprocessgroup: failed to open /acct/uid_10009/pid_1807/cgroup.procs: No such file or directory
08-02 12:36:25.926  2103  2103 W AccessibilityNodeInfoDumper: Fetch time: 1ms
08-02 12:36:25.926   623  1056 W WindowManager: Attempted to remove non-existing token: android.os.Binder@c4db9f5
08-02 12:36:25.934  2103  2103 D AndroidRuntime: Shutting down VM
08-02 12:36:26.252   623   676 I InputReader: Reconfiguring input devices.  changes=0x00000010
08-02 12:36:27.048  2127  2127 D AndroidRuntime: >>>>>> START com.android.internal.os.RuntimeInit uid 0 <<<<<<
08-02 12:36:27.051  2127  2127 D AndroidRuntime: CheckJNI is OFF
08-02 12:36:27.063  2127  2127 D ICU     : No timezone override file found: /data/misc/zoneinfo/current/icu/icu_tzdata.dat
08-02 12:36:27.075  2127  2127 E memtrack: Couldn't load memtrack module (No such file or directory)
08-02 12:36:27.075  2127  2127 E android.os.Debug: failed to load memtrack module: -2
08-02 12:36:27.076  2127  2127 I Radio-JNI: register_android_hardware_Radio DONE
08-02 12:36:27.083  2127  2127 D AndroidRuntime: Calling main entry com.android.commands.uiautomator.Launcher
08-02 12:36:28.097  2127  2127 W AccessibilityNodeInfoDumper: Fetch time: 1ms
08-02 12:36:28.097   623   634 W WindowManager: Attempted to remove non-existing token: android.os.Binder@63573c4
08-02 12:36:28.104  2127  2127 D AndroidRuntime: Shutting down VM
08-02 12:36:29.226  2155  2155 D AndroidRuntime: >>>>>> START com.android.internal.os.RuntimeInit uid 0 <<<<<<
08-02 12:36:29.227  2155  2155 D AndroidRuntime: CheckJNI is OFF
08-02 12:36:29.235  2155  2155 D ICU     : No timezone override file found: /data/misc/zoneinfo/current/icu/icu_tzdata.dat
08-02 12:36:29.249  2155  2155 E memtrack: Couldn't load memtrack module (No such file or directory)
08-02 12:36:29.249  2155  2155 E android.os.Debug: failed to load memtrack module: -2
08-02 12:36:29.249  2155  2155 I Radio-JNI: register_android_hardware_Radio DONE
08-02 12:36:29.255  2155  2155 D AndroidRuntime: Calling main entry com.android.commands.uiautomator.Launcher
08-02 12:36:30.272  2155  2155 W AccessibilityNodeInfoDumper: Fetch time: 1ms
08-02 12:36:30.272   623  1643 W WindowManager: Attempted to remove non-existing token: android.os.Binder@17479e2
08-02 12:36:30.286  2155  2155 D AndroidRuntime: Shutting down VM
08-02 12:36:31.366  2182  2182 D AndroidRuntime: >>>>>> START com.android.internal.os.RuntimeInit uid 0 <<<<<<
08-02 12:36:31.367  2182  2182 D AndroidRuntime: CheckJNI is OFF
08-02 12:36:31.376  2182  2182 D ICU     : No timezone override file found: /data/misc/zoneinfo/current/icu/icu_tzdata.dat
08-02 12:36:31.388  2182  2182 E memtrack: Couldn't load memtrack module (No such file or directory)
08-02 12:36:31.388  2182  2182 E android.os.Debug: failed to load memtrack module: -2
08-02 12:36:31.388  2182  2182 I Radio-JNI: register_android_hardware_Radio DONE
08-02 12:36:31.394  2182  2182 D AndroidRuntime: Calling main entry com.android.commands.uiautomator.Launcher
08-02 12:36:32.406  2182  2182 W AccessibilityNodeInfoDumper: Fetch time: 1ms
08-02 12:36:32.406   623  1643 W WindowManager: Attempted to remove non-existing token: android.os.Binder@286f173
08-02 12:36:32.413  2182  2182 D AndroidRuntime: Shutting down VM
08-02 12:36:32.866  2200  2200 D AndroidRuntime: >>>>>> START com.android.internal.os.RuntimeInit uid 0 <<<<<<
08-02 12:36:32.868  2200  2200 D AndroidRuntime: CheckJNI is OFF
08-02 12:36:32.879  2200  2200 D ICU     : No timezone override file found: /data/misc/zoneinfo/current/icu/icu_tzdata.dat
08-02 12:36:32.891  2200  2200 E memtrack: Couldn't load memtrack module (No such file or directory)
08-02 12:36:32.891  2200  2200 E android.os.Debug: failed to load memtrack module: -2
08-02 12:36:32.892  2200  2200 I Radio-JNI: register_android_hardware_Radio DONE
08-02 12:36:32.898  2200  2200 D AndroidRuntime: Calling main entry com.android.commands.uiautomator.Launcher
08-02 12:36:33.919  2200  2200 W AccessibilityNodeInfoDumper: Fetch time: 2ms
08-02 12:36:33.919   623  1078 W WindowManager: Attempted to remove non-existing token: android.os.Binder@2f80830
08-02 12:36:33.927  2200  2200 D AndroidRuntime: Shutting down VM
08-02 12:36:35.063  2223  2223 D AndroidRuntime: >>>>>> START com.android.internal.os.RuntimeInit uid 0 <<<<<<
08-02 12:36:35.065  2223  2223 D AndroidRuntime: CheckJNI is OFF
08-02 12:36:35.073  2223  2223 D ICU     : No timezone override file found: /data/misc/zoneinfo/current/icu/icu_tzdata.dat
08-02 12:36:35.084  2223  2223 E memtrack: Couldn't load memtrack module (No such file or directory)
08-02 12:36:35.084  2223  2223 E android.os.Debug: failed to load memtrack module: -2
08-02 12:36:35.084  2223  2223 I Radio-JNI: register_android_hardware_Radio DONE
08-02 12:36:35.089  2223  2223 D AndroidRuntime: Calling main entry com.android.commands.uiautomator.Launcher
08-02 12:36:36.112  2223  2223 W AccessibilityNodeInfoDumper: Fetch time: 1ms
08-02 12:36:36.112   623   634 W WindowManager: Attempted to remove non-existing token: android.os.Binder@b3a4ca9
08-02 12:36:36.119  2223  2223 D AndroidRuntime: Shutting down VM
08-02 12:36:36.585  2241  2241 D AndroidRuntime: >>>>>> START com.android.internal.os.RuntimeInit uid 0 <<<<<<
08-02 12:36:36.586  2241  2241 D AndroidRuntime: CheckJNI is OFF
08-02 12:36:36.596  2241  2241 D ICU     : No timezone override file found: /data/misc/zoneinfo/current/icu/icu_tzdata.dat
08-02 12:36:36.611  2241  2241 E memtrack: Couldn't load memtrack module (No such file or directory)
08-02 12:36:36.612  2241  2241 E android.os.Debug: failed to load memtrack module: -2
08-02 12:36:36.613  2241  2241 I Radio-JNI: register_android_hardware_Radio DONE
08-02 12:36:36.619  2241  2241 D AndroidRuntime: Calling main entry com.android.commands.uiautomator.Launcher
08-02 12:36:37.649  2241  2241 W AccessibilityNodeInfoDumper: Fetch time: 5ms
08-02 12:36:37.651   623  1643 W WindowManager: Attempted to remove non-existing token: android.os.Binder@ee4522e
08-02 12:36:37.666  2241  2241 D AndroidRuntime: Shutting down VM
08-02 12:36:38.808  2264  2264 D AndroidRuntime: >>>>>> START com.android.internal.os.RuntimeInit uid 0 <<<<<<
08-02 12:36:38.814  2264  2264 D AndroidRuntime: CheckJNI is OFF
08-02 12:36:38.828  2264  2264 D ICU     : No timezone override file found: /data/misc/zoneinfo/current/icu/icu_tzdata.dat
08-02 12:36:38.843  2264  2264 E memtrack: Couldn't load memtrack module (No such file or directory)
08-02 12:36:38.843  2264  2264 E android.os.Debug: failed to load memtrack module: -2
08-02 12:36:38.844  2264  2264 I Radio-JNI: register_android_hardware_Radio DONE
08-02 12:36:38.851  2264  2264 D AndroidRuntime: Calling main entry com.android.commands.uiautomator.Launcher
08-02 12:36:39.868  2264  2264 W AccessibilityNodeInfoDumper: Fetch time: 2ms
08-02 12:36:39.868   623  1715 W WindowManager: Attempted to remove non-existing token: android.os.Binder@5d531cf
08-02 12:36:39.884  2264  2264 D AndroidRuntime: Shutting down VM
08-02 12:36:40.351  2282  2282 D AndroidRuntime: >>>>>> START com.android.internal.os.RuntimeInit uid 0 <<<<<<
08-02 12:36:40.353  2282  2282 D AndroidRuntime: CheckJNI is OFF
08-02 12:36:40.363  2282  2282 D ICU     : No timezone override file found: /data/misc/zoneinfo/current/icu/icu_tzdata.dat
08-02 12:36:40.374  2282  2282 E memtrack: Couldn't load memtrack module (No such file or directory)
08-02 12:36:40.374  2282  2282 E android.os.Debug: failed to load memtrack module: -2
08-02 12:36:40.375  2282  2282 I Radio-JNI: register_android_hardware_Radio DONE
08-02 12:36:40.383  2282  2282 D AndroidRuntime: Calling main entry com.android.commands.uiautomator.Launcher
08-02 12:36:41.402  2282  2282 W AccessibilityNodeInfoDumper: Fetch time: 1ms
08-02 12:36:41.403   623   634 W WindowManager: Attempted to remove non-existing token: android.os.Binder@b420a65
08-02 12:36:41.417  2282  2282 D AndroidRuntime: Shutting down VM
08-02 12:36:42.471  2305  2305 D AndroidRuntime: >>>>>> START com.android.internal.os.RuntimeInit uid 0 <<<<<<
08-02 12:36:42.473  2305  2305 D AndroidRuntime: CheckJNI is OFF
08-02 12:36:42.483  2305  2305 D ICU     : No timezone override file found: /data/misc/zoneinfo/current/icu/icu_tzdata.dat
08-02 12:36:42.495  2305  2305 E memtrack: Couldn't load memtrack module (No such file or directory)
08-02 12:36:42.495  2305  2305 E android.os.Debug: failed to load memtrack module: -2
08-02 12:36:42.497  2305  2305 I Radio-JNI: register_android_hardware_Radio DONE
08-02 12:36:42.503  2305  2305 D AndroidRuntime: Calling main entry com.android.commands.uiautomator.Launcher
08-02 12:36:43.522  2305  2305 W AccessibilityNodeInfoDumper: Fetch time: 2ms
08-02 12:36:43.526   623  1715 W WindowManager: Attempted to remove non-existing token: android.os.Binder@967633a
08-02 12:36:43.535  2305  2305 D AndroidRuntime: Shutting down VM
08-02 12:36:43.988  2323  2323 D AndroidRuntime: >>>>>> START com.android.internal.os.RuntimeInit uid 0 <<<<<<
08-02 12:36:43.990  2323  2323 D AndroidRuntime: CheckJNI is OFF
