08-01 23:23:48.293 11158 11158 I Input   : injectKeyEvent: KeyEvent { action=ACTION_DOWN, keyCode=KEYCODE_4, scanCode=0, metaState=0, flags=0x0, repeatCount=0, eventTime=773673, downTime=773673, deviceId=-1, source=0x101 }
08-01 23:23:48.295 11158 11158 I Input   : injectKeyEvent: KeyEvent { action=ACTION_UP, keyCode=KEYCODE_4, scanCode=0, metaState=0, flags=0x0, repeatCount=0, eventTime=773673, downTime=773673, deviceId=-1, source=0x101 }
08-01 23:23:48.295 11158 11158 I Input   : injectKeyEvent: KeyEvent { action=ACTION_DOWN, keyCode=KEYCODE_5, scanCode=0, metaState=0, flags=0x0, repeatCount=0, eventTime=773673, downTime=773673, deviceId=-1, source=0x101 }
08-01 23:23:48.298 11158 11158 I Input   : injectKeyEvent: KeyEvent { action=ACTION_UP, keyCode=KEYCODE_5, scanCode=0, metaState=0, flags=0x0, repeatCount=0, eventTime=773673, downTime=773673, deviceId=-1, source=0x101 }
08-01 23:23:48.306 11158 11158 I Input   : injectKeyEvent: KeyEvent { action=ACTION_DOWN, keyCode=KEYCODE_6, scanCode=0, metaState=0, flags=0x0, repeatCount=0, eventTime=773673, downTime=773673, deviceId=-1, source=0x101 }
08-01 23:23:48.313 11158 11158 I Input   : injectKeyEvent: KeyEvent { action=ACTION_UP, keyCode=KEYCODE_6, scanCode=0, metaState=0, flags=0x0, repeatCount=0, eventTime=773673, downTime=773673, deviceId=-1, source=0x101 }
08-01 23:23:48.314 11158 11158 I Input   : injectKeyEvent: KeyEvent { action=ACTION_DOWN, keyCode=KEYCODE_7, scanCode=0, metaState=0, flags=0x0, repeatCount=0, eventTime=773673, downTime=773673, deviceId=-1, source=0x101 }
08-01 23:23:48.317 11158 11158 I Input   : injectKeyEvent: KeyEvent { action=ACTION_UP, keyCode=KEYCODE_7, scanCode=0, metaState=0, flags=0x0, repeatCount=0, eventTime=773673, downTime=773673, deviceId=-1, source=0x101 }
08-01 23:23:48.324 11158 11158 D AndroidRuntime: Shutting down VM
08-01 23:23:50.158 11486 11486 D AndroidRuntime: >>>>>> START com.android.internal.os.RuntimeInit uid 0 <<<<<<
08-01 23:23:50.160 11486 11486 D AndroidRuntime: CheckJNI is OFF
08-01 23:23:50.168 11486 11486 D ICU     : No timezone override file found: /data/misc/zoneinfo/current/icu/icu_tzdata.dat
08-01 23:23:50.180 11486 11486 E memtrack: Couldn't load memtrack module (No such file or directory)
08-01 23:23:50.180 11486 11486 E android.os.Debug: failed to load memtrack module: -2
08-01 23:23:50.181 11486 11486 I Radio-JNI: register_android_hardware_Radio DONE
08-01 23:23:50.186 11486 11486 D AndroidRuntime: Calling main entry com.android.commands.uiautomator.Launcher
08-01 23:23:51.207 11486 11486 I AccessibilityNodeInfoDumper: Skipping invisible child: android.view.accessibility.AccessibilityNodeInfo@8000b8c1; boundsInParent: Rect(0, 0 - 0, 128); boundsInScreen: Rect(1184, 48 - 1184, 176); packageName: com.zola.bmi; className: android.support.v7.widget.LinearLayoutCompat; text: null; error: null; maxTextLength: -1; contentDescription: null; viewIdResName: null; checkable: false; checked: false; focusable: false; focused: false; selected: false; clickable: false; longClickable: false; contextClickable: false; enabled: true; password: false; scrollable: false; actions: [AccessibilityAction: ACTION_SELECT - null, AccessibilityAction: ACTION_CLEAR_SELECTION - null, AccessibilityAction: ACTION_ACCESSIBILITY_FOCUS - null, AccessibilityAction: ACTION_UNKNOWN - null]
08-01 23:23:51.207 11486 11486 I AccessibilityNodeInfoDumper: Skipping invisible child: android.view.accessibility.AccessibilityNodeInfo@80009337; boundsInParent: Rect(0, 0 - 0, 54); boundsInScreen: Rect(72, 662 - 72, 716); packageName: com.zola.bmi; className: android.widget.TextView; text: null; error: null; maxTextLength: -1; contentDescription: null; viewIdResName: com.zola.bmi:id/resultLabel; checkable: false; checked: false; focusable: false; focused: false; selected: false; clickable: false; longClickable: false; contextClickable: false; enabled: true; password: false; scrollable: false; actions: [AccessibilityAction: ACTION_SELECT - null, AccessibilityAction: ACTION_CLEAR_SELECTION - null, AccessibilityAction: ACTION_ACCESSIBILITY_FOCUS - null, AccessibilityAction: ACTION_UNKNOWN - null]
08-01 23:23:51.209 11486 11486 W AccessibilityNodeInfoDumper: Fetch time: 7ms
08-01 23:23:51.209   594   606 W WindowManager: Attempted to remove non-existing token: android.os.Binder@550da0e
08-01 23:23:51.222 11486 11486 D AndroidRuntime: Shutting down VM
08-01 23:23:52.288 11509 11509 D AndroidRuntime: >>>>>> START com.android.internal.os.RuntimeInit uid 0 <<<<<<
08-01 23:23:52.290 11509 11509 D AndroidRuntime: CheckJNI is OFF
08-01 23:23:52.299 11509 11509 D ICU     : No timezone override file found: /data/misc/zoneinfo/current/icu/icu_tzdata.dat
08-01 23:23:52.313 11509 11509 E memtrack: Couldn't load memtrack module (No such file or directory)
08-01 23:23:52.313 11509 11509 E android.os.Debug: failed to load memtrack module: -2
08-01 23:23:52.314 11509 11509 I Radio-JNI: register_android_hardware_Radio DONE
08-01 23:23:52.320 11509 11509 D AndroidRuntime: Calling main entry com.android.commands.uiautomator.Launcher
08-01 23:23:53.355 11509 11509 I AccessibilityNodeInfoDumper: Skipping invisible child: android.view.accessibility.AccessibilityNodeInfo@8000b8ca; boundsInParent: Rect(0, 0 - 0, 128); boundsInScreen: Rect(1184, 48 - 1184, 176); packageName: com.zola.bmi; className: android.support.v7.widget.LinearLayoutCompat; text: null; error: null; maxTextLength: -1; contentDescription: null; viewIdResName: null; checkable: false; checked: false; focusable: false; focused: false; selected: false; clickable: false; longClickable: false; contextClickable: false; enabled: true; password: false; scrollable: false; actions: [AccessibilityAction: ACTION_SELECT - null, AccessibilityAction: ACTION_CLEAR_SELECTION - null, AccessibilityAction: ACTION_ACCESSIBILITY_FOCUS - null, AccessibilityAction: ACTION_UNKNOWN - null]
08-01 23:23:53.355 11509 11509 I AccessibilityNodeInfoDumper: Skipping invisible child: android.view.accessibility.AccessibilityNodeInfo@80009340; boundsInParent: Rect(0, 0 - 0, 54); boundsInScreen: Rect(72, 662 - 72, 716); packageName: com.zola.bmi; className: android.widget.TextView; text: null; error: null; maxTextLength: -1; contentDescription: null; viewIdResName: com.zola.bmi:id/resultLabel; checkable: false; checked: false; focusable: false; focused: false; selected: false; clickable: false; longClickable: false; contextClickable: false; enabled: true; password: false; scrollable: false; actions: [AccessibilityAction: ACTION_SELECT - null, AccessibilityAction: ACTION_CLEAR_SELECTION - null, AccessibilityAction: ACTION_ACCESSIBILITY_FOCUS - null, AccessibilityAction: ACTION_UNKNOWN - null]
08-01 23:23:53.356 11509 11509 W AccessibilityNodeInfoDumper: Fetch time: 7ms
08-01 23:23:53.357   594   606 W WindowManager: Attempted to remove non-existing token: android.os.Binder@ab14c2f
08-01 23:23:53.369 11509 11509 D AndroidRuntime: Shutting down VM
08-01 23:23:53.852 11527 11527 D AndroidRuntime: >>>>>> START com.android.internal.os.RuntimeInit uid 0 <<<<<<
08-01 23:23:53.853 11527 11527 D AndroidRuntime: CheckJNI is OFF
08-01 23:23:53.865 11527 11527 D ICU     : No timezone override file found: /data/misc/zoneinfo/current/icu/icu_tzdata.dat
08-01 23:23:53.878 11527 11527 E memtrack: Couldn't load memtrack module (No such file or directory)
08-01 23:23:53.878 11527 11527 E android.os.Debug: failed to load memtrack module: -2
08-01 23:23:53.879 11527 11527 I Radio-JNI: register_android_hardware_Radio DONE
08-01 23:23:53.885 11527 11527 D AndroidRuntime: Calling main entry com.android.commands.uiautomator.Launcher
08-01 23:23:54.902 11527 11527 I AccessibilityNodeInfoDumper: Skipping invisible child: android.view.accessibility.AccessibilityNodeInfo@8000b8cd; boundsInParent: Rect(0, 0 - 0, 128); boundsInScreen: Rect(1184, 48 - 1184, 176); packageName: com.zola.bmi; className: android.support.v7.widget.LinearLayoutCompat; text: null; error: null; maxTextLength: -1; contentDescription: null; viewIdResName: null; checkable: false; checked: false; focusable: false; focused: false; selected: false; clickable: false; longClickable: false; contextClickable: false; enabled: true; password: false; scrollable: false; actions: [AccessibilityAction: ACTION_SELECT - null, AccessibilityAction: ACTION_CLEAR_SELECTION - null, AccessibilityAction: ACTION_ACCESSIBILITY_FOCUS - null, AccessibilityAction: ACTION_UNKNOWN - null]
08-01 23:23:54.903 11527 11527 I AccessibilityNodeInfoDumper: Skipping invisible child: android.view.accessibility.AccessibilityNodeInfo@80009343; boundsInParent: Rect(0, 0 - 0, 54); boundsInScreen: Rect(72, 662 - 72, 716); packageName: com.zola.bmi; className: android.widget.TextView; text: null; error: null; maxTextLength: -1; contentDescription: null; viewIdResName: com.zola.bmi:id/resultLabel; checkable: false; checked: false; focusable: false; focused: false; selected: false; clickable: false; longClickable: false; contextClickable: false; enabled: true; password: false; scrollable: false; actions: [AccessibilityAction: ACTION_SELECT - null, AccessibilityAction: ACTION_CLEAR_SELECTION - null, AccessibilityAction: ACTION_ACCESSIBILITY_FOCUS - null, AccessibilityAction: ACTION_UNKNOWN - null]
08-01 23:23:54.904 11527 11527 W AccessibilityNodeInfoDumper: Fetch time: 7ms
08-01 23:23:54.905   594  1018 W WindowManager: Attempted to remove non-existing token: android.os.Binder@2269bc5
08-01 23:23:54.911 11527 11527 D AndroidRuntime: Shutting down VM
08-01 23:23:55.323 11540 11540 D AndroidRuntime: >>>>>> START com.android.internal.os.RuntimeInit uid 0 <<<<<<
08-01 23:23:55.325 11540 11540 D AndroidRuntime: CheckJNI is OFF
08-01 23:23:55.333 11540 11540 D ICU     : No timezone override file found: /data/misc/zoneinfo/current/icu/icu_tzdata.dat
08-01 23:23:55.344 11540 11540 E memtrack: Couldn't load memtrack module (No such file or directory)
08-01 23:23:55.344 11540 11540 E android.os.Debug: failed to load memtrack module: -2
08-01 23:23:55.345 11540 11540 I Radio-JNI: register_android_hardware_Radio DONE
08-01 23:23:55.352 11540 11540 D AndroidRuntime: Calling main entry com.android.commands.input.Input
08-01 23:23:55.353 11540 11540 I Input   : injectMotionEvent: MotionEvent { action=ACTION_DOWN, actionButton=0, id[0]=0, x[0]=1027.0, y[0]=480.0, toolType[0]=TOOL_TYPE_UNKNOWN, buttonState=0, metaState=0, flags=0x0, edgeFlags=0x0, pointerCount=1, historySize=0, eventTime=780755, downTime=780755, deviceId=0, source=0x1002 }
08-01 23:23:55.365 11540 11540 I Input   : injectMotionEvent: MotionEvent { action=ACTION_UP, actionButton=0, id[0]=0, x[0]=1027.0, y[0]=480.0, toolType[0]=TOOL_TYPE_UNKNOWN, buttonState=0, metaState=0, flags=0x0, edgeFlags=0x0, pointerCount=1, historySize=0, eventTime=780755, downTime=780755, deviceId=0, source=0x1002 }
08-01 23:23:55.378   951   951 I LatinIME: Starting input. Cursor position = 6,6
08-01 23:23:55.379 11540 11540 D AndroidRuntime: Shutting down VM
08-01 23:23:55.421  8725  8739 W EGL_emulation: eglSurfaceAttrib not implemented
08-01 23:23:55.421  8725  8739 W OpenGLRenderer: Failed to set EGL_SWAP_BEHAVIOR on surface 0xe096e8a0, error=EGL_SUCCESS
08-01 23:23:55.470   951  8752 W EGL_emulation: eglSurfaceAttrib not implemented
08-01 23:23:55.470   951  8752 W OpenGLRenderer: Failed to set EGL_SWAP_BEHAVIOR on surface 0xe9072940, error=EGL_SUCCESS
08-01 23:23:55.787 11551 11551 D AndroidRuntime: >>>>>> START com.android.internal.os.RuntimeInit uid 0 <<<<<<
08-01 23:23:55.791 11551 11551 D AndroidRuntime: CheckJNI is OFF
08-01 23:23:55.800 11551 11551 D ICU     : No timezone override file found: /data/misc/zoneinfo/current/icu/icu_tzdata.dat
08-01 23:23:55.817 11551 11551 E memtrack: Couldn't load memtrack module (No such file or directory)
08-01 23:23:55.818 11551 11551 E android.os.Debug: failed to load memtrack module: -2
08-01 23:23:55.819 11551 11551 I Radio-JNI: register_android_hardware_Radio DONE
08-01 23:23:55.827 11551 11551 D AndroidRuntime: Calling main entry com.android.commands.input.Input
08-01 23:23:55.829 11551 11551 I Input   : injectKeyEvent: KeyEvent { action=ACTION_DOWN, keyCode=KEYCODE_ESCAPE, scanCode=0, metaState=0, flags=0x0, repeatCount=0, eventTime=781229, downTime=781229, deviceId=-1, source=0x101 }
08-01 23:23:55.832 11551 11551 I Input   : injectKeyEvent: KeyEvent { action=ACTION_UP, keyCode=KEYCODE_ESCAPE, scanCode=0, metaState=0, flags=0x0, repeatCount=0, eventTime=781229, downTime=781229, deviceId=-1, source=0x101 }
08-01 23:23:55.841 11551 11551 D AndroidRuntime: Shutting down VM
08-01 23:23:55.860   951  8752 E Surface : getSlotFromBufferLocked: unknown buffer: 0xeea7adb0
08-01 23:23:56.779 11564 11564 D AndroidRuntime: >>>>>> START com.android.internal.os.RuntimeInit uid 0 <<<<<<
08-01 23:23:56.781 11564 11564 D AndroidRuntime: CheckJNI is OFF
08-01 23:23:56.791 11564 11564 D ICU     : No timezone override file found: /data/misc/zoneinfo/current/icu/icu_tzdata.dat
08-01 23:23:56.801 11564 11564 E memtrack: Couldn't load memtrack module (No such file or directory)
08-01 23:23:56.801 11564 11564 E android.os.Debug: failed to load memtrack module: -2
08-01 23:23:56.802 11564 11564 I Radio-JNI: register_android_hardware_Radio DONE
08-01 23:23:56.808 11564 11564 D AndroidRuntime: Calling main entry com.android.commands.input.Input
08-01 23:23:56.810 11564 11564 I Input   : injectKeyEvent: KeyEvent { action=ACTION_DOWN, keyCode=KEYCODE_MOVE_END, scanCode=0, metaState=0, flags=0x0, repeatCount=0, eventTime=782212, downTime=782212, deviceId=-1, source=0x101 }
08-01 23:23:56.817  8725  8739 E Surface : getSlotFromBufferLocked: unknown buffer: 0xe90344d0
08-01 23:23:56.820 11564 11564 I Input   : injectKeyEvent: KeyEvent { action=ACTION_UP, keyCode=KEYCODE_MOVE_END, scanCode=0, metaState=0, flags=0x0, repeatCount=0, eventTime=782212, downTime=782212, deviceId=-1, source=0x101 }
08-01 23:23:56.821 11564 11564 D AndroidRuntime: Shutting down VM
08-01 23:23:57.168 11574 11574 D AndroidRuntime: >>>>>> START com.android.internal.os.RuntimeInit uid 0 <<<<<<
08-01 23:23:57.170 11574 11574 D AndroidRuntime: CheckJNI is OFF
08-01 23:23:57.181 11574 11574 D ICU     : No timezone override file found: /data/misc/zoneinfo/current/icu/icu_tzdata.dat
08-01 23:23:57.194 11574 11574 E memtrack: Couldn't load memtrack module (No such file or directory)
08-01 23:23:57.194 11574 11574 E android.os.Debug: failed to load memtrack module: -2
08-01 23:23:57.194 11574 11574 I Radio-JNI: register_android_hardware_Radio DONE
08-01 23:23:57.205 11574 11574 D AndroidRuntime: Calling main entry com.android.commands.input.Input
08-01 23:23:57.206 11574 11574 I Input   : injectKeyEvent: KeyEvent { action=ACTION_DOWN, keyCode=KEYCODE_DEL, scanCode=0, metaState=0, flags=0x0, repeatCount=0, eventTime=782607, downTime=782607, deviceId=-1, source=0x101 }
08-01 23:23:57.209 11574 11574 I Input   : injectKeyEvent: KeyEvent { action=ACTION_UP, keyCode=KEYCODE_DEL, scanCode=0, metaState=0, flags=0x0, repeatCount=0, eventTime=782607, downTime=782607, deviceId=-1, source=0x101 }
08-01 23:23:57.210 11574 11574 I Input   : injectKeyEvent: KeyEvent { action=ACTION_DOWN, keyCode=KEYCODE_DEL, scanCode=0, metaState=0, flags=0x0, repeatCount=0, eventTime=782612, downTime=782612, deviceId=-1, source=0x101 }
08-01 23:23:57.211 11574 11574 I Input   : injectKeyEvent: KeyEvent { action=ACTION_UP, keyCode=KEYCODE_DEL, scanCode=0, metaState=0, flags=0x0, repeatCount=0, eventTime=782612, downTime=782612, deviceId=-1, source=0x101 }
08-01 23:23:57.212 11574 11574 I Input   : injectKeyEvent: KeyEvent { action=ACTION_DOWN, keyCode=KEYCODE_DEL, scanCode=0, metaState=0, flags=0x0, repeatCount=0, eventTime=782614, downTime=782614, deviceId=-1, source=0x101 }
08-01 23:23:57.220 11574 11574 I Input   : injectKeyEvent: KeyEvent { action=ACTION_UP, keyCode=KEYCODE_DEL, scanCode=0, metaState=0, flags=0x0, repeatCount=0, eventTime=782614, downTime=782614, deviceId=-1, source=0x101 }
08-01 23:23:57.222 11574 11574 I Input   : injectKeyEvent: KeyEvent { action=ACTION_DOWN, keyCode=KEYCODE_DEL, scanCode=0, metaState=0, flags=0x0, repeatCount=0, eventTime=782625, downTime=782625, deviceId=-1, source=0x101 }
08-01 23:23:57.235 11574 11574 I Input   : injectKeyEvent: KeyEvent { action=ACTION_UP, keyCode=KEYCODE_DEL, scanCode=0, metaState=0, flags=0x0, repeatCount=0, eventTime=782625, downTime=782625, deviceId=-1, source=0x101 }
08-01 23:23:57.252 11574 11574 I Input   : injectKeyEvent: KeyEvent { action=ACTION_DOWN, keyCode=KEYCODE_DEL, scanCode=0, metaState=0, flags=0x0, repeatCount=0, eventTime=782655, downTime=782655, deviceId=-1, source=0x101 }
08-01 23:23:57.259 11574 11574 I Input   : injectKeyEvent: KeyEvent { action=ACTION_UP, keyCode=KEYCODE_DEL, scanCode=0, metaState=0, flags=0x0, repeatCount=0, eventTime=782655, downTime=782655, deviceId=-1, source=0x101 }
08-01 23:23:57.268 11574 11574 I Input   : injectKeyEvent: KeyEvent { action=ACTION_DOWN, keyCode=KEYCODE_DEL, scanCode=0, metaState=0, flags=0x0, repeatCount=0, eventTime=782670, downTime=782670, deviceId=-1, source=0x101 }
08-01 23:23:57.303 11574 11574 I Input   : injectKeyEvent: KeyEvent { action=ACTION_UP, keyCode=KEYCODE_DEL, scanCode=0, metaState=0, flags=0x0, repeatCount=0, eventTime=782670, downTime=782670, deviceId=-1, source=0x101 }
08-01 23:23:57.315 11574 11574 I Input   : injectKeyEvent: KeyEvent { action=ACTION_DOWN, keyCode=KEYCODE_DEL, scanCode=0, metaState=0, flags=0x0, repeatCount=0, eventTime=782717, downTime=782717, deviceId=-1, source=0x101 }
08-01 23:23:57.345 11574 11574 I Input   : injectKeyEvent: KeyEvent { action=ACTION_UP, keyCode=KEYCODE_DEL, scanCode=0, metaState=0, flags=0x0, repeatCount=0, eventTime=782717, downTime=782717, deviceId=-1, source=0x101 }
08-01 23:23:57.382 11574 11574 I Input   : injectKeyEvent: KeyEvent { action=ACTION_DOWN, keyCode=KEYCODE_DEL, scanCode=0, metaState=0, flags=0x0, repeatCount=0, eventTime=782785, downTime=782785, deviceId=-1, source=0x101 }
08-01 23:23:57.403 11574 11574 I Input   : injectKeyEvent: KeyEvent { action=ACTION_UP, keyCode=KEYCODE_DEL, scanCode=0, metaState=0, flags=0x0, repeatCount=0, eventTime=782785, downTime=782785, deviceId=-1, source=0x101 }
08-01 23:23:57.412 11574 11574 I Input   : injectKeyEvent: KeyEvent { action=ACTION_DOWN, keyCode=KEYCODE_DEL, scanCode=0, metaState=0, flags=0x0, repeatCount=0, eventTime=782814, downTime=782814, deviceId=-1, source=0x101 }
08-01 23:23:57.413 11574 11574 I Input   : injectKeyEvent: KeyEvent { action=ACTION_UP, keyCode=KEYCODE_DEL, scanCode=0, metaState=0, flags=0x0, repeatCount=0, eventTime=782814, downTime=782814, deviceId=-1, source=0x101 }
08-01 23:23:57.416 11574 11574 I Input   : injectKeyEvent: KeyEvent { action=ACTION_DOWN, keyCode=KEYCODE_DEL, scanCode=0, metaState=0, flags=0x0, repeatCount=0, eventTime=782818, downTime=782818, deviceId=-1, source=0x101 }
08-01 23:23:57.436 11574 11574 I Input   : injectKeyEvent: KeyEvent { action=ACTION_UP, keyCode=KEYCODE_DEL, scanCode=0, metaState=0, flags=0x0, repeatCount=0, eventTime=782818, downTime=782818, deviceId=-1, source=0x101 }
08-01 23:23:57.445 11574 11574 I Input   : injectKeyEvent: KeyEvent { action=ACTION_DOWN, keyCode=KEYCODE_DEL, scanCode=0, metaState=0, flags=0x0, repeatCount=0, eventTime=782848, downTime=782848, deviceId=-1, source=0x101 }
08-01 23:23:57.452 11574 11574 I Input   : injectKeyEvent: KeyEvent { action=ACTION_UP, keyCode=KEYCODE_DEL, scanCode=0, metaState=0, flags=0x0, repeatCount=0, eventTime=782848, downTime=782848, deviceId=-1, source=0x101 }
08-01 23:23:57.458 11574 11574 I Input   : injectKeyEvent: KeyEvent { action=ACTION_DOWN, keyCode=KEYCODE_DEL, scanCode=0, metaState=0, flags=0x0, repeatCount=0, eventTime=782860, downTime=782860, deviceId=-1, source=0x101 }
08-01 23:23:57.460 11574 11574 I Input   : injectKeyEvent: KeyEvent { action=ACTION_UP, keyCode=KEYCODE_DEL, scanCode=0, metaState=0, flags=0x0, repeatCount=0, eventTime=782860, downTime=782860, deviceId=-1, source=0x101 }
08-01 23:23:57.469 11574 11574 I Input   : injectKeyEvent: KeyEvent { action=ACTION_DOWN, keyCode=KEYCODE_DEL, scanCode=0, metaState=0, flags=0x0, repeatCount=0, eventTime=782871, downTime=782871, deviceId=-1, source=0x101 }
08-01 23:23:57.479 11574 11574 I Input   : injectKeyEvent: KeyEvent { action=ACTION_UP, keyCode=KEYCODE_DEL, scanCode=0, metaState=0, flags=0x0, repeatCount=0, eventTime=782871, downTime=782871, deviceId=-1, source=0x101 }
08-01 23:23:57.485 11574 11574 I Input   : injectKeyEvent: KeyEvent { action=ACTION_DOWN, keyCode=KEYCODE_DEL, scanCode=0, metaState=0, flags=0x0, repeatCount=0, eventTime=782888, downTime=782888, deviceId=-1, source=0x101 }
08-01 23:23:57.491 11574 11574 I Input   : injectKeyEvent: KeyEvent { action=ACTION_UP, keyCode=KEYCODE_DEL, scanCode=0, metaState=0, flags=0x0, repeatCount=0, eventTime=782888, downTime=782888, deviceId=-1, source=0x101 }
08-01 23:23:57.493 11574 11574 I Input   : injectKeyEvent: KeyEvent { action=ACTION_DOWN, keyCode=KEYCODE_DEL, scanCode=0, metaState=0, flags=0x0, repeatCount=0, eventTime=782896, downTime=782896, deviceId=-1, source=0x101 }
08-01 23:23:57.508 11574 11574 I Input   : injectKeyEvent: KeyEvent { action=ACTION_UP, keyCode=KEYCODE_DEL, scanCode=0, metaState=0, flags=0x0, repeatCount=0, eventTime=782896, downTime=782896, deviceId=-1, source=0x101 }
08-01 23:23:57.516 11574 11574 I Input   : injectKeyEvent: KeyEvent { action=ACTION_DOWN, keyCode=KEYCODE_DEL, scanCode=0, metaState=0, flags=0x0, repeatCount=0, eventTime=782918, downTime=782918, deviceId=-1, source=0x101 }
08-01 23:23:57.528 11574 11574 I Input   : injectKeyEvent: KeyEvent { action=ACTION_UP, keyCode=KEYCODE_DEL, scanCode=0, metaState=0, flags=0x0, repeatCount=0, eventTime=782918, downTime=782918, deviceId=-1, source=0x101 }
08-01 23:23:57.532 11574 11574 I Input   : injectKeyEvent: KeyEvent { action=ACTION_DOWN, keyCode=KEYCODE_DEL, scanCode=0, metaState=0, flags=0x0, repeatCount=0, eventTime=782935, downTime=782935, deviceId=-1, source=0x101 }
08-01 23:23:57.537 11574 11574 I Input   : injectKeyEvent: KeyEvent { action=ACTION_UP, keyCode=KEYCODE_DEL, scanCode=0, metaState=0, flags=0x0, repeatCount=0, eventTime=782935, downTime=782935, deviceId=-1, source=0x101 }
08-01 23:23:57.550 11574 11574 I Input   : injectKeyEvent: KeyEvent { action=ACTION_DOWN, keyCode=KEYCODE_DEL, scanCode=0, metaState=0, flags=0x0, repeatCount=0, eventTime=782952, downTime=782952, deviceId=-1, source=0x101 }
08-01 23:23:57.551 11574 11574 I Input   : injectKeyEvent: KeyEvent { action=ACTION_UP, keyCode=KEYCODE_DEL, scanCode=0, metaState=0, flags=0x0, repeatCount=0, eventTime=782952, downTime=782952, deviceId=-1, source=0x101 }
08-01 23:23:57.551 11574 11574 I Input   : injectKeyEvent: KeyEvent { action=ACTION_DOWN, keyCode=KEYCODE_DEL, scanCode=0, metaState=0, flags=0x0, repeatCount=0, eventTime=782954, downTime=782954, deviceId=-1, source=0x101 }
08-01 23:23:57.557 11574 11574 I Input   : injectKeyEvent: KeyEvent { action=ACTION_UP, keyCode=KEYCODE_DEL, scanCode=0, metaState=0, flags=0x0, repeatCount=0, eventTime=782954, downTime=782954, deviceId=-1, source=0x101 }
08-01 23:23:57.561 11574 11574 I Input   : injectKeyEvent: KeyEvent { action=ACTION_DOWN, keyCode=KEYCODE_DEL, scanCode=0, metaState=0, flags=0x0, repeatCount=0, eventTime=782963, downTime=782963, deviceId=-1, source=0x101 }
08-01 23:23:57.561 11574 11574 I Input   : injectKeyEvent: KeyEvent { action=ACTION_UP, keyCode=KEYCODE_DEL, scanCode=0, metaState=0, flags=0x0, repeatCount=0, eventTime=782963, downTime=782963, deviceId=-1, source=0x101 }
08-01 23:23:57.565 11574 11574 I Input   : injectKeyEvent: KeyEvent { action=ACTION_DOWN, keyCode=KEYCODE_DEL, scanCode=0, metaState=0, flags=0x0, repeatCount=0, eventTime=782967, downTime=782967, deviceId=-1, source=0x101 }
08-01 23:23:57.578 11574 11574 I Input   : injectKeyEvent: KeyEvent { action=ACTION_UP, keyCode=KEYCODE_DEL, scanCode=0, metaState=0, flags=0x0, repeatCount=0, eventTime=782967, downTime=782967, deviceId=-1, source=0x101 }
08-01 23:23:57.578 11574 11574 I Input   : injectKeyEvent: KeyEvent { action=ACTION_DOWN, keyCode=KEYCODE_DEL, scanCode=0, metaState=0, flags=0x0, repeatCount=0, eventTime=782981, downTime=782981, deviceId=-1, source=0x101 }
08-01 23:23:57.584 11574 11574 I Input   : injectKeyEvent: KeyEvent { action=ACTION_UP, keyCode=KEYCODE_DEL, scanCode=0, metaState=0, flags=0x0, repeatCount=0, eventTime=782981, downTime=782981, deviceId=-1, source=0x101 }
08-01 23:23:57.585 11574 11574 I Input   : injectKeyEvent: KeyEvent { action=ACTION_DOWN, keyCode=KEYCODE_DEL, scanCode=0, metaState=0, flags=0x0, repeatCount=0, eventTime=782987, downTime=782987, deviceId=-1, source=0x101 }
08-01 23:23:57.586 11574 11574 I Input   : injectKeyEvent: KeyEvent { action=ACTION_UP, keyCode=KEYCODE_DEL, scanCode=0, metaState=0, flags=0x0, repeatCount=0, eventTime=782987, downTime=782987, deviceId=-1, source=0x101 }
08-01 23:23:57.586 11574 11574 I Input   : injectKeyEvent: KeyEvent { action=ACTION_DOWN, keyCode=KEYCODE_DEL, scanCode=0, metaState=0, flags=0x0, repeatCount=0, eventTime=782989, downTime=782989, deviceId=-1, source=0x101 }
08-01 23:23:57.601 11574 11574 I Input   : injectKeyEvent: KeyEvent { action=ACTION_UP, keyCode=KEYCODE_DEL, scanCode=0, metaState=0, flags=0x0, repeatCount=0, eventTime=782989, downTime=782989, deviceId=-1, source=0x101 }
08-01 23:23:57.605 11574 11574 I Input   : injectKeyEvent: KeyEvent { action=ACTION_DOWN, keyCode=KEYCODE_DEL, scanCode=0, metaState=0, flags=0x0, repeatCount=0, eventTime=783007, downTime=783007, deviceId=-1, source=0x101 }
08-01 23:23:57.605 11574 11574 I Input   : injectKeyEvent: KeyEvent { action=ACTION_UP, keyCode=KEYCODE_DEL, scanCode=0, metaState=0, flags=0x0, repeatCount=0, eventTime=783007, downTime=783007, deviceId=-1, source=0x101 }
08-01 23:23:57.614 11574 11574 I Input   : injectKeyEvent: KeyEvent { action=ACTION_DOWN, keyCode=KEYCODE_DEL, scanCode=0, metaState=0, flags=0x0, repeatCount=0, eventTime=783016, downTime=783016, deviceId=-1, source=0x101 }
08-01 23:23:57.617 11574 11574 I Input   : injectKeyEvent: KeyEvent { action=ACTION_UP, keyCode=KEYCODE_DEL, scanCode=0, metaState=0, flags=0x0, repeatCount=0, eventTime=783016, downTime=783016, deviceId=-1, source=0x101 }
08-01 23:23:57.625 11574 11574 I Input   : injectKeyEvent: KeyEvent { action=ACTION_DOWN, keyCode=KEYCODE_DEL, scanCode=0, metaState=0, flags=0x0, repeatCount=0, eventTime=783028, downTime=783028, deviceId=-1, source=0x101 }
08-01 23:23:57.627 11574 11574 I Input   : injectKeyEvent: KeyEvent { action=ACTION_UP, keyCode=KEYCODE_DEL, scanCode=0, metaState=0, flags=0x0, repeatCount=0, eventTime=783028, downTime=783028, deviceId=-1, source=0x101 }
08-01 23:23:57.630 11574 11574 I Input   : injectKeyEvent: KeyEvent { action=ACTION_DOWN, keyCode=KEYCODE_DEL, scanCode=0, metaState=0, flags=0x0, repeatCount=0, eventTime=783032, downTime=783032, deviceId=-1, source=0x101 }
08-01 23:23:57.631 11574 11574 I Input   : injectKeyEvent: KeyEvent { action=ACTION_UP, keyCode=KEYCODE_DEL, scanCode=0, metaState=0, flags=0x0, repeatCount=0, eventTime=783032, downTime=783032, deviceId=-1, source=0x101 }
08-01 23:23:57.636 11574 11574 I Input   : injectKeyEvent: KeyEvent { action=ACTION_DOWN, keyCode=KEYCODE_DEL, scanCode=0, metaState=0, flags=0x0, repeatCount=0, eventTime=783038, downTime=783038, deviceId=-1, source=0x101 }
08-01 23:23:57.637 11574 11574 I Input   : injectKeyEvent: KeyEvent { action=ACTION_UP, keyCode=KEYCODE_DEL, scanCode=0, metaState=0, flags=0x0, repeatCount=0, eventTime=783038, downTime=783038, deviceId=-1, source=0x101 }
08-01 23:23:57.638 11574 11574 I Input   : injectKeyEvent: KeyEvent { action=ACTION_DOWN, keyCode=KEYCODE_DEL, scanCode=0, metaState=0, flags=0x0, repeatCount=0, eventTime=783040, downTime=783040, deviceId=-1, source=0x101 }
08-01 23:23:57.644 11574 11574 I Input   : injectKeyEvent: KeyEvent { action=ACTION_UP, keyCode=KEYCODE_DEL, scanCode=0, metaState=0, flags=0x0, repeatCount=0, eventTime=783040, downTime=783040, deviceId=-1, source=0x101 }
08-01 23:23:57.646 11574 11574 I Input   : injectKeyEvent: KeyEvent { action=ACTION_DOWN, keyCode=KEYCODE_DEL, scanCode=0, metaState=0, flags=0x0, repeatCount=0, eventTime=783048, downTime=783048, deviceId=-1, source=0x101 }
08-01 23:23:57.661 11574 11574 I Input   : injectKeyEvent: KeyEvent { action=ACTION_UP, keyCode=KEYCODE_DEL, scanCode=0, metaState=0, flags=0x0, repeatCount=0, eventTime=783048, downTime=783048, deviceId=-1, source=0x101 }
08-01 23:23:57.663 11574 11574 I Input   : injectKeyEvent: KeyEvent { action=ACTION_DOWN, keyCode=KEYCODE_DEL, scanCode=0, metaState=0, flags=0x0, repeatCount=0, eventTime=783065, downTime=783065, deviceId=-1, source=0x101 }
08-01 23:23:57.664 11574 11574 I Input   : injectKeyEvent: KeyEvent { action=ACTION_UP, keyCode=KEYCODE_DEL, scanCode=0, metaState=0, flags=0x0, repeatCount=0, eventTime=783065, downTime=783065, deviceId=-1, source=0x101 }
08-01 23:23:57.664 11574 11574 I Input   : injectKeyEvent: KeyEvent { action=ACTION_DOWN, keyCode=KEYCODE_DEL, scanCode=0, metaState=0, flags=0x0, repeatCount=0, eventTime=783067, downTime=783067, deviceId=-1, source=0x101 }
08-01 23:23:57.677 11574 11574 I Input   : injectKeyEvent: KeyEvent { action=ACTION_UP, keyCode=KEYCODE_DEL, scanCode=0, metaState=0, flags=0x0, repeatCount=0, eventTime=783067, downTime=783067, deviceId=-1, source=0x101 }
08-01 23:23:57.681 11574 11574 I Input   : injectKeyEvent: KeyEvent { action=ACTION_DOWN, keyCode=KEYCODE_DEL, scanCode=0, metaState=0, flags=0x0, repeatCount=0, eventTime=783084, downTime=783084, deviceId=-1, source=0x101 }
08-01 23:23:57.686 11574 11574 I Input   : injectKeyEvent: KeyEvent { action=ACTION_UP, keyCode=KEYCODE_DEL, scanCode=0, metaState=0, flags=0x0, repeatCount=0, eventTime=783084, downTime=783084, deviceId=-1, source=0x101 }
08-01 23:23:57.691 11574 11574 I Input   : injectKeyEvent: KeyEvent { action=ACTION_DOWN, keyCode=KEYCODE_DEL, scanCode=0, metaState=0, flags=0x0, repeatCount=0, eventTime=783093, downTime=783093, deviceId=-1, source=0x101 }
08-01 23:23:57.692 11574 11574 I Input   : injectKeyEvent: KeyEvent { action=ACTION_UP, keyCode=KEYCODE_DEL, scanCode=0, metaState=0, flags=0x0, repeatCount=0, eventTime=783093, downTime=783093, deviceId=-1, source=0x101 }
08-01 23:23:57.706 11574 11574 I Input   : injectKeyEvent: KeyEvent { action=ACTION_DOWN, keyCode=KEYCODE_DEL, scanCode=0, metaState=0, flags=0x0, repeatCount=0, eventTime=783108, downTime=783108, deviceId=-1, source=0x101 }
08-01 23:23:57.708 11574 11574 I Input   : injectKeyEvent: KeyEvent { action=ACTION_UP, keyCode=KEYCODE_DEL, scanCode=0, metaState=0, flags=0x0, repeatCount=0, eventTime=783108, downTime=783108, deviceId=-1, source=0x101 }
08-01 23:23:57.711 11574 11574 I Input   : injectKeyEvent: KeyEvent { action=ACTION_DOWN, keyCode=KEYCODE_DEL, scanCode=0, metaState=0, flags=0x0, repeatCount=0, eventTime=783113, downTime=783113, deviceId=-1, source=0x101 }
08-01 23:23:57.712 11574 11574 I Input   : injectKeyEvent: KeyEvent { action=ACTION_UP, keyCode=KEYCODE_DEL, scanCode=0, metaState=0, flags=0x0, repeatCount=0, eventTime=783113, downTime=783113, deviceId=-1, source=0x101 }
08-01 23:23:57.713 11574 11574 I Input   : injectKeyEvent: KeyEvent { action=ACTION_DOWN, keyCode=KEYCODE_DEL, scanCode=0, metaState=0, flags=0x0, repeatCount=0, eventTime=783115, downTime=783115, deviceId=-1, source=0x101 }
08-01 23:23:57.716 11574 11574 I Input   : injectKeyEvent: KeyEvent { action=ACTION_UP, keyCode=KEYCODE_DEL, scanCode=0, metaState=0, flags=0x0, repeatCount=0, eventTime=783115, downTime=783115, deviceId=-1, source=0x101 }
08-01 23:23:57.720 11574 11574 I Input   : injectKeyEvent: KeyEvent { action=ACTION_DOWN, keyCode=KEYCODE_DEL, scanCode=0, metaState=0, flags=0x0, repeatCount=0, eventTime=783122, downTime=783122, deviceId=-1, source=0x101 }
08-01 23:23:57.721 11574 11574 I Input   : injectKeyEvent: KeyEvent { action=ACTION_UP, keyCode=KEYCODE_DEL, scanCode=0, metaState=0, flags=0x0, repeatCount=0, eventTime=783122, downTime=783122, deviceId=-1, source=0x101 }
08-01 23:23:57.727 11574 11574 I Input   : injectKeyEvent: KeyEvent { action=ACTION_DOWN, keyCode=KEYCODE_DEL, scanCode=0, metaState=0, flags=0x0, repeatCount=0, eventTime=783129, downTime=783129, deviceId=-1, source=0x101 }
08-01 23:23:57.728 11574 11574 I Input   : injectKeyEvent: KeyEvent { action=ACTION_UP, keyCode=KEYCODE_DEL, scanCode=0, metaState=0, flags=0x0, repeatCount=0, eventTime=783129, downTime=783129, deviceId=-1, source=0x101 }
08-01 23:23:57.729 11574 11574 I Input   : injectKeyEvent: KeyEvent { action=ACTION_DOWN, keyCode=KEYCODE_DEL, scanCode=0, metaState=0, flags=0x0, repeatCount=0, eventTime=783131, downTime=783131, deviceId=-1, source=0x101 }
08-01 23:23:57.735 11574 11574 I Input   : injectKeyEvent: KeyEvent { action=ACTION_UP, keyCode=KEYCODE_DEL, scanCode=0, metaState=0, flags=0x0, repeatCount=0, eventTime=783131, downTime=783131, deviceId=-1, source=0x101 }
08-01 23:23:57.737 11574 11574 I Input   : injectKeyEvent: KeyEvent { action=ACTION_DOWN, keyCode=KEYCODE_DEL, scanCode=0, metaState=0, flags=0x0, repeatCount=0, eventTime=783140, downTime=783140, deviceId=-1, source=0x101 }
08-01 23:23:57.741 11574 11574 I Input   : injectKeyEvent: KeyEvent { action=ACTION_UP, keyCode=KEYCODE_DEL, scanCode=0, metaState=0, flags=0x0, repeatCount=0, eventTime=783140, downTime=783140, deviceId=-1, source=0x101 }
08-01 23:23:57.743 11574 11574 I Input   : injectKeyEvent: KeyEvent { action=ACTION_DOWN, keyCode=KEYCODE_DEL, scanCode=0, metaState=0, flags=0x0, repeatCount=0, eventTime=783146, downTime=783146, deviceId=-1, source=0x101 }
08-01 23:23:57.752 11574 11574 I Input   : injectKeyEvent: KeyEvent { action=ACTION_UP, keyCode=KEYCODE_DEL, scanCode=0, metaState=0, flags=0x0, repeatCount=0, eventTime=783146, downTime=783146, deviceId=-1, source=0x101 }
08-01 23:23:57.752 11574 11574 I Input   : injectKeyEvent: KeyEvent { action=ACTION_DOWN, keyCode=KEYCODE_DEL, scanCode=0, metaState=0, flags=0x0, repeatCount=0, eventTime=783155, downTime=783155, deviceId=-1, source=0x101 }
08-01 23:23:57.755 11574 11574 I Input   : injectKeyEvent: KeyEvent { action=ACTION_UP, keyCode=KEYCODE_DEL, scanCode=0, metaState=0, flags=0x0, repeatCount=0, eventTime=783155, downTime=783155, deviceId=-1, source=0x101 }
08-01 23:23:57.755 11574 11574 I Input   : injectKeyEvent: KeyEvent { action=ACTION_DOWN, keyCode=KEYCODE_DEL, scanCode=0, metaState=0, flags=0x0, repeatCount=0, eventTime=783158, downTime=783158, deviceId=-1, source=0x101 }
08-01 23:23:57.766 11574 11574 I Input   : injectKeyEvent: KeyEvent { action=ACTION_UP, keyCode=KEYCODE_DEL, scanCode=0, metaState=0, flags=0x0, repeatCount=0, eventTime=783158, downTime=783158, deviceId=-1, source=0x101 }
08-01 23:23:57.767 11574 11574 I Input   : injectKeyEvent: KeyEvent { action=ACTION_DOWN, keyCode=KEYCODE_DEL, scanCode=0, metaState=0, flags=0x0, repeatCount=0, eventTime=783169, downTime=783169, deviceId=-1, source=0x101 }
08-01 23:23:57.768 11574 11574 I Input   : injectKeyEvent: KeyEvent { action=ACTION_UP, keyCode=KEYCODE_DEL, scanCode=0, metaState=0, flags=0x0, repeatCount=0, eventTime=783169, downTime=783169, deviceId=-1, source=0x101 }
08-01 23:23:57.769 11574 11574 I Input   : injectKeyEvent: KeyEvent { action=ACTION_DOWN, keyCode=KEYCODE_DEL, scanCode=0, metaState=0, flags=0x0, repeatCount=0, eventTime=783171, downTime=783171, deviceId=-1, source=0x101 }
08-01 23:23:57.774 11574 11574 I Input   : injectKeyEvent: KeyEvent { action=ACTION_UP, keyCode=KEYCODE_DEL, scanCode=0, metaState=0, flags=0x0, repeatCount=0, eventTime=783171, downTime=783171, deviceId=-1, source=0x101 }
08-01 23:23:57.774 11574 11574 I Input   : injectKeyEvent: KeyEvent { action=ACTION_DOWN, keyCode=KEYCODE_DEL, scanCode=0, metaState=0, flags=0x0, repeatCount=0, eventTime=783177, downTime=783177, deviceId=-1, source=0x101 }
08-01 23:23:57.775 11574 11574 I Input   : injectKeyEvent: KeyEvent { action=ACTION_UP, keyCode=KEYCODE_DEL, scanCode=0, metaState=0, flags=0x0, repeatCount=0, eventTime=783177, downTime=783177, deviceId=-1, source=0x101 }
08-01 23:23:57.776 11574 11574 I Input   : injectKeyEvent: KeyEvent { action=ACTION_DOWN, keyCode=KEYCODE_DEL, scanCode=0, metaState=0, flags=0x0, repeatCount=0, eventTime=783179, downTime=783179, deviceId=-1, source=0x101 }
08-01 23:23:57.777 11574 11574 I Input   : injectKeyEvent: KeyEvent { action=ACTION_UP, keyCode=KEYCODE_DEL, scanCode=0, metaState=0, flags=0x0, repeatCount=0, eventTime=783179, downTime=783179, deviceId=-1, source=0x101 }
08-01 23:23:57.786 11574 11574 I Input   : injectKeyEvent: KeyEvent { action=ACTION_DOWN, keyCode=KEYCODE_DEL, scanCode=0, metaState=0, flags=0x0, repeatCount=0, eventTime=783188, downTime=783188, deviceId=-1, source=0x101 }
08-01 23:23:57.792 11574 11574 I Input   : injectKeyEvent: KeyEvent { action=ACTION_UP, keyCode=KEYCODE_DEL, scanCode=0, metaState=0, flags=0x0, repeatCount=0, eventTime=783188, downTime=783188, deviceId=-1, source=0x101 }
08-01 23:23:57.795 11574 11574 D AndroidRuntime: Shutting down VM
08-01 23:23:58.136 11583 11583 D AndroidRuntime: >>>>>> START com.android.internal.os.RuntimeInit uid 0 <<<<<<
08-01 23:23:58.137 11583 11583 D AndroidRuntime: CheckJNI is OFF
08-01 23:23:58.145 11583 11583 D ICU     : No timezone override file found: /data/misc/zoneinfo/current/icu/icu_tzdata.dat
08-01 23:23:58.156 11583 11583 E memtrack: Couldn't load memtrack module (No such file or directory)
08-01 23:23:58.156 11583 11583 E android.os.Debug: failed to load memtrack module: -2
08-01 23:23:58.157 11583 11583 I Radio-JNI: register_android_hardware_Radio DONE
08-01 23:23:58.162 11583 11583 D AndroidRuntime: Calling main entry com.android.commands.input.Input
08-01 23:23:58.167 11583 11583 I Input   : injectKeyEvent: KeyEvent { action=ACTION_DOWN, keyCode=KEYCODE_1, scanCode=0, metaState=0, flags=0x0, repeatCount=0, eventTime=783568, downTime=783568, deviceId=-1, source=0x101 }
08-01 23:23:58.170 11583 11583 I Input   : injectKeyEvent: KeyEvent { action=ACTION_UP, keyCode=KEYCODE_1, scanCode=0, metaState=0, flags=0x0, repeatCount=0, eventTime=783568, downTime=783568, deviceId=-1, source=0x101 }
08-01 23:23:58.174 11583 11583 I Input   : injectKeyEvent: KeyEvent { action=ACTION_DOWN, keyCode=KEYCODE_2, scanCode=0, metaState=0, flags=0x0, repeatCount=0, eventTime=783568, downTime=783568, deviceId=-1, source=0x101 }
08-01 23:23:58.184 11583 11583 I Input   : injectKeyEvent: KeyEvent { action=ACTION_UP, keyCode=KEYCODE_2, scanCode=0, metaState=0, flags=0x0, repeatCount=0, eventTime=783568, downTime=783568, deviceId=-1, source=0x101 }
08-01 23:23:58.185 11583 11583 I Input   : injectKeyEvent: KeyEvent { action=ACTION_DOWN, keyCode=KEYCODE_3, scanCode=0, metaState=0, flags=0x0, repeatCount=0, eventTime=783568, downTime=783568, deviceId=-1, source=0x101 }
08-01 23:23:58.196 11583 11583 I Input   : injectKeyEvent: KeyEvent { action=ACTION_UP, keyCode=KEYCODE_3, scanCode=0, metaState=0, flags=0x0, repeatCount=0, eventTime=783568, downTime=783568, deviceId=-1, source=0x101 }
08-01 23:23:58.205 11583 11583 I Input   : injectKeyEvent: KeyEvent { action=ACTION_DOWN, keyCode=KEYCODE_4, scanCode=0, metaState=0, flags=0x0, repeatCount=0, eventTime=783568, downTime=783568, deviceId=-1, source=0x101 }
08-01 23:23:58.244 11583 11583 I Input   : injectKeyEvent: KeyEvent { action=ACTION_UP, keyCode=KEYCODE_4, scanCode=0, metaState=0, flags=0x0, repeatCount=0, eventTime=783568, downTime=783568, deviceId=-1, source=0x101 }
08-01 23:23:58.279 11583 11583 I Input   : injectKeyEvent: KeyEvent { action=ACTION_DOWN, keyCode=KEYCODE_5, scanCode=0, metaState=0, flags=0x0, repeatCount=0, eventTime=783568, downTime=783568, deviceId=-1, source=0x101 }
08-01 23:23:58.288 11583 11583 I Input   : injectKeyEvent: KeyEvent { action=ACTION_UP, keyCode=KEYCODE_5, scanCode=0, metaState=0, flags=0x0, repeatCount=0, eventTime=783568, downTime=783568, deviceId=-1, source=0x101 }
08-01 23:23:58.289 11583 11583 I Input   : injectKeyEvent: KeyEvent { action=ACTION_DOWN, keyCode=KEYCODE_6, scanCode=0, metaState=0, flags=0x0, repeatCount=0, eventTime=783568, downTime=783568, deviceId=-1, source=0x101 }
08-01 23:23:58.292 11583 11583 I Input   : injectKeyEvent: KeyEvent { action=ACTION_UP, keyCode=KEYCODE_6, scanCode=0, metaState=0, flags=0x0, repeatCount=0, eventTime=783568, downTime=783568, deviceId=-1, source=0x101 }
08-01 23:23:58.293 11583 11583 I Input   : injectKeyEvent: KeyEvent { action=ACTION_DOWN, keyCode=KEYCODE_7, scanCode=0, metaState=0, flags=0x0, repeatCount=0, eventTime=783568, downTime=783568, deviceId=-1, source=0x101 }
08-01 23:23:58.295 11583 11583 I Input   : injectKeyEvent: KeyEvent { action=ACTION_UP, keyCode=KEYCODE_7, scanCode=0, metaState=0, flags=0x0, repeatCount=0, eventTime=783568, downTime=783568, deviceId=-1, source=0x101 }
08-01 23:23:58.304 11583 11583 D AndroidRuntime: Shutting down VM
08-01 23:24:00.237 11911 11911 D AndroidRuntime: >>>>>> START com.android.internal.os.RuntimeInit uid 0 <<<<<<
08-01 23:24:00.240 11911 11911 D AndroidRuntime: CheckJNI is OFF
08-01 23:24:00.254 11911 11911 D ICU     : No timezone override file found: /data/misc/zoneinfo/current/icu/icu_tzdata.dat
08-01 23:24:00.275 11911 11911 E memtrack: Couldn't load memtrack module (No such file or directory)
08-01 23:24:00.275 11911 11911 E android.os.Debug: failed to load memtrack module: -2
08-01 23:24:00.278 11911 11911 I Radio-JNI: register_android_hardware_Radio DONE
08-01 23:24:00.286 11911 11911 D AndroidRuntime: Calling main entry com.android.commands.uiautomator.Launcher
08-01 23:24:01.329 11911 11911 I AccessibilityNodeInfoDumper: Skipping invisible child: android.view.accessibility.AccessibilityNodeInfo@8000b8d9; boundsInParent: Rect(0, 0 - 0, 128); boundsInScreen: Rect(1184, 48 - 1184, 176); packageName: com.zola.bmi; className: android.support.v7.widget.LinearLayoutCompat; text: null; error: null; maxTextLength: -1; contentDescription: null; viewIdResName: null; checkable: false; checked: false; focusable: false; focused: false; selected: false; clickable: false; longClickable: false; contextClickable: false; enabled: true; password: false; scrollable: false; actions: [AccessibilityAction: ACTION_SELECT - null, AccessibilityAction: ACTION_CLEAR_SELECTION - null, AccessibilityAction: ACTION_ACCESSIBILITY_FOCUS - null, AccessibilityAction: ACTION_UNKNOWN - null]
08-01 23:24:01.330 11911 11911 I AccessibilityNodeInfoDumper: Skipping invisible child: android.view.accessibility.AccessibilityNodeInfo@8000934f; boundsInParent: Rect(0, 0 - 0, 54); boundsInScreen: Rect(72, 662 - 72, 716); packageName: com.zola.bmi; className: android.widget.TextView; text: null; error: null; maxTextLength: -1; contentDescription: null; viewIdResName: com.zola.bmi:id/resultLabel; checkable: false; checked: false; focusable: false; focused: false; selected: false; clickable: false; longClickable: false; contextClickable: false; enabled: true; password: false; scrollable: false; actions: [AccessibilityAction: ACTION_SELECT - null, AccessibilityAction: ACTION_CLEAR_SELECTION - null, AccessibilityAction: ACTION_ACCESSIBILITY_FOCUS - null, AccessibilityAction: ACTION_UNKNOWN - null]
08-01 23:24:01.354 11911 11911 W AccessibilityNodeInfoDumper: Fetch time: 29ms
08-01 23:24:01.354   594   753 W WindowManager: Attempted to remove non-existing token: android.os.Binder@b5d0e3b
08-01 23:24:01.369 11911 11911 D AndroidRuntime: Shutting down VM
08-01 23:24:02.473 11934 11934 D AndroidRuntime: >>>>>> START com.android.internal.os.RuntimeInit uid 0 <<<<<<
08-01 23:24:02.479 11934 11934 D AndroidRuntime: CheckJNI is OFF
08-01 23:24:02.491 11934 11934 D ICU     : No timezone override file found: /data/misc/zoneinfo/current/icu/icu_tzdata.dat
08-01 23:24:02.504 11934 11934 E memtrack: Couldn't load memtrack module (No such file or directory)
08-01 23:24:02.505 11934 11934 E android.os.Debug: failed to load memtrack module: -2
08-01 23:24:02.506 11934 11934 I Radio-JNI: register_android_hardware_Radio DONE
08-01 23:24:02.515 11934 11934 D AndroidRuntime: Calling main entry com.android.commands.uiautomator.Launcher
08-01 23:24:03.535 11934 11934 I AccessibilityNodeInfoDumper: Skipping invisible child: android.view.accessibility.AccessibilityNodeInfo@8000b8db; boundsInParent: Rect(0, 0 - 0, 128); boundsInScreen: Rect(1184, 48 - 1184, 176); packageName: com.zola.bmi; className: android.support.v7.widget.LinearLayoutCompat; text: null; error: null; maxTextLength: -1; contentDescription: null; viewIdResName: null; checkable: false; checked: false; focusable: false; focused: false; selected: false; clickable: false; longClickable: false; contextClickable: false; enabled: true; password: false; scrollable: false; actions: [AccessibilityAction: ACTION_SELECT - null, AccessibilityAction: ACTION_CLEAR_SELECTION - null, AccessibilityAction: ACTION_ACCESSIBILITY_FOCUS - null, AccessibilityAction: ACTION_UNKNOWN - null]
08-01 23:24:03.535 11934 11934 I AccessibilityNodeInfoDumper: Skipping invisible child: android.view.accessibility.AccessibilityNodeInfo@80009351; boundsInParent: Rect(0, 0 - 0, 54); boundsInScreen: Rect(72, 662 - 72, 716); packageName: com.zola.bmi; className: android.widget.TextView; text: null; error: null; maxTextLength: -1; contentDescription: null; viewIdResName: com.zola.bmi:id/resultLabel; checkable: false; checked: false; focusable: false; focused: false; selected: false; clickable: false; longClickable: false; contextClickable: false; enabled: true; password: false; scrollable: false; actions: [AccessibilityAction: ACTION_SELECT - null, AccessibilityAction: ACTION_CLEAR_SELECTION - null, AccessibilityAction: ACTION_ACCESSIBILITY_FOCUS - null, AccessibilityAction: ACTION_UNKNOWN - null]
08-01 23:24:03.537 11934 11934 W AccessibilityNodeInfoDumper: Fetch time: 6ms
08-01 23:24:03.537   594  1599 W WindowManager: Attempted to remove non-existing token: android.os.Binder@d973958
08-01 23:24:03.541 11934 11934 D AndroidRuntime: Shutting down VM
08-01 23:24:03.998 11952 11952 D AndroidRuntime: >>>>>> START com.android.internal.os.RuntimeInit uid 0 <<<<<<
08-01 23:24:03.998 11952 11952 D AndroidRuntime: CheckJNI is OFF
08-01 23:24:04.009 11952 11952 D ICU     : No timezone override file found: /data/misc/zoneinfo/current/icu/icu_tzdata.dat
08-01 23:24:04.021 11952 11952 E memtrack: Couldn't load memtrack module (No such file or directory)
08-01 23:24:04.021 11952 11952 E android.os.Debug: failed to load memtrack module: -2
08-01 23:24:04.022 11952 11952 I Radio-JNI: register_android_hardware_Radio DONE
08-01 23:24:04.029 11952 11952 D AndroidRuntime: Calling main entry com.android.commands.uiautomator.Launcher
08-01 23:24:05.045 11952 11952 I AccessibilityNodeInfoDumper: Skipping invisible child: android.view.accessibility.AccessibilityNodeInfo@8000b8e4; boundsInParent: Rect(0, 0 - 0, 128); boundsInScreen: Rect(1184, 48 - 1184, 176); packageName: com.zola.bmi; className: android.support.v7.widget.LinearLayoutCompat; text: null; error: null; maxTextLength: -1; contentDescription: null; viewIdResName: null; checkable: false; checked: false; focusable: false; focused: false; selected: false; clickable: false; longClickable: false; contextClickable: false; enabled: true; password: false; scrollable: false; actions: [AccessibilityAction: ACTION_SELECT - null, AccessibilityAction: ACTION_CLEAR_SELECTION - null, AccessibilityAction: ACTION_ACCESSIBILITY_FOCUS - null, AccessibilityAction: ACTION_UNKNOWN - null]
08-01 23:24:05.046 11952 11952 I AccessibilityNodeInfoDumper: Skipping invisible child: android.view.accessibility.AccessibilityNodeInfo@8000935a; boundsInParent: Rect(0, 0 - 0, 54); boundsInScreen: Rect(72, 662 - 72, 716); packageName: com.zola.bmi; className: android.widget.TextView; text: null; error: null; maxTextLength: -1; contentDescription: null; viewIdResName: com.zola.bmi:id/resultLabel; checkable: false; checked: false; focusable: false; focused: false; selected: false; clickable: false; longClickable: false; contextClickable: false; enabled: true; password: false; scrollable: false; actions: [AccessibilityAction: ACTION_SELECT - null, AccessibilityAction: ACTION_CLEAR_SELECTION - null, AccessibilityAction: ACTION_ACCESSIBILITY_FOCUS - null, AccessibilityAction: ACTION_UNKNOWN - null]
08-01 23:24:05.051 11952 11952 W AccessibilityNodeInfoDumper: Fetch time: 12ms
08-01 23:24:05.060   594  1018 W WindowManager: Attempted to remove non-existing token: android.os.Binder@eec6ab1
08-01 23:24:05.064 11952 11952 D AndroidRuntime: Shutting down VM
08-01 23:24:06.249 11978 11978 D AndroidRuntime: >>>>>> START com.android.internal.os.RuntimeInit uid 0 <<<<<<
08-01 23:24:06.251 11978 11978 D AndroidRuntime: CheckJNI is OFF
08-01 23:24:06.260 11978 11978 D ICU     : No timezone override file found: /data/misc/zoneinfo/current/icu/icu_tzdata.dat
08-01 23:24:06.273 11978 11978 E memtrack: Couldn't load memtrack module (No such file or directory)
08-01 23:24:06.273 11978 11978 E android.os.Debug: failed to load memtrack module: -2
08-01 23:24:06.274 11978 11978 I Radio-JNI: register_android_hardware_Radio DONE
08-01 23:24:06.280 11978 11978 D AndroidRuntime: Calling main entry com.android.commands.uiautomator.Launcher
