08-02 11:10:24.256  4290  4290 D AndroidRuntime: Calling main entry com.android.commands.uiautomator.Launcher
08-02 11:10:25.280  4290  4290 W AccessibilityNodeInfoDumper: Fetch time: 1ms
08-02 11:10:25.284   624  1564 W WindowManager: Attempted to remove non-existing token: android.os.Binder@6d78934
08-02 11:10:25.293  4290  4290 D AndroidRuntime: Shutting down VM
08-02 11:10:25.905  4307  4307 D AndroidRuntime: >>>>>> START com.android.internal.os.RuntimeInit uid 0 <<<<<<
08-02 11:10:25.908  4307  4307 D AndroidRuntime: CheckJNI is OFF
08-02 11:10:25.920  4307  4307 D ICU     : No timezone override file found: /data/misc/zoneinfo/current/icu/icu_tzdata.dat
08-02 11:10:25.932  4307  4307 E memtrack: Couldn't load memtrack module (No such file or directory)
08-02 11:10:25.932  4307  4307 E android.os.Debug: failed to load memtrack module: -2
08-02 11:10:25.933  4307  4307 I Radio-JNI: register_android_hardware_Radio DONE
08-02 11:10:25.945  4307  4307 D AndroidRuntime: Calling main entry com.android.commands.monkey.Monkey
08-02 11:10:25.968   624   638 W BroadcastQueue: Skipping deliver [background] BroadcastRecord{48e59a3 u-1 android.net.conn.CONNECTIVITY_CHANGE} to ReceiverList{6fe04a0 4307 (unknown name)/0/u-1 remote:7cb735d}: process crashing
08-02 11:10:25.981   624   767 I ActivityManager: START u0 {act=android.intent.action.MAIN cat=[android.intent.category.LAUNCHER] flg=0x10200000 cmp=com.iamtrk.androidexplorer/com.iamtrk.ItemListActivity} from uid 0 on display 0
08-02 11:10:25.988   624   639 D Sensors : batch handle 1, but there is no batch sensor in genymotion
08-02 11:10:26.002  4307  4307 I art     : System.exit called, status: 0
08-02 11:10:26.002  4307  4307 I AndroidRuntime: VM exiting with result code 0.
08-02 11:10:31.909  4328  4328 D AndroidRuntime: >>>>>> START com.android.internal.os.RuntimeInit uid 0 <<<<<<
08-02 11:10:31.910  4328  4328 D AndroidRuntime: CheckJNI is OFF
08-02 11:10:31.923  4328  4328 D ICU     : No timezone override file found: /data/misc/zoneinfo/current/icu/icu_tzdata.dat
08-02 11:10:31.942  4328  4328 E memtrack: Couldn't load memtrack module (No such file or directory)
08-02 11:10:31.942  4328  4328 E android.os.Debug: failed to load memtrack module: -2
08-02 11:10:31.943  4328  4328 I Radio-JNI: register_android_hardware_Radio DONE
08-02 11:10:31.950  4328  4328 D AndroidRuntime: Calling main entry com.android.commands.uiautomator.Launcher
08-02 11:10:32.964  4328  4328 W AccessibilityNodeInfoDumper: Fetch time: 2ms
08-02 11:10:32.964   624   636 W WindowManager: Attempted to remove non-existing token: android.os.Binder@350e859
08-02 11:10:32.986  4328  4328 D AndroidRuntime: Shutting down VM
08-02 11:10:33.550  4346  4346 D AndroidRuntime: >>>>>> START com.android.internal.os.RuntimeInit uid 0 <<<<<<
08-02 11:10:33.552  4346  4346 D AndroidRuntime: CheckJNI is OFF
08-02 11:10:33.569  4346  4346 D ICU     : No timezone override file found: /data/misc/zoneinfo/current/icu/icu_tzdata.dat
08-02 11:10:33.593  4346  4346 E memtrack: Couldn't load memtrack module (No such file or directory)
08-02 11:10:33.593  4346  4346 E android.os.Debug: failed to load memtrack module: -2
08-02 11:10:33.595  4346  4346 I Radio-JNI: register_android_hardware_Radio DONE
08-02 11:10:33.607  4346  4346 D AndroidRuntime: Calling main entry com.android.commands.uiautomator.Launcher
08-02 11:10:34.633  4346  4346 W AccessibilityNodeInfoDumper: Fetch time: 1ms
08-02 11:10:34.634   624  1051 W WindowManager: Attempted to remove non-existing token: android.os.Binder@e143c1e
08-02 11:10:34.645  4346  4346 D AndroidRuntime: Shutting down VM
08-02 11:10:35.157  4359  4359 D AndroidRuntime: >>>>>> START com.android.internal.os.RuntimeInit uid 0 <<<<<<
08-02 11:10:35.159  4359  4359 D AndroidRuntime: CheckJNI is OFF
08-02 11:10:35.178  4359  4359 D ICU     : No timezone override file found: /data/misc/zoneinfo/current/icu/icu_tzdata.dat
08-02 11:10:35.196  4359  4359 E memtrack: Couldn't load memtrack module (No such file or directory)
08-02 11:10:35.196  4359  4359 E android.os.Debug: failed to load memtrack module: -2
08-02 11:10:35.196  4359  4359 I Radio-JNI: register_android_hardware_Radio DONE
08-02 11:10:35.210  4359  4359 D AndroidRuntime: Calling main entry com.android.commands.input.Input
08-02 11:10:35.211  4359  4359 I Input   : injectMotionEvent: MotionEvent { action=ACTION_DOWN, actionButton=0, id[0]=0, x[0]=606.0, y[0]=944.0, toolType[0]=TOOL_TYPE_UNKNOWN, buttonState=0, metaState=0, flags=0x0, edgeFlags=0x0, pointerCount=1, historySize=0, eventTime=604649, downTime=604649, deviceId=0, source=0x1002 }
08-02 11:10:35.216  4359  4359 I Input   : injectMotionEvent: MotionEvent { action=ACTION_UP, actionButton=0, id[0]=0, x[0]=606.0, y[0]=944.0, toolType[0]=TOOL_TYPE_UNKNOWN, buttonState=0, metaState=0, flags=0x0, edgeFlags=0x0, pointerCount=1, historySize=0, eventTime=604649, downTime=604649, deviceId=0, source=0x1002 }
08-02 11:10:35.217  4359  4359 D AndroidRuntime: Shutting down VM
08-02 11:10:40.001  4693  4693 D AndroidRuntime: >>>>>> START com.android.internal.os.RuntimeInit uid 0 <<<<<<
08-02 11:10:40.005  4693  4693 D AndroidRuntime: CheckJNI is OFF
08-02 11:10:40.021  4693  4693 D ICU     : No timezone override file found: /data/misc/zoneinfo/current/icu/icu_tzdata.dat
08-02 11:10:40.037  4693  4693 E memtrack: Couldn't load memtrack module (No such file or directory)
08-02 11:10:40.037  4693  4693 E android.os.Debug: failed to load memtrack module: -2
08-02 11:10:40.039  4693  4693 I Radio-JNI: register_android_hardware_Radio DONE
08-02 11:10:40.048  4693  4693 D AndroidRuntime: Calling main entry com.android.commands.monkey.Monkey
08-02 11:10:40.062   624   638 W BroadcastQueue: Skipping deliver [background] BroadcastRecord{21eb115 u-1 android.net.conn.CONNECTIVITY_CHANGE} to ReceiverList{c43fc2a 4693 (unknown name)/0/u-1 remote:622ecff}: process crashing
08-02 11:10:40.073   624   635 I ActivityManager: START u0 {act=android.intent.action.MAIN cat=[android.intent.category.LAUNCHER] flg=0x10200000 cmp=com.iamtrk.androidexplorer/com.iamtrk.ItemListActivity} from uid 0 on display 0
08-02 11:10:40.081   624   639 D Sensors : batch handle 1, but there is no batch sensor in genymotion
08-02 11:10:40.086  4693  4693 I art     : System.exit called, status: 0
08-02 11:10:40.086  4693  4693 I AndroidRuntime: VM exiting with result code 0.
08-02 11:10:46.291  4706  4706 D AndroidRuntime: >>>>>> START com.android.internal.os.RuntimeInit uid 0 <<<<<<
08-02 11:10:46.294  4706  4706 D AndroidRuntime: CheckJNI is OFF
08-02 11:10:46.303  4706  4706 D ICU     : No timezone override file found: /data/misc/zoneinfo/current/icu/icu_tzdata.dat
08-02 11:10:46.317  4706  4706 E memtrack: Couldn't load memtrack module (No such file or directory)
08-02 11:10:46.317  4706  4706 E android.os.Debug: failed to load memtrack module: -2
08-02 11:10:46.318  4706  4706 I Radio-JNI: register_android_hardware_Radio DONE
08-02 11:10:46.330  4706  4706 D AndroidRuntime: Calling main entry com.android.commands.uiautomator.Launcher
08-02 11:10:47.346  4706  4706 W AccessibilityNodeInfoDumper: Fetch time: 2ms
08-02 11:10:47.346   624  1525 W WindowManager: Attempted to remove non-existing token: android.os.Binder@2435a1b
08-02 11:10:47.361  4706  4706 D AndroidRuntime: Shutting down VM
08-02 11:10:48.464  4729  4729 D AndroidRuntime: >>>>>> START com.android.internal.os.RuntimeInit uid 0 <<<<<<
08-02 11:10:48.466  4729  4729 D AndroidRuntime: CheckJNI is OFF
08-02 11:10:48.476  4729  4729 D ICU     : No timezone override file found: /data/misc/zoneinfo/current/icu/icu_tzdata.dat
08-02 11:10:48.490  4729  4729 E memtrack: Couldn't load memtrack module (No such file or directory)
08-02 11:10:48.490  4729  4729 E android.os.Debug: failed to load memtrack module: -2
08-02 11:10:48.491  4729  4729 I Radio-JNI: register_android_hardware_Radio DONE
08-02 11:10:48.498  4729  4729 D AndroidRuntime: Calling main entry com.android.commands.uiautomator.Launcher
08-02 11:10:49.514  4729  4729 W AccessibilityNodeInfoDumper: Fetch time: 2ms
08-02 11:10:49.514   624   636 W WindowManager: Attempted to remove non-existing token: android.os.Binder@c64991
08-02 11:10:49.536  4729  4729 D AndroidRuntime: Shutting down VM
08-02 11:10:50.045  4747  4747 D AndroidRuntime: >>>>>> START com.android.internal.os.RuntimeInit uid 0 <<<<<<
08-02 11:10:50.046  4747  4747 D AndroidRuntime: CheckJNI is OFF
08-02 11:10:50.057  4747  4747 D ICU     : No timezone override file found: /data/misc/zoneinfo/current/icu/icu_tzdata.dat
08-02 11:10:50.070  4747  4747 E memtrack: Couldn't load memtrack module (No such file or directory)
08-02 11:10:50.070  4747  4747 E android.os.Debug: failed to load memtrack module: -2
08-02 11:10:50.071  4747  4747 I Radio-JNI: register_android_hardware_Radio DONE
08-02 11:10:50.079  4747  4747 D AndroidRuntime: Calling main entry com.android.commands.uiautomator.Launcher
08-02 11:10:51.091  4747  4747 W AccessibilityNodeInfoDumper: Fetch time: 2ms
08-02 11:10:51.091   624  1544 W WindowManager: Attempted to remove non-existing token: android.os.Binder@5fdb0f6
08-02 11:10:51.111  4747  4747 D AndroidRuntime: Shutting down VM
08-02 11:10:52.243  4770  4770 D AndroidRuntime: >>>>>> START com.android.internal.os.RuntimeInit uid 0 <<<<<<
08-02 11:10:52.244  4770  4770 D AndroidRuntime: CheckJNI is OFF
08-02 11:10:52.255  4770  4770 D ICU     : No timezone override file found: /data/misc/zoneinfo/current/icu/icu_tzdata.dat
08-02 11:10:52.271  4770  4770 E memtrack: Couldn't load memtrack module (No such file or directory)
08-02 11:10:52.271  4770  4770 E android.os.Debug: failed to load memtrack module: -2
08-02 11:10:52.272  4770  4770 I Radio-JNI: register_android_hardware_Radio DONE
08-02 11:10:52.278  4770  4770 D AndroidRuntime: Calling main entry com.android.commands.uiautomator.Launcher
08-02 11:10:53.290  4770  4770 W AccessibilityNodeInfoDumper: Fetch time: 2ms
08-02 11:10:53.291   624   636 W WindowManager: Attempted to remove non-existing token: android.os.Binder@d337cf7
08-02 11:10:53.303  4770  4770 D AndroidRuntime: Shutting down VM
08-02 11:10:54.476  4798  4798 D AndroidRuntime: >>>>>> START com.android.internal.os.RuntimeInit uid 0 <<<<<<
08-02 11:10:54.479  4798  4798 D AndroidRuntime: CheckJNI is OFF
08-02 11:10:54.489  4798  4798 D ICU     : No timezone override file found: /data/misc/zoneinfo/current/icu/icu_tzdata.dat
08-02 11:10:54.501  4798  4798 E memtrack: Couldn't load memtrack module (No such file or directory)
08-02 11:10:54.501  4798  4798 E android.os.Debug: failed to load memtrack module: -2
08-02 11:10:54.502  4798  4798 I Radio-JNI: register_android_hardware_Radio DONE
08-02 11:10:54.512  4798  4798 D AndroidRuntime: Calling main entry com.android.commands.uiautomator.Launcher
08-02 11:10:55.531  4798  4798 W AccessibilityNodeInfoDumper: Fetch time: 1ms
08-02 11:10:55.531   624   635 W WindowManager: Attempted to remove non-existing token: android.os.Binder@d09a764
08-02 11:10:55.544  4798  4798 D AndroidRuntime: Shutting down VM
08-02 11:10:56.759  4824  4824 D AndroidRuntime: >>>>>> START com.android.internal.os.RuntimeInit uid 0 <<<<<<
08-02 11:10:56.762  4824  4824 D AndroidRuntime: CheckJNI is OFF
08-02 11:10:56.777  4824  4824 D ICU     : No timezone override file found: /data/misc/zoneinfo/current/icu/icu_tzdata.dat
08-02 11:10:56.794  4824  4824 E memtrack: Couldn't load memtrack module (No such file or directory)
08-02 11:10:56.794  4824  4824 E android.os.Debug: failed to load memtrack module: -2
08-02 11:10:56.797  4824  4824 I Radio-JNI: register_android_hardware_Radio DONE
08-02 11:10:56.808  4824  4824 D AndroidRuntime: Calling main entry com.android.commands.uiautomator.Launcher
08-02 11:10:57.826  4824  4824 W AccessibilityNodeInfoDumper: Fetch time: 3ms
08-02 11:10:57.827   624   728 W WindowManager: Attempted to remove non-existing token: android.os.Binder@974edcd
08-02 11:10:57.842  4824  4824 D AndroidRuntime: Shutting down VM
08-02 11:10:58.341  4842  4842 D AndroidRuntime: >>>>>> START com.android.internal.os.RuntimeInit uid 0 <<<<<<
08-02 11:10:58.343  4842  4842 D AndroidRuntime: CheckJNI is OFF
08-02 11:10:58.352  4842  4842 D ICU     : No timezone override file found: /data/misc/zoneinfo/current/icu/icu_tzdata.dat
08-02 11:10:58.367  4842  4842 E memtrack: Couldn't load memtrack module (No such file or directory)
08-02 11:10:58.367  4842  4842 E android.os.Debug: failed to load memtrack module: -2
08-02 11:10:58.368  4842  4842 I Radio-JNI: register_android_hardware_Radio DONE
08-02 11:10:58.377  4842  4842 D AndroidRuntime: Calling main entry com.android.commands.uiautomator.Launcher
08-02 11:10:59.392  4842  4842 W AccessibilityNodeInfoDumper: Fetch time: 1ms
08-02 11:10:59.393   624  1079 W WindowManager: Attempted to remove non-existing token: android.os.Binder@198f193
08-02 11:10:59.410  4842  4842 D AndroidRuntime: Shutting down VM
08-02 11:11:00.549  4865  4865 D AndroidRuntime: >>>>>> START com.android.internal.os.RuntimeInit uid 0 <<<<<<
08-02 11:11:00.550  4865  4865 D AndroidRuntime: CheckJNI is OFF
08-02 11:11:00.561  4865  4865 D ICU     : No timezone override file found: /data/misc/zoneinfo/current/icu/icu_tzdata.dat
08-02 11:11:00.573  4865  4865 E memtrack: Couldn't load memtrack module (No such file or directory)
08-02 11:11:00.573  4865  4865 E android.os.Debug: failed to load memtrack module: -2
08-02 11:11:00.575  4865  4865 I Radio-JNI: register_android_hardware_Radio DONE
08-02 11:11:00.583  4865  4865 D AndroidRuntime: Calling main entry com.android.commands.uiautomator.Launcher
08-02 11:11:01.599  4865  4865 W AccessibilityNodeInfoDumper: Fetch time: 1ms
08-02 11:11:01.600   624  1079 W WindowManager: Attempted to remove non-existing token: android.os.Binder@26bd5d0
08-02 11:11:01.610  4865  4865 D AndroidRuntime: Shutting down VM
08-02 11:11:02.118  4883  4883 D AndroidRuntime: >>>>>> START com.android.internal.os.RuntimeInit uid 0 <<<<<<
08-02 11:11:02.120  4883  4883 D AndroidRuntime: CheckJNI is OFF
08-02 11:11:02.129  4883  4883 D ICU     : No timezone override file found: /data/misc/zoneinfo/current/icu/icu_tzdata.dat
08-02 11:11:02.141  4883  4883 E memtrack: Couldn't load memtrack module (No such file or directory)
08-02 11:11:02.141  4883  4883 E android.os.Debug: failed to load memtrack module: -2
08-02 11:11:02.143  4883  4883 I Radio-JNI: register_android_hardware_Radio DONE
08-02 11:11:02.150  4883  4883 D AndroidRuntime: Calling main entry com.android.commands.uiautomator.Launcher
08-02 11:11:03.165  4883  4883 W AccessibilityNodeInfoDumper: Fetch time: 1ms
08-02 11:11:03.166   624  1051 W WindowManager: Attempted to remove non-existing token: android.os.Binder@1ef99c9
08-02 11:11:03.172  4883  4883 D AndroidRuntime: Shutting down VM
08-02 11:11:04.269  4907  4907 D AndroidRuntime: >>>>>> START com.android.internal.os.RuntimeInit uid 0 <<<<<<
08-02 11:11:04.271  4907  4907 D AndroidRuntime: CheckJNI is OFF
08-02 11:11:04.281  4907  4907 D ICU     : No timezone override file found: /data/misc/zoneinfo/current/icu/icu_tzdata.dat
08-02 11:11:04.293  4907  4907 E memtrack: Couldn't load memtrack module (No such file or directory)
08-02 11:11:04.293  4907  4907 E android.os.Debug: failed to load memtrack module: -2
08-02 11:11:04.294  4907  4907 I Radio-JNI: register_android_hardware_Radio DONE
08-02 11:11:04.300  4907  4907 D AndroidRuntime: Calling main entry com.android.commands.uiautomator.Launcher
08-02 11:11:05.310  4907  4907 W AccessibilityNodeInfoDumper: Fetch time: 1ms
08-02 11:11:05.310   624   728 W WindowManager: Attempted to remove non-existing token: android.os.Binder@e55e8ce
08-02 11:11:05.332  4907  4907 D AndroidRuntime: Shutting down VM
08-02 11:11:05.808  4925  4925 D AndroidRuntime: >>>>>> START com.android.internal.os.RuntimeInit uid 0 <<<<<<
08-02 11:11:05.810  4925  4925 D AndroidRuntime: CheckJNI is OFF
08-02 11:11:05.823  4925  4925 D ICU     : No timezone override file found: /data/misc/zoneinfo/current/icu/icu_tzdata.dat
08-02 11:11:05.838  4925  4925 E memtrack: Couldn't load memtrack module (No such file or directory)
08-02 11:11:05.838  4925  4925 E android.os.Debug: failed to load memtrack module: -2
08-02 11:11:05.839  4925  4925 I Radio-JNI: register_android_hardware_Radio DONE
08-02 11:11:05.847  4925  4925 D AndroidRuntime: Calling main entry com.android.commands.uiautomator.Launcher
08-02 11:11:06.858  4925  4925 W AccessibilityNodeInfoDumper: Fetch time: 2ms
08-02 11:11:06.859   624   636 W WindowManager: Attempted to remove non-existing token: android.os.Binder@4d713ef
08-02 11:11:06.871  4925  4925 D AndroidRuntime: Shutting down VM
08-02 11:11:07.355  4942  4942 D AndroidRuntime: >>>>>> START com.android.internal.os.RuntimeInit uid 0 <<<<<<
08-02 11:11:07.356  4942  4942 D AndroidRuntime: CheckJNI is OFF
08-02 11:11:07.365  4942  4942 D ICU     : No timezone override file found: /data/misc/zoneinfo/current/icu/icu_tzdata.dat
08-02 11:11:07.378  4942  4942 E memtrack: Couldn't load memtrack module (No such file or directory)
08-02 11:11:07.378  4942  4942 E android.os.Debug: failed to load memtrack module: -2
08-02 11:11:07.379  4942  4942 I Radio-JNI: register_android_hardware_Radio DONE
08-02 11:11:07.388  4942  4942 D AndroidRuntime: Calling main entry com.android.commands.monkey.Monkey
08-02 11:11:07.398   624   638 W BroadcastQueue: Skipping deliver [background] BroadcastRecord{16bc3da u-1 android.net.conn.CONNECTIVITY_CHANGE} to ReceiverList{52b000b 4942 (unknown name)/0/u-1 remote:1807efc}: process crashing
08-02 11:11:07.408   624  1525 I ActivityManager: START u0 {act=android.intent.action.MAIN cat=[android.intent.category.LAUNCHER] flg=0x10200000 cmp=com.iamtrk.androidexplorer/com.iamtrk.ItemListActivity} from uid 0 on display 0
08-02 11:11:07.414   624   639 D Sensors : batch handle 1, but there is no batch sensor in genymotion
08-02 11:11:07.416  4942  4942 I art     : System.exit called, status: 0
08-02 11:11:07.416  4942  4942 I AndroidRuntime: VM exiting with result code 0.
08-02 11:11:13.312  4962  4962 D AndroidRuntime: >>>>>> START com.android.internal.os.RuntimeInit uid 0 <<<<<<
08-02 11:11:13.313  4962  4962 D AndroidRuntime: CheckJNI is OFF
08-02 11:11:13.322  4962  4962 D ICU     : No timezone override file found: /data/misc/zoneinfo/current/icu/icu_tzdata.dat
08-02 11:11:13.335  4962  4962 E memtrack: Couldn't load memtrack module (No such file or directory)
08-02 11:11:13.335  4962  4962 E android.os.Debug: failed to load memtrack module: -2
08-02 11:11:13.336  4962  4962 I Radio-JNI: register_android_hardware_Radio DONE
08-02 11:11:13.351  4962  4962 D AndroidRuntime: Calling main entry com.android.commands.uiautomator.Launcher
08-02 11:11:14.371  4962  4962 W AccessibilityNodeInfoDumper: Fetch time: 3ms
08-02 11:11:14.371   624   728 W WindowManager: Attempted to remove non-existing token: android.os.Binder@d48ee8
08-02 11:11:14.392  4962  4962 D AndroidRuntime: Shutting down VM
08-02 11:11:14.878  4980  4980 D AndroidRuntime: >>>>>> START com.android.internal.os.RuntimeInit uid 0 <<<<<<
08-02 11:11:14.879  4980  4980 D AndroidRuntime: CheckJNI is OFF
08-02 11:11:14.888  4980  4980 D ICU     : No timezone override file found: /data/misc/zoneinfo/current/icu/icu_tzdata.dat
08-02 11:11:14.900  4980  4980 E memtrack: Couldn't load memtrack module (No such file or directory)
08-02 11:11:14.900  4980  4980 E android.os.Debug: failed to load memtrack module: -2
08-02 11:11:14.901  4980  4980 I Radio-JNI: register_android_hardware_Radio DONE
08-02 11:11:14.908  4980  4980 D AndroidRuntime: Calling main entry com.android.commands.uiautomator.Launcher
08-02 11:11:15.920  4980  4980 W AccessibilityNodeInfoDumper: Fetch time: 1ms
08-02 11:11:15.920   624   636 W WindowManager: Attempted to remove non-existing token: android.os.Binder@d7bb901
08-02 11:11:15.935  4980  4980 D AndroidRuntime: Shutting down VM
08-02 11:11:16.360  4993  4993 D AndroidRuntime: >>>>>> START com.android.internal.os.RuntimeInit uid 0 <<<<<<
08-02 11:11:16.363  4993  4993 D AndroidRuntime: CheckJNI is OFF
08-02 11:11:16.372  4993  4993 D ICU     : No timezone override file found: /data/misc/zoneinfo/current/icu/icu_tzdata.dat
08-02 11:11:16.384  4993  4993 E memtrack: Couldn't load memtrack module (No such file or directory)
08-02 11:11:16.384  4993  4993 E android.os.Debug: failed to load memtrack module: -2
08-02 11:11:16.385  4993  4993 I Radio-JNI: register_android_hardware_Radio DONE
08-02 11:11:16.392  4993  4993 D AndroidRuntime: Calling main entry com.android.commands.input.Input
08-02 11:11:16.397  4993  4993 I Input   : injectMotionEvent: MotionEvent { action=ACTION_DOWN, actionButton=0, id[0]=0, x[0]=896.0, y[0]=1062.0, toolType[0]=TOOL_TYPE_UNKNOWN, buttonState=0, metaState=0, flags=0x0, edgeFlags=0x0, pointerCount=1, historySize=0, eventTime=645831, downTime=645831, deviceId=0, source=0x1002 }
08-02 11:11:16.400  4993  4993 I Input   : injectMotionEvent: MotionEvent { action=ACTION_UP, actionButton=0, id[0]=0, x[0]=896.0, y[0]=1062.0, toolType[0]=TOOL_TYPE_UNKNOWN, buttonState=0, metaState=0, flags=0x0, edgeFlags=0x0, pointerCount=1, historySize=0, eventTime=645831, downTime=645831, deviceId=0, source=0x1002 }
08-02 11:11:16.401  4993  4993 D AndroidRuntime: Shutting down VM
08-02 11:11:16.437  3434  3434 D leak-2-2: Eastern Standard Time
08-02 11:11:16.437  3434  3434 D leak-3-2: Eastern Standard Time
08-02 11:11:16.437  3434  3434 D leak-4-2: Eastern Standard Time
08-02 11:11:16.437  3434  3434 D leak-6-2: Eastern Standard Time
08-02 11:11:16.437  3434  3434 D leak-8-2: Eastern Standard Time
08-02 11:11:16.440  3434  3434 I AppCompatDelegate: The Activity's LayoutInflater already has a Factory installed so we can not install AppCompat's
08-02 11:11:16.502  2057  2071 E Surface : getSlotFromBufferLocked: unknown buffer: 0xf3d16ec0
08-02 11:11:16.507  2057  2071 D OpenGLRenderer: endAllStagingAnimators on 0xf3cdb780 (RippleDrawable) with handle 0xeead2c80
08-02 11:11:16.536   267   661 D AudioFlinger: mixer(0xf1d80000) throttle end: throttle time(5)
08-02 11:11:16.541  3434  3449 W EGL_emulation: eglSurfaceAttrib not implemented
08-02 11:11:16.541  3434  3449 W OpenGLRenderer: Failed to set EGL_SWAP_BEHAVIOR on surface 0xe9ae0ca0, error=EGL_SUCCESS
08-02 11:11:16.728   450   450 W SurfaceFlinger: couldn't log to binary event log: overflow.
08-02 11:11:21.552  5329  5329 D AndroidRuntime: >>>>>> START com.android.internal.os.RuntimeInit uid 0 <<<<<<
08-02 11:11:21.553  5329  5329 D AndroidRuntime: CheckJNI is OFF
08-02 11:11:21.563  5329  5329 D ICU     : No timezone override file found: /data/misc/zoneinfo/current/icu/icu_tzdata.dat
08-02 11:11:21.576  5329  5329 E memtrack: Couldn't load memtrack module (No such file or directory)
08-02 11:11:21.576  5329  5329 E android.os.Debug: failed to load memtrack module: -2
08-02 11:11:21.578  5329  5329 I Radio-JNI: register_android_hardware_Radio DONE
08-02 11:11:21.586  5329  5329 D AndroidRuntime: Calling main entry com.android.commands.uiautomator.Launcher
08-02 11:11:22.608  5329  5329 W AccessibilityNodeInfoDumper: Fetch time: 1ms
08-02 11:11:22.608   624  1525 W WindowManager: Attempted to remove non-existing token: android.os.Binder@55f9f2c
08-02 11:11:22.652  5329  5329 D AndroidRuntime: Shutting down VM
08-02 11:11:23.750  5353  5353 D AndroidRuntime: >>>>>> START com.android.internal.os.RuntimeInit uid 0 <<<<<<
08-02 11:11:23.752  5353  5353 D AndroidRuntime: CheckJNI is OFF
08-02 11:11:23.761  5353  5353 D ICU     : No timezone override file found: /data/misc/zoneinfo/current/icu/icu_tzdata.dat
08-02 11:11:23.775  5353  5353 E memtrack: Couldn't load memtrack module (No such file or directory)
08-02 11:11:23.775  5353  5353 E android.os.Debug: failed to load memtrack module: -2
08-02 11:11:23.776  5353  5353 I Radio-JNI: register_android_hardware_Radio DONE
08-02 11:11:23.786  5353  5353 D AndroidRuntime: Calling main entry com.android.commands.uiautomator.Launcher
08-02 11:11:24.802  5353  5353 W AccessibilityNodeInfoDumper: Fetch time: 2ms
08-02 11:11:24.802   624  1525 W WindowManager: Attempted to remove non-existing token: android.os.Binder@43e5df5
08-02 11:11:24.818  5353  5353 D AndroidRuntime: Shutting down VM
08-02 11:11:25.306  5370  5370 D AndroidRuntime: >>>>>> START com.android.internal.os.RuntimeInit uid 0 <<<<<<
08-02 11:11:25.308  5370  5370 D AndroidRuntime: CheckJNI is OFF
08-02 11:11:25.319  5370  5370 D ICU     : No timezone override file found: /data/misc/zoneinfo/current/icu/icu_tzdata.dat
08-02 11:11:25.337  5370  5370 E memtrack: Couldn't load memtrack module (No such file or directory)
08-02 11:11:25.337  5370  5370 E android.os.Debug: failed to load memtrack module: -2
08-02 11:11:25.338  5370  5370 I Radio-JNI: register_android_hardware_Radio DONE
08-02 11:11:25.347  5370  5370 D AndroidRuntime: Calling main entry com.android.commands.uiautomator.Launcher
08-02 11:11:26.361  5370  5370 W AccessibilityNodeInfoDumper: Fetch time: 2ms
08-02 11:11:26.361   624  1544 W WindowManager: Attempted to remove non-existing token: android.os.Binder@facd78a
08-02 11:11:26.374  5370  5370 D AndroidRuntime: Shutting down VM
08-02 11:11:27.680  5393  5393 D AndroidRuntime: >>>>>> START com.android.internal.os.RuntimeInit uid 0 <<<<<<
08-02 11:11:27.681  5393  5393 D AndroidRuntime: CheckJNI is OFF
08-02 11:11:27.693  5393  5393 D ICU     : No timezone override file found: /data/misc/zoneinfo/current/icu/icu_tzdata.dat
08-02 11:11:27.706  5393  5393 E memtrack: Couldn't load memtrack module (No such file or directory)
08-02 11:11:27.706  5393  5393 E android.os.Debug: failed to load memtrack module: -2
08-02 11:11:27.706  5393  5393 I Radio-JNI: register_android_hardware_Radio DONE
08-02 11:11:27.712  5393  5393 D AndroidRuntime: Calling main entry com.android.commands.uiautomator.Launcher
08-02 11:11:28.724  5393  5393 W AccessibilityNodeInfoDumper: Fetch time: 1ms
08-02 11:11:28.724   624  1526 W WindowManager: Attempted to remove non-existing token: android.os.Binder@50001fb
08-02 11:11:28.754  5393  5393 D AndroidRuntime: Shutting down VM
08-02 11:11:29.964  5420  5420 D AndroidRuntime: >>>>>> START com.android.internal.os.RuntimeInit uid 0 <<<<<<
08-02 11:11:29.966  5420  5420 D AndroidRuntime: CheckJNI is OFF
08-02 11:11:29.979  5420  5420 D ICU     : No timezone override file found: /data/misc/zoneinfo/current/icu/icu_tzdata.dat
08-02 11:11:29.995  5420  5420 E memtrack: Couldn't load memtrack module (No such file or directory)
08-02 11:11:29.995  5420  5420 E android.os.Debug: failed to load memtrack module: -2
08-02 11:11:29.996  5420  5420 I Radio-JNI: register_android_hardware_Radio DONE
08-02 11:11:30.012  5420  5420 D AndroidRuntime: Calling main entry com.android.commands.uiautomator.Launcher
08-02 11:11:31.037  5420  5420 W AccessibilityNodeInfoDumper: Fetch time: 2ms
08-02 11:11:31.038   624   728 W WindowManager: Attempted to remove non-existing token: android.os.Binder@4bd8218
08-02 11:11:31.066  5420  5420 D AndroidRuntime: Shutting down VM
08-02 11:11:32.238  5445  5445 D AndroidRuntime: >>>>>> START com.android.internal.os.RuntimeInit uid 0 <<<<<<
08-02 11:11:32.240  5445  5445 D AndroidRuntime: CheckJNI is OFF
08-02 11:11:32.254  5445  5445 D ICU     : No timezone override file found: /data/misc/zoneinfo/current/icu/icu_tzdata.dat
08-02 11:11:32.269  5445  5445 E memtrack: Couldn't load memtrack module (No such file or directory)
08-02 11:11:32.269  5445  5445 E android.os.Debug: failed to load memtrack module: -2
08-02 11:11:32.270  5445  5445 I Radio-JNI: register_android_hardware_Radio DONE
08-02 11:11:32.280  5445  5445 D AndroidRuntime: Calling main entry com.android.commands.uiautomator.Launcher
08-02 11:11:33.295  5445  5445 W AccessibilityNodeInfoDumper: Fetch time: 2ms
08-02 11:11:33.295   624   635 W WindowManager: Attempted to remove non-existing token: android.os.Binder@8e3e471
08-02 11:11:33.303  5445  5445 D AndroidRuntime: Shutting down VM
08-02 11:11:33.820  5462  5462 D AndroidRuntime: >>>>>> START com.android.internal.os.RuntimeInit uid 0 <<<<<<
08-02 11:11:33.822  5462  5462 D AndroidRuntime: CheckJNI is OFF
08-02 11:11:33.832  5462  5462 D ICU     : No timezone override file found: /data/misc/zoneinfo/current/icu/icu_tzdata.dat
08-02 11:11:33.847  5462  5462 E memtrack: Couldn't load memtrack module (No such file or directory)
08-02 11:11:33.847  5462  5462 E android.os.Debug: failed to load memtrack module: -2
08-02 11:11:33.848  5462  5462 I Radio-JNI: register_android_hardware_Radio DONE
08-02 11:11:33.855  5462  5462 D AndroidRuntime: Calling main entry com.android.commands.uiautomator.Launcher
08-02 11:11:34.872  5462  5462 W AccessibilityNodeInfoDumper: Fetch time: 2ms
08-02 11:11:34.873   624  1525 W WindowManager: Attempted to remove non-existing token: android.os.Binder@242c2d7
08-02 11:11:34.894  5462  5462 D AndroidRuntime: Shutting down VM
08-02 11:11:36.047  5485  5485 D AndroidRuntime: >>>>>> START com.android.internal.os.RuntimeInit uid 0 <<<<<<
08-02 11:11:36.049  5485  5485 D AndroidRuntime: CheckJNI is OFF
08-02 11:11:36.061  5485  5485 D ICU     : No timezone override file found: /data/misc/zoneinfo/current/icu/icu_tzdata.dat
08-02 11:11:36.073  5485  5485 E memtrack: Couldn't load memtrack module (No such file or directory)
08-02 11:11:36.073  5485  5485 E android.os.Debug: failed to load memtrack module: -2
08-02 11:11:36.074  5485  5485 I Radio-JNI: register_android_hardware_Radio DONE
08-02 11:11:36.084  5485  5485 D AndroidRuntime: Calling main entry com.android.commands.uiautomator.Launcher
08-02 11:11:37.096  5485  5485 W AccessibilityNodeInfoDumper: Fetch time: 1ms
08-02 11:11:37.096   624  1079 W WindowManager: Attempted to remove non-existing token: android.os.Binder@714a7c4
08-02 11:11:37.105  5485  5485 D AndroidRuntime: Shutting down VM
08-02 11:11:37.624  5502  5502 D AndroidRuntime: >>>>>> START com.android.internal.os.RuntimeInit uid 0 <<<<<<
08-02 11:11:37.628  5502  5502 D AndroidRuntime: CheckJNI is OFF
08-02 11:11:37.640  5502  5502 D ICU     : No timezone override file found: /data/misc/zoneinfo/current/icu/icu_tzdata.dat
08-02 11:11:37.655  5502  5502 E memtrack: Couldn't load memtrack module (No such file or directory)
08-02 11:11:37.655  5502  5502 E android.os.Debug: failed to load memtrack module: -2
08-02 11:11:37.655  5502  5502 I Radio-JNI: register_android_hardware_Radio DONE
08-02 11:11:37.668  5502  5502 D AndroidRuntime: Calling main entry com.android.commands.uiautomator.Launcher
08-02 11:11:38.690  5502  5502 W AccessibilityNodeInfoDumper: Fetch time: 2ms
08-02 11:11:38.690   624   635 W WindowManager: Attempted to remove non-existing token: android.os.Binder@48156ad
08-02 11:11:38.704  5502  5502 D AndroidRuntime: Shutting down VM
08-02 11:11:39.881  5525  5525 D AndroidRuntime: >>>>>> START com.android.internal.os.RuntimeInit uid 0 <<<<<<
08-02 11:11:39.883  5525  5525 D AndroidRuntime: CheckJNI is OFF
08-02 11:11:39.892  5525  5525 D ICU     : No timezone override file found: /data/misc/zoneinfo/current/icu/icu_tzdata.dat
08-02 11:11:39.911  5525  5525 E memtrack: Couldn't load memtrack module (No such file or directory)
08-02 11:11:39.911  5525  5525 E android.os.Debug: failed to load memtrack module: -2
08-02 11:11:39.913  5525  5525 I Radio-JNI: register_android_hardware_Radio DONE
08-02 11:11:39.923  5525  5525 D AndroidRuntime: Calling main entry com.android.commands.uiautomator.Launcher
08-02 11:11:40.954  5525  5525 W AccessibilityNodeInfoDumper: Fetch time: 1ms
08-02 11:11:40.954   624  1051 W WindowManager: Attempted to remove non-existing token: android.os.Binder@a48cde2
08-02 11:11:40.962  5525  5525 D AndroidRuntime: Shutting down VM
08-02 11:11:41.581  5542  5542 D AndroidRuntime: >>>>>> START com.android.internal.os.RuntimeInit uid 0 <<<<<<
08-02 11:11:41.584  5542  5542 D AndroidRuntime: CheckJNI is OFF
08-02 11:11:41.609  5542  5542 D ICU     : No timezone override file found: /data/misc/zoneinfo/current/icu/icu_tzdata.dat
08-02 11:11:41.637  5542  5542 E memtrack: Couldn't load memtrack module (No such file or directory)
08-02 11:11:41.637  5542  5542 E android.os.Debug: failed to load memtrack module: -2
08-02 11:11:41.638  5542  5542 I Radio-JNI: register_android_hardware_Radio DONE
08-02 11:11:41.645  5542  5542 D AndroidRuntime: Calling main entry com.android.commands.uiautomator.Launcher
08-02 11:11:42.662  5542  5542 W AccessibilityNodeInfoDumper: Fetch time: 2ms
08-02 11:11:42.662   624  1526 W WindowManager: Attempted to remove non-existing token: android.os.Binder@e86b573
08-02 11:11:42.680  5542  5542 D AndroidRuntime: Shutting down VM
08-02 11:11:43.881  5566  5566 D AndroidRuntime: >>>>>> START com.android.internal.os.RuntimeInit uid 0 <<<<<<
08-02 11:11:43.884  5566  5566 D AndroidRuntime: CheckJNI is OFF
08-02 11:11:43.894  5566  5566 D ICU     : No timezone override file found: /data/misc/zoneinfo/current/icu/icu_tzdata.dat
08-02 11:11:43.913  5566  5566 E memtrack: Couldn't load memtrack module (No such file or directory)
08-02 11:11:43.913  5566  5566 E android.os.Debug: failed to load memtrack module: -2
08-02 11:11:43.915  5566  5566 I Radio-JNI: register_android_hardware_Radio DONE
08-02 11:11:43.924  5566  5566 D AndroidRuntime: Calling main entry com.android.commands.uiautomator.Launcher
08-02 11:11:44.941  5566  5566 W AccessibilityNodeInfoDumper: Fetch time: 1ms
08-02 11:11:44.942   624  1526 W WindowManager: Attempted to remove non-existing token: android.os.Binder@4967c30
08-02 11:11:44.955  5566  5566 D AndroidRuntime: Shutting down VM
08-02 11:11:45.489  5583  5583 D AndroidRuntime: >>>>>> START com.android.internal.os.RuntimeInit uid 0 <<<<<<
08-02 11:11:45.491  5583  5583 D AndroidRuntime: CheckJNI is OFF
08-02 11:11:45.505  5583  5583 D ICU     : No timezone override file found: /data/misc/zoneinfo/current/icu/icu_tzdata.dat
08-02 11:11:45.524  5583  5583 E memtrack: Couldn't load memtrack module (No such file or directory)
08-02 11:11:45.524  5583  5583 E android.os.Debug: failed to load memtrack module: -2
08-02 11:11:45.525  5583  5583 I Radio-JNI: register_android_hardware_Radio DONE
08-02 11:11:45.533  5583  5583 D AndroidRuntime: Calling main entry com.android.commands.uiautomator.Launcher
08-02 11:11:46.548  5583  5583 W AccessibilityNodeInfoDumper: Fetch time: 2ms
08-02 11:11:46.549   624   636 W WindowManager: Attempted to remove non-existing token: android.os.Binder@b09b0a9
08-02 11:11:46.571  5583  5583 D AndroidRuntime: Shutting down VM
08-02 11:11:47.277  5596  5596 D AndroidRuntime: >>>>>> START com.android.internal.os.RuntimeInit uid 0 <<<<<<
08-02 11:11:47.280  5596  5596 D AndroidRuntime: CheckJNI is OFF
08-02 11:11:47.298  5596  5596 D ICU     : No timezone override file found: /data/misc/zoneinfo/current/icu/icu_tzdata.dat
08-02 11:11:47.322  5596  5596 E memtrack: Couldn't load memtrack module (No such file or directory)
08-02 11:11:47.322  5596  5596 E android.os.Debug: failed to load memtrack module: -2
08-02 11:11:47.324  5596  5596 I Radio-JNI: register_android_hardware_Radio DONE
08-02 11:11:47.334  5596  5596 D AndroidRuntime: Calling main entry com.android.commands.input.Input
08-02 11:11:47.340  5596  5596 I Input   : injectMotionEvent: MotionEvent { action=ACTION_DOWN, actionButton=0, id[0]=0, x[0]=959.0, y[0]=1029.0, toolType[0]=TOOL_TYPE_UNKNOWN, buttonState=0, metaState=0, flags=0x0, edgeFlags=0x0, pointerCount=1, historySize=0, eventTime=676777, downTime=676777, deviceId=0, source=0x1002 }
08-02 11:11:47.353  5596  5596 I Input   : injectMotionEvent: MotionEvent { action=ACTION_UP, actionButton=0, id[0]=0, x[0]=959.0, y[0]=1029.0, toolType[0]=TOOL_TYPE_UNKNOWN, buttonState=0, metaState=0, flags=0x0, edgeFlags=0x0, pointerCount=1, historySize=0, eventTime=676777, downTime=676777, deviceId=0, source=0x1002 }
08-02 11:11:47.355  5596  5596 D AndroidRuntime: Shutting down VM
08-02 11:11:47.363  3434  3434 D leak-15-0: Eastern Standard Time
08-02 11:11:47.363  3434  3434 D leak-5-0: Eastern Standard Time
08-02 11:11:47.363  3434  3434 D leak-2-6: Eastern Standard Time
08-02 11:11:47.363  3434  3434 D leak-3-6: Eastern Standard Time
08-02 11:11:47.363  3434  3434 D leak-4-6: Eastern Standard Time
08-02 11:11:47.363  3434  3434 D leak-6-6: Eastern Standard Time
08-02 11:11:47.363  3434  3434 D leak-8-6: Eastern Standard Time
08-02 11:11:47.363  3434  3434 D leak-10-6: Eastern Standard Time
08-02 11:11:47.365  3434  3434 D leak-31-0: Eastern Standard Time
08-02 11:11:47.365  3434  3434 D leak-37-1: Eastern Standard Time
08-02 11:11:47.365  3434  3434 D leak-31-0: Eastern Standard Time
08-02 11:11:47.365  3434  3434 D leak-70-0: Eastern Standard Time
08-02 11:11:47.366  3434  3434 D leak-31-0: Eastern Standard Time
08-02 11:11:47.366  3434  3434 D leak-61-0: Eastern Standard Time
08-02 11:11:47.366  3434  3434 D leak-31-0: Eastern Standard Time
08-02 11:11:47.366  3434  3434 D leak-46-1: Eastern Standard Time
08-02 11:11:47.366  3434  3434 D leak-46-2: Eastern Standard Time
08-02 11:11:47.366  3434  3434 D leak-47-2: Eastern Standard Time
08-02 11:11:47.370  3434  3434 D leak-35-0: Eastern Standard Time
08-02 11:11:47.370  3434  3434 D leak-35-0: Eastern Standard Time
08-02 11:11:47.370  3434  3434 D leak-35-0: Eastern Standard Time
08-02 11:11:47.370  3434  3434 D leak-35-0: Eastern Standard Time
08-02 11:11:47.370  3434  3434 D leak-35-0: Eastern Standard Time
08-02 11:11:47.370  3434  3434 D leak-35-0: Eastern Standard Time
08-02 11:11:47.370  3434  3434 D leak-35-0: Eastern Standard Time
08-02 11:11:47.370  3434  3434 D leak-35-0: Eastern Standard Time
08-02 11:11:47.370  3434  3434 I ConfigItem: Config: {1.0 310mcc270mnc en_US ldltr sw600dp w600dp h888dp 320dpi lrg port finger -keyb/v/h dpad/v s.7}
08-02 11:11:47.370  3434  3434 I ConfigItem: fontScale: 1.00000
08-02 11:11:47.370  3434  3434 I ConfigItem: hardKeyboardHidden: 2
08-02 11:11:47.370  3434  3434 I ConfigItem: keyboard: 1
08-02 11:11:47.370  3434  3434 I ConfigItem: keyboardHidden: 1
08-02 11:11:47.370  3434  3434 I ConfigItem: locale: en_US
08-02 11:11:47.370  3434  3434 I ConfigItem: mcc: 310
08-02 11:11:47.370  3434  3434 I ConfigItem: mnc: 270
08-02 11:11:47.370  3434  3434 I ConfigItem: navigation: 2
08-02 11:11:47.370  3434  3434 I ConfigItem: navigationHidden: 1
08-02 11:11:47.370  3434  3434 I ConfigItem: orientation: 1
08-02 11:11:47.370  3434  3434 I ConfigItem: screenHeightDp: 888
08-02 11:11:47.370  3434  3434 I ConfigItem: screenLayout: 0x10000153
08-02 11:11:47.370  3434  3434 I ConfigItem: screenWidthDp: 600
08-02 11:11:47.370  3434  3434 I ConfigItem: smallestScreenWidthDp: 600
08-02 11:11:47.370  3434  3434 I ConfigItem: touchscreen: 3
08-02 11:11:47.370  3434  3434 I ConfigItem: uiMode: UI_MODE_TYPE_NORMAL|UI_MODE_NIGHT_NO
08-02 11:11:47.371  3434  3434 D leak-31-0: Eastern Standard Time
08-02 11:11:47.371  3434  3434 D leak-43-1: Eastern Standard Time
08-02 11:11:47.371  3434  3434 D leak-31-0: Eastern Standard Time
08-02 11:11:47.371  3434  3434 D leak-53-1: Eastern Standard Time
08-02 11:11:47.371  3434  3434 D leak-31-0: Eastern Standard Time
08-02 11:11:47.371  3434  3434 D leak-53-1: Eastern Standard Time
08-02 11:11:47.371  3434  3434 D leak-31-0: Eastern Standard Time
08-02 11:11:47.371  3434  3434 D leak-53-1: Eastern Standard Time
08-02 11:11:47.371  3434  3434 D leak-31-0: Eastern Standard Time
08-02 11:11:47.371  3434  3434 D leak-53-1: Eastern Standard Time
08-02 11:11:47.371  3434  3434 D leak-31-0: Eastern Standard Time
08-02 11:11:47.371  3434  3434 D leak-76-0: Eastern Standard Time
08-02 11:11:47.372  3434  3434 D leak-31-0: Eastern Standard Time
08-02 11:11:47.372  3434  3434 D leak-67-0: Eastern Standard Time
08-02 11:11:47.372  3434  3434 D leak-31-0: Eastern Standard Time
08-02 11:11:47.372  3434  3434 D leak-64-0: Eastern Standard Time
08-02 11:11:47.372  3434  3434 D leak-31-0: Eastern Standard Time
08-02 11:11:47.372  3434  3434 D leak-53-1: Eastern Standard Time
08-02 11:11:47.372  3434  3434 D leak-31-0: Eastern Standard Time
08-02 11:11:47.372  3434  3434 D leak-55-0: Eastern Standard Time
08-02 11:11:47.372  3434  3434 D leak-31-0: Eastern Standard Time
08-02 11:11:47.372  3434  3434 D leak-53-1: Eastern Standard Time
08-02 11:11:47.372  3434  3434 D leak-31-0: Eastern Standard Time
08-02 11:11:47.373  3434  3434 D leak-53-1: Eastern Standard Time
08-02 11:11:47.373  3434  3434 D leak-31-0: Eastern Standard Time
08-02 11:11:47.373  3434  3434 D leak-53-1: Eastern Standard Time
08-02 11:11:47.373  3434  3434 D leak-31-0: Eastern Standard Time
08-02 11:11:47.373  3434  3434 D leak-53-1: Eastern Standard Time
08-02 11:11:47.373  3434  3434 D leak-31-0: Eastern Standard Time
08-02 11:11:47.373  3434  3434 D leak-49-0: Eastern Standard Time
08-02 11:11:47.373  3434  3434 D leak-31-0: Eastern Standard Time
08-02 11:11:47.373  3434  3434 D leak-39-0: Eastern Standard Time
08-02 11:11:47.376  3434  3434 D leak-31-0: Eastern Standard Time
08-02 11:11:47.376  3434  3434 D leak-58-0: Eastern Standard Time
08-02 11:11:47.377  3434  3434 D leak-31-0: Eastern Standard Time
08-02 11:11:47.377  3434  3434 D leak-79-0: Eastern Standard Time
08-02 11:11:47.377  3434  3434 D leak-31-0: Eastern Standard Time
08-02 11:11:47.377  3434  3434 D leak-53-1: Eastern Standard Time
08-02 11:11:47.397  3434  3434 D leak-102-0: Eastern Standard Time
08-02 11:11:47.397  3434  3434 D leak-102-3: Eastern Standard Time
08-02 11:11:47.397  3434  3434 D leak-106-3: Eastern Standard Time
08-02 11:11:47.401  3434  3434 D leak-102-1: Eastern Standard Time
08-02 11:11:47.401  3434  3434 D leak-103-1: Eastern Standard Time
08-02 11:11:47.401  3434  3434 D leak-106-1: Eastern Standard Time
08-02 11:11:47.445  3434  3434 D leak-19-0: Eastern Standard Time
08-02 11:11:47.445  3434  3434 D leak-19-4: Eastern Standard Time
08-02 11:11:47.445  3434  3434 D leak-23-4: Eastern Standard Time
08-02 11:11:47.445  3434  3434 D leak-86-0: Eastern Standard Time
08-02 11:11:47.472  3434  3434 D leak-102-2: Eastern Standard Time
08-02 11:11:47.472  3434  3434 D leak-103-2: Eastern Standard Time
08-02 11:11:47.472  3434  3434 D leak-105-2: Eastern Standard Time
08-02 11:11:47.472  3434  3434 D leak-106-2: Eastern Standard Time
08-02 11:11:47.473  3434  3434 D leak-83-0: Eastern Standard Time
08-02 11:11:47.474  3434  3434 D leak-92-0: Eastern Standard Time
08-02 11:11:47.474  3434  3434 D AndroidRuntime: Shutting down VM
08-02 11:11:47.475  3434  3434 E AndroidRuntime: FATAL EXCEPTION: main
08-02 11:11:47.475  3434  3434 E AndroidRuntime: Process: com.iamtrk.androidexplorer, PID: 3434
08-02 11:11:47.475  3434  3434 E AndroidRuntime: java.lang.RuntimeException: java.io.FileNotFoundException: /sys/devices/system/cpu/cpu0/cpufreq/scaling_cur_freq: open failed: ENOENT (No such file or directory)
08-02 11:11:47.475  3434  3434 E AndroidRuntime: 	at com.iamtrk.a.c.<init>(Unknown Source)
08-02 11:11:47.475  3434  3434 E AndroidRuntime: 	at com.iamtrk.ItemListActivity.k(Unknown Source)
08-02 11:11:47.475  3434  3434 E AndroidRuntime: 	at com.iamtrk.ItemListActivity$1.onClick(Unknown Source)
08-02 11:11:47.475  3434  3434 E AndroidRuntime: 	at android.support.v7.a.b$b.handleMessage(Unknown Source)
08-02 11:11:47.475  3434  3434 E AndroidRuntime: 	at android.os.Handler.dispatchMessage(Handler.java:102)
08-02 11:11:47.475  3434  3434 E AndroidRuntime: 	at android.os.Looper.loop(Looper.java:148)
08-02 11:11:47.475  3434  3434 E AndroidRuntime: 	at android.app.ActivityThread.main(ActivityThread.java:5417)
08-02 11:11:47.475  3434  3434 E AndroidRuntime: 	at java.lang.reflect.Method.invoke(Native Method)
08-02 11:11:47.475  3434  3434 E AndroidRuntime: 	at com.android.internal.os.ZygoteInit$MethodAndArgsCaller.run(ZygoteInit.java:726)
08-02 11:11:47.475  3434  3434 E AndroidRuntime: 	at com.android.internal.os.ZygoteInit.main(ZygoteInit.java:616)
08-02 11:11:47.475  3434  3434 E AndroidRuntime: Caused by: java.io.FileNotFoundException: /sys/devices/system/cpu/cpu0/cpufreq/scaling_cur_freq: open failed: ENOENT (No such file or directory)
08-02 11:11:47.475  3434  3434 E AndroidRuntime: 	at libcore.io.IoBridge.open(IoBridge.java:452)
08-02 11:11:47.475  3434  3434 E AndroidRuntime: 	at java.io.RandomAccessFile.<init>(RandomAccessFile.java:117)
08-02 11:11:47.475  3434  3434 E AndroidRuntime: 	at java.io.RandomAccessFile.<init>(RandomAccessFile.java:149)
08-02 11:11:47.475  3434  3434 E AndroidRuntime: 	... 10 more
08-02 11:11:47.475  3434  3434 E AndroidRuntime: Caused by: android.system.ErrnoException: open failed: ENOENT (No such file or directory)
08-02 11:11:47.475  3434  3434 E AndroidRuntime: 	at libcore.io.Posix.open(Native Method)
08-02 11:11:47.475  3434  3434 E AndroidRuntime: 	at libcore.io.BlockGuardOs.open(BlockGuardOs.java:186)
08-02 11:11:47.475  3434  3434 E AndroidRuntime: 	at libcore.io.IoBridge.open(IoBridge.java:438)
08-02 11:11:47.475  3434  3434 E AndroidRuntime: 	... 12 more
08-02 11:11:47.476   624   728 W ActivityManager:   Force finishing activity com.iamtrk.androidexplorer/com.iamtrk.ItemListActivity
08-02 11:11:47.530   267   661 D AudioFlinger: mixer(0xf1d80000) throttle end: throttle time(19)
08-02 11:11:47.535   624   728 D         : HostConnection::get() New Host Connection established 0xd959e030, tid 728
08-02 11:11:47.560   450   450 E EGL_emulation: tid 450: eglCreateSyncKHR(1215): error 0x3004 (EGL_BAD_ATTRIBUTE)
08-02 11:11:48.764   624  1079 W art     : Long monitor contention event with owner method=android.graphics.Bitmap com.android.server.wm.WindowManagerService.screenshotApplicationsInner(android.os.IBinder, int, int, int, boolean) from WindowManagerService.java:6223 waiters=0 for 1.013s
08-02 11:11:48.790   624   624 W art     : Long monitor contention event with owner method=void com.android.server.am.ActivityManagerService.crashApplication(com.android.server.am.ProcessRecord, android.app.ApplicationErrorReport$CrashInfo) from ActivityManagerService.java:12568 waiters=0 for 1.269s
08-02 11:11:48.835   624  3031 I OpenGLRenderer: Initialized EGL, version 1.4
08-02 11:11:48.861   624  3031 W EGL_emulation: eglSurfaceAttrib not implemented
08-02 11:11:48.861   624  3031 W OpenGLRenderer: Failed to set EGL_SWAP_BEHAVIOR on surface 0xd9b98440, error=EGL_SUCCESS
08-02 11:11:49.292   624   638 W ActivityManager: Activity pause timeout for ActivityRecord{32710ae u0 com.iamtrk.androidexplorer/com.iamtrk.ItemListActivity t6 f}
08-02 11:11:49.352  1632  1699 W EGL_emulation: eglSurfaceAttrib not implemented
08-02 11:11:49.352  1632  1699 W OpenGLRenderer: Failed to set EGL_SWAP_BEHAVIOR on surface 0xdf8de0c0, error=EGL_SUCCESS
08-02 11:11:49.918  1632  1699 W OpenGLRenderer: Incorrectly called buildLayer on View: ShortcutAndWidgetContainer, destroying layer...
08-02 11:11:49.918  1632  1699 W OpenGLRenderer: Incorrectly called buildLayer on View: ShortcutAndWidgetContainer, destroying layer...
08-02 11:11:55.505  5622  5622 D AndroidRuntime: >>>>>> START com.android.internal.os.RuntimeInit uid 0 <<<<<<
08-02 11:11:55.506  5622  5622 D AndroidRuntime: CheckJNI is OFF
08-02 11:11:55.519  5622  5622 D ICU     : No timezone override file found: /data/misc/zoneinfo/current/icu/icu_tzdata.dat
08-02 11:11:55.536  5622  5622 E memtrack: Couldn't load memtrack module (No such file or directory)
08-02 11:11:55.536  5622  5622 E android.os.Debug: failed to load memtrack module: -2
08-02 11:11:55.537  5622  5622 I Radio-JNI: register_android_hardware_Radio DONE
08-02 11:11:55.546  5622  5622 D AndroidRuntime: Calling main entry com.android.commands.uiautomator.Launcher
08-02 11:11:56.559  5622  5622 W AccessibilityNodeInfoDumper: Fetch time: 1ms
08-02 11:11:56.559   624  1544 W WindowManager: Attempted to remove non-existing token: android.os.Binder@3e6e2ea
08-02 11:11:56.574  5622  5622 D AndroidRuntime: Shutting down VM
08-02 11:11:57.153  5639  5639 D AndroidRuntime: >>>>>> START com.android.internal.os.RuntimeInit uid 0 <<<<<<
08-02 11:11:57.154  5639  5639 D AndroidRuntime: CheckJNI is OFF
08-02 11:11:57.172  5639  5639 D ICU     : No timezone override file found: /data/misc/zoneinfo/current/icu/icu_tzdata.dat
08-02 11:11:57.186  5639  5639 E memtrack: Couldn't load memtrack module (No such file or directory)
08-02 11:11:57.186  5639  5639 E android.os.Debug: failed to load memtrack module: -2
08-02 11:11:57.188  5639  5639 I Radio-JNI: register_android_hardware_Radio DONE
08-02 11:11:57.198  5639  5639 D AndroidRuntime: Calling main entry com.android.commands.uiautomator.Launcher
08-02 11:11:58.245  5639  5639 W AccessibilityNodeInfoDumper: Fetch time: 1ms
08-02 11:11:58.246   624  1079 W WindowManager: Attempted to remove non-existing token: android.os.Binder@738b789
08-02 11:11:58.256  5639  5639 D AndroidRuntime: Shutting down VM
08-02 11:11:59.314   624   638 W ActivityManager: Activity destroy timeout for ActivityRecord{32710ae u0 com.iamtrk.androidexplorer/com.iamtrk.ItemListActivity t6 f}
08-02 11:11:59.552  5662  5662 D AndroidRuntime: >>>>>> START com.android.internal.os.RuntimeInit uid 0 <<<<<<
08-02 11:11:59.554  5662  5662 D AndroidRuntime: CheckJNI is OFF
08-02 11:11:59.563  5662  5662 D ICU     : No timezone override file found: /data/misc/zoneinfo/current/icu/icu_tzdata.dat
08-02 11:11:59.576  5662  5662 E memtrack: Couldn't load memtrack module (No such file or directory)
08-02 11:11:59.576  5662  5662 E android.os.Debug: failed to load memtrack module: -2
08-02 11:11:59.577  5662  5662 I Radio-JNI: register_android_hardware_Radio DONE
08-02 11:11:59.585  5662  5662 D AndroidRuntime: Calling main entry com.android.commands.uiautomator.Launcher
08-02 11:12:00.602  5662  5662 W AccessibilityNodeInfoDumper: Fetch time: 1ms
08-02 11:12:00.603   624  1101 W WindowManager: Attempted to remove non-existing token: android.os.Binder@808138e
08-02 11:12:00.624  5662  5662 D AndroidRuntime: Shutting down VM
