--------- beginning of main
08-02 00:35:31.536  1970  1970 D AndroidRuntime: >>>>>> START com.android.internal.os.RuntimeInit uid 0 <<<<<<
08-02 00:35:31.538  1970  1970 D AndroidRuntime: CheckJNI is OFF
08-02 00:35:31.546  1970  1970 D ICU     : No timezone override file found: /data/misc/zoneinfo/current/icu/icu_tzdata.dat
08-02 00:35:31.557  1970  1970 E memtrack: Couldn't load memtrack module (No such file or directory)
08-02 00:35:31.557  1970  1970 E android.os.Debug: failed to load memtrack module: -2
08-02 00:35:31.558  1970  1970 I Radio-JNI: register_android_hardware_Radio DONE
08-02 00:35:31.564  1970  1970 D AndroidRuntime: Calling main entry com.android.commands.pm.Pm
08-02 00:35:31.569   623  1007 I PackageManager: Package doesn't exist in get block uninstall com.jvillalba.apod.classic
--------- beginning of system
08-02 00:35:31.570   623   646 W PackageManager: Package named 'com.jvillalba.apod.classic' doesn't exist.
08-02 00:35:31.570   623   646 I art     : Starting a blocking GC Explicit
08-02 00:35:31.578   623   646 I art     : Explicit concurrent mark sweep GC freed 20759(1176KB) AllocSpace objects, 5(140KB) LOS objects, 33% free, 5MB/8MB, paused 222us total 8.010ms
08-02 00:35:31.579  1970  1970 E Pm      : Failure details: Bundle[{android.content.pm.extra.STATUS=1, android.content.pm.extra.PACKAGE_NAME=com.jvillalba.apod.classic, android.content.pm.extra.LEGACY_STATUS=-1, android.content.pm.extra.STATUS_MESSAGE=DELETE_FAILED_INTERNAL_ERROR}]
08-02 00:35:31.579  1970  1970 I art     : System.exit called, status: 1
08-02 00:35:31.579  1970  1970 I AndroidRuntime: VM exiting with result code 1.
08-02 00:35:31.945  1983  1983 D AndroidRuntime: >>>>>> START com.android.internal.os.RuntimeInit uid 0 <<<<<<
08-02 00:35:31.947  1983  1983 D AndroidRuntime: CheckJNI is OFF
08-02 00:35:31.956  1983  1983 D ICU     : No timezone override file found: /data/misc/zoneinfo/current/icu/icu_tzdata.dat
08-02 00:35:31.966  1983  1983 E memtrack: Couldn't load memtrack module (No such file or directory)
08-02 00:35:31.966  1983  1983 E android.os.Debug: failed to load memtrack module: -2
08-02 00:35:31.967  1983  1983 I Radio-JNI: register_android_hardware_Radio DONE
08-02 00:35:31.972  1983  1983 D AndroidRuntime: Calling main entry com.android.commands.pm.Pm
08-02 00:35:31.988   623   646 I ActivityManager: Start proc 1991:com.android.defcontainer/u0a4 for service com.android.defcontainer/.DefaultContainerService
08-02 00:35:32.008  1991  1991 E libprocessgroup: failed to make and chown /acct/uid_10004: Read-only file system
08-02 00:35:32.008  1991  1991 W Zygote  : createProcessGroup failed, kernel missing CONFIG_CGROUP_CPUACCT?
08-02 00:35:32.027  1991  2002 D DefContainer: Copying /data/local/tmp/NASApod-release-unsigned_SINK.apk to base.apk
08-02 00:35:32.108   623   646 I PackageManager.DexOptimizer: Running dexopt (dex2oat) on: /data/app/vmdl1390877987.tmp/base.apk pkg=com.jvillalba.apod.classic isa=x86 vmSafeMode=false debuggable=false oatDir = /data/app/vmdl1390877987.tmp/oat
08-02 00:35:32.119  2005  2005 W dex2oat : Unexpected CPU variant for X86 using defaults: x86
08-02 00:35:32.119  2005  2005 I dex2oat : Starting dex2oat.
08-02 00:35:32.119  2005  2005 E cutils-trace: Error opening trace file: Permission denied (13)
08-02 00:35:32.231  2005  2007 W dex2oat : Before Android 4.1, method int android.support.v7.widget.ListViewCompat.lookForSelectablePosition(int, boolean) would have incorrectly overridden the package-private method in android.widget.ListView
08-02 00:35:32.249  2005  2009 W dex2oat : Before Android 4.1, method android.graphics.PorterDuffColorFilter android.support.graphics.drawable.VectorDrawableCompat.updateTintFilter(android.graphics.PorterDuffColorFilter, android.content.res.ColorStateList, android.graphics.PorterDuff$Mode) would have incorrectly overridden the package-private method in android.graphics.drawable.Drawable
08-02 00:35:32.900  2005  2007 W dex2oat : Compilation of void com.google.gson.internal.$Gson$Types$WildcardTypeImpl.<init>(java.lang.reflect.Type[], java.lang.reflect.Type[]) took 119.278ms
08-02 00:35:32.951  2005  2005 W dex2oat : Compilation of java.lang.reflect.Type com.google.gson.internal.$Gson$Types.canonicalize(java.lang.reflect.Type) took 142.898ms
08-02 00:35:32.952  2005  2008 W dex2oat : Compilation of void com.google.gson.internal.$Gson$Types$ParameterizedTypeImpl.<init>(java.lang.reflect.Type, java.lang.reflect.Type, java.lang.reflect.Type[]) took 173.656ms
08-02 00:35:33.486  2005  2005 I dex2oat : dex2oat took 1.367s (threads: 4) arena alloc=39MB java alloc=4MB native alloc=54MB free=33MB
08-02 00:35:33.552   623   646 V BackupManagerService: restoreAtInstall pkg=com.jvillalba.apod.classic token=1 restoreSet=0
08-02 00:35:33.552   623   646 V BackupManagerService: Finishing install immediately
08-02 00:35:33.553   623   646 W Settings: Setting install_non_market_apps has moved from android.provider.Settings.Global to android.provider.Settings.Secure, returning read-only value.
08-02 00:35:33.553   623   646 I art     : Starting a blocking GC Explicit
08-02 00:35:33.564   623   646 I art     : Explicit concurrent mark sweep GC freed 29844(1728KB) AllocSpace objects, 9(276KB) LOS objects, 33% free, 5MB/8MB, paused 329us total 11.020ms
08-02 00:35:33.570  1983  1983 I art     : System.exit called, status: 0
08-02 00:35:33.570  1983  1983 I AndroidRuntime: VM exiting with result code 0.
08-02 00:35:33.582   623   664 I InputReader: Reconfiguring input devices.  changes=0x00000010
08-02 00:35:33.611  1030  1030 D CarrierServiceBindHelper: Receive action: android.intent.action.PACKAGE_ADDED
08-02 00:35:33.613  1030  1030 D CarrierServiceBindHelper: mHandler: 3
08-02 00:35:33.613  1030  1030 D CarrierConfigLoader: mHandler: 9 phoneId: 0
08-02 00:35:33.629   623  1009 I ActivityManager: Start proc 2024:com.svox.pico/u0a50 for broadcast com.svox.pico/.VoiceDataInstallerReceiver
08-02 00:35:33.631   623   636 W VoiceInteractionManagerService: no available voice recognition services found for user 0
08-02 00:35:33.675  2024  2024 E libprocessgroup: failed to make and chown /acct/uid_10050: Read-only file system
08-02 00:35:33.675  2024  2024 W Zygote  : createProcessGroup failed, kernel missing CONFIG_CGROUP_CPUACCT?
08-02 00:35:33.722   623   634 I ActivityManager: Killing 1804:com.android.dialer/u0a5 (adj 15): empty #17
08-02 00:35:33.723   623   634 W libprocessgroup: failed to open /acct/uid_10005/pid_1804/cgroup.procs: No such file or directory
08-02 00:35:33.888  2041  2041 D AndroidRuntime: >>>>>> START com.android.internal.os.RuntimeInit uid 0 <<<<<<
08-02 00:35:33.891  2041  2041 D AndroidRuntime: CheckJNI is OFF
08-02 00:35:33.902  2041  2041 D ICU     : No timezone override file found: /data/misc/zoneinfo/current/icu/icu_tzdata.dat
08-02 00:35:33.915  2041  2041 E memtrack: Couldn't load memtrack module (No such file or directory)
08-02 00:35:33.915  2041  2041 E android.os.Debug: failed to load memtrack module: -2
08-02 00:35:33.917  2041  2041 I Radio-JNI: register_android_hardware_Radio DONE
08-02 00:35:33.925  2041  2041 D AndroidRuntime: Calling main entry com.android.commands.monkey.Monkey
08-02 00:35:33.937   623   637 W BroadcastQueue: Skipping deliver [background] BroadcastRecord{d6cf0d7 u-1 android.net.conn.CONNECTIVITY_CHANGE} to ReceiverList{60e3dc4 2041 (unknown name)/0/u-1 remote:46ae271}: process crashing
08-02 00:35:33.942   623  1118 I ActivityManager: START u0 {act=android.intent.action.MAIN cat=[android.intent.category.LAUNCHER] flg=0x10200000 cmp=com.jvillalba.apod.classic/.activities.MainActivity} from uid 0 on display 0
08-02 00:35:33.969   623   753 I ActivityManager: Start proc 2052:com.jvillalba.apod.classic/u0a60 for activity com.jvillalba.apod.classic/.activities.MainActivity
08-02 00:35:33.980  2041  2041 I art     : System.exit called, status: 0
08-02 00:35:33.980  2041  2041 I AndroidRuntime: VM exiting with result code 0.
08-02 00:35:33.996  2052  2052 E libprocessgroup: failed to make and chown /acct/uid_10060: Read-only file system
08-02 00:35:33.996  2052  2052 W Zygote  : createProcessGroup failed, kernel missing CONFIG_CGROUP_CPUACCT?
08-02 00:35:34.008   623   642 D         : HostConnection::get() New Host Connection established 0xd9fbf270, tid 642
08-02 00:35:34.299  2052  2052 W System  : ClassLoader referenced unknown path: /data/app/com.jvillalba.apod.classic-1/lib/x86
08-02 00:35:34.429  2052  2052 W art     : Before Android 4.1, method android.graphics.PorterDuffColorFilter android.support.graphics.drawable.VectorDrawableCompat.updateTintFilter(android.graphics.PorterDuffColorFilter, android.content.res.ColorStateList, android.graphics.PorterDuff$Mode) would have incorrectly overridden the package-private method in android.graphics.drawable.Drawable
08-02 00:35:34.564  2052  2064 I art     : Background sticky concurrent mark sweep GC freed 4771(283KB) AllocSpace objects, 0(0B) LOS objects, 66% free, 765KB/2MB, paused 3.399ms total 128.928ms
08-02 00:35:34.591  2052  2052 D leak-9-0: Eastern Standard Time
08-02 00:35:34.709  2052  2052 D leak-9-3: Eastern Standard Time
08-02 00:35:34.724  2052  2052 D leak-13-3: Eastern Standard Time
08-02 00:35:34.737  2052  2052 D leak-67-1: Eastern Standard Time
08-02 00:35:34.739  2052  2052 D leak-9-5: Eastern Standard Time
08-02 00:35:34.739  2052  2052 D leak-13-5: Eastern Standard Time
08-02 00:35:34.739  2052  2052 D leak-15-5: Eastern Standard Time
08-02 00:35:34.739  2052  2052 D leak-9-4: Eastern Standard Time
08-02 00:35:34.739  2052  2052 D leak-13-4: Eastern Standard Time
08-02 00:35:34.739  2052  2052 D leak-14-4: Eastern Standard Time
08-02 00:35:34.739  2052  2052 D leak-15-4: Eastern Standard Time
08-02 00:35:34.739  2052  2052 D leak-78-0: Eastern Standard Time
08-02 00:35:35.045  2052  2071 D OpenGLRenderer: Use EGL_SWAP_BEHAVIOR_PRESERVED: true
08-02 00:35:35.228  2052  2052 D         : HostConnection::get() New Host Connection established 0xe863e990, tid 2052
08-02 00:35:35.531  2052  2071 D libEGL  : loaded /system/lib/egl/libEGL_emulation.so
08-02 00:35:35.532  2052  2071 D libEGL  : loaded /system/lib/egl/libGLESv1_CM_emulation.so
08-02 00:35:35.548  2052  2071 D libEGL  : loaded /system/lib/egl/libGLESv2_emulation.so
08-02 00:35:35.572  2052  2071 D         : HostConnection::get() New Host Connection established 0xeeb52b20, tid 2071
08-02 00:35:36.899  2052  2071 I OpenGLRenderer: Initialized EGL, version 1.4
08-02 00:35:37.861   368  1819 D         : HostConnection::get() New Host Connection established 0xf6c3e3c0, tid 1819
08-02 00:35:38.002  2052  2071 W EGL_emulation: eglSurfaceAttrib not implemented
08-02 00:35:38.002  2052  2071 W OpenGLRenderer: Failed to set EGL_SWAP_BEHAVIOR on surface 0xe9bba3a0, error=EGL_SUCCESS
08-02 00:35:38.145  2052  2052 D leak-67-4: Eastern Standard Time
08-02 00:35:38.145  2052  2052 D leak-70-4: Eastern Standard Time
08-02 00:35:38.146  2052  2052 D leak-67-4: Eastern Standard Time
08-02 00:35:38.146  2052  2052 D leak-70-4: Eastern Standard Time
08-02 00:35:38.180  2052  2052 D leak-9-1: Eastern Standard Time
08-02 00:35:38.200  2052  2052 D leak-11-1: Eastern Standard Time
08-02 00:35:38.207  2052  2052 D leak-13-1: Eastern Standard Time
08-02 00:35:38.207  2052  2052 D leak-14-1: Eastern Standard Time
08-02 00:35:38.207  2052  2052 D leak-15-1: Eastern Standard Time
08-02 00:35:38.289  2052  2052 I Choreographer: Skipped 170 frames!  The application may be doing too much work on its main thread.
08-02 00:35:39.115  1595  1693 E Surface : getSlotFromBufferLocked: unknown buffer: 0xf3d98dd0
08-02 00:35:39.421  2052  2052 I Choreographer: Skipped 64 frames!  The application may be doing too much work on its main thread.
08-02 00:35:39.421  2052  2052 D leak-67-4: Eastern Standard Time
08-02 00:35:39.421  2052  2052 D leak-70-4: Eastern Standard Time
08-02 00:35:39.421  2052  2052 D leak-67-4: Eastern Standard Time
08-02 00:35:39.421  2052  2052 D leak-70-4: Eastern Standard Time
08-02 00:35:39.514   623   642 I ActivityManager: Displayed com.jvillalba.apod.classic/.activities.MainActivity: +5s555ms
08-02 00:35:39.629  2078  2078 D AndroidRuntime: >>>>>> START com.android.internal.os.RuntimeInit uid 0 <<<<<<
08-02 00:35:39.632  2078  2078 D AndroidRuntime: CheckJNI is OFF
08-02 00:35:39.699  2078  2078 D ICU     : No timezone override file found: /data/misc/zoneinfo/current/icu/icu_tzdata.dat
08-02 00:35:39.729  2078  2078 E memtrack: Couldn't load memtrack module (No such file or directory)
08-02 00:35:39.730  2078  2078 E android.os.Debug: failed to load memtrack module: -2
08-02 00:35:39.731  2078  2078 I Radio-JNI: register_android_hardware_Radio DONE
08-02 00:35:39.750  2078  2078 D AndroidRuntime: Calling main entry com.android.commands.content.Content
08-02 00:35:39.757  2078  2078 D AndroidRuntime: Shutting down VM
08-02 00:35:39.817   623  1391 D NetlinkSocketObserver: NeighborEvent{elapsedMs=183648, 10.0.3.2, [525400123502], RTM_NEWNEIGH, NUD_REACHABLE}
08-02 00:35:39.823   623   638 D         : HostConnection::get() New Host Connection established 0xdb458940, tid 638
08-02 00:35:40.202  2088  2088 D AndroidRuntime: >>>>>> START com.android.internal.os.RuntimeInit uid 0 <<<<<<
08-02 00:35:40.204  2088  2088 D AndroidRuntime: CheckJNI is OFF
08-02 00:35:40.215  2088  2088 D ICU     : No timezone override file found: /data/misc/zoneinfo/current/icu/icu_tzdata.dat
08-02 00:35:40.227  2088  2088 E memtrack: Couldn't load memtrack module (No such file or directory)
08-02 00:35:40.227  2088  2088 E android.os.Debug: failed to load memtrack module: -2
08-02 00:35:40.229  2088  2088 I Radio-JNI: register_android_hardware_Radio DONE
08-02 00:35:40.235  2088  2088 D AndroidRuntime: Calling main entry com.android.commands.content.Content
08-02 00:35:40.239  2088  2088 D AndroidRuntime: Shutting down VM
08-02 00:35:41.290  2109  2109 D AndroidRuntime: >>>>>> START com.android.internal.os.RuntimeInit uid 0 <<<<<<
08-02 00:35:41.294  2109  2109 D AndroidRuntime: CheckJNI is OFF
08-02 00:35:41.303  2109  2109 D ICU     : No timezone override file found: /data/misc/zoneinfo/current/icu/icu_tzdata.dat
08-02 00:35:41.317  2109  2109 E memtrack: Couldn't load memtrack module (No such file or directory)
08-02 00:35:41.317  2109  2109 E android.os.Debug: failed to load memtrack module: -2
08-02 00:35:41.318  2109  2109 I Radio-JNI: register_android_hardware_Radio DONE
08-02 00:35:41.323  2109  2109 D AndroidRuntime: Calling main entry com.android.commands.uiautomator.Launcher
08-02 00:35:41.333  2052  2052 D leak-67-4: Eastern Standard Time
08-02 00:35:41.333  2052  2052 D leak-70-4: Eastern Standard Time
08-02 00:35:41.335  2052  2052 D leak-67-4: Eastern Standard Time
08-02 00:35:41.335  2052  2052 D leak-70-4: Eastern Standard Time
08-02 00:35:42.081   623  1116 I ActivityManager: Killing 1822:com.android.managedprovisioning/u0a9 (adj 15): empty #17
08-02 00:35:42.082   623  1116 W libprocessgroup: failed to open /acct/uid_10009/pid_1822/cgroup.procs: No such file or directory
08-02 00:35:42.338  2052  2052 D leak-67-4: Eastern Standard Time
08-02 00:35:42.338  2052  2052 D leak-70-4: Eastern Standard Time
08-02 00:35:42.343  2109  2109 W AccessibilityNodeInfoDumper: Fetch time: 2ms
08-02 00:35:42.343   623  1007 W WindowManager: Attempted to remove non-existing token: android.os.Binder@189e145
08-02 00:35:42.354  2109  2109 D AndroidRuntime: Shutting down VM
08-02 00:35:42.855  2127  2127 D AndroidRuntime: >>>>>> START com.android.internal.os.RuntimeInit uid 0 <<<<<<
08-02 00:35:42.857  2127  2127 D AndroidRuntime: CheckJNI is OFF
08-02 00:35:42.868  2127  2127 D ICU     : No timezone override file found: /data/misc/zoneinfo/current/icu/icu_tzdata.dat
08-02 00:35:42.880  2127  2127 E memtrack: Couldn't load memtrack module (No such file or directory)
08-02 00:35:42.880  2127  2127 E android.os.Debug: failed to load memtrack module: -2
08-02 00:35:42.880  2127  2127 I Radio-JNI: register_android_hardware_Radio DONE
08-02 00:35:42.888  2127  2127 D AndroidRuntime: Calling main entry com.android.commands.uiautomator.Launcher
08-02 00:35:42.895  2052  2052 D leak-67-4: Eastern Standard Time
08-02 00:35:42.895  2052  2052 D leak-70-4: Eastern Standard Time
08-02 00:35:42.895  2052  2052 D leak-67-4: Eastern Standard Time
08-02 00:35:42.895  2052  2052 D leak-70-4: Eastern Standard Time
08-02 00:35:43.601   623   664 I InputReader: Reconfiguring input devices.  changes=0x00000010
08-02 00:35:43.896  2052  2052 D leak-67-4: Eastern Standard Time
08-02 00:35:43.896  2052  2052 D leak-70-4: Eastern Standard Time
08-02 00:35:43.902  2127  2127 W AccessibilityNodeInfoDumper: Fetch time: 1ms
08-02 00:35:43.902   623  1116 W WindowManager: Attempted to remove non-existing token: android.os.Binder@ab6209a
08-02 00:35:43.917  2127  2127 D AndroidRuntime: Shutting down VM
08-02 00:35:44.978  2151  2151 D AndroidRuntime: >>>>>> START com.android.internal.os.RuntimeInit uid 0 <<<<<<
08-02 00:35:44.979  2151  2151 D AndroidRuntime: CheckJNI is OFF
08-02 00:35:44.987  2151  2151 D ICU     : No timezone override file found: /data/misc/zoneinfo/current/icu/icu_tzdata.dat
08-02 00:35:45.000  2151  2151 E memtrack: Couldn't load memtrack module (No such file or directory)
08-02 00:35:45.000  2151  2151 E android.os.Debug: failed to load memtrack module: -2
08-02 00:35:45.001  2151  2151 I Radio-JNI: register_android_hardware_Radio DONE
08-02 00:35:45.007  2151  2151 D AndroidRuntime: Calling main entry com.android.commands.uiautomator.Launcher
08-02 00:35:45.015  2052  2052 D leak-67-4: Eastern Standard Time
08-02 00:35:45.015  2052  2052 D leak-70-4: Eastern Standard Time
08-02 00:35:45.016  2052  2052 D leak-67-4: Eastern Standard Time
08-02 00:35:45.016  2052  2052 D leak-70-4: Eastern Standard Time
08-02 00:35:45.332  2052  2052 D leak-83-0: Eastern Standard Time
08-02 00:35:45.332  2052  2052 D leak-80-1: Eastern Standard Time
08-02 00:35:45.383  2052  2071 W EGL_emulation: eglSurfaceAttrib not implemented
08-02 00:35:45.383  2052  2071 W OpenGLRenderer: Failed to set EGL_SWAP_BEHAVIOR on surface 0xe005adc0, error=EGL_SUCCESS
08-02 00:35:45.457  2052  2071 V RenderScript: 0xdfe7d000 Launching thread(s), CPUs 4
08-02 00:35:46.339  2052  2052 D leak-67-4: Eastern Standard Time
08-02 00:35:46.339  2052  2052 D leak-70-4: Eastern Standard Time
08-02 00:35:46.347  2151  2151 W AccessibilityNodeInfoDumper: Fetch time: 1ms
08-02 00:35:46.347   623   635 W WindowManager: Attempted to remove non-existing token: android.os.Binder@eaff3fd
08-02 00:35:46.354  2151  2151 D AndroidRuntime: Shutting down VM
08-02 00:35:47.337  2052  2071 E Surface : getSlotFromBufferLocked: unknown buffer: 0xeeb72850
08-02 00:35:47.493  2184  2184 D AndroidRuntime: >>>>>> START com.android.internal.os.RuntimeInit uid 0 <<<<<<
08-02 00:35:47.494  2184  2184 D AndroidRuntime: CheckJNI is OFF
08-02 00:35:47.510  2184  2184 D ICU     : No timezone override file found: /data/misc/zoneinfo/current/icu/icu_tzdata.dat
08-02 00:35:47.526  2184  2184 E memtrack: Couldn't load memtrack module (No such file or directory)
08-02 00:35:47.526  2184  2184 E android.os.Debug: failed to load memtrack module: -2
08-02 00:35:47.527  2184  2184 I Radio-JNI: register_android_hardware_Radio DONE
08-02 00:35:47.536  2184  2184 D AndroidRuntime: Calling main entry com.android.commands.uiautomator.Launcher
08-02 00:35:47.574  2052  2052 D leak-67-4: Eastern Standard Time
08-02 00:35:47.574  2052  2052 D leak-70-4: Eastern Standard Time
08-02 00:35:47.575  2052  2052 D leak-67-4: Eastern Standard Time
08-02 00:35:47.575  2052  2052 D leak-70-4: Eastern Standard Time
08-02 00:35:48.576  2052  2052 D leak-67-4: Eastern Standard Time
08-02 00:35:48.576  2052  2052 D leak-70-4: Eastern Standard Time
08-02 00:35:48.582  2184  2184 W AccessibilityNodeInfoDumper: Fetch time: 1ms
08-02 00:35:48.582   623  1594 W WindowManager: Attempted to remove non-existing token: android.os.Binder@6992dec
08-02 00:35:48.596  2184  2184 D AndroidRuntime: Shutting down VM
08-02 00:35:49.696  2210  2210 D AndroidRuntime: >>>>>> START com.android.internal.os.RuntimeInit uid 0 <<<<<<
08-02 00:35:49.697  2210  2210 D AndroidRuntime: CheckJNI is OFF
08-02 00:35:49.713  2210  2210 D ICU     : No timezone override file found: /data/misc/zoneinfo/current/icu/icu_tzdata.dat
08-02 00:35:49.724  2210  2210 E memtrack: Couldn't load memtrack module (No such file or directory)
08-02 00:35:49.724  2210  2210 E android.os.Debug: failed to load memtrack module: -2
08-02 00:35:49.725  2210  2210 I Radio-JNI: register_android_hardware_Radio DONE
08-02 00:35:49.731  2210  2210 D AndroidRuntime: Calling main entry com.android.commands.uiautomator.Launcher
08-02 00:35:49.739  2052  2052 D leak-67-4: Eastern Standard Time
08-02 00:35:49.739  2052  2052 D leak-70-4: Eastern Standard Time
08-02 00:35:49.740  2052  2052 D leak-67-4: Eastern Standard Time
08-02 00:35:49.740  2052  2052 D leak-70-4: Eastern Standard Time
08-02 00:35:50.740  2052  2052 D leak-67-4: Eastern Standard Time
08-02 00:35:50.740  2052  2052 D leak-70-4: Eastern Standard Time
08-02 00:35:50.745  2210  2210 W AccessibilityNodeInfoDumper: Fetch time: 2ms
08-02 00:35:50.745   623  1122 W WindowManager: Attempted to remove non-existing token: android.os.Binder@5a7e44a
08-02 00:35:50.763  2210  2210 D AndroidRuntime: Shutting down VM
08-02 00:35:51.275  2228  2228 D AndroidRuntime: >>>>>> START com.android.internal.os.RuntimeInit uid 0 <<<<<<
08-02 00:35:51.276  2228  2228 D AndroidRuntime: CheckJNI is OFF
08-02 00:35:51.286  2228  2228 D ICU     : No timezone override file found: /data/misc/zoneinfo/current/icu/icu_tzdata.dat
08-02 00:35:51.301  2228  2228 E memtrack: Couldn't load memtrack module (No such file or directory)
08-02 00:35:51.301  2228  2228 E android.os.Debug: failed to load memtrack module: -2
08-02 00:35:51.302  2228  2228 I Radio-JNI: register_android_hardware_Radio DONE
08-02 00:35:51.311  2228  2228 D AndroidRuntime: Calling main entry com.android.commands.uiautomator.Launcher
08-02 00:35:51.326  2052  2052 D leak-67-4: Eastern Standard Time
08-02 00:35:51.326  2052  2052 D leak-70-4: Eastern Standard Time
08-02 00:35:51.327  2052  2052 D leak-67-4: Eastern Standard Time
08-02 00:35:51.327  2052  2052 D leak-70-4: Eastern Standard Time
08-02 00:35:52.329  2052  2052 D leak-67-4: Eastern Standard Time
08-02 00:35:52.329  2052  2052 D leak-70-4: Eastern Standard Time
08-02 00:35:52.336  2228  2228 W AccessibilityNodeInfoDumper: Fetch time: 2ms
08-02 00:35:52.336   623   634 W WindowManager: Attempted to remove non-existing token: android.os.Binder@b46efbb
08-02 00:35:52.345  2228  2228 D AndroidRuntime: Shutting down VM
08-02 00:35:53.423  2251  2251 D AndroidRuntime: >>>>>> START com.android.internal.os.RuntimeInit uid 0 <<<<<<
08-02 00:35:53.425  2251  2251 D AndroidRuntime: CheckJNI is OFF
08-02 00:35:53.434  2251  2251 D ICU     : No timezone override file found: /data/misc/zoneinfo/current/icu/icu_tzdata.dat
08-02 00:35:53.448  2251  2251 E memtrack: Couldn't load memtrack module (No such file or directory)
08-02 00:35:53.448  2251  2251 E android.os.Debug: failed to load memtrack module: -2
08-02 00:35:53.449  2251  2251 I Radio-JNI: register_android_hardware_Radio DONE
08-02 00:35:53.454  2251  2251 D AndroidRuntime: Calling main entry com.android.commands.uiautomator.Launcher
08-02 00:35:53.460  2052  2052 D leak-67-4: Eastern Standard Time
08-02 00:35:53.460  2052  2052 D leak-70-4: Eastern Standard Time
08-02 00:35:53.461  2052  2052 D leak-67-4: Eastern Standard Time
08-02 00:35:53.461  2052  2052 D leak-70-4: Eastern Standard Time
08-02 00:35:54.462  2052  2052 D leak-67-4: Eastern Standard Time
08-02 00:35:54.462  2052  2052 D leak-70-4: Eastern Standard Time
08-02 00:35:54.466  2251  2251 W AccessibilityNodeInfoDumper: Fetch time: 2ms
08-02 00:35:54.466   623  1122 W WindowManager: Attempted to remove non-existing token: android.os.Binder@fe13cd8
08-02 00:35:54.474  2251  2251 D AndroidRuntime: Shutting down VM
08-02 00:35:54.955  2269  2269 D AndroidRuntime: >>>>>> START com.android.internal.os.RuntimeInit uid 0 <<<<<<
08-02 00:35:54.957  2269  2269 D AndroidRuntime: CheckJNI is OFF
08-02 00:35:54.967  2269  2269 D ICU     : No timezone override file found: /data/misc/zoneinfo/current/icu/icu_tzdata.dat
08-02 00:35:54.979  2269  2269 E memtrack: Couldn't load memtrack module (No such file or directory)
08-02 00:35:54.979  2269  2269 E android.os.Debug: failed to load memtrack module: -2
08-02 00:35:54.982  2269  2269 I Radio-JNI: register_android_hardware_Radio DONE
08-02 00:35:54.988  2269  2269 D AndroidRuntime: Calling main entry com.android.commands.uiautomator.Launcher
08-02 00:35:54.995  2052  2052 D leak-67-4: Eastern Standard Time
08-02 00:35:54.995  2052  2052 D leak-70-4: Eastern Standard Time
08-02 00:35:54.996  2052  2052 D leak-67-4: Eastern Standard Time
08-02 00:35:54.996  2052  2052 D leak-70-4: Eastern Standard Time
08-02 00:35:55.817   623  1391 D NetlinkSocketObserver: NeighborEvent{elapsedMs=199649, 10.0.3.2, [525400123502], RTM_NEWNEIGH, NUD_STALE}
08-02 00:35:55.996  2052  2052 D leak-67-4: Eastern Standard Time
08-02 00:35:55.996  2052  2052 D leak-70-4: Eastern Standard Time
08-02 00:35:56.000  2269  2269 W AccessibilityNodeInfoDumper: Fetch time: 2ms
08-02 00:35:56.001   623   635 W WindowManager: Attempted to remove non-existing token: android.os.Binder@a80e831
08-02 00:35:56.011  2269  2269 D AndroidRuntime: Shutting down VM
08-02 00:35:57.086  2292  2292 D AndroidRuntime: >>>>>> START com.android.internal.os.RuntimeInit uid 0 <<<<<<
08-02 00:35:57.087  2292  2292 D AndroidRuntime: CheckJNI is OFF
08-02 00:35:57.096  2292  2292 D ICU     : No timezone override file found: /data/misc/zoneinfo/current/icu/icu_tzdata.dat
08-02 00:35:57.107  2292  2292 E memtrack: Couldn't load memtrack module (No such file or directory)
08-02 00:35:57.107  2292  2292 E android.os.Debug: failed to load memtrack module: -2
08-02 00:35:57.108  2292  2292 I Radio-JNI: register_android_hardware_Radio DONE
08-02 00:35:57.117  2292  2292 D AndroidRuntime: Calling main entry com.android.commands.uiautomator.Launcher
08-02 00:35:57.125  2052  2052 D leak-67-4: Eastern Standard Time
08-02 00:35:57.125  2052  2052 D leak-70-4: Eastern Standard Time
08-02 00:35:57.126  2052  2052 D leak-67-4: Eastern Standard Time
08-02 00:35:57.126  2052  2052 D leak-70-4: Eastern Standard Time
08-02 00:35:58.129  2052  2052 D leak-67-4: Eastern Standard Time
08-02 00:35:58.129  2052  2052 D leak-70-4: Eastern Standard Time
08-02 00:35:58.136  2292  2292 W AccessibilityNodeInfoDumper: Fetch time: 1ms
08-02 00:35:58.136   623  1118 W WindowManager: Attempted to remove non-existing token: android.os.Binder@687fb16
08-02 00:35:58.147  2292  2292 D AndroidRuntime: Shutting down VM
08-02 00:35:58.622  2310  2310 D AndroidRuntime: >>>>>> START com.android.internal.os.RuntimeInit uid 0 <<<<<<
08-02 00:35:58.623  2310  2310 D AndroidRuntime: CheckJNI is OFF
08-02 00:35:58.633  2310  2310 D ICU     : No timezone override file found: /data/misc/zoneinfo/current/icu/icu_tzdata.dat
08-02 00:35:58.646  2310  2310 E memtrack: Couldn't load memtrack module (No such file or directory)
08-02 00:35:58.646  2310  2310 E android.os.Debug: failed to load memtrack module: -2
08-02 00:35:58.647  2310  2310 I Radio-JNI: register_android_hardware_Radio DONE
08-02 00:35:58.652  2310  2310 D AndroidRuntime: Calling main entry com.android.commands.uiautomator.Launcher
08-02 00:35:58.668  2052  2052 D leak-67-4: Eastern Standard Time
08-02 00:35:58.668  2052  2052 D leak-70-4: Eastern Standard Time
08-02 00:35:58.670  2052  2052 D leak-67-4: Eastern Standard Time
08-02 00:35:58.670  2052  2052 D leak-70-4: Eastern Standard Time
08-02 00:35:59.674  2052  2052 D leak-67-4: Eastern Standard Time
08-02 00:35:59.674  2052  2052 D leak-70-4: Eastern Standard Time
08-02 00:35:59.677  2310  2310 W AccessibilityNodeInfoDumper: Fetch time: 1ms
08-02 00:35:59.677   623  1118 W WindowManager: Attempted to remove non-existing token: android.os.Binder@f6acc97
08-02 00:35:59.701  2310  2310 D AndroidRuntime: Shutting down VM
08-02 00:36:00.776  2333  2333 D AndroidRuntime: >>>>>> START com.android.internal.os.RuntimeInit uid 0 <<<<<<
08-02 00:36:00.777  2333  2333 D AndroidRuntime: CheckJNI is OFF
08-02 00:36:00.785  2333  2333 D ICU     : No timezone override file found: /data/misc/zoneinfo/current/icu/icu_tzdata.dat
08-02 00:36:00.796  2333  2333 E memtrack: Couldn't load memtrack module (No such file or directory)
08-02 00:36:00.796  2333  2333 E android.os.Debug: failed to load memtrack module: -2
08-02 00:36:00.797  2333  2333 I Radio-JNI: register_android_hardware_Radio DONE
08-02 00:36:00.803  2333  2333 D AndroidRuntime: Calling main entry com.android.commands.uiautomator.Launcher
08-02 00:36:00.823  2052  2052 D leak-67-4: Eastern Standard Time
08-02 00:36:00.823  2052  2052 D leak-70-4: Eastern Standard Time
08-02 00:36:00.824  2052  2052 D leak-67-4: Eastern Standard Time
08-02 00:36:00.824  2052  2052 D leak-70-4: Eastern Standard Time
08-02 00:36:01.828  2052  2052 D leak-67-4: Eastern Standard Time
08-02 00:36:01.828  2052  2052 D leak-70-4: Eastern Standard Time
08-02 00:36:01.835  2333  2333 W AccessibilityNodeInfoDumper: Fetch time: 1ms
08-02 00:36:01.835   623  1594 W WindowManager: Attempted to remove non-existing token: android.os.Binder@b4ad66d
08-02 00:36:01.848  2333  2333 D AndroidRuntime: Shutting down VM
08-02 00:36:02.303  2351  2351 D AndroidRuntime: >>>>>> START com.android.internal.os.RuntimeInit uid 0 <<<<<<
08-02 00:36:02.305  2351  2351 D AndroidRuntime: CheckJNI is OFF
08-02 00:36:02.314  2351  2351 D ICU     : No timezone override file found: /data/misc/zoneinfo/current/icu/icu_tzdata.dat
08-02 00:36:02.325  2351  2351 E memtrack: Couldn't load memtrack module (No such file or directory)
08-02 00:36:02.325  2351  2351 E android.os.Debug: failed to load memtrack module: -2
08-02 00:36:02.325  2351  2351 I Radio-JNI: register_android_hardware_Radio DONE
08-02 00:36:02.332  2351  2351 D AndroidRuntime: Calling main entry com.android.commands.uiautomator.Launcher
08-02 00:36:02.342  2052  2052 D leak-67-4: Eastern Standard Time
08-02 00:36:02.342  2052  2052 D leak-70-4: Eastern Standard Time
08-02 00:36:02.345  2052  2052 D leak-67-4: Eastern Standard Time
08-02 00:36:02.345  2052  2052 D leak-70-4: Eastern Standard Time
08-02 00:36:03.346  2052  2052 D leak-67-4: Eastern Standard Time
08-02 00:36:03.346  2052  2052 D leak-70-4: Eastern Standard Time
08-02 00:36:03.350  2351  2351 W AccessibilityNodeInfoDumper: Fetch time: 1ms
08-02 00:36:03.350   623   838 W WindowManager: Attempted to remove non-existing token: android.os.Binder@180b2a2
08-02 00:36:03.361  2351  2351 D AndroidRuntime: Shutting down VM
08-02 00:36:04.469  2376  2376 D AndroidRuntime: >>>>>> START com.android.internal.os.RuntimeInit uid 0 <<<<<<
08-02 00:36:04.470  2376  2376 D AndroidRuntime: CheckJNI is OFF
08-02 00:36:04.479  2376  2376 D ICU     : No timezone override file found: /data/misc/zoneinfo/current/icu/icu_tzdata.dat
08-02 00:36:04.492  2376  2376 E memtrack: Couldn't load memtrack module (No such file or directory)
08-02 00:36:04.492  2376  2376 E android.os.Debug: failed to load memtrack module: -2
08-02 00:36:04.493  2376  2376 I Radio-JNI: register_android_hardware_Radio DONE
08-02 00:36:04.501  2376  2376 D AndroidRuntime: Calling main entry com.android.commands.uiautomator.Launcher
08-02 00:36:04.508  2052  2052 D leak-67-4: Eastern Standard Time
08-02 00:36:04.508  2052  2052 D leak-70-4: Eastern Standard Time
08-02 00:36:04.509  2052  2052 D leak-67-4: Eastern Standard Time
08-02 00:36:04.509  2052  2052 D leak-70-4: Eastern Standard Time
08-02 00:36:05.509  2052  2052 D leak-67-4: Eastern Standard Time
08-02 00:36:05.509  2052  2052 D leak-70-4: Eastern Standard Time
08-02 00:36:05.514  2376  2376 W AccessibilityNodeInfoDumper: Fetch time: 1ms
08-02 00:36:05.514   623  1007 W WindowManager: Attempted to remove non-existing token: android.os.Binder@5859b33
08-02 00:36:05.540  2376  2376 D AndroidRuntime: Shutting down VM
08-02 00:36:05.993  2395  2395 D AndroidRuntime: >>>>>> START com.android.internal.os.RuntimeInit uid 0 <<<<<<
08-02 00:36:05.994  2395  2395 D AndroidRuntime: CheckJNI is OFF
08-02 00:36:06.003  2395  2395 D ICU     : No timezone override file found: /data/misc/zoneinfo/current/icu/icu_tzdata.dat
08-02 00:36:06.015  2395  2395 E memtrack: Couldn't load memtrack module (No such file or directory)
08-02 00:36:06.015  2395  2395 E android.os.Debug: failed to load memtrack module: -2
08-02 00:36:06.016  2395  2395 I Radio-JNI: register_android_hardware_Radio DONE
08-02 00:36:06.023  2395  2395 D AndroidRuntime: Calling main entry com.android.commands.uiautomator.Launcher
08-02 00:36:06.036  2052  2052 D leak-67-4: Eastern Standard Time
08-02 00:36:06.036  2052  2052 D leak-70-4: Eastern Standard Time
08-02 00:36:06.047  2052  2052 D leak-67-4: Eastern Standard Time
08-02 00:36:06.047  2052  2052 D leak-70-4: Eastern Standard Time
08-02 00:36:07.048  2052  2052 D leak-67-4: Eastern Standard Time
08-02 00:36:07.048  2052  2052 D leak-70-4: Eastern Standard Time
08-02 00:36:07.052  2395  2395 W AccessibilityNodeInfoDumper: Fetch time: 1ms
08-02 00:36:07.052   623  1594 W WindowManager: Attempted to remove non-existing token: android.os.Binder@b9ecef0
08-02 00:36:07.064  2395  2395 D AndroidRuntime: Shutting down VM
08-02 00:36:07.471  2408  2408 D AndroidRuntime: >>>>>> START com.android.internal.os.RuntimeInit uid 0 <<<<<<
08-02 00:36:07.473  2408  2408 D AndroidRuntime: CheckJNI is OFF
08-02 00:36:07.481  2408  2408 D ICU     : No timezone override file found: /data/misc/zoneinfo/current/icu/icu_tzdata.dat
08-02 00:36:07.493  2408  2408 E memtrack: Couldn't load memtrack module (No such file or directory)
08-02 00:36:07.493  2408  2408 E android.os.Debug: failed to load memtrack module: -2
08-02 00:36:07.494  2408  2408 I Radio-JNI: register_android_hardware_Radio DONE
08-02 00:36:07.499  2408  2408 D AndroidRuntime: Calling main entry com.android.commands.input.Input
08-02 00:36:07.500  2408  2408 I Input   : injectMotionEvent: MotionEvent { action=ACTION_DOWN, actionButton=0, id[0]=0, x[0]=1136.0, y[0]=112.0, toolType[0]=TOOL_TYPE_UNKNOWN, buttonState=0, metaState=0, flags=0x0, edgeFlags=0x0, pointerCount=1, historySize=0, eventTime=211331, downTime=211331, deviceId=0, source=0x1002 }
08-02 00:36:07.504  2408  2408 I Input   : injectMotionEvent: MotionEvent { action=ACTION_UP, actionButton=0, id[0]=0, x[0]=1136.0, y[0]=112.0, toolType[0]=TOOL_TYPE_UNKNOWN, buttonState=0, metaState=0, flags=0x0, edgeFlags=0x0, pointerCount=1, historySize=0, eventTime=211331, downTime=211331, deviceId=0, source=0x1002 }
08-02 00:36:07.505  2408  2408 D AndroidRuntime: Shutting down VM
08-02 00:36:07.520  2052  2052 D leak-9-2: Eastern Standard Time
08-02 00:36:07.520  2052  2052 D leak-11-2: Eastern Standard Time
08-02 00:36:07.521  2052  2052 D leak-12-2: Eastern Standard Time
08-02 00:36:07.521  2052  2052 D leak-13-2: Eastern Standard Time
08-02 00:36:07.521  2052  2052 D leak-14-2: Eastern Standard Time
08-02 00:36:07.521  2052  2052 D leak-15-2: Eastern Standard Time
08-02 00:36:07.528  2052  2052 D leak-9-0: Eastern Standard Time
08-02 00:36:07.532  2052  2052 D leak-9-3: Eastern Standard Time
08-02 00:36:07.532  2052  2052 D leak-13-3: Eastern Standard Time
08-02 00:36:07.532  2052  2052 D leak-67-1: Eastern Standard Time
08-02 00:36:07.532  2052  2052 D leak-9-5: Eastern Standard Time
08-02 00:36:07.532  2052  2052 D leak-13-5: Eastern Standard Time
08-02 00:36:07.532  2052  2052 D leak-15-5: Eastern Standard Time
08-02 00:36:07.532  2052  2052 D leak-9-4: Eastern Standard Time
08-02 00:36:07.532  2052  2052 D leak-13-4: Eastern Standard Time
08-02 00:36:07.532  2052  2052 D leak-14-4: Eastern Standard Time
08-02 00:36:07.532  2052  2052 D leak-15-4: Eastern Standard Time
08-02 00:36:07.532  2052  2052 D leak-78-0: Eastern Standard Time
08-02 00:36:07.591  2052  2071 E Surface : getSlotFromBufferLocked: unknown buffer: 0xeeb72380
08-02 00:36:07.615  2052  2071 W EGL_emulation: eglSurfaceAttrib not implemented
08-02 00:36:07.615  2052  2071 W OpenGLRenderer: Failed to set EGL_SWAP_BEHAVIOR on surface 0xe9bba3a0, error=EGL_SUCCESS
08-02 00:36:07.649  2052  2052 D leak-67-4: Eastern Standard Time
08-02 00:36:07.649  2052  2052 D leak-70-4: Eastern Standard Time
08-02 00:36:07.649  2052  2052 D leak-67-4: Eastern Standard Time
08-02 00:36:07.649  2052  2052 D leak-70-4: Eastern Standard Time
08-02 00:36:07.650  2052  2052 D leak-9-1: Eastern Standard Time
08-02 00:36:07.650  2052  2052 D leak-11-1: Eastern Standard Time
08-02 00:36:07.650  2052  2052 D leak-13-1: Eastern Standard Time
08-02 00:36:07.650  2052  2052 D leak-14-1: Eastern Standard Time
08-02 00:36:07.650  2052  2052 D leak-15-1: Eastern Standard Time
08-02 00:36:07.670  2052  2052 D leak-67-4: Eastern Standard Time
08-02 00:36:07.670  2052  2052 D leak-70-4: Eastern Standard Time
08-02 00:36:07.670  2052  2052 D leak-67-4: Eastern Standard Time
08-02 00:36:07.670  2052  2052 D leak-70-4: Eastern Standard Time
08-02 00:36:11.954  2747  2747 D AndroidRuntime: >>>>>> START com.android.internal.os.RuntimeInit uid 0 <<<<<<
08-02 00:36:11.956  2747  2747 D AndroidRuntime: CheckJNI is OFF
08-02 00:36:11.964  2747  2747 D ICU     : No timezone override file found: /data/misc/zoneinfo/current/icu/icu_tzdata.dat
08-02 00:36:11.976  2747  2747 E memtrack: Couldn't load memtrack module (No such file or directory)
08-02 00:36:11.976  2747  2747 E android.os.Debug: failed to load memtrack module: -2
08-02 00:36:11.977  2747  2747 I Radio-JNI: register_android_hardware_Radio DONE
08-02 00:36:11.983  2747  2747 D AndroidRuntime: Calling main entry com.android.commands.uiautomator.Launcher
08-02 00:36:11.995  2052  2052 D leak-67-4: Eastern Standard Time
08-02 00:36:11.995  2052  2052 D leak-70-4: Eastern Standard Time
08-02 00:36:12.001  2052  2052 D leak-67-4: Eastern Standard Time
08-02 00:36:12.001  2052  2052 D leak-70-4: Eastern Standard Time
08-02 00:36:12.581   623  1391 D NetlinkSocketObserver: NeighborEvent{elapsedMs=216412, 10.0.3.2, [525400123502], RTM_NEWNEIGH, NUD_REACHABLE}
08-02 00:36:13.012  2052  2052 D leak-67-4: Eastern Standard Time
08-02 00:36:13.012  2052  2052 D leak-70-4: Eastern Standard Time
08-02 00:36:13.018  2747  2747 W AccessibilityNodeInfoDumper: Fetch time: 1ms
08-02 00:36:13.019   623  1594 W WindowManager: Attempted to remove non-existing token: android.os.Binder@e39ea1c
08-02 00:36:13.026  2747  2747 D AndroidRuntime: Shutting down VM
08-02 00:36:14.091  2770  2770 D AndroidRuntime: >>>>>> START com.android.internal.os.RuntimeInit uid 0 <<<<<<
08-02 00:36:14.093  2770  2770 D AndroidRuntime: CheckJNI is OFF
08-02 00:36:14.105  2770  2770 D ICU     : No timezone override file found: /data/misc/zoneinfo/current/icu/icu_tzdata.dat
08-02 00:36:14.120  2770  2770 E memtrack: Couldn't load memtrack module (No such file or directory)
08-02 00:36:14.120  2770  2770 E android.os.Debug: failed to load memtrack module: -2
08-02 00:36:14.122  2770  2770 I Radio-JNI: register_android_hardware_Radio DONE
08-02 00:36:14.135  2770  2770 D AndroidRuntime: Calling main entry com.android.commands.uiautomator.Launcher
08-02 00:36:14.143  2052  2052 D leak-67-4: Eastern Standard Time
08-02 00:36:14.143  2052  2052 D leak-70-4: Eastern Standard Time
08-02 00:36:14.143  2052  2052 D leak-67-4: Eastern Standard Time
08-02 00:36:14.143  2052  2052 D leak-70-4: Eastern Standard Time
08-02 00:36:15.144  2052  2052 D leak-67-4: Eastern Standard Time
08-02 00:36:15.144  2052  2052 D leak-70-4: Eastern Standard Time
08-02 00:36:15.148  2770  2770 W AccessibilityNodeInfoDumper: Fetch time: 1ms
08-02 00:36:15.148   623  1007 W WindowManager: Attempted to remove non-existing token: android.os.Binder@1a56625
08-02 00:36:15.159  2770  2770 D AndroidRuntime: Shutting down VM
08-02 00:36:15.644  2788  2788 D AndroidRuntime: >>>>>> START com.android.internal.os.RuntimeInit uid 0 <<<<<<
08-02 00:36:15.646  2788  2788 D AndroidRuntime: CheckJNI is OFF
08-02 00:36:15.655  2788  2788 D ICU     : No timezone override file found: /data/misc/zoneinfo/current/icu/icu_tzdata.dat
08-02 00:36:15.667  2788  2788 E memtrack: Couldn't load memtrack module (No such file or directory)
08-02 00:36:15.668  2788  2788 E android.os.Debug: failed to load memtrack module: -2
08-02 00:36:15.670  2788  2788 I Radio-JNI: register_android_hardware_Radio DONE
08-02 00:36:15.677  2788  2788 D AndroidRuntime: Calling main entry com.android.commands.uiautomator.Launcher
08-02 00:36:15.695  2052  2052 D leak-67-4: Eastern Standard Time
08-02 00:36:15.696  2052  2052 D leak-70-4: Eastern Standard Time
08-02 00:36:15.696  2052  2052 D leak-67-4: Eastern Standard Time
08-02 00:36:15.696  2052  2052 D leak-70-4: Eastern Standard Time
08-02 00:36:16.698  2052  2052 D leak-67-4: Eastern Standard Time
08-02 00:36:16.698  2052  2052 D leak-70-4: Eastern Standard Time
08-02 00:36:16.704  2788  2788 W AccessibilityNodeInfoDumper: Fetch time: 2ms
08-02 00:36:16.704   623  1007 W WindowManager: Attempted to remove non-existing token: android.os.Binder@d8f3dab
08-02 00:36:16.720  2788  2788 D AndroidRuntime: Shutting down VM
08-02 00:36:17.615  2052  2052 D leak-83-0: Eastern Standard Time
08-02 00:36:17.615  2052  2052 D leak-80-1: Eastern Standard Time
08-02 00:36:17.647  2052  2071 W EGL_emulation: eglSurfaceAttrib not implemented
08-02 00:36:17.647  2052  2071 W OpenGLRenderer: Failed to set EGL_SWAP_BEHAVIOR on surface 0xdf82c540, error=EGL_SUCCESS
08-02 00:36:17.812  2811  2811 D AndroidRuntime: >>>>>> START com.android.internal.os.RuntimeInit uid 0 <<<<<<
08-02 00:36:17.813  2811  2811 D AndroidRuntime: CheckJNI is OFF
08-02 00:36:17.825  2811  2811 D ICU     : No timezone override file found: /data/misc/zoneinfo/current/icu/icu_tzdata.dat
08-02 00:36:17.838  2811  2811 E memtrack: Couldn't load memtrack module (No such file or directory)
08-02 00:36:17.838  2811  2811 E android.os.Debug: failed to load memtrack module: -2
08-02 00:36:17.840  2811  2811 I Radio-JNI: register_android_hardware_Radio DONE
08-02 00:36:17.848  2811  2811 D AndroidRuntime: Calling main entry com.android.commands.uiautomator.Launcher
08-02 00:36:17.877  2052  2052 D leak-67-4: Eastern Standard Time
08-02 00:36:17.877  2052  2052 D leak-70-4: Eastern Standard Time
08-02 00:36:17.878  2052  2052 D leak-67-4: Eastern Standard Time
08-02 00:36:17.878  2052  2052 D leak-70-4: Eastern Standard Time
08-02 00:36:18.881  2052  2052 D leak-67-4: Eastern Standard Time
08-02 00:36:18.881  2052  2052 D leak-70-4: Eastern Standard Time
08-02 00:36:18.885  2811  2811 W AccessibilityNodeInfoDumper: Fetch time: 1ms
08-02 00:36:18.885   623   635 W WindowManager: Attempted to remove non-existing token: android.os.Binder@b1355c6
08-02 00:36:18.896  2811  2811 D AndroidRuntime: Shutting down VM
08-02 00:36:19.619  2052  2071 E Surface : getSlotFromBufferLocked: unknown buffer: 0xeeb723f0
08-02 00:36:20.081  2839  2839 D AndroidRuntime: >>>>>> START com.android.internal.os.RuntimeInit uid 0 <<<<<<
08-02 00:36:20.082  2839  2839 D AndroidRuntime: CheckJNI is OFF
08-02 00:36:20.094  2839  2839 D ICU     : No timezone override file found: /data/misc/zoneinfo/current/icu/icu_tzdata.dat
08-02 00:36:20.112  2839  2839 E memtrack: Couldn't load memtrack module (No such file or directory)
08-02 00:36:20.112  2839  2839 E android.os.Debug: failed to load memtrack module: -2
08-02 00:36:20.113  2839  2839 I Radio-JNI: register_android_hardware_Radio DONE
08-02 00:36:20.120  2839  2839 D AndroidRuntime: Calling main entry com.android.commands.uiautomator.Launcher
08-02 00:36:20.130  2052  2052 D leak-67-4: Eastern Standard Time
08-02 00:36:20.130  2052  2052 D leak-70-4: Eastern Standard Time
08-02 00:36:20.141  2052  2052 D leak-67-4: Eastern Standard Time
08-02 00:36:20.141  2052  2052 D leak-70-4: Eastern Standard Time
08-02 00:36:21.143  2052  2052 D leak-67-4: Eastern Standard Time
08-02 00:36:21.143  2052  2052 D leak-70-4: Eastern Standard Time
08-02 00:36:21.154  2839  2839 W AccessibilityNodeInfoDumper: Fetch time: 1ms
08-02 00:36:21.154   623   634 W WindowManager: Attempted to remove non-existing token: android.os.Binder@5b34dd
08-02 00:36:21.162  2839  2839 D AndroidRuntime: Shutting down VM
08-02 00:36:22.247  2865  2865 D AndroidRuntime: >>>>>> START com.android.internal.os.RuntimeInit uid 0 <<<<<<
08-02 00:36:22.249  2865  2865 D AndroidRuntime: CheckJNI is OFF
08-02 00:36:22.257  2865  2865 D ICU     : No timezone override file found: /data/misc/zoneinfo/current/icu/icu_tzdata.dat
08-02 00:36:22.269  2865  2865 E memtrack: Couldn't load memtrack module (No such file or directory)
08-02 00:36:22.269  2865  2865 E android.os.Debug: failed to load memtrack module: -2
08-02 00:36:22.269  2865  2865 I Radio-JNI: register_android_hardware_Radio DONE
08-02 00:36:22.276  2865  2865 D AndroidRuntime: Calling main entry com.android.commands.uiautomator.Launcher
08-02 00:36:22.285  2052  2052 D leak-67-4: Eastern Standard Time
08-02 00:36:22.285  2052  2052 D leak-70-4: Eastern Standard Time
08-02 00:36:22.286  2052  2052 D leak-67-4: Eastern Standard Time
08-02 00:36:22.286  2052  2052 D leak-70-4: Eastern Standard Time
08-02 00:36:23.293  2052  2052 D leak-67-4: Eastern Standard Time
08-02 00:36:23.293  2052  2052 D leak-70-4: Eastern Standard Time
08-02 00:36:23.297  2865  2865 W AccessibilityNodeInfoDumper: Fetch time: 2ms
08-02 00:36:23.298   623   634 W WindowManager: Attempted to remove non-existing token: android.os.Binder@df0852
08-02 00:36:23.321  2865  2865 D AndroidRuntime: Shutting down VM
08-02 00:36:23.777  2883  2883 D AndroidRuntime: >>>>>> START com.android.internal.os.RuntimeInit uid 0 <<<<<<
08-02 00:36:23.779  2883  2883 D AndroidRuntime: CheckJNI is OFF
08-02 00:36:23.788  2883  2883 D ICU     : No timezone override file found: /data/misc/zoneinfo/current/icu/icu_tzdata.dat
08-02 00:36:23.799  2883  2883 E memtrack: Couldn't load memtrack module (No such file or directory)
08-02 00:36:23.799  2883  2883 E android.os.Debug: failed to load memtrack module: -2
08-02 00:36:23.800  2883  2883 I Radio-JNI: register_android_hardware_Radio DONE
08-02 00:36:23.806  2883  2883 D AndroidRuntime: Calling main entry com.android.commands.uiautomator.Launcher
08-02 00:36:23.818  2052  2052 D leak-67-4: Eastern Standard Time
08-02 00:36:23.818  2052  2052 D leak-70-4: Eastern Standard Time
08-02 00:36:23.819  2052  2052 D leak-67-4: Eastern Standard Time
08-02 00:36:23.819  2052  2052 D leak-70-4: Eastern Standard Time
08-02 00:36:24.821  2052  2052 D leak-67-4: Eastern Standard Time
08-02 00:36:24.821  2052  2052 D leak-70-4: Eastern Standard Time
08-02 00:36:24.825  2883  2883 W AccessibilityNodeInfoDumper: Fetch time: 1ms
08-02 00:36:24.825   623  1116 W WindowManager: Attempted to remove non-existing token: android.os.Binder@4ebb723
08-02 00:36:24.833  2883  2883 D AndroidRuntime: Shutting down VM
08-02 00:36:25.914  2907  2907 D AndroidRuntime: >>>>>> START com.android.internal.os.RuntimeInit uid 0 <<<<<<
08-02 00:36:25.917  2907  2907 D AndroidRuntime: CheckJNI is OFF
08-02 00:36:25.930  2907  2907 D ICU     : No timezone override file found: /data/misc/zoneinfo/current/icu/icu_tzdata.dat
08-02 00:36:25.946  2907  2907 E memtrack: Couldn't load memtrack module (No such file or directory)
08-02 00:36:25.946  2907  2907 E android.os.Debug: failed to load memtrack module: -2
08-02 00:36:25.948  2907  2907 I Radio-JNI: register_android_hardware_Radio DONE
08-02 00:36:25.954  2907  2907 D AndroidRuntime: Calling main entry com.android.commands.uiautomator.Launcher
08-02 00:36:25.969  2052  2052 D leak-67-4: Eastern Standard Time
08-02 00:36:25.969  2052  2052 D leak-70-4: Eastern Standard Time
08-02 00:36:25.970  2052  2052 D leak-67-4: Eastern Standard Time
08-02 00:36:25.970  2052  2052 D leak-70-4: Eastern Standard Time
08-02 00:36:26.973  2052  2052 D leak-67-4: Eastern Standard Time
08-02 00:36:26.973  2052  2052 D leak-70-4: Eastern Standard Time
08-02 00:36:26.982  2907  2907 W AccessibilityNodeInfoDumper: Fetch time: 1ms
08-02 00:36:26.983   623  1009 W WindowManager: Attempted to remove non-existing token: android.os.Binder@23bd420
08-02 00:36:26.993  2907  2907 D AndroidRuntime: Shutting down VM
08-02 00:36:27.498  2925  2925 D AndroidRuntime: >>>>>> START com.android.internal.os.RuntimeInit uid 0 <<<<<<
08-02 00:36:27.501  2925  2925 D AndroidRuntime: CheckJNI is OFF
08-02 00:36:27.512  2925  2925 D ICU     : No timezone override file found: /data/misc/zoneinfo/current/icu/icu_tzdata.dat
08-02 00:36:27.525  2925  2925 E memtrack: Couldn't load memtrack module (No such file or directory)
08-02 00:36:27.525  2925  2925 E android.os.Debug: failed to load memtrack module: -2
08-02 00:36:27.526  2925  2925 I Radio-JNI: register_android_hardware_Radio DONE
08-02 00:36:27.531  2925  2925 D AndroidRuntime: Calling main entry com.android.commands.uiautomator.Launcher
08-02 00:36:27.538  2052  2052 D leak-67-4: Eastern Standard Time
08-02 00:36:27.538  2052  2052 D leak-70-4: Eastern Standard Time
08-02 00:36:27.539  2052  2052 D leak-67-4: Eastern Standard Time
08-02 00:36:27.539  2052  2052 D leak-70-4: Eastern Standard Time
08-02 00:36:28.105   623  1391 D NetlinkSocketObserver: NeighborEvent{elapsedMs=231936, 10.0.3.2, [525400123502], RTM_NEWNEIGH, NUD_STALE}
08-02 00:36:28.540  2052  2052 D leak-67-4: Eastern Standard Time
08-02 00:36:28.540  2052  2052 D leak-70-4: Eastern Standard Time
08-02 00:36:28.545  2925  2925 W AccessibilityNodeInfoDumper: Fetch time: 2ms
08-02 00:36:28.546   623  1118 W WindowManager: Attempted to remove non-existing token: android.os.Binder@841579e
08-02 00:36:28.568  2925  2925 D AndroidRuntime: Shutting down VM
