08-01 23:23:30.660 10947 10947 D AndroidRuntime: CheckJNI is OFF
08-01 23:23:30.669 10947 10947 D ICU     : No timezone override file found: /data/misc/zoneinfo/current/icu/icu_tzdata.dat
08-01 23:23:30.684 10947 10947 E memtrack: Couldn't load memtrack module (No such file or directory)
08-01 23:23:30.684 10947 10947 E android.os.Debug: failed to load memtrack module: -2
08-01 23:23:30.685 10947 10947 I Radio-JNI: register_android_hardware_Radio DONE
08-01 23:23:30.691 10947 10947 D AndroidRuntime: Calling main entry com.android.commands.uiautomator.Launcher
08-01 23:23:31.718 10947 10947 I AccessibilityNodeInfoDumper: Skipping invisible child: android.view.accessibility.AccessibilityNodeInfo@8000b887; boundsInParent: Rect(0, 0 - 0, 128); boundsInScreen: Rect(1184, 48 - 1184, 176); packageName: com.zola.bmi; className: android.support.v7.widget.LinearLayoutCompat; text: null; error: null; maxTextLength: -1; contentDescription: null; viewIdResName: null; checkable: false; checked: false; focusable: false; focused: false; selected: false; clickable: false; longClickable: false; contextClickable: false; enabled: true; password: false; scrollable: false; actions: [AccessibilityAction: ACTION_SELECT - null, AccessibilityAction: ACTION_CLEAR_SELECTION - null, AccessibilityAction: ACTION_ACCESSIBILITY_FOCUS - null, AccessibilityAction: ACTION_UNKNOWN - null]
08-01 23:23:31.718 10947 10947 I AccessibilityNodeInfoDumper: Skipping invisible child: android.view.accessibility.AccessibilityNodeInfo@800092fd; boundsInParent: Rect(0, 0 - 0, 54); boundsInScreen: Rect(72, 662 - 72, 716); packageName: com.zola.bmi; className: android.widget.TextView; text: null; error: null; maxTextLength: -1; contentDescription: null; viewIdResName: com.zola.bmi:id/resultLabel; checkable: false; checked: false; focusable: false; focused: false; selected: false; clickable: false; longClickable: false; contextClickable: false; enabled: true; password: false; scrollable: false; actions: [AccessibilityAction: ACTION_SELECT - null, AccessibilityAction: ACTION_CLEAR_SELECTION - null, AccessibilityAction: ACTION_ACCESSIBILITY_FOCUS - null, AccessibilityAction: ACTION_UNKNOWN - null]
08-01 23:23:31.719 10947 10947 W AccessibilityNodeInfoDumper: Fetch time: 8ms
08-01 23:23:31.719   594  1033 W WindowManager: Attempted to remove non-existing token: android.os.Binder@252ec61
08-01 23:23:31.723 10947 10947 D AndroidRuntime: Shutting down VM
08-01 23:23:32.842 10975 10975 D AndroidRuntime: >>>>>> START com.android.internal.os.RuntimeInit uid 0 <<<<<<
08-01 23:23:32.843 10975 10975 D AndroidRuntime: CheckJNI is OFF
08-01 23:23:32.856 10975 10975 D ICU     : No timezone override file found: /data/misc/zoneinfo/current/icu/icu_tzdata.dat
08-01 23:23:32.867 10975 10975 E memtrack: Couldn't load memtrack module (No such file or directory)
08-01 23:23:32.867 10975 10975 E android.os.Debug: failed to load memtrack module: -2
08-01 23:23:32.868 10975 10975 I Radio-JNI: register_android_hardware_Radio DONE
08-01 23:23:32.876 10975 10975 D AndroidRuntime: Calling main entry com.android.commands.uiautomator.Launcher
08-01 23:23:33.893 10975 10975 I AccessibilityNodeInfoDumper: Skipping invisible child: android.view.accessibility.AccessibilityNodeInfo@8000b88f; boundsInParent: Rect(0, 0 - 0, 128); boundsInScreen: Rect(1184, 48 - 1184, 176); packageName: com.zola.bmi; className: android.support.v7.widget.LinearLayoutCompat; text: null; error: null; maxTextLength: -1; contentDescription: null; viewIdResName: null; checkable: false; checked: false; focusable: false; focused: false; selected: false; clickable: false; longClickable: false; contextClickable: false; enabled: true; password: false; scrollable: false; actions: [AccessibilityAction: ACTION_SELECT - null, AccessibilityAction: ACTION_CLEAR_SELECTION - null, AccessibilityAction: ACTION_ACCESSIBILITY_FOCUS - null, AccessibilityAction: ACTION_UNKNOWN - null]
08-01 23:23:33.894 10975 10975 I AccessibilityNodeInfoDumper: Skipping invisible child: android.view.accessibility.AccessibilityNodeInfo@80009305; boundsInParent: Rect(0, 0 - 0, 54); boundsInScreen: Rect(72, 662 - 72, 716); packageName: com.zola.bmi; className: android.widget.TextView; text: null; error: null; maxTextLength: -1; contentDescription: null; viewIdResName: com.zola.bmi:id/resultLabel; checkable: false; checked: false; focusable: false; focused: false; selected: false; clickable: false; longClickable: false; contextClickable: false; enabled: true; password: false; scrollable: false; actions: [AccessibilityAction: ACTION_SELECT - null, AccessibilityAction: ACTION_CLEAR_SELECTION - null, AccessibilityAction: ACTION_ACCESSIBILITY_FOCUS - null, AccessibilityAction: ACTION_UNKNOWN - null]
08-01 23:23:33.894 10975 10975 W AccessibilityNodeInfoDumper: Fetch time: 6ms
08-01 23:23:33.895   594   605 W WindowManager: Attempted to remove non-existing token: android.os.Binder@55a6386
08-01 23:23:33.897 10975 10975 D AndroidRuntime: Shutting down VM
08-01 23:23:35.039 11001 11001 D AndroidRuntime: >>>>>> START com.android.internal.os.RuntimeInit uid 0 <<<<<<
08-01 23:23:35.041 11001 11001 D AndroidRuntime: CheckJNI is OFF
08-01 23:23:35.056 11001 11001 D ICU     : No timezone override file found: /data/misc/zoneinfo/current/icu/icu_tzdata.dat
08-01 23:23:35.072 11001 11001 E memtrack: Couldn't load memtrack module (No such file or directory)
08-01 23:23:35.072 11001 11001 E android.os.Debug: failed to load memtrack module: -2
08-01 23:23:35.073 11001 11001 I Radio-JNI: register_android_hardware_Radio DONE
08-01 23:23:35.080 11001 11001 D AndroidRuntime: Calling main entry com.android.commands.uiautomator.Launcher
08-01 23:23:36.097 11001 11001 I AccessibilityNodeInfoDumper: Skipping invisible child: android.view.accessibility.AccessibilityNodeInfo@8000b896; boundsInParent: Rect(0, 0 - 0, 128); boundsInScreen: Rect(1184, 48 - 1184, 176); packageName: com.zola.bmi; className: android.support.v7.widget.LinearLayoutCompat; text: null; error: null; maxTextLength: -1; contentDescription: null; viewIdResName: null; checkable: false; checked: false; focusable: false; focused: false; selected: false; clickable: false; longClickable: false; contextClickable: false; enabled: true; password: false; scrollable: false; actions: [AccessibilityAction: ACTION_SELECT - null, AccessibilityAction: ACTION_CLEAR_SELECTION - null, AccessibilityAction: ACTION_ACCESSIBILITY_FOCUS - null, AccessibilityAction: ACTION_UNKNOWN - null]
08-01 23:23:36.097 11001 11001 I AccessibilityNodeInfoDumper: Skipping invisible child: android.view.accessibility.AccessibilityNodeInfo@8000930c; boundsInParent: Rect(0, 0 - 0, 54); boundsInScreen: Rect(72, 662 - 72, 716); packageName: com.zola.bmi; className: android.widget.TextView; text: null; error: null; maxTextLength: -1; contentDescription: null; viewIdResName: com.zola.bmi:id/resultLabel; checkable: false; checked: false; focusable: false; focused: false; selected: false; clickable: false; longClickable: false; contextClickable: false; enabled: true; password: false; scrollable: false; actions: [AccessibilityAction: ACTION_SELECT - null, AccessibilityAction: ACTION_CLEAR_SELECTION - null, AccessibilityAction: ACTION_ACCESSIBILITY_FOCUS - null, AccessibilityAction: ACTION_UNKNOWN - null]
08-01 23:23:36.101 11001 11001 W AccessibilityNodeInfoDumper: Fetch time: 10ms
08-01 23:23:36.102   594   605 W WindowManager: Attempted to remove non-existing token: android.os.Binder@c998474
08-01 23:23:36.105 11001 11001 D AndroidRuntime: Shutting down VM
08-01 23:23:36.574 11019 11019 D AndroidRuntime: >>>>>> START com.android.internal.os.RuntimeInit uid 0 <<<<<<
08-01 23:23:36.575 11019 11019 D AndroidRuntime: CheckJNI is OFF
08-01 23:23:36.584 11019 11019 D ICU     : No timezone override file found: /data/misc/zoneinfo/current/icu/icu_tzdata.dat
08-01 23:23:36.596 11019 11019 E memtrack: Couldn't load memtrack module (No such file or directory)
08-01 23:23:36.597 11019 11019 E android.os.Debug: failed to load memtrack module: -2
08-01 23:23:36.598 11019 11019 I Radio-JNI: register_android_hardware_Radio DONE
08-01 23:23:36.604 11019 11019 D AndroidRuntime: Calling main entry com.android.commands.uiautomator.Launcher
08-01 23:23:37.627 11019 11019 I AccessibilityNodeInfoDumper: Skipping invisible child: android.view.accessibility.AccessibilityNodeInfo@8000b89e; boundsInParent: Rect(0, 0 - 0, 128); boundsInScreen: Rect(1184, 48 - 1184, 176); packageName: com.zola.bmi; className: android.support.v7.widget.LinearLayoutCompat; text: null; error: null; maxTextLength: -1; contentDescription: null; viewIdResName: null; checkable: false; checked: false; focusable: false; focused: false; selected: false; clickable: false; longClickable: false; contextClickable: false; enabled: true; password: false; scrollable: false; actions: [AccessibilityAction: ACTION_SELECT - null, AccessibilityAction: ACTION_CLEAR_SELECTION - null, AccessibilityAction: ACTION_ACCESSIBILITY_FOCUS - null, AccessibilityAction: ACTION_UNKNOWN - null]
08-01 23:23:37.627 11019 11019 I AccessibilityNodeInfoDumper: Skipping invisible child: android.view.accessibility.AccessibilityNodeInfo@80009314; boundsInParent: Rect(0, 0 - 0, 54); boundsInScreen: Rect(72, 662 - 72, 716); packageName: com.zola.bmi; className: android.widget.TextView; text: null; error: null; maxTextLength: -1; contentDescription: null; viewIdResName: com.zola.bmi:id/resultLabel; checkable: false; checked: false; focusable: false; focused: false; selected: false; clickable: false; longClickable: false; contextClickable: false; enabled: true; password: false; scrollable: false; actions: [AccessibilityAction: ACTION_SELECT - null, AccessibilityAction: ACTION_CLEAR_SELECTION - null, AccessibilityAction: ACTION_ACCESSIBILITY_FOCUS - null, AccessibilityAction: ACTION_UNKNOWN - null]
08-01 23:23:37.633 11019 11019 W AccessibilityNodeInfoDumper: Fetch time: 11ms
08-01 23:23:37.642   594  1018 W WindowManager: Attempted to remove non-existing token: android.os.Binder@970ed9d
08-01 23:23:37.644 11019 11019 D AndroidRuntime: Shutting down VM
08-01 23:23:38.693 11042 11042 D AndroidRuntime: >>>>>> START com.android.internal.os.RuntimeInit uid 0 <<<<<<
08-01 23:23:38.695 11042 11042 D AndroidRuntime: CheckJNI is OFF
08-01 23:23:38.703 11042 11042 D ICU     : No timezone override file found: /data/misc/zoneinfo/current/icu/icu_tzdata.dat
08-01 23:23:38.715 11042 11042 E memtrack: Couldn't load memtrack module (No such file or directory)
08-01 23:23:38.715 11042 11042 E android.os.Debug: failed to load memtrack module: -2
08-01 23:23:38.716 11042 11042 I Radio-JNI: register_android_hardware_Radio DONE
08-01 23:23:38.721 11042 11042 D AndroidRuntime: Calling main entry com.android.commands.uiautomator.Launcher
08-01 23:23:39.737 11042 11042 I AccessibilityNodeInfoDumper: Skipping invisible child: android.view.accessibility.AccessibilityNodeInfo@8000b8a5; boundsInParent: Rect(0, 0 - 0, 128); boundsInScreen: Rect(1184, 48 - 1184, 176); packageName: com.zola.bmi; className: android.support.v7.widget.LinearLayoutCompat; text: null; error: null; maxTextLength: -1; contentDescription: null; viewIdResName: null; checkable: false; checked: false; focusable: false; focused: false; selected: false; clickable: false; longClickable: false; contextClickable: false; enabled: true; password: false; scrollable: false; actions: [AccessibilityAction: ACTION_SELECT - null, AccessibilityAction: ACTION_CLEAR_SELECTION - null, AccessibilityAction: ACTION_ACCESSIBILITY_FOCUS - null, AccessibilityAction: ACTION_UNKNOWN - null]
08-01 23:23:39.737 11042 11042 I AccessibilityNodeInfoDumper: Skipping invisible child: android.view.accessibility.AccessibilityNodeInfo@8000931b; boundsInParent: Rect(0, 0 - 0, 54); boundsInScreen: Rect(72, 662 - 72, 716); packageName: com.zola.bmi; className: android.widget.TextView; text: null; error: null; maxTextLength: -1; contentDescription: null; viewIdResName: com.zola.bmi:id/resultLabel; checkable: false; checked: false; focusable: false; focused: false; selected: false; clickable: false; longClickable: false; contextClickable: false; enabled: true; password: false; scrollable: false; actions: [AccessibilityAction: ACTION_SELECT - null, AccessibilityAction: ACTION_CLEAR_SELECTION - null, AccessibilityAction: ACTION_ACCESSIBILITY_FOCUS - null, AccessibilityAction: ACTION_UNKNOWN - null]
08-01 23:23:39.739 11042 11042 W AccessibilityNodeInfoDumper: Fetch time: 8ms
08-01 23:23:39.740   594  1599 W WindowManager: Attempted to remove non-existing token: android.os.Binder@1e93212
08-01 23:23:39.746 11042 11042 D AndroidRuntime: Shutting down VM
08-01 23:23:40.220 11060 11060 D AndroidRuntime: >>>>>> START com.android.internal.os.RuntimeInit uid 0 <<<<<<
08-01 23:23:40.224 11060 11060 D AndroidRuntime: CheckJNI is OFF
08-01 23:23:40.233 11060 11060 D ICU     : No timezone override file found: /data/misc/zoneinfo/current/icu/icu_tzdata.dat
08-01 23:23:40.246 11060 11060 E memtrack: Couldn't load memtrack module (No such file or directory)
08-01 23:23:40.246 11060 11060 E android.os.Debug: failed to load memtrack module: -2
08-01 23:23:40.246 11060 11060 I Radio-JNI: register_android_hardware_Radio DONE
08-01 23:23:40.253 11060 11060 D AndroidRuntime: Calling main entry com.android.commands.uiautomator.Launcher
08-01 23:23:41.276 11060 11060 I AccessibilityNodeInfoDumper: Skipping invisible child: android.view.accessibility.AccessibilityNodeInfo@8000b8aa; boundsInParent: Rect(0, 0 - 0, 128); boundsInScreen: Rect(1184, 48 - 1184, 176); packageName: com.zola.bmi; className: android.support.v7.widget.LinearLayoutCompat; text: null; error: null; maxTextLength: -1; contentDescription: null; viewIdResName: null; checkable: false; checked: false; focusable: false; focused: false; selected: false; clickable: false; longClickable: false; contextClickable: false; enabled: true; password: false; scrollable: false; actions: [AccessibilityAction: ACTION_SELECT - null, AccessibilityAction: ACTION_CLEAR_SELECTION - null, AccessibilityAction: ACTION_ACCESSIBILITY_FOCUS - null, AccessibilityAction: ACTION_UNKNOWN - null]
08-01 23:23:41.276 11060 11060 I AccessibilityNodeInfoDumper: Skipping invisible child: android.view.accessibility.AccessibilityNodeInfo@80009320; boundsInParent: Rect(0, 0 - 0, 54); boundsInScreen: Rect(72, 662 - 72, 716); packageName: com.zola.bmi; className: android.widget.TextView; text: null; error: null; maxTextLength: -1; contentDescription: null; viewIdResName: com.zola.bmi:id/resultLabel; checkable: false; checked: false; focusable: false; focused: false; selected: false; clickable: false; longClickable: false; contextClickable: false; enabled: true; password: false; scrollable: false; actions: [AccessibilityAction: ACTION_SELECT - null, AccessibilityAction: ACTION_CLEAR_SELECTION - null, AccessibilityAction: ACTION_ACCESSIBILITY_FOCUS - null, AccessibilityAction: ACTION_UNKNOWN - null]
08-01 23:23:41.276 11060 11060 W AccessibilityNodeInfoDumper: Fetch time: 6ms
08-01 23:23:41.277   594  1040 W WindowManager: Attempted to remove non-existing token: android.os.Binder@977fde3
08-01 23:23:41.283 11060 11060 D AndroidRuntime: Shutting down VM
08-01 23:23:42.328 11083 11083 D AndroidRuntime: >>>>>> START com.android.internal.os.RuntimeInit uid 0 <<<<<<
08-01 23:23:42.329 11083 11083 D AndroidRuntime: CheckJNI is OFF
08-01 23:23:42.339 11083 11083 D ICU     : No timezone override file found: /data/misc/zoneinfo/current/icu/icu_tzdata.dat
08-01 23:23:42.352 11083 11083 E memtrack: Couldn't load memtrack module (No such file or directory)
08-01 23:23:42.352 11083 11083 E android.os.Debug: failed to load memtrack module: -2
08-01 23:23:42.352 11083 11083 I Radio-JNI: register_android_hardware_Radio DONE
08-01 23:23:42.360 11083 11083 D AndroidRuntime: Calling main entry com.android.commands.uiautomator.Launcher
08-01 23:23:43.379 11083 11083 I AccessibilityNodeInfoDumper: Skipping invisible child: android.view.accessibility.AccessibilityNodeInfo@8000b8b1; boundsInParent: Rect(0, 0 - 0, 128); boundsInScreen: Rect(1184, 48 - 1184, 176); packageName: com.zola.bmi; className: android.support.v7.widget.LinearLayoutCompat; text: null; error: null; maxTextLength: -1; contentDescription: null; viewIdResName: null; checkable: false; checked: false; focusable: false; focused: false; selected: false; clickable: false; longClickable: false; contextClickable: false; enabled: true; password: false; scrollable: false; actions: [AccessibilityAction: ACTION_SELECT - null, AccessibilityAction: ACTION_CLEAR_SELECTION - null, AccessibilityAction: ACTION_ACCESSIBILITY_FOCUS - null, AccessibilityAction: ACTION_UNKNOWN - null]
08-01 23:23:43.379 11083 11083 I AccessibilityNodeInfoDumper: Skipping invisible child: android.view.accessibility.AccessibilityNodeInfo@80009327; boundsInParent: Rect(0, 0 - 0, 54); boundsInScreen: Rect(72, 662 - 72, 716); packageName: com.zola.bmi; className: android.widget.TextView; text: null; error: null; maxTextLength: -1; contentDescription: null; viewIdResName: com.zola.bmi:id/resultLabel; checkable: false; checked: false; focusable: false; focused: false; selected: false; clickable: false; longClickable: false; contextClickable: false; enabled: true; password: false; scrollable: false; actions: [AccessibilityAction: ACTION_SELECT - null, AccessibilityAction: ACTION_CLEAR_SELECTION - null, AccessibilityAction: ACTION_ACCESSIBILITY_FOCUS - null, AccessibilityAction: ACTION_UNKNOWN - null]
08-01 23:23:43.380 11083 11083 W AccessibilityNodeInfoDumper: Fetch time: 7ms
08-01 23:23:43.387   594  1599 W WindowManager: Attempted to remove non-existing token: android.os.Binder@80473e0
08-01 23:23:43.404 11083 11083 D AndroidRuntime: Shutting down VM
08-01 23:23:43.882 11101 11101 D AndroidRuntime: >>>>>> START com.android.internal.os.RuntimeInit uid 0 <<<<<<
08-01 23:23:43.884 11101 11101 D AndroidRuntime: CheckJNI is OFF
08-01 23:23:43.893 11101 11101 D ICU     : No timezone override file found: /data/misc/zoneinfo/current/icu/icu_tzdata.dat
08-01 23:23:43.904 11101 11101 E memtrack: Couldn't load memtrack module (No such file or directory)
08-01 23:23:43.904 11101 11101 E android.os.Debug: failed to load memtrack module: -2
08-01 23:23:43.904 11101 11101 I Radio-JNI: register_android_hardware_Radio DONE
08-01 23:23:43.912 11101 11101 D AndroidRuntime: Calling main entry com.android.commands.uiautomator.Launcher
08-01 23:23:45.014 11101 11101 I AccessibilityNodeInfoDumper: Skipping invisible child: android.view.accessibility.AccessibilityNodeInfo@8000b8bb; boundsInParent: Rect(0, 0 - 0, 128); boundsInScreen: Rect(1184, 48 - 1184, 176); packageName: com.zola.bmi; className: android.support.v7.widget.LinearLayoutCompat; text: null; error: null; maxTextLength: -1; contentDescription: null; viewIdResName: null; checkable: false; checked: false; focusable: false; focused: false; selected: false; clickable: false; longClickable: false; contextClickable: false; enabled: true; password: false; scrollable: false; actions: [AccessibilityAction: ACTION_SELECT - null, AccessibilityAction: ACTION_CLEAR_SELECTION - null, AccessibilityAction: ACTION_ACCESSIBILITY_FOCUS - null, AccessibilityAction: ACTION_UNKNOWN - null]
08-01 23:23:45.014 11101 11101 I AccessibilityNodeInfoDumper: Skipping invisible child: android.view.accessibility.AccessibilityNodeInfo@80009331; boundsInParent: Rect(0, 0 - 0, 54); boundsInScreen: Rect(72, 662 - 72, 716); packageName: com.zola.bmi; className: android.widget.TextView; text: null; error: null; maxTextLength: -1; contentDescription: null; viewIdResName: com.zola.bmi:id/resultLabel; checkable: false; checked: false; focusable: false; focused: false; selected: false; clickable: false; longClickable: false; contextClickable: false; enabled: true; password: false; scrollable: false; actions: [AccessibilityAction: ACTION_SELECT - null, AccessibilityAction: ACTION_CLEAR_SELECTION - null, AccessibilityAction: ACTION_ACCESSIBILITY_FOCUS - null, AccessibilityAction: ACTION_UNKNOWN - null]
08-01 23:23:45.015 11101 11101 W AccessibilityNodeInfoDumper: Fetch time: 6ms
08-01 23:23:45.016   594   606 W WindowManager: Attempted to remove non-existing token: android.os.Binder@473c699
08-01 23:23:45.027 11101 11101 D AndroidRuntime: Shutting down VM
08-01 23:23:45.472 11115 11115 D AndroidRuntime: >>>>>> START com.android.internal.os.RuntimeInit uid 0 <<<<<<
08-01 23:23:45.475 11115 11115 D AndroidRuntime: CheckJNI is OFF
08-01 23:23:45.490 11115 11115 D ICU     : No timezone override file found: /data/misc/zoneinfo/current/icu/icu_tzdata.dat
08-01 23:23:45.506 11115 11115 E memtrack: Couldn't load memtrack module (No such file or directory)
08-01 23:23:45.506 11115 11115 E android.os.Debug: failed to load memtrack module: -2
08-01 23:23:45.508 11115 11115 I Radio-JNI: register_android_hardware_Radio DONE
08-01 23:23:45.515 11115 11115 D AndroidRuntime: Calling main entry com.android.commands.input.Input
08-01 23:23:45.520 11115 11115 I Input   : injectMotionEvent: MotionEvent { action=ACTION_DOWN, actionButton=0, id[0]=0, x[0]=1027.0, y[0]=320.0, toolType[0]=TOOL_TYPE_UNKNOWN, buttonState=0, metaState=0, flags=0x0, edgeFlags=0x0, pointerCount=1, historySize=0, eventTime=770918, downTime=770918, deviceId=0, source=0x1002 }
08-01 23:23:45.523 11115 11115 I Input   : injectMotionEvent: MotionEvent { action=ACTION_UP, actionButton=0, id[0]=0, x[0]=1027.0, y[0]=320.0, toolType[0]=TOOL_TYPE_UNKNOWN, buttonState=0, metaState=0, flags=0x0, edgeFlags=0x0, pointerCount=1, historySize=0, eventTime=770918, downTime=770918, deviceId=0, source=0x1002 }
08-01 23:23:45.530 11115 11115 D AndroidRuntime: Shutting down VM
08-01 23:23:45.531   951   951 I LatinIME: Starting input. Cursor position = 6,6
08-01 23:23:45.576  8725  8739 W EGL_emulation: eglSurfaceAttrib not implemented
08-01 23:23:45.576  8725  8739 W OpenGLRenderer: Failed to set EGL_SWAP_BEHAVIOR on surface 0xe096e420, error=EGL_SUCCESS
08-01 23:23:45.634   951  8752 W EGL_emulation: eglSurfaceAttrib not implemented
08-01 23:23:45.634   951  8752 W OpenGLRenderer: Failed to set EGL_SWAP_BEHAVIOR on surface 0xe9072e00, error=EGL_SUCCESS
08-01 23:23:45.946 11127 11127 D AndroidRuntime: >>>>>> START com.android.internal.os.RuntimeInit uid 0 <<<<<<
08-01 23:23:45.948 11127 11127 D AndroidRuntime: CheckJNI is OFF
08-01 23:23:45.956 11127 11127 D ICU     : No timezone override file found: /data/misc/zoneinfo/current/icu/icu_tzdata.dat
08-01 23:23:45.967 11127 11127 E memtrack: Couldn't load memtrack module (No such file or directory)
08-01 23:23:45.967 11127 11127 E android.os.Debug: failed to load memtrack module: -2
08-01 23:23:45.968 11127 11127 I Radio-JNI: register_android_hardware_Radio DONE
08-01 23:23:45.977 11127 11127 D AndroidRuntime: Calling main entry com.android.commands.input.Input
08-01 23:23:45.977 11127 11127 I Input   : injectKeyEvent: KeyEvent { action=ACTION_DOWN, keyCode=KEYCODE_ESCAPE, scanCode=0, metaState=0, flags=0x0, repeatCount=0, eventTime=771380, downTime=771380, deviceId=-1, source=0x101 }
08-01 23:23:45.987 11127 11127 I Input   : injectKeyEvent: KeyEvent { action=ACTION_UP, keyCode=KEYCODE_ESCAPE, scanCode=0, metaState=0, flags=0x0, repeatCount=0, eventTime=771380, downTime=771380, deviceId=-1, source=0x101 }
08-01 23:23:45.992 11127 11127 D AndroidRuntime: Shutting down VM
08-01 23:23:45.999   951  8752 E Surface : getSlotFromBufferLocked: unknown buffer: 0xeea7acd0
08-01 23:23:46.945 11140 11140 D AndroidRuntime: >>>>>> START com.android.internal.os.RuntimeInit uid 0 <<<<<<
08-01 23:23:46.947 11140 11140 D AndroidRuntime: CheckJNI is OFF
08-01 23:23:46.957 11140 11140 D ICU     : No timezone override file found: /data/misc/zoneinfo/current/icu/icu_tzdata.dat
08-01 23:23:46.968 11140 11140 E memtrack: Couldn't load memtrack module (No such file or directory)
08-01 23:23:46.968 11140 11140 E android.os.Debug: failed to load memtrack module: -2
08-01 23:23:46.968 11140 11140 I Radio-JNI: register_android_hardware_Radio DONE
08-01 23:23:46.976 11140 11140 D AndroidRuntime: Calling main entry com.android.commands.input.Input
08-01 23:23:46.984 11140 11140 I Input   : injectKeyEvent: KeyEvent { action=ACTION_DOWN, keyCode=KEYCODE_MOVE_END, scanCode=0, metaState=0, flags=0x0, repeatCount=0, eventTime=772387, downTime=772387, deviceId=-1, source=0x101 }
08-01 23:23:46.990  8725  8739 E Surface : getSlotFromBufferLocked: unknown buffer: 0xe9034770
08-01 23:23:46.995 11140 11140 I Input   : injectKeyEvent: KeyEvent { action=ACTION_UP, keyCode=KEYCODE_MOVE_END, scanCode=0, metaState=0, flags=0x0, repeatCount=0, eventTime=772387, downTime=772387, deviceId=-1, source=0x101 }
08-01 23:23:46.995 11140 11140 D AndroidRuntime: Shutting down VM
08-01 23:23:47.354 11149 11149 D AndroidRuntime: >>>>>> START com.android.internal.os.RuntimeInit uid 0 <<<<<<
08-01 23:23:47.356 11149 11149 D AndroidRuntime: CheckJNI is OFF
08-01 23:23:47.365 11149 11149 D ICU     : No timezone override file found: /data/misc/zoneinfo/current/icu/icu_tzdata.dat
08-01 23:23:47.377 11149 11149 E memtrack: Couldn't load memtrack module (No such file or directory)
08-01 23:23:47.377 11149 11149 E android.os.Debug: failed to load memtrack module: -2
08-01 23:23:47.378 11149 11149 I Radio-JNI: register_android_hardware_Radio DONE
08-01 23:23:47.387 11149 11149 D AndroidRuntime: Calling main entry com.android.commands.input.Input
08-01 23:23:47.388 11149 11149 I Input   : injectKeyEvent: KeyEvent { action=ACTION_DOWN, keyCode=KEYCODE_DEL, scanCode=0, metaState=0, flags=0x0, repeatCount=0, eventTime=772790, downTime=772790, deviceId=-1, source=0x101 }
08-01 23:23:47.410 11149 11149 I Input   : injectKeyEvent: KeyEvent { action=ACTION_UP, keyCode=KEYCODE_DEL, scanCode=0, metaState=0, flags=0x0, repeatCount=0, eventTime=772790, downTime=772790, deviceId=-1, source=0x101 }
08-01 23:23:47.415 11149 11149 I Input   : injectKeyEvent: KeyEvent { action=ACTION_DOWN, keyCode=KEYCODE_DEL, scanCode=0, metaState=0, flags=0x0, repeatCount=0, eventTime=772817, downTime=772817, deviceId=-1, source=0x101 }
08-01 23:23:47.419 11149 11149 I Input   : injectKeyEvent: KeyEvent { action=ACTION_UP, keyCode=KEYCODE_DEL, scanCode=0, metaState=0, flags=0x0, repeatCount=0, eventTime=772817, downTime=772817, deviceId=-1, source=0x101 }
08-01 23:23:47.420 11149 11149 I Input   : injectKeyEvent: KeyEvent { action=ACTION_DOWN, keyCode=KEYCODE_DEL, scanCode=0, metaState=0, flags=0x0, repeatCount=0, eventTime=772822, downTime=772822, deviceId=-1, source=0x101 }
08-01 23:23:47.421 11149 11149 I Input   : injectKeyEvent: KeyEvent { action=ACTION_UP, keyCode=KEYCODE_DEL, scanCode=0, metaState=0, flags=0x0, repeatCount=0, eventTime=772822, downTime=772822, deviceId=-1, source=0x101 }
08-01 23:23:47.422 11149 11149 I Input   : injectKeyEvent: KeyEvent { action=ACTION_DOWN, keyCode=KEYCODE_DEL, scanCode=0, metaState=0, flags=0x0, repeatCount=0, eventTime=772824, downTime=772824, deviceId=-1, source=0x101 }
08-01 23:23:47.424 11149 11149 I Input   : injectKeyEvent: KeyEvent { action=ACTION_UP, keyCode=KEYCODE_DEL, scanCode=0, metaState=0, flags=0x0, repeatCount=0, eventTime=772824, downTime=772824, deviceId=-1, source=0x101 }
08-01 23:23:47.425 11149 11149 I Input   : injectKeyEvent: KeyEvent { action=ACTION_DOWN, keyCode=KEYCODE_DEL, scanCode=0, metaState=0, flags=0x0, repeatCount=0, eventTime=772827, downTime=772827, deviceId=-1, source=0x101 }
08-01 23:23:47.426 11149 11149 I Input   : injectKeyEvent: KeyEvent { action=ACTION_UP, keyCode=KEYCODE_DEL, scanCode=0, metaState=0, flags=0x0, repeatCount=0, eventTime=772827, downTime=772827, deviceId=-1, source=0x101 }
08-01 23:23:47.427 11149 11149 I Input   : injectKeyEvent: KeyEvent { action=ACTION_DOWN, keyCode=KEYCODE_DEL, scanCode=0, metaState=0, flags=0x0, repeatCount=0, eventTime=772829, downTime=772829, deviceId=-1, source=0x101 }
08-01 23:23:47.428 11149 11149 I Input   : injectKeyEvent: KeyEvent { action=ACTION_UP, keyCode=KEYCODE_DEL, scanCode=0, metaState=0, flags=0x0, repeatCount=0, eventTime=772829, downTime=772829, deviceId=-1, source=0x101 }
08-01 23:23:47.433 11149 11149 I Input   : injectKeyEvent: KeyEvent { action=ACTION_DOWN, keyCode=KEYCODE_DEL, scanCode=0, metaState=0, flags=0x0, repeatCount=0, eventTime=772835, downTime=772835, deviceId=-1, source=0x101 }
08-01 23:23:47.443 11149 11149 I Input   : injectKeyEvent: KeyEvent { action=ACTION_UP, keyCode=KEYCODE_DEL, scanCode=0, metaState=0, flags=0x0, repeatCount=0, eventTime=772835, downTime=772835, deviceId=-1, source=0x101 }
08-01 23:23:47.464 11149 11149 I Input   : injectKeyEvent: KeyEvent { action=ACTION_DOWN, keyCode=KEYCODE_DEL, scanCode=0, metaState=0, flags=0x0, repeatCount=0, eventTime=772866, downTime=772866, deviceId=-1, source=0x101 }
08-01 23:23:47.481 11149 11149 I Input   : injectKeyEvent: KeyEvent { action=ACTION_UP, keyCode=KEYCODE_DEL, scanCode=0, metaState=0, flags=0x0, repeatCount=0, eventTime=772866, downTime=772866, deviceId=-1, source=0x101 }
08-01 23:23:47.499 11149 11149 I Input   : injectKeyEvent: KeyEvent { action=ACTION_DOWN, keyCode=KEYCODE_DEL, scanCode=0, metaState=0, flags=0x0, repeatCount=0, eventTime=772901, downTime=772901, deviceId=-1, source=0x101 }
08-01 23:23:47.507 11149 11149 I Input   : injectKeyEvent: KeyEvent { action=ACTION_UP, keyCode=KEYCODE_DEL, scanCode=0, metaState=0, flags=0x0, repeatCount=0, eventTime=772901, downTime=772901, deviceId=-1, source=0x101 }
08-01 23:23:47.508 11149 11149 I Input   : injectKeyEvent: KeyEvent { action=ACTION_DOWN, keyCode=KEYCODE_DEL, scanCode=0, metaState=0, flags=0x0, repeatCount=0, eventTime=772910, downTime=772910, deviceId=-1, source=0x101 }
08-01 23:23:47.509 11149 11149 I Input   : injectKeyEvent: KeyEvent { action=ACTION_UP, keyCode=KEYCODE_DEL, scanCode=0, metaState=0, flags=0x0, repeatCount=0, eventTime=772910, downTime=772910, deviceId=-1, source=0x101 }
08-01 23:23:47.510 11149 11149 I Input   : injectKeyEvent: KeyEvent { action=ACTION_DOWN, keyCode=KEYCODE_DEL, scanCode=0, metaState=0, flags=0x0, repeatCount=0, eventTime=772913, downTime=772913, deviceId=-1, source=0x101 }
08-01 23:23:47.511 11149 11149 I Input   : injectKeyEvent: KeyEvent { action=ACTION_UP, keyCode=KEYCODE_DEL, scanCode=0, metaState=0, flags=0x0, repeatCount=0, eventTime=772913, downTime=772913, deviceId=-1, source=0x101 }
08-01 23:23:47.514 11149 11149 I Input   : injectKeyEvent: KeyEvent { action=ACTION_DOWN, keyCode=KEYCODE_DEL, scanCode=0, metaState=0, flags=0x0, repeatCount=0, eventTime=772917, downTime=772917, deviceId=-1, source=0x101 }
08-01 23:23:47.520 11149 11149 I Input   : injectKeyEvent: KeyEvent { action=ACTION_UP, keyCode=KEYCODE_DEL, scanCode=0, metaState=0, flags=0x0, repeatCount=0, eventTime=772917, downTime=772917, deviceId=-1, source=0x101 }
08-01 23:23:47.541 11149 11149 I Input   : injectKeyEvent: KeyEvent { action=ACTION_DOWN, keyCode=KEYCODE_DEL, scanCode=0, metaState=0, flags=0x0, repeatCount=0, eventTime=772943, downTime=772943, deviceId=-1, source=0x101 }
08-01 23:23:47.574 11149 11149 I Input   : injectKeyEvent: KeyEvent { action=ACTION_UP, keyCode=KEYCODE_DEL, scanCode=0, metaState=0, flags=0x0, repeatCount=0, eventTime=772943, downTime=772943, deviceId=-1, source=0x101 }
08-01 23:23:47.588 11149 11149 I Input   : injectKeyEvent: KeyEvent { action=ACTION_DOWN, keyCode=KEYCODE_DEL, scanCode=0, metaState=0, flags=0x0, repeatCount=0, eventTime=772991, downTime=772991, deviceId=-1, source=0x101 }
08-01 23:23:47.604 11149 11149 I Input   : injectKeyEvent: KeyEvent { action=ACTION_UP, keyCode=KEYCODE_DEL, scanCode=0, metaState=0, flags=0x0, repeatCount=0, eventTime=772991, downTime=772991, deviceId=-1, source=0x101 }
08-01 23:23:47.613 11149 11149 I Input   : injectKeyEvent: KeyEvent { action=ACTION_DOWN, keyCode=KEYCODE_DEL, scanCode=0, metaState=0, flags=0x0, repeatCount=0, eventTime=773015, downTime=773015, deviceId=-1, source=0x101 }
08-01 23:23:47.617 11149 11149 I Input   : injectKeyEvent: KeyEvent { action=ACTION_UP, keyCode=KEYCODE_DEL, scanCode=0, metaState=0, flags=0x0, repeatCount=0, eventTime=773015, downTime=773015, deviceId=-1, source=0x101 }
08-01 23:23:47.621 11149 11149 I Input   : injectKeyEvent: KeyEvent { action=ACTION_DOWN, keyCode=KEYCODE_DEL, scanCode=0, metaState=0, flags=0x0, repeatCount=0, eventTime=773023, downTime=773023, deviceId=-1, source=0x101 }
08-01 23:23:47.624 11149 11149 I Input   : injectKeyEvent: KeyEvent { action=ACTION_UP, keyCode=KEYCODE_DEL, scanCode=0, metaState=0, flags=0x0, repeatCount=0, eventTime=773023, downTime=773023, deviceId=-1, source=0x101 }
08-01 23:23:47.625 11149 11149 I Input   : injectKeyEvent: KeyEvent { action=ACTION_DOWN, keyCode=KEYCODE_DEL, scanCode=0, metaState=0, flags=0x0, repeatCount=0, eventTime=773028, downTime=773028, deviceId=-1, source=0x101 }
08-01 23:23:47.627 11149 11149 I Input   : injectKeyEvent: KeyEvent { action=ACTION_UP, keyCode=KEYCODE_DEL, scanCode=0, metaState=0, flags=0x0, repeatCount=0, eventTime=773028, downTime=773028, deviceId=-1, source=0x101 }
08-01 23:23:47.628 11149 11149 I Input   : injectKeyEvent: KeyEvent { action=ACTION_DOWN, keyCode=KEYCODE_DEL, scanCode=0, metaState=0, flags=0x0, repeatCount=0, eventTime=773030, downTime=773030, deviceId=-1, source=0x101 }
08-01 23:23:47.629 11149 11149 I Input   : injectKeyEvent: KeyEvent { action=ACTION_UP, keyCode=KEYCODE_DEL, scanCode=0, metaState=0, flags=0x0, repeatCount=0, eventTime=773030, downTime=773030, deviceId=-1, source=0x101 }
08-01 23:23:47.629 11149 11149 I Input   : injectKeyEvent: KeyEvent { action=ACTION_DOWN, keyCode=KEYCODE_DEL, scanCode=0, metaState=0, flags=0x0, repeatCount=0, eventTime=773032, downTime=773032, deviceId=-1, source=0x101 }
08-01 23:23:47.630 11149 11149 I Input   : injectKeyEvent: KeyEvent { action=ACTION_UP, keyCode=KEYCODE_DEL, scanCode=0, metaState=0, flags=0x0, repeatCount=0, eventTime=773032, downTime=773032, deviceId=-1, source=0x101 }
08-01 23:23:47.642 11149 11149 I Input   : injectKeyEvent: KeyEvent { action=ACTION_DOWN, keyCode=KEYCODE_DEL, scanCode=0, metaState=0, flags=0x0, repeatCount=0, eventTime=773044, downTime=773044, deviceId=-1, source=0x101 }
08-01 23:23:47.643 11149 11149 I Input   : injectKeyEvent: KeyEvent { action=ACTION_UP, keyCode=KEYCODE_DEL, scanCode=0, metaState=0, flags=0x0, repeatCount=0, eventTime=773044, downTime=773044, deviceId=-1, source=0x101 }
08-01 23:23:47.648 11149 11149 I Input   : injectKeyEvent: KeyEvent { action=ACTION_DOWN, keyCode=KEYCODE_DEL, scanCode=0, metaState=0, flags=0x0, repeatCount=0, eventTime=773050, downTime=773050, deviceId=-1, source=0x101 }
08-01 23:23:47.662 11149 11149 I Input   : injectKeyEvent: KeyEvent { action=ACTION_UP, keyCode=KEYCODE_DEL, scanCode=0, metaState=0, flags=0x0, repeatCount=0, eventTime=773050, downTime=773050, deviceId=-1, source=0x101 }
08-01 23:23:47.663 11149 11149 I Input   : injectKeyEvent: KeyEvent { action=ACTION_DOWN, keyCode=KEYCODE_DEL, scanCode=0, metaState=0, flags=0x0, repeatCount=0, eventTime=773066, downTime=773066, deviceId=-1, source=0x101 }
08-01 23:23:47.668 11149 11149 I Input   : injectKeyEvent: KeyEvent { action=ACTION_UP, keyCode=KEYCODE_DEL, scanCode=0, metaState=0, flags=0x0, repeatCount=0, eventTime=773066, downTime=773066, deviceId=-1, source=0x101 }
08-01 23:23:47.677 11149 11149 I Input   : injectKeyEvent: KeyEvent { action=ACTION_DOWN, keyCode=KEYCODE_DEL, scanCode=0, metaState=0, flags=0x0, repeatCount=0, eventTime=773079, downTime=773079, deviceId=-1, source=0x101 }
08-01 23:23:47.678 11149 11149 I Input   : injectKeyEvent: KeyEvent { action=ACTION_UP, keyCode=KEYCODE_DEL, scanCode=0, metaState=0, flags=0x0, repeatCount=0, eventTime=773079, downTime=773079, deviceId=-1, source=0x101 }
08-01 23:23:47.678 11149 11149 I Input   : injectKeyEvent: KeyEvent { action=ACTION_DOWN, keyCode=KEYCODE_DEL, scanCode=0, metaState=0, flags=0x0, repeatCount=0, eventTime=773081, downTime=773081, deviceId=-1, source=0x101 }
08-01 23:23:47.680 11149 11149 I Input   : injectKeyEvent: KeyEvent { action=ACTION_UP, keyCode=KEYCODE_DEL, scanCode=0, metaState=0, flags=0x0, repeatCount=0, eventTime=773081, downTime=773081, deviceId=-1, source=0x101 }
08-01 23:23:47.681 11149 11149 I Input   : injectKeyEvent: KeyEvent { action=ACTION_DOWN, keyCode=KEYCODE_DEL, scanCode=0, metaState=0, flags=0x0, repeatCount=0, eventTime=773083, downTime=773083, deviceId=-1, source=0x101 }
08-01 23:23:47.682 11149 11149 I Input   : injectKeyEvent: KeyEvent { action=ACTION_UP, keyCode=KEYCODE_DEL, scanCode=0, metaState=0, flags=0x0, repeatCount=0, eventTime=773083, downTime=773083, deviceId=-1, source=0x101 }
08-01 23:23:47.682 11149 11149 I Input   : injectKeyEvent: KeyEvent { action=ACTION_DOWN, keyCode=KEYCODE_DEL, scanCode=0, metaState=0, flags=0x0, repeatCount=0, eventTime=773085, downTime=773085, deviceId=-1, source=0x101 }
08-01 23:23:47.683 11149 11149 I Input   : injectKeyEvent: KeyEvent { action=ACTION_UP, keyCode=KEYCODE_DEL, scanCode=0, metaState=0, flags=0x0, repeatCount=0, eventTime=773085, downTime=773085, deviceId=-1, source=0x101 }
08-01 23:23:47.688 11149 11149 I Input   : injectKeyEvent: KeyEvent { action=ACTION_DOWN, keyCode=KEYCODE_DEL, scanCode=0, metaState=0, flags=0x0, repeatCount=0, eventTime=773090, downTime=773090, deviceId=-1, source=0x101 }
08-01 23:23:47.689 11149 11149 I Input   : injectKeyEvent: KeyEvent { action=ACTION_UP, keyCode=KEYCODE_DEL, scanCode=0, metaState=0, flags=0x0, repeatCount=0, eventTime=773090, downTime=773090, deviceId=-1, source=0x101 }
08-01 23:23:47.689 11149 11149 I Input   : injectKeyEvent: KeyEvent { action=ACTION_DOWN, keyCode=KEYCODE_DEL, scanCode=0, metaState=0, flags=0x0, repeatCount=0, eventTime=773092, downTime=773092, deviceId=-1, source=0x101 }
08-01 23:23:47.691 11149 11149 I Input   : injectKeyEvent: KeyEvent { action=ACTION_UP, keyCode=KEYCODE_DEL, scanCode=0, metaState=0, flags=0x0, repeatCount=0, eventTime=773092, downTime=773092, deviceId=-1, source=0x101 }
08-01 23:23:47.701 11149 11149 I Input   : injectKeyEvent: KeyEvent { action=ACTION_DOWN, keyCode=KEYCODE_DEL, scanCode=0, metaState=0, flags=0x0, repeatCount=0, eventTime=773103, downTime=773103, deviceId=-1, source=0x101 }
08-01 23:23:47.705 11149 11149 I Input   : injectKeyEvent: KeyEvent { action=ACTION_UP, keyCode=KEYCODE_DEL, scanCode=0, metaState=0, flags=0x0, repeatCount=0, eventTime=773103, downTime=773103, deviceId=-1, source=0x101 }
08-01 23:23:47.715 11149 11149 I Input   : injectKeyEvent: KeyEvent { action=ACTION_DOWN, keyCode=KEYCODE_DEL, scanCode=0, metaState=0, flags=0x0, repeatCount=0, eventTime=773115, downTime=773115, deviceId=-1, source=0x101 }
08-01 23:23:47.716 11149 11149 I Input   : injectKeyEvent: KeyEvent { action=ACTION_UP, keyCode=KEYCODE_DEL, scanCode=0, metaState=0, flags=0x0, repeatCount=0, eventTime=773115, downTime=773115, deviceId=-1, source=0x101 }
08-01 23:23:47.740 11149 11149 I Input   : injectKeyEvent: KeyEvent { action=ACTION_DOWN, keyCode=KEYCODE_DEL, scanCode=0, metaState=0, flags=0x0, repeatCount=0, eventTime=773142, downTime=773142, deviceId=-1, source=0x101 }
08-01 23:23:47.741 11149 11149 I Input   : injectKeyEvent: KeyEvent { action=ACTION_UP, keyCode=KEYCODE_DEL, scanCode=0, metaState=0, flags=0x0, repeatCount=0, eventTime=773142, downTime=773142, deviceId=-1, source=0x101 }
08-01 23:23:47.741 11149 11149 I Input   : injectKeyEvent: KeyEvent { action=ACTION_DOWN, keyCode=KEYCODE_DEL, scanCode=0, metaState=0, flags=0x0, repeatCount=0, eventTime=773144, downTime=773144, deviceId=-1, source=0x101 }
08-01 23:23:47.745 11149 11149 I Input   : injectKeyEvent: KeyEvent { action=ACTION_UP, keyCode=KEYCODE_DEL, scanCode=0, metaState=0, flags=0x0, repeatCount=0, eventTime=773144, downTime=773144, deviceId=-1, source=0x101 }
08-01 23:23:47.750 11149 11149 I Input   : injectKeyEvent: KeyEvent { action=ACTION_DOWN, keyCode=KEYCODE_DEL, scanCode=0, metaState=0, flags=0x0, repeatCount=0, eventTime=773152, downTime=773152, deviceId=-1, source=0x101 }
08-01 23:23:47.753 11149 11149 I Input   : injectKeyEvent: KeyEvent { action=ACTION_UP, keyCode=KEYCODE_DEL, scanCode=0, metaState=0, flags=0x0, repeatCount=0, eventTime=773152, downTime=773152, deviceId=-1, source=0x101 }
08-01 23:23:47.759 11149 11149 I Input   : injectKeyEvent: KeyEvent { action=ACTION_DOWN, keyCode=KEYCODE_DEL, scanCode=0, metaState=0, flags=0x0, repeatCount=0, eventTime=773162, downTime=773162, deviceId=-1, source=0x101 }
08-01 23:23:47.761 11149 11149 I Input   : injectKeyEvent: KeyEvent { action=ACTION_UP, keyCode=KEYCODE_DEL, scanCode=0, metaState=0, flags=0x0, repeatCount=0, eventTime=773162, downTime=773162, deviceId=-1, source=0x101 }
08-01 23:23:47.762 11149 11149 I Input   : injectKeyEvent: KeyEvent { action=ACTION_DOWN, keyCode=KEYCODE_DEL, scanCode=0, metaState=0, flags=0x0, repeatCount=0, eventTime=773164, downTime=773164, deviceId=-1, source=0x101 }
08-01 23:23:47.763 11149 11149 I Input   : injectKeyEvent: KeyEvent { action=ACTION_UP, keyCode=KEYCODE_DEL, scanCode=0, metaState=0, flags=0x0, repeatCount=0, eventTime=773164, downTime=773164, deviceId=-1, source=0x101 }
08-01 23:23:47.784 11149 11149 I Input   : injectKeyEvent: KeyEvent { action=ACTION_DOWN, keyCode=KEYCODE_DEL, scanCode=0, metaState=0, flags=0x0, repeatCount=0, eventTime=773186, downTime=773186, deviceId=-1, source=0x101 }
08-01 23:23:47.785 11149 11149 I Input   : injectKeyEvent: KeyEvent { action=ACTION_UP, keyCode=KEYCODE_DEL, scanCode=0, metaState=0, flags=0x0, repeatCount=0, eventTime=773186, downTime=773186, deviceId=-1, source=0x101 }
08-01 23:23:47.787 11149 11149 I Input   : injectKeyEvent: KeyEvent { action=ACTION_DOWN, keyCode=KEYCODE_DEL, scanCode=0, metaState=0, flags=0x0, repeatCount=0, eventTime=773189, downTime=773189, deviceId=-1, source=0x101 }
08-01 23:23:47.788 11149 11149 I Input   : injectKeyEvent: KeyEvent { action=ACTION_UP, keyCode=KEYCODE_DEL, scanCode=0, metaState=0, flags=0x0, repeatCount=0, eventTime=773189, downTime=773189, deviceId=-1, source=0x101 }
08-01 23:23:47.789 11149 11149 I Input   : injectKeyEvent: KeyEvent { action=ACTION_DOWN, keyCode=KEYCODE_DEL, scanCode=0, metaState=0, flags=0x0, repeatCount=0, eventTime=773192, downTime=773192, deviceId=-1, source=0x101 }
08-01 23:23:47.791 11149 11149 I Input   : injectKeyEvent: KeyEvent { action=ACTION_UP, keyCode=KEYCODE_DEL, scanCode=0, metaState=0, flags=0x0, repeatCount=0, eventTime=773192, downTime=773192, deviceId=-1, source=0x101 }
08-01 23:23:47.794 11149 11149 I Input   : injectKeyEvent: KeyEvent { action=ACTION_DOWN, keyCode=KEYCODE_DEL, scanCode=0, metaState=0, flags=0x0, repeatCount=0, eventTime=773197, downTime=773197, deviceId=-1, source=0x101 }
08-01 23:23:47.795 11149 11149 I Input   : injectKeyEvent: KeyEvent { action=ACTION_UP, keyCode=KEYCODE_DEL, scanCode=0, metaState=0, flags=0x0, repeatCount=0, eventTime=773197, downTime=773197, deviceId=-1, source=0x101 }
08-01 23:23:47.805 11149 11149 I Input   : injectKeyEvent: KeyEvent { action=ACTION_DOWN, keyCode=KEYCODE_DEL, scanCode=0, metaState=0, flags=0x0, repeatCount=0, eventTime=773207, downTime=773207, deviceId=-1, source=0x101 }
08-01 23:23:47.809 11149 11149 I Input   : injectKeyEvent: KeyEvent { action=ACTION_UP, keyCode=KEYCODE_DEL, scanCode=0, metaState=0, flags=0x0, repeatCount=0, eventTime=773207, downTime=773207, deviceId=-1, source=0x101 }
08-01 23:23:47.815 11149 11149 I Input   : injectKeyEvent: KeyEvent { action=ACTION_DOWN, keyCode=KEYCODE_DEL, scanCode=0, metaState=0, flags=0x0, repeatCount=0, eventTime=773217, downTime=773217, deviceId=-1, source=0x101 }
08-01 23:23:47.816 11149 11149 I Input   : injectKeyEvent: KeyEvent { action=ACTION_UP, keyCode=KEYCODE_DEL, scanCode=0, metaState=0, flags=0x0, repeatCount=0, eventTime=773217, downTime=773217, deviceId=-1, source=0x101 }
08-01 23:23:47.817 11149 11149 I Input   : injectKeyEvent: KeyEvent { action=ACTION_DOWN, keyCode=KEYCODE_DEL, scanCode=0, metaState=0, flags=0x0, repeatCount=0, eventTime=773219, downTime=773219, deviceId=-1, source=0x101 }
08-01 23:23:47.821 11149 11149 I Input   : injectKeyEvent: KeyEvent { action=ACTION_UP, keyCode=KEYCODE_DEL, scanCode=0, metaState=0, flags=0x0, repeatCount=0, eventTime=773219, downTime=773219, deviceId=-1, source=0x101 }
08-01 23:23:47.830 11149 11149 I Input   : injectKeyEvent: KeyEvent { action=ACTION_DOWN, keyCode=KEYCODE_DEL, scanCode=0, metaState=0, flags=0x0, repeatCount=0, eventTime=773233, downTime=773233, deviceId=-1, source=0x101 }
08-01 23:23:47.833 11149 11149 I Input   : injectKeyEvent: KeyEvent { action=ACTION_UP, keyCode=KEYCODE_DEL, scanCode=0, metaState=0, flags=0x0, repeatCount=0, eventTime=773233, downTime=773233, deviceId=-1, source=0x101 }
08-01 23:23:47.842 11149 11149 I Input   : injectKeyEvent: KeyEvent { action=ACTION_DOWN, keyCode=KEYCODE_DEL, scanCode=0, metaState=0, flags=0x0, repeatCount=0, eventTime=773244, downTime=773244, deviceId=-1, source=0x101 }
08-01 23:23:47.843 11149 11149 I Input   : injectKeyEvent: KeyEvent { action=ACTION_UP, keyCode=KEYCODE_DEL, scanCode=0, metaState=0, flags=0x0, repeatCount=0, eventTime=773244, downTime=773244, deviceId=-1, source=0x101 }
08-01 23:23:47.859 11149 11149 I Input   : injectKeyEvent: KeyEvent { action=ACTION_DOWN, keyCode=KEYCODE_DEL, scanCode=0, metaState=0, flags=0x0, repeatCount=0, eventTime=773261, downTime=773261, deviceId=-1, source=0x101 }
08-01 23:23:47.863 11149 11149 I Input   : injectKeyEvent: KeyEvent { action=ACTION_UP, keyCode=KEYCODE_DEL, scanCode=0, metaState=0, flags=0x0, repeatCount=0, eventTime=773261, downTime=773261, deviceId=-1, source=0x101 }
08-01 23:23:47.866 11149 11149 I Input   : injectKeyEvent: KeyEvent { action=ACTION_DOWN, keyCode=KEYCODE_DEL, scanCode=0, metaState=0, flags=0x0, repeatCount=0, eventTime=773269, downTime=773269, deviceId=-1, source=0x101 }
08-01 23:23:47.873 11149 11149 I Input   : injectKeyEvent: KeyEvent { action=ACTION_UP, keyCode=KEYCODE_DEL, scanCode=0, metaState=0, flags=0x0, repeatCount=0, eventTime=773269, downTime=773269, deviceId=-1, source=0x101 }
08-01 23:23:47.875 11149 11149 I Input   : injectKeyEvent: KeyEvent { action=ACTION_DOWN, keyCode=KEYCODE_DEL, scanCode=0, metaState=0, flags=0x0, repeatCount=0, eventTime=773278, downTime=773278, deviceId=-1, source=0x101 }
08-01 23:23:47.876 11149 11149 I Input   : injectKeyEvent: KeyEvent { action=ACTION_UP, keyCode=KEYCODE_DEL, scanCode=0, metaState=0, flags=0x0, repeatCount=0, eventTime=773278, downTime=773278, deviceId=-1, source=0x101 }
08-01 23:23:47.880 11149 11149 I Input   : injectKeyEvent: KeyEvent { action=ACTION_DOWN, keyCode=KEYCODE_DEL, scanCode=0, metaState=0, flags=0x0, repeatCount=0, eventTime=773282, downTime=773282, deviceId=-1, source=0x101 }
08-01 23:23:47.883 11149 11149 I Input   : injectKeyEvent: KeyEvent { action=ACTION_UP, keyCode=KEYCODE_DEL, scanCode=0, metaState=0, flags=0x0, repeatCount=0, eventTime=773282, downTime=773282, deviceId=-1, source=0x101 }
08-01 23:23:47.894 11149 11149 I Input   : injectKeyEvent: KeyEvent { action=ACTION_DOWN, keyCode=KEYCODE_DEL, scanCode=0, metaState=0, flags=0x0, repeatCount=0, eventTime=773296, downTime=773296, deviceId=-1, source=0x101 }
08-01 23:23:47.895 11149 11149 I Input   : injectKeyEvent: KeyEvent { action=ACTION_UP, keyCode=KEYCODE_DEL, scanCode=0, metaState=0, flags=0x0, repeatCount=0, eventTime=773296, downTime=773296, deviceId=-1, source=0x101 }
08-01 23:23:47.896 11149 11149 I Input   : injectKeyEvent: KeyEvent { action=ACTION_DOWN, keyCode=KEYCODE_DEL, scanCode=0, metaState=0, flags=0x0, repeatCount=0, eventTime=773298, downTime=773298, deviceId=-1, source=0x101 }
08-01 23:23:47.897 11149 11149 I Input   : injectKeyEvent: KeyEvent { action=ACTION_UP, keyCode=KEYCODE_DEL, scanCode=0, metaState=0, flags=0x0, repeatCount=0, eventTime=773298, downTime=773298, deviceId=-1, source=0x101 }
08-01 23:23:47.899 11149 11149 D AndroidRuntime: Shutting down VM
08-01 23:23:48.241 11158 11158 D AndroidRuntime: >>>>>> START com.android.internal.os.RuntimeInit uid 0 <<<<<<
08-01 23:23:48.242 11158 11158 D AndroidRuntime: CheckJNI is OFF
08-01 23:23:48.251 11158 11158 D ICU     : No timezone override file found: /data/misc/zoneinfo/current/icu/icu_tzdata.dat
08-01 23:23:48.262 11158 11158 E memtrack: Couldn't load memtrack module (No such file or directory)
08-01 23:23:48.262 11158 11158 E android.os.Debug: failed to load memtrack module: -2
08-01 23:23:48.262 11158 11158 I Radio-JNI: register_android_hardware_Radio DONE
08-01 23:23:48.269 11158 11158 D AndroidRuntime: Calling main entry com.android.commands.input.Input
08-01 23:23:48.271 11158 11158 I Input   : injectKeyEvent: KeyEvent { action=ACTION_DOWN, keyCode=KEYCODE_1, scanCode=0, metaState=0, flags=0x0, repeatCount=0, eventTime=773673, downTime=773673, deviceId=-1, source=0x101 }
08-01 23:23:48.272 11158 11158 I Input   : injectKeyEvent: KeyEvent { action=ACTION_UP, keyCode=KEYCODE_1, scanCode=0, metaState=0, flags=0x0, repeatCount=0, eventTime=773673, downTime=773673, deviceId=-1, source=0x101 }
08-01 23:23:48.277 11158 11158 I Input   : injectKeyEvent: KeyEvent { action=ACTION_DOWN, keyCode=KEYCODE_2, scanCode=0, metaState=0, flags=0x0, repeatCount=0, eventTime=773673, downTime=773673, deviceId=-1, source=0x101 }
08-01 23:23:48.282 11158 11158 I Input   : injectKeyEvent: KeyEvent { action=ACTION_UP, keyCode=KEYCODE_2, scanCode=0, metaState=0, flags=0x0, repeatCount=0, eventTime=773673, downTime=773673, deviceId=-1, source=0x101 }
08-01 23:23:48.285 11158 11158 I Input   : injectKeyEvent: KeyEvent { action=ACTION_DOWN, keyCode=KEYCODE_3, scanCode=0, metaState=0, flags=0x0, repeatCount=0, eventTime=773673, downTime=773673, deviceId=-1, source=0x101 }
08-01 23:23:48.288 11158 11158 I Input   : injectKeyEvent: KeyEvent { action=ACTION_UP, keyCode=KEYCODE_3, scanCode=0, metaState=0, flags=0x0, repeatCount=0, eventTime=773673, downTime=773673, deviceId=-1, source=0x101 }
