08-02 11:08:58.490  2040  2040 D leak-31-0: Eastern Standard Time
08-02 11:08:58.490  2040  2040 D leak-53-1: Eastern Standard Time
08-02 11:08:58.496  2040  2040 D leak-102-0: Eastern Standard Time
08-02 11:08:58.497  2040  2040 D leak-102-3: Eastern Standard Time
08-02 11:08:58.497  2040  2040 D leak-106-3: Eastern Standard Time
08-02 11:08:58.497  2040  2040 D leak-102-1: Eastern Standard Time
08-02 11:08:58.497  2040  2040 D leak-103-1: Eastern Standard Time
08-02 11:08:58.497  2040  2040 D leak-106-1: Eastern Standard Time
08-02 11:08:58.498  2040  2040 D leak-19-0: Eastern Standard Time
08-02 11:08:58.499  2040  2040 D leak-19-4: Eastern Standard Time
08-02 11:08:58.499  2040  2040 D leak-23-4: Eastern Standard Time
08-02 11:08:58.499  2040  2040 D leak-86-0: Eastern Standard Time
08-02 11:08:58.499  2040  2040 D leak-102-2: Eastern Standard Time
08-02 11:08:58.499  2040  2040 D leak-103-2: Eastern Standard Time
08-02 11:08:58.499  2040  2040 D leak-105-2: Eastern Standard Time
08-02 11:08:58.499  2040  2040 D leak-106-2: Eastern Standard Time
08-02 11:08:58.499  2040  2040 D leak-83-0: Eastern Standard Time
08-02 11:08:58.499  2040  2040 D leak-92-0: Eastern Standard Time
08-02 11:08:58.499  2040  2040 D AndroidRuntime: Shutting down VM
--------- beginning of crash
08-02 11:08:58.500  2040  2040 E AndroidRuntime: FATAL EXCEPTION: main
08-02 11:08:58.500  2040  2040 E AndroidRuntime: Process: com.iamtrk.androidexplorer, PID: 2040
08-02 11:08:58.500  2040  2040 E AndroidRuntime: java.lang.RuntimeException: java.io.FileNotFoundException: /sys/devices/system/cpu/cpu0/cpufreq/scaling_cur_freq: open failed: ENOENT (No such file or directory)
08-02 11:08:58.500  2040  2040 E AndroidRuntime: 	at com.iamtrk.a.c.<init>(Unknown Source)
08-02 11:08:58.500  2040  2040 E AndroidRuntime: 	at com.iamtrk.ItemListActivity.k(Unknown Source)
08-02 11:08:58.500  2040  2040 E AndroidRuntime: 	at com.iamtrk.ItemListActivity$1.onClick(Unknown Source)
08-02 11:08:58.500  2040  2040 E AndroidRuntime: 	at android.support.v7.a.b$b.handleMessage(Unknown Source)
08-02 11:08:58.500  2040  2040 E AndroidRuntime: 	at android.os.Handler.dispatchMessage(Handler.java:102)
08-02 11:08:58.500  2040  2040 E AndroidRuntime: 	at android.os.Looper.loop(Looper.java:148)
08-02 11:08:58.500  2040  2040 E AndroidRuntime: 	at android.app.ActivityThread.main(ActivityThread.java:5417)
08-02 11:08:58.500  2040  2040 E AndroidRuntime: 	at java.lang.reflect.Method.invoke(Native Method)
08-02 11:08:58.500  2040  2040 E AndroidRuntime: 	at com.android.internal.os.ZygoteInit$MethodAndArgsCaller.run(ZygoteInit.java:726)
08-02 11:08:58.500  2040  2040 E AndroidRuntime: 	at com.android.internal.os.ZygoteInit.main(ZygoteInit.java:616)
08-02 11:08:58.500  2040  2040 E AndroidRuntime: Caused by: java.io.FileNotFoundException: /sys/devices/system/cpu/cpu0/cpufreq/scaling_cur_freq: open failed: ENOENT (No such file or directory)
08-02 11:08:58.500  2040  2040 E AndroidRuntime: 	at libcore.io.IoBridge.open(IoBridge.java:452)
08-02 11:08:58.500  2040  2040 E AndroidRuntime: 	at java.io.RandomAccessFile.<init>(RandomAccessFile.java:117)
08-02 11:08:58.500  2040  2040 E AndroidRuntime: 	at java.io.RandomAccessFile.<init>(RandomAccessFile.java:149)
08-02 11:08:58.500  2040  2040 E AndroidRuntime: 	... 10 more
08-02 11:08:58.500  2040  2040 E AndroidRuntime: Caused by: android.system.ErrnoException: open failed: ENOENT (No such file or directory)
08-02 11:08:58.500  2040  2040 E AndroidRuntime: 	at libcore.io.Posix.open(Native Method)
08-02 11:08:58.500  2040  2040 E AndroidRuntime: 	at libcore.io.BlockGuardOs.open(BlockGuardOs.java:186)
08-02 11:08:58.500  2040  2040 E AndroidRuntime: 	at libcore.io.IoBridge.open(IoBridge.java:438)
08-02 11:08:58.500  2040  2040 E AndroidRuntime: 	... 12 more
08-02 11:08:58.500   624  1051 W ActivityManager:   Force finishing activity com.iamtrk.androidexplorer/com.iamtrk.ItemListActivity
08-02 11:08:58.544   450   471 D PermissionCache: checking android.permission.READ_FRAME_BUFFER for uid=1000 => granted (269 us)
08-02 11:08:58.587   624  1051 D         : HostConnection::get() New Host Connection established 0xdb53fec0, tid 1051
08-02 11:08:58.592   267   661 D AudioFlinger: mixer(0xf1d80000) throttle end: throttle time(7)
08-02 11:08:58.615   450   450 E EGL_emulation: tid 450: eglCreateSyncKHR(1215): error 0x3004 (EGL_BAD_ATTRIBUTE)
08-02 11:09:00.117   624   769 W art     : Long monitor contention event with owner method=android.graphics.Bitmap com.android.server.wm.WindowManagerService.screenshotApplicationsInner(android.os.IBinder, int, int, int, boolean) from WindowManagerService.java:6223 waiters=0 for 1.217s
08-02 11:09:00.130   624   624 W art     : Long monitor contention event with owner method=void com.android.server.am.ActivityManagerService.crashApplication(com.android.server.am.ProcessRecord, android.app.ApplicationErrorReport$CrashInfo) from ActivityManagerService.java:12568 waiters=0 for 1.542s
08-02 11:09:00.185   624  3031 D OpenGLRenderer: Use EGL_SWAP_BEHAVIOR_PRESERVED: true
08-02 11:09:00.234   624  3031 I OpenGLRenderer: Initialized EGL, version 1.4
08-02 11:09:00.235   624  3031 D         : HostConnection::get() New Host Connection established 0xd96ff860, tid 3031
08-02 11:09:00.334   624  3031 W EGL_emulation: eglSurfaceAttrib not implemented
08-02 11:09:00.334   624  3031 W OpenGLRenderer: Failed to set EGL_SWAP_BEHAVIOR on surface 0xd983ec80, error=EGL_SUCCESS
08-02 11:09:00.643   624   638 W ActivityManager: Activity pause timeout for ActivityRecord{89dd988 u0 com.iamtrk.androidexplorer/com.iamtrk.ItemListActivity t4 f}
08-02 11:09:00.832   624   638 I ActivityManager: Killing 1840:com.android.onetimeinitializer/u0a11 (adj 15): empty #17
08-02 11:09:00.832   624   638 W libprocessgroup: failed to open /acct/uid_10011/pid_1840/cgroup.procs: No such file or directory
08-02 11:09:00.879  1632  1699 W EGL_emulation: eglSurfaceAttrib not implemented
08-02 11:09:00.879  1632  1699 W OpenGLRenderer: Failed to set EGL_SWAP_BEHAVIOR on surface 0xdedf4560, error=EGL_SUCCESS
08-02 11:09:01.536  1632  1699 V RenderScript: 0xe02be000 Launching thread(s), CPUs 4
08-02 11:09:01.563  1632  1699 W OpenGLRenderer: Incorrectly called buildLayer on View: ShortcutAndWidgetContainer, destroying layer...
08-02 11:09:01.563  1632  1699 W OpenGLRenderer: Incorrectly called buildLayer on View: ShortcutAndWidgetContainer, destroying layer...
08-02 11:09:09.495  3360  3360 D AndroidRuntime: >>>>>> START com.android.internal.os.RuntimeInit uid 0 <<<<<<
08-02 11:09:09.499  3360  3360 D AndroidRuntime: CheckJNI is OFF
08-02 11:09:09.514  3360  3360 D ICU     : No timezone override file found: /data/misc/zoneinfo/current/icu/icu_tzdata.dat
08-02 11:09:09.535  3360  3360 E memtrack: Couldn't load memtrack module (No such file or directory)
08-02 11:09:09.536  3360  3360 E android.os.Debug: failed to load memtrack module: -2
08-02 11:09:09.540  3360  3360 I Radio-JNI: register_android_hardware_Radio DONE
08-02 11:09:09.547  3360  3360 D AndroidRuntime: Calling main entry com.android.commands.monkey.Monkey
08-02 11:09:09.563   624   638 W BroadcastQueue: Skipping deliver [background] BroadcastRecord{943ac87 u-1 android.net.conn.CONNECTIVITY_CHANGE} to ReceiverList{7cbc7b4 3360 (unknown name)/0/u-1 remote:6ed6aa1}: process crashing
08-02 11:09:09.572   624  1564 I ActivityManager: START u0 {act=android.intent.action.MAIN cat=[android.intent.category.LAUNCHER] flg=0x10200000 cmp=com.iamtrk.androidexplorer/com.iamtrk.ItemListActivity} from uid 0 on display 0
08-02 11:09:09.605  3360  3360 I art     : System.exit called, status: 0
08-02 11:09:09.605  3360  3360 I AndroidRuntime: VM exiting with result code 0.
08-02 11:09:10.838   624   638 W ActivityManager: Activity destroy timeout for ActivityRecord{89dd988 u0 com.iamtrk.androidexplorer/com.iamtrk.ItemListActivity t4 f}
08-02 11:09:12.876   624   645 I Choreographer: Skipped 192 frames!  The application may be doing too much work on its main thread.
08-02 11:09:12.904  1632  1699 E Surface : getSlotFromBufferLocked: unknown buffer: 0xdeb82620
08-02 11:09:15.800  3372  3372 D AndroidRuntime: >>>>>> START com.android.internal.os.RuntimeInit uid 0 <<<<<<
08-02 11:09:15.801  3372  3372 D AndroidRuntime: CheckJNI is OFF
08-02 11:09:15.813  3372  3372 D ICU     : No timezone override file found: /data/misc/zoneinfo/current/icu/icu_tzdata.dat
08-02 11:09:15.829  3372  3372 E memtrack: Couldn't load memtrack module (No such file or directory)
08-02 11:09:15.829  3372  3372 E android.os.Debug: failed to load memtrack module: -2
08-02 11:09:15.829  3372  3372 I Radio-JNI: register_android_hardware_Radio DONE
08-02 11:09:15.839  3372  3372 D AndroidRuntime: Calling main entry com.android.commands.uiautomator.Launcher
08-02 11:09:16.851  3372  3372 W AccessibilityNodeInfoDumper: Fetch time: 2ms
08-02 11:09:16.851   624  1525 W WindowManager: Attempted to remove non-existing token: android.os.Binder@30ac577
08-02 11:09:16.877  3372  3372 D AndroidRuntime: Shutting down VM
08-02 11:09:17.326  3385  3385 D AndroidRuntime: >>>>>> START com.android.internal.os.RuntimeInit uid 0 <<<<<<
08-02 11:09:17.329  3385  3385 D AndroidRuntime: CheckJNI is OFF
08-02 11:09:17.339  3385  3385 D ICU     : No timezone override file found: /data/misc/zoneinfo/current/icu/icu_tzdata.dat
08-02 11:09:17.353  3385  3385 E memtrack: Couldn't load memtrack module (No such file or directory)
08-02 11:09:17.353  3385  3385 E android.os.Debug: failed to load memtrack module: -2
08-02 11:09:17.354  3385  3385 I Radio-JNI: register_android_hardware_Radio DONE
08-02 11:09:17.361  3385  3385 D AndroidRuntime: Calling main entry com.android.commands.input.Input
08-02 11:09:17.362  3385  3385 I Input   : injectMotionEvent: MotionEvent { action=ACTION_DOWN, actionButton=0, id[0]=0, x[0]=959.0, y[0]=984.0, toolType[0]=TOOL_TYPE_UNKNOWN, buttonState=0, metaState=0, flags=0x0, edgeFlags=0x0, pointerCount=1, historySize=0, eventTime=526800, downTime=526800, deviceId=0, source=0x1002 }
08-02 11:09:17.369  3385  3385 I Input   : injectMotionEvent: MotionEvent { action=ACTION_UP, actionButton=0, id[0]=0, x[0]=959.0, y[0]=984.0, toolType[0]=TOOL_TYPE_UNKNOWN, buttonState=0, metaState=0, flags=0x0, edgeFlags=0x0, pointerCount=1, historySize=0, eventTime=526800, downTime=526800, deviceId=0, source=0x1002 }
08-02 11:09:17.372  3385  3385 D AndroidRuntime: Shutting down VM
08-02 11:09:17.385  2040  2040 I Process : Sending signal. PID: 2040 SIG: 9
08-02 11:09:17.392   624   728 W libprocessgroup: failed to open /acct/uid_10060/pid_2040/cgroup.procs: No such file or directory
08-02 11:09:17.392   624  1564 D GraphicsStats: Buffer count: 4
08-02 11:09:17.392   624   728 I ActivityManager: Process com.iamtrk.androidexplorer (pid 2040) has died
08-02 11:09:17.392   624  3031 E Surface : getSlotFromBufferLocked: unknown buffer: 0xf2bb4300
08-02 11:09:17.476   624   728 I ActivityManager: Start proc 3394:com.iamtrk.androidexplorer/u0a60 for activity com.iamtrk.androidexplorer/com.iamtrk.ItemListActivity
08-02 11:09:17.493   267   661 D AudioFlinger: mixer(0xf1d80000) throttle end: throttle time(2)
08-02 11:09:17.506  3394  3394 E libprocessgroup: failed to make and chown /acct/uid_10060: Read-only file system
08-02 11:09:17.506  3394  3394 W Zygote  : createProcessGroup failed, kernel missing CONFIG_CGROUP_CPUACCT?
08-02 11:09:17.526  3394  3394 W System  : ClassLoader referenced unknown path: /data/app/com.iamtrk.androidexplorer-1/lib/x86
08-02 11:09:17.543  3394  3394 D leak-8-4: Eastern Standard Time
08-02 11:09:17.543  3394  3394 D leak-2-0: Eastern Standard Time
08-02 11:09:17.543  3394  3394 D leak-8-0: Eastern Standard Time
08-02 11:09:17.543  3394  3394 D leak-2-3: Eastern Standard Time
08-02 11:09:17.544  3394  3394 D leak-6-3: Eastern Standard Time
08-02 11:09:17.544  3394  3394 D leak-8-3: Eastern Standard Time
08-02 11:09:17.559  3394  3394 I AppCompatDelegate: The Activity's LayoutInflater already has a Factory installed so we can not install AppCompat's
08-02 11:09:17.625  3394  3407 D OpenGLRenderer: Use EGL_SWAP_BEHAVIOR_PRESERVED: true
08-02 11:09:17.635  3394  3394 D         : HostConnection::get() New Host Connection established 0xe9adf9a0, tid 3394
08-02 11:09:17.696   624   645 W AppOps  : Finishing op nesting under-run: uid 1000 pkg android code 24 time=0 duration=0 nesting=0
08-02 11:09:17.719  3394  3407 D libEGL  : loaded /system/lib/egl/libEGL_emulation.so
08-02 11:09:17.720  3394  3407 D libEGL  : loaded /system/lib/egl/libGLESv1_CM_emulation.so
08-02 11:09:17.725  3394  3407 D libEGL  : loaded /system/lib/egl/libGLESv2_emulation.so
08-02 11:09:17.730  3394  3407 D         : HostConnection::get() New Host Connection established 0xeead2890, tid 3407
08-02 11:09:17.745  3394  3407 I OpenGLRenderer: Initialized EGL, version 1.4
08-02 11:09:17.762  3394  3407 W EGL_emulation: eglSurfaceAttrib not implemented
08-02 11:09:17.762  3394  3407 W OpenGLRenderer: Failed to set EGL_SWAP_BEHAVIOR on surface 0xeead3580, error=EGL_SUCCESS
08-02 11:09:17.801  3394  3407 W EGL_emulation: eglSurfaceAttrib not implemented
08-02 11:09:17.801  3394  3407 W OpenGLRenderer: Failed to set EGL_SWAP_BEHAVIOR on surface 0xeead35a0, error=EGL_SUCCESS
08-02 11:09:18.220   624   645 I ActivityManager: Displayed com.iamtrk.androidexplorer/com.iamtrk.ItemListActivity: +8s625ms
08-02 11:09:18.593  3414  3414 D AndroidRuntime: >>>>>> START com.android.internal.os.RuntimeInit uid 0 <<<<<<
08-02 11:09:18.595  3414  3414 D AndroidRuntime: CheckJNI is OFF
08-02 11:09:18.604  3414  3414 D ICU     : No timezone override file found: /data/misc/zoneinfo/current/icu/icu_tzdata.dat
08-02 11:09:18.617  3414  3414 E memtrack: Couldn't load memtrack module (No such file or directory)
08-02 11:09:18.617  3414  3414 E android.os.Debug: failed to load memtrack module: -2
08-02 11:09:18.619  3414  3414 I Radio-JNI: register_android_hardware_Radio DONE
08-02 11:09:18.630  3414  3414 D AndroidRuntime: Calling main entry com.android.commands.am.Am
08-02 11:09:18.635   624  1564 I ActivityManager: Force stopping com.iamtrk.androidexplorer appid=10060 user=0: from pid 3414
08-02 11:09:18.635   624  1564 I ActivityManager: Killing 3394:com.iamtrk.androidexplorer/u0a60 (adj 0): stop com.iamtrk.androidexplorer
08-02 11:09:18.635   624  1564 W libprocessgroup: failed to open /acct/uid_10060/pid_3394/cgroup.procs: No such file or directory
08-02 11:09:18.635   624  1564 W ActivityManager: Force removing ActivityRecord{1d50fdd u0 com.iamtrk.androidexplorer/com.iamtrk.ItemListActivity t5}: app died, no saved state
08-02 11:09:18.643  3414  3414 D AndroidRuntime: Shutting down VM
08-02 11:09:18.646   624   645 E JavaBinder: !!! FAILED BINDER TRANSACTION !!!  (parcel size = 56)
08-02 11:09:18.646   624   645 W WindowAnimator: Failed to dispatch window animation state change.
08-02 11:09:18.646   624   645 W WindowAnimator: android.os.DeadObjectException: Transaction failed on small parcel; remote process probably died
08-02 11:09:18.646   624   645 W WindowAnimator: 	at android.os.BinderProxy.transactNative(Native Method)
08-02 11:09:18.646   624   645 W WindowAnimator: 	at android.os.BinderProxy.transact(Binder.java:557)
08-02 11:09:18.646   624   645 W WindowAnimator: 	at android.view.IWindow$Stub$Proxy.onAnimationStarted(IWindow.java:520)
08-02 11:09:18.646   624   645 W WindowAnimator: 	at com.android.server.wm.WindowAnimator.updateWindowsLocked(WindowAnimator.java:282)
08-02 11:09:18.646   624   645 W WindowAnimator: 	at com.android.server.wm.WindowAnimator.animateLocked(WindowAnimator.java:678)
08-02 11:09:18.646   624   645 W WindowAnimator: 	at com.android.server.wm.WindowAnimator.-wrap0(WindowAnimator.java)
08-02 11:09:18.646   624   645 W WindowAnimator: 	at com.android.server.wm.WindowAnimator$1.doFrame(WindowAnimator.java:123)
08-02 11:09:18.646   624   645 W WindowAnimator: 	at android.view.Choreographer$CallbackRecord.run(Choreographer.java:856)
08-02 11:09:18.646   624   645 W WindowAnimator: 	at android.view.Choreographer.doCallbacks(Choreographer.java:670)
08-02 11:09:18.646   624   645 W WindowAnimator: 	at android.view.Choreographer.doFrame(Choreographer.java:603)
08-02 11:09:18.646   624   645 W WindowAnimator: 	at android.view.Choreographer$FrameDisplayEventReceiver.run(Choreographer.java:844)
08-02 11:09:18.646   624   645 W WindowAnimator: 	at android.os.Handler.handleCallback(Handler.java:739)
08-02 11:09:18.646   624   645 W WindowAnimator: 	at android.os.Handler.dispatchMessage(Handler.java:95)
08-02 11:09:18.646   624   645 W WindowAnimator: 	at android.os.Looper.loop(Looper.java:148)
08-02 11:09:18.646   624   645 W WindowAnimator: 	at android.os.HandlerThread.run(HandlerThread.java:61)
08-02 11:09:18.646   624   645 W WindowAnimator: 	at com.android.server.ServiceThread.run(ServiceThread.java:46)
08-02 11:09:18.662   624   676 W InputDispatcher: channel '986027b com.iamtrk.androidexplorer/com.iamtrk.ItemListActivity (server)' ~ Consumer closed input channel or an error occurred.  events=0x9
08-02 11:09:18.662   624   676 E InputDispatcher: channel '986027b com.iamtrk.androidexplorer/com.iamtrk.ItemListActivity (server)' ~ Channel is unrecoverably broken and will be disposed!
08-02 11:09:18.662   624   676 W InputDispatcher: channel '2573980 com.iamtrk.androidexplorer/com.iamtrk.ItemListActivity (server)' ~ Consumer closed input channel or an error occurred.  events=0x9
08-02 11:09:18.662   624   676 E InputDispatcher: channel '2573980 com.iamtrk.androidexplorer/com.iamtrk.ItemListActivity (server)' ~ Channel is unrecoverably broken and will be disposed!
08-02 11:09:18.672   624   728 D GraphicsStats: Buffer count: 4
08-02 11:09:18.674   624  1564 I WindowState: WIN DEATH: Window{2573980 u0 com.iamtrk.androidexplorer/com.iamtrk.ItemListActivity}
08-02 11:09:18.674   624  1564 W InputDispatcher: Attempted to unregister already unregistered input channel '2573980 com.iamtrk.androidexplorer/com.iamtrk.ItemListActivity (server)'
08-02 11:09:18.675   624   728 I WindowState: WIN DEATH: Window{986027b u0 com.iamtrk.androidexplorer/com.iamtrk.ItemListActivity}
08-02 11:09:18.675   624   728 W InputDispatcher: Attempted to unregister already unregistered input channel '986027b com.iamtrk.androidexplorer/com.iamtrk.ItemListActivity (server)'
08-02 11:09:18.735  1632  1699 W EGL_emulation: eglSurfaceAttrib not implemented
08-02 11:09:18.735  1632  1699 W OpenGLRenderer: Failed to set EGL_SWAP_BEHAVIOR on surface 0xdf9921e0, error=EGL_SUCCESS
08-02 11:09:18.760   624   767 W InputMethodManagerService: Got RemoteException sending setActive(false) notification to pid 2040 uid 10060
08-02 11:09:19.011   624   645 W WindowAnimator: Failed to dispatch window animation state change.
08-02 11:09:19.011   624   645 W WindowAnimator: android.os.DeadObjectException
08-02 11:09:19.011   624   645 W WindowAnimator: 	at android.os.BinderProxy.transactNative(Native Method)
08-02 11:09:19.011   624   645 W WindowAnimator: 	at android.os.BinderProxy.transact(Binder.java:557)
08-02 11:09:19.011   624   645 W WindowAnimator: 	at android.view.IWindow$Stub$Proxy.onAnimationStopped(IWindow.java:534)
08-02 11:09:19.011   624   645 W WindowAnimator: 	at com.android.server.wm.WindowAnimator.updateWindowsLocked(WindowAnimator.java:286)
08-02 11:09:19.011   624   645 W WindowAnimator: 	at com.android.server.wm.WindowAnimator.animateLocked(WindowAnimator.java:678)
08-02 11:09:19.011   624   645 W WindowAnimator: 	at com.android.server.wm.WindowAnimator.-wrap0(WindowAnimator.java)
08-02 11:09:19.011   624   645 W WindowAnimator: 	at com.android.server.wm.WindowAnimator$1.doFrame(WindowAnimator.java:123)
08-02 11:09:19.011   624   645 W WindowAnimator: 	at android.view.Choreographer$CallbackRecord.run(Choreographer.java:856)
08-02 11:09:19.011   624   645 W WindowAnimator: 	at android.view.Choreographer.doCallbacks(Choreographer.java:670)
08-02 11:09:19.011   624   645 W WindowAnimator: 	at android.view.Choreographer.doFrame(Choreographer.java:603)
08-02 11:09:19.011   624   645 W WindowAnimator: 	at android.view.Choreographer$FrameDisplayEventReceiver.run(Choreographer.java:844)
08-02 11:09:19.011   624   645 W WindowAnimator: 	at android.os.Handler.handleCallback(Handler.java:739)
08-02 11:09:19.011   624   645 W WindowAnimator: 	at android.os.Handler.dispatchMessage(Handler.java:95)
08-02 11:09:19.011   624   645 W WindowAnimator: 	at android.os.Looper.loop(Looper.java:148)
08-02 11:09:19.011   624   645 W WindowAnimator: 	at android.os.HandlerThread.run(HandlerThread.java:61)
08-02 11:09:19.011   624   645 W WindowAnimator: 	at com.android.server.ServiceThread.run(ServiceThread.java:46)
08-02 11:09:19.346  1632  1699 W OpenGLRenderer: Incorrectly called buildLayer on View: ShortcutAndWidgetContainer, destroying layer...
08-02 11:09:19.346  1632  1699 W OpenGLRenderer: Incorrectly called buildLayer on View: ShortcutAndWidgetContainer, destroying layer...
08-02 11:09:21.106  3425  3425 D AndroidRuntime: >>>>>> START com.android.internal.os.RuntimeInit uid 0 <<<<<<
08-02 11:09:21.108  3425  3425 D AndroidRuntime: CheckJNI is OFF
08-02 11:09:21.122  3425  3425 D ICU     : No timezone override file found: /data/misc/zoneinfo/current/icu/icu_tzdata.dat
08-02 11:09:21.137  3425  3425 E memtrack: Couldn't load memtrack module (No such file or directory)
08-02 11:09:21.137  3425  3425 E android.os.Debug: failed to load memtrack module: -2
08-02 11:09:21.139  3425  3425 I Radio-JNI: register_android_hardware_Radio DONE
08-02 11:09:21.146  3425  3425 D AndroidRuntime: Calling main entry com.android.commands.monkey.Monkey
08-02 11:09:21.161   624   638 W BroadcastQueue: Skipping deliver [background] BroadcastRecord{66c02b0 u-1 android.net.conn.CONNECTIVITY_CHANGE} to ReceiverList{8eef529 3425 (unknown name)/0/u-1 remote:d905062}: process crashing
08-02 11:09:21.166   624  1101 I ActivityManager: START u0 {act=android.intent.action.MAIN cat=[android.intent.category.LAUNCHER] flg=0x10200000 cmp=com.iamtrk.androidexplorer/com.iamtrk.ItemListActivity} from uid 0 on display 0
08-02 11:09:21.191   624  1051 I ActivityManager: Start proc 3434:com.iamtrk.androidexplorer/u0a60 for activity com.iamtrk.androidexplorer/com.iamtrk.ItemListActivity
08-02 11:09:21.218  3425  3425 I art     : System.exit called, status: 0
08-02 11:09:21.218  3425  3425 I AndroidRuntime: VM exiting with result code 0.
08-02 11:09:21.229  3434  3434 E libprocessgroup: failed to make and chown /acct/uid_10060: Read-only file system
08-02 11:09:21.229  3434  3434 W Zygote  : createProcessGroup failed, kernel missing CONFIG_CGROUP_CPUACCT?
08-02 11:09:21.970  3434  3434 W System  : ClassLoader referenced unknown path: /data/app/com.iamtrk.androidexplorer-1/lib/x86
08-02 11:09:22.233  3434  3445 I art     : Background sticky concurrent mark sweep GC freed 12169(500KB) AllocSpace objects, 0(0B) LOS objects, 78% free, 477KB/2MB, paused 151us total 110.916ms
08-02 11:09:22.426  3434  3434 D leak-8-4: Eastern Standard Time
08-02 11:09:22.426  3434  3434 D leak-2-0: Eastern Standard Time
08-02 11:09:22.426  3434  3434 D leak-8-0: Eastern Standard Time
08-02 11:09:22.485  3434  3434 D leak-2-3: Eastern Standard Time
08-02 11:09:22.512  3434  3434 D leak-6-3: Eastern Standard Time
08-02 11:09:22.512  3434  3434 D leak-8-3: Eastern Standard Time
08-02 11:09:22.517  3434  3434 I AppCompatDelegate: The Activity's LayoutInflater already has a Factory installed so we can not install AppCompat's
08-02 11:09:22.818  3434  3449 D OpenGLRenderer: Use EGL_SWAP_BEHAVIOR_PRESERVED: true
08-02 11:09:23.026  3434  3434 D         : HostConnection::get() New Host Connection established 0xe9adf9c0, tid 3434
08-02 11:09:23.794  3434  3449 D libEGL  : loaded /system/lib/egl/libEGL_emulation.so
08-02 11:09:23.806  3434  3449 D libEGL  : loaded /system/lib/egl/libGLESv1_CM_emulation.so
08-02 11:09:23.835  3434  3449 D libEGL  : loaded /system/lib/egl/libGLESv2_emulation.so
08-02 11:09:23.849  3434  3449 D         : HostConnection::get() New Host Connection established 0xeead28b0, tid 3449
08-02 11:09:24.644  3434  3449 I OpenGLRenderer: Initialized EGL, version 1.4
08-02 11:09:25.219  3434  3449 W EGL_emulation: eglSurfaceAttrib not implemented
08-02 11:09:25.219  3434  3449 W OpenGLRenderer: Failed to set EGL_SWAP_BEHAVIOR on surface 0xeead35c0, error=EGL_SUCCESS
08-02 11:09:25.757  3434  3449 W EGL_emulation: eglSurfaceAttrib not implemented
08-02 11:09:25.757  3434  3449 W OpenGLRenderer: Failed to set EGL_SWAP_BEHAVIOR on surface 0xeead35e0, error=EGL_SUCCESS
08-02 11:09:25.804  1632  1699 E Surface : getSlotFromBufferLocked: unknown buffer: 0xdeb82700
08-02 11:09:26.679  3434  3434 I Choreographer: Skipped 46 frames!  The application may be doing too much work on its main thread.
08-02 11:09:26.690   624   645 I ActivityManager: Displayed com.iamtrk.androidexplorer/com.iamtrk.ItemListActivity: +5s516ms
08-02 11:09:27.938  3467  3467 D AndroidRuntime: >>>>>> START com.android.internal.os.RuntimeInit uid 0 <<<<<<
08-02 11:09:27.939  3467  3467 D AndroidRuntime: CheckJNI is OFF
08-02 11:09:27.949  3467  3467 D ICU     : No timezone override file found: /data/misc/zoneinfo/current/icu/icu_tzdata.dat
08-02 11:09:27.968  3467  3467 E memtrack: Couldn't load memtrack module (No such file or directory)
08-02 11:09:27.968  3467  3467 E android.os.Debug: failed to load memtrack module: -2
08-02 11:09:27.971  3467  3467 I Radio-JNI: register_android_hardware_Radio DONE
08-02 11:09:27.978  3467  3467 D AndroidRuntime: Calling main entry com.android.commands.uiautomator.Launcher
08-02 11:09:28.999  3467  3467 W AccessibilityNodeInfoDumper: Fetch time: 1ms
08-02 11:09:29.000   624  1079 W WindowManager: Attempted to remove non-existing token: android.os.Binder@1a3c09
08-02 11:09:29.014  3467  3467 D AndroidRuntime: Shutting down VM
08-02 11:09:29.511  3485  3485 D AndroidRuntime: >>>>>> START com.android.internal.os.RuntimeInit uid 0 <<<<<<
08-02 11:09:29.512  3485  3485 D AndroidRuntime: CheckJNI is OFF
08-02 11:09:29.524  3485  3485 D ICU     : No timezone override file found: /data/misc/zoneinfo/current/icu/icu_tzdata.dat
08-02 11:09:29.537  3485  3485 E memtrack: Couldn't load memtrack module (No such file or directory)
08-02 11:09:29.537  3485  3485 E android.os.Debug: failed to load memtrack module: -2
08-02 11:09:29.540  3485  3485 I Radio-JNI: register_android_hardware_Radio DONE
08-02 11:09:29.547  3485  3485 D AndroidRuntime: Calling main entry com.android.commands.uiautomator.Launcher
08-02 11:09:30.566  3485  3485 W AccessibilityNodeInfoDumper: Fetch time: 2ms
08-02 11:09:30.566   624  1544 W WindowManager: Attempted to remove non-existing token: android.os.Binder@16c7e0e
08-02 11:09:30.589  3485  3485 D AndroidRuntime: Shutting down VM
08-02 11:09:31.714  3508  3508 D AndroidRuntime: >>>>>> START com.android.internal.os.RuntimeInit uid 0 <<<<<<
08-02 11:09:31.717  3508  3508 D AndroidRuntime: CheckJNI is OFF
08-02 11:09:31.728  3508  3508 D ICU     : No timezone override file found: /data/misc/zoneinfo/current/icu/icu_tzdata.dat
08-02 11:09:31.744  3508  3508 E memtrack: Couldn't load memtrack module (No such file or directory)
08-02 11:09:31.744  3508  3508 E android.os.Debug: failed to load memtrack module: -2
08-02 11:09:31.746  3508  3508 I Radio-JNI: register_android_hardware_Radio DONE
08-02 11:09:31.754  3508  3508 D AndroidRuntime: Calling main entry com.android.commands.uiautomator.Launcher
08-02 11:09:32.801  3508  3508 W AccessibilityNodeInfoDumper: Fetch time: 1ms
08-02 11:09:32.802   624  1544 W WindowManager: Attempted to remove non-existing token: android.os.Binder@66e202f
08-02 11:09:32.839  3508  3508 D AndroidRuntime: Shutting down VM
08-02 11:09:34.069  3535  3535 D AndroidRuntime: >>>>>> START com.android.internal.os.RuntimeInit uid 0 <<<<<<
08-02 11:09:34.072  3535  3535 D AndroidRuntime: CheckJNI is OFF
08-02 11:09:34.088  3535  3535 D ICU     : No timezone override file found: /data/misc/zoneinfo/current/icu/icu_tzdata.dat
08-02 11:09:34.111  3535  3535 E memtrack: Couldn't load memtrack module (No such file or directory)
08-02 11:09:34.111  3535  3535 E android.os.Debug: failed to load memtrack module: -2
08-02 11:09:34.113  3535  3535 I Radio-JNI: register_android_hardware_Radio DONE
08-02 11:09:34.121  3535  3535 D AndroidRuntime: Calling main entry com.android.commands.uiautomator.Launcher
08-02 11:09:35.140  3535  3535 W AccessibilityNodeInfoDumper: Fetch time: 2ms
08-02 11:09:35.145   624   636 W WindowManager: Attempted to remove non-existing token: android.os.Binder@2218fc5
08-02 11:09:35.157  3535  3535 D AndroidRuntime: Shutting down VM
08-02 11:09:37.215  3568  3568 D AndroidRuntime: >>>>>> START com.android.internal.os.RuntimeInit uid 0 <<<<<<
08-02 11:09:37.219  3568  3568 D AndroidRuntime: CheckJNI is OFF
08-02 11:09:37.235  3568  3568 D ICU     : No timezone override file found: /data/misc/zoneinfo/current/icu/icu_tzdata.dat
08-02 11:09:37.256  3568  3568 E memtrack: Couldn't load memtrack module (No such file or directory)
08-02 11:09:37.256  3568  3568 E android.os.Debug: failed to load memtrack module: -2
08-02 11:09:37.257  3568  3568 I Radio-JNI: register_android_hardware_Radio DONE
08-02 11:09:37.267  3568  3568 D AndroidRuntime: Calling main entry com.android.commands.uiautomator.Launcher
08-02 11:09:38.289  3568  3568 W AccessibilityNodeInfoDumper: Fetch time: 2ms
08-02 11:09:38.290   624  1525 W WindowManager: Attempted to remove non-existing token: android.os.Binder@9766d1a
08-02 11:09:38.324  3568  3568 D AndroidRuntime: Shutting down VM
08-02 11:09:38.930  3585  3585 D AndroidRuntime: >>>>>> START com.android.internal.os.RuntimeInit uid 0 <<<<<<
08-02 11:09:38.933  3585  3585 D AndroidRuntime: CheckJNI is OFF
08-02 11:09:38.949  3585  3585 D ICU     : No timezone override file found: /data/misc/zoneinfo/current/icu/icu_tzdata.dat
08-02 11:09:38.972  3585  3585 E memtrack: Couldn't load memtrack module (No such file or directory)
08-02 11:09:38.973  3585  3585 E android.os.Debug: failed to load memtrack module: -2
08-02 11:09:38.975  3585  3585 I Radio-JNI: register_android_hardware_Radio DONE
08-02 11:09:38.987  3585  3585 D AndroidRuntime: Calling main entry com.android.commands.uiautomator.Launcher
08-02 11:09:40.008  3585  3585 W AccessibilityNodeInfoDumper: Fetch time: 3ms
08-02 11:09:40.008   624  1079 W WindowManager: Attempted to remove non-existing token: android.os.Binder@8c6904b
08-02 11:09:40.025  3585  3585 D AndroidRuntime: Shutting down VM
08-02 11:09:41.234  3608  3608 D AndroidRuntime: >>>>>> START com.android.internal.os.RuntimeInit uid 0 <<<<<<
08-02 11:09:41.237  3608  3608 D AndroidRuntime: CheckJNI is OFF
08-02 11:09:41.255  3608  3608 D ICU     : No timezone override file found: /data/misc/zoneinfo/current/icu/icu_tzdata.dat
08-02 11:09:41.274  3608  3608 E memtrack: Couldn't load memtrack module (No such file or directory)
08-02 11:09:41.274  3608  3608 E android.os.Debug: failed to load memtrack module: -2
08-02 11:09:41.275  3608  3608 I Radio-JNI: register_android_hardware_Radio DONE
08-02 11:09:41.289  3608  3608 D AndroidRuntime: Calling main entry com.android.commands.uiautomator.Launcher
08-02 11:09:42.313  3608  3608 W AccessibilityNodeInfoDumper: Fetch time: 2ms
08-02 11:09:42.315   624   636 W WindowManager: Attempted to remove non-existing token: android.os.Binder@1847a28
08-02 11:09:42.346  3608  3608 D AndroidRuntime: Shutting down VM
08-02 11:09:42.899  3626  3626 D AndroidRuntime: >>>>>> START com.android.internal.os.RuntimeInit uid 0 <<<<<<
08-02 11:09:42.900  3626  3626 D AndroidRuntime: CheckJNI is OFF
08-02 11:09:42.914  3626  3626 D ICU     : No timezone override file found: /data/misc/zoneinfo/current/icu/icu_tzdata.dat
08-02 11:09:42.930  3626  3626 E memtrack: Couldn't load memtrack module (No such file or directory)
08-02 11:09:42.930  3626  3626 E android.os.Debug: failed to load memtrack module: -2
08-02 11:09:42.930  3626  3626 I Radio-JNI: register_android_hardware_Radio DONE
08-02 11:09:42.940  3626  3626 D AndroidRuntime: Calling main entry com.android.commands.uiautomator.Launcher
08-02 11:09:43.982  3626  3626 W AccessibilityNodeInfoDumper: Fetch time: 2ms
08-02 11:09:43.983   624   767 W WindowManager: Attempted to remove non-existing token: android.os.Binder@5906341
08-02 11:09:43.996  3626  3626 D AndroidRuntime: Shutting down VM
08-02 11:09:45.170  3649  3649 D AndroidRuntime: >>>>>> START com.android.internal.os.RuntimeInit uid 0 <<<<<<
08-02 11:09:45.171  3649  3649 D AndroidRuntime: CheckJNI is OFF
08-02 11:09:45.182  3649  3649 D ICU     : No timezone override file found: /data/misc/zoneinfo/current/icu/icu_tzdata.dat
08-02 11:09:45.196  3649  3649 E memtrack: Couldn't load memtrack module (No such file or directory)
08-02 11:09:45.196  3649  3649 E android.os.Debug: failed to load memtrack module: -2
08-02 11:09:45.196  3649  3649 I Radio-JNI: register_android_hardware_Radio DONE
08-02 11:09:45.210  3649  3649 D AndroidRuntime: Calling main entry com.android.commands.uiautomator.Launcher
08-02 11:09:46.223  3649  3649 W AccessibilityNodeInfoDumper: Fetch time: 1ms
08-02 11:09:46.223   624  1079 W WindowManager: Attempted to remove non-existing token: android.os.Binder@1fe40e6
08-02 11:09:46.237  3649  3649 D AndroidRuntime: Shutting down VM
08-02 11:09:46.738  3666  3666 D AndroidRuntime: >>>>>> START com.android.internal.os.RuntimeInit uid 0 <<<<<<
08-02 11:09:46.740  3666  3666 D AndroidRuntime: CheckJNI is OFF
08-02 11:09:46.752  3666  3666 D ICU     : No timezone override file found: /data/misc/zoneinfo/current/icu/icu_tzdata.dat
08-02 11:09:46.771  3666  3666 E memtrack: Couldn't load memtrack module (No such file or directory)
08-02 11:09:46.771  3666  3666 E android.os.Debug: failed to load memtrack module: -2
08-02 11:09:46.772  3666  3666 I Radio-JNI: register_android_hardware_Radio DONE
08-02 11:09:46.779  3666  3666 D AndroidRuntime: Calling main entry com.android.commands.uiautomator.Launcher
08-02 11:09:47.792  3666  3666 W AccessibilityNodeInfoDumper: Fetch time: 1ms
08-02 11:09:47.792   624  1525 W WindowManager: Attempted to remove non-existing token: android.os.Binder@5bb10d4
08-02 11:09:47.806  3666  3666 D AndroidRuntime: Shutting down VM
08-02 11:09:48.959  3691  3691 D AndroidRuntime: >>>>>> START com.android.internal.os.RuntimeInit uid 0 <<<<<<
08-02 11:09:48.962  3691  3691 D AndroidRuntime: CheckJNI is OFF
08-02 11:09:48.973  3691  3691 D ICU     : No timezone override file found: /data/misc/zoneinfo/current/icu/icu_tzdata.dat
08-02 11:09:48.988  3691  3691 E memtrack: Couldn't load memtrack module (No such file or directory)
08-02 11:09:48.988  3691  3691 E android.os.Debug: failed to load memtrack module: -2
08-02 11:09:48.989  3691  3691 I Radio-JNI: register_android_hardware_Radio DONE
08-02 11:09:49.001  3691  3691 D AndroidRuntime: Calling main entry com.android.commands.uiautomator.Launcher
08-02 11:09:50.022  3691  3691 W AccessibilityNodeInfoDumper: Fetch time: 3ms
08-02 11:09:50.023   624  1564 W WindowManager: Attempted to remove non-existing token: android.os.Binder@7bef27d
08-02 11:09:50.038  3691  3691 D AndroidRuntime: Shutting down VM
08-02 11:09:50.549  3708  3708 D AndroidRuntime: >>>>>> START com.android.internal.os.RuntimeInit uid 0 <<<<<<
08-02 11:09:50.551  3708  3708 D AndroidRuntime: CheckJNI is OFF
08-02 11:09:50.562  3708  3708 D ICU     : No timezone override file found: /data/misc/zoneinfo/current/icu/icu_tzdata.dat
08-02 11:09:50.577  3708  3708 E memtrack: Couldn't load memtrack module (No such file or directory)
08-02 11:09:50.577  3708  3708 E android.os.Debug: failed to load memtrack module: -2
08-02 11:09:50.577  3708  3708 I Radio-JNI: register_android_hardware_Radio DONE
08-02 11:09:50.585  3708  3708 D AndroidRuntime: Calling main entry com.android.commands.uiautomator.Launcher
08-02 11:09:51.611  3708  3708 W AccessibilityNodeInfoDumper: Fetch time: 1ms
08-02 11:09:51.611   624  1101 W WindowManager: Attempted to remove non-existing token: android.os.Binder@3dd8572
08-02 11:09:51.631  3708  3708 D AndroidRuntime: Shutting down VM
08-02 11:09:52.085  3721  3721 D AndroidRuntime: >>>>>> START com.android.internal.os.RuntimeInit uid 0 <<<<<<
08-02 11:09:52.086  3721  3721 D AndroidRuntime: CheckJNI is OFF
08-02 11:09:52.097  3721  3721 D ICU     : No timezone override file found: /data/misc/zoneinfo/current/icu/icu_tzdata.dat
08-02 11:09:52.110  3721  3721 E memtrack: Couldn't load memtrack module (No such file or directory)
08-02 11:09:52.110  3721  3721 E android.os.Debug: failed to load memtrack module: -2
08-02 11:09:52.113  3721  3721 I Radio-JNI: register_android_hardware_Radio DONE
08-02 11:09:52.123  3721  3721 D AndroidRuntime: Calling main entry com.android.commands.input.Input
08-02 11:09:52.126  3721  3721 I Input   : injectMotionEvent: MotionEvent { action=ACTION_DOWN, actionButton=0, id[0]=0, x[0]=959.0, y[0]=1029.0, toolType[0]=TOOL_TYPE_UNKNOWN, buttonState=0, metaState=0, flags=0x0, edgeFlags=0x0, pointerCount=1, historySize=0, eventTime=561562, downTime=561562, deviceId=0, source=0x1002 }
08-02 11:09:52.128  3721  3721 I Input   : injectMotionEvent: MotionEvent { action=ACTION_UP, actionButton=0, id[0]=0, x[0]=959.0, y[0]=1029.0, toolType[0]=TOOL_TYPE_UNKNOWN, buttonState=0, metaState=0, flags=0x0, edgeFlags=0x0, pointerCount=1, historySize=0, eventTime=561562, downTime=561562, deviceId=0, source=0x1002 }
08-02 11:09:52.130  3721  3721 D AndroidRuntime: Shutting down VM
08-02 11:09:52.132  3434  3434 D leak-16-0: Eastern Standard Time
08-02 11:09:52.132  3434  3434 D leak-7-0: Eastern Standard Time
08-02 11:09:52.133  3434  3434 D leak-2-1: Eastern Standard Time
08-02 11:09:52.133  3434  3434 D leak-3-1: Eastern Standard Time
08-02 11:09:52.133  3434  3434 D leak-6-1: Eastern Standard Time
08-02 11:09:52.133  3434  3434 D leak-8-1: Eastern Standard Time
08-02 11:09:52.134   624   728 I ActivityManager: START u0 {act=android.content.pm.action.REQUEST_PERMISSIONS pkg=com.android.packageinstaller cmp=com.android.packageinstaller/.permission.ui.GrantPermissionsActivity (has extras)} from uid 10060 on display 0
08-02 11:09:52.214  3434  3449 E Surface : getSlotFromBufferLocked: unknown buffer: 0xe8d6d150
08-02 11:09:52.339  2057  2071 W EGL_emulation: eglSurfaceAttrib not implemented
08-02 11:09:52.339  2057  2071 W OpenGLRenderer: Failed to set EGL_SWAP_BEHAVIOR on surface 0xe9ae1880, error=EGL_SUCCESS
08-02 11:09:52.715   624   645 I ActivityManager: Displayed com.android.packageinstaller/.permission.ui.GrantPermissionsActivity: +448ms
08-02 11:09:57.664  4058  4058 D AndroidRuntime: >>>>>> START com.android.internal.os.RuntimeInit uid 0 <<<<<<
08-02 11:09:57.665  4058  4058 D AndroidRuntime: CheckJNI is OFF
08-02 11:09:57.675  4058  4058 D ICU     : No timezone override file found: /data/misc/zoneinfo/current/icu/icu_tzdata.dat
08-02 11:09:57.694  4058  4058 E memtrack: Couldn't load memtrack module (No such file or directory)
08-02 11:09:57.694  4058  4058 E android.os.Debug: failed to load memtrack module: -2
08-02 11:09:57.695  4058  4058 I Radio-JNI: register_android_hardware_Radio DONE
08-02 11:09:57.703  4058  4058 D AndroidRuntime: Calling main entry com.android.commands.monkey.Monkey
08-02 11:09:57.714   624   638 W BroadcastQueue: Skipping deliver [background] BroadcastRecord{3be2f22 u-1 android.net.conn.CONNECTIVITY_CHANGE} to ReceiverList{a29db3 4058 (unknown name)/0/u-1 remote:42e5704}: process crashing
08-02 11:09:57.719   624  1564 I ActivityManager: START u0 {act=android.intent.action.MAIN cat=[android.intent.category.LAUNCHER] flg=0x10200000 cmp=com.iamtrk.androidexplorer/com.iamtrk.ItemListActivity} from uid 0 on display 0
08-02 11:09:57.728   624   639 D Sensors : batch handle 1, but there is no batch sensor in genymotion
08-02 11:09:57.738  4058  4058 I art     : System.exit called, status: 0
08-02 11:09:57.738  4058  4058 I AndroidRuntime: VM exiting with result code 0.
08-02 11:10:03.975  4071  4071 D AndroidRuntime: >>>>>> START com.android.internal.os.RuntimeInit uid 0 <<<<<<
08-02 11:10:03.980  4071  4071 D AndroidRuntime: CheckJNI is OFF
08-02 11:10:03.994  4071  4071 D ICU     : No timezone override file found: /data/misc/zoneinfo/current/icu/icu_tzdata.dat
08-02 11:10:04.011  4071  4071 E memtrack: Couldn't load memtrack module (No such file or directory)
08-02 11:10:04.011  4071  4071 E android.os.Debug: failed to load memtrack module: -2
08-02 11:10:04.012  4071  4071 I Radio-JNI: register_android_hardware_Radio DONE
08-02 11:10:04.021  4071  4071 D AndroidRuntime: Calling main entry com.android.commands.uiautomator.Launcher
08-02 11:10:05.038  4071  4071 W AccessibilityNodeInfoDumper: Fetch time: 1ms
08-02 11:10:05.039   624  1525 W WindowManager: Attempted to remove non-existing token: android.os.Binder@cbbdf70
08-02 11:10:05.063  4071  4071 D AndroidRuntime: Shutting down VM
08-02 11:10:06.363  4094  4094 D AndroidRuntime: >>>>>> START com.android.internal.os.RuntimeInit uid 0 <<<<<<
08-02 11:10:06.366  4094  4094 D AndroidRuntime: CheckJNI is OFF
08-02 11:10:06.376  4094  4094 D ICU     : No timezone override file found: /data/misc/zoneinfo/current/icu/icu_tzdata.dat
08-02 11:10:06.391  4094  4094 E memtrack: Couldn't load memtrack module (No such file or directory)
08-02 11:10:06.391  4094  4094 E android.os.Debug: failed to load memtrack module: -2
08-02 11:10:06.391  4094  4094 I Radio-JNI: register_android_hardware_Radio DONE
08-02 11:10:06.399  4094  4094 D AndroidRuntime: Calling main entry com.android.commands.uiautomator.Launcher
08-02 11:10:07.418  4094  4094 W AccessibilityNodeInfoDumper: Fetch time: 1ms
08-02 11:10:07.419   624   635 W WindowManager: Attempted to remove non-existing token: android.os.Binder@ab272e9
08-02 11:10:07.431  4094  4094 D AndroidRuntime: Shutting down VM
08-02 11:10:07.959  4112  4112 D AndroidRuntime: >>>>>> START com.android.internal.os.RuntimeInit uid 0 <<<<<<
08-02 11:10:07.960  4112  4112 D AndroidRuntime: CheckJNI is OFF
08-02 11:10:07.973  4112  4112 D ICU     : No timezone override file found: /data/misc/zoneinfo/current/icu/icu_tzdata.dat
08-02 11:10:07.990  4112  4112 E memtrack: Couldn't load memtrack module (No such file or directory)
08-02 11:10:07.990  4112  4112 E android.os.Debug: failed to load memtrack module: -2
08-02 11:10:07.992  4112  4112 I Radio-JNI: register_android_hardware_Radio DONE
08-02 11:10:08.003  4112  4112 D AndroidRuntime: Calling main entry com.android.commands.uiautomator.Launcher
08-02 11:10:09.018  4112  4112 W AccessibilityNodeInfoDumper: Fetch time: 1ms
08-02 11:10:09.019   624  1525 W WindowManager: Attempted to remove non-existing token: android.os.Binder@99f620f
08-02 11:10:09.036  4112  4112 D AndroidRuntime: Shutting down VM
08-02 11:10:10.239  4135  4135 D AndroidRuntime: >>>>>> START com.android.internal.os.RuntimeInit uid 0 <<<<<<
08-02 11:10:10.241  4135  4135 D AndroidRuntime: CheckJNI is OFF
08-02 11:10:10.251  4135  4135 D ICU     : No timezone override file found: /data/misc/zoneinfo/current/icu/icu_tzdata.dat
08-02 11:10:10.268  4135  4135 E memtrack: Couldn't load memtrack module (No such file or directory)
08-02 11:10:10.268  4135  4135 E android.os.Debug: failed to load memtrack module: -2
08-02 11:10:10.269  4135  4135 I Radio-JNI: register_android_hardware_Radio DONE
08-02 11:10:10.277  4135  4135 D AndroidRuntime: Calling main entry com.android.commands.uiautomator.Launcher
08-02 11:10:11.294  4135  4135 W AccessibilityNodeInfoDumper: Fetch time: 3ms
08-02 11:10:11.296   624   728 W WindowManager: Attempted to remove non-existing token: android.os.Binder@f57829c
08-02 11:10:11.310  4135  4135 D AndroidRuntime: Shutting down VM
08-02 11:10:12.590  4163  4163 D AndroidRuntime: >>>>>> START com.android.internal.os.RuntimeInit uid 0 <<<<<<
08-02 11:10:12.591  4163  4163 D AndroidRuntime: CheckJNI is OFF
08-02 11:10:12.602  4163  4163 D ICU     : No timezone override file found: /data/misc/zoneinfo/current/icu/icu_tzdata.dat
08-02 11:10:12.615  4163  4163 E memtrack: Couldn't load memtrack module (No such file or directory)
08-02 11:10:12.615  4163  4163 E android.os.Debug: failed to load memtrack module: -2
08-02 11:10:12.616  4163  4163 I Radio-JNI: register_android_hardware_Radio DONE
08-02 11:10:12.633  4163  4163 D AndroidRuntime: Calling main entry com.android.commands.uiautomator.Launcher
08-02 11:10:13.651  4163  4163 W AccessibilityNodeInfoDumper: Fetch time: 1ms
08-02 11:10:13.651   624  1564 W WindowManager: Attempted to remove non-existing token: android.os.Binder@2b654a5
08-02 11:10:13.672  4163  4163 D AndroidRuntime: Shutting down VM
08-02 11:10:14.866  4189  4189 D AndroidRuntime: >>>>>> START com.android.internal.os.RuntimeInit uid 0 <<<<<<
08-02 11:10:14.868  4189  4189 D AndroidRuntime: CheckJNI is OFF
08-02 11:10:14.879  4189  4189 D ICU     : No timezone override file found: /data/misc/zoneinfo/current/icu/icu_tzdata.dat
08-02 11:10:14.892  4189  4189 E memtrack: Couldn't load memtrack module (No such file or directory)
08-02 11:10:14.892  4189  4189 E android.os.Debug: failed to load memtrack module: -2
08-02 11:10:14.893  4189  4189 I Radio-JNI: register_android_hardware_Radio DONE
08-02 11:10:14.907  4189  4189 D AndroidRuntime: Calling main entry com.android.commands.uiautomator.Launcher
08-02 11:10:15.928  4189  4189 W AccessibilityNodeInfoDumper: Fetch time: 2ms
08-02 11:10:15.928   624   635 W WindowManager: Attempted to remove non-existing token: android.os.Binder@20a807a
08-02 11:10:15.940  4189  4189 D AndroidRuntime: Shutting down VM
08-02 11:10:16.501  4207  4207 D AndroidRuntime: >>>>>> START com.android.internal.os.RuntimeInit uid 0 <<<<<<
08-02 11:10:16.505  4207  4207 D AndroidRuntime: CheckJNI is OFF
08-02 11:10:16.514  4207  4207 D ICU     : No timezone override file found: /data/misc/zoneinfo/current/icu/icu_tzdata.dat
08-02 11:10:16.528  4207  4207 E memtrack: Couldn't load memtrack module (No such file or directory)
08-02 11:10:16.528  4207  4207 E android.os.Debug: failed to load memtrack module: -2
08-02 11:10:16.530  4207  4207 I Radio-JNI: register_android_hardware_Radio DONE
08-02 11:10:16.538  4207  4207 D AndroidRuntime: Calling main entry com.android.commands.uiautomator.Launcher
08-02 11:10:17.554  4207  4207 W AccessibilityNodeInfoDumper: Fetch time: 3ms
08-02 11:10:17.555   624  1079 W WindowManager: Attempted to remove non-existing token: android.os.Binder@9fa102b
08-02 11:10:17.577  4207  4207 D AndroidRuntime: Shutting down VM
08-02 11:10:18.758  4230  4230 D AndroidRuntime: >>>>>> START com.android.internal.os.RuntimeInit uid 0 <<<<<<
08-02 11:10:18.760  4230  4230 D AndroidRuntime: CheckJNI is OFF
08-02 11:10:18.773  4230  4230 D ICU     : No timezone override file found: /data/misc/zoneinfo/current/icu/icu_tzdata.dat
08-02 11:10:18.786  4230  4230 E memtrack: Couldn't load memtrack module (No such file or directory)
08-02 11:10:18.786  4230  4230 E android.os.Debug: failed to load memtrack module: -2
08-02 11:10:18.788  4230  4230 I Radio-JNI: register_android_hardware_Radio DONE
08-02 11:10:18.794  4230  4230 D AndroidRuntime: Calling main entry com.android.commands.uiautomator.Launcher
08-02 11:10:19.819  4230  4230 W AccessibilityNodeInfoDumper: Fetch time: 2ms
08-02 11:10:19.819   624  1079 W WindowManager: Attempted to remove non-existing token: android.os.Binder@ca82c88
08-02 11:10:19.841  4230  4230 D AndroidRuntime: Shutting down VM
08-02 11:10:20.376  4248  4248 D AndroidRuntime: >>>>>> START com.android.internal.os.RuntimeInit uid 0 <<<<<<
08-02 11:10:20.378  4248  4248 D AndroidRuntime: CheckJNI is OFF
08-02 11:10:20.390  4248  4248 D ICU     : No timezone override file found: /data/misc/zoneinfo/current/icu/icu_tzdata.dat
08-02 11:10:20.403  4248  4248 E memtrack: Couldn't load memtrack module (No such file or directory)
08-02 11:10:20.403  4248  4248 E android.os.Debug: failed to load memtrack module: -2
08-02 11:10:20.404  4248  4248 I Radio-JNI: register_android_hardware_Radio DONE
08-02 11:10:20.411  4248  4248 D AndroidRuntime: Calling main entry com.android.commands.uiautomator.Launcher
08-02 11:10:21.428  4248  4248 W AccessibilityNodeInfoDumper: Fetch time: 1ms
08-02 11:10:21.428   624   767 W WindowManager: Attempted to remove non-existing token: android.os.Binder@db02a46
08-02 11:10:21.444  4248  4248 D AndroidRuntime: Shutting down VM
08-02 11:10:22.595  4272  4272 D AndroidRuntime: >>>>>> START com.android.internal.os.RuntimeInit uid 0 <<<<<<
08-02 11:10:22.596  4272  4272 D AndroidRuntime: CheckJNI is OFF
08-02 11:10:22.607  4272  4272 D ICU     : No timezone override file found: /data/misc/zoneinfo/current/icu/icu_tzdata.dat
08-02 11:10:22.621  4272  4272 E memtrack: Couldn't load memtrack module (No such file or directory)
08-02 11:10:22.622  4272  4272 E android.os.Debug: failed to load memtrack module: -2
08-02 11:10:22.623  4272  4272 I Radio-JNI: register_android_hardware_Radio DONE
08-02 11:10:22.629  4272  4272 D AndroidRuntime: Calling main entry com.android.commands.uiautomator.Launcher
08-02 11:10:23.646  4272  4272 W AccessibilityNodeInfoDumper: Fetch time: 2ms
08-02 11:10:23.647   624   728 W WindowManager: Attempted to remove non-existing token: android.os.Binder@9078407
08-02 11:10:23.664  4272  4272 D AndroidRuntime: Shutting down VM
08-02 11:10:24.218  4290  4290 D AndroidRuntime: >>>>>> START com.android.internal.os.RuntimeInit uid 0 <<<<<<
08-02 11:10:24.221  4290  4290 D AndroidRuntime: CheckJNI is OFF
08-02 11:10:24.231  4290  4290 D ICU     : No timezone override file found: /data/misc/zoneinfo/current/icu/icu_tzdata.dat
08-02 11:10:24.247  4290  4290 E memtrack: Couldn't load memtrack module (No such file or directory)
08-02 11:10:24.247  4290  4290 E android.os.Debug: failed to load memtrack module: -2
08-02 11:10:24.248  4290  4290 I Radio-JNI: register_android_hardware_Radio DONE
