08-02 12:39:23.383  2017  2017 D leak-18-43: Eastern Standard Time
08-02 12:39:23.383  2017  2017 D leak-19-43: Eastern Standard Time
08-02 12:39:23.383  2017  2017 D leak-20-43: Eastern Standard Time
08-02 12:39:23.383  2017  2017 D leak-24-43: Eastern Standard Time
08-02 12:39:23.383  2017  2017 D leak-30-43: Eastern Standard Time
08-02 12:39:23.383  2017  2017 D leak-31-43: Eastern Standard Time
08-02 12:39:23.383  2017  2017 D leak-40-43: Eastern Standard Time
08-02 12:39:23.383  2017  2017 D leak-41-43: Eastern Standard Time
08-02 12:39:23.383  2017  2017 D leak-42-43: Eastern Standard Time
08-02 12:39:23.384  2017  2017 D leak-60-43: Eastern Standard Time
08-02 12:39:23.384  2017  2017 D leak-62-43: Eastern Standard Time
08-02 12:39:23.384  2017  2017 D leak-66-43: Eastern Standard Time
08-02 12:39:23.384  2017  2017 D leak-68-43: Eastern Standard Time
08-02 12:39:23.384  2017  2017 D leak-70-43: Eastern Standard Time
08-02 12:39:23.384  2017  2017 D leak-72-43: Eastern Standard Time
08-02 12:39:23.384  2017  2017 D leak-76-43: Eastern Standard Time
08-02 12:39:23.384  2017  2017 D leak-84-43: Eastern Standard Time
08-02 12:39:23.384  2017  2017 D leak-59-12: Eastern Standard Time
08-02 12:39:23.384  2017  2017 D leak-61-12: Eastern Standard Time
08-02 12:39:23.384  2017  2017 D leak-65-12: Eastern Standard Time
08-02 12:39:23.384  2017  2017 D leak-67-12: Eastern Standard Time
08-02 12:39:23.384  2017  2017 D leak-69-12: Eastern Standard Time
08-02 12:39:23.384  2017  2017 D leak-71-12: Eastern Standard Time
08-02 12:39:23.384  2017  2017 D leak-75-12: Eastern Standard Time
08-02 12:39:23.384  2017  2017 D leak-83-12: Eastern Standard Time
08-02 12:39:23.391  5289  5289 W AccessibilityNodeInfoDumper: Fetch time: 5ms
08-02 12:39:23.391   623   838 W WindowManager: Attempted to remove non-existing token: android.os.Binder@d769127
08-02 12:39:23.398  5289  5289 D AndroidRuntime: Shutting down VM
08-02 12:39:23.848  5307  5307 D AndroidRuntime: >>>>>> START com.android.internal.os.RuntimeInit uid 0 <<<<<<
08-02 12:39:23.850  5307  5307 D AndroidRuntime: CheckJNI is OFF
08-02 12:39:23.858  5307  5307 D ICU     : No timezone override file found: /data/misc/zoneinfo/current/icu/icu_tzdata.dat
08-02 12:39:23.871  5307  5307 E memtrack: Couldn't load memtrack module (No such file or directory)
08-02 12:39:23.871  5307  5307 E android.os.Debug: failed to load memtrack module: -2
08-02 12:39:23.872  5307  5307 I Radio-JNI: register_android_hardware_Radio DONE
08-02 12:39:23.878  5307  5307 D AndroidRuntime: Calling main entry com.android.commands.uiautomator.Launcher
08-02 12:39:24.893  2017  2017 D leak-15-43: Eastern Standard Time
08-02 12:39:24.893  2017  2017 D leak-17-43: Eastern Standard Time
08-02 12:39:24.893  2017  2017 D leak-18-43: Eastern Standard Time
08-02 12:39:24.893  2017  2017 D leak-19-43: Eastern Standard Time
08-02 12:39:24.893  2017  2017 D leak-20-43: Eastern Standard Time
08-02 12:39:24.893  2017  2017 D leak-24-43: Eastern Standard Time
08-02 12:39:24.893  2017  2017 D leak-30-43: Eastern Standard Time
08-02 12:39:24.893  2017  2017 D leak-31-43: Eastern Standard Time
08-02 12:39:24.893  2017  2017 D leak-40-43: Eastern Standard Time
08-02 12:39:24.893  2017  2017 D leak-41-43: Eastern Standard Time
08-02 12:39:24.893  2017  2017 D leak-42-43: Eastern Standard Time
08-02 12:39:24.893  2017  2017 D leak-60-43: Eastern Standard Time
08-02 12:39:24.893  2017  2017 D leak-62-43: Eastern Standard Time
08-02 12:39:24.893  2017  2017 D leak-66-43: Eastern Standard Time
08-02 12:39:24.893  2017  2017 D leak-68-43: Eastern Standard Time
08-02 12:39:24.893  2017  2017 D leak-70-43: Eastern Standard Time
08-02 12:39:24.893  2017  2017 D leak-72-43: Eastern Standard Time
08-02 12:39:24.893  2017  2017 D leak-76-43: Eastern Standard Time
08-02 12:39:24.893  2017  2017 D leak-84-43: Eastern Standard Time
08-02 12:39:24.893  2017  2017 D leak-59-12: Eastern Standard Time
08-02 12:39:24.893  2017  2017 D leak-61-12: Eastern Standard Time
08-02 12:39:24.893  2017  2017 D leak-65-12: Eastern Standard Time
08-02 12:39:24.893  2017  2017 D leak-67-12: Eastern Standard Time
08-02 12:39:24.893  2017  2017 D leak-69-12: Eastern Standard Time
08-02 12:39:24.893  2017  2017 D leak-71-12: Eastern Standard Time
08-02 12:39:24.893  2017  2017 D leak-75-12: Eastern Standard Time
08-02 12:39:24.893  2017  2017 D leak-83-12: Eastern Standard Time
08-02 12:39:24.898  5307  5307 W AccessibilityNodeInfoDumper: Fetch time: 1ms
08-02 12:39:24.898   623   635 W WindowManager: Attempted to remove non-existing token: android.os.Binder@6dfdfd4
08-02 12:39:24.912  5307  5307 D AndroidRuntime: Shutting down VM
08-02 12:39:25.975  5330  5330 D AndroidRuntime: >>>>>> START com.android.internal.os.RuntimeInit uid 0 <<<<<<
08-02 12:39:25.976  5330  5330 D AndroidRuntime: CheckJNI is OFF
08-02 12:39:25.986  5330  5330 D ICU     : No timezone override file found: /data/misc/zoneinfo/current/icu/icu_tzdata.dat
08-02 12:39:26.000  5330  5330 E memtrack: Couldn't load memtrack module (No such file or directory)
08-02 12:39:26.000  5330  5330 E android.os.Debug: failed to load memtrack module: -2
08-02 12:39:26.001  5330  5330 I Radio-JNI: register_android_hardware_Radio DONE
08-02 12:39:26.011  5330  5330 D AndroidRuntime: Calling main entry com.android.commands.uiautomator.Launcher
08-02 12:39:27.018  2017  2017 D leak-15-43: Eastern Standard Time
08-02 12:39:27.018  2017  2017 D leak-17-43: Eastern Standard Time
08-02 12:39:27.018  2017  2017 D leak-18-43: Eastern Standard Time
08-02 12:39:27.018  2017  2017 D leak-19-43: Eastern Standard Time
08-02 12:39:27.018  2017  2017 D leak-20-43: Eastern Standard Time
08-02 12:39:27.018  2017  2017 D leak-24-43: Eastern Standard Time
08-02 12:39:27.018  2017  2017 D leak-30-43: Eastern Standard Time
08-02 12:39:27.018  2017  2017 D leak-31-43: Eastern Standard Time
08-02 12:39:27.018  2017  2017 D leak-40-43: Eastern Standard Time
08-02 12:39:27.018  2017  2017 D leak-41-43: Eastern Standard Time
08-02 12:39:27.018  2017  2017 D leak-42-43: Eastern Standard Time
08-02 12:39:27.018  2017  2017 D leak-60-43: Eastern Standard Time
08-02 12:39:27.018  2017  2017 D leak-62-43: Eastern Standard Time
08-02 12:39:27.018  2017  2017 D leak-66-43: Eastern Standard Time
08-02 12:39:27.018  2017  2017 D leak-68-43: Eastern Standard Time
08-02 12:39:27.018  2017  2017 D leak-70-43: Eastern Standard Time
08-02 12:39:27.018  2017  2017 D leak-72-43: Eastern Standard Time
08-02 12:39:27.018  2017  2017 D leak-76-43: Eastern Standard Time
08-02 12:39:27.019  2017  2017 D leak-84-43: Eastern Standard Time
08-02 12:39:27.019  2017  2017 D leak-59-12: Eastern Standard Time
08-02 12:39:27.019  2017  2017 D leak-61-12: Eastern Standard Time
08-02 12:39:27.019  2017  2017 D leak-65-12: Eastern Standard Time
08-02 12:39:27.019  2017  2017 D leak-67-12: Eastern Standard Time
08-02 12:39:27.019  2017  2017 D leak-69-12: Eastern Standard Time
08-02 12:39:27.019  2017  2017 D leak-71-12: Eastern Standard Time
08-02 12:39:27.019  2017  2017 D leak-75-12: Eastern Standard Time
08-02 12:39:27.019  2017  2017 D leak-83-12: Eastern Standard Time
08-02 12:39:27.029  5330  5330 W AccessibilityNodeInfoDumper: Fetch time: 2ms
08-02 12:39:27.029   623   751 W WindowManager: Attempted to remove non-existing token: android.os.Binder@57d157d
08-02 12:39:27.071  5330  5330 D AndroidRuntime: Shutting down VM
08-02 12:39:28.206  5358  5358 D AndroidRuntime: >>>>>> START com.android.internal.os.RuntimeInit uid 0 <<<<<<
08-02 12:39:28.207  5358  5358 D AndroidRuntime: CheckJNI is OFF
08-02 12:39:28.215  5358  5358 D ICU     : No timezone override file found: /data/misc/zoneinfo/current/icu/icu_tzdata.dat
08-02 12:39:28.226  5358  5358 E memtrack: Couldn't load memtrack module (No such file or directory)
08-02 12:39:28.226  5358  5358 E android.os.Debug: failed to load memtrack module: -2
08-02 12:39:28.227  5358  5358 I Radio-JNI: register_android_hardware_Radio DONE
08-02 12:39:28.234  5358  5358 D AndroidRuntime: Calling main entry com.android.commands.uiautomator.Launcher
08-02 12:39:29.242  2017  2017 D leak-15-43: Eastern Standard Time
08-02 12:39:29.242  2017  2017 D leak-17-43: Eastern Standard Time
08-02 12:39:29.242  2017  2017 D leak-18-43: Eastern Standard Time
08-02 12:39:29.242  2017  2017 D leak-19-43: Eastern Standard Time
08-02 12:39:29.242  2017  2017 D leak-20-43: Eastern Standard Time
08-02 12:39:29.242  2017  2017 D leak-24-43: Eastern Standard Time
08-02 12:39:29.242  2017  2017 D leak-30-43: Eastern Standard Time
08-02 12:39:29.242  2017  2017 D leak-31-43: Eastern Standard Time
08-02 12:39:29.243  2017  2017 D leak-40-43: Eastern Standard Time
08-02 12:39:29.243  2017  2017 D leak-41-43: Eastern Standard Time
08-02 12:39:29.243  2017  2017 D leak-42-43: Eastern Standard Time
08-02 12:39:29.243  2017  2017 D leak-60-43: Eastern Standard Time
08-02 12:39:29.243  2017  2017 D leak-62-43: Eastern Standard Time
08-02 12:39:29.243  2017  2017 D leak-66-43: Eastern Standard Time
08-02 12:39:29.243  2017  2017 D leak-68-43: Eastern Standard Time
08-02 12:39:29.243  2017  2017 D leak-70-43: Eastern Standard Time
08-02 12:39:29.243  2017  2017 D leak-72-43: Eastern Standard Time
08-02 12:39:29.243  2017  2017 D leak-76-43: Eastern Standard Time
08-02 12:39:29.243  2017  2017 D leak-84-43: Eastern Standard Time
08-02 12:39:29.243  2017  2017 D leak-59-12: Eastern Standard Time
08-02 12:39:29.243  2017  2017 D leak-61-12: Eastern Standard Time
08-02 12:39:29.243  2017  2017 D leak-65-12: Eastern Standard Time
08-02 12:39:29.243  2017  2017 D leak-67-12: Eastern Standard Time
08-02 12:39:29.243  2017  2017 D leak-69-12: Eastern Standard Time
08-02 12:39:29.243  2017  2017 D leak-71-12: Eastern Standard Time
08-02 12:39:29.243  2017  2017 D leak-75-12: Eastern Standard Time
08-02 12:39:29.243  2017  2017 D leak-83-12: Eastern Standard Time
08-02 12:39:29.255  5358  5358 W AccessibilityNodeInfoDumper: Fetch time: 2ms
08-02 12:39:29.255   623  1025 W WindowManager: Attempted to remove non-existing token: android.os.Binder@e7c6c72
08-02 12:39:29.270  5358  5358 D AndroidRuntime: Shutting down VM
08-02 12:39:30.351  5384  5384 D AndroidRuntime: >>>>>> START com.android.internal.os.RuntimeInit uid 0 <<<<<<
08-02 12:39:30.352  5384  5384 D AndroidRuntime: CheckJNI is OFF
08-02 12:39:30.361  5384  5384 D ICU     : No timezone override file found: /data/misc/zoneinfo/current/icu/icu_tzdata.dat
08-02 12:39:30.373  5384  5384 E memtrack: Couldn't load memtrack module (No such file or directory)
08-02 12:39:30.373  5384  5384 E android.os.Debug: failed to load memtrack module: -2
08-02 12:39:30.374  5384  5384 I Radio-JNI: register_android_hardware_Radio DONE
08-02 12:39:30.379  5384  5384 D AndroidRuntime: Calling main entry com.android.commands.uiautomator.Launcher
08-02 12:39:31.390  2017  2017 D leak-15-43: Eastern Standard Time
08-02 12:39:31.390  2017  2017 D leak-17-43: Eastern Standard Time
08-02 12:39:31.390  2017  2017 D leak-18-43: Eastern Standard Time
08-02 12:39:31.390  2017  2017 D leak-19-43: Eastern Standard Time
08-02 12:39:31.390  2017  2017 D leak-20-43: Eastern Standard Time
08-02 12:39:31.390  2017  2017 D leak-24-43: Eastern Standard Time
08-02 12:39:31.390  2017  2017 D leak-30-43: Eastern Standard Time
08-02 12:39:31.390  2017  2017 D leak-31-43: Eastern Standard Time
08-02 12:39:31.390  2017  2017 D leak-40-43: Eastern Standard Time
08-02 12:39:31.390  2017  2017 D leak-41-43: Eastern Standard Time
08-02 12:39:31.390  2017  2017 D leak-42-43: Eastern Standard Time
08-02 12:39:31.390  2017  2017 D leak-60-43: Eastern Standard Time
08-02 12:39:31.390  2017  2017 D leak-62-43: Eastern Standard Time
08-02 12:39:31.390  2017  2017 D leak-66-43: Eastern Standard Time
08-02 12:39:31.390  2017  2017 D leak-68-43: Eastern Standard Time
08-02 12:39:31.390  2017  2017 D leak-70-43: Eastern Standard Time
08-02 12:39:31.390  2017  2017 D leak-72-43: Eastern Standard Time
08-02 12:39:31.390  2017  2017 D leak-76-43: Eastern Standard Time
08-02 12:39:31.390  2017  2017 D leak-84-43: Eastern Standard Time
08-02 12:39:31.390  2017  2017 D leak-59-12: Eastern Standard Time
08-02 12:39:31.390  2017  2017 D leak-61-12: Eastern Standard Time
08-02 12:39:31.390  2017  2017 D leak-65-12: Eastern Standard Time
08-02 12:39:31.390  2017  2017 D leak-67-12: Eastern Standard Time
08-02 12:39:31.390  2017  2017 D leak-69-12: Eastern Standard Time
08-02 12:39:31.390  2017  2017 D leak-71-12: Eastern Standard Time
08-02 12:39:31.390  2017  2017 D leak-75-12: Eastern Standard Time
08-02 12:39:31.390  2017  2017 D leak-83-12: Eastern Standard Time
08-02 12:39:31.395  5384  5384 W AccessibilityNodeInfoDumper: Fetch time: 1ms
08-02 12:39:31.395   623   751 W WindowManager: Attempted to remove non-existing token: android.os.Binder@63118c3
08-02 12:39:31.404  5384  5384 D AndroidRuntime: Shutting down VM
08-02 12:39:31.864  5403  5403 D AndroidRuntime: >>>>>> START com.android.internal.os.RuntimeInit uid 0 <<<<<<
08-02 12:39:31.865  5403  5403 D AndroidRuntime: CheckJNI is OFF
08-02 12:39:31.874  5403  5403 D ICU     : No timezone override file found: /data/misc/zoneinfo/current/icu/icu_tzdata.dat
08-02 12:39:31.885  5403  5403 E memtrack: Couldn't load memtrack module (No such file or directory)
08-02 12:39:31.885  5403  5403 E android.os.Debug: failed to load memtrack module: -2
08-02 12:39:31.886  5403  5403 I Radio-JNI: register_android_hardware_Radio DONE
08-02 12:39:31.893  5403  5403 D AndroidRuntime: Calling main entry com.android.commands.uiautomator.Launcher
08-02 12:39:32.907  2017  2017 D leak-15-43: Eastern Standard Time
08-02 12:39:32.907  2017  2017 D leak-17-43: Eastern Standard Time
08-02 12:39:32.907  2017  2017 D leak-18-43: Eastern Standard Time
08-02 12:39:32.907  2017  2017 D leak-19-43: Eastern Standard Time
08-02 12:39:32.907  2017  2017 D leak-20-43: Eastern Standard Time
08-02 12:39:32.907  2017  2017 D leak-24-43: Eastern Standard Time
08-02 12:39:32.907  2017  2017 D leak-30-43: Eastern Standard Time
08-02 12:39:32.907  2017  2017 D leak-31-43: Eastern Standard Time
08-02 12:39:32.907  2017  2017 D leak-40-43: Eastern Standard Time
08-02 12:39:32.907  2017  2017 D leak-41-43: Eastern Standard Time
08-02 12:39:32.907  2017  2017 D leak-42-43: Eastern Standard Time
08-02 12:39:32.907  2017  2017 D leak-60-43: Eastern Standard Time
08-02 12:39:32.907  2017  2017 D leak-62-43: Eastern Standard Time
08-02 12:39:32.907  2017  2017 D leak-66-43: Eastern Standard Time
08-02 12:39:32.907  2017  2017 D leak-68-43: Eastern Standard Time
08-02 12:39:32.907  2017  2017 D leak-70-43: Eastern Standard Time
08-02 12:39:32.907  2017  2017 D leak-72-43: Eastern Standard Time
08-02 12:39:32.907  2017  2017 D leak-76-43: Eastern Standard Time
08-02 12:39:32.907  2017  2017 D leak-84-43: Eastern Standard Time
08-02 12:39:32.907  2017  2017 D leak-59-12: Eastern Standard Time
08-02 12:39:32.907  2017  2017 D leak-61-12: Eastern Standard Time
08-02 12:39:32.907  2017  2017 D leak-65-12: Eastern Standard Time
08-02 12:39:32.907  2017  2017 D leak-67-12: Eastern Standard Time
08-02 12:39:32.907  2017  2017 D leak-69-12: Eastern Standard Time
08-02 12:39:32.907  2017  2017 D leak-71-12: Eastern Standard Time
08-02 12:39:32.907  2017  2017 D leak-75-12: Eastern Standard Time
08-02 12:39:32.907  2017  2017 D leak-83-12: Eastern Standard Time
08-02 12:39:32.912  5403  5403 W AccessibilityNodeInfoDumper: Fetch time: 1ms
08-02 12:39:32.912   623   635 W WindowManager: Attempted to remove non-existing token: android.os.Binder@84a8c79
08-02 12:39:32.919  5403  5403 D AndroidRuntime: Shutting down VM
08-02 12:39:33.968  5426  5426 D AndroidRuntime: >>>>>> START com.android.internal.os.RuntimeInit uid 0 <<<<<<
08-02 12:39:33.969  5426  5426 D AndroidRuntime: CheckJNI is OFF
08-02 12:39:33.978  5426  5426 D ICU     : No timezone override file found: /data/misc/zoneinfo/current/icu/icu_tzdata.dat
08-02 12:39:33.989  5426  5426 E memtrack: Couldn't load memtrack module (No such file or directory)
08-02 12:39:33.989  5426  5426 E android.os.Debug: failed to load memtrack module: -2
08-02 12:39:33.991  5426  5426 I Radio-JNI: register_android_hardware_Radio DONE
08-02 12:39:33.996  5426  5426 D AndroidRuntime: Calling main entry com.android.commands.uiautomator.Launcher
08-02 12:39:35.006  2017  2017 D leak-15-43: Eastern Standard Time
08-02 12:39:35.007  2017  2017 D leak-17-43: Eastern Standard Time
08-02 12:39:35.007  2017  2017 D leak-18-43: Eastern Standard Time
08-02 12:39:35.007  2017  2017 D leak-19-43: Eastern Standard Time
08-02 12:39:35.007  2017  2017 D leak-20-43: Eastern Standard Time
08-02 12:39:35.007  2017  2017 D leak-24-43: Eastern Standard Time
08-02 12:39:35.007  2017  2017 D leak-30-43: Eastern Standard Time
08-02 12:39:35.007  2017  2017 D leak-31-43: Eastern Standard Time
08-02 12:39:35.007  2017  2017 D leak-40-43: Eastern Standard Time
08-02 12:39:35.007  2017  2017 D leak-41-43: Eastern Standard Time
08-02 12:39:35.007  2017  2017 D leak-42-43: Eastern Standard Time
08-02 12:39:35.007  2017  2017 D leak-60-43: Eastern Standard Time
08-02 12:39:35.007  2017  2017 D leak-62-43: Eastern Standard Time
08-02 12:39:35.007  2017  2017 D leak-66-43: Eastern Standard Time
08-02 12:39:35.007  2017  2017 D leak-68-43: Eastern Standard Time
08-02 12:39:35.007  2017  2017 D leak-70-43: Eastern Standard Time
08-02 12:39:35.007  2017  2017 D leak-72-43: Eastern Standard Time
08-02 12:39:35.007  2017  2017 D leak-76-43: Eastern Standard Time
08-02 12:39:35.007  2017  2017 D leak-84-43: Eastern Standard Time
08-02 12:39:35.007  2017  2017 D leak-59-12: Eastern Standard Time
08-02 12:39:35.007  2017  2017 D leak-61-12: Eastern Standard Time
08-02 12:39:35.007  2017  2017 D leak-65-12: Eastern Standard Time
08-02 12:39:35.007  2017  2017 D leak-67-12: Eastern Standard Time
08-02 12:39:35.007  2017  2017 D leak-69-12: Eastern Standard Time
08-02 12:39:35.007  2017  2017 D leak-71-12: Eastern Standard Time
08-02 12:39:35.007  2017  2017 D leak-75-12: Eastern Standard Time
08-02 12:39:35.007  2017  2017 D leak-83-12: Eastern Standard Time
08-02 12:39:35.011  5426  5426 W AccessibilityNodeInfoDumper: Fetch time: 1ms
08-02 12:39:35.011   623  1078 W WindowManager: Attempted to remove non-existing token: android.os.Binder@d20ddbe
08-02 12:39:35.026  5426  5426 D AndroidRuntime: Shutting down VM
08-02 12:39:35.475  5444  5444 D AndroidRuntime: >>>>>> START com.android.internal.os.RuntimeInit uid 0 <<<<<<
08-02 12:39:35.477  5444  5444 D AndroidRuntime: CheckJNI is OFF
08-02 12:39:35.486  5444  5444 D ICU     : No timezone override file found: /data/misc/zoneinfo/current/icu/icu_tzdata.dat
08-02 12:39:35.498  5444  5444 E memtrack: Couldn't load memtrack module (No such file or directory)
08-02 12:39:35.498  5444  5444 E android.os.Debug: failed to load memtrack module: -2
08-02 12:39:35.499  5444  5444 I Radio-JNI: register_android_hardware_Radio DONE
08-02 12:39:35.507  5444  5444 D AndroidRuntime: Calling main entry com.android.commands.uiautomator.Launcher
08-02 12:39:36.513  2017  2017 D leak-15-43: Eastern Standard Time
08-02 12:39:36.513  2017  2017 D leak-17-43: Eastern Standard Time
08-02 12:39:36.513  2017  2017 D leak-18-43: Eastern Standard Time
08-02 12:39:36.513  2017  2017 D leak-19-43: Eastern Standard Time
08-02 12:39:36.513  2017  2017 D leak-20-43: Eastern Standard Time
08-02 12:39:36.513  2017  2017 D leak-24-43: Eastern Standard Time
08-02 12:39:36.513  2017  2017 D leak-30-43: Eastern Standard Time
08-02 12:39:36.513  2017  2017 D leak-31-43: Eastern Standard Time
08-02 12:39:36.513  2017  2017 D leak-40-43: Eastern Standard Time
08-02 12:39:36.513  2017  2017 D leak-41-43: Eastern Standard Time
08-02 12:39:36.513  2017  2017 D leak-42-43: Eastern Standard Time
08-02 12:39:36.513  2017  2017 D leak-60-43: Eastern Standard Time
08-02 12:39:36.513  2017  2017 D leak-62-43: Eastern Standard Time
08-02 12:39:36.513  2017  2017 D leak-66-43: Eastern Standard Time
08-02 12:39:36.513  2017  2017 D leak-68-43: Eastern Standard Time
08-02 12:39:36.513  2017  2017 D leak-70-43: Eastern Standard Time
08-02 12:39:36.513  2017  2017 D leak-72-43: Eastern Standard Time
08-02 12:39:36.513  2017  2017 D leak-76-43: Eastern Standard Time
08-02 12:39:36.513  2017  2017 D leak-84-43: Eastern Standard Time
08-02 12:39:36.513  2017  2017 D leak-59-12: Eastern Standard Time
08-02 12:39:36.513  2017  2017 D leak-61-12: Eastern Standard Time
08-02 12:39:36.513  2017  2017 D leak-65-12: Eastern Standard Time
08-02 12:39:36.513  2017  2017 D leak-67-12: Eastern Standard Time
08-02 12:39:36.513  2017  2017 D leak-69-12: Eastern Standard Time
08-02 12:39:36.513  2017  2017 D leak-71-12: Eastern Standard Time
08-02 12:39:36.513  2017  2017 D leak-75-12: Eastern Standard Time
08-02 12:39:36.513  2017  2017 D leak-83-12: Eastern Standard Time
08-02 12:39:36.517  5444  5444 W AccessibilityNodeInfoDumper: Fetch time: 1ms
08-02 12:39:36.517   623  1644 W WindowManager: Attempted to remove non-existing token: android.os.Binder@9827e1f
08-02 12:39:36.523  5444  5444 D AndroidRuntime: Shutting down VM
08-02 12:39:37.571  5467  5467 D AndroidRuntime: >>>>>> START com.android.internal.os.RuntimeInit uid 0 <<<<<<
08-02 12:39:37.572  5467  5467 D AndroidRuntime: CheckJNI is OFF
08-02 12:39:37.587  5467  5467 D ICU     : No timezone override file found: /data/misc/zoneinfo/current/icu/icu_tzdata.dat
08-02 12:39:37.599  5467  5467 E memtrack: Couldn't load memtrack module (No such file or directory)
08-02 12:39:37.599  5467  5467 E android.os.Debug: failed to load memtrack module: -2
08-02 12:39:37.599  5467  5467 I Radio-JNI: register_android_hardware_Radio DONE
08-02 12:39:37.606  5467  5467 D AndroidRuntime: Calling main entry com.android.commands.uiautomator.Launcher
08-02 12:39:38.617  2017  2017 D leak-15-43: Eastern Standard Time
08-02 12:39:38.617  2017  2017 D leak-17-43: Eastern Standard Time
08-02 12:39:38.617  2017  2017 D leak-18-43: Eastern Standard Time
08-02 12:39:38.617  2017  2017 D leak-19-43: Eastern Standard Time
08-02 12:39:38.617  2017  2017 D leak-20-43: Eastern Standard Time
08-02 12:39:38.617  2017  2017 D leak-24-43: Eastern Standard Time
08-02 12:39:38.617  2017  2017 D leak-30-43: Eastern Standard Time
08-02 12:39:38.617  2017  2017 D leak-31-43: Eastern Standard Time
08-02 12:39:38.617  2017  2017 D leak-40-43: Eastern Standard Time
08-02 12:39:38.617  2017  2017 D leak-41-43: Eastern Standard Time
08-02 12:39:38.617  2017  2017 D leak-42-43: Eastern Standard Time
08-02 12:39:38.617  2017  2017 D leak-60-43: Eastern Standard Time
08-02 12:39:38.617  2017  2017 D leak-62-43: Eastern Standard Time
08-02 12:39:38.617  2017  2017 D leak-66-43: Eastern Standard Time
08-02 12:39:38.617  2017  2017 D leak-68-43: Eastern Standard Time
08-02 12:39:38.617  2017  2017 D leak-70-43: Eastern Standard Time
08-02 12:39:38.617  2017  2017 D leak-72-43: Eastern Standard Time
08-02 12:39:38.617  2017  2017 D leak-76-43: Eastern Standard Time
08-02 12:39:38.617  2017  2017 D leak-84-43: Eastern Standard Time
08-02 12:39:38.617  2017  2017 D leak-59-12: Eastern Standard Time
08-02 12:39:38.617  2017  2017 D leak-61-12: Eastern Standard Time
08-02 12:39:38.617  2017  2017 D leak-65-12: Eastern Standard Time
08-02 12:39:38.617  2017  2017 D leak-67-12: Eastern Standard Time
08-02 12:39:38.617  2017  2017 D leak-69-12: Eastern Standard Time
08-02 12:39:38.617  2017  2017 D leak-71-12: Eastern Standard Time
08-02 12:39:38.617  2017  2017 D leak-75-12: Eastern Standard Time
08-02 12:39:38.617  2017  2017 D leak-83-12: Eastern Standard Time
08-02 12:39:38.621  5467  5467 W AccessibilityNodeInfoDumper: Fetch time: 1ms
08-02 12:39:38.621   623   751 W WindowManager: Attempted to remove non-existing token: android.os.Binder@9f7556c
08-02 12:39:38.632  5467  5467 D AndroidRuntime: Shutting down VM
08-02 12:39:39.117  5485  5485 D AndroidRuntime: >>>>>> START com.android.internal.os.RuntimeInit uid 0 <<<<<<
08-02 12:39:39.118  5485  5485 D AndroidRuntime: CheckJNI is OFF
08-02 12:39:39.126  5485  5485 D ICU     : No timezone override file found: /data/misc/zoneinfo/current/icu/icu_tzdata.dat
08-02 12:39:39.138  5485  5485 E memtrack: Couldn't load memtrack module (No such file or directory)
08-02 12:39:39.138  5485  5485 E android.os.Debug: failed to load memtrack module: -2
08-02 12:39:39.138  5485  5485 I Radio-JNI: register_android_hardware_Radio DONE
08-02 12:39:39.144  5485  5485 D AndroidRuntime: Calling main entry com.android.commands.uiautomator.Launcher
08-02 12:39:40.178  2017  2017 D leak-15-43: Eastern Standard Time
08-02 12:39:40.178  2017  2017 D leak-17-43: Eastern Standard Time
08-02 12:39:40.178  2017  2017 D leak-18-43: Eastern Standard Time
08-02 12:39:40.178  2017  2017 D leak-19-43: Eastern Standard Time
08-02 12:39:40.178  2017  2017 D leak-20-43: Eastern Standard Time
08-02 12:39:40.178  2017  2017 D leak-24-43: Eastern Standard Time
08-02 12:39:40.178  2017  2017 D leak-30-43: Eastern Standard Time
08-02 12:39:40.178  2017  2017 D leak-31-43: Eastern Standard Time
08-02 12:39:40.178  2017  2017 D leak-40-43: Eastern Standard Time
08-02 12:39:40.178  2017  2017 D leak-41-43: Eastern Standard Time
08-02 12:39:40.178  2017  2017 D leak-42-43: Eastern Standard Time
08-02 12:39:40.178  2017  2017 D leak-60-43: Eastern Standard Time
08-02 12:39:40.178  2017  2017 D leak-62-43: Eastern Standard Time
08-02 12:39:40.178  2017  2017 D leak-66-43: Eastern Standard Time
08-02 12:39:40.178  2017  2017 D leak-68-43: Eastern Standard Time
08-02 12:39:40.178  2017  2017 D leak-70-43: Eastern Standard Time
08-02 12:39:40.178  2017  2017 D leak-72-43: Eastern Standard Time
08-02 12:39:40.178  2017  2017 D leak-76-43: Eastern Standard Time
08-02 12:39:40.178  2017  2017 D leak-84-43: Eastern Standard Time
08-02 12:39:40.178  2017  2017 D leak-59-12: Eastern Standard Time
08-02 12:39:40.178  2017  2017 D leak-61-12: Eastern Standard Time
08-02 12:39:40.178  2017  2017 D leak-65-12: Eastern Standard Time
08-02 12:39:40.178  2017  2017 D leak-67-12: Eastern Standard Time
08-02 12:39:40.178  2017  2017 D leak-69-12: Eastern Standard Time
08-02 12:39:40.178  2017  2017 D leak-71-12: Eastern Standard Time
08-02 12:39:40.178  2017  2017 D leak-75-12: Eastern Standard Time
08-02 12:39:40.179  2017  2017 D leak-83-12: Eastern Standard Time
08-02 12:39:40.189  5485  5485 W AccessibilityNodeInfoDumper: Fetch time: 1ms
08-02 12:39:40.189   623   635 W WindowManager: Attempted to remove non-existing token: android.os.Binder@7de7735
08-02 12:39:40.201  5485  5485 D AndroidRuntime: Shutting down VM
08-02 12:39:41.267  5510  5510 D AndroidRuntime: >>>>>> START com.android.internal.os.RuntimeInit uid 0 <<<<<<
08-02 12:39:41.269  5510  5510 D AndroidRuntime: CheckJNI is OFF
08-02 12:39:41.277  5510  5510 D ICU     : No timezone override file found: /data/misc/zoneinfo/current/icu/icu_tzdata.dat
08-02 12:39:41.288  5510  5510 E memtrack: Couldn't load memtrack module (No such file or directory)
08-02 12:39:41.288  5510  5510 E android.os.Debug: failed to load memtrack module: -2
08-02 12:39:41.289  5510  5510 I Radio-JNI: register_android_hardware_Radio DONE
08-02 12:39:41.295  5510  5510 D AndroidRuntime: Calling main entry com.android.commands.uiautomator.Launcher
08-02 12:39:42.307  2017  2017 D leak-15-43: Eastern Standard Time
08-02 12:39:42.307  2017  2017 D leak-17-43: Eastern Standard Time
08-02 12:39:42.307  2017  2017 D leak-18-43: Eastern Standard Time
08-02 12:39:42.307  2017  2017 D leak-19-43: Eastern Standard Time
08-02 12:39:42.307  2017  2017 D leak-20-43: Eastern Standard Time
08-02 12:39:42.307  2017  2017 D leak-24-43: Eastern Standard Time
08-02 12:39:42.307  2017  2017 D leak-30-43: Eastern Standard Time
08-02 12:39:42.307  2017  2017 D leak-31-43: Eastern Standard Time
08-02 12:39:42.307  2017  2017 D leak-40-43: Eastern Standard Time
08-02 12:39:42.307  2017  2017 D leak-41-43: Eastern Standard Time
08-02 12:39:42.307  2017  2017 D leak-42-43: Eastern Standard Time
08-02 12:39:42.307  2017  2017 D leak-60-43: Eastern Standard Time
08-02 12:39:42.307  2017  2017 D leak-62-43: Eastern Standard Time
08-02 12:39:42.307  2017  2017 D leak-66-43: Eastern Standard Time
08-02 12:39:42.307  2017  2017 D leak-68-43: Eastern Standard Time
08-02 12:39:42.307  2017  2017 D leak-70-43: Eastern Standard Time
08-02 12:39:42.307  2017  2017 D leak-72-43: Eastern Standard Time
08-02 12:39:42.307  2017  2017 D leak-76-43: Eastern Standard Time
08-02 12:39:42.307  2017  2017 D leak-84-43: Eastern Standard Time
08-02 12:39:42.307  2017  2017 D leak-59-12: Eastern Standard Time
08-02 12:39:42.307  2017  2017 D leak-61-12: Eastern Standard Time
08-02 12:39:42.307  2017  2017 D leak-65-12: Eastern Standard Time
08-02 12:39:42.307  2017  2017 D leak-67-12: Eastern Standard Time
08-02 12:39:42.307  2017  2017 D leak-69-12: Eastern Standard Time
08-02 12:39:42.307  2017  2017 D leak-71-12: Eastern Standard Time
08-02 12:39:42.307  2017  2017 D leak-75-12: Eastern Standard Time
08-02 12:39:42.307  2017  2017 D leak-83-12: Eastern Standard Time
08-02 12:39:42.315  5510  5510 W AccessibilityNodeInfoDumper: Fetch time: 3ms
08-02 12:39:42.315   623   751 W WindowManager: Attempted to remove non-existing token: android.os.Binder@a0917ca
08-02 12:39:42.332  5510  5510 D AndroidRuntime: Shutting down VM
08-02 12:39:42.792  5528  5528 D AndroidRuntime: >>>>>> START com.android.internal.os.RuntimeInit uid 0 <<<<<<
08-02 12:39:42.794  5528  5528 D AndroidRuntime: CheckJNI is OFF
08-02 12:39:42.806  5528  5528 D ICU     : No timezone override file found: /data/misc/zoneinfo/current/icu/icu_tzdata.dat
08-02 12:39:42.817  5528  5528 E memtrack: Couldn't load memtrack module (No such file or directory)
08-02 12:39:42.817  5528  5528 E android.os.Debug: failed to load memtrack module: -2
08-02 12:39:42.818  5528  5528 I Radio-JNI: register_android_hardware_Radio DONE
08-02 12:39:42.825  5528  5528 D AndroidRuntime: Calling main entry com.android.commands.uiautomator.Launcher
08-02 12:39:43.836  2017  2017 D leak-15-43: Eastern Standard Time
08-02 12:39:43.836  2017  2017 D leak-17-43: Eastern Standard Time
08-02 12:39:43.836  2017  2017 D leak-18-43: Eastern Standard Time
08-02 12:39:43.836  2017  2017 D leak-19-43: Eastern Standard Time
08-02 12:39:43.836  2017  2017 D leak-20-43: Eastern Standard Time
08-02 12:39:43.836  2017  2017 D leak-24-43: Eastern Standard Time
08-02 12:39:43.836  2017  2017 D leak-30-43: Eastern Standard Time
08-02 12:39:43.836  2017  2017 D leak-31-43: Eastern Standard Time
08-02 12:39:43.836  2017  2017 D leak-40-43: Eastern Standard Time
08-02 12:39:43.836  2017  2017 D leak-41-43: Eastern Standard Time
08-02 12:39:43.836  2017  2017 D leak-42-43: Eastern Standard Time
08-02 12:39:43.836  2017  2017 D leak-60-43: Eastern Standard Time
08-02 12:39:43.836  2017  2017 D leak-62-43: Eastern Standard Time
08-02 12:39:43.836  2017  2017 D leak-66-43: Eastern Standard Time
08-02 12:39:43.836  2017  2017 D leak-68-43: Eastern Standard Time
08-02 12:39:43.836  2017  2017 D leak-70-43: Eastern Standard Time
08-02 12:39:43.836  2017  2017 D leak-72-43: Eastern Standard Time
08-02 12:39:43.836  2017  2017 D leak-76-43: Eastern Standard Time
08-02 12:39:43.836  2017  2017 D leak-84-43: Eastern Standard Time
08-02 12:39:43.836  2017  2017 D leak-59-12: Eastern Standard Time
08-02 12:39:43.836  2017  2017 D leak-61-12: Eastern Standard Time
08-02 12:39:43.836  2017  2017 D leak-65-12: Eastern Standard Time
08-02 12:39:43.836  2017  2017 D leak-67-12: Eastern Standard Time
08-02 12:39:43.836  2017  2017 D leak-69-12: Eastern Standard Time
08-02 12:39:43.836  2017  2017 D leak-71-12: Eastern Standard Time
08-02 12:39:43.836  2017  2017 D leak-75-12: Eastern Standard Time
08-02 12:39:43.836  2017  2017 D leak-83-12: Eastern Standard Time
08-02 12:39:43.840  5528  5528 W AccessibilityNodeInfoDumper: Fetch time: 1ms
08-02 12:39:43.840   623  1078 W WindowManager: Attempted to remove non-existing token: android.os.Binder@b5add3b
08-02 12:39:43.850  5528  5528 D AndroidRuntime: Shutting down VM
08-02 12:39:44.273  5541  5541 D AndroidRuntime: >>>>>> START com.android.internal.os.RuntimeInit uid 0 <<<<<<
08-02 12:39:44.275  5541  5541 D AndroidRuntime: CheckJNI is OFF
08-02 12:39:44.284  5541  5541 D ICU     : No timezone override file found: /data/misc/zoneinfo/current/icu/icu_tzdata.dat
08-02 12:39:44.295  5541  5541 E memtrack: Couldn't load memtrack module (No such file or directory)
08-02 12:39:44.295  5541  5541 E android.os.Debug: failed to load memtrack module: -2
08-02 12:39:44.296  5541  5541 I Radio-JNI: register_android_hardware_Radio DONE
08-02 12:39:44.302  5541  5541 D AndroidRuntime: Calling main entry com.android.commands.input.Input
08-02 12:39:44.302  5541  5541 I Input   : injectMotionEvent: MotionEvent { action=ACTION_DOWN, actionButton=0, id[0]=0, x[0]=1144.0, y[0]=112.0, toolType[0]=TOOL_TYPE_UNKNOWN, buttonState=0, metaState=0, flags=0x0, edgeFlags=0x0, pointerCount=1, historySize=0, eventTime=394345, downTime=394345, deviceId=0, source=0x1002 }
08-02 12:39:44.312  5541  5541 I Input   : injectMotionEvent: MotionEvent { action=ACTION_UP, actionButton=0, id[0]=0, x[0]=1144.0, y[0]=112.0, toolType[0]=TOOL_TYPE_UNKNOWN, buttonState=0, metaState=0, flags=0x0, edgeFlags=0x0, pointerCount=1, historySize=0, eventTime=394345, downTime=394345, deviceId=0, source=0x1002 }
08-02 12:39:44.314  5541  5541 D AndroidRuntime: Shutting down VM
08-02 12:39:44.470  2017  2051 W EGL_emulation: eglSurfaceAttrib not implemented
08-02 12:39:44.470  2017  2051 W OpenGLRenderer: Failed to set EGL_SWAP_BEHAVIOR on surface 0xdeb3f660, error=EGL_SUCCESS
08-02 12:39:48.777  5875  5875 D AndroidRuntime: >>>>>> START com.android.internal.os.RuntimeInit uid 0 <<<<<<
08-02 12:39:48.779  5875  5875 D AndroidRuntime: CheckJNI is OFF
08-02 12:39:48.789  5875  5875 D ICU     : No timezone override file found: /data/misc/zoneinfo/current/icu/icu_tzdata.dat
08-02 12:39:48.801  5875  5875 E memtrack: Couldn't load memtrack module (No such file or directory)
08-02 12:39:48.801  5875  5875 E android.os.Debug: failed to load memtrack module: -2
08-02 12:39:48.802  5875  5875 I Radio-JNI: register_android_hardware_Radio DONE
08-02 12:39:48.807  5875  5875 D AndroidRuntime: Calling main entry com.android.commands.uiautomator.Launcher
08-02 12:39:49.820  5875  5875 W AccessibilityNodeInfoDumper: Fetch time: 2ms
08-02 12:39:49.821   623   635 W WindowManager: Attempted to remove non-existing token: android.os.Binder@ba4e604
08-02 12:39:49.832  5875  5875 D AndroidRuntime: Shutting down VM
08-02 12:39:50.889  5899  5899 D AndroidRuntime: >>>>>> START com.android.internal.os.RuntimeInit uid 0 <<<<<<
08-02 12:39:50.891  5899  5899 D AndroidRuntime: CheckJNI is OFF
08-02 12:39:50.902  5899  5899 D ICU     : No timezone override file found: /data/misc/zoneinfo/current/icu/icu_tzdata.dat
08-02 12:39:50.915  5899  5899 E memtrack: Couldn't load memtrack module (No such file or directory)
08-02 12:39:50.915  5899  5899 E android.os.Debug: failed to load memtrack module: -2
08-02 12:39:50.915  5899  5899 I Radio-JNI: register_android_hardware_Radio DONE
08-02 12:39:50.920  5899  5899 D AndroidRuntime: Calling main entry com.android.commands.uiautomator.Launcher
08-02 12:39:51.936  5899  5899 W AccessibilityNodeInfoDumper: Fetch time: 2ms
08-02 12:39:51.936   623  1078 W WindowManager: Attempted to remove non-existing token: android.os.Binder@364d622
08-02 12:39:51.949  5899  5899 D AndroidRuntime: Shutting down VM
08-02 12:39:52.408  5917  5917 D AndroidRuntime: >>>>>> START com.android.internal.os.RuntimeInit uid 0 <<<<<<
08-02 12:39:52.411  5917  5917 D AndroidRuntime: CheckJNI is OFF
08-02 12:39:52.419  5917  5917 D ICU     : No timezone override file found: /data/misc/zoneinfo/current/icu/icu_tzdata.dat
08-02 12:39:52.430  5917  5917 E memtrack: Couldn't load memtrack module (No such file or directory)
08-02 12:39:52.430  5917  5917 E android.os.Debug: failed to load memtrack module: -2
08-02 12:39:52.430  5917  5917 I Radio-JNI: register_android_hardware_Radio DONE
08-02 12:39:52.441  5917  5917 D AndroidRuntime: Calling main entry com.android.commands.uiautomator.Launcher
08-02 12:39:53.453  5917  5917 W AccessibilityNodeInfoDumper: Fetch time: 2ms
08-02 12:39:53.453   623   635 W WindowManager: Attempted to remove non-existing token: android.os.Binder@b79b8b3
08-02 12:39:53.462  5917  5917 D AndroidRuntime: Shutting down VM
08-02 12:39:54.534  5940  5940 D AndroidRuntime: >>>>>> START com.android.internal.os.RuntimeInit uid 0 <<<<<<
08-02 12:39:54.536  5940  5940 D AndroidRuntime: CheckJNI is OFF
08-02 12:39:54.546  5940  5940 D ICU     : No timezone override file found: /data/misc/zoneinfo/current/icu/icu_tzdata.dat
08-02 12:39:54.557  5940  5940 E memtrack: Couldn't load memtrack module (No such file or directory)
08-02 12:39:54.557  5940  5940 E android.os.Debug: failed to load memtrack module: -2
08-02 12:39:54.558  5940  5940 I Radio-JNI: register_android_hardware_Radio DONE
08-02 12:39:54.564  5940  5940 D AndroidRuntime: Calling main entry com.android.commands.uiautomator.Launcher
08-02 12:39:55.577  5940  5940 W AccessibilityNodeInfoDumper: Fetch time: 2ms
08-02 12:39:55.577   623  1025 W WindowManager: Attempted to remove non-existing token: android.os.Binder@68c5e70
08-02 12:39:55.585  5940  5940 D AndroidRuntime: Shutting down VM
08-02 12:39:56.691  5968  5968 D AndroidRuntime: >>>>>> START com.android.internal.os.RuntimeInit uid 0 <<<<<<
08-02 12:39:56.695  5968  5968 D AndroidRuntime: CheckJNI is OFF
08-02 12:39:56.703  5968  5968 D ICU     : No timezone override file found: /data/misc/zoneinfo/current/icu/icu_tzdata.dat
08-02 12:39:56.715  5968  5968 E memtrack: Couldn't load memtrack module (No such file or directory)
08-02 12:39:56.715  5968  5968 E android.os.Debug: failed to load memtrack module: -2
08-02 12:39:56.719  5968  5968 I Radio-JNI: register_android_hardware_Radio DONE
08-02 12:39:56.725  5968  5968 D AndroidRuntime: Calling main entry com.android.commands.uiautomator.Launcher
08-02 12:39:57.742  5968  5968 W AccessibilityNodeInfoDumper: Fetch time: 1ms
08-02 12:39:57.742   623  1056 W WindowManager: Attempted to remove non-existing token: android.os.Binder@92a85e9
08-02 12:39:57.749  5968  5968 D AndroidRuntime: Shutting down VM
08-02 12:39:58.848  5994  5994 D AndroidRuntime: >>>>>> START com.android.internal.os.RuntimeInit uid 0 <<<<<<
08-02 12:39:58.850  5994  5994 D AndroidRuntime: CheckJNI is OFF
08-02 12:39:58.857  5994  5994 D ICU     : No timezone override file found: /data/misc/zoneinfo/current/icu/icu_tzdata.dat
08-02 12:39:58.869  5994  5994 E memtrack: Couldn't load memtrack module (No such file or directory)
08-02 12:39:58.869  5994  5994 E android.os.Debug: failed to load memtrack module: -2
08-02 12:39:58.870  5994  5994 I Radio-JNI: register_android_hardware_Radio DONE
08-02 12:39:58.875  5994  5994 D AndroidRuntime: Calling main entry com.android.commands.uiautomator.Launcher
08-02 12:39:59.893  5994  5994 W AccessibilityNodeInfoDumper: Fetch time: 2ms
08-02 12:39:59.893   623  1715 W WindowManager: Attempted to remove non-existing token: android.os.Binder@71e326e
08-02 12:39:59.902  5994  5994 D AndroidRuntime: Shutting down VM
08-02 12:40:00.415  6012  6012 D AndroidRuntime: >>>>>> START com.android.internal.os.RuntimeInit uid 0 <<<<<<
08-02 12:40:00.418  6012  6012 D AndroidRuntime: CheckJNI is OFF
08-02 12:40:00.428  6012  6012 D ICU     : No timezone override file found: /data/misc/zoneinfo/current/icu/icu_tzdata.dat
08-02 12:40:00.447  6012  6012 E memtrack: Couldn't load memtrack module (No such file or directory)
08-02 12:40:00.447  6012  6012 E android.os.Debug: failed to load memtrack module: -2
08-02 12:40:00.450  6012  6012 I Radio-JNI: register_android_hardware_Radio DONE
08-02 12:40:00.457  6012  6012 D AndroidRuntime: Calling main entry com.android.commands.uiautomator.Launcher
08-02 12:40:01.472  6012  6012 W AccessibilityNodeInfoDumper: Fetch time: 1ms
08-02 12:40:01.473   623  1643 W WindowManager: Attempted to remove non-existing token: android.os.Binder@a4d2d0f
08-02 12:40:01.485  6012  6012 D AndroidRuntime: Shutting down VM
08-02 12:40:02.600  6035  6035 D AndroidRuntime: >>>>>> START com.android.internal.os.RuntimeInit uid 0 <<<<<<
08-02 12:40:02.601  6035  6035 D AndroidRuntime: CheckJNI is OFF
08-02 12:40:02.613  6035  6035 D ICU     : No timezone override file found: /data/misc/zoneinfo/current/icu/icu_tzdata.dat
08-02 12:40:02.629  6035  6035 E memtrack: Couldn't load memtrack module (No such file or directory)
08-02 12:40:02.629  6035  6035 E android.os.Debug: failed to load memtrack module: -2
08-02 12:40:02.630  6035  6035 I Radio-JNI: register_android_hardware_Radio DONE
08-02 12:40:02.636  6035  6035 D AndroidRuntime: Calling main entry com.android.commands.uiautomator.Launcher
08-02 12:40:03.658  6035  6035 W AccessibilityNodeInfoDumper: Fetch time: 2ms
08-02 12:40:03.658   623  1078 W WindowManager: Attempted to remove non-existing token: android.os.Binder@c1c97a5
08-02 12:40:03.673  6035  6035 D AndroidRuntime: Shutting down VM
08-02 12:40:04.190  6053  6053 D AndroidRuntime: >>>>>> START com.android.internal.os.RuntimeInit uid 0 <<<<<<
08-02 12:40:04.193  6053  6053 D AndroidRuntime: CheckJNI is OFF
08-02 12:40:04.205  6053  6053 D ICU     : No timezone override file found: /data/misc/zoneinfo/current/icu/icu_tzdata.dat
08-02 12:40:04.219  6053  6053 E memtrack: Couldn't load memtrack module (No such file or directory)
08-02 12:40:04.219  6053  6053 E android.os.Debug: failed to load memtrack module: -2
08-02 12:40:04.220  6053  6053 I Radio-JNI: register_android_hardware_Radio DONE
08-02 12:40:04.231  6053  6053 D AndroidRuntime: Calling main entry com.android.commands.uiautomator.Launcher
08-02 12:40:05.250  6053  6053 W AccessibilityNodeInfoDumper: Fetch time: 2ms
08-02 12:40:05.250   623   635 W WindowManager: Attempted to remove non-existing token: android.os.Binder@cff077a
08-02 12:40:05.266  6053  6053 D AndroidRuntime: Shutting down VM
08-02 12:40:06.460  6076  6076 D AndroidRuntime: >>>>>> START com.android.internal.os.RuntimeInit uid 0 <<<<<<
08-02 12:40:06.462  6076  6076 D AndroidRuntime: CheckJNI is OFF
08-02 12:40:06.472  6076  6076 D ICU     : No timezone override file found: /data/misc/zoneinfo/current/icu/icu_tzdata.dat
08-02 12:40:06.488  6076  6076 E memtrack: Couldn't load memtrack module (No such file or directory)
08-02 12:40:06.488  6076  6076 E android.os.Debug: failed to load memtrack module: -2
08-02 12:40:06.490  6076  6076 I Radio-JNI: register_android_hardware_Radio DONE
08-02 12:40:06.497  6076  6076 D AndroidRuntime: Calling main entry com.android.commands.uiautomator.Launcher
08-02 12:40:07.513  6076  6076 W AccessibilityNodeInfoDumper: Fetch time: 2ms
08-02 12:40:07.513   623   634 W WindowManager: Attempted to remove non-existing token: android.os.Binder@f398b2b
08-02 12:40:07.521  6076  6076 D AndroidRuntime: Shutting down VM
08-02 12:40:08.044  6094  6094 D AndroidRuntime: >>>>>> START com.android.internal.os.RuntimeInit uid 0 <<<<<<
08-02 12:40:08.047  6094  6094 D AndroidRuntime: CheckJNI is OFF
08-02 12:40:08.059  6094  6094 D ICU     : No timezone override file found: /data/misc/zoneinfo/current/icu/icu_tzdata.dat
08-02 12:40:08.074  6094  6094 E memtrack: Couldn't load memtrack module (No such file or directory)
08-02 12:40:08.074  6094  6094 E android.os.Debug: failed to load memtrack module: -2
08-02 12:40:08.076  6094  6094 I Radio-JNI: register_android_hardware_Radio DONE
08-02 12:40:08.083  6094  6094 D AndroidRuntime: Calling main entry com.android.commands.uiautomator.Launcher
08-02 12:40:09.102  6094  6094 W AccessibilityNodeInfoDumper: Fetch time: 2ms
08-02 12:40:09.103   623   635 W WindowManager: Attempted to remove non-existing token: android.os.Binder@2298b88
08-02 12:40:09.116  6094  6094 D AndroidRuntime: Shutting down VM
08-02 12:40:10.301  6119  6119 D AndroidRuntime: >>>>>> START com.android.internal.os.RuntimeInit uid 0 <<<<<<
08-02 12:40:10.303  6119  6119 D AndroidRuntime: CheckJNI is OFF
08-02 12:40:10.315  6119  6119 D ICU     : No timezone override file found: /data/misc/zoneinfo/current/icu/icu_tzdata.dat
08-02 12:40:10.330  6119  6119 E memtrack: Couldn't load memtrack module (No such file or directory)
08-02 12:40:10.331  6119  6119 E android.os.Debug: failed to load memtrack module: -2
08-02 12:40:10.332  6119  6119 I Radio-JNI: register_android_hardware_Radio DONE
08-02 12:40:10.341  6119  6119 D AndroidRuntime: Calling main entry com.android.commands.uiautomator.Launcher
08-02 12:40:11.358  6119  6119 W AccessibilityNodeInfoDumper: Fetch time: 2ms
08-02 12:40:11.358   623  1078 W WindowManager: Attempted to remove non-existing token: android.os.Binder@7640921
08-02 12:40:11.371  6119  6119 D AndroidRuntime: Shutting down VM
08-02 12:40:11.834  6138  6138 D AndroidRuntime: >>>>>> START com.android.internal.os.RuntimeInit uid 0 <<<<<<
08-02 12:40:11.836  6138  6138 D AndroidRuntime: CheckJNI is OFF
08-02 12:40:11.844  6138  6138 D ICU     : No timezone override file found: /data/misc/zoneinfo/current/icu/icu_tzdata.dat
08-02 12:40:11.855  6138  6138 E memtrack: Couldn't load memtrack module (No such file or directory)
08-02 12:40:11.855  6138  6138 E android.os.Debug: failed to load memtrack module: -2
08-02 12:40:11.855  6138  6138 I Radio-JNI: register_android_hardware_Radio DONE
08-02 12:40:11.861  6138  6138 D AndroidRuntime: Calling main entry com.android.commands.uiautomator.Launcher
08-02 12:40:12.877  6138  6138 W AccessibilityNodeInfoDumper: Fetch time: 1ms
08-02 12:40:12.877   623   635 W WindowManager: Attempted to remove non-existing token: android.os.Binder@e62146
08-02 12:40:12.884  6138  6138 D AndroidRuntime: Shutting down VM
08-02 12:40:13.324  6151  6151 D AndroidRuntime: >>>>>> START com.android.internal.os.RuntimeInit uid 0 <<<<<<
08-02 12:40:13.326  6151  6151 D AndroidRuntime: CheckJNI is OFF
08-02 12:40:13.334  6151  6151 D ICU     : No timezone override file found: /data/misc/zoneinfo/current/icu/icu_tzdata.dat
08-02 12:40:13.344  6151  6151 E memtrack: Couldn't load memtrack module (No such file or directory)
08-02 12:40:13.344  6151  6151 E android.os.Debug: failed to load memtrack module: -2
08-02 12:40:13.345  6151  6151 I Radio-JNI: register_android_hardware_Radio DONE
08-02 12:40:13.350  6151  6151 D AndroidRuntime: Calling main entry com.android.commands.input.Input
08-02 12:40:13.352  6151  6151 I Input   : injectMotionEvent: MotionEvent { action=ACTION_DOWN, actionButton=0, id[0]=0, x[0]=980.0, y[0]=448.0, toolType[0]=TOOL_TYPE_UNKNOWN, buttonState=0, metaState=0, flags=0x0, edgeFlags=0x0, pointerCount=1, historySize=0, eventTime=423394, downTime=423394, deviceId=0, source=0x1002 }
08-02 12:40:13.356  6151  6151 I Input   : injectMotionEvent: MotionEvent { action=ACTION_UP, actionButton=0, id[0]=0, x[0]=980.0, y[0]=448.0, toolType[0]=TOOL_TYPE_UNKNOWN, buttonState=0, metaState=0, flags=0x0, edgeFlags=0x0, pointerCount=1, historySize=0, eventTime=423394, downTime=423394, deviceId=0, source=0x1002 }
08-02 12:40:13.365  6151  6151 D AndroidRuntime: Shutting down VM
08-02 12:40:13.420  2017  2017 D leak-15-7: Eastern Standard Time
08-02 12:40:13.421  2017  2017 D leak-17-7: Eastern Standard Time
08-02 12:40:13.421  2017  2017 D leak-18-7: Eastern Standard Time
08-02 12:40:13.421  2017  2017 D leak-19-7: Eastern Standard Time
08-02 12:40:13.421  2017  2017 D leak-20-7: Eastern Standard Time
08-02 12:40:13.421  2017  2017 D leak-23-7: Eastern Standard Time
08-02 12:40:13.421  2017  2017 D leak-24-7: Eastern Standard Time
08-02 12:40:13.421  2017  2017 D leak-30-7: Eastern Standard Time
08-02 12:40:13.421  2017  2017 D leak-31-7: Eastern Standard Time
08-02 12:40:13.421  2017  2017 D leak-40-7: Eastern Standard Time
08-02 12:40:13.421  2017  2017 D leak-41-7: Eastern Standard Time
08-02 12:40:13.421  2017  2017 D leak-42-7: Eastern Standard Time
08-02 12:40:13.421  2017  2017 D leak-60-7: Eastern Standard Time
08-02 12:40:13.421  2017  2017 D leak-62-7: Eastern Standard Time
08-02 12:40:13.421  2017  2017 D leak-66-7: Eastern Standard Time
08-02 12:40:13.421  2017  2017 D leak-68-7: Eastern Standard Time
08-02 12:40:13.421  2017  2017 D leak-70-7: Eastern Standard Time
08-02 12:40:13.421  2017  2017 D leak-72-7: Eastern Standard Time
08-02 12:40:13.421  2017  2017 D leak-76-7: Eastern Standard Time
08-02 12:40:13.421  2017  2017 D leak-84-7: Eastern Standard Time
08-02 12:40:13.421  2017  2017 D leak-15-8: Eastern Standard Time
08-02 12:40:13.421  2017  2017 D leak-17-8: Eastern Standard Time
08-02 12:40:13.421  2017  2017 D leak-18-8: Eastern Standard Time
08-02 12:40:13.421  2017  2017 D leak-19-8: Eastern Standard Time
08-02 12:40:13.421  2017  2017 D leak-20-8: Eastern Standard Time
08-02 12:40:13.421  2017  2017 D leak-23-8: Eastern Standard Time
08-02 12:40:13.421  2017  2017 D leak-24-8: Eastern Standard Time
08-02 12:40:13.421  2017  2017 D leak-30-8: Eastern Standard Time
08-02 12:40:13.421  2017  2017 D leak-31-8: Eastern Standard Time
08-02 12:40:13.421  2017  2017 D leak-40-8: Eastern Standard Time
08-02 12:40:13.421  2017  2017 D leak-41-8: Eastern Standard Time
08-02 12:40:13.421  2017  2017 D leak-42-8: Eastern Standard Time
08-02 12:40:13.421  2017  2017 D leak-60-8: Eastern Standard Time
08-02 12:40:13.421  2017  2017 D leak-62-8: Eastern Standard Time
08-02 12:40:13.421  2017  2017 D leak-66-8: Eastern Standard Time
08-02 12:40:13.421  2017  2017 D leak-68-8: Eastern Standard Time
08-02 12:40:13.421  2017  2017 D leak-70-8: Eastern Standard Time
08-02 12:40:13.421  2017  2017 D leak-72-8: Eastern Standard Time
08-02 12:40:13.421  2017  2017 D leak-76-8: Eastern Standard Time
08-02 12:40:13.421  2017  2017 D leak-84-8: Eastern Standard Time
08-02 12:40:13.421  2017  2017 D leak-15-23: Eastern Standard Time
