--------- beginning of main
08-02 11:28:23.884  2999  2999 D AndroidRuntime: >>>>>> START com.android.internal.os.RuntimeInit uid 0 <<<<<<
08-02 11:28:23.886  2999  2999 D AndroidRuntime: CheckJNI is OFF
08-02 11:28:23.894  2999  2999 D ICU     : No timezone override file found: /data/misc/zoneinfo/current/icu/icu_tzdata.dat
08-02 11:28:23.906  2999  2999 E memtrack: Couldn't load memtrack module (No such file or directory)
08-02 11:28:23.906  2999  2999 E android.os.Debug: failed to load memtrack module: -2
08-02 11:28:23.907  2999  2999 I Radio-JNI: register_android_hardware_Radio DONE
08-02 11:28:23.917  2999  2999 D AndroidRuntime: Calling main entry com.android.commands.pm.Pm
08-02 11:28:23.924  1924  1948 I PackageManager: Package doesn't exist in get block uninstall com.oF2pks.kalturadeviceinfos
--------- beginning of system
08-02 11:28:23.925  1924  2057 W PackageManager: Package named 'com.oF2pks.kalturadeviceinfos' doesn't exist.
08-02 11:28:23.925  1924  2057 I art     : Starting a blocking GC Explicit
08-02 11:28:23.935  1924  2057 I art     : Explicit concurrent mark sweep GC freed 5648(342KB) AllocSpace objects, 3(68KB) LOS objects, 33% free, 5MB/8MB, paused 309us total 10.522ms
08-02 11:28:23.936  2999  2999 E Pm      : Failure details: Bundle[{android.content.pm.extra.STATUS=1, android.content.pm.extra.PACKAGE_NAME=com.oF2pks.kalturadeviceinfos, android.content.pm.extra.LEGACY_STATUS=-1, android.content.pm.extra.STATUS_MESSAGE=DELETE_FAILED_INTERNAL_ERROR}]
08-02 11:28:23.937  2999  2999 I art     : System.exit called, status: 1
08-02 11:28:23.937  2999  2999 I AndroidRuntime: VM exiting with result code 1.
08-02 11:28:24.493  3012  3012 D AndroidRuntime: >>>>>> START com.android.internal.os.RuntimeInit uid 0 <<<<<<
08-02 11:28:24.494  3012  3012 D AndroidRuntime: CheckJNI is OFF
08-02 11:28:24.505  3012  3012 D ICU     : No timezone override file found: /data/misc/zoneinfo/current/icu/icu_tzdata.dat
08-02 11:28:24.517  3012  3012 E memtrack: Couldn't load memtrack module (No such file or directory)
08-02 11:28:24.517  3012  3012 E android.os.Debug: failed to load memtrack module: -2
08-02 11:28:24.518  3012  3012 I Radio-JNI: register_android_hardware_Radio DONE
08-02 11:28:24.524  3012  3012 D AndroidRuntime: Calling main entry com.android.commands.pm.Pm
08-02 11:28:24.544  1924  2057 I ActivityManager: Start proc 3020:com.android.defcontainer/u0a4 for service com.android.defcontainer/.DefaultContainerService
08-02 11:28:24.571  3020  3020 E libprocessgroup: failed to make and chown /acct/uid_10004: Read-only file system
08-02 11:28:24.571  3020  3020 W Zygote  : createProcessGroup failed, kernel missing CONFIG_CGROUP_CPUACCT?
08-02 11:28:24.597  3020  3031 D DefContainer: Copying /data/local/tmp/kaltura-release-unsigned_SINK.apk to base.apk
08-02 11:28:24.676  1924  2057 I PackageManager.DexOptimizer: Running dexopt (dex2oat) on: /data/app/vmdl1439159591.tmp/base.apk pkg=com.oF2pks.kalturadeviceinfos isa=x86 vmSafeMode=false debuggable=false oatDir = /data/app/vmdl1439159591.tmp/oat
08-02 11:28:24.693  3034  3034 W dex2oat : Unexpected CPU variant for X86 using defaults: x86
08-02 11:28:24.693  3034  3034 I dex2oat : Starting dex2oat.
08-02 11:28:24.693  3034  3034 E cutils-trace: Error opening trace file: Permission denied (13)
08-02 11:28:24.788  3034  3034 W dex2oat : Before Android 4.1, method int android.support.v7.widget.DropDownListView.lookForSelectablePosition(int, boolean) would have incorrectly overridden the package-private method in android.widget.ListView
08-02 11:28:24.801  3034  3034 W dex2oat : Before Android 4.1, method int android.support.v7.widget.MenuPopupWindow$MenuDropDownListView.lookForSelectablePosition(int, boolean) would have incorrectly overridden the package-private method in android.widget.ListView
08-02 11:28:24.805  3034  3038 W dex2oat : Before Android 4.1, method android.graphics.PorterDuffColorFilter android.support.graphics.drawable.VectorDrawableCompat.updateTintFilter(android.graphics.PorterDuffColorFilter, android.content.res.ColorStateList, android.graphics.PorterDuff$Mode) would have incorrectly overridden the package-private method in android.graphics.drawable.Drawable
08-02 11:28:25.877  3034  3034 I dex2oat : dex2oat took 1.184s (threads: 4) arena alloc=11MB java alloc=3MB native alloc=22MB free=5MB
08-02 11:28:25.919  1924  2057 W PackageManager: Unknown permission com.google.android.providers.gsf.permission.READ_GSERVICES in package com.oF2pks.kalturadeviceinfos
08-02 11:28:25.934  1924  2057 V BackupManagerService: restoreAtInstall pkg=com.oF2pks.kalturadeviceinfos token=1 restoreSet=0
08-02 11:28:25.934  1924  2057 V BackupManagerService: Finishing install immediately
08-02 11:28:25.934  1924  2057 W Settings: Setting install_non_market_apps has moved from android.provider.Settings.Global to android.provider.Settings.Secure, returning read-only value.
08-02 11:28:25.935  1924  2057 I art     : Starting a blocking GC Explicit
08-02 11:28:25.944  1924  2057 I art     : Explicit concurrent mark sweep GC freed 28849(1674KB) AllocSpace objects, 9(276KB) LOS objects, 33% free, 5MB/8MB, paused 293us total 9.303ms
08-02 11:28:25.967  3012  3012 I art     : System.exit called, status: 0
08-02 11:28:25.967  3012  3012 I AndroidRuntime: VM exiting with result code 0.
08-02 11:28:25.971  1924  2072 I InputReader: Reconfiguring input devices.  changes=0x00000010
08-02 11:28:26.022  2346  2346 D CarrierServiceBindHelper: Receive action: android.intent.action.PACKAGE_ADDED
08-02 11:28:26.024  2346  2346 D CarrierServiceBindHelper: mHandler: 3
08-02 11:28:26.024  2346  2346 D CarrierConfigLoader: mHandler: 9 phoneId: 0
08-02 11:28:26.040  1924  2421 I ActivityManager: Start proc 3054:com.svox.pico/u0a50 for broadcast com.svox.pico/.VoiceDataInstallerReceiver
08-02 11:28:26.044  1924  1953 W VoiceInteractionManagerService: no available voice recognition services found for user 0
08-02 11:28:26.067  3054  3054 E libprocessgroup: failed to make and chown /acct/uid_10050: Read-only file system
08-02 11:28:26.067  3054  3054 W Zygote  : createProcessGroup failed, kernel missing CONFIG_CGROUP_CPUACCT?
08-02 11:28:26.116  1924  2473 I ActivityManager: Killing 2793:com.android.dialer/u0a5 (adj 15): empty #17
08-02 11:28:26.116  1924  2473 W libprocessgroup: failed to open /acct/uid_10005/pid_2793/cgroup.procs: No such file or directory
08-02 11:28:26.289  3062  3062 D AndroidRuntime: >>>>>> START com.android.internal.os.RuntimeInit uid 0 <<<<<<
08-02 11:28:26.291  3062  3062 D AndroidRuntime: CheckJNI is OFF
08-02 11:28:26.303  3062  3062 D ICU     : No timezone override file found: /data/misc/zoneinfo/current/icu/icu_tzdata.dat
08-02 11:28:26.318  3062  3062 E memtrack: Couldn't load memtrack module (No such file or directory)
08-02 11:28:26.318  3062  3062 E android.os.Debug: failed to load memtrack module: -2
08-02 11:28:26.320  3062  3062 I Radio-JNI: register_android_hardware_Radio DONE
08-02 11:28:26.327  3062  3062 D AndroidRuntime: Calling main entry com.android.commands.monkey.Monkey
08-02 11:28:26.341  1924  1954 W BroadcastQueue: Skipping deliver [background] BroadcastRecord{64d0a85 u-1 android.net.conn.CONNECTIVITY_CHANGE} to ReceiverList{fe030da 3062 (unknown name)/0/u-1 remote:6baecef}: process crashing
08-02 11:28:26.352  1924  2423 I ActivityManager: START u0 {act=android.intent.action.MAIN cat=[android.intent.category.LAUNCHER] flg=0x10200000 cmp=com.oF2pks.kalturadeviceinfos/.MainActivity} from uid 0 on display 0
08-02 11:28:26.372  1924  2473 I ActivityManager: Start proc 3079:com.oF2pks.kalturadeviceinfos/u0a60 for activity com.oF2pks.kalturadeviceinfos/.MainActivity
08-02 11:28:26.383  3062  3062 I art     : System.exit called, status: 0
08-02 11:28:26.383  3062  3062 I AndroidRuntime: VM exiting with result code 0.
08-02 11:28:26.431  3079  3079 E libprocessgroup: failed to make and chown /acct/uid_10060: Read-only file system
08-02 11:28:26.431  3079  3079 W Zygote  : createProcessGroup failed, kernel missing CONFIG_CGROUP_CPUACCT?
08-02 11:28:26.540  3079  3079 W System  : ClassLoader referenced unknown path: /data/app/com.oF2pks.kalturadeviceinfos-1/lib/x86
08-02 11:28:26.594  3079  3079 W art     : Before Android 4.1, method android.graphics.PorterDuffColorFilter android.support.graphics.drawable.VectorDrawableCompat.updateTintFilter(android.graphics.PorterDuffColorFilter, android.content.res.ColorStateList, android.graphics.PorterDuff$Mode) would have incorrectly overridden the package-private method in android.graphics.drawable.Drawable
08-02 11:28:26.653  3079  3079 D leak-28-1: Eastern Standard Time
08-02 11:28:26.825  3079  3090 I art     : WaitForGcToComplete blocked for 11.457ms for cause Background
08-02 11:28:26.881  3079  3093 D leak-28-11: Eastern Standard Time
08-02 11:28:26.881  3079  3093 D leak-41-11: Eastern Standard Time
08-02 11:28:26.881  3079  3093 D leak-40-0: Eastern Standard Time
08-02 11:28:27.049  3079  3093 D leak-0-0: Eastern Standard Time
08-02 11:28:27.049  3079  3093 D leak-0-1: Eastern Standard Time
08-02 11:28:27.049  3079  3093 D leak-1-1: Eastern Standard Time
08-02 11:28:27.049  3079  3093 D leak-0-10: Eastern Standard Time
08-02 11:28:27.049  3079  3093 D leak-1-10: Eastern Standard Time
08-02 11:28:27.049  3079  3093 D leak-10-10: Eastern Standard Time
08-02 11:28:27.050  3079  3093 D leak-0-9: Eastern Standard Time
08-02 11:28:27.050  3079  3093 D leak-1-9: Eastern Standard Time
08-02 11:28:27.050  3079  3093 D leak-9-9: Eastern Standard Time
08-02 11:28:27.050  3079  3093 D leak-10-9: Eastern Standard Time
08-02 11:28:27.159  3079  3093 D leak-0-12: Eastern Standard Time
08-02 11:28:27.159  3079  3093 D leak-1-12: Eastern Standard Time
08-02 11:28:27.159  3079  3093 D leak-9-12: Eastern Standard Time
08-02 11:28:27.159  3079  3093 D leak-10-12: Eastern Standard Time
08-02 11:28:27.159  3079  3093 D leak-12-12: Eastern Standard Time
08-02 11:28:27.159  3079  3093 D leak-0-17: Eastern Standard Time
08-02 11:28:27.159  3079  3093 D leak-1-17: Eastern Standard Time
08-02 11:28:27.159  3079  3093 D leak-9-17: Eastern Standard Time
08-02 11:28:27.159  3079  3093 D leak-10-17: Eastern Standard Time
08-02 11:28:27.159  3079  3093 D leak-12-17: Eastern Standard Time
08-02 11:28:27.159  3079  3093 D leak-18-17: Eastern Standard Time
08-02 11:28:27.159  3079  3093 D leak-0-18: Eastern Standard Time
08-02 11:28:27.159  3079  3093 D leak-1-18: Eastern Standard Time
08-02 11:28:27.159  3079  3093 D leak-9-18: Eastern Standard Time
08-02 11:28:27.159  3079  3093 D leak-10-18: Eastern Standard Time
08-02 11:28:27.159  3079  3093 D leak-12-18: Eastern Standard Time
08-02 11:28:27.159  3079  3093 D leak-18-18: Eastern Standard Time
08-02 11:28:27.159  3079  3093 D leak-19-18: Eastern Standard Time
08-02 11:28:27.258  3079  3095 D OpenGLRenderer: Use EGL_SWAP_BEHAVIOR_PRESERVED: true
08-02 11:28:27.348  1729  1729 E Drm     : Failed to find drm plugin
08-02 11:28:27.362  3079  3093 D leak-0-13: Eastern Standard Time
08-02 11:28:27.362  3079  3093 D leak-1-13: Eastern Standard Time
08-02 11:28:27.362  3079  3093 D leak-9-13: Eastern Standard Time
08-02 11:28:27.362  3079  3093 D leak-10-13: Eastern Standard Time
08-02 11:28:27.362  3079  3093 D leak-12-13: Eastern Standard Time
08-02 11:28:27.362  3079  3093 D leak-13-13: Eastern Standard Time
08-02 11:28:27.362  3079  3093 D leak-18-13: Eastern Standard Time
08-02 11:28:27.362  3079  3093 D leak-19-13: Eastern Standard Time
08-02 11:28:27.448  3079  3093 D leak-0-14: Eastern Standard Time
08-02 11:28:27.448  3079  3093 D leak-1-14: Eastern Standard Time
08-02 11:28:27.448  3079  3093 D leak-9-14: Eastern Standard Time
08-02 11:28:27.448  3079  3093 D leak-10-14: Eastern Standard Time
08-02 11:28:27.448  3079  3093 D leak-12-14: Eastern Standard Time
08-02 11:28:27.448  3079  3093 D leak-13-14: Eastern Standard Time
08-02 11:28:27.448  3079  3093 D leak-14-14: Eastern Standard Time
08-02 11:28:27.448  3079  3093 D leak-18-14: Eastern Standard Time
08-02 11:28:27.448  3079  3093 D leak-19-14: Eastern Standard Time
08-02 11:28:27.523  3079  3093 D leak-0-19: Eastern Standard Time
08-02 11:28:27.527  3079  3093 D leak-1-19: Eastern Standard Time
08-02 11:28:27.536  3079  3093 D leak-9-19: Eastern Standard Time
08-02 11:28:27.536  3079  3093 D leak-10-19: Eastern Standard Time
08-02 11:28:27.536  3079  3093 D leak-12-19: Eastern Standard Time
08-02 11:28:27.536  3079  3093 D leak-13-19: Eastern Standard Time
08-02 11:28:27.536  3079  3093 D leak-14-19: Eastern Standard Time
08-02 11:28:27.536  3079  3093 D leak-18-19: Eastern Standard Time
08-02 11:28:27.538  3079  3093 D leak-19-19: Eastern Standard Time
08-02 11:28:27.538  3079  3093 D leak-21-19: Eastern Standard Time
08-02 11:28:27.673  3079  3079 D         : HostConnection::get() New Host Connection established 0xe9b9f870, tid 3079
08-02 11:28:27.825  3079  3093 D leak-0-20: Eastern Standard Time
08-02 11:28:27.836  3079  3093 D leak-1-20: Eastern Standard Time
08-02 11:28:27.843  3079  3093 D leak-9-20: Eastern Standard Time
08-02 11:28:27.843  3079  3093 D leak-10-20: Eastern Standard Time
08-02 11:28:27.843  3079  3093 D leak-12-20: Eastern Standard Time
08-02 11:28:27.843  3079  3093 D leak-13-20: Eastern Standard Time
08-02 11:28:27.843  3079  3093 D leak-14-20: Eastern Standard Time
08-02 11:28:27.843  3079  3093 D leak-18-20: Eastern Standard Time
08-02 11:28:27.843  3079  3093 D leak-19-20: Eastern Standard Time
08-02 11:28:27.843  3079  3093 D leak-21-20: Eastern Standard Time
08-02 11:28:27.843  3079  3093 D leak-22-20: Eastern Standard Time
08-02 11:28:28.073  3079  3093 D leak-0-11: Eastern Standard Time
08-02 11:28:28.091  3079  3093 D leak-1-11: Eastern Standard Time
08-02 11:28:28.091  3079  3093 D leak-9-11: Eastern Standard Time
08-02 11:28:28.091  3079  3093 D leak-10-11: Eastern Standard Time
08-02 11:28:28.091  3079  3093 D leak-11-11: Eastern Standard Time
08-02 11:28:28.091  3079  3093 D leak-12-11: Eastern Standard Time
08-02 11:28:28.091  3079  3093 D leak-13-11: Eastern Standard Time
08-02 11:28:28.091  3079  3093 D leak-14-11: Eastern Standard Time
08-02 11:28:28.091  3079  3093 D leak-18-11: Eastern Standard Time
08-02 11:28:28.091  3079  3093 D leak-19-11: Eastern Standard Time
08-02 11:28:28.091  3079  3093 D leak-21-11: Eastern Standard Time
08-02 11:28:28.091  3079  3093 D leak-22-11: Eastern Standard Time
08-02 11:28:28.176  3079  3093 D leak-0-16: Eastern Standard Time
08-02 11:28:28.176  3079  3093 D leak-1-16: Eastern Standard Time
08-02 11:28:28.176  3079  3093 D leak-9-16: Eastern Standard Time
08-02 11:28:28.176  3079  3093 D leak-10-16: Eastern Standard Time
08-02 11:28:28.176  3079  3093 D leak-11-16: Eastern Standard Time
08-02 11:28:28.176  3079  3093 D leak-12-16: Eastern Standard Time
08-02 11:28:28.176  3079  3093 D leak-13-16: Eastern Standard Time
08-02 11:28:28.176  3079  3093 D leak-14-16: Eastern Standard Time
08-02 11:28:28.176  3079  3093 D leak-16-16: Eastern Standard Time
08-02 11:28:28.176  3079  3093 D leak-18-16: Eastern Standard Time
08-02 11:28:28.176  3079  3093 D leak-19-16: Eastern Standard Time
08-02 11:28:28.176  3079  3093 D leak-21-16: Eastern Standard Time
08-02 11:28:28.176  3079  3093 D leak-22-16: Eastern Standard Time
08-02 11:28:28.279  3079  3093 W AudioCapabilities: Unsupported mime audio/x-ms-wma
08-02 11:28:28.297  3079  3093 W AudioCapabilities: Unsupported mime audio/vnd.rn-realaudio
08-02 11:28:28.364  3079  3093 W AudioCapabilities: Unsupported mime audio/mpeg-L2
08-02 11:28:28.427  3079  3093 W AudioCapabilities: Unsupported mime audio/ac3
08-02 11:28:28.509  3079  3093 W AudioCapabilities: Unsupported mime audio/x-ape
08-02 11:28:28.607  3079  3093 W AudioCapabilities: Unsupported mime audio/vnd.dts
08-02 11:28:28.651  3079  3093 W AudioCapabilities: Unsupported mime audio/x-pcm
08-02 11:28:28.779  3079  3093 W AudioCapabilities: Unsupported mime audio/ffmpeg
08-02 11:28:28.846  3079  3093 W VideoCapabilities: Unsupported mime video/x-ms-wmv
08-02 11:28:28.862  3079  3093 W VideoCapabilities: Unsupported mime video/vnd.rn-realvideo
08-02 11:28:28.871  3079  3093 W VideoCapabilities: Unsupported mime video/vc1
08-02 11:28:28.875  3079  3093 W VideoCapabilities: Unsupported mime video/x-flv
08-02 11:28:28.886  3079  3093 W VideoCapabilities: Unsupported mime video/divx
08-02 11:28:28.891  3079  3093 W VideoCapabilities: Unsupported mime video/ffmpeg
08-02 11:28:29.363  1924  2421 W art     : Long monitor contention event with owner method=int com.android.server.wm.WindowManagerService.relayoutWindow(com.android.server.wm.Session, android.view.IWindow, int, android.view.WindowManager$LayoutParams, int, int, int, int, android.graphics.Rect, android.graphics.Rect, android.graphics.Rect, android.graphics.Rect, android.graphics.Rect, android.graphics.Rect, android.content.res.Configuration, android.view.Surface) from WindowManagerService.java:3103 waiters=0 for 810ms
08-02 11:28:29.471  3079  3095 D libEGL  : loaded /system/lib/egl/libEGL_emulation.so
08-02 11:28:29.474  3079  3095 D libEGL  : loaded /system/lib/egl/libGLESv1_CM_emulation.so
08-02 11:28:29.500  3079  3095 D libEGL  : loaded /system/lib/egl/libGLESv2_emulation.so
08-02 11:28:29.514  3079  3095 D         : HostConnection::get() New Host Connection established 0xe9b9fb20, tid 3095
08-02 11:28:29.791  3079  3093 I VideoCapabilities: Unsupported profile 4 for video/mp4v-es
08-02 11:28:29.886  3079  3093 D leak-17-0: Eastern Standard Time
08-02 11:28:29.886  3079  3093 D leak-17-0: Eastern Standard Time
08-02 11:28:29.886  3079  3093 D leak-17-0: Eastern Standard Time
08-02 11:28:29.886  3079  3093 D leak-17-0: Eastern Standard Time
08-02 11:28:29.886  3079  3093 D leak-17-0: Eastern Standard Time
08-02 11:28:29.886  3079  3093 D leak-17-0: Eastern Standard Time
08-02 11:28:29.886  3079  3093 D leak-17-0: Eastern Standard Time
08-02 11:28:29.886  3079  3093 D leak-17-0: Eastern Standard Time
08-02 11:28:29.886  3079  3093 D leak-17-0: Eastern Standard Time
08-02 11:28:29.886  3079  3093 D leak-17-0: Eastern Standard Time
08-02 11:28:29.886  3079  3093 D leak-17-0: Eastern Standard Time
08-02 11:28:29.886  3079  3093 D leak-17-0: Eastern Standard Time
08-02 11:28:29.886  3079  3093 D leak-17-0: Eastern Standard Time
08-02 11:28:29.886  3079  3093 D leak-17-0: Eastern Standard Time
08-02 11:28:29.886  3079  3093 D leak-17-0: Eastern Standard Time
08-02 11:28:29.886  3079  3093 D leak-17-0: Eastern Standard Time
08-02 11:28:29.886  3079  3093 D leak-17-0: Eastern Standard Time
08-02 11:28:29.886  3079  3093 D leak-17-0: Eastern Standard Time
08-02 11:28:29.886  3079  3093 D leak-17-0: Eastern Standard Time
08-02 11:28:29.887  3079  3093 D leak-17-0: Eastern Standard Time
08-02 11:28:29.887  3079  3093 D leak-17-0: Eastern Standard Time
08-02 11:28:29.887  3079  3093 D leak-17-0: Eastern Standard Time
08-02 11:28:29.887  3079  3093 D leak-17-0: Eastern Standard Time
08-02 11:28:29.887  3079  3093 D leak-17-0: Eastern Standard Time
08-02 11:28:29.887  3079  3093 D leak-17-0: Eastern Standard Time
08-02 11:28:29.887  3079  3093 D leak-17-0: Eastern Standard Time
08-02 11:28:29.887  3079  3093 D leak-17-0: Eastern Standard Time
08-02 11:28:29.887  3079  3093 D leak-17-0: Eastern Standard Time
08-02 11:28:29.887  3079  3093 D leak-17-0: Eastern Standard Time
08-02 11:28:29.887  3079  3093 D leak-17-0: Eastern Standard Time
08-02 11:28:29.887  3079  3093 D leak-17-0: Eastern Standard Time
08-02 11:28:29.887  3079  3093 D leak-17-0: Eastern Standard Time
08-02 11:28:29.887  3079  3093 D leak-17-0: Eastern Standard Time
08-02 11:28:29.887  3079  3093 D leak-17-0: Eastern Standard Time
08-02 11:28:29.887  3079  3093 D leak-17-0: Eastern Standard Time
08-02 11:28:29.887  3079  3093 D leak-17-0: Eastern Standard Time
08-02 11:28:29.887  3079  3093 D leak-17-0: Eastern Standard Time
08-02 11:28:29.887  3079  3093 D leak-17-0: Eastern Standard Time
08-02 11:28:29.887  3079  3093 D leak-17-0: Eastern Standard Time
08-02 11:28:29.887  3079  3093 D leak-17-0: Eastern Standard Time
08-02 11:28:29.887  3079  3093 D leak-17-0: Eastern Standard Time
08-02 11:28:29.887  3079  3093 D leak-17-0: Eastern Standard Time
08-02 11:28:29.887  3079  3093 D leak-17-0: Eastern Standard Time
08-02 11:28:29.887  3079  3093 D leak-17-0: Eastern Standard Time
08-02 11:28:29.887  3079  3093 D leak-17-0: Eastern Standard Time
08-02 11:28:29.887  3079  3093 D leak-17-0: Eastern Standard Time
08-02 11:28:29.887  3079  3093 D leak-17-0: Eastern Standard Time
08-02 11:28:29.887  3079  3093 D leak-17-0: Eastern Standard Time
08-02 11:28:29.887  3079  3093 D leak-17-0: Eastern Standard Time
08-02 11:28:29.887  3079  3093 D leak-17-0: Eastern Standard Time
08-02 11:28:29.887  3079  3093 D leak-17-0: Eastern Standard Time
08-02 11:28:29.887  3079  3093 D leak-17-0: Eastern Standard Time
08-02 11:28:29.887  3079  3093 D leak-17-0: Eastern Standard Time
08-02 11:28:29.887  3079  3093 D leak-17-0: Eastern Standard Time
08-02 11:28:29.887  3079  3093 D leak-17-0: Eastern Standard Time
08-02 11:28:29.887  3079  3093 D leak-17-0: Eastern Standard Time
08-02 11:28:29.887  3079  3093 D leak-17-0: Eastern Standard Time
08-02 11:28:29.887  3079  3093 D leak-17-0: Eastern Standard Time
08-02 11:28:29.887  3079  3093 D leak-17-0: Eastern Standard Time
08-02 11:28:29.887  3079  3093 D leak-17-0: Eastern Standard Time
08-02 11:28:29.888  3079  3093 D leak-17-0: Eastern Standard Time
08-02 11:28:29.888  3079  3093 D leak-17-0: Eastern Standard Time
08-02 11:28:29.888  3079  3093 D leak-17-0: Eastern Standard Time
08-02 11:28:29.888  3079  3093 D leak-17-0: Eastern Standard Time
08-02 11:28:29.888  3079  3093 D leak-17-0: Eastern Standard Time
08-02 11:28:29.888  3079  3093 D leak-17-0: Eastern Standard Time
08-02 11:28:29.888  3079  3093 D leak-17-0: Eastern Standard Time
08-02 11:28:29.888  3079  3093 D leak-17-0: Eastern Standard Time
08-02 11:28:29.888  3079  3093 D leak-17-0: Eastern Standard Time
08-02 11:28:29.888  3079  3093 D leak-17-0: Eastern Standard Time
08-02 11:28:29.888  3079  3093 D leak-17-0: Eastern Standard Time
08-02 11:28:29.888  3079  3093 D leak-17-0: Eastern Standard Time
08-02 11:28:29.888  3079  3093 D leak-17-0: Eastern Standard Time
08-02 11:28:29.888  3079  3093 D leak-17-0: Eastern Standard Time
08-02 11:28:29.888  3079  3093 D leak-17-0: Eastern Standard Time
08-02 11:28:29.888  3079  3093 D leak-17-0: Eastern Standard Time
08-02 11:28:29.888  3079  3093 D leak-17-0: Eastern Standard Time
08-02 11:28:29.889  3079  3093 D leak-17-0: Eastern Standard Time
08-02 11:28:29.889  3079  3093 D leak-17-0: Eastern Standard Time
08-02 11:28:29.889  3079  3093 D leak-17-0: Eastern Standard Time
08-02 11:28:29.889  3079  3093 D leak-17-0: Eastern Standard Time
08-02 11:28:29.889  3079  3093 D leak-17-0: Eastern Standard Time
08-02 11:28:29.889  3079  3093 D leak-17-0: Eastern Standard Time
08-02 11:28:29.889  3079  3093 D leak-17-0: Eastern Standard Time
08-02 11:28:29.889  3079  3093 D leak-17-0: Eastern Standard Time
08-02 11:28:29.889  3079  3093 D leak-17-0: Eastern Standard Time
08-02 11:28:29.889  3079  3093 D leak-17-0: Eastern Standard Time
08-02 11:28:29.889  3079  3093 D leak-17-0: Eastern Standard Time
08-02 11:28:29.889  3079  3093 D leak-17-0: Eastern Standard Time
08-02 11:28:29.889  3079  3093 D leak-17-0: Eastern Standard Time
08-02 11:28:29.889  3079  3093 D leak-17-0: Eastern Standard Time
08-02 11:28:29.889  3079  3093 D leak-17-0: Eastern Standard Time
08-02 11:28:29.889  3079  3093 D leak-17-0: Eastern Standard Time
08-02 11:28:29.889  3079  3093 D leak-17-0: Eastern Standard Time
08-02 11:28:29.889  3079  3093 D leak-17-0: Eastern Standard Time
08-02 11:28:29.889  3079  3093 D leak-17-0: Eastern Standard Time
08-02 11:28:29.889  3079  3093 D leak-17-0: Eastern Standard Time
08-02 11:28:29.889  3079  3093 D leak-17-0: Eastern Standard Time
08-02 11:28:29.889  3079  3093 D leak-17-0: Eastern Standard Time
08-02 11:28:29.889  3079  3093 D leak-17-0: Eastern Standard Time
08-02 11:28:29.889  3079  3093 D leak-17-0: Eastern Standard Time
08-02 11:28:29.889  3079  3093 D leak-17-0: Eastern Standard Time
08-02 11:28:29.889  3079  3093 D leak-17-0: Eastern Standard Time
08-02 11:28:29.889  3079  3093 D leak-17-0: Eastern Standard Time
08-02 11:28:29.889  3079  3093 D leak-17-0: Eastern Standard Time
08-02 11:28:29.889  3079  3093 D leak-17-0: Eastern Standard Time
08-02 11:28:29.889  3079  3093 D leak-17-0: Eastern Standard Time
08-02 11:28:29.889  3079  3093 D leak-17-0: Eastern Standard Time
08-02 11:28:29.889  3079  3093 D leak-17-0: Eastern Standard Time
08-02 11:28:29.889  3079  3093 D leak-17-0: Eastern Standard Time
08-02 11:28:29.889  3079  3093 D leak-17-0: Eastern Standard Time
08-02 11:28:29.889  3079  3093 D leak-17-0: Eastern Standard Time
08-02 11:28:29.889  3079  3093 D leak-17-0: Eastern Standard Time
08-02 11:28:29.889  3079  3093 D leak-17-0: Eastern Standard Time
08-02 11:28:29.889  3079  3093 D leak-17-0: Eastern Standard Time
08-02 11:28:29.889  3079  3093 D leak-17-0: Eastern Standard Time
08-02 11:28:29.889  3079  3093 D leak-17-0: Eastern Standard Time
08-02 11:28:29.889  3079  3093 D leak-17-0: Eastern Standard Time
08-02 11:28:29.889  3079  3093 D leak-17-0: Eastern Standard Time
08-02 11:28:29.889  3079  3093 D leak-17-0: Eastern Standard Time
08-02 11:28:29.889  3079  3093 D leak-17-0: Eastern Standard Time
08-02 11:28:29.889  3079  3093 D leak-17-0: Eastern Standard Time
08-02 11:28:29.889  3079  3093 D leak-17-0: Eastern Standard Time
08-02 11:28:29.889  3079  3093 D leak-17-0: Eastern Standard Time
08-02 11:28:29.889  3079  3093 D leak-17-0: Eastern Standard Time
08-02 11:28:29.889  3079  3093 D leak-17-0: Eastern Standard Time
08-02 11:28:29.889  3079  3093 D leak-17-0: Eastern Standard Time
08-02 11:28:29.889  3079  3093 D leak-17-0: Eastern Standard Time
08-02 11:28:29.889  3079  3093 D leak-17-0: Eastern Standard Time
08-02 11:28:29.889  3079  3093 D leak-17-0: Eastern Standard Time
08-02 11:28:29.889  3079  3093 D leak-17-0: Eastern Standard Time
08-02 11:28:29.889  3079  3093 D leak-17-0: Eastern Standard Time
08-02 11:28:29.889  3079  3093 D leak-17-0: Eastern Standard Time
08-02 11:28:29.889  3079  3093 D leak-17-0: Eastern Standard Time
08-02 11:28:29.889  3079  3093 D leak-17-0: Eastern Standard Time
08-02 11:28:29.890  3079  3093 D leak-17-0: Eastern Standard Time
08-02 11:28:29.890  3079  3093 D leak-17-0: Eastern Standard Time
08-02 11:28:29.890  3079  3093 D leak-17-0: Eastern Standard Time
08-02 11:28:29.890  3079  3093 D leak-17-0: Eastern Standard Time
08-02 11:28:29.890  3079  3093 D leak-17-0: Eastern Standard Time
08-02 11:28:29.890  3079  3093 D leak-17-0: Eastern Standard Time
08-02 11:28:29.890  3079  3093 D leak-0-15: Eastern Standard Time
08-02 11:28:29.890  3079  3093 D leak-1-15: Eastern Standard Time
08-02 11:28:29.890  3079  3093 D leak-9-15: Eastern Standard Time
08-02 11:28:29.890  3079  3093 D leak-10-15: Eastern Standard Time
08-02 11:28:29.890  3079  3093 D leak-11-15: Eastern Standard Time
08-02 11:28:29.890  3079  3093 D leak-12-15: Eastern Standard Time
08-02 11:28:29.890  3079  3093 D leak-13-15: Eastern Standard Time
08-02 11:28:29.890  3079  3093 D leak-14-15: Eastern Standard Time
08-02 11:28:29.890  3079  3093 D leak-15-15: Eastern Standard Time
08-02 11:28:29.890  3079  3093 D leak-16-15: Eastern Standard Time
08-02 11:28:29.890  3079  3093 D leak-18-15: Eastern Standard Time
08-02 11:28:29.890  3079  3093 D leak-19-15: Eastern Standard Time
08-02 11:28:29.890  3079  3093 D leak-21-15: Eastern Standard Time
08-02 11:28:29.890  3079  3093 D leak-22-15: Eastern Standard Time
08-02 11:28:29.890  3079  3093 D leak-0-15: Eastern Standard Time
08-02 11:28:29.890  3079  3093 D leak-1-15: Eastern Standard Time
08-02 11:28:29.890  3079  3093 D leak-9-15: Eastern Standard Time
08-02 11:28:29.890  3079  3093 D leak-10-15: Eastern Standard Time
08-02 11:28:29.890  3079  3093 D leak-11-15: Eastern Standard Time
08-02 11:28:29.890  3079  3093 D leak-12-15: Eastern Standard Time
08-02 11:28:29.890  3079  3093 D leak-13-15: Eastern Standard Time
08-02 11:28:29.890  3079  3093 D leak-14-15: Eastern Standard Time
08-02 11:28:29.890  3079  3093 D leak-15-15: Eastern Standard Time
08-02 11:28:29.890  3079  3093 D leak-16-15: Eastern Standard Time
08-02 11:28:29.890  3079  3093 D leak-18-15: Eastern Standard Time
08-02 11:28:29.890  3079  3093 D leak-19-15: Eastern Standard Time
08-02 11:28:29.890  3079  3093 D leak-21-15: Eastern Standard Time
08-02 11:28:29.890  3079  3093 D leak-22-15: Eastern Standard Time
08-02 11:28:29.890  3079  3093 D leak-0-15: Eastern Standard Time
08-02 11:28:29.890  3079  3093 D leak-1-15: Eastern Standard Time
08-02 11:28:29.890  3079  3093 D leak-9-15: Eastern Standard Time
08-02 11:28:29.890  3079  3093 D leak-10-15: Eastern Standard Time
08-02 11:28:29.890  3079  3093 D leak-11-15: Eastern Standard Time
08-02 11:28:29.890  3079  3093 D leak-12-15: Eastern Standard Time
08-02 11:28:29.890  3079  3093 D leak-13-15: Eastern Standard Time
08-02 11:28:29.890  3079  3093 D leak-14-15: Eastern Standard Time
08-02 11:28:29.890  3079  3093 D leak-15-15: Eastern Standard Time
08-02 11:28:29.890  3079  3093 D leak-16-15: Eastern Standard Time
08-02 11:28:29.890  3079  3093 D leak-18-15: Eastern Standard Time
08-02 11:28:29.890  3079  3093 D leak-19-15: Eastern Standard Time
08-02 11:28:29.890  3079  3093 D leak-21-15: Eastern Standard Time
08-02 11:28:29.890  3079  3093 D leak-22-15: Eastern Standard Time
08-02 11:28:29.890  3079  3093 D leak-0-15: Eastern Standard Time
08-02 11:28:29.890  3079  3093 D leak-1-15: Eastern Standard Time
08-02 11:28:29.890  3079  3093 D leak-9-15: Eastern Standard Time
08-02 11:28:29.890  3079  3093 D leak-10-15: Eastern Standard Time
08-02 11:28:29.890  3079  3093 D leak-11-15: Eastern Standard Time
08-02 11:28:29.890  3079  3093 D leak-12-15: Eastern Standard Time
08-02 11:28:29.890  3079  3093 D leak-13-15: Eastern Standard Time
08-02 11:28:29.890  3079  3093 D leak-14-15: Eastern Standard Time
08-02 11:28:29.890  3079  3093 D leak-15-15: Eastern Standard Time
08-02 11:28:29.890  3079  3093 D leak-16-15: Eastern Standard Time
08-02 11:28:29.890  3079  3093 D leak-18-15: Eastern Standard Time
08-02 11:28:29.890  3079  3093 D leak-19-15: Eastern Standard Time
08-02 11:28:29.890  3079  3093 D leak-21-15: Eastern Standard Time
08-02 11:28:29.890  3079  3093 D leak-22-15: Eastern Standard Time
08-02 11:28:29.890  3079  3093 D leak-0-15: Eastern Standard Time
08-02 11:28:29.890  3079  3093 D leak-1-15: Eastern Standard Time
08-02 11:28:29.890  3079  3093 D leak-9-15: Eastern Standard Time
08-02 11:28:29.890  3079  3093 D leak-10-15: Eastern Standard Time
08-02 11:28:29.890  3079  3093 D leak-11-15: Eastern Standard Time
08-02 11:28:29.890  3079  3093 D leak-12-15: Eastern Standard Time
08-02 11:28:29.890  3079  3093 D leak-13-15: Eastern Standard Time
08-02 11:28:29.890  3079  3093 D leak-14-15: Eastern Standard Time
08-02 11:28:29.890  3079  3093 D leak-15-15: Eastern Standard Time
08-02 11:28:29.890  3079  3093 D leak-16-15: Eastern Standard Time
08-02 11:28:29.890  3079  3093 D leak-18-15: Eastern Standard Time
08-02 11:28:29.890  3079  3093 D leak-19-15: Eastern Standard Time
08-02 11:28:29.890  3079  3093 D leak-21-15: Eastern Standard Time
08-02 11:28:29.890  3079  3093 D leak-22-15: Eastern Standard Time
08-02 11:28:29.890  3079  3093 D leak-0-15: Eastern Standard Time
08-02 11:28:29.890  3079  3093 D leak-1-15: Eastern Standard Time
08-02 11:28:29.890  3079  3093 D leak-9-15: Eastern Standard Time
08-02 11:28:29.890  3079  3093 D leak-10-15: Eastern Standard Time
08-02 11:28:29.890  3079  3093 D leak-11-15: Eastern Standard Time
08-02 11:28:29.890  3079  3093 D leak-12-15: Eastern Standard Time
08-02 11:28:29.890  3079  3093 D leak-13-15: Eastern Standard Time
08-02 11:28:29.890  3079  3093 D leak-14-15: Eastern Standard Time
08-02 11:28:29.890  3079  3093 D leak-15-15: Eastern Standard Time
08-02 11:28:29.890  3079  3093 D leak-16-15: Eastern Standard Time
08-02 11:28:29.890  3079  3093 D leak-18-15: Eastern Standard Time
08-02 11:28:29.890  3079  3093 D leak-19-15: Eastern Standard Time
08-02 11:28:29.890  3079  3093 D leak-21-15: Eastern Standard Time
08-02 11:28:29.890  3079  3093 D leak-22-15: Eastern Standard Time
08-02 11:28:29.890  3079  3093 D leak-0-15: Eastern Standard Time
08-02 11:28:29.890  3079  3093 D leak-1-15: Eastern Standard Time
08-02 11:28:29.895  3079  3093 D leak-1-15: Eastern Standard Time
08-02 11:28:29.895  3079  3093 D leak-9-15: Eastern Standard Time
08-02 11:28:29.895  3079  3093 D leak-10-15: Eastern Standard Time
08-02 11:28:29.895  3079  3093 D leak-11-15: Eastern Standard Time
08-02 11:28:29.895  3079  3093 D leak-12-15: Eastern Standard Time
08-02 11:28:29.895  3079  3093 D leak-13-15: Eastern Standard Time
08-02 11:28:29.895  3079  3093 D leak-14-15: Eastern Standard Time
08-02 11:28:29.895  3079  3093 D leak-15-15: Eastern Standard Time
08-02 11:28:29.895  3079  3093 D leak-16-15: Eastern Standard Time
08-02 11:28:29.895  3079  3093 D leak-18-15: Eastern Standard Time
08-02 11:28:29.895  3079  3093 D leak-19-15: Eastern Standard Time
08-02 11:28:29.895  3079  3093 D leak-21-15: Eastern Standard Time
08-02 11:28:29.895  3079  3093 D leak-22-15: Eastern Standard Time
08-02 11:28:29.895  3079  3093 D leak-0-15: Eastern Standard Time
08-02 11:28:29.895  3079  3093 D leak-1-15: Eastern Standard Time
08-02 11:28:29.895  3079  3093 D leak-9-15: Eastern Standard Time
08-02 11:28:29.895  3079  3093 D leak-10-15: Eastern Standard Time
08-02 11:28:29.895  3079  3093 D leak-11-15: Eastern Standard Time
08-02 11:28:29.895  3079  3093 D leak-12-15: Eastern Standard Time
08-02 11:28:29.895  3079  3093 D leak-13-15: Eastern Standard Time
08-02 11:28:29.895  3079  3093 D leak-14-15: Eastern Standard Time
08-02 11:28:29.895  3079  3093 D leak-15-15: Eastern Standard Time
08-02 11:28:29.895  3079  3093 D leak-16-15: Eastern Standard Time
08-02 11:28:29.895  3079  3093 D leak-18-15: Eastern Standard Time
08-02 11:28:29.895  3079  3093 D leak-19-15: Eastern Standard Time
08-02 11:28:29.895  3079  3093 D leak-21-15: Eastern Standard Time
08-02 11:28:29.895  3079  3093 D leak-22-15: Eastern Standard Time
08-02 11:28:29.895  3079  3093 D leak-0-15: Eastern Standard Time
08-02 11:28:29.895  3079  3093 D leak-1-15: Eastern Standard Time
08-02 11:28:29.895  3079  3093 D leak-9-15: Eastern Standard Time
08-02 11:28:29.895  3079  3093 D leak-10-15: Eastern Standard Time
08-02 11:28:29.895  3079  3093 D leak-11-15: Eastern Standard Time
08-02 11:28:29.895  3079  3093 D leak-12-15: Eastern Standard Time
08-02 11:28:29.895  3079  3093 D leak-13-15: Eastern Standard Time
08-02 11:28:29.895  3079  3093 D leak-14-15: Eastern Standard Time
08-02 11:28:29.895  3079  3093 D leak-15-15: Eastern Standard Time
08-02 11:28:29.895  3079  3093 D leak-16-15: Eastern Standard Time
08-02 11:28:29.895  3079  3093 D leak-18-15: Eastern Standard Time
08-02 11:28:29.895  3079  3093 D leak-19-15: Eastern Standard Time
08-02 11:28:29.895  3079  3093 D leak-21-15: Eastern Standard Time
08-02 11:28:29.895  3079  3093 D leak-22-15: Eastern Standard Time
08-02 11:28:29.895  3079  3093 D leak-0-15: Eastern Standard Time
08-02 11:28:29.895  3079  3093 D leak-1-15: Eastern Standard Time
08-02 11:28:29.895  3079  3093 D leak-9-15: Eastern Standard Time
08-02 11:28:29.895  3079  3093 D leak-10-15: Eastern Standard Time
08-02 11:28:29.895  3079  3093 D leak-11-15: Eastern Standard Time
08-02 11:28:29.895  3079  3093 D leak-12-15: Eastern Standard Time
08-02 11:28:29.895  3079  3093 D leak-13-15: Eastern Standard Time
08-02 11:28:29.895  3079  3093 D leak-14-15: Eastern Standard Time
08-02 11:28:29.895  3079  3093 D leak-15-15: Eastern Standard Time
08-02 11:28:29.895  3079  3093 D leak-16-15: Eastern Standard Time
08-02 11:28:29.895  3079  3093 D leak-18-15: Eastern Standard Time
08-02 11:28:29.895  3079  3093 D leak-19-15: Eastern Standard Time
08-02 11:28:29.895  3079  3093 D leak-21-15: Eastern Standard Time
08-02 11:28:29.895  3079  3093 D leak-22-15: Eastern Standard Time
08-02 11:28:29.895  3079  3093 D leak-0-15: Eastern Standard Time
08-02 11:28:29.895  3079  3093 D leak-1-15: Eastern Standard Time
08-02 11:28:29.895  3079  3093 D leak-9-15: Eastern Standard Time
08-02 11:28:29.895  3079  3093 D leak-10-15: Eastern Standard Time
08-02 11:28:29.895  3079  3093 D leak-11-15: Eastern Standard Time
08-02 11:28:29.895  3079  3093 D leak-12-15: Eastern Standard Time
08-02 11:28:29.895  3079  3093 D leak-13-15: Eastern Standard Time
08-02 11:28:29.895  3079  3093 D leak-14-15: Eastern Standard Time
08-02 11:28:29.895  3079  3093 D leak-15-15: Eastern Standard Time
08-02 11:28:29.895  3079  3093 D leak-16-15: Eastern Standard Time
08-02 11:28:29.895  3079  3093 D leak-18-15: Eastern Standard Time
08-02 11:28:29.895  3079  3093 D leak-19-15: Eastern Standard Time
08-02 11:28:29.895  3079  3093 D leak-21-15: Eastern Standard Time
08-02 11:28:29.895  3079  3093 D leak-22-15: Eastern Standard Time
08-02 11:28:29.895  3079  3093 D leak-0-15: Eastern Standard Time
08-02 11:28:29.895  3079  3093 D leak-1-15: Eastern Standard Time
08-02 11:28:29.895  3079  3093 D leak-9-15: Eastern Standard Time
08-02 11:28:29.895  3079  3093 D leak-10-15: Eastern Standard Time
08-02 11:28:29.895  3079  3093 D leak-11-15: Eastern Standard Time
08-02 11:28:29.896  3079  3093 D leak-12-15: Eastern Standard Time
08-02 11:28:29.896  3079  3093 D leak-13-15: Eastern Standard Time
08-02 11:28:29.896  3079  3093 D leak-14-15: Eastern Standard Time
08-02 11:28:29.896  3079  3093 D leak-15-15: Eastern Standard Time
08-02 11:28:29.896  3079  3093 D leak-16-15: Eastern Standard Time
08-02 11:28:29.896  3079  3093 D leak-18-15: Eastern Standard Time
08-02 11:28:29.896  3079  3093 D leak-19-15: Eastern Standard Time
08-02 11:28:29.896  3079  3093 D leak-21-15: Eastern Standard Time
08-02 11:28:29.896  3079  3093 D leak-22-15: Eastern Standard Time
08-02 11:28:29.918  3079  3093 D leak-0-15: Eastern Standard Time
08-02 11:28:29.918  3079  3093 D leak-1-15: Eastern Standard Time
08-02 11:28:29.918  3079  3093 D leak-9-15: Eastern Standard Time
08-02 11:28:29.918  3079  3093 D leak-10-15: Eastern Standard Time
08-02 11:28:29.918  3079  3093 D leak-11-15: Eastern Standard Time
08-02 11:28:29.918  3079  3093 D leak-12-15: Eastern Standard Time
08-02 11:28:29.918  3079  3093 D leak-13-15: Eastern Standard Time
08-02 11:28:29.918  3079  3093 D leak-14-15: Eastern Standard Time
08-02 11:28:29.918  3079  3093 D leak-15-15: Eastern Standard Time
08-02 11:28:29.918  3079  3093 D leak-16-15: Eastern Standard Time
08-02 11:28:29.918  3079  3093 D leak-18-15: Eastern Standard Time
08-02 11:28:29.918  3079  3093 D leak-19-15: Eastern Standard Time
08-02 11:28:29.918  3079  3093 D leak-21-15: Eastern Standard Time
08-02 11:28:29.918  3079  3093 D leak-22-15: Eastern Standard Time
08-02 11:28:29.918  3079  3093 D leak-0-15: Eastern Standard Time
08-02 11:28:29.918  3079  3093 D leak-1-15: Eastern Standard Time
08-02 11:28:29.918  3079  3093 D leak-9-15: Eastern Standard Time
08-02 11:28:29.918  3079  3093 D leak-10-15: Eastern Standard Time
08-02 11:28:29.918  3079  3093 D leak-11-15: Eastern Standard Time
08-02 11:28:29.918  3079  3093 D leak-12-15: Eastern Standard Time
08-02 11:28:29.918  3079  3093 D leak-13-15: Eastern Standard Time
08-02 11:28:29.918  3079  3093 D leak-14-15: Eastern Standard Time
08-02 11:28:29.918  3079  3093 D leak-15-15: Eastern Standard Time
08-02 11:28:29.918  3079  3093 D leak-16-15: Eastern Standard Time
08-02 11:28:29.918  3079  3093 D leak-18-15: Eastern Standard Time
08-02 11:28:29.918  3079  3093 D leak-19-15: Eastern Standard Time
08-02 11:28:29.918  3079  3093 D leak-21-15: Eastern Standard Time
08-02 11:28:29.918  3079  3093 D leak-22-15: Eastern Standard Time
08-02 11:28:29.918  3079  3093 D leak-0-15: Eastern Standard Time
08-02 11:28:29.918  3079  3093 D leak-1-15: Eastern Standard Time
08-02 11:28:29.918  3079  3093 D leak-9-15: Eastern Standard Time
08-02 11:28:29.918  3079  3093 D leak-10-15: Eastern Standard Time
08-02 11:28:29.918  3079  3093 D leak-11-15: Eastern Standard Time
08-02 11:28:29.918  3079  3093 D leak-12-15: Eastern Standard Time
08-02 11:28:29.918  3079  3093 D leak-13-15: Eastern Standard Time
08-02 11:28:29.918  3079  3093 D leak-14-15: Eastern Standard Time
08-02 11:28:29.918  3079  3093 D leak-15-15: Eastern Standard Time
08-02 11:28:29.918  3079  3093 D leak-16-15: Eastern Standard Time
08-02 11:28:29.918  3079  3093 D leak-18-15: Eastern Standard Time
08-02 11:28:29.918  3079  3093 D leak-19-15: Eastern Standard Time
08-02 11:28:29.918  3079  3093 D leak-21-15: Eastern Standard Time
08-02 11:28:29.918  3079  3093 D leak-22-15: Eastern Standard Time
08-02 11:28:29.918  3079  3093 D leak-0-15: Eastern Standard Time
08-02 11:28:29.919  3079  3093 D leak-1-15: Eastern Standard Time
08-02 11:28:29.919  3079  3093 D leak-9-15: Eastern Standard Time
08-02 11:28:29.919  3079  3093 D leak-10-15: Eastern Standard Time
08-02 11:28:29.919  3079  3093 D leak-11-15: Eastern Standard Time
08-02 11:28:29.919  3079  3093 D leak-12-15: Eastern Standard Time
08-02 11:28:29.919  3079  3093 D leak-13-15: Eastern Standard Time
08-02 11:28:29.919  3079  3093 D leak-14-15: Eastern Standard Time
08-02 11:28:29.919  3079  3093 D leak-15-15: Eastern Standard Time
08-02 11:28:29.919  3079  3093 D leak-16-15: Eastern Standard Time
08-02 11:28:29.919  3079  3093 D leak-18-15: Eastern Standard Time
08-02 11:28:29.919  3079  3093 D leak-19-15: Eastern Standard Time
08-02 11:28:29.919  3079  3093 D leak-21-15: Eastern Standard Time
08-02 11:28:29.919  3079  3093 D leak-22-15: Eastern Standard Time
08-02 11:28:29.919  3079  3093 D leak-0-15: Eastern Standard Time
08-02 11:28:29.919  3079  3093 D leak-1-15: Eastern Standard Time
08-02 11:28:29.919  3079  3093 D leak-9-15: Eastern Standard Time
08-02 11:28:29.925  3079  3093 D leak-10-15: Eastern Standard Time
08-02 11:28:29.926  3079  3093 D leak-11-15: Eastern Standard Time
08-02 11:28:29.926  3079  3093 D leak-12-15: Eastern Standard Time
08-02 11:28:29.926  3079  3093 D leak-13-15: Eastern Standard Time
08-02 11:28:29.926  3079  3093 D leak-14-15: Eastern Standard Time
08-02 11:28:29.926  3079  3093 D leak-15-15: Eastern Standard Time
08-02 11:28:29.926  3079  3093 D leak-16-15: Eastern Standard Time
08-02 11:28:29.926  3079  3093 D leak-18-15: Eastern Standard Time
08-02 11:28:29.926  3079  3093 D leak-19-15: Eastern Standard Time
08-02 11:28:29.926  3079  3093 D leak-21-15: Eastern Standard Time
08-02 11:28:29.926  3079  3093 D leak-22-15: Eastern Standard Time
08-02 11:28:29.926  3079  3093 D leak-0-15: Eastern Standard Time
08-02 11:28:29.926  3079  3093 D leak-1-15: Eastern Standard Time
08-02 11:28:29.926  3079  3093 D leak-9-15: Eastern Standard Time
08-02 11:28:29.926  3079  3093 D leak-10-15: Eastern Standard Time
08-02 11:28:29.926  3079  3093 D leak-11-15: Eastern Standard Time
08-02 11:28:29.926  3079  3093 D leak-12-15: Eastern Standard Time
08-02 11:28:29.926  3079  3093 D leak-13-15: Eastern Standard Time
08-02 11:28:29.926  3079  3093 D leak-14-15: Eastern Standard Time
08-02 11:28:29.926  3079  3093 D leak-15-15: Eastern Standard Time
08-02 11:28:29.926  3079  3093 D leak-16-15: Eastern Standard Time
08-02 11:28:29.926  3079  3093 D leak-18-15: Eastern Standard Time
08-02 11:28:29.926  3079  3093 D leak-19-15: Eastern Standard Time
08-02 11:28:29.926  3079  3093 D leak-21-15: Eastern Standard Time
08-02 11:28:29.926  3079  3093 D leak-22-15: Eastern Standard Time
08-02 11:28:29.926  3079  3093 D leak-0-15: Eastern Standard Time
08-02 11:28:29.926  3079  3093 D leak-1-15: Eastern Standard Time
08-02 11:28:29.926  3079  3093 D leak-9-15: Eastern Standard Time
08-02 11:28:29.926  3079  3093 D leak-10-15: Eastern Standard Time
08-02 11:28:29.926  3079  3093 D leak-11-15: Eastern Standard Time
08-02 11:28:29.926  3079  3093 D leak-12-15: Eastern Standard Time
08-02 11:28:29.926  3079  3093 D leak-13-15: Eastern Standard Time
08-02 11:28:29.926  3079  3093 D leak-14-15: Eastern Standard Time
08-02 11:28:29.926  3079  3093 D leak-15-15: Eastern Standard Time
08-02 11:28:29.926  3079  3093 D leak-16-15: Eastern Standard Time
08-02 11:28:29.926  3079  3093 D leak-18-15: Eastern Standard Time
08-02 11:28:29.926  3079  3093 D leak-19-15: Eastern Standard Time
08-02 11:28:29.926  3079  3093 D leak-21-15: Eastern Standard Time
08-02 11:28:29.926  3079  3093 D leak-22-15: Eastern Standard Time
08-02 11:28:29.926  3079  3093 D leak-0-15: Eastern Standard Time
08-02 11:28:29.926  3079  3093 D leak-1-15: Eastern Standard Time
08-02 11:28:29.926  3079  3093 D leak-9-15: Eastern Standard Time
08-02 11:28:29.926  3079  3093 D leak-10-15: Eastern Standard Time
08-02 11:28:29.926  3079  3093 D leak-11-15: Eastern Standard Time
08-02 11:28:29.932  3079  3093 D leak-12-15: Eastern Standard Time
08-02 11:28:29.932  3079  3093 D leak-13-15: Eastern Standard Time
08-02 11:28:29.932  3079  3093 D leak-14-15: Eastern Standard Time
08-02 11:28:29.932  3079  3093 D leak-15-15: Eastern Standard Time
08-02 11:28:29.932  3079  3093 D leak-16-15: Eastern Standard Time
08-02 11:28:29.942  3079  3093 D leak-18-15: Eastern Standard Time
08-02 11:28:29.942  3079  3093 D leak-19-15: Eastern Standard Time
08-02 11:28:29.942  3079  3093 D leak-21-15: Eastern Standard Time
08-02 11:28:29.942  3079  3093 D leak-22-15: Eastern Standard Time
08-02 11:28:29.943  3079  3093 D leak-0-15: Eastern Standard Time
08-02 11:28:29.943  3079  3093 D leak-1-15: Eastern Standard Time
08-02 11:28:29.943  3079  3093 D leak-9-15: Eastern Standard Time
08-02 11:28:29.943  3079  3093 D leak-10-15: Eastern Standard Time
08-02 11:28:29.943  3079  3093 D leak-11-15: Eastern Standard Time
08-02 11:28:29.943  3079  3093 D leak-12-15: Eastern Standard Time
08-02 11:28:29.943  3079  3093 D leak-13-15: Eastern Standard Time
08-02 11:28:29.943  3079  3093 D leak-14-15: Eastern Standard Time
08-02 11:28:29.948  3079  3093 D leak-15-15: Eastern Standard Time
08-02 11:28:29.949  3079  3093 D leak-16-15: Eastern Standard Time
08-02 11:28:29.949  3079  3093 D leak-18-15: Eastern Standard Time
08-02 11:28:29.949  3079  3093 D leak-19-15: Eastern Standard Time
08-02 11:28:29.949  3079  3093 D leak-21-15: Eastern Standard Time
08-02 11:28:29.949  3079  3093 D leak-22-15: Eastern Standard Time
08-02 11:28:29.949  3079  3093 D leak-0-15: Eastern Standard Time
08-02 11:28:29.949  3079  3093 D leak-1-15: Eastern Standard Time
08-02 11:28:29.969  3079  3093 D leak-9-15: Eastern Standard Time
08-02 11:28:29.969  3079  3093 D leak-10-15: Eastern Standard Time
08-02 11:28:29.969  3079  3093 D leak-11-15: Eastern Standard Time
08-02 11:28:29.969  3079  3093 D leak-12-15: Eastern Standard Time
08-02 11:28:29.969  3079  3093 D leak-13-15: Eastern Standard Time
08-02 11:28:29.969  3079  3093 D leak-14-15: Eastern Standard Time
08-02 11:28:29.969  3079  3093 D leak-15-15: Eastern Standard Time
08-02 11:28:29.969  3079  3093 D leak-16-15: Eastern Standard Time
08-02 11:28:29.969  3079  3093 D leak-18-15: Eastern Standard Time
08-02 11:28:29.969  3079  3093 D leak-19-15: Eastern Standard Time
08-02 11:28:29.969  3079  3093 D leak-21-15: Eastern Standard Time
08-02 11:28:29.969  3079  3093 D leak-22-15: Eastern Standard Time
08-02 11:28:29.969  3079  3093 D leak-0-15: Eastern Standard Time
08-02 11:28:29.969  3079  3093 D leak-1-15: Eastern Standard Time
08-02 11:28:29.969  3079  3093 D leak-9-15: Eastern Standard Time
08-02 11:28:29.969  3079  3093 D leak-10-15: Eastern Standard Time
08-02 11:28:29.969  3079  3093 D leak-11-15: Eastern Standard Time
08-02 11:28:29.969  3079  3093 D leak-12-15: Eastern Standard Time
08-02 11:28:29.969  3079  3093 D leak-13-15: Eastern Standard Time
08-02 11:28:29.969  3079  3093 D leak-14-15: Eastern Standard Time
08-02 11:28:29.969  3079  3093 D leak-15-15: Eastern Standard Time
08-02 11:28:29.969  3079  3093 D leak-16-15: Eastern Standard Time
08-02 11:28:29.969  3079  3093 D leak-18-15: Eastern Standard Time
08-02 11:28:29.969  3079  3093 D leak-19-15: Eastern Standard Time
08-02 11:28:29.969  3079  3093 D leak-21-15: Eastern Standard Time
08-02 11:28:29.969  3079  3093 D leak-22-15: Eastern Standard Time
08-02 11:28:29.969  3079  3093 D leak-0-15: Eastern Standard Time
08-02 11:28:29.969  3079  3093 D leak-1-15: Eastern Standard Time
08-02 11:28:29.969  3079  3093 D leak-9-15: Eastern Standard Time
08-02 11:28:29.969  3079  3093 D leak-10-15: Eastern Standard Time
08-02 11:28:29.969  3079  3093 D leak-11-15: Eastern Standard Time
08-02 11:28:29.969  3079  3093 D leak-12-15: Eastern Standard Time
08-02 11:28:29.969  3079  3093 D leak-13-15: Eastern Standard Time
08-02 11:28:29.969  3079  3093 D leak-14-15: Eastern Standard Time
08-02 11:28:29.969  3079  3093 D leak-15-15: Eastern Standard Time
08-02 11:28:29.969  3079  3093 D leak-16-15: Eastern Standard Time
08-02 11:28:29.969  3079  3093 D leak-18-15: Eastern Standard Time
08-02 11:28:29.969  3079  3093 D leak-19-15: Eastern Standard Time
08-02 11:28:29.969  3079  3093 D leak-21-15: Eastern Standard Time
08-02 11:28:29.969  3079  3093 D leak-22-15: Eastern Standard Time
08-02 11:28:29.969  3079  3093 D leak-0-15: Eastern Standard Time
08-02 11:28:29.969  3079  3093 D leak-1-15: Eastern Standard Time
08-02 11:28:29.969  3079  3093 D leak-9-15: Eastern Standard Time
08-02 11:28:29.969  3079  3093 D leak-10-15: Eastern Standard Time
08-02 11:28:29.969  3079  3093 D leak-11-15: Eastern Standard Time
08-02 11:28:29.969  3079  3093 D leak-12-15: Eastern Standard Time
08-02 11:28:29.969  3079  3093 D leak-13-15: Eastern Standard Time
08-02 11:28:29.969  3079  3093 D leak-14-15: Eastern Standard Time
08-02 11:28:29.969  3079  3093 D leak-15-15: Eastern Standard Time
08-02 11:28:29.969  3079  3093 D leak-16-15: Eastern Standard Time
08-02 11:28:29.969  3079  3093 D leak-18-15: Eastern Standard Time
