08-02 11:31:17.538  6316  6330 D leak-0-12: Eastern Standard Time
08-02 11:31:17.542  6316  6330 D leak-1-12: Eastern Standard Time
08-02 11:31:17.542  6316  6330 D leak-9-12: Eastern Standard Time
08-02 11:31:17.542  6316  6330 D leak-10-12: Eastern Standard Time
08-02 11:31:17.542  6316  6330 D leak-12-12: Eastern Standard Time
08-02 11:31:17.543  6316  6330 D leak-0-17: Eastern Standard Time
08-02 11:31:17.543  6316  6330 D leak-1-17: Eastern Standard Time
08-02 11:31:17.543  6316  6330 D leak-9-17: Eastern Standard Time
08-02 11:31:17.543  6316  6330 D leak-10-17: Eastern Standard Time
08-02 11:31:17.543  6316  6330 D leak-12-17: Eastern Standard Time
08-02 11:31:17.543  6316  6330 D leak-18-17: Eastern Standard Time
08-02 11:31:17.543  6316  6330 D leak-0-18: Eastern Standard Time
08-02 11:31:17.543  6316  6330 D leak-1-18: Eastern Standard Time
08-02 11:31:17.543  6316  6330 D leak-9-18: Eastern Standard Time
08-02 11:31:17.543  6316  6330 D leak-10-18: Eastern Standard Time
08-02 11:31:17.543  6316  6330 D leak-12-18: Eastern Standard Time
08-02 11:31:17.543  6316  6330 D leak-18-18: Eastern Standard Time
08-02 11:31:17.543  6316  6330 D leak-19-18: Eastern Standard Time
08-02 11:31:17.587  1729  2096 E Drm     : Failed to find drm plugin
08-02 11:31:17.598  6316  6330 D leak-0-13: Eastern Standard Time
08-02 11:31:17.598  6316  6330 D leak-1-13: Eastern Standard Time
08-02 11:31:17.599  6316  6330 D leak-9-13: Eastern Standard Time
08-02 11:31:17.599  6316  6330 D leak-10-13: Eastern Standard Time
08-02 11:31:17.599  6316  6330 D leak-12-13: Eastern Standard Time
08-02 11:31:17.599  6316  6330 D leak-13-13: Eastern Standard Time
08-02 11:31:17.599  6316  6330 D leak-18-13: Eastern Standard Time
08-02 11:31:17.599  6316  6330 D leak-19-13: Eastern Standard Time
08-02 11:31:17.697  6316  6330 D leak-0-14: Eastern Standard Time
08-02 11:31:17.697  6316  6330 D leak-1-14: Eastern Standard Time
08-02 11:31:17.697  6316  6330 D leak-9-14: Eastern Standard Time
08-02 11:31:17.697  6316  6330 D leak-10-14: Eastern Standard Time
08-02 11:31:17.697  6316  6330 D leak-12-14: Eastern Standard Time
08-02 11:31:17.697  6316  6330 D leak-13-14: Eastern Standard Time
08-02 11:31:17.697  6316  6330 D leak-14-14: Eastern Standard Time
08-02 11:31:17.697  6316  6330 D leak-18-14: Eastern Standard Time
08-02 11:31:17.697  6316  6330 D leak-19-14: Eastern Standard Time
08-02 11:31:17.707  6316  6333 D OpenGLRenderer: Use EGL_SWAP_BEHAVIOR_PRESERVED: true
08-02 11:31:17.725  6316  6330 D leak-0-19: Eastern Standard Time
08-02 11:31:17.737  6316  6330 D leak-1-19: Eastern Standard Time
08-02 11:31:17.737  6316  6330 D leak-9-19: Eastern Standard Time
08-02 11:31:17.737  6316  6330 D leak-10-19: Eastern Standard Time
08-02 11:31:17.737  6316  6330 D leak-12-19: Eastern Standard Time
08-02 11:31:17.737  6316  6330 D leak-13-19: Eastern Standard Time
08-02 11:31:17.737  6316  6330 D leak-14-19: Eastern Standard Time
08-02 11:31:17.737  6316  6330 D leak-18-19: Eastern Standard Time
08-02 11:31:17.737  6316  6330 D leak-19-19: Eastern Standard Time
08-02 11:31:17.737  6316  6330 D leak-21-19: Eastern Standard Time
08-02 11:31:17.871  6316  6316 D         : HostConnection::get() New Host Connection established 0xe9b9f7f0, tid 6316
08-02 11:31:18.062  6316  6330 D leak-0-20: Eastern Standard Time
08-02 11:31:18.063  6316  6330 D leak-1-20: Eastern Standard Time
08-02 11:31:18.063  6316  6330 D leak-9-20: Eastern Standard Time
08-02 11:31:18.063  6316  6330 D leak-10-20: Eastern Standard Time
08-02 11:31:18.063  6316  6330 D leak-12-20: Eastern Standard Time
08-02 11:31:18.063  6316  6330 D leak-13-20: Eastern Standard Time
08-02 11:31:18.063  6316  6330 D leak-14-20: Eastern Standard Time
08-02 11:31:18.063  6316  6330 D leak-18-20: Eastern Standard Time
08-02 11:31:18.063  6316  6330 D leak-19-20: Eastern Standard Time
08-02 11:31:18.063  6316  6330 D leak-21-20: Eastern Standard Time
08-02 11:31:18.063  6316  6330 D leak-22-20: Eastern Standard Time
08-02 11:31:18.231  6316  6330 D leak-0-11: Eastern Standard Time
08-02 11:31:18.238  6316  6330 D leak-1-11: Eastern Standard Time
08-02 11:31:18.238  6316  6330 D leak-9-11: Eastern Standard Time
08-02 11:31:18.238  6316  6330 D leak-10-11: Eastern Standard Time
08-02 11:31:18.238  6316  6330 D leak-11-11: Eastern Standard Time
08-02 11:31:18.238  6316  6330 D leak-12-11: Eastern Standard Time
08-02 11:31:18.238  6316  6330 D leak-13-11: Eastern Standard Time
08-02 11:31:18.238  6316  6330 D leak-14-11: Eastern Standard Time
08-02 11:31:18.239  6316  6330 D leak-18-11: Eastern Standard Time
08-02 11:31:18.239  6316  6330 D leak-19-11: Eastern Standard Time
08-02 11:31:18.239  6316  6330 D leak-21-11: Eastern Standard Time
08-02 11:31:18.239  6316  6330 D leak-22-11: Eastern Standard Time
08-02 11:31:18.315  6316  6330 D leak-0-16: Eastern Standard Time
08-02 11:31:18.321  6316  6330 D leak-1-16: Eastern Standard Time
08-02 11:31:18.321  6316  6330 D leak-9-16: Eastern Standard Time
08-02 11:31:18.322  6316  6330 D leak-10-16: Eastern Standard Time
08-02 11:31:18.322  6316  6330 D leak-11-16: Eastern Standard Time
08-02 11:31:18.322  6316  6330 D leak-12-16: Eastern Standard Time
08-02 11:31:18.322  6316  6330 D leak-13-16: Eastern Standard Time
08-02 11:31:18.322  6316  6330 D leak-14-16: Eastern Standard Time
08-02 11:31:18.322  6316  6330 D leak-16-16: Eastern Standard Time
08-02 11:31:18.322  6316  6330 D leak-18-16: Eastern Standard Time
08-02 11:31:18.322  6316  6330 D leak-19-16: Eastern Standard Time
08-02 11:31:18.322  6316  6330 D leak-21-16: Eastern Standard Time
08-02 11:31:18.322  6316  6330 D leak-22-16: Eastern Standard Time
08-02 11:31:18.377  6316  6330 W AudioCapabilities: Unsupported mime audio/x-ms-wma
08-02 11:31:18.527  6316  6330 W AudioCapabilities: Unsupported mime audio/vnd.rn-realaudio
08-02 11:31:18.609  6316  6330 W AudioCapabilities: Unsupported mime audio/mpeg-L2
08-02 11:31:18.643  6316  6330 W AudioCapabilities: Unsupported mime audio/ac3
08-02 11:31:18.674  6316  6330 W AudioCapabilities: Unsupported mime audio/x-ape
08-02 11:31:18.719  6316  6330 W AudioCapabilities: Unsupported mime audio/vnd.dts
08-02 11:31:18.730  6316  6330 W AudioCapabilities: Unsupported mime audio/x-pcm
08-02 11:31:18.803  6316  6330 W AudioCapabilities: Unsupported mime audio/ffmpeg
08-02 11:31:18.862  6316  6330 W VideoCapabilities: Unsupported mime video/x-ms-wmv
08-02 11:31:18.928  6316  6330 W VideoCapabilities: Unsupported mime video/vnd.rn-realvideo
08-02 11:31:18.978  6316  6330 W VideoCapabilities: Unsupported mime video/vc1
08-02 11:31:19.011  6316  6330 W VideoCapabilities: Unsupported mime video/x-flv
08-02 11:31:19.033  6316  6330 W VideoCapabilities: Unsupported mime video/divx
08-02 11:31:19.063  6316  6330 W VideoCapabilities: Unsupported mime video/ffmpeg
08-02 11:31:19.574  6316  6330 I VideoCapabilities: Unsupported profile 4 for video/mp4v-es
08-02 11:31:19.714  6316  6330 D leak-17-0: Eastern Standard Time
08-02 11:31:19.714  6316  6330 D leak-17-0: Eastern Standard Time
08-02 11:31:19.714  6316  6330 D leak-17-0: Eastern Standard Time
08-02 11:31:19.714  6316  6330 D leak-17-0: Eastern Standard Time
08-02 11:31:19.714  6316  6330 D leak-17-0: Eastern Standard Time
08-02 11:31:19.714  6316  6330 D leak-17-0: Eastern Standard Time
08-02 11:31:19.714  6316  6330 D leak-17-0: Eastern Standard Time
08-02 11:31:19.715  6316  6330 D leak-17-0: Eastern Standard Time
08-02 11:31:19.715  6316  6330 D leak-17-0: Eastern Standard Time
08-02 11:31:19.715  6316  6330 D leak-17-0: Eastern Standard Time
08-02 11:31:19.715  6316  6330 D leak-17-0: Eastern Standard Time
08-02 11:31:19.715  6316  6330 D leak-17-0: Eastern Standard Time
08-02 11:31:19.715  6316  6330 D leak-17-0: Eastern Standard Time
08-02 11:31:19.715  6316  6330 D leak-17-0: Eastern Standard Time
08-02 11:31:19.715  6316  6330 D leak-17-0: Eastern Standard Time
08-02 11:31:19.715  6316  6330 D leak-17-0: Eastern Standard Time
08-02 11:31:19.715  6316  6330 D leak-17-0: Eastern Standard Time
08-02 11:31:19.715  6316  6330 D leak-17-0: Eastern Standard Time
08-02 11:31:19.715  6316  6330 D leak-17-0: Eastern Standard Time
08-02 11:31:19.715  6316  6330 D leak-17-0: Eastern Standard Time
08-02 11:31:19.715  6316  6330 D leak-17-0: Eastern Standard Time
08-02 11:31:19.715  6316  6330 D leak-17-0: Eastern Standard Time
08-02 11:31:19.715  6316  6330 D leak-17-0: Eastern Standard Time
08-02 11:31:19.715  6316  6330 D leak-17-0: Eastern Standard Time
08-02 11:31:19.715  6316  6330 D leak-17-0: Eastern Standard Time
08-02 11:31:19.715  6316  6330 D leak-17-0: Eastern Standard Time
08-02 11:31:19.715  6316  6330 D leak-17-0: Eastern Standard Time
08-02 11:31:19.715  6316  6330 D leak-17-0: Eastern Standard Time
08-02 11:31:19.715  6316  6330 D leak-17-0: Eastern Standard Time
08-02 11:31:19.715  6316  6330 D leak-17-0: Eastern Standard Time
08-02 11:31:19.715  6316  6330 D leak-17-0: Eastern Standard Time
08-02 11:31:19.715  6316  6330 D leak-17-0: Eastern Standard Time
08-02 11:31:19.715  6316  6330 D leak-17-0: Eastern Standard Time
08-02 11:31:19.715  6316  6330 D leak-17-0: Eastern Standard Time
08-02 11:31:19.715  6316  6330 D leak-17-0: Eastern Standard Time
08-02 11:31:19.715  6316  6330 D leak-17-0: Eastern Standard Time
08-02 11:31:19.715  6316  6330 D leak-17-0: Eastern Standard Time
08-02 11:31:19.715  6316  6330 D leak-17-0: Eastern Standard Time
08-02 11:31:19.715  6316  6330 D leak-17-0: Eastern Standard Time
08-02 11:31:19.715  6316  6330 D leak-17-0: Eastern Standard Time
08-02 11:31:19.715  6316  6330 D leak-17-0: Eastern Standard Time
08-02 11:31:19.715  6316  6330 D leak-17-0: Eastern Standard Time
08-02 11:31:19.715  6316  6330 D leak-17-0: Eastern Standard Time
08-02 11:31:19.715  6316  6330 D leak-17-0: Eastern Standard Time
08-02 11:31:19.715  6316  6330 D leak-17-0: Eastern Standard Time
08-02 11:31:19.715  6316  6330 D leak-17-0: Eastern Standard Time
08-02 11:31:19.715  6316  6330 D leak-17-0: Eastern Standard Time
08-02 11:31:19.715  6316  6330 D leak-17-0: Eastern Standard Time
08-02 11:31:19.715  6316  6330 D leak-17-0: Eastern Standard Time
08-02 11:31:19.715  6316  6330 D leak-17-0: Eastern Standard Time
08-02 11:31:19.715  6316  6330 D leak-17-0: Eastern Standard Time
08-02 11:31:19.715  6316  6330 D leak-17-0: Eastern Standard Time
08-02 11:31:19.715  6316  6330 D leak-17-0: Eastern Standard Time
08-02 11:31:19.715  6316  6330 D leak-17-0: Eastern Standard Time
08-02 11:31:19.715  6316  6330 D leak-17-0: Eastern Standard Time
08-02 11:31:19.715  6316  6330 D leak-17-0: Eastern Standard Time
08-02 11:31:19.715  6316  6330 D leak-17-0: Eastern Standard Time
08-02 11:31:19.715  6316  6330 D leak-17-0: Eastern Standard Time
08-02 11:31:19.715  6316  6330 D leak-17-0: Eastern Standard Time
08-02 11:31:19.715  6316  6330 D leak-17-0: Eastern Standard Time
08-02 11:31:19.715  6316  6330 D leak-17-0: Eastern Standard Time
08-02 11:31:19.715  6316  6330 D leak-17-0: Eastern Standard Time
08-02 11:31:19.715  6316  6330 D leak-17-0: Eastern Standard Time
08-02 11:31:19.716  6316  6330 D leak-17-0: Eastern Standard Time
08-02 11:31:19.716  6316  6330 D leak-17-0: Eastern Standard Time
08-02 11:31:19.716  6316  6330 D leak-17-0: Eastern Standard Time
08-02 11:31:19.719  6316  6330 D leak-17-0: Eastern Standard Time
08-02 11:31:19.724  6316  6330 D leak-17-0: Eastern Standard Time
08-02 11:31:19.724  6316  6330 D leak-17-0: Eastern Standard Time
08-02 11:31:19.724  6316  6330 D leak-17-0: Eastern Standard Time
08-02 11:31:19.724  6316  6330 D leak-17-0: Eastern Standard Time
08-02 11:31:19.725  6316  6330 D leak-17-0: Eastern Standard Time
08-02 11:31:19.725  6316  6330 D leak-17-0: Eastern Standard Time
08-02 11:31:19.725  6316  6330 D leak-17-0: Eastern Standard Time
08-02 11:31:19.725  6316  6330 D leak-17-0: Eastern Standard Time
08-02 11:31:19.725  6316  6330 D leak-17-0: Eastern Standard Time
08-02 11:31:19.725  6316  6330 D leak-17-0: Eastern Standard Time
08-02 11:31:19.725  6316  6330 D leak-17-0: Eastern Standard Time
08-02 11:31:19.725  6316  6330 D leak-17-0: Eastern Standard Time
08-02 11:31:19.725  6316  6330 D leak-17-0: Eastern Standard Time
08-02 11:31:19.725  6316  6330 D leak-17-0: Eastern Standard Time
08-02 11:31:19.725  6316  6330 D leak-17-0: Eastern Standard Time
08-02 11:31:19.725  6316  6330 D leak-17-0: Eastern Standard Time
08-02 11:31:19.725  6316  6330 D leak-17-0: Eastern Standard Time
08-02 11:31:19.725  6316  6330 D leak-17-0: Eastern Standard Time
08-02 11:31:19.725  6316  6330 D leak-17-0: Eastern Standard Time
08-02 11:31:19.725  6316  6330 D leak-17-0: Eastern Standard Time
08-02 11:31:19.725  6316  6330 D leak-17-0: Eastern Standard Time
08-02 11:31:19.725  6316  6330 D leak-17-0: Eastern Standard Time
08-02 11:31:19.725  6316  6330 D leak-17-0: Eastern Standard Time
08-02 11:31:19.725  6316  6330 D leak-17-0: Eastern Standard Time
08-02 11:31:19.725  6316  6330 D leak-17-0: Eastern Standard Time
08-02 11:31:19.725  6316  6330 D leak-17-0: Eastern Standard Time
08-02 11:31:19.725  6316  6330 D leak-17-0: Eastern Standard Time
08-02 11:31:19.725  6316  6330 D leak-17-0: Eastern Standard Time
08-02 11:31:19.725  6316  6330 D leak-17-0: Eastern Standard Time
08-02 11:31:19.725  6316  6330 D leak-17-0: Eastern Standard Time
08-02 11:31:19.725  6316  6330 D leak-17-0: Eastern Standard Time
08-02 11:31:19.725  6316  6330 D leak-17-0: Eastern Standard Time
08-02 11:31:19.725  6316  6330 D leak-17-0: Eastern Standard Time
08-02 11:31:19.725  6316  6330 D leak-17-0: Eastern Standard Time
08-02 11:31:19.725  6316  6330 D leak-17-0: Eastern Standard Time
08-02 11:31:19.725  6316  6330 D leak-17-0: Eastern Standard Time
08-02 11:31:19.725  6316  6330 D leak-17-0: Eastern Standard Time
08-02 11:31:19.725  6316  6330 D leak-17-0: Eastern Standard Time
08-02 11:31:19.725  6316  6330 D leak-17-0: Eastern Standard Time
08-02 11:31:19.725  6316  6330 D leak-17-0: Eastern Standard Time
08-02 11:31:19.725  6316  6330 D leak-17-0: Eastern Standard Time
08-02 11:31:19.725  6316  6330 D leak-17-0: Eastern Standard Time
08-02 11:31:19.725  6316  6330 D leak-17-0: Eastern Standard Time
08-02 11:31:19.725  6316  6330 D leak-17-0: Eastern Standard Time
08-02 11:31:19.725  6316  6330 D leak-17-0: Eastern Standard Time
08-02 11:31:19.725  6316  6330 D leak-17-0: Eastern Standard Time
08-02 11:31:19.725  6316  6330 D leak-17-0: Eastern Standard Time
08-02 11:31:19.725  6316  6330 D leak-17-0: Eastern Standard Time
08-02 11:31:19.725  6316  6330 D leak-17-0: Eastern Standard Time
08-02 11:31:19.725  6316  6330 D leak-17-0: Eastern Standard Time
08-02 11:31:19.725  6316  6330 D leak-17-0: Eastern Standard Time
08-02 11:31:19.725  6316  6330 D leak-17-0: Eastern Standard Time
08-02 11:31:19.725  6316  6330 D leak-17-0: Eastern Standard Time
08-02 11:31:19.725  6316  6330 D leak-17-0: Eastern Standard Time
08-02 11:31:19.725  6316  6330 D leak-17-0: Eastern Standard Time
08-02 11:31:19.725  6316  6330 D leak-17-0: Eastern Standard Time
08-02 11:31:19.725  6316  6330 D leak-17-0: Eastern Standard Time
08-02 11:31:19.726  6316  6330 D leak-17-0: Eastern Standard Time
08-02 11:31:19.726  6316  6330 D leak-17-0: Eastern Standard Time
08-02 11:31:19.726  6316  6330 D leak-17-0: Eastern Standard Time
08-02 11:31:19.726  6316  6330 D leak-17-0: Eastern Standard Time
08-02 11:31:19.726  6316  6330 D leak-17-0: Eastern Standard Time
08-02 11:31:19.726  6316  6330 D leak-17-0: Eastern Standard Time
08-02 11:31:19.726  6316  6330 D leak-17-0: Eastern Standard Time
08-02 11:31:19.726  6316  6330 D leak-17-0: Eastern Standard Time
08-02 11:31:19.726  6316  6330 D leak-17-0: Eastern Standard Time
08-02 11:31:19.726  6316  6330 D leak-17-0: Eastern Standard Time
08-02 11:31:19.726  6316  6330 D leak-17-0: Eastern Standard Time
08-02 11:31:19.726  6316  6330 D leak-17-0: Eastern Standard Time
08-02 11:31:19.726  6316  6330 D leak-17-0: Eastern Standard Time
08-02 11:31:19.726  6316  6330 D leak-17-0: Eastern Standard Time
08-02 11:31:19.726  6316  6330 D leak-17-0: Eastern Standard Time
08-02 11:31:19.726  6316  6330 D leak-17-0: Eastern Standard Time
08-02 11:31:19.726  6316  6330 D leak-17-0: Eastern Standard Time
08-02 11:31:19.726  6316  6330 D leak-0-15: Eastern Standard Time
08-02 11:31:19.726  6316  6330 D leak-1-15: Eastern Standard Time
08-02 11:31:19.726  6316  6330 D leak-9-15: Eastern Standard Time
08-02 11:31:19.726  6316  6330 D leak-10-15: Eastern Standard Time
08-02 11:31:19.726  6316  6330 D leak-11-15: Eastern Standard Time
08-02 11:31:19.726  6316  6330 D leak-12-15: Eastern Standard Time
08-02 11:31:19.726  6316  6330 D leak-13-15: Eastern Standard Time
08-02 11:31:19.726  6316  6330 D leak-14-15: Eastern Standard Time
08-02 11:31:19.726  6316  6330 D leak-15-15: Eastern Standard Time
08-02 11:31:19.726  6316  6330 D leak-16-15: Eastern Standard Time
08-02 11:31:19.726  6316  6330 D leak-18-15: Eastern Standard Time
08-02 11:31:19.726  6316  6330 D leak-19-15: Eastern Standard Time
08-02 11:31:19.726  6316  6330 D leak-21-15: Eastern Standard Time
08-02 11:31:19.726  6316  6330 D leak-22-15: Eastern Standard Time
08-02 11:31:19.726  6316  6330 D leak-0-15: Eastern Standard Time
08-02 11:31:19.726  6316  6330 D leak-1-15: Eastern Standard Time
08-02 11:31:19.726  6316  6330 D leak-9-15: Eastern Standard Time
08-02 11:31:19.726  6316  6330 D leak-10-15: Eastern Standard Time
08-02 11:31:19.726  6316  6330 D leak-11-15: Eastern Standard Time
08-02 11:31:19.726  6316  6330 D leak-12-15: Eastern Standard Time
08-02 11:31:19.726  6316  6330 D leak-13-15: Eastern Standard Time
08-02 11:31:19.726  6316  6330 D leak-14-15: Eastern Standard Time
08-02 11:31:19.726  6316  6330 D leak-15-15: Eastern Standard Time
08-02 11:31:19.726  6316  6330 D leak-16-15: Eastern Standard Time
08-02 11:31:19.726  6316  6330 D leak-18-15: Eastern Standard Time
08-02 11:31:19.726  6316  6330 D leak-19-15: Eastern Standard Time
08-02 11:31:19.726  6316  6330 D leak-21-15: Eastern Standard Time
08-02 11:31:19.726  6316  6330 D leak-22-15: Eastern Standard Time
08-02 11:31:19.726  6316  6330 D leak-0-15: Eastern Standard Time
08-02 11:31:19.726  6316  6330 D leak-1-15: Eastern Standard Time
08-02 11:31:19.726  6316  6330 D leak-9-15: Eastern Standard Time
08-02 11:31:19.726  6316  6330 D leak-10-15: Eastern Standard Time
08-02 11:31:19.726  6316  6330 D leak-11-15: Eastern Standard Time
08-02 11:31:19.726  6316  6330 D leak-12-15: Eastern Standard Time
08-02 11:31:19.726  6316  6330 D leak-13-15: Eastern Standard Time
08-02 11:31:19.726  6316  6330 D leak-14-15: Eastern Standard Time
08-02 11:31:19.726  6316  6330 D leak-15-15: Eastern Standard Time
08-02 11:31:19.726  6316  6330 D leak-16-15: Eastern Standard Time
08-02 11:31:19.726  6316  6330 D leak-18-15: Eastern Standard Time
08-02 11:31:19.726  6316  6330 D leak-19-15: Eastern Standard Time
08-02 11:31:19.726  6316  6330 D leak-21-15: Eastern Standard Time
08-02 11:31:19.726  6316  6330 D leak-22-15: Eastern Standard Time
08-02 11:31:19.726  6316  6330 D leak-0-15: Eastern Standard Time
08-02 11:31:19.726  6316  6330 D leak-1-15: Eastern Standard Time
08-02 11:31:19.726  6316  6330 D leak-9-15: Eastern Standard Time
08-02 11:31:19.726  6316  6330 D leak-10-15: Eastern Standard Time
08-02 11:31:19.726  6316  6330 D leak-11-15: Eastern Standard Time
08-02 11:31:19.726  6316  6330 D leak-12-15: Eastern Standard Time
08-02 11:31:19.726  6316  6330 D leak-13-15: Eastern Standard Time
08-02 11:31:19.726  6316  6330 D leak-14-15: Eastern Standard Time
08-02 11:31:19.726  6316  6330 D leak-15-15: Eastern Standard Time
08-02 11:31:19.726  6316  6330 D leak-16-15: Eastern Standard Time
08-02 11:31:19.726  6316  6330 D leak-18-15: Eastern Standard Time
08-02 11:31:19.726  6316  6330 D leak-19-15: Eastern Standard Time
08-02 11:31:19.726  6316  6330 D leak-21-15: Eastern Standard Time
08-02 11:31:19.726  6316  6330 D leak-22-15: Eastern Standard Time
08-02 11:31:19.726  6316  6330 D leak-0-15: Eastern Standard Time
08-02 11:31:19.726  6316  6330 D leak-1-15: Eastern Standard Time
08-02 11:31:19.726  6316  6330 D leak-9-15: Eastern Standard Time
08-02 11:31:19.726  6316  6330 D leak-10-15: Eastern Standard Time
08-02 11:31:19.726  6316  6330 D leak-11-15: Eastern Standard Time
08-02 11:31:19.726  6316  6330 D leak-12-15: Eastern Standard Time
08-02 11:31:19.726  6316  6330 D leak-13-15: Eastern Standard Time
08-02 11:31:19.726  6316  6330 D leak-14-15: Eastern Standard Time
08-02 11:31:19.726  6316  6330 D leak-15-15: Eastern Standard Time
08-02 11:31:19.726  6316  6330 D leak-16-15: Eastern Standard Time
08-02 11:31:19.726  6316  6330 D leak-18-15: Eastern Standard Time
08-02 11:31:19.726  6316  6330 D leak-19-15: Eastern Standard Time
08-02 11:31:19.726  6316  6330 D leak-21-15: Eastern Standard Time
08-02 11:31:19.726  6316  6330 D leak-22-15: Eastern Standard Time
08-02 11:31:19.727  6316  6330 D leak-0-15: Eastern Standard Time
08-02 11:31:19.727  6316  6330 D leak-1-15: Eastern Standard Time
08-02 11:31:19.727  6316  6330 D leak-9-15: Eastern Standard Time
08-02 11:31:19.727  6316  6330 D leak-10-15: Eastern Standard Time
08-02 11:31:19.727  6316  6330 D leak-11-15: Eastern Standard Time
08-02 11:31:19.727  6316  6330 D leak-12-15: Eastern Standard Time
08-02 11:31:19.727  6316  6330 D leak-13-15: Eastern Standard Time
08-02 11:31:19.727  6316  6330 D leak-14-15: Eastern Standard Time
08-02 11:31:19.727  6316  6330 D leak-15-15: Eastern Standard Time
08-02 11:31:19.727  6316  6330 D leak-16-15: Eastern Standard Time
08-02 11:31:19.727  6316  6330 D leak-18-15: Eastern Standard Time
08-02 11:31:19.727  6316  6330 D leak-19-15: Eastern Standard Time
08-02 11:31:19.727  6316  6330 D leak-21-15: Eastern Standard Time
08-02 11:31:19.727  6316  6330 D leak-22-15: Eastern Standard Time
08-02 11:31:19.727  6316  6330 D leak-0-15: Eastern Standard Time
08-02 11:31:19.727  6316  6330 D leak-1-15: Eastern Standard Time
08-02 11:31:19.727  6316  6330 D leak-9-15: Eastern Standard Time
08-02 11:31:19.727  6316  6330 D leak-10-15: Eastern Standard Time
08-02 11:31:19.727  6316  6330 D leak-11-15: Eastern Standard Time
08-02 11:31:19.727  6316  6330 D leak-12-15: Eastern Standard Time
08-02 11:31:19.727  6316  6330 D leak-13-15: Eastern Standard Time
08-02 11:31:19.727  6316  6330 D leak-14-15: Eastern Standard Time
08-02 11:31:19.727  6316  6330 D leak-15-15: Eastern Standard Time
08-02 11:31:19.727  6316  6330 D leak-16-15: Eastern Standard Time
08-02 11:31:19.727  6316  6330 D leak-18-15: Eastern Standard Time
08-02 11:31:19.727  6316  6330 D leak-19-15: Eastern Standard Time
08-02 11:31:19.727  6316  6330 D leak-21-15: Eastern Standard Time
08-02 11:31:19.727  6316  6330 D leak-22-15: Eastern Standard Time
08-02 11:31:19.727  6316  6330 D leak-0-15: Eastern Standard Time
08-02 11:31:19.727  6316  6330 D leak-1-15: Eastern Standard Time
08-02 11:31:19.727  6316  6330 D leak-9-15: Eastern Standard Time
08-02 11:31:19.727  6316  6330 D leak-10-15: Eastern Standard Time
08-02 11:31:19.727  6316  6330 D leak-11-15: Eastern Standard Time
08-02 11:31:19.727  6316  6330 D leak-12-15: Eastern Standard Time
08-02 11:31:19.727  6316  6330 D leak-13-15: Eastern Standard Time
08-02 11:31:19.727  6316  6330 D leak-14-15: Eastern Standard Time
08-02 11:31:19.727  6316  6330 D leak-15-15: Eastern Standard Time
08-02 11:31:19.727  6316  6330 D leak-16-15: Eastern Standard Time
08-02 11:31:19.727  6316  6330 D leak-18-15: Eastern Standard Time
08-02 11:31:19.727  6316  6330 D leak-19-15: Eastern Standard Time
08-02 11:31:19.727  6316  6330 D leak-21-15: Eastern Standard Time
08-02 11:31:19.727  6316  6330 D leak-22-15: Eastern Standard Time
08-02 11:31:19.727  6316  6330 D leak-0-15: Eastern Standard Time
08-02 11:31:19.727  6316  6330 D leak-1-15: Eastern Standard Time
08-02 11:31:19.727  6316  6330 D leak-9-15: Eastern Standard Time
08-02 11:31:19.727  6316  6330 D leak-10-15: Eastern Standard Time
08-02 11:31:19.727  6316  6330 D leak-11-15: Eastern Standard Time
08-02 11:31:19.727  6316  6330 D leak-12-15: Eastern Standard Time
08-02 11:31:19.727  6316  6330 D leak-13-15: Eastern Standard Time
08-02 11:31:19.727  6316  6330 D leak-14-15: Eastern Standard Time
08-02 11:31:19.727  6316  6330 D leak-15-15: Eastern Standard Time
08-02 11:31:19.727  6316  6330 D leak-16-15: Eastern Standard Time
08-02 11:31:19.727  6316  6330 D leak-18-15: Eastern Standard Time
08-02 11:31:19.727  6316  6330 D leak-19-15: Eastern Standard Time
08-02 11:31:19.727  6316  6330 D leak-21-15: Eastern Standard Time
08-02 11:31:19.727  6316  6330 D leak-22-15: Eastern Standard Time
08-02 11:31:19.727  6316  6330 D leak-0-15: Eastern Standard Time
08-02 11:31:19.727  6316  6330 D leak-1-15: Eastern Standard Time
08-02 11:31:19.727  6316  6330 D leak-9-15: Eastern Standard Time
08-02 11:31:19.727  6316  6330 D leak-10-15: Eastern Standard Time
08-02 11:31:19.727  6316  6330 D leak-11-15: Eastern Standard Time
08-02 11:31:19.727  6316  6330 D leak-12-15: Eastern Standard Time
08-02 11:31:19.727  6316  6330 D leak-13-15: Eastern Standard Time
08-02 11:31:19.727  6316  6330 D leak-14-15: Eastern Standard Time
08-02 11:31:19.727  6316  6330 D leak-15-15: Eastern Standard Time
08-02 11:31:19.727  6316  6330 D leak-16-15: Eastern Standard Time
08-02 11:31:19.727  6316  6330 D leak-18-15: Eastern Standard Time
08-02 11:31:19.727  6316  6330 D leak-19-15: Eastern Standard Time
08-02 11:31:19.727  6316  6330 D leak-21-15: Eastern Standard Time
08-02 11:31:19.727  6316  6330 D leak-22-15: Eastern Standard Time
08-02 11:31:19.727  6316  6330 D leak-0-15: Eastern Standard Time
08-02 11:31:19.727  6316  6330 D leak-1-15: Eastern Standard Time
08-02 11:31:19.727  6316  6330 D leak-9-15: Eastern Standard Time
08-02 11:31:19.727  6316  6330 D leak-10-15: Eastern Standard Time
08-02 11:31:19.727  6316  6330 D leak-11-15: Eastern Standard Time
08-02 11:31:19.727  6316  6330 D leak-12-15: Eastern Standard Time
08-02 11:31:19.727  6316  6330 D leak-13-15: Eastern Standard Time
08-02 11:31:19.727  6316  6330 D leak-14-15: Eastern Standard Time
08-02 11:31:19.727  6316  6330 D leak-15-15: Eastern Standard Time
08-02 11:31:19.727  6316  6330 D leak-16-15: Eastern Standard Time
08-02 11:31:19.727  6316  6330 D leak-18-15: Eastern Standard Time
08-02 11:31:19.727  6316  6330 D leak-19-15: Eastern Standard Time
08-02 11:31:19.727  6316  6330 D leak-21-15: Eastern Standard Time
08-02 11:31:19.727  6316  6330 D leak-22-15: Eastern Standard Time
08-02 11:31:19.727  6316  6330 D leak-0-15: Eastern Standard Time
08-02 11:31:19.727  6316  6330 D leak-1-15: Eastern Standard Time
08-02 11:31:19.727  6316  6330 D leak-9-15: Eastern Standard Time
08-02 11:31:19.727  6316  6330 D leak-10-15: Eastern Standard Time
08-02 11:31:19.727  6316  6330 D leak-11-15: Eastern Standard Time
08-02 11:31:19.727  6316  6330 D leak-12-15: Eastern Standard Time
08-02 11:31:19.727  6316  6330 D leak-13-15: Eastern Standard Time
08-02 11:31:19.727  6316  6330 D leak-14-15: Eastern Standard Time
08-02 11:31:19.727  6316  6330 D leak-15-15: Eastern Standard Time
08-02 11:31:19.727  6316  6330 D leak-16-15: Eastern Standard Time
08-02 11:31:19.727  6316  6330 D leak-18-15: Eastern Standard Time
08-02 11:31:19.727  6316  6330 D leak-19-15: Eastern Standard Time
08-02 11:31:19.727  6316  6330 D leak-21-15: Eastern Standard Time
08-02 11:31:19.727  6316  6330 D leak-22-15: Eastern Standard Time
08-02 11:31:19.727  6316  6330 D leak-0-15: Eastern Standard Time
08-02 11:31:19.727  6316  6330 D leak-1-15: Eastern Standard Time
08-02 11:31:19.727  6316  6330 D leak-9-15: Eastern Standard Time
08-02 11:31:19.727  6316  6330 D leak-10-15: Eastern Standard Time
08-02 11:31:19.727  6316  6330 D leak-11-15: Eastern Standard Time
08-02 11:31:19.727  6316  6330 D leak-12-15: Eastern Standard Time
08-02 11:31:19.727  6316  6330 D leak-13-15: Eastern Standard Time
08-02 11:31:19.727  6316  6330 D leak-14-15: Eastern Standard Time
08-02 11:31:19.727  6316  6330 D leak-15-15: Eastern Standard Time
08-02 11:31:19.727  6316  6330 D leak-16-15: Eastern Standard Time
08-02 11:31:19.727  6316  6330 D leak-18-15: Eastern Standard Time
08-02 11:31:19.727  6316  6330 D leak-19-15: Eastern Standard Time
08-02 11:31:19.727  6316  6330 D leak-21-15: Eastern Standard Time
08-02 11:31:19.727  6316  6330 D leak-22-15: Eastern Standard Time
08-02 11:31:19.729  6316  6330 D leak-0-15: Eastern Standard Time
08-02 11:31:19.729  6316  6330 D leak-1-15: Eastern Standard Time
08-02 11:31:19.729  6316  6330 D leak-9-15: Eastern Standard Time
08-02 11:31:19.729  6316  6330 D leak-10-15: Eastern Standard Time
08-02 11:31:19.729  6316  6330 D leak-11-15: Eastern Standard Time
08-02 11:31:19.729  6316  6330 D leak-12-15: Eastern Standard Time
08-02 11:31:19.729  6316  6330 D leak-13-15: Eastern Standard Time
08-02 11:31:19.729  6316  6330 D leak-14-15: Eastern Standard Time
08-02 11:31:19.729  6316  6330 D leak-15-15: Eastern Standard Time
08-02 11:31:19.729  6316  6330 D leak-16-15: Eastern Standard Time
08-02 11:31:19.729  6316  6330 D leak-18-15: Eastern Standard Time
08-02 11:31:19.729  6316  6330 D leak-19-15: Eastern Standard Time
08-02 11:31:19.729  6316  6330 D leak-21-15: Eastern Standard Time
08-02 11:31:19.729  6316  6330 D leak-22-15: Eastern Standard Time
08-02 11:31:19.729  6316  6330 D leak-0-15: Eastern Standard Time
08-02 11:31:19.729  6316  6330 D leak-1-15: Eastern Standard Time
08-02 11:31:19.729  6316  6330 D leak-9-15: Eastern Standard Time
08-02 11:31:19.729  6316  6330 D leak-10-15: Eastern Standard Time
08-02 11:31:19.729  6316  6330 D leak-11-15: Eastern Standard Time
08-02 11:31:19.729  6316  6330 D leak-12-15: Eastern Standard Time
08-02 11:31:19.729  6316  6330 D leak-13-15: Eastern Standard Time
08-02 11:31:19.729  6316  6330 D leak-14-15: Eastern Standard Time
08-02 11:31:19.729  6316  6330 D leak-15-15: Eastern Standard Time
08-02 11:31:19.729  6316  6330 D leak-16-15: Eastern Standard Time
08-02 11:31:19.729  6316  6330 D leak-18-15: Eastern Standard Time
08-02 11:31:19.729  6316  6330 D leak-19-15: Eastern Standard Time
08-02 11:31:19.729  6316  6330 D leak-21-15: Eastern Standard Time
08-02 11:31:19.729  6316  6330 D leak-22-15: Eastern Standard Time
08-02 11:31:19.729  6316  6330 D leak-0-15: Eastern Standard Time
08-02 11:31:19.729  6316  6330 D leak-1-15: Eastern Standard Time
08-02 11:31:19.729  6316  6330 D leak-9-15: Eastern Standard Time
08-02 11:31:19.729  6316  6330 D leak-10-15: Eastern Standard Time
08-02 11:31:19.729  6316  6330 D leak-11-15: Eastern Standard Time
08-02 11:31:19.729  6316  6330 D leak-12-15: Eastern Standard Time
08-02 11:31:19.730  6316  6330 D leak-13-15: Eastern Standard Time
08-02 11:31:19.730  6316  6330 D leak-14-15: Eastern Standard Time
08-02 11:31:19.730  6316  6330 D leak-15-15: Eastern Standard Time
08-02 11:31:19.730  6316  6330 D leak-16-15: Eastern Standard Time
08-02 11:31:19.730  6316  6330 D leak-18-15: Eastern Standard Time
08-02 11:31:19.730  6316  6330 D leak-19-15: Eastern Standard Time
08-02 11:31:19.730  6316  6330 D leak-21-15: Eastern Standard Time
08-02 11:31:19.730  6316  6330 D leak-22-15: Eastern Standard Time
08-02 11:31:19.730  6316  6330 D leak-0-15: Eastern Standard Time
08-02 11:31:19.730  6316  6330 D leak-1-15: Eastern Standard Time
08-02 11:31:19.730  6316  6330 D leak-9-15: Eastern Standard Time
08-02 11:31:19.730  6316  6330 D leak-10-15: Eastern Standard Time
08-02 11:31:19.730  6316  6330 D leak-11-15: Eastern Standard Time
08-02 11:31:19.730  6316  6330 D leak-12-15: Eastern Standard Time
08-02 11:31:19.730  6316  6330 D leak-13-15: Eastern Standard Time
08-02 11:31:19.730  6316  6330 D leak-14-15: Eastern Standard Time
08-02 11:31:19.730  6316  6330 D leak-15-15: Eastern Standard Time
08-02 11:31:19.730  6316  6330 D leak-16-15: Eastern Standard Time
08-02 11:31:19.730  6316  6330 D leak-18-15: Eastern Standard Time
08-02 11:31:19.730  6316  6330 D leak-19-15: Eastern Standard Time
08-02 11:31:19.730  6316  6330 D leak-21-15: Eastern Standard Time
08-02 11:31:19.730  6316  6330 D leak-22-15: Eastern Standard Time
08-02 11:31:19.730  6316  6330 D leak-0-15: Eastern Standard Time
08-02 11:31:19.730  6316  6330 D leak-1-15: Eastern Standard Time
08-02 11:31:19.730  6316  6330 D leak-9-15: Eastern Standard Time
08-02 11:31:19.730  6316  6330 D leak-10-15: Eastern Standard Time
08-02 11:31:19.730  6316  6330 D leak-11-15: Eastern Standard Time
08-02 11:31:19.730  6316  6330 D leak-12-15: Eastern Standard Time
08-02 11:31:19.730  6316  6330 D leak-13-15: Eastern Standard Time
08-02 11:31:19.730  6316  6330 D leak-14-15: Eastern Standard Time
08-02 11:31:19.730  6316  6330 D leak-15-15: Eastern Standard Time
08-02 11:31:19.730  6316  6330 D leak-16-15: Eastern Standard Time
08-02 11:31:19.730  6316  6330 D leak-18-15: Eastern Standard Time
08-02 11:31:19.730  6316  6330 D leak-19-15: Eastern Standard Time
08-02 11:31:19.730  6316  6330 D leak-21-15: Eastern Standard Time
08-02 11:31:19.730  6316  6330 D leak-22-15: Eastern Standard Time
08-02 11:31:19.730  6316  6330 D leak-0-15: Eastern Standard Time
08-02 11:31:19.730  6316  6330 D leak-1-15: Eastern Standard Time
08-02 11:31:19.730  6316  6330 D leak-9-15: Eastern Standard Time
08-02 11:31:19.730  6316  6330 D leak-10-15: Eastern Standard Time
08-02 11:31:19.730  6316  6330 D leak-11-15: Eastern Standard Time
08-02 11:31:19.730  6316  6330 D leak-12-15: Eastern Standard Time
08-02 11:31:19.730  6316  6330 D leak-13-15: Eastern Standard Time
08-02 11:31:19.730  6316  6330 D leak-14-15: Eastern Standard Time
08-02 11:31:19.730  6316  6330 D leak-15-15: Eastern Standard Time
08-02 11:31:19.730  6316  6330 D leak-16-15: Eastern Standard Time
08-02 11:31:19.730  6316  6330 D leak-18-15: Eastern Standard Time
08-02 11:31:19.730  6316  6330 D leak-19-15: Eastern Standard Time
08-02 11:31:19.730  6316  6330 D leak-21-15: Eastern Standard Time
08-02 11:31:19.730  6316  6330 D leak-22-15: Eastern Standard Time
08-02 11:31:19.730  6316  6330 D leak-0-15: Eastern Standard Time
08-02 11:31:19.730  6316  6330 D leak-1-15: Eastern Standard Time
08-02 11:31:19.730  6316  6330 D leak-9-15: Eastern Standard Time
08-02 11:31:19.730  6316  6330 D leak-10-15: Eastern Standard Time
08-02 11:31:19.730  6316  6330 D leak-11-15: Eastern Standard Time
08-02 11:31:19.730  6316  6330 D leak-12-15: Eastern Standard Time
08-02 11:31:19.730  6316  6330 D leak-13-15: Eastern Standard Time
08-02 11:31:19.730  6316  6330 D leak-14-15: Eastern Standard Time
08-02 11:31:19.730  6316  6330 D leak-15-15: Eastern Standard Time
08-02 11:31:19.730  6316  6330 D leak-16-15: Eastern Standard Time
08-02 11:31:19.730  6316  6330 D leak-18-15: Eastern Standard Time
08-02 11:31:19.730  6316  6330 D leak-19-15: Eastern Standard Time
08-02 11:31:19.730  6316  6330 D leak-21-15: Eastern Standard Time
08-02 11:31:19.730  6316  6330 D leak-22-15: Eastern Standard Time
08-02 11:31:19.730  6316  6330 D leak-0-15: Eastern Standard Time
08-02 11:31:19.730  6316  6330 D leak-1-15: Eastern Standard Time
08-02 11:31:19.730  6316  6330 D leak-9-15: Eastern Standard Time
08-02 11:31:19.730  6316  6330 D leak-10-15: Eastern Standard Time
08-02 11:31:19.734  6316  6330 D leak-0-15: Eastern Standard Time
08-02 11:31:19.734  6316  6330 D leak-1-15: Eastern Standard Time
08-02 11:31:19.735  6316  6330 D leak-9-15: Eastern Standard Time
08-02 11:31:19.735  6316  6330 D leak-10-15: Eastern Standard Time
08-02 11:31:19.735  6316  6330 D leak-11-15: Eastern Standard Time
08-02 11:31:19.735  6316  6330 D leak-12-15: Eastern Standard Time
08-02 11:31:19.735  6316  6330 D leak-13-15: Eastern Standard Time
08-02 11:31:19.735  6316  6330 D leak-14-15: Eastern Standard Time
08-02 11:31:19.735  6316  6330 D leak-15-15: Eastern Standard Time
08-02 11:31:19.735  6316  6330 D leak-16-15: Eastern Standard Time
08-02 11:31:19.735  6316  6330 D leak-18-15: Eastern Standard Time
08-02 11:31:19.735  6316  6330 D leak-19-15: Eastern Standard Time
08-02 11:31:19.735  6316  6330 D leak-21-15: Eastern Standard Time
08-02 11:31:19.735  6316  6330 D leak-22-15: Eastern Standard Time
08-02 11:31:19.735  6316  6330 D leak-0-15: Eastern Standard Time
08-02 11:31:19.735  6316  6330 D leak-1-15: Eastern Standard Time
08-02 11:31:19.735  6316  6330 D leak-9-15: Eastern Standard Time
08-02 11:31:19.735  6316  6330 D leak-10-15: Eastern Standard Time
08-02 11:31:19.735  6316  6330 D leak-11-15: Eastern Standard Time
08-02 11:31:19.735  6316  6330 D leak-12-15: Eastern Standard Time
08-02 11:31:19.735  6316  6330 D leak-13-15: Eastern Standard Time
08-02 11:31:19.735  6316  6330 D leak-14-15: Eastern Standard Time
08-02 11:31:19.735  6316  6330 D leak-15-15: Eastern Standard Time
08-02 11:31:19.735  6316  6330 D leak-16-15: Eastern Standard Time
08-02 11:31:19.735  6316  6330 D leak-18-15: Eastern Standard Time
08-02 11:31:19.735  6316  6330 D leak-19-15: Eastern Standard Time
08-02 11:31:19.735  6316  6330 D leak-21-15: Eastern Standard Time
08-02 11:31:19.735  6316  6330 D leak-22-15: Eastern Standard Time
08-02 11:31:19.735  6316  6330 D leak-0-15: Eastern Standard Time
08-02 11:31:19.735  6316  6330 D leak-1-15: Eastern Standard Time
08-02 11:31:19.735  6316  6330 D leak-9-15: Eastern Standard Time
08-02 11:31:19.735  6316  6330 D leak-10-15: Eastern Standard Time
08-02 11:31:19.735  6316  6330 D leak-11-15: Eastern Standard Time
08-02 11:31:19.736  6316  6330 D leak-12-15: Eastern Standard Time
08-02 11:31:19.736  6316  6330 D leak-13-15: Eastern Standard Time
08-02 11:31:19.736  6316  6330 D leak-14-15: Eastern Standard Time
08-02 11:31:19.736  6316  6330 D leak-15-15: Eastern Standard Time
08-02 11:31:19.736  6316  6330 D leak-16-15: Eastern Standard Time
08-02 11:31:19.736  6316  6330 D leak-18-15: Eastern Standard Time
08-02 11:31:19.736  6316  6330 D leak-19-15: Eastern Standard Time
08-02 11:31:19.736  6316  6330 D leak-21-15: Eastern Standard Time
08-02 11:31:19.736  6316  6330 D leak-22-15: Eastern Standard Time
08-02 11:31:19.736  6316  6330 D leak-0-15: Eastern Standard Time
08-02 11:31:19.736  6316  6330 D leak-1-15: Eastern Standard Time
08-02 11:31:19.736  6316  6330 D leak-9-15: Eastern Standard Time
08-02 11:31:19.748  6316  6330 D leak-10-15: Eastern Standard Time
08-02 11:31:19.752  6316  6330 D leak-11-15: Eastern Standard Time
08-02 11:31:19.752  6316  6330 D leak-12-15: Eastern Standard Time
08-02 11:31:19.752  6316  6330 D leak-13-15: Eastern Standard Time
08-02 11:31:19.752  6316  6330 D leak-14-15: Eastern Standard Time
08-02 11:31:19.752  6316  6330 D leak-15-15: Eastern Standard Time
08-02 11:31:19.752  6316  6330 D leak-16-15: Eastern Standard Time
08-02 11:31:19.752  6316  6330 D leak-18-15: Eastern Standard Time
08-02 11:31:19.752  6316  6330 D leak-19-15: Eastern Standard Time
08-02 11:31:19.752  6316  6330 D leak-21-15: Eastern Standard Time
08-02 11:31:19.752  6316  6330 D leak-22-15: Eastern Standard Time
08-02 11:31:19.753  6316  6330 D leak-0-15: Eastern Standard Time
08-02 11:31:19.753  6316  6330 D leak-1-15: Eastern Standard Time
08-02 11:31:19.757  6316  6330 D leak-9-15: Eastern Standard Time
08-02 11:31:19.757  6316  6330 D leak-10-15: Eastern Standard Time
08-02 11:31:19.757  6316  6330 D leak-11-15: Eastern Standard Time
08-02 11:31:19.759  6316  6330 D leak-0-15: Eastern Standard Time
08-02 11:31:19.759  6316  6330 D leak-1-15: Eastern Standard Time
08-02 11:31:19.759  6316  6330 D leak-0-15: Eastern Standard Time
08-02 11:31:19.759  6316  6330 D leak-1-15: Eastern Standard Time
08-02 11:31:19.759  6316  6330 D leak-9-15: Eastern Standard Time
08-02 11:31:19.759  6316  6330 D leak-10-15: Eastern Standard Time
08-02 11:31:19.759  6316  6330 D leak-11-15: Eastern Standard Time
08-02 11:31:19.759  6316  6330 D leak-12-15: Eastern Standard Time
08-02 11:31:19.759  6316  6330 D leak-13-15: Eastern Standard Time
08-02 11:31:19.759  6316  6330 D leak-14-15: Eastern Standard Time
08-02 11:31:19.759  6316  6330 D leak-15-15: Eastern Standard Time
08-02 11:31:19.759  6316  6330 D leak-16-15: Eastern Standard Time
08-02 11:31:19.759  6316  6330 D leak-18-15: Eastern Standard Time
08-02 11:31:19.759  6316  6330 D leak-19-15: Eastern Standard Time
08-02 11:31:19.759  6316  6330 D leak-21-15: Eastern Standard Time
08-02 11:31:19.759  6316  6330 D leak-22-15: Eastern Standard Time
08-02 11:31:19.759  6316  6330 D leak-0-15: Eastern Standard Time
08-02 11:31:19.759  6316  6330 D leak-1-15: Eastern Standard Time
08-02 11:31:19.760  6316  6330 D leak-9-15: Eastern Standard Time
08-02 11:31:19.760  6316  6330 D leak-10-15: Eastern Standard Time
08-02 11:31:19.760  6316  6330 D leak-11-15: Eastern Standard Time
08-02 11:31:19.760  6316  6330 D leak-12-15: Eastern Standard Time
08-02 11:31:19.760  6316  6330 D leak-13-15: Eastern Standard Time
08-02 11:31:19.760  6316  6330 D leak-14-15: Eastern Standard Time
08-02 11:31:19.760  6316  6330 D leak-15-15: Eastern Standard Time
08-02 11:31:19.760  6316  6330 D leak-16-15: Eastern Standard Time
08-02 11:31:19.760  6316  6330 D leak-18-15: Eastern Standard Time
08-02 11:31:19.760  6316  6330 D leak-19-15: Eastern Standard Time
08-02 11:31:19.760  6316  6330 D leak-21-15: Eastern Standard Time
08-02 11:31:19.760  6316  6330 D leak-22-15: Eastern Standard Time
08-02 11:31:19.760  6316  6330 D leak-0-15: Eastern Standard Time
08-02 11:31:19.760  6316  6330 D leak-1-15: Eastern Standard Time
08-02 11:31:19.760  6316  6330 D leak-9-15: Eastern Standard Time
08-02 11:31:19.760  6316  6330 D leak-10-15: Eastern Standard Time
08-02 11:31:19.760  6316  6330 D leak-11-15: Eastern Standard Time
08-02 11:31:19.760  6316  6330 D leak-12-15: Eastern Standard Time
08-02 11:31:19.760  6316  6330 D leak-13-15: Eastern Standard Time
08-02 11:31:19.760  6316  6330 D leak-14-15: Eastern Standard Time
08-02 11:31:19.760  6316  6330 D leak-15-15: Eastern Standard Time
08-02 11:31:19.760  6316  6330 D leak-16-15: Eastern Standard Time
08-02 11:31:19.760  6316  6330 D leak-18-15: Eastern Standard Time
08-02 11:31:19.760  6316  6330 D leak-19-15: Eastern Standard Time
08-02 11:31:19.760  6316  6330 D leak-21-15: Eastern Standard Time
08-02 11:31:19.760  6316  6330 D leak-22-15: Eastern Standard Time
08-02 11:31:19.760  6316  6330 D leak-0-21: Eastern Standard Time
08-02 11:31:19.760  6316  6330 D leak-1-21: Eastern Standard Time
08-02 11:31:19.760  6316  6330 D leak-9-21: Eastern Standard Time
08-02 11:31:19.760  6316  6330 D leak-10-21: Eastern Standard Time
08-02 11:31:19.760  6316  6330 D leak-11-21: Eastern Standard Time
08-02 11:31:19.760  6316  6330 D leak-12-21: Eastern Standard Time
08-02 11:31:19.760  6316  6330 D leak-13-21: Eastern Standard Time
08-02 11:31:19.760  6316  6330 D leak-14-21: Eastern Standard Time
08-02 11:31:19.760  6316  6330 D leak-15-21: Eastern Standard Time
08-02 11:31:19.760  6316  6330 D leak-16-21: Eastern Standard Time
08-02 11:31:19.760  6316  6330 D leak-18-21: Eastern Standard Time
08-02 11:31:19.760  6316  6330 D leak-19-21: Eastern Standard Time
08-02 11:31:19.760  6316  6330 D leak-21-21: Eastern Standard Time
08-02 11:31:19.760  6316  6330 D leak-22-21: Eastern Standard Time
08-02 11:31:19.760  6316  6330 D leak-23-21: Eastern Standard Time
08-02 11:31:19.764  6316  6330 D leak-0-3: Eastern Standard Time
08-02 11:31:19.764  6316  6330 D leak-1-3: Eastern Standard Time
08-02 11:31:19.764  6316  6330 D leak-3-3: Eastern Standard Time
08-02 11:31:19.764  6316  6330 D leak-9-3: Eastern Standard Time
08-02 11:31:19.764  6316  6330 D leak-10-3: Eastern Standard Time
08-02 11:31:19.764  6316  6330 D leak-11-3: Eastern Standard Time
08-02 11:31:19.764  6316  6330 D leak-12-3: Eastern Standard Time
08-02 11:31:19.767  6316  6330 D leak-13-3: Eastern Standard Time
08-02 11:31:19.767  6316  6330 D leak-14-3: Eastern Standard Time
08-02 11:31:19.767  6316  6330 D leak-15-3: Eastern Standard Time
08-02 11:31:19.767  6316  6330 D leak-16-3: Eastern Standard Time
08-02 11:31:19.767  6316  6330 D leak-18-3: Eastern Standard Time
08-02 11:31:19.767  6316  6330 D leak-19-3: Eastern Standard Time
08-02 11:31:19.767  6316  6330 D leak-21-3: Eastern Standard Time
08-02 11:31:19.767  6316  6330 D leak-22-3: Eastern Standard Time
08-02 11:31:19.767  6316  6330 D leak-23-3: Eastern Standard Time
08-02 11:31:19.808  1729  2096 V EmulatedCamera_Camera: getCameraInfo
08-02 11:31:19.810  1729  2096 V EmulatedCamera_BaseCamera: getCameraInfo
08-02 11:31:19.976  1729  2095 W ServiceManager: Permission failure: android.permission.CAMERA from uid=10060 pid=6316
08-02 11:31:19.976  1729  2095 E CameraService: Permission Denial: can't use the camera pid=6316, uid=10060
08-02 11:31:19.978  6316  6330 W CameraBase: An error occurred while connecting to camera: 0
08-02 11:31:19.988  1729  2097 V EmulatedCamera_Camera: getCameraInfo
08-02 11:31:19.988  1729  2097 V EmulatedCamera_BaseCamera: getCameraInfo
08-02 11:31:19.991  6316  6333 D libEGL  : loaded /system/lib/egl/libEGL_emulation.so
08-02 11:31:19.994  1924  2158 W art     : Long monitor contention event with owner method=int com.android.server.wm.WindowManagerService.relayoutWindow(com.android.server.wm.Session, android.view.IWindow, int, android.view.WindowManager$LayoutParams, int, int, int, int, android.graphics.Rect, android.graphics.Rect, android.graphics.Rect, android.graphics.Rect, android.graphics.Rect, android.graphics.Rect, android.content.res.Configuration, android.view.Surface) from WindowManagerService.java:3103 waiters=0 for 1.190s
08-02 11:31:20.024  6316  6333 D libEGL  : loaded /system/lib/egl/libGLESv1_CM_emulation.so
08-02 11:31:20.026  6316  6333 D libEGL  : loaded /system/lib/egl/libGLESv2_emulation.so
08-02 11:31:20.079  6316  6333 D         : HostConnection::get() New Host Connection established 0xeea52910, tid 6333
08-02 11:31:20.130  1729  2096 W ServiceManager: Permission failure: android.permission.CAMERA from uid=10060 pid=6316
08-02 11:31:20.130  1729  2096 E CameraService: Permission Denial: can't use the camera pid=6316, uid=10060
08-02 11:31:20.157  6316  6330 W CameraBase: An error occurred while connecting to camera: 1
08-02 11:31:20.158  6316  6330 D leak-0-4: Eastern Standard Time
08-02 11:31:20.158  6316  6330 D leak-1-4: Eastern Standard Time
08-02 11:31:20.158  6316  6330 D leak-3-4: Eastern Standard Time
08-02 11:31:20.158  6316  6330 D leak-4-4: Eastern Standard Time
08-02 11:31:20.158  6316  6330 D leak-9-4: Eastern Standard Time
08-02 11:31:20.158  6316  6330 D leak-10-4: Eastern Standard Time
08-02 11:31:20.158  6316  6330 D leak-11-4: Eastern Standard Time
08-02 11:31:20.158  6316  6330 D leak-12-4: Eastern Standard Time
08-02 11:31:20.158  6316  6330 D leak-13-4: Eastern Standard Time
08-02 11:31:20.158  6316  6330 D leak-14-4: Eastern Standard Time
08-02 11:31:20.158  6316  6330 D leak-15-4: Eastern Standard Time
08-02 11:31:20.158  6316  6330 D leak-16-4: Eastern Standard Time
08-02 11:31:20.158  6316  6330 D leak-18-4: Eastern Standard Time
08-02 11:31:20.158  6316  6330 D leak-19-4: Eastern Standard Time
08-02 11:31:20.158  6316  6330 D leak-21-4: Eastern Standard Time
08-02 11:31:20.158  6316  6330 D leak-22-4: Eastern Standard Time
08-02 11:31:20.158  6316  6330 D leak-23-4: Eastern Standard Time
08-02 11:31:20.158  6316  6330 I CameraManagerGlobal: Connecting to camera service
08-02 11:31:20.343  1729  2096 V EmulatedCamera_Camera: getCameraInfo
08-02 11:31:20.343  1729  2096 V EmulatedCamera_BaseCamera: getCameraInfo
08-02 11:31:20.343  1729  2096 I CameraService: getCameraCharacteristics: Switching to HAL1 shim implementation...
08-02 11:31:20.343  1729  2096 V EmulatedCamera_Camera: getCameraInfo
08-02 11:31:20.343  1729  2096 V EmulatedCamera_BaseCamera: getCameraInfo
08-02 11:31:20.347  1729  2095 V EmulatedCamera_Camera: getCameraInfo
08-02 11:31:20.361  1729  2095 V EmulatedCamera_BaseCamera: getCameraInfo
08-02 11:31:20.367  1729  2095 I CameraService: getCameraCharacteristics: Switching to HAL1 shim implementation...
08-02 11:31:20.367  1729  2095 V EmulatedCamera_Camera: getCameraInfo
08-02 11:31:20.367  1729  2095 V EmulatedCamera_BaseCamera: getCameraInfo
08-02 11:31:20.397  1729  1729 V EmulatedCamera_Camera: getCameraInfo
08-02 11:31:20.397  1729  1729 V EmulatedCamera_BaseCamera: getCameraInfo
08-02 11:31:20.439  1729  2096 V EmulatedCamera_Camera: getCameraInfo
08-02 11:31:20.439  1729  2096 V EmulatedCamera_BaseCamera: getCameraInfo
08-02 11:31:20.474  6316  6330 D leak-0-5: Eastern Standard Time
08-02 11:31:20.474  6316  6330 D leak-1-5: Eastern Standard Time
08-02 11:31:20.474  6316  6330 D leak-3-5: Eastern Standard Time
08-02 11:31:20.474  6316  6330 D leak-4-5: Eastern Standard Time
08-02 11:31:20.474  6316  6330 D leak-5-5: Eastern Standard Time
08-02 11:31:20.474  6316  6330 D leak-9-5: Eastern Standard Time
08-02 11:31:20.474  6316  6330 D leak-10-5: Eastern Standard Time
08-02 11:31:20.474  6316  6330 D leak-11-5: Eastern Standard Time
08-02 11:31:20.474  6316  6330 D leak-12-5: Eastern Standard Time
08-02 11:31:20.474  6316  6330 D leak-13-5: Eastern Standard Time
08-02 11:31:20.474  6316  6330 D leak-14-5: Eastern Standard Time
08-02 11:31:20.474  6316  6330 D leak-15-5: Eastern Standard Time
08-02 11:31:20.474  6316  6330 D leak-16-5: Eastern Standard Time
08-02 11:31:20.474  6316  6330 D leak-18-5: Eastern Standard Time
08-02 11:31:20.474  6316  6330 D leak-19-5: Eastern Standard Time
08-02 11:31:20.474  6316  6330 D leak-21-5: Eastern Standard Time
08-02 11:31:20.474  6316  6330 D leak-22-5: Eastern Standard Time
08-02 11:31:20.474  6316  6330 D leak-23-5: Eastern Standard Time
08-02 11:31:20.574  1729  2095 V EmulatedCamera_Camera: getCameraInfo
08-02 11:31:20.574  1729  2095 V EmulatedCamera_BaseCamera: getCameraInfo
08-02 11:31:20.643  1729  2097 V EmulatedCamera_Camera: getCameraInfo
08-02 11:31:20.643  1729  2097 V EmulatedCamera_BaseCamera: getCameraInfo
08-02 11:31:20.711  6316  6330 D leak-0-5: Eastern Standard Time
08-02 11:31:20.711  6316  6330 D leak-1-5: Eastern Standard Time
