08-02 12:41:22.976  2017  2017 D leak-66-43: Eastern Standard Time
08-02 12:41:22.984   623   634 I ActivityManager: Killing 1145:android.process.media/u0a6 (adj 15): empty #17
08-02 12:41:23.112   623   634 W libprocessgroup: failed to open /acct/uid_10006/pid_1145/cgroup.procs: No such file or directory
08-02 12:41:23.202  6769  6784 E Surface : getSlotFromBufferLocked: unknown buffer: 0xe8eb8230
08-02 12:41:23.228  6769  6784 D OpenGLRenderer: endAllStagingAnimators on 0xf2bacd80 (RippleDrawable) with handle 0xeea12c90
08-02 12:41:23.424   365   365 W SurfaceFlinger: couldn't log to binary event log: overflow.
08-02 12:41:27.949  7753  7753 D AndroidRuntime: >>>>>> START com.android.internal.os.RuntimeInit uid 0 <<<<<<
08-02 12:41:27.950  7753  7753 D AndroidRuntime: CheckJNI is OFF
08-02 12:41:27.961  7753  7753 D ICU     : No timezone override file found: /data/misc/zoneinfo/current/icu/icu_tzdata.dat
08-02 12:41:27.973  7753  7753 E memtrack: Couldn't load memtrack module (No such file or directory)
08-02 12:41:27.973  7753  7753 E android.os.Debug: failed to load memtrack module: -2
08-02 12:41:27.974  7753  7753 I Radio-JNI: register_android_hardware_Radio DONE
08-02 12:41:27.979  7753  7753 D AndroidRuntime: Calling main entry com.android.commands.uiautomator.Launcher
08-02 12:41:28.997  2017  2017 D leak-15-43: Eastern Standard Time
08-02 12:41:28.997  2017  2017 D leak-17-43: Eastern Standard Time
08-02 12:41:28.997  2017  2017 D leak-18-43: Eastern Standard Time
08-02 12:41:28.997  2017  2017 D leak-19-43: Eastern Standard Time
08-02 12:41:28.997  2017  2017 D leak-20-43: Eastern Standard Time
08-02 12:41:28.997  2017  2017 D leak-23-43: Eastern Standard Time
08-02 12:41:28.997  2017  2017 D leak-24-43: Eastern Standard Time
08-02 12:41:28.997  2017  2017 D leak-30-43: Eastern Standard Time
08-02 12:41:28.997  2017  2017 D leak-31-43: Eastern Standard Time
08-02 12:41:28.997  2017  2017 D leak-40-43: Eastern Standard Time
08-02 12:41:28.997  2017  2017 D leak-41-43: Eastern Standard Time
08-02 12:41:28.997  2017  2017 D leak-42-43: Eastern Standard Time
08-02 12:41:28.997  2017  2017 D leak-47-43: Eastern Standard Time
08-02 12:41:28.997  2017  2017 D leak-52-43: Eastern Standard Time
08-02 12:41:28.997  2017  2017 D leak-60-43: Eastern Standard Time
08-02 12:41:28.997  2017  2017 D leak-62-43: Eastern Standard Time
08-02 12:41:28.997  2017  2017 D leak-66-43: Eastern Standard Time
08-02 12:41:28.997  2017  2017 D leak-68-43: Eastern Standard Time
08-02 12:41:28.997  2017  2017 D leak-70-43: Eastern Standard Time
08-02 12:41:28.997  2017  2017 D leak-72-43: Eastern Standard Time
08-02 12:41:28.997  2017  2017 D leak-76-43: Eastern Standard Time
08-02 12:41:28.997  2017  2017 D leak-84-43: Eastern Standard Time
08-02 12:41:28.997  2017  2017 D leak-59-12: Eastern Standard Time
08-02 12:41:28.997  2017  2017 D leak-61-12: Eastern Standard Time
08-02 12:41:28.997  2017  2017 D leak-65-12: Eastern Standard Time
08-02 12:41:28.997  2017  2017 D leak-67-12: Eastern Standard Time
08-02 12:41:28.997  2017  2017 D leak-69-12: Eastern Standard Time
08-02 12:41:28.997  2017  2017 D leak-71-12: Eastern Standard Time
08-02 12:41:28.997  2017  2017 D leak-75-12: Eastern Standard Time
08-02 12:41:28.997  2017  2017 D leak-83-12: Eastern Standard Time
08-02 12:41:29.001  7753  7753 W AccessibilityNodeInfoDumper: Fetch time: 1ms
08-02 12:41:29.001   623   751 W WindowManager: Attempted to remove non-existing token: android.os.Binder@1c18406
08-02 12:41:29.009  7753  7753 D AndroidRuntime: Shutting down VM
08-02 12:41:30.043  7776  7776 D AndroidRuntime: >>>>>> START com.android.internal.os.RuntimeInit uid 0 <<<<<<
08-02 12:41:30.045  7776  7776 D AndroidRuntime: CheckJNI is OFF
08-02 12:41:30.053  7776  7776 D ICU     : No timezone override file found: /data/misc/zoneinfo/current/icu/icu_tzdata.dat
08-02 12:41:30.064  7776  7776 E memtrack: Couldn't load memtrack module (No such file or directory)
08-02 12:41:30.064  7776  7776 E android.os.Debug: failed to load memtrack module: -2
08-02 12:41:30.065  7776  7776 I Radio-JNI: register_android_hardware_Radio DONE
08-02 12:41:30.071  7776  7776 D AndroidRuntime: Calling main entry com.android.commands.uiautomator.Launcher
08-02 12:41:31.077  2017  2017 D leak-15-43: Eastern Standard Time
08-02 12:41:31.077  2017  2017 D leak-17-43: Eastern Standard Time
08-02 12:41:31.077  2017  2017 D leak-18-43: Eastern Standard Time
08-02 12:41:31.077  2017  2017 D leak-19-43: Eastern Standard Time
08-02 12:41:31.077  2017  2017 D leak-20-43: Eastern Standard Time
08-02 12:41:31.077  2017  2017 D leak-23-43: Eastern Standard Time
08-02 12:41:31.077  2017  2017 D leak-24-43: Eastern Standard Time
08-02 12:41:31.077  2017  2017 D leak-30-43: Eastern Standard Time
08-02 12:41:31.077  2017  2017 D leak-31-43: Eastern Standard Time
08-02 12:41:31.077  2017  2017 D leak-40-43: Eastern Standard Time
08-02 12:41:31.077  2017  2017 D leak-41-43: Eastern Standard Time
08-02 12:41:31.077  2017  2017 D leak-42-43: Eastern Standard Time
08-02 12:41:31.077  2017  2017 D leak-47-43: Eastern Standard Time
08-02 12:41:31.077  2017  2017 D leak-52-43: Eastern Standard Time
08-02 12:41:31.077  2017  2017 D leak-60-43: Eastern Standard Time
08-02 12:41:31.077  2017  2017 D leak-62-43: Eastern Standard Time
08-02 12:41:31.077  2017  2017 D leak-66-43: Eastern Standard Time
08-02 12:41:31.077  2017  2017 D leak-68-43: Eastern Standard Time
08-02 12:41:31.077  2017  2017 D leak-70-43: Eastern Standard Time
08-02 12:41:31.077  2017  2017 D leak-72-43: Eastern Standard Time
08-02 12:41:31.077  2017  2017 D leak-76-43: Eastern Standard Time
08-02 12:41:31.077  2017  2017 D leak-84-43: Eastern Standard Time
08-02 12:41:31.077  2017  2017 D leak-59-12: Eastern Standard Time
08-02 12:41:31.077  2017  2017 D leak-61-12: Eastern Standard Time
08-02 12:41:31.077  2017  2017 D leak-65-12: Eastern Standard Time
08-02 12:41:31.077  2017  2017 D leak-67-12: Eastern Standard Time
08-02 12:41:31.077  2017  2017 D leak-69-12: Eastern Standard Time
08-02 12:41:31.077  2017  2017 D leak-71-12: Eastern Standard Time
08-02 12:41:31.077  2017  2017 D leak-75-12: Eastern Standard Time
08-02 12:41:31.077  2017  2017 D leak-83-12: Eastern Standard Time
08-02 12:41:31.083  7776  7776 W AccessibilityNodeInfoDumper: Fetch time: 1ms
08-02 12:41:31.083   623   751 W WindowManager: Attempted to remove non-existing token: android.os.Binder@d72d8f4
08-02 12:41:31.092  7776  7776 D AndroidRuntime: Shutting down VM
08-02 12:41:31.532  7795  7795 D AndroidRuntime: >>>>>> START com.android.internal.os.RuntimeInit uid 0 <<<<<<
08-02 12:41:31.533  7795  7795 D AndroidRuntime: CheckJNI is OFF
08-02 12:41:31.543  7795  7795 D ICU     : No timezone override file found: /data/misc/zoneinfo/current/icu/icu_tzdata.dat
08-02 12:41:31.554  7795  7795 E memtrack: Couldn't load memtrack module (No such file or directory)
08-02 12:41:31.555  7795  7795 E android.os.Debug: failed to load memtrack module: -2
08-02 12:41:31.555  7795  7795 I Radio-JNI: register_android_hardware_Radio DONE
08-02 12:41:31.561  7795  7795 D AndroidRuntime: Calling main entry com.android.commands.uiautomator.Launcher
08-02 12:41:32.580  2017  2017 D leak-15-43: Eastern Standard Time
08-02 12:41:32.580  2017  2017 D leak-17-43: Eastern Standard Time
08-02 12:41:32.580  2017  2017 D leak-18-43: Eastern Standard Time
08-02 12:41:32.580  2017  2017 D leak-19-43: Eastern Standard Time
08-02 12:41:32.580  2017  2017 D leak-20-43: Eastern Standard Time
08-02 12:41:32.580  2017  2017 D leak-23-43: Eastern Standard Time
08-02 12:41:32.580  2017  2017 D leak-24-43: Eastern Standard Time
08-02 12:41:32.580  2017  2017 D leak-30-43: Eastern Standard Time
08-02 12:41:32.580  2017  2017 D leak-31-43: Eastern Standard Time
08-02 12:41:32.580  2017  2017 D leak-40-43: Eastern Standard Time
08-02 12:41:32.580  2017  2017 D leak-41-43: Eastern Standard Time
08-02 12:41:32.580  2017  2017 D leak-42-43: Eastern Standard Time
08-02 12:41:32.580  2017  2017 D leak-47-43: Eastern Standard Time
08-02 12:41:32.580  2017  2017 D leak-52-43: Eastern Standard Time
08-02 12:41:32.580  2017  2017 D leak-60-43: Eastern Standard Time
08-02 12:41:32.580  2017  2017 D leak-62-43: Eastern Standard Time
08-02 12:41:32.580  2017  2017 D leak-66-43: Eastern Standard Time
08-02 12:41:32.580  2017  2017 D leak-68-43: Eastern Standard Time
08-02 12:41:32.580  2017  2017 D leak-70-43: Eastern Standard Time
08-02 12:41:32.580  2017  2017 D leak-72-43: Eastern Standard Time
08-02 12:41:32.580  2017  2017 D leak-76-43: Eastern Standard Time
08-02 12:41:32.580  2017  2017 D leak-84-43: Eastern Standard Time
08-02 12:41:32.580  2017  2017 D leak-59-12: Eastern Standard Time
08-02 12:41:32.580  2017  2017 D leak-61-12: Eastern Standard Time
08-02 12:41:32.580  2017  2017 D leak-65-12: Eastern Standard Time
08-02 12:41:32.580  2017  2017 D leak-67-12: Eastern Standard Time
08-02 12:41:32.580  2017  2017 D leak-69-12: Eastern Standard Time
08-02 12:41:32.580  2017  2017 D leak-71-12: Eastern Standard Time
08-02 12:41:32.580  2017  2017 D leak-75-12: Eastern Standard Time
08-02 12:41:32.580  2017  2017 D leak-83-12: Eastern Standard Time
08-02 12:41:32.585  7795  7795 W AccessibilityNodeInfoDumper: Fetch time: 1ms
08-02 12:41:32.585   623   634 W WindowManager: Attempted to remove non-existing token: android.os.Binder@8b8e81d
08-02 12:41:32.598  7795  7795 D AndroidRuntime: Shutting down VM
08-02 12:41:33.642  7818  7818 D AndroidRuntime: >>>>>> START com.android.internal.os.RuntimeInit uid 0 <<<<<<
08-02 12:41:33.644  7818  7818 D AndroidRuntime: CheckJNI is OFF
08-02 12:41:33.653  7818  7818 D ICU     : No timezone override file found: /data/misc/zoneinfo/current/icu/icu_tzdata.dat
08-02 12:41:33.664  7818  7818 E memtrack: Couldn't load memtrack module (No such file or directory)
08-02 12:41:33.664  7818  7818 E android.os.Debug: failed to load memtrack module: -2
08-02 12:41:33.665  7818  7818 I Radio-JNI: register_android_hardware_Radio DONE
08-02 12:41:33.671  7818  7818 D AndroidRuntime: Calling main entry com.android.commands.uiautomator.Launcher
08-02 12:41:34.681  2017  2017 D leak-15-43: Eastern Standard Time
08-02 12:41:34.681  2017  2017 D leak-17-43: Eastern Standard Time
08-02 12:41:34.681  2017  2017 D leak-18-43: Eastern Standard Time
08-02 12:41:34.681  2017  2017 D leak-19-43: Eastern Standard Time
08-02 12:41:34.681  2017  2017 D leak-20-43: Eastern Standard Time
08-02 12:41:34.682  2017  2017 D leak-23-43: Eastern Standard Time
08-02 12:41:34.682  2017  2017 D leak-24-43: Eastern Standard Time
08-02 12:41:34.682  2017  2017 D leak-30-43: Eastern Standard Time
08-02 12:41:34.682  2017  2017 D leak-31-43: Eastern Standard Time
08-02 12:41:34.682  2017  2017 D leak-40-43: Eastern Standard Time
08-02 12:41:34.682  2017  2017 D leak-41-43: Eastern Standard Time
08-02 12:41:34.682  2017  2017 D leak-42-43: Eastern Standard Time
08-02 12:41:34.682  2017  2017 D leak-47-43: Eastern Standard Time
08-02 12:41:34.682  2017  2017 D leak-52-43: Eastern Standard Time
08-02 12:41:34.682  2017  2017 D leak-60-43: Eastern Standard Time
08-02 12:41:34.682  2017  2017 D leak-62-43: Eastern Standard Time
08-02 12:41:34.682  2017  2017 D leak-66-43: Eastern Standard Time
08-02 12:41:34.682  2017  2017 D leak-68-43: Eastern Standard Time
08-02 12:41:34.682  2017  2017 D leak-70-43: Eastern Standard Time
08-02 12:41:34.682  2017  2017 D leak-72-43: Eastern Standard Time
08-02 12:41:34.682  2017  2017 D leak-76-43: Eastern Standard Time
08-02 12:41:34.682  2017  2017 D leak-84-43: Eastern Standard Time
08-02 12:41:34.682  2017  2017 D leak-59-12: Eastern Standard Time
08-02 12:41:34.682  2017  2017 D leak-61-12: Eastern Standard Time
08-02 12:41:34.682  2017  2017 D leak-65-12: Eastern Standard Time
08-02 12:41:34.682  2017  2017 D leak-67-12: Eastern Standard Time
08-02 12:41:34.682  2017  2017 D leak-69-12: Eastern Standard Time
08-02 12:41:34.682  2017  2017 D leak-71-12: Eastern Standard Time
08-02 12:41:34.682  2017  2017 D leak-75-12: Eastern Standard Time
08-02 12:41:34.682  2017  2017 D leak-83-12: Eastern Standard Time
08-02 12:41:34.686  7818  7818 W AccessibilityNodeInfoDumper: Fetch time: 1ms
08-02 12:41:34.686   623   838 W WindowManager: Attempted to remove non-existing token: android.os.Binder@e1da92
08-02 12:41:34.694  7818  7818 D AndroidRuntime: Shutting down VM
08-02 12:41:35.782  7846  7846 D AndroidRuntime: >>>>>> START com.android.internal.os.RuntimeInit uid 0 <<<<<<
08-02 12:41:35.784  7846  7846 D AndroidRuntime: CheckJNI is OFF
08-02 12:41:35.793  7846  7846 D ICU     : No timezone override file found: /data/misc/zoneinfo/current/icu/icu_tzdata.dat
08-02 12:41:35.805  7846  7846 E memtrack: Couldn't load memtrack module (No such file or directory)
08-02 12:41:35.805  7846  7846 E android.os.Debug: failed to load memtrack module: -2
08-02 12:41:35.806  7846  7846 I Radio-JNI: register_android_hardware_Radio DONE
08-02 12:41:35.813  7846  7846 D AndroidRuntime: Calling main entry com.android.commands.uiautomator.Launcher
08-02 12:41:36.822  2017  2017 D leak-15-43: Eastern Standard Time
08-02 12:41:36.822  2017  2017 D leak-17-43: Eastern Standard Time
08-02 12:41:36.822  2017  2017 D leak-18-43: Eastern Standard Time
08-02 12:41:36.822  2017  2017 D leak-19-43: Eastern Standard Time
08-02 12:41:36.822  2017  2017 D leak-20-43: Eastern Standard Time
08-02 12:41:36.822  2017  2017 D leak-23-43: Eastern Standard Time
08-02 12:41:36.822  2017  2017 D leak-24-43: Eastern Standard Time
08-02 12:41:36.823  2017  2017 D leak-30-43: Eastern Standard Time
08-02 12:41:36.823  2017  2017 D leak-31-43: Eastern Standard Time
08-02 12:41:36.823  2017  2017 D leak-40-43: Eastern Standard Time
08-02 12:41:36.823  2017  2017 D leak-41-43: Eastern Standard Time
08-02 12:41:36.823  2017  2017 D leak-42-43: Eastern Standard Time
08-02 12:41:36.823  2017  2017 D leak-47-43: Eastern Standard Time
08-02 12:41:36.823  2017  2017 D leak-52-43: Eastern Standard Time
08-02 12:41:36.823  2017  2017 D leak-60-43: Eastern Standard Time
08-02 12:41:36.823  2017  2017 D leak-62-43: Eastern Standard Time
08-02 12:41:36.823  2017  2017 D leak-66-43: Eastern Standard Time
08-02 12:41:36.823  2017  2017 D leak-68-43: Eastern Standard Time
08-02 12:41:36.823  2017  2017 D leak-70-43: Eastern Standard Time
08-02 12:41:36.823  2017  2017 D leak-72-43: Eastern Standard Time
08-02 12:41:36.823  2017  2017 D leak-76-43: Eastern Standard Time
08-02 12:41:36.823  2017  2017 D leak-84-43: Eastern Standard Time
08-02 12:41:36.823  2017  2017 D leak-59-12: Eastern Standard Time
08-02 12:41:36.823  2017  2017 D leak-61-12: Eastern Standard Time
08-02 12:41:36.823  2017  2017 D leak-65-12: Eastern Standard Time
08-02 12:41:36.823  2017  2017 D leak-67-12: Eastern Standard Time
08-02 12:41:36.823  2017  2017 D leak-69-12: Eastern Standard Time
08-02 12:41:36.823  2017  2017 D leak-71-12: Eastern Standard Time
08-02 12:41:36.823  2017  2017 D leak-75-12: Eastern Standard Time
08-02 12:41:36.823  2017  2017 D leak-83-12: Eastern Standard Time
08-02 12:41:36.826  7846  7846 W AccessibilityNodeInfoDumper: Fetch time: 2ms
08-02 12:41:36.827   623   751 W WindowManager: Attempted to remove non-existing token: android.os.Binder@faebc63
08-02 12:41:36.841  7846  7846 D AndroidRuntime: Shutting down VM
08-02 12:41:37.924  7872  7872 D AndroidRuntime: >>>>>> START com.android.internal.os.RuntimeInit uid 0 <<<<<<
08-02 12:41:37.925  7872  7872 D AndroidRuntime: CheckJNI is OFF
08-02 12:41:37.934  7872  7872 D ICU     : No timezone override file found: /data/misc/zoneinfo/current/icu/icu_tzdata.dat
08-02 12:41:37.946  7872  7872 E memtrack: Couldn't load memtrack module (No such file or directory)
08-02 12:41:37.946  7872  7872 E android.os.Debug: failed to load memtrack module: -2
08-02 12:41:37.947  7872  7872 I Radio-JNI: register_android_hardware_Radio DONE
08-02 12:41:37.953  7872  7872 D AndroidRuntime: Calling main entry com.android.commands.uiautomator.Launcher
08-02 12:41:38.962  2017  2017 D leak-15-43: Eastern Standard Time
08-02 12:41:38.962  2017  2017 D leak-17-43: Eastern Standard Time
08-02 12:41:38.962  2017  2017 D leak-18-43: Eastern Standard Time
08-02 12:41:38.962  2017  2017 D leak-19-43: Eastern Standard Time
08-02 12:41:38.962  2017  2017 D leak-20-43: Eastern Standard Time
08-02 12:41:38.962  2017  2017 D leak-23-43: Eastern Standard Time
08-02 12:41:38.962  2017  2017 D leak-24-43: Eastern Standard Time
08-02 12:41:38.962  2017  2017 D leak-30-43: Eastern Standard Time
08-02 12:41:38.962  2017  2017 D leak-31-43: Eastern Standard Time
08-02 12:41:38.962  2017  2017 D leak-40-43: Eastern Standard Time
08-02 12:41:38.962  2017  2017 D leak-41-43: Eastern Standard Time
08-02 12:41:38.962  2017  2017 D leak-42-43: Eastern Standard Time
08-02 12:41:38.962  2017  2017 D leak-47-43: Eastern Standard Time
08-02 12:41:38.962  2017  2017 D leak-52-43: Eastern Standard Time
08-02 12:41:38.962  2017  2017 D leak-60-43: Eastern Standard Time
08-02 12:41:38.962  2017  2017 D leak-62-43: Eastern Standard Time
08-02 12:41:38.962  2017  2017 D leak-66-43: Eastern Standard Time
08-02 12:41:38.962  2017  2017 D leak-68-43: Eastern Standard Time
08-02 12:41:38.962  2017  2017 D leak-70-43: Eastern Standard Time
08-02 12:41:38.962  2017  2017 D leak-72-43: Eastern Standard Time
08-02 12:41:38.962  2017  2017 D leak-76-43: Eastern Standard Time
08-02 12:41:38.962  2017  2017 D leak-84-43: Eastern Standard Time
08-02 12:41:38.962  2017  2017 D leak-59-12: Eastern Standard Time
08-02 12:41:38.962  2017  2017 D leak-61-12: Eastern Standard Time
08-02 12:41:38.962  2017  2017 D leak-65-12: Eastern Standard Time
08-02 12:41:38.962  2017  2017 D leak-67-12: Eastern Standard Time
08-02 12:41:38.962  2017  2017 D leak-69-12: Eastern Standard Time
08-02 12:41:38.962  2017  2017 D leak-71-12: Eastern Standard Time
08-02 12:41:38.962  2017  2017 D leak-75-12: Eastern Standard Time
08-02 12:41:38.962  2017  2017 D leak-83-12: Eastern Standard Time
08-02 12:41:38.972  7872  7872 W AccessibilityNodeInfoDumper: Fetch time: 2ms
08-02 12:41:38.972   623  1025 W WindowManager: Attempted to remove non-existing token: android.os.Binder@25e9060
08-02 12:41:38.983  7872  7872 D AndroidRuntime: Shutting down VM
08-02 12:41:39.477  7890  7890 D AndroidRuntime: >>>>>> START com.android.internal.os.RuntimeInit uid 0 <<<<<<
08-02 12:41:39.478  7890  7890 D AndroidRuntime: CheckJNI is OFF
08-02 12:41:39.487  7890  7890 D ICU     : No timezone override file found: /data/misc/zoneinfo/current/icu/icu_tzdata.dat
08-02 12:41:39.498  7890  7890 E memtrack: Couldn't load memtrack module (No such file or directory)
08-02 12:41:39.498  7890  7890 E android.os.Debug: failed to load memtrack module: -2
08-02 12:41:39.499  7890  7890 I Radio-JNI: register_android_hardware_Radio DONE
08-02 12:41:39.505  7890  7890 D AndroidRuntime: Calling main entry com.android.commands.uiautomator.Launcher
08-02 12:41:40.514  2017  2017 D leak-15-43: Eastern Standard Time
08-02 12:41:40.514  2017  2017 D leak-17-43: Eastern Standard Time
08-02 12:41:40.514  2017  2017 D leak-18-43: Eastern Standard Time
08-02 12:41:40.514  2017  2017 D leak-19-43: Eastern Standard Time
08-02 12:41:40.514  2017  2017 D leak-20-43: Eastern Standard Time
08-02 12:41:40.514  2017  2017 D leak-23-43: Eastern Standard Time
08-02 12:41:40.514  2017  2017 D leak-24-43: Eastern Standard Time
08-02 12:41:40.514  2017  2017 D leak-30-43: Eastern Standard Time
08-02 12:41:40.514  2017  2017 D leak-31-43: Eastern Standard Time
08-02 12:41:40.515  2017  2017 D leak-40-43: Eastern Standard Time
08-02 12:41:40.515  2017  2017 D leak-41-43: Eastern Standard Time
08-02 12:41:40.515  2017  2017 D leak-42-43: Eastern Standard Time
08-02 12:41:40.515  2017  2017 D leak-47-43: Eastern Standard Time
08-02 12:41:40.515  2017  2017 D leak-52-43: Eastern Standard Time
08-02 12:41:40.515  2017  2017 D leak-60-43: Eastern Standard Time
08-02 12:41:40.515  2017  2017 D leak-62-43: Eastern Standard Time
08-02 12:41:40.515  2017  2017 D leak-66-43: Eastern Standard Time
08-02 12:41:40.515  2017  2017 D leak-68-43: Eastern Standard Time
08-02 12:41:40.515  2017  2017 D leak-70-43: Eastern Standard Time
08-02 12:41:40.515  2017  2017 D leak-72-43: Eastern Standard Time
08-02 12:41:40.515  2017  2017 D leak-76-43: Eastern Standard Time
08-02 12:41:40.515  2017  2017 D leak-84-43: Eastern Standard Time
08-02 12:41:40.515  2017  2017 D leak-59-12: Eastern Standard Time
08-02 12:41:40.515  2017  2017 D leak-61-12: Eastern Standard Time
08-02 12:41:40.515  2017  2017 D leak-65-12: Eastern Standard Time
08-02 12:41:40.515  2017  2017 D leak-67-12: Eastern Standard Time
08-02 12:41:40.515  2017  2017 D leak-69-12: Eastern Standard Time
08-02 12:41:40.515  2017  2017 D leak-71-12: Eastern Standard Time
08-02 12:41:40.515  2017  2017 D leak-75-12: Eastern Standard Time
08-02 12:41:40.515  2017  2017 D leak-83-12: Eastern Standard Time
08-02 12:41:40.519  7890  7890 W AccessibilityNodeInfoDumper: Fetch time: 1ms
08-02 12:41:40.520   623  1056 W WindowManager: Attempted to remove non-existing token: android.os.Binder@c3f0dde
08-02 12:41:40.528  7890  7890 D AndroidRuntime: Shutting down VM
08-02 12:41:41.582  7913  7913 D AndroidRuntime: >>>>>> START com.android.internal.os.RuntimeInit uid 0 <<<<<<
08-02 12:41:41.583  7913  7913 D AndroidRuntime: CheckJNI is OFF
08-02 12:41:41.592  7913  7913 D ICU     : No timezone override file found: /data/misc/zoneinfo/current/icu/icu_tzdata.dat
08-02 12:41:41.604  7913  7913 E memtrack: Couldn't load memtrack module (No such file or directory)
08-02 12:41:41.604  7913  7913 E android.os.Debug: failed to load memtrack module: -2
08-02 12:41:41.604  7913  7913 I Radio-JNI: register_android_hardware_Radio DONE
08-02 12:41:41.610  7913  7913 D AndroidRuntime: Calling main entry com.android.commands.uiautomator.Launcher
08-02 12:41:42.627  2017  2017 D leak-15-43: Eastern Standard Time
08-02 12:41:42.627  2017  2017 D leak-17-43: Eastern Standard Time
08-02 12:41:42.627  2017  2017 D leak-18-43: Eastern Standard Time
08-02 12:41:42.627  2017  2017 D leak-19-43: Eastern Standard Time
08-02 12:41:42.627  2017  2017 D leak-20-43: Eastern Standard Time
08-02 12:41:42.627  2017  2017 D leak-23-43: Eastern Standard Time
08-02 12:41:42.627  2017  2017 D leak-24-43: Eastern Standard Time
08-02 12:41:42.627  2017  2017 D leak-30-43: Eastern Standard Time
08-02 12:41:42.627  2017  2017 D leak-31-43: Eastern Standard Time
08-02 12:41:42.627  2017  2017 D leak-40-43: Eastern Standard Time
08-02 12:41:42.627  2017  2017 D leak-41-43: Eastern Standard Time
08-02 12:41:42.627  2017  2017 D leak-42-43: Eastern Standard Time
08-02 12:41:42.627  2017  2017 D leak-47-43: Eastern Standard Time
08-02 12:41:42.627  2017  2017 D leak-52-43: Eastern Standard Time
08-02 12:41:42.627  2017  2017 D leak-60-43: Eastern Standard Time
08-02 12:41:42.627  2017  2017 D leak-62-43: Eastern Standard Time
08-02 12:41:42.627  2017  2017 D leak-66-43: Eastern Standard Time
08-02 12:41:42.627  2017  2017 D leak-68-43: Eastern Standard Time
08-02 12:41:42.627  2017  2017 D leak-70-43: Eastern Standard Time
08-02 12:41:42.627  2017  2017 D leak-72-43: Eastern Standard Time
08-02 12:41:42.627  2017  2017 D leak-76-43: Eastern Standard Time
08-02 12:41:42.627  2017  2017 D leak-84-43: Eastern Standard Time
08-02 12:41:42.627  2017  2017 D leak-59-12: Eastern Standard Time
08-02 12:41:42.627  2017  2017 D leak-61-12: Eastern Standard Time
08-02 12:41:42.627  2017  2017 D leak-65-12: Eastern Standard Time
08-02 12:41:42.627  2017  2017 D leak-67-12: Eastern Standard Time
08-02 12:41:42.627  2017  2017 D leak-69-12: Eastern Standard Time
08-02 12:41:42.627  2017  2017 D leak-71-12: Eastern Standard Time
08-02 12:41:42.627  2017  2017 D leak-75-12: Eastern Standard Time
08-02 12:41:42.627  2017  2017 D leak-83-12: Eastern Standard Time
08-02 12:41:42.631  7913  7913 W AccessibilityNodeInfoDumper: Fetch time: 0ms
08-02 12:41:42.631   623  1643 W WindowManager: Attempted to remove non-existing token: android.os.Binder@4c6bbbf
08-02 12:41:42.643  7913  7913 D AndroidRuntime: Shutting down VM
08-02 12:41:43.111  7931  7931 D AndroidRuntime: >>>>>> START com.android.internal.os.RuntimeInit uid 0 <<<<<<
08-02 12:41:43.112  7931  7931 D AndroidRuntime: CheckJNI is OFF
08-02 12:41:43.120  7931  7931 D ICU     : No timezone override file found: /data/misc/zoneinfo/current/icu/icu_tzdata.dat
08-02 12:41:43.133  7931  7931 E memtrack: Couldn't load memtrack module (No such file or directory)
08-02 12:41:43.133  7931  7931 E android.os.Debug: failed to load memtrack module: -2
08-02 12:41:43.134  7931  7931 I Radio-JNI: register_android_hardware_Radio DONE
08-02 12:41:43.140  7931  7931 D AndroidRuntime: Calling main entry com.android.commands.uiautomator.Launcher
08-02 12:41:44.147  2017  2017 D leak-15-43: Eastern Standard Time
08-02 12:41:44.147  2017  2017 D leak-17-43: Eastern Standard Time
08-02 12:41:44.147  2017  2017 D leak-18-43: Eastern Standard Time
08-02 12:41:44.147  2017  2017 D leak-19-43: Eastern Standard Time
08-02 12:41:44.147  2017  2017 D leak-20-43: Eastern Standard Time
08-02 12:41:44.147  2017  2017 D leak-23-43: Eastern Standard Time
08-02 12:41:44.147  2017  2017 D leak-24-43: Eastern Standard Time
08-02 12:41:44.147  2017  2017 D leak-30-43: Eastern Standard Time
08-02 12:41:44.147  2017  2017 D leak-31-43: Eastern Standard Time
08-02 12:41:44.147  2017  2017 D leak-40-43: Eastern Standard Time
08-02 12:41:44.147  2017  2017 D leak-41-43: Eastern Standard Time
08-02 12:41:44.147  2017  2017 D leak-42-43: Eastern Standard Time
08-02 12:41:44.147  2017  2017 D leak-47-43: Eastern Standard Time
08-02 12:41:44.147  2017  2017 D leak-52-43: Eastern Standard Time
08-02 12:41:44.147  2017  2017 D leak-60-43: Eastern Standard Time
08-02 12:41:44.147  2017  2017 D leak-62-43: Eastern Standard Time
08-02 12:41:44.147  2017  2017 D leak-66-43: Eastern Standard Time
08-02 12:41:44.147  2017  2017 D leak-68-43: Eastern Standard Time
08-02 12:41:44.147  2017  2017 D leak-70-43: Eastern Standard Time
08-02 12:41:44.147  2017  2017 D leak-72-43: Eastern Standard Time
08-02 12:41:44.147  2017  2017 D leak-76-43: Eastern Standard Time
08-02 12:41:44.147  2017  2017 D leak-84-43: Eastern Standard Time
08-02 12:41:44.147  2017  2017 D leak-59-12: Eastern Standard Time
08-02 12:41:44.147  2017  2017 D leak-61-12: Eastern Standard Time
08-02 12:41:44.147  2017  2017 D leak-65-12: Eastern Standard Time
08-02 12:41:44.147  2017  2017 D leak-67-12: Eastern Standard Time
08-02 12:41:44.147  2017  2017 D leak-69-12: Eastern Standard Time
08-02 12:41:44.147  2017  2017 D leak-71-12: Eastern Standard Time
08-02 12:41:44.147  2017  2017 D leak-75-12: Eastern Standard Time
08-02 12:41:44.147  2017  2017 D leak-83-12: Eastern Standard Time
08-02 12:41:44.159  7931  7931 W AccessibilityNodeInfoDumper: Fetch time: 2ms
08-02 12:41:44.160   623  1025 W WindowManager: Attempted to remove non-existing token: android.os.Binder@a8c528c
08-02 12:41:44.171  7931  7931 D AndroidRuntime: Shutting down VM
08-02 12:41:45.218  7954  7954 D AndroidRuntime: >>>>>> START com.android.internal.os.RuntimeInit uid 0 <<<<<<
08-02 12:41:45.219  7954  7954 D AndroidRuntime: CheckJNI is OFF
08-02 12:41:45.230  7954  7954 D ICU     : No timezone override file found: /data/misc/zoneinfo/current/icu/icu_tzdata.dat
08-02 12:41:45.244  7954  7954 E memtrack: Couldn't load memtrack module (No such file or directory)
08-02 12:41:45.244  7954  7954 E android.os.Debug: failed to load memtrack module: -2
08-02 12:41:45.245  7954  7954 I Radio-JNI: register_android_hardware_Radio DONE
08-02 12:41:45.251  7954  7954 D AndroidRuntime: Calling main entry com.android.commands.uiautomator.Launcher
08-02 12:41:46.260  2017  2017 D leak-15-43: Eastern Standard Time
08-02 12:41:46.260  2017  2017 D leak-17-43: Eastern Standard Time
08-02 12:41:46.260  2017  2017 D leak-18-43: Eastern Standard Time
08-02 12:41:46.260  2017  2017 D leak-19-43: Eastern Standard Time
08-02 12:41:46.260  2017  2017 D leak-20-43: Eastern Standard Time
08-02 12:41:46.260  2017  2017 D leak-23-43: Eastern Standard Time
08-02 12:41:46.260  2017  2017 D leak-24-43: Eastern Standard Time
08-02 12:41:46.260  2017  2017 D leak-30-43: Eastern Standard Time
08-02 12:41:46.260  2017  2017 D leak-31-43: Eastern Standard Time
08-02 12:41:46.260  2017  2017 D leak-40-43: Eastern Standard Time
08-02 12:41:46.260  2017  2017 D leak-41-43: Eastern Standard Time
08-02 12:41:46.260  2017  2017 D leak-42-43: Eastern Standard Time
08-02 12:41:46.260  2017  2017 D leak-47-43: Eastern Standard Time
08-02 12:41:46.260  2017  2017 D leak-52-43: Eastern Standard Time
08-02 12:41:46.260  2017  2017 D leak-60-43: Eastern Standard Time
08-02 12:41:46.260  2017  2017 D leak-62-43: Eastern Standard Time
08-02 12:41:46.260  2017  2017 D leak-66-43: Eastern Standard Time
08-02 12:41:46.260  2017  2017 D leak-68-43: Eastern Standard Time
08-02 12:41:46.260  2017  2017 D leak-70-43: Eastern Standard Time
08-02 12:41:46.260  2017  2017 D leak-72-43: Eastern Standard Time
08-02 12:41:46.260  2017  2017 D leak-76-43: Eastern Standard Time
08-02 12:41:46.260  2017  2017 D leak-84-43: Eastern Standard Time
08-02 12:41:46.260  2017  2017 D leak-59-12: Eastern Standard Time
08-02 12:41:46.260  2017  2017 D leak-61-12: Eastern Standard Time
08-02 12:41:46.260  2017  2017 D leak-65-12: Eastern Standard Time
08-02 12:41:46.260  2017  2017 D leak-67-12: Eastern Standard Time
08-02 12:41:46.260  2017  2017 D leak-69-12: Eastern Standard Time
08-02 12:41:46.260  2017  2017 D leak-71-12: Eastern Standard Time
08-02 12:41:46.260  2017  2017 D leak-75-12: Eastern Standard Time
08-02 12:41:46.260  2017  2017 D leak-83-12: Eastern Standard Time
08-02 12:41:46.267  7954  7954 W AccessibilityNodeInfoDumper: Fetch time: 1ms
08-02 12:41:46.267   623  1644 W WindowManager: Attempted to remove non-existing token: android.os.Binder@32dfdd5
08-02 12:41:46.278  7954  7954 D AndroidRuntime: Shutting down VM
08-02 12:41:46.722  7972  7972 D AndroidRuntime: >>>>>> START com.android.internal.os.RuntimeInit uid 0 <<<<<<
08-02 12:41:46.723  7972  7972 D AndroidRuntime: CheckJNI is OFF
08-02 12:41:46.733  7972  7972 D ICU     : No timezone override file found: /data/misc/zoneinfo/current/icu/icu_tzdata.dat
08-02 12:41:46.745  7972  7972 E memtrack: Couldn't load memtrack module (No such file or directory)
08-02 12:41:46.745  7972  7972 E android.os.Debug: failed to load memtrack module: -2
08-02 12:41:46.746  7972  7972 I Radio-JNI: register_android_hardware_Radio DONE
08-02 12:41:46.753  7972  7972 D AndroidRuntime: Calling main entry com.android.commands.uiautomator.Launcher
08-02 12:41:47.761  2017  2017 D leak-15-43: Eastern Standard Time
08-02 12:41:47.761  2017  2017 D leak-17-43: Eastern Standard Time
08-02 12:41:47.761  2017  2017 D leak-18-43: Eastern Standard Time
08-02 12:41:47.761  2017  2017 D leak-19-43: Eastern Standard Time
08-02 12:41:47.761  2017  2017 D leak-20-43: Eastern Standard Time
08-02 12:41:47.761  2017  2017 D leak-23-43: Eastern Standard Time
08-02 12:41:47.761  2017  2017 D leak-24-43: Eastern Standard Time
08-02 12:41:47.761  2017  2017 D leak-30-43: Eastern Standard Time
08-02 12:41:47.761  2017  2017 D leak-31-43: Eastern Standard Time
08-02 12:41:47.761  2017  2017 D leak-40-43: Eastern Standard Time
08-02 12:41:47.761  2017  2017 D leak-41-43: Eastern Standard Time
08-02 12:41:47.761  2017  2017 D leak-42-43: Eastern Standard Time
08-02 12:41:47.761  2017  2017 D leak-47-43: Eastern Standard Time
08-02 12:41:47.761  2017  2017 D leak-52-43: Eastern Standard Time
08-02 12:41:47.761  2017  2017 D leak-60-43: Eastern Standard Time
08-02 12:41:47.761  2017  2017 D leak-62-43: Eastern Standard Time
08-02 12:41:47.761  2017  2017 D leak-66-43: Eastern Standard Time
08-02 12:41:47.761  2017  2017 D leak-68-43: Eastern Standard Time
08-02 12:41:47.761  2017  2017 D leak-70-43: Eastern Standard Time
08-02 12:41:47.761  2017  2017 D leak-72-43: Eastern Standard Time
08-02 12:41:47.761  2017  2017 D leak-76-43: Eastern Standard Time
08-02 12:41:47.761  2017  2017 D leak-84-43: Eastern Standard Time
08-02 12:41:47.761  2017  2017 D leak-59-12: Eastern Standard Time
08-02 12:41:47.761  2017  2017 D leak-61-12: Eastern Standard Time
08-02 12:41:47.761  2017  2017 D leak-65-12: Eastern Standard Time
08-02 12:41:47.761  2017  2017 D leak-67-12: Eastern Standard Time
08-02 12:41:47.761  2017  2017 D leak-69-12: Eastern Standard Time
08-02 12:41:47.761  2017  2017 D leak-71-12: Eastern Standard Time
08-02 12:41:47.761  2017  2017 D leak-75-12: Eastern Standard Time
08-02 12:41:47.761  2017  2017 D leak-83-12: Eastern Standard Time
08-02 12:41:47.765  7972  7972 W AccessibilityNodeInfoDumper: Fetch time: 1ms
08-02 12:41:47.765   623   838 W WindowManager: Attempted to remove non-existing token: android.os.Binder@5aa29ea
08-02 12:41:47.780  7972  7972 D AndroidRuntime: Shutting down VM
08-02 12:41:48.851  7997  7997 D AndroidRuntime: >>>>>> START com.android.internal.os.RuntimeInit uid 0 <<<<<<
08-02 12:41:48.852  7997  7997 D AndroidRuntime: CheckJNI is OFF
08-02 12:41:48.859  7997  7997 D ICU     : No timezone override file found: /data/misc/zoneinfo/current/icu/icu_tzdata.dat
08-02 12:41:48.871  7997  7997 E memtrack: Couldn't load memtrack module (No such file or directory)
08-02 12:41:48.871  7997  7997 E android.os.Debug: failed to load memtrack module: -2
08-02 12:41:48.872  7997  7997 I Radio-JNI: register_android_hardware_Radio DONE
08-02 12:41:48.877  7997  7997 D AndroidRuntime: Calling main entry com.android.commands.uiautomator.Launcher
08-02 12:41:49.883  2017  2017 D leak-15-43: Eastern Standard Time
08-02 12:41:49.883  2017  2017 D leak-17-43: Eastern Standard Time
08-02 12:41:49.883  2017  2017 D leak-18-43: Eastern Standard Time
08-02 12:41:49.883  2017  2017 D leak-19-43: Eastern Standard Time
08-02 12:41:49.883  2017  2017 D leak-20-43: Eastern Standard Time
08-02 12:41:49.883  2017  2017 D leak-23-43: Eastern Standard Time
08-02 12:41:49.883  2017  2017 D leak-24-43: Eastern Standard Time
08-02 12:41:49.883  2017  2017 D leak-30-43: Eastern Standard Time
08-02 12:41:49.883  2017  2017 D leak-31-43: Eastern Standard Time
08-02 12:41:49.883  2017  2017 D leak-40-43: Eastern Standard Time
08-02 12:41:49.883  2017  2017 D leak-41-43: Eastern Standard Time
08-02 12:41:49.883  2017  2017 D leak-42-43: Eastern Standard Time
08-02 12:41:49.883  2017  2017 D leak-47-43: Eastern Standard Time
08-02 12:41:49.883  2017  2017 D leak-52-43: Eastern Standard Time
08-02 12:41:49.883  2017  2017 D leak-60-43: Eastern Standard Time
08-02 12:41:49.883  2017  2017 D leak-62-43: Eastern Standard Time
08-02 12:41:49.883  2017  2017 D leak-66-43: Eastern Standard Time
08-02 12:41:49.883  2017  2017 D leak-68-43: Eastern Standard Time
08-02 12:41:49.883  2017  2017 D leak-70-43: Eastern Standard Time
08-02 12:41:49.883  2017  2017 D leak-72-43: Eastern Standard Time
08-02 12:41:49.883  2017  2017 D leak-76-43: Eastern Standard Time
08-02 12:41:49.884  2017  2017 D leak-84-43: Eastern Standard Time
08-02 12:41:49.884  2017  2017 D leak-59-12: Eastern Standard Time
08-02 12:41:49.884  2017  2017 D leak-61-12: Eastern Standard Time
08-02 12:41:49.884  2017  2017 D leak-65-12: Eastern Standard Time
08-02 12:41:49.884  2017  2017 D leak-67-12: Eastern Standard Time
08-02 12:41:49.884  2017  2017 D leak-69-12: Eastern Standard Time
08-02 12:41:49.884  2017  2017 D leak-71-12: Eastern Standard Time
08-02 12:41:49.884  2017  2017 D leak-75-12: Eastern Standard Time
08-02 12:41:49.884  2017  2017 D leak-83-12: Eastern Standard Time
08-02 12:41:49.892  7997  7997 W AccessibilityNodeInfoDumper: Fetch time: 2ms
08-02 12:41:49.892   623  1715 W WindowManager: Attempted to remove non-existing token: android.os.Binder@73554db
08-02 12:41:49.909  7997  7997 D AndroidRuntime: Shutting down VM
08-02 12:41:50.386  8015  8015 D AndroidRuntime: >>>>>> START com.android.internal.os.RuntimeInit uid 0 <<<<<<
08-02 12:41:50.387  8015  8015 D AndroidRuntime: CheckJNI is OFF
08-02 12:41:50.395  8015  8015 D ICU     : No timezone override file found: /data/misc/zoneinfo/current/icu/icu_tzdata.dat
08-02 12:41:50.407  8015  8015 E memtrack: Couldn't load memtrack module (No such file or directory)
08-02 12:41:50.407  8015  8015 E android.os.Debug: failed to load memtrack module: -2
08-02 12:41:50.407  8015  8015 I Radio-JNI: register_android_hardware_Radio DONE
08-02 12:41:50.414  8015  8015 D AndroidRuntime: Calling main entry com.android.commands.uiautomator.Launcher
08-02 12:41:51.430  2017  2017 D leak-15-43: Eastern Standard Time
08-02 12:41:51.430  2017  2017 D leak-17-43: Eastern Standard Time
08-02 12:41:51.430  2017  2017 D leak-18-43: Eastern Standard Time
08-02 12:41:51.430  2017  2017 D leak-19-43: Eastern Standard Time
08-02 12:41:51.430  2017  2017 D leak-20-43: Eastern Standard Time
08-02 12:41:51.430  2017  2017 D leak-23-43: Eastern Standard Time
08-02 12:41:51.430  2017  2017 D leak-24-43: Eastern Standard Time
08-02 12:41:51.430  2017  2017 D leak-30-43: Eastern Standard Time
08-02 12:41:51.430  2017  2017 D leak-31-43: Eastern Standard Time
08-02 12:41:51.430  2017  2017 D leak-40-43: Eastern Standard Time
08-02 12:41:51.430  2017  2017 D leak-41-43: Eastern Standard Time
08-02 12:41:51.430  2017  2017 D leak-42-43: Eastern Standard Time
08-02 12:41:51.430  2017  2017 D leak-47-43: Eastern Standard Time
08-02 12:41:51.430  2017  2017 D leak-52-43: Eastern Standard Time
08-02 12:41:51.430  2017  2017 D leak-60-43: Eastern Standard Time
08-02 12:41:51.430  2017  2017 D leak-62-43: Eastern Standard Time
08-02 12:41:51.430  2017  2017 D leak-66-43: Eastern Standard Time
08-02 12:41:51.430  2017  2017 D leak-68-43: Eastern Standard Time
08-02 12:41:51.430  2017  2017 D leak-70-43: Eastern Standard Time
08-02 12:41:51.430  2017  2017 D leak-72-43: Eastern Standard Time
08-02 12:41:51.430  2017  2017 D leak-76-43: Eastern Standard Time
08-02 12:41:51.430  2017  2017 D leak-84-43: Eastern Standard Time
08-02 12:41:51.430  2017  2017 D leak-59-12: Eastern Standard Time
08-02 12:41:51.430  2017  2017 D leak-61-12: Eastern Standard Time
08-02 12:41:51.430  2017  2017 D leak-65-12: Eastern Standard Time
08-02 12:41:51.430  2017  2017 D leak-67-12: Eastern Standard Time
08-02 12:41:51.430  2017  2017 D leak-69-12: Eastern Standard Time
08-02 12:41:51.430  2017  2017 D leak-71-12: Eastern Standard Time
08-02 12:41:51.430  2017  2017 D leak-75-12: Eastern Standard Time
08-02 12:41:51.430  2017  2017 D leak-83-12: Eastern Standard Time
08-02 12:41:51.434  8015  8015 W AccessibilityNodeInfoDumper: Fetch time: 0ms
08-02 12:41:51.435   623  1644 W WindowManager: Attempted to remove non-existing token: android.os.Binder@65da251
08-02 12:41:51.442  8015  8015 D AndroidRuntime: Shutting down VM
08-02 12:41:51.856  8029  8029 D AndroidRuntime: >>>>>> START com.android.internal.os.RuntimeInit uid 0 <<<<<<
08-02 12:41:51.857  8029  8029 D AndroidRuntime: CheckJNI is OFF
08-02 12:41:51.867  8029  8029 D ICU     : No timezone override file found: /data/misc/zoneinfo/current/icu/icu_tzdata.dat
08-02 12:41:51.878  8029  8029 E memtrack: Couldn't load memtrack module (No such file or directory)
08-02 12:41:51.878  8029  8029 E android.os.Debug: failed to load memtrack module: -2
08-02 12:41:51.879  8029  8029 I Radio-JNI: register_android_hardware_Radio DONE
08-02 12:41:51.888  8029  8029 D AndroidRuntime: Calling main entry com.android.commands.input.Input
08-02 12:41:51.891  8029  8029 I Input   : injectMotionEvent: MotionEvent { action=ACTION_DOWN, actionButton=0, id[0]=0, x[0]=600.0, y[0]=1000.0, toolType[0]=TOOL_TYPE_UNKNOWN, buttonState=0, metaState=0, flags=0x0, edgeFlags=0x0, pointerCount=1, historySize=0, eventTime=521932, downTime=521932, deviceId=0, source=0x1002 }
08-02 12:41:51.903  8029  8029 I Input   : injectMotionEvent: MotionEvent { action=ACTION_UP, actionButton=0, id[0]=0, x[0]=600.0, y[0]=1000.0, toolType[0]=TOOL_TYPE_UNKNOWN, buttonState=0, metaState=0, flags=0x0, edgeFlags=0x0, pointerCount=1, historySize=0, eventTime=521932, downTime=521932, deviceId=0, source=0x1002 }
08-02 12:41:51.904  8029  8029 D AndroidRuntime: Shutting down VM
08-02 12:41:56.289  8363  8363 D AndroidRuntime: >>>>>> START com.android.internal.os.RuntimeInit uid 0 <<<<<<
08-02 12:41:56.290  8363  8363 D AndroidRuntime: CheckJNI is OFF
08-02 12:41:56.300  8363  8363 D ICU     : No timezone override file found: /data/misc/zoneinfo/current/icu/icu_tzdata.dat
08-02 12:41:56.312  8363  8363 E memtrack: Couldn't load memtrack module (No such file or directory)
08-02 12:41:56.313  8363  8363 E android.os.Debug: failed to load memtrack module: -2
08-02 12:41:56.313  8363  8363 I Radio-JNI: register_android_hardware_Radio DONE
08-02 12:41:56.320  8363  8363 D AndroidRuntime: Calling main entry com.android.commands.uiautomator.Launcher
08-02 12:41:57.379  2017  2017 D leak-15-43: Eastern Standard Time
08-02 12:41:57.379  2017  2017 D leak-17-43: Eastern Standard Time
08-02 12:41:57.379  2017  2017 D leak-18-43: Eastern Standard Time
08-02 12:41:57.379  2017  2017 D leak-19-43: Eastern Standard Time
08-02 12:41:57.379  2017  2017 D leak-20-43: Eastern Standard Time
08-02 12:41:57.379  2017  2017 D leak-23-43: Eastern Standard Time
08-02 12:41:57.379  2017  2017 D leak-24-43: Eastern Standard Time
08-02 12:41:57.379  2017  2017 D leak-30-43: Eastern Standard Time
08-02 12:41:57.379  2017  2017 D leak-31-43: Eastern Standard Time
08-02 12:41:57.379  2017  2017 D leak-40-43: Eastern Standard Time
08-02 12:41:57.379  2017  2017 D leak-41-43: Eastern Standard Time
08-02 12:41:57.379  2017  2017 D leak-42-43: Eastern Standard Time
08-02 12:41:57.379  2017  2017 D leak-47-43: Eastern Standard Time
08-02 12:41:57.379  2017  2017 D leak-52-43: Eastern Standard Time
08-02 12:41:57.379  2017  2017 D leak-60-43: Eastern Standard Time
08-02 12:41:57.379  2017  2017 D leak-62-43: Eastern Standard Time
08-02 12:41:57.379  2017  2017 D leak-66-43: Eastern Standard Time
08-02 12:41:57.379  2017  2017 D leak-68-43: Eastern Standard Time
08-02 12:41:57.379  2017  2017 D leak-70-43: Eastern Standard Time
08-02 12:41:57.379  2017  2017 D leak-72-43: Eastern Standard Time
08-02 12:41:57.379  2017  2017 D leak-76-43: Eastern Standard Time
08-02 12:41:57.379  2017  2017 D leak-84-43: Eastern Standard Time
08-02 12:41:57.379  2017  2017 D leak-59-12: Eastern Standard Time
08-02 12:41:57.379  2017  2017 D leak-61-12: Eastern Standard Time
08-02 12:41:57.379  2017  2017 D leak-65-12: Eastern Standard Time
08-02 12:41:57.379  2017  2017 D leak-67-12: Eastern Standard Time
08-02 12:41:57.379  2017  2017 D leak-69-12: Eastern Standard Time
08-02 12:41:57.379  2017  2017 D leak-71-12: Eastern Standard Time
08-02 12:41:57.379  2017  2017 D leak-75-12: Eastern Standard Time
08-02 12:41:57.379  2017  2017 D leak-83-12: Eastern Standard Time
08-02 12:41:57.385  8363  8363 W AccessibilityNodeInfoDumper: Fetch time: 1ms
08-02 12:41:57.385   623   838 W WindowManager: Attempted to remove non-existing token: android.os.Binder@8f8fab6
08-02 12:41:57.394  8363  8363 D AndroidRuntime: Shutting down VM
08-02 12:41:58.438  8386  8386 D AndroidRuntime: >>>>>> START com.android.internal.os.RuntimeInit uid 0 <<<<<<
08-02 12:41:58.440  8386  8386 D AndroidRuntime: CheckJNI is OFF
08-02 12:41:58.448  8386  8386 D ICU     : No timezone override file found: /data/misc/zoneinfo/current/icu/icu_tzdata.dat
08-02 12:41:58.460  8386  8386 E memtrack: Couldn't load memtrack module (No such file or directory)
08-02 12:41:58.460  8386  8386 E android.os.Debug: failed to load memtrack module: -2
08-02 12:41:58.461  8386  8386 I Radio-JNI: register_android_hardware_Radio DONE
08-02 12:41:58.466  8386  8386 D AndroidRuntime: Calling main entry com.android.commands.uiautomator.Launcher
08-02 12:41:59.477  2017  2017 D leak-15-43: Eastern Standard Time
08-02 12:41:59.477  2017  2017 D leak-17-43: Eastern Standard Time
08-02 12:41:59.477  2017  2017 D leak-18-43: Eastern Standard Time
08-02 12:41:59.477  2017  2017 D leak-19-43: Eastern Standard Time
08-02 12:41:59.477  2017  2017 D leak-20-43: Eastern Standard Time
08-02 12:41:59.477  2017  2017 D leak-23-43: Eastern Standard Time
08-02 12:41:59.477  2017  2017 D leak-24-43: Eastern Standard Time
08-02 12:41:59.477  2017  2017 D leak-30-43: Eastern Standard Time
08-02 12:41:59.477  2017  2017 D leak-31-43: Eastern Standard Time
08-02 12:41:59.477  2017  2017 D leak-40-43: Eastern Standard Time
08-02 12:41:59.477  2017  2017 D leak-41-43: Eastern Standard Time
08-02 12:41:59.477  2017  2017 D leak-42-43: Eastern Standard Time
08-02 12:41:59.477  2017  2017 D leak-47-43: Eastern Standard Time
08-02 12:41:59.477  2017  2017 D leak-52-43: Eastern Standard Time
08-02 12:41:59.477  2017  2017 D leak-60-43: Eastern Standard Time
08-02 12:41:59.477  2017  2017 D leak-62-43: Eastern Standard Time
08-02 12:41:59.477  2017  2017 D leak-66-43: Eastern Standard Time
08-02 12:41:59.477  2017  2017 D leak-68-43: Eastern Standard Time
08-02 12:41:59.477  2017  2017 D leak-70-43: Eastern Standard Time
08-02 12:41:59.477  2017  2017 D leak-72-43: Eastern Standard Time
08-02 12:41:59.477  2017  2017 D leak-76-43: Eastern Standard Time
08-02 12:41:59.477  2017  2017 D leak-84-43: Eastern Standard Time
08-02 12:41:59.477  2017  2017 D leak-59-12: Eastern Standard Time
08-02 12:41:59.477  2017  2017 D leak-61-12: Eastern Standard Time
08-02 12:41:59.477  2017  2017 D leak-65-12: Eastern Standard Time
08-02 12:41:59.477  2017  2017 D leak-67-12: Eastern Standard Time
08-02 12:41:59.477  2017  2017 D leak-69-12: Eastern Standard Time
08-02 12:41:59.477  2017  2017 D leak-71-12: Eastern Standard Time
08-02 12:41:59.477  2017  2017 D leak-75-12: Eastern Standard Time
08-02 12:41:59.477  2017  2017 D leak-83-12: Eastern Standard Time
08-02 12:41:59.487  8386  8386 W AccessibilityNodeInfoDumper: Fetch time: 1ms
08-02 12:41:59.488   623   634 W WindowManager: Attempted to remove non-existing token: android.os.Binder@d2a63b7
08-02 12:41:59.506  8386  8386 D AndroidRuntime: Shutting down VM
08-02 12:42:00.021  8404  8404 D AndroidRuntime: >>>>>> START com.android.internal.os.RuntimeInit uid 0 <<<<<<
08-02 12:42:00.022  8404  8404 D AndroidRuntime: CheckJNI is OFF
08-02 12:42:00.037  8404  8404 D ICU     : No timezone override file found: /data/misc/zoneinfo/current/icu/icu_tzdata.dat
08-02 12:42:00.048  8404  8404 E memtrack: Couldn't load memtrack module (No such file or directory)
08-02 12:42:00.048  8404  8404 E android.os.Debug: failed to load memtrack module: -2
08-02 12:42:00.049  8404  8404 I Radio-JNI: register_android_hardware_Radio DONE
08-02 12:42:00.059  8404  8404 D AndroidRuntime: Calling main entry com.android.commands.uiautomator.Launcher
08-02 12:42:01.075  2017  2017 D leak-15-43: Eastern Standard Time
08-02 12:42:01.075  2017  2017 D leak-17-43: Eastern Standard Time
08-02 12:42:01.075  2017  2017 D leak-18-43: Eastern Standard Time
08-02 12:42:01.075  2017  2017 D leak-19-43: Eastern Standard Time
08-02 12:42:01.075  2017  2017 D leak-20-43: Eastern Standard Time
08-02 12:42:01.075  2017  2017 D leak-23-43: Eastern Standard Time
08-02 12:42:01.075  2017  2017 D leak-24-43: Eastern Standard Time
08-02 12:42:01.075  2017  2017 D leak-30-43: Eastern Standard Time
08-02 12:42:01.075  2017  2017 D leak-31-43: Eastern Standard Time
08-02 12:42:01.075  2017  2017 D leak-40-43: Eastern Standard Time
08-02 12:42:01.075  2017  2017 D leak-41-43: Eastern Standard Time
08-02 12:42:01.075  2017  2017 D leak-42-43: Eastern Standard Time
08-02 12:42:01.075  2017  2017 D leak-47-43: Eastern Standard Time
08-02 12:42:01.075  2017  2017 D leak-52-43: Eastern Standard Time
08-02 12:42:01.075  2017  2017 D leak-60-43: Eastern Standard Time
08-02 12:42:01.075  2017  2017 D leak-62-43: Eastern Standard Time
08-02 12:42:01.075  2017  2017 D leak-66-43: Eastern Standard Time
08-02 12:42:01.075  2017  2017 D leak-68-43: Eastern Standard Time
08-02 12:42:01.075  2017  2017 D leak-70-43: Eastern Standard Time
08-02 12:42:01.075  2017  2017 D leak-72-43: Eastern Standard Time
08-02 12:42:01.075  2017  2017 D leak-76-43: Eastern Standard Time
08-02 12:42:01.075  2017  2017 D leak-84-43: Eastern Standard Time
08-02 12:42:01.075  2017  2017 D leak-59-12: Eastern Standard Time
08-02 12:42:01.075  2017  2017 D leak-61-12: Eastern Standard Time
08-02 12:42:01.075  2017  2017 D leak-65-12: Eastern Standard Time
08-02 12:42:01.075  2017  2017 D leak-67-12: Eastern Standard Time
08-02 12:42:01.075  2017  2017 D leak-69-12: Eastern Standard Time
08-02 12:42:01.075  2017  2017 D leak-71-12: Eastern Standard Time
08-02 12:42:01.075  2017  2017 D leak-75-12: Eastern Standard Time
08-02 12:42:01.075  2017  2017 D leak-83-12: Eastern Standard Time
08-02 12:42:01.081  8404  8404 W AccessibilityNodeInfoDumper: Fetch time: 2ms
08-02 12:42:01.082   623   751 W WindowManager: Attempted to remove non-existing token: android.os.Binder@bf86724
08-02 12:42:01.094  8404  8404 D AndroidRuntime: Shutting down VM
08-02 12:42:02.216  8427  8427 D AndroidRuntime: >>>>>> START com.android.internal.os.RuntimeInit uid 0 <<<<<<
08-02 12:42:02.218  8427  8427 D AndroidRuntime: CheckJNI is OFF
08-02 12:42:02.231  8427  8427 D ICU     : No timezone override file found: /data/misc/zoneinfo/current/icu/icu_tzdata.dat
08-02 12:42:02.243  8427  8427 E memtrack: Couldn't load memtrack module (No such file or directory)
08-02 12:42:02.243  8427  8427 E android.os.Debug: failed to load memtrack module: -2
08-02 12:42:02.244  8427  8427 I Radio-JNI: register_android_hardware_Radio DONE
08-02 12:42:02.252  8427  8427 D AndroidRuntime: Calling main entry com.android.commands.uiautomator.Launcher
08-02 12:42:03.265  2017  2017 D leak-15-43: Eastern Standard Time
08-02 12:42:03.265  2017  2017 D leak-17-43: Eastern Standard Time
08-02 12:42:03.265  2017  2017 D leak-18-43: Eastern Standard Time
