08-02 12:38:35.524  4296  4296 I Input   : injectMotionEvent: MotionEvent { action=ACTION_MOVE, actionButton=0, id[0]=0, x[0]=600.0, y[0]=1347.0, toolType[0]=TOOL_TYPE_UNKNOWN, buttonState=0, metaState=0, flags=0x0, edgeFlags=0x0, pointerCount=1, historySize=0, eventTime=325567, downTime=325567, deviceId=0, source=0x1002 }
08-02 12:38:35.548  4296  4296 I Input   : injectMotionEvent: MotionEvent { action=ACTION_MOVE, actionButton=0, id[0]=0, x[0]=600.0, y[0]=1347.0, toolType[0]=TOOL_TYPE_UNKNOWN, buttonState=0, metaState=0, flags=0x0, edgeFlags=0x0, pointerCount=1, historySize=0, eventTime=325592, downTime=325592, deviceId=0, source=0x1002 }
08-02 12:38:35.557  4296  4296 I Input   : injectMotionEvent: MotionEvent { action=ACTION_MOVE, actionButton=0, id[0]=0, x[0]=600.0, y[0]=1347.0, toolType[0]=TOOL_TYPE_UNKNOWN, buttonState=0, metaState=0, flags=0x0, edgeFlags=0x0, pointerCount=1, historySize=0, eventTime=325600, downTime=325600, deviceId=0, source=0x1002 }
08-02 12:38:35.578  4296  4296 I Input   : injectMotionEvent: MotionEvent { action=ACTION_MOVE, actionButton=0, id[0]=0, x[0]=600.0, y[0]=1347.0, toolType[0]=TOOL_TYPE_UNKNOWN, buttonState=0, metaState=0, flags=0x0, edgeFlags=0x0, pointerCount=1, historySize=0, eventTime=325621, downTime=325621, deviceId=0, source=0x1002 }
08-02 12:38:35.591  4296  4296 I Input   : injectMotionEvent: MotionEvent { action=ACTION_MOVE, actionButton=0, id[0]=0, x[0]=600.0, y[0]=1347.0, toolType[0]=TOOL_TYPE_UNKNOWN, buttonState=0, metaState=0, flags=0x0, edgeFlags=0x0, pointerCount=1, historySize=0, eventTime=325634, downTime=325634, deviceId=0, source=0x1002 }
08-02 12:38:35.607  4296  4296 I Input   : injectMotionEvent: MotionEvent { action=ACTION_MOVE, actionButton=0, id[0]=0, x[0]=600.0, y[0]=1347.0, toolType[0]=TOOL_TYPE_UNKNOWN, buttonState=0, metaState=0, flags=0x0, edgeFlags=0x0, pointerCount=1, historySize=0, eventTime=325650, downTime=325650, deviceId=0, source=0x1002 }
08-02 12:38:35.624  4296  4296 I Input   : injectMotionEvent: MotionEvent { action=ACTION_MOVE, actionButton=0, id[0]=0, x[0]=600.0, y[0]=1347.0, toolType[0]=TOOL_TYPE_UNKNOWN, buttonState=0, metaState=0, flags=0x0, edgeFlags=0x0, pointerCount=1, historySize=0, eventTime=325667, downTime=325667, deviceId=0, source=0x1002 }
08-02 12:38:35.648  4296  4296 I Input   : injectMotionEvent: MotionEvent { action=ACTION_MOVE, actionButton=0, id[0]=0, x[0]=600.0, y[0]=1347.0, toolType[0]=TOOL_TYPE_UNKNOWN, buttonState=0, metaState=0, flags=0x0, edgeFlags=0x0, pointerCount=1, historySize=0, eventTime=325691, downTime=325691, deviceId=0, source=0x1002 }
08-02 12:38:35.657  4296  4296 I Input   : injectMotionEvent: MotionEvent { action=ACTION_MOVE, actionButton=0, id[0]=0, x[0]=600.0, y[0]=1347.0, toolType[0]=TOOL_TYPE_UNKNOWN, buttonState=0, metaState=0, flags=0x0, edgeFlags=0x0, pointerCount=1, historySize=0, eventTime=325700, downTime=325700, deviceId=0, source=0x1002 }
08-02 12:38:35.673  4296  4296 I Input   : injectMotionEvent: MotionEvent { action=ACTION_MOVE, actionButton=0, id[0]=0, x[0]=600.0, y[0]=1347.0, toolType[0]=TOOL_TYPE_UNKNOWN, buttonState=0, metaState=0, flags=0x0, edgeFlags=0x0, pointerCount=1, historySize=0, eventTime=325717, downTime=325717, deviceId=0, source=0x1002 }
08-02 12:38:35.691  4296  4296 I Input   : injectMotionEvent: MotionEvent { action=ACTION_MOVE, actionButton=0, id[0]=0, x[0]=600.0, y[0]=1347.0, toolType[0]=TOOL_TYPE_UNKNOWN, buttonState=0, metaState=0, flags=0x0, edgeFlags=0x0, pointerCount=1, historySize=0, eventTime=325734, downTime=325734, deviceId=0, source=0x1002 }
08-02 12:38:35.707  4296  4296 I Input   : injectMotionEvent: MotionEvent { action=ACTION_MOVE, actionButton=0, id[0]=0, x[0]=600.0, y[0]=1347.0, toolType[0]=TOOL_TYPE_UNKNOWN, buttonState=0, metaState=0, flags=0x0, edgeFlags=0x0, pointerCount=1, historySize=0, eventTime=325750, downTime=325750, deviceId=0, source=0x1002 }
08-02 12:38:35.723  4296  4296 I Input   : injectMotionEvent: MotionEvent { action=ACTION_MOVE, actionButton=0, id[0]=0, x[0]=600.0, y[0]=1347.0, toolType[0]=TOOL_TYPE_UNKNOWN, buttonState=0, metaState=0, flags=0x0, edgeFlags=0x0, pointerCount=1, historySize=0, eventTime=325767, downTime=325767, deviceId=0, source=0x1002 }
08-02 12:38:35.741  4296  4296 I Input   : injectMotionEvent: MotionEvent { action=ACTION_MOVE, actionButton=0, id[0]=0, x[0]=600.0, y[0]=1347.0, toolType[0]=TOOL_TYPE_UNKNOWN, buttonState=0, metaState=0, flags=0x0, edgeFlags=0x0, pointerCount=1, historySize=0, eventTime=325784, downTime=325784, deviceId=0, source=0x1002 }
08-02 12:38:35.758  4296  4296 I Input   : injectMotionEvent: MotionEvent { action=ACTION_MOVE, actionButton=0, id[0]=0, x[0]=600.0, y[0]=1347.0, toolType[0]=TOOL_TYPE_UNKNOWN, buttonState=0, metaState=0, flags=0x0, edgeFlags=0x0, pointerCount=1, historySize=0, eventTime=325801, downTime=325801, deviceId=0, source=0x1002 }
08-02 12:38:35.774  4296  4296 I Input   : injectMotionEvent: MotionEvent { action=ACTION_MOVE, actionButton=0, id[0]=0, x[0]=600.0, y[0]=1347.0, toolType[0]=TOOL_TYPE_UNKNOWN, buttonState=0, metaState=0, flags=0x0, edgeFlags=0x0, pointerCount=1, historySize=0, eventTime=325817, downTime=325817, deviceId=0, source=0x1002 }
08-02 12:38:35.791  4296  4296 I Input   : injectMotionEvent: MotionEvent { action=ACTION_MOVE, actionButton=0, id[0]=0, x[0]=600.0, y[0]=1347.0, toolType[0]=TOOL_TYPE_UNKNOWN, buttonState=0, metaState=0, flags=0x0, edgeFlags=0x0, pointerCount=1, historySize=0, eventTime=325834, downTime=325834, deviceId=0, source=0x1002 }
08-02 12:38:35.807  4296  4296 I Input   : injectMotionEvent: MotionEvent { action=ACTION_MOVE, actionButton=0, id[0]=0, x[0]=600.0, y[0]=1347.0, toolType[0]=TOOL_TYPE_UNKNOWN, buttonState=0, metaState=0, flags=0x0, edgeFlags=0x0, pointerCount=1, historySize=0, eventTime=325850, downTime=325850, deviceId=0, source=0x1002 }
08-02 12:38:35.824  4296  4296 I Input   : injectMotionEvent: MotionEvent { action=ACTION_UP, actionButton=0, id[0]=0, x[0]=600.0, y[0]=1347.0, toolType[0]=TOOL_TYPE_UNKNOWN, buttonState=0, metaState=0, flags=0x0, edgeFlags=0x0, pointerCount=1, historySize=0, eventTime=325867, downTime=325867, deviceId=0, source=0x1002 }
08-02 12:38:35.829   623  1643 I ActivityManager: START u0 {act=android.intent.action.VIEW dat=http://tango.freedesktop.org/... cmp=com.android.browser/.BrowserActivity (has extras)} from uid 10060 on display 0
08-02 12:38:35.834   623  1643 D         : HostConnection::get() New Host Connection established 0xdb383b50, tid 1643
08-02 12:38:35.845   365   365 E EGL_emulation: tid 365: eglCreateSyncKHR(1215): error 0x3004 (EGL_BAD_ATTRIBUTE)
08-02 12:38:36.531   623   644 W art     : Long monitor contention event with owner method=android.graphics.Bitmap com.android.server.wm.WindowManagerService.screenshotApplicationsInner(android.os.IBinder, int, int, int, boolean) from WindowManagerService.java:6223 waiters=0 for 700ms
08-02 12:38:36.532   623   644 I Choreographer: Skipped 41 frames!  The application may be doing too much work on its main thread.
08-02 12:38:36.533   623   751 W art     : Long monitor contention event with owner method=android.graphics.Bitmap com.android.server.wm.WindowManagerService.screenshotApplicationsInner(android.os.IBinder, int, int, int, boolean) from WindowManagerService.java:6223 waiters=1 for 703ms
08-02 12:38:36.539  2017  2017 I Choreographer: Skipped 41 frames!  The application may be doing too much work on its main thread.
08-02 12:38:36.540  2017  2017 D leak-15-1: Eastern Standard Time
08-02 12:38:36.540  2017  2017 D leak-17-1: Eastern Standard Time
08-02 12:38:36.540  2017  2017 D leak-18-1: Eastern Standard Time
08-02 12:38:36.540  2017  2017 D leak-19-1: Eastern Standard Time
08-02 12:38:36.540  2017  2017 D leak-20-1: Eastern Standard Time
08-02 12:38:36.540  2017  2017 D leak-24-1: Eastern Standard Time
08-02 12:38:36.540  2017  2017 D leak-30-1: Eastern Standard Time
08-02 12:38:36.540  2017  2017 D leak-31-1: Eastern Standard Time
08-02 12:38:36.540  2017  2017 D leak-40-1: Eastern Standard Time
08-02 12:38:36.540  2017  2017 D leak-41-1: Eastern Standard Time
08-02 12:38:36.540  2017  2017 D leak-42-1: Eastern Standard Time
08-02 12:38:36.540  2017  2017 D leak-60-1: Eastern Standard Time
08-02 12:38:36.540  2017  2017 D leak-62-1: Eastern Standard Time
08-02 12:38:36.540  2017  2017 D leak-66-1: Eastern Standard Time
08-02 12:38:36.540  2017  2017 D leak-68-1: Eastern Standard Time
08-02 12:38:36.540  2017  2017 D leak-70-1: Eastern Standard Time
08-02 12:38:36.540  2017  2017 D leak-72-1: Eastern Standard Time
08-02 12:38:36.540  2017  2017 D leak-76-1: Eastern Standard Time
08-02 12:38:36.540  2017  2017 D leak-84-1: Eastern Standard Time
08-02 12:38:36.554  4296  4296 D AndroidRuntime: Shutting down VM
08-02 12:38:36.563   623   633 W art     : Suspending all threads took: 6.333ms
08-02 12:38:36.592   623   633 I art     : Background partial concurrent mark sweep GC freed 4017(249KB) AllocSpace objects, 3(124KB) LOS objects, 33% free, 5MB/8MB, paused 6.951ms total 58.805ms
08-02 12:38:36.613  3609  3609 W AwContents: onDetachedFromWindow called when already detached. Ignoring
08-02 12:38:36.628  3609  3609 D WebViewTimersControl: onBrowserActivityResume
08-02 12:38:36.628  3609  3609 D WebViewTimersControl: Resuming webview timers, view=com.android.browser.BrowserWebView{a79b153 VFEDHVCL. .F....I. 0,0-0,0}
08-02 12:38:36.655  3609  3662 W EGL_emulation: eglSurfaceAttrib not implemented
08-02 12:38:36.655  3609  3662 W OpenGLRenderer: Failed to set EGL_SWAP_BEHAVIOR on surface 0xde17a6c0, error=EGL_SUCCESS
08-02 12:38:36.671   623  1056 W InputMethodManagerService: Window already focused, ignoring focus gain of: com.android.internal.view.IInputMethodClient$Stub$Proxy@7a227ae attribute=android.view.inputmethod.EditorInfo@6b6194f, token = android.os.BinderProxy@5e97111
08-02 12:38:37.195  3609  3609 I Choreographer: Skipped 31 frames!  The application may be doing too much work on its main thread.
08-02 12:38:37.566  2017  2051 E Surface : getSlotFromBufferLocked: unknown buffer: 0xdf142a10
08-02 12:38:37.979   623   635 W art     : Long monitor contention event with owner method=void com.android.server.wm.WindowManagerService.dump(java.io.FileDescriptor, java.io.PrintWriter, java.lang.String[]) from WindowManagerService.java:11651 waiters=1 for 237ms
08-02 12:38:38.305  1716  1716 I Choreographer: Skipped 32 frames!  The application may be doing too much work on its main thread.
08-02 12:38:38.847  2017  2051 E Surface : getSlotFromBufferLocked: unknown buffer: 0xdf142af0
08-02 12:38:39.175  2017  2017 D leak-15-32: Eastern Standard Time
08-02 12:38:39.180  2017  2017 D leak-17-32: Eastern Standard Time
08-02 12:38:39.180  2017  2017 D leak-18-32: Eastern Standard Time
08-02 12:38:39.180  2017  2017 D leak-19-32: Eastern Standard Time
08-02 12:38:39.180  2017  2017 D leak-20-32: Eastern Standard Time
08-02 12:38:39.180  2017  2017 D leak-24-32: Eastern Standard Time
08-02 12:38:39.180  2017  2017 D leak-30-32: Eastern Standard Time
08-02 12:38:39.180  2017  2017 D leak-31-32: Eastern Standard Time
08-02 12:38:39.180  2017  2017 D leak-40-32: Eastern Standard Time
08-02 12:38:39.180  2017  2017 D leak-41-32: Eastern Standard Time
08-02 12:38:39.180  2017  2017 D leak-42-32: Eastern Standard Time
08-02 12:38:39.180  2017  2017 D leak-60-32: Eastern Standard Time
08-02 12:38:39.180  2017  2017 D leak-62-32: Eastern Standard Time
08-02 12:38:39.180  2017  2017 D leak-66-32: Eastern Standard Time
08-02 12:38:39.180  2017  2017 D leak-68-32: Eastern Standard Time
08-02 12:38:39.180  2017  2017 D leak-70-32: Eastern Standard Time
08-02 12:38:39.180  2017  2017 D leak-72-32: Eastern Standard Time
08-02 12:38:39.180  2017  2017 D leak-76-32: Eastern Standard Time
08-02 12:38:39.180  2017  2017 D leak-84-32: Eastern Standard Time
08-02 12:38:39.180  2017  2017 D leak-59-1: Eastern Standard Time
08-02 12:38:39.180  2017  2017 D leak-61-1: Eastern Standard Time
08-02 12:38:39.180  2017  2017 D leak-65-1: Eastern Standard Time
08-02 12:38:39.180  2017  2017 D leak-67-1: Eastern Standard Time
08-02 12:38:39.180  2017  2017 D leak-69-1: Eastern Standard Time
08-02 12:38:39.180  2017  2017 D leak-71-1: Eastern Standard Time
08-02 12:38:39.180  2017  2017 D leak-75-1: Eastern Standard Time
08-02 12:38:39.180  2017  2017 D leak-83-1: Eastern Standard Time
08-02 12:38:39.180  2017  2017 D leak-15-2: Eastern Standard Time
08-02 12:38:39.180  2017  2017 D leak-17-2: Eastern Standard Time
08-02 12:38:39.180  2017  2017 D leak-18-2: Eastern Standard Time
08-02 12:38:39.180  2017  2017 D leak-19-2: Eastern Standard Time
08-02 12:38:39.180  2017  2017 D leak-20-2: Eastern Standard Time
08-02 12:38:39.180  2017  2017 D leak-24-2: Eastern Standard Time
08-02 12:38:39.180  2017  2017 D leak-30-2: Eastern Standard Time
08-02 12:38:39.180  2017  2017 D leak-31-2: Eastern Standard Time
08-02 12:38:39.180  2017  2017 D leak-40-2: Eastern Standard Time
08-02 12:38:39.180  2017  2017 D leak-41-2: Eastern Standard Time
08-02 12:38:39.180  2017  2017 D leak-42-2: Eastern Standard Time
08-02 12:38:39.181  2017  2017 D leak-60-2: Eastern Standard Time
08-02 12:38:39.181  2017  2017 D leak-62-2: Eastern Standard Time
08-02 12:38:39.181  2017  2017 D leak-66-2: Eastern Standard Time
08-02 12:38:39.181  2017  2017 D leak-68-2: Eastern Standard Time
08-02 12:38:39.181  2017  2017 D leak-70-2: Eastern Standard Time
08-02 12:38:39.181  2017  2017 D leak-72-2: Eastern Standard Time
08-02 12:38:39.181  2017  2017 D leak-76-2: Eastern Standard Time
08-02 12:38:39.181  2017  2017 D leak-84-2: Eastern Standard Time
08-02 12:38:39.460  3609  3609 I Choreographer: Skipped 39 frames!  The application may be doing too much work on its main thread.
08-02 12:38:40.972  3609  3609 W BindingManager: Cannot call determinedVisibility() - never saw a connection for the pid: 3609
08-02 12:38:42.220   623  1483 D NetlinkSocketObserver: NeighborEvent{elapsedMs=332263, 10.0.3.2, [525400123502], RTM_NEWNEIGH, NUD_REACHABLE}
08-02 12:38:44.068  4643  4643 D AndroidRuntime: >>>>>> START com.android.internal.os.RuntimeInit uid 0 <<<<<<
08-02 12:38:44.070  4643  4643 D AndroidRuntime: CheckJNI is OFF
08-02 12:38:44.080  4643  4643 D ICU     : No timezone override file found: /data/misc/zoneinfo/current/icu/icu_tzdata.dat
08-02 12:38:44.092  4643  4643 E memtrack: Couldn't load memtrack module (No such file or directory)
08-02 12:38:44.092  4643  4643 E android.os.Debug: failed to load memtrack module: -2
08-02 12:38:44.093  4643  4643 I Radio-JNI: register_android_hardware_Radio DONE
08-02 12:38:44.099  4643  4643 D AndroidRuntime: Calling main entry com.android.commands.monkey.Monkey
08-02 12:38:44.108   623   639 W BroadcastQueue: Skipping deliver [background] BroadcastRecord{a3b9774 u-1 android.net.conn.CONNECTIVITY_CHANGE} to ReceiverList{b3d049d 4643 (unknown name)/0/u-1 remote:ccb7e86}: process crashing
08-02 12:38:44.113   623   635 I ActivityManager: START u0 {act=android.intent.action.MAIN cat=[android.intent.category.LAUNCHER] flg=0x10200000 cmp=com.markuspage.android.atimetracker/.Activities} from uid 0 on display 0
08-02 12:38:44.123   623   635 D         : HostConnection::get() New Host Connection established 0xdddf92c0, tid 635
08-02 12:38:44.136   365   365 E EGL_emulation: tid 365: eglCreateSyncKHR(1215): error 0x3004 (EGL_BAD_ATTRIBUTE)
08-02 12:38:44.872   623   644 W art     : Long monitor contention event with owner method=android.graphics.Bitmap com.android.server.wm.WindowManagerService.screenshotApplicationsInner(android.os.IBinder, int, int, int, boolean) from WindowManagerService.java:6223 waiters=0 for 748ms
08-02 12:38:44.888  3609  3609 D WebViewTimersControl: onBrowserActivityPause
08-02 12:38:44.888  3609  3609 D WebViewTimersControl: Pausing webview timers, view=com.android.browser.BrowserWebView{a79b153 VFEDHVCL. .F...... 0,0-1200,1568}
08-02 12:38:44.931   623   640 D Sensors : batch handle 1, but there is no batch sensor in genymotion
08-02 12:38:44.933  4643  4643 I art     : System.exit called, status: 0
08-02 12:38:44.933  4643  4643 I AndroidRuntime: VM exiting with result code 0.
08-02 12:38:44.952  2017  2051 W EGL_emulation: eglSurfaceAttrib not implemented
08-02 12:38:44.952  2017  2051 W OpenGLRenderer: Failed to set EGL_SWAP_BEHAVIOR on surface 0xdeb3f660, error=EGL_SUCCESS
08-02 12:38:44.981  2017  2017 D leak-15-3: Eastern Standard Time
08-02 12:38:44.981  2017  2017 D leak-17-3: Eastern Standard Time
08-02 12:38:44.981  2017  2017 D leak-18-3: Eastern Standard Time
08-02 12:38:44.981  2017  2017 D leak-19-3: Eastern Standard Time
08-02 12:38:44.981  2017  2017 D leak-20-3: Eastern Standard Time
08-02 12:38:44.981  2017  2017 D leak-24-3: Eastern Standard Time
08-02 12:38:44.981  2017  2017 D leak-30-3: Eastern Standard Time
08-02 12:38:44.981  2017  2017 D leak-31-3: Eastern Standard Time
08-02 12:38:44.981  2017  2017 D leak-40-3: Eastern Standard Time
08-02 12:38:44.981  2017  2017 D leak-41-3: Eastern Standard Time
08-02 12:38:44.981  2017  2017 D leak-42-3: Eastern Standard Time
08-02 12:38:44.981  2017  2017 D leak-60-3: Eastern Standard Time
08-02 12:38:44.981  2017  2017 D leak-62-3: Eastern Standard Time
08-02 12:38:44.981  2017  2017 D leak-66-3: Eastern Standard Time
08-02 12:38:44.981  2017  2017 D leak-68-3: Eastern Standard Time
08-02 12:38:44.981  2017  2017 D leak-70-3: Eastern Standard Time
08-02 12:38:44.981  2017  2017 D leak-72-3: Eastern Standard Time
08-02 12:38:44.981  2017  2017 D leak-76-3: Eastern Standard Time
08-02 12:38:44.981  2017  2017 D leak-84-3: Eastern Standard Time
08-02 12:38:44.981  2017  2017 D leak-15-11: Eastern Standard Time
08-02 12:38:44.981  2017  2017 D leak-17-11: Eastern Standard Time
08-02 12:38:44.981  2017  2017 D leak-18-11: Eastern Standard Time
08-02 12:38:44.981  2017  2017 D leak-19-11: Eastern Standard Time
08-02 12:38:44.981  2017  2017 D leak-20-11: Eastern Standard Time
08-02 12:38:44.982  2017  2017 D leak-24-11: Eastern Standard Time
08-02 12:38:44.982  2017  2017 D leak-30-11: Eastern Standard Time
08-02 12:38:44.982  2017  2017 D leak-31-11: Eastern Standard Time
08-02 12:38:44.982  2017  2017 D leak-40-11: Eastern Standard Time
08-02 12:38:44.982  2017  2017 D leak-41-11: Eastern Standard Time
08-02 12:38:44.982  2017  2017 D leak-42-11: Eastern Standard Time
08-02 12:38:44.982  2017  2017 D leak-60-11: Eastern Standard Time
08-02 12:38:44.982  2017  2017 D leak-62-11: Eastern Standard Time
08-02 12:38:44.982  2017  2017 D leak-66-11: Eastern Standard Time
08-02 12:38:44.982  2017  2017 D leak-68-11: Eastern Standard Time
08-02 12:38:44.982  2017  2017 D leak-70-11: Eastern Standard Time
08-02 12:38:44.982  2017  2017 D leak-72-11: Eastern Standard Time
08-02 12:38:44.982  2017  2017 D leak-76-11: Eastern Standard Time
08-02 12:38:44.982  2017  2017 D leak-84-11: Eastern Standard Time
08-02 12:38:44.982  2017  2017 D leak-15-34: Eastern Standard Time
08-02 12:38:44.982  2017  2017 D leak-17-34: Eastern Standard Time
08-02 12:38:44.982  2017  2017 D leak-18-34: Eastern Standard Time
08-02 12:38:44.982  2017  2017 D leak-19-34: Eastern Standard Time
08-02 12:38:44.982  2017  2017 D leak-20-34: Eastern Standard Time
08-02 12:38:44.982  2017  2017 D leak-24-34: Eastern Standard Time
08-02 12:38:44.982  2017  2017 D leak-30-34: Eastern Standard Time
08-02 12:38:44.982  2017  2017 D leak-31-34: Eastern Standard Time
08-02 12:38:44.982  2017  2017 D leak-40-34: Eastern Standard Time
08-02 12:38:44.982  2017  2017 D leak-41-34: Eastern Standard Time
08-02 12:38:44.982  2017  2017 D leak-42-34: Eastern Standard Time
08-02 12:38:44.982  2017  2017 D leak-60-34: Eastern Standard Time
08-02 12:38:44.982  2017  2017 D leak-62-34: Eastern Standard Time
08-02 12:38:44.982  2017  2017 D leak-66-34: Eastern Standard Time
08-02 12:38:44.982  2017  2017 D leak-68-34: Eastern Standard Time
08-02 12:38:44.982  2017  2017 D leak-70-34: Eastern Standard Time
08-02 12:38:44.982  2017  2017 D leak-72-34: Eastern Standard Time
08-02 12:38:44.982  2017  2017 D leak-76-34: Eastern Standard Time
08-02 12:38:44.982  2017  2017 D leak-84-34: Eastern Standard Time
08-02 12:38:44.982  2017  2017 D leak-59-3: Eastern Standard Time
08-02 12:38:44.982  2017  2017 D leak-61-3: Eastern Standard Time
08-02 12:38:44.982  2017  2017 D leak-65-3: Eastern Standard Time
08-02 12:38:44.982  2017  2017 D leak-67-3: Eastern Standard Time
08-02 12:38:44.982  2017  2017 D leak-69-3: Eastern Standard Time
08-02 12:38:44.982  2017  2017 D leak-71-3: Eastern Standard Time
08-02 12:38:44.982  2017  2017 D leak-75-3: Eastern Standard Time
08-02 12:38:44.982  2017  2017 D leak-83-3: Eastern Standard Time
08-02 12:38:44.982  2017  2017 D leak-15-35: Eastern Standard Time
08-02 12:38:44.982  2017  2017 D leak-17-35: Eastern Standard Time
08-02 12:38:44.982  2017  2017 D leak-18-35: Eastern Standard Time
08-02 12:38:44.982  2017  2017 D leak-19-35: Eastern Standard Time
08-02 12:38:44.982  2017  2017 D leak-20-35: Eastern Standard Time
08-02 12:38:44.982  2017  2017 D leak-24-35: Eastern Standard Time
08-02 12:38:44.982  2017  2017 D leak-30-35: Eastern Standard Time
08-02 12:38:44.982  2017  2017 D leak-31-35: Eastern Standard Time
08-02 12:38:44.982  2017  2017 D leak-40-35: Eastern Standard Time
08-02 12:38:44.982  2017  2017 D leak-41-35: Eastern Standard Time
08-02 12:38:44.982  2017  2017 D leak-42-35: Eastern Standard Time
08-02 12:38:44.983  2017  2017 D leak-60-35: Eastern Standard Time
08-02 12:38:44.983  2017  2017 D leak-62-35: Eastern Standard Time
08-02 12:38:44.983  2017  2017 D leak-66-35: Eastern Standard Time
08-02 12:38:44.983  2017  2017 D leak-68-35: Eastern Standard Time
08-02 12:38:44.983  2017  2017 D leak-70-35: Eastern Standard Time
08-02 12:38:44.983  2017  2017 D leak-72-35: Eastern Standard Time
08-02 12:38:44.983  2017  2017 D leak-76-35: Eastern Standard Time
08-02 12:38:44.983  2017  2017 D leak-84-35: Eastern Standard Time
08-02 12:38:44.983  2017  2017 D leak-59-4: Eastern Standard Time
08-02 12:38:44.983  2017  2017 D leak-61-4: Eastern Standard Time
08-02 12:38:44.983  2017  2017 D leak-65-4: Eastern Standard Time
08-02 12:38:44.983  2017  2017 D leak-67-4: Eastern Standard Time
08-02 12:38:44.983  2017  2017 D leak-69-4: Eastern Standard Time
08-02 12:38:44.983  2017  2017 D leak-71-4: Eastern Standard Time
08-02 12:38:44.983  2017  2017 D leak-75-4: Eastern Standard Time
08-02 12:38:44.983  2017  2017 D leak-83-4: Eastern Standard Time
08-02 12:38:44.983  2017  2017 D leak-15-36: Eastern Standard Time
08-02 12:38:44.983  2017  2017 D leak-17-36: Eastern Standard Time
08-02 12:38:44.983  2017  2017 D leak-18-36: Eastern Standard Time
08-02 12:38:44.983  2017  2017 D leak-19-36: Eastern Standard Time
08-02 12:38:44.983  2017  2017 D leak-20-36: Eastern Standard Time
08-02 12:38:44.983  2017  2017 D leak-24-36: Eastern Standard Time
08-02 12:38:44.983  2017  2017 D leak-30-36: Eastern Standard Time
08-02 12:38:44.983  2017  2017 D leak-31-36: Eastern Standard Time
08-02 12:38:44.983  2017  2017 D leak-40-36: Eastern Standard Time
08-02 12:38:44.983  2017  2017 D leak-41-36: Eastern Standard Time
08-02 12:38:44.983  2017  2017 D leak-42-36: Eastern Standard Time
08-02 12:38:44.983  2017  2017 D leak-60-36: Eastern Standard Time
08-02 12:38:44.983  2017  2017 D leak-62-36: Eastern Standard Time
08-02 12:38:44.983  2017  2017 D leak-66-36: Eastern Standard Time
08-02 12:38:44.983  2017  2017 D leak-68-36: Eastern Standard Time
08-02 12:38:44.983  2017  2017 D leak-70-36: Eastern Standard Time
08-02 12:38:44.983  2017  2017 D leak-72-36: Eastern Standard Time
08-02 12:38:44.983  2017  2017 D leak-76-36: Eastern Standard Time
08-02 12:38:44.983  2017  2017 D leak-84-36: Eastern Standard Time
08-02 12:38:44.983  2017  2017 D leak-59-5: Eastern Standard Time
08-02 12:38:44.983  2017  2017 D leak-61-5: Eastern Standard Time
08-02 12:38:44.983  2017  2017 D leak-65-5: Eastern Standard Time
08-02 12:38:44.983  2017  2017 D leak-67-5: Eastern Standard Time
08-02 12:38:44.983  2017  2017 D leak-69-5: Eastern Standard Time
08-02 12:38:44.983  2017  2017 D leak-71-5: Eastern Standard Time
08-02 12:38:44.983  2017  2017 D leak-75-5: Eastern Standard Time
08-02 12:38:44.983  2017  2017 D leak-83-5: Eastern Standard Time
08-02 12:38:44.984  2017  2017 D leak-15-37: Eastern Standard Time
08-02 12:38:44.984  2017  2017 D leak-17-37: Eastern Standard Time
08-02 12:38:44.984  2017  2017 D leak-18-37: Eastern Standard Time
08-02 12:38:44.984  2017  2017 D leak-19-37: Eastern Standard Time
08-02 12:38:44.984  2017  2017 D leak-20-37: Eastern Standard Time
08-02 12:38:44.984  2017  2017 D leak-24-37: Eastern Standard Time
08-02 12:38:44.984  2017  2017 D leak-30-37: Eastern Standard Time
08-02 12:38:44.984  2017  2017 D leak-31-37: Eastern Standard Time
08-02 12:38:44.984  2017  2017 D leak-40-37: Eastern Standard Time
08-02 12:38:44.984  2017  2017 D leak-41-37: Eastern Standard Time
08-02 12:38:44.984  2017  2017 D leak-42-37: Eastern Standard Time
08-02 12:38:44.984  2017  2017 D leak-60-37: Eastern Standard Time
08-02 12:38:44.984  2017  2017 D leak-62-37: Eastern Standard Time
08-02 12:38:44.984  2017  2017 D leak-66-37: Eastern Standard Time
08-02 12:38:44.984  2017  2017 D leak-68-37: Eastern Standard Time
08-02 12:38:44.984  2017  2017 D leak-70-37: Eastern Standard Time
08-02 12:38:44.984  2017  2017 D leak-72-37: Eastern Standard Time
08-02 12:38:44.984  2017  2017 D leak-76-37: Eastern Standard Time
08-02 12:38:44.984  2017  2017 D leak-84-37: Eastern Standard Time
08-02 12:38:44.984  2017  2017 D leak-59-6: Eastern Standard Time
08-02 12:38:44.984  2017  2017 D leak-61-6: Eastern Standard Time
08-02 12:38:44.984  2017  2017 D leak-65-6: Eastern Standard Time
08-02 12:38:44.984  2017  2017 D leak-67-6: Eastern Standard Time
08-02 12:38:44.984  2017  2017 D leak-69-6: Eastern Standard Time
08-02 12:38:44.984  2017  2017 D leak-71-6: Eastern Standard Time
08-02 12:38:44.984  2017  2017 D leak-75-6: Eastern Standard Time
08-02 12:38:44.986  2017  2017 D leak-15-39: Eastern Standard Time
08-02 12:38:44.986  2017  2017 D leak-17-39: Eastern Standard Time
08-02 12:38:44.986  2017  2017 D leak-18-39: Eastern Standard Time
08-02 12:38:44.986  2017  2017 D leak-19-39: Eastern Standard Time
08-02 12:38:44.986  2017  2017 D leak-20-39: Eastern Standard Time
08-02 12:38:44.986  2017  2017 D leak-24-39: Eastern Standard Time
08-02 12:38:44.986  2017  2017 D leak-30-39: Eastern Standard Time
08-02 12:38:44.986  2017  2017 D leak-31-39: Eastern Standard Time
08-02 12:38:44.986  2017  2017 D leak-40-39: Eastern Standard Time
08-02 12:38:44.986  2017  2017 D leak-41-39: Eastern Standard Time
08-02 12:38:44.986  2017  2017 D leak-42-39: Eastern Standard Time
08-02 12:38:44.986  2017  2017 D leak-60-39: Eastern Standard Time
08-02 12:38:44.986  2017  2017 D leak-62-39: Eastern Standard Time
08-02 12:38:44.986  2017  2017 D leak-66-39: Eastern Standard Time
08-02 12:38:44.986  2017  2017 D leak-68-39: Eastern Standard Time
08-02 12:38:44.986  2017  2017 D leak-70-39: Eastern Standard Time
08-02 12:38:44.986  2017  2017 D leak-72-39: Eastern Standard Time
08-02 12:38:44.986  2017  2017 D leak-76-39: Eastern Standard Time
08-02 12:38:44.986  2017  2017 D leak-84-39: Eastern Standard Time
08-02 12:38:44.986  2017  2017 D leak-59-8: Eastern Standard Time
08-02 12:38:44.986  2017  2017 D leak-61-8: Eastern Standard Time
08-02 12:38:44.986  2017  2017 D leak-65-8: Eastern Standard Time
08-02 12:38:44.986  2017  2017 D leak-67-8: Eastern Standard Time
08-02 12:38:44.986  2017  2017 D leak-69-8: Eastern Standard Time
08-02 12:38:44.986  2017  2017 D leak-71-8: Eastern Standard Time
08-02 12:38:44.986  2017  2017 D leak-75-8: Eastern Standard Time
08-02 12:38:44.986  2017  2017 D leak-83-8: Eastern Standard Time
08-02 12:38:44.986  2017  2017 D leak-15-43: Eastern Standard Time
08-02 12:38:44.986  2017  2017 D leak-17-43: Eastern Standard Time
08-02 12:38:44.986  2017  2017 D leak-18-43: Eastern Standard Time
08-02 12:38:44.986  2017  2017 D leak-19-43: Eastern Standard Time
08-02 12:38:44.986  2017  2017 D leak-20-43: Eastern Standard Time
08-02 12:38:44.986  2017  2017 D leak-24-43: Eastern Standard Time
08-02 12:38:44.986  2017  2017 D leak-30-43: Eastern Standard Time
08-02 12:38:44.986  2017  2017 D leak-31-43: Eastern Standard Time
08-02 12:38:44.986  2017  2017 D leak-40-43: Eastern Standard Time
08-02 12:38:44.986  2017  2017 D leak-41-43: Eastern Standard Time
08-02 12:38:44.986  2017  2017 D leak-42-43: Eastern Standard Time
08-02 12:38:44.986  2017  2017 D leak-60-43: Eastern Standard Time
08-02 12:38:44.986  2017  2017 D leak-62-43: Eastern Standard Time
08-02 12:38:44.986  2017  2017 D leak-66-43: Eastern Standard Time
08-02 12:38:44.986  2017  2017 D leak-68-43: Eastern Standard Time
08-02 12:38:44.986  2017  2017 D leak-70-43: Eastern Standard Time
08-02 12:38:44.986  2017  2017 D leak-72-43: Eastern Standard Time
08-02 12:38:44.986  2017  2017 D leak-76-43: Eastern Standard Time
08-02 12:38:44.986  2017  2017 D leak-84-43: Eastern Standard Time
08-02 12:38:44.986  2017  2017 D leak-59-12: Eastern Standard Time
08-02 12:38:44.986  2017  2017 D leak-61-12: Eastern Standard Time
08-02 12:38:44.986  2017  2017 D leak-65-12: Eastern Standard Time
08-02 12:38:44.986  2017  2017 D leak-67-12: Eastern Standard Time
08-02 12:38:44.986  2017  2017 D leak-69-12: Eastern Standard Time
08-02 12:38:44.986  2017  2017 D leak-71-12: Eastern Standard Time
08-02 12:38:44.986  2017  2017 D leak-75-12: Eastern Standard Time
08-02 12:38:44.986  2017  2017 D leak-83-12: Eastern Standard Time
08-02 12:38:44.986  2017  2017 D leak-15-43: Eastern Standard Time
08-02 12:38:44.986  2017  2017 D leak-17-43: Eastern Standard Time
08-02 12:38:44.986  2017  2017 D leak-18-43: Eastern Standard Time
08-02 12:38:44.986  2017  2017 D leak-19-43: Eastern Standard Time
08-02 12:38:44.986  2017  2017 D leak-20-43: Eastern Standard Time
08-02 12:38:44.986  2017  2017 D leak-24-43: Eastern Standard Time
08-02 12:38:44.986  2017  2017 D leak-30-43: Eastern Standard Time
08-02 12:38:44.986  2017  2017 D leak-31-43: Eastern Standard Time
08-02 12:38:44.987  2017  2017 D leak-40-43: Eastern Standard Time
08-02 12:38:44.987  2017  2017 D leak-41-43: Eastern Standard Time
08-02 12:38:44.987  2017  2017 D leak-42-43: Eastern Standard Time
08-02 12:38:45.081  2017  2017 D leak-15-43: Eastern Standard Time
08-02 12:38:45.081  2017  2017 D leak-17-43: Eastern Standard Time
08-02 12:38:45.081  2017  2017 D leak-18-43: Eastern Standard Time
08-02 12:38:45.081  2017  2017 D leak-19-43: Eastern Standard Time
08-02 12:38:45.081  2017  2017 D leak-20-43: Eastern Standard Time
08-02 12:38:45.081  2017  2017 D leak-24-43: Eastern Standard Time
08-02 12:38:45.081  2017  2017 D leak-30-43: Eastern Standard Time
08-02 12:38:45.081  2017  2017 D leak-31-43: Eastern Standard Time
08-02 12:38:45.081  2017  2017 D leak-40-43: Eastern Standard Time
08-02 12:38:45.081  2017  2017 D leak-41-43: Eastern Standard Time
08-02 12:38:45.081  2017  2017 D leak-42-43: Eastern Standard Time
08-02 12:38:45.081  2017  2017 D leak-60-43: Eastern Standard Time
08-02 12:38:45.081  2017  2017 D leak-62-43: Eastern Standard Time
08-02 12:38:45.081  2017  2017 D leak-66-43: Eastern Standard Time
08-02 12:38:45.081  2017  2017 D leak-68-43: Eastern Standard Time
08-02 12:38:45.082  2017  2017 D leak-70-43: Eastern Standard Time
08-02 12:38:45.082  2017  2017 D leak-72-43: Eastern Standard Time
08-02 12:38:45.082  2017  2017 D leak-76-43: Eastern Standard Time
08-02 12:38:45.082  2017  2017 D leak-84-43: Eastern Standard Time
08-02 12:38:45.082  2017  2017 D leak-59-12: Eastern Standard Time
08-02 12:38:45.082  2017  2017 D leak-61-12: Eastern Standard Time
08-02 12:38:45.082  2017  2017 D leak-65-12: Eastern Standard Time
08-02 12:38:45.082  2017  2017 D leak-67-12: Eastern Standard Time
08-02 12:38:45.082  2017  2017 D leak-69-12: Eastern Standard Time
08-02 12:38:45.082  2017  2017 D leak-71-12: Eastern Standard Time
08-02 12:38:45.082  2017  2017 D leak-75-12: Eastern Standard Time
08-02 12:38:45.082  2017  2017 D leak-83-12: Eastern Standard Time
08-02 12:38:45.141  2017  2051 W EGL_emulation: eglSurfaceAttrib not implemented
08-02 12:38:45.141  2017  2051 W OpenGLRenderer: Failed to set EGL_SWAP_BEHAVIOR on surface 0xdeb3f340, error=EGL_SUCCESS
08-02 12:38:45.215  3609  3662 E Surface : getSlotFromBufferLocked: unknown buffer: 0xe8e9c450
08-02 12:38:51.115  4657  4657 D AndroidRuntime: >>>>>> START com.android.internal.os.RuntimeInit uid 0 <<<<<<
08-02 12:38:51.116  4657  4657 D AndroidRuntime: CheckJNI is OFF
08-02 12:38:51.125  4657  4657 D ICU     : No timezone override file found: /data/misc/zoneinfo/current/icu/icu_tzdata.dat
08-02 12:38:51.139  4657  4657 E memtrack: Couldn't load memtrack module (No such file or directory)
08-02 12:38:51.139  4657  4657 E android.os.Debug: failed to load memtrack module: -2
08-02 12:38:51.140  4657  4657 I Radio-JNI: register_android_hardware_Radio DONE
08-02 12:38:51.146  4657  4657 D AndroidRuntime: Calling main entry com.android.commands.uiautomator.Launcher
08-02 12:38:52.161  4657  4657 W AccessibilityNodeInfoDumper: Fetch time: 1ms
08-02 12:38:52.162   623  1715 W WindowManager: Attempted to remove non-existing token: android.os.Binder@90b1c6a
08-02 12:38:52.175  4657  4657 D AndroidRuntime: Shutting down VM
08-02 12:38:53.264  4680  4680 D AndroidRuntime: >>>>>> START com.android.internal.os.RuntimeInit uid 0 <<<<<<
08-02 12:38:53.265  4680  4680 D AndroidRuntime: CheckJNI is OFF
08-02 12:38:53.274  4680  4680 D ICU     : No timezone override file found: /data/misc/zoneinfo/current/icu/icu_tzdata.dat
08-02 12:38:53.290  4680  4680 E memtrack: Couldn't load memtrack module (No such file or directory)
08-02 12:38:53.290  4680  4680 E android.os.Debug: failed to load memtrack module: -2
08-02 12:38:53.291  4680  4680 I Radio-JNI: register_android_hardware_Radio DONE
08-02 12:38:53.299  4680  4680 D AndroidRuntime: Calling main entry com.android.commands.uiautomator.Launcher
08-02 12:38:54.320  4680  4680 W AccessibilityNodeInfoDumper: Fetch time: 2ms
08-02 12:38:54.320   623   751 W WindowManager: Attempted to remove non-existing token: android.os.Binder@79681f8
08-02 12:38:54.339  4680  4680 D AndroidRuntime: Shutting down VM
08-02 12:38:54.808  4698  4698 D AndroidRuntime: >>>>>> START com.android.internal.os.RuntimeInit uid 0 <<<<<<
08-02 12:38:54.810  4698  4698 D AndroidRuntime: CheckJNI is OFF
08-02 12:38:54.820  4698  4698 D ICU     : No timezone override file found: /data/misc/zoneinfo/current/icu/icu_tzdata.dat
08-02 12:38:54.831  4698  4698 E memtrack: Couldn't load memtrack module (No such file or directory)
08-02 12:38:54.831  4698  4698 E android.os.Debug: failed to load memtrack module: -2
08-02 12:38:54.832  4698  4698 I Radio-JNI: register_android_hardware_Radio DONE
08-02 12:38:54.843  4698  4698 D AndroidRuntime: Calling main entry com.android.commands.uiautomator.Launcher
08-02 12:38:55.855  4698  4698 W AccessibilityNodeInfoDumper: Fetch time: 1ms
08-02 12:38:55.855   623  1056 W WindowManager: Attempted to remove non-existing token: android.os.Binder@47f16d1
08-02 12:38:55.876  4698  4698 D AndroidRuntime: Shutting down VM
08-02 12:38:56.954  4721  4721 D AndroidRuntime: >>>>>> START com.android.internal.os.RuntimeInit uid 0 <<<<<<
08-02 12:38:56.956  4721  4721 D AndroidRuntime: CheckJNI is OFF
08-02 12:38:56.965  4721  4721 D ICU     : No timezone override file found: /data/misc/zoneinfo/current/icu/icu_tzdata.dat
08-02 12:38:56.978  4721  4721 E memtrack: Couldn't load memtrack module (No such file or directory)
08-02 12:38:56.978  4721  4721 E android.os.Debug: failed to load memtrack module: -2
08-02 12:38:56.978  4721  4721 I Radio-JNI: register_android_hardware_Radio DONE
08-02 12:38:56.985  4721  4721 D AndroidRuntime: Calling main entry com.android.commands.uiautomator.Launcher
08-02 12:38:57.998  4721  4721 W AccessibilityNodeInfoDumper: Fetch time: 1ms
08-02 12:38:57.999   623   838 W WindowManager: Attempted to remove non-existing token: android.os.Binder@9b69536
08-02 12:38:58.021  4721  4721 D AndroidRuntime: Shutting down VM
08-02 12:38:59.147  4749  4749 D AndroidRuntime: >>>>>> START com.android.internal.os.RuntimeInit uid 0 <<<<<<
08-02 12:38:59.149  4749  4749 D AndroidRuntime: CheckJNI is OFF
08-02 12:38:59.159  4749  4749 D ICU     : No timezone override file found: /data/misc/zoneinfo/current/icu/icu_tzdata.dat
08-02 12:38:59.171  4749  4749 E memtrack: Couldn't load memtrack module (No such file or directory)
08-02 12:38:59.171  4749  4749 E android.os.Debug: failed to load memtrack module: -2
08-02 12:38:59.172  4749  4749 I Radio-JNI: register_android_hardware_Radio DONE
08-02 12:38:59.182  4749  4749 D AndroidRuntime: Calling main entry com.android.commands.uiautomator.Launcher
08-02 12:39:00.199  4749  4749 W AccessibilityNodeInfoDumper: Fetch time: 1ms
08-02 12:39:00.200   623  1025 W WindowManager: Attempted to remove non-existing token: android.os.Binder@1f82c37
08-02 12:39:00.210  4749  4749 D AndroidRuntime: Shutting down VM
08-02 12:39:01.321  4775  4775 D AndroidRuntime: >>>>>> START com.android.internal.os.RuntimeInit uid 0 <<<<<<
08-02 12:39:01.323  4775  4775 D AndroidRuntime: CheckJNI is OFF
08-02 12:39:01.332  4775  4775 D ICU     : No timezone override file found: /data/misc/zoneinfo/current/icu/icu_tzdata.dat
08-02 12:39:01.345  4775  4775 E memtrack: Couldn't load memtrack module (No such file or directory)
08-02 12:39:01.345  4775  4775 E android.os.Debug: failed to load memtrack module: -2
08-02 12:39:01.346  4775  4775 I Radio-JNI: register_android_hardware_Radio DONE
08-02 12:39:01.354  4775  4775 D AndroidRuntime: Calling main entry com.android.commands.uiautomator.Launcher
08-02 12:39:02.370  4775  4775 W AccessibilityNodeInfoDumper: Fetch time: 2ms
08-02 12:39:02.370   623   635 W WindowManager: Attempted to remove non-existing token: android.os.Binder@dadc5a4
08-02 12:39:02.380  4775  4775 D AndroidRuntime: Shutting down VM
08-02 12:39:02.834  4793  4793 D AndroidRuntime: >>>>>> START com.android.internal.os.RuntimeInit uid 0 <<<<<<
08-02 12:39:02.835  4793  4793 D AndroidRuntime: CheckJNI is OFF
08-02 12:39:02.844  4793  4793 D ICU     : No timezone override file found: /data/misc/zoneinfo/current/icu/icu_tzdata.dat
08-02 12:39:02.857  4793  4793 E memtrack: Couldn't load memtrack module (No such file or directory)
08-02 12:39:02.857  4793  4793 E android.os.Debug: failed to load memtrack module: -2
08-02 12:39:02.857  4793  4793 I Radio-JNI: register_android_hardware_Radio DONE
08-02 12:39:02.863  4793  4793 D AndroidRuntime: Calling main entry com.android.commands.uiautomator.Launcher
08-02 12:39:03.902  4793  4793 W AccessibilityNodeInfoDumper: Fetch time: 2ms
08-02 12:39:03.902   623   838 W WindowManager: Attempted to remove non-existing token: android.os.Binder@2cecec2
08-02 12:39:03.920  4793  4793 D AndroidRuntime: Shutting down VM
08-02 12:39:04.975  4816  4816 D AndroidRuntime: >>>>>> START com.android.internal.os.RuntimeInit uid 0 <<<<<<
08-02 12:39:04.980  4816  4816 D AndroidRuntime: CheckJNI is OFF
08-02 12:39:04.988  4816  4816 D ICU     : No timezone override file found: /data/misc/zoneinfo/current/icu/icu_tzdata.dat
08-02 12:39:04.999  4816  4816 E memtrack: Couldn't load memtrack module (No such file or directory)
08-02 12:39:04.999  4816  4816 E android.os.Debug: failed to load memtrack module: -2
08-02 12:39:04.999  4816  4816 I Radio-JNI: register_android_hardware_Radio DONE
08-02 12:39:05.005  4816  4816 D AndroidRuntime: Calling main entry com.android.commands.uiautomator.Launcher
08-02 12:39:06.090  4816  4816 W AccessibilityNodeInfoDumper: Fetch time: 3ms
08-02 12:39:06.091   623  1025 W WindowManager: Attempted to remove non-existing token: android.os.Binder@11954d3
08-02 12:39:06.105  4816  4816 D AndroidRuntime: Shutting down VM
08-02 12:39:06.597  4834  4834 D AndroidRuntime: >>>>>> START com.android.internal.os.RuntimeInit uid 0 <<<<<<
08-02 12:39:06.599  4834  4834 D AndroidRuntime: CheckJNI is OFF
08-02 12:39:06.609  4834  4834 D ICU     : No timezone override file found: /data/misc/zoneinfo/current/icu/icu_tzdata.dat
08-02 12:39:06.625  4834  4834 E memtrack: Couldn't load memtrack module (No such file or directory)
08-02 12:39:06.625  4834  4834 E android.os.Debug: failed to load memtrack module: -2
08-02 12:39:06.626  4834  4834 I Radio-JNI: register_android_hardware_Radio DONE
08-02 12:39:06.634  4834  4834 D AndroidRuntime: Calling main entry com.android.commands.uiautomator.Launcher
08-02 12:39:07.269   623  1483 D NetlinkSocketObserver: NeighborEvent{elapsedMs=357312, 10.0.3.2, [525400123502], RTM_NEWNEIGH, NUD_STALE}
08-02 12:39:07.655  4834  4834 W AccessibilityNodeInfoDumper: Fetch time: 2ms
08-02 12:39:07.656   623   838 W WindowManager: Attempted to remove non-existing token: android.os.Binder@dd39810
08-02 12:39:07.673  4834  4834 D AndroidRuntime: Shutting down VM
08-02 12:39:08.816  4857  4857 D AndroidRuntime: >>>>>> START com.android.internal.os.RuntimeInit uid 0 <<<<<<
08-02 12:39:08.819  4857  4857 D AndroidRuntime: CheckJNI is OFF
08-02 12:39:08.829  4857  4857 D ICU     : No timezone override file found: /data/misc/zoneinfo/current/icu/icu_tzdata.dat
08-02 12:39:08.846  4857  4857 E memtrack: Couldn't load memtrack module (No such file or directory)
08-02 12:39:08.846  4857  4857 E android.os.Debug: failed to load memtrack module: -2
08-02 12:39:08.847  4857  4857 I Radio-JNI: register_android_hardware_Radio DONE
08-02 12:39:08.855  4857  4857 D AndroidRuntime: Calling main entry com.android.commands.uiautomator.Launcher
08-02 12:39:09.876  4857  4857 W AccessibilityNodeInfoDumper: Fetch time: 4ms
08-02 12:39:09.876   623   751 W WindowManager: Attempted to remove non-existing token: android.os.Binder@7cccf09
08-02 12:39:09.885  4857  4857 D AndroidRuntime: Shutting down VM
08-02 12:39:10.371  4875  4875 D AndroidRuntime: >>>>>> START com.android.internal.os.RuntimeInit uid 0 <<<<<<
08-02 12:39:10.373  4875  4875 D AndroidRuntime: CheckJNI is OFF
08-02 12:39:10.383  4875  4875 D ICU     : No timezone override file found: /data/misc/zoneinfo/current/icu/icu_tzdata.dat
08-02 12:39:10.398  4875  4875 E memtrack: Couldn't load memtrack module (No such file or directory)
08-02 12:39:10.398  4875  4875 E android.os.Debug: failed to load memtrack module: -2
08-02 12:39:10.399  4875  4875 I Radio-JNI: register_android_hardware_Radio DONE
08-02 12:39:10.406  4875  4875 D AndroidRuntime: Calling main entry com.android.commands.uiautomator.Launcher
08-02 12:39:11.425  4875  4875 W AccessibilityNodeInfoDumper: Fetch time: 2ms
08-02 12:39:11.425   623   634 W WindowManager: Attempted to remove non-existing token: android.os.Binder@33f150e
08-02 12:39:11.435  4875  4875 D AndroidRuntime: Shutting down VM
08-02 12:39:12.562  4901  4901 D AndroidRuntime: >>>>>> START com.android.internal.os.RuntimeInit uid 0 <<<<<<
08-02 12:39:12.563  4901  4901 D AndroidRuntime: CheckJNI is OFF
08-02 12:39:12.572  4901  4901 D ICU     : No timezone override file found: /data/misc/zoneinfo/current/icu/icu_tzdata.dat
08-02 12:39:12.586  4901  4901 E memtrack: Couldn't load memtrack module (No such file or directory)
08-02 12:39:12.586  4901  4901 E android.os.Debug: failed to load memtrack module: -2
08-02 12:39:12.588  4901  4901 I Radio-JNI: register_android_hardware_Radio DONE
08-02 12:39:12.594  4901  4901 D AndroidRuntime: Calling main entry com.android.commands.uiautomator.Launcher
08-02 12:39:13.612  4901  4901 W AccessibilityNodeInfoDumper: Fetch time: 1ms
08-02 12:39:13.612   623   634 W WindowManager: Attempted to remove non-existing token: android.os.Binder@11a6b2f
08-02 12:39:13.620  4901  4901 D AndroidRuntime: Shutting down VM
08-02 12:39:14.103  4919  4919 D AndroidRuntime: >>>>>> START com.android.internal.os.RuntimeInit uid 0 <<<<<<
08-02 12:39:14.104  4919  4919 D AndroidRuntime: CheckJNI is OFF
08-02 12:39:14.113  4919  4919 D ICU     : No timezone override file found: /data/misc/zoneinfo/current/icu/icu_tzdata.dat
08-02 12:39:14.124  4919  4919 E memtrack: Couldn't load memtrack module (No such file or directory)
08-02 12:39:14.124  4919  4919 E android.os.Debug: failed to load memtrack module: -2
08-02 12:39:14.125  4919  4919 I Radio-JNI: register_android_hardware_Radio DONE
08-02 12:39:14.131  4919  4919 D AndroidRuntime: Calling main entry com.android.commands.uiautomator.Launcher
08-02 12:39:15.198  4919  4919 W AccessibilityNodeInfoDumper: Fetch time: 1ms
08-02 12:39:15.198   623  1643 W WindowManager: Attempted to remove non-existing token: android.os.Binder@a42253c
08-02 12:39:15.209  4919  4919 D AndroidRuntime: Shutting down VM
08-02 12:39:15.613  4932  4932 D AndroidRuntime: >>>>>> START com.android.internal.os.RuntimeInit uid 0 <<<<<<
08-02 12:39:15.615  4932  4932 D AndroidRuntime: CheckJNI is OFF
08-02 12:39:15.624  4932  4932 D ICU     : No timezone override file found: /data/misc/zoneinfo/current/icu/icu_tzdata.dat
08-02 12:39:15.635  4932  4932 E memtrack: Couldn't load memtrack module (No such file or directory)
08-02 12:39:15.635  4932  4932 E android.os.Debug: failed to load memtrack module: -2
08-02 12:39:15.636  4932  4932 I Radio-JNI: register_android_hardware_Radio DONE
08-02 12:39:15.643  4932  4932 D AndroidRuntime: Calling main entry com.android.commands.input.Input
08-02 12:39:15.643  4932  4932 I Input   : injectMotionEvent: MotionEvent { action=ACTION_DOWN, actionButton=0, id[0]=0, x[0]=1060.0, y[0]=1549.0, toolType[0]=TOOL_TYPE_UNKNOWN, buttonState=0, metaState=0, flags=0x0, edgeFlags=0x0, pointerCount=1, historySize=0, eventTime=365686, downTime=365686, deviceId=0, source=0x1002 }
08-02 12:39:15.651  4932  4932 I Input   : injectMotionEvent: MotionEvent { action=ACTION_UP, actionButton=0, id[0]=0, x[0]=1060.0, y[0]=1549.0, toolType[0]=TOOL_TYPE_UNKNOWN, buttonState=0, metaState=0, flags=0x0, edgeFlags=0x0, pointerCount=1, historySize=0, eventTime=365686, downTime=365686, deviceId=0, source=0x1002 }
08-02 12:39:15.651  4932  4932 D AndroidRuntime: Shutting down VM
08-02 12:39:15.720  2017  2051 E Surface : getSlotFromBufferLocked: unknown buffer: 0xdf142a80
08-02 12:39:15.848  2017  2051 D OpenGLRenderer: endAllStagingAnimators on 0xdeb22a80 (RippleDrawable) with handle 0xdf17d9a0
08-02 12:39:20.223  5266  5266 D AndroidRuntime: >>>>>> START com.android.internal.os.RuntimeInit uid 0 <<<<<<
08-02 12:39:20.225  5266  5266 D AndroidRuntime: CheckJNI is OFF
08-02 12:39:20.234  5266  5266 D ICU     : No timezone override file found: /data/misc/zoneinfo/current/icu/icu_tzdata.dat
08-02 12:39:20.247  5266  5266 E memtrack: Couldn't load memtrack module (No such file or directory)
08-02 12:39:20.247  5266  5266 E android.os.Debug: failed to load memtrack module: -2
08-02 12:39:20.249  5266  5266 I Radio-JNI: register_android_hardware_Radio DONE
08-02 12:39:20.257  5266  5266 D AndroidRuntime: Calling main entry com.android.commands.uiautomator.Launcher
08-02 12:39:21.265  2017  2017 D leak-15-43: Eastern Standard Time
08-02 12:39:21.265  2017  2017 D leak-17-43: Eastern Standard Time
08-02 12:39:21.265  2017  2017 D leak-18-43: Eastern Standard Time
08-02 12:39:21.265  2017  2017 D leak-19-43: Eastern Standard Time
08-02 12:39:21.265  2017  2017 D leak-20-43: Eastern Standard Time
08-02 12:39:21.265  2017  2017 D leak-24-43: Eastern Standard Time
08-02 12:39:21.265  2017  2017 D leak-30-43: Eastern Standard Time
08-02 12:39:21.265  2017  2017 D leak-31-43: Eastern Standard Time
08-02 12:39:21.265  2017  2017 D leak-40-43: Eastern Standard Time
08-02 12:39:21.265  2017  2017 D leak-41-43: Eastern Standard Time
08-02 12:39:21.265  2017  2017 D leak-42-43: Eastern Standard Time
08-02 12:39:21.265  2017  2017 D leak-60-43: Eastern Standard Time
08-02 12:39:21.265  2017  2017 D leak-62-43: Eastern Standard Time
08-02 12:39:21.265  2017  2017 D leak-66-43: Eastern Standard Time
08-02 12:39:21.265  2017  2017 D leak-68-43: Eastern Standard Time
08-02 12:39:21.265  2017  2017 D leak-70-43: Eastern Standard Time
08-02 12:39:21.265  2017  2017 D leak-72-43: Eastern Standard Time
08-02 12:39:21.265  2017  2017 D leak-76-43: Eastern Standard Time
08-02 12:39:21.265  2017  2017 D leak-84-43: Eastern Standard Time
08-02 12:39:21.266  2017  2017 D leak-59-12: Eastern Standard Time
08-02 12:39:21.266  2017  2017 D leak-61-12: Eastern Standard Time
08-02 12:39:21.266  2017  2017 D leak-65-12: Eastern Standard Time
08-02 12:39:21.266  2017  2017 D leak-67-12: Eastern Standard Time
08-02 12:39:21.266  2017  2017 D leak-69-12: Eastern Standard Time
08-02 12:39:21.266  2017  2017 D leak-71-12: Eastern Standard Time
08-02 12:39:21.266  2017  2017 D leak-75-12: Eastern Standard Time
08-02 12:39:21.266  2017  2017 D leak-83-12: Eastern Standard Time
08-02 12:39:21.270  5266  5266 W AccessibilityNodeInfoDumper: Fetch time: 2ms
08-02 12:39:21.271   623  1025 W WindowManager: Attempted to remove non-existing token: android.os.Binder@aacb7e6
08-02 12:39:21.294  5266  5266 D AndroidRuntime: Shutting down VM
08-02 12:39:22.345  5289  5289 D AndroidRuntime: >>>>>> START com.android.internal.os.RuntimeInit uid 0 <<<<<<
08-02 12:39:22.346  5289  5289 D AndroidRuntime: CheckJNI is OFF
08-02 12:39:22.355  5289  5289 D ICU     : No timezone override file found: /data/misc/zoneinfo/current/icu/icu_tzdata.dat
08-02 12:39:22.367  5289  5289 E memtrack: Couldn't load memtrack module (No such file or directory)
08-02 12:39:22.367  5289  5289 E android.os.Debug: failed to load memtrack module: -2
08-02 12:39:22.367  5289  5289 I Radio-JNI: register_android_hardware_Radio DONE
08-02 12:39:22.373  5289  5289 D AndroidRuntime: Calling main entry com.android.commands.uiautomator.Launcher
08-02 12:39:23.383  2017  2017 D leak-15-43: Eastern Standard Time
08-02 12:39:23.383  2017  2017 D leak-17-43: Eastern Standard Time
