08-02 11:46:52.704  6711  6711 I AccessibilityNodeInfoDumper: Skipping invisible child: android.view.accessibility.AccessibilityNodeInfo@8000c1b6; boundsInParent: Rect(0, 0 - 1200, 1540); boundsInScreen: Rect(1200, 278 - 1200, 1818); packageName: com.adonai.manman; className: android.widget.FrameLayout; text: null; error: null; maxTextLength: -1; contentDescription: null; viewIdResName: com.adonai.manman:id/chapter_fragment_frame; checkable: false; checked: false; focusable: true; focused: false; selected: false; clickable: false; longClickable: false; contextClickable: false; enabled: true; password: false; scrollable: false; actions: [AccessibilityAction: ACTION_FOCUS - null, AccessibilityAction: ACTION_SELECT - null, AccessibilityAction: ACTION_CLEAR_SELECTION - null, AccessibilityAction: ACTION_ACCESSIBILITY_FOCUS - null, AccessibilityAction: ACTION_UNKNOWN - null]
08-02 11:46:52.706  6711  6711 W AccessibilityNodeInfoDumper: Fetch time: 8ms
08-02 11:46:52.707   623  1795 W WindowManager: Attempted to remove non-existing token: android.os.Binder@c9eb575
08-02 11:46:52.715  6711  6711 D AndroidRuntime: Shutting down VM
08-02 11:46:53.791  6734  6734 D AndroidRuntime: >>>>>> START com.android.internal.os.RuntimeInit uid 0 <<<<<<
08-02 11:46:53.792  6734  6734 D AndroidRuntime: CheckJNI is OFF
08-02 11:46:53.805  6734  6734 D ICU     : No timezone override file found: /data/misc/zoneinfo/current/icu/icu_tzdata.dat
08-02 11:46:53.817  6734  6734 E memtrack: Couldn't load memtrack module (No such file or directory)
08-02 11:46:53.817  6734  6734 E android.os.Debug: failed to load memtrack module: -2
08-02 11:46:53.820  6734  6734 I Radio-JNI: register_android_hardware_Radio DONE
08-02 11:46:53.827  6734  6734 D AndroidRuntime: Calling main entry com.android.commands.uiautomator.Launcher
08-02 11:46:53.865   267   660 W AudioFlinger: write blocked for 9996 msecs, 7 delayed writes, thread 0xf1dc0000
08-02 11:46:54.835  2065  2065 D leak-356-5: Eastern Standard Time
08-02 11:46:54.835  2065  2065 D leak-357-5: Eastern Standard Time
08-02 11:46:54.835  2065  2065 D leak-358-5: Eastern Standard Time
08-02 11:46:54.835  2065  2065 D leak-360-5: Eastern Standard Time
08-02 11:46:54.835  2065  2065 D leak-362-5: Eastern Standard Time
08-02 11:46:54.835  2065  2065 D leak-364-5: Eastern Standard Time
08-02 11:46:54.835  2065  2065 D leak-366-5: Eastern Standard Time
08-02 11:46:54.835  2065  2065 D leak-368-5: Eastern Standard Time
08-02 11:46:54.835  2065  2065 D leak-359-2: Eastern Standard Time
08-02 11:46:54.835  2065  2065 D leak-361-2: Eastern Standard Time
08-02 11:46:54.835  2065  2065 D leak-363-2: Eastern Standard Time
08-02 11:46:54.835  2065  2065 D leak-365-2: Eastern Standard Time
08-02 11:46:54.835  2065  2065 D leak-367-2: Eastern Standard Time
08-02 11:46:54.849  6734  6734 I AccessibilityNodeInfoDumper: Skipping invisible child: android.view.accessibility.AccessibilityNodeInfo@8000c1bd; boundsInParent: Rect(0, 0 - 1200, 1540); boundsInScreen: Rect(1200, 278 - 1200, 1818); packageName: com.adonai.manman; className: android.widget.FrameLayout; text: null; error: null; maxTextLength: -1; contentDescription: null; viewIdResName: com.adonai.manman:id/chapter_fragment_frame; checkable: false; checked: false; focusable: true; focused: false; selected: false; clickable: false; longClickable: false; contextClickable: false; enabled: true; password: false; scrollable: false; actions: [AccessibilityAction: ACTION_FOCUS - null, AccessibilityAction: ACTION_SELECT - null, AccessibilityAction: ACTION_CLEAR_SELECTION - null, AccessibilityAction: ACTION_ACCESSIBILITY_FOCUS - null, AccessibilityAction: ACTION_UNKNOWN - null]
08-02 11:46:54.850  6734  6734 W AccessibilityNodeInfoDumper: Fetch time: 6ms
08-02 11:46:54.854   623  1611 W WindowManager: Attempted to remove non-existing token: android.os.Binder@85b190a
08-02 11:46:54.858  6734  6734 D AndroidRuntime: Shutting down VM
08-02 11:46:55.983  6762  6762 D AndroidRuntime: >>>>>> START com.android.internal.os.RuntimeInit uid 0 <<<<<<
08-02 11:46:55.984  6762  6762 D AndroidRuntime: CheckJNI is OFF
08-02 11:46:55.993  6762  6762 D ICU     : No timezone override file found: /data/misc/zoneinfo/current/icu/icu_tzdata.dat
08-02 11:46:56.005  6762  6762 E memtrack: Couldn't load memtrack module (No such file or directory)
08-02 11:46:56.005  6762  6762 E android.os.Debug: failed to load memtrack module: -2
08-02 11:46:56.006  6762  6762 I Radio-JNI: register_android_hardware_Radio DONE
08-02 11:46:56.013  6762  6762 D AndroidRuntime: Calling main entry com.android.commands.uiautomator.Launcher
08-02 11:46:57.021  2065  2065 D leak-356-5: Eastern Standard Time
08-02 11:46:57.021  2065  2065 D leak-357-5: Eastern Standard Time
08-02 11:46:57.021  2065  2065 D leak-358-5: Eastern Standard Time
08-02 11:46:57.021  2065  2065 D leak-360-5: Eastern Standard Time
08-02 11:46:57.021  2065  2065 D leak-362-5: Eastern Standard Time
08-02 11:46:57.021  2065  2065 D leak-364-5: Eastern Standard Time
08-02 11:46:57.021  2065  2065 D leak-366-5: Eastern Standard Time
08-02 11:46:57.021  2065  2065 D leak-368-5: Eastern Standard Time
08-02 11:46:57.021  2065  2065 D leak-359-2: Eastern Standard Time
08-02 11:46:57.021  2065  2065 D leak-361-2: Eastern Standard Time
08-02 11:46:57.021  2065  2065 D leak-363-2: Eastern Standard Time
08-02 11:46:57.021  2065  2065 D leak-365-2: Eastern Standard Time
08-02 11:46:57.021  2065  2065 D leak-367-2: Eastern Standard Time
08-02 11:46:57.032  6762  6762 I AccessibilityNodeInfoDumper: Skipping invisible child: android.view.accessibility.AccessibilityNodeInfo@8000c1c4; boundsInParent: Rect(0, 0 - 1200, 1540); boundsInScreen: Rect(1200, 278 - 1200, 1818); packageName: com.adonai.manman; className: android.widget.FrameLayout; text: null; error: null; maxTextLength: -1; contentDescription: null; viewIdResName: com.adonai.manman:id/chapter_fragment_frame; checkable: false; checked: false; focusable: true; focused: false; selected: false; clickable: false; longClickable: false; contextClickable: false; enabled: true; password: false; scrollable: false; actions: [AccessibilityAction: ACTION_FOCUS - null, AccessibilityAction: ACTION_SELECT - null, AccessibilityAction: ACTION_CLEAR_SELECTION - null, AccessibilityAction: ACTION_ACCESSIBILITY_FOCUS - null, AccessibilityAction: ACTION_UNKNOWN - null]
08-02 11:46:57.033  6762  6762 W AccessibilityNodeInfoDumper: Fetch time: 8ms
08-02 11:46:57.034   623  1556 W WindowManager: Attempted to remove non-existing token: android.os.Binder@826e57b
08-02 11:46:57.045  6762  6762 D AndroidRuntime: Shutting down VM
08-02 11:46:58.145  6788  6788 D AndroidRuntime: >>>>>> START com.android.internal.os.RuntimeInit uid 0 <<<<<<
08-02 11:46:58.147  6788  6788 D AndroidRuntime: CheckJNI is OFF
08-02 11:46:58.156  6788  6788 D ICU     : No timezone override file found: /data/misc/zoneinfo/current/icu/icu_tzdata.dat
08-02 11:46:58.169  6788  6788 E memtrack: Couldn't load memtrack module (No such file or directory)
08-02 11:46:58.169  6788  6788 E android.os.Debug: failed to load memtrack module: -2
08-02 11:46:58.170  6788  6788 I Radio-JNI: register_android_hardware_Radio DONE
08-02 11:46:58.176  6788  6788 D AndroidRuntime: Calling main entry com.android.commands.uiautomator.Launcher
08-02 11:46:59.188  2065  2065 D leak-356-5: Eastern Standard Time
08-02 11:46:59.188  2065  2065 D leak-357-5: Eastern Standard Time
08-02 11:46:59.188  2065  2065 D leak-358-5: Eastern Standard Time
08-02 11:46:59.188  2065  2065 D leak-360-5: Eastern Standard Time
08-02 11:46:59.188  2065  2065 D leak-362-5: Eastern Standard Time
08-02 11:46:59.188  2065  2065 D leak-364-5: Eastern Standard Time
08-02 11:46:59.188  2065  2065 D leak-366-5: Eastern Standard Time
08-02 11:46:59.188  2065  2065 D leak-368-5: Eastern Standard Time
08-02 11:46:59.188  2065  2065 D leak-359-2: Eastern Standard Time
08-02 11:46:59.188  2065  2065 D leak-361-2: Eastern Standard Time
08-02 11:46:59.188  2065  2065 D leak-363-2: Eastern Standard Time
08-02 11:46:59.189  2065  2065 D leak-365-2: Eastern Standard Time
08-02 11:46:59.189  2065  2065 D leak-367-2: Eastern Standard Time
08-02 11:46:59.199  6788  6788 I AccessibilityNodeInfoDumper: Skipping invisible child: android.view.accessibility.AccessibilityNodeInfo@8000c1cb; boundsInParent: Rect(0, 0 - 1200, 1540); boundsInScreen: Rect(1200, 278 - 1200, 1818); packageName: com.adonai.manman; className: android.widget.FrameLayout; text: null; error: null; maxTextLength: -1; contentDescription: null; viewIdResName: com.adonai.manman:id/chapter_fragment_frame; checkable: false; checked: false; focusable: true; focused: false; selected: false; clickable: false; longClickable: false; contextClickable: false; enabled: true; password: false; scrollable: false; actions: [AccessibilityAction: ACTION_FOCUS - null, AccessibilityAction: ACTION_SELECT - null, AccessibilityAction: ACTION_CLEAR_SELECTION - null, AccessibilityAction: ACTION_ACCESSIBILITY_FOCUS - null, AccessibilityAction: ACTION_UNKNOWN - null]
08-02 11:46:59.200  6788  6788 W AccessibilityNodeInfoDumper: Fetch time: 7ms
08-02 11:46:59.201   623   761 W WindowManager: Attempted to remove non-existing token: android.os.Binder@fb233f1
08-02 11:46:59.210  6788  6788 D AndroidRuntime: Shutting down VM
08-02 11:46:59.685  6806  6806 D AndroidRuntime: >>>>>> START com.android.internal.os.RuntimeInit uid 0 <<<<<<
08-02 11:46:59.686  6806  6806 D AndroidRuntime: CheckJNI is OFF
08-02 11:46:59.695  6806  6806 D ICU     : No timezone override file found: /data/misc/zoneinfo/current/icu/icu_tzdata.dat
08-02 11:46:59.707  6806  6806 E memtrack: Couldn't load memtrack module (No such file or directory)
08-02 11:46:59.707  6806  6806 E android.os.Debug: failed to load memtrack module: -2
08-02 11:46:59.708  6806  6806 I Radio-JNI: register_android_hardware_Radio DONE
08-02 11:46:59.713  6806  6806 D AndroidRuntime: Calling main entry com.android.commands.uiautomator.Launcher
08-02 11:47:00.721  2065  2065 D leak-356-5: Eastern Standard Time
08-02 11:47:00.721  2065  2065 D leak-357-5: Eastern Standard Time
08-02 11:47:00.721  2065  2065 D leak-358-5: Eastern Standard Time
08-02 11:47:00.721  2065  2065 D leak-360-5: Eastern Standard Time
08-02 11:47:00.721  2065  2065 D leak-362-5: Eastern Standard Time
08-02 11:47:00.721  2065  2065 D leak-364-5: Eastern Standard Time
08-02 11:47:00.721  2065  2065 D leak-366-5: Eastern Standard Time
08-02 11:47:00.721  2065  2065 D leak-368-5: Eastern Standard Time
08-02 11:47:00.721  2065  2065 D leak-359-2: Eastern Standard Time
08-02 11:47:00.721  2065  2065 D leak-361-2: Eastern Standard Time
08-02 11:47:00.721  2065  2065 D leak-363-2: Eastern Standard Time
08-02 11:47:00.721  2065  2065 D leak-365-2: Eastern Standard Time
08-02 11:47:00.721  2065  2065 D leak-367-2: Eastern Standard Time
08-02 11:47:00.733  6806  6806 I AccessibilityNodeInfoDumper: Skipping invisible child: android.view.accessibility.AccessibilityNodeInfo@8000c1d2; boundsInParent: Rect(0, 0 - 1200, 1540); boundsInScreen: Rect(1200, 278 - 1200, 1818); packageName: com.adonai.manman; className: android.widget.FrameLayout; text: null; error: null; maxTextLength: -1; contentDescription: null; viewIdResName: com.adonai.manman:id/chapter_fragment_frame; checkable: false; checked: false; focusable: true; focused: false; selected: false; clickable: false; longClickable: false; contextClickable: false; enabled: true; password: false; scrollable: false; actions: [AccessibilityAction: ACTION_FOCUS - null, AccessibilityAction: ACTION_SELECT - null, AccessibilityAction: ACTION_CLEAR_SELECTION - null, AccessibilityAction: ACTION_ACCESSIBILITY_FOCUS - null, AccessibilityAction: ACTION_UNKNOWN - null]
08-02 11:47:00.739  6806  6806 W AccessibilityNodeInfoDumper: Fetch time: 13ms
08-02 11:47:00.739   623  1116 W WindowManager: Attempted to remove non-existing token: android.os.Binder@819bbd6
08-02 11:47:00.747  6806  6806 D AndroidRuntime: Shutting down VM
08-02 11:47:01.808  6829  6829 D AndroidRuntime: >>>>>> START com.android.internal.os.RuntimeInit uid 0 <<<<<<
08-02 11:47:01.810  6829  6829 D AndroidRuntime: CheckJNI is OFF
08-02 11:47:01.818  6829  6829 D ICU     : No timezone override file found: /data/misc/zoneinfo/current/icu/icu_tzdata.dat
08-02 11:47:01.831  6829  6829 E memtrack: Couldn't load memtrack module (No such file or directory)
08-02 11:47:01.831  6829  6829 E android.os.Debug: failed to load memtrack module: -2
08-02 11:47:01.832  6829  6829 I Radio-JNI: register_android_hardware_Radio DONE
08-02 11:47:01.837  6829  6829 D AndroidRuntime: Calling main entry com.android.commands.uiautomator.Launcher
08-02 11:47:02.848  2065  2065 D leak-356-5: Eastern Standard Time
08-02 11:47:02.848  2065  2065 D leak-357-5: Eastern Standard Time
08-02 11:47:02.848  2065  2065 D leak-358-5: Eastern Standard Time
08-02 11:47:02.848  2065  2065 D leak-360-5: Eastern Standard Time
08-02 11:47:02.848  2065  2065 D leak-362-5: Eastern Standard Time
08-02 11:47:02.848  2065  2065 D leak-364-5: Eastern Standard Time
08-02 11:47:02.848  2065  2065 D leak-366-5: Eastern Standard Time
08-02 11:47:02.848  2065  2065 D leak-368-5: Eastern Standard Time
08-02 11:47:02.848  2065  2065 D leak-359-2: Eastern Standard Time
08-02 11:47:02.848  2065  2065 D leak-361-2: Eastern Standard Time
08-02 11:47:02.848  2065  2065 D leak-363-2: Eastern Standard Time
08-02 11:47:02.848  2065  2065 D leak-365-2: Eastern Standard Time
08-02 11:47:02.848  2065  2065 D leak-367-2: Eastern Standard Time
08-02 11:47:02.857  6829  6829 I AccessibilityNodeInfoDumper: Skipping invisible child: android.view.accessibility.AccessibilityNodeInfo@8000c1da; boundsInParent: Rect(0, 0 - 1200, 1540); boundsInScreen: Rect(1200, 278 - 1200, 1818); packageName: com.adonai.manman; className: android.widget.FrameLayout; text: null; error: null; maxTextLength: -1; contentDescription: null; viewIdResName: com.adonai.manman:id/chapter_fragment_frame; checkable: false; checked: false; focusable: true; focused: false; selected: false; clickable: false; longClickable: false; contextClickable: false; enabled: true; password: false; scrollable: false; actions: [AccessibilityAction: ACTION_FOCUS - null, AccessibilityAction: ACTION_SELECT - null, AccessibilityAction: ACTION_CLEAR_SELECTION - null, AccessibilityAction: ACTION_ACCESSIBILITY_FOCUS - null, AccessibilityAction: ACTION_UNKNOWN - null]
08-02 11:47:02.858  6829  6829 W AccessibilityNodeInfoDumper: Fetch time: 8ms
08-02 11:47:02.859   623  1081 W WindowManager: Attempted to remove non-existing token: android.os.Binder@7b45e57
08-02 11:47:02.861  6829  6829 D AndroidRuntime: Shutting down VM
08-02 11:47:03.368  6847  6847 D AndroidRuntime: >>>>>> START com.android.internal.os.RuntimeInit uid 0 <<<<<<
08-02 11:47:03.369  6847  6847 D AndroidRuntime: CheckJNI is OFF
08-02 11:47:03.378  6847  6847 D ICU     : No timezone override file found: /data/misc/zoneinfo/current/icu/icu_tzdata.dat
08-02 11:47:03.394  6847  6847 E memtrack: Couldn't load memtrack module (No such file or directory)
08-02 11:47:03.394  6847  6847 E android.os.Debug: failed to load memtrack module: -2
08-02 11:47:03.397  6847  6847 I Radio-JNI: register_android_hardware_Radio DONE
08-02 11:47:03.405  6847  6847 D AndroidRuntime: Calling main entry com.android.commands.uiautomator.Launcher
08-02 11:47:04.417  2065  2065 D leak-356-5: Eastern Standard Time
08-02 11:47:04.417  2065  2065 D leak-357-5: Eastern Standard Time
08-02 11:47:04.417  2065  2065 D leak-358-5: Eastern Standard Time
08-02 11:47:04.417  2065  2065 D leak-360-5: Eastern Standard Time
08-02 11:47:04.417  2065  2065 D leak-362-5: Eastern Standard Time
08-02 11:47:04.417  2065  2065 D leak-364-5: Eastern Standard Time
08-02 11:47:04.417  2065  2065 D leak-366-5: Eastern Standard Time
08-02 11:47:04.417  2065  2065 D leak-368-5: Eastern Standard Time
08-02 11:47:04.417  2065  2065 D leak-359-2: Eastern Standard Time
08-02 11:47:04.417  2065  2065 D leak-361-2: Eastern Standard Time
08-02 11:47:04.417  2065  2065 D leak-363-2: Eastern Standard Time
08-02 11:47:04.417  2065  2065 D leak-365-2: Eastern Standard Time
08-02 11:47:04.417  2065  2065 D leak-367-2: Eastern Standard Time
08-02 11:47:04.429  6847  6847 I AccessibilityNodeInfoDumper: Skipping invisible child: android.view.accessibility.AccessibilityNodeInfo@8000c1e2; boundsInParent: Rect(0, 0 - 1200, 1540); boundsInScreen: Rect(1200, 278 - 1200, 1818); packageName: com.adonai.manman; className: android.widget.FrameLayout; text: null; error: null; maxTextLength: -1; contentDescription: null; viewIdResName: com.adonai.manman:id/chapter_fragment_frame; checkable: false; checked: false; focusable: true; focused: false; selected: false; clickable: false; longClickable: false; contextClickable: false; enabled: true; password: false; scrollable: false; actions: [AccessibilityAction: ACTION_FOCUS - null, AccessibilityAction: ACTION_SELECT - null, AccessibilityAction: ACTION_CLEAR_SELECTION - null, AccessibilityAction: ACTION_ACCESSIBILITY_FOCUS - null, AccessibilityAction: ACTION_UNKNOWN - null]
08-02 11:47:04.429  6847  6847 W AccessibilityNodeInfoDumper: Fetch time: 8ms
08-02 11:47:04.430   623  1116 W WindowManager: Attempted to remove non-existing token: android.os.Binder@ad4dd44
08-02 11:47:04.433  6847  6847 D AndroidRuntime: Shutting down VM
08-02 11:47:05.481  6871  6871 D AndroidRuntime: >>>>>> START com.android.internal.os.RuntimeInit uid 0 <<<<<<
08-02 11:47:05.483  6871  6871 D AndroidRuntime: CheckJNI is OFF
08-02 11:47:05.490  6871  6871 D ICU     : No timezone override file found: /data/misc/zoneinfo/current/icu/icu_tzdata.dat
08-02 11:47:05.504  6871  6871 E memtrack: Couldn't load memtrack module (No such file or directory)
08-02 11:47:05.504  6871  6871 E android.os.Debug: failed to load memtrack module: -2
08-02 11:47:05.504  6871  6871 I Radio-JNI: register_android_hardware_Radio DONE
08-02 11:47:05.509  6871  6871 D AndroidRuntime: Calling main entry com.android.commands.uiautomator.Launcher
08-02 11:47:06.527  2065  2065 D leak-356-5: Eastern Standard Time
08-02 11:47:06.527  2065  2065 D leak-357-5: Eastern Standard Time
08-02 11:47:06.527  2065  2065 D leak-358-5: Eastern Standard Time
08-02 11:47:06.527  2065  2065 D leak-360-5: Eastern Standard Time
08-02 11:47:06.527  2065  2065 D leak-362-5: Eastern Standard Time
08-02 11:47:06.527  2065  2065 D leak-364-5: Eastern Standard Time
08-02 11:47:06.527  2065  2065 D leak-366-5: Eastern Standard Time
08-02 11:47:06.527  2065  2065 D leak-368-5: Eastern Standard Time
08-02 11:47:06.527  2065  2065 D leak-359-2: Eastern Standard Time
08-02 11:47:06.527  2065  2065 D leak-361-2: Eastern Standard Time
08-02 11:47:06.527  2065  2065 D leak-363-2: Eastern Standard Time
08-02 11:47:06.527  2065  2065 D leak-365-2: Eastern Standard Time
08-02 11:47:06.527  2065  2065 D leak-367-2: Eastern Standard Time
08-02 11:47:06.537  6871  6871 I AccessibilityNodeInfoDumper: Skipping invisible child: android.view.accessibility.AccessibilityNodeInfo@8000c1e8; boundsInParent: Rect(0, 0 - 1200, 1540); boundsInScreen: Rect(1200, 278 - 1200, 1818); packageName: com.adonai.manman; className: android.widget.FrameLayout; text: null; error: null; maxTextLength: -1; contentDescription: null; viewIdResName: com.adonai.manman:id/chapter_fragment_frame; checkable: false; checked: false; focusable: true; focused: false; selected: false; clickable: false; longClickable: false; contextClickable: false; enabled: true; password: false; scrollable: false; actions: [AccessibilityAction: ACTION_FOCUS - null, AccessibilityAction: ACTION_SELECT - null, AccessibilityAction: ACTION_CLEAR_SELECTION - null, AccessibilityAction: ACTION_ACCESSIBILITY_FOCUS - null, AccessibilityAction: ACTION_UNKNOWN - null]
08-02 11:47:06.540  6871  6871 W AccessibilityNodeInfoDumper: Fetch time: 9ms
08-02 11:47:06.541   623  1034 W WindowManager: Attempted to remove non-existing token: android.os.Binder@f4dbf62
08-02 11:47:06.544  6871  6871 D AndroidRuntime: Shutting down VM
08-02 11:47:07.036  6889  6889 D AndroidRuntime: >>>>>> START com.android.internal.os.RuntimeInit uid 0 <<<<<<
08-02 11:47:07.038  6889  6889 D AndroidRuntime: CheckJNI is OFF
08-02 11:47:07.051  6889  6889 D ICU     : No timezone override file found: /data/misc/zoneinfo/current/icu/icu_tzdata.dat
08-02 11:47:07.062  6889  6889 E memtrack: Couldn't load memtrack module (No such file or directory)
08-02 11:47:07.062  6889  6889 E android.os.Debug: failed to load memtrack module: -2
08-02 11:47:07.063  6889  6889 I Radio-JNI: register_android_hardware_Radio DONE
08-02 11:47:07.070  6889  6889 D AndroidRuntime: Calling main entry com.android.commands.uiautomator.Launcher
08-02 11:47:08.079  2065  2065 D leak-356-5: Eastern Standard Time
08-02 11:47:08.079  2065  2065 D leak-357-5: Eastern Standard Time
08-02 11:47:08.079  2065  2065 D leak-358-5: Eastern Standard Time
08-02 11:47:08.079  2065  2065 D leak-360-5: Eastern Standard Time
08-02 11:47:08.079  2065  2065 D leak-362-5: Eastern Standard Time
08-02 11:47:08.079  2065  2065 D leak-364-5: Eastern Standard Time
08-02 11:47:08.079  2065  2065 D leak-366-5: Eastern Standard Time
08-02 11:47:08.079  2065  2065 D leak-368-5: Eastern Standard Time
08-02 11:47:08.079  2065  2065 D leak-359-2: Eastern Standard Time
08-02 11:47:08.079  2065  2065 D leak-361-2: Eastern Standard Time
08-02 11:47:08.079  2065  2065 D leak-363-2: Eastern Standard Time
08-02 11:47:08.079  2065  2065 D leak-365-2: Eastern Standard Time
08-02 11:47:08.079  2065  2065 D leak-367-2: Eastern Standard Time
08-02 11:47:08.089  6889  6889 I AccessibilityNodeInfoDumper: Skipping invisible child: android.view.accessibility.AccessibilityNodeInfo@8000c1ef; boundsInParent: Rect(0, 0 - 1200, 1540); boundsInScreen: Rect(1200, 278 - 1200, 1818); packageName: com.adonai.manman; className: android.widget.FrameLayout; text: null; error: null; maxTextLength: -1; contentDescription: null; viewIdResName: com.adonai.manman:id/chapter_fragment_frame; checkable: false; checked: false; focusable: true; focused: false; selected: false; clickable: false; longClickable: false; contextClickable: false; enabled: true; password: false; scrollable: false; actions: [AccessibilityAction: ACTION_FOCUS - null, AccessibilityAction: ACTION_SELECT - null, AccessibilityAction: ACTION_CLEAR_SELECTION - null, AccessibilityAction: ACTION_ACCESSIBILITY_FOCUS - null, AccessibilityAction: ACTION_UNKNOWN - null]
08-02 11:47:08.091  6889  6889 W AccessibilityNodeInfoDumper: Fetch time: 7ms
08-02 11:47:08.091   623  1116 W WindowManager: Attempted to remove non-existing token: android.os.Binder@c3688f3
08-02 11:47:08.098  6889  6889 D AndroidRuntime: Shutting down VM
08-02 11:47:08.541  6902  6902 D AndroidRuntime: >>>>>> START com.android.internal.os.RuntimeInit uid 0 <<<<<<
08-02 11:47:08.545  6902  6902 D AndroidRuntime: CheckJNI is OFF
08-02 11:47:08.555  6902  6902 D ICU     : No timezone override file found: /data/misc/zoneinfo/current/icu/icu_tzdata.dat
08-02 11:47:08.566  6902  6902 E memtrack: Couldn't load memtrack module (No such file or directory)
08-02 11:47:08.566  6902  6902 E android.os.Debug: failed to load memtrack module: -2
08-02 11:47:08.567  6902  6902 I Radio-JNI: register_android_hardware_Radio DONE
08-02 11:47:08.573  6902  6902 D AndroidRuntime: Calling main entry com.android.commands.input.Input
08-02 11:47:08.575  6902  6902 I Input   : injectMotionEvent: MotionEvent { action=ACTION_DOWN, actionButton=0, id[0]=0, x[0]=640.0, y[0]=322.0, toolType[0]=TOOL_TYPE_UNKNOWN, buttonState=0, metaState=0, flags=0x0, edgeFlags=0x0, pointerCount=1, historySize=0, eventTime=453675, downTime=453675, deviceId=0, source=0x1002 }
08-02 11:47:08.578  6902  6902 I Input   : injectMotionEvent: MotionEvent { action=ACTION_UP, actionButton=0, id[0]=0, x[0]=640.0, y[0]=322.0, toolType[0]=TOOL_TYPE_UNKNOWN, buttonState=0, metaState=0, flags=0x0, edgeFlags=0x0, pointerCount=1, historySize=0, eventTime=453675, downTime=453675, deviceId=0, source=0x1002 }
08-02 11:47:08.596  6902  6902 D AndroidRuntime: Shutting down VM
08-02 11:47:08.604   961   961 I LatinIME: Starting input. Cursor position = 0,0
08-02 11:47:08.632  2065  2065 D leak-356-5: Eastern Standard Time
08-02 11:47:08.632  2065  2065 D leak-357-5: Eastern Standard Time
08-02 11:47:08.632  2065  2065 D leak-358-5: Eastern Standard Time
08-02 11:47:08.632  2065  2065 D leak-360-5: Eastern Standard Time
08-02 11:47:08.632  2065  2065 D leak-362-5: Eastern Standard Time
08-02 11:47:08.632  2065  2065 D leak-364-5: Eastern Standard Time
08-02 11:47:08.632  2065  2065 D leak-366-5: Eastern Standard Time
08-02 11:47:08.632  2065  2065 D leak-368-5: Eastern Standard Time
08-02 11:47:08.632  2065  2065 D leak-359-2: Eastern Standard Time
08-02 11:47:08.632  2065  2065 D leak-361-2: Eastern Standard Time
08-02 11:47:08.632  2065  2065 D leak-363-2: Eastern Standard Time
08-02 11:47:08.632  2065  2065 D leak-365-2: Eastern Standard Time
08-02 11:47:08.632  2065  2065 D leak-367-2: Eastern Standard Time
08-02 11:47:08.632  2065  2065 D leak-356-5: Eastern Standard Time
08-02 11:47:08.632  2065  2065 D leak-357-5: Eastern Standard Time
08-02 11:47:08.632  2065  2065 D leak-358-5: Eastern Standard Time
08-02 11:47:08.632  2065  2065 D leak-360-5: Eastern Standard Time
08-02 11:47:08.632  2065  2065 D leak-362-5: Eastern Standard Time
08-02 11:47:08.632  2065  2065 D leak-364-5: Eastern Standard Time
08-02 11:47:08.632  2065  2065 D leak-366-5: Eastern Standard Time
08-02 11:47:08.632  2065  2065 D leak-368-5: Eastern Standard Time
08-02 11:47:08.632  2065  2065 D leak-359-2: Eastern Standard Time
08-02 11:47:08.632  2065  2065 D leak-361-2: Eastern Standard Time
08-02 11:47:08.632  2065  2065 D leak-363-2: Eastern Standard Time
08-02 11:47:08.632  2065  2065 D leak-365-2: Eastern Standard Time
08-02 11:47:08.632  2065  2065 D leak-367-2: Eastern Standard Time
08-02 11:47:08.632  2065  2065 D leak-356-7: Eastern Standard Time
08-02 11:47:08.632  2065  2065 D leak-357-7: Eastern Standard Time
08-02 11:47:08.632  2065  2065 D leak-358-7: Eastern Standard Time
08-02 11:47:08.632  2065  2065 D leak-360-7: Eastern Standard Time
08-02 11:47:08.632  2065  2065 D leak-362-7: Eastern Standard Time
08-02 11:47:08.632  2065  2065 D leak-364-7: Eastern Standard Time
08-02 11:47:08.632  2065  2065 D leak-366-7: Eastern Standard Time
08-02 11:47:08.632  2065  2065 D leak-368-7: Eastern Standard Time
08-02 11:47:08.632  2065  2065 D leak-359-4: Eastern Standard Time
08-02 11:47:08.632  2065  2065 D leak-361-4: Eastern Standard Time
08-02 11:47:08.632  2065  2065 D leak-363-4: Eastern Standard Time
08-02 11:47:08.632  2065  2065 D leak-365-4: Eastern Standard Time
08-02 11:47:08.632  2065  2065 D leak-367-4: Eastern Standard Time
08-02 11:47:08.667  2065  2065 D leak-356-5: Eastern Standard Time
08-02 11:47:08.667  2065  2065 D leak-357-5: Eastern Standard Time
08-02 11:47:08.667  2065  2065 D leak-358-5: Eastern Standard Time
08-02 11:47:08.667  2065  2065 D leak-360-5: Eastern Standard Time
08-02 11:47:08.667  2065  2065 D leak-362-5: Eastern Standard Time
08-02 11:47:08.667  2065  2065 D leak-364-5: Eastern Standard Time
08-02 11:47:08.667  2065  2065 D leak-366-5: Eastern Standard Time
08-02 11:47:08.667  2065  2065 D leak-368-5: Eastern Standard Time
08-02 11:47:08.667  2065  2065 D leak-359-2: Eastern Standard Time
08-02 11:47:08.667  2065  2065 D leak-361-2: Eastern Standard Time
08-02 11:47:08.667  2065  2065 D leak-363-2: Eastern Standard Time
08-02 11:47:08.667  2065  2065 D leak-365-2: Eastern Standard Time
08-02 11:47:08.667  2065  2065 D leak-367-2: Eastern Standard Time
08-02 11:47:08.672   961  2381 W EGL_emulation: eglSurfaceAttrib not implemented
08-02 11:47:08.672   961  2381 W OpenGLRenderer: Failed to set EGL_SWAP_BEHAVIOR on surface 0xec9672e0, error=EGL_SUCCESS
08-02 11:47:08.701  2065  2065 D leak-356-5: Eastern Standard Time
08-02 11:47:08.701  2065  2065 D leak-357-5: Eastern Standard Time
08-02 11:47:08.701  2065  2065 D leak-358-5: Eastern Standard Time
08-02 11:47:08.701  2065  2065 D leak-360-5: Eastern Standard Time
08-02 11:47:08.701  2065  2065 D leak-362-5: Eastern Standard Time
08-02 11:47:08.701  2065  2065 D leak-364-5: Eastern Standard Time
08-02 11:47:08.701  2065  2065 D leak-366-5: Eastern Standard Time
08-02 11:47:08.701  2065  2065 D leak-368-5: Eastern Standard Time
08-02 11:47:08.701  2065  2065 D leak-359-2: Eastern Standard Time
08-02 11:47:08.701  2065  2065 D leak-361-2: Eastern Standard Time
08-02 11:47:08.701  2065  2065 D leak-363-2: Eastern Standard Time
08-02 11:47:08.701  2065  2065 D leak-365-2: Eastern Standard Time
08-02 11:47:08.701  2065  2065 D leak-367-2: Eastern Standard Time
08-02 11:47:08.701  2065  2065 D leak-356-5: Eastern Standard Time
08-02 11:47:08.701  2065  2065 D leak-357-5: Eastern Standard Time
08-02 11:47:08.701  2065  2065 D leak-358-5: Eastern Standard Time
08-02 11:47:08.701  2065  2065 D leak-360-5: Eastern Standard Time
08-02 11:47:08.701  2065  2065 D leak-362-5: Eastern Standard Time
08-02 11:47:08.701  2065  2065 D leak-364-5: Eastern Standard Time
08-02 11:47:08.701  2065  2065 D leak-366-5: Eastern Standard Time
08-02 11:47:08.701  2065  2065 D leak-368-5: Eastern Standard Time
08-02 11:47:08.701  2065  2065 D leak-359-2: Eastern Standard Time
08-02 11:47:08.701  2065  2065 D leak-361-2: Eastern Standard Time
08-02 11:47:08.701  2065  2065 D leak-363-2: Eastern Standard Time
08-02 11:47:08.701  2065  2065 D leak-365-2: Eastern Standard Time
08-02 11:47:08.701  2065  2065 D leak-367-2: Eastern Standard Time
08-02 11:47:08.702  2065  2065 D leak-356-7: Eastern Standard Time
08-02 11:47:08.702  2065  2065 D leak-357-7: Eastern Standard Time
08-02 11:47:08.702  2065  2065 D leak-358-7: Eastern Standard Time
08-02 11:47:08.702  2065  2065 D leak-360-7: Eastern Standard Time
08-02 11:47:08.702  2065  2065 D leak-362-7: Eastern Standard Time
08-02 11:47:08.702  2065  2065 D leak-364-7: Eastern Standard Time
08-02 11:47:08.702  2065  2065 D leak-366-7: Eastern Standard Time
08-02 11:47:08.702  2065  2065 D leak-368-7: Eastern Standard Time
08-02 11:47:08.704  2065  2065 D leak-359-4: Eastern Standard Time
08-02 11:47:08.704  2065  2065 D leak-361-4: Eastern Standard Time
08-02 11:47:08.704  2065  2065 D leak-363-4: Eastern Standard Time
08-02 11:47:08.704  2065  2065 D leak-365-4: Eastern Standard Time
08-02 11:47:08.704  2065  2065 D leak-367-4: Eastern Standard Time
08-02 11:47:08.711  2065  2065 D leak-356-5: Eastern Standard Time
08-02 11:47:08.711  2065  2065 D leak-357-5: Eastern Standard Time
08-02 11:47:08.711  2065  2065 D leak-358-5: Eastern Standard Time
08-02 11:47:08.711  2065  2065 D leak-360-5: Eastern Standard Time
08-02 11:47:08.711  2065  2065 D leak-362-5: Eastern Standard Time
08-02 11:47:08.711  2065  2065 D leak-364-5: Eastern Standard Time
08-02 11:47:08.711  2065  2065 D leak-366-5: Eastern Standard Time
08-02 11:47:08.711  2065  2065 D leak-368-5: Eastern Standard Time
08-02 11:47:08.711  2065  2065 D leak-359-2: Eastern Standard Time
08-02 11:47:08.711  2065  2065 D leak-361-2: Eastern Standard Time
08-02 11:47:08.711  2065  2065 D leak-363-2: Eastern Standard Time
08-02 11:47:08.711  2065  2065 D leak-365-2: Eastern Standard Time
08-02 11:47:08.711  2065  2065 D leak-367-2: Eastern Standard Time
08-02 11:47:08.711  2065  2065 D leak-356-5: Eastern Standard Time
08-02 11:47:08.711  2065  2065 D leak-357-5: Eastern Standard Time
08-02 11:47:08.711  2065  2065 D leak-358-5: Eastern Standard Time
08-02 11:47:08.711  2065  2065 D leak-360-5: Eastern Standard Time
08-02 11:47:08.711  2065  2065 D leak-362-5: Eastern Standard Time
08-02 11:47:08.711  2065  2065 D leak-364-5: Eastern Standard Time
08-02 11:47:08.711  2065  2065 D leak-366-5: Eastern Standard Time
08-02 11:47:08.711  2065  2065 D leak-368-5: Eastern Standard Time
08-02 11:47:08.711  2065  2065 D leak-359-2: Eastern Standard Time
08-02 11:47:08.711  2065  2065 D leak-361-2: Eastern Standard Time
08-02 11:47:08.711  2065  2065 D leak-363-2: Eastern Standard Time
08-02 11:47:08.711  2065  2065 D leak-365-2: Eastern Standard Time
08-02 11:47:08.711  2065  2065 D leak-367-2: Eastern Standard Time
08-02 11:47:08.711  2065  2065 D leak-356-7: Eastern Standard Time
08-02 11:47:08.711  2065  2065 D leak-357-7: Eastern Standard Time
08-02 11:47:08.711  2065  2065 D leak-358-7: Eastern Standard Time
08-02 11:47:08.711  2065  2065 D leak-360-7: Eastern Standard Time
08-02 11:47:08.711  2065  2065 D leak-362-7: Eastern Standard Time
08-02 11:47:08.711  2065  2065 D leak-364-7: Eastern Standard Time
08-02 11:47:08.711  2065  2065 D leak-366-7: Eastern Standard Time
08-02 11:47:08.711  2065  2065 D leak-368-7: Eastern Standard Time
08-02 11:47:08.711  2065  2065 D leak-359-4: Eastern Standard Time
08-02 11:47:08.711  2065  2065 D leak-361-4: Eastern Standard Time
08-02 11:47:08.711  2065  2065 D leak-363-4: Eastern Standard Time
08-02 11:47:08.711  2065  2065 D leak-365-4: Eastern Standard Time
08-02 11:47:08.711  2065  2065 D leak-367-4: Eastern Standard Time
08-02 11:47:08.712  2065  2065 D leak-139-1: Eastern Standard Time
08-02 11:47:08.712  2065  2065 D leak-140-1: Eastern Standard Time
08-02 11:47:08.712  2065  2065 D leak-139-1: Eastern Standard Time
08-02 11:47:08.712  2065  2065 D leak-140-1: Eastern Standard Time
08-02 11:47:08.712  2065  2065 D leak-139-1: Eastern Standard Time
08-02 11:47:08.712  2065  2065 D leak-140-1: Eastern Standard Time
08-02 11:47:08.719  2065  2065 D leak-139-1: Eastern Standard Time
08-02 11:47:08.719  2065  2065 D leak-140-1: Eastern Standard Time
08-02 11:47:08.719  2065  2065 D leak-139-1: Eastern Standard Time
08-02 11:47:08.719  2065  2065 D leak-140-1: Eastern Standard Time
08-02 11:47:08.719  2065  2065 D leak-139-1: Eastern Standard Time
08-02 11:47:08.719  2065  2065 D leak-140-1: Eastern Standard Time
08-02 11:47:08.720  2065  2065 D leak-139-1: Eastern Standard Time
08-02 11:47:08.720  2065  2065 D leak-140-1: Eastern Standard Time
08-02 11:47:08.720  2065  2065 D leak-139-1: Eastern Standard Time
08-02 11:47:08.720  2065  2065 D leak-140-1: Eastern Standard Time
08-02 11:47:08.745  2065  2065 D leak-356-5: Eastern Standard Time
08-02 11:47:08.749  2065  2065 D leak-357-5: Eastern Standard Time
08-02 11:47:08.749  2065  2065 D leak-358-5: Eastern Standard Time
08-02 11:47:08.749  2065  2065 D leak-360-5: Eastern Standard Time
08-02 11:47:08.749  2065  2065 D leak-362-5: Eastern Standard Time
08-02 11:47:08.749  2065  2065 D leak-364-5: Eastern Standard Time
08-02 11:47:08.749  2065  2065 D leak-366-5: Eastern Standard Time
08-02 11:47:08.749  2065  2065 D leak-368-5: Eastern Standard Time
08-02 11:47:08.749  2065  2065 D leak-359-2: Eastern Standard Time
08-02 11:47:08.749  2065  2065 D leak-361-2: Eastern Standard Time
08-02 11:47:08.749  2065  2065 D leak-363-2: Eastern Standard Time
08-02 11:47:08.749  2065  2065 D leak-365-2: Eastern Standard Time
08-02 11:47:08.749  2065  2065 D leak-367-2: Eastern Standard Time
08-02 11:47:09.018  6913  6913 D AndroidRuntime: >>>>>> START com.android.internal.os.RuntimeInit uid 0 <<<<<<
08-02 11:47:09.020  6913  6913 D AndroidRuntime: CheckJNI is OFF
08-02 11:47:09.029  6913  6913 D ICU     : No timezone override file found: /data/misc/zoneinfo/current/icu/icu_tzdata.dat
08-02 11:47:09.068  6913  6913 E memtrack: Couldn't load memtrack module (No such file or directory)
08-02 11:47:09.068  6913  6913 E android.os.Debug: failed to load memtrack module: -2
08-02 11:47:09.069  6913  6913 I Radio-JNI: register_android_hardware_Radio DONE
08-02 11:47:09.076  6913  6913 D AndroidRuntime: Calling main entry com.android.commands.input.Input
08-02 11:47:09.077  6913  6913 I Input   : injectKeyEvent: KeyEvent { action=ACTION_DOWN, keyCode=KEYCODE_ESCAPE, scanCode=0, metaState=0, flags=0x0, repeatCount=0, eventTime=454178, downTime=454178, deviceId=-1, source=0x101 }
08-02 11:47:09.092  6913  6913 I Input   : injectKeyEvent: KeyEvent { action=ACTION_UP, keyCode=KEYCODE_ESCAPE, scanCode=0, metaState=0, flags=0x0, repeatCount=0, eventTime=454178, downTime=454178, deviceId=-1, source=0x101 }
08-02 11:47:09.099  6913  6913 D AndroidRuntime: Shutting down VM
08-02 11:47:09.149   961  2381 E Surface : getSlotFromBufferLocked: unknown buffer: 0xf3dd6360
08-02 11:47:09.168  2065  2065 D leak-356-5: Eastern Standard Time
08-02 11:47:09.168  2065  2065 D leak-357-5: Eastern Standard Time
08-02 11:47:09.168  2065  2065 D leak-358-5: Eastern Standard Time
08-02 11:47:09.168  2065  2065 D leak-360-5: Eastern Standard Time
08-02 11:47:09.168  2065  2065 D leak-362-5: Eastern Standard Time
08-02 11:47:09.168  2065  2065 D leak-364-5: Eastern Standard Time
08-02 11:47:09.168  2065  2065 D leak-366-5: Eastern Standard Time
08-02 11:47:09.168  2065  2065 D leak-368-5: Eastern Standard Time
08-02 11:47:09.168  2065  2065 D leak-359-2: Eastern Standard Time
08-02 11:47:09.171  2065  2065 D leak-361-2: Eastern Standard Time
08-02 11:47:09.171  2065  2065 D leak-363-2: Eastern Standard Time
08-02 11:47:09.171  2065  2065 D leak-365-2: Eastern Standard Time
08-02 11:47:09.171  2065  2065 D leak-367-2: Eastern Standard Time
08-02 11:47:09.171  2065  2065 D leak-356-5: Eastern Standard Time
08-02 11:47:09.171  2065  2065 D leak-357-5: Eastern Standard Time
08-02 11:47:09.172  2065  2065 D leak-358-5: Eastern Standard Time
08-02 11:47:09.172  2065  2065 D leak-360-5: Eastern Standard Time
08-02 11:47:09.172  2065  2065 D leak-362-5: Eastern Standard Time
08-02 11:47:09.172  2065  2065 D leak-364-5: Eastern Standard Time
08-02 11:47:09.172  2065  2065 D leak-366-5: Eastern Standard Time
08-02 11:47:09.172  2065  2065 D leak-368-5: Eastern Standard Time
08-02 11:47:09.172  2065  2065 D leak-359-2: Eastern Standard Time
08-02 11:47:09.172  2065  2065 D leak-361-2: Eastern Standard Time
08-02 11:47:09.172  2065  2065 D leak-363-2: Eastern Standard Time
08-02 11:47:09.172  2065  2065 D leak-365-2: Eastern Standard Time
08-02 11:47:09.172  2065  2065 D leak-367-2: Eastern Standard Time
08-02 11:47:09.172  2065  2065 D leak-356-7: Eastern Standard Time
08-02 11:47:09.172  2065  2065 D leak-357-7: Eastern Standard Time
08-02 11:47:09.172  2065  2065 D leak-358-7: Eastern Standard Time
08-02 11:47:09.172  2065  2065 D leak-360-7: Eastern Standard Time
08-02 11:47:09.172  2065  2065 D leak-362-7: Eastern Standard Time
08-02 11:47:09.172  2065  2065 D leak-364-7: Eastern Standard Time
08-02 11:47:09.172  2065  2065 D leak-366-7: Eastern Standard Time
08-02 11:47:09.172  2065  2065 D leak-368-7: Eastern Standard Time
08-02 11:47:09.172  2065  2065 D leak-359-4: Eastern Standard Time
08-02 11:47:09.172  2065  2065 D leak-361-4: Eastern Standard Time
08-02 11:47:09.172  2065  2065 D leak-363-4: Eastern Standard Time
08-02 11:47:09.172  2065  2065 D leak-365-4: Eastern Standard Time
08-02 11:47:09.172  2065  2065 D leak-367-4: Eastern Standard Time
08-02 11:47:09.192  2065  2065 D leak-356-5: Eastern Standard Time
08-02 11:47:09.192  2065  2065 D leak-357-5: Eastern Standard Time
08-02 11:47:09.192  2065  2065 D leak-358-5: Eastern Standard Time
08-02 11:47:09.192  2065  2065 D leak-360-5: Eastern Standard Time
08-02 11:47:09.192  2065  2065 D leak-362-5: Eastern Standard Time
08-02 11:47:09.192  2065  2065 D leak-364-5: Eastern Standard Time
08-02 11:47:09.192  2065  2065 D leak-366-5: Eastern Standard Time
08-02 11:47:09.192  2065  2065 D leak-368-5: Eastern Standard Time
08-02 11:47:09.192  2065  2065 D leak-359-2: Eastern Standard Time
08-02 11:47:09.192  2065  2065 D leak-361-2: Eastern Standard Time
08-02 11:47:09.192  2065  2065 D leak-363-2: Eastern Standard Time
08-02 11:47:09.192  2065  2065 D leak-365-2: Eastern Standard Time
08-02 11:47:09.192  2065  2065 D leak-367-2: Eastern Standard Time
08-02 11:47:09.192  2065  2065 D leak-356-5: Eastern Standard Time
08-02 11:47:09.192  2065  2065 D leak-357-5: Eastern Standard Time
08-02 11:47:09.192  2065  2065 D leak-358-5: Eastern Standard Time
08-02 11:47:09.192  2065  2065 D leak-360-5: Eastern Standard Time
08-02 11:47:09.192  2065  2065 D leak-362-5: Eastern Standard Time
08-02 11:47:09.192  2065  2065 D leak-364-5: Eastern Standard Time
08-02 11:47:09.192  2065  2065 D leak-366-5: Eastern Standard Time
08-02 11:47:09.192  2065  2065 D leak-368-5: Eastern Standard Time
08-02 11:47:09.192  2065  2065 D leak-359-2: Eastern Standard Time
08-02 11:47:09.192  2065  2065 D leak-361-2: Eastern Standard Time
08-02 11:47:09.192  2065  2065 D leak-363-2: Eastern Standard Time
08-02 11:47:09.192  2065  2065 D leak-365-2: Eastern Standard Time
08-02 11:47:09.192  2065  2065 D leak-367-2: Eastern Standard Time
08-02 11:47:09.192  2065  2065 D leak-356-7: Eastern Standard Time
08-02 11:47:09.192  2065  2065 D leak-357-7: Eastern Standard Time
08-02 11:47:09.192  2065  2065 D leak-358-7: Eastern Standard Time
08-02 11:47:09.192  2065  2065 D leak-360-7: Eastern Standard Time
08-02 11:47:09.192  2065  2065 D leak-362-7: Eastern Standard Time
08-02 11:47:09.192  2065  2065 D leak-364-7: Eastern Standard Time
08-02 11:47:09.192  2065  2065 D leak-366-7: Eastern Standard Time
08-02 11:47:09.192  2065  2065 D leak-368-7: Eastern Standard Time
08-02 11:47:09.207  2065  2065 D leak-359-4: Eastern Standard Time
08-02 11:47:09.207  2065  2065 D leak-361-4: Eastern Standard Time
08-02 11:47:09.207  2065  2065 D leak-363-4: Eastern Standard Time
08-02 11:47:09.207  2065  2065 D leak-365-4: Eastern Standard Time
08-02 11:47:09.207  2065  2065 D leak-367-4: Eastern Standard Time
08-02 11:47:09.208  2065  2065 D leak-139-1: Eastern Standard Time
08-02 11:47:09.208  2065  2065 D leak-140-1: Eastern Standard Time
08-02 11:47:09.208  2065  2065 D leak-139-1: Eastern Standard Time
08-02 11:47:09.208  2065  2065 D leak-140-1: Eastern Standard Time
08-02 11:47:09.208  2065  2065 D leak-139-1: Eastern Standard Time
08-02 11:47:09.208  2065  2065 D leak-140-1: Eastern Standard Time
08-02 11:47:09.209  2065  2065 D leak-139-1: Eastern Standard Time
08-02 11:47:09.210  2065  2065 D leak-140-1: Eastern Standard Time
08-02 11:47:09.210  2065  2065 D leak-139-1: Eastern Standard Time
08-02 11:47:09.210  2065  2065 D leak-140-1: Eastern Standard Time
08-02 11:47:09.210  2065  2065 D leak-139-1: Eastern Standard Time
08-02 11:47:09.210  2065  2065 D leak-140-1: Eastern Standard Time
08-02 11:47:09.210  2065  2065 D leak-139-1: Eastern Standard Time
08-02 11:47:09.210  2065  2065 D leak-140-1: Eastern Standard Time
08-02 11:47:09.211  2065  2065 D leak-139-1: Eastern Standard Time
08-02 11:47:09.211  2065  2065 D leak-140-1: Eastern Standard Time
08-02 11:47:09.211  2065  2065 D leak-139-1: Eastern Standard Time
08-02 11:47:09.211  2065  2065 D leak-140-1: Eastern Standard Time
08-02 11:47:09.212  2065  2065 D leak-139-1: Eastern Standard Time
08-02 11:47:09.212  2065  2065 D leak-140-1: Eastern Standard Time
08-02 11:47:09.212  2065  2065 D leak-139-1: Eastern Standard Time
08-02 11:47:09.212  2065  2065 D leak-140-1: Eastern Standard Time
08-02 11:47:09.213  2065  2065 D leak-139-1: Eastern Standard Time
08-02 11:47:09.213  2065  2065 D leak-140-1: Eastern Standard Time
08-02 11:47:09.217  2065  2065 D leak-356-5: Eastern Standard Time
08-02 11:47:09.217  2065  2065 D leak-357-5: Eastern Standard Time
08-02 11:47:09.217  2065  2065 D leak-358-5: Eastern Standard Time
08-02 11:47:09.217  2065  2065 D leak-360-5: Eastern Standard Time
08-02 11:47:09.217  2065  2065 D leak-362-5: Eastern Standard Time
08-02 11:47:09.217  2065  2065 D leak-364-5: Eastern Standard Time
08-02 11:47:09.217  2065  2065 D leak-366-5: Eastern Standard Time
08-02 11:47:09.217  2065  2065 D leak-368-5: Eastern Standard Time
08-02 11:47:09.217  2065  2065 D leak-359-2: Eastern Standard Time
08-02 11:47:09.218  2065  2065 D leak-361-2: Eastern Standard Time
08-02 11:47:09.218  2065  2065 D leak-363-2: Eastern Standard Time
08-02 11:47:09.218  2065  2065 D leak-365-2: Eastern Standard Time
08-02 11:47:09.218  2065  2065 D leak-367-2: Eastern Standard Time
08-02 11:47:10.099  6926  6926 D AndroidRuntime: >>>>>> START com.android.internal.os.RuntimeInit uid 0 <<<<<<
08-02 11:47:10.101  6926  6926 D AndroidRuntime: CheckJNI is OFF
08-02 11:47:10.110  6926  6926 D ICU     : No timezone override file found: /data/misc/zoneinfo/current/icu/icu_tzdata.dat
08-02 11:47:10.124  6926  6926 E memtrack: Couldn't load memtrack module (No such file or directory)
08-02 11:47:10.124  6926  6926 E android.os.Debug: failed to load memtrack module: -2
08-02 11:47:10.125  6926  6926 I Radio-JNI: register_android_hardware_Radio DONE
08-02 11:47:10.131  6926  6926 D AndroidRuntime: Calling main entry com.android.commands.input.Input
08-02 11:47:10.132  6926  6926 I Input   : injectKeyEvent: KeyEvent { action=ACTION_DOWN, keyCode=KEYCODE_MOVE_END, scanCode=0, metaState=0, flags=0x0, repeatCount=0, eventTime=455234, downTime=455234, deviceId=-1, source=0x101 }
08-02 11:47:10.135  6926  6926 I Input   : injectKeyEvent: KeyEvent { action=ACTION_UP, keyCode=KEYCODE_MOVE_END, scanCode=0, metaState=0, flags=0x0, repeatCount=0, eventTime=455234, downTime=455234, deviceId=-1, source=0x101 }
08-02 11:47:10.141  6926  6926 D AndroidRuntime: Shutting down VM
08-02 11:47:10.492  6935  6935 D AndroidRuntime: >>>>>> START com.android.internal.os.RuntimeInit uid 0 <<<<<<
08-02 11:47:10.495  6935  6935 D AndroidRuntime: CheckJNI is OFF
08-02 11:47:10.506  6935  6935 D ICU     : No timezone override file found: /data/misc/zoneinfo/current/icu/icu_tzdata.dat
08-02 11:47:10.520  6935  6935 E memtrack: Couldn't load memtrack module (No such file or directory)
08-02 11:47:10.520  6935  6935 E android.os.Debug: failed to load memtrack module: -2
08-02 11:47:10.521  6935  6935 I Radio-JNI: register_android_hardware_Radio DONE
08-02 11:47:10.530  6935  6935 D AndroidRuntime: Calling main entry com.android.commands.input.Input
08-02 11:47:10.530  6935  6935 I Input   : injectKeyEvent: KeyEvent { action=ACTION_DOWN, keyCode=KEYCODE_DEL, scanCode=0, metaState=0, flags=0x0, repeatCount=0, eventTime=455631, downTime=455631, deviceId=-1, source=0x101 }
08-02 11:47:10.555  6935  6935 I Input   : injectKeyEvent: KeyEvent { action=ACTION_UP, keyCode=KEYCODE_DEL, scanCode=0, metaState=0, flags=0x0, repeatCount=0, eventTime=455631, downTime=455631, deviceId=-1, source=0x101 }
08-02 11:47:10.557  6935  6935 I Input   : injectKeyEvent: KeyEvent { action=ACTION_DOWN, keyCode=KEYCODE_DEL, scanCode=0, metaState=0, flags=0x0, repeatCount=0, eventTime=455659, downTime=455659, deviceId=-1, source=0x101 }
08-02 11:47:10.562  6935  6935 I Input   : injectKeyEvent: KeyEvent { action=ACTION_UP, keyCode=KEYCODE_DEL, scanCode=0, metaState=0, flags=0x0, repeatCount=0, eventTime=455659, downTime=455659, deviceId=-1, source=0x101 }
08-02 11:47:10.563  6935  6935 I Input   : injectKeyEvent: KeyEvent { action=ACTION_DOWN, keyCode=KEYCODE_DEL, scanCode=0, metaState=0, flags=0x0, repeatCount=0, eventTime=455665, downTime=455665, deviceId=-1, source=0x101 }
08-02 11:47:10.564  6935  6935 I Input   : injectKeyEvent: KeyEvent { action=ACTION_UP, keyCode=KEYCODE_DEL, scanCode=0, metaState=0, flags=0x0, repeatCount=0, eventTime=455665, downTime=455665, deviceId=-1, source=0x101 }
08-02 11:47:10.572  6935  6935 I Input   : injectKeyEvent: KeyEvent { action=ACTION_DOWN, keyCode=KEYCODE_DEL, scanCode=0, metaState=0, flags=0x0, repeatCount=0, eventTime=455674, downTime=455674, deviceId=-1, source=0x101 }
08-02 11:47:10.585  6935  6935 I Input   : injectKeyEvent: KeyEvent { action=ACTION_UP, keyCode=KEYCODE_DEL, scanCode=0, metaState=0, flags=0x0, repeatCount=0, eventTime=455674, downTime=455674, deviceId=-1, source=0x101 }
08-02 11:47:10.586  6935  6935 I Input   : injectKeyEvent: KeyEvent { action=ACTION_DOWN, keyCode=KEYCODE_DEL, scanCode=0, metaState=0, flags=0x0, repeatCount=0, eventTime=455688, downTime=455688, deviceId=-1, source=0x101 }
08-02 11:47:10.587  6935  6935 I Input   : injectKeyEvent: KeyEvent { action=ACTION_UP, keyCode=KEYCODE_DEL, scanCode=0, metaState=0, flags=0x0, repeatCount=0, eventTime=455688, downTime=455688, deviceId=-1, source=0x101 }
08-02 11:47:10.597  6935  6935 I Input   : injectKeyEvent: KeyEvent { action=ACTION_DOWN, keyCode=KEYCODE_DEL, scanCode=0, metaState=0, flags=0x0, repeatCount=0, eventTime=455699, downTime=455699, deviceId=-1, source=0x101 }
08-02 11:47:10.602  6935  6935 I Input   : injectKeyEvent: KeyEvent { action=ACTION_UP, keyCode=KEYCODE_DEL, scanCode=0, metaState=0, flags=0x0, repeatCount=0, eventTime=455699, downTime=455699, deviceId=-1, source=0x101 }
08-02 11:47:10.603  6935  6935 I Input   : injectKeyEvent: KeyEvent { action=ACTION_DOWN, keyCode=KEYCODE_DEL, scanCode=0, metaState=0, flags=0x0, repeatCount=0, eventTime=455705, downTime=455705, deviceId=-1, source=0x101 }
08-02 11:47:10.604  6935  6935 I Input   : injectKeyEvent: KeyEvent { action=ACTION_UP, keyCode=KEYCODE_DEL, scanCode=0, metaState=0, flags=0x0, repeatCount=0, eventTime=455705, downTime=455705, deviceId=-1, source=0x101 }
08-02 11:47:10.605  6935  6935 I Input   : injectKeyEvent: KeyEvent { action=ACTION_DOWN, keyCode=KEYCODE_DEL, scanCode=0, metaState=0, flags=0x0, repeatCount=0, eventTime=455707, downTime=455707, deviceId=-1, source=0x101 }
08-02 11:47:10.608  6935  6935 I Input   : injectKeyEvent: KeyEvent { action=ACTION_UP, keyCode=KEYCODE_DEL, scanCode=0, metaState=0, flags=0x0, repeatCount=0, eventTime=455707, downTime=455707, deviceId=-1, source=0x101 }
08-02 11:47:10.627  6935  6935 I Input   : injectKeyEvent: KeyEvent { action=ACTION_DOWN, keyCode=KEYCODE_DEL, scanCode=0, metaState=0, flags=0x0, repeatCount=0, eventTime=455728, downTime=455728, deviceId=-1, source=0x101 }
08-02 11:47:10.630  6935  6935 I Input   : injectKeyEvent: KeyEvent { action=ACTION_UP, keyCode=KEYCODE_DEL, scanCode=0, metaState=0, flags=0x0, repeatCount=0, eventTime=455728, downTime=455728, deviceId=-1, source=0x101 }
