08-02 11:44:00.547  2410  2410 I Input   : injectKeyEvent: KeyEvent { action=ACTION_DOWN, keyCode=KEYCODE_DEL, scanCode=0, metaState=0, flags=0x0, repeatCount=0, eventTime=265649, downTime=265649, deviceId=-1, source=0x101 }
08-02 11:44:00.548  2410  2410 I Input   : injectKeyEvent: KeyEvent { action=ACTION_UP, keyCode=KEYCODE_DEL, scanCode=0, metaState=0, flags=0x0, repeatCount=0, eventTime=265649, downTime=265649, deviceId=-1, source=0x101 }
08-02 11:44:00.560  2410  2410 I Input   : injectKeyEvent: KeyEvent { action=ACTION_DOWN, keyCode=KEYCODE_DEL, scanCode=0, metaState=0, flags=0x0, repeatCount=0, eventTime=265661, downTime=265661, deviceId=-1, source=0x101 }
08-02 11:44:00.566  2410  2410 I Input   : injectKeyEvent: KeyEvent { action=ACTION_UP, keyCode=KEYCODE_DEL, scanCode=0, metaState=0, flags=0x0, repeatCount=0, eventTime=265661, downTime=265661, deviceId=-1, source=0x101 }
08-02 11:44:00.575  2410  2410 I Input   : injectKeyEvent: KeyEvent { action=ACTION_DOWN, keyCode=KEYCODE_DEL, scanCode=0, metaState=0, flags=0x0, repeatCount=0, eventTime=265676, downTime=265676, deviceId=-1, source=0x101 }
08-02 11:44:00.576  2410  2410 I Input   : injectKeyEvent: KeyEvent { action=ACTION_UP, keyCode=KEYCODE_DEL, scanCode=0, metaState=0, flags=0x0, repeatCount=0, eventTime=265676, downTime=265676, deviceId=-1, source=0x101 }
08-02 11:44:00.594  2410  2410 I Input   : injectKeyEvent: KeyEvent { action=ACTION_DOWN, keyCode=KEYCODE_DEL, scanCode=0, metaState=0, flags=0x0, repeatCount=0, eventTime=265696, downTime=265696, deviceId=-1, source=0x101 }
08-02 11:44:00.600  2410  2410 I Input   : injectKeyEvent: KeyEvent { action=ACTION_UP, keyCode=KEYCODE_DEL, scanCode=0, metaState=0, flags=0x0, repeatCount=0, eventTime=265696, downTime=265696, deviceId=-1, source=0x101 }
08-02 11:44:00.602  2410  2410 I Input   : injectKeyEvent: KeyEvent { action=ACTION_DOWN, keyCode=KEYCODE_DEL, scanCode=0, metaState=0, flags=0x0, repeatCount=0, eventTime=265703, downTime=265703, deviceId=-1, source=0x101 }
08-02 11:44:00.603  2410  2410 I Input   : injectKeyEvent: KeyEvent { action=ACTION_UP, keyCode=KEYCODE_DEL, scanCode=0, metaState=0, flags=0x0, repeatCount=0, eventTime=265703, downTime=265703, deviceId=-1, source=0x101 }
08-02 11:44:00.603  2410  2410 I Input   : injectKeyEvent: KeyEvent { action=ACTION_DOWN, keyCode=KEYCODE_DEL, scanCode=0, metaState=0, flags=0x0, repeatCount=0, eventTime=265705, downTime=265705, deviceId=-1, source=0x101 }
08-02 11:44:00.604  2410  2410 I Input   : injectKeyEvent: KeyEvent { action=ACTION_UP, keyCode=KEYCODE_DEL, scanCode=0, metaState=0, flags=0x0, repeatCount=0, eventTime=265705, downTime=265705, deviceId=-1, source=0x101 }
08-02 11:44:00.605  2410  2410 I Input   : injectKeyEvent: KeyEvent { action=ACTION_DOWN, keyCode=KEYCODE_DEL, scanCode=0, metaState=0, flags=0x0, repeatCount=0, eventTime=265707, downTime=265707, deviceId=-1, source=0x101 }
08-02 11:44:00.606  2410  2410 I Input   : injectKeyEvent: KeyEvent { action=ACTION_UP, keyCode=KEYCODE_DEL, scanCode=0, metaState=0, flags=0x0, repeatCount=0, eventTime=265707, downTime=265707, deviceId=-1, source=0x101 }
08-02 11:44:00.607  2410  2410 I Input   : injectKeyEvent: KeyEvent { action=ACTION_DOWN, keyCode=KEYCODE_DEL, scanCode=0, metaState=0, flags=0x0, repeatCount=0, eventTime=265708, downTime=265708, deviceId=-1, source=0x101 }
08-02 11:44:00.609  2410  2410 I Input   : injectKeyEvent: KeyEvent { action=ACTION_UP, keyCode=KEYCODE_DEL, scanCode=0, metaState=0, flags=0x0, repeatCount=0, eventTime=265708, downTime=265708, deviceId=-1, source=0x101 }
08-02 11:44:00.610  2410  2410 I Input   : injectKeyEvent: KeyEvent { action=ACTION_DOWN, keyCode=KEYCODE_DEL, scanCode=0, metaState=0, flags=0x0, repeatCount=0, eventTime=265711, downTime=265711, deviceId=-1, source=0x101 }
08-02 11:44:00.611  2410  2410 I Input   : injectKeyEvent: KeyEvent { action=ACTION_UP, keyCode=KEYCODE_DEL, scanCode=0, metaState=0, flags=0x0, repeatCount=0, eventTime=265711, downTime=265711, deviceId=-1, source=0x101 }
08-02 11:44:00.612  2410  2410 I Input   : injectKeyEvent: KeyEvent { action=ACTION_DOWN, keyCode=KEYCODE_DEL, scanCode=0, metaState=0, flags=0x0, repeatCount=0, eventTime=265713, downTime=265713, deviceId=-1, source=0x101 }
08-02 11:44:00.613  2410  2410 I Input   : injectKeyEvent: KeyEvent { action=ACTION_UP, keyCode=KEYCODE_DEL, scanCode=0, metaState=0, flags=0x0, repeatCount=0, eventTime=265713, downTime=265713, deviceId=-1, source=0x101 }
08-02 11:44:00.614  2410  2410 D AndroidRuntime: Shutting down VM
08-02 11:44:00.973  2419  2419 D AndroidRuntime: >>>>>> START com.android.internal.os.RuntimeInit uid 0 <<<<<<
08-02 11:44:00.975  2419  2419 D AndroidRuntime: CheckJNI is OFF
08-02 11:44:00.984  2419  2419 D ICU     : No timezone override file found: /data/misc/zoneinfo/current/icu/icu_tzdata.dat
08-02 11:44:00.994  2419  2419 E memtrack: Couldn't load memtrack module (No such file or directory)
08-02 11:44:00.994  2419  2419 E android.os.Debug: failed to load memtrack module: -2
08-02 11:44:00.995  2419  2419 I Radio-JNI: register_android_hardware_Radio DONE
08-02 11:44:01.001  2419  2419 D AndroidRuntime: Calling main entry com.android.commands.input.Input
08-02 11:44:01.005  2419  2419 I Input   : injectKeyEvent: KeyEvent { action=ACTION_DOWN, keyCode=KEYCODE_N, scanCode=0, metaState=0, flags=0x0, repeatCount=0, eventTime=266107, downTime=266107, deviceId=-1, source=0x101 }
08-02 11:44:01.010  2419  2419 I Input   : injectKeyEvent: KeyEvent { action=ACTION_UP, keyCode=KEYCODE_N, scanCode=0, metaState=0, flags=0x0, repeatCount=0, eventTime=266107, downTime=266107, deviceId=-1, source=0x101 }
08-02 11:44:01.011  2419  2419 I Input   : injectKeyEvent: KeyEvent { action=ACTION_DOWN, keyCode=KEYCODE_U, scanCode=0, metaState=0, flags=0x0, repeatCount=0, eventTime=266107, downTime=266107, deviceId=-1, source=0x101 }
08-02 11:44:01.012  2419  2419 I Input   : injectKeyEvent: KeyEvent { action=ACTION_UP, keyCode=KEYCODE_U, scanCode=0, metaState=0, flags=0x0, repeatCount=0, eventTime=266107, downTime=266107, deviceId=-1, source=0x101 }
08-02 11:44:01.013  2419  2419 I Input   : injectKeyEvent: KeyEvent { action=ACTION_DOWN, keyCode=KEYCODE_L, scanCode=0, metaState=0, flags=0x0, repeatCount=0, eventTime=266107, downTime=266107, deviceId=-1, source=0x101 }
08-02 11:44:01.013  2419  2419 I Input   : injectKeyEvent: KeyEvent { action=ACTION_UP, keyCode=KEYCODE_L, scanCode=0, metaState=0, flags=0x0, repeatCount=0, eventTime=266107, downTime=266107, deviceId=-1, source=0x101 }
08-02 11:44:01.019  2419  2419 I Input   : injectKeyEvent: KeyEvent { action=ACTION_DOWN, keyCode=KEYCODE_L, scanCode=0, metaState=0, flags=0x0, repeatCount=0, eventTime=266107, downTime=266107, deviceId=-1, source=0x101 }
08-02 11:44:01.019  2419  2419 I Input   : injectKeyEvent: KeyEvent { action=ACTION_UP, keyCode=KEYCODE_L, scanCode=0, metaState=0, flags=0x0, repeatCount=0, eventTime=266107, downTime=266107, deviceId=-1, source=0x101 }
08-02 11:44:01.021  2419  2419 D AndroidRuntime: Shutting down VM
08-02 11:44:02.914  2749  2749 D AndroidRuntime: >>>>>> START com.android.internal.os.RuntimeInit uid 0 <<<<<<
08-02 11:44:02.916  2749  2749 D AndroidRuntime: CheckJNI is OFF
08-02 11:44:02.926  2749  2749 D ICU     : No timezone override file found: /data/misc/zoneinfo/current/icu/icu_tzdata.dat
08-02 11:44:02.939  2749  2749 E memtrack: Couldn't load memtrack module (No such file or directory)
08-02 11:44:02.939  2749  2749 E android.os.Debug: failed to load memtrack module: -2
08-02 11:44:02.940  2749  2749 I Radio-JNI: register_android_hardware_Radio DONE
08-02 11:44:02.953  2749  2749 D AndroidRuntime: Calling main entry com.android.commands.uiautomator.Launcher
08-02 11:44:03.963  2065  2065 D leak-356-5: Eastern Standard Time
08-02 11:44:03.963  2065  2065 D leak-357-5: Eastern Standard Time
08-02 11:44:03.963  2065  2065 D leak-360-5: Eastern Standard Time
08-02 11:44:03.963  2065  2065 D leak-362-5: Eastern Standard Time
08-02 11:44:03.963  2065  2065 D leak-364-5: Eastern Standard Time
08-02 11:44:03.963  2065  2065 D leak-366-5: Eastern Standard Time
08-02 11:44:03.963  2065  2065 D leak-368-5: Eastern Standard Time
08-02 11:44:03.963  2065  2065 D leak-359-2: Eastern Standard Time
08-02 11:44:03.963  2065  2065 D leak-361-2: Eastern Standard Time
08-02 11:44:03.963  2065  2065 D leak-363-2: Eastern Standard Time
08-02 11:44:03.963  2065  2065 D leak-365-2: Eastern Standard Time
08-02 11:44:03.963  2065  2065 D leak-367-2: Eastern Standard Time
08-02 11:44:03.973  2749  2749 I AccessibilityNodeInfoDumper: Skipping invisible child: android.view.accessibility.AccessibilityNodeInfo@8000bf9d; boundsInParent: Rect(0, 0 - 1200, 1540); boundsInScreen: Rect(1200, 278 - 1200, 1818); packageName: com.adonai.manman; className: android.widget.FrameLayout; text: null; error: null; maxTextLength: -1; contentDescription: null; viewIdResName: com.adonai.manman:id/chapter_fragment_frame; checkable: false; checked: false; focusable: true; focused: false; selected: false; clickable: false; longClickable: false; contextClickable: false; enabled: true; password: false; scrollable: false; actions: [AccessibilityAction: ACTION_FOCUS - null, AccessibilityAction: ACTION_SELECT - null, AccessibilityAction: ACTION_CLEAR_SELECTION - null, AccessibilityAction: ACTION_ACCESSIBILITY_FOCUS - null, AccessibilityAction: ACTION_UNKNOWN - null]
08-02 11:44:03.973  2749  2749 W AccessibilityNodeInfoDumper: Fetch time: 7ms
08-02 11:44:03.974   623  1556 W WindowManager: Attempted to remove non-existing token: android.os.Binder@4fe9a2e
08-02 11:44:03.990  2749  2749 D AndroidRuntime: Shutting down VM
08-02 11:44:05.090  2774  2774 D AndroidRuntime: >>>>>> START com.android.internal.os.RuntimeInit uid 0 <<<<<<
08-02 11:44:05.092  2774  2774 D AndroidRuntime: CheckJNI is OFF
08-02 11:44:05.101  2774  2774 D ICU     : No timezone override file found: /data/misc/zoneinfo/current/icu/icu_tzdata.dat
08-02 11:44:05.117  2774  2774 E memtrack: Couldn't load memtrack module (No such file or directory)
08-02 11:44:05.117  2774  2774 E android.os.Debug: failed to load memtrack module: -2
08-02 11:44:05.118  2774  2774 I Radio-JNI: register_android_hardware_Radio DONE
08-02 11:44:05.126  2774  2774 D AndroidRuntime: Calling main entry com.android.commands.uiautomator.Launcher
08-02 11:44:06.138  2065  2065 D leak-356-5: Eastern Standard Time
08-02 11:44:06.138  2065  2065 D leak-357-5: Eastern Standard Time
08-02 11:44:06.138  2065  2065 D leak-360-5: Eastern Standard Time
08-02 11:44:06.138  2065  2065 D leak-362-5: Eastern Standard Time
08-02 11:44:06.138  2065  2065 D leak-364-5: Eastern Standard Time
08-02 11:44:06.138  2065  2065 D leak-366-5: Eastern Standard Time
08-02 11:44:06.138  2065  2065 D leak-368-5: Eastern Standard Time
08-02 11:44:06.138  2065  2065 D leak-359-2: Eastern Standard Time
08-02 11:44:06.138  2065  2065 D leak-361-2: Eastern Standard Time
08-02 11:44:06.138  2065  2065 D leak-363-2: Eastern Standard Time
08-02 11:44:06.138  2065  2065 D leak-365-2: Eastern Standard Time
08-02 11:44:06.138  2065  2065 D leak-367-2: Eastern Standard Time
08-02 11:44:06.148  2774  2774 I AccessibilityNodeInfoDumper: Skipping invisible child: android.view.accessibility.AccessibilityNodeInfo@8000bfa5; boundsInParent: Rect(0, 0 - 1200, 1540); boundsInScreen: Rect(1200, 278 - 1200, 1818); packageName: com.adonai.manman; className: android.widget.FrameLayout; text: null; error: null; maxTextLength: -1; contentDescription: null; viewIdResName: com.adonai.manman:id/chapter_fragment_frame; checkable: false; checked: false; focusable: true; focused: false; selected: false; clickable: false; longClickable: false; contextClickable: false; enabled: true; password: false; scrollable: false; actions: [AccessibilityAction: ACTION_FOCUS - null, AccessibilityAction: ACTION_SELECT - null, AccessibilityAction: ACTION_CLEAR_SELECTION - null, AccessibilityAction: ACTION_ACCESSIBILITY_FOCUS - null, AccessibilityAction: ACTION_UNKNOWN - null]
08-02 11:44:06.149  2774  2774 W AccessibilityNodeInfoDumper: Fetch time: 6ms
08-02 11:44:06.149   623  1081 W WindowManager: Attempted to remove non-existing token: android.os.Binder@f5d9cf
08-02 11:44:06.158  2774  2774 D AndroidRuntime: Shutting down VM
08-02 11:44:06.657  2792  2792 D AndroidRuntime: >>>>>> START com.android.internal.os.RuntimeInit uid 0 <<<<<<
08-02 11:44:06.661  2792  2792 D AndroidRuntime: CheckJNI is OFF
08-02 11:44:06.671  2792  2792 D ICU     : No timezone override file found: /data/misc/zoneinfo/current/icu/icu_tzdata.dat
08-02 11:44:06.683  2792  2792 E memtrack: Couldn't load memtrack module (No such file or directory)
08-02 11:44:06.683  2792  2792 E android.os.Debug: failed to load memtrack module: -2
08-02 11:44:06.685  2792  2792 I Radio-JNI: register_android_hardware_Radio DONE
08-02 11:44:06.691  2792  2792 D AndroidRuntime: Calling main entry com.android.commands.uiautomator.Launcher
08-02 11:44:07.702  2065  2065 D leak-356-5: Eastern Standard Time
08-02 11:44:07.702  2065  2065 D leak-357-5: Eastern Standard Time
08-02 11:44:07.702  2065  2065 D leak-360-5: Eastern Standard Time
08-02 11:44:07.702  2065  2065 D leak-362-5: Eastern Standard Time
08-02 11:44:07.702  2065  2065 D leak-364-5: Eastern Standard Time
08-02 11:44:07.702  2065  2065 D leak-366-5: Eastern Standard Time
08-02 11:44:07.702  2065  2065 D leak-368-5: Eastern Standard Time
08-02 11:44:07.702  2065  2065 D leak-359-2: Eastern Standard Time
08-02 11:44:07.702  2065  2065 D leak-361-2: Eastern Standard Time
08-02 11:44:07.702  2065  2065 D leak-363-2: Eastern Standard Time
08-02 11:44:07.702  2065  2065 D leak-365-2: Eastern Standard Time
08-02 11:44:07.702  2065  2065 D leak-367-2: Eastern Standard Time
08-02 11:44:07.712  2792  2792 I AccessibilityNodeInfoDumper: Skipping invisible child: android.view.accessibility.AccessibilityNodeInfo@8000bfab; boundsInParent: Rect(0, 0 - 1200, 1540); boundsInScreen: Rect(1200, 278 - 1200, 1818); packageName: com.adonai.manman; className: android.widget.FrameLayout; text: null; error: null; maxTextLength: -1; contentDescription: null; viewIdResName: com.adonai.manman:id/chapter_fragment_frame; checkable: false; checked: false; focusable: true; focused: false; selected: false; clickable: false; longClickable: false; contextClickable: false; enabled: true; password: false; scrollable: false; actions: [AccessibilityAction: ACTION_FOCUS - null, AccessibilityAction: ACTION_SELECT - null, AccessibilityAction: ACTION_CLEAR_SELECTION - null, AccessibilityAction: ACTION_ACCESSIBILITY_FOCUS - null, AccessibilityAction: ACTION_UNKNOWN - null]
08-02 11:44:07.719  2792  2792 W AccessibilityNodeInfoDumper: Fetch time: 13ms
08-02 11:44:07.719   623   635 W WindowManager: Attempted to remove non-existing token: android.os.Binder@624ff5c
08-02 11:44:07.723  2792  2792 D AndroidRuntime: Shutting down VM
08-02 11:44:08.325   267   660 W AudioFlinger: write blocked for 9988 msecs, 1 delayed writes, thread 0xf1dc0000
08-02 11:44:08.860  2817  2817 D AndroidRuntime: >>>>>> START com.android.internal.os.RuntimeInit uid 0 <<<<<<
08-02 11:44:08.861  2817  2817 D AndroidRuntime: CheckJNI is OFF
08-02 11:44:08.870  2817  2817 D ICU     : No timezone override file found: /data/misc/zoneinfo/current/icu/icu_tzdata.dat
08-02 11:44:08.884  2817  2817 E memtrack: Couldn't load memtrack module (No such file or directory)
08-02 11:44:08.884  2817  2817 E android.os.Debug: failed to load memtrack module: -2
08-02 11:44:08.886  2817  2817 I Radio-JNI: register_android_hardware_Radio DONE
08-02 11:44:08.892  2817  2817 D AndroidRuntime: Calling main entry com.android.commands.uiautomator.Launcher
08-02 11:44:09.903  2065  2065 D leak-356-5: Eastern Standard Time
08-02 11:44:09.903  2065  2065 D leak-357-5: Eastern Standard Time
08-02 11:44:09.903  2065  2065 D leak-360-5: Eastern Standard Time
08-02 11:44:09.903  2065  2065 D leak-362-5: Eastern Standard Time
08-02 11:44:09.903  2065  2065 D leak-364-5: Eastern Standard Time
08-02 11:44:09.903  2065  2065 D leak-366-5: Eastern Standard Time
08-02 11:44:09.903  2065  2065 D leak-368-5: Eastern Standard Time
08-02 11:44:09.903  2065  2065 D leak-359-2: Eastern Standard Time
08-02 11:44:09.903  2065  2065 D leak-361-2: Eastern Standard Time
08-02 11:44:09.903  2065  2065 D leak-363-2: Eastern Standard Time
08-02 11:44:09.903  2065  2065 D leak-365-2: Eastern Standard Time
08-02 11:44:09.903  2065  2065 D leak-367-2: Eastern Standard Time
08-02 11:44:09.913  2817  2817 I AccessibilityNodeInfoDumper: Skipping invisible child: android.view.accessibility.AccessibilityNodeInfo@8000bfb3; boundsInParent: Rect(0, 0 - 1200, 1540); boundsInScreen: Rect(1200, 278 - 1200, 1818); packageName: com.adonai.manman; className: android.widget.FrameLayout; text: null; error: null; maxTextLength: -1; contentDescription: null; viewIdResName: com.adonai.manman:id/chapter_fragment_frame; checkable: false; checked: false; focusable: true; focused: false; selected: false; clickable: false; longClickable: false; contextClickable: false; enabled: true; password: false; scrollable: false; actions: [AccessibilityAction: ACTION_FOCUS - null, AccessibilityAction: ACTION_SELECT - null, AccessibilityAction: ACTION_CLEAR_SELECTION - null, AccessibilityAction: ACTION_ACCESSIBILITY_FOCUS - null, AccessibilityAction: ACTION_UNKNOWN - null]
08-02 11:44:09.915  2817  2817 W AccessibilityNodeInfoDumper: Fetch time: 7ms
08-02 11:44:09.918   623   635 W WindowManager: Attempted to remove non-existing token: android.os.Binder@b6f265
08-02 11:44:09.921  2817  2817 D AndroidRuntime: Shutting down VM
08-02 11:44:10.383  2835  2835 D AndroidRuntime: >>>>>> START com.android.internal.os.RuntimeInit uid 0 <<<<<<
08-02 11:44:10.384  2835  2835 D AndroidRuntime: CheckJNI is OFF
08-02 11:44:10.397  2835  2835 D ICU     : No timezone override file found: /data/misc/zoneinfo/current/icu/icu_tzdata.dat
08-02 11:44:10.409  2835  2835 E memtrack: Couldn't load memtrack module (No such file or directory)
08-02 11:44:10.409  2835  2835 E android.os.Debug: failed to load memtrack module: -2
08-02 11:44:10.410  2835  2835 I Radio-JNI: register_android_hardware_Radio DONE
08-02 11:44:10.418  2835  2835 D AndroidRuntime: Calling main entry com.android.commands.uiautomator.Launcher
08-02 11:44:11.432  2065  2065 D leak-356-5: Eastern Standard Time
08-02 11:44:11.432  2065  2065 D leak-357-5: Eastern Standard Time
08-02 11:44:11.432  2065  2065 D leak-360-5: Eastern Standard Time
08-02 11:44:11.432  2065  2065 D leak-362-5: Eastern Standard Time
08-02 11:44:11.432  2065  2065 D leak-364-5: Eastern Standard Time
08-02 11:44:11.432  2065  2065 D leak-366-5: Eastern Standard Time
08-02 11:44:11.432  2065  2065 D leak-368-5: Eastern Standard Time
08-02 11:44:11.432  2065  2065 D leak-359-2: Eastern Standard Time
08-02 11:44:11.432  2065  2065 D leak-361-2: Eastern Standard Time
08-02 11:44:11.432  2065  2065 D leak-363-2: Eastern Standard Time
08-02 11:44:11.432  2065  2065 D leak-365-2: Eastern Standard Time
08-02 11:44:11.432  2065  2065 D leak-367-2: Eastern Standard Time
08-02 11:44:11.442  2835  2835 I AccessibilityNodeInfoDumper: Skipping invisible child: android.view.accessibility.AccessibilityNodeInfo@8000bfba; boundsInParent: Rect(0, 0 - 1200, 1540); boundsInScreen: Rect(1200, 278 - 1200, 1818); packageName: com.adonai.manman; className: android.widget.FrameLayout; text: null; error: null; maxTextLength: -1; contentDescription: null; viewIdResName: com.adonai.manman:id/chapter_fragment_frame; checkable: false; checked: false; focusable: true; focused: false; selected: false; clickable: false; longClickable: false; contextClickable: false; enabled: true; password: false; scrollable: false; actions: [AccessibilityAction: ACTION_FOCUS - null, AccessibilityAction: ACTION_SELECT - null, AccessibilityAction: ACTION_CLEAR_SELECTION - null, AccessibilityAction: ACTION_ACCESSIBILITY_FOCUS - null, AccessibilityAction: ACTION_UNKNOWN - null]
08-02 11:44:11.444  2835  2835 W AccessibilityNodeInfoDumper: Fetch time: 8ms
08-02 11:44:11.444   623   634 W WindowManager: Attempted to remove non-existing token: android.os.Binder@aa043eb
08-02 11:44:11.456  2835  2835 D AndroidRuntime: Shutting down VM
08-02 11:44:11.872  2848  2848 D AndroidRuntime: >>>>>> START com.android.internal.os.RuntimeInit uid 0 <<<<<<
08-02 11:44:11.874  2848  2848 D AndroidRuntime: CheckJNI is OFF
08-02 11:44:11.884  2848  2848 D ICU     : No timezone override file found: /data/misc/zoneinfo/current/icu/icu_tzdata.dat
08-02 11:44:11.899  2848  2848 E memtrack: Couldn't load memtrack module (No such file or directory)
08-02 11:44:11.900  2848  2848 E android.os.Debug: failed to load memtrack module: -2
08-02 11:44:11.902  2848  2848 I Radio-JNI: register_android_hardware_Radio DONE
08-02 11:44:11.907  2848  2848 D AndroidRuntime: Calling main entry com.android.commands.input.Input
08-02 11:44:11.909  2848  2848 I Input   : injectMotionEvent: MotionEvent { action=ACTION_DOWN, actionButton=0, id[0]=0, x[0]=1144.0, y[0]=112.0, toolType[0]=TOOL_TYPE_UNKNOWN, buttonState=0, metaState=0, flags=0x0, edgeFlags=0x0, pointerCount=1, historySize=0, eventTime=277009, downTime=277009, deviceId=0, source=0x1002 }
08-02 11:44:11.919  2848  2848 I Input   : injectMotionEvent: MotionEvent { action=ACTION_UP, actionButton=0, id[0]=0, x[0]=1144.0, y[0]=112.0, toolType[0]=TOOL_TYPE_UNKNOWN, buttonState=0, metaState=0, flags=0x0, edgeFlags=0x0, pointerCount=1, historySize=0, eventTime=277009, downTime=277009, deviceId=0, source=0x1002 }
08-02 11:44:11.920  2848  2848 D AndroidRuntime: Shutting down VM
08-02 11:44:11.937   623   705 W AudioTrack: AUDIO_OUTPUT_FLAG_FAST denied by client; transfer 4, track 48000 Hz, output 44100 Hz
08-02 11:44:11.938  2065  2065 I ListPopupWindow: Could not find method setEpicenterBounds(Rect) on PopupWindow. Oh well.
08-02 11:44:11.971  2065  2080 W EGL_emulation: eglSurfaceAttrib not implemented
08-02 11:44:11.971  2065  2080 W OpenGLRenderer: Failed to set EGL_SWAP_BEHAVIOR on surface 0xe9bfdf40, error=EGL_SUCCESS
08-02 11:44:16.387  3187  3187 D AndroidRuntime: >>>>>> START com.android.internal.os.RuntimeInit uid 0 <<<<<<
08-02 11:44:16.388  3187  3187 D AndroidRuntime: CheckJNI is OFF
08-02 11:44:16.397  3187  3187 D ICU     : No timezone override file found: /data/misc/zoneinfo/current/icu/icu_tzdata.dat
08-02 11:44:16.411  3187  3187 E memtrack: Couldn't load memtrack module (No such file or directory)
08-02 11:44:16.411  3187  3187 E android.os.Debug: failed to load memtrack module: -2
08-02 11:44:16.412  3187  3187 I Radio-JNI: register_android_hardware_Radio DONE
08-02 11:44:16.419  3187  3187 D AndroidRuntime: Calling main entry com.android.commands.uiautomator.Launcher
08-02 11:44:17.441  3187  3187 W AccessibilityNodeInfoDumper: Fetch time: 1ms
08-02 11:44:17.441   623  1795 W WindowManager: Attempted to remove non-existing token: android.os.Binder@8bfddf4
08-02 11:44:17.459  3187  3187 D AndroidRuntime: Shutting down VM
08-02 11:44:18.525  3210  3210 D AndroidRuntime: >>>>>> START com.android.internal.os.RuntimeInit uid 0 <<<<<<
08-02 11:44:18.527  3210  3210 D AndroidRuntime: CheckJNI is OFF
08-02 11:44:18.536  3210  3210 D ICU     : No timezone override file found: /data/misc/zoneinfo/current/icu/icu_tzdata.dat
08-02 11:44:18.548  3210  3210 E memtrack: Couldn't load memtrack module (No such file or directory)
08-02 11:44:18.548  3210  3210 E android.os.Debug: failed to load memtrack module: -2
08-02 11:44:18.550  3210  3210 I Radio-JNI: register_android_hardware_Radio DONE
08-02 11:44:18.556  3210  3210 D AndroidRuntime: Calling main entry com.android.commands.uiautomator.Launcher
08-02 11:44:19.569  3210  3210 W AccessibilityNodeInfoDumper: Fetch time: 1ms
08-02 11:44:19.569   623   760 W WindowManager: Attempted to remove non-existing token: android.os.Binder@e0a091d
08-02 11:44:19.578  3210  3210 D AndroidRuntime: Shutting down VM
08-02 11:44:20.076  3228  3228 D AndroidRuntime: >>>>>> START com.android.internal.os.RuntimeInit uid 0 <<<<<<
08-02 11:44:20.077  3228  3228 D AndroidRuntime: CheckJNI is OFF
08-02 11:44:20.088  3228  3228 D ICU     : No timezone override file found: /data/misc/zoneinfo/current/icu/icu_tzdata.dat
08-02 11:44:20.104  3228  3228 E memtrack: Couldn't load memtrack module (No such file or directory)
08-02 11:44:20.104  3228  3228 E android.os.Debug: failed to load memtrack module: -2
08-02 11:44:20.105  3228  3228 I Radio-JNI: register_android_hardware_Radio DONE
08-02 11:44:20.110  3228  3228 D AndroidRuntime: Calling main entry com.android.commands.uiautomator.Launcher
08-02 11:44:21.122  3228  3228 W AccessibilityNodeInfoDumper: Fetch time: 1ms
08-02 11:44:21.122   623  1034 W WindowManager: Attempted to remove non-existing token: android.os.Binder@27ae792
08-02 11:44:21.129  3228  3228 D AndroidRuntime: Shutting down VM
08-02 11:44:22.191   623  1378 D NetlinkSocketObserver: NeighborEvent{elapsedMs=287292, 10.0.3.2, [525400123502], RTM_NEWNEIGH, NUD_PROBE}
08-02 11:44:22.191   623  1378 D NetlinkSocketObserver: NeighborEvent{elapsedMs=287293, 10.0.3.2, [525400123502], RTM_NEWNEIGH, NUD_REACHABLE}
08-02 11:44:22.209  3251  3251 D AndroidRuntime: >>>>>> START com.android.internal.os.RuntimeInit uid 0 <<<<<<
08-02 11:44:22.211  3251  3251 D AndroidRuntime: CheckJNI is OFF
08-02 11:44:22.221  3251  3251 D ICU     : No timezone override file found: /data/misc/zoneinfo/current/icu/icu_tzdata.dat
08-02 11:44:22.234  3251  3251 E memtrack: Couldn't load memtrack module (No such file or directory)
08-02 11:44:22.234  3251  3251 E android.os.Debug: failed to load memtrack module: -2
08-02 11:44:22.236  3251  3251 I Radio-JNI: register_android_hardware_Radio DONE
08-02 11:44:22.242  3251  3251 D AndroidRuntime: Calling main entry com.android.commands.uiautomator.Launcher
08-02 11:44:23.254  3251  3251 W AccessibilityNodeInfoDumper: Fetch time: 1ms
08-02 11:44:23.255   623   761 W WindowManager: Attempted to remove non-existing token: android.os.Binder@dcf4563
08-02 11:44:23.263  3251  3251 D AndroidRuntime: Shutting down VM
08-02 11:44:24.435  3280  3280 D AndroidRuntime: >>>>>> START com.android.internal.os.RuntimeInit uid 0 <<<<<<
08-02 11:44:24.437  3280  3280 D AndroidRuntime: CheckJNI is OFF
08-02 11:44:24.446  3280  3280 D ICU     : No timezone override file found: /data/misc/zoneinfo/current/icu/icu_tzdata.dat
08-02 11:44:24.459  3280  3280 E memtrack: Couldn't load memtrack module (No such file or directory)
08-02 11:44:24.459  3280  3280 E android.os.Debug: failed to load memtrack module: -2
08-02 11:44:24.460  3280  3280 I Radio-JNI: register_android_hardware_Radio DONE
08-02 11:44:24.469  3280  3280 D AndroidRuntime: Calling main entry com.android.commands.uiautomator.Launcher
08-02 11:44:25.489  3280  3280 W AccessibilityNodeInfoDumper: Fetch time: 1ms
08-02 11:44:25.490   623   761 W WindowManager: Attempted to remove non-existing token: android.os.Binder@5f6e560
08-02 11:44:25.499  3280  3280 D AndroidRuntime: Shutting down VM
08-02 11:44:26.619  3306  3306 D AndroidRuntime: >>>>>> START com.android.internal.os.RuntimeInit uid 0 <<<<<<
08-02 11:44:26.621  3306  3306 D AndroidRuntime: CheckJNI is OFF
08-02 11:44:26.631  3306  3306 D ICU     : No timezone override file found: /data/misc/zoneinfo/current/icu/icu_tzdata.dat
08-02 11:44:26.643  3306  3306 E memtrack: Couldn't load memtrack module (No such file or directory)
08-02 11:44:26.643  3306  3306 E android.os.Debug: failed to load memtrack module: -2
08-02 11:44:26.644  3306  3306 I Radio-JNI: register_android_hardware_Radio DONE
08-02 11:44:26.652  3306  3306 D AndroidRuntime: Calling main entry com.android.commands.uiautomator.Launcher
08-02 11:44:27.675  3306  3306 W AccessibilityNodeInfoDumper: Fetch time: 2ms
08-02 11:44:27.675   623   760 W WindowManager: Attempted to remove non-existing token: android.os.Binder@2dbeade
08-02 11:44:27.692  3306  3306 D AndroidRuntime: Shutting down VM
08-02 11:44:28.168  3324  3324 D AndroidRuntime: >>>>>> START com.android.internal.os.RuntimeInit uid 0 <<<<<<
08-02 11:44:28.169  3324  3324 D AndroidRuntime: CheckJNI is OFF
08-02 11:44:28.178  3324  3324 D ICU     : No timezone override file found: /data/misc/zoneinfo/current/icu/icu_tzdata.dat
08-02 11:44:28.191  3324  3324 E memtrack: Couldn't load memtrack module (No such file or directory)
08-02 11:44:28.191  3324  3324 E android.os.Debug: failed to load memtrack module: -2
08-02 11:44:28.192  3324  3324 I Radio-JNI: register_android_hardware_Radio DONE
08-02 11:44:28.198  3324  3324 D AndroidRuntime: Calling main entry com.android.commands.uiautomator.Launcher
08-02 11:44:28.334   267   660 W AudioFlinger: write blocked for 19996 msecs, 2 delayed writes, thread 0xf1dc0000
08-02 11:44:29.221  3324  3324 W AccessibilityNodeInfoDumper: Fetch time: 1ms
08-02 11:44:29.222   623  1081 W WindowManager: Attempted to remove non-existing token: android.os.Binder@ee6d4bf
08-02 11:44:29.249  3324  3324 D AndroidRuntime: Shutting down VM
08-02 11:44:30.314  3347  3347 D AndroidRuntime: >>>>>> START com.android.internal.os.RuntimeInit uid 0 <<<<<<
08-02 11:44:30.315  3347  3347 D AndroidRuntime: CheckJNI is OFF
08-02 11:44:30.324  3347  3347 D ICU     : No timezone override file found: /data/misc/zoneinfo/current/icu/icu_tzdata.dat
08-02 11:44:30.339  3347  3347 E memtrack: Couldn't load memtrack module (No such file or directory)
08-02 11:44:30.339  3347  3347 E android.os.Debug: failed to load memtrack module: -2
08-02 11:44:30.339  3347  3347 I Radio-JNI: register_android_hardware_Radio DONE
08-02 11:44:30.346  3347  3347 D AndroidRuntime: Calling main entry com.android.commands.uiautomator.Launcher
08-02 11:44:31.360  3347  3347 W AccessibilityNodeInfoDumper: Fetch time: 2ms
08-02 11:44:31.361   623   635 W WindowManager: Attempted to remove non-existing token: android.os.Binder@7d4f78c
08-02 11:44:31.370  3347  3347 D AndroidRuntime: Shutting down VM
08-02 11:44:31.830  3365  3365 D AndroidRuntime: >>>>>> START com.android.internal.os.RuntimeInit uid 0 <<<<<<
08-02 11:44:31.832  3365  3365 D AndroidRuntime: CheckJNI is OFF
08-02 11:44:31.842  3365  3365 D ICU     : No timezone override file found: /data/misc/zoneinfo/current/icu/icu_tzdata.dat
08-02 11:44:31.854  3365  3365 E memtrack: Couldn't load memtrack module (No such file or directory)
08-02 11:44:31.854  3365  3365 E android.os.Debug: failed to load memtrack module: -2
08-02 11:44:31.855  3365  3365 I Radio-JNI: register_android_hardware_Radio DONE
08-02 11:44:31.861  3365  3365 D AndroidRuntime: Calling main entry com.android.commands.uiautomator.Launcher
08-02 11:44:32.876  3365  3365 W AccessibilityNodeInfoDumper: Fetch time: 1ms
08-02 11:44:32.876   623   751 W WindowManager: Attempted to remove non-existing token: android.os.Binder@b623ed5
08-02 11:44:32.894  3365  3365 D AndroidRuntime: Shutting down VM
08-02 11:44:33.970  3388  3388 D AndroidRuntime: >>>>>> START com.android.internal.os.RuntimeInit uid 0 <<<<<<
08-02 11:44:33.971  3388  3388 D AndroidRuntime: CheckJNI is OFF
08-02 11:44:33.980  3388  3388 D ICU     : No timezone override file found: /data/misc/zoneinfo/current/icu/icu_tzdata.dat
08-02 11:44:33.992  3388  3388 E memtrack: Couldn't load memtrack module (No such file or directory)
08-02 11:44:33.992  3388  3388 E android.os.Debug: failed to load memtrack module: -2
08-02 11:44:33.994  3388  3388 I Radio-JNI: register_android_hardware_Radio DONE
08-02 11:44:34.004  3388  3388 D AndroidRuntime: Calling main entry com.android.commands.uiautomator.Launcher
08-02 11:44:35.025  3388  3388 W AccessibilityNodeInfoDumper: Fetch time: 6ms
08-02 11:44:35.028   623   634 W WindowManager: Attempted to remove non-existing token: android.os.Binder@5b7d6ea
08-02 11:44:35.117  3388  3388 D AndroidRuntime: Shutting down VM
08-02 11:44:35.761  3406  3406 D AndroidRuntime: >>>>>> START com.android.internal.os.RuntimeInit uid 0 <<<<<<
08-02 11:44:35.766  3406  3406 D AndroidRuntime: CheckJNI is OFF
08-02 11:44:35.779  3406  3406 D ICU     : No timezone override file found: /data/misc/zoneinfo/current/icu/icu_tzdata.dat
08-02 11:44:35.797  3406  3406 E memtrack: Couldn't load memtrack module (No such file or directory)
08-02 11:44:35.797  3406  3406 E android.os.Debug: failed to load memtrack module: -2
08-02 11:44:35.799  3406  3406 I Radio-JNI: register_android_hardware_Radio DONE
08-02 11:44:35.807  3406  3406 D AndroidRuntime: Calling main entry com.android.commands.uiautomator.Launcher
08-02 11:44:36.827  3406  3406 W AccessibilityNodeInfoDumper: Fetch time: 1ms
08-02 11:44:36.827   623   635 W WindowManager: Attempted to remove non-existing token: android.os.Binder@7a00078
08-02 11:44:36.842  3406  3406 D AndroidRuntime: Shutting down VM
08-02 11:44:37.962  3431  3431 D AndroidRuntime: >>>>>> START com.android.internal.os.RuntimeInit uid 0 <<<<<<
08-02 11:44:37.962  3431  3431 D AndroidRuntime: CheckJNI is OFF
08-02 11:44:37.972  3431  3431 D ICU     : No timezone override file found: /data/misc/zoneinfo/current/icu/icu_tzdata.dat
08-02 11:44:37.985  3431  3431 E memtrack: Couldn't load memtrack module (No such file or directory)
08-02 11:44:37.985  3431  3431 E android.os.Debug: failed to load memtrack module: -2
08-02 11:44:37.985  3431  3431 I Radio-JNI: register_android_hardware_Radio DONE
08-02 11:44:37.992  3431  3431 D AndroidRuntime: Calling main entry com.android.commands.uiautomator.Launcher
08-02 11:44:38.928   623  1378 D NetlinkSocketObserver: NeighborEvent{elapsedMs=304029, 10.0.3.2, [525400123502], RTM_NEWNEIGH, NUD_STALE}
08-02 11:44:39.006  3431  3431 W AccessibilityNodeInfoDumper: Fetch time: 2ms
08-02 11:44:39.007   623   634 W WindowManager: Attempted to remove non-existing token: android.os.Binder@414f351
08-02 11:44:39.014  3431  3431 D AndroidRuntime: Shutting down VM
08-02 11:44:39.511  3449  3449 D AndroidRuntime: >>>>>> START com.android.internal.os.RuntimeInit uid 0 <<<<<<
08-02 11:44:39.513  3449  3449 D AndroidRuntime: CheckJNI is OFF
08-02 11:44:39.526  3449  3449 D ICU     : No timezone override file found: /data/misc/zoneinfo/current/icu/icu_tzdata.dat
08-02 11:44:39.537  3449  3449 E memtrack: Couldn't load memtrack module (No such file or directory)
08-02 11:44:39.537  3449  3449 E android.os.Debug: failed to load memtrack module: -2
08-02 11:44:39.538  3449  3449 I Radio-JNI: register_android_hardware_Radio DONE
08-02 11:44:39.547  3449  3449 D AndroidRuntime: Calling main entry com.android.commands.uiautomator.Launcher
08-02 11:44:40.563  3449  3449 W AccessibilityNodeInfoDumper: Fetch time: 2ms
08-02 11:44:40.564   623  1611 W WindowManager: Attempted to remove non-existing token: android.os.Binder@b477b6
08-02 11:44:40.580  3449  3449 D AndroidRuntime: Shutting down VM
08-02 11:44:40.986  3462  3462 D AndroidRuntime: >>>>>> START com.android.internal.os.RuntimeInit uid 0 <<<<<<
08-02 11:44:40.988  3462  3462 D AndroidRuntime: CheckJNI is OFF
08-02 11:44:40.997  3462  3462 D ICU     : No timezone override file found: /data/misc/zoneinfo/current/icu/icu_tzdata.dat
08-02 11:44:41.009  3462  3462 E memtrack: Couldn't load memtrack module (No such file or directory)
08-02 11:44:41.009  3462  3462 E android.os.Debug: failed to load memtrack module: -2
08-02 11:44:41.011  3462  3462 I Radio-JNI: register_android_hardware_Radio DONE
08-02 11:44:41.017  3462  3462 D AndroidRuntime: Calling main entry com.android.commands.input.Input
08-02 11:44:41.023  3462  3462 I Input   : injectMotionEvent: MotionEvent { action=ACTION_DOWN, actionButton=0, id[0]=0, x[0]=980.0, y[0]=208.0, toolType[0]=TOOL_TYPE_UNKNOWN, buttonState=0, metaState=0, flags=0x0, edgeFlags=0x0, pointerCount=1, historySize=0, eventTime=306119, downTime=306119, deviceId=0, source=0x1002 }
08-02 11:44:41.029  3462  3462 I Input   : injectMotionEvent: MotionEvent { action=ACTION_UP, actionButton=0, id[0]=0, x[0]=980.0, y[0]=208.0, toolType[0]=TOOL_TYPE_UNKNOWN, buttonState=0, metaState=0, flags=0x0, edgeFlags=0x0, pointerCount=1, historySize=0, eventTime=306119, downTime=306119, deviceId=0, source=0x1002 }
08-02 11:44:41.030  3462  3462 D AndroidRuntime: Shutting down VM
08-02 11:44:41.095  2065  2065 D leak-356-2: Eastern Standard Time
08-02 11:44:41.095  2065  2065 D leak-357-2: Eastern Standard Time
08-02 11:44:41.095  2065  2065 D leak-358-2: Eastern Standard Time
08-02 11:44:41.095  2065  2065 D leak-360-2: Eastern Standard Time
08-02 11:44:41.095  2065  2065 D leak-362-2: Eastern Standard Time
08-02 11:44:41.095  2065  2065 D leak-364-2: Eastern Standard Time
08-02 11:44:41.095  2065  2065 D leak-366-2: Eastern Standard Time
08-02 11:44:41.095  2065  2065 D leak-368-2: Eastern Standard Time
08-02 11:44:41.096  2065  2065 D leak-635-1: Eastern Standard Time
08-02 11:44:41.096  2065  2065 D leak-637-1: Eastern Standard Time
08-02 11:44:41.444  2065  2080 E Surface : getSlotFromBufferLocked: unknown buffer: 0xe1074700
08-02 11:44:41.466  2065  2080 D OpenGLRenderer: endAllStagingAnimators on 0xe05f7800 (av$a) with handle 0xee992e40
08-02 11:44:45.529  3797  3797 D AndroidRuntime: >>>>>> START com.android.internal.os.RuntimeInit uid 0 <<<<<<
08-02 11:44:45.530  3797  3797 D AndroidRuntime: CheckJNI is OFF
08-02 11:44:45.538  3797  3797 D ICU     : No timezone override file found: /data/misc/zoneinfo/current/icu/icu_tzdata.dat
08-02 11:44:45.551  3797  3797 E memtrack: Couldn't load memtrack module (No such file or directory)
08-02 11:44:45.551  3797  3797 E android.os.Debug: failed to load memtrack module: -2
08-02 11:44:45.552  3797  3797 I Radio-JNI: register_android_hardware_Radio DONE
08-02 11:44:45.558  3797  3797 D AndroidRuntime: Calling main entry com.android.commands.uiautomator.Launcher
08-02 11:44:46.567  2065  2065 D leak-356-5: Eastern Standard Time
08-02 11:44:46.567  2065  2065 D leak-357-5: Eastern Standard Time
08-02 11:44:46.567  2065  2065 D leak-358-5: Eastern Standard Time
08-02 11:44:46.567  2065  2065 D leak-360-5: Eastern Standard Time
08-02 11:44:46.567  2065  2065 D leak-362-5: Eastern Standard Time
08-02 11:44:46.567  2065  2065 D leak-364-5: Eastern Standard Time
08-02 11:44:46.567  2065  2065 D leak-366-5: Eastern Standard Time
08-02 11:44:46.567  2065  2065 D leak-368-5: Eastern Standard Time
08-02 11:44:46.567  2065  2065 D leak-359-2: Eastern Standard Time
08-02 11:44:46.567  2065  2065 D leak-361-2: Eastern Standard Time
08-02 11:44:46.567  2065  2065 D leak-363-2: Eastern Standard Time
08-02 11:44:46.567  2065  2065 D leak-365-2: Eastern Standard Time
08-02 11:44:46.568  2065  2065 D leak-367-2: Eastern Standard Time
08-02 11:44:46.577  3797  3797 I AccessibilityNodeInfoDumper: Skipping invisible child: android.view.accessibility.AccessibilityNodeInfo@8000c029; boundsInParent: Rect(0, 0 - 1200, 1540); boundsInScreen: Rect(1200, 278 - 1200, 1818); packageName: com.adonai.manman; className: android.widget.FrameLayout; text: null; error: null; maxTextLength: -1; contentDescription: null; viewIdResName: com.adonai.manman:id/chapter_fragment_frame; checkable: false; checked: false; focusable: true; focused: false; selected: false; clickable: false; longClickable: false; contextClickable: false; enabled: true; password: false; scrollable: false; actions: [AccessibilityAction: ACTION_FOCUS - null, AccessibilityAction: ACTION_SELECT - null, AccessibilityAction: ACTION_CLEAR_SELECTION - null, AccessibilityAction: ACTION_ACCESSIBILITY_FOCUS - null, AccessibilityAction: ACTION_UNKNOWN - null]
08-02 11:44:46.580  3797  3797 W AccessibilityNodeInfoDumper: Fetch time: 9ms
08-02 11:44:46.582   623  1081 W WindowManager: Attempted to remove non-existing token: android.os.Binder@6149cb7
08-02 11:44:46.598  3797  3797 D AndroidRuntime: Shutting down VM
08-02 11:44:47.673  3820  3820 D AndroidRuntime: >>>>>> START com.android.internal.os.RuntimeInit uid 0 <<<<<<
08-02 11:44:47.676  3820  3820 D AndroidRuntime: CheckJNI is OFF
08-02 11:44:47.684  3820  3820 D ICU     : No timezone override file found: /data/misc/zoneinfo/current/icu/icu_tzdata.dat
08-02 11:44:47.697  3820  3820 E memtrack: Couldn't load memtrack module (No such file or directory)
08-02 11:44:47.697  3820  3820 E android.os.Debug: failed to load memtrack module: -2
08-02 11:44:47.698  3820  3820 I Radio-JNI: register_android_hardware_Radio DONE
08-02 11:44:47.703  3820  3820 D AndroidRuntime: Calling main entry com.android.commands.uiautomator.Launcher
08-02 11:44:48.713  2065  2065 D leak-356-5: Eastern Standard Time
08-02 11:44:48.713  2065  2065 D leak-357-5: Eastern Standard Time
08-02 11:44:48.713  2065  2065 D leak-358-5: Eastern Standard Time
08-02 11:44:48.713  2065  2065 D leak-360-5: Eastern Standard Time
08-02 11:44:48.713  2065  2065 D leak-362-5: Eastern Standard Time
08-02 11:44:48.713  2065  2065 D leak-364-5: Eastern Standard Time
08-02 11:44:48.713  2065  2065 D leak-366-5: Eastern Standard Time
08-02 11:44:48.713  2065  2065 D leak-368-5: Eastern Standard Time
08-02 11:44:48.713  2065  2065 D leak-359-2: Eastern Standard Time
08-02 11:44:48.713  2065  2065 D leak-361-2: Eastern Standard Time
08-02 11:44:48.713  2065  2065 D leak-363-2: Eastern Standard Time
08-02 11:44:48.713  2065  2065 D leak-365-2: Eastern Standard Time
08-02 11:44:48.713  2065  2065 D leak-367-2: Eastern Standard Time
08-02 11:44:48.723  3820  3820 I AccessibilityNodeInfoDumper: Skipping invisible child: android.view.accessibility.AccessibilityNodeInfo@8000c02f; boundsInParent: Rect(0, 0 - 1200, 1540); boundsInScreen: Rect(1200, 278 - 1200, 1818); packageName: com.adonai.manman; className: android.widget.FrameLayout; text: null; error: null; maxTextLength: -1; contentDescription: null; viewIdResName: com.adonai.manman:id/chapter_fragment_frame; checkable: false; checked: false; focusable: true; focused: false; selected: false; clickable: false; longClickable: false; contextClickable: false; enabled: true; password: false; scrollable: false; actions: [AccessibilityAction: ACTION_FOCUS - null, AccessibilityAction: ACTION_SELECT - null, AccessibilityAction: ACTION_CLEAR_SELECTION - null, AccessibilityAction: ACTION_ACCESSIBILITY_FOCUS - null, AccessibilityAction: ACTION_UNKNOWN - null]
08-02 11:44:48.724  3820  3820 W AccessibilityNodeInfoDumper: Fetch time: 7ms
08-02 11:44:48.725   623  1795 W WindowManager: Attempted to remove non-existing token: android.os.Binder@b10ac24
08-02 11:44:48.741  3820  3820 D AndroidRuntime: Shutting down VM
08-02 11:44:49.213  3838  3838 D AndroidRuntime: >>>>>> START com.android.internal.os.RuntimeInit uid 0 <<<<<<
08-02 11:44:49.214  3838  3838 D AndroidRuntime: CheckJNI is OFF
08-02 11:44:49.223  3838  3838 D ICU     : No timezone override file found: /data/misc/zoneinfo/current/icu/icu_tzdata.dat
08-02 11:44:49.239  3838  3838 E memtrack: Couldn't load memtrack module (No such file or directory)
08-02 11:44:49.239  3838  3838 E android.os.Debug: failed to load memtrack module: -2
08-02 11:44:49.240  3838  3838 I Radio-JNI: register_android_hardware_Radio DONE
08-02 11:44:49.248  3838  3838 D AndroidRuntime: Calling main entry com.android.commands.uiautomator.Launcher
08-02 11:44:50.256  2065  2065 D leak-356-5: Eastern Standard Time
08-02 11:44:50.256  2065  2065 D leak-357-5: Eastern Standard Time
08-02 11:44:50.256  2065  2065 D leak-358-5: Eastern Standard Time
08-02 11:44:50.256  2065  2065 D leak-360-5: Eastern Standard Time
08-02 11:44:50.256  2065  2065 D leak-362-5: Eastern Standard Time
08-02 11:44:50.256  2065  2065 D leak-364-5: Eastern Standard Time
08-02 11:44:50.256  2065  2065 D leak-366-5: Eastern Standard Time
08-02 11:44:50.256  2065  2065 D leak-368-5: Eastern Standard Time
08-02 11:44:50.256  2065  2065 D leak-359-2: Eastern Standard Time
08-02 11:44:50.256  2065  2065 D leak-361-2: Eastern Standard Time
08-02 11:44:50.256  2065  2065 D leak-363-2: Eastern Standard Time
08-02 11:44:50.256  2065  2065 D leak-365-2: Eastern Standard Time
08-02 11:44:50.256  2065  2065 D leak-367-2: Eastern Standard Time
08-02 11:44:50.272  3838  3838 I AccessibilityNodeInfoDumper: Skipping invisible child: android.view.accessibility.AccessibilityNodeInfo@8000c036; boundsInParent: Rect(0, 0 - 1200, 1540); boundsInScreen: Rect(1200, 278 - 1200, 1818); packageName: com.adonai.manman; className: android.widget.FrameLayout; text: null; error: null; maxTextLength: -1; contentDescription: null; viewIdResName: com.adonai.manman:id/chapter_fragment_frame; checkable: false; checked: false; focusable: true; focused: false; selected: false; clickable: false; longClickable: false; contextClickable: false; enabled: true; password: false; scrollable: false; actions: [AccessibilityAction: ACTION_FOCUS - null, AccessibilityAction: ACTION_SELECT - null, AccessibilityAction: ACTION_CLEAR_SELECTION - null, AccessibilityAction: ACTION_ACCESSIBILITY_FOCUS - null, AccessibilityAction: ACTION_UNKNOWN - null]
08-02 11:44:50.274  3838  3838 W AccessibilityNodeInfoDumper: Fetch time: 13ms
08-02 11:44:50.275   623  1556 W WindowManager: Attempted to remove non-existing token: android.os.Binder@c085942
08-02 11:44:50.299  3838  3838 D AndroidRuntime: Shutting down VM
08-02 11:44:51.415  3861  3861 D AndroidRuntime: >>>>>> START com.android.internal.os.RuntimeInit uid 0 <<<<<<
08-02 11:44:51.419  3861  3861 D AndroidRuntime: CheckJNI is OFF
08-02 11:44:51.432   267   660 W AudioFlinger: write blocked for 9992 msecs, 3 delayed writes, thread 0xf1dc0000
08-02 11:44:51.434  3861  3861 D ICU     : No timezone override file found: /data/misc/zoneinfo/current/icu/icu_tzdata.dat
08-02 11:44:51.454  3861  3861 E memtrack: Couldn't load memtrack module (No such file or directory)
08-02 11:44:51.454  3861  3861 E android.os.Debug: failed to load memtrack module: -2
08-02 11:44:51.457  3861  3861 I Radio-JNI: register_android_hardware_Radio DONE
08-02 11:44:51.471  3861  3861 D AndroidRuntime: Calling main entry com.android.commands.uiautomator.Launcher
08-02 11:44:52.486  2065  2065 D leak-356-5: Eastern Standard Time
08-02 11:44:52.486  2065  2065 D leak-357-5: Eastern Standard Time
08-02 11:44:52.486  2065  2065 D leak-358-5: Eastern Standard Time
08-02 11:44:52.486  2065  2065 D leak-360-5: Eastern Standard Time
08-02 11:44:52.486  2065  2065 D leak-362-5: Eastern Standard Time
08-02 11:44:52.486  2065  2065 D leak-364-5: Eastern Standard Time
08-02 11:44:52.486  2065  2065 D leak-366-5: Eastern Standard Time
08-02 11:44:52.486  2065  2065 D leak-368-5: Eastern Standard Time
08-02 11:44:52.486  2065  2065 D leak-359-2: Eastern Standard Time
08-02 11:44:52.486  2065  2065 D leak-361-2: Eastern Standard Time
08-02 11:44:52.486  2065  2065 D leak-363-2: Eastern Standard Time
08-02 11:44:52.486  2065  2065 D leak-365-2: Eastern Standard Time
08-02 11:44:52.486  2065  2065 D leak-367-2: Eastern Standard Time
08-02 11:44:52.501  3861  3861 I AccessibilityNodeInfoDumper: Skipping invisible child: android.view.accessibility.AccessibilityNodeInfo@8000c03d; boundsInParent: Rect(0, 0 - 1200, 1540); boundsInScreen: Rect(1200, 278 - 1200, 1818); packageName: com.adonai.manman; className: android.widget.FrameLayout; text: null; error: null; maxTextLength: -1; contentDescription: null; viewIdResName: com.adonai.manman:id/chapter_fragment_frame; checkable: false; checked: false; focusable: true; focused: false; selected: false; clickable: false; longClickable: false; contextClickable: false; enabled: true; password: false; scrollable: false; actions: [AccessibilityAction: ACTION_FOCUS - null, AccessibilityAction: ACTION_SELECT - null, AccessibilityAction: ACTION_CLEAR_SELECTION - null, AccessibilityAction: ACTION_ACCESSIBILITY_FOCUS - null, AccessibilityAction: ACTION_UNKNOWN - null]
08-02 11:44:52.503  3861  3861 W AccessibilityNodeInfoDumper: Fetch time: 8ms
08-02 11:44:52.504   623   635 W WindowManager: Attempted to remove non-existing token: android.os.Binder@5cc4d53
08-02 11:44:52.506  3861  3861 D AndroidRuntime: Shutting down VM
08-02 11:44:53.623  3889  3889 D AndroidRuntime: >>>>>> START com.android.internal.os.RuntimeInit uid 0 <<<<<<
08-02 11:44:53.624  3889  3889 D AndroidRuntime: CheckJNI is OFF
08-02 11:44:53.634  3889  3889 D ICU     : No timezone override file found: /data/misc/zoneinfo/current/icu/icu_tzdata.dat
08-02 11:44:53.646  3889  3889 E memtrack: Couldn't load memtrack module (No such file or directory)
08-02 11:44:53.646  3889  3889 E android.os.Debug: failed to load memtrack module: -2
08-02 11:44:53.646  3889  3889 I Radio-JNI: register_android_hardware_Radio DONE
08-02 11:44:53.652  3889  3889 D AndroidRuntime: Calling main entry com.android.commands.uiautomator.Launcher
08-02 11:44:54.662  2065  2065 D leak-356-5: Eastern Standard Time
08-02 11:44:54.662  2065  2065 D leak-357-5: Eastern Standard Time
08-02 11:44:54.662  2065  2065 D leak-358-5: Eastern Standard Time
08-02 11:44:54.662  2065  2065 D leak-360-5: Eastern Standard Time
08-02 11:44:54.662  2065  2065 D leak-362-5: Eastern Standard Time
08-02 11:44:54.662  2065  2065 D leak-364-5: Eastern Standard Time
08-02 11:44:54.662  2065  2065 D leak-366-5: Eastern Standard Time
08-02 11:44:54.662  2065  2065 D leak-368-5: Eastern Standard Time
08-02 11:44:54.662  2065  2065 D leak-359-2: Eastern Standard Time
08-02 11:44:54.662  2065  2065 D leak-361-2: Eastern Standard Time
08-02 11:44:54.662  2065  2065 D leak-363-2: Eastern Standard Time
08-02 11:44:54.662  2065  2065 D leak-365-2: Eastern Standard Time
08-02 11:44:54.662  2065  2065 D leak-367-2: Eastern Standard Time
