08-02 11:28:29.969  3079  3093 D leak-19-15: Eastern Standard Time
08-02 11:28:29.969  3079  3093 D leak-21-15: Eastern Standard Time
08-02 11:28:29.969  3079  3093 D leak-22-15: Eastern Standard Time
08-02 11:28:29.970  3079  3093 D leak-0-15: Eastern Standard Time
08-02 11:28:29.970  3079  3093 D leak-1-15: Eastern Standard Time
08-02 11:28:29.970  3079  3093 D leak-9-15: Eastern Standard Time
08-02 11:28:29.970  3079  3093 D leak-10-15: Eastern Standard Time
08-02 11:28:29.970  3079  3093 D leak-11-15: Eastern Standard Time
08-02 11:28:29.970  3079  3093 D leak-12-15: Eastern Standard Time
08-02 11:28:29.970  3079  3093 D leak-13-15: Eastern Standard Time
08-02 11:28:29.970  3079  3093 D leak-14-15: Eastern Standard Time
08-02 11:28:29.970  3079  3093 D leak-15-15: Eastern Standard Time
08-02 11:28:29.970  3079  3093 D leak-16-15: Eastern Standard Time
08-02 11:28:29.970  3079  3093 D leak-18-15: Eastern Standard Time
08-02 11:28:29.970  3079  3093 D leak-19-15: Eastern Standard Time
08-02 11:28:29.970  3079  3093 D leak-21-15: Eastern Standard Time
08-02 11:28:29.970  3079  3093 D leak-22-15: Eastern Standard Time
08-02 11:28:29.970  3079  3093 D leak-0-15: Eastern Standard Time
08-02 11:28:29.970  3079  3093 D leak-1-15: Eastern Standard Time
08-02 11:28:29.970  3079  3093 D leak-9-15: Eastern Standard Time
08-02 11:28:29.970  3079  3093 D leak-10-15: Eastern Standard Time
08-02 11:28:29.970  3079  3093 D leak-11-15: Eastern Standard Time
08-02 11:28:29.970  3079  3093 D leak-12-15: Eastern Standard Time
08-02 11:28:29.970  3079  3093 D leak-13-15: Eastern Standard Time
08-02 11:28:29.970  3079  3093 D leak-14-15: Eastern Standard Time
08-02 11:28:29.970  3079  3093 D leak-15-15: Eastern Standard Time
08-02 11:28:29.970  3079  3093 D leak-16-15: Eastern Standard Time
08-02 11:28:29.970  3079  3093 D leak-18-15: Eastern Standard Time
08-02 11:28:29.970  3079  3093 D leak-19-15: Eastern Standard Time
08-02 11:28:29.970  3079  3093 D leak-21-15: Eastern Standard Time
08-02 11:28:29.970  3079  3093 D leak-22-15: Eastern Standard Time
08-02 11:28:29.972  3079  3093 D leak-0-15: Eastern Standard Time
08-02 11:28:29.972  3079  3093 D leak-1-15: Eastern Standard Time
08-02 11:28:30.010  3079  3093 D leak-9-15: Eastern Standard Time
08-02 11:28:30.010  3079  3093 D leak-10-15: Eastern Standard Time
08-02 11:28:30.010  3079  3093 D leak-11-15: Eastern Standard Time
08-02 11:28:30.010  3079  3093 D leak-12-15: Eastern Standard Time
08-02 11:28:30.010  3079  3093 D leak-13-15: Eastern Standard Time
08-02 11:28:30.010  3079  3093 D leak-14-15: Eastern Standard Time
08-02 11:28:30.010  3079  3093 D leak-15-15: Eastern Standard Time
08-02 11:28:30.010  3079  3093 D leak-16-15: Eastern Standard Time
08-02 11:28:30.010  3079  3093 D leak-18-15: Eastern Standard Time
08-02 11:28:30.010  3079  3093 D leak-19-15: Eastern Standard Time
08-02 11:28:30.010  3079  3093 D leak-21-15: Eastern Standard Time
08-02 11:28:30.010  3079  3093 D leak-22-15: Eastern Standard Time
08-02 11:28:30.011  3079  3093 D leak-0-15: Eastern Standard Time
08-02 11:28:30.011  3079  3093 D leak-1-15: Eastern Standard Time
08-02 11:28:30.011  3079  3093 D leak-9-15: Eastern Standard Time
08-02 11:28:30.011  3079  3093 D leak-10-15: Eastern Standard Time
08-02 11:28:30.011  3079  3093 D leak-11-15: Eastern Standard Time
08-02 11:28:30.011  3079  3093 D leak-12-15: Eastern Standard Time
08-02 11:28:30.011  3079  3093 D leak-13-15: Eastern Standard Time
08-02 11:28:30.011  3079  3093 D leak-14-15: Eastern Standard Time
08-02 11:28:30.011  3079  3093 D leak-15-15: Eastern Standard Time
08-02 11:28:30.011  3079  3093 D leak-16-15: Eastern Standard Time
08-02 11:28:30.011  3079  3093 D leak-18-15: Eastern Standard Time
08-02 11:28:30.011  3079  3093 D leak-19-15: Eastern Standard Time
08-02 11:28:30.011  3079  3093 D leak-21-15: Eastern Standard Time
08-02 11:28:30.011  3079  3093 D leak-22-15: Eastern Standard Time
08-02 11:28:30.011  3079  3093 D leak-0-15: Eastern Standard Time
08-02 11:28:30.011  3079  3093 D leak-1-15: Eastern Standard Time
08-02 11:28:30.011  3079  3093 D leak-9-15: Eastern Standard Time
08-02 11:28:30.011  3079  3093 D leak-10-15: Eastern Standard Time
08-02 11:28:30.011  3079  3093 D leak-11-15: Eastern Standard Time
08-02 11:28:30.011  3079  3093 D leak-12-15: Eastern Standard Time
08-02 11:28:30.011  3079  3093 D leak-13-15: Eastern Standard Time
08-02 11:28:30.011  3079  3093 D leak-14-15: Eastern Standard Time
08-02 11:28:30.011  3079  3093 D leak-15-15: Eastern Standard Time
08-02 11:28:30.011  3079  3093 D leak-16-15: Eastern Standard Time
08-02 11:28:30.011  3079  3093 D leak-18-15: Eastern Standard Time
08-02 11:28:30.011  3079  3093 D leak-19-15: Eastern Standard Time
08-02 11:28:30.011  3079  3093 D leak-21-15: Eastern Standard Time
08-02 11:28:30.011  3079  3093 D leak-22-15: Eastern Standard Time
08-02 11:28:30.011  3079  3093 D leak-0-15: Eastern Standard Time
08-02 11:28:30.011  3079  3093 D leak-1-15: Eastern Standard Time
08-02 11:28:30.011  3079  3093 D leak-9-15: Eastern Standard Time
08-02 11:28:30.011  3079  3093 D leak-10-15: Eastern Standard Time
08-02 11:28:30.011  3079  3093 D leak-11-15: Eastern Standard Time
08-02 11:28:30.011  3079  3093 D leak-12-15: Eastern Standard Time
08-02 11:28:30.011  3079  3093 D leak-13-15: Eastern Standard Time
08-02 11:28:30.011  3079  3093 D leak-14-15: Eastern Standard Time
08-02 11:28:30.011  3079  3093 D leak-15-15: Eastern Standard Time
08-02 11:28:30.011  3079  3093 D leak-16-15: Eastern Standard Time
08-02 11:28:30.011  3079  3093 D leak-18-15: Eastern Standard Time
08-02 11:28:30.011  3079  3093 D leak-19-15: Eastern Standard Time
08-02 11:28:30.011  3079  3093 D leak-21-15: Eastern Standard Time
08-02 11:28:30.011  3079  3093 D leak-22-15: Eastern Standard Time
08-02 11:28:30.011  3079  3093 D leak-0-21: Eastern Standard Time
08-02 11:28:30.011  3079  3093 D leak-1-21: Eastern Standard Time
08-02 11:28:30.012  3079  3093 D leak-9-21: Eastern Standard Time
08-02 11:28:30.012  3079  3093 D leak-10-21: Eastern Standard Time
08-02 11:28:30.012  3079  3093 D leak-11-21: Eastern Standard Time
08-02 11:28:30.012  3079  3093 D leak-12-21: Eastern Standard Time
08-02 11:28:30.012  3079  3093 D leak-13-21: Eastern Standard Time
08-02 11:28:30.012  3079  3093 D leak-14-21: Eastern Standard Time
08-02 11:28:30.012  3079  3093 D leak-15-21: Eastern Standard Time
08-02 11:28:30.012  3079  3093 D leak-16-21: Eastern Standard Time
08-02 11:28:30.012  3079  3093 D leak-18-21: Eastern Standard Time
08-02 11:28:30.012  3079  3093 D leak-19-21: Eastern Standard Time
08-02 11:28:30.012  3079  3093 D leak-21-21: Eastern Standard Time
08-02 11:28:30.012  3079  3093 D leak-22-21: Eastern Standard Time
08-02 11:28:30.012  3079  3093 D leak-23-21: Eastern Standard Time
08-02 11:28:30.012  3079  3093 D leak-0-3: Eastern Standard Time
08-02 11:28:30.012  3079  3093 D leak-1-3: Eastern Standard Time
08-02 11:28:30.012  3079  3093 D leak-3-3: Eastern Standard Time
08-02 11:28:30.012  3079  3093 D leak-9-3: Eastern Standard Time
08-02 11:28:30.012  3079  3093 D leak-10-3: Eastern Standard Time
08-02 11:28:30.012  3079  3093 D leak-11-3: Eastern Standard Time
08-02 11:28:30.012  3079  3093 D leak-12-3: Eastern Standard Time
08-02 11:28:30.022  3079  3093 D leak-13-3: Eastern Standard Time
08-02 11:28:30.022  3079  3093 D leak-14-3: Eastern Standard Time
08-02 11:28:30.022  3079  3093 D leak-15-3: Eastern Standard Time
08-02 11:28:30.022  3079  3093 D leak-16-3: Eastern Standard Time
08-02 11:28:30.022  3079  3093 D leak-18-3: Eastern Standard Time
08-02 11:28:30.022  3079  3093 D leak-19-3: Eastern Standard Time
08-02 11:28:30.022  3079  3093 D leak-21-3: Eastern Standard Time
08-02 11:28:30.022  3079  3093 D leak-22-3: Eastern Standard Time
08-02 11:28:30.022  3079  3093 D leak-23-3: Eastern Standard Time
08-02 11:28:30.024  1729  2096 V EmulatedCamera_Camera: getCameraInfo
08-02 11:28:30.024  1729  2096 V EmulatedCamera_BaseCamera: getCameraInfo
08-02 11:28:30.104  1729  2095 W ServiceManager: Permission failure: android.permission.CAMERA from uid=10060 pid=3079
08-02 11:28:30.107  1729  2095 E CameraService: Permission Denial: can't use the camera pid=3079, uid=10060
08-02 11:28:30.109  3079  3093 W CameraBase: An error occurred while connecting to camera: 0
08-02 11:28:30.110  1729  1729 V EmulatedCamera_Camera: getCameraInfo
08-02 11:28:30.110  1729  1729 V EmulatedCamera_BaseCamera: getCameraInfo
08-02 11:28:30.238  1729  2096 W ServiceManager: Permission failure: android.permission.CAMERA from uid=10060 pid=3079
08-02 11:28:30.247  1729  2096 E CameraService: Permission Denial: can't use the camera pid=3079, uid=10060
08-02 11:28:30.270  3079  3093 W CameraBase: An error occurred while connecting to camera: 1
08-02 11:28:30.270  3079  3093 D leak-0-4: Eastern Standard Time
08-02 11:28:30.270  3079  3093 D leak-1-4: Eastern Standard Time
08-02 11:28:30.270  3079  3093 D leak-3-4: Eastern Standard Time
08-02 11:28:30.270  3079  3093 D leak-4-4: Eastern Standard Time
08-02 11:28:30.270  3079  3093 D leak-9-4: Eastern Standard Time
08-02 11:28:30.270  3079  3093 D leak-10-4: Eastern Standard Time
08-02 11:28:30.270  3079  3093 D leak-11-4: Eastern Standard Time
08-02 11:28:30.270  3079  3093 D leak-12-4: Eastern Standard Time
08-02 11:28:30.270  3079  3093 D leak-13-4: Eastern Standard Time
08-02 11:28:30.270  3079  3093 D leak-14-4: Eastern Standard Time
08-02 11:28:30.270  3079  3093 D leak-15-4: Eastern Standard Time
08-02 11:28:30.271  3079  3093 D leak-16-4: Eastern Standard Time
08-02 11:28:30.271  3079  3093 D leak-18-4: Eastern Standard Time
08-02 11:28:30.271  3079  3093 D leak-19-4: Eastern Standard Time
08-02 11:28:30.271  3079  3093 D leak-21-4: Eastern Standard Time
08-02 11:28:30.271  3079  3093 D leak-22-4: Eastern Standard Time
08-02 11:28:30.271  3079  3093 D leak-23-4: Eastern Standard Time
08-02 11:28:30.271  3079  3093 I CameraManagerGlobal: Connecting to camera service
08-02 11:28:30.378  1729  2096 V EmulatedCamera_Camera: getCameraInfo
08-02 11:28:30.385  1729  2096 V EmulatedCamera_BaseCamera: getCameraInfo
08-02 11:28:30.385  1729  2096 I CameraService: getCameraCharacteristics: Switching to HAL1 shim implementation...
08-02 11:28:30.385  1729  2096 V EmulatedCamera_Camera: getCameraInfo
08-02 11:28:30.385  1729  2096 V EmulatedCamera_BaseCamera: getCameraInfo
08-02 11:28:30.393  1729  2095 V EmulatedCamera_Camera: getCameraInfo
08-02 11:28:30.393  1729  2095 V EmulatedCamera_BaseCamera: getCameraInfo
08-02 11:28:30.393  1729  2095 I CameraService: getCameraCharacteristics: Switching to HAL1 shim implementation...
08-02 11:28:30.393  1729  2095 V EmulatedCamera_Camera: getCameraInfo
08-02 11:28:30.393  1729  2095 V EmulatedCamera_BaseCamera: getCameraInfo
08-02 11:28:30.400  1729  2097 V EmulatedCamera_Camera: getCameraInfo
08-02 11:28:30.404  1729  2097 V EmulatedCamera_BaseCamera: getCameraInfo
08-02 11:28:30.426  1729  2096 V EmulatedCamera_Camera: getCameraInfo
08-02 11:28:30.430  1729  2096 V EmulatedCamera_BaseCamera: getCameraInfo
08-02 11:28:30.451  3079  3093 D leak-0-5: Eastern Standard Time
08-02 11:28:30.458  3079  3093 D leak-1-5: Eastern Standard Time
08-02 11:28:30.458  3079  3093 D leak-3-5: Eastern Standard Time
08-02 11:28:30.458  3079  3093 D leak-4-5: Eastern Standard Time
08-02 11:28:30.458  3079  3093 D leak-5-5: Eastern Standard Time
08-02 11:28:30.458  3079  3093 D leak-9-5: Eastern Standard Time
08-02 11:28:30.458  3079  3093 D leak-10-5: Eastern Standard Time
08-02 11:28:30.458  3079  3093 D leak-11-5: Eastern Standard Time
08-02 11:28:30.458  3079  3093 D leak-12-5: Eastern Standard Time
08-02 11:28:30.458  3079  3093 D leak-13-5: Eastern Standard Time
08-02 11:28:30.458  3079  3093 D leak-14-5: Eastern Standard Time
08-02 11:28:30.458  3079  3093 D leak-15-5: Eastern Standard Time
08-02 11:28:30.458  3079  3093 D leak-16-5: Eastern Standard Time
08-02 11:28:30.458  3079  3093 D leak-18-5: Eastern Standard Time
08-02 11:28:30.458  3079  3093 D leak-19-5: Eastern Standard Time
08-02 11:28:30.458  3079  3093 D leak-21-5: Eastern Standard Time
08-02 11:28:30.458  3079  3093 D leak-22-5: Eastern Standard Time
08-02 11:28:30.458  3079  3093 D leak-23-5: Eastern Standard Time
08-02 11:28:30.473  1729  2095 V EmulatedCamera_Camera: getCameraInfo
08-02 11:28:30.473  1729  2095 V EmulatedCamera_BaseCamera: getCameraInfo
08-02 11:28:30.518  1729  1729 V EmulatedCamera_Camera: getCameraInfo
08-02 11:28:30.518  1729  1729 V EmulatedCamera_BaseCamera: getCameraInfo
08-02 11:28:30.525  3079  3093 D leak-0-5: Eastern Standard Time
08-02 11:28:30.525  3079  3093 D leak-1-5: Eastern Standard Time
08-02 11:28:30.525  3079  3093 D leak-3-5: Eastern Standard Time
08-02 11:28:30.525  3079  3093 D leak-4-5: Eastern Standard Time
08-02 11:28:30.525  3079  3093 D leak-5-5: Eastern Standard Time
08-02 11:28:30.525  3079  3093 D leak-9-5: Eastern Standard Time
08-02 11:28:30.525  3079  3093 D leak-10-5: Eastern Standard Time
08-02 11:28:30.525  3079  3093 D leak-11-5: Eastern Standard Time
08-02 11:28:30.525  3079  3093 D leak-12-5: Eastern Standard Time
08-02 11:28:30.525  3079  3093 D leak-13-5: Eastern Standard Time
08-02 11:28:30.525  3079  3093 D leak-14-5: Eastern Standard Time
08-02 11:28:30.525  3079  3093 D leak-15-5: Eastern Standard Time
08-02 11:28:30.525  3079  3093 D leak-16-5: Eastern Standard Time
08-02 11:28:30.525  3079  3093 D leak-18-5: Eastern Standard Time
08-02 11:28:30.525  3079  3093 D leak-19-5: Eastern Standard Time
08-02 11:28:30.525  3079  3093 D leak-21-5: Eastern Standard Time
08-02 11:28:30.525  3079  3093 D leak-22-5: Eastern Standard Time
08-02 11:28:30.525  3079  3093 D leak-23-5: Eastern Standard Time
08-02 11:28:30.547  3079  3093 D leak-0-8: Eastern Standard Time
08-02 11:28:30.547  3079  3093 D leak-1-8: Eastern Standard Time
08-02 11:28:30.547  3079  3093 D leak-3-8: Eastern Standard Time
08-02 11:28:30.547  3079  3093 D leak-4-8: Eastern Standard Time
08-02 11:28:30.547  3079  3093 D leak-5-8: Eastern Standard Time
08-02 11:28:30.547  3079  3093 D leak-8-8: Eastern Standard Time
08-02 11:28:30.547  3079  3093 D leak-9-8: Eastern Standard Time
08-02 11:28:30.547  3079  3093 D leak-10-8: Eastern Standard Time
08-02 11:28:30.547  3079  3093 D leak-11-8: Eastern Standard Time
08-02 11:28:30.547  3079  3093 D leak-12-8: Eastern Standard Time
08-02 11:28:30.547  3079  3093 D leak-13-8: Eastern Standard Time
08-02 11:28:30.547  3079  3093 D leak-14-8: Eastern Standard Time
08-02 11:28:30.547  3079  3093 D leak-15-8: Eastern Standard Time
08-02 11:28:30.547  3079  3093 D leak-16-8: Eastern Standard Time
08-02 11:28:30.547  3079  3093 D leak-18-8: Eastern Standard Time
08-02 11:28:30.547  3079  3093 D leak-19-8: Eastern Standard Time
08-02 11:28:30.547  3079  3093 D leak-21-8: Eastern Standard Time
08-02 11:28:30.547  3079  3093 D leak-22-8: Eastern Standard Time
08-02 11:28:30.547  3079  3093 D leak-23-8: Eastern Standard Time
08-02 11:28:30.590  3079  3093 D leak-0-7: Eastern Standard Time
08-02 11:28:30.590  3079  3093 D leak-1-7: Eastern Standard Time
08-02 11:28:30.590  3079  3093 D leak-3-7: Eastern Standard Time
08-02 11:28:30.590  3079  3093 D leak-4-7: Eastern Standard Time
08-02 11:28:30.590  3079  3093 D leak-5-7: Eastern Standard Time
08-02 11:28:30.590  3079  3093 D leak-7-7: Eastern Standard Time
08-02 11:28:30.590  3079  3093 D leak-8-7: Eastern Standard Time
08-02 11:28:30.590  3079  3093 D leak-9-7: Eastern Standard Time
08-02 11:28:30.590  3079  3093 D leak-10-7: Eastern Standard Time
08-02 11:28:30.590  3079  3093 D leak-11-7: Eastern Standard Time
08-02 11:28:30.590  3079  3093 D leak-12-7: Eastern Standard Time
08-02 11:28:30.590  3079  3093 D leak-13-7: Eastern Standard Time
08-02 11:28:30.590  3079  3093 D leak-14-7: Eastern Standard Time
08-02 11:28:30.591  3079  3093 D leak-15-7: Eastern Standard Time
08-02 11:28:30.591  3079  3093 D leak-16-7: Eastern Standard Time
08-02 11:28:30.591  3079  3093 D leak-18-7: Eastern Standard Time
08-02 11:28:30.591  3079  3093 D leak-19-7: Eastern Standard Time
08-02 11:28:30.591  3079  3093 D leak-21-7: Eastern Standard Time
08-02 11:28:30.594  3079  3093 D leak-22-7: Eastern Standard Time
08-02 11:28:30.594  3079  3093 D leak-23-7: Eastern Standard Time
08-02 11:28:30.710  3079  3090 I art     : Background partial concurrent mark sweep GC freed 18746(1066KB) AllocSpace objects, 5(100KB) LOS objects, 41% free, 1415KB/2MB, paused 98us total 178.554ms
08-02 11:28:30.953  3079  3095 I OpenGLRenderer: Initialized EGL, version 1.4
08-02 11:28:31.018  3079  3095 W EGL_emulation: eglSurfaceAttrib not implemented
08-02 11:28:31.018  3079  3095 W OpenGLRenderer: Failed to set EGL_SWAP_BEHAVIOR on surface 0xec927500, error=EGL_SUCCESS
08-02 11:28:31.021  3079  3093 D leak-0-22: Eastern Standard Time
08-02 11:28:31.021  3079  3093 D leak-1-22: Eastern Standard Time
08-02 11:28:31.022  3079  3093 D leak-3-22: Eastern Standard Time
08-02 11:28:31.022  3079  3093 D leak-4-22: Eastern Standard Time
08-02 11:28:31.022  3079  3093 D leak-5-22: Eastern Standard Time
08-02 11:28:31.022  3079  3093 D leak-7-22: Eastern Standard Time
08-02 11:28:31.022  3079  3093 D leak-8-22: Eastern Standard Time
08-02 11:28:31.022  3079  3093 D leak-9-22: Eastern Standard Time
08-02 11:28:31.022  3079  3093 D leak-10-22: Eastern Standard Time
08-02 11:28:31.022  3079  3093 D leak-11-22: Eastern Standard Time
08-02 11:28:31.022  3079  3093 D leak-12-22: Eastern Standard Time
08-02 11:28:31.022  3079  3093 D leak-13-22: Eastern Standard Time
08-02 11:28:31.022  3079  3093 D leak-14-22: Eastern Standard Time
08-02 11:28:31.022  3079  3093 D leak-15-22: Eastern Standard Time
08-02 11:28:31.022  3079  3093 D leak-16-22: Eastern Standard Time
08-02 11:28:31.022  3079  3093 D leak-18-22: Eastern Standard Time
08-02 11:28:31.022  3079  3093 D leak-19-22: Eastern Standard Time
08-02 11:28:31.022  3079  3093 D leak-21-22: Eastern Standard Time
08-02 11:28:31.022  3079  3093 D leak-22-22: Eastern Standard Time
08-02 11:28:31.022  3079  3093 D leak-23-22: Eastern Standard Time
08-02 11:28:31.022  3079  3093 D leak-24-22: Eastern Standard Time
08-02 11:28:31.022  3079  3093 D leak-0-6: Eastern Standard Time
08-02 11:28:31.022  3079  3093 D leak-1-6: Eastern Standard Time
08-02 11:28:31.022  3079  3093 D leak-3-6: Eastern Standard Time
08-02 11:28:31.022  3079  3093 D leak-4-6: Eastern Standard Time
08-02 11:28:31.022  3079  3093 D leak-5-6: Eastern Standard Time
08-02 11:28:31.022  3079  3093 D leak-6-6: Eastern Standard Time
08-02 11:28:31.022  3079  3093 D leak-7-6: Eastern Standard Time
08-02 11:28:31.022  3079  3093 D leak-8-6: Eastern Standard Time
08-02 11:28:31.022  3079  3093 D leak-9-6: Eastern Standard Time
08-02 11:28:31.022  3079  3093 D leak-10-6: Eastern Standard Time
08-02 11:28:31.022  3079  3093 D leak-11-6: Eastern Standard Time
08-02 11:28:31.022  3079  3093 D leak-12-6: Eastern Standard Time
08-02 11:28:31.022  3079  3093 D leak-13-6: Eastern Standard Time
08-02 11:28:31.022  3079  3093 D leak-14-6: Eastern Standard Time
08-02 11:28:31.022  3079  3093 D leak-15-6: Eastern Standard Time
08-02 11:28:31.022  3079  3093 D leak-16-6: Eastern Standard Time
08-02 11:28:31.022  3079  3093 D leak-18-6: Eastern Standard Time
08-02 11:28:31.022  3079  3093 D leak-19-6: Eastern Standard Time
08-02 11:28:31.022  3079  3093 D leak-21-6: Eastern Standard Time
08-02 11:28:31.022  3079  3093 D leak-22-6: Eastern Standard Time
08-02 11:28:31.022  3079  3093 D leak-23-6: Eastern Standard Time
08-02 11:28:31.022  3079  3093 D leak-24-6: Eastern Standard Time
08-02 11:28:31.053  3079  3079 I Choreographer: Skipped 177 frames!  The application may be doing too much work on its main thread.
08-02 11:28:31.169  3079  3079 D leak-28-2: Eastern Standard Time
08-02 11:28:31.169  3079  3079 D leak-30-2: Eastern Standard Time
08-02 11:28:31.170  3079  3079 D leak-41-2: Eastern Standard Time
08-02 11:28:31.175  3079  3079 D leak-28-12: Eastern Standard Time
08-02 11:28:31.175  3079  3079 D leak-30-12: Eastern Standard Time
08-02 11:28:31.175  3079  3079 D leak-41-12: Eastern Standard Time
08-02 11:28:31.175  3079  3079 D leak-43-12: Eastern Standard Time
08-02 11:28:31.175  3079  3079 D leak-40-1: Eastern Standard Time
08-02 11:28:31.175  3079  3079 D leak-42-1: Eastern Standard Time
08-02 11:28:31.175  3079  3079 D leak-27-0: Eastern Standard Time
08-02 11:28:31.175  3079  3079 D leak-28-0: Eastern Standard Time
08-02 11:28:31.175  3079  3079 D leak-30-0: Eastern Standard Time
08-02 11:28:31.175  3079  3079 D leak-41-0: Eastern Standard Time
08-02 11:28:31.175  3079  3079 D leak-43-0: Eastern Standard Time
08-02 11:28:31.283  1924  2421 D VoldConnector: SND -> {7 volume mkdirs /storage/emulated/0/Android/data/com.oF2pks.kalturadeviceinfos/files/}
08-02 11:28:31.288  1924  2074 D VoldConnector: RCV <- {200 7 Command succeeded}
08-02 11:28:31.888  3111  3111 D AndroidRuntime: >>>>>> START com.android.internal.os.RuntimeInit uid 0 <<<<<<
08-02 11:28:31.895  3111  3111 D AndroidRuntime: CheckJNI is OFF
08-02 11:28:31.943  3111  3111 D ICU     : No timezone override file found: /data/misc/zoneinfo/current/icu/icu_tzdata.dat
08-02 11:28:32.126  3111  3111 E memtrack: Couldn't load memtrack module (No such file or directory)
08-02 11:28:32.126  3111  3111 E android.os.Debug: failed to load memtrack module: -2
08-02 11:28:32.127  3111  3111 I Radio-JNI: register_android_hardware_Radio DONE
08-02 11:28:32.166  3111  3111 D AndroidRuntime: Calling main entry com.android.commands.content.Content
08-02 11:28:32.299  3111  3111 D AndroidRuntime: Shutting down VM
08-02 11:28:32.659  2376  2524 E Surface : getSlotFromBufferLocked: unknown buffer: 0xe8682e70
08-02 11:28:33.074  3079  3095 W EGL_emulation: eglSurfaceAttrib not implemented
08-02 11:28:33.082  3079  3095 W OpenGLRenderer: Failed to set EGL_SWAP_BEHAVIOR on surface 0xdff62c60, error=EGL_SUCCESS
08-02 11:28:33.144  1924  1965 I ActivityManager: Displayed com.oF2pks.kalturadeviceinfos/.MainActivity: +6s784ms
08-02 11:28:33.155  3079  3079 I Choreographer: Skipped 89 frames!  The application may be doing too much work on its main thread.
08-02 11:28:33.355  3079  3095 V RenderScript: 0xe032e000 Launching thread(s), CPUs 4
08-02 11:28:33.426  3120  3120 D AndroidRuntime: >>>>>> START com.android.internal.os.RuntimeInit uid 0 <<<<<<
08-02 11:28:33.431  3120  3120 D AndroidRuntime: CheckJNI is OFF
08-02 11:28:33.446  3120  3120 D ICU     : No timezone override file found: /data/misc/zoneinfo/current/icu/icu_tzdata.dat
08-02 11:28:33.460  3120  3120 E memtrack: Couldn't load memtrack module (No such file or directory)
08-02 11:28:33.460  3120  3120 E android.os.Debug: failed to load memtrack module: -2
08-02 11:28:33.464  3120  3120 I Radio-JNI: register_android_hardware_Radio DONE
08-02 11:28:33.476  3120  3120 D AndroidRuntime: Calling main entry com.android.commands.content.Content
08-02 11:28:33.487  3120  3120 D AndroidRuntime: Shutting down VM
08-02 11:28:34.649  1924  2404 I ActivityManager: Killing 2825:com.android.managedprovisioning/u0a9 (adj 15): empty #17
08-02 11:28:34.649  1924  2404 W libprocessgroup: failed to open /acct/uid_10009/pid_2825/cgroup.procs: No such file or directory
08-02 11:28:34.798  3079  3095 E Surface : getSlotFromBufferLocked: unknown buffer: 0xf3d94450
08-02 11:28:35.239  3147  3147 D AndroidRuntime: >>>>>> START com.android.internal.os.RuntimeInit uid 0 <<<<<<
08-02 11:28:35.241  3147  3147 D AndroidRuntime: CheckJNI is OFF
08-02 11:28:35.257  3147  3147 D ICU     : No timezone override file found: /data/misc/zoneinfo/current/icu/icu_tzdata.dat
08-02 11:28:35.284  3147  3147 E memtrack: Couldn't load memtrack module (No such file or directory)
08-02 11:28:35.284  3147  3147 E android.os.Debug: failed to load memtrack module: -2
08-02 11:28:35.289  3147  3147 I Radio-JNI: register_android_hardware_Radio DONE
08-02 11:28:35.302  3147  3147 D AndroidRuntime: Calling main entry com.android.commands.uiautomator.Launcher
08-02 11:28:36.026  1924  2072 I InputReader: Reconfiguring input devices.  changes=0x00000010
08-02 11:28:36.375  3147  3147 W AccessibilityNodeInfoDumper: Fetch time: 4ms
08-02 11:28:36.376  1924  2158 W WindowManager: Attempted to remove non-existing token: android.os.Binder@d2b42db
08-02 11:28:36.384  3147  3147 D AndroidRuntime: Shutting down VM
08-02 11:28:36.607  1924  2579 D NetlinkSocketObserver: NeighborEvent{elapsedMs=407868, 10.0.3.2, [525400123502], RTM_NEWNEIGH, NUD_PROBE}
08-02 11:28:36.607  1924  2579 D NetlinkSocketObserver: NeighborEvent{elapsedMs=407868, 10.0.3.2, [525400123502], RTM_NEWNEIGH, NUD_REACHABLE}
08-02 11:28:36.885  3166  3166 D AndroidRuntime: >>>>>> START com.android.internal.os.RuntimeInit uid 0 <<<<<<
08-02 11:28:36.886  3166  3166 D AndroidRuntime: CheckJNI is OFF
08-02 11:28:36.899  3166  3166 D ICU     : No timezone override file found: /data/misc/zoneinfo/current/icu/icu_tzdata.dat
08-02 11:28:36.912  3166  3166 E memtrack: Couldn't load memtrack module (No such file or directory)
08-02 11:28:36.912  3166  3166 E android.os.Debug: failed to load memtrack module: -2
08-02 11:28:36.912  3166  3166 I Radio-JNI: register_android_hardware_Radio DONE
08-02 11:28:36.919  3166  3166 D AndroidRuntime: Calling main entry com.android.commands.uiautomator.Launcher
08-02 11:28:37.937  3166  3166 W AccessibilityNodeInfoDumper: Fetch time: 5ms
08-02 11:28:37.937  1924  2455 W WindowManager: Attempted to remove non-existing token: android.os.Binder@789b242
08-02 11:28:37.948  3166  3166 D AndroidRuntime: Shutting down VM
08-02 11:28:39.057  3190  3190 D AndroidRuntime: >>>>>> START com.android.internal.os.RuntimeInit uid 0 <<<<<<
08-02 11:28:39.059  3190  3190 D AndroidRuntime: CheckJNI is OFF
08-02 11:28:39.072  3190  3190 D ICU     : No timezone override file found: /data/misc/zoneinfo/current/icu/icu_tzdata.dat
08-02 11:28:39.086  3190  3190 E memtrack: Couldn't load memtrack module (No such file or directory)
08-02 11:28:39.086  3190  3190 E android.os.Debug: failed to load memtrack module: -2
08-02 11:28:39.087  3190  3190 I Radio-JNI: register_android_hardware_Radio DONE
08-02 11:28:39.093  3190  3190 D AndroidRuntime: Calling main entry com.android.commands.uiautomator.Launcher
08-02 11:28:40.132  3190  3190 W AccessibilityNodeInfoDumper: Fetch time: 4ms
08-02 11:28:40.133  1924  2224 W WindowManager: Attempted to remove non-existing token: android.os.Binder@afd3253
08-02 11:28:40.141  3190  3190 D AndroidRuntime: Shutting down VM
08-02 11:28:41.310  3218  3218 D AndroidRuntime: >>>>>> START com.android.internal.os.RuntimeInit uid 0 <<<<<<
08-02 11:28:41.312  3218  3218 D AndroidRuntime: CheckJNI is OFF
08-02 11:28:41.324  3218  3218 D ICU     : No timezone override file found: /data/misc/zoneinfo/current/icu/icu_tzdata.dat
08-02 11:28:41.338  3218  3218 E memtrack: Couldn't load memtrack module (No such file or directory)
08-02 11:28:41.338  3218  3218 E android.os.Debug: failed to load memtrack module: -2
08-02 11:28:41.339  3218  3218 I Radio-JNI: register_android_hardware_Radio DONE
08-02 11:28:41.345  3218  3218 D AndroidRuntime: Calling main entry com.android.commands.uiautomator.Launcher
08-02 11:28:42.364  3218  3218 W AccessibilityNodeInfoDumper: Fetch time: 4ms
08-02 11:28:42.364  1924  2421 W WindowManager: Attempted to remove non-existing token: android.os.Binder@481a889
08-02 11:28:42.378  3218  3218 D AndroidRuntime: Shutting down VM
08-02 11:28:43.552  3244  3244 D AndroidRuntime: >>>>>> START com.android.internal.os.RuntimeInit uid 0 <<<<<<
08-02 11:28:43.554  3244  3244 D AndroidRuntime: CheckJNI is OFF
08-02 11:28:43.563  3244  3244 D ICU     : No timezone override file found: /data/misc/zoneinfo/current/icu/icu_tzdata.dat
08-02 11:28:43.578  3244  3244 E memtrack: Couldn't load memtrack module (No such file or directory)
08-02 11:28:43.578  3244  3244 E android.os.Debug: failed to load memtrack module: -2
08-02 11:28:43.579  3244  3244 I Radio-JNI: register_android_hardware_Radio DONE
08-02 11:28:43.587  3244  3244 D AndroidRuntime: Calling main entry com.android.commands.uiautomator.Launcher
08-02 11:28:44.612  3244  3244 W AccessibilityNodeInfoDumper: Fetch time: 3ms
08-02 11:28:44.613  1924  2423 W WindowManager: Attempted to remove non-existing token: android.os.Binder@f84b08e
08-02 11:28:44.625  3244  3244 D AndroidRuntime: Shutting down VM
08-02 11:28:45.092  3262  3262 D AndroidRuntime: >>>>>> START com.android.internal.os.RuntimeInit uid 0 <<<<<<
08-02 11:28:45.093  3262  3262 D AndroidRuntime: CheckJNI is OFF
08-02 11:28:45.101  3262  3262 D ICU     : No timezone override file found: /data/misc/zoneinfo/current/icu/icu_tzdata.dat
08-02 11:28:45.113  3262  3262 E memtrack: Couldn't load memtrack module (No such file or directory)
08-02 11:28:45.113  3262  3262 E android.os.Debug: failed to load memtrack module: -2
08-02 11:28:45.114  3262  3262 I Radio-JNI: register_android_hardware_Radio DONE
08-02 11:28:45.120  3262  3262 D AndroidRuntime: Calling main entry com.android.commands.uiautomator.Launcher
08-02 11:28:46.138  3262  3262 W AccessibilityNodeInfoDumper: Fetch time: 5ms
08-02 11:28:46.139  1924  2421 W WindowManager: Attempted to remove non-existing token: android.os.Binder@51ea0af
08-02 11:28:46.159  3262  3262 D AndroidRuntime: Shutting down VM
08-02 11:28:47.253  3285  3285 D AndroidRuntime: >>>>>> START com.android.internal.os.RuntimeInit uid 0 <<<<<<
08-02 11:28:47.256  3285  3285 D AndroidRuntime: CheckJNI is OFF
08-02 11:28:47.267  3285  3285 D ICU     : No timezone override file found: /data/misc/zoneinfo/current/icu/icu_tzdata.dat
08-02 11:28:47.280  3285  3285 E memtrack: Couldn't load memtrack module (No such file or directory)
08-02 11:28:47.280  3285  3285 E android.os.Debug: failed to load memtrack module: -2
08-02 11:28:47.281  3285  3285 I Radio-JNI: register_android_hardware_Radio DONE
08-02 11:28:47.290  3285  3285 D AndroidRuntime: Calling main entry com.android.commands.uiautomator.Launcher
08-02 11:28:48.311  3285  3285 W AccessibilityNodeInfoDumper: Fetch time: 5ms
08-02 11:28:48.311  1924  2473 W WindowManager: Attempted to remove non-existing token: android.os.Binder@959ecbc
08-02 11:28:48.327  3285  3285 D AndroidRuntime: Shutting down VM
08-02 11:28:48.822  3303  3303 D AndroidRuntime: >>>>>> START com.android.internal.os.RuntimeInit uid 0 <<<<<<
08-02 11:28:48.825  3303  3303 D AndroidRuntime: CheckJNI is OFF
08-02 11:28:48.833  3303  3303 D ICU     : No timezone override file found: /data/misc/zoneinfo/current/icu/icu_tzdata.dat
08-02 11:28:48.854  3303  3303 E memtrack: Couldn't load memtrack module (No such file or directory)
08-02 11:28:48.854  3303  3303 E android.os.Debug: failed to load memtrack module: -2
08-02 11:28:48.855  3303  3303 I Radio-JNI: register_android_hardware_Radio DONE
08-02 11:28:48.862  3303  3303 D AndroidRuntime: Calling main entry com.android.commands.uiautomator.Launcher
08-02 11:28:49.883  3303  3303 W AccessibilityNodeInfoDumper: Fetch time: 3ms
08-02 11:28:49.884  1924  2421 W WindowManager: Attempted to remove non-existing token: android.os.Binder@91f479a
08-02 11:28:49.892  3303  3303 D AndroidRuntime: Shutting down VM
08-02 11:28:50.969  3326  3326 D AndroidRuntime: >>>>>> START com.android.internal.os.RuntimeInit uid 0 <<<<<<
08-02 11:28:50.970  3326  3326 D AndroidRuntime: CheckJNI is OFF
08-02 11:28:50.979  3326  3326 D ICU     : No timezone override file found: /data/misc/zoneinfo/current/icu/icu_tzdata.dat
08-02 11:28:50.994  3326  3326 E memtrack: Couldn't load memtrack module (No such file or directory)
08-02 11:28:50.994  3326  3326 E android.os.Debug: failed to load memtrack module: -2
08-02 11:28:50.994  3326  3326 I Radio-JNI: register_android_hardware_Radio DONE
08-02 11:28:51.000  3326  3326 D AndroidRuntime: Calling main entry com.android.commands.uiautomator.Launcher
08-02 11:28:52.028  3326  3326 W AccessibilityNodeInfoDumper: Fetch time: 8ms
08-02 11:28:52.029  1924  2224 W WindowManager: Attempted to remove non-existing token: android.os.Binder@53e98cb
08-02 11:28:52.055  3326  3326 D AndroidRuntime: Shutting down VM
08-02 11:28:52.535  3344  3344 D AndroidRuntime: >>>>>> START com.android.internal.os.RuntimeInit uid 0 <<<<<<
08-02 11:28:52.538  3344  3344 D AndroidRuntime: CheckJNI is OFF
08-02 11:28:52.547  3344  3344 D ICU     : No timezone override file found: /data/misc/zoneinfo/current/icu/icu_tzdata.dat
08-02 11:28:52.563  3344  3344 E memtrack: Couldn't load memtrack module (No such file or directory)
08-02 11:28:52.563  3344  3344 E android.os.Debug: failed to load memtrack module: -2
08-02 11:28:52.564  3344  3344 I Radio-JNI: register_android_hardware_Radio DONE
08-02 11:28:52.569  3344  3344 D AndroidRuntime: Calling main entry com.android.commands.uiautomator.Launcher
08-02 11:28:53.590  3344  3344 W AccessibilityNodeInfoDumper: Fetch time: 8ms
08-02 11:28:53.594  1924  2158 W WindowManager: Attempted to remove non-existing token: android.os.Binder@63718a8
08-02 11:28:53.612  3344  3344 D AndroidRuntime: Shutting down VM
08-02 11:28:54.014  1924  2579 D NetlinkSocketObserver: NeighborEvent{elapsedMs=425274, 10.0.3.2, [525400123502], RTM_NEWNEIGH, NUD_STALE}
08-02 11:28:54.869  3367  3367 D AndroidRuntime: >>>>>> START com.android.internal.os.RuntimeInit uid 0 <<<<<<
08-02 11:28:54.875  3367  3367 D AndroidRuntime: CheckJNI is OFF
08-02 11:28:54.887  3367  3367 D ICU     : No timezone override file found: /data/misc/zoneinfo/current/icu/icu_tzdata.dat
08-02 11:28:54.901  3367  3367 E memtrack: Couldn't load memtrack module (No such file or directory)
08-02 11:28:54.901  3367  3367 E android.os.Debug: failed to load memtrack module: -2
08-02 11:28:54.904  3367  3367 I Radio-JNI: register_android_hardware_Radio DONE
08-02 11:28:54.916  3367  3367 D AndroidRuntime: Calling main entry com.android.commands.uiautomator.Launcher
08-02 11:28:55.939  3367  3367 W AccessibilityNodeInfoDumper: Fetch time: 4ms
08-02 11:28:55.940  1924  2421 W WindowManager: Attempted to remove non-existing token: android.os.Binder@8e8dfc1
08-02 11:28:55.950  3367  3367 D AndroidRuntime: Shutting down VM
08-02 11:28:56.442  3385  3385 D AndroidRuntime: >>>>>> START com.android.internal.os.RuntimeInit uid 0 <<<<<<
08-02 11:28:56.443  3385  3385 D AndroidRuntime: CheckJNI is OFF
08-02 11:28:56.453  3385  3385 D ICU     : No timezone override file found: /data/misc/zoneinfo/current/icu/icu_tzdata.dat
08-02 11:28:56.466  3385  3385 E memtrack: Couldn't load memtrack module (No such file or directory)
08-02 11:28:56.466  3385  3385 E android.os.Debug: failed to load memtrack module: -2
08-02 11:28:56.467  3385  3385 I Radio-JNI: register_android_hardware_Radio DONE
08-02 11:28:56.473  3385  3385 D AndroidRuntime: Calling main entry com.android.commands.uiautomator.Launcher
08-02 11:28:57.494  3385  3385 W AccessibilityNodeInfoDumper: Fetch time: 4ms
08-02 11:28:57.495  1924  1950 W WindowManager: Attempted to remove non-existing token: android.os.Binder@f9a4366
08-02 11:28:57.510  3385  3385 D AndroidRuntime: Shutting down VM
08-02 11:28:58.648  3411  3411 D AndroidRuntime: >>>>>> START com.android.internal.os.RuntimeInit uid 0 <<<<<<
08-02 11:28:58.650  3411  3411 D AndroidRuntime: CheckJNI is OFF
08-02 11:28:58.662  3411  3411 D ICU     : No timezone override file found: /data/misc/zoneinfo/current/icu/icu_tzdata.dat
08-02 11:28:58.676  3411  3411 E memtrack: Couldn't load memtrack module (No such file or directory)
08-02 11:28:58.676  3411  3411 E android.os.Debug: failed to load memtrack module: -2
08-02 11:28:58.677  3411  3411 I Radio-JNI: register_android_hardware_Radio DONE
08-02 11:28:58.683  3411  3411 D AndroidRuntime: Calling main entry com.android.commands.uiautomator.Launcher
08-02 11:28:59.707  3411  3411 W AccessibilityNodeInfoDumper: Fetch time: 4ms
08-02 11:28:59.707  1924  1948 W WindowManager: Attempted to remove non-existing token: android.os.Binder@c1bf6a7
08-02 11:28:59.722  3411  3411 D AndroidRuntime: Shutting down VM
08-02 11:29:00.259  3429  3429 D AndroidRuntime: >>>>>> START com.android.internal.os.RuntimeInit uid 0 <<<<<<
08-02 11:29:00.260  3429  3429 D AndroidRuntime: CheckJNI is OFF
08-02 11:29:00.271  3429  3429 D ICU     : No timezone override file found: /data/misc/zoneinfo/current/icu/icu_tzdata.dat
08-02 11:29:00.284  3429  3429 E memtrack: Couldn't load memtrack module (No such file or directory)
08-02 11:29:00.284  3429  3429 E android.os.Debug: failed to load memtrack module: -2
08-02 11:29:00.286  3429  3429 I Radio-JNI: register_android_hardware_Radio DONE
08-02 11:29:00.292  3429  3429 D AndroidRuntime: Calling main entry com.android.commands.uiautomator.Launcher
08-02 11:29:01.309  3429  3429 W AccessibilityNodeInfoDumper: Fetch time: 4ms
08-02 11:29:01.310  1924  2423 W WindowManager: Attempted to remove non-existing token: android.os.Binder@162b6fd
08-02 11:29:01.335  3429  3429 D AndroidRuntime: Shutting down VM
08-02 11:29:01.774  3442  3442 D AndroidRuntime: >>>>>> START com.android.internal.os.RuntimeInit uid 0 <<<<<<
08-02 11:29:01.776  3442  3442 D AndroidRuntime: CheckJNI is OFF
08-02 11:29:01.790  3442  3442 D ICU     : No timezone override file found: /data/misc/zoneinfo/current/icu/icu_tzdata.dat
08-02 11:29:01.803  3442  3442 E memtrack: Couldn't load memtrack module (No such file or directory)
08-02 11:29:01.803  3442  3442 E android.os.Debug: failed to load memtrack module: -2
08-02 11:29:01.805  3442  3442 I Radio-JNI: register_android_hardware_Radio DONE
08-02 11:29:01.812  3442  3442 D AndroidRuntime: Calling main entry com.android.commands.input.Input
08-02 11:29:01.817  3442  3442 I Input   : injectMotionEvent: MotionEvent { action=ACTION_DOWN, actionButton=0, id[0]=0, x[0]=1144.0, y[0]=112.0, toolType[0]=TOOL_TYPE_UNKNOWN, buttonState=0, metaState=0, flags=0x0, edgeFlags=0x0, pointerCount=1, historySize=0, eventTime=433073, downTime=433073, deviceId=0, source=0x1002 }
08-02 11:29:01.819  3442  3442 I Input   : injectMotionEvent: MotionEvent { action=ACTION_UP, actionButton=0, id[0]=0, x[0]=1144.0, y[0]=112.0, toolType[0]=TOOL_TYPE_UNKNOWN, buttonState=0, metaState=0, flags=0x0, edgeFlags=0x0, pointerCount=1, historySize=0, eventTime=433073, downTime=433073, deviceId=0, source=0x1002 }
08-02 11:29:01.821  3442  3442 D AndroidRuntime: Shutting down VM
08-02 11:29:01.831  3079  3079 I ListPopupWindow: Could not find method setEpicenterBounds(Rect) on PopupWindow. Oh well.
08-02 11:29:01.836  3079  3079 W art     : Before Android 4.1, method int android.support.v7.widget.DropDownListView.lookForSelectablePosition(int, boolean) would have incorrectly overridden the package-private method in android.widget.ListView
08-02 11:29:01.836  3079  3079 W art     : Before Android 4.1, method int android.support.v7.widget.MenuPopupWindow$MenuDropDownListView.lookForSelectablePosition(int, boolean) would have incorrectly overridden the package-private method in android.widget.ListView
08-02 11:29:01.896  3079  3095 W EGL_emulation: eglSurfaceAttrib not implemented
08-02 11:29:01.896  3079  3095 W OpenGLRenderer: Failed to set EGL_SWAP_BEHAVIOR on surface 0xe00e3680, error=EGL_SUCCESS
08-02 11:29:06.409  3774  3774 D AndroidRuntime: >>>>>> START com.android.internal.os.RuntimeInit uid 0 <<<<<<
08-02 11:29:06.410  3774  3774 D AndroidRuntime: CheckJNI is OFF
08-02 11:29:06.421  3774  3774 D ICU     : No timezone override file found: /data/misc/zoneinfo/current/icu/icu_tzdata.dat
08-02 11:29:06.435  3774  3774 E memtrack: Couldn't load memtrack module (No such file or directory)
08-02 11:29:06.435  3774  3774 E android.os.Debug: failed to load memtrack module: -2
08-02 11:29:06.435  3774  3774 I Radio-JNI: register_android_hardware_Radio DONE
08-02 11:29:06.443  3774  3774 D AndroidRuntime: Calling main entry com.android.commands.uiautomator.Launcher
08-02 11:29:07.495  3774  3774 W AccessibilityNodeInfoDumper: Fetch time: 3ms
08-02 11:29:07.495  1924  2404 W WindowManager: Attempted to remove non-existing token: android.os.Binder@9c4593e
08-02 11:29:07.504  3774  3774 D AndroidRuntime: Shutting down VM
08-02 11:29:08.586  3797  3797 D AndroidRuntime: >>>>>> START com.android.internal.os.RuntimeInit uid 0 <<<<<<
08-02 11:29:08.587  3797  3797 D AndroidRuntime: CheckJNI is OFF
08-02 11:29:08.598  3797  3797 D ICU     : No timezone override file found: /data/misc/zoneinfo/current/icu/icu_tzdata.dat
08-02 11:29:08.611  3797  3797 E memtrack: Couldn't load memtrack module (No such file or directory)
08-02 11:29:08.611  3797  3797 E android.os.Debug: failed to load memtrack module: -2
08-02 11:29:08.612  3797  3797 I Radio-JNI: register_android_hardware_Radio DONE
08-02 11:29:08.618  3797  3797 D AndroidRuntime: Calling main entry com.android.commands.uiautomator.Launcher
08-02 11:29:09.641  3797  3797 W AccessibilityNodeInfoDumper: Fetch time: 1ms
08-02 11:29:09.641  1924  2423 W WindowManager: Attempted to remove non-existing token: android.os.Binder@fbf139f
08-02 11:29:09.648  3797  3797 D AndroidRuntime: Shutting down VM
08-02 11:29:10.137  3815  3815 D AndroidRuntime: >>>>>> START com.android.internal.os.RuntimeInit uid 0 <<<<<<
08-02 11:29:10.139  3815  3815 D AndroidRuntime: CheckJNI is OFF
08-02 11:29:10.150  3815  3815 D ICU     : No timezone override file found: /data/misc/zoneinfo/current/icu/icu_tzdata.dat
08-02 11:29:10.163  3815  3815 E memtrack: Couldn't load memtrack module (No such file or directory)
08-02 11:29:10.163  3815  3815 E android.os.Debug: failed to load memtrack module: -2
08-02 11:29:10.164  3815  3815 I Radio-JNI: register_android_hardware_Radio DONE
08-02 11:29:10.171  3815  3815 D AndroidRuntime: Calling main entry com.android.commands.uiautomator.Launcher
08-02 11:29:11.104  1924  2080 D WifiStateMachine: L2Connected CMD_START_SCAN source -2 18, 20 -> obsolete
08-02 11:29:11.200  3815  3815 W AccessibilityNodeInfoDumper: Fetch time: 2ms
08-02 11:29:11.200  1924  2473 W WindowManager: Attempted to remove non-existing token: android.os.Binder@84ffcec
08-02 11:29:11.211  3815  3815 D AndroidRuntime: Shutting down VM
08-02 11:29:12.312  3838  3838 D AndroidRuntime: >>>>>> START com.android.internal.os.RuntimeInit uid 0 <<<<<<
08-02 11:29:12.313  3838  3838 D AndroidRuntime: CheckJNI is OFF
08-02 11:29:12.324  3838  3838 D ICU     : No timezone override file found: /data/misc/zoneinfo/current/icu/icu_tzdata.dat
08-02 11:29:12.337  3838  3838 E memtrack: Couldn't load memtrack module (No such file or directory)
08-02 11:29:12.337  3838  3838 E android.os.Debug: failed to load memtrack module: -2
08-02 11:29:12.338  3838  3838 I Radio-JNI: register_android_hardware_Radio DONE
08-02 11:29:12.348  3838  3838 D AndroidRuntime: Calling main entry com.android.commands.uiautomator.Launcher
08-02 11:29:13.371  3838  3838 W AccessibilityNodeInfoDumper: Fetch time: 1ms
08-02 11:29:13.371  1924  2421 W WindowManager: Attempted to remove non-existing token: android.os.Binder@3a6c8b5
08-02 11:29:13.407  3838  3838 D AndroidRuntime: Shutting down VM
08-02 11:29:14.552  3866  3866 D AndroidRuntime: >>>>>> START com.android.internal.os.RuntimeInit uid 0 <<<<<<
08-02 11:29:14.553  3866  3866 D AndroidRuntime: CheckJNI is OFF
08-02 11:29:14.565  3866  3866 D ICU     : No timezone override file found: /data/misc/zoneinfo/current/icu/icu_tzdata.dat
08-02 11:29:14.578  3866  3866 E memtrack: Couldn't load memtrack module (No such file or directory)
08-02 11:29:14.578  3866  3866 E android.os.Debug: failed to load memtrack module: -2
08-02 11:29:14.580  3866  3866 I Radio-JNI: register_android_hardware_Radio DONE
08-02 11:29:14.587  3866  3866 D AndroidRuntime: Calling main entry com.android.commands.uiautomator.Launcher
08-02 11:29:15.601  3866  3866 W AccessibilityNodeInfoDumper: Fetch time: 1ms
08-02 11:29:15.601  1924  1950 W WindowManager: Attempted to remove non-existing token: android.os.Binder@28cb4a
08-02 11:29:15.617  3866  3866 D AndroidRuntime: Shutting down VM
08-02 11:29:16.770  3892  3892 D AndroidRuntime: >>>>>> START com.android.internal.os.RuntimeInit uid 0 <<<<<<
08-02 11:29:16.771  3892  3892 D AndroidRuntime: CheckJNI is OFF
08-02 11:29:16.780  3892  3892 D ICU     : No timezone override file found: /data/misc/zoneinfo/current/icu/icu_tzdata.dat
08-02 11:29:16.794  3892  3892 E memtrack: Couldn't load memtrack module (No such file or directory)
08-02 11:29:16.794  3892  3892 E android.os.Debug: failed to load memtrack module: -2
08-02 11:29:16.796  3892  3892 I Radio-JNI: register_android_hardware_Radio DONE
08-02 11:29:16.802  3892  3892 D AndroidRuntime: Calling main entry com.android.commands.uiautomator.Launcher
08-02 11:29:17.821  3892  3892 W AccessibilityNodeInfoDumper: Fetch time: 0ms
08-02 11:29:17.821  1924  2158 W WindowManager: Attempted to remove non-existing token: android.os.Binder@7b5fbd8
08-02 11:29:17.828  3892  3892 D AndroidRuntime: Shutting down VM
08-02 11:29:18.304  3911  3911 D AndroidRuntime: >>>>>> START com.android.internal.os.RuntimeInit uid 0 <<<<<<
08-02 11:29:18.305  3911  3911 D AndroidRuntime: CheckJNI is OFF
08-02 11:29:18.314  3911  3911 D ICU     : No timezone override file found: /data/misc/zoneinfo/current/icu/icu_tzdata.dat
08-02 11:29:18.328  3911  3911 E memtrack: Couldn't load memtrack module (No such file or directory)
08-02 11:29:18.328  3911  3911 E android.os.Debug: failed to load memtrack module: -2
08-02 11:29:18.329  3911  3911 I Radio-JNI: register_android_hardware_Radio DONE
08-02 11:29:18.334  3911  3911 D AndroidRuntime: Calling main entry com.android.commands.uiautomator.Launcher
08-02 11:29:19.347  3911  3911 W AccessibilityNodeInfoDumper: Fetch time: 1ms
08-02 11:29:19.348  1924  2473 W WindowManager: Attempted to remove non-existing token: android.os.Binder@c483b31
08-02 11:29:19.368  3911  3911 D AndroidRuntime: Shutting down VM
08-02 11:29:20.460  3934  3934 D AndroidRuntime: >>>>>> START com.android.internal.os.RuntimeInit uid 0 <<<<<<
08-02 11:29:20.461  3934  3934 D AndroidRuntime: CheckJNI is OFF
08-02 11:29:20.470  3934  3934 D ICU     : No timezone override file found: /data/misc/zoneinfo/current/icu/icu_tzdata.dat
08-02 11:29:20.484  3934  3934 E memtrack: Couldn't load memtrack module (No such file or directory)
08-02 11:29:20.485  3934  3934 E android.os.Debug: failed to load memtrack module: -2
08-02 11:29:20.486  3934  3934 I Radio-JNI: register_android_hardware_Radio DONE
08-02 11:29:20.493  3934  3934 D AndroidRuntime: Calling main entry com.android.commands.uiautomator.Launcher
08-02 11:29:21.510  3934  3934 W AccessibilityNodeInfoDumper: Fetch time: 1ms
08-02 11:29:21.510  1924  1950 W WindowManager: Attempted to remove non-existing token: android.os.Binder@5b05216
08-02 11:29:21.526  3934  3934 D AndroidRuntime: Shutting down VM
08-02 11:29:22.003  3952  3952 D AndroidRuntime: >>>>>> START com.android.internal.os.RuntimeInit uid 0 <<<<<<
08-02 11:29:22.004  3952  3952 D AndroidRuntime: CheckJNI is OFF
08-02 11:29:22.013  3952  3952 D ICU     : No timezone override file found: /data/misc/zoneinfo/current/icu/icu_tzdata.dat
08-02 11:29:22.027  3952  3952 E memtrack: Couldn't load memtrack module (No such file or directory)
08-02 11:29:22.027  3952  3952 E android.os.Debug: failed to load memtrack module: -2
08-02 11:29:22.028  3952  3952 I Radio-JNI: register_android_hardware_Radio DONE
08-02 11:29:22.033  3952  3952 D AndroidRuntime: Calling main entry com.android.commands.uiautomator.Launcher
08-02 11:29:23.061  3952  3952 W AccessibilityNodeInfoDumper: Fetch time: 1ms
08-02 11:29:23.061  1924  1950 W WindowManager: Attempted to remove non-existing token: android.os.Binder@819d797
08-02 11:29:23.068  3952  3952 D AndroidRuntime: Shutting down VM
08-02 11:29:24.137  3975  3975 D AndroidRuntime: >>>>>> START com.android.internal.os.RuntimeInit uid 0 <<<<<<
08-02 11:29:24.140  3975  3975 D AndroidRuntime: CheckJNI is OFF
08-02 11:29:24.149  3975  3975 D ICU     : No timezone override file found: /data/misc/zoneinfo/current/icu/icu_tzdata.dat
08-02 11:29:24.164  3975  3975 E memtrack: Couldn't load memtrack module (No such file or directory)
08-02 11:29:24.164  3975  3975 E android.os.Debug: failed to load memtrack module: -2
08-02 11:29:24.164  3975  3975 I Radio-JNI: register_android_hardware_Radio DONE
08-02 11:29:24.170  3975  3975 D AndroidRuntime: Calling main entry com.android.commands.uiautomator.Launcher
08-02 11:29:25.185  3975  3975 W AccessibilityNodeInfoDumper: Fetch time: 1ms
08-02 11:29:25.186  1924  1948 W WindowManager: Attempted to remove non-existing token: android.os.Binder@87afd84
08-02 11:29:25.204  3975  3975 D AndroidRuntime: Shutting down VM
08-02 11:29:25.671  3993  3993 D AndroidRuntime: >>>>>> START com.android.internal.os.RuntimeInit uid 0 <<<<<<
08-02 11:29:25.673  3993  3993 D AndroidRuntime: CheckJNI is OFF
08-02 11:29:25.683  3993  3993 D ICU     : No timezone override file found: /data/misc/zoneinfo/current/icu/icu_tzdata.dat
08-02 11:29:25.699  3993  3993 E memtrack: Couldn't load memtrack module (No such file or directory)
08-02 11:29:25.699  3993  3993 E android.os.Debug: failed to load memtrack module: -2
08-02 11:29:25.699  3993  3993 I Radio-JNI: register_android_hardware_Radio DONE
08-02 11:29:25.705  3993  3993 D AndroidRuntime: Calling main entry com.android.commands.uiautomator.Launcher
08-02 11:29:26.720  3993  3993 W AccessibilityNodeInfoDumper: Fetch time: 1ms
08-02 11:29:26.720  1924  2455 W WindowManager: Attempted to remove non-existing token: android.os.Binder@db4596d
08-02 11:29:26.732  3993  3993 D AndroidRuntime: Shutting down VM
08-02 11:29:27.828  4018  4018 D AndroidRuntime: >>>>>> START com.android.internal.os.RuntimeInit uid 0 <<<<<<
08-02 11:29:27.829  4018  4018 D AndroidRuntime: CheckJNI is OFF
08-02 11:29:27.838  4018  4018 D ICU     : No timezone override file found: /data/misc/zoneinfo/current/icu/icu_tzdata.dat
08-02 11:29:27.850  4018  4018 E memtrack: Couldn't load memtrack module (No such file or directory)
