08-01 23:25:17.129 13638 13638 I Input   : injectKeyEvent: KeyEvent { action=ACTION_UP, keyCode=KEYCODE_DEL, scanCode=0, metaState=0, flags=0x0, repeatCount=0, eventTime=862531, downTime=862531, deviceId=-1, source=0x101 }
08-01 23:25:17.130 13638 13638 I Input   : injectKeyEvent: KeyEvent { action=ACTION_DOWN, keyCode=KEYCODE_DEL, scanCode=0, metaState=0, flags=0x0, repeatCount=0, eventTime=862532, downTime=862532, deviceId=-1, source=0x101 }
08-01 23:25:17.131 13638 13638 I Input   : injectKeyEvent: KeyEvent { action=ACTION_UP, keyCode=KEYCODE_DEL, scanCode=0, metaState=0, flags=0x0, repeatCount=0, eventTime=862532, downTime=862532, deviceId=-1, source=0x101 }
08-01 23:25:17.132 13638 13638 I Input   : injectKeyEvent: KeyEvent { action=ACTION_DOWN, keyCode=KEYCODE_DEL, scanCode=0, metaState=0, flags=0x0, repeatCount=0, eventTime=862534, downTime=862534, deviceId=-1, source=0x101 }
08-01 23:25:17.138 13638 13638 I Input   : injectKeyEvent: KeyEvent { action=ACTION_UP, keyCode=KEYCODE_DEL, scanCode=0, metaState=0, flags=0x0, repeatCount=0, eventTime=862534, downTime=862534, deviceId=-1, source=0x101 }
08-01 23:25:17.141 13638 13638 I Input   : injectKeyEvent: KeyEvent { action=ACTION_DOWN, keyCode=KEYCODE_DEL, scanCode=0, metaState=0, flags=0x0, repeatCount=0, eventTime=862543, downTime=862543, deviceId=-1, source=0x101 }
08-01 23:25:17.142 13638 13638 I Input   : injectKeyEvent: KeyEvent { action=ACTION_UP, keyCode=KEYCODE_DEL, scanCode=0, metaState=0, flags=0x0, repeatCount=0, eventTime=862543, downTime=862543, deviceId=-1, source=0x101 }
08-01 23:25:17.150 13638 13638 I Input   : injectKeyEvent: KeyEvent { action=ACTION_DOWN, keyCode=KEYCODE_DEL, scanCode=0, metaState=0, flags=0x0, repeatCount=0, eventTime=862552, downTime=862552, deviceId=-1, source=0x101 }
08-01 23:25:17.154 13638 13638 I Input   : injectKeyEvent: KeyEvent { action=ACTION_UP, keyCode=KEYCODE_DEL, scanCode=0, metaState=0, flags=0x0, repeatCount=0, eventTime=862552, downTime=862552, deviceId=-1, source=0x101 }
08-01 23:25:17.155 13638 13638 I Input   : injectKeyEvent: KeyEvent { action=ACTION_DOWN, keyCode=KEYCODE_DEL, scanCode=0, metaState=0, flags=0x0, repeatCount=0, eventTime=862557, downTime=862557, deviceId=-1, source=0x101 }
08-01 23:25:17.160 13638 13638 I Input   : injectKeyEvent: KeyEvent { action=ACTION_UP, keyCode=KEYCODE_DEL, scanCode=0, metaState=0, flags=0x0, repeatCount=0, eventTime=862557, downTime=862557, deviceId=-1, source=0x101 }
08-01 23:25:17.176 13638 13638 I Input   : injectKeyEvent: KeyEvent { action=ACTION_DOWN, keyCode=KEYCODE_DEL, scanCode=0, metaState=0, flags=0x0, repeatCount=0, eventTime=862579, downTime=862579, deviceId=-1, source=0x101 }
08-01 23:25:17.184 13638 13638 I Input   : injectKeyEvent: KeyEvent { action=ACTION_UP, keyCode=KEYCODE_DEL, scanCode=0, metaState=0, flags=0x0, repeatCount=0, eventTime=862579, downTime=862579, deviceId=-1, source=0x101 }
08-01 23:25:17.188 13638 13638 I Input   : injectKeyEvent: KeyEvent { action=ACTION_DOWN, keyCode=KEYCODE_DEL, scanCode=0, metaState=0, flags=0x0, repeatCount=0, eventTime=862590, downTime=862590, deviceId=-1, source=0x101 }
08-01 23:25:17.195 13638 13638 I Input   : injectKeyEvent: KeyEvent { action=ACTION_UP, keyCode=KEYCODE_DEL, scanCode=0, metaState=0, flags=0x0, repeatCount=0, eventTime=862590, downTime=862590, deviceId=-1, source=0x101 }
08-01 23:25:17.201 13638 13638 I Input   : injectKeyEvent: KeyEvent { action=ACTION_DOWN, keyCode=KEYCODE_DEL, scanCode=0, metaState=0, flags=0x0, repeatCount=0, eventTime=862603, downTime=862603, deviceId=-1, source=0x101 }
08-01 23:25:17.227 13638 13638 I Input   : injectKeyEvent: KeyEvent { action=ACTION_UP, keyCode=KEYCODE_DEL, scanCode=0, metaState=0, flags=0x0, repeatCount=0, eventTime=862603, downTime=862603, deviceId=-1, source=0x101 }
08-01 23:25:17.241 13638 13638 I Input   : injectKeyEvent: KeyEvent { action=ACTION_DOWN, keyCode=KEYCODE_DEL, scanCode=0, metaState=0, flags=0x0, repeatCount=0, eventTime=862643, downTime=862643, deviceId=-1, source=0x101 }
08-01 23:25:17.272 13638 13638 I Input   : injectKeyEvent: KeyEvent { action=ACTION_UP, keyCode=KEYCODE_DEL, scanCode=0, metaState=0, flags=0x0, repeatCount=0, eventTime=862643, downTime=862643, deviceId=-1, source=0x101 }
08-01 23:25:17.276 13638 13638 I Input   : injectKeyEvent: KeyEvent { action=ACTION_DOWN, keyCode=KEYCODE_DEL, scanCode=0, metaState=0, flags=0x0, repeatCount=0, eventTime=862679, downTime=862679, deviceId=-1, source=0x101 }
08-01 23:25:17.279 13638 13638 I Input   : injectKeyEvent: KeyEvent { action=ACTION_UP, keyCode=KEYCODE_DEL, scanCode=0, metaState=0, flags=0x0, repeatCount=0, eventTime=862679, downTime=862679, deviceId=-1, source=0x101 }
08-01 23:25:17.281 13638 13638 I Input   : injectKeyEvent: KeyEvent { action=ACTION_DOWN, keyCode=KEYCODE_DEL, scanCode=0, metaState=0, flags=0x0, repeatCount=0, eventTime=862684, downTime=862684, deviceId=-1, source=0x101 }
08-01 23:25:17.283 13638 13638 I Input   : injectKeyEvent: KeyEvent { action=ACTION_UP, keyCode=KEYCODE_DEL, scanCode=0, metaState=0, flags=0x0, repeatCount=0, eventTime=862684, downTime=862684, deviceId=-1, source=0x101 }
08-01 23:25:17.284 13638 13638 I Input   : injectKeyEvent: KeyEvent { action=ACTION_DOWN, keyCode=KEYCODE_DEL, scanCode=0, metaState=0, flags=0x0, repeatCount=0, eventTime=862686, downTime=862686, deviceId=-1, source=0x101 }
08-01 23:25:17.290 13638 13638 I Input   : injectKeyEvent: KeyEvent { action=ACTION_UP, keyCode=KEYCODE_DEL, scanCode=0, metaState=0, flags=0x0, repeatCount=0, eventTime=862686, downTime=862686, deviceId=-1, source=0x101 }
08-01 23:25:17.296 13638 13638 I Input   : injectKeyEvent: KeyEvent { action=ACTION_DOWN, keyCode=KEYCODE_DEL, scanCode=0, metaState=0, flags=0x0, repeatCount=0, eventTime=862698, downTime=862698, deviceId=-1, source=0x101 }
08-01 23:25:17.297 13638 13638 I Input   : injectKeyEvent: KeyEvent { action=ACTION_UP, keyCode=KEYCODE_DEL, scanCode=0, metaState=0, flags=0x0, repeatCount=0, eventTime=862698, downTime=862698, deviceId=-1, source=0x101 }
08-01 23:25:17.298 13638 13638 I Input   : injectKeyEvent: KeyEvent { action=ACTION_DOWN, keyCode=KEYCODE_DEL, scanCode=0, metaState=0, flags=0x0, repeatCount=0, eventTime=862700, downTime=862700, deviceId=-1, source=0x101 }
08-01 23:25:17.300 13638 13638 I Input   : injectKeyEvent: KeyEvent { action=ACTION_UP, keyCode=KEYCODE_DEL, scanCode=0, metaState=0, flags=0x0, repeatCount=0, eventTime=862700, downTime=862700, deviceId=-1, source=0x101 }
08-01 23:25:17.312 13638 13638 I Input   : injectKeyEvent: KeyEvent { action=ACTION_DOWN, keyCode=KEYCODE_DEL, scanCode=0, metaState=0, flags=0x0, repeatCount=0, eventTime=862714, downTime=862714, deviceId=-1, source=0x101 }
08-01 23:25:17.313 13638 13638 I Input   : injectKeyEvent: KeyEvent { action=ACTION_UP, keyCode=KEYCODE_DEL, scanCode=0, metaState=0, flags=0x0, repeatCount=0, eventTime=862714, downTime=862714, deviceId=-1, source=0x101 }
08-01 23:25:17.314 13638 13638 I Input   : injectKeyEvent: KeyEvent { action=ACTION_DOWN, keyCode=KEYCODE_DEL, scanCode=0, metaState=0, flags=0x0, repeatCount=0, eventTime=862717, downTime=862717, deviceId=-1, source=0x101 }
08-01 23:25:17.322 13638 13638 I Input   : injectKeyEvent: KeyEvent { action=ACTION_UP, keyCode=KEYCODE_DEL, scanCode=0, metaState=0, flags=0x0, repeatCount=0, eventTime=862717, downTime=862717, deviceId=-1, source=0x101 }
08-01 23:25:17.322 13638 13638 I Input   : injectKeyEvent: KeyEvent { action=ACTION_DOWN, keyCode=KEYCODE_DEL, scanCode=0, metaState=0, flags=0x0, repeatCount=0, eventTime=862725, downTime=862725, deviceId=-1, source=0x101 }
08-01 23:25:17.327 13638 13638 I Input   : injectKeyEvent: KeyEvent { action=ACTION_UP, keyCode=KEYCODE_DEL, scanCode=0, metaState=0, flags=0x0, repeatCount=0, eventTime=862725, downTime=862725, deviceId=-1, source=0x101 }
08-01 23:25:17.335 13638 13638 I Input   : injectKeyEvent: KeyEvent { action=ACTION_DOWN, keyCode=KEYCODE_DEL, scanCode=0, metaState=0, flags=0x0, repeatCount=0, eventTime=862737, downTime=862737, deviceId=-1, source=0x101 }
08-01 23:25:17.350 13638 13638 I Input   : injectKeyEvent: KeyEvent { action=ACTION_UP, keyCode=KEYCODE_DEL, scanCode=0, metaState=0, flags=0x0, repeatCount=0, eventTime=862737, downTime=862737, deviceId=-1, source=0x101 }
08-01 23:25:17.350 13638 13638 I Input   : injectKeyEvent: KeyEvent { action=ACTION_DOWN, keyCode=KEYCODE_DEL, scanCode=0, metaState=0, flags=0x0, repeatCount=0, eventTime=862753, downTime=862753, deviceId=-1, source=0x101 }
08-01 23:25:17.361 13638 13638 I Input   : injectKeyEvent: KeyEvent { action=ACTION_UP, keyCode=KEYCODE_DEL, scanCode=0, metaState=0, flags=0x0, repeatCount=0, eventTime=862753, downTime=862753, deviceId=-1, source=0x101 }
08-01 23:25:17.362 13638 13638 I Input   : injectKeyEvent: KeyEvent { action=ACTION_DOWN, keyCode=KEYCODE_DEL, scanCode=0, metaState=0, flags=0x0, repeatCount=0, eventTime=862764, downTime=862764, deviceId=-1, source=0x101 }
08-01 23:25:17.368 13638 13638 I Input   : injectKeyEvent: KeyEvent { action=ACTION_UP, keyCode=KEYCODE_DEL, scanCode=0, metaState=0, flags=0x0, repeatCount=0, eventTime=862764, downTime=862764, deviceId=-1, source=0x101 }
08-01 23:25:17.377 13638 13638 I Input   : injectKeyEvent: KeyEvent { action=ACTION_DOWN, keyCode=KEYCODE_DEL, scanCode=0, metaState=0, flags=0x0, repeatCount=0, eventTime=862779, downTime=862779, deviceId=-1, source=0x101 }
08-01 23:25:17.381 13638 13638 I Input   : injectKeyEvent: KeyEvent { action=ACTION_UP, keyCode=KEYCODE_DEL, scanCode=0, metaState=0, flags=0x0, repeatCount=0, eventTime=862779, downTime=862779, deviceId=-1, source=0x101 }
08-01 23:25:17.386 13638 13638 I Input   : injectKeyEvent: KeyEvent { action=ACTION_DOWN, keyCode=KEYCODE_DEL, scanCode=0, metaState=0, flags=0x0, repeatCount=0, eventTime=862789, downTime=862789, deviceId=-1, source=0x101 }
08-01 23:25:17.405 13638 13638 I Input   : injectKeyEvent: KeyEvent { action=ACTION_UP, keyCode=KEYCODE_DEL, scanCode=0, metaState=0, flags=0x0, repeatCount=0, eventTime=862789, downTime=862789, deviceId=-1, source=0x101 }
08-01 23:25:17.428 13638 13638 I Input   : injectKeyEvent: KeyEvent { action=ACTION_DOWN, keyCode=KEYCODE_DEL, scanCode=0, metaState=0, flags=0x0, repeatCount=0, eventTime=862830, downTime=862830, deviceId=-1, source=0x101 }
08-01 23:25:17.442 13638 13638 I Input   : injectKeyEvent: KeyEvent { action=ACTION_UP, keyCode=KEYCODE_DEL, scanCode=0, metaState=0, flags=0x0, repeatCount=0, eventTime=862830, downTime=862830, deviceId=-1, source=0x101 }
08-01 23:25:17.452 13638 13638 I Input   : injectKeyEvent: KeyEvent { action=ACTION_DOWN, keyCode=KEYCODE_DEL, scanCode=0, metaState=0, flags=0x0, repeatCount=0, eventTime=862854, downTime=862854, deviceId=-1, source=0x101 }
08-01 23:25:17.458 13638 13638 I Input   : injectKeyEvent: KeyEvent { action=ACTION_UP, keyCode=KEYCODE_DEL, scanCode=0, metaState=0, flags=0x0, repeatCount=0, eventTime=862854, downTime=862854, deviceId=-1, source=0x101 }
08-01 23:25:17.465 13638 13638 I Input   : injectKeyEvent: KeyEvent { action=ACTION_DOWN, keyCode=KEYCODE_DEL, scanCode=0, metaState=0, flags=0x0, repeatCount=0, eventTime=862867, downTime=862867, deviceId=-1, source=0x101 }
08-01 23:25:17.467 13638 13638 I Input   : injectKeyEvent: KeyEvent { action=ACTION_UP, keyCode=KEYCODE_DEL, scanCode=0, metaState=0, flags=0x0, repeatCount=0, eventTime=862867, downTime=862867, deviceId=-1, source=0x101 }
08-01 23:25:17.482 13638 13638 I Input   : injectKeyEvent: KeyEvent { action=ACTION_DOWN, keyCode=KEYCODE_DEL, scanCode=0, metaState=0, flags=0x0, repeatCount=0, eventTime=862885, downTime=862885, deviceId=-1, source=0x101 }
08-01 23:25:17.483 13638 13638 I Input   : injectKeyEvent: KeyEvent { action=ACTION_UP, keyCode=KEYCODE_DEL, scanCode=0, metaState=0, flags=0x0, repeatCount=0, eventTime=862885, downTime=862885, deviceId=-1, source=0x101 }
08-01 23:25:17.484 13638 13638 I Input   : injectKeyEvent: KeyEvent { action=ACTION_DOWN, keyCode=KEYCODE_DEL, scanCode=0, metaState=0, flags=0x0, repeatCount=0, eventTime=862886, downTime=862886, deviceId=-1, source=0x101 }
08-01 23:25:17.484 13638 13638 I Input   : injectKeyEvent: KeyEvent { action=ACTION_UP, keyCode=KEYCODE_DEL, scanCode=0, metaState=0, flags=0x0, repeatCount=0, eventTime=862886, downTime=862886, deviceId=-1, source=0x101 }
08-01 23:25:17.485 13638 13638 I Input   : injectKeyEvent: KeyEvent { action=ACTION_DOWN, keyCode=KEYCODE_DEL, scanCode=0, metaState=0, flags=0x0, repeatCount=0, eventTime=862888, downTime=862888, deviceId=-1, source=0x101 }
08-01 23:25:17.486 13638 13638 I Input   : injectKeyEvent: KeyEvent { action=ACTION_UP, keyCode=KEYCODE_DEL, scanCode=0, metaState=0, flags=0x0, repeatCount=0, eventTime=862888, downTime=862888, deviceId=-1, source=0x101 }
08-01 23:25:17.489 13638 13638 I Input   : injectKeyEvent: KeyEvent { action=ACTION_DOWN, keyCode=KEYCODE_DEL, scanCode=0, metaState=0, flags=0x0, repeatCount=0, eventTime=862891, downTime=862891, deviceId=-1, source=0x101 }
08-01 23:25:17.493 13638 13638 I Input   : injectKeyEvent: KeyEvent { action=ACTION_UP, keyCode=KEYCODE_DEL, scanCode=0, metaState=0, flags=0x0, repeatCount=0, eventTime=862891, downTime=862891, deviceId=-1, source=0x101 }
08-01 23:25:17.500 13638 13638 I Input   : injectKeyEvent: KeyEvent { action=ACTION_DOWN, keyCode=KEYCODE_DEL, scanCode=0, metaState=0, flags=0x0, repeatCount=0, eventTime=862902, downTime=862902, deviceId=-1, source=0x101 }
08-01 23:25:17.510 13638 13638 I Input   : injectKeyEvent: KeyEvent { action=ACTION_UP, keyCode=KEYCODE_DEL, scanCode=0, metaState=0, flags=0x0, repeatCount=0, eventTime=862902, downTime=862902, deviceId=-1, source=0x101 }
08-01 23:25:17.514 13638 13638 I Input   : injectKeyEvent: KeyEvent { action=ACTION_DOWN, keyCode=KEYCODE_DEL, scanCode=0, metaState=0, flags=0x0, repeatCount=0, eventTime=862916, downTime=862916, deviceId=-1, source=0x101 }
08-01 23:25:17.539 13638 13638 I Input   : injectKeyEvent: KeyEvent { action=ACTION_UP, keyCode=KEYCODE_DEL, scanCode=0, metaState=0, flags=0x0, repeatCount=0, eventTime=862916, downTime=862916, deviceId=-1, source=0x101 }
08-01 23:25:17.554 13638 13638 I Input   : injectKeyEvent: KeyEvent { action=ACTION_DOWN, keyCode=KEYCODE_DEL, scanCode=0, metaState=0, flags=0x0, repeatCount=0, eventTime=862956, downTime=862956, deviceId=-1, source=0x101 }
08-01 23:25:17.590 13638 13638 I Input   : injectKeyEvent: KeyEvent { action=ACTION_UP, keyCode=KEYCODE_DEL, scanCode=0, metaState=0, flags=0x0, repeatCount=0, eventTime=862956, downTime=862956, deviceId=-1, source=0x101 }
08-01 23:25:17.593 13638 13638 D AndroidRuntime: Shutting down VM
08-01 23:25:17.998 13647 13647 D AndroidRuntime: >>>>>> START com.android.internal.os.RuntimeInit uid 0 <<<<<<
08-01 23:25:18.000 13647 13647 D AndroidRuntime: CheckJNI is OFF
08-01 23:25:18.011 13647 13647 D ICU     : No timezone override file found: /data/misc/zoneinfo/current/icu/icu_tzdata.dat
08-01 23:25:18.023 13647 13647 E memtrack: Couldn't load memtrack module (No such file or directory)
08-01 23:25:18.023 13647 13647 E android.os.Debug: failed to load memtrack module: -2
08-01 23:25:18.024 13647 13647 I Radio-JNI: register_android_hardware_Radio DONE
08-01 23:25:18.036 13647 13647 D AndroidRuntime: Calling main entry com.android.commands.input.Input
08-01 23:25:18.049 13647 13647 I Input   : injectKeyEvent: KeyEvent { action=ACTION_DOWN, keyCode=KEYCODE_1, scanCode=0, metaState=0, flags=0x0, repeatCount=0, eventTime=863451, downTime=863451, deviceId=-1, source=0x101 }
08-01 23:25:18.058 13647 13647 I Input   : injectKeyEvent: KeyEvent { action=ACTION_UP, keyCode=KEYCODE_1, scanCode=0, metaState=0, flags=0x0, repeatCount=0, eventTime=863451, downTime=863451, deviceId=-1, source=0x101 }
08-01 23:25:18.060 13647 13647 I Input   : injectKeyEvent: KeyEvent { action=ACTION_DOWN, keyCode=KEYCODE_2, scanCode=0, metaState=0, flags=0x0, repeatCount=0, eventTime=863451, downTime=863451, deviceId=-1, source=0x101 }
08-01 23:25:18.065 13647 13647 I Input   : injectKeyEvent: KeyEvent { action=ACTION_UP, keyCode=KEYCODE_2, scanCode=0, metaState=0, flags=0x0, repeatCount=0, eventTime=863451, downTime=863451, deviceId=-1, source=0x101 }
08-01 23:25:18.080 13647 13647 I Input   : injectKeyEvent: KeyEvent { action=ACTION_DOWN, keyCode=KEYCODE_3, scanCode=0, metaState=0, flags=0x0, repeatCount=0, eventTime=863451, downTime=863451, deviceId=-1, source=0x101 }
08-01 23:25:18.097 13647 13647 I Input   : injectKeyEvent: KeyEvent { action=ACTION_UP, keyCode=KEYCODE_3, scanCode=0, metaState=0, flags=0x0, repeatCount=0, eventTime=863451, downTime=863451, deviceId=-1, source=0x101 }
08-01 23:25:18.101 13647 13647 I Input   : injectKeyEvent: KeyEvent { action=ACTION_DOWN, keyCode=KEYCODE_4, scanCode=0, metaState=0, flags=0x0, repeatCount=0, eventTime=863451, downTime=863451, deviceId=-1, source=0x101 }
08-01 23:25:18.105 13647 13647 I Input   : injectKeyEvent: KeyEvent { action=ACTION_UP, keyCode=KEYCODE_4, scanCode=0, metaState=0, flags=0x0, repeatCount=0, eventTime=863451, downTime=863451, deviceId=-1, source=0x101 }
08-01 23:25:18.112 13647 13647 I Input   : injectKeyEvent: KeyEvent { action=ACTION_DOWN, keyCode=KEYCODE_5, scanCode=0, metaState=0, flags=0x0, repeatCount=0, eventTime=863451, downTime=863451, deviceId=-1, source=0x101 }
08-01 23:25:18.121 13647 13647 I Input   : injectKeyEvent: KeyEvent { action=ACTION_UP, keyCode=KEYCODE_5, scanCode=0, metaState=0, flags=0x0, repeatCount=0, eventTime=863451, downTime=863451, deviceId=-1, source=0x101 }
08-01 23:25:18.149 13647 13647 I Input   : injectKeyEvent: KeyEvent { action=ACTION_DOWN, keyCode=KEYCODE_6, scanCode=0, metaState=0, flags=0x0, repeatCount=0, eventTime=863451, downTime=863451, deviceId=-1, source=0x101 }
08-01 23:25:18.162 13647 13647 I Input   : injectKeyEvent: KeyEvent { action=ACTION_UP, keyCode=KEYCODE_6, scanCode=0, metaState=0, flags=0x0, repeatCount=0, eventTime=863451, downTime=863451, deviceId=-1, source=0x101 }
08-01 23:25:18.173 13647 13647 I Input   : injectKeyEvent: KeyEvent { action=ACTION_DOWN, keyCode=KEYCODE_7, scanCode=0, metaState=0, flags=0x0, repeatCount=0, eventTime=863451, downTime=863451, deviceId=-1, source=0x101 }
08-01 23:25:18.194 13647 13647 I Input   : injectKeyEvent: KeyEvent { action=ACTION_UP, keyCode=KEYCODE_7, scanCode=0, metaState=0, flags=0x0, repeatCount=0, eventTime=863451, downTime=863451, deviceId=-1, source=0x101 }
08-01 23:25:18.195 13647 13647 D AndroidRuntime: Shutting down VM
08-01 23:25:20.136 13975 13975 D AndroidRuntime: >>>>>> START com.android.internal.os.RuntimeInit uid 0 <<<<<<
08-01 23:25:20.138 13975 13975 D AndroidRuntime: CheckJNI is OFF
08-01 23:25:20.146 13975 13975 D ICU     : No timezone override file found: /data/misc/zoneinfo/current/icu/icu_tzdata.dat
08-01 23:25:20.158 13975 13975 E memtrack: Couldn't load memtrack module (No such file or directory)
08-01 23:25:20.158 13975 13975 E android.os.Debug: failed to load memtrack module: -2
08-01 23:25:20.158 13975 13975 I Radio-JNI: register_android_hardware_Radio DONE
08-01 23:25:20.165 13975 13975 D AndroidRuntime: Calling main entry com.android.commands.uiautomator.Launcher
08-01 23:25:21.191 13975 13975 I AccessibilityNodeInfoDumper: Skipping invisible child: android.view.accessibility.AccessibilityNodeInfo@8000b9c2; boundsInParent: Rect(0, 0 - 0, 128); boundsInScreen: Rect(1184, 48 - 1184, 176); packageName: com.zola.bmi; className: android.support.v7.widget.LinearLayoutCompat; text: null; error: null; maxTextLength: -1; contentDescription: null; viewIdResName: null; checkable: false; checked: false; focusable: false; focused: false; selected: false; clickable: false; longClickable: false; contextClickable: false; enabled: true; password: false; scrollable: false; actions: [AccessibilityAction: ACTION_SELECT - null, AccessibilityAction: ACTION_CLEAR_SELECTION - null, AccessibilityAction: ACTION_ACCESSIBILITY_FOCUS - null, AccessibilityAction: ACTION_UNKNOWN - null]
08-01 23:25:21.191 13975 13975 I AccessibilityNodeInfoDumper: Skipping invisible child: android.view.accessibility.AccessibilityNodeInfo@80009438; boundsInParent: Rect(0, 0 - 0, 54); boundsInScreen: Rect(72, 662 - 72, 716); packageName: com.zola.bmi; className: android.widget.TextView; text: null; error: null; maxTextLength: -1; contentDescription: null; viewIdResName: com.zola.bmi:id/resultLabel; checkable: false; checked: false; focusable: false; focused: false; selected: false; clickable: false; longClickable: false; contextClickable: false; enabled: true; password: false; scrollable: false; actions: [AccessibilityAction: ACTION_SELECT - null, AccessibilityAction: ACTION_CLEAR_SELECTION - null, AccessibilityAction: ACTION_ACCESSIBILITY_FOCUS - null, AccessibilityAction: ACTION_UNKNOWN - null]
08-01 23:25:21.193 13975 13975 W AccessibilityNodeInfoDumper: Fetch time: 10ms
08-01 23:25:21.201   594   606 W WindowManager: Attempted to remove non-existing token: android.os.Binder@5d7fca9
08-01 23:25:21.206 13975 13975 D AndroidRuntime: Shutting down VM
08-01 23:25:22.277 13998 13998 D AndroidRuntime: >>>>>> START com.android.internal.os.RuntimeInit uid 0 <<<<<<
08-01 23:25:22.279 13998 13998 D AndroidRuntime: CheckJNI is OFF
08-01 23:25:22.289 13998 13998 D ICU     : No timezone override file found: /data/misc/zoneinfo/current/icu/icu_tzdata.dat
08-01 23:25:22.300 13998 13998 E memtrack: Couldn't load memtrack module (No such file or directory)
08-01 23:25:22.300 13998 13998 E android.os.Debug: failed to load memtrack module: -2
08-01 23:25:22.302 13998 13998 I Radio-JNI: register_android_hardware_Radio DONE
08-01 23:25:22.307 13998 13998 D AndroidRuntime: Calling main entry com.android.commands.uiautomator.Launcher
08-01 23:25:23.326 13998 13998 I AccessibilityNodeInfoDumper: Skipping invisible child: android.view.accessibility.AccessibilityNodeInfo@8000b9c9; boundsInParent: Rect(0, 0 - 0, 128); boundsInScreen: Rect(1184, 48 - 1184, 176); packageName: com.zola.bmi; className: android.support.v7.widget.LinearLayoutCompat; text: null; error: null; maxTextLength: -1; contentDescription: null; viewIdResName: null; checkable: false; checked: false; focusable: false; focused: false; selected: false; clickable: false; longClickable: false; contextClickable: false; enabled: true; password: false; scrollable: false; actions: [AccessibilityAction: ACTION_SELECT - null, AccessibilityAction: ACTION_CLEAR_SELECTION - null, AccessibilityAction: ACTION_ACCESSIBILITY_FOCUS - null, AccessibilityAction: ACTION_UNKNOWN - null]
08-01 23:25:23.327 13998 13998 I AccessibilityNodeInfoDumper: Skipping invisible child: android.view.accessibility.AccessibilityNodeInfo@8000943f; boundsInParent: Rect(0, 0 - 0, 54); boundsInScreen: Rect(72, 662 - 72, 716); packageName: com.zola.bmi; className: android.widget.TextView; text: null; error: null; maxTextLength: -1; contentDescription: null; viewIdResName: com.zola.bmi:id/resultLabel; checkable: false; checked: false; focusable: false; focused: false; selected: false; clickable: false; longClickable: false; contextClickable: false; enabled: true; password: false; scrollable: false; actions: [AccessibilityAction: ACTION_SELECT - null, AccessibilityAction: ACTION_CLEAR_SELECTION - null, AccessibilityAction: ACTION_ACCESSIBILITY_FOCUS - null, AccessibilityAction: ACTION_UNKNOWN - null]
08-01 23:25:23.328 13998 13998 W AccessibilityNodeInfoDumper: Fetch time: 6ms
08-01 23:25:23.328   594   753 W WindowManager: Attempted to remove non-existing token: android.os.Binder@fa8422e
08-01 23:25:23.331 13998 13998 D AndroidRuntime: Shutting down VM
08-01 23:25:23.794 14016 14016 D AndroidRuntime: >>>>>> START com.android.internal.os.RuntimeInit uid 0 <<<<<<
08-01 23:25:23.796 14016 14016 D AndroidRuntime: CheckJNI is OFF
08-01 23:25:23.808 14016 14016 D ICU     : No timezone override file found: /data/misc/zoneinfo/current/icu/icu_tzdata.dat
08-01 23:25:23.820 14016 14016 E memtrack: Couldn't load memtrack module (No such file or directory)
08-01 23:25:23.820 14016 14016 E android.os.Debug: failed to load memtrack module: -2
08-01 23:25:23.821 14016 14016 I Radio-JNI: register_android_hardware_Radio DONE
08-01 23:25:23.827 14016 14016 D AndroidRuntime: Calling main entry com.android.commands.uiautomator.Launcher
08-01 23:25:24.845 14016 14016 I AccessibilityNodeInfoDumper: Skipping invisible child: android.view.accessibility.AccessibilityNodeInfo@8000b9d0; boundsInParent: Rect(0, 0 - 0, 128); boundsInScreen: Rect(1184, 48 - 1184, 176); packageName: com.zola.bmi; className: android.support.v7.widget.LinearLayoutCompat; text: null; error: null; maxTextLength: -1; contentDescription: null; viewIdResName: null; checkable: false; checked: false; focusable: false; focused: false; selected: false; clickable: false; longClickable: false; contextClickable: false; enabled: true; password: false; scrollable: false; actions: [AccessibilityAction: ACTION_SELECT - null, AccessibilityAction: ACTION_CLEAR_SELECTION - null, AccessibilityAction: ACTION_ACCESSIBILITY_FOCUS - null, AccessibilityAction: ACTION_UNKNOWN - null]
08-01 23:25:24.845 14016 14016 I AccessibilityNodeInfoDumper: Skipping invisible child: android.view.accessibility.AccessibilityNodeInfo@80009446; boundsInParent: Rect(0, 0 - 0, 54); boundsInScreen: Rect(72, 662 - 72, 716); packageName: com.zola.bmi; className: android.widget.TextView; text: null; error: null; maxTextLength: -1; contentDescription: null; viewIdResName: com.zola.bmi:id/resultLabel; checkable: false; checked: false; focusable: false; focused: false; selected: false; clickable: false; longClickable: false; contextClickable: false; enabled: true; password: false; scrollable: false; actions: [AccessibilityAction: ACTION_SELECT - null, AccessibilityAction: ACTION_CLEAR_SELECTION - null, AccessibilityAction: ACTION_ACCESSIBILITY_FOCUS - null, AccessibilityAction: ACTION_UNKNOWN - null]
08-01 23:25:24.846 14016 14016 W AccessibilityNodeInfoDumper: Fetch time: 6ms
08-01 23:25:24.846   594   754 W WindowManager: Attempted to remove non-existing token: android.os.Binder@c6261cf
08-01 23:25:24.856 14016 14016 D AndroidRuntime: Shutting down VM
08-01 23:25:26.010 14042 14042 D AndroidRuntime: >>>>>> START com.android.internal.os.RuntimeInit uid 0 <<<<<<
08-01 23:25:26.011 14042 14042 D AndroidRuntime: CheckJNI is OFF
08-01 23:25:26.023 14042 14042 D ICU     : No timezone override file found: /data/misc/zoneinfo/current/icu/icu_tzdata.dat
08-01 23:25:26.034 14042 14042 E memtrack: Couldn't load memtrack module (No such file or directory)
08-01 23:25:26.035 14042 14042 E android.os.Debug: failed to load memtrack module: -2
08-01 23:25:26.036 14042 14042 I Radio-JNI: register_android_hardware_Radio DONE
08-01 23:25:26.042 14042 14042 D AndroidRuntime: Calling main entry com.android.commands.uiautomator.Launcher
08-01 23:25:27.066 14042 14042 I AccessibilityNodeInfoDumper: Skipping invisible child: android.view.accessibility.AccessibilityNodeInfo@8000b9d7; boundsInParent: Rect(0, 0 - 0, 128); boundsInScreen: Rect(1184, 48 - 1184, 176); packageName: com.zola.bmi; className: android.support.v7.widget.LinearLayoutCompat; text: null; error: null; maxTextLength: -1; contentDescription: null; viewIdResName: null; checkable: false; checked: false; focusable: false; focused: false; selected: false; clickable: false; longClickable: false; contextClickable: false; enabled: true; password: false; scrollable: false; actions: [AccessibilityAction: ACTION_SELECT - null, AccessibilityAction: ACTION_CLEAR_SELECTION - null, AccessibilityAction: ACTION_ACCESSIBILITY_FOCUS - null, AccessibilityAction: ACTION_UNKNOWN - null]
08-01 23:25:27.067 14042 14042 I AccessibilityNodeInfoDumper: Skipping invisible child: android.view.accessibility.AccessibilityNodeInfo@8000944d; boundsInParent: Rect(0, 0 - 0, 54); boundsInScreen: Rect(72, 662 - 72, 716); packageName: com.zola.bmi; className: android.widget.TextView; text: null; error: null; maxTextLength: -1; contentDescription: null; viewIdResName: com.zola.bmi:id/resultLabel; checkable: false; checked: false; focusable: false; focused: false; selected: false; clickable: false; longClickable: false; contextClickable: false; enabled: true; password: false; scrollable: false; actions: [AccessibilityAction: ACTION_SELECT - null, AccessibilityAction: ACTION_CLEAR_SELECTION - null, AccessibilityAction: ACTION_ACCESSIBILITY_FOCUS - null, AccessibilityAction: ACTION_UNKNOWN - null]
08-01 23:25:27.067 14042 14042 W AccessibilityNodeInfoDumper: Fetch time: 6ms
08-01 23:25:27.071   594  1040 W WindowManager: Attempted to remove non-existing token: android.os.Binder@4cae75c
08-01 23:25:27.078 14042 14042 D AndroidRuntime: Shutting down VM
08-01 23:25:27.531 14060 14060 D AndroidRuntime: >>>>>> START com.android.internal.os.RuntimeInit uid 0 <<<<<<
08-01 23:25:27.533 14060 14060 D AndroidRuntime: CheckJNI is OFF
08-01 23:25:27.541 14060 14060 D ICU     : No timezone override file found: /data/misc/zoneinfo/current/icu/icu_tzdata.dat
08-01 23:25:27.552 14060 14060 E memtrack: Couldn't load memtrack module (No such file or directory)
08-01 23:25:27.552 14060 14060 E android.os.Debug: failed to load memtrack module: -2
08-01 23:25:27.553 14060 14060 I Radio-JNI: register_android_hardware_Radio DONE
08-01 23:25:27.559 14060 14060 D AndroidRuntime: Calling main entry com.android.commands.uiautomator.Launcher
08-01 23:25:28.572 14060 14060 I AccessibilityNodeInfoDumper: Skipping invisible child: android.view.accessibility.AccessibilityNodeInfo@8000b9dd; boundsInParent: Rect(0, 0 - 0, 128); boundsInScreen: Rect(1184, 48 - 1184, 176); packageName: com.zola.bmi; className: android.support.v7.widget.LinearLayoutCompat; text: null; error: null; maxTextLength: -1; contentDescription: null; viewIdResName: null; checkable: false; checked: false; focusable: false; focused: false; selected: false; clickable: false; longClickable: false; contextClickable: false; enabled: true; password: false; scrollable: false; actions: [AccessibilityAction: ACTION_SELECT - null, AccessibilityAction: ACTION_CLEAR_SELECTION - null, AccessibilityAction: ACTION_ACCESSIBILITY_FOCUS - null, AccessibilityAction: ACTION_UNKNOWN - null]
08-01 23:25:28.573 14060 14060 I AccessibilityNodeInfoDumper: Skipping invisible child: android.view.accessibility.AccessibilityNodeInfo@80009453; boundsInParent: Rect(0, 0 - 0, 54); boundsInScreen: Rect(72, 662 - 72, 716); packageName: com.zola.bmi; className: android.widget.TextView; text: null; error: null; maxTextLength: -1; contentDescription: null; viewIdResName: com.zola.bmi:id/resultLabel; checkable: false; checked: false; focusable: false; focused: false; selected: false; clickable: false; longClickable: false; contextClickable: false; enabled: true; password: false; scrollable: false; actions: [AccessibilityAction: ACTION_SELECT - null, AccessibilityAction: ACTION_CLEAR_SELECTION - null, AccessibilityAction: ACTION_ACCESSIBILITY_FOCUS - null, AccessibilityAction: ACTION_UNKNOWN - null]
08-01 23:25:28.575 14060 14060 W AccessibilityNodeInfoDumper: Fetch time: 7ms
08-01 23:25:28.575   594   949 W WindowManager: Attempted to remove non-existing token: android.os.Binder@a0aba65
08-01 23:25:28.582 14060 14060 D AndroidRuntime: Shutting down VM
08-01 23:25:29.007 14073 14073 D AndroidRuntime: >>>>>> START com.android.internal.os.RuntimeInit uid 0 <<<<<<
08-01 23:25:29.010 14073 14073 D AndroidRuntime: CheckJNI is OFF
08-01 23:25:29.019 14073 14073 D ICU     : No timezone override file found: /data/misc/zoneinfo/current/icu/icu_tzdata.dat
08-01 23:25:29.031 14073 14073 E memtrack: Couldn't load memtrack module (No such file or directory)
08-01 23:25:29.031 14073 14073 E android.os.Debug: failed to load memtrack module: -2
08-01 23:25:29.032 14073 14073 I Radio-JNI: register_android_hardware_Radio DONE
08-01 23:25:29.038 14073 14073 D AndroidRuntime: Calling main entry com.android.commands.input.Input
08-01 23:25:29.039 14073 14073 I Input   : injectMotionEvent: MotionEvent { action=ACTION_DOWN, actionButton=0, id[0]=0, x[0]=993.0, y[0]=614.0, toolType[0]=TOOL_TYPE_UNKNOWN, buttonState=0, metaState=0, flags=0x0, edgeFlags=0x0, pointerCount=1, historySize=0, eventTime=874440, downTime=874440, deviceId=0, source=0x1002 }
08-01 23:25:29.041 14073 14073 I Input   : injectMotionEvent: MotionEvent { action=ACTION_UP, actionButton=0, id[0]=0, x[0]=993.0, y[0]=614.0, toolType[0]=TOOL_TYPE_UNKNOWN, buttonState=0, metaState=0, flags=0x0, edgeFlags=0x0, pointerCount=1, historySize=0, eventTime=874440, downTime=874440, deviceId=0, source=0x1002 }
08-01 23:25:29.042 14073 14073 D AndroidRuntime: Shutting down VM
08-01 23:25:29.048  8725  8725 D leak-0-1: Eastern Standard Time
08-01 23:25:29.048  8725  8725 D leak-1-1: Eastern Standard Time
08-01 23:25:29.048  8725  8725 D leak-0-2: Eastern Standard Time
08-01 23:25:29.048  8725  8725 D leak-1-2: Eastern Standard Time
08-01 23:25:29.048  8725  8725 D leak-2-2: Eastern Standard Time
08-01 23:25:29.049  8725  8725 D leak-0-3: Eastern Standard Time
08-01 23:25:29.049  8725  8725 D leak-1-3: Eastern Standard Time
08-01 23:25:29.049  8725  8725 D leak-2-3: Eastern Standard Time
08-01 23:25:29.049  8725  8725 D leak-3-3: Eastern Standard Time
08-01 23:25:33.497 14405 14405 D AndroidRuntime: >>>>>> START com.android.internal.os.RuntimeInit uid 0 <<<<<<
08-01 23:25:33.498 14405 14405 D AndroidRuntime: CheckJNI is OFF
08-01 23:25:33.507 14405 14405 D ICU     : No timezone override file found: /data/misc/zoneinfo/current/icu/icu_tzdata.dat
08-01 23:25:33.520 14405 14405 E memtrack: Couldn't load memtrack module (No such file or directory)
08-01 23:25:33.520 14405 14405 E android.os.Debug: failed to load memtrack module: -2
08-01 23:25:33.521 14405 14405 I Radio-JNI: register_android_hardware_Radio DONE
08-01 23:25:33.529 14405 14405 D AndroidRuntime: Calling main entry com.android.commands.uiautomator.Launcher
08-01 23:25:34.553 14405 14405 I AccessibilityNodeInfoDumper: Skipping invisible child: android.view.accessibility.AccessibilityNodeInfo@8000b9e5; boundsInParent: Rect(0, 0 - 0, 128); boundsInScreen: Rect(1184, 48 - 1184, 176); packageName: com.zola.bmi; className: android.support.v7.widget.LinearLayoutCompat; text: null; error: null; maxTextLength: -1; contentDescription: null; viewIdResName: null; checkable: false; checked: false; focusable: false; focused: false; selected: false; clickable: false; longClickable: false; contextClickable: false; enabled: true; password: false; scrollable: false; actions: [AccessibilityAction: ACTION_SELECT - null, AccessibilityAction: ACTION_CLEAR_SELECTION - null, AccessibilityAction: ACTION_ACCESSIBILITY_FOCUS - null, AccessibilityAction: ACTION_UNKNOWN - null]
08-01 23:25:34.555 14405 14405 W AccessibilityNodeInfoDumper: Fetch time: 10ms
08-01 23:25:34.556   594  1599 W WindowManager: Attempted to remove non-existing token: android.os.Binder@a7a533a
08-01 23:25:34.568 14405 14405 D AndroidRuntime: Shutting down VM
08-01 23:25:35.634 14428 14428 D AndroidRuntime: >>>>>> START com.android.internal.os.RuntimeInit uid 0 <<<<<<
08-01 23:25:35.635 14428 14428 D AndroidRuntime: CheckJNI is OFF
08-01 23:25:35.651 14428 14428 D ICU     : No timezone override file found: /data/misc/zoneinfo/current/icu/icu_tzdata.dat
08-01 23:25:35.671 14428 14428 E memtrack: Couldn't load memtrack module (No such file or directory)
08-01 23:25:35.671 14428 14428 E android.os.Debug: failed to load memtrack module: -2
08-01 23:25:35.672 14428 14428 I Radio-JNI: register_android_hardware_Radio DONE
08-01 23:25:35.682 14428 14428 D AndroidRuntime: Calling main entry com.android.commands.uiautomator.Launcher
08-01 23:25:36.719 14428 14428 I AccessibilityNodeInfoDumper: Skipping invisible child: android.view.accessibility.AccessibilityNodeInfo@8000b9ec; boundsInParent: Rect(0, 0 - 0, 128); boundsInScreen: Rect(1184, 48 - 1184, 176); packageName: com.zola.bmi; className: android.support.v7.widget.LinearLayoutCompat; text: null; error: null; maxTextLength: -1; contentDescription: null; viewIdResName: null; checkable: false; checked: false; focusable: false; focused: false; selected: false; clickable: false; longClickable: false; contextClickable: false; enabled: true; password: false; scrollable: false; actions: [AccessibilityAction: ACTION_SELECT - null, AccessibilityAction: ACTION_CLEAR_SELECTION - null, AccessibilityAction: ACTION_ACCESSIBILITY_FOCUS - null, AccessibilityAction: ACTION_UNKNOWN - null]
08-01 23:25:36.720 14428 14428 W AccessibilityNodeInfoDumper: Fetch time: 6ms
08-01 23:25:36.720   594  1040 W WindowManager: Attempted to remove non-existing token: android.os.Binder@4cd1d48
08-01 23:25:36.723 14428 14428 D AndroidRuntime: Shutting down VM
08-01 23:25:37.182 14446 14446 D AndroidRuntime: >>>>>> START com.android.internal.os.RuntimeInit uid 0 <<<<<<
08-01 23:25:37.183 14446 14446 D AndroidRuntime: CheckJNI is OFF
08-01 23:25:37.192 14446 14446 D ICU     : No timezone override file found: /data/misc/zoneinfo/current/icu/icu_tzdata.dat
08-01 23:25:37.203 14446 14446 E memtrack: Couldn't load memtrack module (No such file or directory)
08-01 23:25:37.203 14446 14446 E android.os.Debug: failed to load memtrack module: -2
08-01 23:25:37.204 14446 14446 I Radio-JNI: register_android_hardware_Radio DONE
08-01 23:25:37.209 14446 14446 D AndroidRuntime: Calling main entry com.android.commands.uiautomator.Launcher
08-01 23:25:38.225 14446 14446 I AccessibilityNodeInfoDumper: Skipping invisible child: android.view.accessibility.AccessibilityNodeInfo@8000b9f2; boundsInParent: Rect(0, 0 - 0, 128); boundsInScreen: Rect(1184, 48 - 1184, 176); packageName: com.zola.bmi; className: android.support.v7.widget.LinearLayoutCompat; text: null; error: null; maxTextLength: -1; contentDescription: null; viewIdResName: null; checkable: false; checked: false; focusable: false; focused: false; selected: false; clickable: false; longClickable: false; contextClickable: false; enabled: true; password: false; scrollable: false; actions: [AccessibilityAction: ACTION_SELECT - null, AccessibilityAction: ACTION_CLEAR_SELECTION - null, AccessibilityAction: ACTION_ACCESSIBILITY_FOCUS - null, AccessibilityAction: ACTION_UNKNOWN - null]
08-01 23:25:38.226 14446 14446 W AccessibilityNodeInfoDumper: Fetch time: 6ms
08-01 23:25:38.227   594  1018 W WindowManager: Attempted to remove non-existing token: android.os.Binder@7f197e1
08-01 23:25:38.234 14446 14446 D AndroidRuntime: Shutting down VM
08-01 23:25:39.299 14469 14469 D AndroidRuntime: >>>>>> START com.android.internal.os.RuntimeInit uid 0 <<<<<<
08-01 23:25:39.300 14469 14469 D AndroidRuntime: CheckJNI is OFF
08-01 23:25:39.309 14469 14469 D ICU     : No timezone override file found: /data/misc/zoneinfo/current/icu/icu_tzdata.dat
08-01 23:25:39.323 14469 14469 E memtrack: Couldn't load memtrack module (No such file or directory)
08-01 23:25:39.323 14469 14469 E android.os.Debug: failed to load memtrack module: -2
08-01 23:25:39.323 14469 14469 I Radio-JNI: register_android_hardware_Radio DONE
08-01 23:25:39.335 14469 14469 D AndroidRuntime: Calling main entry com.android.commands.uiautomator.Launcher
08-01 23:25:40.352 14469 14469 I AccessibilityNodeInfoDumper: Skipping invisible child: android.view.accessibility.AccessibilityNodeInfo@8000b9f9; boundsInParent: Rect(0, 0 - 0, 128); boundsInScreen: Rect(1184, 48 - 1184, 176); packageName: com.zola.bmi; className: android.support.v7.widget.LinearLayoutCompat; text: null; error: null; maxTextLength: -1; contentDescription: null; viewIdResName: null; checkable: false; checked: false; focusable: false; focused: false; selected: false; clickable: false; longClickable: false; contextClickable: false; enabled: true; password: false; scrollable: false; actions: [AccessibilityAction: ACTION_SELECT - null, AccessibilityAction: ACTION_CLEAR_SELECTION - null, AccessibilityAction: ACTION_ACCESSIBILITY_FOCUS - null, AccessibilityAction: ACTION_UNKNOWN - null]
08-01 23:25:40.354 14469 14469 W AccessibilityNodeInfoDumper: Fetch time: 8ms
08-01 23:25:40.354   594  1018 W WindowManager: Attempted to remove non-existing token: android.os.Binder@72a6906
08-01 23:25:40.358 14469 14469 D AndroidRuntime: Shutting down VM
08-01 23:25:41.478 14497 14497 D AndroidRuntime: >>>>>> START com.android.internal.os.RuntimeInit uid 0 <<<<<<
08-01 23:25:41.480 14497 14497 D AndroidRuntime: CheckJNI is OFF
08-01 23:25:41.488 14497 14497 D ICU     : No timezone override file found: /data/misc/zoneinfo/current/icu/icu_tzdata.dat
08-01 23:25:41.502 14497 14497 E memtrack: Couldn't load memtrack module (No such file or directory)
08-01 23:25:41.502 14497 14497 E android.os.Debug: failed to load memtrack module: -2
08-01 23:25:41.503 14497 14497 I Radio-JNI: register_android_hardware_Radio DONE
08-01 23:25:41.509 14497 14497 D AndroidRuntime: Calling main entry com.android.commands.uiautomator.Launcher
08-01 23:25:42.527 14497 14497 I AccessibilityNodeInfoDumper: Skipping invisible child: android.view.accessibility.AccessibilityNodeInfo@8000ba00; boundsInParent: Rect(0, 0 - 0, 128); boundsInScreen: Rect(1184, 48 - 1184, 176); packageName: com.zola.bmi; className: android.support.v7.widget.LinearLayoutCompat; text: null; error: null; maxTextLength: -1; contentDescription: null; viewIdResName: null; checkable: false; checked: false; focusable: false; focused: false; selected: false; clickable: false; longClickable: false; contextClickable: false; enabled: true; password: false; scrollable: false; actions: [AccessibilityAction: ACTION_SELECT - null, AccessibilityAction: ACTION_CLEAR_SELECTION - null, AccessibilityAction: ACTION_ACCESSIBILITY_FOCUS - null, AccessibilityAction: ACTION_UNKNOWN - null]
08-01 23:25:42.528 14497 14497 W AccessibilityNodeInfoDumper: Fetch time: 5ms
08-01 23:25:42.528   594   753 W WindowManager: Attempted to remove non-existing token: android.os.Binder@9b2bbc7
08-01 23:25:42.537 14497 14497 D AndroidRuntime: Shutting down VM
08-01 23:25:43.652 14523 14523 D AndroidRuntime: >>>>>> START com.android.internal.os.RuntimeInit uid 0 <<<<<<
08-01 23:25:43.655 14523 14523 D AndroidRuntime: CheckJNI is OFF
08-01 23:25:43.667 14523 14523 D ICU     : No timezone override file found: /data/misc/zoneinfo/current/icu/icu_tzdata.dat
08-01 23:25:43.678 14523 14523 E memtrack: Couldn't load memtrack module (No such file or directory)
08-01 23:25:43.678 14523 14523 E android.os.Debug: failed to load memtrack module: -2
08-01 23:25:43.678 14523 14523 I Radio-JNI: register_android_hardware_Radio DONE
08-01 23:25:43.685 14523 14523 D AndroidRuntime: Calling main entry com.android.commands.uiautomator.Launcher
08-01 23:25:44.706 14523 14523 I AccessibilityNodeInfoDumper: Skipping invisible child: android.view.accessibility.AccessibilityNodeInfo@8000ba07; boundsInParent: Rect(0, 0 - 0, 128); boundsInScreen: Rect(1184, 48 - 1184, 176); packageName: com.zola.bmi; className: android.support.v7.widget.LinearLayoutCompat; text: null; error: null; maxTextLength: -1; contentDescription: null; viewIdResName: null; checkable: false; checked: false; focusable: false; focused: false; selected: false; clickable: false; longClickable: false; contextClickable: false; enabled: true; password: false; scrollable: false; actions: [AccessibilityAction: ACTION_SELECT - null, AccessibilityAction: ACTION_CLEAR_SELECTION - null, AccessibilityAction: ACTION_ACCESSIBILITY_FOCUS - null, AccessibilityAction: ACTION_UNKNOWN - null]
08-01 23:25:44.711 14523 14523 W AccessibilityNodeInfoDumper: Fetch time: 9ms
08-01 23:25:44.711   594   949 W WindowManager: Attempted to remove non-existing token: android.os.Binder@93ac5f4
08-01 23:25:44.719 14523 14523 D AndroidRuntime: Shutting down VM
08-01 23:25:45.183 14541 14541 D AndroidRuntime: >>>>>> START com.android.internal.os.RuntimeInit uid 0 <<<<<<
08-01 23:25:45.184 14541 14541 D AndroidRuntime: CheckJNI is OFF
08-01 23:25:45.192 14541 14541 D ICU     : No timezone override file found: /data/misc/zoneinfo/current/icu/icu_tzdata.dat
08-01 23:25:45.205 14541 14541 E memtrack: Couldn't load memtrack module (No such file or directory)
08-01 23:25:45.205 14541 14541 E android.os.Debug: failed to load memtrack module: -2
08-01 23:25:45.206 14541 14541 I Radio-JNI: register_android_hardware_Radio DONE
08-01 23:25:45.221 14541 14541 D AndroidRuntime: Calling main entry com.android.commands.uiautomator.Launcher
08-01 23:25:46.241 14541 14541 I AccessibilityNodeInfoDumper: Skipping invisible child: android.view.accessibility.AccessibilityNodeInfo@8000ba0e; boundsInParent: Rect(0, 0 - 0, 128); boundsInScreen: Rect(1184, 48 - 1184, 176); packageName: com.zola.bmi; className: android.support.v7.widget.LinearLayoutCompat; text: null; error: null; maxTextLength: -1; contentDescription: null; viewIdResName: null; checkable: false; checked: false; focusable: false; focused: false; selected: false; clickable: false; longClickable: false; contextClickable: false; enabled: true; password: false; scrollable: false; actions: [AccessibilityAction: ACTION_SELECT - null, AccessibilityAction: ACTION_CLEAR_SELECTION - null, AccessibilityAction: ACTION_ACCESSIBILITY_FOCUS - null, AccessibilityAction: ACTION_UNKNOWN - null]
08-01 23:25:46.242 14541 14541 W AccessibilityNodeInfoDumper: Fetch time: 4ms
08-01 23:25:46.243   594   949 W WindowManager: Attempted to remove non-existing token: android.os.Binder@50ed11d
08-01 23:25:46.246 14541 14541 D AndroidRuntime: Shutting down VM
08-01 23:25:46.675 14555 14555 D AndroidRuntime: >>>>>> START com.android.internal.os.RuntimeInit uid 0 <<<<<<
08-01 23:25:46.676 14555 14555 D AndroidRuntime: CheckJNI is OFF
08-01 23:25:46.684 14555 14555 D ICU     : No timezone override file found: /data/misc/zoneinfo/current/icu/icu_tzdata.dat
08-01 23:25:46.695 14555 14555 E memtrack: Couldn't load memtrack module (No such file or directory)
08-01 23:25:46.695 14555 14555 E android.os.Debug: failed to load memtrack module: -2
08-01 23:25:46.696 14555 14555 I Radio-JNI: register_android_hardware_Radio DONE
08-01 23:25:46.701 14555 14555 D AndroidRuntime: Calling main entry com.android.commands.am.Am
08-01 23:25:46.707   594   605 I ActivityManager: Force stopping com.zola.bmi appid=10062 user=0: from pid 14555
08-01 23:25:46.707   594   605 I ActivityManager: Killing 8725:com.zola.bmi/u0a62 (adj 0): stop com.zola.bmi
08-01 23:25:46.708   594   605 W libprocessgroup: failed to open /acct/uid_10062/pid_8725/cgroup.procs: No such file or directory
08-01 23:25:46.708   594   605 W ActivityManager: Force removing ActivityRecord{1a65578 u0 com.zola.bmi/.BMIMain t6}: app died, no saved state
08-01 23:25:46.713 14555 14555 D AndroidRuntime: Shutting down VM
08-01 23:25:46.714   594   754 D GraphicsStats: Buffer count: 3
08-01 23:25:46.763  1601  1632 W EGL_emulation: eglSurfaceAttrib not implemented
08-01 23:25:46.763  1601  1632 W OpenGLRenderer: Failed to set EGL_SWAP_BEHAVIOR on surface 0xe057ef20, error=EGL_SUCCESS
08-01 23:25:46.788   594   606 W InputMethodManagerService: Got RemoteException sending setActive(false) notification to pid 8725 uid 10062
08-01 23:25:47.319  1601  1632 W OpenGLRenderer: Incorrectly called buildLayer on View: ShortcutAndWidgetContainer, destroying layer...
08-01 23:25:47.319  1601  1632 W OpenGLRenderer: Incorrectly called buildLayer on View: ShortcutAndWidgetContainer, destroying layer...
08-01 23:25:49.814 14572 14572 D AndroidRuntime: >>>>>> START com.android.internal.os.RuntimeInit uid 0 <<<<<<
08-01 23:25:49.816 14572 14572 D AndroidRuntime: CheckJNI is OFF
08-01 23:25:49.824 14572 14572 D ICU     : No timezone override file found: /data/misc/zoneinfo/current/icu/icu_tzdata.dat
08-01 23:25:49.837 14572 14572 E memtrack: Couldn't load memtrack module (No such file or directory)
08-01 23:25:49.837 14572 14572 E android.os.Debug: failed to load memtrack module: -2
08-01 23:25:49.837 14572 14572 I Radio-JNI: register_android_hardware_Radio DONE
08-01 23:25:49.844 14572 14572 D AndroidRuntime: Calling main entry com.android.commands.pm.Pm
08-01 23:25:49.852   594   608 I ActivityManager: Force stopping com.zola.bmi appid=10062 user=-1: uninstall pkg
08-01 23:25:49.862   594   645 I art     : Starting a blocking GC Explicit
08-01 23:25:49.870   594   645 I art     : Explicit concurrent mark sweep GC freed 13285(759KB) AllocSpace objects, 8(172KB) LOS objects, 33% free, 6MB/9MB, paused 219us total 7.711ms
08-01 23:25:49.872   594   645 W PackageManager: Couldn't remove dex file for package:  at location /data/app/com.zola.bmi-1/base.apk, retcode=-1
08-01 23:25:49.892 14572 14572 I art     : System.exit called, status: 0
08-01 23:25:49.893 14572 14572 I AndroidRuntime: VM exiting with result code 0.
08-01 23:25:49.902   594   645 I ActivityManager: Force stopping com.zola.bmi appid=10062 user=0: pkg removed
08-01 23:25:49.911   594   665 I InputReader: Reconfiguring input devices.  changes=0x00000010
08-01 23:25:49.913  5276  5290 D Documents: Update found 6 roots in 3ms
08-01 23:25:49.914   951  1141 I LatinIME:LogUtils: Dictionary info: dictionary = main:en ; version = 54 ; date = 1414726273
08-01 23:25:49.917   594   594 D JobSchedulerService: Receieved: android.intent.action.PACKAGE_REMOVED
08-01 23:25:49.930   866 14585 D VoicemailCleanupService: Cleaning up data for package: com.zola.bmi
08-01 23:25:49.965  5258  5258 W ContextImpl: Calling a method in the system process without a qualified user: android.app.ContextImpl.startService:1221 android.content.ContextWrapper.startService:581 android.content.ContextWrapper.startService:581 com.android.keychain.KeyChainBroadcastReceiver.onReceive:12 android.app.ActivityThread.handleReceiver:2725 
08-01 23:25:50.321   973   973 D CarrierServiceBindHelper: Receive action: android.intent.action.PACKAGE_REMOVED
08-01 23:25:50.960 14593 14593 D AndroidRuntime: >>>>>> START com.android.internal.os.RuntimeInit uid 0 <<<<<<
08-01 23:25:50.961 14593 14593 D AndroidRuntime: CheckJNI is OFF
