08-02 00:38:15.364  3647  3647 D leak-67-4: Eastern Standard Time
08-02 00:38:15.364  3647  3647 D leak-70-4: Eastern Standard Time
08-02 00:38:15.368  4986  4986 W AccessibilityNodeInfoDumper: Fetch time: 2ms
08-02 00:38:15.368   623  1594 W WindowManager: Attempted to remove non-existing token: android.os.Binder@4013e06
08-02 00:38:15.379  4986  4986 D AndroidRuntime: Shutting down VM
08-02 00:38:16.435  5009  5009 D AndroidRuntime: >>>>>> START com.android.internal.os.RuntimeInit uid 0 <<<<<<
08-02 00:38:16.436  5009  5009 D AndroidRuntime: CheckJNI is OFF
08-02 00:38:16.446  5009  5009 D ICU     : No timezone override file found: /data/misc/zoneinfo/current/icu/icu_tzdata.dat
08-02 00:38:16.457  5009  5009 E memtrack: Couldn't load memtrack module (No such file or directory)
08-02 00:38:16.457  5009  5009 E android.os.Debug: failed to load memtrack module: -2
08-02 00:38:16.457  5009  5009 I Radio-JNI: register_android_hardware_Radio DONE
08-02 00:38:16.466  5009  5009 D AndroidRuntime: Calling main entry com.android.commands.uiautomator.Launcher
08-02 00:38:16.471  3647  3647 D leak-67-4: Eastern Standard Time
08-02 00:38:16.471  3647  3647 D leak-70-4: Eastern Standard Time
08-02 00:38:16.472  3647  3647 D leak-67-4: Eastern Standard Time
08-02 00:38:16.472  3647  3647 D leak-70-4: Eastern Standard Time
08-02 00:38:17.478  3647  3647 D leak-67-4: Eastern Standard Time
08-02 00:38:17.478  3647  3647 D leak-70-4: Eastern Standard Time
08-02 00:38:17.485  5009  5009 W AccessibilityNodeInfoDumper: Fetch time: 1ms
08-02 00:38:17.485   623   634 W WindowManager: Attempted to remove non-existing token: android.os.Binder@4116cc7
08-02 00:38:17.491  5009  5009 D AndroidRuntime: Shutting down VM
08-02 00:38:18.583  5037  5037 D AndroidRuntime: >>>>>> START com.android.internal.os.RuntimeInit uid 0 <<<<<<
08-02 00:38:18.585  5037  5037 D AndroidRuntime: CheckJNI is OFF
08-02 00:38:18.592  5037  5037 D ICU     : No timezone override file found: /data/misc/zoneinfo/current/icu/icu_tzdata.dat
08-02 00:38:18.608  5037  5037 E memtrack: Couldn't load memtrack module (No such file or directory)
08-02 00:38:18.608  5037  5037 E android.os.Debug: failed to load memtrack module: -2
08-02 00:38:18.609  5037  5037 I Radio-JNI: register_android_hardware_Radio DONE
08-02 00:38:18.614  5037  5037 D AndroidRuntime: Calling main entry com.android.commands.uiautomator.Launcher
08-02 00:38:18.631  3647  3647 D leak-67-4: Eastern Standard Time
08-02 00:38:18.631  3647  3647 D leak-70-4: Eastern Standard Time
08-02 00:38:18.632  3647  3647 D leak-67-4: Eastern Standard Time
08-02 00:38:18.632  3647  3647 D leak-70-4: Eastern Standard Time
08-02 00:38:19.632  3647  3647 D leak-67-4: Eastern Standard Time
08-02 00:38:19.632  3647  3647 D leak-70-4: Eastern Standard Time
08-02 00:38:19.636  5037  5037 W AccessibilityNodeInfoDumper: Fetch time: 1ms
08-02 00:38:19.636   623  1122 W WindowManager: Attempted to remove non-existing token: android.os.Binder@37a22f4
08-02 00:38:19.643  5037  5037 D AndroidRuntime: Shutting down VM
08-02 00:38:20.737  5063  5063 D AndroidRuntime: >>>>>> START com.android.internal.os.RuntimeInit uid 0 <<<<<<
08-02 00:38:20.739  5063  5063 D AndroidRuntime: CheckJNI is OFF
08-02 00:38:20.748  5063  5063 D ICU     : No timezone override file found: /data/misc/zoneinfo/current/icu/icu_tzdata.dat
08-02 00:38:20.761  5063  5063 E memtrack: Couldn't load memtrack module (No such file or directory)
08-02 00:38:20.761  5063  5063 E android.os.Debug: failed to load memtrack module: -2
08-02 00:38:20.763  5063  5063 I Radio-JNI: register_android_hardware_Radio DONE
08-02 00:38:20.768  5063  5063 D AndroidRuntime: Calling main entry com.android.commands.uiautomator.Launcher
08-02 00:38:20.776  3647  3647 D leak-67-4: Eastern Standard Time
08-02 00:38:20.776  3647  3647 D leak-70-4: Eastern Standard Time
08-02 00:38:20.776  3647  3647 D leak-67-4: Eastern Standard Time
08-02 00:38:20.776  3647  3647 D leak-70-4: Eastern Standard Time
08-02 00:38:21.778  3647  3647 D leak-67-4: Eastern Standard Time
08-02 00:38:21.779  3647  3647 D leak-70-4: Eastern Standard Time
08-02 00:38:21.790  5063  5063 W AccessibilityNodeInfoDumper: Fetch time: 2ms
08-02 00:38:21.791   623  1118 W WindowManager: Attempted to remove non-existing token: android.os.Binder@633492
08-02 00:38:21.806  5063  5063 D AndroidRuntime: Shutting down VM
08-02 00:38:22.254  5081  5081 D AndroidRuntime: >>>>>> START com.android.internal.os.RuntimeInit uid 0 <<<<<<
08-02 00:38:22.255  5081  5081 D AndroidRuntime: CheckJNI is OFF
08-02 00:38:22.263  5081  5081 D ICU     : No timezone override file found: /data/misc/zoneinfo/current/icu/icu_tzdata.dat
08-02 00:38:22.275  5081  5081 E memtrack: Couldn't load memtrack module (No such file or directory)
08-02 00:38:22.275  5081  5081 E android.os.Debug: failed to load memtrack module: -2
08-02 00:38:22.276  5081  5081 I Radio-JNI: register_android_hardware_Radio DONE
08-02 00:38:22.282  5081  5081 D AndroidRuntime: Calling main entry com.android.commands.uiautomator.Launcher
08-02 00:38:22.288  3647  3647 D leak-67-4: Eastern Standard Time
08-02 00:38:22.288  3647  3647 D leak-70-4: Eastern Standard Time
08-02 00:38:22.289  3647  3647 D leak-67-4: Eastern Standard Time
08-02 00:38:22.289  3647  3647 D leak-70-4: Eastern Standard Time
08-02 00:38:23.291  3647  3647 D leak-67-4: Eastern Standard Time
08-02 00:38:23.291  3647  3647 D leak-70-4: Eastern Standard Time
08-02 00:38:23.295  5081  5081 W AccessibilityNodeInfoDumper: Fetch time: 1ms
08-02 00:38:23.295   623  1122 W WindowManager: Attempted to remove non-existing token: android.os.Binder@f2e0e63
08-02 00:38:23.320  5081  5081 D AndroidRuntime: Shutting down VM
08-02 00:38:23.882  5094  5094 D AndroidRuntime: >>>>>> START com.android.internal.os.RuntimeInit uid 0 <<<<<<
08-02 00:38:23.884  5094  5094 D AndroidRuntime: CheckJNI is OFF
08-02 00:38:23.893  5094  5094 D ICU     : No timezone override file found: /data/misc/zoneinfo/current/icu/icu_tzdata.dat
08-02 00:38:23.904  5094  5094 E memtrack: Couldn't load memtrack module (No such file or directory)
08-02 00:38:23.904  5094  5094 E android.os.Debug: failed to load memtrack module: -2
08-02 00:38:23.905  5094  5094 I Radio-JNI: register_android_hardware_Radio DONE
08-02 00:38:23.912  5094  5094 D AndroidRuntime: Calling main entry com.android.commands.am.Am
08-02 00:38:23.920   623   635 I ActivityManager: Force stopping com.jvillalba.apod.classic appid=10061 user=0: from pid 5094
08-02 00:38:23.920   623   635 I ActivityManager: Killing 3647:com.jvillalba.apod.classic/u0a61 (adj 0): stop com.jvillalba.apod.classic
08-02 00:38:23.921   623   635 W libprocessgroup: failed to open /acct/uid_10061/pid_3647/cgroup.procs: No such file or directory
08-02 00:38:23.921   623   635 W ActivityManager: Force removing ActivityRecord{94ed7be u0 com.jvillalba.apod.classic/.activities.MainActivity t5}: app died, no saved state
08-02 00:38:23.926  5094  5094 D AndroidRuntime: Shutting down VM
08-02 00:38:23.949   623  1122 D GraphicsStats: Buffer count: 2
08-02 00:38:23.978  1595  1693 W EGL_emulation: eglSurfaceAttrib not implemented
08-02 00:38:23.978  1595  1693 W OpenGLRenderer: Failed to set EGL_SWAP_BEHAVIOR on surface 0xe0fbf7c0, error=EGL_SUCCESS
08-02 00:38:24.000   623  1118 W InputMethodManagerService: Got RemoteException sending setActive(false) notification to pid 3647 uid 10061
08-02 00:38:24.300   623  1391 D NetlinkSocketObserver: NeighborEvent{elapsedMs=348132, 10.0.3.2, [525400123502], RTM_NEWNEIGH, NUD_STALE}
08-02 00:38:24.536  1595  1693 W OpenGLRenderer: Incorrectly called buildLayer on View: ShortcutAndWidgetContainer, destroying layer...
08-02 00:38:24.536  1595  1693 W OpenGLRenderer: Incorrectly called buildLayer on View: ShortcutAndWidgetContainer, destroying layer...
Elapsed Time: 175402
