--------- beginning of main
08-02 11:43:24.541  1985  1985 D AndroidRuntime: >>>>>> START com.android.internal.os.RuntimeInit uid 0 <<<<<<
08-02 11:43:24.542  1985  1985 D AndroidRuntime: CheckJNI is OFF
08-02 11:43:24.554  1985  1985 D ICU     : No timezone override file found: /data/misc/zoneinfo/current/icu/icu_tzdata.dat
08-02 11:43:24.567  1985  1985 E memtrack: Couldn't load memtrack module (No such file or directory)
08-02 11:43:24.567  1985  1985 E android.os.Debug: failed to load memtrack module: -2
08-02 11:43:24.568  1985  1985 I Radio-JNI: register_android_hardware_Radio DONE
08-02 11:43:24.575  1985  1985 D AndroidRuntime: Calling main entry com.android.commands.pm.Pm
08-02 11:43:24.580   623   634 I PackageManager: Package doesn't exist in get block uninstall com.adonai.manman
--------- beginning of system
08-02 11:43:24.580   623   646 W PackageManager: Package named 'com.adonai.manman' doesn't exist.
08-02 11:43:24.580   623   646 I art     : Starting a blocking GC Explicit
08-02 11:43:24.589   623   646 I art     : Explicit concurrent mark sweep GC freed 1558(93KB) AllocSpace objects, 1(20KB) LOS objects, 33% free, 5MB/8MB, paused 218us total 8.184ms
08-02 11:43:24.589  1985  1985 E Pm      : Failure details: Bundle[{android.content.pm.extra.STATUS=1, android.content.pm.extra.PACKAGE_NAME=com.adonai.manman, android.content.pm.extra.LEGACY_STATUS=-1, android.content.pm.extra.STATUS_MESSAGE=DELETE_FAILED_INTERNAL_ERROR}]
08-02 11:43:24.591  1985  1985 I art     : System.exit called, status: 1
08-02 11:43:24.591  1985  1985 I AndroidRuntime: VM exiting with result code 1.
08-02 11:43:25.220  1998  1998 D AndroidRuntime: >>>>>> START com.android.internal.os.RuntimeInit uid 0 <<<<<<
08-02 11:43:25.222  1998  1998 D AndroidRuntime: CheckJNI is OFF
08-02 11:43:25.241  1998  1998 D ICU     : No timezone override file found: /data/misc/zoneinfo/current/icu/icu_tzdata.dat
08-02 11:43:25.257  1998  1998 E memtrack: Couldn't load memtrack module (No such file or directory)
08-02 11:43:25.257  1998  1998 E android.os.Debug: failed to load memtrack module: -2
08-02 11:43:25.257  1998  1998 I Radio-JNI: register_android_hardware_Radio DONE
08-02 11:43:25.266  1998  1998 D AndroidRuntime: Calling main entry com.android.commands.pm.Pm
08-02 11:43:25.283   623   646 I ActivityManager: Start proc 2006:com.android.defcontainer/u0a4 for service com.android.defcontainer/.DefaultContainerService
08-02 11:43:25.302  2006  2006 E libprocessgroup: failed to make and chown /acct/uid_10004: Read-only file system
08-02 11:43:25.302  2006  2006 W Zygote  : createProcessGroup failed, kernel missing CONFIG_CGROUP_CPUACCT?
08-02 11:43:25.322  2006  2017 D DefContainer: Copying /data/local/tmp/manman-googleplay-release-unsigne_SINK.apk to base.apk
08-02 11:43:25.330   623   646 W PackageParser: Unknown element under <manifest>: meta-data at /data/app/vmdl1557545459.tmp/base.apk Binary XML file line #15
08-02 11:43:25.404   623   646 I PackageManager.DexOptimizer: Running dexopt (dex2oat) on: /data/app/vmdl1557545459.tmp/base.apk pkg=com.adonai.manman isa=x86 vmSafeMode=false debuggable=false oatDir = /data/app/vmdl1557545459.tmp/oat
08-02 11:43:25.410  2020  2020 W dex2oat : Unexpected CPU variant for X86 using defaults: x86
08-02 11:43:25.410  2020  2020 I dex2oat : Starting dex2oat.
08-02 11:43:25.410  2020  2020 E cutils-trace: Error opening trace file: Permission denied (13)
08-02 11:43:26.708  2020  2020 I dex2oat : dex2oat took 1.298s (threads: 4) arena alloc=24MB java alloc=3MB native alloc=36MB free=21MB
08-02 11:43:26.751   623   646 W PackageManager: Unknown permission com.android.vending.BILLING in package com.adonai.manman
08-02 11:43:26.763   623   646 V BackupManagerService: restoreAtInstall pkg=com.adonai.manman token=1 restoreSet=0
08-02 11:43:26.763   623   646 V BackupManagerService: Finishing install immediately
08-02 11:43:26.763   623   646 W Settings: Setting install_non_market_apps has moved from android.provider.Settings.Global to android.provider.Settings.Secure, returning read-only value.
08-02 11:43:26.763   623   646 I art     : Starting a blocking GC Explicit
08-02 11:43:26.776   623   646 I art     : Explicit concurrent mark sweep GC freed 28836(1729KB) AllocSpace objects, 11(404KB) LOS objects, 33% free, 5MB/8MB, paused 216us total 12.941ms
08-02 11:43:26.779  1998  1998 I art     : System.exit called, status: 0
08-02 11:43:26.779  1998  1998 I AndroidRuntime: VM exiting with result code 0.
08-02 11:43:26.833   623   676 I InputReader: Reconfiguring input devices.  changes=0x00000010
08-02 11:43:26.898  1010  1010 D CarrierServiceBindHelper: Receive action: android.intent.action.PACKAGE_ADDED
08-02 11:43:26.899  1010  1010 D CarrierServiceBindHelper: mHandler: 3
08-02 11:43:26.899  1010  1010 D CarrierConfigLoader: mHandler: 9 phoneId: 0
08-02 11:43:27.049   623   635 I ActivityManager: Start proc 2039:com.svox.pico/u0a50 for broadcast com.svox.pico/.VoiceDataInstallerReceiver
08-02 11:43:27.058   623   636 W VoiceInteractionManagerService: no available voice recognition services found for user 0
08-02 11:43:27.087  2039  2039 E libprocessgroup: failed to make and chown /acct/uid_10050: Read-only file system
08-02 11:43:27.087  2039  2039 W Zygote  : createProcessGroup failed, kernel missing CONFIG_CGROUP_CPUACCT?
08-02 11:43:27.120   623   635 I ActivityManager: Killing 1846:com.android.managedprovisioning/u0a9 (adj 15): empty #17
08-02 11:43:27.120   623   635 W libprocessgroup: failed to open /acct/uid_10009/pid_1846/cgroup.procs: No such file or directory
08-02 11:43:27.242  2047  2047 D AndroidRuntime: >>>>>> START com.android.internal.os.RuntimeInit uid 0 <<<<<<
08-02 11:43:27.243  2047  2047 D AndroidRuntime: CheckJNI is OFF
08-02 11:43:27.257  2047  2047 D ICU     : No timezone override file found: /data/misc/zoneinfo/current/icu/icu_tzdata.dat
08-02 11:43:27.272  2047  2047 E memtrack: Couldn't load memtrack module (No such file or directory)
08-02 11:43:27.272  2047  2047 E android.os.Debug: failed to load memtrack module: -2
08-02 11:43:27.273  2047  2047 I Radio-JNI: register_android_hardware_Radio DONE
08-02 11:43:27.279  2047  2047 D AndroidRuntime: Calling main entry com.android.commands.monkey.Monkey
08-02 11:43:27.291   623   637 W BroadcastQueue: Skipping deliver [background] BroadcastRecord{6263abe u-1 android.net.conn.CONNECTIVITY_CHANGE} to ReceiverList{121171f 2047 (unknown name)/0/u-1 remote:2f1fa40}: process crashing
08-02 11:43:27.298   623  1556 I ActivityManager: START u0 {act=android.intent.action.MAIN cat=[android.intent.category.LAUNCHER] flg=0x10200000 cmp=com.adonai.manman/.MainPagerActivity} from uid 0 on display 0
08-02 11:43:27.317   623   760 I ActivityManager: Start proc 2065:com.adonai.manman/u0a60 for activity com.adonai.manman/.MainPagerActivity
08-02 11:43:27.336  2047  2047 I art     : System.exit called, status: 0
08-02 11:43:27.336  2047  2047 I AndroidRuntime: VM exiting with result code 0.
08-02 11:43:27.343  2065  2065 E libprocessgroup: failed to make and chown /acct/uid_10060: Read-only file system
08-02 11:43:27.343  2065  2065 W Zygote  : createProcessGroup failed, kernel missing CONFIG_CGROUP_CPUACCT?
08-02 11:43:27.469  2065  2065 W System  : ClassLoader referenced unknown path: /data/app/com.adonai.manman-1/lib/x86
08-02 11:43:27.496  2065  2065 D leak-354-0: Eastern Standard Time
08-02 11:43:27.527  2065  2065 D leak-533-0: Eastern Standard Time
08-02 11:43:27.789  2065  2065 D leak-356-0: Eastern Standard Time
08-02 11:43:28.019  2065  2065 D leak-356-3: Eastern Standard Time
08-02 11:43:28.023  2065  2065 D leak-360-3: Eastern Standard Time
08-02 11:43:28.023  2065  2065 D leak-359-0: Eastern Standard Time
08-02 11:43:28.023  2065  2065 D leak-356-5: Eastern Standard Time
08-02 11:43:28.023  2065  2065 D leak-360-5: Eastern Standard Time
08-02 11:43:28.023  2065  2065 D leak-364-5: Eastern Standard Time
08-02 11:43:28.023  2065  2065 D leak-359-2: Eastern Standard Time
08-02 11:43:28.023  2065  2065 D leak-363-2: Eastern Standard Time
08-02 11:43:28.024  2065  2065 D leak-356-5: Eastern Standard Time
08-02 11:43:28.024  2065  2065 D leak-360-5: Eastern Standard Time
08-02 11:43:28.024  2065  2065 D leak-364-5: Eastern Standard Time
08-02 11:43:28.024  2065  2065 D leak-359-2: Eastern Standard Time
08-02 11:43:28.024  2065  2065 D leak-363-2: Eastern Standard Time
08-02 11:43:28.024  2065  2065 D leak-356-6: Eastern Standard Time
08-02 11:43:28.024  2065  2065 D leak-360-6: Eastern Standard Time
08-02 11:43:28.024  2065  2065 D leak-364-6: Eastern Standard Time
08-02 11:43:28.024  2065  2065 D leak-366-6: Eastern Standard Time
08-02 11:43:28.024  2065  2065 D leak-359-3: Eastern Standard Time
08-02 11:43:28.024  2065  2065 D leak-363-3: Eastern Standard Time
08-02 11:43:28.024  2065  2065 D leak-365-3: Eastern Standard Time
08-02 11:43:28.025  2065  2065 D leak-356-6: Eastern Standard Time
08-02 11:43:28.025  2065  2065 D leak-360-6: Eastern Standard Time
08-02 11:43:28.025  2065  2065 D leak-364-6: Eastern Standard Time
08-02 11:43:28.025  2065  2065 D leak-366-6: Eastern Standard Time
08-02 11:43:28.025  2065  2065 D leak-359-3: Eastern Standard Time
08-02 11:43:28.025  2065  2065 D leak-363-3: Eastern Standard Time
08-02 11:43:28.025  2065  2065 D leak-365-3: Eastern Standard Time
08-02 11:43:28.025  2065  2065 D leak-356-6: Eastern Standard Time
08-02 11:43:28.025  2065  2065 D leak-360-6: Eastern Standard Time
08-02 11:43:28.025  2065  2065 D leak-364-6: Eastern Standard Time
08-02 11:43:28.025  2065  2065 D leak-366-6: Eastern Standard Time
08-02 11:43:28.025  2065  2065 D leak-359-3: Eastern Standard Time
08-02 11:43:28.025  2065  2065 D leak-363-3: Eastern Standard Time
08-02 11:43:28.025  2065  2065 D leak-365-3: Eastern Standard Time
08-02 11:43:28.025  2065  2065 D leak-356-6: Eastern Standard Time
08-02 11:43:28.025  2065  2065 D leak-360-6: Eastern Standard Time
08-02 11:43:28.025  2065  2065 D leak-364-6: Eastern Standard Time
08-02 11:43:28.025  2065  2065 D leak-366-6: Eastern Standard Time
08-02 11:43:28.025  2065  2065 D leak-359-3: Eastern Standard Time
08-02 11:43:28.025  2065  2065 D leak-363-3: Eastern Standard Time
08-02 11:43:28.025  2065  2065 D leak-365-3: Eastern Standard Time
08-02 11:43:28.026  2065  2065 D leak-635-0: Eastern Standard Time
08-02 11:43:28.026  2065  2065 D leak-584-0: Eastern Standard Time
08-02 11:43:28.026  2065  2065 D leak-584-29: Eastern Standard Time
08-02 11:43:28.026  2065  2065 D leak-620-29: Eastern Standard Time
08-02 11:43:28.026  2065  2065 D leak-584-3: Eastern Standard Time
08-02 11:43:28.026  2065  2065 D leak-587-3: Eastern Standard Time
08-02 11:43:28.026  2065  2065 D leak-620-3: Eastern Standard Time
08-02 11:43:28.029  2065  2065 D leak-584-5: Eastern Standard Time
08-02 11:43:28.029  2065  2065 D leak-587-5: Eastern Standard Time
08-02 11:43:28.029  2065  2065 D leak-591-5: Eastern Standard Time
08-02 11:43:28.029  2065  2065 D leak-620-5: Eastern Standard Time
08-02 11:43:28.029  2065  2065 D leak-584-29: Eastern Standard Time
08-02 11:43:28.029  2065  2065 D leak-587-29: Eastern Standard Time
08-02 11:43:28.029  2065  2065 D leak-591-29: Eastern Standard Time
08-02 11:43:28.222  2065  2080 D OpenGLRenderer: Use EGL_SWAP_BEHAVIOR_PRESERVED: true
08-02 11:43:28.322  2065  2065 D         : HostConnection::get() New Host Connection established 0xe9bdf970, tid 2065
08-02 11:43:28.645  2065  2065 D leak-356-5: Eastern Standard Time
08-02 11:43:28.645  2065  2065 D leak-360-5: Eastern Standard Time
08-02 11:43:28.645  2065  2065 D leak-364-5: Eastern Standard Time
08-02 11:43:28.645  2065  2065 D leak-366-5: Eastern Standard Time
08-02 11:43:28.645  2065  2065 D leak-359-2: Eastern Standard Time
08-02 11:43:28.645  2065  2065 D leak-363-2: Eastern Standard Time
08-02 11:43:28.645  2065  2065 D leak-365-2: Eastern Standard Time
08-02 11:43:28.646  2065  2065 D leak-356-4: Eastern Standard Time
08-02 11:43:28.646  2065  2065 D leak-360-4: Eastern Standard Time
08-02 11:43:28.646  2065  2065 D leak-362-4: Eastern Standard Time
08-02 11:43:28.646  2065  2065 D leak-364-4: Eastern Standard Time
08-02 11:43:28.646  2065  2065 D leak-366-4: Eastern Standard Time
08-02 11:43:28.646  2065  2065 D leak-359-1: Eastern Standard Time
08-02 11:43:28.646  2065  2065 D leak-361-1: Eastern Standard Time
08-02 11:43:28.646  2065  2065 D leak-363-1: Eastern Standard Time
08-02 11:43:28.646  2065  2065 D leak-365-1: Eastern Standard Time
08-02 11:43:28.666  2065  2065 D leak-473-0: Eastern Standard Time
08-02 11:43:28.679  2065  2065 D leak-356-4: Eastern Standard Time
08-02 11:43:28.679  2065  2065 D leak-360-4: Eastern Standard Time
08-02 11:43:28.679  2065  2065 D leak-362-4: Eastern Standard Time
08-02 11:43:28.679  2065  2065 D leak-364-4: Eastern Standard Time
08-02 11:43:28.679  2065  2065 D leak-366-4: Eastern Standard Time
08-02 11:43:28.679  2065  2065 D leak-359-1: Eastern Standard Time
08-02 11:43:28.679  2065  2065 D leak-361-1: Eastern Standard Time
08-02 11:43:28.679  2065  2065 D leak-363-1: Eastern Standard Time
08-02 11:43:28.679  2065  2065 D leak-365-1: Eastern Standard Time
08-02 11:43:28.680  2065  2065 D leak-159-0: Eastern Standard Time
08-02 11:43:28.680  2065  2065 D leak-356-5: Eastern Standard Time
08-02 11:43:28.680  2065  2065 D leak-360-5: Eastern Standard Time
08-02 11:43:28.680  2065  2065 D leak-362-5: Eastern Standard Time
08-02 11:43:28.680  2065  2065 D leak-364-5: Eastern Standard Time
08-02 11:43:28.680  2065  2065 D leak-366-5: Eastern Standard Time
08-02 11:43:28.680  2065  2065 D leak-359-2: Eastern Standard Time
08-02 11:43:28.680  2065  2065 D leak-361-2: Eastern Standard Time
08-02 11:43:28.680  2065  2065 D leak-363-2: Eastern Standard Time
08-02 11:43:28.680  2065  2065 D leak-365-2: Eastern Standard Time
08-02 11:43:28.680  2065  2065 D leak-356-7: Eastern Standard Time
08-02 11:43:28.680  2065  2065 D leak-360-7: Eastern Standard Time
08-02 11:43:28.680  2065  2065 D leak-362-7: Eastern Standard Time
08-02 11:43:28.680  2065  2065 D leak-364-7: Eastern Standard Time
08-02 11:43:28.680  2065  2065 D leak-366-7: Eastern Standard Time
08-02 11:43:28.680  2065  2065 D leak-368-7: Eastern Standard Time
08-02 11:43:28.680  2065  2065 D leak-359-4: Eastern Standard Time
08-02 11:43:28.680  2065  2065 D leak-361-4: Eastern Standard Time
08-02 11:43:28.680  2065  2065 D leak-363-4: Eastern Standard Time
08-02 11:43:28.680  2065  2065 D leak-365-4: Eastern Standard Time
08-02 11:43:28.680  2065  2065 D leak-367-4: Eastern Standard Time
08-02 11:43:28.681  2065  2065 D leak-473-1: Eastern Standard Time
08-02 11:43:28.681  2065  2065 D leak-474-1: Eastern Standard Time
08-02 11:43:28.689  2065  2065 D leak-473-2: Eastern Standard Time
08-02 11:43:28.689  2065  2065 D leak-474-2: Eastern Standard Time
08-02 11:43:28.689  2065  2065 D leak-476-2: Eastern Standard Time
08-02 11:43:28.690  2065  2065 D leak-475-0: Eastern Standard Time
08-02 11:43:28.690  2065  2065 D leak-287-0: Eastern Standard Time
08-02 11:43:28.690  2065  2065 D leak-473-5: Eastern Standard Time
08-02 11:43:28.690  2065  2065 D leak-474-5: Eastern Standard Time
08-02 11:43:28.690  2065  2065 D leak-476-5: Eastern Standard Time
08-02 11:43:28.690  2065  2065 D leak-485-5: Eastern Standard Time
08-02 11:43:28.690  2065  2065 D leak-484-0: Eastern Standard Time
08-02 11:43:28.690  2065  2065 D leak-287-0: Eastern Standard Time
08-02 11:43:28.695  2065  2065 D leak-519-0: Eastern Standard Time
08-02 11:43:28.695  2065  2065 D leak-518-0: Eastern Standard Time
08-02 11:43:28.695  2065  2065 D leak-486-0: Eastern Standard Time
08-02 11:43:28.695  2065  2065 D leak-513-0: Eastern Standard Time
08-02 11:43:28.695  2065  2065 D leak-512-0: Eastern Standard Time
08-02 11:43:28.695  2065  2065 D leak-477-0: Eastern Standard Time
08-02 11:43:28.695  2065  2065 D leak-159-1: Eastern Standard Time
08-02 11:43:28.695  2065  2065 D leak-160-1: Eastern Standard Time
08-02 11:43:28.696  2065  2065 D leak-139-0: Eastern Standard Time
08-02 11:43:28.698  2065  2065 D leak-84-0: Eastern Standard Time
08-02 11:43:28.698  2065  2065 D leak-84-2: Eastern Standard Time
08-02 11:43:28.698  2065  2065 D leak-86-2: Eastern Standard Time
08-02 11:43:28.706  2065  2065 D leak-159-2: Eastern Standard Time
08-02 11:43:28.706  2065  2065 D leak-160-2: Eastern Standard Time
08-02 11:43:28.706  2065  2065 D leak-162-2: Eastern Standard Time
08-02 11:43:28.706  2065  2065 D leak-161-0: Eastern Standard Time
08-02 11:43:28.707  2065  2065 D leak-287-0: Eastern Standard Time
08-02 11:43:28.707  2065  2065 D leak-159-5: Eastern Standard Time
08-02 11:43:28.707  2065  2065 D leak-160-5: Eastern Standard Time
08-02 11:43:28.707  2065  2065 D leak-162-5: Eastern Standard Time
08-02 11:43:28.707  2065  2065 D leak-174-5: Eastern Standard Time
08-02 11:43:28.707  2065  2065 D leak-173-0: Eastern Standard Time
08-02 11:43:28.709  2065  2065 D leak-287-0: Eastern Standard Time
08-02 11:43:29.038  2065  2080 D libEGL  : loaded /system/lib/egl/libEGL_emulation.so
08-02 11:43:29.038  2065  2080 D libEGL  : loaded /system/lib/egl/libGLESv1_CM_emulation.so
08-02 11:43:29.073  2065  2080 D libEGL  : loaded /system/lib/egl/libGLESv2_emulation.so
08-02 11:43:29.086  2065  2080 D         : HostConnection::get() New Host Connection established 0xee992870, tid 2080
08-02 11:43:30.761  2065  2080 I OpenGLRenderer: Initialized EGL, version 1.4
08-02 11:43:32.195  2065  2080 W EGL_emulation: eglSurfaceAttrib not implemented
08-02 11:43:32.246  2065  2080 W OpenGLRenderer: Failed to set EGL_SWAP_BEHAVIOR on surface 0xee993580, error=EGL_SUCCESS
08-02 11:43:32.655  2065  2065 D leak-356-5: Eastern Standard Time
08-02 11:43:32.655  2065  2065 D leak-360-5: Eastern Standard Time
08-02 11:43:32.655  2065  2065 D leak-362-5: Eastern Standard Time
08-02 11:43:32.655  2065  2065 D leak-364-5: Eastern Standard Time
08-02 11:43:32.655  2065  2065 D leak-366-5: Eastern Standard Time
08-02 11:43:32.655  2065  2065 D leak-368-5: Eastern Standard Time
08-02 11:43:32.655  2065  2065 D leak-359-2: Eastern Standard Time
08-02 11:43:32.655  2065  2065 D leak-361-2: Eastern Standard Time
08-02 11:43:32.655  2065  2065 D leak-363-2: Eastern Standard Time
08-02 11:43:32.655  2065  2065 D leak-365-2: Eastern Standard Time
08-02 11:43:32.655  2065  2065 D leak-367-2: Eastern Standard Time
08-02 11:43:32.666  2065  2065 D leak-356-5: Eastern Standard Time
08-02 11:43:32.666  2065  2065 D leak-360-5: Eastern Standard Time
08-02 11:43:32.666  2065  2065 D leak-362-5: Eastern Standard Time
08-02 11:43:32.666  2065  2065 D leak-364-5: Eastern Standard Time
08-02 11:43:32.666  2065  2065 D leak-366-5: Eastern Standard Time
08-02 11:43:32.666  2065  2065 D leak-368-5: Eastern Standard Time
08-02 11:43:32.666  2065  2065 D leak-359-2: Eastern Standard Time
08-02 11:43:32.666  2065  2065 D leak-361-2: Eastern Standard Time
08-02 11:43:32.666  2065  2065 D leak-363-2: Eastern Standard Time
08-02 11:43:32.666  2065  2065 D leak-365-2: Eastern Standard Time
08-02 11:43:32.666  2065  2065 D leak-367-2: Eastern Standard Time
08-02 11:43:32.667  2065  2065 D leak-356-7: Eastern Standard Time
08-02 11:43:32.667  2065  2065 D leak-360-7: Eastern Standard Time
08-02 11:43:32.667  2065  2065 D leak-362-7: Eastern Standard Time
08-02 11:43:32.667  2065  2065 D leak-364-7: Eastern Standard Time
08-02 11:43:32.667  2065  2065 D leak-366-7: Eastern Standard Time
08-02 11:43:32.667  2065  2065 D leak-368-7: Eastern Standard Time
08-02 11:43:32.667  2065  2065 D leak-359-4: Eastern Standard Time
08-02 11:43:32.667  2065  2065 D leak-361-4: Eastern Standard Time
08-02 11:43:32.667  2065  2065 D leak-363-4: Eastern Standard Time
08-02 11:43:32.667  2065  2065 D leak-365-4: Eastern Standard Time
08-02 11:43:32.667  2065  2065 D leak-367-4: Eastern Standard Time
08-02 11:43:32.703  2065  2065 D leak-139-1: Eastern Standard Time
08-02 11:43:32.703  2065  2065 D leak-140-1: Eastern Standard Time
08-02 11:43:32.733  2065  2065 D leak-139-1: Eastern Standard Time
08-02 11:43:32.733  2065  2065 D leak-140-1: Eastern Standard Time
08-02 11:43:32.747  2065  2065 D leak-139-1: Eastern Standard Time
08-02 11:43:32.747  2065  2065 D leak-140-1: Eastern Standard Time
08-02 11:43:32.808  2065  2065 D leak-139-1: Eastern Standard Time
08-02 11:43:32.808  2065  2065 D leak-140-1: Eastern Standard Time
08-02 11:43:32.811  2065  2065 D leak-139-1: Eastern Standard Time
08-02 11:43:32.811  2065  2065 D leak-140-1: Eastern Standard Time
08-02 11:43:32.818  2065  2065 D leak-139-1: Eastern Standard Time
08-02 11:43:32.825  2065  2065 D leak-140-1: Eastern Standard Time
08-02 11:43:32.904  2065  2065 D leak-139-1: Eastern Standard Time
08-02 11:43:32.959  2065  2065 D leak-140-1: Eastern Standard Time
08-02 11:43:32.983  2065  2065 D leak-139-1: Eastern Standard Time
08-02 11:43:32.983  2065  2065 D leak-140-1: Eastern Standard Time
08-02 11:43:32.991  2065  2065 D leak-139-1: Eastern Standard Time
08-02 11:43:32.991  2065  2065 D leak-140-1: Eastern Standard Time
08-02 11:43:33.018  2065  2065 D leak-139-1: Eastern Standard Time
08-02 11:43:33.018  2065  2065 D leak-140-1: Eastern Standard Time
08-02 11:43:33.024  2065  2065 D leak-139-1: Eastern Standard Time
08-02 11:43:33.024  2065  2065 D leak-140-1: Eastern Standard Time
08-02 11:43:33.051  2065  2065 D leak-139-1: Eastern Standard Time
08-02 11:43:33.051  2065  2065 D leak-140-1: Eastern Standard Time
08-02 11:43:33.113  2065  2065 D leak-356-1: Eastern Standard Time
08-02 11:43:33.113  2065  2065 D leak-357-1: Eastern Standard Time
08-02 11:43:33.113  2065  2065 D leak-360-1: Eastern Standard Time
08-02 11:43:33.113  2065  2065 D leak-362-1: Eastern Standard Time
08-02 11:43:33.113  2065  2065 D leak-364-1: Eastern Standard Time
08-02 11:43:33.113  2065  2065 D leak-366-1: Eastern Standard Time
08-02 11:43:33.113  2065  2065 D leak-368-1: Eastern Standard Time
08-02 11:43:33.114  2065  2065 I Choreographer: Skipped 261 frames!  The application may be doing too much work on its main thread.
08-02 11:43:33.171  2065  2065 D leak-356-5: Eastern Standard Time
08-02 11:43:33.171  2065  2065 D leak-357-5: Eastern Standard Time
08-02 11:43:33.171  2065  2065 D leak-360-5: Eastern Standard Time
08-02 11:43:33.171  2065  2065 D leak-362-5: Eastern Standard Time
08-02 11:43:33.171  2065  2065 D leak-364-5: Eastern Standard Time
08-02 11:43:33.171  2065  2065 D leak-366-5: Eastern Standard Time
08-02 11:43:33.171  2065  2065 D leak-368-5: Eastern Standard Time
08-02 11:43:33.171  2065  2065 D leak-359-2: Eastern Standard Time
08-02 11:43:33.171  2065  2065 D leak-361-2: Eastern Standard Time
08-02 11:43:33.171  2065  2065 D leak-363-2: Eastern Standard Time
08-02 11:43:33.171  2065  2065 D leak-365-2: Eastern Standard Time
08-02 11:43:33.171  2065  2065 D leak-367-2: Eastern Standard Time
08-02 11:43:33.251  2083  2083 D AndroidRuntime: >>>>>> START com.android.internal.os.RuntimeInit uid 0 <<<<<<
08-02 11:43:33.263  2083  2083 D AndroidRuntime: CheckJNI is OFF
08-02 11:43:33.304  2083  2083 D ICU     : No timezone override file found: /data/misc/zoneinfo/current/icu/icu_tzdata.dat
08-02 11:43:33.462  2083  2083 E memtrack: Couldn't load memtrack module (No such file or directory)
08-02 11:43:33.482  2083  2083 E android.os.Debug: failed to load memtrack module: -2
08-02 11:43:33.491  2083  2083 I Radio-JNI: register_android_hardware_Radio DONE
08-02 11:43:33.557  2083  2083 D AndroidRuntime: Calling main entry com.android.commands.content.Content
08-02 11:43:33.699  1500  1534 E Surface : getSlotFromBufferLocked: unknown buffer: 0xe13d7ef0
08-02 11:43:33.773  2083  2083 D AndroidRuntime: Shutting down VM
08-02 11:43:33.966  2065  2065 I Choreographer: Skipped 49 frames!  The application may be doing too much work on its main thread.
08-02 11:43:33.967  2065  2065 D leak-356-5: Eastern Standard Time
08-02 11:43:33.967  2065  2065 D leak-357-5: Eastern Standard Time
08-02 11:43:33.967  2065  2065 D leak-360-5: Eastern Standard Time
08-02 11:43:33.967  2065  2065 D leak-362-5: Eastern Standard Time
08-02 11:43:33.967  2065  2065 D leak-364-5: Eastern Standard Time
08-02 11:43:33.967  2065  2065 D leak-366-5: Eastern Standard Time
08-02 11:43:33.967  2065  2065 D leak-368-5: Eastern Standard Time
08-02 11:43:33.967  2065  2065 D leak-359-2: Eastern Standard Time
08-02 11:43:33.967  2065  2065 D leak-361-2: Eastern Standard Time
08-02 11:43:33.967  2065  2065 D leak-363-2: Eastern Standard Time
08-02 11:43:33.967  2065  2065 D leak-365-2: Eastern Standard Time
08-02 11:43:33.967  2065  2065 D leak-367-2: Eastern Standard Time
08-02 11:43:33.967  2065  2065 D leak-356-5: Eastern Standard Time
08-02 11:43:33.967  2065  2065 D leak-357-5: Eastern Standard Time
08-02 11:43:33.967  2065  2065 D leak-360-5: Eastern Standard Time
08-02 11:43:33.967  2065  2065 D leak-362-5: Eastern Standard Time
08-02 11:43:33.967  2065  2065 D leak-364-5: Eastern Standard Time
08-02 11:43:33.967  2065  2065 D leak-366-5: Eastern Standard Time
08-02 11:43:33.967  2065  2065 D leak-368-5: Eastern Standard Time
08-02 11:43:33.967  2065  2065 D leak-359-2: Eastern Standard Time
08-02 11:43:33.967  2065  2065 D leak-361-2: Eastern Standard Time
08-02 11:43:33.967  2065  2065 D leak-363-2: Eastern Standard Time
08-02 11:43:33.967  2065  2065 D leak-365-2: Eastern Standard Time
08-02 11:43:33.967  2065  2065 D leak-367-2: Eastern Standard Time
08-02 11:43:33.967  2065  2065 D leak-356-7: Eastern Standard Time
08-02 11:43:33.967  2065  2065 D leak-357-7: Eastern Standard Time
08-02 11:43:33.967  2065  2065 D leak-360-7: Eastern Standard Time
08-02 11:43:33.967  2065  2065 D leak-362-7: Eastern Standard Time
08-02 11:43:33.967  2065  2065 D leak-364-7: Eastern Standard Time
08-02 11:43:33.967  2065  2065 D leak-366-7: Eastern Standard Time
08-02 11:43:33.967  2065  2065 D leak-368-7: Eastern Standard Time
08-02 11:43:33.967  2065  2065 D leak-359-4: Eastern Standard Time
08-02 11:43:33.967  2065  2065 D leak-361-4: Eastern Standard Time
08-02 11:43:33.967  2065  2065 D leak-363-4: Eastern Standard Time
08-02 11:43:33.967  2065  2065 D leak-365-4: Eastern Standard Time
08-02 11:43:33.967  2065  2065 D leak-367-4: Eastern Standard Time
08-02 11:43:33.969  2065  2065 D leak-356-5: Eastern Standard Time
08-02 11:43:33.969  2065  2065 D leak-357-5: Eastern Standard Time
08-02 11:43:33.969  2065  2065 D leak-360-5: Eastern Standard Time
08-02 11:43:33.969  2065  2065 D leak-362-5: Eastern Standard Time
08-02 11:43:33.969  2065  2065 D leak-364-5: Eastern Standard Time
08-02 11:43:33.969  2065  2065 D leak-366-5: Eastern Standard Time
08-02 11:43:33.969  2065  2065 D leak-368-5: Eastern Standard Time
08-02 11:43:33.969  2065  2065 D leak-359-2: Eastern Standard Time
08-02 11:43:33.969  2065  2065 D leak-361-2: Eastern Standard Time
08-02 11:43:33.969  2065  2065 D leak-363-2: Eastern Standard Time
08-02 11:43:33.969  2065  2065 D leak-365-2: Eastern Standard Time
08-02 11:43:33.969  2065  2065 D leak-367-2: Eastern Standard Time
08-02 11:43:33.999   623   642 I ActivityManager: Displayed com.adonai.manman/.MainPagerActivity: +6s692ms
08-02 11:43:34.196  2093  2093 D AndroidRuntime: >>>>>> START com.android.internal.os.RuntimeInit uid 0 <<<<<<
08-02 11:43:34.199  2093  2093 D AndroidRuntime: CheckJNI is OFF
08-02 11:43:34.209  2093  2093 D ICU     : No timezone override file found: /data/misc/zoneinfo/current/icu/icu_tzdata.dat
08-02 11:43:34.224  2093  2093 E memtrack: Couldn't load memtrack module (No such file or directory)
08-02 11:43:34.224  2093  2093 E android.os.Debug: failed to load memtrack module: -2
08-02 11:43:34.225  2093  2093 I Radio-JNI: register_android_hardware_Radio DONE
08-02 11:43:34.240  2093  2093 D AndroidRuntime: Calling main entry com.android.commands.content.Content
08-02 11:43:34.319  2093  2093 D AndroidRuntime: Shutting down VM
08-02 11:43:35.376   623  1034 I ActivityManager: Killing 1144:android.process.media/u0a6 (adj 15): empty #17
08-02 11:43:35.376   623  1034 W libprocessgroup: failed to open /acct/uid_10006/pid_1144/cgroup.procs: No such file or directory
08-02 11:43:35.435  2114  2114 D AndroidRuntime: >>>>>> START com.android.internal.os.RuntimeInit uid 0 <<<<<<
08-02 11:43:35.437  2114  2114 D AndroidRuntime: CheckJNI is OFF
08-02 11:43:35.448  2114  2114 D ICU     : No timezone override file found: /data/misc/zoneinfo/current/icu/icu_tzdata.dat
08-02 11:43:35.462  2114  2114 E memtrack: Couldn't load memtrack module (No such file or directory)
08-02 11:43:35.462  2114  2114 E android.os.Debug: failed to load memtrack module: -2
08-02 11:43:35.462  2114  2114 I Radio-JNI: register_android_hardware_Radio DONE
08-02 11:43:35.468  2114  2114 D AndroidRuntime: Calling main entry com.android.commands.uiautomator.Launcher
08-02 11:43:36.481  2065  2065 D leak-356-5: Eastern Standard Time
08-02 11:43:36.481  2065  2065 D leak-357-5: Eastern Standard Time
08-02 11:43:36.481  2065  2065 D leak-360-5: Eastern Standard Time
08-02 11:43:36.481  2065  2065 D leak-362-5: Eastern Standard Time
08-02 11:43:36.481  2065  2065 D leak-364-5: Eastern Standard Time
08-02 11:43:36.481  2065  2065 D leak-366-5: Eastern Standard Time
08-02 11:43:36.481  2065  2065 D leak-368-5: Eastern Standard Time
08-02 11:43:36.481  2065  2065 D leak-359-2: Eastern Standard Time
08-02 11:43:36.481  2065  2065 D leak-361-2: Eastern Standard Time
08-02 11:43:36.481  2065  2065 D leak-363-2: Eastern Standard Time
08-02 11:43:36.481  2065  2065 D leak-365-2: Eastern Standard Time
08-02 11:43:36.481  2065  2065 D leak-367-2: Eastern Standard Time
08-02 11:43:36.496  2114  2114 I AccessibilityNodeInfoDumper: Skipping invisible child: android.view.accessibility.AccessibilityNodeInfo@8000bf55; boundsInParent: Rect(0, 0 - 1200, 1540); boundsInScreen: Rect(1200, 278 - 1200, 1818); packageName: com.adonai.manman; className: android.widget.FrameLayout; text: null; error: null; maxTextLength: -1; contentDescription: null; viewIdResName: com.adonai.manman:id/chapter_fragment_frame; checkable: false; checked: false; focusable: true; focused: false; selected: false; clickable: false; longClickable: false; contextClickable: false; enabled: true; password: false; scrollable: false; actions: [AccessibilityAction: ACTION_FOCUS - null, AccessibilityAction: ACTION_SELECT - null, AccessibilityAction: ACTION_CLEAR_SELECTION - null, AccessibilityAction: ACTION_ACCESSIBILITY_FOCUS - null, AccessibilityAction: ACTION_UNKNOWN - null]
08-02 11:43:36.497  2114  2114 W AccessibilityNodeInfoDumper: Fetch time: 10ms
08-02 11:43:36.497   623   761 W WindowManager: Attempted to remove non-existing token: android.os.Binder@4befb64
08-02 11:43:36.500  2114  2114 D AndroidRuntime: Shutting down VM
08-02 11:43:36.906   623   676 I InputReader: Reconfiguring input devices.  changes=0x00000010
08-02 11:43:36.992  2132  2132 D AndroidRuntime: >>>>>> START com.android.internal.os.RuntimeInit uid 0 <<<<<<
08-02 11:43:36.994  2132  2132 D AndroidRuntime: CheckJNI is OFF
08-02 11:43:37.003  2132  2132 D ICU     : No timezone override file found: /data/misc/zoneinfo/current/icu/icu_tzdata.dat
08-02 11:43:37.015  2132  2132 E memtrack: Couldn't load memtrack module (No such file or directory)
08-02 11:43:37.015  2132  2132 E android.os.Debug: failed to load memtrack module: -2
08-02 11:43:37.016  2132  2132 I Radio-JNI: register_android_hardware_Radio DONE
08-02 11:43:37.022  2132  2132 D AndroidRuntime: Calling main entry com.android.commands.uiautomator.Launcher
08-02 11:43:38.032  2065  2065 D leak-356-5: Eastern Standard Time
08-02 11:43:38.032  2065  2065 D leak-357-5: Eastern Standard Time
08-02 11:43:38.032  2065  2065 D leak-360-5: Eastern Standard Time
08-02 11:43:38.032  2065  2065 D leak-362-5: Eastern Standard Time
08-02 11:43:38.032  2065  2065 D leak-364-5: Eastern Standard Time
08-02 11:43:38.032  2065  2065 D leak-366-5: Eastern Standard Time
08-02 11:43:38.032  2065  2065 D leak-368-5: Eastern Standard Time
08-02 11:43:38.032  2065  2065 D leak-359-2: Eastern Standard Time
08-02 11:43:38.032  2065  2065 D leak-361-2: Eastern Standard Time
08-02 11:43:38.032  2065  2065 D leak-363-2: Eastern Standard Time
08-02 11:43:38.032  2065  2065 D leak-365-2: Eastern Standard Time
08-02 11:43:38.032  2065  2065 D leak-367-2: Eastern Standard Time
08-02 11:43:38.044  2132  2132 I AccessibilityNodeInfoDumper: Skipping invisible child: android.view.accessibility.AccessibilityNodeInfo@8000bf5b; boundsInParent: Rect(0, 0 - 1200, 1540); boundsInScreen: Rect(1200, 278 - 1200, 1818); packageName: com.adonai.manman; className: android.widget.FrameLayout; text: null; error: null; maxTextLength: -1; contentDescription: null; viewIdResName: com.adonai.manman:id/chapter_fragment_frame; checkable: false; checked: false; focusable: true; focused: false; selected: false; clickable: false; longClickable: false; contextClickable: false; enabled: true; password: false; scrollable: false; actions: [AccessibilityAction: ACTION_FOCUS - null, AccessibilityAction: ACTION_SELECT - null, AccessibilityAction: ACTION_CLEAR_SELECTION - null, AccessibilityAction: ACTION_ACCESSIBILITY_FOCUS - null, AccessibilityAction: ACTION_UNKNOWN - null]
08-02 11:43:38.045  2132  2132 W AccessibilityNodeInfoDumper: Fetch time: 7ms
08-02 11:43:38.045   623   635 W WindowManager: Attempted to remove non-existing token: android.os.Binder@99db7ef
08-02 11:43:38.055  2132  2132 D AndroidRuntime: Shutting down VM
08-02 11:43:39.166  2156  2156 D AndroidRuntime: >>>>>> START com.android.internal.os.RuntimeInit uid 0 <<<<<<
08-02 11:43:39.167  2156  2156 D AndroidRuntime: CheckJNI is OFF
08-02 11:43:39.176  2156  2156 D ICU     : No timezone override file found: /data/misc/zoneinfo/current/icu/icu_tzdata.dat
08-02 11:43:39.188  2156  2156 E memtrack: Couldn't load memtrack module (No such file or directory)
08-02 11:43:39.188  2156  2156 E android.os.Debug: failed to load memtrack module: -2
08-02 11:43:39.189  2156  2156 I Radio-JNI: register_android_hardware_Radio DONE
08-02 11:43:39.199  2156  2156 D AndroidRuntime: Calling main entry com.android.commands.uiautomator.Launcher
08-02 11:43:40.212  2065  2065 D leak-356-5: Eastern Standard Time
08-02 11:43:40.212  2065  2065 D leak-357-5: Eastern Standard Time
08-02 11:43:40.212  2065  2065 D leak-360-5: Eastern Standard Time
08-02 11:43:40.212  2065  2065 D leak-362-5: Eastern Standard Time
08-02 11:43:40.212  2065  2065 D leak-364-5: Eastern Standard Time
08-02 11:43:40.212  2065  2065 D leak-366-5: Eastern Standard Time
08-02 11:43:40.212  2065  2065 D leak-368-5: Eastern Standard Time
08-02 11:43:40.212  2065  2065 D leak-359-2: Eastern Standard Time
08-02 11:43:40.212  2065  2065 D leak-361-2: Eastern Standard Time
08-02 11:43:40.212  2065  2065 D leak-363-2: Eastern Standard Time
08-02 11:43:40.212  2065  2065 D leak-365-2: Eastern Standard Time
08-02 11:43:40.212  2065  2065 D leak-367-2: Eastern Standard Time
08-02 11:43:40.225  2156  2156 I AccessibilityNodeInfoDumper: Skipping invisible child: android.view.accessibility.AccessibilityNodeInfo@8000bf62; boundsInParent: Rect(0, 0 - 1200, 1540); boundsInScreen: Rect(1200, 278 - 1200, 1818); packageName: com.adonai.manman; className: android.widget.FrameLayout; text: null; error: null; maxTextLength: -1; contentDescription: null; viewIdResName: com.adonai.manman:id/chapter_fragment_frame; checkable: false; checked: false; focusable: true; focused: false; selected: false; clickable: false; longClickable: false; contextClickable: false; enabled: true; password: false; scrollable: false; actions: [AccessibilityAction: ACTION_FOCUS - null, AccessibilityAction: ACTION_SELECT - null, AccessibilityAction: ACTION_CLEAR_SELECTION - null, AccessibilityAction: ACTION_ACCESSIBILITY_FOCUS - null, AccessibilityAction: ACTION_UNKNOWN - null]
08-02 11:43:40.225  2156  2156 W AccessibilityNodeInfoDumper: Fetch time: 7ms
08-02 11:43:40.226   623   635 W WindowManager: Attempted to remove non-existing token: android.os.Binder@80c52fc
08-02 11:43:40.239  2156  2156 D AndroidRuntime: Shutting down VM
08-02 11:43:41.413  2184  2184 D AndroidRuntime: >>>>>> START com.android.internal.os.RuntimeInit uid 0 <<<<<<
08-02 11:43:41.414  2184  2184 D AndroidRuntime: CheckJNI is OFF
08-02 11:43:41.422  2184  2184 D ICU     : No timezone override file found: /data/misc/zoneinfo/current/icu/icu_tzdata.dat
08-02 11:43:41.437  2184  2184 E memtrack: Couldn't load memtrack module (No such file or directory)
08-02 11:43:41.437  2184  2184 E android.os.Debug: failed to load memtrack module: -2
08-02 11:43:41.438  2184  2184 I Radio-JNI: register_android_hardware_Radio DONE
08-02 11:43:41.443  2184  2184 D AndroidRuntime: Calling main entry com.android.commands.uiautomator.Launcher
08-02 11:43:42.455  2065  2065 D leak-356-5: Eastern Standard Time
08-02 11:43:42.455  2065  2065 D leak-357-5: Eastern Standard Time
08-02 11:43:42.455  2065  2065 D leak-360-5: Eastern Standard Time
08-02 11:43:42.455  2065  2065 D leak-362-5: Eastern Standard Time
08-02 11:43:42.455  2065  2065 D leak-364-5: Eastern Standard Time
08-02 11:43:42.455  2065  2065 D leak-366-5: Eastern Standard Time
08-02 11:43:42.455  2065  2065 D leak-368-5: Eastern Standard Time
08-02 11:43:42.455  2065  2065 D leak-359-2: Eastern Standard Time
08-02 11:43:42.455  2065  2065 D leak-361-2: Eastern Standard Time
08-02 11:43:42.455  2065  2065 D leak-363-2: Eastern Standard Time
08-02 11:43:42.455  2065  2065 D leak-365-2: Eastern Standard Time
08-02 11:43:42.455  2065  2065 D leak-367-2: Eastern Standard Time
08-02 11:43:42.466  2184  2184 I AccessibilityNodeInfoDumper: Skipping invisible child: android.view.accessibility.AccessibilityNodeInfo@8000bf67; boundsInParent: Rect(0, 0 - 1200, 1540); boundsInScreen: Rect(1200, 278 - 1200, 1818); packageName: com.adonai.manman; className: android.widget.FrameLayout; text: null; error: null; maxTextLength: -1; contentDescription: null; viewIdResName: com.adonai.manman:id/chapter_fragment_frame; checkable: false; checked: false; focusable: true; focused: false; selected: false; clickable: false; longClickable: false; contextClickable: false; enabled: true; password: false; scrollable: false; actions: [AccessibilityAction: ACTION_FOCUS - null, AccessibilityAction: ACTION_SELECT - null, AccessibilityAction: ACTION_CLEAR_SELECTION - null, AccessibilityAction: ACTION_ACCESSIBILITY_FOCUS - null, AccessibilityAction: ACTION_UNKNOWN - null]
08-02 11:43:42.469  2184  2184 W AccessibilityNodeInfoDumper: Fetch time: 10ms
08-02 11:43:42.470   623   635 W WindowManager: Attempted to remove non-existing token: android.os.Binder@9704d85
08-02 11:43:42.475  2184  2184 D AndroidRuntime: Shutting down VM
08-02 11:43:43.600  2210  2210 D AndroidRuntime: >>>>>> START com.android.internal.os.RuntimeInit uid 0 <<<<<<
08-02 11:43:43.601  2210  2210 D AndroidRuntime: CheckJNI is OFF
08-02 11:43:43.610  2210  2210 D ICU     : No timezone override file found: /data/misc/zoneinfo/current/icu/icu_tzdata.dat
08-02 11:43:43.624  2210  2210 E memtrack: Couldn't load memtrack module (No such file or directory)
08-02 11:43:43.624  2210  2210 E android.os.Debug: failed to load memtrack module: -2
08-02 11:43:43.624  2210  2210 I Radio-JNI: register_android_hardware_Radio DONE
08-02 11:43:43.631  2210  2210 D AndroidRuntime: Calling main entry com.android.commands.uiautomator.Launcher
08-02 11:43:44.652  2065  2065 D leak-356-5: Eastern Standard Time
08-02 11:43:44.652  2065  2065 D leak-357-5: Eastern Standard Time
08-02 11:43:44.652  2065  2065 D leak-360-5: Eastern Standard Time
08-02 11:43:44.652  2065  2065 D leak-362-5: Eastern Standard Time
08-02 11:43:44.652  2065  2065 D leak-364-5: Eastern Standard Time
08-02 11:43:44.652  2065  2065 D leak-366-5: Eastern Standard Time
08-02 11:43:44.652  2065  2065 D leak-368-5: Eastern Standard Time
08-02 11:43:44.652  2065  2065 D leak-359-2: Eastern Standard Time
08-02 11:43:44.652  2065  2065 D leak-361-2: Eastern Standard Time
08-02 11:43:44.652  2065  2065 D leak-363-2: Eastern Standard Time
08-02 11:43:44.652  2065  2065 D leak-365-2: Eastern Standard Time
08-02 11:43:44.652  2065  2065 D leak-367-2: Eastern Standard Time
08-02 11:43:44.661  2210  2210 I AccessibilityNodeInfoDumper: Skipping invisible child: android.view.accessibility.AccessibilityNodeInfo@8000bf6d; boundsInParent: Rect(0, 0 - 1200, 1540); boundsInScreen: Rect(1200, 278 - 1200, 1818); packageName: com.adonai.manman; className: android.widget.FrameLayout; text: null; error: null; maxTextLength: -1; contentDescription: null; viewIdResName: com.adonai.manman:id/chapter_fragment_frame; checkable: false; checked: false; focusable: true; focused: false; selected: false; clickable: false; longClickable: false; contextClickable: false; enabled: true; password: false; scrollable: false; actions: [AccessibilityAction: ACTION_FOCUS - null, AccessibilityAction: ACTION_SELECT - null, AccessibilityAction: ACTION_CLEAR_SELECTION - null, AccessibilityAction: ACTION_ACCESSIBILITY_FOCUS - null, AccessibilityAction: ACTION_UNKNOWN - null]
08-02 11:43:44.665  2210  2210 W AccessibilityNodeInfoDumper: Fetch time: 10ms
08-02 11:43:44.666   623  1117 W WindowManager: Attempted to remove non-existing token: android.os.Binder@9b7e40b
08-02 11:43:44.674  2210  2210 D AndroidRuntime: Shutting down VM
08-02 11:43:45.134  2229  2229 D AndroidRuntime: >>>>>> START com.android.internal.os.RuntimeInit uid 0 <<<<<<
08-02 11:43:45.135  2229  2229 D AndroidRuntime: CheckJNI is OFF
08-02 11:43:45.144  2229  2229 D ICU     : No timezone override file found: /data/misc/zoneinfo/current/icu/icu_tzdata.dat
08-02 11:43:45.160  2229  2229 E memtrack: Couldn't load memtrack module (No such file or directory)
08-02 11:43:45.160  2229  2229 E android.os.Debug: failed to load memtrack module: -2
08-02 11:43:45.160  2229  2229 I Radio-JNI: register_android_hardware_Radio DONE
08-02 11:43:45.166  2229  2229 D AndroidRuntime: Calling main entry com.android.commands.uiautomator.Launcher
08-02 11:43:46.179  2065  2065 D leak-356-5: Eastern Standard Time
08-02 11:43:46.179  2065  2065 D leak-357-5: Eastern Standard Time
08-02 11:43:46.179  2065  2065 D leak-360-5: Eastern Standard Time
08-02 11:43:46.179  2065  2065 D leak-362-5: Eastern Standard Time
08-02 11:43:46.179  2065  2065 D leak-364-5: Eastern Standard Time
08-02 11:43:46.179  2065  2065 D leak-366-5: Eastern Standard Time
08-02 11:43:46.179  2065  2065 D leak-368-5: Eastern Standard Time
08-02 11:43:46.179  2065  2065 D leak-359-2: Eastern Standard Time
08-02 11:43:46.179  2065  2065 D leak-361-2: Eastern Standard Time
08-02 11:43:46.179  2065  2065 D leak-363-2: Eastern Standard Time
08-02 11:43:46.179  2065  2065 D leak-365-2: Eastern Standard Time
08-02 11:43:46.179  2065  2065 D leak-367-2: Eastern Standard Time
08-02 11:43:46.194  2229  2229 I AccessibilityNodeInfoDumper: Skipping invisible child: android.view.accessibility.AccessibilityNodeInfo@8000bf73; boundsInParent: Rect(0, 0 - 1200, 1540); boundsInScreen: Rect(1200, 278 - 1200, 1818); packageName: com.adonai.manman; className: android.widget.FrameLayout; text: null; error: null; maxTextLength: -1; contentDescription: null; viewIdResName: com.adonai.manman:id/chapter_fragment_frame; checkable: false; checked: false; focusable: true; focused: false; selected: false; clickable: false; longClickable: false; contextClickable: false; enabled: true; password: false; scrollable: false; actions: [AccessibilityAction: ACTION_FOCUS - null, AccessibilityAction: ACTION_SELECT - null, AccessibilityAction: ACTION_CLEAR_SELECTION - null, AccessibilityAction: ACTION_ACCESSIBILITY_FOCUS - null, AccessibilityAction: ACTION_UNKNOWN - null]
08-02 11:43:46.195  2229  2229 W AccessibilityNodeInfoDumper: Fetch time: 7ms
08-02 11:43:46.197   623   635 W WindowManager: Attempted to remove non-existing token: android.os.Binder@649a2e8
08-02 11:43:46.205  2229  2229 D AndroidRuntime: Shutting down VM
08-02 11:43:47.272  2252  2252 D AndroidRuntime: >>>>>> START com.android.internal.os.RuntimeInit uid 0 <<<<<<
08-02 11:43:47.273  2252  2252 D AndroidRuntime: CheckJNI is OFF
08-02 11:43:47.282  2252  2252 D ICU     : No timezone override file found: /data/misc/zoneinfo/current/icu/icu_tzdata.dat
08-02 11:43:47.295  2252  2252 E memtrack: Couldn't load memtrack module (No such file or directory)
08-02 11:43:47.295  2252  2252 E android.os.Debug: failed to load memtrack module: -2
08-02 11:43:47.296  2252  2252 I Radio-JNI: register_android_hardware_Radio DONE
08-02 11:43:47.303  2252  2252 D AndroidRuntime: Calling main entry com.android.commands.uiautomator.Launcher
08-02 11:43:48.311  2065  2065 D leak-356-5: Eastern Standard Time
08-02 11:43:48.311  2065  2065 D leak-357-5: Eastern Standard Time
08-02 11:43:48.312  2065  2065 D leak-360-5: Eastern Standard Time
08-02 11:43:48.312  2065  2065 D leak-362-5: Eastern Standard Time
08-02 11:43:48.312  2065  2065 D leak-364-5: Eastern Standard Time
08-02 11:43:48.312  2065  2065 D leak-366-5: Eastern Standard Time
08-02 11:43:48.312  2065  2065 D leak-368-5: Eastern Standard Time
08-02 11:43:48.312  2065  2065 D leak-359-2: Eastern Standard Time
08-02 11:43:48.312  2065  2065 D leak-361-2: Eastern Standard Time
08-02 11:43:48.312  2065  2065 D leak-363-2: Eastern Standard Time
08-02 11:43:48.312  2065  2065 D leak-365-2: Eastern Standard Time
08-02 11:43:48.312  2065  2065 D leak-367-2: Eastern Standard Time
08-02 11:43:48.324  2252  2252 I AccessibilityNodeInfoDumper: Skipping invisible child: android.view.accessibility.AccessibilityNodeInfo@8000bf7a; boundsInParent: Rect(0, 0 - 1200, 1540); boundsInScreen: Rect(1200, 278 - 1200, 1818); packageName: com.adonai.manman; className: android.widget.FrameLayout; text: null; error: null; maxTextLength: -1; contentDescription: null; viewIdResName: com.adonai.manman:id/chapter_fragment_frame; checkable: false; checked: false; focusable: true; focused: false; selected: false; clickable: false; longClickable: false; contextClickable: false; enabled: true; password: false; scrollable: false; actions: [AccessibilityAction: ACTION_FOCUS - null, AccessibilityAction: ACTION_SELECT - null, AccessibilityAction: ACTION_CLEAR_SELECTION - null, AccessibilityAction: ACTION_ACCESSIBILITY_FOCUS - null, AccessibilityAction: ACTION_UNKNOWN - null]
08-02 11:43:48.326  2252  2252 W AccessibilityNodeInfoDumper: Fetch time: 8ms
08-02 11:43:48.326   623  1556 W WindowManager: Attempted to remove non-existing token: android.os.Binder@46d3d01
08-02 11:43:48.332  2252  2252 D AndroidRuntime: Shutting down VM
08-02 11:43:48.935  2270  2270 D AndroidRuntime: >>>>>> START com.android.internal.os.RuntimeInit uid 0 <<<<<<
08-02 11:43:48.937  2270  2270 D AndroidRuntime: CheckJNI is OFF
08-02 11:43:48.946  2270  2270 D ICU     : No timezone override file found: /data/misc/zoneinfo/current/icu/icu_tzdata.dat
08-02 11:43:48.961  2270  2270 E memtrack: Couldn't load memtrack module (No such file or directory)
08-02 11:43:48.961  2270  2270 E android.os.Debug: failed to load memtrack module: -2
08-02 11:43:48.961  2270  2270 I Radio-JNI: register_android_hardware_Radio DONE
08-02 11:43:48.968  2270  2270 D AndroidRuntime: Calling main entry com.android.commands.uiautomator.Launcher
08-02 11:43:49.978  2065  2065 D leak-356-5: Eastern Standard Time
08-02 11:43:49.978  2065  2065 D leak-357-5: Eastern Standard Time
08-02 11:43:49.978  2065  2065 D leak-360-5: Eastern Standard Time
08-02 11:43:49.978  2065  2065 D leak-362-5: Eastern Standard Time
08-02 11:43:49.978  2065  2065 D leak-364-5: Eastern Standard Time
08-02 11:43:49.978  2065  2065 D leak-366-5: Eastern Standard Time
08-02 11:43:49.978  2065  2065 D leak-368-5: Eastern Standard Time
08-02 11:43:49.978  2065  2065 D leak-359-2: Eastern Standard Time
08-02 11:43:49.978  2065  2065 D leak-361-2: Eastern Standard Time
08-02 11:43:49.978  2065  2065 D leak-363-2: Eastern Standard Time
08-02 11:43:49.978  2065  2065 D leak-365-2: Eastern Standard Time
08-02 11:43:49.978  2065  2065 D leak-367-2: Eastern Standard Time
08-02 11:43:49.990  2270  2270 I AccessibilityNodeInfoDumper: Skipping invisible child: android.view.accessibility.AccessibilityNodeInfo@8000bf7f; boundsInParent: Rect(0, 0 - 1200, 1540); boundsInScreen: Rect(1200, 278 - 1200, 1818); packageName: com.adonai.manman; className: android.widget.FrameLayout; text: null; error: null; maxTextLength: -1; contentDescription: null; viewIdResName: com.adonai.manman:id/chapter_fragment_frame; checkable: false; checked: false; focusable: true; focused: false; selected: false; clickable: false; longClickable: false; contextClickable: false; enabled: true; password: false; scrollable: false; actions: [AccessibilityAction: ACTION_FOCUS - null, AccessibilityAction: ACTION_SELECT - null, AccessibilityAction: ACTION_CLEAR_SELECTION - null, AccessibilityAction: ACTION_ACCESSIBILITY_FOCUS - null, AccessibilityAction: ACTION_UNKNOWN - null]
08-02 11:43:49.990  2270  2270 W AccessibilityNodeInfoDumper: Fetch time: 7ms
08-02 11:43:50.001   623  1611 W WindowManager: Attempted to remove non-existing token: android.os.Binder@adf77a6
08-02 11:43:50.052  2270  2270 D AndroidRuntime: Shutting down VM
08-02 11:43:51.125  2293  2293 D AndroidRuntime: >>>>>> START com.android.internal.os.RuntimeInit uid 0 <<<<<<
08-02 11:43:51.127  2293  2293 D AndroidRuntime: CheckJNI is OFF
08-02 11:43:51.135  2293  2293 D ICU     : No timezone override file found: /data/misc/zoneinfo/current/icu/icu_tzdata.dat
08-02 11:43:51.149  2293  2293 E memtrack: Couldn't load memtrack module (No such file or directory)
08-02 11:43:51.149  2293  2293 E android.os.Debug: failed to load memtrack module: -2
08-02 11:43:51.149  2293  2293 I Radio-JNI: register_android_hardware_Radio DONE
08-02 11:43:51.156  2293  2293 D AndroidRuntime: Calling main entry com.android.commands.uiautomator.Launcher
08-02 11:43:52.168  2065  2065 D leak-356-5: Eastern Standard Time
