08-02 10:53:38.027  4965  4965 D AndroidRuntime: Shutting down VM
08-02 10:53:38.505  4983  4983 D AndroidRuntime: >>>>>> START com.android.internal.os.RuntimeInit uid 0 <<<<<<
08-02 10:53:38.506  4983  4983 D AndroidRuntime: CheckJNI is OFF
08-02 10:53:38.514  4983  4983 D ICU     : No timezone override file found: /data/misc/zoneinfo/current/icu/icu_tzdata.dat
08-02 10:53:38.527  4983  4983 E memtrack: Couldn't load memtrack module (No such file or directory)
08-02 10:53:38.527  4983  4983 E android.os.Debug: failed to load memtrack module: -2
08-02 10:53:38.528  4983  4983 I Radio-JNI: register_android_hardware_Radio DONE
08-02 10:53:38.534  4983  4983 D AndroidRuntime: Calling main entry com.android.commands.uiautomator.Launcher
08-02 10:53:39.551  4983  4983 W AccessibilityNodeInfoDumper: Fetch time: 5ms
08-02 10:53:39.551   624  1100 W WindowManager: Attempted to remove non-existing token: android.os.Binder@1fc05b6
08-02 10:53:39.561  4983  4983 D AndroidRuntime: Shutting down VM
08-02 10:53:40.618  5006  5006 D AndroidRuntime: >>>>>> START com.android.internal.os.RuntimeInit uid 0 <<<<<<
08-02 10:53:40.620  5006  5006 D AndroidRuntime: CheckJNI is OFF
08-02 10:53:40.629  5006  5006 D ICU     : No timezone override file found: /data/misc/zoneinfo/current/icu/icu_tzdata.dat
08-02 10:53:40.641  5006  5006 E memtrack: Couldn't load memtrack module (No such file or directory)
08-02 10:53:40.642  5006  5006 E android.os.Debug: failed to load memtrack module: -2
08-02 10:53:40.642  5006  5006 I Radio-JNI: register_android_hardware_Radio DONE
08-02 10:53:40.649  5006  5006 D AndroidRuntime: Calling main entry com.android.commands.uiautomator.Launcher
08-02 10:53:41.665  5006  5006 W AccessibilityNodeInfoDumper: Fetch time: 5ms
08-02 10:53:41.666   624   761 W WindowManager: Attempted to remove non-existing token: android.os.Binder@2d012b7
08-02 10:53:41.673  5006  5006 D AndroidRuntime: Shutting down VM
08-02 10:53:42.138  5024  5024 D AndroidRuntime: >>>>>> START com.android.internal.os.RuntimeInit uid 0 <<<<<<
08-02 10:53:42.140  5024  5024 D AndroidRuntime: CheckJNI is OFF
08-02 10:53:42.148  5024  5024 D ICU     : No timezone override file found: /data/misc/zoneinfo/current/icu/icu_tzdata.dat
08-02 10:53:42.161  5024  5024 E memtrack: Couldn't load memtrack module (No such file or directory)
08-02 10:53:42.161  5024  5024 E android.os.Debug: failed to load memtrack module: -2
08-02 10:53:42.162  5024  5024 I Radio-JNI: register_android_hardware_Radio DONE
08-02 10:53:42.167  5024  5024 D AndroidRuntime: Calling main entry com.android.commands.uiautomator.Launcher
08-02 10:53:43.189  5024  5024 W AccessibilityNodeInfoDumper: Fetch time: 4ms
08-02 10:53:43.189   624   635 W WindowManager: Attempted to remove non-existing token: android.os.Binder@8d5ea24
08-02 10:53:43.199  5024  5024 D AndroidRuntime: Shutting down VM
08-02 10:53:44.299  5049  5049 D AndroidRuntime: >>>>>> START com.android.internal.os.RuntimeInit uid 0 <<<<<<
08-02 10:53:44.301  5049  5049 D AndroidRuntime: CheckJNI is OFF
08-02 10:53:44.312  5049  5049 D ICU     : No timezone override file found: /data/misc/zoneinfo/current/icu/icu_tzdata.dat
08-02 10:53:44.323  5049  5049 E memtrack: Couldn't load memtrack module (No such file or directory)
08-02 10:53:44.323  5049  5049 E android.os.Debug: failed to load memtrack module: -2
08-02 10:53:44.325  5049  5049 I Radio-JNI: register_android_hardware_Radio DONE
08-02 10:53:44.331  5049  5049 D AndroidRuntime: Calling main entry com.android.commands.uiautomator.Launcher
08-02 10:53:45.355  5049  5049 W AccessibilityNodeInfoDumper: Fetch time: 5ms
08-02 10:53:45.355   624  1052 W WindowManager: Attempted to remove non-existing token: android.os.Binder@c43d98d
08-02 10:53:45.362  5049  5049 D AndroidRuntime: Shutting down VM
08-02 10:53:45.881  5067  5067 D AndroidRuntime: >>>>>> START com.android.internal.os.RuntimeInit uid 0 <<<<<<
08-02 10:53:45.885  5067  5067 D AndroidRuntime: CheckJNI is OFF
08-02 10:53:45.893  5067  5067 D ICU     : No timezone override file found: /data/misc/zoneinfo/current/icu/icu_tzdata.dat
08-02 10:53:45.906  5067  5067 E memtrack: Couldn't load memtrack module (No such file or directory)
08-02 10:53:45.907  5067  5067 E android.os.Debug: failed to load memtrack module: -2
08-02 10:53:45.907  5067  5067 I Radio-JNI: register_android_hardware_Radio DONE
08-02 10:53:45.913  5067  5067 D AndroidRuntime: Calling main entry com.android.commands.uiautomator.Launcher
08-02 10:53:46.942  5067  5067 W AccessibilityNodeInfoDumper: Fetch time: 4ms
08-02 10:53:46.942   624  1064 W WindowManager: Attempted to remove non-existing token: android.os.Binder@53ac742
08-02 10:53:46.955  5067  5067 D AndroidRuntime: Shutting down VM
08-02 10:53:47.388  5080  5080 D AndroidRuntime: >>>>>> START com.android.internal.os.RuntimeInit uid 0 <<<<<<
08-02 10:53:47.390  5080  5080 D AndroidRuntime: CheckJNI is OFF
08-02 10:53:47.399  5080  5080 D ICU     : No timezone override file found: /data/misc/zoneinfo/current/icu/icu_tzdata.dat
08-02 10:53:47.411  5080  5080 E memtrack: Couldn't load memtrack module (No such file or directory)
08-02 10:53:47.411  5080  5080 E android.os.Debug: failed to load memtrack module: -2
08-02 10:53:47.412  5080  5080 I Radio-JNI: register_android_hardware_Radio DONE
08-02 10:53:47.419  5080  5080 D AndroidRuntime: Calling main entry com.android.commands.input.Input
08-02 10:53:47.420  5080  5080 I Input   : injectMotionEvent: MotionEvent { action=ACTION_DOWN, actionButton=0, id[0]=0, x[0]=600.0, y[0]=844.0, toolType[0]=TOOL_TYPE_UNKNOWN, buttonState=0, metaState=0, flags=0x0, edgeFlags=0x0, pointerCount=1, historySize=0, eventTime=345188, downTime=345188, deviceId=0, source=0x1002 }
08-02 10:53:47.428  2071  2071 D leak-88-3: Eastern Standard Time
08-02 10:53:47.428  2071  2071 D leak-93-3: Eastern Standard Time
08-02 10:53:47.429  5080  5080 I Input   : injectMotionEvent: MotionEvent { action=ACTION_UP, actionButton=0, id[0]=0, x[0]=600.0, y[0]=844.0, toolType[0]=TOOL_TYPE_UNKNOWN, buttonState=0, metaState=0, flags=0x0, edgeFlags=0x0, pointerCount=1, historySize=0, eventTime=345188, downTime=345188, deviceId=0, source=0x1002 }
08-02 10:53:47.430  2071  2071 D leak-88-3: Eastern Standard Time
08-02 10:53:47.430  2071  2071 D leak-93-3: Eastern Standard Time
08-02 10:53:47.430  5080  5080 D AndroidRuntime: Shutting down VM
08-02 10:53:49.147   624  1398 D NetlinkSocketObserver: NeighborEvent{elapsedMs=346915, 10.0.3.2, [525400123502], RTM_NEWNEIGH, NUD_PROBE}
08-02 10:53:49.147   624  1398 D NetlinkSocketObserver: NeighborEvent{elapsedMs=346916, 10.0.3.2, [525400123502], RTM_NEWNEIGH, NUD_REACHABLE}
08-02 10:53:51.863  5414  5414 D AndroidRuntime: >>>>>> START com.android.internal.os.RuntimeInit uid 0 <<<<<<
08-02 10:53:51.865  5414  5414 D AndroidRuntime: CheckJNI is OFF
08-02 10:53:51.875  5414  5414 D ICU     : No timezone override file found: /data/misc/zoneinfo/current/icu/icu_tzdata.dat
08-02 10:53:51.888  5414  5414 E memtrack: Couldn't load memtrack module (No such file or directory)
08-02 10:53:51.888  5414  5414 E android.os.Debug: failed to load memtrack module: -2
08-02 10:53:51.890  5414  5414 I Radio-JNI: register_android_hardware_Radio DONE
08-02 10:53:51.897  5414  5414 D AndroidRuntime: Calling main entry com.android.commands.uiautomator.Launcher
08-02 10:53:52.915  5414  5414 W AccessibilityNodeInfoDumper: Fetch time: 4ms
08-02 10:53:52.915   624  1052 W WindowManager: Attempted to remove non-existing token: android.os.Binder@1c92353
08-02 10:53:52.929  5414  5414 D AndroidRuntime: Shutting down VM
08-02 10:53:54.083  5437  5437 D AndroidRuntime: >>>>>> START com.android.internal.os.RuntimeInit uid 0 <<<<<<
08-02 10:53:54.084  5437  5437 D AndroidRuntime: CheckJNI is OFF
08-02 10:53:54.094  5437  5437 D ICU     : No timezone override file found: /data/misc/zoneinfo/current/icu/icu_tzdata.dat
08-02 10:53:54.111  5437  5437 E memtrack: Couldn't load memtrack module (No such file or directory)
08-02 10:53:54.111  5437  5437 E android.os.Debug: failed to load memtrack module: -2
08-02 10:53:54.112  5437  5437 I Radio-JNI: register_android_hardware_Radio DONE
08-02 10:53:54.133  5437  5437 D AndroidRuntime: Calling main entry com.android.commands.uiautomator.Launcher
08-02 10:53:55.166  5437  5437 W AccessibilityNodeInfoDumper: Fetch time: 4ms
08-02 10:53:55.167   624   635 W WindowManager: Attempted to remove non-existing token: android.os.Binder@998490
08-02 10:53:55.178  5437  5437 D AndroidRuntime: Shutting down VM
08-02 10:53:55.676  5456  5456 D AndroidRuntime: >>>>>> START com.android.internal.os.RuntimeInit uid 0 <<<<<<
08-02 10:53:55.678  5456  5456 D AndroidRuntime: CheckJNI is OFF
08-02 10:53:55.688  5456  5456 D ICU     : No timezone override file found: /data/misc/zoneinfo/current/icu/icu_tzdata.dat
08-02 10:53:55.701  5456  5456 E memtrack: Couldn't load memtrack module (No such file or directory)
08-02 10:53:55.701  5456  5456 E android.os.Debug: failed to load memtrack module: -2
08-02 10:53:55.703  5456  5456 I Radio-JNI: register_android_hardware_Radio DONE
08-02 10:53:55.711  5456  5456 D AndroidRuntime: Calling main entry com.android.commands.uiautomator.Launcher
08-02 10:53:56.783  5456  5456 W AccessibilityNodeInfoDumper: Fetch time: 5ms
08-02 10:53:56.784   624  1113 W WindowManager: Attempted to remove non-existing token: android.os.Binder@fb2158e
08-02 10:53:56.810  5456  5456 D AndroidRuntime: Shutting down VM
08-02 10:53:57.981  5479  5479 D AndroidRuntime: >>>>>> START com.android.internal.os.RuntimeInit uid 0 <<<<<<
08-02 10:53:57.985  5479  5479 D AndroidRuntime: CheckJNI is OFF
08-02 10:53:57.996  5479  5479 D ICU     : No timezone override file found: /data/misc/zoneinfo/current/icu/icu_tzdata.dat
08-02 10:53:58.012  5479  5479 E memtrack: Couldn't load memtrack module (No such file or directory)
08-02 10:53:58.012  5479  5479 E android.os.Debug: failed to load memtrack module: -2
08-02 10:53:58.013  5479  5479 I Radio-JNI: register_android_hardware_Radio DONE
08-02 10:53:58.025  5479  5479 D AndroidRuntime: Calling main entry com.android.commands.uiautomator.Launcher
08-02 10:53:59.057  5479  5479 W AccessibilityNodeInfoDumper: Fetch time: 7ms
08-02 10:53:59.057   624   761 W WindowManager: Attempted to remove non-existing token: android.os.Binder@b38a1af
08-02 10:53:59.067  5479  5479 D AndroidRuntime: Shutting down VM
08-02 10:54:00.266  5507  5507 D AndroidRuntime: >>>>>> START com.android.internal.os.RuntimeInit uid 0 <<<<<<
08-02 10:54:00.271  5507  5507 D AndroidRuntime: CheckJNI is OFF
08-02 10:54:00.281  5507  5507 D ICU     : No timezone override file found: /data/misc/zoneinfo/current/icu/icu_tzdata.dat
08-02 10:54:00.294  5507  5507 E memtrack: Couldn't load memtrack module (No such file or directory)
08-02 10:54:00.294  5507  5507 E android.os.Debug: failed to load memtrack module: -2
08-02 10:54:00.295  5507  5507 I Radio-JNI: register_android_hardware_Radio DONE
08-02 10:54:00.300  5507  5507 D AndroidRuntime: Calling main entry com.android.commands.uiautomator.Launcher
08-02 10:54:01.318  5507  5507 W AccessibilityNodeInfoDumper: Fetch time: 5ms
08-02 10:54:01.319   624  1004 W WindowManager: Attempted to remove non-existing token: android.os.Binder@4ba59bc
08-02 10:54:01.328  5507  5507 D AndroidRuntime: Shutting down VM
08-02 10:54:02.464  5533  5533 D AndroidRuntime: >>>>>> START com.android.internal.os.RuntimeInit uid 0 <<<<<<
08-02 10:54:02.465  5533  5533 D AndroidRuntime: CheckJNI is OFF
08-02 10:54:02.478  5533  5533 D ICU     : No timezone override file found: /data/misc/zoneinfo/current/icu/icu_tzdata.dat
08-02 10:54:02.491  5533  5533 E memtrack: Couldn't load memtrack module (No such file or directory)
08-02 10:54:02.491  5533  5533 E android.os.Debug: failed to load memtrack module: -2
08-02 10:54:02.493  5533  5533 I Radio-JNI: register_android_hardware_Radio DONE
08-02 10:54:02.500  5533  5533 D AndroidRuntime: Calling main entry com.android.commands.uiautomator.Launcher
08-02 10:54:03.522  5533  5533 W AccessibilityNodeInfoDumper: Fetch time: 6ms
08-02 10:54:03.523   624  1660 W WindowManager: Attempted to remove non-existing token: android.os.Binder@e17ad45
08-02 10:54:03.536  5533  5533 D AndroidRuntime: Shutting down VM
08-02 10:54:04.062  5551  5551 D AndroidRuntime: >>>>>> START com.android.internal.os.RuntimeInit uid 0 <<<<<<
08-02 10:54:04.066  5551  5551 D AndroidRuntime: CheckJNI is OFF
08-02 10:54:04.080  5551  5551 D ICU     : No timezone override file found: /data/misc/zoneinfo/current/icu/icu_tzdata.dat
08-02 10:54:04.096  5551  5551 E memtrack: Couldn't load memtrack module (No such file or directory)
08-02 10:54:04.096  5551  5551 E android.os.Debug: failed to load memtrack module: -2
08-02 10:54:04.097  5551  5551 I Radio-JNI: register_android_hardware_Radio DONE
08-02 10:54:04.104  5551  5551 D AndroidRuntime: Calling main entry com.android.commands.uiautomator.Launcher
08-02 10:54:05.120  5551  5551 W AccessibilityNodeInfoDumper: Fetch time: 5ms
08-02 10:54:05.121   624  1113 W WindowManager: Attempted to remove non-existing token: android.os.Binder@f3dfc9a
08-02 10:54:05.128  5551  5551 D AndroidRuntime: Shutting down VM
08-02 10:54:05.617  5564  5564 D AndroidRuntime: >>>>>> START com.android.internal.os.RuntimeInit uid 0 <<<<<<
08-02 10:54:05.619  5564  5564 D AndroidRuntime: CheckJNI is OFF
08-02 10:54:05.633  5564  5564 D ICU     : No timezone override file found: /data/misc/zoneinfo/current/icu/icu_tzdata.dat
08-02 10:54:05.646  5564  5564 E memtrack: Couldn't load memtrack module (No such file or directory)
08-02 10:54:05.646  5564  5564 E android.os.Debug: failed to load memtrack module: -2
08-02 10:54:05.648  5564  5564 I Radio-JNI: register_android_hardware_Radio DONE
08-02 10:54:05.654  5564  5564 D AndroidRuntime: Calling main entry com.android.commands.am.Am
08-02 10:54:05.657   624   635 I ActivityManager: Force stopping org.afhdownloader appid=10060 user=0: from pid 5564
08-02 10:54:05.658   624   635 I ActivityManager: Killing 2071:org.afhdownloader/u0a60 (adj 0): stop org.afhdownloader
08-02 10:54:05.658   624   635 W libprocessgroup: failed to open /acct/uid_10060/pid_2071/cgroup.procs: No such file or directory
08-02 10:54:05.658   624   635 W ActivityManager: Scheduling restart of crashed service org.afhdownloader/.Download in 1000ms
08-02 10:54:05.661   624   635 W ActivityManager: Force removing ActivityRecord{322c33f u0 org.afhdownloader/.MainActivity t4}: app died, no saved state
08-02 10:54:05.663   624   643 E JavaBinder: !!! FAILED BINDER TRANSACTION !!!  (parcel size = 60)
08-02 10:54:05.678  5564  5564 D AndroidRuntime: Shutting down VM
08-02 10:54:05.699   624  1100 D GraphicsStats: Buffer count: 2
08-02 10:54:05.742  1556  1636 W EGL_emulation: eglSurfaceAttrib not implemented
08-02 10:54:05.742  1556  1636 W OpenGLRenderer: Failed to set EGL_SWAP_BEHAVIOR on surface 0xe11bfdc0, error=EGL_SUCCESS
08-02 10:54:05.761   624  1013 W InputMethodManagerService: Got RemoteException sending setActive(false) notification to pid 2071 uid 10060
08-02 10:54:06.303  1556  1636 V RenderScript: 0xde672000 Launching thread(s), CPUs 4
08-02 10:54:06.312  1556  1636 W OpenGLRenderer: Incorrectly called buildLayer on View: ShortcutAndWidgetContainer, destroying layer...
08-02 10:54:06.312  1556  1636 W OpenGLRenderer: Incorrectly called buildLayer on View: ShortcutAndWidgetContainer, destroying layer...
08-02 10:54:08.970  5587  5587 D AndroidRuntime: >>>>>> START com.android.internal.os.RuntimeInit uid 0 <<<<<<
08-02 10:54:08.972  5587  5587 D AndroidRuntime: CheckJNI is OFF
08-02 10:54:08.985  5587  5587 D ICU     : No timezone override file found: /data/misc/zoneinfo/current/icu/icu_tzdata.dat
08-02 10:54:08.996  5587  5587 E memtrack: Couldn't load memtrack module (No such file or directory)
08-02 10:54:08.996  5587  5587 E android.os.Debug: failed to load memtrack module: -2
08-02 10:54:08.997  5587  5587 I Radio-JNI: register_android_hardware_Radio DONE
08-02 10:54:09.005  5587  5587 D AndroidRuntime: Calling main entry com.android.commands.pm.Pm
08-02 10:54:09.009   624   638 I ActivityManager: Force stopping org.afhdownloader appid=10060 user=-1: uninstall pkg
08-02 10:54:09.033   624   647 I art     : Starting a blocking GC Explicit
08-02 10:54:09.046   624   647 I art     : Explicit concurrent mark sweep GC freed 6019(364KB) AllocSpace objects, 3(60KB) LOS objects, 33% free, 5MB/8MB, paused 617us total 13.044ms
08-02 10:54:09.064   624   647 W PackageManager: Couldn't remove dex file for package:  at location /data/app/org.afhdownloader-1/base.apk, retcode=-1
08-02 10:54:09.085  5587  5587 I art     : System.exit called, status: 0
08-02 10:54:09.085  5587  5587 I AndroidRuntime: VM exiting with result code 0.
08-02 10:54:09.089   624   647 I ActivityManager: Force stopping org.afhdownloader appid=10060 user=0: pkg removed
08-02 10:54:09.105   862  5599 D VoicemailCleanupService: Cleaning up data for package: org.afhdownloader
08-02 10:54:09.106   963  1234 I LatinIME:LogUtils: Dictionary info: dictionary = main:en ; version = 54 ; date = 1414726273
08-02 10:54:09.115   624   677 I InputReader: Reconfiguring input devices.  changes=0x00000010
08-02 10:54:09.116   624   624 D JobSchedulerService: Receieved: android.intent.action.PACKAGE_REMOVED
08-02 10:54:09.271  1028  1028 D CarrierServiceBindHelper: Receive action: android.intent.action.PACKAGE_REMOVED
08-02 10:54:09.326   624   636 I ActivityManager: Start proc 5604:com.android.keychain/1000 for broadcast com.android.keychain/.KeyChainBroadcastReceiver
08-02 10:54:09.332   624   639 W art     : Long monitor contention event with owner method=void com.android.server.am.BroadcastQueue.processNextBroadcast(boolean) from BroadcastQueue.java:639 waiters=1 for 197ms
08-02 10:54:09.346   624  1660 W art     : Long monitor contention event with owner method=void com.android.server.am.BroadcastQueue.processNextBroadcast(boolean) from BroadcastQueue.java:639 waiters=1 for 208ms
08-02 10:54:09.360   624   761 W art     : Long monitor contention event with owner method=void com.android.server.am.BroadcastQueue.processNextBroadcast(boolean) from BroadcastQueue.java:639 waiters=2 for 173ms
08-02 10:54:09.407  5604  5604 E libprocessgroup: failed to make and chown /acct/uid_1000: Read-only file system
08-02 10:54:09.410  5604  5604 W Zygote  : createProcessGroup failed, kernel missing CONFIG_CGROUP_CPUACCT?
08-02 10:54:10.056  5604  5604 W System  : ClassLoader referenced unknown path: /system/app/KeyChain/lib/x86
08-02 10:54:10.074  5604  5604 W ContextImpl: Calling a method in the system process without a qualified user: android.app.ContextImpl.startService:1221 android.content.ContextWrapper.startService:581 android.content.ContextWrapper.startService:581 com.android.keychain.KeyChainBroadcastReceiver.onReceive:12 android.app.ActivityThread.handleReceiver:2725 
08-02 10:54:10.598   624   624 I ActivityManager: Start proc 5619:com.android.documentsui/u0a33 for broadcast com.android.documentsui/.PackageReceiver
08-02 10:54:10.660  5619  5619 E libprocessgroup: failed to make and chown /acct/uid_10033: Read-only file system
08-02 10:54:10.678  5619  5619 W Zygote  : createProcessGroup failed, kernel missing CONFIG_CGROUP_CPUACCT?
08-02 10:54:10.955   624  1004 I ActivityManager: Killing 1189:android.process.media/u0a6 (adj 15): empty #17
08-02 10:54:10.959   624  1004 W libprocessgroup: failed to open /acct/uid_10006/pid_1189/cgroup.procs: No such file or directory
08-02 10:54:10.967  5619  5619 W System  : ClassLoader referenced unknown path: /system/app/DocumentsUI/lib/x86
08-02 10:54:11.024   624   761 I ActivityManager: Start proc 5636:android.process.media/u0a6 for content provider com.android.providers.downloads/.DownloadStorageProvider
08-02 10:54:11.041   624   762 I ActivityManager: Killing 1858:com.android.onetimeinitializer/u0a11 (adj 15): empty #17
08-02 10:54:11.041   624   762 W libprocessgroup: failed to open /acct/uid_10011/pid_1858/cgroup.procs: No such file or directory
08-02 10:54:11.053  5636  5636 E libprocessgroup: failed to make and chown /acct/uid_10006: Read-only file system
08-02 10:54:11.053  5636  5636 W Zygote  : createProcessGroup failed, kernel missing CONFIG_CGROUP_CPUACCT?
08-02 10:54:11.083  5636  5636 W System  : ClassLoader referenced unknown path: /system/priv-app/DownloadProvider/lib/x86
08-02 10:54:11.089  5636  5636 W System  : ClassLoader referenced unknown path: /system/priv-app/MediaProvider/lib/x86
08-02 10:54:11.134   624  1660 I ActivityManager: Start proc 5655:com.android.externalstorage/u0a7 for content provider com.android.externalstorage/.ExternalStorageProvider
08-02 10:54:11.141   624   636 I ActivityManager: Killing 1501:com.android.calendar/u0a24 (adj 15): empty #17
08-02 10:54:11.141   624   636 W libprocessgroup: failed to open /acct/uid_10024/pid_1501/cgroup.procs: No such file or directory
08-02 10:54:11.160  5655  5655 E libprocessgroup: failed to make and chown /acct/uid_10007: Read-only file system
08-02 10:54:11.160  5655  5655 W Zygote  : createProcessGroup failed, kernel missing CONFIG_CGROUP_CPUACCT?
08-02 10:54:11.171  5634  5634 D AndroidRuntime: >>>>>> START com.android.internal.os.RuntimeInit uid 0 <<<<<<
08-02 10:54:11.173  5634  5634 D AndroidRuntime: CheckJNI is OFF
08-02 10:54:11.173   624  1004 I ActivityManager: Killing 1875:com.android.camera2/u0a25 (adj 15): empty #17
08-02 10:54:11.173   624  1004 W libprocessgroup: failed to open /acct/uid_10025/pid_1875/cgroup.procs: No such file or directory
08-02 10:54:11.180  5655  5655 W System  : ClassLoader referenced unknown path: /system/priv-app/ExternalStorageProvider/lib/x86
08-02 10:54:11.182  5655  5655 D ExternalStorage: After updating volumes, found 1 active roots
08-02 10:54:11.192  5634  5634 D ICU     : No timezone override file found: /data/misc/zoneinfo/current/icu/icu_tzdata.dat
08-02 10:54:11.199  5619  5635 D Documents: Update found 6 roots in 187ms
08-02 10:54:11.211  5619  5669 D Documents: Update found 6 roots in 23ms
08-02 10:54:11.221  5634  5634 E memtrack: Couldn't load memtrack module (No such file or directory)
08-02 10:54:11.221  5634  5634 E android.os.Debug: failed to load memtrack module: -2
08-02 10:54:11.223  5634  5634 I Radio-JNI: register_android_hardware_Radio DONE
08-02 10:54:11.232  5634  5634 D AndroidRuntime: Calling main entry com.android.commands.pm.Pm
08-02 10:54:11.250  2011  2023 D DefContainer: Copying /data/local/tmp/afh_download-release-unsigned_SINK.apk to base.apk
08-02 10:54:11.258   624   647 W PackageParser: Unknown element under <manifest>: meta-data at /data/app/vmdl1938919182.tmp/base.apk Binary XML file line #16
08-02 10:54:11.344   624   647 I PackageManager.DexOptimizer: Running dexopt (dex2oat) on: /data/app/vmdl1938919182.tmp/base.apk pkg=org.afhdownloader isa=x86 vmSafeMode=false debuggable=false oatDir = /data/app/vmdl1938919182.tmp/oat
08-02 10:54:11.352  5678  5678 W dex2oat : Unexpected CPU variant for X86 using defaults: x86
08-02 10:54:11.352  5678  5678 I dex2oat : Starting dex2oat.
08-02 10:54:11.352  5678  5678 E cutils-trace: Error opening trace file: Permission denied (13)
08-02 10:54:11.450  5678  5682 W dex2oat : Before Android 4.1, method int android.support.v7.widget.ListViewCompat.lookForSelectablePosition(int, boolean) would have incorrectly overridden the package-private method in android.widget.ListView
08-02 10:54:11.466  5678  5682 W dex2oat : Before Android 4.1, method android.graphics.PorterDuffColorFilter android.support.graphics.drawable.VectorDrawableCompat.updateTintFilter(android.graphics.PorterDuffColorFilter, android.content.res.ColorStateList, android.graphics.PorterDuff$Mode) would have incorrectly overridden the package-private method in android.graphics.drawable.Drawable
08-02 10:54:11.543   624  1398 D NetlinkSocketObserver: NeighborEvent{elapsedMs=369312, 10.0.3.2, [525400123502], RTM_NEWNEIGH, NUD_STALE}
08-02 10:54:12.509  5678  5678 I dex2oat : dex2oat took 1.156s (threads: 4) arena alloc=8MB java alloc=3MB native alloc=20MB free=3MB
08-02 10:54:12.611   624   647 W Settings: Setting install_non_market_apps has moved from android.provider.Settings.Global to android.provider.Settings.Secure, returning read-only value.
08-02 10:54:12.611   624   647 I art     : Starting a blocking GC Explicit
08-02 10:54:12.618   624   647 I art     : Explicit concurrent mark sweep GC freed 10561(661KB) AllocSpace objects, 4(80KB) LOS objects, 33% free, 5MB/8MB, paused 218us total 7.678ms
08-02 10:54:12.621  5634  5634 I art     : System.exit called, status: 0
08-02 10:54:12.621  5634  5634 I AndroidRuntime: VM exiting with result code 0.
08-02 10:54:12.622  5619  5684 D Documents: Update found 6 roots in 1ms
08-02 10:54:12.650   624   677 I InputReader: Reconfiguring input devices.  changes=0x00000010
08-02 10:54:12.710  1028  1028 D CarrierServiceBindHelper: Receive action: android.intent.action.PACKAGE_ADDED
08-02 10:54:12.717   624   637 W VoiceInteractionManagerService: no available voice recognition services found for user 0
08-02 10:54:12.732  1028  1028 D CarrierServiceBindHelper: mHandler: 3
08-02 10:54:12.732  1028  1028 D CarrierConfigLoader: mHandler: 9 phoneId: 0
08-02 10:54:13.053  5693  5693 D AndroidRuntime: >>>>>> START com.android.internal.os.RuntimeInit uid 0 <<<<<<
08-02 10:54:13.056  5693  5693 D AndroidRuntime: CheckJNI is OFF
08-02 10:54:13.075  5693  5693 D ICU     : No timezone override file found: /data/misc/zoneinfo/current/icu/icu_tzdata.dat
08-02 10:54:13.096  5693  5693 E memtrack: Couldn't load memtrack module (No such file or directory)
08-02 10:54:13.096  5693  5693 E android.os.Debug: failed to load memtrack module: -2
08-02 10:54:13.097  5693  5693 I Radio-JNI: register_android_hardware_Radio DONE
08-02 10:54:13.108  5693  5693 D AndroidRuntime: Calling main entry com.android.commands.monkey.Monkey
08-02 10:54:13.128   624   638 W BroadcastQueue: Skipping deliver [background] BroadcastRecord{73c9e80 u-1 android.net.conn.CONNECTIVITY_CHANGE} to ReceiverList{41aacb9 5693 (unknown name)/0/u-1 remote:4d473b2}: process crashing
08-02 10:54:13.134   624  1113 I ActivityManager: START u0 {act=android.intent.action.MAIN cat=[android.intent.category.LAUNCHER] flg=0x10200000 cmp=org.afhdownloader/.MainActivity} from uid 0 on display 0
08-02 10:54:13.162   624  1100 I ActivityManager: Start proc 5702:org.afhdownloader/u0a61 for activity org.afhdownloader/.MainActivity
08-02 10:54:13.163   624   639 D Sensors : batch handle 1, but there is no batch sensor in genymotion
08-02 10:54:13.186  5693  5693 I art     : System.exit called, status: 0
08-02 10:54:13.186  5693  5693 I AndroidRuntime: VM exiting with result code 0.
08-02 10:54:13.207  5702  5702 E libprocessgroup: failed to make and chown /acct/uid_10061: Read-only file system
08-02 10:54:13.207  5702  5702 W Zygote  : createProcessGroup failed, kernel missing CONFIG_CGROUP_CPUACCT?
08-02 10:54:13.226  5702  5702 W System  : ClassLoader referenced unknown path: /data/app/org.afhdownloader-1/lib/x86
08-02 10:54:13.255  5702  5713 W art     : Suspending all threads took: 7.265ms
08-02 10:54:13.352  5702  5713 I art     : Background sticky concurrent mark sweep GC freed 8724(389KB) AllocSpace objects, 0(0B) LOS objects, 71% free, 653KB/2MB, paused 28.206ms total 123.526ms
08-02 10:54:13.476  5702  5702 W art     : Before Android 4.1, method android.graphics.PorterDuffColorFilter android.support.graphics.drawable.VectorDrawableCompat.updateTintFilter(android.graphics.PorterDuffColorFilter, android.content.res.ColorStateList, android.graphics.PorterDuff$Mode) would have incorrectly overridden the package-private method in android.graphics.drawable.Drawable
08-02 10:54:13.483  5702  5702 D leak-38-0: Eastern Standard Time
08-02 10:54:13.543  5702  5702 D leak-75-0: Eastern Standard Time
08-02 10:54:13.543  5702  5702 D leak-75-1: Eastern Standard Time
08-02 10:54:13.543  5702  5702 D leak-76-1: Eastern Standard Time
08-02 10:54:13.730  5702  5702 D leak-38-2: Eastern Standard Time
08-02 10:54:13.730  5702  5702 D leak-40-2: Eastern Standard Time
08-02 10:54:13.730  5702  5702 D leak-38-5: Eastern Standard Time
08-02 10:54:13.748  5702  5702 D leak-40-5: Eastern Standard Time
08-02 10:54:13.754  5702  5702 D leak-43-5: Eastern Standard Time
08-02 10:54:13.807  5702  5702 D leak-38-6: Eastern Standard Time
08-02 10:54:13.812  5702  5702 D leak-40-6: Eastern Standard Time
08-02 10:54:13.812  5702  5702 D leak-43-6: Eastern Standard Time
08-02 10:54:13.812  5702  5702 D leak-44-6: Eastern Standard Time
08-02 10:54:13.813  5702  5702 D leak-38-7: Eastern Standard Time
08-02 10:54:13.813  5702  5702 D leak-40-7: Eastern Standard Time
08-02 10:54:13.813  5702  5702 D leak-43-7: Eastern Standard Time
08-02 10:54:13.813  5702  5702 D leak-44-7: Eastern Standard Time
08-02 10:54:13.813  5702  5702 D leak-45-7: Eastern Standard Time
08-02 10:54:13.940  5702  5702 D leak-38-19: Eastern Standard Time
08-02 10:54:13.945  5702  5702 D leak-40-19: Eastern Standard Time
08-02 10:54:13.945  5702  5702 D leak-43-19: Eastern Standard Time
08-02 10:54:13.945  5702  5702 D leak-44-19: Eastern Standard Time
08-02 10:54:13.945  5702  5702 D leak-45-19: Eastern Standard Time
08-02 10:54:13.945  5702  5702 D leak-64-19: Eastern Standard Time
08-02 10:54:14.167  5702  5719 D OpenGLRenderer: Use EGL_SWAP_BEHAVIOR_PRESERVED: true
08-02 10:54:14.230  5702  5702 D         : HostConnection::get() New Host Connection established 0xe9b1fbf0, tid 5702
08-02 10:54:14.706  5702  5702 D leak-3-0: Eastern Standard Time
08-02 10:54:14.743  5702  5721 D leak-3-2: Eastern Standard Time
08-02 10:54:14.743  5702  5721 D leak-6-2: Eastern Standard Time
08-02 10:54:14.744  5702  5721 D leak-5-0: Eastern Standard Time
08-02 10:54:14.744  5702  5721 D leak-3-4: Eastern Standard Time
08-02 10:54:14.744  5702  5721 D leak-6-4: Eastern Standard Time
08-02 10:54:14.744  5702  5721 D leak-9-4: Eastern Standard Time
08-02 10:54:14.744  5702  5721 D afhdownloader_Download: Fetch: https://androidfilehost.com/?w=files&flid=39788
08-02 10:54:15.278  5702  5719 D libEGL  : loaded /system/lib/egl/libEGL_emulation.so
08-02 10:54:15.292  5702  5719 D libEGL  : loaded /system/lib/egl/libGLESv1_CM_emulation.so
08-02 10:54:15.308  5702  5719 D libEGL  : loaded /system/lib/egl/libGLESv2_emulation.so
08-02 10:54:15.327  5702  5719 D         : HostConnection::get() New Host Connection established 0xe9b1fe00, tid 5719
08-02 10:54:15.803  5702  5719 I OpenGLRenderer: Initialized EGL, version 1.4
08-02 10:54:16.072  5702  5713 I art     : Background sticky concurrent mark sweep GC freed 4847(403KB) AllocSpace objects, 11(580KB) LOS objects, 4% free, 2MB/2MB, paused 329us total 156.524ms
08-02 10:54:16.159  5702  5713 W art     : Suspending all threads took: 8.064ms
08-02 10:54:16.200  5702  5713 I art     : Background partial concurrent mark sweep GC freed 4557(282KB) AllocSpace objects, 2(264KB) LOS objects, 39% free, 2MB/3MB, paused 20.792ms total 125.227ms
08-02 10:54:16.479  5702  5713 I art     : Background sticky concurrent mark sweep GC freed 12608(712KB) AllocSpace objects, 3(92KB) LOS objects, 18% free, 2MB/3MB, paused 2.248ms total 203.380ms
08-02 10:54:17.156  5702  5719 W EGL_emulation: eglSurfaceAttrib not implemented
08-02 10:54:17.166  5702  5719 W OpenGLRenderer: Failed to set EGL_SWAP_BEHAVIOR on surface 0xdff84340, error=EGL_SUCCESS
08-02 10:54:17.355  5702  5702 I Choreographer: Skipped 154 frames!  The application may be doing too much work on its main thread.
08-02 10:54:17.727   624   643 I Choreographer: Skipped 268 frames!  The application may be doing too much work on its main thread.
08-02 10:54:17.766  1556  1636 E Surface : getSlotFromBufferLocked: unknown buffer: 0xde642000
08-02 10:54:17.968  5702  5702 D leak-38-8: Eastern Standard Time
08-02 10:54:17.968  5702  5702 D leak-40-8: Eastern Standard Time
08-02 10:54:17.968  5702  5702 D leak-43-8: Eastern Standard Time
08-02 10:54:17.968  5702  5702 D leak-44-8: Eastern Standard Time
08-02 10:54:17.968  5702  5702 D leak-45-8: Eastern Standard Time
08-02 10:54:17.968  5702  5702 D leak-46-8: Eastern Standard Time
08-02 10:54:17.968  5702  5702 D leak-64-8: Eastern Standard Time
08-02 10:54:17.970  5702  5702 D leak-3-3: Eastern Standard Time
08-02 10:54:17.970  5702  5702 D leak-6-3: Eastern Standard Time
08-02 10:54:17.970  5702  5702 D leak-8-3: Eastern Standard Time
08-02 10:54:17.970  5702  5702 D leak-9-3: Eastern Standard Time
08-02 10:54:17.987  5702  5702 D leak-5-1: Eastern Standard Time
08-02 10:54:17.987  5702  5702 D leak-7-1: Eastern Standard Time
08-02 10:54:17.987  5702  5702 D leak-38-16: Eastern Standard Time
08-02 10:54:17.987  5702  5702 D leak-40-16: Eastern Standard Time
08-02 10:54:17.988  5702  5702 D leak-43-16: Eastern Standard Time
08-02 10:54:17.988  5702  5702 D leak-44-16: Eastern Standard Time
08-02 10:54:17.988  5702  5702 D leak-45-16: Eastern Standard Time
08-02 10:54:17.988  5702  5702 D leak-46-16: Eastern Standard Time
08-02 10:54:17.990  5702  5702 D leak-55-16: Eastern Standard Time
08-02 10:54:17.990  5702  5702 D leak-64-16: Eastern Standard Time
08-02 10:54:17.999  5702  5702 W afhdownloader_MainActivity: Download
08-02 10:54:18.007  5702  5702 D leak-107-0: Eastern Standard Time
08-02 10:54:18.010  5702  5702 D leak-88-0: Eastern Standard Time
08-02 10:54:18.010  5702  5702 I Choreographer: Skipped 36 frames!  The application may be doing too much work on its main thread.
08-02 10:54:18.011  5702  5702 D leak-107-1: Eastern Standard Time
08-02 10:54:18.011  5702  5702 D leak-108-1: Eastern Standard Time
08-02 10:54:18.012  5702  5702 D leak-107-1: Eastern Standard Time
08-02 10:54:18.012  5702  5702 D leak-108-1: Eastern Standard Time
08-02 10:54:18.013  5702  5702 D leak-107-1: Eastern Standard Time
08-02 10:54:18.013  5702  5702 D leak-108-1: Eastern Standard Time
08-02 10:54:18.013  5702  5702 D leak-107-1: Eastern Standard Time
08-02 10:54:18.013  5702  5702 D leak-108-1: Eastern Standard Time
08-02 10:54:18.013  5702  5702 D leak-107-1: Eastern Standard Time
08-02 10:54:18.013  5702  5702 D leak-108-1: Eastern Standard Time
08-02 10:54:18.013  5702  5702 D leak-107-1: Eastern Standard Time
08-02 10:54:18.013  5702  5702 D leak-108-1: Eastern Standard Time
08-02 10:54:18.014  5702  5702 D leak-107-1: Eastern Standard Time
08-02 10:54:18.014  5702  5702 D leak-108-1: Eastern Standard Time
08-02 10:54:18.014  5702  5702 D leak-107-1: Eastern Standard Time
08-02 10:54:18.014  5702  5702 D leak-108-1: Eastern Standard Time
08-02 10:54:18.014  5702  5702 D leak-107-1: Eastern Standard Time
08-02 10:54:18.014  5702  5702 D leak-108-1: Eastern Standard Time
08-02 10:54:18.014  5702  5702 D leak-107-1: Eastern Standard Time
08-02 10:54:18.014  5702  5702 D leak-108-1: Eastern Standard Time
08-02 10:54:18.014  5702  5702 D leak-107-1: Eastern Standard Time
08-02 10:54:18.014  5702  5702 D leak-108-1: Eastern Standard Time
08-02 10:54:18.014  5702  5702 D leak-107-1: Eastern Standard Time
08-02 10:54:18.014  5702  5702 D leak-108-1: Eastern Standard Time
08-02 10:54:18.014  5702  5702 D leak-107-1: Eastern Standard Time
08-02 10:54:18.014  5702  5702 D leak-108-1: Eastern Standard Time
08-02 10:54:18.014  5702  5702 D leak-107-1: Eastern Standard Time
08-02 10:54:18.015  5702  5702 D leak-108-1: Eastern Standard Time
08-02 10:54:18.015  5702  5702 D leak-107-1: Eastern Standard Time
08-02 10:54:18.015  5702  5702 D leak-108-1: Eastern Standard Time
08-02 10:54:18.015  5702  5702 D leak-107-1: Eastern Standard Time
08-02 10:54:18.015  5702  5702 D leak-108-1: Eastern Standard Time
08-02 10:54:18.015  5702  5702 D leak-107-1: Eastern Standard Time
08-02 10:54:18.015  5702  5702 D leak-108-1: Eastern Standard Time
08-02 10:54:18.015  5702  5702 D leak-107-1: Eastern Standard Time
08-02 10:54:18.015  5702  5702 D leak-108-1: Eastern Standard Time
08-02 10:54:18.018  5702  5702 D leak-107-1: Eastern Standard Time
08-02 10:54:18.018  5702  5702 D leak-108-1: Eastern Standard Time
08-02 10:54:18.018  5702  5702 D leak-107-1: Eastern Standard Time
08-02 10:54:18.018  5702  5702 D leak-108-1: Eastern Standard Time
08-02 10:54:18.018  5702  5702 D leak-107-1: Eastern Standard Time
08-02 10:54:18.018  5702  5702 D leak-108-1: Eastern Standard Time
08-02 10:54:18.018  5702  5702 D leak-107-1: Eastern Standard Time
08-02 10:54:18.018  5702  5702 D leak-108-1: Eastern Standard Time
08-02 10:54:18.018  5702  5702 D leak-107-1: Eastern Standard Time
08-02 10:54:18.018  5702  5702 D leak-108-1: Eastern Standard Time
08-02 10:54:18.018  5702  5702 D leak-107-1: Eastern Standard Time
08-02 10:54:18.018  5702  5702 D leak-108-1: Eastern Standard Time
08-02 10:54:18.018  5702  5702 D leak-107-1: Eastern Standard Time
08-02 10:54:18.018  5702  5702 D leak-108-1: Eastern Standard Time
08-02 10:54:18.019  5702  5702 D leak-107-1: Eastern Standard Time
08-02 10:54:18.019  5702  5702 D leak-108-1: Eastern Standard Time
08-02 10:54:18.019  5702  5702 D leak-107-1: Eastern Standard Time
08-02 10:54:18.019  5702  5702 D leak-108-1: Eastern Standard Time
08-02 10:54:18.019  5702  5702 D leak-107-1: Eastern Standard Time
08-02 10:54:18.019  5702  5702 D leak-108-1: Eastern Standard Time
08-02 10:54:18.019  5702  5702 D leak-107-1: Eastern Standard Time
08-02 10:54:18.019  5702  5702 D leak-108-1: Eastern Standard Time
08-02 10:54:18.020  5702  5702 D leak-107-1: Eastern Standard Time
08-02 10:54:18.020  5702  5702 D leak-108-1: Eastern Standard Time
08-02 10:54:18.023  5702  5702 D leak-107-1: Eastern Standard Time
08-02 10:54:18.023  5702  5702 D leak-108-1: Eastern Standard Time
08-02 10:54:18.027  5702  5702 D leak-107-1: Eastern Standard Time
08-02 10:54:18.027  5702  5702 D leak-108-1: Eastern Standard Time
08-02 10:54:18.027  5702  5702 D leak-107-1: Eastern Standard Time
08-02 10:54:18.028  5702  5702 D leak-108-1: Eastern Standard Time
08-02 10:54:18.028  5702  5702 D leak-107-1: Eastern Standard Time
08-02 10:54:18.028  5702  5702 D leak-108-1: Eastern Standard Time
08-02 10:54:18.031  5702  5702 D leak-107-1: Eastern Standard Time
08-02 10:54:18.031  5702  5702 D leak-108-1: Eastern Standard Time
08-02 10:54:18.032  5702  5702 D leak-107-1: Eastern Standard Time
08-02 10:54:18.034  5702  5702 D leak-108-1: Eastern Standard Time
08-02 10:54:18.034  5702  5702 D leak-107-1: Eastern Standard Time
08-02 10:54:18.034  5702  5702 D leak-108-1: Eastern Standard Time
08-02 10:54:18.034  5702  5702 D leak-107-1: Eastern Standard Time
08-02 10:54:18.034  5702  5702 D leak-108-1: Eastern Standard Time
08-02 10:54:18.035  5702  5702 D leak-107-1: Eastern Standard Time
08-02 10:54:18.035  5702  5702 D leak-108-1: Eastern Standard Time
08-02 10:54:18.035  5702  5702 D leak-107-1: Eastern Standard Time
08-02 10:54:18.035  5702  5702 D leak-108-1: Eastern Standard Time
08-02 10:54:18.035  5702  5702 D leak-107-1: Eastern Standard Time
08-02 10:54:18.035  5702  5702 D leak-108-1: Eastern Standard Time
08-02 10:54:18.035  5702  5702 D leak-107-1: Eastern Standard Time
08-02 10:54:18.035  5702  5702 D leak-108-1: Eastern Standard Time
08-02 10:54:18.319   624   643 I ActivityManager: Displayed org.afhdownloader/.MainActivity: +5s168ms
08-02 10:54:18.516  5728  5728 D AndroidRuntime: >>>>>> START com.android.internal.os.RuntimeInit uid 0 <<<<<<
08-02 10:54:18.523  5728  5728 D AndroidRuntime: CheckJNI is OFF
08-02 10:54:18.541  5728  5728 D ICU     : No timezone override file found: /data/misc/zoneinfo/current/icu/icu_tzdata.dat
08-02 10:54:18.554  5728  5728 E memtrack: Couldn't load memtrack module (No such file or directory)
08-02 10:54:18.554  5728  5728 E android.os.Debug: failed to load memtrack module: -2
08-02 10:54:18.555  5728  5728 I Radio-JNI: register_android_hardware_Radio DONE
08-02 10:54:18.563  5728  5728 D AndroidRuntime: Calling main entry com.android.commands.content.Content
08-02 10:54:18.581  5728  5728 D AndroidRuntime: Shutting down VM
08-02 10:54:18.936  5739  5739 D AndroidRuntime: >>>>>> START com.android.internal.os.RuntimeInit uid 0 <<<<<<
08-02 10:54:18.938  5739  5739 D AndroidRuntime: CheckJNI is OFF
08-02 10:54:18.947  5739  5739 D ICU     : No timezone override file found: /data/misc/zoneinfo/current/icu/icu_tzdata.dat
08-02 10:54:18.962  5739  5739 E memtrack: Couldn't load memtrack module (No such file or directory)
08-02 10:54:18.962  5739  5739 E android.os.Debug: failed to load memtrack module: -2
08-02 10:54:18.963  5739  5739 I Radio-JNI: register_android_hardware_Radio DONE
08-02 10:54:18.972  5739  5739 D AndroidRuntime: Calling main entry com.android.commands.content.Content
08-02 10:54:18.976  5739  5739 D AndroidRuntime: Shutting down VM
08-02 10:54:19.801   624  1398 D NetlinkSocketObserver: NeighborEvent{elapsedMs=377569, 10.0.3.2, [525400123502], RTM_NEWNEIGH, NUD_REACHABLE}
08-02 10:54:20.049  5761  5761 D AndroidRuntime: >>>>>> START com.android.internal.os.RuntimeInit uid 0 <<<<<<
08-02 10:54:20.050  5761  5761 D AndroidRuntime: CheckJNI is OFF
08-02 10:54:20.061  5761  5761 D ICU     : No timezone override file found: /data/misc/zoneinfo/current/icu/icu_tzdata.dat
08-02 10:54:20.075  5761  5761 E memtrack: Couldn't load memtrack module (No such file or directory)
08-02 10:54:20.075  5761  5761 E android.os.Debug: failed to load memtrack module: -2
08-02 10:54:20.077  5761  5761 I Radio-JNI: register_android_hardware_Radio DONE
08-02 10:54:20.083  5761  5761 D AndroidRuntime: Calling main entry com.android.commands.uiautomator.Launcher
08-02 10:54:21.106  5761  5761 W AccessibilityNodeInfoDumper: Fetch time: 8ms
08-02 10:54:21.107   624  1660 W WindowManager: Attempted to remove non-existing token: android.os.Binder@ee1ee5e
08-02 10:54:21.125  5761  5761 D AndroidRuntime: Shutting down VM
08-02 10:54:21.658  5779  5779 D AndroidRuntime: >>>>>> START com.android.internal.os.RuntimeInit uid 0 <<<<<<
08-02 10:54:21.661  5779  5779 D AndroidRuntime: CheckJNI is OFF
08-02 10:54:21.673  5779  5779 D ICU     : No timezone override file found: /data/misc/zoneinfo/current/icu/icu_tzdata.dat
08-02 10:54:21.689  5779  5779 E memtrack: Couldn't load memtrack module (No such file or directory)
08-02 10:54:21.689  5779  5779 E android.os.Debug: failed to load memtrack module: -2
08-02 10:54:21.690  5779  5779 I Radio-JNI: register_android_hardware_Radio DONE
08-02 10:54:21.697  5779  5779 D AndroidRuntime: Calling main entry com.android.commands.uiautomator.Launcher
08-02 10:54:22.717  5779  5779 W AccessibilityNodeInfoDumper: Fetch time: 6ms
08-02 10:54:22.717   624   762 W WindowManager: Attempted to remove non-existing token: android.os.Binder@787523f
08-02 10:54:22.727  5779  5779 D AndroidRuntime: Shutting down VM
08-02 10:54:23.805  5802  5802 D AndroidRuntime: >>>>>> START com.android.internal.os.RuntimeInit uid 0 <<<<<<
08-02 10:54:23.806  5802  5802 D AndroidRuntime: CheckJNI is OFF
08-02 10:54:23.815  5802  5802 D ICU     : No timezone override file found: /data/misc/zoneinfo/current/icu/icu_tzdata.dat
08-02 10:54:23.827  5802  5802 E memtrack: Couldn't load memtrack module (No such file or directory)
08-02 10:54:23.827  5802  5802 E android.os.Debug: failed to load memtrack module: -2
08-02 10:54:23.828  5802  5802 I Radio-JNI: register_android_hardware_Radio DONE
08-02 10:54:23.836  5802  5802 D AndroidRuntime: Calling main entry com.android.commands.uiautomator.Launcher
08-02 10:54:24.853  5802  5802 W AccessibilityNodeInfoDumper: Fetch time: 5ms
08-02 10:54:24.853   624  1052 W WindowManager: Attempted to remove non-existing token: android.os.Binder@b67670c
08-02 10:54:24.861  5802  5802 D AndroidRuntime: Shutting down VM
08-02 10:54:26.033  5830  5830 D AndroidRuntime: >>>>>> START com.android.internal.os.RuntimeInit uid 0 <<<<<<
08-02 10:54:26.035  5830  5830 D AndroidRuntime: CheckJNI is OFF
08-02 10:54:26.045  5830  5830 D ICU     : No timezone override file found: /data/misc/zoneinfo/current/icu/icu_tzdata.dat
08-02 10:54:26.060  5830  5830 E memtrack: Couldn't load memtrack module (No such file or directory)
08-02 10:54:26.060  5830  5830 E android.os.Debug: failed to load memtrack module: -2
08-02 10:54:26.061  5830  5830 I Radio-JNI: register_android_hardware_Radio DONE
08-02 10:54:26.068  5830  5830 D AndroidRuntime: Calling main entry com.android.commands.uiautomator.Launcher
08-02 10:54:27.098  5830  5830 W AccessibilityNodeInfoDumper: Fetch time: 5ms
08-02 10:54:27.098   624   636 W WindowManager: Attempted to remove non-existing token: android.os.Binder@bb4b855
08-02 10:54:27.121  5830  5830 D AndroidRuntime: Shutting down VM
08-02 10:54:28.224  5856  5856 D AndroidRuntime: >>>>>> START com.android.internal.os.RuntimeInit uid 0 <<<<<<
08-02 10:54:28.226  5856  5856 D AndroidRuntime: CheckJNI is OFF
08-02 10:54:28.236  5856  5856 D ICU     : No timezone override file found: /data/misc/zoneinfo/current/icu/icu_tzdata.dat
08-02 10:54:28.250  5856  5856 E memtrack: Couldn't load memtrack module (No such file or directory)
08-02 10:54:28.250  5856  5856 E android.os.Debug: failed to load memtrack module: -2
08-02 10:54:28.250  5856  5856 I Radio-JNI: register_android_hardware_Radio DONE
08-02 10:54:28.256  5856  5856 D AndroidRuntime: Calling main entry com.android.commands.uiautomator.Launcher
08-02 10:54:29.274  5856  5856 W AccessibilityNodeInfoDumper: Fetch time: 6ms
08-02 10:54:29.275   624   762 W WindowManager: Attempted to remove non-existing token: android.os.Binder@7a8d35b
08-02 10:54:29.282  5856  5856 D AndroidRuntime: Shutting down VM
08-02 10:54:29.797  5874  5874 D AndroidRuntime: >>>>>> START com.android.internal.os.RuntimeInit uid 0 <<<<<<
08-02 10:54:29.798  5874  5874 D AndroidRuntime: CheckJNI is OFF
08-02 10:54:29.811  5874  5874 D ICU     : No timezone override file found: /data/misc/zoneinfo/current/icu/icu_tzdata.dat
08-02 10:54:29.826  5874  5874 E memtrack: Couldn't load memtrack module (No such file or directory)
08-02 10:54:29.826  5874  5874 E android.os.Debug: failed to load memtrack module: -2
08-02 10:54:29.827  5874  5874 I Radio-JNI: register_android_hardware_Radio DONE
08-02 10:54:29.836  5874  5874 D AndroidRuntime: Calling main entry com.android.commands.uiautomator.Launcher
08-02 10:54:30.865  5874  5874 W AccessibilityNodeInfoDumper: Fetch time: 13ms
08-02 10:54:30.865   624  1013 W WindowManager: Attempted to remove non-existing token: android.os.Binder@6a9e7f8
08-02 10:54:30.885  5874  5874 D AndroidRuntime: Shutting down VM
08-02 10:54:32.163  5897  5897 D AndroidRuntime: >>>>>> START com.android.internal.os.RuntimeInit uid 0 <<<<<<
08-02 10:54:32.165  5897  5897 D AndroidRuntime: CheckJNI is OFF
08-02 10:54:32.183  5897  5897 D ICU     : No timezone override file found: /data/misc/zoneinfo/current/icu/icu_tzdata.dat
08-02 10:54:32.202  5897  5897 E memtrack: Couldn't load memtrack module (No such file or directory)
08-02 10:54:32.202  5897  5897 E android.os.Debug: failed to load memtrack module: -2
08-02 10:54:32.204  5897  5897 I Radio-JNI: register_android_hardware_Radio DONE
08-02 10:54:32.215  5897  5897 D AndroidRuntime: Calling main entry com.android.commands.uiautomator.Launcher
08-02 10:54:33.242  5897  5897 W AccessibilityNodeInfoDumper: Fetch time: 6ms
08-02 10:54:33.242   624  1013 W WindowManager: Attempted to remove non-existing token: android.os.Binder@cd584d1
08-02 10:54:33.255  5897  5897 D AndroidRuntime: Shutting down VM
08-02 10:54:33.788  5915  5915 D AndroidRuntime: >>>>>> START com.android.internal.os.RuntimeInit uid 0 <<<<<<
08-02 10:54:33.792  5915  5915 D AndroidRuntime: CheckJNI is OFF
08-02 10:54:33.813  5915  5915 D ICU     : No timezone override file found: /data/misc/zoneinfo/current/icu/icu_tzdata.dat
08-02 10:54:33.835  5915  5915 E memtrack: Couldn't load memtrack module (No such file or directory)
08-02 10:54:33.835  5915  5915 E android.os.Debug: failed to load memtrack module: -2
08-02 10:54:33.838  5915  5915 I Radio-JNI: register_android_hardware_Radio DONE
08-02 10:54:33.853  5915  5915 D AndroidRuntime: Calling main entry com.android.commands.uiautomator.Launcher
08-02 10:54:34.894  5915  5915 W AccessibilityNodeInfoDumper: Fetch time: 6ms
08-02 10:54:34.894   624  1004 W WindowManager: Attempted to remove non-existing token: android.os.Binder@76b36
08-02 10:54:34.910  5915  5915 D AndroidRuntime: Shutting down VM
08-02 10:54:36.010  5939  5939 D AndroidRuntime: >>>>>> START com.android.internal.os.RuntimeInit uid 0 <<<<<<
08-02 10:54:36.014  5939  5939 D AndroidRuntime: CheckJNI is OFF
08-02 10:54:36.022  5939  5939 D ICU     : No timezone override file found: /data/misc/zoneinfo/current/icu/icu_tzdata.dat
08-02 10:54:36.035  5939  5939 E memtrack: Couldn't load memtrack module (No such file or directory)
08-02 10:54:36.035  5939  5939 E android.os.Debug: failed to load memtrack module: -2
08-02 10:54:36.037  5939  5939 I Radio-JNI: register_android_hardware_Radio DONE
08-02 10:54:36.044  5939  5939 D AndroidRuntime: Calling main entry com.android.commands.uiautomator.Launcher
08-02 10:54:37.063  5939  5939 W AccessibilityNodeInfoDumper: Fetch time: 6ms
08-02 10:54:37.064   624  1113 W WindowManager: Attempted to remove non-existing token: android.os.Binder@7974a37
08-02 10:54:37.086  5939  5939 D AndroidRuntime: Shutting down VM
08-02 10:54:37.554  5957  5957 D AndroidRuntime: >>>>>> START com.android.internal.os.RuntimeInit uid 0 <<<<<<
08-02 10:54:37.557  5957  5957 D AndroidRuntime: CheckJNI is OFF
08-02 10:54:37.568  5957  5957 D ICU     : No timezone override file found: /data/misc/zoneinfo/current/icu/icu_tzdata.dat
08-02 10:54:37.580  5957  5957 E memtrack: Couldn't load memtrack module (No such file or directory)
08-02 10:54:37.580  5957  5957 E android.os.Debug: failed to load memtrack module: -2
08-02 10:54:37.582  5957  5957 I Radio-JNI: register_android_hardware_Radio DONE
08-02 10:54:37.588  5957  5957 D AndroidRuntime: Calling main entry com.android.commands.uiautomator.Launcher
