08-02 10:54:38.232   624  1398 D NetlinkSocketObserver: NeighborEvent{elapsedMs=396001, 10.0.3.2, [525400123502], RTM_NEWNEIGH, NUD_STALE}
08-02 10:54:38.607  5957  5957 W AccessibilityNodeInfoDumper: Fetch time: 4ms
08-02 10:54:38.608   624  1660 W WindowManager: Attempted to remove non-existing token: android.os.Binder@1918ba4
08-02 10:54:38.616  5957  5957 D AndroidRuntime: Shutting down VM
08-02 10:54:39.719  5980  5980 D AndroidRuntime: >>>>>> START com.android.internal.os.RuntimeInit uid 0 <<<<<<
08-02 10:54:39.721  5980  5980 D AndroidRuntime: CheckJNI is OFF
08-02 10:54:39.732  5980  5980 D ICU     : No timezone override file found: /data/misc/zoneinfo/current/icu/icu_tzdata.dat
08-02 10:54:39.746  5980  5980 E memtrack: Couldn't load memtrack module (No such file or directory)
08-02 10:54:39.746  5980  5980 E android.os.Debug: failed to load memtrack module: -2
08-02 10:54:39.748  5980  5980 I Radio-JNI: register_android_hardware_Radio DONE
08-02 10:54:39.757  5980  5980 D AndroidRuntime: Calling main entry com.android.commands.uiautomator.Launcher
08-02 10:54:40.775  5980  5980 W AccessibilityNodeInfoDumper: Fetch time: 4ms
08-02 10:54:40.775   624  1113 W WindowManager: Attempted to remove non-existing token: android.os.Binder@85c9d0d
08-02 10:54:40.797  5980  5980 D AndroidRuntime: Shutting down VM
08-02 10:54:41.276  5998  5998 D AndroidRuntime: >>>>>> START com.android.internal.os.RuntimeInit uid 0 <<<<<<
08-02 10:54:41.277  5998  5998 D AndroidRuntime: CheckJNI is OFF
08-02 10:54:41.286  5998  5998 D ICU     : No timezone override file found: /data/misc/zoneinfo/current/icu/icu_tzdata.dat
08-02 10:54:41.299  5998  5998 E memtrack: Couldn't load memtrack module (No such file or directory)
08-02 10:54:41.299  5998  5998 E android.os.Debug: failed to load memtrack module: -2
08-02 10:54:41.300  5998  5998 I Radio-JNI: register_android_hardware_Radio DONE
08-02 10:54:41.308  5998  5998 D AndroidRuntime: Calling main entry com.android.commands.uiautomator.Launcher
08-02 10:54:42.336  5998  5998 W AccessibilityNodeInfoDumper: Fetch time: 5ms
08-02 10:54:42.336   624  1004 W WindowManager: Attempted to remove non-existing token: android.os.Binder@c5704c2
08-02 10:54:42.344  5998  5998 D AndroidRuntime: Shutting down VM
08-02 10:54:43.460  6023  6023 D AndroidRuntime: >>>>>> START com.android.internal.os.RuntimeInit uid 0 <<<<<<
08-02 10:54:43.461  6023  6023 D AndroidRuntime: CheckJNI is OFF
08-02 10:54:43.470  6023  6023 D ICU     : No timezone override file found: /data/misc/zoneinfo/current/icu/icu_tzdata.dat
08-02 10:54:43.487  6023  6023 E memtrack: Couldn't load memtrack module (No such file or directory)
08-02 10:54:43.487  6023  6023 E android.os.Debug: failed to load memtrack module: -2
08-02 10:54:43.488  6023  6023 I Radio-JNI: register_android_hardware_Radio DONE
08-02 10:54:43.496  6023  6023 D AndroidRuntime: Calling main entry com.android.commands.uiautomator.Launcher
08-02 10:54:44.514  6023  6023 W AccessibilityNodeInfoDumper: Fetch time: 3ms
08-02 10:54:44.514   624  1100 W WindowManager: Attempted to remove non-existing token: android.os.Binder@32dbe10
08-02 10:54:44.525  6023  6023 D AndroidRuntime: Shutting down VM
08-02 10:54:44.995  6041  6041 D AndroidRuntime: >>>>>> START com.android.internal.os.RuntimeInit uid 0 <<<<<<
08-02 10:54:44.996  6041  6041 D AndroidRuntime: CheckJNI is OFF
08-02 10:54:45.005  6041  6041 D ICU     : No timezone override file found: /data/misc/zoneinfo/current/icu/icu_tzdata.dat
08-02 10:54:45.018  6041  6041 E memtrack: Couldn't load memtrack module (No such file or directory)
08-02 10:54:45.018  6041  6041 E android.os.Debug: failed to load memtrack module: -2
08-02 10:54:45.019  6041  6041 I Radio-JNI: register_android_hardware_Radio DONE
08-02 10:54:45.027  6041  6041 D AndroidRuntime: Calling main entry com.android.commands.uiautomator.Launcher
08-02 10:54:46.045  6041  6041 W AccessibilityNodeInfoDumper: Fetch time: 4ms
08-02 10:54:46.045   624  1052 W WindowManager: Attempted to remove non-existing token: android.os.Binder@ac2fd09
08-02 10:54:46.059  6041  6041 D AndroidRuntime: Shutting down VM
08-02 10:54:46.483  6054  6054 D AndroidRuntime: >>>>>> START com.android.internal.os.RuntimeInit uid 0 <<<<<<
08-02 10:54:46.484  6054  6054 D AndroidRuntime: CheckJNI is OFF
08-02 10:54:46.496  6054  6054 D ICU     : No timezone override file found: /data/misc/zoneinfo/current/icu/icu_tzdata.dat
08-02 10:54:46.508  6054  6054 E memtrack: Couldn't load memtrack module (No such file or directory)
08-02 10:54:46.508  6054  6054 E android.os.Debug: failed to load memtrack module: -2
08-02 10:54:46.509  6054  6054 I Radio-JNI: register_android_hardware_Radio DONE
08-02 10:54:46.515  6054  6054 D AndroidRuntime: Calling main entry com.android.commands.input.Input
08-02 10:54:46.518  6054  6054 I Input   : injectMotionEvent: MotionEvent { action=ACTION_DOWN, actionButton=0, id[0]=0, x[0]=600.0, y[0]=844.0, toolType[0]=TOOL_TYPE_UNKNOWN, buttonState=0, metaState=0, flags=0x0, edgeFlags=0x0, pointerCount=1, historySize=0, eventTime=404283, downTime=404283, deviceId=0, source=0x1002 }
08-02 10:54:46.520  5702  5702 D leak-88-3: Eastern Standard Time
08-02 10:54:46.520  5702  5702 D leak-93-3: Eastern Standard Time
08-02 10:54:46.521  6054  6054 I Input   : injectMotionEvent: MotionEvent { action=ACTION_UP, actionButton=0, id[0]=0, x[0]=600.0, y[0]=844.0, toolType[0]=TOOL_TYPE_UNKNOWN, buttonState=0, metaState=0, flags=0x0, edgeFlags=0x0, pointerCount=1, historySize=0, eventTime=404283, downTime=404283, deviceId=0, source=0x1002 }
08-02 10:54:46.522  5702  5702 D leak-88-3: Eastern Standard Time
08-02 10:54:46.530  5702  5702 D leak-93-3: Eastern Standard Time
08-02 10:54:46.531  6054  6054 D AndroidRuntime: Shutting down VM
08-02 10:54:51.085  6388  6388 D AndroidRuntime: >>>>>> START com.android.internal.os.RuntimeInit uid 0 <<<<<<
08-02 10:54:51.086  6388  6388 D AndroidRuntime: CheckJNI is OFF
08-02 10:54:51.096  6388  6388 D ICU     : No timezone override file found: /data/misc/zoneinfo/current/icu/icu_tzdata.dat
08-02 10:54:51.109  6388  6388 E memtrack: Couldn't load memtrack module (No such file or directory)
08-02 10:54:51.109  6388  6388 E android.os.Debug: failed to load memtrack module: -2
08-02 10:54:51.110  6388  6388 I Radio-JNI: register_android_hardware_Radio DONE
08-02 10:54:51.115  6388  6388 D AndroidRuntime: Calling main entry com.android.commands.uiautomator.Launcher
08-02 10:54:52.146  6388  6388 W AccessibilityNodeInfoDumper: Fetch time: 10ms
08-02 10:54:52.147   624   635 W WindowManager: Attempted to remove non-existing token: android.os.Binder@c14ab0e
08-02 10:54:52.155  6388  6388 D AndroidRuntime: Shutting down VM
08-02 10:54:53.305  6411  6411 D AndroidRuntime: >>>>>> START com.android.internal.os.RuntimeInit uid 0 <<<<<<
08-02 10:54:53.306  6411  6411 D AndroidRuntime: CheckJNI is OFF
08-02 10:54:53.317  6411  6411 D ICU     : No timezone override file found: /data/misc/zoneinfo/current/icu/icu_tzdata.dat
08-02 10:54:53.330  6411  6411 E memtrack: Couldn't load memtrack module (No such file or directory)
08-02 10:54:53.330  6411  6411 E android.os.Debug: failed to load memtrack module: -2
08-02 10:54:53.332  6411  6411 I Radio-JNI: register_android_hardware_Radio DONE
08-02 10:54:53.338  6411  6411 D AndroidRuntime: Calling main entry com.android.commands.uiautomator.Launcher
08-02 10:54:54.369  6411  6411 W AccessibilityNodeInfoDumper: Fetch time: 5ms
08-02 10:54:54.370   624  1013 W WindowManager: Attempted to remove non-existing token: android.os.Binder@bbf492f
08-02 10:54:54.378  6411  6411 D AndroidRuntime: Shutting down VM
08-02 10:54:54.862  6429  6429 D AndroidRuntime: >>>>>> START com.android.internal.os.RuntimeInit uid 0 <<<<<<
08-02 10:54:54.863  6429  6429 D AndroidRuntime: CheckJNI is OFF
08-02 10:54:54.872  6429  6429 D ICU     : No timezone override file found: /data/misc/zoneinfo/current/icu/icu_tzdata.dat
08-02 10:54:54.885  6429  6429 E memtrack: Couldn't load memtrack module (No such file or directory)
08-02 10:54:54.885  6429  6429 E android.os.Debug: failed to load memtrack module: -2
08-02 10:54:54.886  6429  6429 I Radio-JNI: register_android_hardware_Radio DONE
08-02 10:54:54.892  6429  6429 D AndroidRuntime: Calling main entry com.android.commands.uiautomator.Launcher
08-02 10:54:55.917  6429  6429 W AccessibilityNodeInfoDumper: Fetch time: 5ms
08-02 10:54:55.917   624   761 W WindowManager: Attempted to remove non-existing token: android.os.Binder@218ab3c
08-02 10:54:55.923  6429  6429 D AndroidRuntime: Shutting down VM
08-02 10:54:56.987  6453  6453 D AndroidRuntime: >>>>>> START com.android.internal.os.RuntimeInit uid 0 <<<<<<
08-02 10:54:56.988  6453  6453 D AndroidRuntime: CheckJNI is OFF
08-02 10:54:57.000  6453  6453 D ICU     : No timezone override file found: /data/misc/zoneinfo/current/icu/icu_tzdata.dat
08-02 10:54:57.012  6453  6453 E memtrack: Couldn't load memtrack module (No such file or directory)
08-02 10:54:57.012  6453  6453 E android.os.Debug: failed to load memtrack module: -2
08-02 10:54:57.013  6453  6453 I Radio-JNI: register_android_hardware_Radio DONE
08-02 10:54:57.019  6453  6453 D AndroidRuntime: Calling main entry com.android.commands.uiautomator.Launcher
08-02 10:54:58.044  6453  6453 W AccessibilityNodeInfoDumper: Fetch time: 7ms
08-02 10:54:58.044   624  1052 W WindowManager: Attempted to remove non-existing token: android.os.Binder@51560c5
08-02 10:54:58.060  6453  6453 D AndroidRuntime: Shutting down VM
08-02 10:54:59.280  6481  6481 D AndroidRuntime: >>>>>> START com.android.internal.os.RuntimeInit uid 0 <<<<<<
08-02 10:54:59.281  6481  6481 D AndroidRuntime: CheckJNI is OFF
08-02 10:54:59.292  6481  6481 D ICU     : No timezone override file found: /data/misc/zoneinfo/current/icu/icu_tzdata.dat
08-02 10:54:59.310  6481  6481 E memtrack: Couldn't load memtrack module (No such file or directory)
08-02 10:54:59.310  6481  6481 E android.os.Debug: failed to load memtrack module: -2
08-02 10:54:59.311  6481  6481 I Radio-JNI: register_android_hardware_Radio DONE
08-02 10:54:59.319  6481  6481 D AndroidRuntime: Calling main entry com.android.commands.uiautomator.Launcher
08-02 10:55:00.345  6481  6481 W AccessibilityNodeInfoDumper: Fetch time: 4ms
08-02 10:55:00.345   624  1113 W WindowManager: Attempted to remove non-existing token: android.os.Binder@af46a1a
08-02 10:55:00.362  6481  6481 D AndroidRuntime: Shutting down VM
08-02 10:55:01.596  6507  6507 D AndroidRuntime: >>>>>> START com.android.internal.os.RuntimeInit uid 0 <<<<<<
08-02 10:55:01.598  6507  6507 D AndroidRuntime: CheckJNI is OFF
08-02 10:55:01.613  6507  6507 D ICU     : No timezone override file found: /data/misc/zoneinfo/current/icu/icu_tzdata.dat
08-02 10:55:01.631  6507  6507 E memtrack: Couldn't load memtrack module (No such file or directory)
08-02 10:55:01.631  6507  6507 E android.os.Debug: failed to load memtrack module: -2
08-02 10:55:01.632  6507  6507 I Radio-JNI: register_android_hardware_Radio DONE
08-02 10:55:01.642  6507  6507 D AndroidRuntime: Calling main entry com.android.commands.uiautomator.Launcher
08-02 10:55:02.665  6507  6507 W AccessibilityNodeInfoDumper: Fetch time: 5ms
08-02 10:55:02.665   624  1660 W WindowManager: Attempted to remove non-existing token: android.os.Binder@2633f28
08-02 10:55:02.674  6507  6507 D AndroidRuntime: Shutting down VM
08-02 10:55:03.209  6525  6525 D AndroidRuntime: >>>>>> START com.android.internal.os.RuntimeInit uid 0 <<<<<<
08-02 10:55:03.211  6525  6525 D AndroidRuntime: CheckJNI is OFF
08-02 10:55:03.222  6525  6525 D ICU     : No timezone override file found: /data/misc/zoneinfo/current/icu/icu_tzdata.dat
08-02 10:55:03.241  6525  6525 E memtrack: Couldn't load memtrack module (No such file or directory)
08-02 10:55:03.241  6525  6525 E android.os.Debug: failed to load memtrack module: -2
08-02 10:55:03.243  6525  6525 I Radio-JNI: register_android_hardware_Radio DONE
08-02 10:55:03.255  6525  6525 D AndroidRuntime: Calling main entry com.android.commands.uiautomator.Launcher
08-02 10:55:04.291  6525  6525 W AccessibilityNodeInfoDumper: Fetch time: 7ms
08-02 10:55:04.293   624   636 W WindowManager: Attempted to remove non-existing token: android.os.Binder@2704441
08-02 10:55:04.301  6525  6525 D AndroidRuntime: Shutting down VM
08-02 10:55:05.446  6548  6548 D AndroidRuntime: >>>>>> START com.android.internal.os.RuntimeInit uid 0 <<<<<<
08-02 10:55:05.448  6548  6548 D AndroidRuntime: CheckJNI is OFF
08-02 10:55:05.459  6548  6548 D ICU     : No timezone override file found: /data/misc/zoneinfo/current/icu/icu_tzdata.dat
08-02 10:55:05.474  6548  6548 E memtrack: Couldn't load memtrack module (No such file or directory)
08-02 10:55:05.474  6548  6548 E android.os.Debug: failed to load memtrack module: -2
08-02 10:55:05.476  6548  6548 I Radio-JNI: register_android_hardware_Radio DONE
08-02 10:55:05.482  6548  6548 D AndroidRuntime: Calling main entry com.android.commands.uiautomator.Launcher
08-02 10:55:06.501  6548  6548 W AccessibilityNodeInfoDumper: Fetch time: 5ms
08-02 10:55:06.501   624  1013 W WindowManager: Attempted to remove non-existing token: android.os.Binder@9df0de6
08-02 10:55:06.519  6548  6548 D AndroidRuntime: Shutting down VM
08-02 10:55:07.031  6566  6566 D AndroidRuntime: >>>>>> START com.android.internal.os.RuntimeInit uid 0 <<<<<<
08-02 10:55:07.033  6566  6566 D AndroidRuntime: CheckJNI is OFF
08-02 10:55:07.044  6566  6566 D ICU     : No timezone override file found: /data/misc/zoneinfo/current/icu/icu_tzdata.dat
08-02 10:55:07.058  6566  6566 E memtrack: Couldn't load memtrack module (No such file or directory)
08-02 10:55:07.058  6566  6566 E android.os.Debug: failed to load memtrack module: -2
08-02 10:55:07.060  6566  6566 I Radio-JNI: register_android_hardware_Radio DONE
08-02 10:55:07.067  6566  6566 D AndroidRuntime: Calling main entry com.android.commands.uiautomator.Launcher
08-02 10:55:08.096  6566  6566 W AccessibilityNodeInfoDumper: Fetch time: 7ms
08-02 10:55:08.096   624  1013 W WindowManager: Attempted to remove non-existing token: android.os.Binder@192f27
08-02 10:55:08.111  6566  6566 D AndroidRuntime: Shutting down VM
08-02 10:55:09.243  6589  6589 D AndroidRuntime: >>>>>> START com.android.internal.os.RuntimeInit uid 0 <<<<<<
08-02 10:55:09.245  6589  6589 D AndroidRuntime: CheckJNI is OFF
08-02 10:55:09.254  6589  6589 D ICU     : No timezone override file found: /data/misc/zoneinfo/current/icu/icu_tzdata.dat
08-02 10:55:09.268  6589  6589 E memtrack: Couldn't load memtrack module (No such file or directory)
08-02 10:55:09.268  6589  6589 E android.os.Debug: failed to load memtrack module: -2
08-02 10:55:09.269  6589  6589 I Radio-JNI: register_android_hardware_Radio DONE
08-02 10:55:09.277  6589  6589 D AndroidRuntime: Calling main entry com.android.commands.uiautomator.Launcher
08-02 10:55:10.303  6589  6589 W AccessibilityNodeInfoDumper: Fetch time: 5ms
08-02 10:55:10.304   624  1004 W WindowManager: Attempted to remove non-existing token: android.os.Binder@64125d4
08-02 10:55:10.335  6589  6589 D AndroidRuntime: Shutting down VM
08-02 10:55:10.901  6607  6607 D AndroidRuntime: >>>>>> START com.android.internal.os.RuntimeInit uid 0 <<<<<<
08-02 10:55:10.902  6607  6607 D AndroidRuntime: CheckJNI is OFF
08-02 10:55:10.912  6607  6607 D ICU     : No timezone override file found: /data/misc/zoneinfo/current/icu/icu_tzdata.dat
08-02 10:55:10.925  6607  6607 E memtrack: Couldn't load memtrack module (No such file or directory)
08-02 10:55:10.925  6607  6607 E android.os.Debug: failed to load memtrack module: -2
08-02 10:55:10.926  6607  6607 I Radio-JNI: register_android_hardware_Radio DONE
08-02 10:55:10.934  6607  6607 D AndroidRuntime: Calling main entry com.android.commands.uiautomator.Launcher
08-02 10:55:12.003  6607  6607 W AccessibilityNodeInfoDumper: Fetch time: 7ms
08-02 10:55:12.003   624   636 W WindowManager: Attempted to remove non-existing token: android.os.Binder@93be37d
08-02 10:55:12.018  6607  6607 D AndroidRuntime: Shutting down VM
08-02 10:55:13.294  6632  6632 D AndroidRuntime: >>>>>> START com.android.internal.os.RuntimeInit uid 0 <<<<<<
08-02 10:55:13.297  6632  6632 D AndroidRuntime: CheckJNI is OFF
08-02 10:55:13.313  6632  6632 D ICU     : No timezone override file found: /data/misc/zoneinfo/current/icu/icu_tzdata.dat
08-02 10:55:13.333  6632  6632 E memtrack: Couldn't load memtrack module (No such file or directory)
08-02 10:55:13.333  6632  6632 E android.os.Debug: failed to load memtrack module: -2
08-02 10:55:13.334  6632  6632 I Radio-JNI: register_android_hardware_Radio DONE
08-02 10:55:13.347  6632  6632 D AndroidRuntime: Calling main entry com.android.commands.uiautomator.Launcher
08-02 10:55:14.375  6632  6632 W AccessibilityNodeInfoDumper: Fetch time: 5ms
08-02 10:55:14.375   624   636 W WindowManager: Attempted to remove non-existing token: android.os.Binder@d7e2272
08-02 10:55:14.389  6632  6632 D AndroidRuntime: Shutting down VM
08-02 10:55:14.944  6650  6650 D AndroidRuntime: >>>>>> START com.android.internal.os.RuntimeInit uid 0 <<<<<<
08-02 10:55:14.947  6650  6650 D AndroidRuntime: CheckJNI is OFF
08-02 10:55:14.960  6650  6650 D ICU     : No timezone override file found: /data/misc/zoneinfo/current/icu/icu_tzdata.dat
08-02 10:55:14.975  6650  6650 E memtrack: Couldn't load memtrack module (No such file or directory)
08-02 10:55:14.975  6650  6650 E android.os.Debug: failed to load memtrack module: -2
08-02 10:55:14.978  6650  6650 I Radio-JNI: register_android_hardware_Radio DONE
08-02 10:55:14.986  6650  6650 D AndroidRuntime: Calling main entry com.android.commands.uiautomator.Launcher
08-02 10:55:16.013  6650  6650 W AccessibilityNodeInfoDumper: Fetch time: 9ms
08-02 10:55:16.013   624  1113 W WindowManager: Attempted to remove non-existing token: android.os.Binder@d74cb40
08-02 10:55:16.027  6650  6650 D AndroidRuntime: Shutting down VM
08-02 10:55:16.641  6664  6664 D AndroidRuntime: >>>>>> START com.android.internal.os.RuntimeInit uid 0 <<<<<<
08-02 10:55:16.644  6664  6664 D AndroidRuntime: CheckJNI is OFF
08-02 10:55:16.662  6664  6664 D ICU     : No timezone override file found: /data/misc/zoneinfo/current/icu/icu_tzdata.dat
08-02 10:55:16.678  6664  6664 E memtrack: Couldn't load memtrack module (No such file or directory)
08-02 10:55:16.679  6664  6664 E android.os.Debug: failed to load memtrack module: -2
08-02 10:55:16.680  6664  6664 I Radio-JNI: register_android_hardware_Radio DONE
08-02 10:55:16.690  6664  6664 D AndroidRuntime: Calling main entry com.android.commands.input.Input
08-02 10:55:16.691  6664  6664 I Input   : injectMotionEvent: MotionEvent { action=ACTION_DOWN, actionButton=0, id[0]=0, x[0]=1144.0, y[0]=112.0, toolType[0]=TOOL_TYPE_UNKNOWN, buttonState=0, metaState=0, flags=0x0, edgeFlags=0x0, pointerCount=1, historySize=0, eventTime=434458, downTime=434458, deviceId=0, source=0x1002 }
08-02 10:55:16.694  6664  6664 I Input   : injectMotionEvent: MotionEvent { action=ACTION_UP, actionButton=0, id[0]=0, x[0]=1144.0, y[0]=112.0, toolType[0]=TOOL_TYPE_UNKNOWN, buttonState=0, metaState=0, flags=0x0, edgeFlags=0x0, pointerCount=1, historySize=0, eventTime=434458, downTime=434458, deviceId=0, source=0x1002 }
08-02 10:55:16.697  6664  6664 D AndroidRuntime: Shutting down VM
08-02 10:55:16.706  5702  5702 I ListPopupWindow: Could not find method setEpicenterBounds(Rect) on PopupWindow. Oh well.
08-02 10:55:16.711  5702  5702 W art     : Before Android 4.1, method int android.support.v7.widget.ListViewCompat.lookForSelectablePosition(int, boolean) would have incorrectly overridden the package-private method in android.widget.ListView
08-02 10:55:16.789  5702  5719 W EGL_emulation: eglSurfaceAttrib not implemented
08-02 10:55:16.789  5702  5719 W OpenGLRenderer: Failed to set EGL_SWAP_BEHAVIOR on surface 0xdff84420, error=EGL_SUCCESS
08-02 10:55:21.443  6999  6999 D AndroidRuntime: >>>>>> START com.android.internal.os.RuntimeInit uid 0 <<<<<<
08-02 10:55:21.445  6999  6999 D AndroidRuntime: CheckJNI is OFF
08-02 10:55:21.455  6999  6999 D ICU     : No timezone override file found: /data/misc/zoneinfo/current/icu/icu_tzdata.dat
08-02 10:55:21.469  6999  6999 E memtrack: Couldn't load memtrack module (No such file or directory)
08-02 10:55:21.469  6999  6999 E android.os.Debug: failed to load memtrack module: -2
08-02 10:55:21.471  6999  6999 I Radio-JNI: register_android_hardware_Radio DONE
08-02 10:55:21.480  6999  6999 D AndroidRuntime: Calling main entry com.android.commands.uiautomator.Launcher
08-02 10:55:22.494  6999  6999 W AccessibilityNodeInfoDumper: Fetch time: 2ms
08-02 10:55:22.495   624  1100 W WindowManager: Attempted to remove non-existing token: android.os.Binder@ee90535
08-02 10:55:22.504  6999  6999 D AndroidRuntime: Shutting down VM
08-02 10:55:23.622  7022  7022 D AndroidRuntime: >>>>>> START com.android.internal.os.RuntimeInit uid 0 <<<<<<
08-02 10:55:23.624  7022  7022 D AndroidRuntime: CheckJNI is OFF
08-02 10:55:23.635  7022  7022 D ICU     : No timezone override file found: /data/misc/zoneinfo/current/icu/icu_tzdata.dat
08-02 10:55:23.650  7022  7022 E memtrack: Couldn't load memtrack module (No such file or directory)
08-02 10:55:23.650  7022  7022 E android.os.Debug: failed to load memtrack module: -2
08-02 10:55:23.651  7022  7022 I Radio-JNI: register_android_hardware_Radio DONE
08-02 10:55:23.658  7022  7022 D AndroidRuntime: Calling main entry com.android.commands.uiautomator.Launcher
08-02 10:55:24.672  7022  7022 W AccessibilityNodeInfoDumper: Fetch time: 1ms
08-02 10:55:24.672   624   636 W WindowManager: Attempted to remove non-existing token: android.os.Binder@4cb8dca
08-02 10:55:24.686  7022  7022 D AndroidRuntime: Shutting down VM
08-02 10:55:25.215  7040  7040 D AndroidRuntime: >>>>>> START com.android.internal.os.RuntimeInit uid 0 <<<<<<
08-02 10:55:25.217  7040  7040 D AndroidRuntime: CheckJNI is OFF
08-02 10:55:25.227  7040  7040 D ICU     : No timezone override file found: /data/misc/zoneinfo/current/icu/icu_tzdata.dat
08-02 10:55:25.243  7040  7040 E memtrack: Couldn't load memtrack module (No such file or directory)
08-02 10:55:25.244  7040  7040 E android.os.Debug: failed to load memtrack module: -2
08-02 10:55:25.245  7040  7040 I Radio-JNI: register_android_hardware_Radio DONE
08-02 10:55:25.252  7040  7040 D AndroidRuntime: Calling main entry com.android.commands.uiautomator.Launcher
08-02 10:55:26.264  7040  7040 W AccessibilityNodeInfoDumper: Fetch time: 1ms
08-02 10:55:26.265   624  1064 W WindowManager: Attempted to remove non-existing token: android.os.Binder@41b1b3b
08-02 10:55:26.286  7040  7040 D AndroidRuntime: Shutting down VM
08-02 10:55:27.383  7063  7063 D AndroidRuntime: >>>>>> START com.android.internal.os.RuntimeInit uid 0 <<<<<<
08-02 10:55:27.384  7063  7063 D AndroidRuntime: CheckJNI is OFF
08-02 10:55:27.395  7063  7063 D ICU     : No timezone override file found: /data/misc/zoneinfo/current/icu/icu_tzdata.dat
08-02 10:55:27.410  7063  7063 E memtrack: Couldn't load memtrack module (No such file or directory)
08-02 10:55:27.411  7063  7063 E android.os.Debug: failed to load memtrack module: -2
08-02 10:55:27.411  7063  7063 I Radio-JNI: register_android_hardware_Radio DONE
08-02 10:55:27.418  7063  7063 D AndroidRuntime: Calling main entry com.android.commands.uiautomator.Launcher
08-02 10:55:28.430  7063  7063 W AccessibilityNodeInfoDumper: Fetch time: 1ms
08-02 10:55:28.431   624   636 W WindowManager: Attempted to remove non-existing token: android.os.Binder@c78c258
08-02 10:55:28.444  7063  7063 D AndroidRuntime: Shutting down VM
08-02 10:55:29.607  7091  7091 D AndroidRuntime: >>>>>> START com.android.internal.os.RuntimeInit uid 0 <<<<<<
08-02 10:55:29.609  7091  7091 D AndroidRuntime: CheckJNI is OFF
08-02 10:55:29.624  7091  7091 D ICU     : No timezone override file found: /data/misc/zoneinfo/current/icu/icu_tzdata.dat
08-02 10:55:29.637  7091  7091 E memtrack: Couldn't load memtrack module (No such file or directory)
08-02 10:55:29.638  7091  7091 E android.os.Debug: failed to load memtrack module: -2
08-02 10:55:29.638  7091  7091 I Radio-JNI: register_android_hardware_Radio DONE
08-02 10:55:29.646  7091  7091 D AndroidRuntime: Calling main entry com.android.commands.uiautomator.Launcher
08-02 10:55:30.659  7091  7091 W AccessibilityNodeInfoDumper: Fetch time: 2ms
08-02 10:55:30.660   624   761 W WindowManager: Attempted to remove non-existing token: android.os.Binder@2b1bfb1
08-02 10:55:30.689  7091  7091 D AndroidRuntime: Shutting down VM
08-02 10:55:31.998  7117  7117 D AndroidRuntime: >>>>>> START com.android.internal.os.RuntimeInit uid 0 <<<<<<
08-02 10:55:32.002  7117  7117 D AndroidRuntime: CheckJNI is OFF
08-02 10:55:32.022  7117  7117 D ICU     : No timezone override file found: /data/misc/zoneinfo/current/icu/icu_tzdata.dat
08-02 10:55:32.062  7117  7117 E memtrack: Couldn't load memtrack module (No such file or directory)
08-02 10:55:32.062  7117  7117 E android.os.Debug: failed to load memtrack module: -2
08-02 10:55:32.063  7117  7117 I Radio-JNI: register_android_hardware_Radio DONE
08-02 10:55:32.074  7117  7117 D AndroidRuntime: Calling main entry com.android.commands.uiautomator.Launcher
08-02 10:55:33.096  7117  7117 W AccessibilityNodeInfoDumper: Fetch time: 3ms
08-02 10:55:33.096   624  1013 W WindowManager: Attempted to remove non-existing token: android.os.Binder@c163017
08-02 10:55:33.121  7117  7117 D AndroidRuntime: Shutting down VM
08-02 10:55:33.774  7135  7135 D AndroidRuntime: >>>>>> START com.android.internal.os.RuntimeInit uid 0 <<<<<<
08-02 10:55:33.776  7135  7135 D AndroidRuntime: CheckJNI is OFF
08-02 10:55:33.794  7135  7135 D ICU     : No timezone override file found: /data/misc/zoneinfo/current/icu/icu_tzdata.dat
08-02 10:55:33.822  7135  7135 E memtrack: Couldn't load memtrack module (No such file or directory)
08-02 10:55:33.822  7135  7135 E android.os.Debug: failed to load memtrack module: -2
08-02 10:55:33.825  7135  7135 I Radio-JNI: register_android_hardware_Radio DONE
08-02 10:55:33.835  7135  7135 D AndroidRuntime: Calling main entry com.android.commands.uiautomator.Launcher
08-02 10:55:34.858  7135  7135 W AccessibilityNodeInfoDumper: Fetch time: 3ms
08-02 10:55:34.859   624   761 W WindowManager: Attempted to remove non-existing token: android.os.Binder@e3ac04
08-02 10:55:34.916  7135  7135 D AndroidRuntime: Shutting down VM
08-02 10:55:36.166  7159  7159 D AndroidRuntime: >>>>>> START com.android.internal.os.RuntimeInit uid 0 <<<<<<
08-02 10:55:36.167  7159  7159 D AndroidRuntime: CheckJNI is OFF
08-02 10:55:36.181  7159  7159 D ICU     : No timezone override file found: /data/misc/zoneinfo/current/icu/icu_tzdata.dat
08-02 10:55:36.202  7159  7159 E memtrack: Couldn't load memtrack module (No such file or directory)
08-02 10:55:36.202  7159  7159 E android.os.Debug: failed to load memtrack module: -2
08-02 10:55:36.203  7159  7159 I Radio-JNI: register_android_hardware_Radio DONE
08-02 10:55:36.214  7159  7159 D AndroidRuntime: Calling main entry com.android.commands.uiautomator.Launcher
08-02 10:55:37.248  7159  7159 W AccessibilityNodeInfoDumper: Fetch time: 2ms
08-02 10:55:37.248   624  1660 W WindowManager: Attempted to remove non-existing token: android.os.Binder@e71a5ed
08-02 10:55:37.273  7159  7159 D AndroidRuntime: Shutting down VM
08-02 10:55:37.769  7177  7177 D AndroidRuntime: >>>>>> START com.android.internal.os.RuntimeInit uid 0 <<<<<<
08-02 10:55:37.770  7177  7177 D AndroidRuntime: CheckJNI is OFF
08-02 10:55:37.780  7177  7177 D ICU     : No timezone override file found: /data/misc/zoneinfo/current/icu/icu_tzdata.dat
08-02 10:55:37.795  7177  7177 E memtrack: Couldn't load memtrack module (No such file or directory)
08-02 10:55:37.795  7177  7177 E android.os.Debug: failed to load memtrack module: -2
08-02 10:55:37.796  7177  7177 I Radio-JNI: register_android_hardware_Radio DONE
08-02 10:55:37.804  7177  7177 D AndroidRuntime: Calling main entry com.android.commands.uiautomator.Launcher
08-02 10:55:38.829  7177  7177 W AccessibilityNodeInfoDumper: Fetch time: 2ms
08-02 10:55:38.829   624   761 W WindowManager: Attempted to remove non-existing token: android.os.Binder@9400c22
08-02 10:55:38.843  7177  7177 D AndroidRuntime: Shutting down VM
08-02 10:55:39.948  7200  7200 D AndroidRuntime: >>>>>> START com.android.internal.os.RuntimeInit uid 0 <<<<<<
08-02 10:55:39.949  7200  7200 D AndroidRuntime: CheckJNI is OFF
08-02 10:55:39.960  7200  7200 D ICU     : No timezone override file found: /data/misc/zoneinfo/current/icu/icu_tzdata.dat
08-02 10:55:39.977  7200  7200 E memtrack: Couldn't load memtrack module (No such file or directory)
08-02 10:55:39.977  7200  7200 E android.os.Debug: failed to load memtrack module: -2
08-02 10:55:39.978  7200  7200 I Radio-JNI: register_android_hardware_Radio DONE
08-02 10:55:39.984  7200  7200 D AndroidRuntime: Calling main entry com.android.commands.uiautomator.Launcher
08-02 10:55:41.008  7200  7200 W AccessibilityNodeInfoDumper: Fetch time: 2ms
08-02 10:55:41.008   624   636 W WindowManager: Attempted to remove non-existing token: android.os.Binder@843b6b3
08-02 10:55:41.019  7200  7200 D AndroidRuntime: Shutting down VM
08-02 10:55:41.555  7218  7218 D AndroidRuntime: >>>>>> START com.android.internal.os.RuntimeInit uid 0 <<<<<<
08-02 10:55:41.558  7218  7218 D AndroidRuntime: CheckJNI is OFF
08-02 10:55:41.568  7218  7218 D ICU     : No timezone override file found: /data/misc/zoneinfo/current/icu/icu_tzdata.dat
08-02 10:55:41.584  7218  7218 E memtrack: Couldn't load memtrack module (No such file or directory)
08-02 10:55:41.584  7218  7218 E android.os.Debug: failed to load memtrack module: -2
08-02 10:55:41.585  7218  7218 I Radio-JNI: register_android_hardware_Radio DONE
08-02 10:55:41.593  7218  7218 D AndroidRuntime: Calling main entry com.android.commands.uiautomator.Launcher
08-02 10:55:42.609  7218  7218 W AccessibilityNodeInfoDumper: Fetch time: 2ms
08-02 10:55:42.610   624   761 W WindowManager: Attempted to remove non-existing token: android.os.Binder@7f18470
08-02 10:55:42.622  7218  7218 D AndroidRuntime: Shutting down VM
08-02 10:55:43.774  7243  7243 D AndroidRuntime: >>>>>> START com.android.internal.os.RuntimeInit uid 0 <<<<<<
08-02 10:55:43.779  7243  7243 D AndroidRuntime: CheckJNI is OFF
08-02 10:55:43.788  7243  7243 D ICU     : No timezone override file found: /data/misc/zoneinfo/current/icu/icu_tzdata.dat
08-02 10:55:43.802  7243  7243 E memtrack: Couldn't load memtrack module (No such file or directory)
08-02 10:55:43.802  7243  7243 E android.os.Debug: failed to load memtrack module: -2
08-02 10:55:43.804  7243  7243 I Radio-JNI: register_android_hardware_Radio DONE
08-02 10:55:43.810  7243  7243 D AndroidRuntime: Calling main entry com.android.commands.uiautomator.Launcher
08-02 10:55:44.834  7243  7243 W AccessibilityNodeInfoDumper: Fetch time: 2ms
08-02 10:55:44.835   624   635 W WindowManager: Attempted to remove non-existing token: android.os.Binder@e76c86e
08-02 10:55:44.857  7243  7243 D AndroidRuntime: Shutting down VM
08-02 10:55:45.378  7261  7261 D AndroidRuntime: >>>>>> START com.android.internal.os.RuntimeInit uid 0 <<<<<<
08-02 10:55:45.381  7261  7261 D AndroidRuntime: CheckJNI is OFF
08-02 10:55:45.393  7261  7261 D ICU     : No timezone override file found: /data/misc/zoneinfo/current/icu/icu_tzdata.dat
08-02 10:55:45.412  7261  7261 E memtrack: Couldn't load memtrack module (No such file or directory)
08-02 10:55:45.412  7261  7261 E android.os.Debug: failed to load memtrack module: -2
08-02 10:55:45.415  7261  7261 I Radio-JNI: register_android_hardware_Radio DONE
08-02 10:55:45.426  7261  7261 D AndroidRuntime: Calling main entry com.android.commands.uiautomator.Launcher
08-02 10:55:46.443  7261  7261 W AccessibilityNodeInfoDumper: Fetch time: 1ms
08-02 10:55:46.444   624  1660 W WindowManager: Attempted to remove non-existing token: android.os.Binder@cb90b0f
08-02 10:55:46.455  7261  7261 D AndroidRuntime: Shutting down VM
08-02 10:55:47.006  7274  7274 D AndroidRuntime: >>>>>> START com.android.internal.os.RuntimeInit uid 0 <<<<<<
08-02 10:55:47.008  7274  7274 D AndroidRuntime: CheckJNI is OFF
08-02 10:55:47.019  7274  7274 D ICU     : No timezone override file found: /data/misc/zoneinfo/current/icu/icu_tzdata.dat
08-02 10:55:47.038  7274  7274 E memtrack: Couldn't load memtrack module (No such file or directory)
08-02 10:55:47.038  7274  7274 E android.os.Debug: failed to load memtrack module: -2
08-02 10:55:47.039  7274  7274 I Radio-JNI: register_android_hardware_Radio DONE
08-02 10:55:47.048  7274  7274 D AndroidRuntime: Calling main entry com.android.commands.input.Input
08-02 10:55:47.050  7274  7274 I Input   : injectMotionEvent: MotionEvent { action=ACTION_DOWN, actionButton=0, id[0]=0, x[0]=980.0, y[0]=208.0, toolType[0]=TOOL_TYPE_UNKNOWN, buttonState=0, metaState=0, flags=0x0, edgeFlags=0x0, pointerCount=1, historySize=0, eventTime=464817, downTime=464817, deviceId=0, source=0x1002 }
08-02 10:55:47.053  7274  7274 I Input   : injectMotionEvent: MotionEvent { action=ACTION_UP, actionButton=0, id[0]=0, x[0]=980.0, y[0]=208.0, toolType[0]=TOOL_TYPE_UNKNOWN, buttonState=0, metaState=0, flags=0x0, edgeFlags=0x0, pointerCount=1, historySize=0, eventTime=464817, downTime=464817, deviceId=0, source=0x1002 }
08-02 10:55:47.057  7274  7274 D AndroidRuntime: Shutting down VM
08-02 10:55:47.120  5702  5702 D leak-38-9: Eastern Standard Time
08-02 10:55:47.120  5702  5702 D leak-40-9: Eastern Standard Time
08-02 10:55:47.120  5702  5702 D leak-43-9: Eastern Standard Time
08-02 10:55:47.120  5702  5702 D leak-44-9: Eastern Standard Time
08-02 10:55:47.120  5702  5702 D leak-45-9: Eastern Standard Time
08-02 10:55:47.120  5702  5702 D leak-46-9: Eastern Standard Time
08-02 10:55:47.120  5702  5702 D leak-47-9: Eastern Standard Time
08-02 10:55:47.120  5702  5702 D leak-55-9: Eastern Standard Time
08-02 10:55:47.120  5702  5702 D leak-64-9: Eastern Standard Time
08-02 10:55:47.120  5702  5702 D leak-38-6: Eastern Standard Time
08-02 10:55:47.121  5702  5702 D leak-40-6: Eastern Standard Time
08-02 10:55:47.121  5702  5702 D leak-43-6: Eastern Standard Time
08-02 10:55:47.121  5702  5702 D leak-44-6: Eastern Standard Time
08-02 10:55:47.121  5702  5702 D leak-45-6: Eastern Standard Time
08-02 10:55:47.121  5702  5702 D leak-46-6: Eastern Standard Time
08-02 10:55:47.121  5702  5702 D leak-47-6: Eastern Standard Time
08-02 10:55:47.121  5702  5702 D leak-55-6: Eastern Standard Time
08-02 10:55:47.121  5702  5702 D leak-64-6: Eastern Standard Time
08-02 10:55:47.121  5702  5702 D leak-38-7: Eastern Standard Time
08-02 10:55:47.121  5702  5702 D leak-40-7: Eastern Standard Time
08-02 10:55:47.121  5702  5702 D leak-43-7: Eastern Standard Time
08-02 10:55:47.121  5702  5702 D leak-44-7: Eastern Standard Time
08-02 10:55:47.121  5702  5702 D leak-45-7: Eastern Standard Time
08-02 10:55:47.121  5702  5702 D leak-46-7: Eastern Standard Time
08-02 10:55:47.121  5702  5702 D leak-47-7: Eastern Standard Time
08-02 10:55:47.121  5702  5702 D leak-55-7: Eastern Standard Time
08-02 10:55:47.121  5702  5702 D leak-64-7: Eastern Standard Time
08-02 10:55:47.152  5702  5702 D leak-3-0: Eastern Standard Time
08-02 10:55:47.152  5702  5702 D leak-6-0: Eastern Standard Time
08-02 10:55:47.152  5702  5702 D leak-8-0: Eastern Standard Time
08-02 10:55:47.152  5702  5702 D leak-9-0: Eastern Standard Time
08-02 10:55:47.153  5702  7283 D leak-3-2: Eastern Standard Time
08-02 10:55:47.202  5702  7283 D leak-6-2: Eastern Standard Time
08-02 10:55:47.202  5702  7283 D leak-8-2: Eastern Standard Time
08-02 10:55:47.202  5702  7283 D leak-9-2: Eastern Standard Time
08-02 10:55:47.202  5702  7283 D leak-5-0: Eastern Standard Time
08-02 10:55:47.202  5702  7283 D leak-3-4: Eastern Standard Time
08-02 10:55:47.202  5702  7283 D leak-6-4: Eastern Standard Time
08-02 10:55:47.202  5702  7283 D leak-8-4: Eastern Standard Time
08-02 10:55:47.202  5702  7283 D leak-9-4: Eastern Standard Time
08-02 10:55:47.202  5702  7283 D afhdownloader_Download: Fetch: https://androidfilehost.com/?w=files&flid=39788
08-02 10:55:47.483  5702  5719 E Surface : getSlotFromBufferLocked: unknown buffer: 0xeb0ac910
08-02 10:55:47.497  5702  5719 D OpenGLRenderer: endAllStagingAnimators on 0xdfda9280 (MenuPopupWindow$MenuDropDownListView) with handle 0xdfd170d0
08-02 10:55:48.302  5702  5702 D leak-3-3: Eastern Standard Time
08-02 10:55:48.302  5702  5702 D leak-6-3: Eastern Standard Time
08-02 10:55:48.302  5702  5702 D leak-8-3: Eastern Standard Time
08-02 10:55:48.302  5702  5702 D leak-9-3: Eastern Standard Time
08-02 10:55:48.302  5702  5702 D leak-5-1: Eastern Standard Time
08-02 10:55:48.302  5702  5702 D leak-7-1: Eastern Standard Time
08-02 10:55:48.302  5702  5702 D leak-38-16: Eastern Standard Time
08-02 10:55:48.302  5702  5702 D leak-40-16: Eastern Standard Time
08-02 10:55:48.302  5702  5702 D leak-43-16: Eastern Standard Time
08-02 10:55:48.302  5702  5702 D leak-44-16: Eastern Standard Time
08-02 10:55:48.302  5702  5702 D leak-45-16: Eastern Standard Time
08-02 10:55:48.302  5702  5702 D leak-46-16: Eastern Standard Time
08-02 10:55:48.303  5702  5702 D leak-47-16: Eastern Standard Time
08-02 10:55:48.303  5702  5702 D leak-55-16: Eastern Standard Time
08-02 10:55:48.303  5702  5702 D leak-64-16: Eastern Standard Time
08-02 10:55:48.308  5702  5702 W afhdownloader_MainActivity: Download
08-02 10:55:48.312  5702  5702 D leak-107-0: Eastern Standard Time
08-02 10:55:48.312  5702  5702 D leak-88-0: Eastern Standard Time
08-02 10:55:48.330  5702  5702 D leak-107-1: Eastern Standard Time
08-02 10:55:48.330  5702  5702 D leak-108-1: Eastern Standard Time
08-02 10:55:48.331  5702  5702 D leak-107-1: Eastern Standard Time
08-02 10:55:48.331  5702  5702 D leak-108-1: Eastern Standard Time
08-02 10:55:48.331  5702  5702 D leak-107-1: Eastern Standard Time
08-02 10:55:48.331  5702  5702 D leak-108-1: Eastern Standard Time
08-02 10:55:48.332  5702  5702 D leak-107-1: Eastern Standard Time
08-02 10:55:48.332  5702  5702 D leak-108-1: Eastern Standard Time
08-02 10:55:48.332  5702  5702 D leak-107-1: Eastern Standard Time
08-02 10:55:48.332  5702  5702 D leak-108-1: Eastern Standard Time
08-02 10:55:48.332  5702  5702 D leak-107-1: Eastern Standard Time
08-02 10:55:48.332  5702  5702 D leak-108-1: Eastern Standard Time
08-02 10:55:48.332  5702  5702 D leak-107-1: Eastern Standard Time
08-02 10:55:48.332  5702  5702 D leak-108-1: Eastern Standard Time
08-02 10:55:48.332  5702  5702 D leak-107-1: Eastern Standard Time
08-02 10:55:48.332  5702  5702 D leak-108-1: Eastern Standard Time
08-02 10:55:48.332  5702  5702 D leak-107-1: Eastern Standard Time
08-02 10:55:48.332  5702  5702 D leak-108-1: Eastern Standard Time
08-02 10:55:48.332  5702  5702 D leak-107-1: Eastern Standard Time
08-02 10:55:48.332  5702  5702 D leak-108-1: Eastern Standard Time
08-02 10:55:48.332  5702  5702 D leak-107-1: Eastern Standard Time
08-02 10:55:48.332  5702  5702 D leak-108-1: Eastern Standard Time
08-02 10:55:48.332  5702  5702 D leak-107-1: Eastern Standard Time
08-02 10:55:48.332  5702  5702 D leak-108-1: Eastern Standard Time
08-02 10:55:48.333  5702  5702 D leak-107-1: Eastern Standard Time
08-02 10:55:48.333  5702  5702 D leak-108-1: Eastern Standard Time
08-02 10:55:48.333  5702  5702 D leak-107-1: Eastern Standard Time
08-02 10:55:48.333  5702  5702 D leak-108-1: Eastern Standard Time
08-02 10:55:48.333  5702  5702 D leak-107-1: Eastern Standard Time
08-02 10:55:48.333  5702  5702 D leak-108-1: Eastern Standard Time
08-02 10:55:48.333  5702  5702 D leak-107-1: Eastern Standard Time
08-02 10:55:48.333  5702  5702 D leak-108-1: Eastern Standard Time
08-02 10:55:48.333  5702  5702 D leak-107-1: Eastern Standard Time
08-02 10:55:48.333  5702  5702 D leak-108-1: Eastern Standard Time
08-02 10:55:48.333  5702  5702 D leak-107-1: Eastern Standard Time
08-02 10:55:48.333  5702  5702 D leak-108-1: Eastern Standard Time
08-02 10:55:48.333  5702  5702 D leak-107-1: Eastern Standard Time
08-02 10:55:48.333  5702  5702 D leak-108-1: Eastern Standard Time
08-02 10:55:48.333  5702  5702 D leak-107-1: Eastern Standard Time
08-02 10:55:48.333  5702  5702 D leak-108-1: Eastern Standard Time
08-02 10:55:48.333  5702  5702 D leak-107-1: Eastern Standard Time
08-02 10:55:48.333  5702  5702 D leak-108-1: Eastern Standard Time
08-02 10:55:48.333  5702  5702 D leak-107-1: Eastern Standard Time
08-02 10:55:48.333  5702  5702 D leak-108-1: Eastern Standard Time
08-02 10:55:48.333  5702  5702 D leak-107-1: Eastern Standard Time
08-02 10:55:48.333  5702  5702 D leak-108-1: Eastern Standard Time
08-02 10:55:48.334  5702  5702 D leak-107-1: Eastern Standard Time
08-02 10:55:48.334  5702  5702 D leak-108-1: Eastern Standard Time
08-02 10:55:48.334  5702  5702 D leak-107-1: Eastern Standard Time
08-02 10:55:48.334  5702  5702 D leak-108-1: Eastern Standard Time
08-02 10:55:48.334  5702  5702 D leak-107-1: Eastern Standard Time
08-02 10:55:48.334  5702  5702 D leak-108-1: Eastern Standard Time
08-02 10:55:48.334  5702  5702 D leak-107-1: Eastern Standard Time
08-02 10:55:48.334  5702  5702 D leak-108-1: Eastern Standard Time
08-02 10:55:48.334  5702  5702 D leak-107-1: Eastern Standard Time
08-02 10:55:48.334  5702  5702 D leak-108-1: Eastern Standard Time
08-02 10:55:48.334  5702  5702 D leak-107-1: Eastern Standard Time
08-02 10:55:48.340  5702  5702 D leak-108-1: Eastern Standard Time
08-02 10:55:48.340  5702  5702 D leak-107-1: Eastern Standard Time
08-02 10:55:48.341  5702  5702 D leak-108-1: Eastern Standard Time
08-02 10:55:48.341  5702  5702 D leak-107-1: Eastern Standard Time
08-02 10:55:48.346  5702  5702 D leak-108-1: Eastern Standard Time
08-02 10:55:48.347  5702  5702 D leak-107-1: Eastern Standard Time
08-02 10:55:48.347  5702  5702 D leak-108-1: Eastern Standard Time
08-02 10:55:48.354  5702  5702 D leak-107-1: Eastern Standard Time
08-02 10:55:48.354  5702  5702 D leak-108-1: Eastern Standard Time
08-02 10:55:48.362  5702  5702 D leak-107-1: Eastern Standard Time
08-02 10:55:48.369  5702  5702 D leak-108-1: Eastern Standard Time
08-02 10:55:48.370  5702  5702 D leak-107-1: Eastern Standard Time
08-02 10:55:48.370  5702  5702 D leak-108-1: Eastern Standard Time
08-02 10:55:48.370  5702  5702 D leak-107-1: Eastern Standard Time
08-02 10:55:48.370  5702  5702 D leak-108-1: Eastern Standard Time
08-02 10:55:48.371  5702  5702 D leak-107-1: Eastern Standard Time
08-02 10:55:48.371  5702  5702 D leak-108-1: Eastern Standard Time
08-02 10:55:48.371  5702  5702 D leak-107-1: Eastern Standard Time
08-02 10:55:48.371  5702  5702 D leak-108-1: Eastern Standard Time
08-02 10:55:48.372  5702  5702 D leak-107-1: Eastern Standard Time
08-02 10:55:48.372  5702  5702 D leak-108-1: Eastern Standard Time
08-02 10:55:48.373  5702  5702 D leak-107-1: Eastern Standard Time
08-02 10:55:48.374  5702  5702 D leak-108-1: Eastern Standard Time
08-02 10:55:48.375  5702  5702 D leak-107-1: Eastern Standard Time
08-02 10:55:48.375  5702  5702 D leak-108-1: Eastern Standard Time
08-02 10:55:48.375  5702  5702 D leak-107-1: Eastern Standard Time
08-02 10:55:48.375  5702  5702 D leak-108-1: Eastern Standard Time
08-02 10:55:51.775  7610  7610 D AndroidRuntime: >>>>>> START com.android.internal.os.RuntimeInit uid 0 <<<<<<
08-02 10:55:51.777  7610  7610 D AndroidRuntime: CheckJNI is OFF
08-02 10:55:51.790  7610  7610 D ICU     : No timezone override file found: /data/misc/zoneinfo/current/icu/icu_tzdata.dat
08-02 10:55:51.807  7610  7610 E memtrack: Couldn't load memtrack module (No such file or directory)
08-02 10:55:51.807  7610  7610 E android.os.Debug: failed to load memtrack module: -2
08-02 10:55:51.808  7610  7610 I Radio-JNI: register_android_hardware_Radio DONE
08-02 10:55:51.815  7610  7610 D AndroidRuntime: Calling main entry com.android.commands.uiautomator.Launcher
08-02 10:55:52.218   624  1398 D NetlinkSocketObserver: NeighborEvent{elapsedMs=469986, 10.0.3.2, [525400123502], RTM_NEWNEIGH, NUD_REACHABLE}
08-02 10:55:52.844  7610  7610 W AccessibilityNodeInfoDumper: Fetch time: 4ms
08-02 10:55:52.844   624   762 W WindowManager: Attempted to remove non-existing token: android.os.Binder@8c2779c
08-02 10:55:52.854  7610  7610 D AndroidRuntime: Shutting down VM
08-02 10:55:53.971  7633  7633 D AndroidRuntime: >>>>>> START com.android.internal.os.RuntimeInit uid 0 <<<<<<
08-02 10:55:53.972  7633  7633 D AndroidRuntime: CheckJNI is OFF
08-02 10:55:53.981  7633  7633 D ICU     : No timezone override file found: /data/misc/zoneinfo/current/icu/icu_tzdata.dat
08-02 10:55:53.997  7633  7633 E memtrack: Couldn't load memtrack module (No such file or directory)
08-02 10:55:53.997  7633  7633 E android.os.Debug: failed to load memtrack module: -2
08-02 10:55:53.998  7633  7633 I Radio-JNI: register_android_hardware_Radio DONE
08-02 10:55:54.003  7633  7633 D AndroidRuntime: Calling main entry com.android.commands.uiautomator.Launcher
08-02 10:55:55.026  7633  7633 W AccessibilityNodeInfoDumper: Fetch time: 9ms
08-02 10:55:55.026   624  1004 W WindowManager: Attempted to remove non-existing token: android.os.Binder@9e6a5a5
08-02 10:55:55.042  7633  7633 D AndroidRuntime: Shutting down VM
08-02 10:55:55.579  7652  7652 D AndroidRuntime: >>>>>> START com.android.internal.os.RuntimeInit uid 0 <<<<<<
08-02 10:55:55.581  7652  7652 D AndroidRuntime: CheckJNI is OFF
08-02 10:55:55.592  7652  7652 D ICU     : No timezone override file found: /data/misc/zoneinfo/current/icu/icu_tzdata.dat
08-02 10:55:55.610  7652  7652 E memtrack: Couldn't load memtrack module (No such file or directory)
08-02 10:55:55.610  7652  7652 E android.os.Debug: failed to load memtrack module: -2
08-02 10:55:55.611  7652  7652 I Radio-JNI: register_android_hardware_Radio DONE
08-02 10:55:55.617  7652  7652 D AndroidRuntime: Calling main entry com.android.commands.uiautomator.Launcher
08-02 10:55:56.635  7652  7652 W AccessibilityNodeInfoDumper: Fetch time: 4ms
08-02 10:55:56.635   624  1004 W WindowManager: Attempted to remove non-existing token: android.os.Binder@4afd7a
08-02 10:55:56.643  7652  7652 D AndroidRuntime: Shutting down VM
08-02 10:55:57.867  7675  7675 D AndroidRuntime: >>>>>> START com.android.internal.os.RuntimeInit uid 0 <<<<<<
08-02 10:55:57.868  7675  7675 D AndroidRuntime: CheckJNI is OFF
08-02 10:55:57.878  7675  7675 D ICU     : No timezone override file found: /data/misc/zoneinfo/current/icu/icu_tzdata.dat
08-02 10:55:57.891  7675  7675 E memtrack: Couldn't load memtrack module (No such file or directory)
08-02 10:55:57.891  7675  7675 E android.os.Debug: failed to load memtrack module: -2
08-02 10:55:57.892  7675  7675 I Radio-JNI: register_android_hardware_Radio DONE
08-02 10:55:57.899  7675  7675 D AndroidRuntime: Calling main entry com.android.commands.uiautomator.Launcher
08-02 10:55:58.992  7675  7675 W AccessibilityNodeInfoDumper: Fetch time: 4ms
08-02 10:55:58.992   624  1100 W WindowManager: Attempted to remove non-existing token: android.os.Binder@f85492b
08-02 10:55:59.005  7675  7675 D AndroidRuntime: Shutting down VM
08-02 10:56:00.177  7703  7703 D AndroidRuntime: >>>>>> START com.android.internal.os.RuntimeInit uid 0 <<<<<<
08-02 10:56:00.178  7703  7703 D AndroidRuntime: CheckJNI is OFF
08-02 10:56:00.189  7703  7703 D ICU     : No timezone override file found: /data/misc/zoneinfo/current/icu/icu_tzdata.dat
08-02 10:56:00.202  7703  7703 E memtrack: Couldn't load memtrack module (No such file or directory)
08-02 10:56:00.202  7703  7703 E android.os.Debug: failed to load memtrack module: -2
08-02 10:56:00.203  7703  7703 I Radio-JNI: register_android_hardware_Radio DONE
08-02 10:56:00.217  7703  7703 D AndroidRuntime: Calling main entry com.android.commands.uiautomator.Launcher
08-02 10:56:01.252  7703  7703 W AccessibilityNodeInfoDumper: Fetch time: 5ms
08-02 10:56:01.252   624  1052 W WindowManager: Attempted to remove non-existing token: android.os.Binder@2c0f721
08-02 10:56:01.258  7703  7703 D AndroidRuntime: Shutting down VM
08-02 10:56:02.365  7729  7729 D AndroidRuntime: >>>>>> START com.android.internal.os.RuntimeInit uid 0 <<<<<<
08-02 10:56:02.367  7729  7729 D AndroidRuntime: CheckJNI is OFF
08-02 10:56:02.377  7729  7729 D ICU     : No timezone override file found: /data/misc/zoneinfo/current/icu/icu_tzdata.dat
08-02 10:56:02.390  7729  7729 E memtrack: Couldn't load memtrack module (No such file or directory)
08-02 10:56:02.390  7729  7729 E android.os.Debug: failed to load memtrack module: -2
08-02 10:56:02.392  7729  7729 I Radio-JNI: register_android_hardware_Radio DONE
08-02 10:56:02.398  7729  7729 D AndroidRuntime: Calling main entry com.android.commands.uiautomator.Launcher
08-02 10:56:03.415  7729  7729 W AccessibilityNodeInfoDumper: Fetch time: 6ms
08-02 10:56:03.415   624   636 W WindowManager: Attempted to remove non-existing token: android.os.Binder@bfb7746
08-02 10:56:03.424  7729  7729 D AndroidRuntime: Shutting down VM
08-02 10:56:03.945  7747  7747 D AndroidRuntime: >>>>>> START com.android.internal.os.RuntimeInit uid 0 <<<<<<
08-02 10:56:03.949  7747  7747 D AndroidRuntime: CheckJNI is OFF
08-02 10:56:03.957  7747  7747 D ICU     : No timezone override file found: /data/misc/zoneinfo/current/icu/icu_tzdata.dat
08-02 10:56:03.973  7747  7747 E memtrack: Couldn't load memtrack module (No such file or directory)
08-02 10:56:03.973  7747  7747 E android.os.Debug: failed to load memtrack module: -2
08-02 10:56:03.974  7747  7747 I Radio-JNI: register_android_hardware_Radio DONE
08-02 10:56:03.982  7747  7747 D AndroidRuntime: Calling main entry com.android.commands.uiautomator.Launcher
08-02 10:56:05.005  7747  7747 W AccessibilityNodeInfoDumper: Fetch time: 4ms
08-02 10:56:05.005   624  1052 W WindowManager: Attempted to remove non-existing token: android.os.Binder@e8d4d07
08-02 10:56:05.011  7747  7747 D AndroidRuntime: Shutting down VM
