08-02 10:52:01.801  3027  3027 I Radio-JNI: register_android_hardware_Radio DONE
08-02 10:52:01.812  3027  3027 D AndroidRuntime: Calling main entry com.android.commands.uiautomator.Launcher
08-02 10:52:02.827  3027  3027 W AccessibilityNodeInfoDumper: Fetch time: 1ms
08-02 10:52:02.828   624   762 W WindowManager: Attempted to remove non-existing token: android.os.Binder@36bedef
08-02 10:52:02.837  3027  3027 D AndroidRuntime: Shutting down VM
08-02 10:52:03.261  3040  3040 D AndroidRuntime: >>>>>> START com.android.internal.os.RuntimeInit uid 0 <<<<<<
08-02 10:52:03.262  3040  3040 D AndroidRuntime: CheckJNI is OFF
08-02 10:52:03.272  3040  3040 D ICU     : No timezone override file found: /data/misc/zoneinfo/current/icu/icu_tzdata.dat
08-02 10:52:03.291  3040  3040 E memtrack: Couldn't load memtrack module (No such file or directory)
08-02 10:52:03.291  3040  3040 E android.os.Debug: failed to load memtrack module: -2
08-02 10:52:03.292  3040  3040 I Radio-JNI: register_android_hardware_Radio DONE
08-02 10:52:03.305  3040  3040 D AndroidRuntime: Calling main entry com.android.commands.input.Input
08-02 10:52:03.316  3040  3040 I Input   : injectMotionEvent: MotionEvent { action=ACTION_DOWN, actionButton=0, id[0]=0, x[0]=980.0, y[0]=208.0, toolType[0]=TOOL_TYPE_UNKNOWN, buttonState=0, metaState=0, flags=0x0, edgeFlags=0x0, pointerCount=1, historySize=0, eventTime=241074, downTime=241074, deviceId=0, source=0x1002 }
08-02 10:52:03.323  3040  3040 I Input   : injectMotionEvent: MotionEvent { action=ACTION_UP, actionButton=0, id[0]=0, x[0]=980.0, y[0]=208.0, toolType[0]=TOOL_TYPE_UNKNOWN, buttonState=0, metaState=0, flags=0x0, edgeFlags=0x0, pointerCount=1, historySize=0, eventTime=241074, downTime=241074, deviceId=0, source=0x1002 }
08-02 10:52:03.324  3040  3040 D AndroidRuntime: Shutting down VM
08-02 10:52:03.390  2071  2071 D leak-38-9: Eastern Standard Time
08-02 10:52:03.390  2071  2071 D leak-40-9: Eastern Standard Time
08-02 10:52:03.390  2071  2071 D leak-43-9: Eastern Standard Time
08-02 10:52:03.390  2071  2071 D leak-44-9: Eastern Standard Time
08-02 10:52:03.390  2071  2071 D leak-45-9: Eastern Standard Time
08-02 10:52:03.399  2071  2071 D leak-46-9: Eastern Standard Time
08-02 10:52:03.399  2071  2071 D leak-47-9: Eastern Standard Time
08-02 10:52:03.399  2071  2071 D leak-55-9: Eastern Standard Time
08-02 10:52:03.408  2071  2071 D leak-64-9: Eastern Standard Time
08-02 10:52:03.408  2071  2071 D leak-38-6: Eastern Standard Time
08-02 10:52:03.408  2071  2071 D leak-40-6: Eastern Standard Time
08-02 10:52:03.409  2071  2071 D leak-43-6: Eastern Standard Time
08-02 10:52:03.409  2071  2071 D leak-44-6: Eastern Standard Time
08-02 10:52:03.409  2071  2071 D leak-45-6: Eastern Standard Time
08-02 10:52:03.409  2071  2071 D leak-46-6: Eastern Standard Time
08-02 10:52:03.409  2071  2071 D leak-47-6: Eastern Standard Time
08-02 10:52:03.409  2071  2071 D leak-55-6: Eastern Standard Time
08-02 10:52:03.409  2071  2071 D leak-64-6: Eastern Standard Time
08-02 10:52:03.409  2071  2071 D leak-38-7: Eastern Standard Time
08-02 10:52:03.409  2071  2071 D leak-40-7: Eastern Standard Time
08-02 10:52:03.409  2071  2071 D leak-43-7: Eastern Standard Time
08-02 10:52:03.409  2071  2071 D leak-44-7: Eastern Standard Time
08-02 10:52:03.409  2071  2071 D leak-45-7: Eastern Standard Time
08-02 10:52:03.409  2071  2071 D leak-46-7: Eastern Standard Time
08-02 10:52:03.409  2071  2071 D leak-47-7: Eastern Standard Time
08-02 10:52:03.409  2071  2071 D leak-55-7: Eastern Standard Time
08-02 10:52:03.409  2071  2071 D leak-64-7: Eastern Standard Time
08-02 10:52:03.473  2071  2071 D leak-3-0: Eastern Standard Time
08-02 10:52:03.473  2071  2071 D leak-6-0: Eastern Standard Time
08-02 10:52:03.473  2071  2071 D leak-8-0: Eastern Standard Time
08-02 10:52:03.473  2071  2071 D leak-9-0: Eastern Standard Time
08-02 10:52:03.499  2071  3050 D leak-3-2: Eastern Standard Time
08-02 10:52:03.508  2071  3050 D leak-6-2: Eastern Standard Time
08-02 10:52:03.508  2071  3050 D leak-8-2: Eastern Standard Time
08-02 10:52:03.508  2071  3050 D leak-9-2: Eastern Standard Time
08-02 10:52:03.508  2071  3050 D leak-5-0: Eastern Standard Time
08-02 10:52:03.508  2071  3050 D leak-3-4: Eastern Standard Time
08-02 10:52:03.508  2071  3050 D leak-6-4: Eastern Standard Time
08-02 10:52:03.508  2071  3050 D leak-8-4: Eastern Standard Time
08-02 10:52:03.508  2071  3050 D leak-9-4: Eastern Standard Time
08-02 10:52:03.508  2071  3050 D afhdownloader_Download: Fetch: https://androidfilehost.com/?w=files&flid=39788
08-02 10:52:03.805  2071  2089 E Surface : getSlotFromBufferLocked: unknown buffer: 0xe0b97700
08-02 10:52:03.815  2071  2089 D OpenGLRenderer: endAllStagingAnimators on 0xdfc46280 (MenuPopupWindow$MenuDropDownListView) with handle 0xee8d2da0
08-02 10:52:04.602  2071  2071 D leak-3-3: Eastern Standard Time
08-02 10:52:04.602  2071  2071 D leak-6-3: Eastern Standard Time
08-02 10:52:04.602  2071  2071 D leak-8-3: Eastern Standard Time
08-02 10:52:04.602  2071  2071 D leak-9-3: Eastern Standard Time
08-02 10:52:04.602  2071  2071 D leak-5-1: Eastern Standard Time
08-02 10:52:04.602  2071  2071 D leak-7-1: Eastern Standard Time
08-02 10:52:04.602  2071  2071 D leak-38-16: Eastern Standard Time
08-02 10:52:04.602  2071  2071 D leak-40-16: Eastern Standard Time
08-02 10:52:04.602  2071  2071 D leak-43-16: Eastern Standard Time
08-02 10:52:04.602  2071  2071 D leak-44-16: Eastern Standard Time
08-02 10:52:04.602  2071  2071 D leak-45-16: Eastern Standard Time
08-02 10:52:04.602  2071  2071 D leak-46-16: Eastern Standard Time
08-02 10:52:04.602  2071  2071 D leak-47-16: Eastern Standard Time
08-02 10:52:04.602  2071  2071 D leak-55-16: Eastern Standard Time
08-02 10:52:04.602  2071  2071 D leak-64-16: Eastern Standard Time
08-02 10:52:04.603  2071  2071 W afhdownloader_MainActivity: Download
08-02 10:52:04.604  2071  2071 D leak-107-0: Eastern Standard Time
08-02 10:52:04.604  2071  2071 D leak-88-0: Eastern Standard Time
08-02 10:52:04.615  2071  2071 D leak-107-1: Eastern Standard Time
08-02 10:52:04.615  2071  2071 D leak-108-1: Eastern Standard Time
08-02 10:52:04.617  2071  2071 D leak-107-1: Eastern Standard Time
08-02 10:52:04.617  2071  2071 D leak-108-1: Eastern Standard Time
08-02 10:52:04.617  2071  2071 D leak-107-1: Eastern Standard Time
08-02 10:52:04.617  2071  2071 D leak-108-1: Eastern Standard Time
08-02 10:52:04.617  2071  2071 D leak-107-1: Eastern Standard Time
08-02 10:52:04.617  2071  2071 D leak-108-1: Eastern Standard Time
08-02 10:52:04.617  2071  2071 D leak-107-1: Eastern Standard Time
08-02 10:52:04.617  2071  2071 D leak-108-1: Eastern Standard Time
08-02 10:52:04.617  2071  2071 D leak-107-1: Eastern Standard Time
08-02 10:52:04.617  2071  2071 D leak-108-1: Eastern Standard Time
08-02 10:52:04.617  2071  2071 D leak-107-1: Eastern Standard Time
08-02 10:52:04.617  2071  2071 D leak-108-1: Eastern Standard Time
08-02 10:52:04.617  2071  2071 D leak-107-1: Eastern Standard Time
08-02 10:52:04.617  2071  2071 D leak-108-1: Eastern Standard Time
08-02 10:52:04.618  2071  2071 D leak-107-1: Eastern Standard Time
08-02 10:52:04.618  2071  2071 D leak-108-1: Eastern Standard Time
08-02 10:52:04.618  2071  2071 D leak-107-1: Eastern Standard Time
08-02 10:52:04.618  2071  2071 D leak-108-1: Eastern Standard Time
08-02 10:52:04.618  2071  2071 D leak-107-1: Eastern Standard Time
08-02 10:52:04.618  2071  2071 D leak-108-1: Eastern Standard Time
08-02 10:52:04.618  2071  2071 D leak-107-1: Eastern Standard Time
08-02 10:52:04.618  2071  2071 D leak-108-1: Eastern Standard Time
08-02 10:52:04.618  2071  2071 D leak-107-1: Eastern Standard Time
08-02 10:52:04.618  2071  2071 D leak-108-1: Eastern Standard Time
08-02 10:52:04.619  2071  2071 D leak-107-1: Eastern Standard Time
08-02 10:52:04.619  2071  2071 D leak-108-1: Eastern Standard Time
08-02 10:52:04.619  2071  2071 D leak-107-1: Eastern Standard Time
08-02 10:52:04.619  2071  2071 D leak-108-1: Eastern Standard Time
08-02 10:52:04.619  2071  2071 D leak-107-1: Eastern Standard Time
08-02 10:52:04.619  2071  2071 D leak-108-1: Eastern Standard Time
08-02 10:52:04.619  2071  2071 D leak-107-1: Eastern Standard Time
08-02 10:52:04.619  2071  2071 D leak-108-1: Eastern Standard Time
08-02 10:52:04.619  2071  2071 D leak-107-1: Eastern Standard Time
08-02 10:52:04.619  2071  2071 D leak-108-1: Eastern Standard Time
08-02 10:52:04.619  2071  2071 D leak-107-1: Eastern Standard Time
08-02 10:52:04.619  2071  2071 D leak-108-1: Eastern Standard Time
08-02 10:52:04.619  2071  2071 D leak-107-1: Eastern Standard Time
08-02 10:52:04.619  2071  2071 D leak-108-1: Eastern Standard Time
08-02 10:52:04.619  2071  2071 D leak-107-1: Eastern Standard Time
08-02 10:52:04.619  2071  2071 D leak-108-1: Eastern Standard Time
08-02 10:52:04.619  2071  2071 D leak-107-1: Eastern Standard Time
08-02 10:52:04.619  2071  2071 D leak-108-1: Eastern Standard Time
08-02 10:52:04.620  2071  2071 D leak-107-1: Eastern Standard Time
08-02 10:52:04.620  2071  2071 D leak-108-1: Eastern Standard Time
08-02 10:52:04.620  2071  2071 D leak-107-1: Eastern Standard Time
08-02 10:52:04.620  2071  2071 D leak-108-1: Eastern Standard Time
08-02 10:52:04.620  2071  2071 D leak-107-1: Eastern Standard Time
08-02 10:52:04.620  2071  2071 D leak-108-1: Eastern Standard Time
08-02 10:52:04.620  2071  2071 D leak-107-1: Eastern Standard Time
08-02 10:52:04.620  2071  2071 D leak-108-1: Eastern Standard Time
08-02 10:52:04.620  2071  2071 D leak-107-1: Eastern Standard Time
08-02 10:52:04.620  2071  2071 D leak-108-1: Eastern Standard Time
08-02 10:52:04.620  2071  2071 D leak-107-1: Eastern Standard Time
08-02 10:52:04.620  2071  2071 D leak-108-1: Eastern Standard Time
08-02 10:52:04.620  2071  2071 D leak-107-1: Eastern Standard Time
08-02 10:52:04.620  2071  2071 D leak-108-1: Eastern Standard Time
08-02 10:52:04.621  2071  2071 D leak-107-1: Eastern Standard Time
08-02 10:52:04.622  2071  2071 D leak-108-1: Eastern Standard Time
08-02 10:52:04.623  2071  2071 D leak-107-1: Eastern Standard Time
08-02 10:52:04.623  2071  2071 D leak-108-1: Eastern Standard Time
08-02 10:52:04.623  2071  2071 D leak-107-1: Eastern Standard Time
08-02 10:52:04.623  2071  2071 D leak-108-1: Eastern Standard Time
08-02 10:52:04.624  2071  2071 D leak-107-1: Eastern Standard Time
08-02 10:52:04.624  2071  2071 D leak-108-1: Eastern Standard Time
08-02 10:52:04.624  2071  2071 D leak-107-1: Eastern Standard Time
08-02 10:52:04.624  2071  2071 D leak-108-1: Eastern Standard Time
08-02 10:52:04.625  2071  2071 D leak-107-1: Eastern Standard Time
08-02 10:52:04.625  2071  2071 D leak-108-1: Eastern Standard Time
08-02 10:52:04.625  2071  2071 D leak-107-1: Eastern Standard Time
08-02 10:52:04.625  2071  2071 D leak-108-1: Eastern Standard Time
08-02 10:52:04.625  2071  2071 D leak-107-1: Eastern Standard Time
08-02 10:52:04.625  2071  2071 D leak-108-1: Eastern Standard Time
08-02 10:52:04.625  2071  2071 D leak-107-1: Eastern Standard Time
08-02 10:52:04.625  2071  2071 D leak-108-1: Eastern Standard Time
08-02 10:52:04.626  2071  2071 D leak-107-1: Eastern Standard Time
08-02 10:52:04.626  2071  2071 D leak-108-1: Eastern Standard Time
08-02 10:52:04.626  2071  2071 D leak-107-1: Eastern Standard Time
08-02 10:52:04.626  2071  2071 D leak-108-1: Eastern Standard Time
08-02 10:52:04.626  2071  2071 D leak-107-1: Eastern Standard Time
08-02 10:52:04.626  2071  2071 D leak-108-1: Eastern Standard Time
08-02 10:52:04.627  2071  2071 D leak-107-1: Eastern Standard Time
08-02 10:52:04.627  2071  2071 D leak-108-1: Eastern Standard Time
08-02 10:52:07.911  3383  3383 D AndroidRuntime: >>>>>> START com.android.internal.os.RuntimeInit uid 0 <<<<<<
08-02 10:52:07.912  3383  3383 D AndroidRuntime: CheckJNI is OFF
08-02 10:52:07.923  3383  3383 D ICU     : No timezone override file found: /data/misc/zoneinfo/current/icu/icu_tzdata.dat
08-02 10:52:07.940  3383  3383 E memtrack: Couldn't load memtrack module (No such file or directory)
08-02 10:52:07.940  3383  3383 E android.os.Debug: failed to load memtrack module: -2
08-02 10:52:07.942  3383  3383 I Radio-JNI: register_android_hardware_Radio DONE
08-02 10:52:07.950  3383  3383 D AndroidRuntime: Calling main entry com.android.commands.uiautomator.Launcher
08-02 10:52:08.537   624  1398 D NetlinkSocketObserver: NeighborEvent{elapsedMs=246305, 10.0.3.2, [525400123502], RTM_NEWNEIGH, NUD_REACHABLE}
08-02 10:52:08.969  3383  3383 W AccessibilityNodeInfoDumper: Fetch time: 7ms
08-02 10:52:08.969   624  1013 W WindowManager: Attempted to remove non-existing token: android.os.Binder@d4d50fc
08-02 10:52:08.987  3383  3383 D AndroidRuntime: Shutting down VM
08-02 10:52:10.574  3406  3406 D AndroidRuntime: >>>>>> START com.android.internal.os.RuntimeInit uid 0 <<<<<<
08-02 10:52:10.577  3406  3406 D AndroidRuntime: CheckJNI is OFF
08-02 10:52:10.586  3406  3406 D ICU     : No timezone override file found: /data/misc/zoneinfo/current/icu/icu_tzdata.dat
08-02 10:52:10.599  3406  3406 E memtrack: Couldn't load memtrack module (No such file or directory)
08-02 10:52:10.599  3406  3406 E android.os.Debug: failed to load memtrack module: -2
08-02 10:52:10.600  3406  3406 I Radio-JNI: register_android_hardware_Radio DONE
08-02 10:52:10.608  3406  3406 D AndroidRuntime: Calling main entry com.android.commands.uiautomator.Launcher
08-02 10:52:11.631  3406  3406 W AccessibilityNodeInfoDumper: Fetch time: 4ms
08-02 10:52:11.631   624  1064 W WindowManager: Attempted to remove non-existing token: android.os.Binder@2c1e5da
08-02 10:52:11.640  3406  3406 D AndroidRuntime: Shutting down VM
08-02 10:52:12.110  3424  3424 D AndroidRuntime: >>>>>> START com.android.internal.os.RuntimeInit uid 0 <<<<<<
08-02 10:52:12.112  3424  3424 D AndroidRuntime: CheckJNI is OFF
08-02 10:52:12.123  3424  3424 D ICU     : No timezone override file found: /data/misc/zoneinfo/current/icu/icu_tzdata.dat
08-02 10:52:12.137  3424  3424 E memtrack: Couldn't load memtrack module (No such file or directory)
08-02 10:52:12.137  3424  3424 E android.os.Debug: failed to load memtrack module: -2
08-02 10:52:12.139  3424  3424 I Radio-JNI: register_android_hardware_Radio DONE
08-02 10:52:12.144  3424  3424 D AndroidRuntime: Calling main entry com.android.commands.uiautomator.Launcher
08-02 10:52:13.162  3424  3424 W AccessibilityNodeInfoDumper: Fetch time: 4ms
08-02 10:52:13.163   624  1052 W WindowManager: Attempted to remove non-existing token: android.os.Binder@1337a0b
08-02 10:52:13.174  3424  3424 D AndroidRuntime: Shutting down VM
08-02 10:52:14.264  3447  3447 D AndroidRuntime: >>>>>> START com.android.internal.os.RuntimeInit uid 0 <<<<<<
08-02 10:52:14.265  3447  3447 D AndroidRuntime: CheckJNI is OFF
08-02 10:52:14.277  3447  3447 D ICU     : No timezone override file found: /data/misc/zoneinfo/current/icu/icu_tzdata.dat
08-02 10:52:14.290  3447  3447 E memtrack: Couldn't load memtrack module (No such file or directory)
08-02 10:52:14.290  3447  3447 E android.os.Debug: failed to load memtrack module: -2
08-02 10:52:14.291  3447  3447 I Radio-JNI: register_android_hardware_Radio DONE
08-02 10:52:14.298  3447  3447 D AndroidRuntime: Calling main entry com.android.commands.uiautomator.Launcher
08-02 10:52:15.318  3447  3447 W AccessibilityNodeInfoDumper: Fetch time: 5ms
08-02 10:52:15.319   624  1013 W WindowManager: Attempted to remove non-existing token: android.os.Binder@19c80e8
08-02 10:52:15.338  3447  3447 D AndroidRuntime: Shutting down VM
08-02 10:52:16.518  3476  3476 D AndroidRuntime: >>>>>> START com.android.internal.os.RuntimeInit uid 0 <<<<<<
08-02 10:52:16.519  3476  3476 D AndroidRuntime: CheckJNI is OFF
08-02 10:52:16.528  3476  3476 D ICU     : No timezone override file found: /data/misc/zoneinfo/current/icu/icu_tzdata.dat
08-02 10:52:16.540  3476  3476 E memtrack: Couldn't load memtrack module (No such file or directory)
08-02 10:52:16.540  3476  3476 E android.os.Debug: failed to load memtrack module: -2
08-02 10:52:16.541  3476  3476 I Radio-JNI: register_android_hardware_Radio DONE
08-02 10:52:16.550  3476  3476 D AndroidRuntime: Calling main entry com.android.commands.uiautomator.Launcher
08-02 10:52:17.568  3476  3476 W AccessibilityNodeInfoDumper: Fetch time: 5ms
08-02 10:52:17.569   624   761 W WindowManager: Attempted to remove non-existing token: android.os.Binder@a59c301
08-02 10:52:17.591  3476  3476 D AndroidRuntime: Shutting down VM
08-02 10:52:18.713  3502  3502 D AndroidRuntime: >>>>>> START com.android.internal.os.RuntimeInit uid 0 <<<<<<
08-02 10:52:18.715  3502  3502 D AndroidRuntime: CheckJNI is OFF
08-02 10:52:18.725  3502  3502 D ICU     : No timezone override file found: /data/misc/zoneinfo/current/icu/icu_tzdata.dat
08-02 10:52:18.739  3502  3502 E memtrack: Couldn't load memtrack module (No such file or directory)
08-02 10:52:18.739  3502  3502 E android.os.Debug: failed to load memtrack module: -2
08-02 10:52:18.740  3502  3502 I Radio-JNI: register_android_hardware_Radio DONE
08-02 10:52:18.748  3502  3502 D AndroidRuntime: Calling main entry com.android.commands.uiautomator.Launcher
08-02 10:52:19.764  3502  3502 W AccessibilityNodeInfoDumper: Fetch time: 5ms
08-02 10:52:19.764   624  1013 W WindowManager: Attempted to remove non-existing token: android.os.Binder@56885a6
08-02 10:52:19.772  3502  3502 D AndroidRuntime: Shutting down VM
08-02 10:52:20.262  3520  3520 D AndroidRuntime: >>>>>> START com.android.internal.os.RuntimeInit uid 0 <<<<<<
08-02 10:52:20.264  3520  3520 D AndroidRuntime: CheckJNI is OFF
08-02 10:52:20.273  3520  3520 D ICU     : No timezone override file found: /data/misc/zoneinfo/current/icu/icu_tzdata.dat
08-02 10:52:20.288  3520  3520 E memtrack: Couldn't load memtrack module (No such file or directory)
08-02 10:52:20.288  3520  3520 E android.os.Debug: failed to load memtrack module: -2
08-02 10:52:20.289  3520  3520 I Radio-JNI: register_android_hardware_Radio DONE
08-02 10:52:20.295  3520  3520 D AndroidRuntime: Calling main entry com.android.commands.uiautomator.Launcher
08-02 10:52:21.317  3520  3520 W AccessibilityNodeInfoDumper: Fetch time: 6ms
08-02 10:52:21.317   624  1113 W WindowManager: Attempted to remove non-existing token: android.os.Binder@b2cc394
08-02 10:52:21.327  3520  3520 D AndroidRuntime: Shutting down VM
08-02 10:52:22.431  3543  3543 D AndroidRuntime: >>>>>> START com.android.internal.os.RuntimeInit uid 0 <<<<<<
08-02 10:52:22.434  3543  3543 D AndroidRuntime: CheckJNI is OFF
08-02 10:52:22.442  3543  3543 D ICU     : No timezone override file found: /data/misc/zoneinfo/current/icu/icu_tzdata.dat
08-02 10:52:22.457  3543  3543 E memtrack: Couldn't load memtrack module (No such file or directory)
08-02 10:52:22.457  3543  3543 E android.os.Debug: failed to load memtrack module: -2
08-02 10:52:22.458  3543  3543 I Radio-JNI: register_android_hardware_Radio DONE
08-02 10:52:22.464  3543  3543 D AndroidRuntime: Calling main entry com.android.commands.uiautomator.Launcher
08-02 10:52:23.494  3543  3543 W AccessibilityNodeInfoDumper: Fetch time: 4ms
08-02 10:52:23.494   624  1113 W WindowManager: Attempted to remove non-existing token: android.os.Binder@e1e8e3d
08-02 10:52:23.504  3543  3543 D AndroidRuntime: Shutting down VM
08-02 10:52:23.991  3561  3561 D AndroidRuntime: >>>>>> START com.android.internal.os.RuntimeInit uid 0 <<<<<<
08-02 10:52:23.992  3561  3561 D AndroidRuntime: CheckJNI is OFF
08-02 10:52:24.002  3561  3561 D ICU     : No timezone override file found: /data/misc/zoneinfo/current/icu/icu_tzdata.dat
08-02 10:52:24.014  3561  3561 E memtrack: Couldn't load memtrack module (No such file or directory)
08-02 10:52:24.014  3561  3561 E android.os.Debug: failed to load memtrack module: -2
08-02 10:52:24.015  3561  3561 I Radio-JNI: register_android_hardware_Radio DONE
08-02 10:52:24.021  3561  3561 D AndroidRuntime: Calling main entry com.android.commands.uiautomator.Launcher
08-02 10:52:25.039  3561  3561 W AccessibilityNodeInfoDumper: Fetch time: 5ms
08-02 10:52:25.039   624   762 W WindowManager: Attempted to remove non-existing token: android.os.Binder@2875632
08-02 10:52:25.057  3561  3561 D AndroidRuntime: Shutting down VM
08-02 10:52:26.207  3584  3584 D AndroidRuntime: >>>>>> START com.android.internal.os.RuntimeInit uid 0 <<<<<<
08-02 10:52:26.209  3584  3584 D AndroidRuntime: CheckJNI is OFF
08-02 10:52:26.219  3584  3584 D ICU     : No timezone override file found: /data/misc/zoneinfo/current/icu/icu_tzdata.dat
08-02 10:52:26.233  3584  3584 E memtrack: Couldn't load memtrack module (No such file or directory)
08-02 10:52:26.233  3584  3584 E android.os.Debug: failed to load memtrack module: -2
08-02 10:52:26.234  3584  3584 I Radio-JNI: register_android_hardware_Radio DONE
08-02 10:52:26.240  3584  3584 D AndroidRuntime: Calling main entry com.android.commands.uiautomator.Launcher
08-02 10:52:26.976   624  1398 D NetlinkSocketObserver: NeighborEvent{elapsedMs=264745, 10.0.3.2, [525400123502], RTM_NEWNEIGH, NUD_STALE}
08-02 10:52:27.264  3584  3584 W AccessibilityNodeInfoDumper: Fetch time: 5ms
08-02 10:52:27.264   624   761 W WindowManager: Attempted to remove non-existing token: android.os.Binder@c8f1f83
08-02 10:52:27.293  3584  3584 D AndroidRuntime: Shutting down VM
08-02 10:52:27.774  3602  3602 D AndroidRuntime: >>>>>> START com.android.internal.os.RuntimeInit uid 0 <<<<<<
08-02 10:52:27.778  3602  3602 D AndroidRuntime: CheckJNI is OFF
08-02 10:52:27.788  3602  3602 D ICU     : No timezone override file found: /data/misc/zoneinfo/current/icu/icu_tzdata.dat
08-02 10:52:27.801  3602  3602 E memtrack: Couldn't load memtrack module (No such file or directory)
08-02 10:52:27.801  3602  3602 E android.os.Debug: failed to load memtrack module: -2
08-02 10:52:27.802  3602  3602 I Radio-JNI: register_android_hardware_Radio DONE
08-02 10:52:27.811  3602  3602 D AndroidRuntime: Calling main entry com.android.commands.uiautomator.Launcher
08-02 10:52:28.844  3602  3602 W AccessibilityNodeInfoDumper: Fetch time: 5ms
08-02 10:52:28.845   624   635 W WindowManager: Attempted to remove non-existing token: android.os.Binder@6dc8500
08-02 10:52:28.870  3602  3602 D AndroidRuntime: Shutting down VM
08-02 10:52:30.009  3627  3627 D AndroidRuntime: >>>>>> START com.android.internal.os.RuntimeInit uid 0 <<<<<<
08-02 10:52:30.013  3627  3627 D AndroidRuntime: CheckJNI is OFF
08-02 10:52:30.022  3627  3627 D ICU     : No timezone override file found: /data/misc/zoneinfo/current/icu/icu_tzdata.dat
08-02 10:52:30.035  3627  3627 E memtrack: Couldn't load memtrack module (No such file or directory)
08-02 10:52:30.035  3627  3627 E android.os.Debug: failed to load memtrack module: -2
08-02 10:52:30.038  3627  3627 I Radio-JNI: register_android_hardware_Radio DONE
08-02 10:52:30.046  3627  3627 D AndroidRuntime: Calling main entry com.android.commands.uiautomator.Launcher
08-02 10:52:31.070  3627  3627 W AccessibilityNodeInfoDumper: Fetch time: 4ms
08-02 10:52:31.070   624  1052 W WindowManager: Attempted to remove non-existing token: android.os.Binder@a6ad139
08-02 10:52:31.086  3627  3627 D AndroidRuntime: Shutting down VM
08-02 10:52:31.579  3645  3645 D AndroidRuntime: >>>>>> START com.android.internal.os.RuntimeInit uid 0 <<<<<<
08-02 10:52:31.581  3645  3645 D AndroidRuntime: CheckJNI is OFF
08-02 10:52:31.591  3645  3645 D ICU     : No timezone override file found: /data/misc/zoneinfo/current/icu/icu_tzdata.dat
08-02 10:52:31.605  3645  3645 E memtrack: Couldn't load memtrack module (No such file or directory)
08-02 10:52:31.605  3645  3645 E android.os.Debug: failed to load memtrack module: -2
08-02 10:52:31.606  3645  3645 I Radio-JNI: register_android_hardware_Radio DONE
08-02 10:52:31.617  3645  3645 D AndroidRuntime: Calling main entry com.android.commands.uiautomator.Launcher
08-02 10:52:32.645  3645  3645 W AccessibilityNodeInfoDumper: Fetch time: 4ms
08-02 10:52:32.645   624  1064 W WindowManager: Attempted to remove non-existing token: android.os.Binder@650a37e
08-02 10:52:32.653  3645  3645 D AndroidRuntime: Shutting down VM
08-02 10:52:33.135  3658  3658 D AndroidRuntime: >>>>>> START com.android.internal.os.RuntimeInit uid 0 <<<<<<
08-02 10:52:33.137  3658  3658 D AndroidRuntime: CheckJNI is OFF
08-02 10:52:33.147  3658  3658 D ICU     : No timezone override file found: /data/misc/zoneinfo/current/icu/icu_tzdata.dat
08-02 10:52:33.160  3658  3658 E memtrack: Couldn't load memtrack module (No such file or directory)
08-02 10:52:33.160  3658  3658 E android.os.Debug: failed to load memtrack module: -2
08-02 10:52:33.163  3658  3658 I Radio-JNI: register_android_hardware_Radio DONE
08-02 10:52:33.170  3658  3658 D AndroidRuntime: Calling main entry com.android.commands.input.Input
08-02 10:52:33.172  3658  3658 I Input   : injectMotionEvent: MotionEvent { action=ACTION_DOWN, actionButton=0, id[0]=0, x[0]=1144.0, y[0]=112.0, toolType[0]=TOOL_TYPE_UNKNOWN, buttonState=0, metaState=0, flags=0x0, edgeFlags=0x0, pointerCount=1, historySize=0, eventTime=270940, downTime=270940, deviceId=0, source=0x1002 }
08-02 10:52:33.176  3658  3658 I Input   : injectMotionEvent: MotionEvent { action=ACTION_MOVE, actionButton=0, id[0]=0, x[0]=1144.0, y[0]=112.0, toolType[0]=TOOL_TYPE_UNKNOWN, buttonState=0, metaState=0, flags=0x0, edgeFlags=0x0, pointerCount=1, historySize=0, eventTime=270940, downTime=270940, deviceId=0, source=0x1002 }
08-02 10:52:33.184  3658  3658 I Input   : injectMotionEvent: MotionEvent { action=ACTION_MOVE, actionButton=0, id[0]=0, x[0]=1144.0, y[0]=112.0, toolType[0]=TOOL_TYPE_UNKNOWN, buttonState=0, metaState=0, flags=0x0, edgeFlags=0x0, pointerCount=1, historySize=0, eventTime=270952, downTime=270952, deviceId=0, source=0x1002 }
08-02 10:52:33.224  3658  3658 I Input   : injectMotionEvent: MotionEvent { action=ACTION_MOVE, actionButton=0, id[0]=0, x[0]=1144.0, y[0]=112.0, toolType[0]=TOOL_TYPE_UNKNOWN, buttonState=0, metaState=0, flags=0x0, edgeFlags=0x0, pointerCount=1, historySize=0, eventTime=270993, downTime=270993, deviceId=0, source=0x1002 }
08-02 10:52:33.237  3658  3658 I Input   : injectMotionEvent: MotionEvent { action=ACTION_MOVE, actionButton=0, id[0]=0, x[0]=1144.0, y[0]=112.0, toolType[0]=TOOL_TYPE_UNKNOWN, buttonState=0, metaState=0, flags=0x0, edgeFlags=0x0, pointerCount=1, historySize=0, eventTime=271005, downTime=271005, deviceId=0, source=0x1002 }
08-02 10:52:33.249  3658  3658 I Input   : injectMotionEvent: MotionEvent { action=ACTION_MOVE, actionButton=0, id[0]=0, x[0]=1144.0, y[0]=112.0, toolType[0]=TOOL_TYPE_UNKNOWN, buttonState=0, metaState=0, flags=0x0, edgeFlags=0x0, pointerCount=1, historySize=0, eventTime=271017, downTime=271017, deviceId=0, source=0x1002 }
08-02 10:52:33.265  3658  3658 I Input   : injectMotionEvent: MotionEvent { action=ACTION_MOVE, actionButton=0, id[0]=0, x[0]=1144.0, y[0]=112.0, toolType[0]=TOOL_TYPE_UNKNOWN, buttonState=0, metaState=0, flags=0x0, edgeFlags=0x0, pointerCount=1, historySize=0, eventTime=271034, downTime=271034, deviceId=0, source=0x1002 }
08-02 10:52:33.282  3658  3658 I Input   : injectMotionEvent: MotionEvent { action=ACTION_MOVE, actionButton=0, id[0]=0, x[0]=1144.0, y[0]=112.0, toolType[0]=TOOL_TYPE_UNKNOWN, buttonState=0, metaState=0, flags=0x0, edgeFlags=0x0, pointerCount=1, historySize=0, eventTime=271051, downTime=271051, deviceId=0, source=0x1002 }
08-02 10:52:33.304  3658  3658 I Input   : injectMotionEvent: MotionEvent { action=ACTION_MOVE, actionButton=0, id[0]=0, x[0]=1144.0, y[0]=112.0, toolType[0]=TOOL_TYPE_UNKNOWN, buttonState=0, metaState=0, flags=0x0, edgeFlags=0x0, pointerCount=1, historySize=0, eventTime=271071, downTime=271071, deviceId=0, source=0x1002 }
08-02 10:52:33.316  3658  3658 I Input   : injectMotionEvent: MotionEvent { action=ACTION_MOVE, actionButton=0, id[0]=0, x[0]=1144.0, y[0]=112.0, toolType[0]=TOOL_TYPE_UNKNOWN, buttonState=0, metaState=0, flags=0x0, edgeFlags=0x0, pointerCount=1, historySize=0, eventTime=271084, downTime=271084, deviceId=0, source=0x1002 }
08-02 10:52:33.332  3658  3658 I Input   : injectMotionEvent: MotionEvent { action=ACTION_MOVE, actionButton=0, id[0]=0, x[0]=1144.0, y[0]=112.0, toolType[0]=TOOL_TYPE_UNKNOWN, buttonState=0, metaState=0, flags=0x0, edgeFlags=0x0, pointerCount=1, historySize=0, eventTime=271100, downTime=271100, deviceId=0, source=0x1002 }
08-02 10:52:33.350  3658  3658 I Input   : injectMotionEvent: MotionEvent { action=ACTION_MOVE, actionButton=0, id[0]=0, x[0]=1144.0, y[0]=112.0, toolType[0]=TOOL_TYPE_UNKNOWN, buttonState=0, metaState=0, flags=0x0, edgeFlags=0x0, pointerCount=1, historySize=0, eventTime=271118, downTime=271118, deviceId=0, source=0x1002 }
08-02 10:52:33.366  3658  3658 I Input   : injectMotionEvent: MotionEvent { action=ACTION_MOVE, actionButton=0, id[0]=0, x[0]=1144.0, y[0]=112.0, toolType[0]=TOOL_TYPE_UNKNOWN, buttonState=0, metaState=0, flags=0x0, edgeFlags=0x0, pointerCount=1, historySize=0, eventTime=271134, downTime=271134, deviceId=0, source=0x1002 }
08-02 10:52:33.382  3658  3658 I Input   : injectMotionEvent: MotionEvent { action=ACTION_MOVE, actionButton=0, id[0]=0, x[0]=1144.0, y[0]=112.0, toolType[0]=TOOL_TYPE_UNKNOWN, buttonState=0, metaState=0, flags=0x0, edgeFlags=0x0, pointerCount=1, historySize=0, eventTime=271150, downTime=271150, deviceId=0, source=0x1002 }
08-02 10:52:33.398  3658  3658 I Input   : injectMotionEvent: MotionEvent { action=ACTION_MOVE, actionButton=0, id[0]=0, x[0]=1144.0, y[0]=112.0, toolType[0]=TOOL_TYPE_UNKNOWN, buttonState=0, metaState=0, flags=0x0, edgeFlags=0x0, pointerCount=1, historySize=0, eventTime=271167, downTime=271167, deviceId=0, source=0x1002 }
08-02 10:52:33.434  3658  3658 I Input   : injectMotionEvent: MotionEvent { action=ACTION_MOVE, actionButton=0, id[0]=0, x[0]=1144.0, y[0]=112.0, toolType[0]=TOOL_TYPE_UNKNOWN, buttonState=0, metaState=0, flags=0x0, edgeFlags=0x0, pointerCount=1, historySize=0, eventTime=271202, downTime=271202, deviceId=0, source=0x1002 }
08-02 10:52:33.463  3658  3658 I Input   : injectMotionEvent: MotionEvent { action=ACTION_MOVE, actionButton=0, id[0]=0, x[0]=1144.0, y[0]=112.0, toolType[0]=TOOL_TYPE_UNKNOWN, buttonState=0, metaState=0, flags=0x0, edgeFlags=0x0, pointerCount=1, historySize=0, eventTime=271232, downTime=271232, deviceId=0, source=0x1002 }
08-02 10:52:33.499  3658  3658 I Input   : injectMotionEvent: MotionEvent { action=ACTION_MOVE, actionButton=0, id[0]=0, x[0]=1144.0, y[0]=112.0, toolType[0]=TOOL_TYPE_UNKNOWN, buttonState=0, metaState=0, flags=0x0, edgeFlags=0x0, pointerCount=1, historySize=0, eventTime=271268, downTime=271268, deviceId=0, source=0x1002 }
08-02 10:52:33.517  3658  3658 I Input   : injectMotionEvent: MotionEvent { action=ACTION_MOVE, actionButton=0, id[0]=0, x[0]=1144.0, y[0]=112.0, toolType[0]=TOOL_TYPE_UNKNOWN, buttonState=0, metaState=0, flags=0x0, edgeFlags=0x0, pointerCount=1, historySize=0, eventTime=271285, downTime=271285, deviceId=0, source=0x1002 }
08-02 10:52:33.540  3658  3658 I Input   : injectMotionEvent: MotionEvent { action=ACTION_MOVE, actionButton=0, id[0]=0, x[0]=1144.0, y[0]=112.0, toolType[0]=TOOL_TYPE_UNKNOWN, buttonState=0, metaState=0, flags=0x0, edgeFlags=0x0, pointerCount=1, historySize=0, eventTime=271308, downTime=271308, deviceId=0, source=0x1002 }
08-02 10:52:33.570  3658  3658 I Input   : injectMotionEvent: MotionEvent { action=ACTION_MOVE, actionButton=0, id[0]=0, x[0]=1144.0, y[0]=112.0, toolType[0]=TOOL_TYPE_UNKNOWN, buttonState=0, metaState=0, flags=0x0, edgeFlags=0x0, pointerCount=1, historySize=0, eventTime=271338, downTime=271338, deviceId=0, source=0x1002 }
08-02 10:52:33.596  3658  3658 I Input   : injectMotionEvent: MotionEvent { action=ACTION_MOVE, actionButton=0, id[0]=0, x[0]=1144.0, y[0]=112.0, toolType[0]=TOOL_TYPE_UNKNOWN, buttonState=0, metaState=0, flags=0x0, edgeFlags=0x0, pointerCount=1, historySize=0, eventTime=271364, downTime=271364, deviceId=0, source=0x1002 }
08-02 10:52:33.619  3658  3658 I Input   : injectMotionEvent: MotionEvent { action=ACTION_MOVE, actionButton=0, id[0]=0, x[0]=1144.0, y[0]=112.0, toolType[0]=TOOL_TYPE_UNKNOWN, buttonState=0, metaState=0, flags=0x0, edgeFlags=0x0, pointerCount=1, historySize=0, eventTime=271387, downTime=271387, deviceId=0, source=0x1002 }
08-02 10:52:33.634  3658  3658 I Input   : injectMotionEvent: MotionEvent { action=ACTION_MOVE, actionButton=0, id[0]=0, x[0]=1144.0, y[0]=112.0, toolType[0]=TOOL_TYPE_UNKNOWN, buttonState=0, metaState=0, flags=0x0, edgeFlags=0x0, pointerCount=1, historySize=0, eventTime=271402, downTime=271402, deviceId=0, source=0x1002 }
08-02 10:52:33.650  3658  3658 I Input   : injectMotionEvent: MotionEvent { action=ACTION_MOVE, actionButton=0, id[0]=0, x[0]=1144.0, y[0]=112.0, toolType[0]=TOOL_TYPE_UNKNOWN, buttonState=0, metaState=0, flags=0x0, edgeFlags=0x0, pointerCount=1, historySize=0, eventTime=271418, downTime=271418, deviceId=0, source=0x1002 }
08-02 10:52:33.671  3658  3658 I Input   : injectMotionEvent: MotionEvent { action=ACTION_MOVE, actionButton=0, id[0]=0, x[0]=1144.0, y[0]=112.0, toolType[0]=TOOL_TYPE_UNKNOWN, buttonState=0, metaState=0, flags=0x0, edgeFlags=0x0, pointerCount=1, historySize=0, eventTime=271439, downTime=271439, deviceId=0, source=0x1002 }
08-02 10:52:33.699  3658  3658 I Input   : injectMotionEvent: MotionEvent { action=ACTION_MOVE, actionButton=0, id[0]=0, x[0]=1144.0, y[0]=112.0, toolType[0]=TOOL_TYPE_UNKNOWN, buttonState=0, metaState=0, flags=0x0, edgeFlags=0x0, pointerCount=1, historySize=0, eventTime=271467, downTime=271467, deviceId=0, source=0x1002 }
08-02 10:52:33.717  3658  3658 I Input   : injectMotionEvent: MotionEvent { action=ACTION_MOVE, actionButton=0, id[0]=0, x[0]=1144.0, y[0]=112.0, toolType[0]=TOOL_TYPE_UNKNOWN, buttonState=0, metaState=0, flags=0x0, edgeFlags=0x0, pointerCount=1, historySize=0, eventTime=271485, downTime=271485, deviceId=0, source=0x1002 }
08-02 10:52:33.733  3658  3658 I Input   : injectMotionEvent: MotionEvent { action=ACTION_MOVE, actionButton=0, id[0]=0, x[0]=1144.0, y[0]=112.0, toolType[0]=TOOL_TYPE_UNKNOWN, buttonState=0, metaState=0, flags=0x0, edgeFlags=0x0, pointerCount=1, historySize=0, eventTime=271501, downTime=271501, deviceId=0, source=0x1002 }
08-02 10:52:33.804  3658  3658 I Input   : injectMotionEvent: MotionEvent { action=ACTION_MOVE, actionButton=0, id[0]=0, x[0]=1144.0, y[0]=112.0, toolType[0]=TOOL_TYPE_UNKNOWN, buttonState=0, metaState=0, flags=0x0, edgeFlags=0x0, pointerCount=1, historySize=0, eventTime=271572, downTime=271572, deviceId=0, source=0x1002 }
08-02 10:52:33.826  3658  3658 I Input   : injectMotionEvent: MotionEvent { action=ACTION_MOVE, actionButton=0, id[0]=0, x[0]=1144.0, y[0]=112.0, toolType[0]=TOOL_TYPE_UNKNOWN, buttonState=0, metaState=0, flags=0x0, edgeFlags=0x0, pointerCount=1, historySize=0, eventTime=271595, downTime=271595, deviceId=0, source=0x1002 }
08-02 10:52:33.853  3658  3658 I Input   : injectMotionEvent: MotionEvent { action=ACTION_MOVE, actionButton=0, id[0]=0, x[0]=1144.0, y[0]=112.0, toolType[0]=TOOL_TYPE_UNKNOWN, buttonState=0, metaState=0, flags=0x0, edgeFlags=0x0, pointerCount=1, historySize=0, eventTime=271621, downTime=271621, deviceId=0, source=0x1002 }
08-02 10:52:33.877  3658  3658 I Input   : injectMotionEvent: MotionEvent { action=ACTION_MOVE, actionButton=0, id[0]=0, x[0]=1144.0, y[0]=112.0, toolType[0]=TOOL_TYPE_UNKNOWN, buttonState=0, metaState=0, flags=0x0, edgeFlags=0x0, pointerCount=1, historySize=0, eventTime=271645, downTime=271645, deviceId=0, source=0x1002 }
08-02 10:52:33.912  3658  3658 I Input   : injectMotionEvent: MotionEvent { action=ACTION_MOVE, actionButton=0, id[0]=0, x[0]=1144.0, y[0]=112.0, toolType[0]=TOOL_TYPE_UNKNOWN, buttonState=0, metaState=0, flags=0x0, edgeFlags=0x0, pointerCount=1, historySize=0, eventTime=271680, downTime=271680, deviceId=0, source=0x1002 }
08-02 10:52:33.932  3658  3658 I Input   : injectMotionEvent: MotionEvent { action=ACTION_MOVE, actionButton=0, id[0]=0, x[0]=1144.0, y[0]=112.0, toolType[0]=TOOL_TYPE_UNKNOWN, buttonState=0, metaState=0, flags=0x0, edgeFlags=0x0, pointerCount=1, historySize=0, eventTime=271700, downTime=271700, deviceId=0, source=0x1002 }
08-02 10:52:33.950  3658  3658 I Input   : injectMotionEvent: MotionEvent { action=ACTION_MOVE, actionButton=0, id[0]=0, x[0]=1144.0, y[0]=112.0, toolType[0]=TOOL_TYPE_UNKNOWN, buttonState=0, metaState=0, flags=0x0, edgeFlags=0x0, pointerCount=1, historySize=0, eventTime=271718, downTime=271718, deviceId=0, source=0x1002 }
08-02 10:52:33.965  3658  3658 I Input   : injectMotionEvent: MotionEvent { action=ACTION_MOVE, actionButton=0, id[0]=0, x[0]=1144.0, y[0]=112.0, toolType[0]=TOOL_TYPE_UNKNOWN, buttonState=0, metaState=0, flags=0x0, edgeFlags=0x0, pointerCount=1, historySize=0, eventTime=271734, downTime=271734, deviceId=0, source=0x1002 }
08-02 10:52:33.982  3658  3658 I Input   : injectMotionEvent: MotionEvent { action=ACTION_MOVE, actionButton=0, id[0]=0, x[0]=1144.0, y[0]=112.0, toolType[0]=TOOL_TYPE_UNKNOWN, buttonState=0, metaState=0, flags=0x0, edgeFlags=0x0, pointerCount=1, historySize=0, eventTime=271750, downTime=271750, deviceId=0, source=0x1002 }
08-02 10:52:33.999  3658  3658 I Input   : injectMotionEvent: MotionEvent { action=ACTION_MOVE, actionButton=0, id[0]=0, x[0]=1144.0, y[0]=112.0, toolType[0]=TOOL_TYPE_UNKNOWN, buttonState=0, metaState=0, flags=0x0, edgeFlags=0x0, pointerCount=1, historySize=0, eventTime=271767, downTime=271767, deviceId=0, source=0x1002 }
08-02 10:52:34.015  3658  3658 I Input   : injectMotionEvent: MotionEvent { action=ACTION_MOVE, actionButton=0, id[0]=0, x[0]=1144.0, y[0]=112.0, toolType[0]=TOOL_TYPE_UNKNOWN, buttonState=0, metaState=0, flags=0x0, edgeFlags=0x0, pointerCount=1, historySize=0, eventTime=271784, downTime=271784, deviceId=0, source=0x1002 }
08-02 10:52:34.032  3658  3658 I Input   : injectMotionEvent: MotionEvent { action=ACTION_MOVE, actionButton=0, id[0]=0, x[0]=1144.0, y[0]=112.0, toolType[0]=TOOL_TYPE_UNKNOWN, buttonState=0, metaState=0, flags=0x0, edgeFlags=0x0, pointerCount=1, historySize=0, eventTime=271800, downTime=271800, deviceId=0, source=0x1002 }
08-02 10:52:34.049  3658  3658 I Input   : injectMotionEvent: MotionEvent { action=ACTION_MOVE, actionButton=0, id[0]=0, x[0]=1144.0, y[0]=112.0, toolType[0]=TOOL_TYPE_UNKNOWN, buttonState=0, metaState=0, flags=0x0, edgeFlags=0x0, pointerCount=1, historySize=0, eventTime=271817, downTime=271817, deviceId=0, source=0x1002 }
08-02 10:52:34.066  3658  3658 I Input   : injectMotionEvent: MotionEvent { action=ACTION_MOVE, actionButton=0, id[0]=0, x[0]=1144.0, y[0]=112.0, toolType[0]=TOOL_TYPE_UNKNOWN, buttonState=0, metaState=0, flags=0x0, edgeFlags=0x0, pointerCount=1, historySize=0, eventTime=271834, downTime=271834, deviceId=0, source=0x1002 }
08-02 10:52:34.082  3658  3658 I Input   : injectMotionEvent: MotionEvent { action=ACTION_MOVE, actionButton=0, id[0]=0, x[0]=1144.0, y[0]=112.0, toolType[0]=TOOL_TYPE_UNKNOWN, buttonState=0, metaState=0, flags=0x0, edgeFlags=0x0, pointerCount=1, historySize=0, eventTime=271850, downTime=271850, deviceId=0, source=0x1002 }
08-02 10:52:34.099  3658  3658 I Input   : injectMotionEvent: MotionEvent { action=ACTION_MOVE, actionButton=0, id[0]=0, x[0]=1144.0, y[0]=112.0, toolType[0]=TOOL_TYPE_UNKNOWN, buttonState=0, metaState=0, flags=0x0, edgeFlags=0x0, pointerCount=1, historySize=0, eventTime=271867, downTime=271867, deviceId=0, source=0x1002 }
08-02 10:52:34.115  3658  3658 I Input   : injectMotionEvent: MotionEvent { action=ACTION_MOVE, actionButton=0, id[0]=0, x[0]=1144.0, y[0]=112.0, toolType[0]=TOOL_TYPE_UNKNOWN, buttonState=0, metaState=0, flags=0x0, edgeFlags=0x0, pointerCount=1, historySize=0, eventTime=271884, downTime=271884, deviceId=0, source=0x1002 }
08-02 10:52:34.133  3658  3658 I Input   : injectMotionEvent: MotionEvent { action=ACTION_MOVE, actionButton=0, id[0]=0, x[0]=1144.0, y[0]=112.0, toolType[0]=TOOL_TYPE_UNKNOWN, buttonState=0, metaState=0, flags=0x0, edgeFlags=0x0, pointerCount=1, historySize=0, eventTime=271901, downTime=271901, deviceId=0, source=0x1002 }
08-02 10:52:34.149  3658  3658 I Input   : injectMotionEvent: MotionEvent { action=ACTION_MOVE, actionButton=0, id[0]=0, x[0]=1144.0, y[0]=112.0, toolType[0]=TOOL_TYPE_UNKNOWN, buttonState=0, metaState=0, flags=0x0, edgeFlags=0x0, pointerCount=1, historySize=0, eventTime=271918, downTime=271918, deviceId=0, source=0x1002 }
08-02 10:52:34.165  3658  3658 I Input   : injectMotionEvent: MotionEvent { action=ACTION_MOVE, actionButton=0, id[0]=0, x[0]=1144.0, y[0]=112.0, toolType[0]=TOOL_TYPE_UNKNOWN, buttonState=0, metaState=0, flags=0x0, edgeFlags=0x0, pointerCount=1, historySize=0, eventTime=271933, downTime=271933, deviceId=0, source=0x1002 }
08-02 10:52:34.183  3658  3658 I Input   : injectMotionEvent: MotionEvent { action=ACTION_MOVE, actionButton=0, id[0]=0, x[0]=1144.0, y[0]=112.0, toolType[0]=TOOL_TYPE_UNKNOWN, buttonState=0, metaState=0, flags=0x0, edgeFlags=0x0, pointerCount=1, historySize=0, eventTime=271951, downTime=271951, deviceId=0, source=0x1002 }
08-02 10:52:34.199  3658  3658 I Input   : injectMotionEvent: MotionEvent { action=ACTION_MOVE, actionButton=0, id[0]=0, x[0]=1144.0, y[0]=112.0, toolType[0]=TOOL_TYPE_UNKNOWN, buttonState=0, metaState=0, flags=0x0, edgeFlags=0x0, pointerCount=1, historySize=0, eventTime=271967, downTime=271967, deviceId=0, source=0x1002 }
08-02 10:52:34.215  3658  3658 I Input   : injectMotionEvent: MotionEvent { action=ACTION_MOVE, actionButton=0, id[0]=0, x[0]=1144.0, y[0]=112.0, toolType[0]=TOOL_TYPE_UNKNOWN, buttonState=0, metaState=0, flags=0x0, edgeFlags=0x0, pointerCount=1, historySize=0, eventTime=271984, downTime=271984, deviceId=0, source=0x1002 }
08-02 10:52:34.232  3658  3658 I Input   : injectMotionEvent: MotionEvent { action=ACTION_MOVE, actionButton=0, id[0]=0, x[0]=1144.0, y[0]=112.0, toolType[0]=TOOL_TYPE_UNKNOWN, buttonState=0, metaState=0, flags=0x0, edgeFlags=0x0, pointerCount=1, historySize=0, eventTime=272000, downTime=272000, deviceId=0, source=0x1002 }
08-02 10:52:34.248  3658  3658 I Input   : injectMotionEvent: MotionEvent { action=ACTION_MOVE, actionButton=0, id[0]=0, x[0]=1144.0, y[0]=112.0, toolType[0]=TOOL_TYPE_UNKNOWN, buttonState=0, metaState=0, flags=0x0, edgeFlags=0x0, pointerCount=1, historySize=0, eventTime=272017, downTime=272017, deviceId=0, source=0x1002 }
08-02 10:52:34.265  3658  3658 I Input   : injectMotionEvent: MotionEvent { action=ACTION_MOVE, actionButton=0, id[0]=0, x[0]=1144.0, y[0]=112.0, toolType[0]=TOOL_TYPE_UNKNOWN, buttonState=0, metaState=0, flags=0x0, edgeFlags=0x0, pointerCount=1, historySize=0, eventTime=272033, downTime=272033, deviceId=0, source=0x1002 }
08-02 10:52:34.283  3658  3658 I Input   : injectMotionEvent: MotionEvent { action=ACTION_MOVE, actionButton=0, id[0]=0, x[0]=1144.0, y[0]=112.0, toolType[0]=TOOL_TYPE_UNKNOWN, buttonState=0, metaState=0, flags=0x0, edgeFlags=0x0, pointerCount=1, historySize=0, eventTime=272051, downTime=272051, deviceId=0, source=0x1002 }
08-02 10:52:34.298  3658  3658 I Input   : injectMotionEvent: MotionEvent { action=ACTION_MOVE, actionButton=0, id[0]=0, x[0]=1144.0, y[0]=112.0, toolType[0]=TOOL_TYPE_UNKNOWN, buttonState=0, metaState=0, flags=0x0, edgeFlags=0x0, pointerCount=1, historySize=0, eventTime=272067, downTime=272067, deviceId=0, source=0x1002 }
08-02 10:52:34.316  3658  3658 I Input   : injectMotionEvent: MotionEvent { action=ACTION_MOVE, actionButton=0, id[0]=0, x[0]=1144.0, y[0]=112.0, toolType[0]=TOOL_TYPE_UNKNOWN, buttonState=0, metaState=0, flags=0x0, edgeFlags=0x0, pointerCount=1, historySize=0, eventTime=272084, downTime=272084, deviceId=0, source=0x1002 }
08-02 10:52:34.332  3658  3658 I Input   : injectMotionEvent: MotionEvent { action=ACTION_MOVE, actionButton=0, id[0]=0, x[0]=1144.0, y[0]=112.0, toolType[0]=TOOL_TYPE_UNKNOWN, buttonState=0, metaState=0, flags=0x0, edgeFlags=0x0, pointerCount=1, historySize=0, eventTime=272100, downTime=272100, deviceId=0, source=0x1002 }
08-02 10:52:34.348  3658  3658 I Input   : injectMotionEvent: MotionEvent { action=ACTION_MOVE, actionButton=0, id[0]=0, x[0]=1144.0, y[0]=112.0, toolType[0]=TOOL_TYPE_UNKNOWN, buttonState=0, metaState=0, flags=0x0, edgeFlags=0x0, pointerCount=1, historySize=0, eventTime=272116, downTime=272116, deviceId=0, source=0x1002 }
08-02 10:52:34.366  3658  3658 I Input   : injectMotionEvent: MotionEvent { action=ACTION_MOVE, actionButton=0, id[0]=0, x[0]=1144.0, y[0]=112.0, toolType[0]=TOOL_TYPE_UNKNOWN, buttonState=0, metaState=0, flags=0x0, edgeFlags=0x0, pointerCount=1, historySize=0, eventTime=272134, downTime=272134, deviceId=0, source=0x1002 }
08-02 10:52:34.383  3658  3658 I Input   : injectMotionEvent: MotionEvent { action=ACTION_MOVE, actionButton=0, id[0]=0, x[0]=1144.0, y[0]=112.0, toolType[0]=TOOL_TYPE_UNKNOWN, buttonState=0, metaState=0, flags=0x0, edgeFlags=0x0, pointerCount=1, historySize=0, eventTime=272151, downTime=272151, deviceId=0, source=0x1002 }
08-02 10:52:34.399  3658  3658 I Input   : injectMotionEvent: MotionEvent { action=ACTION_MOVE, actionButton=0, id[0]=0, x[0]=1144.0, y[0]=112.0, toolType[0]=TOOL_TYPE_UNKNOWN, buttonState=0, metaState=0, flags=0x0, edgeFlags=0x0, pointerCount=1, historySize=0, eventTime=272167, downTime=272167, deviceId=0, source=0x1002 }
08-02 10:52:34.415  3658  3658 I Input   : injectMotionEvent: MotionEvent { action=ACTION_MOVE, actionButton=0, id[0]=0, x[0]=1144.0, y[0]=112.0, toolType[0]=TOOL_TYPE_UNKNOWN, buttonState=0, metaState=0, flags=0x0, edgeFlags=0x0, pointerCount=1, historySize=0, eventTime=272184, downTime=272184, deviceId=0, source=0x1002 }
08-02 10:52:34.432  3658  3658 I Input   : injectMotionEvent: MotionEvent { action=ACTION_MOVE, actionButton=0, id[0]=0, x[0]=1144.0, y[0]=112.0, toolType[0]=TOOL_TYPE_UNKNOWN, buttonState=0, metaState=0, flags=0x0, edgeFlags=0x0, pointerCount=1, historySize=0, eventTime=272200, downTime=272200, deviceId=0, source=0x1002 }
08-02 10:52:34.448  3658  3658 I Input   : injectMotionEvent: MotionEvent { action=ACTION_MOVE, actionButton=0, id[0]=0, x[0]=1144.0, y[0]=112.0, toolType[0]=TOOL_TYPE_UNKNOWN, buttonState=0, metaState=0, flags=0x0, edgeFlags=0x0, pointerCount=1, historySize=0, eventTime=272217, downTime=272217, deviceId=0, source=0x1002 }
08-02 10:52:34.465  3658  3658 I Input   : injectMotionEvent: MotionEvent { action=ACTION_MOVE, actionButton=0, id[0]=0, x[0]=1144.0, y[0]=112.0, toolType[0]=TOOL_TYPE_UNKNOWN, buttonState=0, metaState=0, flags=0x0, edgeFlags=0x0, pointerCount=1, historySize=0, eventTime=272234, downTime=272234, deviceId=0, source=0x1002 }
08-02 10:52:34.482  3658  3658 I Input   : injectMotionEvent: MotionEvent { action=ACTION_MOVE, actionButton=0, id[0]=0, x[0]=1144.0, y[0]=112.0, toolType[0]=TOOL_TYPE_UNKNOWN, buttonState=0, metaState=0, flags=0x0, edgeFlags=0x0, pointerCount=1, historySize=0, eventTime=272250, downTime=272250, deviceId=0, source=0x1002 }
08-02 10:52:34.500  3658  3658 I Input   : injectMotionEvent: MotionEvent { action=ACTION_MOVE, actionButton=0, id[0]=0, x[0]=1144.0, y[0]=112.0, toolType[0]=TOOL_TYPE_UNKNOWN, buttonState=0, metaState=0, flags=0x0, edgeFlags=0x0, pointerCount=1, historySize=0, eventTime=272268, downTime=272268, deviceId=0, source=0x1002 }
08-02 10:52:34.516  3658  3658 I Input   : injectMotionEvent: MotionEvent { action=ACTION_MOVE, actionButton=0, id[0]=0, x[0]=1144.0, y[0]=112.0, toolType[0]=TOOL_TYPE_UNKNOWN, buttonState=0, metaState=0, flags=0x0, edgeFlags=0x0, pointerCount=1, historySize=0, eventTime=272285, downTime=272285, deviceId=0, source=0x1002 }
08-02 10:52:34.532  3658  3658 I Input   : injectMotionEvent: MotionEvent { action=ACTION_MOVE, actionButton=0, id[0]=0, x[0]=1144.0, y[0]=112.0, toolType[0]=TOOL_TYPE_UNKNOWN, buttonState=0, metaState=0, flags=0x0, edgeFlags=0x0, pointerCount=1, historySize=0, eventTime=272300, downTime=272300, deviceId=0, source=0x1002 }
08-02 10:52:34.549  3658  3658 I Input   : injectMotionEvent: MotionEvent { action=ACTION_MOVE, actionButton=0, id[0]=0, x[0]=1144.0, y[0]=112.0, toolType[0]=TOOL_TYPE_UNKNOWN, buttonState=0, metaState=0, flags=0x0, edgeFlags=0x0, pointerCount=1, historySize=0, eventTime=272317, downTime=272317, deviceId=0, source=0x1002 }
08-02 10:52:34.565  3658  3658 I Input   : injectMotionEvent: MotionEvent { action=ACTION_MOVE, actionButton=0, id[0]=0, x[0]=1144.0, y[0]=112.0, toolType[0]=TOOL_TYPE_UNKNOWN, buttonState=0, metaState=0, flags=0x0, edgeFlags=0x0, pointerCount=1, historySize=0, eventTime=272334, downTime=272334, deviceId=0, source=0x1002 }
08-02 10:52:34.583  3658  3658 I Input   : injectMotionEvent: MotionEvent { action=ACTION_MOVE, actionButton=0, id[0]=0, x[0]=1144.0, y[0]=112.0, toolType[0]=TOOL_TYPE_UNKNOWN, buttonState=0, metaState=0, flags=0x0, edgeFlags=0x0, pointerCount=1, historySize=0, eventTime=272351, downTime=272351, deviceId=0, source=0x1002 }
08-02 10:52:34.599  3658  3658 I Input   : injectMotionEvent: MotionEvent { action=ACTION_MOVE, actionButton=0, id[0]=0, x[0]=1144.0, y[0]=112.0, toolType[0]=TOOL_TYPE_UNKNOWN, buttonState=0, metaState=0, flags=0x0, edgeFlags=0x0, pointerCount=1, historySize=0, eventTime=272367, downTime=272367, deviceId=0, source=0x1002 }
08-02 10:52:34.615  3658  3658 I Input   : injectMotionEvent: MotionEvent { action=ACTION_MOVE, actionButton=0, id[0]=0, x[0]=1144.0, y[0]=112.0, toolType[0]=TOOL_TYPE_UNKNOWN, buttonState=0, metaState=0, flags=0x0, edgeFlags=0x0, pointerCount=1, historySize=0, eventTime=272384, downTime=272384, deviceId=0, source=0x1002 }
08-02 10:52:34.632  3658  3658 I Input   : injectMotionEvent: MotionEvent { action=ACTION_MOVE, actionButton=0, id[0]=0, x[0]=1144.0, y[0]=112.0, toolType[0]=TOOL_TYPE_UNKNOWN, buttonState=0, metaState=0, flags=0x0, edgeFlags=0x0, pointerCount=1, historySize=0, eventTime=272400, downTime=272400, deviceId=0, source=0x1002 }
