08-02 10:56:06.106  7770  7770 D AndroidRuntime: >>>>>> START com.android.internal.os.RuntimeInit uid 0 <<<<<<
08-02 10:56:06.108  7770  7770 D AndroidRuntime: CheckJNI is OFF
08-02 10:56:06.119  7770  7770 D ICU     : No timezone override file found: /data/misc/zoneinfo/current/icu/icu_tzdata.dat
08-02 10:56:06.132  7770  7770 E memtrack: Couldn't load memtrack module (No such file or directory)
08-02 10:56:06.132  7770  7770 E android.os.Debug: failed to load memtrack module: -2
08-02 10:56:06.133  7770  7770 I Radio-JNI: register_android_hardware_Radio DONE
08-02 10:56:06.141  7770  7770 D AndroidRuntime: Calling main entry com.android.commands.uiautomator.Launcher
08-02 10:56:07.167  7770  7770 W AccessibilityNodeInfoDumper: Fetch time: 7ms
08-02 10:56:07.168   624  1013 W WindowManager: Attempted to remove non-existing token: android.os.Binder@a0c1e34
08-02 10:56:07.182  7770  7770 D AndroidRuntime: Shutting down VM
08-02 10:56:07.704  7788  7788 D AndroidRuntime: >>>>>> START com.android.internal.os.RuntimeInit uid 0 <<<<<<
08-02 10:56:07.706  7788  7788 D AndroidRuntime: CheckJNI is OFF
08-02 10:56:07.717  7788  7788 D ICU     : No timezone override file found: /data/misc/zoneinfo/current/icu/icu_tzdata.dat
08-02 10:56:07.734  7788  7788 E memtrack: Couldn't load memtrack module (No such file or directory)
08-02 10:56:07.734  7788  7788 E android.os.Debug: failed to load memtrack module: -2
08-02 10:56:07.735  7788  7788 I Radio-JNI: register_android_hardware_Radio DONE
08-02 10:56:07.742  7788  7788 D AndroidRuntime: Calling main entry com.android.commands.uiautomator.Launcher
08-02 10:56:08.763  7788  7788 W AccessibilityNodeInfoDumper: Fetch time: 5ms
08-02 10:56:08.764   624   635 W WindowManager: Attempted to remove non-existing token: android.os.Binder@894e45d
08-02 10:56:08.772  7788  7788 D AndroidRuntime: Shutting down VM
08-02 10:56:09.873  7811  7811 D AndroidRuntime: >>>>>> START com.android.internal.os.RuntimeInit uid 0 <<<<<<
08-02 10:56:09.875  7811  7811 D AndroidRuntime: CheckJNI is OFF
08-02 10:56:09.885  7811  7811 D ICU     : No timezone override file found: /data/misc/zoneinfo/current/icu/icu_tzdata.dat
08-02 10:56:09.899  7811  7811 E memtrack: Couldn't load memtrack module (No such file or directory)
08-02 10:56:09.899  7811  7811 E android.os.Debug: failed to load memtrack module: -2
08-02 10:56:09.900  7811  7811 I Radio-JNI: register_android_hardware_Radio DONE
08-02 10:56:09.908  7811  7811 D AndroidRuntime: Calling main entry com.android.commands.uiautomator.Launcher
08-02 10:56:10.717   624  1398 D NetlinkSocketObserver: NeighborEvent{elapsedMs=488485, 10.0.3.2, [525400123502], RTM_NEWNEIGH, NUD_STALE}
08-02 10:56:10.945  7811  7811 W AccessibilityNodeInfoDumper: Fetch time: 4ms
08-02 10:56:10.945   624  1113 W WindowManager: Attempted to remove non-existing token: android.os.Binder@1e7c1d2
08-02 10:56:10.955  7811  7811 D AndroidRuntime: Shutting down VM
08-02 10:56:11.435  7829  7829 D AndroidRuntime: >>>>>> START com.android.internal.os.RuntimeInit uid 0 <<<<<<
08-02 10:56:11.438  7829  7829 D AndroidRuntime: CheckJNI is OFF
08-02 10:56:11.446  7829  7829 D ICU     : No timezone override file found: /data/misc/zoneinfo/current/icu/icu_tzdata.dat
08-02 10:56:11.459  7829  7829 E memtrack: Couldn't load memtrack module (No such file or directory)
08-02 10:56:11.459  7829  7829 E android.os.Debug: failed to load memtrack module: -2
08-02 10:56:11.460  7829  7829 I Radio-JNI: register_android_hardware_Radio DONE
08-02 10:56:11.466  7829  7829 D AndroidRuntime: Calling main entry com.android.commands.uiautomator.Launcher
08-02 10:56:12.483  7829  7829 W AccessibilityNodeInfoDumper: Fetch time: 4ms
08-02 10:56:12.483   624   636 W WindowManager: Attempted to remove non-existing token: android.os.Binder@166e9a0
08-02 10:56:12.491  7829  7829 D AndroidRuntime: Shutting down VM
08-02 10:56:13.595  7854  7854 D AndroidRuntime: >>>>>> START com.android.internal.os.RuntimeInit uid 0 <<<<<<
08-02 10:56:13.596  7854  7854 D AndroidRuntime: CheckJNI is OFF
08-02 10:56:13.605  7854  7854 D ICU     : No timezone override file found: /data/misc/zoneinfo/current/icu/icu_tzdata.dat
08-02 10:56:13.624  7854  7854 E memtrack: Couldn't load memtrack module (No such file or directory)
08-02 10:56:13.624  7854  7854 E android.os.Debug: failed to load memtrack module: -2
08-02 10:56:13.624  7854  7854 I Radio-JNI: register_android_hardware_Radio DONE
08-02 10:56:13.631  7854  7854 D AndroidRuntime: Calling main entry com.android.commands.uiautomator.Launcher
08-02 10:56:14.649  7854  7854 W AccessibilityNodeInfoDumper: Fetch time: 5ms
08-02 10:56:14.650   624  1052 W WindowManager: Attempted to remove non-existing token: android.os.Binder@5c06959
08-02 10:56:14.657  7854  7854 D AndroidRuntime: Shutting down VM
08-02 10:56:15.130  7873  7873 D AndroidRuntime: >>>>>> START com.android.internal.os.RuntimeInit uid 0 <<<<<<
08-02 10:56:15.132  7873  7873 D AndroidRuntime: CheckJNI is OFF
08-02 10:56:15.142  7873  7873 D ICU     : No timezone override file found: /data/misc/zoneinfo/current/icu/icu_tzdata.dat
08-02 10:56:15.153  7873  7873 E memtrack: Couldn't load memtrack module (No such file or directory)
08-02 10:56:15.153  7873  7873 E android.os.Debug: failed to load memtrack module: -2
08-02 10:56:15.154  7873  7873 I Radio-JNI: register_android_hardware_Radio DONE
08-02 10:56:15.161  7873  7873 D AndroidRuntime: Calling main entry com.android.commands.uiautomator.Launcher
08-02 10:56:16.182  7873  7873 W AccessibilityNodeInfoDumper: Fetch time: 5ms
08-02 10:56:16.182   624  1100 W WindowManager: Attempted to remove non-existing token: android.os.Binder@6dc291e
08-02 10:56:16.189  7873  7873 D AndroidRuntime: Shutting down VM
08-02 10:56:16.701  7886  7886 D AndroidRuntime: >>>>>> START com.android.internal.os.RuntimeInit uid 0 <<<<<<
08-02 10:56:16.703  7886  7886 D AndroidRuntime: CheckJNI is OFF
08-02 10:56:16.713  7886  7886 D ICU     : No timezone override file found: /data/misc/zoneinfo/current/icu/icu_tzdata.dat
08-02 10:56:16.726  7886  7886 E memtrack: Couldn't load memtrack module (No such file or directory)
08-02 10:56:16.726  7886  7886 E android.os.Debug: failed to load memtrack module: -2
08-02 10:56:16.727  7886  7886 I Radio-JNI: register_android_hardware_Radio DONE
08-02 10:56:16.733  7886  7886 D AndroidRuntime: Calling main entry com.android.commands.input.Input
08-02 10:56:16.734  7886  7886 I Input   : injectMotionEvent: MotionEvent { action=ACTION_DOWN, actionButton=0, id[0]=0, x[0]=1144.0, y[0]=112.0, toolType[0]=TOOL_TYPE_UNKNOWN, buttonState=0, metaState=0, flags=0x0, edgeFlags=0x0, pointerCount=1, historySize=0, eventTime=494501, downTime=494501, deviceId=0, source=0x1002 }
08-02 10:56:16.744  7886  7886 I Input   : injectMotionEvent: MotionEvent { action=ACTION_MOVE, actionButton=0, id[0]=0, x[0]=1144.0, y[0]=112.0, toolType[0]=TOOL_TYPE_UNKNOWN, buttonState=0, metaState=0, flags=0x0, edgeFlags=0x0, pointerCount=1, historySize=0, eventTime=494501, downTime=494501, deviceId=0, source=0x1002 }
08-02 10:56:16.748  7886  7886 I Input   : injectMotionEvent: MotionEvent { action=ACTION_MOVE, actionButton=0, id[0]=0, x[0]=1144.0, y[0]=112.0, toolType[0]=TOOL_TYPE_UNKNOWN, buttonState=0, metaState=0, flags=0x0, edgeFlags=0x0, pointerCount=1, historySize=0, eventTime=494517, downTime=494517, deviceId=0, source=0x1002 }
08-02 10:56:16.766  7886  7886 I Input   : injectMotionEvent: MotionEvent { action=ACTION_MOVE, actionButton=0, id[0]=0, x[0]=1144.0, y[0]=112.0, toolType[0]=TOOL_TYPE_UNKNOWN, buttonState=0, metaState=0, flags=0x0, edgeFlags=0x0, pointerCount=1, historySize=0, eventTime=494534, downTime=494534, deviceId=0, source=0x1002 }
08-02 10:56:16.782  7886  7886 I Input   : injectMotionEvent: MotionEvent { action=ACTION_MOVE, actionButton=0, id[0]=0, x[0]=1144.0, y[0]=112.0, toolType[0]=TOOL_TYPE_UNKNOWN, buttonState=0, metaState=0, flags=0x0, edgeFlags=0x0, pointerCount=1, historySize=0, eventTime=494550, downTime=494550, deviceId=0, source=0x1002 }
08-02 10:56:16.799  7886  7886 I Input   : injectMotionEvent: MotionEvent { action=ACTION_MOVE, actionButton=0, id[0]=0, x[0]=1144.0, y[0]=112.0, toolType[0]=TOOL_TYPE_UNKNOWN, buttonState=0, metaState=0, flags=0x0, edgeFlags=0x0, pointerCount=1, historySize=0, eventTime=494567, downTime=494567, deviceId=0, source=0x1002 }
08-02 10:56:16.815  7886  7886 I Input   : injectMotionEvent: MotionEvent { action=ACTION_MOVE, actionButton=0, id[0]=0, x[0]=1144.0, y[0]=112.0, toolType[0]=TOOL_TYPE_UNKNOWN, buttonState=0, metaState=0, flags=0x0, edgeFlags=0x0, pointerCount=1, historySize=0, eventTime=494584, downTime=494584, deviceId=0, source=0x1002 }
08-02 10:56:16.833  7886  7886 I Input   : injectMotionEvent: MotionEvent { action=ACTION_MOVE, actionButton=0, id[0]=0, x[0]=1144.0, y[0]=112.0, toolType[0]=TOOL_TYPE_UNKNOWN, buttonState=0, metaState=0, flags=0x0, edgeFlags=0x0, pointerCount=1, historySize=0, eventTime=494602, downTime=494602, deviceId=0, source=0x1002 }
08-02 10:56:16.849  7886  7886 I Input   : injectMotionEvent: MotionEvent { action=ACTION_MOVE, actionButton=0, id[0]=0, x[0]=1144.0, y[0]=112.0, toolType[0]=TOOL_TYPE_UNKNOWN, buttonState=0, metaState=0, flags=0x0, edgeFlags=0x0, pointerCount=1, historySize=0, eventTime=494617, downTime=494617, deviceId=0, source=0x1002 }
08-02 10:56:16.865  7886  7886 I Input   : injectMotionEvent: MotionEvent { action=ACTION_MOVE, actionButton=0, id[0]=0, x[0]=1144.0, y[0]=112.0, toolType[0]=TOOL_TYPE_UNKNOWN, buttonState=0, metaState=0, flags=0x0, edgeFlags=0x0, pointerCount=1, historySize=0, eventTime=494634, downTime=494634, deviceId=0, source=0x1002 }
08-02 10:56:16.882  7886  7886 I Input   : injectMotionEvent: MotionEvent { action=ACTION_MOVE, actionButton=0, id[0]=0, x[0]=1144.0, y[0]=112.0, toolType[0]=TOOL_TYPE_UNKNOWN, buttonState=0, metaState=0, flags=0x0, edgeFlags=0x0, pointerCount=1, historySize=0, eventTime=494650, downTime=494650, deviceId=0, source=0x1002 }
08-02 10:56:16.902  7886  7886 I Input   : injectMotionEvent: MotionEvent { action=ACTION_MOVE, actionButton=0, id[0]=0, x[0]=1144.0, y[0]=112.0, toolType[0]=TOOL_TYPE_UNKNOWN, buttonState=0, metaState=0, flags=0x0, edgeFlags=0x0, pointerCount=1, historySize=0, eventTime=494671, downTime=494671, deviceId=0, source=0x1002 }
08-02 10:56:16.916  7886  7886 I Input   : injectMotionEvent: MotionEvent { action=ACTION_MOVE, actionButton=0, id[0]=0, x[0]=1144.0, y[0]=112.0, toolType[0]=TOOL_TYPE_UNKNOWN, buttonState=0, metaState=0, flags=0x0, edgeFlags=0x0, pointerCount=1, historySize=0, eventTime=494685, downTime=494685, deviceId=0, source=0x1002 }
08-02 10:56:16.933  7886  7886 I Input   : injectMotionEvent: MotionEvent { action=ACTION_MOVE, actionButton=0, id[0]=0, x[0]=1144.0, y[0]=112.0, toolType[0]=TOOL_TYPE_UNKNOWN, buttonState=0, metaState=0, flags=0x0, edgeFlags=0x0, pointerCount=1, historySize=0, eventTime=494702, downTime=494702, deviceId=0, source=0x1002 }
08-02 10:56:16.949  7886  7886 I Input   : injectMotionEvent: MotionEvent { action=ACTION_MOVE, actionButton=0, id[0]=0, x[0]=1144.0, y[0]=112.0, toolType[0]=TOOL_TYPE_UNKNOWN, buttonState=0, metaState=0, flags=0x0, edgeFlags=0x0, pointerCount=1, historySize=0, eventTime=494717, downTime=494717, deviceId=0, source=0x1002 }
08-02 10:56:16.965  7886  7886 I Input   : injectMotionEvent: MotionEvent { action=ACTION_MOVE, actionButton=0, id[0]=0, x[0]=1144.0, y[0]=112.0, toolType[0]=TOOL_TYPE_UNKNOWN, buttonState=0, metaState=0, flags=0x0, edgeFlags=0x0, pointerCount=1, historySize=0, eventTime=494733, downTime=494733, deviceId=0, source=0x1002 }
08-02 10:56:16.982  7886  7886 I Input   : injectMotionEvent: MotionEvent { action=ACTION_MOVE, actionButton=0, id[0]=0, x[0]=1144.0, y[0]=112.0, toolType[0]=TOOL_TYPE_UNKNOWN, buttonState=0, metaState=0, flags=0x0, edgeFlags=0x0, pointerCount=1, historySize=0, eventTime=494750, downTime=494750, deviceId=0, source=0x1002 }
08-02 10:56:17.010  7886  7886 I Input   : injectMotionEvent: MotionEvent { action=ACTION_MOVE, actionButton=0, id[0]=0, x[0]=1144.0, y[0]=112.0, toolType[0]=TOOL_TYPE_UNKNOWN, buttonState=0, metaState=0, flags=0x0, edgeFlags=0x0, pointerCount=1, historySize=0, eventTime=494779, downTime=494779, deviceId=0, source=0x1002 }
08-02 10:56:17.035  7886  7886 I Input   : injectMotionEvent: MotionEvent { action=ACTION_MOVE, actionButton=0, id[0]=0, x[0]=1144.0, y[0]=112.0, toolType[0]=TOOL_TYPE_UNKNOWN, buttonState=0, metaState=0, flags=0x0, edgeFlags=0x0, pointerCount=1, historySize=0, eventTime=494803, downTime=494803, deviceId=0, source=0x1002 }
08-02 10:56:17.051  7886  7886 I Input   : injectMotionEvent: MotionEvent { action=ACTION_MOVE, actionButton=0, id[0]=0, x[0]=1144.0, y[0]=112.0, toolType[0]=TOOL_TYPE_UNKNOWN, buttonState=0, metaState=0, flags=0x0, edgeFlags=0x0, pointerCount=1, historySize=0, eventTime=494819, downTime=494819, deviceId=0, source=0x1002 }
08-02 10:56:17.080  7886  7886 I Input   : injectMotionEvent: MotionEvent { action=ACTION_MOVE, actionButton=0, id[0]=0, x[0]=1144.0, y[0]=112.0, toolType[0]=TOOL_TYPE_UNKNOWN, buttonState=0, metaState=0, flags=0x0, edgeFlags=0x0, pointerCount=1, historySize=0, eventTime=494848, downTime=494848, deviceId=0, source=0x1002 }
08-02 10:56:17.101  7886  7886 I Input   : injectMotionEvent: MotionEvent { action=ACTION_MOVE, actionButton=0, id[0]=0, x[0]=1144.0, y[0]=112.0, toolType[0]=TOOL_TYPE_UNKNOWN, buttonState=0, metaState=0, flags=0x0, edgeFlags=0x0, pointerCount=1, historySize=0, eventTime=494870, downTime=494870, deviceId=0, source=0x1002 }
08-02 10:56:17.117  7886  7886 I Input   : injectMotionEvent: MotionEvent { action=ACTION_MOVE, actionButton=0, id[0]=0, x[0]=1144.0, y[0]=112.0, toolType[0]=TOOL_TYPE_UNKNOWN, buttonState=0, metaState=0, flags=0x0, edgeFlags=0x0, pointerCount=1, historySize=0, eventTime=494885, downTime=494885, deviceId=0, source=0x1002 }
08-02 10:56:17.150  7886  7886 I Input   : injectMotionEvent: MotionEvent { action=ACTION_MOVE, actionButton=0, id[0]=0, x[0]=1144.0, y[0]=112.0, toolType[0]=TOOL_TYPE_UNKNOWN, buttonState=0, metaState=0, flags=0x0, edgeFlags=0x0, pointerCount=1, historySize=0, eventTime=494919, downTime=494919, deviceId=0, source=0x1002 }
08-02 10:56:17.169  7886  7886 I Input   : injectMotionEvent: MotionEvent { action=ACTION_MOVE, actionButton=0, id[0]=0, x[0]=1144.0, y[0]=112.0, toolType[0]=TOOL_TYPE_UNKNOWN, buttonState=0, metaState=0, flags=0x0, edgeFlags=0x0, pointerCount=1, historySize=0, eventTime=494938, downTime=494938, deviceId=0, source=0x1002 }
08-02 10:56:17.191  7886  7886 I Input   : injectMotionEvent: MotionEvent { action=ACTION_MOVE, actionButton=0, id[0]=0, x[0]=1144.0, y[0]=112.0, toolType[0]=TOOL_TYPE_UNKNOWN, buttonState=0, metaState=0, flags=0x0, edgeFlags=0x0, pointerCount=1, historySize=0, eventTime=494960, downTime=494960, deviceId=0, source=0x1002 }
08-02 10:56:17.211  7886  7886 I Input   : injectMotionEvent: MotionEvent { action=ACTION_MOVE, actionButton=0, id[0]=0, x[0]=1144.0, y[0]=112.0, toolType[0]=TOOL_TYPE_UNKNOWN, buttonState=0, metaState=0, flags=0x0, edgeFlags=0x0, pointerCount=1, historySize=0, eventTime=494980, downTime=494980, deviceId=0, source=0x1002 }
08-02 10:56:17.248  7886  7886 I Input   : injectMotionEvent: MotionEvent { action=ACTION_MOVE, actionButton=0, id[0]=0, x[0]=1144.0, y[0]=112.0, toolType[0]=TOOL_TYPE_UNKNOWN, buttonState=0, metaState=0, flags=0x0, edgeFlags=0x0, pointerCount=1, historySize=0, eventTime=495017, downTime=495017, deviceId=0, source=0x1002 }
08-02 10:56:17.266  7886  7886 I Input   : injectMotionEvent: MotionEvent { action=ACTION_MOVE, actionButton=0, id[0]=0, x[0]=1144.0, y[0]=112.0, toolType[0]=TOOL_TYPE_UNKNOWN, buttonState=0, metaState=0, flags=0x0, edgeFlags=0x0, pointerCount=1, historySize=0, eventTime=495035, downTime=495035, deviceId=0, source=0x1002 }
08-02 10:56:17.282  7886  7886 I Input   : injectMotionEvent: MotionEvent { action=ACTION_MOVE, actionButton=0, id[0]=0, x[0]=1144.0, y[0]=112.0, toolType[0]=TOOL_TYPE_UNKNOWN, buttonState=0, metaState=0, flags=0x0, edgeFlags=0x0, pointerCount=1, historySize=0, eventTime=495050, downTime=495050, deviceId=0, source=0x1002 }
08-02 10:56:17.307  7886  7886 I Input   : injectMotionEvent: MotionEvent { action=ACTION_MOVE, actionButton=0, id[0]=0, x[0]=1144.0, y[0]=112.0, toolType[0]=TOOL_TYPE_UNKNOWN, buttonState=0, metaState=0, flags=0x0, edgeFlags=0x0, pointerCount=1, historySize=0, eventTime=495075, downTime=495075, deviceId=0, source=0x1002 }
08-02 10:56:17.320  7886  7886 I Input   : injectMotionEvent: MotionEvent { action=ACTION_MOVE, actionButton=0, id[0]=0, x[0]=1144.0, y[0]=112.0, toolType[0]=TOOL_TYPE_UNKNOWN, buttonState=0, metaState=0, flags=0x0, edgeFlags=0x0, pointerCount=1, historySize=0, eventTime=495088, downTime=495088, deviceId=0, source=0x1002 }
08-02 10:56:17.345  7886  7886 I Input   : injectMotionEvent: MotionEvent { action=ACTION_MOVE, actionButton=0, id[0]=0, x[0]=1144.0, y[0]=112.0, toolType[0]=TOOL_TYPE_UNKNOWN, buttonState=0, metaState=0, flags=0x0, edgeFlags=0x0, pointerCount=1, historySize=0, eventTime=495113, downTime=495113, deviceId=0, source=0x1002 }
08-02 10:56:17.370  7886  7886 I Input   : injectMotionEvent: MotionEvent { action=ACTION_MOVE, actionButton=0, id[0]=0, x[0]=1144.0, y[0]=112.0, toolType[0]=TOOL_TYPE_UNKNOWN, buttonState=0, metaState=0, flags=0x0, edgeFlags=0x0, pointerCount=1, historySize=0, eventTime=495138, downTime=495138, deviceId=0, source=0x1002 }
08-02 10:56:17.400  7886  7886 I Input   : injectMotionEvent: MotionEvent { action=ACTION_MOVE, actionButton=0, id[0]=0, x[0]=1144.0, y[0]=112.0, toolType[0]=TOOL_TYPE_UNKNOWN, buttonState=0, metaState=0, flags=0x0, edgeFlags=0x0, pointerCount=1, historySize=0, eventTime=495168, downTime=495168, deviceId=0, source=0x1002 }
08-02 10:56:17.419  7886  7886 I Input   : injectMotionEvent: MotionEvent { action=ACTION_MOVE, actionButton=0, id[0]=0, x[0]=1144.0, y[0]=112.0, toolType[0]=TOOL_TYPE_UNKNOWN, buttonState=0, metaState=0, flags=0x0, edgeFlags=0x0, pointerCount=1, historySize=0, eventTime=495187, downTime=495187, deviceId=0, source=0x1002 }
08-02 10:56:17.442  7886  7886 I Input   : injectMotionEvent: MotionEvent { action=ACTION_MOVE, actionButton=0, id[0]=0, x[0]=1144.0, y[0]=112.0, toolType[0]=TOOL_TYPE_UNKNOWN, buttonState=0, metaState=0, flags=0x0, edgeFlags=0x0, pointerCount=1, historySize=0, eventTime=495210, downTime=495210, deviceId=0, source=0x1002 }
08-02 10:56:17.472  7886  7886 I Input   : injectMotionEvent: MotionEvent { action=ACTION_MOVE, actionButton=0, id[0]=0, x[0]=1144.0, y[0]=112.0, toolType[0]=TOOL_TYPE_UNKNOWN, buttonState=0, metaState=0, flags=0x0, edgeFlags=0x0, pointerCount=1, historySize=0, eventTime=495240, downTime=495240, deviceId=0, source=0x1002 }
08-02 10:56:17.487  7886  7886 I Input   : injectMotionEvent: MotionEvent { action=ACTION_MOVE, actionButton=0, id[0]=0, x[0]=1144.0, y[0]=112.0, toolType[0]=TOOL_TYPE_UNKNOWN, buttonState=0, metaState=0, flags=0x0, edgeFlags=0x0, pointerCount=1, historySize=0, eventTime=495256, downTime=495256, deviceId=0, source=0x1002 }
08-02 10:56:17.500  7886  7886 I Input   : injectMotionEvent: MotionEvent { action=ACTION_MOVE, actionButton=0, id[0]=0, x[0]=1144.0, y[0]=112.0, toolType[0]=TOOL_TYPE_UNKNOWN, buttonState=0, metaState=0, flags=0x0, edgeFlags=0x0, pointerCount=1, historySize=0, eventTime=495268, downTime=495268, deviceId=0, source=0x1002 }
08-02 10:56:17.517  7886  7886 I Input   : injectMotionEvent: MotionEvent { action=ACTION_MOVE, actionButton=0, id[0]=0, x[0]=1144.0, y[0]=112.0, toolType[0]=TOOL_TYPE_UNKNOWN, buttonState=0, metaState=0, flags=0x0, edgeFlags=0x0, pointerCount=1, historySize=0, eventTime=495286, downTime=495286, deviceId=0, source=0x1002 }
08-02 10:56:17.532  7886  7886 I Input   : injectMotionEvent: MotionEvent { action=ACTION_MOVE, actionButton=0, id[0]=0, x[0]=1144.0, y[0]=112.0, toolType[0]=TOOL_TYPE_UNKNOWN, buttonState=0, metaState=0, flags=0x0, edgeFlags=0x0, pointerCount=1, historySize=0, eventTime=495300, downTime=495300, deviceId=0, source=0x1002 }
08-02 10:56:17.553  7886  7886 I Input   : injectMotionEvent: MotionEvent { action=ACTION_MOVE, actionButton=0, id[0]=0, x[0]=1144.0, y[0]=112.0, toolType[0]=TOOL_TYPE_UNKNOWN, buttonState=0, metaState=0, flags=0x0, edgeFlags=0x0, pointerCount=1, historySize=0, eventTime=495321, downTime=495321, deviceId=0, source=0x1002 }
08-02 10:56:17.566  7886  7886 I Input   : injectMotionEvent: MotionEvent { action=ACTION_MOVE, actionButton=0, id[0]=0, x[0]=1144.0, y[0]=112.0, toolType[0]=TOOL_TYPE_UNKNOWN, buttonState=0, metaState=0, flags=0x0, edgeFlags=0x0, pointerCount=1, historySize=0, eventTime=495335, downTime=495335, deviceId=0, source=0x1002 }
08-02 10:56:17.582  7886  7886 I Input   : injectMotionEvent: MotionEvent { action=ACTION_MOVE, actionButton=0, id[0]=0, x[0]=1144.0, y[0]=112.0, toolType[0]=TOOL_TYPE_UNKNOWN, buttonState=0, metaState=0, flags=0x0, edgeFlags=0x0, pointerCount=1, historySize=0, eventTime=495351, downTime=495351, deviceId=0, source=0x1002 }
08-02 10:56:17.599  7886  7886 I Input   : injectMotionEvent: MotionEvent { action=ACTION_MOVE, actionButton=0, id[0]=0, x[0]=1144.0, y[0]=112.0, toolType[0]=TOOL_TYPE_UNKNOWN, buttonState=0, metaState=0, flags=0x0, edgeFlags=0x0, pointerCount=1, historySize=0, eventTime=495367, downTime=495367, deviceId=0, source=0x1002 }
08-02 10:56:17.615  7886  7886 I Input   : injectMotionEvent: MotionEvent { action=ACTION_MOVE, actionButton=0, id[0]=0, x[0]=1144.0, y[0]=112.0, toolType[0]=TOOL_TYPE_UNKNOWN, buttonState=0, metaState=0, flags=0x0, edgeFlags=0x0, pointerCount=1, historySize=0, eventTime=495384, downTime=495384, deviceId=0, source=0x1002 }
08-02 10:56:17.632  7886  7886 I Input   : injectMotionEvent: MotionEvent { action=ACTION_MOVE, actionButton=0, id[0]=0, x[0]=1144.0, y[0]=112.0, toolType[0]=TOOL_TYPE_UNKNOWN, buttonState=0, metaState=0, flags=0x0, edgeFlags=0x0, pointerCount=1, historySize=0, eventTime=495400, downTime=495400, deviceId=0, source=0x1002 }
08-02 10:56:17.650  7886  7886 I Input   : injectMotionEvent: MotionEvent { action=ACTION_MOVE, actionButton=0, id[0]=0, x[0]=1144.0, y[0]=112.0, toolType[0]=TOOL_TYPE_UNKNOWN, buttonState=0, metaState=0, flags=0x0, edgeFlags=0x0, pointerCount=1, historySize=0, eventTime=495418, downTime=495418, deviceId=0, source=0x1002 }
08-02 10:56:17.665  7886  7886 I Input   : injectMotionEvent: MotionEvent { action=ACTION_MOVE, actionButton=0, id[0]=0, x[0]=1144.0, y[0]=112.0, toolType[0]=TOOL_TYPE_UNKNOWN, buttonState=0, metaState=0, flags=0x0, edgeFlags=0x0, pointerCount=1, historySize=0, eventTime=495434, downTime=495434, deviceId=0, source=0x1002 }
08-02 10:56:17.683  7886  7886 I Input   : injectMotionEvent: MotionEvent { action=ACTION_MOVE, actionButton=0, id[0]=0, x[0]=1144.0, y[0]=112.0, toolType[0]=TOOL_TYPE_UNKNOWN, buttonState=0, metaState=0, flags=0x0, edgeFlags=0x0, pointerCount=1, historySize=0, eventTime=495451, downTime=495451, deviceId=0, source=0x1002 }
08-02 10:56:17.699  7886  7886 I Input   : injectMotionEvent: MotionEvent { action=ACTION_MOVE, actionButton=0, id[0]=0, x[0]=1144.0, y[0]=112.0, toolType[0]=TOOL_TYPE_UNKNOWN, buttonState=0, metaState=0, flags=0x0, edgeFlags=0x0, pointerCount=1, historySize=0, eventTime=495467, downTime=495467, deviceId=0, source=0x1002 }
08-02 10:56:17.715  7886  7886 I Input   : injectMotionEvent: MotionEvent { action=ACTION_MOVE, actionButton=0, id[0]=0, x[0]=1144.0, y[0]=112.0, toolType[0]=TOOL_TYPE_UNKNOWN, buttonState=0, metaState=0, flags=0x0, edgeFlags=0x0, pointerCount=1, historySize=0, eventTime=495484, downTime=495484, deviceId=0, source=0x1002 }
08-02 10:56:17.732  7886  7886 I Input   : injectMotionEvent: MotionEvent { action=ACTION_MOVE, actionButton=0, id[0]=0, x[0]=1144.0, y[0]=112.0, toolType[0]=TOOL_TYPE_UNKNOWN, buttonState=0, metaState=0, flags=0x0, edgeFlags=0x0, pointerCount=1, historySize=0, eventTime=495500, downTime=495500, deviceId=0, source=0x1002 }
08-02 10:56:17.748  7886  7886 I Input   : injectMotionEvent: MotionEvent { action=ACTION_MOVE, actionButton=0, id[0]=0, x[0]=1144.0, y[0]=112.0, toolType[0]=TOOL_TYPE_UNKNOWN, buttonState=0, metaState=0, flags=0x0, edgeFlags=0x0, pointerCount=1, historySize=0, eventTime=495517, downTime=495517, deviceId=0, source=0x1002 }
08-02 10:56:17.767  7886  7886 I Input   : injectMotionEvent: MotionEvent { action=ACTION_MOVE, actionButton=0, id[0]=0, x[0]=1144.0, y[0]=112.0, toolType[0]=TOOL_TYPE_UNKNOWN, buttonState=0, metaState=0, flags=0x0, edgeFlags=0x0, pointerCount=1, historySize=0, eventTime=495535, downTime=495535, deviceId=0, source=0x1002 }
08-02 10:56:17.783  7886  7886 I Input   : injectMotionEvent: MotionEvent { action=ACTION_MOVE, actionButton=0, id[0]=0, x[0]=1144.0, y[0]=112.0, toolType[0]=TOOL_TYPE_UNKNOWN, buttonState=0, metaState=0, flags=0x0, edgeFlags=0x0, pointerCount=1, historySize=0, eventTime=495551, downTime=495551, deviceId=0, source=0x1002 }
08-02 10:56:17.798  7886  7886 I Input   : injectMotionEvent: MotionEvent { action=ACTION_MOVE, actionButton=0, id[0]=0, x[0]=1144.0, y[0]=112.0, toolType[0]=TOOL_TYPE_UNKNOWN, buttonState=0, metaState=0, flags=0x0, edgeFlags=0x0, pointerCount=1, historySize=0, eventTime=495567, downTime=495567, deviceId=0, source=0x1002 }
08-02 10:56:17.816  7886  7886 I Input   : injectMotionEvent: MotionEvent { action=ACTION_MOVE, actionButton=0, id[0]=0, x[0]=1144.0, y[0]=112.0, toolType[0]=TOOL_TYPE_UNKNOWN, buttonState=0, metaState=0, flags=0x0, edgeFlags=0x0, pointerCount=1, historySize=0, eventTime=495585, downTime=495585, deviceId=0, source=0x1002 }
08-02 10:56:17.832  7886  7886 I Input   : injectMotionEvent: MotionEvent { action=ACTION_MOVE, actionButton=0, id[0]=0, x[0]=1144.0, y[0]=112.0, toolType[0]=TOOL_TYPE_UNKNOWN, buttonState=0, metaState=0, flags=0x0, edgeFlags=0x0, pointerCount=1, historySize=0, eventTime=495600, downTime=495600, deviceId=0, source=0x1002 }
08-02 10:56:17.848  7886  7886 I Input   : injectMotionEvent: MotionEvent { action=ACTION_MOVE, actionButton=0, id[0]=0, x[0]=1144.0, y[0]=112.0, toolType[0]=TOOL_TYPE_UNKNOWN, buttonState=0, metaState=0, flags=0x0, edgeFlags=0x0, pointerCount=1, historySize=0, eventTime=495617, downTime=495617, deviceId=0, source=0x1002 }
08-02 10:56:17.865  7886  7886 I Input   : injectMotionEvent: MotionEvent { action=ACTION_MOVE, actionButton=0, id[0]=0, x[0]=1144.0, y[0]=112.0, toolType[0]=TOOL_TYPE_UNKNOWN, buttonState=0, metaState=0, flags=0x0, edgeFlags=0x0, pointerCount=1, historySize=0, eventTime=495634, downTime=495634, deviceId=0, source=0x1002 }
08-02 10:56:17.883  7886  7886 I Input   : injectMotionEvent: MotionEvent { action=ACTION_MOVE, actionButton=0, id[0]=0, x[0]=1144.0, y[0]=112.0, toolType[0]=TOOL_TYPE_UNKNOWN, buttonState=0, metaState=0, flags=0x0, edgeFlags=0x0, pointerCount=1, historySize=0, eventTime=495651, downTime=495651, deviceId=0, source=0x1002 }
08-02 10:56:17.899  7886  7886 I Input   : injectMotionEvent: MotionEvent { action=ACTION_MOVE, actionButton=0, id[0]=0, x[0]=1144.0, y[0]=112.0, toolType[0]=TOOL_TYPE_UNKNOWN, buttonState=0, metaState=0, flags=0x0, edgeFlags=0x0, pointerCount=1, historySize=0, eventTime=495667, downTime=495667, deviceId=0, source=0x1002 }
08-02 10:56:17.917  7886  7886 I Input   : injectMotionEvent: MotionEvent { action=ACTION_MOVE, actionButton=0, id[0]=0, x[0]=1144.0, y[0]=112.0, toolType[0]=TOOL_TYPE_UNKNOWN, buttonState=0, metaState=0, flags=0x0, edgeFlags=0x0, pointerCount=1, historySize=0, eventTime=495685, downTime=495685, deviceId=0, source=0x1002 }
08-02 10:56:17.932  7886  7886 I Input   : injectMotionEvent: MotionEvent { action=ACTION_MOVE, actionButton=0, id[0]=0, x[0]=1144.0, y[0]=112.0, toolType[0]=TOOL_TYPE_UNKNOWN, buttonState=0, metaState=0, flags=0x0, edgeFlags=0x0, pointerCount=1, historySize=0, eventTime=495700, downTime=495700, deviceId=0, source=0x1002 }
08-02 10:56:17.949  7886  7886 I Input   : injectMotionEvent: MotionEvent { action=ACTION_MOVE, actionButton=0, id[0]=0, x[0]=1144.0, y[0]=112.0, toolType[0]=TOOL_TYPE_UNKNOWN, buttonState=0, metaState=0, flags=0x0, edgeFlags=0x0, pointerCount=1, historySize=0, eventTime=495717, downTime=495717, deviceId=0, source=0x1002 }
08-02 10:56:17.965  7886  7886 I Input   : injectMotionEvent: MotionEvent { action=ACTION_MOVE, actionButton=0, id[0]=0, x[0]=1144.0, y[0]=112.0, toolType[0]=TOOL_TYPE_UNKNOWN, buttonState=0, metaState=0, flags=0x0, edgeFlags=0x0, pointerCount=1, historySize=0, eventTime=495734, downTime=495734, deviceId=0, source=0x1002 }
08-02 10:56:17.982  7886  7886 I Input   : injectMotionEvent: MotionEvent { action=ACTION_MOVE, actionButton=0, id[0]=0, x[0]=1144.0, y[0]=112.0, toolType[0]=TOOL_TYPE_UNKNOWN, buttonState=0, metaState=0, flags=0x0, edgeFlags=0x0, pointerCount=1, historySize=0, eventTime=495751, downTime=495751, deviceId=0, source=0x1002 }
08-02 10:56:17.999  7886  7886 I Input   : injectMotionEvent: MotionEvent { action=ACTION_MOVE, actionButton=0, id[0]=0, x[0]=1144.0, y[0]=112.0, toolType[0]=TOOL_TYPE_UNKNOWN, buttonState=0, metaState=0, flags=0x0, edgeFlags=0x0, pointerCount=1, historySize=0, eventTime=495768, downTime=495768, deviceId=0, source=0x1002 }
08-02 10:56:18.015  7886  7886 I Input   : injectMotionEvent: MotionEvent { action=ACTION_MOVE, actionButton=0, id[0]=0, x[0]=1144.0, y[0]=112.0, toolType[0]=TOOL_TYPE_UNKNOWN, buttonState=0, metaState=0, flags=0x0, edgeFlags=0x0, pointerCount=1, historySize=0, eventTime=495784, downTime=495784, deviceId=0, source=0x1002 }
08-02 10:56:18.032  7886  7886 I Input   : injectMotionEvent: MotionEvent { action=ACTION_MOVE, actionButton=0, id[0]=0, x[0]=1144.0, y[0]=112.0, toolType[0]=TOOL_TYPE_UNKNOWN, buttonState=0, metaState=0, flags=0x0, edgeFlags=0x0, pointerCount=1, historySize=0, eventTime=495800, downTime=495800, deviceId=0, source=0x1002 }
08-02 10:56:18.050  7886  7886 I Input   : injectMotionEvent: MotionEvent { action=ACTION_MOVE, actionButton=0, id[0]=0, x[0]=1144.0, y[0]=112.0, toolType[0]=TOOL_TYPE_UNKNOWN, buttonState=0, metaState=0, flags=0x0, edgeFlags=0x0, pointerCount=1, historySize=0, eventTime=495818, downTime=495818, deviceId=0, source=0x1002 }
08-02 10:56:18.065  7886  7886 I Input   : injectMotionEvent: MotionEvent { action=ACTION_MOVE, actionButton=0, id[0]=0, x[0]=1144.0, y[0]=112.0, toolType[0]=TOOL_TYPE_UNKNOWN, buttonState=0, metaState=0, flags=0x0, edgeFlags=0x0, pointerCount=1, historySize=0, eventTime=495833, downTime=495833, deviceId=0, source=0x1002 }
08-02 10:56:18.083  7886  7886 I Input   : injectMotionEvent: MotionEvent { action=ACTION_MOVE, actionButton=0, id[0]=0, x[0]=1144.0, y[0]=112.0, toolType[0]=TOOL_TYPE_UNKNOWN, buttonState=0, metaState=0, flags=0x0, edgeFlags=0x0, pointerCount=1, historySize=0, eventTime=495851, downTime=495851, deviceId=0, source=0x1002 }
08-02 10:56:18.103  7886  7886 I Input   : injectMotionEvent: MotionEvent { action=ACTION_MOVE, actionButton=0, id[0]=0, x[0]=1144.0, y[0]=112.0, toolType[0]=TOOL_TYPE_UNKNOWN, buttonState=0, metaState=0, flags=0x0, edgeFlags=0x0, pointerCount=1, historySize=0, eventTime=495871, downTime=495871, deviceId=0, source=0x1002 }
08-02 10:56:18.116  7886  7886 I Input   : injectMotionEvent: MotionEvent { action=ACTION_MOVE, actionButton=0, id[0]=0, x[0]=1144.0, y[0]=112.0, toolType[0]=TOOL_TYPE_UNKNOWN, buttonState=0, metaState=0, flags=0x0, edgeFlags=0x0, pointerCount=1, historySize=0, eventTime=495884, downTime=495884, deviceId=0, source=0x1002 }
08-02 10:56:18.132  7886  7886 I Input   : injectMotionEvent: MotionEvent { action=ACTION_MOVE, actionButton=0, id[0]=0, x[0]=1144.0, y[0]=112.0, toolType[0]=TOOL_TYPE_UNKNOWN, buttonState=0, metaState=0, flags=0x0, edgeFlags=0x0, pointerCount=1, historySize=0, eventTime=495900, downTime=495900, deviceId=0, source=0x1002 }
08-02 10:56:18.149  7886  7886 I Input   : injectMotionEvent: MotionEvent { action=ACTION_MOVE, actionButton=0, id[0]=0, x[0]=1144.0, y[0]=112.0, toolType[0]=TOOL_TYPE_UNKNOWN, buttonState=0, metaState=0, flags=0x0, edgeFlags=0x0, pointerCount=1, historySize=0, eventTime=495917, downTime=495917, deviceId=0, source=0x1002 }
08-02 10:56:18.166  7886  7886 I Input   : injectMotionEvent: MotionEvent { action=ACTION_MOVE, actionButton=0, id[0]=0, x[0]=1144.0, y[0]=112.0, toolType[0]=TOOL_TYPE_UNKNOWN, buttonState=0, metaState=0, flags=0x0, edgeFlags=0x0, pointerCount=1, historySize=0, eventTime=495934, downTime=495934, deviceId=0, source=0x1002 }
08-02 10:56:18.182  7886  7886 I Input   : injectMotionEvent: MotionEvent { action=ACTION_MOVE, actionButton=0, id[0]=0, x[0]=1144.0, y[0]=112.0, toolType[0]=TOOL_TYPE_UNKNOWN, buttonState=0, metaState=0, flags=0x0, edgeFlags=0x0, pointerCount=1, historySize=0, eventTime=495951, downTime=495951, deviceId=0, source=0x1002 }
08-02 10:56:18.202  7886  7886 I Input   : injectMotionEvent: MotionEvent { action=ACTION_MOVE, actionButton=0, id[0]=0, x[0]=1144.0, y[0]=112.0, toolType[0]=TOOL_TYPE_UNKNOWN, buttonState=0, metaState=0, flags=0x0, edgeFlags=0x0, pointerCount=1, historySize=0, eventTime=495970, downTime=495970, deviceId=0, source=0x1002 }
08-02 10:56:18.215  7886  7886 I Input   : injectMotionEvent: MotionEvent { action=ACTION_MOVE, actionButton=0, id[0]=0, x[0]=1144.0, y[0]=112.0, toolType[0]=TOOL_TYPE_UNKNOWN, buttonState=0, metaState=0, flags=0x0, edgeFlags=0x0, pointerCount=1, historySize=0, eventTime=495984, downTime=495984, deviceId=0, source=0x1002 }
08-02 10:56:18.232  7886  7886 I Input   : injectMotionEvent: MotionEvent { action=ACTION_MOVE, actionButton=0, id[0]=0, x[0]=1144.0, y[0]=112.0, toolType[0]=TOOL_TYPE_UNKNOWN, buttonState=0, metaState=0, flags=0x0, edgeFlags=0x0, pointerCount=1, historySize=0, eventTime=496000, downTime=496000, deviceId=0, source=0x1002 }
08-02 10:56:18.253  7886  7886 I Input   : injectMotionEvent: MotionEvent { action=ACTION_MOVE, actionButton=0, id[0]=0, x[0]=1144.0, y[0]=112.0, toolType[0]=TOOL_TYPE_UNKNOWN, buttonState=0, metaState=0, flags=0x0, edgeFlags=0x0, pointerCount=1, historySize=0, eventTime=496022, downTime=496022, deviceId=0, source=0x1002 }
08-02 10:56:18.265  7886  7886 I Input   : injectMotionEvent: MotionEvent { action=ACTION_MOVE, actionButton=0, id[0]=0, x[0]=1144.0, y[0]=112.0, toolType[0]=TOOL_TYPE_UNKNOWN, buttonState=0, metaState=0, flags=0x0, edgeFlags=0x0, pointerCount=1, historySize=0, eventTime=496034, downTime=496034, deviceId=0, source=0x1002 }
08-02 10:56:18.283  7886  7886 I Input   : injectMotionEvent: MotionEvent { action=ACTION_MOVE, actionButton=0, id[0]=0, x[0]=1144.0, y[0]=112.0, toolType[0]=TOOL_TYPE_UNKNOWN, buttonState=0, metaState=0, flags=0x0, edgeFlags=0x0, pointerCount=1, historySize=0, eventTime=496051, downTime=496051, deviceId=0, source=0x1002 }
08-02 10:56:18.302  7886  7886 I Input   : injectMotionEvent: MotionEvent { action=ACTION_MOVE, actionButton=0, id[0]=0, x[0]=1144.0, y[0]=112.0, toolType[0]=TOOL_TYPE_UNKNOWN, buttonState=0, metaState=0, flags=0x0, edgeFlags=0x0, pointerCount=1, historySize=0, eventTime=496070, downTime=496070, deviceId=0, source=0x1002 }
08-02 10:56:18.315  7886  7886 I Input   : injectMotionEvent: MotionEvent { action=ACTION_MOVE, actionButton=0, id[0]=0, x[0]=1144.0, y[0]=112.0, toolType[0]=TOOL_TYPE_UNKNOWN, buttonState=0, metaState=0, flags=0x0, edgeFlags=0x0, pointerCount=1, historySize=0, eventTime=496084, downTime=496084, deviceId=0, source=0x1002 }
08-02 10:56:18.333  7886  7886 I Input   : injectMotionEvent: MotionEvent { action=ACTION_MOVE, actionButton=0, id[0]=0, x[0]=1144.0, y[0]=112.0, toolType[0]=TOOL_TYPE_UNKNOWN, buttonState=0, metaState=0, flags=0x0, edgeFlags=0x0, pointerCount=1, historySize=0, eventTime=496101, downTime=496101, deviceId=0, source=0x1002 }
08-02 10:56:18.349  7886  7886 I Input   : injectMotionEvent: MotionEvent { action=ACTION_MOVE, actionButton=0, id[0]=0, x[0]=1144.0, y[0]=112.0, toolType[0]=TOOL_TYPE_UNKNOWN, buttonState=0, metaState=0, flags=0x0, edgeFlags=0x0, pointerCount=1, historySize=0, eventTime=496117, downTime=496117, deviceId=0, source=0x1002 }
08-02 10:56:18.366  7886  7886 I Input   : injectMotionEvent: MotionEvent { action=ACTION_MOVE, actionButton=0, id[0]=0, x[0]=1144.0, y[0]=112.0, toolType[0]=TOOL_TYPE_UNKNOWN, buttonState=0, metaState=0, flags=0x0, edgeFlags=0x0, pointerCount=1, historySize=0, eventTime=496135, downTime=496135, deviceId=0, source=0x1002 }
08-02 10:56:18.382  7886  7886 I Input   : injectMotionEvent: MotionEvent { action=ACTION_MOVE, actionButton=0, id[0]=0, x[0]=1144.0, y[0]=112.0, toolType[0]=TOOL_TYPE_UNKNOWN, buttonState=0, metaState=0, flags=0x0, edgeFlags=0x0, pointerCount=1, historySize=0, eventTime=496150, downTime=496150, deviceId=0, source=0x1002 }
08-02 10:56:18.399  7886  7886 I Input   : injectMotionEvent: MotionEvent { action=ACTION_MOVE, actionButton=0, id[0]=0, x[0]=1144.0, y[0]=112.0, toolType[0]=TOOL_TYPE_UNKNOWN, buttonState=0, metaState=0, flags=0x0, edgeFlags=0x0, pointerCount=1, historySize=0, eventTime=496167, downTime=496167, deviceId=0, source=0x1002 }
08-02 10:56:18.417  7886  7886 I Input   : injectMotionEvent: MotionEvent { action=ACTION_MOVE, actionButton=0, id[0]=0, x[0]=1144.0, y[0]=112.0, toolType[0]=TOOL_TYPE_UNKNOWN, buttonState=0, metaState=0, flags=0x0, edgeFlags=0x0, pointerCount=1, historySize=0, eventTime=496185, downTime=496185, deviceId=0, source=0x1002 }
08-02 10:56:18.432  7886  7886 I Input   : injectMotionEvent: MotionEvent { action=ACTION_MOVE, actionButton=0, id[0]=0, x[0]=1144.0, y[0]=112.0, toolType[0]=TOOL_TYPE_UNKNOWN, buttonState=0, metaState=0, flags=0x0, edgeFlags=0x0, pointerCount=1, historySize=0, eventTime=496200, downTime=496200, deviceId=0, source=0x1002 }
08-02 10:56:18.448  7886  7886 I Input   : injectMotionEvent: MotionEvent { action=ACTION_MOVE, actionButton=0, id[0]=0, x[0]=1144.0, y[0]=112.0, toolType[0]=TOOL_TYPE_UNKNOWN, buttonState=0, metaState=0, flags=0x0, edgeFlags=0x0, pointerCount=1, historySize=0, eventTime=496217, downTime=496217, deviceId=0, source=0x1002 }
08-02 10:56:18.465  7886  7886 I Input   : injectMotionEvent: MotionEvent { action=ACTION_MOVE, actionButton=0, id[0]=0, x[0]=1144.0, y[0]=112.0, toolType[0]=TOOL_TYPE_UNKNOWN, buttonState=0, metaState=0, flags=0x0, edgeFlags=0x0, pointerCount=1, historySize=0, eventTime=496233, downTime=496233, deviceId=0, source=0x1002 }
08-02 10:56:18.483  7886  7886 I Input   : injectMotionEvent: MotionEvent { action=ACTION_MOVE, actionButton=0, id[0]=0, x[0]=1144.0, y[0]=112.0, toolType[0]=TOOL_TYPE_UNKNOWN, buttonState=0, metaState=0, flags=0x0, edgeFlags=0x0, pointerCount=1, historySize=0, eventTime=496252, downTime=496252, deviceId=0, source=0x1002 }
08-02 10:56:18.502  7886  7886 I Input   : injectMotionEvent: MotionEvent { action=ACTION_MOVE, actionButton=0, id[0]=0, x[0]=1144.0, y[0]=112.0, toolType[0]=TOOL_TYPE_UNKNOWN, buttonState=0, metaState=0, flags=0x0, edgeFlags=0x0, pointerCount=1, historySize=0, eventTime=496271, downTime=496271, deviceId=0, source=0x1002 }
08-02 10:56:18.515  7886  7886 I Input   : injectMotionEvent: MotionEvent { action=ACTION_MOVE, actionButton=0, id[0]=0, x[0]=1144.0, y[0]=112.0, toolType[0]=TOOL_TYPE_UNKNOWN, buttonState=0, metaState=0, flags=0x0, edgeFlags=0x0, pointerCount=1, historySize=0, eventTime=496283, downTime=496283, deviceId=0, source=0x1002 }
08-02 10:56:18.533  7886  7886 I Input   : injectMotionEvent: MotionEvent { action=ACTION_MOVE, actionButton=0, id[0]=0, x[0]=1144.0, y[0]=112.0, toolType[0]=TOOL_TYPE_UNKNOWN, buttonState=0, metaState=0, flags=0x0, edgeFlags=0x0, pointerCount=1, historySize=0, eventTime=496301, downTime=496301, deviceId=0, source=0x1002 }
08-02 10:56:18.554  7886  7886 I Input   : injectMotionEvent: MotionEvent { action=ACTION_MOVE, actionButton=0, id[0]=0, x[0]=1144.0, y[0]=112.0, toolType[0]=TOOL_TYPE_UNKNOWN, buttonState=0, metaState=0, flags=0x0, edgeFlags=0x0, pointerCount=1, historySize=0, eventTime=496322, downTime=496322, deviceId=0, source=0x1002 }
08-02 10:56:18.565  7886  7886 I Input   : injectMotionEvent: MotionEvent { action=ACTION_MOVE, actionButton=0, id[0]=0, x[0]=1144.0, y[0]=112.0, toolType[0]=TOOL_TYPE_UNKNOWN, buttonState=0, metaState=0, flags=0x0, edgeFlags=0x0, pointerCount=1, historySize=0, eventTime=496334, downTime=496334, deviceId=0, source=0x1002 }
08-02 10:56:18.582  7886  7886 I Input   : injectMotionEvent: MotionEvent { action=ACTION_MOVE, actionButton=0, id[0]=0, x[0]=1144.0, y[0]=112.0, toolType[0]=TOOL_TYPE_UNKNOWN, buttonState=0, metaState=0, flags=0x0, edgeFlags=0x0, pointerCount=1, historySize=0, eventTime=496350, downTime=496350, deviceId=0, source=0x1002 }
08-02 10:56:18.603  7886  7886 I Input   : injectMotionEvent: MotionEvent { action=ACTION_MOVE, actionButton=0, id[0]=0, x[0]=1144.0, y[0]=112.0, toolType[0]=TOOL_TYPE_UNKNOWN, buttonState=0, metaState=0, flags=0x0, edgeFlags=0x0, pointerCount=1, historySize=0, eventTime=496371, downTime=496371, deviceId=0, source=0x1002 }
08-02 10:56:18.616  7886  7886 I Input   : injectMotionEvent: MotionEvent { action=ACTION_MOVE, actionButton=0, id[0]=0, x[0]=1144.0, y[0]=112.0, toolType[0]=TOOL_TYPE_UNKNOWN, buttonState=0, metaState=0, flags=0x0, edgeFlags=0x0, pointerCount=1, historySize=0, eventTime=496384, downTime=496384, deviceId=0, source=0x1002 }
08-02 10:56:18.632  7886  7886 I Input   : injectMotionEvent: MotionEvent { action=ACTION_MOVE, actionButton=0, id[0]=0, x[0]=1144.0, y[0]=112.0, toolType[0]=TOOL_TYPE_UNKNOWN, buttonState=0, metaState=0, flags=0x0, edgeFlags=0x0, pointerCount=1, historySize=0, eventTime=496400, downTime=496400, deviceId=0, source=0x1002 }
08-02 10:56:18.649  7886  7886 I Input   : injectMotionEvent: MotionEvent { action=ACTION_MOVE, actionButton=0, id[0]=0, x[0]=1144.0, y[0]=112.0, toolType[0]=TOOL_TYPE_UNKNOWN, buttonState=0, metaState=0, flags=0x0, edgeFlags=0x0, pointerCount=1, historySize=0, eventTime=496417, downTime=496417, deviceId=0, source=0x1002 }
08-02 10:56:18.665  7886  7886 I Input   : injectMotionEvent: MotionEvent { action=ACTION_MOVE, actionButton=0, id[0]=0, x[0]=1144.0, y[0]=112.0, toolType[0]=TOOL_TYPE_UNKNOWN, buttonState=0, metaState=0, flags=0x0, edgeFlags=0x0, pointerCount=1, historySize=0, eventTime=496433, downTime=496433, deviceId=0, source=0x1002 }
08-02 10:56:18.682  7886  7886 I Input   : injectMotionEvent: MotionEvent { action=ACTION_MOVE, actionButton=0, id[0]=0, x[0]=1144.0, y[0]=112.0, toolType[0]=TOOL_TYPE_UNKNOWN, buttonState=0, metaState=0, flags=0x0, edgeFlags=0x0, pointerCount=1, historySize=0, eventTime=496450, downTime=496450, deviceId=0, source=0x1002 }
08-02 10:56:18.701  7886  7886 I Input   : injectMotionEvent: MotionEvent { action=ACTION_MOVE, actionButton=0, id[0]=0, x[0]=1144.0, y[0]=112.0, toolType[0]=TOOL_TYPE_UNKNOWN, buttonState=0, metaState=0, flags=0x0, edgeFlags=0x0, pointerCount=1, historySize=0, eventTime=496469, downTime=496469, deviceId=0, source=0x1002 }
08-02 10:56:18.715  7886  7886 I Input   : injectMotionEvent: MotionEvent { action=ACTION_MOVE, actionButton=0, id[0]=0, x[0]=1144.0, y[0]=112.0, toolType[0]=TOOL_TYPE_UNKNOWN, buttonState=0, metaState=0, flags=0x0, edgeFlags=0x0, pointerCount=1, historySize=0, eventTime=496483, downTime=496483, deviceId=0, source=0x1002 }
08-02 10:56:18.732  7886  7886 I Input   : injectMotionEvent: MotionEvent { action=ACTION_MOVE, actionButton=0, id[0]=0, x[0]=1144.0, y[0]=112.0, toolType[0]=TOOL_TYPE_UNKNOWN, buttonState=0, metaState=0, flags=0x0, edgeFlags=0x0, pointerCount=1, historySize=0, eventTime=496500, downTime=496500, deviceId=0, source=0x1002 }
08-02 10:56:18.749  7886  7886 I Input   : injectMotionEvent: MotionEvent { action=ACTION_UP, actionButton=0, id[0]=0, x[0]=1144.0, y[0]=112.0, toolType[0]=TOOL_TYPE_UNKNOWN, buttonState=0, metaState=0, flags=0x0, edgeFlags=0x0, pointerCount=1, historySize=0, eventTime=496518, downTime=496518, deviceId=0, source=0x1002 }
08-02 10:56:18.750  7886  7886 D AndroidRuntime: Shutting down VM
08-02 10:56:18.786  5702  5719 W EGL_emulation: eglSurfaceAttrib not implemented
08-02 10:56:18.786  5702  5719 W OpenGLRenderer: Failed to set EGL_SWAP_BEHAVIOR on surface 0xdfdbf4c0, error=EGL_SUCCESS
08-02 10:56:23.290  8220  8220 D AndroidRuntime: >>>>>> START com.android.internal.os.RuntimeInit uid 0 <<<<<<
08-02 10:56:23.292  8220  8220 D AndroidRuntime: CheckJNI is OFF
08-02 10:56:23.301  8220  8220 D ICU     : No timezone override file found: /data/misc/zoneinfo/current/icu/icu_tzdata.dat
08-02 10:56:23.314  8220  8220 E memtrack: Couldn't load memtrack module (No such file or directory)
08-02 10:56:23.314  8220  8220 E android.os.Debug: failed to load memtrack module: -2
08-02 10:56:23.315  8220  8220 I Radio-JNI: register_android_hardware_Radio DONE
08-02 10:56:23.322  8220  8220 D AndroidRuntime: Calling main entry com.android.commands.uiautomator.Launcher
08-02 10:56:24.341  8220  8220 W AccessibilityNodeInfoDumper: Fetch time: 2ms
08-02 10:56:24.342   624   635 W WindowManager: Attempted to remove non-existing token: android.os.Binder@18ed31b
08-02 10:56:24.355  8220  8220 D AndroidRuntime: Shutting down VM
08-02 10:56:25.411  8243  8243 D AndroidRuntime: >>>>>> START com.android.internal.os.RuntimeInit uid 0 <<<<<<
08-02 10:56:25.413  8243  8243 D AndroidRuntime: CheckJNI is OFF
08-02 10:56:25.422  8243  8243 D ICU     : No timezone override file found: /data/misc/zoneinfo/current/icu/icu_tzdata.dat
08-02 10:56:25.434  8243  8243 E memtrack: Couldn't load memtrack module (No such file or directory)
08-02 10:56:25.434  8243  8243 E android.os.Debug: failed to load memtrack module: -2
08-02 10:56:25.435  8243  8243 I Radio-JNI: register_android_hardware_Radio DONE
08-02 10:56:25.447  8243  8243 D AndroidRuntime: Calling main entry com.android.commands.uiautomator.Launcher
08-02 10:56:26.465  8243  8243 W AccessibilityNodeInfoDumper: Fetch time: 1ms
08-02 10:56:26.465   624  1013 W WindowManager: Attempted to remove non-existing token: android.os.Binder@44cb8
08-02 10:56:26.495  8243  8243 D AndroidRuntime: Shutting down VM
08-02 10:56:27.040  8261  8261 D AndroidRuntime: >>>>>> START com.android.internal.os.RuntimeInit uid 0 <<<<<<
08-02 10:56:27.043  8261  8261 D AndroidRuntime: CheckJNI is OFF
08-02 10:56:27.052  8261  8261 D ICU     : No timezone override file found: /data/misc/zoneinfo/current/icu/icu_tzdata.dat
08-02 10:56:27.069  8261  8261 E memtrack: Couldn't load memtrack module (No such file or directory)
08-02 10:56:27.069  8261  8261 E android.os.Debug: failed to load memtrack module: -2
08-02 10:56:27.071  8261  8261 I Radio-JNI: register_android_hardware_Radio DONE
08-02 10:56:27.076  8261  8261 D AndroidRuntime: Calling main entry com.android.commands.uiautomator.Launcher
08-02 10:56:28.101  8261  8261 W AccessibilityNodeInfoDumper: Fetch time: 1ms
08-02 10:56:28.101   624   761 W WindowManager: Attempted to remove non-existing token: android.os.Binder@f84ea91
08-02 10:56:28.110  8261  8261 D AndroidRuntime: Shutting down VM
08-02 10:56:29.272  8284  8284 D AndroidRuntime: >>>>>> START com.android.internal.os.RuntimeInit uid 0 <<<<<<
08-02 10:56:29.273  8284  8284 D AndroidRuntime: CheckJNI is OFF
08-02 10:56:29.281  8284  8284 D ICU     : No timezone override file found: /data/misc/zoneinfo/current/icu/icu_tzdata.dat
08-02 10:56:29.294  8284  8284 E memtrack: Couldn't load memtrack module (No such file or directory)
08-02 10:56:29.294  8284  8284 E android.os.Debug: failed to load memtrack module: -2
08-02 10:56:29.294  8284  8284 I Radio-JNI: register_android_hardware_Radio DONE
08-02 10:56:29.305  8284  8284 D AndroidRuntime: Calling main entry com.android.commands.uiautomator.Launcher
08-02 10:56:30.320  8284  8284 W AccessibilityNodeInfoDumper: Fetch time: 1ms
08-02 10:56:30.321   624  1100 W WindowManager: Attempted to remove non-existing token: android.os.Binder@8363df6
08-02 10:56:30.329  8284  8284 D AndroidRuntime: Shutting down VM
08-02 10:56:31.472  8312  8312 D AndroidRuntime: >>>>>> START com.android.internal.os.RuntimeInit uid 0 <<<<<<
08-02 10:56:31.474  8312  8312 D AndroidRuntime: CheckJNI is OFF
08-02 10:56:31.484  8312  8312 D ICU     : No timezone override file found: /data/misc/zoneinfo/current/icu/icu_tzdata.dat
08-02 10:56:31.496  8312  8312 E memtrack: Couldn't load memtrack module (No such file or directory)
08-02 10:56:31.496  8312  8312 E android.os.Debug: failed to load memtrack module: -2
08-02 10:56:31.497  8312  8312 I Radio-JNI: register_android_hardware_Radio DONE
08-02 10:56:31.503  8312  8312 D AndroidRuntime: Calling main entry com.android.commands.uiautomator.Launcher
08-02 10:56:32.517  8312  8312 W AccessibilityNodeInfoDumper: Fetch time: 1ms
08-02 10:56:32.517   624  1100 W WindowManager: Attempted to remove non-existing token: android.os.Binder@50d7c64
08-02 10:56:32.534  8312  8312 D AndroidRuntime: Shutting down VM
08-02 10:56:33.642  8338  8338 D AndroidRuntime: >>>>>> START com.android.internal.os.RuntimeInit uid 0 <<<<<<
08-02 10:56:33.644  8338  8338 D AndroidRuntime: CheckJNI is OFF
08-02 10:56:33.655  8338  8338 D ICU     : No timezone override file found: /data/misc/zoneinfo/current/icu/icu_tzdata.dat
08-02 10:56:33.672  8338  8338 E memtrack: Couldn't load memtrack module (No such file or directory)
08-02 10:56:33.672  8338  8338 E android.os.Debug: failed to load memtrack module: -2
08-02 10:56:33.674  8338  8338 I Radio-JNI: register_android_hardware_Radio DONE
08-02 10:56:33.683  8338  8338 D AndroidRuntime: Calling main entry com.android.commands.uiautomator.Launcher
08-02 10:56:34.696  8338  8338 W AccessibilityNodeInfoDumper: Fetch time: 1ms
08-02 10:56:34.696   624  1113 W WindowManager: Attempted to remove non-existing token: android.os.Binder@bfc9ecd
08-02 10:56:34.712  8338  8338 D AndroidRuntime: Shutting down VM
08-02 10:56:35.205  8357  8357 D AndroidRuntime: >>>>>> START com.android.internal.os.RuntimeInit uid 0 <<<<<<
08-02 10:56:35.206  8357  8357 D AndroidRuntime: CheckJNI is OFF
08-02 10:56:35.219  8357  8357 D ICU     : No timezone override file found: /data/misc/zoneinfo/current/icu/icu_tzdata.dat
