08-01 23:48:37.859  7787  7787 I Input   : injectMotionEvent: MotionEvent { action=ACTION_MOVE, actionButton=0, id[0]=0, x[0]=946.0, y[0]=104.0, toolType[0]=TOOL_TYPE_UNKNOWN, buttonState=0, metaState=0, flags=0x0, edgeFlags=0x0, pointerCount=1, historySize=0, eventTime=543067, downTime=543067, deviceId=0, source=0x1002 }
08-01 23:48:37.876  7787  7787 I Input   : injectMotionEvent: MotionEvent { action=ACTION_MOVE, actionButton=0, id[0]=0, x[0]=946.0, y[0]=104.0, toolType[0]=TOOL_TYPE_UNKNOWN, buttonState=0, metaState=0, flags=0x0, edgeFlags=0x0, pointerCount=1, historySize=0, eventTime=543083, downTime=543083, deviceId=0, source=0x1002 }
08-01 23:48:37.893  7787  7787 I Input   : injectMotionEvent: MotionEvent { action=ACTION_MOVE, actionButton=0, id[0]=0, x[0]=946.0, y[0]=104.0, toolType[0]=TOOL_TYPE_UNKNOWN, buttonState=0, metaState=0, flags=0x0, edgeFlags=0x0, pointerCount=1, historySize=0, eventTime=543100, downTime=543100, deviceId=0, source=0x1002 }
08-01 23:48:37.909  7787  7787 I Input   : injectMotionEvent: MotionEvent { action=ACTION_MOVE, actionButton=0, id[0]=0, x[0]=946.0, y[0]=104.0, toolType[0]=TOOL_TYPE_UNKNOWN, buttonState=0, metaState=0, flags=0x0, edgeFlags=0x0, pointerCount=1, historySize=0, eventTime=543117, downTime=543117, deviceId=0, source=0x1002 }
08-01 23:48:37.927  7787  7787 I Input   : injectMotionEvent: MotionEvent { action=ACTION_MOVE, actionButton=0, id[0]=0, x[0]=946.0, y[0]=104.0, toolType[0]=TOOL_TYPE_UNKNOWN, buttonState=0, metaState=0, flags=0x0, edgeFlags=0x0, pointerCount=1, historySize=0, eventTime=543134, downTime=543134, deviceId=0, source=0x1002 }
08-01 23:48:37.943  7787  7787 I Input   : injectMotionEvent: MotionEvent { action=ACTION_MOVE, actionButton=0, id[0]=0, x[0]=946.0, y[0]=104.0, toolType[0]=TOOL_TYPE_UNKNOWN, buttonState=0, metaState=0, flags=0x0, edgeFlags=0x0, pointerCount=1, historySize=0, eventTime=543150, downTime=543150, deviceId=0, source=0x1002 }
08-01 23:48:37.959  7787  7787 I Input   : injectMotionEvent: MotionEvent { action=ACTION_MOVE, actionButton=0, id[0]=0, x[0]=946.0, y[0]=104.0, toolType[0]=TOOL_TYPE_UNKNOWN, buttonState=0, metaState=0, flags=0x0, edgeFlags=0x0, pointerCount=1, historySize=0, eventTime=543167, downTime=543167, deviceId=0, source=0x1002 }
08-01 23:48:37.976  7787  7787 I Input   : injectMotionEvent: MotionEvent { action=ACTION_MOVE, actionButton=0, id[0]=0, x[0]=946.0, y[0]=104.0, toolType[0]=TOOL_TYPE_UNKNOWN, buttonState=0, metaState=0, flags=0x0, edgeFlags=0x0, pointerCount=1, historySize=0, eventTime=543183, downTime=543183, deviceId=0, source=0x1002 }
08-01 23:48:37.993  7787  7787 I Input   : injectMotionEvent: MotionEvent { action=ACTION_MOVE, actionButton=0, id[0]=0, x[0]=946.0, y[0]=104.0, toolType[0]=TOOL_TYPE_UNKNOWN, buttonState=0, metaState=0, flags=0x0, edgeFlags=0x0, pointerCount=1, historySize=0, eventTime=543200, downTime=543200, deviceId=0, source=0x1002 }
08-01 23:48:38.009  7787  7787 I Input   : injectMotionEvent: MotionEvent { action=ACTION_MOVE, actionButton=0, id[0]=0, x[0]=946.0, y[0]=104.0, toolType[0]=TOOL_TYPE_UNKNOWN, buttonState=0, metaState=0, flags=0x0, edgeFlags=0x0, pointerCount=1, historySize=0, eventTime=543216, downTime=543216, deviceId=0, source=0x1002 }
08-01 23:48:38.027  7787  7787 I Input   : injectMotionEvent: MotionEvent { action=ACTION_MOVE, actionButton=0, id[0]=0, x[0]=946.0, y[0]=104.0, toolType[0]=TOOL_TYPE_UNKNOWN, buttonState=0, metaState=0, flags=0x0, edgeFlags=0x0, pointerCount=1, historySize=0, eventTime=543234, downTime=543234, deviceId=0, source=0x1002 }
08-01 23:48:38.043  7787  7787 I Input   : injectMotionEvent: MotionEvent { action=ACTION_MOVE, actionButton=0, id[0]=0, x[0]=946.0, y[0]=104.0, toolType[0]=TOOL_TYPE_UNKNOWN, buttonState=0, metaState=0, flags=0x0, edgeFlags=0x0, pointerCount=1, historySize=0, eventTime=543250, downTime=543250, deviceId=0, source=0x1002 }
08-01 23:48:38.059  7787  7787 I Input   : injectMotionEvent: MotionEvent { action=ACTION_MOVE, actionButton=0, id[0]=0, x[0]=946.0, y[0]=104.0, toolType[0]=TOOL_TYPE_UNKNOWN, buttonState=0, metaState=0, flags=0x0, edgeFlags=0x0, pointerCount=1, historySize=0, eventTime=543266, downTime=543266, deviceId=0, source=0x1002 }
08-01 23:48:38.076  7787  7787 I Input   : injectMotionEvent: MotionEvent { action=ACTION_MOVE, actionButton=0, id[0]=0, x[0]=946.0, y[0]=104.0, toolType[0]=TOOL_TYPE_UNKNOWN, buttonState=0, metaState=0, flags=0x0, edgeFlags=0x0, pointerCount=1, historySize=0, eventTime=543283, downTime=543283, deviceId=0, source=0x1002 }
08-01 23:48:38.093  7787  7787 I Input   : injectMotionEvent: MotionEvent { action=ACTION_MOVE, actionButton=0, id[0]=0, x[0]=946.0, y[0]=104.0, toolType[0]=TOOL_TYPE_UNKNOWN, buttonState=0, metaState=0, flags=0x0, edgeFlags=0x0, pointerCount=1, historySize=0, eventTime=543300, downTime=543300, deviceId=0, source=0x1002 }
08-01 23:48:38.109  7787  7787 I Input   : injectMotionEvent: MotionEvent { action=ACTION_MOVE, actionButton=0, id[0]=0, x[0]=946.0, y[0]=104.0, toolType[0]=TOOL_TYPE_UNKNOWN, buttonState=0, metaState=0, flags=0x0, edgeFlags=0x0, pointerCount=1, historySize=0, eventTime=543316, downTime=543316, deviceId=0, source=0x1002 }
08-01 23:48:38.127  7787  7787 I Input   : injectMotionEvent: MotionEvent { action=ACTION_MOVE, actionButton=0, id[0]=0, x[0]=946.0, y[0]=104.0, toolType[0]=TOOL_TYPE_UNKNOWN, buttonState=0, metaState=0, flags=0x0, edgeFlags=0x0, pointerCount=1, historySize=0, eventTime=543334, downTime=543334, deviceId=0, source=0x1002 }
08-01 23:48:38.143  7787  7787 I Input   : injectMotionEvent: MotionEvent { action=ACTION_MOVE, actionButton=0, id[0]=0, x[0]=946.0, y[0]=104.0, toolType[0]=TOOL_TYPE_UNKNOWN, buttonState=0, metaState=0, flags=0x0, edgeFlags=0x0, pointerCount=1, historySize=0, eventTime=543350, downTime=543350, deviceId=0, source=0x1002 }
08-01 23:48:38.159  7787  7787 I Input   : injectMotionEvent: MotionEvent { action=ACTION_MOVE, actionButton=0, id[0]=0, x[0]=946.0, y[0]=104.0, toolType[0]=TOOL_TYPE_UNKNOWN, buttonState=0, metaState=0, flags=0x0, edgeFlags=0x0, pointerCount=1, historySize=0, eventTime=543367, downTime=543367, deviceId=0, source=0x1002 }
08-01 23:48:38.176  7787  7787 I Input   : injectMotionEvent: MotionEvent { action=ACTION_MOVE, actionButton=0, id[0]=0, x[0]=946.0, y[0]=104.0, toolType[0]=TOOL_TYPE_UNKNOWN, buttonState=0, metaState=0, flags=0x0, edgeFlags=0x0, pointerCount=1, historySize=0, eventTime=543383, downTime=543383, deviceId=0, source=0x1002 }
08-01 23:48:38.193  7787  7787 I Input   : injectMotionEvent: MotionEvent { action=ACTION_MOVE, actionButton=0, id[0]=0, x[0]=946.0, y[0]=104.0, toolType[0]=TOOL_TYPE_UNKNOWN, buttonState=0, metaState=0, flags=0x0, edgeFlags=0x0, pointerCount=1, historySize=0, eventTime=543400, downTime=543400, deviceId=0, source=0x1002 }
08-01 23:48:38.209  7787  7787 I Input   : injectMotionEvent: MotionEvent { action=ACTION_MOVE, actionButton=0, id[0]=0, x[0]=946.0, y[0]=104.0, toolType[0]=TOOL_TYPE_UNKNOWN, buttonState=0, metaState=0, flags=0x0, edgeFlags=0x0, pointerCount=1, historySize=0, eventTime=543417, downTime=543417, deviceId=0, source=0x1002 }
08-01 23:48:38.227  7787  7787 I Input   : injectMotionEvent: MotionEvent { action=ACTION_MOVE, actionButton=0, id[0]=0, x[0]=946.0, y[0]=104.0, toolType[0]=TOOL_TYPE_UNKNOWN, buttonState=0, metaState=0, flags=0x0, edgeFlags=0x0, pointerCount=1, historySize=0, eventTime=543434, downTime=543434, deviceId=0, source=0x1002 }
08-01 23:48:38.243  7787  7787 I Input   : injectMotionEvent: MotionEvent { action=ACTION_MOVE, actionButton=0, id[0]=0, x[0]=946.0, y[0]=104.0, toolType[0]=TOOL_TYPE_UNKNOWN, buttonState=0, metaState=0, flags=0x0, edgeFlags=0x0, pointerCount=1, historySize=0, eventTime=543450, downTime=543450, deviceId=0, source=0x1002 }
08-01 23:48:38.259  7787  7787 I Input   : injectMotionEvent: MotionEvent { action=ACTION_MOVE, actionButton=0, id[0]=0, x[0]=946.0, y[0]=104.0, toolType[0]=TOOL_TYPE_UNKNOWN, buttonState=0, metaState=0, flags=0x0, edgeFlags=0x0, pointerCount=1, historySize=0, eventTime=543467, downTime=543467, deviceId=0, source=0x1002 }
08-01 23:48:38.277  7787  7787 I Input   : injectMotionEvent: MotionEvent { action=ACTION_MOVE, actionButton=0, id[0]=0, x[0]=946.0, y[0]=104.0, toolType[0]=TOOL_TYPE_UNKNOWN, buttonState=0, metaState=0, flags=0x0, edgeFlags=0x0, pointerCount=1, historySize=0, eventTime=543484, downTime=543484, deviceId=0, source=0x1002 }
08-01 23:48:38.293  7787  7787 I Input   : injectMotionEvent: MotionEvent { action=ACTION_MOVE, actionButton=0, id[0]=0, x[0]=946.0, y[0]=104.0, toolType[0]=TOOL_TYPE_UNKNOWN, buttonState=0, metaState=0, flags=0x0, edgeFlags=0x0, pointerCount=1, historySize=0, eventTime=543500, downTime=543500, deviceId=0, source=0x1002 }
08-01 23:48:38.309  7787  7787 I Input   : injectMotionEvent: MotionEvent { action=ACTION_MOVE, actionButton=0, id[0]=0, x[0]=946.0, y[0]=104.0, toolType[0]=TOOL_TYPE_UNKNOWN, buttonState=0, metaState=0, flags=0x0, edgeFlags=0x0, pointerCount=1, historySize=0, eventTime=543517, downTime=543517, deviceId=0, source=0x1002 }
08-01 23:48:38.327  7787  7787 I Input   : injectMotionEvent: MotionEvent { action=ACTION_MOVE, actionButton=0, id[0]=0, x[0]=946.0, y[0]=104.0, toolType[0]=TOOL_TYPE_UNKNOWN, buttonState=0, metaState=0, flags=0x0, edgeFlags=0x0, pointerCount=1, historySize=0, eventTime=543534, downTime=543534, deviceId=0, source=0x1002 }
08-01 23:48:38.343  7787  7787 I Input   : injectMotionEvent: MotionEvent { action=ACTION_MOVE, actionButton=0, id[0]=0, x[0]=946.0, y[0]=104.0, toolType[0]=TOOL_TYPE_UNKNOWN, buttonState=0, metaState=0, flags=0x0, edgeFlags=0x0, pointerCount=1, historySize=0, eventTime=543550, downTime=543550, deviceId=0, source=0x1002 }
08-01 23:48:38.360  7787  7787 I Input   : injectMotionEvent: MotionEvent { action=ACTION_MOVE, actionButton=0, id[0]=0, x[0]=946.0, y[0]=104.0, toolType[0]=TOOL_TYPE_UNKNOWN, buttonState=0, metaState=0, flags=0x0, edgeFlags=0x0, pointerCount=1, historySize=0, eventTime=543567, downTime=543567, deviceId=0, source=0x1002 }
08-01 23:48:38.376  7787  7787 I Input   : injectMotionEvent: MotionEvent { action=ACTION_MOVE, actionButton=0, id[0]=0, x[0]=946.0, y[0]=104.0, toolType[0]=TOOL_TYPE_UNKNOWN, buttonState=0, metaState=0, flags=0x0, edgeFlags=0x0, pointerCount=1, historySize=0, eventTime=543583, downTime=543583, deviceId=0, source=0x1002 }
08-01 23:48:38.393  7787  7787 I Input   : injectMotionEvent: MotionEvent { action=ACTION_MOVE, actionButton=0, id[0]=0, x[0]=946.0, y[0]=104.0, toolType[0]=TOOL_TYPE_UNKNOWN, buttonState=0, metaState=0, flags=0x0, edgeFlags=0x0, pointerCount=1, historySize=0, eventTime=543600, downTime=543600, deviceId=0, source=0x1002 }
08-01 23:48:38.409  7787  7787 I Input   : injectMotionEvent: MotionEvent { action=ACTION_MOVE, actionButton=0, id[0]=0, x[0]=946.0, y[0]=104.0, toolType[0]=TOOL_TYPE_UNKNOWN, buttonState=0, metaState=0, flags=0x0, edgeFlags=0x0, pointerCount=1, historySize=0, eventTime=543617, downTime=543617, deviceId=0, source=0x1002 }
08-01 23:48:38.426  7787  7787 I Input   : injectMotionEvent: MotionEvent { action=ACTION_MOVE, actionButton=0, id[0]=0, x[0]=946.0, y[0]=104.0, toolType[0]=TOOL_TYPE_UNKNOWN, buttonState=0, metaState=0, flags=0x0, edgeFlags=0x0, pointerCount=1, historySize=0, eventTime=543634, downTime=543634, deviceId=0, source=0x1002 }
08-01 23:48:38.444  7787  7787 I Input   : injectMotionEvent: MotionEvent { action=ACTION_MOVE, actionButton=0, id[0]=0, x[0]=946.0, y[0]=104.0, toolType[0]=TOOL_TYPE_UNKNOWN, buttonState=0, metaState=0, flags=0x0, edgeFlags=0x0, pointerCount=1, historySize=0, eventTime=543651, downTime=543651, deviceId=0, source=0x1002 }
08-01 23:48:38.459  7787  7787 I Input   : injectMotionEvent: MotionEvent { action=ACTION_MOVE, actionButton=0, id[0]=0, x[0]=946.0, y[0]=104.0, toolType[0]=TOOL_TYPE_UNKNOWN, buttonState=0, metaState=0, flags=0x0, edgeFlags=0x0, pointerCount=1, historySize=0, eventTime=543666, downTime=543666, deviceId=0, source=0x1002 }
08-01 23:48:38.477  7787  7787 I Input   : injectMotionEvent: MotionEvent { action=ACTION_MOVE, actionButton=0, id[0]=0, x[0]=946.0, y[0]=104.0, toolType[0]=TOOL_TYPE_UNKNOWN, buttonState=0, metaState=0, flags=0x0, edgeFlags=0x0, pointerCount=1, historySize=0, eventTime=543684, downTime=543684, deviceId=0, source=0x1002 }
08-01 23:48:38.494  7787  7787 I Input   : injectMotionEvent: MotionEvent { action=ACTION_MOVE, actionButton=0, id[0]=0, x[0]=946.0, y[0]=104.0, toolType[0]=TOOL_TYPE_UNKNOWN, buttonState=0, metaState=0, flags=0x0, edgeFlags=0x0, pointerCount=1, historySize=0, eventTime=543701, downTime=543701, deviceId=0, source=0x1002 }
08-01 23:48:38.513  7787  7787 I Input   : injectMotionEvent: MotionEvent { action=ACTION_MOVE, actionButton=0, id[0]=0, x[0]=946.0, y[0]=104.0, toolType[0]=TOOL_TYPE_UNKNOWN, buttonState=0, metaState=0, flags=0x0, edgeFlags=0x0, pointerCount=1, historySize=0, eventTime=543720, downTime=543720, deviceId=0, source=0x1002 }
08-01 23:48:38.526  7787  7787 I Input   : injectMotionEvent: MotionEvent { action=ACTION_MOVE, actionButton=0, id[0]=0, x[0]=946.0, y[0]=104.0, toolType[0]=TOOL_TYPE_UNKNOWN, buttonState=0, metaState=0, flags=0x0, edgeFlags=0x0, pointerCount=1, historySize=0, eventTime=543733, downTime=543733, deviceId=0, source=0x1002 }
08-01 23:48:38.543  7787  7787 I Input   : injectMotionEvent: MotionEvent { action=ACTION_MOVE, actionButton=0, id[0]=0, x[0]=946.0, y[0]=104.0, toolType[0]=TOOL_TYPE_UNKNOWN, buttonState=0, metaState=0, flags=0x0, edgeFlags=0x0, pointerCount=1, historySize=0, eventTime=543750, downTime=543750, deviceId=0, source=0x1002 }
08-01 23:48:38.559  7787  7787 I Input   : injectMotionEvent: MotionEvent { action=ACTION_MOVE, actionButton=0, id[0]=0, x[0]=946.0, y[0]=104.0, toolType[0]=TOOL_TYPE_UNKNOWN, buttonState=0, metaState=0, flags=0x0, edgeFlags=0x0, pointerCount=1, historySize=0, eventTime=543767, downTime=543767, deviceId=0, source=0x1002 }
08-01 23:48:38.576  7787  7787 I Input   : injectMotionEvent: MotionEvent { action=ACTION_UP, actionButton=0, id[0]=0, x[0]=946.0, y[0]=104.0, toolType[0]=TOOL_TYPE_UNKNOWN, buttonState=0, metaState=0, flags=0x0, edgeFlags=0x0, pointerCount=1, historySize=0, eventTime=543783, downTime=543783, deviceId=0, source=0x1002 }
08-01 23:48:38.576  2069  2069 D leak-155-4: Eastern Standard Time
08-01 23:48:38.576  7787  7787 D AndroidRuntime: Shutting down VM
08-01 23:48:38.577  2069  2069 D leak-157-4: Eastern Standard Time
08-01 23:48:38.577  2069  2069 D leak-158-4: Eastern Standard Time
08-01 23:48:38.577  2069  2069 D leak-159-4: Eastern Standard Time
08-01 23:48:38.577  2069  2069 D leak-23-0: Eastern Standard Time
08-01 23:48:38.578  2069  2069 D leak-23-1: Eastern Standard Time
08-01 23:48:38.578  2069  2069 D leak-24-1: Eastern Standard Time
08-01 23:48:38.625  2069  2083 W EGL_emulation: eglSurfaceAttrib not implemented
08-01 23:48:38.625  2069  2083 W OpenGLRenderer: Failed to set EGL_SWAP_BEHAVIOR on surface 0xee8ee860, error=EGL_SUCCESS
08-01 23:48:38.647   976   976 I LatinIME: Starting input. Cursor position = 0,0
08-01 23:48:38.713   976  3688 W EGL_emulation: eglSurfaceAttrib not implemented
08-01 23:48:38.714   976  3688 W OpenGLRenderer: Failed to set EGL_SWAP_BEHAVIOR on surface 0xe9b601c0, error=EGL_SUCCESS
08-01 23:48:42.909  8117  8117 D AndroidRuntime: >>>>>> START com.android.internal.os.RuntimeInit uid 0 <<<<<<
08-01 23:48:42.910  8117  8117 D AndroidRuntime: CheckJNI is OFF
08-01 23:48:42.919  8117  8117 D ICU     : No timezone override file found: /data/misc/zoneinfo/current/icu/icu_tzdata.dat
08-01 23:48:42.930  8117  8117 E memtrack: Couldn't load memtrack module (No such file or directory)
08-01 23:48:42.930  8117  8117 E android.os.Debug: failed to load memtrack module: -2
08-01 23:48:42.931  8117  8117 I Radio-JNI: register_android_hardware_Radio DONE
08-01 23:48:42.936  8117  8117 D AndroidRuntime: Calling main entry com.android.commands.input.Input
08-01 23:48:42.937  8117  8117 I Input   : injectKeyEvent: KeyEvent { action=ACTION_DOWN, keyCode=KEYCODE_ESCAPE, scanCode=0, metaState=0, flags=0x0, repeatCount=0, eventTime=548144, downTime=548144, deviceId=-1, source=0x101 }
08-01 23:48:42.942  8117  8117 I Input   : injectKeyEvent: KeyEvent { action=ACTION_UP, keyCode=KEYCODE_ESCAPE, scanCode=0, metaState=0, flags=0x0, repeatCount=0, eventTime=548144, downTime=548144, deviceId=-1, source=0x101 }
08-01 23:48:42.944  8117  8117 D AndroidRuntime: Shutting down VM
08-01 23:48:42.962   976  3688 E Surface : getSlotFromBufferLocked: unknown buffer: 0xf3d96440
08-01 23:48:45.883  8132  8132 D AndroidRuntime: >>>>>> START com.android.internal.os.RuntimeInit uid 0 <<<<<<
08-01 23:48:45.884  8132  8132 D AndroidRuntime: CheckJNI is OFF
08-01 23:48:45.892  8132  8132 D ICU     : No timezone override file found: /data/misc/zoneinfo/current/icu/icu_tzdata.dat
08-01 23:48:45.904  8132  8132 E memtrack: Couldn't load memtrack module (No such file or directory)
08-01 23:48:45.904  8132  8132 E android.os.Debug: failed to load memtrack module: -2
08-01 23:48:45.905  8132  8132 I Radio-JNI: register_android_hardware_Radio DONE
08-01 23:48:45.911  8132  8132 D AndroidRuntime: Calling main entry com.android.commands.uiautomator.Launcher
08-01 23:48:46.922  8132  8132 W AccessibilityNodeInfoDumper: Fetch time: 1ms
08-01 23:48:46.923   619  1080 W WindowManager: Attempted to remove non-existing token: android.os.Binder@df6e1c0
08-01 23:48:46.934  8132  8132 D AndroidRuntime: Shutting down VM
08-01 23:48:47.964  8155  8155 D AndroidRuntime: >>>>>> START com.android.internal.os.RuntimeInit uid 0 <<<<<<
08-01 23:48:47.965  8155  8155 D AndroidRuntime: CheckJNI is OFF
08-01 23:48:47.974  8155  8155 D ICU     : No timezone override file found: /data/misc/zoneinfo/current/icu/icu_tzdata.dat
08-01 23:48:47.986  8155  8155 E memtrack: Couldn't load memtrack module (No such file or directory)
08-01 23:48:47.986  8155  8155 E android.os.Debug: failed to load memtrack module: -2
08-01 23:48:47.987  8155  8155 I Radio-JNI: register_android_hardware_Radio DONE
08-01 23:48:47.993  8155  8155 D AndroidRuntime: Calling main entry com.android.commands.uiautomator.Launcher
08-01 23:48:49.004  8155  8155 W AccessibilityNodeInfoDumper: Fetch time: 1ms
08-01 23:48:49.004   619  1713 W WindowManager: Attempted to remove non-existing token: android.os.Binder@566cef9
08-01 23:48:49.012  8155  8155 D AndroidRuntime: Shutting down VM
08-01 23:48:49.464  8173  8173 D AndroidRuntime: >>>>>> START com.android.internal.os.RuntimeInit uid 0 <<<<<<
08-01 23:48:49.466  8173  8173 D AndroidRuntime: CheckJNI is OFF
08-01 23:48:49.475  8173  8173 D ICU     : No timezone override file found: /data/misc/zoneinfo/current/icu/icu_tzdata.dat
08-01 23:48:49.486  8173  8173 E memtrack: Couldn't load memtrack module (No such file or directory)
08-01 23:48:49.486  8173  8173 E android.os.Debug: failed to load memtrack module: -2
08-01 23:48:49.487  8173  8173 I Radio-JNI: register_android_hardware_Radio DONE
08-01 23:48:49.494  8173  8173 D AndroidRuntime: Calling main entry com.android.commands.uiautomator.Launcher
08-01 23:48:50.514  8173  8173 W AccessibilityNodeInfoDumper: Fetch time: 2ms
08-01 23:48:50.514   619   631 W WindowManager: Attempted to remove non-existing token: android.os.Binder@d6c2e3e
08-01 23:48:50.532  8173  8173 D AndroidRuntime: Shutting down VM
08-01 23:48:51.576  8196  8196 D AndroidRuntime: >>>>>> START com.android.internal.os.RuntimeInit uid 0 <<<<<<
08-01 23:48:51.579  8196  8196 D AndroidRuntime: CheckJNI is OFF
08-01 23:48:51.588  8196  8196 D ICU     : No timezone override file found: /data/misc/zoneinfo/current/icu/icu_tzdata.dat
08-01 23:48:51.599  8196  8196 E memtrack: Couldn't load memtrack module (No such file or directory)
08-01 23:48:51.599  8196  8196 E android.os.Debug: failed to load memtrack module: -2
08-01 23:48:51.600  8196  8196 I Radio-JNI: register_android_hardware_Radio DONE
08-01 23:48:51.606  8196  8196 D AndroidRuntime: Calling main entry com.android.commands.uiautomator.Launcher
08-01 23:48:52.617  8196  8196 W AccessibilityNodeInfoDumper: Fetch time: 2ms
08-01 23:48:52.618   619  1032 W WindowManager: Attempted to remove non-existing token: android.os.Binder@f1ac49f
08-01 23:48:52.630  8196  8196 D AndroidRuntime: Shutting down VM
08-01 23:48:53.736  8223  8223 D AndroidRuntime: >>>>>> START com.android.internal.os.RuntimeInit uid 0 <<<<<<
08-01 23:48:53.737  8223  8223 D AndroidRuntime: CheckJNI is OFF
08-01 23:48:53.746  8223  8223 D ICU     : No timezone override file found: /data/misc/zoneinfo/current/icu/icu_tzdata.dat
08-01 23:48:53.758  8223  8223 E memtrack: Couldn't load memtrack module (No such file or directory)
08-01 23:48:53.758  8223  8223 E android.os.Debug: failed to load memtrack module: -2
08-01 23:48:53.760  8223  8223 I Radio-JNI: register_android_hardware_Radio DONE
08-01 23:48:53.765  8223  8223 D AndroidRuntime: Calling main entry com.android.commands.uiautomator.Launcher
08-01 23:48:54.780  8223  8223 W AccessibilityNodeInfoDumper: Fetch time: 1ms
08-01 23:48:54.781   619  1070 W WindowManager: Attempted to remove non-existing token: android.os.Binder@84859ec
08-01 23:48:54.789  8223  8223 D AndroidRuntime: Shutting down VM
08-01 23:48:55.849  8248  8248 D AndroidRuntime: >>>>>> START com.android.internal.os.RuntimeInit uid 0 <<<<<<
08-01 23:48:55.851  8248  8248 D AndroidRuntime: CheckJNI is OFF
08-01 23:48:55.859  8248  8248 D ICU     : No timezone override file found: /data/misc/zoneinfo/current/icu/icu_tzdata.dat
08-01 23:48:55.871  8248  8248 E memtrack: Couldn't load memtrack module (No such file or directory)
08-01 23:48:55.871  8248  8248 E android.os.Debug: failed to load memtrack module: -2
08-01 23:48:55.872  8248  8248 I Radio-JNI: register_android_hardware_Radio DONE
08-01 23:48:55.882  8248  8248 D AndroidRuntime: Calling main entry com.android.commands.uiautomator.Launcher
08-01 23:48:56.896  8248  8248 W AccessibilityNodeInfoDumper: Fetch time: 2ms
08-01 23:48:56.896   619  1713 W WindowManager: Attempted to remove non-existing token: android.os.Binder@abc61b5
08-01 23:48:56.905  8248  8248 D AndroidRuntime: Shutting down VM
08-01 23:48:57.361  8265  8265 D AndroidRuntime: >>>>>> START com.android.internal.os.RuntimeInit uid 0 <<<<<<
08-01 23:48:57.362  8265  8265 D AndroidRuntime: CheckJNI is OFF
08-01 23:48:57.372  8265  8265 D ICU     : No timezone override file found: /data/misc/zoneinfo/current/icu/icu_tzdata.dat
08-01 23:48:57.384  8265  8265 E memtrack: Couldn't load memtrack module (No such file or directory)
08-01 23:48:57.384  8265  8265 E android.os.Debug: failed to load memtrack module: -2
08-01 23:48:57.385  8265  8265 I Radio-JNI: register_android_hardware_Radio DONE
08-01 23:48:57.391  8265  8265 D AndroidRuntime: Calling main entry com.android.commands.uiautomator.Launcher
08-01 23:48:58.408  8265  8265 W AccessibilityNodeInfoDumper: Fetch time: 1ms
08-01 23:48:58.408   619  1113 W WindowManager: Attempted to remove non-existing token: android.os.Binder@ef8f04a
08-01 23:48:58.416  8265  8265 D AndroidRuntime: Shutting down VM
08-01 23:48:59.466  8288  8288 D AndroidRuntime: >>>>>> START com.android.internal.os.RuntimeInit uid 0 <<<<<<
08-01 23:48:59.468  8288  8288 D AndroidRuntime: CheckJNI is OFF
08-01 23:48:59.478  8288  8288 D ICU     : No timezone override file found: /data/misc/zoneinfo/current/icu/icu_tzdata.dat
08-01 23:48:59.490  8288  8288 E memtrack: Couldn't load memtrack module (No such file or directory)
08-01 23:48:59.490  8288  8288 E android.os.Debug: failed to load memtrack module: -2
08-01 23:48:59.491  8288  8288 I Radio-JNI: register_android_hardware_Radio DONE
08-01 23:48:59.498  8288  8288 D AndroidRuntime: Calling main entry com.android.commands.uiautomator.Launcher
08-01 23:49:00.518  8288  8288 W AccessibilityNodeInfoDumper: Fetch time: 1ms
08-01 23:49:00.518   619   631 W WindowManager: Attempted to remove non-existing token: android.os.Binder@c710bbb
08-01 23:49:00.530  8288  8288 D AndroidRuntime: Shutting down VM
08-01 23:49:00.972  8305  8305 D AndroidRuntime: >>>>>> START com.android.internal.os.RuntimeInit uid 0 <<<<<<
08-01 23:49:00.974  8305  8305 D AndroidRuntime: CheckJNI is OFF
08-01 23:49:00.986  8305  8305 D ICU     : No timezone override file found: /data/misc/zoneinfo/current/icu/icu_tzdata.dat
08-01 23:49:00.998  8305  8305 E memtrack: Couldn't load memtrack module (No such file or directory)
08-01 23:49:00.998  8305  8305 E android.os.Debug: failed to load memtrack module: -2
08-01 23:49:00.998  8305  8305 I Radio-JNI: register_android_hardware_Radio DONE
08-01 23:49:01.004  8305  8305 D AndroidRuntime: Calling main entry com.android.commands.uiautomator.Launcher
08-01 23:49:02.028  8305  8305 W AccessibilityNodeInfoDumper: Fetch time: 1ms
08-01 23:49:02.029   619  1070 W WindowManager: Attempted to remove non-existing token: android.os.Binder@b5728d8
08-01 23:49:02.036  8305  8305 D AndroidRuntime: Shutting down VM
08-01 23:49:03.083  8328  8328 D AndroidRuntime: >>>>>> START com.android.internal.os.RuntimeInit uid 0 <<<<<<
08-01 23:49:03.085  8328  8328 D AndroidRuntime: CheckJNI is OFF
08-01 23:49:03.101  8328  8328 D ICU     : No timezone override file found: /data/misc/zoneinfo/current/icu/icu_tzdata.dat
08-01 23:49:03.113  8328  8328 E memtrack: Couldn't load memtrack module (No such file or directory)
08-01 23:49:03.113  8328  8328 E android.os.Debug: failed to load memtrack module: -2
08-01 23:49:03.113  8328  8328 I Radio-JNI: register_android_hardware_Radio DONE
08-01 23:49:03.122  8328  8328 D AndroidRuntime: Calling main entry com.android.commands.uiautomator.Launcher
08-01 23:49:04.139  8328  8328 W AccessibilityNodeInfoDumper: Fetch time: 1ms
08-01 23:49:04.139   619   751 W WindowManager: Attempted to remove non-existing token: android.os.Binder@19e6431
08-01 23:49:04.146  8328  8328 D AndroidRuntime: Shutting down VM
08-01 23:49:04.588  8345  8345 D AndroidRuntime: >>>>>> START com.android.internal.os.RuntimeInit uid 0 <<<<<<
08-01 23:49:04.590  8345  8345 D AndroidRuntime: CheckJNI is OFF
08-01 23:49:04.599  8345  8345 D ICU     : No timezone override file found: /data/misc/zoneinfo/current/icu/icu_tzdata.dat
08-01 23:49:04.611  8345  8345 E memtrack: Couldn't load memtrack module (No such file or directory)
08-01 23:49:04.611  8345  8345 E android.os.Debug: failed to load memtrack module: -2
08-01 23:49:04.613  8345  8345 I Radio-JNI: register_android_hardware_Radio DONE
08-01 23:49:04.618  8345  8345 D AndroidRuntime: Calling main entry com.android.commands.uiautomator.Launcher
08-01 23:49:05.639  8345  8345 W AccessibilityNodeInfoDumper: Fetch time: 1ms
08-01 23:49:05.639   619  1298 W WindowManager: Attempted to remove non-existing token: android.os.Binder@1ddc716
08-01 23:49:05.651  8345  8345 D AndroidRuntime: Shutting down VM
08-01 23:49:06.042  8358  8358 D AndroidRuntime: >>>>>> START com.android.internal.os.RuntimeInit uid 0 <<<<<<
08-01 23:49:06.044  8358  8358 D AndroidRuntime: CheckJNI is OFF
08-01 23:49:06.052  8358  8358 D ICU     : No timezone override file found: /data/misc/zoneinfo/current/icu/icu_tzdata.dat
08-01 23:49:06.063  8358  8358 E memtrack: Couldn't load memtrack module (No such file or directory)
08-01 23:49:06.063  8358  8358 E android.os.Debug: failed to load memtrack module: -2
08-01 23:49:06.064  8358  8358 I Radio-JNI: register_android_hardware_Radio DONE
08-01 23:49:06.074  8358  8358 D AndroidRuntime: Calling main entry com.android.commands.input.Input
08-01 23:49:06.075  8358  8358 I Input   : injectMotionEvent: MotionEvent { action=ACTION_DOWN, actionButton=0, id[0]=0, x[0]=600.0, y[0]=953.0, toolType[0]=TOOL_TYPE_UNKNOWN, buttonState=0, metaState=0, flags=0x0, edgeFlags=0x0, pointerCount=1, historySize=0, eventTime=571282, downTime=571282, deviceId=0, source=0x1002 }
08-01 23:49:06.090  8358  8358 I Input   : injectMotionEvent: MotionEvent { action=ACTION_UP, actionButton=0, id[0]=0, x[0]=600.0, y[0]=953.0, toolType[0]=TOOL_TYPE_UNKNOWN, buttonState=0, metaState=0, flags=0x0, edgeFlags=0x0, pointerCount=1, historySize=0, eventTime=571282, downTime=571282, deviceId=0, source=0x1002 }
08-01 23:49:06.096  8358  8358 D AndroidRuntime: Shutting down VM
08-01 23:49:06.104   976   976 I LatinIME: Starting input. Cursor position = 0,0
08-01 23:49:06.135   976  3688 W EGL_emulation: eglSurfaceAttrib not implemented
08-01 23:49:06.135   976  3688 W OpenGLRenderer: Failed to set EGL_SWAP_BEHAVIOR on surface 0xe9b614e0, error=EGL_SUCCESS
08-01 23:49:06.503  8369  8369 D AndroidRuntime: >>>>>> START com.android.internal.os.RuntimeInit uid 0 <<<<<<
08-01 23:49:06.504  8369  8369 D AndroidRuntime: CheckJNI is OFF
08-01 23:49:06.514  8369  8369 D ICU     : No timezone override file found: /data/misc/zoneinfo/current/icu/icu_tzdata.dat
08-01 23:49:06.543  8369  8369 E memtrack: Couldn't load memtrack module (No such file or directory)
08-01 23:49:06.543  8369  8369 E android.os.Debug: failed to load memtrack module: -2
08-01 23:49:06.544  8369  8369 I Radio-JNI: register_android_hardware_Radio DONE
08-01 23:49:06.550  8369  8369 D AndroidRuntime: Calling main entry com.android.commands.input.Input
08-01 23:49:06.551  8369  8369 I Input   : injectKeyEvent: KeyEvent { action=ACTION_DOWN, keyCode=KEYCODE_ESCAPE, scanCode=0, metaState=0, flags=0x0, repeatCount=0, eventTime=571758, downTime=571758, deviceId=-1, source=0x101 }
08-01 23:49:06.552  8369  8369 I Input   : injectKeyEvent: KeyEvent { action=ACTION_UP, keyCode=KEYCODE_ESCAPE, scanCode=0, metaState=0, flags=0x0, repeatCount=0, eventTime=571758, downTime=571758, deviceId=-1, source=0x101 }
08-01 23:49:06.554  8369  8369 D AndroidRuntime: Shutting down VM
08-01 23:49:06.568   976  3688 E Surface : getSlotFromBufferLocked: unknown buffer: 0xf3d964b0
08-01 23:49:07.456  8382  8382 D AndroidRuntime: >>>>>> START com.android.internal.os.RuntimeInit uid 0 <<<<<<
08-01 23:49:07.458  8382  8382 D AndroidRuntime: CheckJNI is OFF
08-01 23:49:07.467  8382  8382 D ICU     : No timezone override file found: /data/misc/zoneinfo/current/icu/icu_tzdata.dat
08-01 23:49:07.478  8382  8382 E memtrack: Couldn't load memtrack module (No such file or directory)
08-01 23:49:07.478  8382  8382 E android.os.Debug: failed to load memtrack module: -2
08-01 23:49:07.478  8382  8382 I Radio-JNI: register_android_hardware_Radio DONE
08-01 23:49:07.484  8382  8382 D AndroidRuntime: Calling main entry com.android.commands.input.Input
08-01 23:49:07.485  8382  8382 I Input   : injectKeyEvent: KeyEvent { action=ACTION_DOWN, keyCode=KEYCODE_MOVE_END, scanCode=0, metaState=0, flags=0x0, repeatCount=0, eventTime=572692, downTime=572692, deviceId=-1, source=0x101 }
08-01 23:49:07.497  8382  8382 I Input   : injectKeyEvent: KeyEvent { action=ACTION_UP, keyCode=KEYCODE_MOVE_END, scanCode=0, metaState=0, flags=0x0, repeatCount=0, eventTime=572692, downTime=572692, deviceId=-1, source=0x101 }
08-01 23:49:07.498  8382  8382 D AndroidRuntime: Shutting down VM
08-01 23:49:07.853  8391  8391 D AndroidRuntime: >>>>>> START com.android.internal.os.RuntimeInit uid 0 <<<<<<
08-01 23:49:07.855  8391  8391 D AndroidRuntime: CheckJNI is OFF
08-01 23:49:07.864  8391  8391 D ICU     : No timezone override file found: /data/misc/zoneinfo/current/icu/icu_tzdata.dat
08-01 23:49:07.877  8391  8391 E memtrack: Couldn't load memtrack module (No such file or directory)
08-01 23:49:07.877  8391  8391 E android.os.Debug: failed to load memtrack module: -2
08-01 23:49:07.878  8391  8391 I Radio-JNI: register_android_hardware_Radio DONE
08-01 23:49:07.885  8391  8391 D AndroidRuntime: Calling main entry com.android.commands.input.Input
08-01 23:49:07.892  8391  8391 I Input   : injectKeyEvent: KeyEvent { action=ACTION_DOWN, keyCode=KEYCODE_DEL, scanCode=0, metaState=0, flags=0x0, repeatCount=0, eventTime=573092, downTime=573092, deviceId=-1, source=0x101 }
08-01 23:49:07.901  8391  8391 I Input   : injectKeyEvent: KeyEvent { action=ACTION_UP, keyCode=KEYCODE_DEL, scanCode=0, metaState=0, flags=0x0, repeatCount=0, eventTime=573092, downTime=573092, deviceId=-1, source=0x101 }
08-01 23:49:07.902  8391  8391 I Input   : injectKeyEvent: KeyEvent { action=ACTION_DOWN, keyCode=KEYCODE_DEL, scanCode=0, metaState=0, flags=0x0, repeatCount=0, eventTime=573109, downTime=573109, deviceId=-1, source=0x101 }
08-01 23:49:07.903  8391  8391 I Input   : injectKeyEvent: KeyEvent { action=ACTION_UP, keyCode=KEYCODE_DEL, scanCode=0, metaState=0, flags=0x0, repeatCount=0, eventTime=573109, downTime=573109, deviceId=-1, source=0x101 }
08-01 23:49:07.904  8391  8391 I Input   : injectKeyEvent: KeyEvent { action=ACTION_DOWN, keyCode=KEYCODE_DEL, scanCode=0, metaState=0, flags=0x0, repeatCount=0, eventTime=573111, downTime=573111, deviceId=-1, source=0x101 }
08-01 23:49:07.905  8391  8391 I Input   : injectKeyEvent: KeyEvent { action=ACTION_UP, keyCode=KEYCODE_DEL, scanCode=0, metaState=0, flags=0x0, repeatCount=0, eventTime=573111, downTime=573111, deviceId=-1, source=0x101 }
08-01 23:49:07.908  8391  8391 I Input   : injectKeyEvent: KeyEvent { action=ACTION_DOWN, keyCode=KEYCODE_DEL, scanCode=0, metaState=0, flags=0x0, repeatCount=0, eventTime=573115, downTime=573115, deviceId=-1, source=0x101 }
08-01 23:49:07.909  8391  8391 I Input   : injectKeyEvent: KeyEvent { action=ACTION_UP, keyCode=KEYCODE_DEL, scanCode=0, metaState=0, flags=0x0, repeatCount=0, eventTime=573115, downTime=573115, deviceId=-1, source=0x101 }
08-01 23:49:07.912  8391  8391 I Input   : injectKeyEvent: KeyEvent { action=ACTION_DOWN, keyCode=KEYCODE_DEL, scanCode=0, metaState=0, flags=0x0, repeatCount=0, eventTime=573120, downTime=573120, deviceId=-1, source=0x101 }
08-01 23:49:07.916  8391  8391 I Input   : injectKeyEvent: KeyEvent { action=ACTION_UP, keyCode=KEYCODE_DEL, scanCode=0, metaState=0, flags=0x0, repeatCount=0, eventTime=573120, downTime=573120, deviceId=-1, source=0x101 }
08-01 23:49:07.917  8391  8391 I Input   : injectKeyEvent: KeyEvent { action=ACTION_DOWN, keyCode=KEYCODE_DEL, scanCode=0, metaState=0, flags=0x0, repeatCount=0, eventTime=573124, downTime=573124, deviceId=-1, source=0x101 }
08-01 23:49:07.921  8391  8391 I Input   : injectKeyEvent: KeyEvent { action=ACTION_UP, keyCode=KEYCODE_DEL, scanCode=0, metaState=0, flags=0x0, repeatCount=0, eventTime=573124, downTime=573124, deviceId=-1, source=0x101 }
08-01 23:49:07.928  8391  8391 I Input   : injectKeyEvent: KeyEvent { action=ACTION_DOWN, keyCode=KEYCODE_DEL, scanCode=0, metaState=0, flags=0x0, repeatCount=0, eventTime=573135, downTime=573135, deviceId=-1, source=0x101 }
08-01 23:49:07.930  8391  8391 I Input   : injectKeyEvent: KeyEvent { action=ACTION_UP, keyCode=KEYCODE_DEL, scanCode=0, metaState=0, flags=0x0, repeatCount=0, eventTime=573135, downTime=573135, deviceId=-1, source=0x101 }
08-01 23:49:07.934  8391  8391 I Input   : injectKeyEvent: KeyEvent { action=ACTION_DOWN, keyCode=KEYCODE_DEL, scanCode=0, metaState=0, flags=0x0, repeatCount=0, eventTime=573141, downTime=573141, deviceId=-1, source=0x101 }
08-01 23:49:07.938  8391  8391 I Input   : injectKeyEvent: KeyEvent { action=ACTION_UP, keyCode=KEYCODE_DEL, scanCode=0, metaState=0, flags=0x0, repeatCount=0, eventTime=573141, downTime=573141, deviceId=-1, source=0x101 }
08-01 23:49:07.940  8391  8391 I Input   : injectKeyEvent: KeyEvent { action=ACTION_DOWN, keyCode=KEYCODE_DEL, scanCode=0, metaState=0, flags=0x0, repeatCount=0, eventTime=573147, downTime=573147, deviceId=-1, source=0x101 }
08-01 23:49:07.945  8391  8391 I Input   : injectKeyEvent: KeyEvent { action=ACTION_UP, keyCode=KEYCODE_DEL, scanCode=0, metaState=0, flags=0x0, repeatCount=0, eventTime=573147, downTime=573147, deviceId=-1, source=0x101 }
08-01 23:49:07.947  8391  8391 I Input   : injectKeyEvent: KeyEvent { action=ACTION_DOWN, keyCode=KEYCODE_DEL, scanCode=0, metaState=0, flags=0x0, repeatCount=0, eventTime=573154, downTime=573154, deviceId=-1, source=0x101 }
08-01 23:49:07.951  8391  8391 I Input   : injectKeyEvent: KeyEvent { action=ACTION_UP, keyCode=KEYCODE_DEL, scanCode=0, metaState=0, flags=0x0, repeatCount=0, eventTime=573154, downTime=573154, deviceId=-1, source=0x101 }
08-01 23:49:07.955  8391  8391 I Input   : injectKeyEvent: KeyEvent { action=ACTION_DOWN, keyCode=KEYCODE_DEL, scanCode=0, metaState=0, flags=0x0, repeatCount=0, eventTime=573163, downTime=573163, deviceId=-1, source=0x101 }
08-01 23:49:07.959  8391  8391 I Input   : injectKeyEvent: KeyEvent { action=ACTION_UP, keyCode=KEYCODE_DEL, scanCode=0, metaState=0, flags=0x0, repeatCount=0, eventTime=573163, downTime=573163, deviceId=-1, source=0x101 }
08-01 23:49:07.963  8391  8391 I Input   : injectKeyEvent: KeyEvent { action=ACTION_DOWN, keyCode=KEYCODE_DEL, scanCode=0, metaState=0, flags=0x0, repeatCount=0, eventTime=573171, downTime=573171, deviceId=-1, source=0x101 }
08-01 23:49:07.964  8391  8391 I Input   : injectKeyEvent: KeyEvent { action=ACTION_UP, keyCode=KEYCODE_DEL, scanCode=0, metaState=0, flags=0x0, repeatCount=0, eventTime=573171, downTime=573171, deviceId=-1, source=0x101 }
08-01 23:49:07.965  8391  8391 I Input   : injectKeyEvent: KeyEvent { action=ACTION_DOWN, keyCode=KEYCODE_DEL, scanCode=0, metaState=0, flags=0x0, repeatCount=0, eventTime=573172, downTime=573172, deviceId=-1, source=0x101 }
08-01 23:49:07.965  8391  8391 I Input   : injectKeyEvent: KeyEvent { action=ACTION_UP, keyCode=KEYCODE_DEL, scanCode=0, metaState=0, flags=0x0, repeatCount=0, eventTime=573172, downTime=573172, deviceId=-1, source=0x101 }
08-01 23:49:07.980  8391  8391 I Input   : injectKeyEvent: KeyEvent { action=ACTION_DOWN, keyCode=KEYCODE_DEL, scanCode=0, metaState=0, flags=0x0, repeatCount=0, eventTime=573187, downTime=573187, deviceId=-1, source=0x101 }
08-01 23:49:07.984  8391  8391 I Input   : injectKeyEvent: KeyEvent { action=ACTION_UP, keyCode=KEYCODE_DEL, scanCode=0, metaState=0, flags=0x0, repeatCount=0, eventTime=573187, downTime=573187, deviceId=-1, source=0x101 }
08-01 23:49:07.991  8391  8391 I Input   : injectKeyEvent: KeyEvent { action=ACTION_DOWN, keyCode=KEYCODE_DEL, scanCode=0, metaState=0, flags=0x0, repeatCount=0, eventTime=573198, downTime=573198, deviceId=-1, source=0x101 }
08-01 23:49:07.995  8391  8391 I Input   : injectKeyEvent: KeyEvent { action=ACTION_UP, keyCode=KEYCODE_DEL, scanCode=0, metaState=0, flags=0x0, repeatCount=0, eventTime=573198, downTime=573198, deviceId=-1, source=0x101 }
08-01 23:49:07.997  8391  8391 I Input   : injectKeyEvent: KeyEvent { action=ACTION_DOWN, keyCode=KEYCODE_DEL, scanCode=0, metaState=0, flags=0x0, repeatCount=0, eventTime=573205, downTime=573205, deviceId=-1, source=0x101 }
08-01 23:49:08.000  8391  8391 I Input   : injectKeyEvent: KeyEvent { action=ACTION_UP, keyCode=KEYCODE_DEL, scanCode=0, metaState=0, flags=0x0, repeatCount=0, eventTime=573205, downTime=573205, deviceId=-1, source=0x101 }
08-01 23:49:08.003  8391  8391 I Input   : injectKeyEvent: KeyEvent { action=ACTION_DOWN, keyCode=KEYCODE_DEL, scanCode=0, metaState=0, flags=0x0, repeatCount=0, eventTime=573210, downTime=573210, deviceId=-1, source=0x101 }
08-01 23:49:08.009  8391  8391 I Input   : injectKeyEvent: KeyEvent { action=ACTION_UP, keyCode=KEYCODE_DEL, scanCode=0, metaState=0, flags=0x0, repeatCount=0, eventTime=573210, downTime=573210, deviceId=-1, source=0x101 }
08-01 23:49:08.014  8391  8391 I Input   : injectKeyEvent: KeyEvent { action=ACTION_DOWN, keyCode=KEYCODE_DEL, scanCode=0, metaState=0, flags=0x0, repeatCount=0, eventTime=573221, downTime=573221, deviceId=-1, source=0x101 }
08-01 23:49:08.015  8391  8391 I Input   : injectKeyEvent: KeyEvent { action=ACTION_UP, keyCode=KEYCODE_DEL, scanCode=0, metaState=0, flags=0x0, repeatCount=0, eventTime=573221, downTime=573221, deviceId=-1, source=0x101 }
08-01 23:49:08.017  8391  8391 I Input   : injectKeyEvent: KeyEvent { action=ACTION_DOWN, keyCode=KEYCODE_DEL, scanCode=0, metaState=0, flags=0x0, repeatCount=0, eventTime=573224, downTime=573224, deviceId=-1, source=0x101 }
08-01 23:49:08.019  8391  8391 I Input   : injectKeyEvent: KeyEvent { action=ACTION_UP, keyCode=KEYCODE_DEL, scanCode=0, metaState=0, flags=0x0, repeatCount=0, eventTime=573224, downTime=573224, deviceId=-1, source=0x101 }
08-01 23:49:08.031  8391  8391 I Input   : injectKeyEvent: KeyEvent { action=ACTION_DOWN, keyCode=KEYCODE_DEL, scanCode=0, metaState=0, flags=0x0, repeatCount=0, eventTime=573238, downTime=573238, deviceId=-1, source=0x101 }
08-01 23:49:08.035  8391  8391 I Input   : injectKeyEvent: KeyEvent { action=ACTION_UP, keyCode=KEYCODE_DEL, scanCode=0, metaState=0, flags=0x0, repeatCount=0, eventTime=573238, downTime=573238, deviceId=-1, source=0x101 }
08-01 23:49:08.036  8391  8391 I Input   : injectKeyEvent: KeyEvent { action=ACTION_DOWN, keyCode=KEYCODE_DEL, scanCode=0, metaState=0, flags=0x0, repeatCount=0, eventTime=573243, downTime=573243, deviceId=-1, source=0x101 }
08-01 23:49:08.036  8391  8391 I Input   : injectKeyEvent: KeyEvent { action=ACTION_UP, keyCode=KEYCODE_DEL, scanCode=0, metaState=0, flags=0x0, repeatCount=0, eventTime=573243, downTime=573243, deviceId=-1, source=0x101 }
08-01 23:49:08.039  8391  8391 I Input   : injectKeyEvent: KeyEvent { action=ACTION_DOWN, keyCode=KEYCODE_DEL, scanCode=0, metaState=0, flags=0x0, repeatCount=0, eventTime=573247, downTime=573247, deviceId=-1, source=0x101 }
08-01 23:49:08.042  8391  8391 I Input   : injectKeyEvent: KeyEvent { action=ACTION_UP, keyCode=KEYCODE_DEL, scanCode=0, metaState=0, flags=0x0, repeatCount=0, eventTime=573247, downTime=573247, deviceId=-1, source=0x101 }
08-01 23:49:08.050  8391  8391 I Input   : injectKeyEvent: KeyEvent { action=ACTION_DOWN, keyCode=KEYCODE_DEL, scanCode=0, metaState=0, flags=0x0, repeatCount=0, eventTime=573257, downTime=573257, deviceId=-1, source=0x101 }
08-01 23:49:08.050  8391  8391 I Input   : injectKeyEvent: KeyEvent { action=ACTION_UP, keyCode=KEYCODE_DEL, scanCode=0, metaState=0, flags=0x0, repeatCount=0, eventTime=573257, downTime=573257, deviceId=-1, source=0x101 }
08-01 23:49:08.058  8391  8391 I Input   : injectKeyEvent: KeyEvent { action=ACTION_DOWN, keyCode=KEYCODE_DEL, scanCode=0, metaState=0, flags=0x0, repeatCount=0, eventTime=573265, downTime=573265, deviceId=-1, source=0x101 }
08-01 23:49:08.060  8391  8391 I Input   : injectKeyEvent: KeyEvent { action=ACTION_UP, keyCode=KEYCODE_DEL, scanCode=0, metaState=0, flags=0x0, repeatCount=0, eventTime=573265, downTime=573265, deviceId=-1, source=0x101 }
08-01 23:49:08.061  8391  8391 I Input   : injectKeyEvent: KeyEvent { action=ACTION_DOWN, keyCode=KEYCODE_DEL, scanCode=0, metaState=0, flags=0x0, repeatCount=0, eventTime=573269, downTime=573269, deviceId=-1, source=0x101 }
08-01 23:49:08.072  8391  8391 I Input   : injectKeyEvent: KeyEvent { action=ACTION_UP, keyCode=KEYCODE_DEL, scanCode=0, metaState=0, flags=0x0, repeatCount=0, eventTime=573269, downTime=573269, deviceId=-1, source=0x101 }
08-01 23:49:08.074  8391  8391 I Input   : injectKeyEvent: KeyEvent { action=ACTION_DOWN, keyCode=KEYCODE_DEL, scanCode=0, metaState=0, flags=0x0, repeatCount=0, eventTime=573281, downTime=573281, deviceId=-1, source=0x101 }
08-01 23:49:08.084  8391  8391 I Input   : injectKeyEvent: KeyEvent { action=ACTION_UP, keyCode=KEYCODE_DEL, scanCode=0, metaState=0, flags=0x0, repeatCount=0, eventTime=573281, downTime=573281, deviceId=-1, source=0x101 }
08-01 23:49:08.088  8391  8391 I Input   : injectKeyEvent: KeyEvent { action=ACTION_DOWN, keyCode=KEYCODE_DEL, scanCode=0, metaState=0, flags=0x0, repeatCount=0, eventTime=573295, downTime=573295, deviceId=-1, source=0x101 }
08-01 23:49:08.090  8391  8391 I Input   : injectKeyEvent: KeyEvent { action=ACTION_UP, keyCode=KEYCODE_DEL, scanCode=0, metaState=0, flags=0x0, repeatCount=0, eventTime=573295, downTime=573295, deviceId=-1, source=0x101 }
08-01 23:49:08.096  8391  8391 I Input   : injectKeyEvent: KeyEvent { action=ACTION_DOWN, keyCode=KEYCODE_DEL, scanCode=0, metaState=0, flags=0x0, repeatCount=0, eventTime=573303, downTime=573303, deviceId=-1, source=0x101 }
08-01 23:49:08.098  8391  8391 I Input   : injectKeyEvent: KeyEvent { action=ACTION_UP, keyCode=KEYCODE_DEL, scanCode=0, metaState=0, flags=0x0, repeatCount=0, eventTime=573303, downTime=573303, deviceId=-1, source=0x101 }
08-01 23:49:08.100  8391  8391 I Input   : injectKeyEvent: KeyEvent { action=ACTION_DOWN, keyCode=KEYCODE_DEL, scanCode=0, metaState=0, flags=0x0, repeatCount=0, eventTime=573308, downTime=573308, deviceId=-1, source=0x101 }
08-01 23:49:08.104  8391  8391 I Input   : injectKeyEvent: KeyEvent { action=ACTION_UP, keyCode=KEYCODE_DEL, scanCode=0, metaState=0, flags=0x0, repeatCount=0, eventTime=573308, downTime=573308, deviceId=-1, source=0x101 }
08-01 23:49:08.105  8391  8391 I Input   : injectKeyEvent: KeyEvent { action=ACTION_DOWN, keyCode=KEYCODE_DEL, scanCode=0, metaState=0, flags=0x0, repeatCount=0, eventTime=573312, downTime=573312, deviceId=-1, source=0x101 }
08-01 23:49:08.111  8391  8391 I Input   : injectKeyEvent: KeyEvent { action=ACTION_UP, keyCode=KEYCODE_DEL, scanCode=0, metaState=0, flags=0x0, repeatCount=0, eventTime=573312, downTime=573312, deviceId=-1, source=0x101 }
08-01 23:49:08.116  8391  8391 I Input   : injectKeyEvent: KeyEvent { action=ACTION_DOWN, keyCode=KEYCODE_DEL, scanCode=0, metaState=0, flags=0x0, repeatCount=0, eventTime=573323, downTime=573323, deviceId=-1, source=0x101 }
08-01 23:49:08.123  8391  8391 I Input   : injectKeyEvent: KeyEvent { action=ACTION_UP, keyCode=KEYCODE_DEL, scanCode=0, metaState=0, flags=0x0, repeatCount=0, eventTime=573323, downTime=573323, deviceId=-1, source=0x101 }
08-01 23:49:08.124  8391  8391 I Input   : injectKeyEvent: KeyEvent { action=ACTION_DOWN, keyCode=KEYCODE_DEL, scanCode=0, metaState=0, flags=0x0, repeatCount=0, eventTime=573331, downTime=573331, deviceId=-1, source=0x101 }
08-01 23:49:08.128  8391  8391 I Input   : injectKeyEvent: KeyEvent { action=ACTION_UP, keyCode=KEYCODE_DEL, scanCode=0, metaState=0, flags=0x0, repeatCount=0, eventTime=573331, downTime=573331, deviceId=-1, source=0x101 }
08-01 23:49:08.131  8391  8391 I Input   : injectKeyEvent: KeyEvent { action=ACTION_DOWN, keyCode=KEYCODE_DEL, scanCode=0, metaState=0, flags=0x0, repeatCount=0, eventTime=573339, downTime=573339, deviceId=-1, source=0x101 }
08-01 23:49:08.135  8391  8391 I Input   : injectKeyEvent: KeyEvent { action=ACTION_UP, keyCode=KEYCODE_DEL, scanCode=0, metaState=0, flags=0x0, repeatCount=0, eventTime=573339, downTime=573339, deviceId=-1, source=0x101 }
08-01 23:49:08.136  8391  8391 I Input   : injectKeyEvent: KeyEvent { action=ACTION_DOWN, keyCode=KEYCODE_DEL, scanCode=0, metaState=0, flags=0x0, repeatCount=0, eventTime=573343, downTime=573343, deviceId=-1, source=0x101 }
08-01 23:49:08.137  8391  8391 I Input   : injectKeyEvent: KeyEvent { action=ACTION_UP, keyCode=KEYCODE_DEL, scanCode=0, metaState=0, flags=0x0, repeatCount=0, eventTime=573343, downTime=573343, deviceId=-1, source=0x101 }
08-01 23:49:08.138  8391  8391 I Input   : injectKeyEvent: KeyEvent { action=ACTION_DOWN, keyCode=KEYCODE_DEL, scanCode=0, metaState=0, flags=0x0, repeatCount=0, eventTime=573345, downTime=573345, deviceId=-1, source=0x101 }
08-01 23:49:08.138  8391  8391 I Input   : injectKeyEvent: KeyEvent { action=ACTION_UP, keyCode=KEYCODE_DEL, scanCode=0, metaState=0, flags=0x0, repeatCount=0, eventTime=573345, downTime=573345, deviceId=-1, source=0x101 }
08-01 23:49:08.139  8391  8391 I Input   : injectKeyEvent: KeyEvent { action=ACTION_DOWN, keyCode=KEYCODE_DEL, scanCode=0, metaState=0, flags=0x0, repeatCount=0, eventTime=573346, downTime=573346, deviceId=-1, source=0x101 }
08-01 23:49:08.144  8391  8391 I Input   : injectKeyEvent: KeyEvent { action=ACTION_UP, keyCode=KEYCODE_DEL, scanCode=0, metaState=0, flags=0x0, repeatCount=0, eventTime=573346, downTime=573346, deviceId=-1, source=0x101 }
08-01 23:49:08.151  8391  8391 I Input   : injectKeyEvent: KeyEvent { action=ACTION_DOWN, keyCode=KEYCODE_DEL, scanCode=0, metaState=0, flags=0x0, repeatCount=0, eventTime=573359, downTime=573359, deviceId=-1, source=0x101 }
08-01 23:49:08.164  8391  8391 I Input   : injectKeyEvent: KeyEvent { action=ACTION_UP, keyCode=KEYCODE_DEL, scanCode=0, metaState=0, flags=0x0, repeatCount=0, eventTime=573359, downTime=573359, deviceId=-1, source=0x101 }
08-01 23:49:08.165  8391  8391 I Input   : injectKeyEvent: KeyEvent { action=ACTION_DOWN, keyCode=KEYCODE_DEL, scanCode=0, metaState=0, flags=0x0, repeatCount=0, eventTime=573372, downTime=573372, deviceId=-1, source=0x101 }
08-01 23:49:08.165  8391  8391 I Input   : injectKeyEvent: KeyEvent { action=ACTION_UP, keyCode=KEYCODE_DEL, scanCode=0, metaState=0, flags=0x0, repeatCount=0, eventTime=573372, downTime=573372, deviceId=-1, source=0x101 }
08-01 23:49:08.177  8391  8391 I Input   : injectKeyEvent: KeyEvent { action=ACTION_DOWN, keyCode=KEYCODE_DEL, scanCode=0, metaState=0, flags=0x0, repeatCount=0, eventTime=573384, downTime=573384, deviceId=-1, source=0x101 }
08-01 23:49:08.179  8391  8391 I Input   : injectKeyEvent: KeyEvent { action=ACTION_UP, keyCode=KEYCODE_DEL, scanCode=0, metaState=0, flags=0x0, repeatCount=0, eventTime=573384, downTime=573384, deviceId=-1, source=0x101 }
08-01 23:49:08.181  8391  8391 I Input   : injectKeyEvent: KeyEvent { action=ACTION_DOWN, keyCode=KEYCODE_DEL, scanCode=0, metaState=0, flags=0x0, repeatCount=0, eventTime=573388, downTime=573388, deviceId=-1, source=0x101 }
08-01 23:49:08.184  8391  8391 I Input   : injectKeyEvent: KeyEvent { action=ACTION_UP, keyCode=KEYCODE_DEL, scanCode=0, metaState=0, flags=0x0, repeatCount=0, eventTime=573388, downTime=573388, deviceId=-1, source=0x101 }
08-01 23:49:08.187  8391  8391 I Input   : injectKeyEvent: KeyEvent { action=ACTION_DOWN, keyCode=KEYCODE_DEL, scanCode=0, metaState=0, flags=0x0, repeatCount=0, eventTime=573394, downTime=573394, deviceId=-1, source=0x101 }
