08-01 23:45:14.139  3513  3513 I Radio-JNI: register_android_hardware_Radio DONE
08-01 23:45:14.152  3513  3513 D AndroidRuntime: Calling main entry com.android.commands.uiautomator.Launcher
08-01 23:45:15.174  3513  3513 W AccessibilityNodeInfoDumper: Fetch time: 2ms
08-01 23:45:15.174   619  1032 W WindowManager: Attempted to remove non-existing token: android.os.Binder@5395dfe
08-01 23:45:15.187  3513  3513 D AndroidRuntime: Shutting down VM
08-01 23:45:15.461   619  1441 D NetlinkSocketObserver: NeighborEvent{elapsedMs=340668, 10.0.3.2, [525400123502], RTM_NEWNEIGH, NUD_PROBE}
08-01 23:45:15.461   619  1441 D NetlinkSocketObserver: NeighborEvent{elapsedMs=340668, 10.0.3.2, [525400123502], RTM_NEWNEIGH, NUD_REACHABLE}
08-01 23:45:15.655  3531  3531 D AndroidRuntime: >>>>>> START com.android.internal.os.RuntimeInit uid 0 <<<<<<
08-01 23:45:15.657  3531  3531 D AndroidRuntime: CheckJNI is OFF
08-01 23:45:15.667  3531  3531 D ICU     : No timezone override file found: /data/misc/zoneinfo/current/icu/icu_tzdata.dat
08-01 23:45:15.679  3531  3531 E memtrack: Couldn't load memtrack module (No such file or directory)
08-01 23:45:15.679  3531  3531 E android.os.Debug: failed to load memtrack module: -2
08-01 23:45:15.680  3531  3531 I Radio-JNI: register_android_hardware_Radio DONE
08-01 23:45:15.688  3531  3531 D AndroidRuntime: Calling main entry com.android.commands.uiautomator.Launcher
08-01 23:45:16.714  3531  3531 W AccessibilityNodeInfoDumper: Fetch time: 3ms
08-01 23:45:16.714   619  1298 W WindowManager: Attempted to remove non-existing token: android.os.Binder@484995f
08-01 23:45:16.730  3531  3531 D AndroidRuntime: Shutting down VM
08-01 23:45:17.816  3554  3554 D AndroidRuntime: >>>>>> START com.android.internal.os.RuntimeInit uid 0 <<<<<<
08-01 23:45:17.818  3554  3554 D AndroidRuntime: CheckJNI is OFF
08-01 23:45:17.826  3554  3554 D ICU     : No timezone override file found: /data/misc/zoneinfo/current/icu/icu_tzdata.dat
08-01 23:45:17.838  3554  3554 E memtrack: Couldn't load memtrack module (No such file or directory)
08-01 23:45:17.838  3554  3554 E android.os.Debug: failed to load memtrack module: -2
08-01 23:45:17.839  3554  3554 I Radio-JNI: register_android_hardware_Radio DONE
08-01 23:45:17.847  3554  3554 D AndroidRuntime: Calling main entry com.android.commands.uiautomator.Launcher
08-01 23:45:18.863  3554  3554 W AccessibilityNodeInfoDumper: Fetch time: 3ms
08-01 23:45:18.865   619   632 W WindowManager: Attempted to remove non-existing token: android.os.Binder@1aa6fac
08-01 23:45:18.884  3554  3554 D AndroidRuntime: Shutting down VM
08-01 23:45:19.376  3572  3572 D AndroidRuntime: >>>>>> START com.android.internal.os.RuntimeInit uid 0 <<<<<<
08-01 23:45:19.378  3572  3572 D AndroidRuntime: CheckJNI is OFF
08-01 23:45:19.390  3572  3572 D ICU     : No timezone override file found: /data/misc/zoneinfo/current/icu/icu_tzdata.dat
08-01 23:45:19.405  3572  3572 E memtrack: Couldn't load memtrack module (No such file or directory)
08-01 23:45:19.405  3572  3572 E android.os.Debug: failed to load memtrack module: -2
08-01 23:45:19.407  3572  3572 I Radio-JNI: register_android_hardware_Radio DONE
08-01 23:45:19.412  3572  3572 D AndroidRuntime: Calling main entry com.android.commands.uiautomator.Launcher
08-01 23:45:20.428  3572  3572 W AccessibilityNodeInfoDumper: Fetch time: 2ms
08-01 23:45:20.428   619  1113 W WindowManager: Attempted to remove non-existing token: android.os.Binder@ea02475
08-01 23:45:20.442  3572  3572 D AndroidRuntime: Shutting down VM
08-01 23:45:21.518  3595  3595 D AndroidRuntime: >>>>>> START com.android.internal.os.RuntimeInit uid 0 <<<<<<
08-01 23:45:21.520  3595  3595 D AndroidRuntime: CheckJNI is OFF
08-01 23:45:21.529  3595  3595 D ICU     : No timezone override file found: /data/misc/zoneinfo/current/icu/icu_tzdata.dat
08-01 23:45:21.544  3595  3595 E memtrack: Couldn't load memtrack module (No such file or directory)
08-01 23:45:21.544  3595  3595 E android.os.Debug: failed to load memtrack module: -2
08-01 23:45:21.545  3595  3595 I Radio-JNI: register_android_hardware_Radio DONE
08-01 23:45:21.551  3595  3595 D AndroidRuntime: Calling main entry com.android.commands.uiautomator.Launcher
08-01 23:45:22.561  3595  3595 W AccessibilityNodeInfoDumper: Fetch time: 1ms
08-01 23:45:22.561   619  1070 W WindowManager: Attempted to remove non-existing token: android.os.Binder@cc95c0a
08-01 23:45:22.568  3595  3595 D AndroidRuntime: Shutting down VM
08-01 23:45:23.085  3613  3613 D AndroidRuntime: >>>>>> START com.android.internal.os.RuntimeInit uid 0 <<<<<<
08-01 23:45:23.088  3613  3613 D AndroidRuntime: CheckJNI is OFF
08-01 23:45:23.097  3613  3613 D ICU     : No timezone override file found: /data/misc/zoneinfo/current/icu/icu_tzdata.dat
08-01 23:45:23.119  3613  3613 E memtrack: Couldn't load memtrack module (No such file or directory)
08-01 23:45:23.119  3613  3613 E android.os.Debug: failed to load memtrack module: -2
08-01 23:45:23.125  3613  3613 I Radio-JNI: register_android_hardware_Radio DONE
08-01 23:45:23.135  3613  3613 D AndroidRuntime: Calling main entry com.android.commands.uiautomator.Launcher
08-01 23:45:24.157  3613  3613 W AccessibilityNodeInfoDumper: Fetch time: 3ms
08-01 23:45:24.158   619  1070 W WindowManager: Attempted to remove non-existing token: android.os.Binder@624da98
08-01 23:45:24.201  3613  3613 D AndroidRuntime: Shutting down VM
08-01 23:45:25.362  3638  3638 D AndroidRuntime: >>>>>> START com.android.internal.os.RuntimeInit uid 0 <<<<<<
08-01 23:45:25.364  3638  3638 D AndroidRuntime: CheckJNI is OFF
08-01 23:45:25.374  3638  3638 D ICU     : No timezone override file found: /data/misc/zoneinfo/current/icu/icu_tzdata.dat
08-01 23:45:25.388  3638  3638 E memtrack: Couldn't load memtrack module (No such file or directory)
08-01 23:45:25.388  3638  3638 E android.os.Debug: failed to load memtrack module: -2
08-01 23:45:25.388  3638  3638 I Radio-JNI: register_android_hardware_Radio DONE
08-01 23:45:25.395  3638  3638 D AndroidRuntime: Calling main entry com.android.commands.uiautomator.Launcher
08-01 23:45:25.895   619  1441 D NetlinkSocketObserver: NeighborEvent{elapsedMs=351103, 10.0.3.2, [525400123502], RTM_NEWNEIGH, NUD_STALE}
08-01 23:45:26.432  3638  3638 W AccessibilityNodeInfoDumper: Fetch time: 1ms
08-01 23:45:26.433   619  1298 W WindowManager: Attempted to remove non-existing token: android.os.Binder@1db92f1
08-01 23:45:26.451  3638  3638 D AndroidRuntime: Shutting down VM
08-01 23:45:26.944  3656  3656 D AndroidRuntime: >>>>>> START com.android.internal.os.RuntimeInit uid 0 <<<<<<
08-01 23:45:26.945  3656  3656 D AndroidRuntime: CheckJNI is OFF
08-01 23:45:26.957  3656  3656 D ICU     : No timezone override file found: /data/misc/zoneinfo/current/icu/icu_tzdata.dat
08-01 23:45:26.968  3656  3656 E memtrack: Couldn't load memtrack module (No such file or directory)
08-01 23:45:26.968  3656  3656 E android.os.Debug: failed to load memtrack module: -2
08-01 23:45:26.969  3656  3656 I Radio-JNI: register_android_hardware_Radio DONE
08-01 23:45:26.976  3656  3656 D AndroidRuntime: Calling main entry com.android.commands.uiautomator.Launcher
08-01 23:45:27.989  3656  3656 W AccessibilityNodeInfoDumper: Fetch time: 1ms
08-01 23:45:27.990   619   631 W WindowManager: Attempted to remove non-existing token: android.os.Binder@8a92ed6
08-01 23:45:28.001  3656  3656 D AndroidRuntime: Shutting down VM
08-01 23:45:28.426  3669  3669 D AndroidRuntime: >>>>>> START com.android.internal.os.RuntimeInit uid 0 <<<<<<
08-01 23:45:28.427  3669  3669 D AndroidRuntime: CheckJNI is OFF
08-01 23:45:28.436  3669  3669 D ICU     : No timezone override file found: /data/misc/zoneinfo/current/icu/icu_tzdata.dat
08-01 23:45:28.447  3669  3669 E memtrack: Couldn't load memtrack module (No such file or directory)
08-01 23:45:28.447  3669  3669 E android.os.Debug: failed to load memtrack module: -2
08-01 23:45:28.448  3669  3669 I Radio-JNI: register_android_hardware_Radio DONE
08-01 23:45:28.455  3669  3669 D AndroidRuntime: Calling main entry com.android.commands.input.Input
08-01 23:45:28.456  3669  3669 I Input   : injectMotionEvent: MotionEvent { action=ACTION_DOWN, actionButton=0, id[0]=0, x[0]=946.0, y[0]=104.0, toolType[0]=TOOL_TYPE_UNKNOWN, buttonState=0, metaState=0, flags=0x0, edgeFlags=0x0, pointerCount=1, historySize=0, eventTime=353663, downTime=353663, deviceId=0, source=0x1002 }
08-01 23:45:28.464  3669  3669 I Input   : injectMotionEvent: MotionEvent { action=ACTION_UP, actionButton=0, id[0]=0, x[0]=946.0, y[0]=104.0, toolType[0]=TOOL_TYPE_UNKNOWN, buttonState=0, metaState=0, flags=0x0, edgeFlags=0x0, pointerCount=1, historySize=0, eventTime=353663, downTime=353663, deviceId=0, source=0x1002 }
08-01 23:45:28.468  3669  3669 D AndroidRuntime: Shutting down VM
08-01 23:45:28.478  2069  2069 D leak-155-4: Eastern Standard Time
08-01 23:45:28.478  2069  2069 D leak-157-4: Eastern Standard Time
08-01 23:45:28.478  2069  2069 D leak-158-4: Eastern Standard Time
08-01 23:45:28.478  2069  2069 D leak-159-4: Eastern Standard Time
08-01 23:45:28.478  2069  2069 D leak-23-0: Eastern Standard Time
08-01 23:45:28.478  2069  2069 D leak-23-1: Eastern Standard Time
08-01 23:45:28.489  2069  2069 D leak-24-1: Eastern Standard Time
08-01 23:45:28.568  2069  2083 W EGL_emulation: eglSurfaceAttrib not implemented
08-01 23:45:28.568  2069  2083 W OpenGLRenderer: Failed to set EGL_SWAP_BEHAVIOR on surface 0xec925ec0, error=EGL_SUCCESS
08-01 23:45:28.675   976   976 W RichInputMethodSubtype: Can't find emoji subtype
08-01 23:45:28.680   976   976 W RichInputMethodSubtype: No input method subtype found; returning dummy subtype: Multi-lingual subtype: android.view.inputmethod.InputMethodSubtype@d78b2ed0, zz
08-01 23:45:28.814   976   976 W ViewPager: Requested offscreen page limit 0 too small; defaulting to 1
08-01 23:45:28.878   976   976 I LatinIME: Starting input. Cursor position = 0,0
08-01 23:45:28.881   619   703 W AudioTrack: AUDIO_OUTPUT_FLAG_FAST denied by client; transfer 4, track 48000 Hz, output 44100 Hz
08-01 23:45:28.926   976  3688 D OpenGLRenderer: Use EGL_SWAP_BEHAVIOR_PRESERVED: true
08-01 23:45:28.978   976   976 D         : HostConnection::get() New Host Connection established 0xe0bff840, tid 976
08-01 23:45:29.066   976  3688 D libEGL  : loaded /system/lib/egl/libEGL_emulation.so
08-01 23:45:29.073   976  3688 D libEGL  : loaded /system/lib/egl/libGLESv1_CM_emulation.so
08-01 23:45:29.082   976  3688 D libEGL  : loaded /system/lib/egl/libGLESv2_emulation.so
08-01 23:45:29.086   976  3688 D         : HostConnection::get() New Host Connection established 0xe0bff9c0, tid 3688
08-01 23:45:29.104   976  3688 I OpenGLRenderer: Initialized EGL, version 1.4
08-01 23:45:29.158   976  3688 W EGL_emulation: eglSurfaceAttrib not implemented
08-01 23:45:29.158   976  3688 W OpenGLRenderer: Failed to set EGL_SWAP_BEHAVIOR on surface 0xe9b60620, error=EGL_SUCCESS
08-01 23:45:29.177   485  2453 D         : HostConnection::get() New Host Connection established 0xf6bbe860, tid 2453
08-01 23:45:33.038  4014  4014 D AndroidRuntime: >>>>>> START com.android.internal.os.RuntimeInit uid 0 <<<<<<
08-01 23:45:33.039  4014  4014 D AndroidRuntime: CheckJNI is OFF
08-01 23:45:33.049  4014  4014 D ICU     : No timezone override file found: /data/misc/zoneinfo/current/icu/icu_tzdata.dat
08-01 23:45:33.059  4014  4014 E memtrack: Couldn't load memtrack module (No such file or directory)
08-01 23:45:33.060  4014  4014 E android.os.Debug: failed to load memtrack module: -2
08-01 23:45:33.060  4014  4014 I Radio-JNI: register_android_hardware_Radio DONE
08-01 23:45:33.067  4014  4014 D AndroidRuntime: Calling main entry com.android.commands.input.Input
08-01 23:45:33.068  4014  4014 I Input   : injectKeyEvent: KeyEvent { action=ACTION_DOWN, keyCode=KEYCODE_ESCAPE, scanCode=0, metaState=0, flags=0x0, repeatCount=0, eventTime=358275, downTime=358275, deviceId=-1, source=0x101 }
08-01 23:45:33.074  4014  4014 I Input   : injectKeyEvent: KeyEvent { action=ACTION_UP, keyCode=KEYCODE_ESCAPE, scanCode=0, metaState=0, flags=0x0, repeatCount=0, eventTime=358275, downTime=358275, deviceId=-1, source=0x101 }
08-01 23:45:33.077  4014  4014 D AndroidRuntime: Shutting down VM
08-01 23:45:33.095   976  3688 E Surface : getSlotFromBufferLocked: unknown buffer: 0xf3d964b0
08-01 23:45:36.063  4029  4029 D AndroidRuntime: >>>>>> START com.android.internal.os.RuntimeInit uid 0 <<<<<<
08-01 23:45:36.065  4029  4029 D AndroidRuntime: CheckJNI is OFF
08-01 23:45:36.075  4029  4029 D ICU     : No timezone override file found: /data/misc/zoneinfo/current/icu/icu_tzdata.dat
08-01 23:45:36.092  4029  4029 E memtrack: Couldn't load memtrack module (No such file or directory)
08-01 23:45:36.092  4029  4029 E android.os.Debug: failed to load memtrack module: -2
08-01 23:45:36.094  4029  4029 I Radio-JNI: register_android_hardware_Radio DONE
08-01 23:45:36.103  4029  4029 D AndroidRuntime: Calling main entry com.android.commands.uiautomator.Launcher
08-01 23:45:37.133  4029  4029 W AccessibilityNodeInfoDumper: Fetch time: 1ms
08-01 23:45:37.133   619  1080 W WindowManager: Attempted to remove non-existing token: android.os.Binder@89fa76a
08-01 23:45:37.192  4029  4029 D AndroidRuntime: Shutting down VM
08-01 23:45:38.366  4053  4053 D AndroidRuntime: >>>>>> START com.android.internal.os.RuntimeInit uid 0 <<<<<<
08-01 23:45:38.369  4053  4053 D AndroidRuntime: CheckJNI is OFF
08-01 23:45:38.379  4053  4053 D ICU     : No timezone override file found: /data/misc/zoneinfo/current/icu/icu_tzdata.dat
08-01 23:45:38.401  4053  4053 E memtrack: Couldn't load memtrack module (No such file or directory)
08-01 23:45:38.401  4053  4053 E android.os.Debug: failed to load memtrack module: -2
08-01 23:45:38.403  4053  4053 I Radio-JNI: register_android_hardware_Radio DONE
08-01 23:45:38.413  4053  4053 D AndroidRuntime: Calling main entry com.android.commands.uiautomator.Launcher
08-01 23:45:39.429  4053  4053 W AccessibilityNodeInfoDumper: Fetch time: 1ms
08-01 23:45:39.429   619  1713 W WindowManager: Attempted to remove non-existing token: android.os.Binder@6f8c45b
08-01 23:45:39.437  4053  4053 D AndroidRuntime: Shutting down VM
08-01 23:45:39.953  4070  4070 D AndroidRuntime: >>>>>> START com.android.internal.os.RuntimeInit uid 0 <<<<<<
08-01 23:45:39.957  4070  4070 D AndroidRuntime: CheckJNI is OFF
08-01 23:45:39.971  4070  4070 D ICU     : No timezone override file found: /data/misc/zoneinfo/current/icu/icu_tzdata.dat
08-01 23:45:39.988  4070  4070 E memtrack: Couldn't load memtrack module (No such file or directory)
08-01 23:45:39.988  4070  4070 E android.os.Debug: failed to load memtrack module: -2
08-01 23:45:39.988  4070  4070 I Radio-JNI: register_android_hardware_Radio DONE
08-01 23:45:39.996  4070  4070 D AndroidRuntime: Calling main entry com.android.commands.uiautomator.Launcher
08-01 23:45:41.032  4070  4070 W AccessibilityNodeInfoDumper: Fetch time: 3ms
08-01 23:45:41.033   619   751 W WindowManager: Attempted to remove non-existing token: android.os.Binder@d2184f8
08-01 23:45:41.057  4070  4070 D AndroidRuntime: Shutting down VM
08-01 23:45:42.137  4093  4093 D AndroidRuntime: >>>>>> START com.android.internal.os.RuntimeInit uid 0 <<<<<<
08-01 23:45:42.139  4093  4093 D AndroidRuntime: CheckJNI is OFF
08-01 23:45:42.149  4093  4093 D ICU     : No timezone override file found: /data/misc/zoneinfo/current/icu/icu_tzdata.dat
08-01 23:45:42.160  4093  4093 E memtrack: Couldn't load memtrack module (No such file or directory)
08-01 23:45:42.160  4093  4093 E android.os.Debug: failed to load memtrack module: -2
08-01 23:45:42.161  4093  4093 I Radio-JNI: register_android_hardware_Radio DONE
08-01 23:45:42.168  4093  4093 D AndroidRuntime: Calling main entry com.android.commands.uiautomator.Launcher
08-01 23:45:43.190  4093  4093 W AccessibilityNodeInfoDumper: Fetch time: 1ms
08-01 23:45:43.191   619  1298 W WindowManager: Attempted to remove non-existing token: android.os.Binder@d995dd1
08-01 23:45:43.212  4093  4093 D AndroidRuntime: Shutting down VM
08-01 23:45:44.358  4120  4120 D AndroidRuntime: >>>>>> START com.android.internal.os.RuntimeInit uid 0 <<<<<<
08-01 23:45:44.359  4120  4120 D AndroidRuntime: CheckJNI is OFF
08-01 23:45:44.368  4120  4120 D ICU     : No timezone override file found: /data/misc/zoneinfo/current/icu/icu_tzdata.dat
08-01 23:45:44.380  4120  4120 E memtrack: Couldn't load memtrack module (No such file or directory)
08-01 23:45:44.380  4120  4120 E android.os.Debug: failed to load memtrack module: -2
08-01 23:45:44.382  4120  4120 I Radio-JNI: register_android_hardware_Radio DONE
08-01 23:45:44.388  4120  4120 D AndroidRuntime: Calling main entry com.android.commands.uiautomator.Launcher
08-01 23:45:45.401  4120  4120 W AccessibilityNodeInfoDumper: Fetch time: 1ms
08-01 23:45:45.401   619   973 W WindowManager: Attempted to remove non-existing token: android.os.Binder@a754b37
08-01 23:45:45.424  4120  4120 D AndroidRuntime: Shutting down VM
08-01 23:45:46.497  4145  4145 D AndroidRuntime: >>>>>> START com.android.internal.os.RuntimeInit uid 0 <<<<<<
08-01 23:45:46.498  4145  4145 D AndroidRuntime: CheckJNI is OFF
08-01 23:45:46.506  4145  4145 D ICU     : No timezone override file found: /data/misc/zoneinfo/current/icu/icu_tzdata.dat
08-01 23:45:46.517  4145  4145 E memtrack: Couldn't load memtrack module (No such file or directory)
08-01 23:45:46.517  4145  4145 E android.os.Debug: failed to load memtrack module: -2
08-01 23:45:46.518  4145  4145 I Radio-JNI: register_android_hardware_Radio DONE
08-01 23:45:46.524  4145  4145 D AndroidRuntime: Calling main entry com.android.commands.uiautomator.Launcher
08-01 23:45:47.540  4145  4145 W AccessibilityNodeInfoDumper: Fetch time: 2ms
08-01 23:45:47.540   619   631 W WindowManager: Attempted to remove non-existing token: android.os.Binder@465f8a4
08-01 23:45:47.548  4145  4145 D AndroidRuntime: Shutting down VM
08-01 23:45:48.004  4162  4162 D AndroidRuntime: >>>>>> START com.android.internal.os.RuntimeInit uid 0 <<<<<<
08-01 23:45:48.005  4162  4162 D AndroidRuntime: CheckJNI is OFF
08-01 23:45:48.014  4162  4162 D ICU     : No timezone override file found: /data/misc/zoneinfo/current/icu/icu_tzdata.dat
08-01 23:45:48.026  4162  4162 E memtrack: Couldn't load memtrack module (No such file or directory)
08-01 23:45:48.026  4162  4162 E android.os.Debug: failed to load memtrack module: -2
08-01 23:45:48.027  4162  4162 I Radio-JNI: register_android_hardware_Radio DONE
08-01 23:45:48.036  4162  4162 D AndroidRuntime: Calling main entry com.android.commands.uiautomator.Launcher
08-01 23:45:49.057  4162  4162 W AccessibilityNodeInfoDumper: Fetch time: 1ms
08-01 23:45:49.057   619   751 W WindowManager: Attempted to remove non-existing token: android.os.Binder@405060d
08-01 23:45:49.069  4162  4162 D AndroidRuntime: Shutting down VM
08-01 23:45:50.129  4186  4186 D AndroidRuntime: >>>>>> START com.android.internal.os.RuntimeInit uid 0 <<<<<<
08-01 23:45:50.131  4186  4186 D AndroidRuntime: CheckJNI is OFF
08-01 23:45:50.143  4186  4186 D ICU     : No timezone override file found: /data/misc/zoneinfo/current/icu/icu_tzdata.dat
08-01 23:45:50.158  4186  4186 E memtrack: Couldn't load memtrack module (No such file or directory)
08-01 23:45:50.158  4186  4186 E android.os.Debug: failed to load memtrack module: -2
08-01 23:45:50.159  4186  4186 I Radio-JNI: register_android_hardware_Radio DONE
08-01 23:45:50.165  4186  4186 D AndroidRuntime: Calling main entry com.android.commands.uiautomator.Launcher
08-01 23:45:51.181  4186  4186 W AccessibilityNodeInfoDumper: Fetch time: 1ms
08-01 23:45:51.182   619   751 W WindowManager: Attempted to remove non-existing token: android.os.Binder@909b9c2
08-01 23:45:51.200  4186  4186 D AndroidRuntime: Shutting down VM
08-01 23:45:51.674  4203  4203 D AndroidRuntime: >>>>>> START com.android.internal.os.RuntimeInit uid 0 <<<<<<
08-01 23:45:51.677  4203  4203 D AndroidRuntime: CheckJNI is OFF
08-01 23:45:51.685  4203  4203 D ICU     : No timezone override file found: /data/misc/zoneinfo/current/icu/icu_tzdata.dat
08-01 23:45:51.697  4203  4203 E memtrack: Couldn't load memtrack module (No such file or directory)
08-01 23:45:51.697  4203  4203 E android.os.Debug: failed to load memtrack module: -2
08-01 23:45:51.699  4203  4203 I Radio-JNI: register_android_hardware_Radio DONE
08-01 23:45:51.705  4203  4203 D AndroidRuntime: Calling main entry com.android.commands.uiautomator.Launcher
08-01 23:45:52.719  4203  4203 W AccessibilityNodeInfoDumper: Fetch time: 1ms
08-01 23:45:52.719   619   751 W WindowManager: Attempted to remove non-existing token: android.os.Binder@dc963d3
08-01 23:45:52.727  4203  4203 D AndroidRuntime: Shutting down VM
08-01 23:45:53.787  4226  4226 D AndroidRuntime: >>>>>> START com.android.internal.os.RuntimeInit uid 0 <<<<<<
08-01 23:45:53.788  4226  4226 D AndroidRuntime: CheckJNI is OFF
08-01 23:45:53.798  4226  4226 D ICU     : No timezone override file found: /data/misc/zoneinfo/current/icu/icu_tzdata.dat
08-01 23:45:53.809  4226  4226 E memtrack: Couldn't load memtrack module (No such file or directory)
08-01 23:45:53.809  4226  4226 E android.os.Debug: failed to load memtrack module: -2
08-01 23:45:53.811  4226  4226 I Radio-JNI: register_android_hardware_Radio DONE
08-01 23:45:53.817  4226  4226 D AndroidRuntime: Calling main entry com.android.commands.uiautomator.Launcher
08-01 23:45:54.840  4226  4226 W AccessibilityNodeInfoDumper: Fetch time: 2ms
08-01 23:45:54.840   619   751 W WindowManager: Attempted to remove non-existing token: android.os.Binder@308f609
08-01 23:45:54.863  4226  4226 D AndroidRuntime: Shutting down VM
08-01 23:45:55.314  4243  4243 D AndroidRuntime: >>>>>> START com.android.internal.os.RuntimeInit uid 0 <<<<<<
08-01 23:45:55.316  4243  4243 D AndroidRuntime: CheckJNI is OFF
08-01 23:45:55.328  4243  4243 D ICU     : No timezone override file found: /data/misc/zoneinfo/current/icu/icu_tzdata.dat
08-01 23:45:55.340  4243  4243 E memtrack: Couldn't load memtrack module (No such file or directory)
08-01 23:45:55.340  4243  4243 E android.os.Debug: failed to load memtrack module: -2
08-01 23:45:55.340  4243  4243 I Radio-JNI: register_android_hardware_Radio DONE
08-01 23:45:55.346  4243  4243 D AndroidRuntime: Calling main entry com.android.commands.uiautomator.Launcher
08-01 23:45:56.359  4243  4243 W AccessibilityNodeInfoDumper: Fetch time: 1ms
08-01 23:45:56.359   619   631 W WindowManager: Attempted to remove non-existing token: android.os.Binder@9bdb00e
08-01 23:45:56.374  4243  4243 D AndroidRuntime: Shutting down VM
08-01 23:45:56.803  4256  4256 D AndroidRuntime: >>>>>> START com.android.internal.os.RuntimeInit uid 0 <<<<<<
08-01 23:45:56.804  4256  4256 D AndroidRuntime: CheckJNI is OFF
08-01 23:45:56.823  4256  4256 D ICU     : No timezone override file found: /data/misc/zoneinfo/current/icu/icu_tzdata.dat
08-01 23:45:56.845  4256  4256 E memtrack: Couldn't load memtrack module (No such file or directory)
08-01 23:45:56.845  4256  4256 E android.os.Debug: failed to load memtrack module: -2
08-01 23:45:56.847  4256  4256 I Radio-JNI: register_android_hardware_Radio DONE
08-01 23:45:56.860  4256  4256 D AndroidRuntime: Calling main entry com.android.commands.input.Input
08-01 23:45:56.864  4256  4256 I Input   : injectMotionEvent: MotionEvent { action=ACTION_DOWN, actionButton=0, id[0]=0, x[0]=600.0, y[0]=953.0, toolType[0]=TOOL_TYPE_UNKNOWN, buttonState=0, metaState=0, flags=0x0, edgeFlags=0x0, pointerCount=1, historySize=0, eventTime=382068, downTime=382068, deviceId=0, source=0x1002 }
08-01 23:45:56.881  4256  4256 I Input   : injectMotionEvent: MotionEvent { action=ACTION_UP, actionButton=0, id[0]=0, x[0]=600.0, y[0]=953.0, toolType[0]=TOOL_TYPE_UNKNOWN, buttonState=0, metaState=0, flags=0x0, edgeFlags=0x0, pointerCount=1, historySize=0, eventTime=382068, downTime=382068, deviceId=0, source=0x1002 }
08-01 23:45:56.884  4256  4256 D AndroidRuntime: Shutting down VM
08-01 23:45:56.887   976   976 I LatinIME: Starting input. Cursor position = 0,0
08-01 23:45:56.924   976  3688 W EGL_emulation: eglSurfaceAttrib not implemented
08-01 23:45:56.924   976  3688 W OpenGLRenderer: Failed to set EGL_SWAP_BEHAVIOR on surface 0xe9b61480, error=EGL_SUCCESS
08-01 23:45:57.340  4267  4267 D AndroidRuntime: >>>>>> START com.android.internal.os.RuntimeInit uid 0 <<<<<<
08-01 23:45:57.341  4267  4267 D AndroidRuntime: CheckJNI is OFF
08-01 23:45:57.353  4267  4267 D ICU     : No timezone override file found: /data/misc/zoneinfo/current/icu/icu_tzdata.dat
08-01 23:45:57.372  4267  4267 E memtrack: Couldn't load memtrack module (No such file or directory)
08-01 23:45:57.372  4267  4267 E android.os.Debug: failed to load memtrack module: -2
08-01 23:45:57.373  4267  4267 I Radio-JNI: register_android_hardware_Radio DONE
08-01 23:45:57.387  4267  4267 D AndroidRuntime: Calling main entry com.android.commands.input.Input
08-01 23:45:57.388  4267  4267 I Input   : injectKeyEvent: KeyEvent { action=ACTION_DOWN, keyCode=KEYCODE_ESCAPE, scanCode=0, metaState=0, flags=0x0, repeatCount=0, eventTime=382595, downTime=382595, deviceId=-1, source=0x101 }
08-01 23:45:57.396  4267  4267 I Input   : injectKeyEvent: KeyEvent { action=ACTION_UP, keyCode=KEYCODE_ESCAPE, scanCode=0, metaState=0, flags=0x0, repeatCount=0, eventTime=382595, downTime=382595, deviceId=-1, source=0x101 }
08-01 23:45:57.400  4267  4267 D AndroidRuntime: Shutting down VM
08-01 23:45:57.412   976  3688 E Surface : getSlotFromBufferLocked: unknown buffer: 0xf3d96360
08-01 23:45:58.331  4280  4280 D AndroidRuntime: >>>>>> START com.android.internal.os.RuntimeInit uid 0 <<<<<<
08-01 23:45:58.334  4280  4280 D AndroidRuntime: CheckJNI is OFF
08-01 23:45:58.343  4280  4280 D ICU     : No timezone override file found: /data/misc/zoneinfo/current/icu/icu_tzdata.dat
08-01 23:45:58.355  4280  4280 E memtrack: Couldn't load memtrack module (No such file or directory)
08-01 23:45:58.355  4280  4280 E android.os.Debug: failed to load memtrack module: -2
08-01 23:45:58.355  4280  4280 I Radio-JNI: register_android_hardware_Radio DONE
08-01 23:45:58.364  4280  4280 D AndroidRuntime: Calling main entry com.android.commands.input.Input
08-01 23:45:58.368  4280  4280 I Input   : injectKeyEvent: KeyEvent { action=ACTION_DOWN, keyCode=KEYCODE_MOVE_END, scanCode=0, metaState=0, flags=0x0, repeatCount=0, eventTime=383572, downTime=383572, deviceId=-1, source=0x101 }
08-01 23:45:58.373  4280  4280 I Input   : injectKeyEvent: KeyEvent { action=ACTION_UP, keyCode=KEYCODE_MOVE_END, scanCode=0, metaState=0, flags=0x0, repeatCount=0, eventTime=383572, downTime=383572, deviceId=-1, source=0x101 }
08-01 23:45:58.374  4280  4280 D AndroidRuntime: Shutting down VM
08-01 23:45:58.725  4289  4289 D AndroidRuntime: >>>>>> START com.android.internal.os.RuntimeInit uid 0 <<<<<<
08-01 23:45:58.726  4289  4289 D AndroidRuntime: CheckJNI is OFF
08-01 23:45:58.735  4289  4289 D ICU     : No timezone override file found: /data/misc/zoneinfo/current/icu/icu_tzdata.dat
08-01 23:45:58.746  4289  4289 E memtrack: Couldn't load memtrack module (No such file or directory)
08-01 23:45:58.746  4289  4289 E android.os.Debug: failed to load memtrack module: -2
08-01 23:45:58.747  4289  4289 I Radio-JNI: register_android_hardware_Radio DONE
08-01 23:45:58.754  4289  4289 D AndroidRuntime: Calling main entry com.android.commands.input.Input
08-01 23:45:58.759  4289  4289 I Input   : injectKeyEvent: KeyEvent { action=ACTION_DOWN, keyCode=KEYCODE_DEL, scanCode=0, metaState=0, flags=0x0, repeatCount=0, eventTime=383965, downTime=383965, deviceId=-1, source=0x101 }
08-01 23:45:58.761  4289  4289 I Input   : injectKeyEvent: KeyEvent { action=ACTION_UP, keyCode=KEYCODE_DEL, scanCode=0, metaState=0, flags=0x0, repeatCount=0, eventTime=383965, downTime=383965, deviceId=-1, source=0x101 }
08-01 23:45:58.762  4289  4289 I Input   : injectKeyEvent: KeyEvent { action=ACTION_DOWN, keyCode=KEYCODE_DEL, scanCode=0, metaState=0, flags=0x0, repeatCount=0, eventTime=383969, downTime=383969, deviceId=-1, source=0x101 }
08-01 23:45:58.773  4289  4289 I Input   : injectKeyEvent: KeyEvent { action=ACTION_UP, keyCode=KEYCODE_DEL, scanCode=0, metaState=0, flags=0x0, repeatCount=0, eventTime=383969, downTime=383969, deviceId=-1, source=0x101 }
08-01 23:45:58.777  4289  4289 I Input   : injectKeyEvent: KeyEvent { action=ACTION_DOWN, keyCode=KEYCODE_DEL, scanCode=0, metaState=0, flags=0x0, repeatCount=0, eventTime=383984, downTime=383984, deviceId=-1, source=0x101 }
08-01 23:45:58.784  4289  4289 I Input   : injectKeyEvent: KeyEvent { action=ACTION_UP, keyCode=KEYCODE_DEL, scanCode=0, metaState=0, flags=0x0, repeatCount=0, eventTime=383984, downTime=383984, deviceId=-1, source=0x101 }
08-01 23:45:58.791  4289  4289 I Input   : injectKeyEvent: KeyEvent { action=ACTION_DOWN, keyCode=KEYCODE_DEL, scanCode=0, metaState=0, flags=0x0, repeatCount=0, eventTime=383999, downTime=383999, deviceId=-1, source=0x101 }
08-01 23:45:58.798  4289  4289 I Input   : injectKeyEvent: KeyEvent { action=ACTION_UP, keyCode=KEYCODE_DEL, scanCode=0, metaState=0, flags=0x0, repeatCount=0, eventTime=383999, downTime=383999, deviceId=-1, source=0x101 }
08-01 23:45:58.804  4289  4289 I Input   : injectKeyEvent: KeyEvent { action=ACTION_DOWN, keyCode=KEYCODE_DEL, scanCode=0, metaState=0, flags=0x0, repeatCount=0, eventTime=384012, downTime=384012, deviceId=-1, source=0x101 }
08-01 23:45:58.836  4289  4289 I Input   : injectKeyEvent: KeyEvent { action=ACTION_UP, keyCode=KEYCODE_DEL, scanCode=0, metaState=0, flags=0x0, repeatCount=0, eventTime=384012, downTime=384012, deviceId=-1, source=0x101 }
08-01 23:45:58.849  4289  4289 I Input   : injectKeyEvent: KeyEvent { action=ACTION_DOWN, keyCode=KEYCODE_DEL, scanCode=0, metaState=0, flags=0x0, repeatCount=0, eventTime=384057, downTime=384057, deviceId=-1, source=0x101 }
08-01 23:45:58.864  4289  4289 I Input   : injectKeyEvent: KeyEvent { action=ACTION_UP, keyCode=KEYCODE_DEL, scanCode=0, metaState=0, flags=0x0, repeatCount=0, eventTime=384057, downTime=384057, deviceId=-1, source=0x101 }
08-01 23:45:58.877  4289  4289 I Input   : injectKeyEvent: KeyEvent { action=ACTION_DOWN, keyCode=KEYCODE_DEL, scanCode=0, metaState=0, flags=0x0, repeatCount=0, eventTime=384085, downTime=384085, deviceId=-1, source=0x101 }
08-01 23:45:58.884  4289  4289 I Input   : injectKeyEvent: KeyEvent { action=ACTION_UP, keyCode=KEYCODE_DEL, scanCode=0, metaState=0, flags=0x0, repeatCount=0, eventTime=384085, downTime=384085, deviceId=-1, source=0x101 }
08-01 23:45:58.896  4289  4289 I Input   : injectKeyEvent: KeyEvent { action=ACTION_DOWN, keyCode=KEYCODE_DEL, scanCode=0, metaState=0, flags=0x0, repeatCount=0, eventTime=384103, downTime=384103, deviceId=-1, source=0x101 }
08-01 23:45:58.898  4289  4289 I Input   : injectKeyEvent: KeyEvent { action=ACTION_UP, keyCode=KEYCODE_DEL, scanCode=0, metaState=0, flags=0x0, repeatCount=0, eventTime=384103, downTime=384103, deviceId=-1, source=0x101 }
08-01 23:45:58.915  4289  4289 I Input   : injectKeyEvent: KeyEvent { action=ACTION_DOWN, keyCode=KEYCODE_DEL, scanCode=0, metaState=0, flags=0x0, repeatCount=0, eventTime=384122, downTime=384122, deviceId=-1, source=0x101 }
08-01 23:45:58.927  4289  4289 I Input   : injectKeyEvent: KeyEvent { action=ACTION_UP, keyCode=KEYCODE_DEL, scanCode=0, metaState=0, flags=0x0, repeatCount=0, eventTime=384122, downTime=384122, deviceId=-1, source=0x101 }
08-01 23:45:58.929  4289  4289 I Input   : injectKeyEvent: KeyEvent { action=ACTION_DOWN, keyCode=KEYCODE_DEL, scanCode=0, metaState=0, flags=0x0, repeatCount=0, eventTime=384136, downTime=384136, deviceId=-1, source=0x101 }
08-01 23:45:58.945  4289  4289 I Input   : injectKeyEvent: KeyEvent { action=ACTION_UP, keyCode=KEYCODE_DEL, scanCode=0, metaState=0, flags=0x0, repeatCount=0, eventTime=384136, downTime=384136, deviceId=-1, source=0x101 }
08-01 23:45:58.950  4289  4289 I Input   : injectKeyEvent: KeyEvent { action=ACTION_DOWN, keyCode=KEYCODE_DEL, scanCode=0, metaState=0, flags=0x0, repeatCount=0, eventTime=384157, downTime=384157, deviceId=-1, source=0x101 }
08-01 23:45:58.951  4289  4289 I Input   : injectKeyEvent: KeyEvent { action=ACTION_UP, keyCode=KEYCODE_DEL, scanCode=0, metaState=0, flags=0x0, repeatCount=0, eventTime=384157, downTime=384157, deviceId=-1, source=0x101 }
08-01 23:45:58.954  4289  4289 I Input   : injectKeyEvent: KeyEvent { action=ACTION_DOWN, keyCode=KEYCODE_DEL, scanCode=0, metaState=0, flags=0x0, repeatCount=0, eventTime=384162, downTime=384162, deviceId=-1, source=0x101 }
08-01 23:45:58.970  4289  4289 I Input   : injectKeyEvent: KeyEvent { action=ACTION_UP, keyCode=KEYCODE_DEL, scanCode=0, metaState=0, flags=0x0, repeatCount=0, eventTime=384162, downTime=384162, deviceId=-1, source=0x101 }
08-01 23:45:58.972  4289  4289 I Input   : injectKeyEvent: KeyEvent { action=ACTION_DOWN, keyCode=KEYCODE_DEL, scanCode=0, metaState=0, flags=0x0, repeatCount=0, eventTime=384180, downTime=384180, deviceId=-1, source=0x101 }
08-01 23:45:58.975  4289  4289 I Input   : injectKeyEvent: KeyEvent { action=ACTION_UP, keyCode=KEYCODE_DEL, scanCode=0, metaState=0, flags=0x0, repeatCount=0, eventTime=384180, downTime=384180, deviceId=-1, source=0x101 }
08-01 23:45:58.976  4289  4289 I Input   : injectKeyEvent: KeyEvent { action=ACTION_DOWN, keyCode=KEYCODE_DEL, scanCode=0, metaState=0, flags=0x0, repeatCount=0, eventTime=384184, downTime=384184, deviceId=-1, source=0x101 }
08-01 23:45:58.979  4289  4289 I Input   : injectKeyEvent: KeyEvent { action=ACTION_UP, keyCode=KEYCODE_DEL, scanCode=0, metaState=0, flags=0x0, repeatCount=0, eventTime=384184, downTime=384184, deviceId=-1, source=0x101 }
08-01 23:45:58.989  4289  4289 I Input   : injectKeyEvent: KeyEvent { action=ACTION_DOWN, keyCode=KEYCODE_DEL, scanCode=0, metaState=0, flags=0x0, repeatCount=0, eventTime=384196, downTime=384196, deviceId=-1, source=0x101 }
08-01 23:45:58.990  4289  4289 I Input   : injectKeyEvent: KeyEvent { action=ACTION_UP, keyCode=KEYCODE_DEL, scanCode=0, metaState=0, flags=0x0, repeatCount=0, eventTime=384196, downTime=384196, deviceId=-1, source=0x101 }
08-01 23:45:58.992  4289  4289 I Input   : injectKeyEvent: KeyEvent { action=ACTION_DOWN, keyCode=KEYCODE_DEL, scanCode=0, metaState=0, flags=0x0, repeatCount=0, eventTime=384199, downTime=384199, deviceId=-1, source=0x101 }
08-01 23:45:59.007  4289  4289 I Input   : injectKeyEvent: KeyEvent { action=ACTION_UP, keyCode=KEYCODE_DEL, scanCode=0, metaState=0, flags=0x0, repeatCount=0, eventTime=384199, downTime=384199, deviceId=-1, source=0x101 }
08-01 23:45:59.009  4289  4289 I Input   : injectKeyEvent: KeyEvent { action=ACTION_DOWN, keyCode=KEYCODE_DEL, scanCode=0, metaState=0, flags=0x0, repeatCount=0, eventTime=384216, downTime=384216, deviceId=-1, source=0x101 }
08-01 23:45:59.013  4289  4289 I Input   : injectKeyEvent: KeyEvent { action=ACTION_UP, keyCode=KEYCODE_DEL, scanCode=0, metaState=0, flags=0x0, repeatCount=0, eventTime=384216, downTime=384216, deviceId=-1, source=0x101 }
08-01 23:45:59.015  4289  4289 I Input   : injectKeyEvent: KeyEvent { action=ACTION_DOWN, keyCode=KEYCODE_DEL, scanCode=0, metaState=0, flags=0x0, repeatCount=0, eventTime=384222, downTime=384222, deviceId=-1, source=0x101 }
08-01 23:45:59.034  4289  4289 I Input   : injectKeyEvent: KeyEvent { action=ACTION_UP, keyCode=KEYCODE_DEL, scanCode=0, metaState=0, flags=0x0, repeatCount=0, eventTime=384222, downTime=384222, deviceId=-1, source=0x101 }
08-01 23:45:59.043  4289  4289 I Input   : injectKeyEvent: KeyEvent { action=ACTION_DOWN, keyCode=KEYCODE_DEL, scanCode=0, metaState=0, flags=0x0, repeatCount=0, eventTime=384250, downTime=384250, deviceId=-1, source=0x101 }
08-01 23:45:59.044  4289  4289 I Input   : injectKeyEvent: KeyEvent { action=ACTION_UP, keyCode=KEYCODE_DEL, scanCode=0, metaState=0, flags=0x0, repeatCount=0, eventTime=384250, downTime=384250, deviceId=-1, source=0x101 }
08-01 23:45:59.045  4289  4289 I Input   : injectKeyEvent: KeyEvent { action=ACTION_DOWN, keyCode=KEYCODE_DEL, scanCode=0, metaState=0, flags=0x0, repeatCount=0, eventTime=384252, downTime=384252, deviceId=-1, source=0x101 }
08-01 23:45:59.048  4289  4289 I Input   : injectKeyEvent: KeyEvent { action=ACTION_UP, keyCode=KEYCODE_DEL, scanCode=0, metaState=0, flags=0x0, repeatCount=0, eventTime=384252, downTime=384252, deviceId=-1, source=0x101 }
08-01 23:45:59.054  4289  4289 I Input   : injectKeyEvent: KeyEvent { action=ACTION_DOWN, keyCode=KEYCODE_DEL, scanCode=0, metaState=0, flags=0x0, repeatCount=0, eventTime=384262, downTime=384262, deviceId=-1, source=0x101 }
08-01 23:45:59.063  4289  4289 I Input   : injectKeyEvent: KeyEvent { action=ACTION_UP, keyCode=KEYCODE_DEL, scanCode=0, metaState=0, flags=0x0, repeatCount=0, eventTime=384262, downTime=384262, deviceId=-1, source=0x101 }
08-01 23:45:59.064  4289  4289 I Input   : injectKeyEvent: KeyEvent { action=ACTION_DOWN, keyCode=KEYCODE_DEL, scanCode=0, metaState=0, flags=0x0, repeatCount=0, eventTime=384271, downTime=384271, deviceId=-1, source=0x101 }
08-01 23:45:59.065  4289  4289 I Input   : injectKeyEvent: KeyEvent { action=ACTION_UP, keyCode=KEYCODE_DEL, scanCode=0, metaState=0, flags=0x0, repeatCount=0, eventTime=384271, downTime=384271, deviceId=-1, source=0x101 }
08-01 23:45:59.070  4289  4289 I Input   : injectKeyEvent: KeyEvent { action=ACTION_DOWN, keyCode=KEYCODE_DEL, scanCode=0, metaState=0, flags=0x0, repeatCount=0, eventTime=384277, downTime=384277, deviceId=-1, source=0x101 }
08-01 23:45:59.072  4289  4289 I Input   : injectKeyEvent: KeyEvent { action=ACTION_UP, keyCode=KEYCODE_DEL, scanCode=0, metaState=0, flags=0x0, repeatCount=0, eventTime=384277, downTime=384277, deviceId=-1, source=0x101 }
08-01 23:45:59.073  4289  4289 I Input   : injectKeyEvent: KeyEvent { action=ACTION_DOWN, keyCode=KEYCODE_DEL, scanCode=0, metaState=0, flags=0x0, repeatCount=0, eventTime=384280, downTime=384280, deviceId=-1, source=0x101 }
08-01 23:45:59.073  4289  4289 I Input   : injectKeyEvent: KeyEvent { action=ACTION_UP, keyCode=KEYCODE_DEL, scanCode=0, metaState=0, flags=0x0, repeatCount=0, eventTime=384280, downTime=384280, deviceId=-1, source=0x101 }
08-01 23:45:59.077  4289  4289 I Input   : injectKeyEvent: KeyEvent { action=ACTION_DOWN, keyCode=KEYCODE_DEL, scanCode=0, metaState=0, flags=0x0, repeatCount=0, eventTime=384284, downTime=384284, deviceId=-1, source=0x101 }
08-01 23:45:59.079  4289  4289 I Input   : injectKeyEvent: KeyEvent { action=ACTION_UP, keyCode=KEYCODE_DEL, scanCode=0, metaState=0, flags=0x0, repeatCount=0, eventTime=384284, downTime=384284, deviceId=-1, source=0x101 }
08-01 23:45:59.080  4289  4289 I Input   : injectKeyEvent: KeyEvent { action=ACTION_DOWN, keyCode=KEYCODE_DEL, scanCode=0, metaState=0, flags=0x0, repeatCount=0, eventTime=384288, downTime=384288, deviceId=-1, source=0x101 }
08-01 23:45:59.081  4289  4289 I Input   : injectKeyEvent: KeyEvent { action=ACTION_UP, keyCode=KEYCODE_DEL, scanCode=0, metaState=0, flags=0x0, repeatCount=0, eventTime=384288, downTime=384288, deviceId=-1, source=0x101 }
08-01 23:45:59.083  4289  4289 I Input   : injectKeyEvent: KeyEvent { action=ACTION_DOWN, keyCode=KEYCODE_DEL, scanCode=0, metaState=0, flags=0x0, repeatCount=0, eventTime=384290, downTime=384290, deviceId=-1, source=0x101 }
08-01 23:45:59.084  4289  4289 I Input   : injectKeyEvent: KeyEvent { action=ACTION_UP, keyCode=KEYCODE_DEL, scanCode=0, metaState=0, flags=0x0, repeatCount=0, eventTime=384290, downTime=384290, deviceId=-1, source=0x101 }
08-01 23:45:59.087  4289  4289 I Input   : injectKeyEvent: KeyEvent { action=ACTION_DOWN, keyCode=KEYCODE_DEL, scanCode=0, metaState=0, flags=0x0, repeatCount=0, eventTime=384294, downTime=384294, deviceId=-1, source=0x101 }
08-01 23:45:59.092  4289  4289 I Input   : injectKeyEvent: KeyEvent { action=ACTION_UP, keyCode=KEYCODE_DEL, scanCode=0, metaState=0, flags=0x0, repeatCount=0, eventTime=384294, downTime=384294, deviceId=-1, source=0x101 }
08-01 23:45:59.099  4289  4289 I Input   : injectKeyEvent: KeyEvent { action=ACTION_DOWN, keyCode=KEYCODE_DEL, scanCode=0, metaState=0, flags=0x0, repeatCount=0, eventTime=384306, downTime=384306, deviceId=-1, source=0x101 }
08-01 23:45:59.103  4289  4289 I Input   : injectKeyEvent: KeyEvent { action=ACTION_UP, keyCode=KEYCODE_DEL, scanCode=0, metaState=0, flags=0x0, repeatCount=0, eventTime=384306, downTime=384306, deviceId=-1, source=0x101 }
08-01 23:45:59.104  4289  4289 I Input   : injectKeyEvent: KeyEvent { action=ACTION_DOWN, keyCode=KEYCODE_DEL, scanCode=0, metaState=0, flags=0x0, repeatCount=0, eventTime=384311, downTime=384311, deviceId=-1, source=0x101 }
08-01 23:45:59.105  4289  4289 I Input   : injectKeyEvent: KeyEvent { action=ACTION_UP, keyCode=KEYCODE_DEL, scanCode=0, metaState=0, flags=0x0, repeatCount=0, eventTime=384311, downTime=384311, deviceId=-1, source=0x101 }
08-01 23:45:59.109  4289  4289 I Input   : injectKeyEvent: KeyEvent { action=ACTION_DOWN, keyCode=KEYCODE_DEL, scanCode=0, metaState=0, flags=0x0, repeatCount=0, eventTime=384316, downTime=384316, deviceId=-1, source=0x101 }
08-01 23:45:59.113  4289  4289 I Input   : injectKeyEvent: KeyEvent { action=ACTION_UP, keyCode=KEYCODE_DEL, scanCode=0, metaState=0, flags=0x0, repeatCount=0, eventTime=384316, downTime=384316, deviceId=-1, source=0x101 }
08-01 23:45:59.118  4289  4289 I Input   : injectKeyEvent: KeyEvent { action=ACTION_DOWN, keyCode=KEYCODE_DEL, scanCode=0, metaState=0, flags=0x0, repeatCount=0, eventTime=384325, downTime=384325, deviceId=-1, source=0x101 }
08-01 23:45:59.120  4289  4289 I Input   : injectKeyEvent: KeyEvent { action=ACTION_UP, keyCode=KEYCODE_DEL, scanCode=0, metaState=0, flags=0x0, repeatCount=0, eventTime=384325, downTime=384325, deviceId=-1, source=0x101 }
08-01 23:45:59.120  4289  4289 I Input   : injectKeyEvent: KeyEvent { action=ACTION_DOWN, keyCode=KEYCODE_DEL, scanCode=0, metaState=0, flags=0x0, repeatCount=0, eventTime=384328, downTime=384328, deviceId=-1, source=0x101 }
08-01 23:45:59.122  4289  4289 I Input   : injectKeyEvent: KeyEvent { action=ACTION_UP, keyCode=KEYCODE_DEL, scanCode=0, metaState=0, flags=0x0, repeatCount=0, eventTime=384328, downTime=384328, deviceId=-1, source=0x101 }
08-01 23:45:59.123  4289  4289 I Input   : injectKeyEvent: KeyEvent { action=ACTION_DOWN, keyCode=KEYCODE_DEL, scanCode=0, metaState=0, flags=0x0, repeatCount=0, eventTime=384330, downTime=384330, deviceId=-1, source=0x101 }
08-01 23:45:59.124  4289  4289 I Input   : injectKeyEvent: KeyEvent { action=ACTION_UP, keyCode=KEYCODE_DEL, scanCode=0, metaState=0, flags=0x0, repeatCount=0, eventTime=384330, downTime=384330, deviceId=-1, source=0x101 }
08-01 23:45:59.125  4289  4289 I Input   : injectKeyEvent: KeyEvent { action=ACTION_DOWN, keyCode=KEYCODE_DEL, scanCode=0, metaState=0, flags=0x0, repeatCount=0, eventTime=384332, downTime=384332, deviceId=-1, source=0x101 }
08-01 23:45:59.126  4289  4289 I Input   : injectKeyEvent: KeyEvent { action=ACTION_UP, keyCode=KEYCODE_DEL, scanCode=0, metaState=0, flags=0x0, repeatCount=0, eventTime=384332, downTime=384332, deviceId=-1, source=0x101 }
08-01 23:45:59.132  4289  4289 I Input   : injectKeyEvent: KeyEvent { action=ACTION_DOWN, keyCode=KEYCODE_DEL, scanCode=0, metaState=0, flags=0x0, repeatCount=0, eventTime=384339, downTime=384339, deviceId=-1, source=0x101 }
08-01 23:45:59.135  4289  4289 I Input   : injectKeyEvent: KeyEvent { action=ACTION_UP, keyCode=KEYCODE_DEL, scanCode=0, metaState=0, flags=0x0, repeatCount=0, eventTime=384339, downTime=384339, deviceId=-1, source=0x101 }
08-01 23:45:59.136  4289  4289 I Input   : injectKeyEvent: KeyEvent { action=ACTION_DOWN, keyCode=KEYCODE_DEL, scanCode=0, metaState=0, flags=0x0, repeatCount=0, eventTime=384344, downTime=384344, deviceId=-1, source=0x101 }
08-01 23:45:59.143  4289  4289 I Input   : injectKeyEvent: KeyEvent { action=ACTION_UP, keyCode=KEYCODE_DEL, scanCode=0, metaState=0, flags=0x0, repeatCount=0, eventTime=384344, downTime=384344, deviceId=-1, source=0x101 }
08-01 23:45:59.149  4289  4289 I Input   : injectKeyEvent: KeyEvent { action=ACTION_DOWN, keyCode=KEYCODE_DEL, scanCode=0, metaState=0, flags=0x0, repeatCount=0, eventTime=384356, downTime=384356, deviceId=-1, source=0x101 }
08-01 23:45:59.150  4289  4289 I Input   : injectKeyEvent: KeyEvent { action=ACTION_UP, keyCode=KEYCODE_DEL, scanCode=0, metaState=0, flags=0x0, repeatCount=0, eventTime=384356, downTime=384356, deviceId=-1, source=0x101 }
08-01 23:45:59.151  4289  4289 I Input   : injectKeyEvent: KeyEvent { action=ACTION_DOWN, keyCode=KEYCODE_DEL, scanCode=0, metaState=0, flags=0x0, repeatCount=0, eventTime=384358, downTime=384358, deviceId=-1, source=0x101 }
08-01 23:45:59.159  4289  4289 I Input   : injectKeyEvent: KeyEvent { action=ACTION_UP, keyCode=KEYCODE_DEL, scanCode=0, metaState=0, flags=0x0, repeatCount=0, eventTime=384358, downTime=384358, deviceId=-1, source=0x101 }
08-01 23:45:59.160  4289  4289 I Input   : injectKeyEvent: KeyEvent { action=ACTION_DOWN, keyCode=KEYCODE_DEL, scanCode=0, metaState=0, flags=0x0, repeatCount=0, eventTime=384367, downTime=384367, deviceId=-1, source=0x101 }
08-01 23:45:59.161  4289  4289 I Input   : injectKeyEvent: KeyEvent { action=ACTION_UP, keyCode=KEYCODE_DEL, scanCode=0, metaState=0, flags=0x0, repeatCount=0, eventTime=384367, downTime=384367, deviceId=-1, source=0x101 }
08-01 23:45:59.162  4289  4289 I Input   : injectKeyEvent: KeyEvent { action=ACTION_DOWN, keyCode=KEYCODE_DEL, scanCode=0, metaState=0, flags=0x0, repeatCount=0, eventTime=384369, downTime=384369, deviceId=-1, source=0x101 }
08-01 23:45:59.166  4289  4289 I Input   : injectKeyEvent: KeyEvent { action=ACTION_UP, keyCode=KEYCODE_DEL, scanCode=0, metaState=0, flags=0x0, repeatCount=0, eventTime=384369, downTime=384369, deviceId=-1, source=0x101 }
08-01 23:45:59.171  4289  4289 I Input   : injectKeyEvent: KeyEvent { action=ACTION_DOWN, keyCode=KEYCODE_DEL, scanCode=0, metaState=0, flags=0x0, repeatCount=0, eventTime=384378, downTime=384378, deviceId=-1, source=0x101 }
08-01 23:45:59.172  4289  4289 I Input   : injectKeyEvent: KeyEvent { action=ACTION_UP, keyCode=KEYCODE_DEL, scanCode=0, metaState=0, flags=0x0, repeatCount=0, eventTime=384378, downTime=384378, deviceId=-1, source=0x101 }
08-01 23:45:59.175  4289  4289 I Input   : injectKeyEvent: KeyEvent { action=ACTION_DOWN, keyCode=KEYCODE_DEL, scanCode=0, metaState=0, flags=0x0, repeatCount=0, eventTime=384382, downTime=384382, deviceId=-1, source=0x101 }
08-01 23:45:59.176  4289  4289 I Input   : injectKeyEvent: KeyEvent { action=ACTION_UP, keyCode=KEYCODE_DEL, scanCode=0, metaState=0, flags=0x0, repeatCount=0, eventTime=384382, downTime=384382, deviceId=-1, source=0x101 }
08-01 23:45:59.177  4289  4289 I Input   : injectKeyEvent: KeyEvent { action=ACTION_DOWN, keyCode=KEYCODE_DEL, scanCode=0, metaState=0, flags=0x0, repeatCount=0, eventTime=384384, downTime=384384, deviceId=-1, source=0x101 }
08-01 23:45:59.180  4289  4289 I Input   : injectKeyEvent: KeyEvent { action=ACTION_UP, keyCode=KEYCODE_DEL, scanCode=0, metaState=0, flags=0x0, repeatCount=0, eventTime=384384, downTime=384384, deviceId=-1, source=0x101 }
08-01 23:45:59.191  4289  4289 I Input   : injectKeyEvent: KeyEvent { action=ACTION_DOWN, keyCode=KEYCODE_DEL, scanCode=0, metaState=0, flags=0x0, repeatCount=0, eventTime=384398, downTime=384398, deviceId=-1, source=0x101 }
08-01 23:45:59.192  4289  4289 I Input   : injectKeyEvent: KeyEvent { action=ACTION_UP, keyCode=KEYCODE_DEL, scanCode=0, metaState=0, flags=0x0, repeatCount=0, eventTime=384398, downTime=384398, deviceId=-1, source=0x101 }
08-01 23:45:59.194  4289  4289 I Input   : injectKeyEvent: KeyEvent { action=ACTION_DOWN, keyCode=KEYCODE_DEL, scanCode=0, metaState=0, flags=0x0, repeatCount=0, eventTime=384401, downTime=384401, deviceId=-1, source=0x101 }
08-01 23:45:59.197  4289  4289 I Input   : injectKeyEvent: KeyEvent { action=ACTION_UP, keyCode=KEYCODE_DEL, scanCode=0, metaState=0, flags=0x0, repeatCount=0, eventTime=384401, downTime=384401, deviceId=-1, source=0x101 }
08-01 23:45:59.198  4289  4289 I Input   : injectKeyEvent: KeyEvent { action=ACTION_DOWN, keyCode=KEYCODE_DEL, scanCode=0, metaState=0, flags=0x0, repeatCount=0, eventTime=384406, downTime=384406, deviceId=-1, source=0x101 }
08-01 23:45:59.202  4289  4289 I Input   : injectKeyEvent: KeyEvent { action=ACTION_UP, keyCode=KEYCODE_DEL, scanCode=0, metaState=0, flags=0x0, repeatCount=0, eventTime=384406, downTime=384406, deviceId=-1, source=0x101 }
08-01 23:45:59.204  4289  4289 I Input   : injectKeyEvent: KeyEvent { action=ACTION_DOWN, keyCode=KEYCODE_DEL, scanCode=0, metaState=0, flags=0x0, repeatCount=0, eventTime=384411, downTime=384411, deviceId=-1, source=0x101 }
08-01 23:45:59.204  4289  4289 I Input   : injectKeyEvent: KeyEvent { action=ACTION_UP, keyCode=KEYCODE_DEL, scanCode=0, metaState=0, flags=0x0, repeatCount=0, eventTime=384411, downTime=384411, deviceId=-1, source=0x101 }
08-01 23:45:59.208  4289  4289 I Input   : injectKeyEvent: KeyEvent { action=ACTION_DOWN, keyCode=KEYCODE_DEL, scanCode=0, metaState=0, flags=0x0, repeatCount=0, eventTime=384415, downTime=384415, deviceId=-1, source=0x101 }
08-01 23:45:59.212  4289  4289 I Input   : injectKeyEvent: KeyEvent { action=ACTION_UP, keyCode=KEYCODE_DEL, scanCode=0, metaState=0, flags=0x0, repeatCount=0, eventTime=384415, downTime=384415, deviceId=-1, source=0x101 }
08-01 23:45:59.216  4289  4289 I Input   : injectKeyEvent: KeyEvent { action=ACTION_DOWN, keyCode=KEYCODE_DEL, scanCode=0, metaState=0, flags=0x0, repeatCount=0, eventTime=384424, downTime=384424, deviceId=-1, source=0x101 }
08-01 23:45:59.217  4289  4289 I Input   : injectKeyEvent: KeyEvent { action=ACTION_UP, keyCode=KEYCODE_DEL, scanCode=0, metaState=0, flags=0x0, repeatCount=0, eventTime=384424, downTime=384424, deviceId=-1, source=0x101 }
08-01 23:45:59.218  4289  4289 D AndroidRuntime: Shutting down VM
08-01 23:45:59.566  4298  4298 D AndroidRuntime: >>>>>> START com.android.internal.os.RuntimeInit uid 0 <<<<<<
