08-01 23:47:37.613  6560  6560 I Input   : injectMotionEvent: MotionEvent { action=ACTION_MOVE, actionButton=0, id[0]=0, x[0]=600.0, y[0]=264.0, toolType[0]=TOOL_TYPE_UNKNOWN, buttonState=0, metaState=0, flags=0x0, edgeFlags=0x0, pointerCount=1, historySize=0, eventTime=482820, downTime=482820, deviceId=0, source=0x1002 }
08-01 23:47:37.627  6560  6560 I Input   : injectMotionEvent: MotionEvent { action=ACTION_MOVE, actionButton=0, id[0]=0, x[0]=600.0, y[0]=264.0, toolType[0]=TOOL_TYPE_UNKNOWN, buttonState=0, metaState=0, flags=0x0, edgeFlags=0x0, pointerCount=1, historySize=0, eventTime=482834, downTime=482834, deviceId=0, source=0x1002 }
08-01 23:47:37.643  6560  6560 I Input   : injectMotionEvent: MotionEvent { action=ACTION_MOVE, actionButton=0, id[0]=0, x[0]=600.0, y[0]=264.0, toolType[0]=TOOL_TYPE_UNKNOWN, buttonState=0, metaState=0, flags=0x0, edgeFlags=0x0, pointerCount=1, historySize=0, eventTime=482850, downTime=482850, deviceId=0, source=0x1002 }
08-01 23:47:37.659  6560  6560 I Input   : injectMotionEvent: MotionEvent { action=ACTION_MOVE, actionButton=0, id[0]=0, x[0]=600.0, y[0]=264.0, toolType[0]=TOOL_TYPE_UNKNOWN, buttonState=0, metaState=0, flags=0x0, edgeFlags=0x0, pointerCount=1, historySize=0, eventTime=482867, downTime=482867, deviceId=0, source=0x1002 }
08-01 23:47:37.686  6560  6560 I Input   : injectMotionEvent: MotionEvent { action=ACTION_MOVE, actionButton=0, id[0]=0, x[0]=600.0, y[0]=264.0, toolType[0]=TOOL_TYPE_UNKNOWN, buttonState=0, metaState=0, flags=0x0, edgeFlags=0x0, pointerCount=1, historySize=0, eventTime=482893, downTime=482893, deviceId=0, source=0x1002 }
08-01 23:47:37.696  6560  6560 I Input   : injectMotionEvent: MotionEvent { action=ACTION_MOVE, actionButton=0, id[0]=0, x[0]=600.0, y[0]=264.0, toolType[0]=TOOL_TYPE_UNKNOWN, buttonState=0, metaState=0, flags=0x0, edgeFlags=0x0, pointerCount=1, historySize=0, eventTime=482903, downTime=482903, deviceId=0, source=0x1002 }
08-01 23:47:37.716  6560  6560 I Input   : injectMotionEvent: MotionEvent { action=ACTION_MOVE, actionButton=0, id[0]=0, x[0]=600.0, y[0]=264.0, toolType[0]=TOOL_TYPE_UNKNOWN, buttonState=0, metaState=0, flags=0x0, edgeFlags=0x0, pointerCount=1, historySize=0, eventTime=482923, downTime=482923, deviceId=0, source=0x1002 }
08-01 23:47:37.726  6560  6560 I Input   : injectMotionEvent: MotionEvent { action=ACTION_MOVE, actionButton=0, id[0]=0, x[0]=600.0, y[0]=264.0, toolType[0]=TOOL_TYPE_UNKNOWN, buttonState=0, metaState=0, flags=0x0, edgeFlags=0x0, pointerCount=1, historySize=0, eventTime=482933, downTime=482933, deviceId=0, source=0x1002 }
08-01 23:47:37.744  6560  6560 I Input   : injectMotionEvent: MotionEvent { action=ACTION_MOVE, actionButton=0, id[0]=0, x[0]=600.0, y[0]=264.0, toolType[0]=TOOL_TYPE_UNKNOWN, buttonState=0, metaState=0, flags=0x0, edgeFlags=0x0, pointerCount=1, historySize=0, eventTime=482951, downTime=482951, deviceId=0, source=0x1002 }
08-01 23:47:37.759  6560  6560 I Input   : injectMotionEvent: MotionEvent { action=ACTION_MOVE, actionButton=0, id[0]=0, x[0]=600.0, y[0]=264.0, toolType[0]=TOOL_TYPE_UNKNOWN, buttonState=0, metaState=0, flags=0x0, edgeFlags=0x0, pointerCount=1, historySize=0, eventTime=482967, downTime=482967, deviceId=0, source=0x1002 }
08-01 23:47:37.777  6560  6560 I Input   : injectMotionEvent: MotionEvent { action=ACTION_MOVE, actionButton=0, id[0]=0, x[0]=600.0, y[0]=264.0, toolType[0]=TOOL_TYPE_UNKNOWN, buttonState=0, metaState=0, flags=0x0, edgeFlags=0x0, pointerCount=1, historySize=0, eventTime=482984, downTime=482984, deviceId=0, source=0x1002 }
08-01 23:47:37.793  6560  6560 I Input   : injectMotionEvent: MotionEvent { action=ACTION_MOVE, actionButton=0, id[0]=0, x[0]=600.0, y[0]=264.0, toolType[0]=TOOL_TYPE_UNKNOWN, buttonState=0, metaState=0, flags=0x0, edgeFlags=0x0, pointerCount=1, historySize=0, eventTime=483000, downTime=483000, deviceId=0, source=0x1002 }
08-01 23:47:37.814  6560  6560 I Input   : injectMotionEvent: MotionEvent { action=ACTION_MOVE, actionButton=0, id[0]=0, x[0]=600.0, y[0]=264.0, toolType[0]=TOOL_TYPE_UNKNOWN, buttonState=0, metaState=0, flags=0x0, edgeFlags=0x0, pointerCount=1, historySize=0, eventTime=483021, downTime=483021, deviceId=0, source=0x1002 }
08-01 23:47:37.826  6560  6560 I Input   : injectMotionEvent: MotionEvent { action=ACTION_MOVE, actionButton=0, id[0]=0, x[0]=600.0, y[0]=264.0, toolType[0]=TOOL_TYPE_UNKNOWN, buttonState=0, metaState=0, flags=0x0, edgeFlags=0x0, pointerCount=1, historySize=0, eventTime=483033, downTime=483033, deviceId=0, source=0x1002 }
08-01 23:47:37.846  6560  6560 I Input   : injectMotionEvent: MotionEvent { action=ACTION_MOVE, actionButton=0, id[0]=0, x[0]=600.0, y[0]=264.0, toolType[0]=TOOL_TYPE_UNKNOWN, buttonState=0, metaState=0, flags=0x0, edgeFlags=0x0, pointerCount=1, historySize=0, eventTime=483053, downTime=483053, deviceId=0, source=0x1002 }
08-01 23:47:37.860  6560  6560 I Input   : injectMotionEvent: MotionEvent { action=ACTION_MOVE, actionButton=0, id[0]=0, x[0]=600.0, y[0]=264.0, toolType[0]=TOOL_TYPE_UNKNOWN, buttonState=0, metaState=0, flags=0x0, edgeFlags=0x0, pointerCount=1, historySize=0, eventTime=483067, downTime=483067, deviceId=0, source=0x1002 }
08-01 23:47:37.876  6560  6560 I Input   : injectMotionEvent: MotionEvent { action=ACTION_MOVE, actionButton=0, id[0]=0, x[0]=600.0, y[0]=264.0, toolType[0]=TOOL_TYPE_UNKNOWN, buttonState=0, metaState=0, flags=0x0, edgeFlags=0x0, pointerCount=1, historySize=0, eventTime=483083, downTime=483083, deviceId=0, source=0x1002 }
08-01 23:47:37.894  6560  6560 I Input   : injectMotionEvent: MotionEvent { action=ACTION_MOVE, actionButton=0, id[0]=0, x[0]=600.0, y[0]=264.0, toolType[0]=TOOL_TYPE_UNKNOWN, buttonState=0, metaState=0, flags=0x0, edgeFlags=0x0, pointerCount=1, historySize=0, eventTime=483101, downTime=483101, deviceId=0, source=0x1002 }
08-01 23:47:37.914  6560  6560 I Input   : injectMotionEvent: MotionEvent { action=ACTION_MOVE, actionButton=0, id[0]=0, x[0]=600.0, y[0]=264.0, toolType[0]=TOOL_TYPE_UNKNOWN, buttonState=0, metaState=0, flags=0x0, edgeFlags=0x0, pointerCount=1, historySize=0, eventTime=483121, downTime=483121, deviceId=0, source=0x1002 }
08-01 23:47:37.926  6560  6560 I Input   : injectMotionEvent: MotionEvent { action=ACTION_MOVE, actionButton=0, id[0]=0, x[0]=600.0, y[0]=264.0, toolType[0]=TOOL_TYPE_UNKNOWN, buttonState=0, metaState=0, flags=0x0, edgeFlags=0x0, pointerCount=1, historySize=0, eventTime=483133, downTime=483133, deviceId=0, source=0x1002 }
08-01 23:47:37.944  6560  6560 I Input   : injectMotionEvent: MotionEvent { action=ACTION_MOVE, actionButton=0, id[0]=0, x[0]=600.0, y[0]=264.0, toolType[0]=TOOL_TYPE_UNKNOWN, buttonState=0, metaState=0, flags=0x0, edgeFlags=0x0, pointerCount=1, historySize=0, eventTime=483151, downTime=483151, deviceId=0, source=0x1002 }
08-01 23:47:37.959  6560  6560 I Input   : injectMotionEvent: MotionEvent { action=ACTION_MOVE, actionButton=0, id[0]=0, x[0]=600.0, y[0]=264.0, toolType[0]=TOOL_TYPE_UNKNOWN, buttonState=0, metaState=0, flags=0x0, edgeFlags=0x0, pointerCount=1, historySize=0, eventTime=483167, downTime=483167, deviceId=0, source=0x1002 }
08-01 23:47:37.976  6560  6560 I Input   : injectMotionEvent: MotionEvent { action=ACTION_MOVE, actionButton=0, id[0]=0, x[0]=600.0, y[0]=264.0, toolType[0]=TOOL_TYPE_UNKNOWN, buttonState=0, metaState=0, flags=0x0, edgeFlags=0x0, pointerCount=1, historySize=0, eventTime=483183, downTime=483183, deviceId=0, source=0x1002 }
08-01 23:47:37.994  6560  6560 I Input   : injectMotionEvent: MotionEvent { action=ACTION_MOVE, actionButton=0, id[0]=0, x[0]=600.0, y[0]=264.0, toolType[0]=TOOL_TYPE_UNKNOWN, buttonState=0, metaState=0, flags=0x0, edgeFlags=0x0, pointerCount=1, historySize=0, eventTime=483201, downTime=483201, deviceId=0, source=0x1002 }
08-01 23:47:38.010  6560  6560 I Input   : injectMotionEvent: MotionEvent { action=ACTION_MOVE, actionButton=0, id[0]=0, x[0]=600.0, y[0]=264.0, toolType[0]=TOOL_TYPE_UNKNOWN, buttonState=0, metaState=0, flags=0x0, edgeFlags=0x0, pointerCount=1, historySize=0, eventTime=483217, downTime=483217, deviceId=0, source=0x1002 }
08-01 23:47:38.033  2069  2069 D leak-387-0: Eastern Standard Time
08-01 23:47:38.033  2069  2069 D leak-371-0: Eastern Standard Time
08-01 23:47:38.037  6560  6560 I Input   : injectMotionEvent: MotionEvent { action=ACTION_MOVE, actionButton=0, id[0]=0, x[0]=600.0, y[0]=264.0, toolType[0]=TOOL_TYPE_UNKNOWN, buttonState=0, metaState=0, flags=0x0, edgeFlags=0x0, pointerCount=1, historySize=0, eventTime=483244, downTime=483244, deviceId=0, source=0x1002 }
08-01 23:47:38.043  6560  6560 I Input   : injectMotionEvent: MotionEvent { action=ACTION_MOVE, actionButton=0, id[0]=0, x[0]=600.0, y[0]=264.0, toolType[0]=TOOL_TYPE_UNKNOWN, buttonState=0, metaState=0, flags=0x0, edgeFlags=0x0, pointerCount=1, historySize=0, eventTime=483250, downTime=483250, deviceId=0, source=0x1002 }
08-01 23:47:38.069  2069  2083 W EGL_emulation: eglSurfaceAttrib not implemented
08-01 23:47:38.069  2069  2083 W OpenGLRenderer: Failed to set EGL_SWAP_BEHAVIOR on surface 0xec9259a0, error=EGL_SUCCESS
08-01 23:47:38.073  6560  6560 I Input   : injectMotionEvent: MotionEvent { action=ACTION_MOVE, actionButton=0, id[0]=0, x[0]=600.0, y[0]=264.0, toolType[0]=TOOL_TYPE_UNKNOWN, buttonState=0, metaState=0, flags=0x0, edgeFlags=0x0, pointerCount=1, historySize=0, eventTime=483280, downTime=483280, deviceId=0, source=0x1002 }
08-01 23:47:38.147  2069  2083 V RenderScript: 0xe087e000 Launching thread(s), CPUs 4
08-01 23:47:38.160  6560  6560 I Input   : injectMotionEvent: MotionEvent { action=ACTION_MOVE, actionButton=0, id[0]=0, x[0]=600.0, y[0]=264.0, toolType[0]=TOOL_TYPE_UNKNOWN, buttonState=0, metaState=0, flags=0x0, edgeFlags=0x0, pointerCount=1, historySize=0, eventTime=483367, downTime=483367, deviceId=0, source=0x1002 }
08-01 23:47:38.175  6560  6560 I Input   : injectMotionEvent: MotionEvent { action=ACTION_MOVE, actionButton=0, id[0]=0, x[0]=600.0, y[0]=264.0, toolType[0]=TOOL_TYPE_UNKNOWN, buttonState=0, metaState=0, flags=0x0, edgeFlags=0x0, pointerCount=1, historySize=0, eventTime=483382, downTime=483382, deviceId=0, source=0x1002 }
08-01 23:47:38.206  6560  6560 I Input   : injectMotionEvent: MotionEvent { action=ACTION_MOVE, actionButton=0, id[0]=0, x[0]=600.0, y[0]=264.0, toolType[0]=TOOL_TYPE_UNKNOWN, buttonState=0, metaState=0, flags=0x0, edgeFlags=0x0, pointerCount=1, historySize=0, eventTime=483413, downTime=483413, deviceId=0, source=0x1002 }
08-01 23:47:38.227  6560  6560 I Input   : injectMotionEvent: MotionEvent { action=ACTION_MOVE, actionButton=0, id[0]=0, x[0]=600.0, y[0]=264.0, toolType[0]=TOOL_TYPE_UNKNOWN, buttonState=0, metaState=0, flags=0x0, edgeFlags=0x0, pointerCount=1, historySize=0, eventTime=483434, downTime=483434, deviceId=0, source=0x1002 }
08-01 23:47:38.243  6560  6560 I Input   : injectMotionEvent: MotionEvent { action=ACTION_MOVE, actionButton=0, id[0]=0, x[0]=600.0, y[0]=264.0, toolType[0]=TOOL_TYPE_UNKNOWN, buttonState=0, metaState=0, flags=0x0, edgeFlags=0x0, pointerCount=1, historySize=0, eventTime=483450, downTime=483450, deviceId=0, source=0x1002 }
08-01 23:47:38.260  6560  6560 I Input   : injectMotionEvent: MotionEvent { action=ACTION_MOVE, actionButton=0, id[0]=0, x[0]=600.0, y[0]=264.0, toolType[0]=TOOL_TYPE_UNKNOWN, buttonState=0, metaState=0, flags=0x0, edgeFlags=0x0, pointerCount=1, historySize=0, eventTime=483467, downTime=483467, deviceId=0, source=0x1002 }
08-01 23:47:38.277  6560  6560 I Input   : injectMotionEvent: MotionEvent { action=ACTION_MOVE, actionButton=0, id[0]=0, x[0]=600.0, y[0]=264.0, toolType[0]=TOOL_TYPE_UNKNOWN, buttonState=0, metaState=0, flags=0x0, edgeFlags=0x0, pointerCount=1, historySize=0, eventTime=483484, downTime=483484, deviceId=0, source=0x1002 }
08-01 23:47:38.294  6560  6560 I Input   : injectMotionEvent: MotionEvent { action=ACTION_MOVE, actionButton=0, id[0]=0, x[0]=600.0, y[0]=264.0, toolType[0]=TOOL_TYPE_UNKNOWN, buttonState=0, metaState=0, flags=0x0, edgeFlags=0x0, pointerCount=1, historySize=0, eventTime=483501, downTime=483501, deviceId=0, source=0x1002 }
08-01 23:47:38.310  6560  6560 I Input   : injectMotionEvent: MotionEvent { action=ACTION_MOVE, actionButton=0, id[0]=0, x[0]=600.0, y[0]=264.0, toolType[0]=TOOL_TYPE_UNKNOWN, buttonState=0, metaState=0, flags=0x0, edgeFlags=0x0, pointerCount=1, historySize=0, eventTime=483517, downTime=483517, deviceId=0, source=0x1002 }
08-01 23:47:38.328  6560  6560 I Input   : injectMotionEvent: MotionEvent { action=ACTION_MOVE, actionButton=0, id[0]=0, x[0]=600.0, y[0]=264.0, toolType[0]=TOOL_TYPE_UNKNOWN, buttonState=0, metaState=0, flags=0x0, edgeFlags=0x0, pointerCount=1, historySize=0, eventTime=483535, downTime=483535, deviceId=0, source=0x1002 }
08-01 23:47:38.351  6560  6560 I Input   : injectMotionEvent: MotionEvent { action=ACTION_MOVE, actionButton=0, id[0]=0, x[0]=600.0, y[0]=264.0, toolType[0]=TOOL_TYPE_UNKNOWN, buttonState=0, metaState=0, flags=0x0, edgeFlags=0x0, pointerCount=1, historySize=0, eventTime=483558, downTime=483558, deviceId=0, source=0x1002 }
08-01 23:47:38.360  6560  6560 I Input   : injectMotionEvent: MotionEvent { action=ACTION_MOVE, actionButton=0, id[0]=0, x[0]=600.0, y[0]=264.0, toolType[0]=TOOL_TYPE_UNKNOWN, buttonState=0, metaState=0, flags=0x0, edgeFlags=0x0, pointerCount=1, historySize=0, eventTime=483567, downTime=483567, deviceId=0, source=0x1002 }
08-01 23:47:38.376  6560  6560 I Input   : injectMotionEvent: MotionEvent { action=ACTION_MOVE, actionButton=0, id[0]=0, x[0]=600.0, y[0]=264.0, toolType[0]=TOOL_TYPE_UNKNOWN, buttonState=0, metaState=0, flags=0x0, edgeFlags=0x0, pointerCount=1, historySize=0, eventTime=483583, downTime=483583, deviceId=0, source=0x1002 }
08-01 23:47:38.395  6560  6560 I Input   : injectMotionEvent: MotionEvent { action=ACTION_MOVE, actionButton=0, id[0]=0, x[0]=600.0, y[0]=264.0, toolType[0]=TOOL_TYPE_UNKNOWN, buttonState=0, metaState=0, flags=0x0, edgeFlags=0x0, pointerCount=1, historySize=0, eventTime=483603, downTime=483603, deviceId=0, source=0x1002 }
08-01 23:47:38.411  6560  6560 I Input   : injectMotionEvent: MotionEvent { action=ACTION_MOVE, actionButton=0, id[0]=0, x[0]=600.0, y[0]=264.0, toolType[0]=TOOL_TYPE_UNKNOWN, buttonState=0, metaState=0, flags=0x0, edgeFlags=0x0, pointerCount=1, historySize=0, eventTime=483618, downTime=483618, deviceId=0, source=0x1002 }
08-01 23:47:38.426  6560  6560 I Input   : injectMotionEvent: MotionEvent { action=ACTION_MOVE, actionButton=0, id[0]=0, x[0]=600.0, y[0]=264.0, toolType[0]=TOOL_TYPE_UNKNOWN, buttonState=0, metaState=0, flags=0x0, edgeFlags=0x0, pointerCount=1, historySize=0, eventTime=483633, downTime=483633, deviceId=0, source=0x1002 }
08-01 23:47:38.444  6560  6560 I Input   : injectMotionEvent: MotionEvent { action=ACTION_MOVE, actionButton=0, id[0]=0, x[0]=600.0, y[0]=264.0, toolType[0]=TOOL_TYPE_UNKNOWN, buttonState=0, metaState=0, flags=0x0, edgeFlags=0x0, pointerCount=1, historySize=0, eventTime=483651, downTime=483651, deviceId=0, source=0x1002 }
08-01 23:47:38.460  6560  6560 I Input   : injectMotionEvent: MotionEvent { action=ACTION_MOVE, actionButton=0, id[0]=0, x[0]=600.0, y[0]=264.0, toolType[0]=TOOL_TYPE_UNKNOWN, buttonState=0, metaState=0, flags=0x0, edgeFlags=0x0, pointerCount=1, historySize=0, eventTime=483667, downTime=483667, deviceId=0, source=0x1002 }
08-01 23:47:38.477  6560  6560 I Input   : injectMotionEvent: MotionEvent { action=ACTION_MOVE, actionButton=0, id[0]=0, x[0]=600.0, y[0]=264.0, toolType[0]=TOOL_TYPE_UNKNOWN, buttonState=0, metaState=0, flags=0x0, edgeFlags=0x0, pointerCount=1, historySize=0, eventTime=483684, downTime=483684, deviceId=0, source=0x1002 }
08-01 23:47:38.493  6560  6560 I Input   : injectMotionEvent: MotionEvent { action=ACTION_MOVE, actionButton=0, id[0]=0, x[0]=600.0, y[0]=264.0, toolType[0]=TOOL_TYPE_UNKNOWN, buttonState=0, metaState=0, flags=0x0, edgeFlags=0x0, pointerCount=1, historySize=0, eventTime=483700, downTime=483700, deviceId=0, source=0x1002 }
08-01 23:47:38.511  6560  6560 I Input   : injectMotionEvent: MotionEvent { action=ACTION_MOVE, actionButton=0, id[0]=0, x[0]=600.0, y[0]=264.0, toolType[0]=TOOL_TYPE_UNKNOWN, buttonState=0, metaState=0, flags=0x0, edgeFlags=0x0, pointerCount=1, historySize=0, eventTime=483718, downTime=483718, deviceId=0, source=0x1002 }
08-01 23:47:38.526  6560  6560 I Input   : injectMotionEvent: MotionEvent { action=ACTION_MOVE, actionButton=0, id[0]=0, x[0]=600.0, y[0]=264.0, toolType[0]=TOOL_TYPE_UNKNOWN, buttonState=0, metaState=0, flags=0x0, edgeFlags=0x0, pointerCount=1, historySize=0, eventTime=483733, downTime=483733, deviceId=0, source=0x1002 }
08-01 23:47:38.544  6560  6560 I Input   : injectMotionEvent: MotionEvent { action=ACTION_MOVE, actionButton=0, id[0]=0, x[0]=600.0, y[0]=264.0, toolType[0]=TOOL_TYPE_UNKNOWN, buttonState=0, metaState=0, flags=0x0, edgeFlags=0x0, pointerCount=1, historySize=0, eventTime=483751, downTime=483751, deviceId=0, source=0x1002 }
08-01 23:47:38.561  6560  6560 I Input   : injectMotionEvent: MotionEvent { action=ACTION_MOVE, actionButton=0, id[0]=0, x[0]=600.0, y[0]=264.0, toolType[0]=TOOL_TYPE_UNKNOWN, buttonState=0, metaState=0, flags=0x0, edgeFlags=0x0, pointerCount=1, historySize=0, eventTime=483768, downTime=483768, deviceId=0, source=0x1002 }
08-01 23:47:38.576  6560  6560 I Input   : injectMotionEvent: MotionEvent { action=ACTION_MOVE, actionButton=0, id[0]=0, x[0]=600.0, y[0]=264.0, toolType[0]=TOOL_TYPE_UNKNOWN, buttonState=0, metaState=0, flags=0x0, edgeFlags=0x0, pointerCount=1, historySize=0, eventTime=483783, downTime=483783, deviceId=0, source=0x1002 }
08-01 23:47:38.593  6560  6560 I Input   : injectMotionEvent: MotionEvent { action=ACTION_MOVE, actionButton=0, id[0]=0, x[0]=600.0, y[0]=264.0, toolType[0]=TOOL_TYPE_UNKNOWN, buttonState=0, metaState=0, flags=0x0, edgeFlags=0x0, pointerCount=1, historySize=0, eventTime=483800, downTime=483800, deviceId=0, source=0x1002 }
08-01 23:47:38.610  6560  6560 I Input   : injectMotionEvent: MotionEvent { action=ACTION_MOVE, actionButton=0, id[0]=0, x[0]=600.0, y[0]=264.0, toolType[0]=TOOL_TYPE_UNKNOWN, buttonState=0, metaState=0, flags=0x0, edgeFlags=0x0, pointerCount=1, historySize=0, eventTime=483817, downTime=483817, deviceId=0, source=0x1002 }
08-01 23:47:38.631  6560  6560 I Input   : injectMotionEvent: MotionEvent { action=ACTION_MOVE, actionButton=0, id[0]=0, x[0]=600.0, y[0]=264.0, toolType[0]=TOOL_TYPE_UNKNOWN, buttonState=0, metaState=0, flags=0x0, edgeFlags=0x0, pointerCount=1, historySize=0, eventTime=483838, downTime=483838, deviceId=0, source=0x1002 }
08-01 23:47:38.645  6560  6560 I Input   : injectMotionEvent: MotionEvent { action=ACTION_MOVE, actionButton=0, id[0]=0, x[0]=600.0, y[0]=264.0, toolType[0]=TOOL_TYPE_UNKNOWN, buttonState=0, metaState=0, flags=0x0, edgeFlags=0x0, pointerCount=1, historySize=0, eventTime=483852, downTime=483852, deviceId=0, source=0x1002 }
08-01 23:47:38.661  6560  6560 I Input   : injectMotionEvent: MotionEvent { action=ACTION_MOVE, actionButton=0, id[0]=0, x[0]=600.0, y[0]=264.0, toolType[0]=TOOL_TYPE_UNKNOWN, buttonState=0, metaState=0, flags=0x0, edgeFlags=0x0, pointerCount=1, historySize=0, eventTime=483869, downTime=483869, deviceId=0, source=0x1002 }
08-01 23:47:38.678  6560  6560 I Input   : injectMotionEvent: MotionEvent { action=ACTION_MOVE, actionButton=0, id[0]=0, x[0]=600.0, y[0]=264.0, toolType[0]=TOOL_TYPE_UNKNOWN, buttonState=0, metaState=0, flags=0x0, edgeFlags=0x0, pointerCount=1, historySize=0, eventTime=483885, downTime=483885, deviceId=0, source=0x1002 }
08-01 23:47:38.693  6560  6560 I Input   : injectMotionEvent: MotionEvent { action=ACTION_MOVE, actionButton=0, id[0]=0, x[0]=600.0, y[0]=264.0, toolType[0]=TOOL_TYPE_UNKNOWN, buttonState=0, metaState=0, flags=0x0, edgeFlags=0x0, pointerCount=1, historySize=0, eventTime=483900, downTime=483900, deviceId=0, source=0x1002 }
08-01 23:47:38.710  6560  6560 I Input   : injectMotionEvent: MotionEvent { action=ACTION_MOVE, actionButton=0, id[0]=0, x[0]=600.0, y[0]=264.0, toolType[0]=TOOL_TYPE_UNKNOWN, buttonState=0, metaState=0, flags=0x0, edgeFlags=0x0, pointerCount=1, historySize=0, eventTime=483918, downTime=483918, deviceId=0, source=0x1002 }
08-01 23:47:38.730  6560  6560 I Input   : injectMotionEvent: MotionEvent { action=ACTION_MOVE, actionButton=0, id[0]=0, x[0]=600.0, y[0]=264.0, toolType[0]=TOOL_TYPE_UNKNOWN, buttonState=0, metaState=0, flags=0x0, edgeFlags=0x0, pointerCount=1, historySize=0, eventTime=483937, downTime=483937, deviceId=0, source=0x1002 }
08-01 23:47:38.743  6560  6560 I Input   : injectMotionEvent: MotionEvent { action=ACTION_MOVE, actionButton=0, id[0]=0, x[0]=600.0, y[0]=264.0, toolType[0]=TOOL_TYPE_UNKNOWN, buttonState=0, metaState=0, flags=0x0, edgeFlags=0x0, pointerCount=1, historySize=0, eventTime=483950, downTime=483950, deviceId=0, source=0x1002 }
08-01 23:47:38.760  6560  6560 I Input   : injectMotionEvent: MotionEvent { action=ACTION_MOVE, actionButton=0, id[0]=0, x[0]=600.0, y[0]=264.0, toolType[0]=TOOL_TYPE_UNKNOWN, buttonState=0, metaState=0, flags=0x0, edgeFlags=0x0, pointerCount=1, historySize=0, eventTime=483967, downTime=483967, deviceId=0, source=0x1002 }
08-01 23:47:38.776  6560  6560 I Input   : injectMotionEvent: MotionEvent { action=ACTION_MOVE, actionButton=0, id[0]=0, x[0]=600.0, y[0]=264.0, toolType[0]=TOOL_TYPE_UNKNOWN, buttonState=0, metaState=0, flags=0x0, edgeFlags=0x0, pointerCount=1, historySize=0, eventTime=483983, downTime=483983, deviceId=0, source=0x1002 }
08-01 23:47:38.793  6560  6560 I Input   : injectMotionEvent: MotionEvent { action=ACTION_MOVE, actionButton=0, id[0]=0, x[0]=600.0, y[0]=264.0, toolType[0]=TOOL_TYPE_UNKNOWN, buttonState=0, metaState=0, flags=0x0, edgeFlags=0x0, pointerCount=1, historySize=0, eventTime=484000, downTime=484000, deviceId=0, source=0x1002 }
08-01 23:47:38.810  6560  6560 I Input   : injectMotionEvent: MotionEvent { action=ACTION_MOVE, actionButton=0, id[0]=0, x[0]=600.0, y[0]=264.0, toolType[0]=TOOL_TYPE_UNKNOWN, buttonState=0, metaState=0, flags=0x0, edgeFlags=0x0, pointerCount=1, historySize=0, eventTime=484017, downTime=484017, deviceId=0, source=0x1002 }
08-01 23:47:38.826  6560  6560 I Input   : injectMotionEvent: MotionEvent { action=ACTION_MOVE, actionButton=0, id[0]=0, x[0]=600.0, y[0]=264.0, toolType[0]=TOOL_TYPE_UNKNOWN, buttonState=0, metaState=0, flags=0x0, edgeFlags=0x0, pointerCount=1, historySize=0, eventTime=484033, downTime=484033, deviceId=0, source=0x1002 }
08-01 23:47:38.846  6560  6560 I Input   : injectMotionEvent: MotionEvent { action=ACTION_MOVE, actionButton=0, id[0]=0, x[0]=600.0, y[0]=264.0, toolType[0]=TOOL_TYPE_UNKNOWN, buttonState=0, metaState=0, flags=0x0, edgeFlags=0x0, pointerCount=1, historySize=0, eventTime=484053, downTime=484053, deviceId=0, source=0x1002 }
08-01 23:47:38.859  6560  6560 I Input   : injectMotionEvent: MotionEvent { action=ACTION_MOVE, actionButton=0, id[0]=0, x[0]=600.0, y[0]=264.0, toolType[0]=TOOL_TYPE_UNKNOWN, buttonState=0, metaState=0, flags=0x0, edgeFlags=0x0, pointerCount=1, historySize=0, eventTime=484067, downTime=484067, deviceId=0, source=0x1002 }
08-01 23:47:38.876  6560  6560 I Input   : injectMotionEvent: MotionEvent { action=ACTION_MOVE, actionButton=0, id[0]=0, x[0]=600.0, y[0]=264.0, toolType[0]=TOOL_TYPE_UNKNOWN, buttonState=0, metaState=0, flags=0x0, edgeFlags=0x0, pointerCount=1, historySize=0, eventTime=484084, downTime=484084, deviceId=0, source=0x1002 }
08-01 23:47:38.894  6560  6560 I Input   : injectMotionEvent: MotionEvent { action=ACTION_MOVE, actionButton=0, id[0]=0, x[0]=600.0, y[0]=264.0, toolType[0]=TOOL_TYPE_UNKNOWN, buttonState=0, metaState=0, flags=0x0, edgeFlags=0x0, pointerCount=1, historySize=0, eventTime=484101, downTime=484101, deviceId=0, source=0x1002 }
08-01 23:47:38.911  6560  6560 I Input   : injectMotionEvent: MotionEvent { action=ACTION_MOVE, actionButton=0, id[0]=0, x[0]=600.0, y[0]=264.0, toolType[0]=TOOL_TYPE_UNKNOWN, buttonState=0, metaState=0, flags=0x0, edgeFlags=0x0, pointerCount=1, historySize=0, eventTime=484118, downTime=484118, deviceId=0, source=0x1002 }
08-01 23:47:38.926  6560  6560 I Input   : injectMotionEvent: MotionEvent { action=ACTION_MOVE, actionButton=0, id[0]=0, x[0]=600.0, y[0]=264.0, toolType[0]=TOOL_TYPE_UNKNOWN, buttonState=0, metaState=0, flags=0x0, edgeFlags=0x0, pointerCount=1, historySize=0, eventTime=484133, downTime=484133, deviceId=0, source=0x1002 }
08-01 23:47:38.946  6560  6560 I Input   : injectMotionEvent: MotionEvent { action=ACTION_MOVE, actionButton=0, id[0]=0, x[0]=600.0, y[0]=264.0, toolType[0]=TOOL_TYPE_UNKNOWN, buttonState=0, metaState=0, flags=0x0, edgeFlags=0x0, pointerCount=1, historySize=0, eventTime=484153, downTime=484153, deviceId=0, source=0x1002 }
08-01 23:47:38.959  6560  6560 I Input   : injectMotionEvent: MotionEvent { action=ACTION_MOVE, actionButton=0, id[0]=0, x[0]=600.0, y[0]=264.0, toolType[0]=TOOL_TYPE_UNKNOWN, buttonState=0, metaState=0, flags=0x0, edgeFlags=0x0, pointerCount=1, historySize=0, eventTime=484167, downTime=484167, deviceId=0, source=0x1002 }
08-01 23:47:38.977  6560  6560 I Input   : injectMotionEvent: MotionEvent { action=ACTION_MOVE, actionButton=0, id[0]=0, x[0]=600.0, y[0]=264.0, toolType[0]=TOOL_TYPE_UNKNOWN, buttonState=0, metaState=0, flags=0x0, edgeFlags=0x0, pointerCount=1, historySize=0, eventTime=484184, downTime=484184, deviceId=0, source=0x1002 }
08-01 23:47:38.993  6560  6560 I Input   : injectMotionEvent: MotionEvent { action=ACTION_MOVE, actionButton=0, id[0]=0, x[0]=600.0, y[0]=264.0, toolType[0]=TOOL_TYPE_UNKNOWN, buttonState=0, metaState=0, flags=0x0, edgeFlags=0x0, pointerCount=1, historySize=0, eventTime=484200, downTime=484200, deviceId=0, source=0x1002 }
08-01 23:47:39.009  6560  6560 I Input   : injectMotionEvent: MotionEvent { action=ACTION_MOVE, actionButton=0, id[0]=0, x[0]=600.0, y[0]=264.0, toolType[0]=TOOL_TYPE_UNKNOWN, buttonState=0, metaState=0, flags=0x0, edgeFlags=0x0, pointerCount=1, historySize=0, eventTime=484217, downTime=484217, deviceId=0, source=0x1002 }
08-01 23:47:39.026  6560  6560 I Input   : injectMotionEvent: MotionEvent { action=ACTION_MOVE, actionButton=0, id[0]=0, x[0]=600.0, y[0]=264.0, toolType[0]=TOOL_TYPE_UNKNOWN, buttonState=0, metaState=0, flags=0x0, edgeFlags=0x0, pointerCount=1, historySize=0, eventTime=484233, downTime=484233, deviceId=0, source=0x1002 }
08-01 23:47:39.043  6560  6560 I Input   : injectMotionEvent: MotionEvent { action=ACTION_MOVE, actionButton=0, id[0]=0, x[0]=600.0, y[0]=264.0, toolType[0]=TOOL_TYPE_UNKNOWN, buttonState=0, metaState=0, flags=0x0, edgeFlags=0x0, pointerCount=1, historySize=0, eventTime=484250, downTime=484250, deviceId=0, source=0x1002 }
08-01 23:47:39.059  6560  6560 I Input   : injectMotionEvent: MotionEvent { action=ACTION_MOVE, actionButton=0, id[0]=0, x[0]=600.0, y[0]=264.0, toolType[0]=TOOL_TYPE_UNKNOWN, buttonState=0, metaState=0, flags=0x0, edgeFlags=0x0, pointerCount=1, historySize=0, eventTime=484266, downTime=484266, deviceId=0, source=0x1002 }
08-01 23:47:39.077  6560  6560 I Input   : injectMotionEvent: MotionEvent { action=ACTION_MOVE, actionButton=0, id[0]=0, x[0]=600.0, y[0]=264.0, toolType[0]=TOOL_TYPE_UNKNOWN, buttonState=0, metaState=0, flags=0x0, edgeFlags=0x0, pointerCount=1, historySize=0, eventTime=484284, downTime=484284, deviceId=0, source=0x1002 }
08-01 23:47:39.096  6560  6560 I Input   : injectMotionEvent: MotionEvent { action=ACTION_MOVE, actionButton=0, id[0]=0, x[0]=600.0, y[0]=264.0, toolType[0]=TOOL_TYPE_UNKNOWN, buttonState=0, metaState=0, flags=0x0, edgeFlags=0x0, pointerCount=1, historySize=0, eventTime=484303, downTime=484303, deviceId=0, source=0x1002 }
08-01 23:47:39.112  6560  6560 I Input   : injectMotionEvent: MotionEvent { action=ACTION_MOVE, actionButton=0, id[0]=0, x[0]=600.0, y[0]=264.0, toolType[0]=TOOL_TYPE_UNKNOWN, buttonState=0, metaState=0, flags=0x0, edgeFlags=0x0, pointerCount=1, historySize=0, eventTime=484319, downTime=484319, deviceId=0, source=0x1002 }
08-01 23:47:39.136  6560  6560 I Input   : injectMotionEvent: MotionEvent { action=ACTION_MOVE, actionButton=0, id[0]=0, x[0]=600.0, y[0]=264.0, toolType[0]=TOOL_TYPE_UNKNOWN, buttonState=0, metaState=0, flags=0x0, edgeFlags=0x0, pointerCount=1, historySize=0, eventTime=484343, downTime=484343, deviceId=0, source=0x1002 }
08-01 23:47:39.143  6560  6560 I Input   : injectMotionEvent: MotionEvent { action=ACTION_MOVE, actionButton=0, id[0]=0, x[0]=600.0, y[0]=264.0, toolType[0]=TOOL_TYPE_UNKNOWN, buttonState=0, metaState=0, flags=0x0, edgeFlags=0x0, pointerCount=1, historySize=0, eventTime=484350, downTime=484350, deviceId=0, source=0x1002 }
08-01 23:47:39.159  6560  6560 I Input   : injectMotionEvent: MotionEvent { action=ACTION_MOVE, actionButton=0, id[0]=0, x[0]=600.0, y[0]=264.0, toolType[0]=TOOL_TYPE_UNKNOWN, buttonState=0, metaState=0, flags=0x0, edgeFlags=0x0, pointerCount=1, historySize=0, eventTime=484367, downTime=484367, deviceId=0, source=0x1002 }
08-01 23:47:39.176  6560  6560 I Input   : injectMotionEvent: MotionEvent { action=ACTION_MOVE, actionButton=0, id[0]=0, x[0]=600.0, y[0]=264.0, toolType[0]=TOOL_TYPE_UNKNOWN, buttonState=0, metaState=0, flags=0x0, edgeFlags=0x0, pointerCount=1, historySize=0, eventTime=484383, downTime=484383, deviceId=0, source=0x1002 }
08-01 23:47:39.196  6560  6560 I Input   : injectMotionEvent: MotionEvent { action=ACTION_MOVE, actionButton=0, id[0]=0, x[0]=600.0, y[0]=264.0, toolType[0]=TOOL_TYPE_UNKNOWN, buttonState=0, metaState=0, flags=0x0, edgeFlags=0x0, pointerCount=1, historySize=0, eventTime=484403, downTime=484403, deviceId=0, source=0x1002 }
08-01 23:47:39.213  6560  6560 I Input   : injectMotionEvent: MotionEvent { action=ACTION_MOVE, actionButton=0, id[0]=0, x[0]=600.0, y[0]=264.0, toolType[0]=TOOL_TYPE_UNKNOWN, buttonState=0, metaState=0, flags=0x0, edgeFlags=0x0, pointerCount=1, historySize=0, eventTime=484420, downTime=484420, deviceId=0, source=0x1002 }
08-01 23:47:39.236  6560  6560 I Input   : injectMotionEvent: MotionEvent { action=ACTION_MOVE, actionButton=0, id[0]=0, x[0]=600.0, y[0]=264.0, toolType[0]=TOOL_TYPE_UNKNOWN, buttonState=0, metaState=0, flags=0x0, edgeFlags=0x0, pointerCount=1, historySize=0, eventTime=484443, downTime=484443, deviceId=0, source=0x1002 }
08-01 23:47:39.243  6560  6560 I Input   : injectMotionEvent: MotionEvent { action=ACTION_MOVE, actionButton=0, id[0]=0, x[0]=600.0, y[0]=264.0, toolType[0]=TOOL_TYPE_UNKNOWN, buttonState=0, metaState=0, flags=0x0, edgeFlags=0x0, pointerCount=1, historySize=0, eventTime=484450, downTime=484450, deviceId=0, source=0x1002 }
08-01 23:47:39.259  6560  6560 I Input   : injectMotionEvent: MotionEvent { action=ACTION_MOVE, actionButton=0, id[0]=0, x[0]=600.0, y[0]=264.0, toolType[0]=TOOL_TYPE_UNKNOWN, buttonState=0, metaState=0, flags=0x0, edgeFlags=0x0, pointerCount=1, historySize=0, eventTime=484467, downTime=484467, deviceId=0, source=0x1002 }
08-01 23:47:39.277  6560  6560 I Input   : injectMotionEvent: MotionEvent { action=ACTION_MOVE, actionButton=0, id[0]=0, x[0]=600.0, y[0]=264.0, toolType[0]=TOOL_TYPE_UNKNOWN, buttonState=0, metaState=0, flags=0x0, edgeFlags=0x0, pointerCount=1, historySize=0, eventTime=484484, downTime=484484, deviceId=0, source=0x1002 }
08-01 23:47:39.293  6560  6560 I Input   : injectMotionEvent: MotionEvent { action=ACTION_MOVE, actionButton=0, id[0]=0, x[0]=600.0, y[0]=264.0, toolType[0]=TOOL_TYPE_UNKNOWN, buttonState=0, metaState=0, flags=0x0, edgeFlags=0x0, pointerCount=1, historySize=0, eventTime=484500, downTime=484500, deviceId=0, source=0x1002 }
08-01 23:47:39.313  6560  6560 I Input   : injectMotionEvent: MotionEvent { action=ACTION_MOVE, actionButton=0, id[0]=0, x[0]=600.0, y[0]=264.0, toolType[0]=TOOL_TYPE_UNKNOWN, buttonState=0, metaState=0, flags=0x0, edgeFlags=0x0, pointerCount=1, historySize=0, eventTime=484520, downTime=484520, deviceId=0, source=0x1002 }
08-01 23:47:39.326  6560  6560 I Input   : injectMotionEvent: MotionEvent { action=ACTION_MOVE, actionButton=0, id[0]=0, x[0]=600.0, y[0]=264.0, toolType[0]=TOOL_TYPE_UNKNOWN, buttonState=0, metaState=0, flags=0x0, edgeFlags=0x0, pointerCount=1, historySize=0, eventTime=484533, downTime=484533, deviceId=0, source=0x1002 }
08-01 23:47:39.345  6560  6560 I Input   : injectMotionEvent: MotionEvent { action=ACTION_MOVE, actionButton=0, id[0]=0, x[0]=600.0, y[0]=264.0, toolType[0]=TOOL_TYPE_UNKNOWN, buttonState=0, metaState=0, flags=0x0, edgeFlags=0x0, pointerCount=1, historySize=0, eventTime=484552, downTime=484552, deviceId=0, source=0x1002 }
08-01 23:47:39.361  6560  6560 I Input   : injectMotionEvent: MotionEvent { action=ACTION_MOVE, actionButton=0, id[0]=0, x[0]=600.0, y[0]=264.0, toolType[0]=TOOL_TYPE_UNKNOWN, buttonState=0, metaState=0, flags=0x0, edgeFlags=0x0, pointerCount=1, historySize=0, eventTime=484568, downTime=484568, deviceId=0, source=0x1002 }
08-01 23:47:39.376  6560  6560 I Input   : injectMotionEvent: MotionEvent { action=ACTION_MOVE, actionButton=0, id[0]=0, x[0]=600.0, y[0]=264.0, toolType[0]=TOOL_TYPE_UNKNOWN, buttonState=0, metaState=0, flags=0x0, edgeFlags=0x0, pointerCount=1, historySize=0, eventTime=484584, downTime=484584, deviceId=0, source=0x1002 }
08-01 23:47:39.393  6560  6560 I Input   : injectMotionEvent: MotionEvent { action=ACTION_MOVE, actionButton=0, id[0]=0, x[0]=600.0, y[0]=264.0, toolType[0]=TOOL_TYPE_UNKNOWN, buttonState=0, metaState=0, flags=0x0, edgeFlags=0x0, pointerCount=1, historySize=0, eventTime=484600, downTime=484600, deviceId=0, source=0x1002 }
08-01 23:47:39.409  6560  6560 I Input   : injectMotionEvent: MotionEvent { action=ACTION_MOVE, actionButton=0, id[0]=0, x[0]=600.0, y[0]=264.0, toolType[0]=TOOL_TYPE_UNKNOWN, buttonState=0, metaState=0, flags=0x0, edgeFlags=0x0, pointerCount=1, historySize=0, eventTime=484617, downTime=484617, deviceId=0, source=0x1002 }
08-01 23:47:39.426  6560  6560 I Input   : injectMotionEvent: MotionEvent { action=ACTION_MOVE, actionButton=0, id[0]=0, x[0]=600.0, y[0]=264.0, toolType[0]=TOOL_TYPE_UNKNOWN, buttonState=0, metaState=0, flags=0x0, edgeFlags=0x0, pointerCount=1, historySize=0, eventTime=484633, downTime=484633, deviceId=0, source=0x1002 }
08-01 23:47:39.445  6560  6560 I Input   : injectMotionEvent: MotionEvent { action=ACTION_MOVE, actionButton=0, id[0]=0, x[0]=600.0, y[0]=264.0, toolType[0]=TOOL_TYPE_UNKNOWN, buttonState=0, metaState=0, flags=0x0, edgeFlags=0x0, pointerCount=1, historySize=0, eventTime=484652, downTime=484652, deviceId=0, source=0x1002 }
08-01 23:47:39.459  6560  6560 I Input   : injectMotionEvent: MotionEvent { action=ACTION_MOVE, actionButton=0, id[0]=0, x[0]=600.0, y[0]=264.0, toolType[0]=TOOL_TYPE_UNKNOWN, buttonState=0, metaState=0, flags=0x0, edgeFlags=0x0, pointerCount=1, historySize=0, eventTime=484667, downTime=484667, deviceId=0, source=0x1002 }
08-01 23:47:39.477  6560  6560 I Input   : injectMotionEvent: MotionEvent { action=ACTION_MOVE, actionButton=0, id[0]=0, x[0]=600.0, y[0]=264.0, toolType[0]=TOOL_TYPE_UNKNOWN, buttonState=0, metaState=0, flags=0x0, edgeFlags=0x0, pointerCount=1, historySize=0, eventTime=484684, downTime=484684, deviceId=0, source=0x1002 }
08-01 23:47:39.493  6560  6560 I Input   : injectMotionEvent: MotionEvent { action=ACTION_MOVE, actionButton=0, id[0]=0, x[0]=600.0, y[0]=264.0, toolType[0]=TOOL_TYPE_UNKNOWN, buttonState=0, metaState=0, flags=0x0, edgeFlags=0x0, pointerCount=1, historySize=0, eventTime=484700, downTime=484700, deviceId=0, source=0x1002 }
08-01 23:47:39.509  6560  6560 I Input   : injectMotionEvent: MotionEvent { action=ACTION_MOVE, actionButton=0, id[0]=0, x[0]=600.0, y[0]=264.0, toolType[0]=TOOL_TYPE_UNKNOWN, buttonState=0, metaState=0, flags=0x0, edgeFlags=0x0, pointerCount=1, historySize=0, eventTime=484717, downTime=484717, deviceId=0, source=0x1002 }
08-01 23:47:39.526  6560  6560 I Input   : injectMotionEvent: MotionEvent { action=ACTION_UP, actionButton=0, id[0]=0, x[0]=600.0, y[0]=264.0, toolType[0]=TOOL_TYPE_UNKNOWN, buttonState=0, metaState=0, flags=0x0, edgeFlags=0x0, pointerCount=1, historySize=0, eventTime=484733, downTime=484733, deviceId=0, source=0x1002 }
08-01 23:47:39.528  6560  6560 D AndroidRuntime: Shutting down VM
08-01 23:47:41.538  2069  2083 E Surface : getSlotFromBufferLocked: unknown buffer: 0xe8734150
08-01 23:47:43.898  6900  6900 D AndroidRuntime: >>>>>> START com.android.internal.os.RuntimeInit uid 0 <<<<<<
08-01 23:47:43.899  6900  6900 D AndroidRuntime: CheckJNI is OFF
08-01 23:47:43.908  6900  6900 D ICU     : No timezone override file found: /data/misc/zoneinfo/current/icu/icu_tzdata.dat
08-01 23:47:43.919  6900  6900 E memtrack: Couldn't load memtrack module (No such file or directory)
08-01 23:47:43.919  6900  6900 E android.os.Debug: failed to load memtrack module: -2
08-01 23:47:43.920  6900  6900 I Radio-JNI: register_android_hardware_Radio DONE
08-01 23:47:43.926  6900  6900 D AndroidRuntime: Calling main entry com.android.commands.uiautomator.Launcher
08-01 23:47:44.945  6900  6900 I AccessibilityNodeInfoDumper: Skipping invisible child: android.view.accessibility.AccessibilityNodeInfo@80010d23; boundsInParent: Rect(0, 0 - 0, 112); boundsInScreen: Rect(1200, 48 - 1200, 160); packageName: uk.co.yahoo.p1rpp.calendartrigger; className: android.widget.LinearLayout; text: null; error: null; maxTextLength: -1; contentDescription: null; viewIdResName: null; checkable: false; checked: false; focusable: false; focused: false; selected: false; clickable: false; longClickable: false; contextClickable: false; enabled: true; password: false; scrollable: false; actions: [AccessibilityAction: ACTION_SELECT - null, AccessibilityAction: ACTION_CLEAR_SELECTION - null, AccessibilityAction: ACTION_ACCESSIBILITY_FOCUS - null, AccessibilityAction: ACTION_UNKNOWN - null]
08-01 23:47:44.947  6900  6900 W AccessibilityNodeInfoDumper: Fetch time: 6ms
08-01 23:47:44.947   619   973 W WindowManager: Attempted to remove non-existing token: android.os.Binder@7e0ccd7
08-01 23:47:44.950  6900  6900 D AndroidRuntime: Shutting down VM
08-01 23:47:46.009  6923  6923 D AndroidRuntime: >>>>>> START com.android.internal.os.RuntimeInit uid 0 <<<<<<
08-01 23:47:46.010  6923  6923 D AndroidRuntime: CheckJNI is OFF
08-01 23:47:46.020  6923  6923 D ICU     : No timezone override file found: /data/misc/zoneinfo/current/icu/icu_tzdata.dat
08-01 23:47:46.032  6923  6923 E memtrack: Couldn't load memtrack module (No such file or directory)
08-01 23:47:46.032  6923  6923 E android.os.Debug: failed to load memtrack module: -2
08-01 23:47:46.033  6923  6923 I Radio-JNI: register_android_hardware_Radio DONE
08-01 23:47:46.041  6923  6923 D AndroidRuntime: Calling main entry com.android.commands.uiautomator.Launcher
08-01 23:47:47.056  6923  6923 I AccessibilityNodeInfoDumper: Skipping invisible child: android.view.accessibility.AccessibilityNodeInfo@80010d2b; boundsInParent: Rect(0, 0 - 0, 112); boundsInScreen: Rect(1200, 48 - 1200, 160); packageName: uk.co.yahoo.p1rpp.calendartrigger; className: android.widget.LinearLayout; text: null; error: null; maxTextLength: -1; contentDescription: null; viewIdResName: null; checkable: false; checked: false; focusable: false; focused: false; selected: false; clickable: false; longClickable: false; contextClickable: false; enabled: true; password: false; scrollable: false; actions: [AccessibilityAction: ACTION_SELECT - null, AccessibilityAction: ACTION_CLEAR_SELECTION - null, AccessibilityAction: ACTION_ACCESSIBILITY_FOCUS - null, AccessibilityAction: ACTION_UNKNOWN - null]
08-01 23:47:47.063  6923  6923 W AccessibilityNodeInfoDumper: Fetch time: 11ms
08-01 23:47:47.063   619  1713 W WindowManager: Attempted to remove non-existing token: android.os.Binder@e6ae9c4
08-01 23:47:47.071  6923  6923 D AndroidRuntime: Shutting down VM
08-01 23:47:47.519  6941  6941 D AndroidRuntime: >>>>>> START com.android.internal.os.RuntimeInit uid 0 <<<<<<
08-01 23:47:47.521  6941  6941 D AndroidRuntime: CheckJNI is OFF
08-01 23:47:47.529  6941  6941 D ICU     : No timezone override file found: /data/misc/zoneinfo/current/icu/icu_tzdata.dat
08-01 23:47:47.542  6941  6941 E memtrack: Couldn't load memtrack module (No such file or directory)
08-01 23:47:47.542  6941  6941 E android.os.Debug: failed to load memtrack module: -2
08-01 23:47:47.543  6941  6941 I Radio-JNI: register_android_hardware_Radio DONE
08-01 23:47:47.548  6941  6941 D AndroidRuntime: Calling main entry com.android.commands.uiautomator.Launcher
08-01 23:47:48.573  6941  6941 I AccessibilityNodeInfoDumper: Skipping invisible child: android.view.accessibility.AccessibilityNodeInfo@80010d33; boundsInParent: Rect(0, 0 - 0, 112); boundsInScreen: Rect(1200, 48 - 1200, 160); packageName: uk.co.yahoo.p1rpp.calendartrigger; className: android.widget.LinearLayout; text: null; error: null; maxTextLength: -1; contentDescription: null; viewIdResName: null; checkable: false; checked: false; focusable: false; focused: false; selected: false; clickable: false; longClickable: false; contextClickable: false; enabled: true; password: false; scrollable: false; actions: [AccessibilityAction: ACTION_SELECT - null, AccessibilityAction: ACTION_CLEAR_SELECTION - null, AccessibilityAction: ACTION_ACCESSIBILITY_FOCUS - null, AccessibilityAction: ACTION_UNKNOWN - null]
08-01 23:47:48.574  6941  6941 W AccessibilityNodeInfoDumper: Fetch time: 6ms
08-01 23:47:48.574   619  1080 W WindowManager: Attempted to remove non-existing token: android.os.Binder@45ddfe2
08-01 23:47:48.578  6941  6941 D AndroidRuntime: Shutting down VM
08-01 23:47:49.614  6965  6965 D AndroidRuntime: >>>>>> START com.android.internal.os.RuntimeInit uid 0 <<<<<<
08-01 23:47:49.615  6965  6965 D AndroidRuntime: CheckJNI is OFF
08-01 23:47:49.627  6965  6965 D ICU     : No timezone override file found: /data/misc/zoneinfo/current/icu/icu_tzdata.dat
08-01 23:47:49.638  6965  6965 E memtrack: Couldn't load memtrack module (No such file or directory)
08-01 23:47:49.638  6965  6965 E android.os.Debug: failed to load memtrack module: -2
08-01 23:47:49.639  6965  6965 I Radio-JNI: register_android_hardware_Radio DONE
08-01 23:47:49.647  6965  6965 D AndroidRuntime: Calling main entry com.android.commands.uiautomator.Launcher
08-01 23:47:50.663  6965  6965 I AccessibilityNodeInfoDumper: Skipping invisible child: android.view.accessibility.AccessibilityNodeInfo@80010d3b; boundsInParent: Rect(0, 0 - 0, 112); boundsInScreen: Rect(1200, 48 - 1200, 160); packageName: uk.co.yahoo.p1rpp.calendartrigger; className: android.widget.LinearLayout; text: null; error: null; maxTextLength: -1; contentDescription: null; viewIdResName: null; checkable: false; checked: false; focusable: false; focused: false; selected: false; clickable: false; longClickable: false; contextClickable: false; enabled: true; password: false; scrollable: false; actions: [AccessibilityAction: ACTION_SELECT - null, AccessibilityAction: ACTION_CLEAR_SELECTION - null, AccessibilityAction: ACTION_ACCESSIBILITY_FOCUS - null, AccessibilityAction: ACTION_UNKNOWN - null]
08-01 23:47:50.667  6965  6965 W AccessibilityNodeInfoDumper: Fetch time: 9ms
08-01 23:47:50.667   619   961 W WindowManager: Attempted to remove non-existing token: android.os.Binder@fb5f73
08-01 23:47:50.674  6965  6965 D AndroidRuntime: Shutting down VM
08-01 23:47:51.780  6993  6993 D AndroidRuntime: >>>>>> START com.android.internal.os.RuntimeInit uid 0 <<<<<<
08-01 23:47:51.781  6993  6993 D AndroidRuntime: CheckJNI is OFF
08-01 23:47:51.793  6993  6993 D ICU     : No timezone override file found: /data/misc/zoneinfo/current/icu/icu_tzdata.dat
08-01 23:47:51.805  6993  6993 E memtrack: Couldn't load memtrack module (No such file or directory)
08-01 23:47:51.805  6993  6993 E android.os.Debug: failed to load memtrack module: -2
08-01 23:47:51.806  6993  6993 I Radio-JNI: register_android_hardware_Radio DONE
08-01 23:47:51.811  6993  6993 D AndroidRuntime: Calling main entry com.android.commands.uiautomator.Launcher
08-01 23:47:52.833  6993  6993 I AccessibilityNodeInfoDumper: Skipping invisible child: android.view.accessibility.AccessibilityNodeInfo@80010d43; boundsInParent: Rect(0, 0 - 0, 112); boundsInScreen: Rect(1200, 48 - 1200, 160); packageName: uk.co.yahoo.p1rpp.calendartrigger; className: android.widget.LinearLayout; text: null; error: null; maxTextLength: -1; contentDescription: null; viewIdResName: null; checkable: false; checked: false; focusable: false; focused: false; selected: false; clickable: false; longClickable: false; contextClickable: false; enabled: true; password: false; scrollable: false; actions: [AccessibilityAction: ACTION_SELECT - null, AccessibilityAction: ACTION_CLEAR_SELECTION - null, AccessibilityAction: ACTION_ACCESSIBILITY_FOCUS - null, AccessibilityAction: ACTION_UNKNOWN - null]
08-01 23:47:52.835  6993  6993 W AccessibilityNodeInfoDumper: Fetch time: 7ms
08-01 23:47:52.836   619   973 W WindowManager: Attempted to remove non-existing token: android.os.Binder@80ede30
08-01 23:47:52.838  6993  6993 D AndroidRuntime: Shutting down VM
08-01 23:47:53.916  7019  7019 D AndroidRuntime: >>>>>> START com.android.internal.os.RuntimeInit uid 0 <<<<<<
08-01 23:47:53.917  7019  7019 D AndroidRuntime: CheckJNI is OFF
08-01 23:47:53.926  7019  7019 D ICU     : No timezone override file found: /data/misc/zoneinfo/current/icu/icu_tzdata.dat
08-01 23:47:53.937  7019  7019 E memtrack: Couldn't load memtrack module (No such file or directory)
08-01 23:47:53.937  7019  7019 E android.os.Debug: failed to load memtrack module: -2
08-01 23:47:53.939  7019  7019 I Radio-JNI: register_android_hardware_Radio DONE
08-01 23:47:53.945  7019  7019 D AndroidRuntime: Calling main entry com.android.commands.uiautomator.Launcher
08-01 23:47:54.960  7019  7019 I AccessibilityNodeInfoDumper: Skipping invisible child: android.view.accessibility.AccessibilityNodeInfo@80010d4c; boundsInParent: Rect(0, 0 - 0, 112); boundsInScreen: Rect(1200, 48 - 1200, 160); packageName: uk.co.yahoo.p1rpp.calendartrigger; className: android.widget.LinearLayout; text: null; error: null; maxTextLength: -1; contentDescription: null; viewIdResName: null; checkable: false; checked: false; focusable: false; focused: false; selected: false; clickable: false; longClickable: false; contextClickable: false; enabled: true; password: false; scrollable: false; actions: [AccessibilityAction: ACTION_SELECT - null, AccessibilityAction: ACTION_CLEAR_SELECTION - null, AccessibilityAction: ACTION_ACCESSIBILITY_FOCUS - null, AccessibilityAction: ACTION_UNKNOWN - null]
08-01 23:47:54.962  7019  7019 W AccessibilityNodeInfoDumper: Fetch time: 7ms
08-01 23:47:54.963   619  1113 W WindowManager: Attempted to remove non-existing token: android.os.Binder@f276aa9
08-01 23:47:54.969  7019  7019 D AndroidRuntime: Shutting down VM
08-01 23:47:55.416  7037  7037 D AndroidRuntime: >>>>>> START com.android.internal.os.RuntimeInit uid 0 <<<<<<
08-01 23:47:55.417  7037  7037 D AndroidRuntime: CheckJNI is OFF
08-01 23:47:55.427  7037  7037 D ICU     : No timezone override file found: /data/misc/zoneinfo/current/icu/icu_tzdata.dat
08-01 23:47:55.440  7037  7037 E memtrack: Couldn't load memtrack module (No such file or directory)
08-01 23:47:55.440  7037  7037 E android.os.Debug: failed to load memtrack module: -2
08-01 23:47:55.442  7037  7037 I Radio-JNI: register_android_hardware_Radio DONE
08-01 23:47:55.450  7037  7037 D AndroidRuntime: Calling main entry com.android.commands.uiautomator.Launcher
08-01 23:47:56.466  7037  7037 I AccessibilityNodeInfoDumper: Skipping invisible child: android.view.accessibility.AccessibilityNodeInfo@80010d54; boundsInParent: Rect(0, 0 - 0, 112); boundsInScreen: Rect(1200, 48 - 1200, 160); packageName: uk.co.yahoo.p1rpp.calendartrigger; className: android.widget.LinearLayout; text: null; error: null; maxTextLength: -1; contentDescription: null; viewIdResName: null; checkable: false; checked: false; focusable: false; focused: false; selected: false; clickable: false; longClickable: false; contextClickable: false; enabled: true; password: false; scrollable: false; actions: [AccessibilityAction: ACTION_SELECT - null, AccessibilityAction: ACTION_CLEAR_SELECTION - null, AccessibilityAction: ACTION_ACCESSIBILITY_FOCUS - null, AccessibilityAction: ACTION_UNKNOWN - null]
08-01 23:47:56.467  7037  7037 W AccessibilityNodeInfoDumper: Fetch time: 5ms
08-01 23:47:56.467   619  1713 W WindowManager: Attempted to remove non-existing token: android.os.Binder@2227fcf
08-01 23:47:56.469  7037  7037 D AndroidRuntime: Shutting down VM
08-01 23:47:57.509  7060  7060 D AndroidRuntime: >>>>>> START com.android.internal.os.RuntimeInit uid 0 <<<<<<
08-01 23:47:57.510  7060  7060 D AndroidRuntime: CheckJNI is OFF
08-01 23:47:57.518  7060  7060 D ICU     : No timezone override file found: /data/misc/zoneinfo/current/icu/icu_tzdata.dat
08-01 23:47:57.529  7060  7060 E memtrack: Couldn't load memtrack module (No such file or directory)
08-01 23:47:57.529  7060  7060 E android.os.Debug: failed to load memtrack module: -2
08-01 23:47:57.530  7060  7060 I Radio-JNI: register_android_hardware_Radio DONE
08-01 23:47:57.536  7060  7060 D AndroidRuntime: Calling main entry com.android.commands.uiautomator.Launcher
08-01 23:47:58.552  7060  7060 I AccessibilityNodeInfoDumper: Skipping invisible child: android.view.accessibility.AccessibilityNodeInfo@80010d5b; boundsInParent: Rect(0, 0 - 0, 112); boundsInScreen: Rect(1200, 48 - 1200, 160); packageName: uk.co.yahoo.p1rpp.calendartrigger; className: android.widget.LinearLayout; text: null; error: null; maxTextLength: -1; contentDescription: null; viewIdResName: null; checkable: false; checked: false; focusable: false; focused: false; selected: false; clickable: false; longClickable: false; contextClickable: false; enabled: true; password: false; scrollable: false; actions: [AccessibilityAction: ACTION_SELECT - null, AccessibilityAction: ACTION_CLEAR_SELECTION - null, AccessibilityAction: ACTION_ACCESSIBILITY_FOCUS - null, AccessibilityAction: ACTION_UNKNOWN - null]
