08-01 23:45:59.568  4298  4298 D AndroidRuntime: CheckJNI is OFF
08-01 23:45:59.576  4298  4298 D ICU     : No timezone override file found: /data/misc/zoneinfo/current/icu/icu_tzdata.dat
08-01 23:45:59.586  4298  4298 E memtrack: Couldn't load memtrack module (No such file or directory)
08-01 23:45:59.586  4298  4298 E android.os.Debug: failed to load memtrack module: -2
08-01 23:45:59.587  4298  4298 I Radio-JNI: register_android_hardware_Radio DONE
08-01 23:45:59.593  4298  4298 D AndroidRuntime: Calling main entry com.android.commands.input.Input
08-01 23:45:59.595  4298  4298 I Input   : injectKeyEvent: KeyEvent { action=ACTION_DOWN, keyCode=KEYCODE_SHIFT_LEFT, scanCode=0, metaState=META_SHIFT_ON|META_SHIFT_LEFT_ON, flags=0x0, repeatCount=0, eventTime=384802, downTime=384802, deviceId=-1, source=0x101 }
08-01 23:45:59.598  4298  4298 I Input   : injectKeyEvent: KeyEvent { action=ACTION_DOWN, keyCode=KEYCODE_T, scanCode=0, metaState=META_SHIFT_ON|META_SHIFT_LEFT_ON, flags=0x0, repeatCount=0, eventTime=384802, downTime=384802, deviceId=-1, source=0x101 }
08-01 23:45:59.599  2069  2069 D leak-33-0: Eastern Standard Time
08-01 23:45:59.599  2069  2069 D leak-27-1: Eastern Standard Time
08-01 23:45:59.599  2069  2069 D leak-32-0: Eastern Standard Time
08-01 23:45:59.599  2069  2069 D leak-26-0: Eastern Standard Time
08-01 23:45:59.599  2069  2069 D leak-27-0: Eastern Standard Time
08-01 23:45:59.616  2069  2069 D leak-34-0: Eastern Standard Time
08-01 23:45:59.616  2069  2069 D leak-26-2: Eastern Standard Time
08-01 23:45:59.616  2069  2069 D leak-27-2: Eastern Standard Time
08-01 23:45:59.616  2069  2069 D leak-28-2: Eastern Standard Time
08-01 23:45:59.624  4298  4298 I Input   : injectKeyEvent: KeyEvent { action=ACTION_UP, keyCode=KEYCODE_T, scanCode=0, metaState=META_SHIFT_ON|META_SHIFT_LEFT_ON, flags=0x0, repeatCount=0, eventTime=384802, downTime=384802, deviceId=-1, source=0x101 }
08-01 23:45:59.627  4298  4298 I Input   : injectKeyEvent: KeyEvent { action=ACTION_UP, keyCode=KEYCODE_SHIFT_LEFT, scanCode=0, metaState=0, flags=0x0, repeatCount=0, eventTime=384802, downTime=384802, deviceId=-1, source=0x101 }
08-01 23:45:59.637  4298  4298 I Input   : injectKeyEvent: KeyEvent { action=ACTION_DOWN, keyCode=KEYCODE_E, scanCode=0, metaState=0, flags=0x0, repeatCount=0, eventTime=384802, downTime=384802, deviceId=-1, source=0x101 }
08-01 23:45:59.637  2069  2069 D leak-33-0: Eastern Standard Time
08-01 23:45:59.637  2069  2069 D leak-26-1: Eastern Standard Time
08-01 23:45:59.637  2069  2069 D leak-27-1: Eastern Standard Time
08-01 23:45:59.637  2069  2069 D leak-28-1: Eastern Standard Time
08-01 23:45:59.637  2069  2069 D leak-32-0: Eastern Standard Time
08-01 23:45:59.637  2069  2069 D leak-26-0: Eastern Standard Time
08-01 23:45:59.637  2069  2069 D leak-27-0: Eastern Standard Time
08-01 23:45:59.637  2069  2069 D leak-28-0: Eastern Standard Time
08-01 23:45:59.638  2069  2069 D leak-34-0: Eastern Standard Time
08-01 23:45:59.638  2069  2069 D leak-26-2: Eastern Standard Time
08-01 23:45:59.638  2069  2069 D leak-27-2: Eastern Standard Time
08-01 23:45:59.638  2069  2069 D leak-28-2: Eastern Standard Time
08-01 23:45:59.640  4298  4298 I Input   : injectKeyEvent: KeyEvent { action=ACTION_UP, keyCode=KEYCODE_E, scanCode=0, metaState=0, flags=0x0, repeatCount=0, eventTime=384802, downTime=384802, deviceId=-1, source=0x101 }
08-01 23:45:59.641  4298  4298 I Input   : injectKeyEvent: KeyEvent { action=ACTION_DOWN, keyCode=KEYCODE_S, scanCode=0, metaState=0, flags=0x0, repeatCount=0, eventTime=384802, downTime=384802, deviceId=-1, source=0x101 }
08-01 23:45:59.641  2069  2069 D leak-33-0: Eastern Standard Time
08-01 23:45:59.641  2069  2069 D leak-26-1: Eastern Standard Time
08-01 23:45:59.641  2069  2069 D leak-27-1: Eastern Standard Time
08-01 23:45:59.641  2069  2069 D leak-28-1: Eastern Standard Time
08-01 23:45:59.641  2069  2069 D leak-32-0: Eastern Standard Time
08-01 23:45:59.641  2069  2069 D leak-26-0: Eastern Standard Time
08-01 23:45:59.641  2069  2069 D leak-27-0: Eastern Standard Time
08-01 23:45:59.641  2069  2069 D leak-28-0: Eastern Standard Time
08-01 23:45:59.645  2069  2069 D leak-34-0: Eastern Standard Time
08-01 23:45:59.645  2069  2069 D leak-26-2: Eastern Standard Time
08-01 23:45:59.645  2069  2069 D leak-27-2: Eastern Standard Time
08-01 23:45:59.645  2069  2069 D leak-28-2: Eastern Standard Time
08-01 23:45:59.663  4298  4298 I Input   : injectKeyEvent: KeyEvent { action=ACTION_UP, keyCode=KEYCODE_S, scanCode=0, metaState=0, flags=0x0, repeatCount=0, eventTime=384802, downTime=384802, deviceId=-1, source=0x101 }
08-01 23:45:59.672  4298  4298 I Input   : injectKeyEvent: KeyEvent { action=ACTION_DOWN, keyCode=KEYCODE_T, scanCode=0, metaState=0, flags=0x0, repeatCount=0, eventTime=384802, downTime=384802, deviceId=-1, source=0x101 }
08-01 23:45:59.673  2069  2069 D leak-33-0: Eastern Standard Time
08-01 23:45:59.673  2069  2069 D leak-26-1: Eastern Standard Time
08-01 23:45:59.673  2069  2069 D leak-27-1: Eastern Standard Time
08-01 23:45:59.673  2069  2069 D leak-28-1: Eastern Standard Time
08-01 23:45:59.674  2069  2069 D leak-32-0: Eastern Standard Time
08-01 23:45:59.674  2069  2069 D leak-26-0: Eastern Standard Time
08-01 23:45:59.674  2069  2069 D leak-27-0: Eastern Standard Time
08-01 23:45:59.674  2069  2069 D leak-28-0: Eastern Standard Time
08-01 23:45:59.680  2069  2069 D leak-34-0: Eastern Standard Time
08-01 23:45:59.680  2069  2069 D leak-26-2: Eastern Standard Time
08-01 23:45:59.680  2069  2069 D leak-27-2: Eastern Standard Time
08-01 23:45:59.680  2069  2069 D leak-28-2: Eastern Standard Time
08-01 23:45:59.685  4298  4298 I Input   : injectKeyEvent: KeyEvent { action=ACTION_UP, keyCode=KEYCODE_T, scanCode=0, metaState=0, flags=0x0, repeatCount=0, eventTime=384802, downTime=384802, deviceId=-1, source=0x101 }
08-01 23:45:59.704  4298  4298 I Input   : injectKeyEvent: KeyEvent { action=ACTION_DOWN, keyCode=KEYCODE_SHIFT_LEFT, scanCode=0, metaState=META_SHIFT_ON|META_SHIFT_LEFT_ON, flags=0x0, repeatCount=0, eventTime=384802, downTime=384802, deviceId=-1, source=0x101 }
08-01 23:45:59.709  4298  4298 I Input   : injectKeyEvent: KeyEvent { action=ACTION_DOWN, keyCode=KEYCODE_T, scanCode=0, metaState=META_SHIFT_ON|META_SHIFT_LEFT_ON, flags=0x0, repeatCount=0, eventTime=384802, downTime=384802, deviceId=-1, source=0x101 }
08-01 23:45:59.731  2069  2069 D leak-33-0: Eastern Standard Time
08-01 23:45:59.731  2069  2069 D leak-26-1: Eastern Standard Time
08-01 23:45:59.731  2069  2069 D leak-27-1: Eastern Standard Time
08-01 23:45:59.731  2069  2069 D leak-28-1: Eastern Standard Time
08-01 23:45:59.732  2069  2069 D leak-32-0: Eastern Standard Time
08-01 23:45:59.732  2069  2069 D leak-26-0: Eastern Standard Time
08-01 23:45:59.732  2069  2069 D leak-27-0: Eastern Standard Time
08-01 23:45:59.732  2069  2069 D leak-28-0: Eastern Standard Time
08-01 23:45:59.739  2069  2069 D leak-34-0: Eastern Standard Time
08-01 23:45:59.744  2069  2069 D leak-26-2: Eastern Standard Time
08-01 23:45:59.744  2069  2069 D leak-27-2: Eastern Standard Time
08-01 23:45:59.744  2069  2069 D leak-28-2: Eastern Standard Time
08-01 23:45:59.763  4298  4298 I Input   : injectKeyEvent: KeyEvent { action=ACTION_UP, keyCode=KEYCODE_T, scanCode=0, metaState=META_SHIFT_ON|META_SHIFT_LEFT_ON, flags=0x0, repeatCount=0, eventTime=384802, downTime=384802, deviceId=-1, source=0x101 }
08-01 23:45:59.774  4298  4298 I Input   : injectKeyEvent: KeyEvent { action=ACTION_UP, keyCode=KEYCODE_SHIFT_LEFT, scanCode=0, metaState=0, flags=0x0, repeatCount=0, eventTime=384802, downTime=384802, deviceId=-1, source=0x101 }
08-01 23:45:59.818  4298  4298 I Input   : injectKeyEvent: KeyEvent { action=ACTION_DOWN, keyCode=KEYCODE_E, scanCode=0, metaState=0, flags=0x0, repeatCount=0, eventTime=384802, downTime=384802, deviceId=-1, source=0x101 }
08-01 23:45:59.819  2069  2069 D leak-33-0: Eastern Standard Time
08-01 23:45:59.819  2069  2069 D leak-26-1: Eastern Standard Time
08-01 23:45:59.819  2069  2069 D leak-27-1: Eastern Standard Time
08-01 23:45:59.819  2069  2069 D leak-28-1: Eastern Standard Time
08-01 23:45:59.819  2069  2069 D leak-32-0: Eastern Standard Time
08-01 23:45:59.819  2069  2069 D leak-26-0: Eastern Standard Time
08-01 23:45:59.819  2069  2069 D leak-27-0: Eastern Standard Time
08-01 23:45:59.819  2069  2069 D leak-28-0: Eastern Standard Time
08-01 23:45:59.820  2069  2069 D leak-34-0: Eastern Standard Time
08-01 23:45:59.820  2069  2069 D leak-26-2: Eastern Standard Time
08-01 23:45:59.820  2069  2069 D leak-27-2: Eastern Standard Time
08-01 23:45:59.820  2069  2069 D leak-28-2: Eastern Standard Time
08-01 23:45:59.821  4298  4298 I Input   : injectKeyEvent: KeyEvent { action=ACTION_UP, keyCode=KEYCODE_E, scanCode=0, metaState=0, flags=0x0, repeatCount=0, eventTime=384802, downTime=384802, deviceId=-1, source=0x101 }
08-01 23:45:59.848  4298  4298 I Input   : injectKeyEvent: KeyEvent { action=ACTION_DOWN, keyCode=KEYCODE_S, scanCode=0, metaState=0, flags=0x0, repeatCount=0, eventTime=384802, downTime=384802, deviceId=-1, source=0x101 }
08-01 23:45:59.856  2069  2069 D leak-33-0: Eastern Standard Time
08-01 23:45:59.856  2069  2069 D leak-26-1: Eastern Standard Time
08-01 23:45:59.856  2069  2069 D leak-27-1: Eastern Standard Time
08-01 23:45:59.856  2069  2069 D leak-28-1: Eastern Standard Time
08-01 23:45:59.856  2069  2069 D leak-32-0: Eastern Standard Time
08-01 23:45:59.856  2069  2069 D leak-26-0: Eastern Standard Time
08-01 23:45:59.856  2069  2069 D leak-27-0: Eastern Standard Time
08-01 23:45:59.856  2069  2069 D leak-28-0: Eastern Standard Time
08-01 23:45:59.891  2069  2069 D leak-34-0: Eastern Standard Time
08-01 23:45:59.891  2069  2069 D leak-26-2: Eastern Standard Time
08-01 23:45:59.891  2069  2069 D leak-27-2: Eastern Standard Time
08-01 23:45:59.891  2069  2069 D leak-28-2: Eastern Standard Time
08-01 23:45:59.895  4298  4298 I Input   : injectKeyEvent: KeyEvent { action=ACTION_UP, keyCode=KEYCODE_S, scanCode=0, metaState=0, flags=0x0, repeatCount=0, eventTime=384802, downTime=384802, deviceId=-1, source=0x101 }
08-01 23:45:59.925  4298  4298 I Input   : injectKeyEvent: KeyEvent { action=ACTION_DOWN, keyCode=KEYCODE_T, scanCode=0, metaState=0, flags=0x0, repeatCount=0, eventTime=384802, downTime=384802, deviceId=-1, source=0x101 }
08-01 23:45:59.931  2069  2069 D leak-33-0: Eastern Standard Time
08-01 23:45:59.931  2069  2069 D leak-26-1: Eastern Standard Time
08-01 23:45:59.931  2069  2069 D leak-27-1: Eastern Standard Time
08-01 23:45:59.931  2069  2069 D leak-28-1: Eastern Standard Time
08-01 23:45:59.931  2069  2069 D leak-32-0: Eastern Standard Time
08-01 23:45:59.931  2069  2069 D leak-26-0: Eastern Standard Time
08-01 23:45:59.931  2069  2069 D leak-27-0: Eastern Standard Time
08-01 23:45:59.931  2069  2069 D leak-28-0: Eastern Standard Time
08-01 23:45:59.932  2069  2069 D leak-34-0: Eastern Standard Time
08-01 23:45:59.932  2069  2069 D leak-26-2: Eastern Standard Time
08-01 23:45:59.932  2069  2069 D leak-27-2: Eastern Standard Time
08-01 23:45:59.932  2069  2069 D leak-28-2: Eastern Standard Time
08-01 23:45:59.936  4298  4298 I Input   : injectKeyEvent: KeyEvent { action=ACTION_UP, keyCode=KEYCODE_T, scanCode=0, metaState=0, flags=0x0, repeatCount=0, eventTime=384802, downTime=384802, deviceId=-1, source=0x101 }
08-01 23:45:59.959  4298  4298 I Input   : injectKeyEvent: KeyEvent { action=ACTION_DOWN, keyCode=KEYCODE_SPACE, scanCode=0, metaState=0, flags=0x0, repeatCount=0, eventTime=384802, downTime=384802, deviceId=-1, source=0x101 }
08-01 23:45:59.960  2069  2069 D leak-33-0: Eastern Standard Time
08-01 23:45:59.960  2069  2069 D leak-26-1: Eastern Standard Time
08-01 23:45:59.960  2069  2069 D leak-27-1: Eastern Standard Time
08-01 23:45:59.960  2069  2069 D leak-28-1: Eastern Standard Time
08-01 23:45:59.960  2069  2069 D leak-32-0: Eastern Standard Time
08-01 23:45:59.960  2069  2069 D leak-26-0: Eastern Standard Time
08-01 23:45:59.960  2069  2069 D leak-27-0: Eastern Standard Time
08-01 23:45:59.962  2069  2069 D leak-28-0: Eastern Standard Time
08-01 23:45:59.979  2069  2069 D leak-34-0: Eastern Standard Time
08-01 23:45:59.979  2069  2069 D leak-26-2: Eastern Standard Time
08-01 23:45:59.979  2069  2069 D leak-27-2: Eastern Standard Time
08-01 23:45:59.979  2069  2069 D leak-28-2: Eastern Standard Time
08-01 23:45:59.985  4298  4298 I Input   : injectKeyEvent: KeyEvent { action=ACTION_UP, keyCode=KEYCODE_SPACE, scanCode=0, metaState=0, flags=0x0, repeatCount=0, eventTime=384802, downTime=384802, deviceId=-1, source=0x101 }
08-01 23:45:59.993  4298  4298 I Input   : injectKeyEvent: KeyEvent { action=ACTION_DOWN, keyCode=KEYCODE_SHIFT_LEFT, scanCode=0, metaState=META_SHIFT_ON|META_SHIFT_LEFT_ON, flags=0x0, repeatCount=0, eventTime=384802, downTime=384802, deviceId=-1, source=0x101 }
08-01 23:45:59.994   976  1213 I LatinIME:LogUtils: Dictionary info: dictionary = spellcheck_contacts.en_US ; version = 1564717559 ; date = ?
08-01 23:46:00.008   619   631 I AccountManagerService: getTypesVisibleToCaller: isPermitted? true
08-01 23:46:00.056  4298  4298 I Input   : injectKeyEvent: KeyEvent { action=ACTION_DOWN, keyCode=KEYCODE_T, scanCode=0, metaState=META_SHIFT_ON|META_SHIFT_LEFT_ON, flags=0x0, repeatCount=0, eventTime=384802, downTime=384802, deviceId=-1, source=0x101 }
08-01 23:46:00.057  2069  2069 D leak-33-0: Eastern Standard Time
08-01 23:46:00.057  2069  2069 D leak-26-1: Eastern Standard Time
08-01 23:46:00.057  2069  2069 D leak-27-1: Eastern Standard Time
08-01 23:46:00.057  2069  2069 D leak-28-1: Eastern Standard Time
08-01 23:46:00.057  2069  2069 D leak-32-0: Eastern Standard Time
08-01 23:46:00.057  2069  2069 D leak-26-0: Eastern Standard Time
08-01 23:46:00.057  2069  2069 D leak-27-0: Eastern Standard Time
08-01 23:46:00.057  2069  2069 D leak-28-0: Eastern Standard Time
08-01 23:46:00.069  2069  2069 D leak-34-0: Eastern Standard Time
08-01 23:46:00.069  2069  2069 D leak-26-2: Eastern Standard Time
08-01 23:46:00.069  2069  2069 D leak-27-2: Eastern Standard Time
08-01 23:46:00.069  2069  2069 D leak-28-2: Eastern Standard Time
08-01 23:46:00.075  4298  4298 I Input   : injectKeyEvent: KeyEvent { action=ACTION_UP, keyCode=KEYCODE_T, scanCode=0, metaState=META_SHIFT_ON|META_SHIFT_LEFT_ON, flags=0x0, repeatCount=0, eventTime=384802, downTime=384802, deviceId=-1, source=0x101 }
08-01 23:46:00.108  4298  4298 I Input   : injectKeyEvent: KeyEvent { action=ACTION_UP, keyCode=KEYCODE_SHIFT_LEFT, scanCode=0, metaState=0, flags=0x0, repeatCount=0, eventTime=384802, downTime=384802, deviceId=-1, source=0x101 }
08-01 23:46:00.111  4298  4298 I Input   : injectKeyEvent: KeyEvent { action=ACTION_DOWN, keyCode=KEYCODE_E, scanCode=0, metaState=0, flags=0x0, repeatCount=0, eventTime=384802, downTime=384802, deviceId=-1, source=0x101 }
08-01 23:46:00.116  2069  2069 D leak-33-0: Eastern Standard Time
08-01 23:46:00.120  2069  2069 D leak-26-1: Eastern Standard Time
08-01 23:46:00.120  2069  2069 D leak-27-1: Eastern Standard Time
08-01 23:46:00.120  2069  2069 D leak-28-1: Eastern Standard Time
08-01 23:46:00.120  2069  2069 D leak-32-0: Eastern Standard Time
08-01 23:46:00.120  2069  2069 D leak-26-0: Eastern Standard Time
08-01 23:46:00.120  2069  2069 D leak-27-0: Eastern Standard Time
08-01 23:46:00.120  2069  2069 D leak-28-0: Eastern Standard Time
08-01 23:46:00.124  2069  2069 D leak-34-0: Eastern Standard Time
08-01 23:46:00.128  2069  2069 D leak-26-2: Eastern Standard Time
08-01 23:46:00.128  2069  2069 D leak-27-2: Eastern Standard Time
08-01 23:46:00.128  2069  2069 D leak-28-2: Eastern Standard Time
08-01 23:46:00.129  4298  4298 I Input   : injectKeyEvent: KeyEvent { action=ACTION_UP, keyCode=KEYCODE_E, scanCode=0, metaState=0, flags=0x0, repeatCount=0, eventTime=384802, downTime=384802, deviceId=-1, source=0x101 }
08-01 23:46:00.153   976  1213 I LatinIME:LogUtils: Dictionary info: dictionary = spellcheck_userunigram.en_US ; version = 1564717560 ; date = ?
08-01 23:46:00.167  4298  4298 I Input   : injectKeyEvent: KeyEvent { action=ACTION_DOWN, keyCode=KEYCODE_S, scanCode=0, metaState=0, flags=0x0, repeatCount=0, eventTime=384802, downTime=384802, deviceId=-1, source=0x101 }
08-01 23:46:00.167  2069  2069 D leak-33-0: Eastern Standard Time
08-01 23:46:00.167  2069  2069 D leak-26-1: Eastern Standard Time
08-01 23:46:00.167  2069  2069 D leak-27-1: Eastern Standard Time
08-01 23:46:00.167  2069  2069 D leak-28-1: Eastern Standard Time
08-01 23:46:00.168  2069  2069 D leak-32-0: Eastern Standard Time
08-01 23:46:00.168  2069  2069 D leak-26-0: Eastern Standard Time
08-01 23:46:00.168  2069  2069 D leak-27-0: Eastern Standard Time
08-01 23:46:00.168  2069  2069 D leak-28-0: Eastern Standard Time
08-01 23:46:00.169  2069  2069 D leak-34-0: Eastern Standard Time
08-01 23:46:00.169  2069  2069 D leak-26-2: Eastern Standard Time
08-01 23:46:00.169  2069  2069 D leak-27-2: Eastern Standard Time
08-01 23:46:00.169  2069  2069 D leak-28-2: Eastern Standard Time
08-01 23:46:00.171  4298  4298 I Input   : injectKeyEvent: KeyEvent { action=ACTION_UP, keyCode=KEYCODE_S, scanCode=0, metaState=0, flags=0x0, repeatCount=0, eventTime=384802, downTime=384802, deviceId=-1, source=0x101 }
08-01 23:46:00.201  4298  4298 I Input   : injectKeyEvent: KeyEvent { action=ACTION_DOWN, keyCode=KEYCODE_T, scanCode=0, metaState=0, flags=0x0, repeatCount=0, eventTime=384802, downTime=384802, deviceId=-1, source=0x101 }
08-01 23:46:00.215   976  1213 I LatinIME:LogUtils: Dictionary info: dictionary = main:en ; version = 54 ; date = 1414726273
08-01 23:46:00.232  2069  2069 D leak-33-0: Eastern Standard Time
08-01 23:46:00.232  2069  2069 D leak-26-1: Eastern Standard Time
08-01 23:46:00.232  2069  2069 D leak-27-1: Eastern Standard Time
08-01 23:46:00.232  2069  2069 D leak-28-1: Eastern Standard Time
08-01 23:46:00.232  2069  2069 D leak-32-0: Eastern Standard Time
08-01 23:46:00.232  2069  2069 D leak-26-0: Eastern Standard Time
08-01 23:46:00.232  2069  2069 D leak-27-0: Eastern Standard Time
08-01 23:46:00.232  2069  2069 D leak-28-0: Eastern Standard Time
08-01 23:46:00.237  2069  2069 D leak-34-0: Eastern Standard Time
08-01 23:46:00.237  2069  2069 D leak-26-2: Eastern Standard Time
08-01 23:46:00.237  2069  2069 D leak-27-2: Eastern Standard Time
08-01 23:46:00.237  2069  2069 D leak-28-2: Eastern Standard Time
08-01 23:46:00.238  4298  4298 I Input   : injectKeyEvent: KeyEvent { action=ACTION_UP, keyCode=KEYCODE_T, scanCode=0, metaState=0, flags=0x0, repeatCount=0, eventTime=384802, downTime=384802, deviceId=-1, source=0x101 }
08-01 23:46:00.239  4298  4298 D AndroidRuntime: Shutting down VM
08-01 23:46:02.094  4632  4632 D AndroidRuntime: >>>>>> START com.android.internal.os.RuntimeInit uid 0 <<<<<<
08-01 23:46:02.096  4632  4632 D AndroidRuntime: CheckJNI is OFF
08-01 23:46:02.110  4632  4632 D ICU     : No timezone override file found: /data/misc/zoneinfo/current/icu/icu_tzdata.dat
08-01 23:46:02.137  4632  4632 E memtrack: Couldn't load memtrack module (No such file or directory)
08-01 23:46:02.137  4632  4632 E android.os.Debug: failed to load memtrack module: -2
08-01 23:46:02.143  4632  4632 I Radio-JNI: register_android_hardware_Radio DONE
08-01 23:46:02.153  4632  4632 D AndroidRuntime: Calling main entry com.android.commands.uiautomator.Launcher
08-01 23:46:03.175  4632  4632 W AccessibilityNodeInfoDumper: Fetch time: 2ms
08-01 23:46:03.175   619  1298 W WindowManager: Attempted to remove non-existing token: android.os.Binder@9fc38be
08-01 23:46:03.182  4632  4632 D AndroidRuntime: Shutting down VM
08-01 23:46:04.235  4655  4655 D AndroidRuntime: >>>>>> START com.android.internal.os.RuntimeInit uid 0 <<<<<<
08-01 23:46:04.236  4655  4655 D AndroidRuntime: CheckJNI is OFF
08-01 23:46:04.246  4655  4655 D ICU     : No timezone override file found: /data/misc/zoneinfo/current/icu/icu_tzdata.dat
08-01 23:46:04.257  4655  4655 E memtrack: Couldn't load memtrack module (No such file or directory)
08-01 23:46:04.257  4655  4655 E android.os.Debug: failed to load memtrack module: -2
08-01 23:46:04.258  4655  4655 I Radio-JNI: register_android_hardware_Radio DONE
08-01 23:46:04.270  4655  4655 D AndroidRuntime: Calling main entry com.android.commands.uiautomator.Launcher
08-01 23:46:05.291  4655  4655 W AccessibilityNodeInfoDumper: Fetch time: 1ms
08-01 23:46:05.292   619  1070 W WindowManager: Attempted to remove non-existing token: android.os.Binder@aa23d1f
08-01 23:46:05.307  4655  4655 D AndroidRuntime: Shutting down VM
08-01 23:46:05.759  4672  4672 D AndroidRuntime: >>>>>> START com.android.internal.os.RuntimeInit uid 0 <<<<<<
08-01 23:46:05.760  4672  4672 D AndroidRuntime: CheckJNI is OFF
08-01 23:46:05.770  4672  4672 D ICU     : No timezone override file found: /data/misc/zoneinfo/current/icu/icu_tzdata.dat
08-01 23:46:05.784  4672  4672 E memtrack: Couldn't load memtrack module (No such file or directory)
08-01 23:46:05.784  4672  4672 E android.os.Debug: failed to load memtrack module: -2
08-01 23:46:05.785  4672  4672 I Radio-JNI: register_android_hardware_Radio DONE
08-01 23:46:05.790  4672  4672 D AndroidRuntime: Calling main entry com.android.commands.uiautomator.Launcher
08-01 23:46:06.804  4672  4672 W AccessibilityNodeInfoDumper: Fetch time: 2ms
08-01 23:46:06.804   619   961 W WindowManager: Attempted to remove non-existing token: android.os.Binder@aada86c
08-01 23:46:06.816  4672  4672 D AndroidRuntime: Shutting down VM
08-01 23:46:07.901  4697  4697 D AndroidRuntime: >>>>>> START com.android.internal.os.RuntimeInit uid 0 <<<<<<
08-01 23:46:07.902  4697  4697 D AndroidRuntime: CheckJNI is OFF
08-01 23:46:07.911  4697  4697 D ICU     : No timezone override file found: /data/misc/zoneinfo/current/icu/icu_tzdata.dat
08-01 23:46:07.922  4697  4697 E memtrack: Couldn't load memtrack module (No such file or directory)
08-01 23:46:07.923  4697  4697 E android.os.Debug: failed to load memtrack module: -2
08-01 23:46:07.923  4697  4697 I Radio-JNI: register_android_hardware_Radio DONE
08-01 23:46:07.928  4697  4697 D AndroidRuntime: Calling main entry com.android.commands.uiautomator.Launcher
08-01 23:46:08.949  4697  4697 W AccessibilityNodeInfoDumper: Fetch time: 1ms
08-01 23:46:08.949   619  1032 W WindowManager: Attempted to remove non-existing token: android.os.Binder@4c9ce35
08-01 23:46:08.963  4697  4697 D AndroidRuntime: Shutting down VM
08-01 23:46:09.425  4715  4715 D AndroidRuntime: >>>>>> START com.android.internal.os.RuntimeInit uid 0 <<<<<<
08-01 23:46:09.426  4715  4715 D AndroidRuntime: CheckJNI is OFF
08-01 23:46:09.435  4715  4715 D ICU     : No timezone override file found: /data/misc/zoneinfo/current/icu/icu_tzdata.dat
08-01 23:46:09.445  4715  4715 E memtrack: Couldn't load memtrack module (No such file or directory)
08-01 23:46:09.445  4715  4715 E android.os.Debug: failed to load memtrack module: -2
08-01 23:46:09.446  4715  4715 I Radio-JNI: register_android_hardware_Radio DONE
08-01 23:46:09.454  4715  4715 D AndroidRuntime: Calling main entry com.android.commands.uiautomator.Launcher
08-01 23:46:10.469  4715  4715 W AccessibilityNodeInfoDumper: Fetch time: 1ms
08-01 23:46:10.469   619  1713 W WindowManager: Attempted to remove non-existing token: android.os.Binder@8378c3b
08-01 23:46:10.480  4715  4715 D AndroidRuntime: Shutting down VM
08-01 23:46:10.874  4728  4728 D AndroidRuntime: >>>>>> START com.android.internal.os.RuntimeInit uid 0 <<<<<<
08-01 23:46:10.876  4728  4728 D AndroidRuntime: CheckJNI is OFF
08-01 23:46:10.886  4728  4728 D ICU     : No timezone override file found: /data/misc/zoneinfo/current/icu/icu_tzdata.dat
08-01 23:46:10.896  4728  4728 E memtrack: Couldn't load memtrack module (No such file or directory)
08-01 23:46:10.896  4728  4728 E android.os.Debug: failed to load memtrack module: -2
08-01 23:46:10.897  4728  4728 I Radio-JNI: register_android_hardware_Radio DONE
08-01 23:46:10.905  4728  4728 D AndroidRuntime: Calling main entry com.android.commands.input.Input
08-01 23:46:10.906  4728  4728 I Input   : injectMotionEvent: MotionEvent { action=ACTION_DOWN, actionButton=0, id[0]=0, x[0]=520.0, y[0]=1041.0, toolType[0]=TOOL_TYPE_UNKNOWN, buttonState=0, metaState=0, flags=0x0, edgeFlags=0x0, pointerCount=1, historySize=0, eventTime=396112, downTime=396112, deviceId=0, source=0x1002 }
08-01 23:46:10.925  4728  4728 I Input   : injectMotionEvent: MotionEvent { action=ACTION_UP, actionButton=0, id[0]=0, x[0]=520.0, y[0]=1041.0, toolType[0]=TOOL_TYPE_UNKNOWN, buttonState=0, metaState=0, flags=0x0, edgeFlags=0x0, pointerCount=1, historySize=0, eventTime=396112, downTime=396112, deviceId=0, source=0x1002 }
08-01 23:46:10.925  4728  4728 D AndroidRuntime: Shutting down VM
08-01 23:46:10.928  2069  2069 D leak-31-0: Eastern Standard Time
08-01 23:46:10.928  2069  2069 D leak-25-0: Eastern Standard Time
08-01 23:46:10.942   619   703 W AudioTrack: AUDIO_OUTPUT_FLAG_FAST denied by client; transfer 4, track 48000 Hz, output 44100 Hz
08-01 23:46:10.948   619   632 I ActivityManager: START u0 {cmp=uk.co.yahoo.p1rpp.calendartrigger/.activites.EditActivity (has extras)} from uid 10060 on display 0
08-01 23:46:10.966  2069  2083 E Surface : getSlotFromBufferLocked: unknown buffer: 0xe8734380
08-01 23:46:10.999  2069  2069 D leak-368-0: Eastern Standard Time
08-01 23:46:11.004  2069  2069 D leak-368-2: Eastern Standard Time
08-01 23:46:11.004  2069  2069 D leak-370-2: Eastern Standard Time
08-01 23:46:11.005  2069  2069 D leak-368-1: Eastern Standard Time
08-01 23:46:11.005  2069  2069 D leak-369-1: Eastern Standard Time
08-01 23:46:11.005  2069  2069 D leak-370-1: Eastern Standard Time
08-01 23:46:11.057  2069  2083 W EGL_emulation: eglSurfaceAttrib not implemented
08-01 23:46:11.057  2069  2083 W OpenGLRenderer: Failed to set EGL_SWAP_BEHAVIOR on surface 0xe0ac9520, error=EGL_SUCCESS
08-01 23:46:11.123   619   641 I ActivityManager: Displayed uk.co.yahoo.p1rpp.calendartrigger/.activites.EditActivity: +126ms
08-01 23:46:11.131  2069  2083 E Surface : getSlotFromBufferLocked: unknown buffer: 0xe87342a0
08-01 23:46:11.363   485   485 W SurfaceFlinger: couldn't log to binary event log: overflow.
08-01 23:46:15.862  5066  5066 D AndroidRuntime: >>>>>> START com.android.internal.os.RuntimeInit uid 0 <<<<<<
08-01 23:46:15.864  5066  5066 D AndroidRuntime: CheckJNI is OFF
08-01 23:46:15.872  5066  5066 D ICU     : No timezone override file found: /data/misc/zoneinfo/current/icu/icu_tzdata.dat
08-01 23:46:15.884  5066  5066 E memtrack: Couldn't load memtrack module (No such file or directory)
08-01 23:46:15.884  5066  5066 E android.os.Debug: failed to load memtrack module: -2
08-01 23:46:15.885  5066  5066 I Radio-JNI: register_android_hardware_Radio DONE
08-01 23:46:15.891  5066  5066 D AndroidRuntime: Calling main entry com.android.commands.uiautomator.Launcher
08-01 23:46:16.905  5066  5066 I AccessibilityNodeInfoDumper: Skipping invisible child: android.view.accessibility.AccessibilityNodeInfo@80010be9; boundsInParent: Rect(0, 0 - 0, 112); boundsInScreen: Rect(1200, 48 - 1200, 160); packageName: uk.co.yahoo.p1rpp.calendartrigger; className: android.widget.LinearLayout; text: null; error: null; maxTextLength: -1; contentDescription: null; viewIdResName: null; checkable: false; checked: false; focusable: false; focused: false; selected: false; clickable: false; longClickable: false; contextClickable: false; enabled: true; password: false; scrollable: false; actions: [AccessibilityAction: ACTION_SELECT - null, AccessibilityAction: ACTION_CLEAR_SELECTION - null, AccessibilityAction: ACTION_ACCESSIBILITY_FOCUS - null, AccessibilityAction: ACTION_UNKNOWN - null]
08-01 23:46:16.907  5066  5066 W AccessibilityNodeInfoDumper: Fetch time: 7ms
08-01 23:46:16.908   619   631 W WindowManager: Attempted to remove non-existing token: android.os.Binder@6cdd27a
08-01 23:46:16.917  5066  5066 D AndroidRuntime: Shutting down VM
08-01 23:46:17.971  5089  5089 D AndroidRuntime: >>>>>> START com.android.internal.os.RuntimeInit uid 0 <<<<<<
08-01 23:46:17.973  5089  5089 D AndroidRuntime: CheckJNI is OFF
08-01 23:46:17.981  5089  5089 D ICU     : No timezone override file found: /data/misc/zoneinfo/current/icu/icu_tzdata.dat
08-01 23:46:17.992  5089  5089 E memtrack: Couldn't load memtrack module (No such file or directory)
08-01 23:46:17.992  5089  5089 E android.os.Debug: failed to load memtrack module: -2
08-01 23:46:17.993  5089  5089 I Radio-JNI: register_android_hardware_Radio DONE
08-01 23:46:17.999  5089  5089 D AndroidRuntime: Calling main entry com.android.commands.uiautomator.Launcher
08-01 23:46:19.013  5089  5089 I AccessibilityNodeInfoDumper: Skipping invisible child: android.view.accessibility.AccessibilityNodeInfo@80010bf2; boundsInParent: Rect(0, 0 - 0, 112); boundsInScreen: Rect(1200, 48 - 1200, 160); packageName: uk.co.yahoo.p1rpp.calendartrigger; className: android.widget.LinearLayout; text: null; error: null; maxTextLength: -1; contentDescription: null; viewIdResName: null; checkable: false; checked: false; focusable: false; focused: false; selected: false; clickable: false; longClickable: false; contextClickable: false; enabled: true; password: false; scrollable: false; actions: [AccessibilityAction: ACTION_SELECT - null, AccessibilityAction: ACTION_CLEAR_SELECTION - null, AccessibilityAction: ACTION_ACCESSIBILITY_FOCUS - null, AccessibilityAction: ACTION_UNKNOWN - null]
08-01 23:46:19.014  5089  5089 W AccessibilityNodeInfoDumper: Fetch time: 5ms
08-01 23:46:19.015   619  1070 W WindowManager: Attempted to remove non-existing token: android.os.Binder@1ffa2b
08-01 23:46:19.019  5089  5089 D AndroidRuntime: Shutting down VM
08-01 23:46:19.471  5107  5107 D AndroidRuntime: >>>>>> START com.android.internal.os.RuntimeInit uid 0 <<<<<<
08-01 23:46:19.472  5107  5107 D AndroidRuntime: CheckJNI is OFF
08-01 23:46:19.480  5107  5107 D ICU     : No timezone override file found: /data/misc/zoneinfo/current/icu/icu_tzdata.dat
08-01 23:46:19.491  5107  5107 E memtrack: Couldn't load memtrack module (No such file or directory)
08-01 23:46:19.491  5107  5107 E android.os.Debug: failed to load memtrack module: -2
08-01 23:46:19.492  5107  5107 I Radio-JNI: register_android_hardware_Radio DONE
08-01 23:46:19.501  5107  5107 D AndroidRuntime: Calling main entry com.android.commands.uiautomator.Launcher
08-01 23:46:20.523  5107  5107 I AccessibilityNodeInfoDumper: Skipping invisible child: android.view.accessibility.AccessibilityNodeInfo@80010bfa; boundsInParent: Rect(0, 0 - 0, 112); boundsInScreen: Rect(1200, 48 - 1200, 160); packageName: uk.co.yahoo.p1rpp.calendartrigger; className: android.widget.LinearLayout; text: null; error: null; maxTextLength: -1; contentDescription: null; viewIdResName: null; checkable: false; checked: false; focusable: false; focused: false; selected: false; clickable: false; longClickable: false; contextClickable: false; enabled: true; password: false; scrollable: false; actions: [AccessibilityAction: ACTION_SELECT - null, AccessibilityAction: ACTION_CLEAR_SELECTION - null, AccessibilityAction: ACTION_ACCESSIBILITY_FOCUS - null, AccessibilityAction: ACTION_UNKNOWN - null]
08-01 23:46:20.524  5107  5107 W AccessibilityNodeInfoDumper: Fetch time: 6ms
08-01 23:46:20.525   619  1113 W WindowManager: Attempted to remove non-existing token: android.os.Binder@418ce88
08-01 23:46:20.527  5107  5107 D AndroidRuntime: Shutting down VM
08-01 23:46:21.569  5130  5130 D AndroidRuntime: >>>>>> START com.android.internal.os.RuntimeInit uid 0 <<<<<<
08-01 23:46:21.571  5130  5130 D AndroidRuntime: CheckJNI is OFF
08-01 23:46:21.580  5130  5130 D ICU     : No timezone override file found: /data/misc/zoneinfo/current/icu/icu_tzdata.dat
08-01 23:46:21.593  5130  5130 E memtrack: Couldn't load memtrack module (No such file or directory)
08-01 23:46:21.593  5130  5130 E android.os.Debug: failed to load memtrack module: -2
08-01 23:46:21.594  5130  5130 I Radio-JNI: register_android_hardware_Radio DONE
08-01 23:46:21.600  5130  5130 D AndroidRuntime: Calling main entry com.android.commands.uiautomator.Launcher
08-01 23:46:22.623  5130  5130 I AccessibilityNodeInfoDumper: Skipping invisible child: android.view.accessibility.AccessibilityNodeInfo@80010c03; boundsInParent: Rect(0, 0 - 0, 112); boundsInScreen: Rect(1200, 48 - 1200, 160); packageName: uk.co.yahoo.p1rpp.calendartrigger; className: android.widget.LinearLayout; text: null; error: null; maxTextLength: -1; contentDescription: null; viewIdResName: null; checkable: false; checked: false; focusable: false; focused: false; selected: false; clickable: false; longClickable: false; contextClickable: false; enabled: true; password: false; scrollable: false; actions: [AccessibilityAction: ACTION_SELECT - null, AccessibilityAction: ACTION_CLEAR_SELECTION - null, AccessibilityAction: ACTION_ACCESSIBILITY_FOCUS - null, AccessibilityAction: ACTION_UNKNOWN - null]
08-01 23:46:22.625  5130  5130 W AccessibilityNodeInfoDumper: Fetch time: 6ms
08-01 23:46:22.625   619   973 W WindowManager: Attempted to remove non-existing token: android.os.Binder@2ad9021
08-01 23:46:22.628  5130  5130 D AndroidRuntime: Shutting down VM
08-01 23:46:23.759  5158  5158 D AndroidRuntime: >>>>>> START com.android.internal.os.RuntimeInit uid 0 <<<<<<
08-01 23:46:23.761  5158  5158 D AndroidRuntime: CheckJNI is OFF
08-01 23:46:23.771  5158  5158 D ICU     : No timezone override file found: /data/misc/zoneinfo/current/icu/icu_tzdata.dat
08-01 23:46:23.783  5158  5158 E memtrack: Couldn't load memtrack module (No such file or directory)
08-01 23:46:23.783  5158  5158 E android.os.Debug: failed to load memtrack module: -2
08-01 23:46:23.785  5158  5158 I Radio-JNI: register_android_hardware_Radio DONE
08-01 23:46:23.790  5158  5158 D AndroidRuntime: Calling main entry com.android.commands.uiautomator.Launcher
08-01 23:46:24.808  5158  5158 I AccessibilityNodeInfoDumper: Skipping invisible child: android.view.accessibility.AccessibilityNodeInfo@80010c0a; boundsInParent: Rect(0, 0 - 0, 112); boundsInScreen: Rect(1200, 48 - 1200, 160); packageName: uk.co.yahoo.p1rpp.calendartrigger; className: android.widget.LinearLayout; text: null; error: null; maxTextLength: -1; contentDescription: null; viewIdResName: null; checkable: false; checked: false; focusable: false; focused: false; selected: false; clickable: false; longClickable: false; contextClickable: false; enabled: true; password: false; scrollable: false; actions: [AccessibilityAction: ACTION_SELECT - null, AccessibilityAction: ACTION_CLEAR_SELECTION - null, AccessibilityAction: ACTION_ACCESSIBILITY_FOCUS - null, AccessibilityAction: ACTION_UNKNOWN - null]
08-01 23:46:24.810  5158  5158 W AccessibilityNodeInfoDumper: Fetch time: 6ms
08-01 23:46:24.811   619  1070 W WindowManager: Attempted to remove non-existing token: android.os.Binder@ca20e07
08-01 23:46:24.815  5158  5158 D AndroidRuntime: Shutting down VM
08-01 23:46:25.910  5184  5184 D AndroidRuntime: >>>>>> START com.android.internal.os.RuntimeInit uid 0 <<<<<<
08-01 23:46:25.911  5184  5184 D AndroidRuntime: CheckJNI is OFF
08-01 23:46:25.920  5184  5184 D ICU     : No timezone override file found: /data/misc/zoneinfo/current/icu/icu_tzdata.dat
08-01 23:46:25.932  5184  5184 E memtrack: Couldn't load memtrack module (No such file or directory)
08-01 23:46:25.932  5184  5184 E android.os.Debug: failed to load memtrack module: -2
08-01 23:46:25.933  5184  5184 I Radio-JNI: register_android_hardware_Radio DONE
08-01 23:46:25.938  5184  5184 D AndroidRuntime: Calling main entry com.android.commands.uiautomator.Launcher
08-01 23:46:26.955  5184  5184 I AccessibilityNodeInfoDumper: Skipping invisible child: android.view.accessibility.AccessibilityNodeInfo@80010c13; boundsInParent: Rect(0, 0 - 0, 112); boundsInScreen: Rect(1200, 48 - 1200, 160); packageName: uk.co.yahoo.p1rpp.calendartrigger; className: android.widget.LinearLayout; text: null; error: null; maxTextLength: -1; contentDescription: null; viewIdResName: null; checkable: false; checked: false; focusable: false; focused: false; selected: false; clickable: false; longClickable: false; contextClickable: false; enabled: true; password: false; scrollable: false; actions: [AccessibilityAction: ACTION_SELECT - null, AccessibilityAction: ACTION_CLEAR_SELECTION - null, AccessibilityAction: ACTION_ACCESSIBILITY_FOCUS - null, AccessibilityAction: ACTION_UNKNOWN - null]
08-01 23:46:26.956  5184  5184 W AccessibilityNodeInfoDumper: Fetch time: 6ms
08-01 23:46:26.956   619   751 W WindowManager: Attempted to remove non-existing token: android.os.Binder@1b04b34
08-01 23:46:26.961  5184  5184 D AndroidRuntime: Shutting down VM
08-01 23:46:27.444  5202  5202 D AndroidRuntime: >>>>>> START com.android.internal.os.RuntimeInit uid 0 <<<<<<
08-01 23:46:27.446  5202  5202 D AndroidRuntime: CheckJNI is OFF
08-01 23:46:27.456  5202  5202 D ICU     : No timezone override file found: /data/misc/zoneinfo/current/icu/icu_tzdata.dat
08-01 23:46:27.476  5202  5202 E memtrack: Couldn't load memtrack module (No such file or directory)
08-01 23:46:27.476  5202  5202 E android.os.Debug: failed to load memtrack module: -2
08-01 23:46:27.477  5202  5202 I Radio-JNI: register_android_hardware_Radio DONE
08-01 23:46:27.488  5202  5202 D AndroidRuntime: Calling main entry com.android.commands.uiautomator.Launcher
08-01 23:46:28.511  5202  5202 I AccessibilityNodeInfoDumper: Skipping invisible child: android.view.accessibility.AccessibilityNodeInfo@80010c18; boundsInParent: Rect(0, 0 - 0, 112); boundsInScreen: Rect(1200, 48 - 1200, 160); packageName: uk.co.yahoo.p1rpp.calendartrigger; className: android.widget.LinearLayout; text: null; error: null; maxTextLength: -1; contentDescription: null; viewIdResName: null; checkable: false; checked: false; focusable: false; focused: false; selected: false; clickable: false; longClickable: false; contextClickable: false; enabled: true; password: false; scrollable: false; actions: [AccessibilityAction: ACTION_SELECT - null, AccessibilityAction: ACTION_CLEAR_SELECTION - null, AccessibilityAction: ACTION_ACCESSIBILITY_FOCUS - null, AccessibilityAction: ACTION_UNKNOWN - null]
08-01 23:46:28.515  5202  5202 W AccessibilityNodeInfoDumper: Fetch time: 10ms
08-01 23:46:28.516   619  1713 W WindowManager: Attempted to remove non-existing token: android.os.Binder@d320d5d
08-01 23:46:28.519  5202  5202 D AndroidRuntime: Shutting down VM
08-01 23:46:29.610  5226  5226 D AndroidRuntime: >>>>>> START com.android.internal.os.RuntimeInit uid 0 <<<<<<
08-01 23:46:29.611  5226  5226 D AndroidRuntime: CheckJNI is OFF
08-01 23:46:29.622  5226  5226 D ICU     : No timezone override file found: /data/misc/zoneinfo/current/icu/icu_tzdata.dat
08-01 23:46:29.639  5226  5226 E memtrack: Couldn't load memtrack module (No such file or directory)
08-01 23:46:29.639  5226  5226 E android.os.Debug: failed to load memtrack module: -2
08-01 23:46:29.639  5226  5226 I Radio-JNI: register_android_hardware_Radio DONE
08-01 23:46:29.645  5226  5226 D AndroidRuntime: Calling main entry com.android.commands.uiautomator.Launcher
08-01 23:46:30.663  5226  5226 I AccessibilityNodeInfoDumper: Skipping invisible child: android.view.accessibility.AccessibilityNodeInfo@80010c23; boundsInParent: Rect(0, 0 - 0, 112); boundsInScreen: Rect(1200, 48 - 1200, 160); packageName: uk.co.yahoo.p1rpp.calendartrigger; className: android.widget.LinearLayout; text: null; error: null; maxTextLength: -1; contentDescription: null; viewIdResName: null; checkable: false; checked: false; focusable: false; focused: false; selected: false; clickable: false; longClickable: false; contextClickable: false; enabled: true; password: false; scrollable: false; actions: [AccessibilityAction: ACTION_SELECT - null, AccessibilityAction: ACTION_CLEAR_SELECTION - null, AccessibilityAction: ACTION_ACCESSIBILITY_FOCUS - null, AccessibilityAction: ACTION_UNKNOWN - null]
08-01 23:46:30.664  5226  5226 W AccessibilityNodeInfoDumper: Fetch time: 6ms
08-01 23:46:30.664   619   751 W WindowManager: Attempted to remove non-existing token: android.os.Binder@15036d2
08-01 23:46:30.675  5226  5226 D AndroidRuntime: Shutting down VM
08-01 23:46:31.157  5244  5244 D AndroidRuntime: >>>>>> START com.android.internal.os.RuntimeInit uid 0 <<<<<<
08-01 23:46:31.159  5244  5244 D AndroidRuntime: CheckJNI is OFF
08-01 23:46:31.167  5244  5244 D ICU     : No timezone override file found: /data/misc/zoneinfo/current/icu/icu_tzdata.dat
08-01 23:46:31.179  5244  5244 E memtrack: Couldn't load memtrack module (No such file or directory)
08-01 23:46:31.179  5244  5244 E android.os.Debug: failed to load memtrack module: -2
08-01 23:46:31.179  5244  5244 I Radio-JNI: register_android_hardware_Radio DONE
08-01 23:46:31.185  5244  5244 D AndroidRuntime: Calling main entry com.android.commands.uiautomator.Launcher
08-01 23:46:32.201  5244  5244 I AccessibilityNodeInfoDumper: Skipping invisible child: android.view.accessibility.AccessibilityNodeInfo@80010c2a; boundsInParent: Rect(0, 0 - 0, 112); boundsInScreen: Rect(1200, 48 - 1200, 160); packageName: uk.co.yahoo.p1rpp.calendartrigger; className: android.widget.LinearLayout; text: null; error: null; maxTextLength: -1; contentDescription: null; viewIdResName: null; checkable: false; checked: false; focusable: false; focused: false; selected: false; clickable: false; longClickable: false; contextClickable: false; enabled: true; password: false; scrollable: false; actions: [AccessibilityAction: ACTION_SELECT - null, AccessibilityAction: ACTION_CLEAR_SELECTION - null, AccessibilityAction: ACTION_ACCESSIBILITY_FOCUS - null, AccessibilityAction: ACTION_UNKNOWN - null]
08-01 23:46:32.203  5244  5244 W AccessibilityNodeInfoDumper: Fetch time: 6ms
08-01 23:46:32.203   619   631 W WindowManager: Attempted to remove non-existing token: android.os.Binder@84783a3
08-01 23:46:32.207  5244  5244 D AndroidRuntime: Shutting down VM
08-01 23:46:33.259  5267  5267 D AndroidRuntime: >>>>>> START com.android.internal.os.RuntimeInit uid 0 <<<<<<
08-01 23:46:33.260  5267  5267 D AndroidRuntime: CheckJNI is OFF
08-01 23:46:33.270  5267  5267 D ICU     : No timezone override file found: /data/misc/zoneinfo/current/icu/icu_tzdata.dat
08-01 23:46:33.282  5267  5267 E memtrack: Couldn't load memtrack module (No such file or directory)
08-01 23:46:33.282  5267  5267 E android.os.Debug: failed to load memtrack module: -2
08-01 23:46:33.282  5267  5267 I Radio-JNI: register_android_hardware_Radio DONE
08-01 23:46:33.288  5267  5267 D AndroidRuntime: Calling main entry com.android.commands.uiautomator.Launcher
08-01 23:46:34.314  5267  5267 I AccessibilityNodeInfoDumper: Skipping invisible child: android.view.accessibility.AccessibilityNodeInfo@80010c33; boundsInParent: Rect(0, 0 - 0, 112); boundsInScreen: Rect(1200, 48 - 1200, 160); packageName: uk.co.yahoo.p1rpp.calendartrigger; className: android.widget.LinearLayout; text: null; error: null; maxTextLength: -1; contentDescription: null; viewIdResName: null; checkable: false; checked: false; focusable: false; focused: false; selected: false; clickable: false; longClickable: false; contextClickable: false; enabled: true; password: false; scrollable: false; actions: [AccessibilityAction: ACTION_SELECT - null, AccessibilityAction: ACTION_CLEAR_SELECTION - null, AccessibilityAction: ACTION_ACCESSIBILITY_FOCUS - null, AccessibilityAction: ACTION_UNKNOWN - null]
08-01 23:46:34.320  5267  5267 W AccessibilityNodeInfoDumper: Fetch time: 11ms
08-01 23:46:34.320   619  1713 W WindowManager: Attempted to remove non-existing token: android.os.Binder@3a0e6a0
08-01 23:46:34.324  5267  5267 D AndroidRuntime: Shutting down VM
08-01 23:46:34.795  5285  5285 D AndroidRuntime: >>>>>> START com.android.internal.os.RuntimeInit uid 0 <<<<<<
08-01 23:46:34.797  5285  5285 D AndroidRuntime: CheckJNI is OFF
08-01 23:46:34.807  5285  5285 D ICU     : No timezone override file found: /data/misc/zoneinfo/current/icu/icu_tzdata.dat
08-01 23:46:34.821  5285  5285 E memtrack: Couldn't load memtrack module (No such file or directory)
08-01 23:46:34.821  5285  5285 E android.os.Debug: failed to load memtrack module: -2
08-01 23:46:34.821  5285  5285 I Radio-JNI: register_android_hardware_Radio DONE
08-01 23:46:34.828  5285  5285 D AndroidRuntime: Calling main entry com.android.commands.uiautomator.Launcher
08-01 23:46:35.846  5285  5285 I AccessibilityNodeInfoDumper: Skipping invisible child: android.view.accessibility.AccessibilityNodeInfo@80010c3a; boundsInParent: Rect(0, 0 - 0, 112); boundsInScreen: Rect(1200, 48 - 1200, 160); packageName: uk.co.yahoo.p1rpp.calendartrigger; className: android.widget.LinearLayout; text: null; error: null; maxTextLength: -1; contentDescription: null; viewIdResName: null; checkable: false; checked: false; focusable: false; focused: false; selected: false; clickable: false; longClickable: false; contextClickable: false; enabled: true; password: false; scrollable: false; actions: [AccessibilityAction: ACTION_SELECT - null, AccessibilityAction: ACTION_CLEAR_SELECTION - null, AccessibilityAction: ACTION_ACCESSIBILITY_FOCUS - null, AccessibilityAction: ACTION_UNKNOWN - null]
08-01 23:46:35.847  5285  5285 W AccessibilityNodeInfoDumper: Fetch time: 8ms
08-01 23:46:35.848   619   973 W WindowManager: Attempted to remove non-existing token: android.os.Binder@cd6ee1e
08-01 23:46:35.850  5285  5285 D AndroidRuntime: Shutting down VM
08-01 23:46:36.926  5310  5310 D AndroidRuntime: >>>>>> START com.android.internal.os.RuntimeInit uid 0 <<<<<<
08-01 23:46:36.927  5310  5310 D AndroidRuntime: CheckJNI is OFF
08-01 23:46:36.936  5310  5310 D ICU     : No timezone override file found: /data/misc/zoneinfo/current/icu/icu_tzdata.dat
08-01 23:46:36.947  5310  5310 E memtrack: Couldn't load memtrack module (No such file or directory)
08-01 23:46:36.947  5310  5310 E android.os.Debug: failed to load memtrack module: -2
08-01 23:46:36.948  5310  5310 I Radio-JNI: register_android_hardware_Radio DONE
08-01 23:46:36.953  5310  5310 D AndroidRuntime: Calling main entry com.android.commands.uiautomator.Launcher
08-01 23:46:37.975  5310  5310 I AccessibilityNodeInfoDumper: Skipping invisible child: android.view.accessibility.AccessibilityNodeInfo@80010c44; boundsInParent: Rect(0, 0 - 0, 112); boundsInScreen: Rect(1200, 48 - 1200, 160); packageName: uk.co.yahoo.p1rpp.calendartrigger; className: android.widget.LinearLayout; text: null; error: null; maxTextLength: -1; contentDescription: null; viewIdResName: null; checkable: false; checked: false; focusable: false; focused: false; selected: false; clickable: false; longClickable: false; contextClickable: false; enabled: true; password: false; scrollable: false; actions: [AccessibilityAction: ACTION_SELECT - null, AccessibilityAction: ACTION_CLEAR_SELECTION - null, AccessibilityAction: ACTION_ACCESSIBILITY_FOCUS - null, AccessibilityAction: ACTION_UNKNOWN - null]
08-01 23:46:37.976  5310  5310 W AccessibilityNodeInfoDumper: Fetch time: 7ms
08-01 23:46:37.976   619  1032 W WindowManager: Attempted to remove non-existing token: android.os.Binder@d44b6ff
08-01 23:46:37.982  5310  5310 D AndroidRuntime: Shutting down VM
08-01 23:46:38.470  5328  5328 D AndroidRuntime: >>>>>> START com.android.internal.os.RuntimeInit uid 0 <<<<<<
08-01 23:46:38.472  5328  5328 D AndroidRuntime: CheckJNI is OFF
08-01 23:46:38.483  5328  5328 D ICU     : No timezone override file found: /data/misc/zoneinfo/current/icu/icu_tzdata.dat
08-01 23:46:38.496  5328  5328 E memtrack: Couldn't load memtrack module (No such file or directory)
08-01 23:46:38.496  5328  5328 E android.os.Debug: failed to load memtrack module: -2
08-01 23:46:38.497  5328  5328 I Radio-JNI: register_android_hardware_Radio DONE
08-01 23:46:38.503  5328  5328 D AndroidRuntime: Calling main entry com.android.commands.uiautomator.Launcher
08-01 23:46:39.522  5328  5328 I AccessibilityNodeInfoDumper: Skipping invisible child: android.view.accessibility.AccessibilityNodeInfo@80010c4b; boundsInParent: Rect(0, 0 - 0, 112); boundsInScreen: Rect(1200, 48 - 1200, 160); packageName: uk.co.yahoo.p1rpp.calendartrigger; className: android.widget.LinearLayout; text: null; error: null; maxTextLength: -1; contentDescription: null; viewIdResName: null; checkable: false; checked: false; focusable: false; focused: false; selected: false; clickable: false; longClickable: false; contextClickable: false; enabled: true; password: false; scrollable: false; actions: [AccessibilityAction: ACTION_SELECT - null, AccessibilityAction: ACTION_CLEAR_SELECTION - null, AccessibilityAction: ACTION_ACCESSIBILITY_FOCUS - null, AccessibilityAction: ACTION_UNKNOWN - null]
08-01 23:46:39.523  5328  5328 W AccessibilityNodeInfoDumper: Fetch time: 5ms
08-01 23:46:39.527   619  1713 W WindowManager: Attempted to remove non-existing token: android.os.Binder@e3dcccc
08-01 23:46:39.541  5328  5328 D AndroidRuntime: Shutting down VM
08-01 23:46:39.954  5341  5341 D AndroidRuntime: >>>>>> START com.android.internal.os.RuntimeInit uid 0 <<<<<<
08-01 23:46:39.956  5341  5341 D AndroidRuntime: CheckJNI is OFF
08-01 23:46:39.965  5341  5341 D ICU     : No timezone override file found: /data/misc/zoneinfo/current/icu/icu_tzdata.dat
08-01 23:46:39.977  5341  5341 E memtrack: Couldn't load memtrack module (No such file or directory)
08-01 23:46:39.977  5341  5341 E android.os.Debug: failed to load memtrack module: -2
08-01 23:46:39.977  5341  5341 I Radio-JNI: register_android_hardware_Radio DONE
08-01 23:46:39.984  5341  5341 D AndroidRuntime: Calling main entry com.android.commands.input.Input
08-01 23:46:39.988  5341  5341 I Input   : injectMotionEvent: MotionEvent { action=ACTION_DOWN, actionButton=0, id[0]=0, x[0]=213.0, y[0]=104.0, toolType[0]=TOOL_TYPE_UNKNOWN, buttonState=0, metaState=0, flags=0x0, edgeFlags=0x0, pointerCount=1, historySize=0, eventTime=425192, downTime=425192, deviceId=0, source=0x1002 }
